40.77.189.88 - - [16/Dec/2019:03:43:26 +0100] "GET /?wc-ajax=get_refreshed_fragments HTTP/1.1" 200 1298 "-" "Mozilla/5.0 (Windows NT 6.1; WOW64) AppleWebKit/534+ (KHTML, like Gecko) BingPreview/1.0b" "-"
207.46.13.109 - - [16/Dec/2019:03:43:29 +0100] "GET /wp-content/plugins/akismet/_inc/form.js?ver=4.1.2 HTTP/1.1" 200 4403 "-" "msnbot/2.0b (+http://search.msn.com/msnbot.htm)" "-"
207.46.13.109 - - [16/Dec/2019:03:43:30 +0100] "GET /wp-content/plugins/cookie-law-info/public/js/cookie-law-info-public.js?ver=1.7.6 HTTP/1.1" 200 17076 "-" "msnbot/2.0b (+http://search.msn.com/msnbot.htm)" "-"
207.46.13.109 - - [16/Dec/2019:03:43:30 +0100] "GET /wp-content/plugins/woocommerce/assets/js/frontend/add-to-cart-variation.min.js?ver=3.6.4 HTTP/1.1" 200 13625 "-" "msnbot/2.0b (+http://search.msn.com/msnbot.htm)" "-"
207.46.13.109 - - [16/Dec/2019:03:43:30 +0100] "GET /wp-content/plugins/woocommerce/assets/js/frontend/add-to-cart.min.js?ver=3.6.4 HTTP/1.1" 200 2983 "-" "msnbot/2.0b (+http://search.msn.com/msnbot.htm)" "-"
207.46.13.109 - - [16/Dec/2019:03:43:30 +0100] "GET /wp-content/plugins/woocommerce/assets/js/frontend/cart-fragments.min.js?ver=3.6.4 HTTP/1.1" 200 3281 "-" "msnbot/2.0b (+http://search.msn.com/msnbot.htm)" "-"
207.46.13.109 - - [16/Dec/2019:03:43:30 +0100] "GET /wp-content/plugins/woocommerce/assets/js/frontend/woocommerce.min.js?ver=3.6.4 HTTP/1.1" 200 1813 "-" "msnbot/2.0b (+http://search.msn.com/msnbot.htm)" "-"
207.46.13.109 - - [16/Dec/2019:03:43:31 +0100] "GET /wp-content/plugins/woocommerce/assets/js/photoswipe/photoswipe-ui-default.min.js?ver=4.1.1 HTTP/1.1" 200 10220 "-" "msnbot/2.0b (+http://search.msn.com/msnbot.htm)" "-"
157.55.39.73 - - [16/Dec/2019:03:43:50 +0100] "GET /wp-content/plugins/product-enquiry-for-woocommerce/js/contact.js?ver=5.2.5 HTTP/1.1" 200 8044 "-" "msnbot/2.0b (+http://search.msn.com/msnbot.htm)" "-"
40.77.167.52 - - [16/Dec/2019:03:43:51 +0100] "GET /wp-content/plugins/woocommerce/assets/js/frontend/single-product.min.js?ver=3.6.4 HTTP/1.1" 200 10056 "-" "msnbot/2.0b (+http://search.msn.com/msnbot.htm)" "-"
40.77.167.52 - - [16/Dec/2019:03:43:52 +0100] "GET /wp-includes/js/jquery/ui/dialog.min.js?ver=1.11.4 HTTP/1.1" 200 12482 "-" "msnbot/2.0b (+http://search.msn.com/msnbot.htm)" "-"
40.77.167.52 - - [16/Dec/2019:03:43:53 +0100] "GET /wp-includes/js/jquery/ui/resizable.min.js?ver=1.11.4 HTTP/1.1" 200 18798 "-" "msnbot/2.0b (+http://search.msn.com/msnbot.htm)" "-"
40.77.167.52 - - [16/Dec/2019:03:43:54 +0100] "GET /wp-includes/js/jquery/ui/widget.min.js?ver=1.11.4 HTTP/1.1" 200 7250 "-" "msnbot/2.0b (+http://search.msn.com/msnbot.htm)" "-"
40.77.167.90 - - [16/Dec/2019:03:43:59 +0100] "GET /wp-content/plugins/product-enquiry-for-woocommerce/js/wdm_jquery.validate.min.js?ver=5.2.5 HTTP/1.1" 200 25181 "-" "msnbot/2.0b (+http://search.msn.com/msnbot.htm)" "-"
40.77.167.90 - - [16/Dec/2019:03:43:59 +0100] "GET /wp-content/plugins/woocommerce/assets/js/flexslider/jquery.flexslider.min.js?ver=2.7.2 HTTP/1.1" 200 23232 "-" "msnbot/2.0b (+http://search.msn.com/msnbot.htm)" "-"
40.77.167.90 - - [16/Dec/2019:03:43:59 +0100] "GET /wp-content/plugins/woocommerce/assets/js/js-cookie/js.cookie.min.js?ver=2.1.4 HTTP/1.1" 200 2187 "-" "msnbot/2.0b (+http://search.msn.com/msnbot.htm)" "-"
40.77.167.90 - - [16/Dec/2019:03:43:59 +0100] "GET /wp-content/plugins/woocommerce/assets/js/photoswipe/photoswipe.min.js?ver=4.1.1 HTTP/1.1" 200 32276 "-" "msnbot/2.0b (+http://search.msn.com/msnbot.htm)" "-"
40.77.167.90 - - [16/Dec/2019:03:43:59 +0100] "GET /wp-content/plugins/wpfront-notification-bar/jquery-plugins/jquery.c.js?ver=1.4.0 HTTP/1.1" 200 3437 "-" "msnbot/2.0b (+http://search.msn.com/msnbot.htm)" "-"
40.77.167.90 - - [16/Dec/2019:03:44:00 +0100] "GET /wp-content/plugins/wpfront-notification-bar/js/wpfront-notification-bar.js?ver=1.7.1 HTTP/1.1" 200 5662 "-" "msnbot/2.0b (+http://search.msn.com/msnbot.htm)" "-"
207.46.13.109 - - [16/Dec/2019:03:44:02 +0100] "GET /wp-content/themes/shopper/assets/js/shopper.min.js?ver=1.3.8 HTTP/1.1" 200 9357 "-" "msnbot/2.0b (+http://search.msn.com/msnbot.htm)" "-"
207.46.13.109 - - [16/Dec/2019:03:44:02 +0100] "GET /wp-content/themes/shopper/assets/js/skip-link-focus-fix.js?ver=1.3.8 HTTP/1.1" 200 1023 "-" "msnbot/2.0b (+http://search.msn.com/msnbot.htm)" "-"
207.46.13.109 - - [16/Dec/2019:03:44:02 +0100] "GET /wp-includes/js/jquery/ui/button.min.js?ver=1.11.4 HTTP/1.1" 200 7578 "-" "msnbot/2.0b (+http://search.msn.com/msnbot.htm)" "-"
207.46.13.109 - - [16/Dec/2019:03:44:02 +0100] "GET /wp-includes/js/wp-util.min.js?ver=5.2.5 HTTP/1.1" 200 1387 "-" "msnbot/2.0b (+http://search.msn.com/msnbot.htm)" "-"
157.55.39.73 - - [16/Dec/2019:03:44:07 +0100] "GET /wp-content/plugins/woocommerce/assets/js/zoom/jquery.zoom.min.js?ver=1.7.21 HTTP/1.1" 200 6320 "-" "msnbot/2.0b (+http://search.msn.com/msnbot.htm)" "-"
157.55.39.73 - - [16/Dec/2019:03:44:07 +0100] "GET /wp-content/themes/shopper/assets/js/crm.js?ver=1561548510 HTTP/1.1" 200 874 "-" "msnbot/2.0b (+http://search.msn.com/msnbot.htm)" "-"
157.55.39.73 - - [16/Dec/2019:03:44:07 +0100] "GET /wp-content/themes/shopper/assets/js/woocommerce/header-cart.min.js?ver=1.3.8 HTTP/1.1" 200 972 "-" "msnbot/2.0b (+http://search.msn.com/msnbot.htm)" "-"
157.55.39.73 - - [16/Dec/2019:03:44:07 +0100] "GET /wp-includes/js/comment-reply.min.js?ver=5.2.5 HTTP/1.1" 200 2575 "-" "msnbot/2.0b (+http://search.msn.com/msnbot.htm)" "-"
157.55.39.73 - - [16/Dec/2019:03:44:07 +0100] "GET /wp-includes/js/jquery/jquery-migrate.min.js?ver=1.4.1 HTTP/1.1" 200 10399 "-" "msnbot/2.0b (+http://search.msn.com/msnbot.htm)" "-"
157.55.39.73 - - [16/Dec/2019:03:44:07 +0100] "GET /wp-includes/js/jquery/jquery.js HTTP/1.1" 200 97362 "-" "msnbot/2.0b (+http://search.msn.com/msnbot.htm)" "-"
157.55.39.73 - - [16/Dec/2019:03:44:08 +0100] "GET /wp-includes/js/jquery/jquery.js?ver=1.12.4-wp HTTP/1.1" 200 97362 "-" "msnbot/2.0b (+http://search.msn.com/msnbot.htm)" "-"
157.55.39.73 - - [16/Dec/2019:03:44:08 +0100] "GET /wp-includes/js/jquery/ui/mouse.min.js?ver=1.11.4 HTTP/1.1" 200 3489 "-" "msnbot/2.0b (+http://search.msn.com/msnbot.htm)" "-"
157.55.39.73 - - [16/Dec/2019:03:44:09 +0100] "GET /wp-includes/js/underscore.min.js?ver=1.8.3 HTTP/1.1" 200 16527 "-" "msnbot/2.0b (+http://search.msn.com/msnbot.htm)" "-"
157.55.39.73 - - [16/Dec/2019:03:44:09 +0100] "GET /wp-includes/js/wp-embed.min.js?ver=5.2.5 HTTP/1.1" 200 1744 "-" "msnbot/2.0b (+http://search.msn.com/msnbot.htm)" "-"
40.77.167.90 - - [16/Dec/2019:03:44:16 +0100] "GET /wp-includes/js/jquery/ui/core.min.js?ver=1.11.4 HTTP/1.1" 200 7704 "-" "msnbot/2.0b (+http://search.msn.com/msnbot.htm)" "-"
217.76.130.90 - - [16/Dec/2019:03:47:02 +0100] "POST /wp-cron.php?doing_wp_cron=1576464422.8571939468383789062500 HTTP/1.1" 200 3389 "https://amazingsportwear.com/wp-cron.php?doing_wp_cron=1576464422.8571939468383789062500" "WordPress/5.2.5; https://amazingsportwear.com" "-"
117.57.35.157 - - [16/Dec/2019:03:47:02 +0100] "GET /producto/camiseta-portero-futbol-manga-larga-2?add-to-cart=18688 HTTP/1.1" 301 4829 "-" "Mozilla/5.0(Linux;Android 5.1.1;OPPO A33 Build/LMY47V;wv) AppleWebKit/537.36(KHTML,link Gecko) Version/4.0 Chrome/42.0.2311.138 Mobile Safari/537.36 Mb2345Browser/9.0" "-"
217.76.130.90 - - [16/Dec/2019:03:49:38 +0100] "POST /wp-cron.php?doing_wp_cron=1576464578.5584149360656738281250 HTTP/1.1" 200 3389 "https://amazingsportwear.com/wp-cron.php?doing_wp_cron=1576464578.5584149360656738281250" "WordPress/5.2.5; https://amazingsportwear.com" "-"
14.106.106.34 - - [16/Dec/2019:03:49:37 +0100] "GET /etiqueta-producto/calcetines HTTP/1.1" 301 3552 "-" "Mozilla/5.0(Linux;U;Android 5.1.1;zh-CN;OPPO A33 Build/LMY47V) AppleWebKit/537.36(KHTML,like Gecko) Version/4.0 Chrome/40.0.2214.89 UCBrowser/11.7.0.953 Mobile Safari/537.36" "-"
14.106.106.34 - - [16/Dec/2019:03:49:46 +0100] "GET /etiqueta-producto/calcetines/ HTTP/1.1" 200 56968 "-" "Mozilla/5.0(Linux;U;Android 5.1.1;zh-CN;OPPO A33 Build/LMY47V) AppleWebKit/537.36(KHTML,like Gecko) Version/4.0 Chrome/40.0.2214.89 UCBrowser/11.7.0.953 Mobile Safari/537.36" "wpfront-notification-bar-landingpage=1"
217.76.130.90 - - [16/Dec/2019:04:24:44 +0100] "POST /wp-cron.php?doing_wp_cron=1576466684.6918139457702636718750 HTTP/1.1" 200 164 "http://amazingsportwear.com/wp-cron.php?doing_wp_cron=1576466684.6918139457702636718750" "WordPress/5.2.5; https://amazingsportwear.com" "-"
50.63.197.209 - - [16/Dec/2019:04:24:28 +0100] "GET /wp-admin/revision.php HTTP/1.1" 302 395 "http://site.ru" "Mozilla/5.0 (Windows; U; Windows NT 5.1; en-US) AppleWebKit/533.4 (KHTML, like Gecko) Chrome/5.0.375.99 Safari/533.4" "-"
50.63.197.209 - - [16/Dec/2019:04:24:46 +0100] "GET /wp-admin/revision.php HTTP/1.1" 302 3698 "http://site.ru" "Mozilla/5.0 (Windows; U; Windows NT 5.1; en-US) AppleWebKit/533.4 (KHTML, like Gecko) Chrome/5.0.375.99 Safari/533.4" "-"
50.63.197.209 - - [16/Dec/2019:04:24:48 +0100] "GET /wp-login.php?redirect_to=https%3A%2F%2Famazingsportwear.com%2Fwp-admin%2Frevision.php&reauth=1 HTTP/1.1" 200 6708 "http://site.ru" "Mozilla/5.0 (Windows; U; Windows NT 5.1; en-US) AppleWebKit/533.4 (KHTML, like Gecko) Chrome/5.0.375.99 Safari/533.4" "-"
217.76.130.90 - - [16/Dec/2019:05:03:27 +0100] "POST /wp-cron.php?doing_wp_cron=1576469007.4850399494171142578125 HTTP/1.1" 200 164 "http://amazingsportwear.com/wp-cron.php?doing_wp_cron=1576469007.4850399494171142578125" "WordPress/5.2.5; https://amazingsportwear.com" "-"
40.77.167.52 - - [16/Dec/2019:05:03:23 +0100] "GET /tienda/105-camiseta-tecnica-bandera-cat-3581.html HTTP/1.1" 404 68124 "-" "Mozilla/5.0 (iPhone; CPU iPhone OS 7_0 like Mac OS X) AppleWebKit/537.51.1 (KHTML, like Gecko) Version/7.0 Mobile/11A465 Safari/9537.53 (compatible; bingbot/2.0; +http://www.bing.com/bingbot.htm)" "-"
45.70.196.150 - - [16/Dec/2019:05:19:01 +0100] "GET /wp-content/uploads/2019/04/Gorra-sport-10.png HTTP/1.1" 200 60426 "https://www.google.com/" "Mozilla/5.0 (Windows NT 6.1) AppleWebKit/537.36 (KHTML, like Gecko) Chrome/78.0.3904.108 Safari/537.36" "-"
217.76.130.90 - - [16/Dec/2019:05:22:41 +0100] "POST /wp-cron.php?doing_wp_cron=1576470161.0803260803222656250000 HTTP/1.1" 200 3389 "https://amazingsportwear.com/wp-cron.php?doing_wp_cron=1576470161.0803260803222656250000" "WordPress/5.2.5; https://amazingsportwear.com" "-"
157.55.39.73 - - [16/Dec/2019:05:22:38 +0100] "GET /categoria-producto/xxxl/ HTTP/1.1" 200 75528 "-" "Mozilla/5.0 (compatible; bingbot/2.0; +http://www.bing.com/bingbot.htm)" "-"
190.216.133.34 - - [16/Dec/2019:05:36:52 +0100] "GET /wp-content/uploads/2017/03/sa-0415_223.jpg HTTP/1.1" 200 104229 "https://www.google.com/" "Mozilla/5.0 (Windows NT 10.0; Win64; x64) AppleWebKit/537.36 (KHTML, like Gecko) Chrome/78.0.3904.108 Safari/537.36" "-"
217.76.130.90 - - [16/Dec/2019:05:37:07 +0100] "POST /wp-cron.php?doing_wp_cron=1576471027.4843809604644775390625 HTTP/1.1" 200 3389 "https://amazingsportwear.com/wp-cron.php?doing_wp_cron=1576471027.4843809604644775390625" "WordPress/5.2.5; https://amazingsportwear.com" "-"
106.59.35.136 - - [16/Dec/2019:05:37:04 +0100] "GET /producto/camiseta-manga-corta-tenis-pade-2?add-to-cart=18685 HTTP/1.1" 301 4825 "-" "Mozilla/5.0(Linux;U;Android 5.1.1;zh-CN;OPPO A33 Build/LMY47V) AppleWebKit/537.36(KHTML,like Gecko) Version/4.0 Chrome/40.0.2214.89 UCBrowser/11.7.0.953 Mobile Safari/537.36" "-"
36.4.85.190 - - [16/Dec/2019:05:37:11 +0100] "GET /producto/maillot-manga-corta-2 HTTP/1.1" 301 3554 "-" "Mozilla/5.0 (Linux; Android 7.0; FRD-AL00 Build/HUAWEIFRD-AL00; wv) AppleWebKit/537.36 (KHTML, like Gecko) Version/4.0 Chrome/53.0.2785.49 Mobile MQQBrowser/6.2 TBS/043602 Safari/537.36 MicroMessenger/6.5.16.1120 NetType/WIFI Language/zh_CN" "-"
61.138.222.163 - - [16/Dec/2019:05:37:11 +0100] "GET /producto/camiseta-tecnica-fleser-cat-4471 HTTP/1.1" 301 3565 "-" "Mozilla/5.0(Linux;U;Android 5.1.1;zh-CN;OPPO A33 Build/LMY47V) AppleWebKit/537.36(KHTML,like Gecko) Version/4.0 Chrome/40.0.2214.89 UCBrowser/11.7.0.953 Mobile Safari/537.36" "-"
106.59.35.136 - - [16/Dec/2019:05:37:13 +0100] "GET /producto/camiseta-manga-corta-tenis-pade-2/?add-to-cart=18685 HTTP/1.1" 200 78070 "-" "Mozilla/5.0(Linux;U;Android 5.1.1;zh-CN;OPPO A33 Build/LMY47V) AppleWebKit/537.36(KHTML,like Gecko) Version/4.0 Chrome/40.0.2214.89 UCBrowser/11.7.0.953 Mobile Safari/537.36" "woocommerce_cart_hash=fc0fbfa1ded6af098a4ea4bb011035a5; woocommerce_items_in_cart=1; wp_woocommerce_session_fb86dbb0e6335d960ea3e94e06b25287=bd01177ba4586f33f1c3988fa02064e5%7C%7C1576643827%7C%7C1576640227%7C%7C12b595d07dc26f104860ad2c07886381; wpfront-notification-bar-landingpage=1"
61.138.222.163 - - [16/Dec/2019:05:37:16 +0100] "GET /producto/camiseta-tecnica-fleser-cat-4471/ HTTP/1.1" 200 101771 "-" "Mozilla/5.0(Linux;U;Android 5.1.1;zh-CN;OPPO A33 Build/LMY47V) AppleWebKit/537.36(KHTML,like Gecko) Version/4.0 Chrome/40.0.2214.89 UCBrowser/11.7.0.953 Mobile Safari/537.36" "wpfront-notification-bar-landingpage=1"
60.168.20.255 - - [16/Dec/2019:05:37:26 +0100] "GET /producto/culoute-corto-ciclismo-3?add-to-cart=18690 HTTP/1.1" 301 4816 "-" "Mozilla/5.0(Linux;Android 5.1.1;OPPO A33 Build/LMY47V;wv) AppleWebKit/537.36(KHTML,link Gecko) Version/4.0 Chrome/42.0.2311.138 Mobile Safari/537.36 Mb2345Browser/9.0" "-"
106.57.150.244 - - [16/Dec/2019:05:37:28 +0100] "GET /wp-content/uploads/2019/04/bidon-match-5.png HTTP/1.1" 200 93444 "-" "Mozilla/5.0(Linux;Android 5.1.1;OPPO A33 Build/LMY47V;wv) AppleWebKit/537.36(KHTML,link Gecko) Version/4.0 Chrome/42.0.2311.138 Mobile Safari/537.36 Mb2345Browser/9.0" "-"
36.4.85.190 - - [16/Dec/2019:05:37:37 +0100] "GET /producto/maillot-manga-corta-2/ HTTP/1.1" 200 75750 "-" "Mozilla/5.0 (Linux; Android 7.0; FRD-AL00 Build/HUAWEIFRD-AL00; wv) AppleWebKit/537.36 (KHTML, like Gecko) Version/4.0 Chrome/53.0.2785.49 Mobile MQQBrowser/6.2 TBS/043602 Safari/537.36 MicroMessenger/6.5.16.1120 NetType/WIFI Language/zh_CN" "wpfront-notification-bar-landingpage=1"
116.149.194.75 - - [16/Dec/2019:05:37:45 +0100] "GET /producto/camiseta-basket-sin-costadillos-2?add-to-cart=18687 HTTP/1.1" 301 4825 "-" "Mozilla/5.0(Linux;Android 5.1.1;OPPO A33 Build/LMY47V;wv) AppleWebKit/537.36(KHTML,link Gecko) Version/4.0 Chrome/42.0.2311.138 Mobile Safari/537.36 Mb2345Browser/9.0" "-"
60.168.20.255 - - [16/Dec/2019:05:37:52 +0100] "GET /producto/culoute-corto-ciclismo-3/?add-to-cart=18690 HTTP/1.1" 200 77338 "-" "Mozilla/5.0(Linux;Android 5.1.1;OPPO A33 Build/LMY47V;wv) AppleWebKit/537.36(KHTML,link Gecko) Version/4.0 Chrome/42.0.2311.138 Mobile Safari/537.36 Mb2345Browser/9.0" "woocommerce_cart_hash=bb9438cb389913c015c7d3b8b45f0bb6; woocommerce_items_in_cart=1; wp_woocommerce_session_fb86dbb0e6335d960ea3e94e06b25287=c13f1a8af8195f90f40dbfeeab3b44d8%7C%7C1576643847%7C%7C1576640247%7C%7Cd4f9ca91ec0b2dafb7994d473136340d; wpfront-notification-bar-landingpage=1"
183.188.243.105 - - [16/Dec/2019:05:37:52 +0100] "GET /categoria-producto/xxl/page/4 HTTP/1.1" 301 3553 "-" "Mozilla/5.0(Linux;Android 5.1.1;OPPO A33 Build/LMY47V;wv) AppleWebKit/537.36(KHTML,link Gecko) Version/4.0 Chrome/42.0.2311.138 Mobile Safari/537.36 Mb2345Browser/9.0" "-"
116.149.194.75 - - [16/Dec/2019:05:37:52 +0100] "GET /producto/camiseta-basket-sin-costadillos-2/?add-to-cart=18687 HTTP/1.1" 200 78513 "-" "Mozilla/5.0(Linux;Android 5.1.1;OPPO A33 Build/LMY47V;wv) AppleWebKit/537.36(KHTML,link Gecko) Version/4.0 Chrome/42.0.2311.138 Mobile Safari/537.36 Mb2345Browser/9.0" "woocommerce_cart_hash=3a9b7e7b54187cee8ef2a0db1406fb4e; woocommerce_items_in_cart=1; wp_woocommerce_session_fb86dbb0e6335d960ea3e94e06b25287=c5d0df6460f6929b2ffcedced5d3c20c%7C%7C1576643865%7C%7C1576640265%7C%7Ca23fa35acaf185bc6524eb7a35f1f010; wpfront-notification-bar-landingpage=1"
217.76.130.90 - - [16/Dec/2019:05:38:11 +0100] "POST /wp-cron.php?doing_wp_cron=1576471091.8062601089477539062500 HTTP/1.1" 200 3389 "https://amazingsportwear.com/wp-cron.php?doing_wp_cron=1576471091.8062601089477539062500" "WordPress/5.2.5; https://amazingsportwear.com" "-"
183.188.243.105 - - [16/Dec/2019:05:38:10 +0100] "GET /categoria-producto/xxl/page/4/ HTTP/1.1" 200 76636 "-" "Mozilla/5.0(Linux;Android 5.1.1;OPPO A33 Build/LMY47V;wv) AppleWebKit/537.36(KHTML,link Gecko) Version/4.0 Chrome/42.0.2311.138 Mobile Safari/537.36 Mb2345Browser/9.0" "wpfront-notification-bar-landingpage=1"
217.76.130.90 - - [16/Dec/2019:05:39:08 +0100] "POST /wp-cron.php?doing_wp_cron=1576471147.9992759227752685546875 HTTP/1.1" 200 3389 "https://amazingsportwear.com/wp-cron.php?doing_wp_cron=1576471147.9992759227752685546875" "WordPress/5.2.5; https://amazingsportwear.com" "-"
5.188.210.82 - - [16/Dec/2019:05:39:06 +0100] "GET /guia-de-tallas/ HTTP/1.1" 200 84484 "https://amazingsportwear.com/" "Mozilla/5.0 (Windows NT 6.1; Win64; x64) AppleWebKit/537.36 (KHTML, like Gecko) Chrome/66.0.3343.4 Safari/537.36" "-"
45.173.216.237 - - [16/Dec/2019:05:40:19 +0100] "GET /wp-content/uploads/2018/05/sa-0421-chico.jpg HTTP/1.1" 200 79528 "https://www.google.com/" "Mozilla/5.0 (Linux; Android 9; SM-A305G) AppleWebKit/537.36 (KHTML, like Gecko) Chrome/78.0.3904.90 Mobile Safari/537.36" "-"
217.76.130.90 - - [16/Dec/2019:05:41:56 +0100] "POST /wp-cron.php?doing_wp_cron=1576471316.7474288940429687500000 HTTP/1.1" 200 164 "http://amazingsportwear.com/wp-cron.php?doing_wp_cron=1576471316.7474288940429687500000" "WordPress/5.2.5; https://amazingsportwear.com" "-"
207.46.13.109 - - [16/Dec/2019:05:41:56 +0100] "GET /atletismo/181-chaleco-cortavientos-sublimado-asw.html HTTP/1.1" 404 68087 "-" "Mozilla/5.0 (iPhone; CPU iPhone OS 7_0 like Mac OS X) AppleWebKit/537.51.1 (KHTML, like Gecko) Version/7.0 Mobile/11A465 Safari/9537.53 (compatible; bingbot/2.0; +http://www.bing.com/bingbot.htm)" "-"
217.76.130.90 - - [16/Dec/2019:06:00:24 +0100] "POST /wp-cron.php?doing_wp_cron=1576472424.7456879615783691406250 HTTP/1.1" 200 3389 "https://amazingsportwear.com/wp-cron.php?doing_wp_cron=1576472424.7456879615783691406250" "WordPress/5.2.5; https://amazingsportwear.com" "-"
40.77.167.90 - - [16/Dec/2019:06:00:21 +0100] "GET /category/sin-categoria/ HTTP/1.1" 200 52796 "-" "Mozilla/5.0 (compatible; bingbot/2.0; +http://www.bing.com/bingbot.htm)" "-"
40.77.167.90 - - [16/Dec/2019:06:00:26 +0100] "GET /category/sin-categoria/ HTTP/1.1" 200 49478 "-" "Mozilla/5.0 (compatible; bingbot/2.0; +http://www.bing.com/bingbot.htm)" "-"
217.76.130.90 - - [16/Dec/2019:06:03:31 +0100] "POST /wp-cron.php?doing_wp_cron=1576472611.4185559749603271484375 HTTP/1.1" 200 164 "http://amazingsportwear.com/wp-cron.php?doing_wp_cron=1576472611.4185559749603271484375" "WordPress/5.2.5; https://amazingsportwear.com" "-"
207.46.13.160 - - [16/Dec/2019:06:03:30 +0100] "GET /tienda/176-pantalon-mujer-rocky-nath-rocky.html HTTP/1.1" 404 68095 "-" "Mozilla/5.0 (compatible; bingbot/2.0; +http://www.bing.com/bingbot.htm)" "-"
217.76.130.90 - - [16/Dec/2019:06:11:00 +0100] "POST /wp-cron.php?doing_wp_cron=1576473060.4669399261474609375000 HTTP/1.1" 200 3389 "https://amazingsportwear.com/wp-cron.php?doing_wp_cron=1576473060.4669399261474609375000" "WordPress/5.2.5; https://amazingsportwear.com" "-"
207.46.13.160 - - [16/Dec/2019:06:10:58 +0100] "GET /etiqueta-producto/bidon-sumo/ HTTP/1.1" 200 53863 "-" "Mozilla/5.0 (compatible; bingbot/2.0; +http://www.bing.com/bingbot.htm)" "-"
217.76.130.90 - - [16/Dec/2019:06:12:24 +0100] "POST /wp-cron.php?doing_wp_cron=1576473144.1320159435272216796875 HTTP/1.1" 200 3389 "https://amazingsportwear.com/wp-cron.php?doing_wp_cron=1576473144.1320159435272216796875" "WordPress/5.2.5; https://amazingsportwear.com" "-"
207.46.13.109 - - [16/Dec/2019:06:12:23 +0100] "GET /producto/camiseta-tecnica-cosmic-aq-cosmic/ HTTP/1.1" 200 104205 "-" "Mozilla/5.0 (compatible; bingbot/2.0; +http://www.bing.com/bingbot.htm)" "-"
88.11.28.129 - - [16/Dec/2019:06:33:12 +0100] "GET /wp-content/uploads/2017/01/cullote-corto2.jpg HTTP/1.1" 200 61692 "https://www.google.com/blank.html" "Mozilla/5.0 (Linux; Android 8.0.0; SM-G930F Build/R16NW; wv) AppleWebKit/537.36 (KHTML, like Gecko) Version/4.0 Chrome/78.0.3904.108 Mobile Safari/537.36 GSA/10.87.15.21.arm64" "-"
189.155.135.203 - - [16/Dec/2019:06:43:17 +0100] "GET /wp-content/uploads/2019/04/Gorra-sport-10.png HTTP/1.1" 200 60426 "https://www.google.com/" "Mozilla/5.0 (Linux; Android 9; SM-J810M) AppleWebKit/537.36 (KHTML, like Gecko) Chrome/79.0.3945.79 Mobile Safari/537.36" "-"
207.46.13.160 - - [16/Dec/2019:06:44:35 +0100] "GET /wp-content/uploads/2017/04/nath-sunset-rojo.jpg HTTP/1.1" 200 13773 "-" "Mozilla/5.0 (compatible; bingbot/2.0; +http://www.bing.com/bingbot.htm)" "-"
217.76.130.90 - - [16/Dec/2019:06:52:39 +0100] "POST /wp-cron.php?doing_wp_cron=1576475559.2079539299011230468750 HTTP/1.1" 200 3389 "https://amazingsportwear.com/wp-cron.php?doing_wp_cron=1576475559.2079539299011230468750" "WordPress/5.2.5; https://amazingsportwear.com" "-"
207.46.13.160 - - [16/Dec/2019:06:52:34 +0100] "GET /producto/gorra-tecnica-2/ HTTP/1.1" 200 96169 "-" "Mozilla/5.0 (compatible; bingbot/2.0; +http://www.bing.com/bingbot.htm)" "-"
217.76.130.90 - - [16/Dec/2019:07:01:04 +0100] "POST /wp-cron.php?doing_wp_cron=1576476063.9496209621429443359375 HTTP/1.1" 200 3389 "https://amazingsportwear.com/wp-cron.php?doing_wp_cron=1576476063.9496209621429443359375" "WordPress/5.2.5; https://amazingsportwear.com" "-"
218.65.64.222 - - [16/Dec/2019:07:01:03 +0100] "GET /producto/mochila-keisy HTTP/1.1" 301 3546 "-" "Mozilla/5.0 (Linux; Android 7.0; FRD-AL00 Build/HUAWEIFRD-AL00; wv) AppleWebKit/537.36 (KHTML, like Gecko) Version/4.0 Chrome/53.0.2785.49 Mobile MQQBrowser/6.2 TBS/043602 Safari/537.36 MicroMessenger/6.5.16.1120 NetType/WIFI Language/zh_CN" "-"
218.65.64.222 - - [16/Dec/2019:07:01:05 +0100] "GET /producto/mochila-keisy/ HTTP/1.1" 200 97562 "-" "Mozilla/5.0 (Linux; Android 7.0; FRD-AL00 Build/HUAWEIFRD-AL00; wv) AppleWebKit/537.36 (KHTML, like Gecko) Version/4.0 Chrome/53.0.2785.49 Mobile MQQBrowser/6.2 TBS/043602 Safari/537.36 MicroMessenger/6.5.16.1120 NetType/WIFI Language/zh_CN" "wpfront-notification-bar-landingpage=1"
123.168.242.63 - - [16/Dec/2019:07:01:21 +0100] "GET /producto/gorra-tecnica-dry-fit HTTP/1.1" 301 3554 "-" "Mozilla/5.0 (Linux; Android 7.0; FRD-AL00 Build/HUAWEIFRD-AL00; wv) AppleWebKit/537.36 (KHTML, like Gecko) Version/4.0 Chrome/53.0.2785.49 Mobile MQQBrowser/6.2 TBS/043602 Safari/537.36 MicroMessenger/6.5.16.1120 NetType/WIFI Language/zh_CN" "-"
123.168.242.63 - - [16/Dec/2019:07:01:25 +0100] "GET /producto/gorra-tecnica-dry-fit/ HTTP/1.1" 200 93262 "-" "Mozilla/5.0 (Linux; Android 7.0; FRD-AL00 Build/HUAWEIFRD-AL00; wv) AppleWebKit/537.36 (KHTML, like Gecko) Version/4.0 Chrome/53.0.2785.49 Mobile MQQBrowser/6.2 TBS/043602 Safari/537.36 MicroMessenger/6.5.16.1120 NetType/WIFI Language/zh_CN" "wpfront-notification-bar-landingpage=1"
112.113.154.114 - - [16/Dec/2019:07:01:29 +0100] "GET /producto/polo-tecnico-street-cif-t110 HTTP/1.1" 301 3561 "-" "Mozilla/5.0(Linux;Android 5.1.1;OPPO A33 Build/LMY47V;wv) AppleWebKit/537.36(KHTML,link Gecko) Version/4.0 Chrome/43.0.2357.121 Mobile Safari/537.36 LieBaoFast/4.51.3" "-"
27.209.200.11 - - [16/Dec/2019:07:01:30 +0100] "GET /wp-content/uploads/2019/04/VANDIX-BLANCA.png HTTP/1.1" 200 97601 "-" "Mozilla/5.0(Linux;U;Android 5.1.1;zh-CN;OPPO A33 Build/LMY47V) AppleWebKit/537.36(KHTML,like Gecko) Version/4.0 Chrome/40.0.2214.89 UCBrowser/11.7.0.953 Mobile Safari/537.36" "-"
112.113.154.114 - - [16/Dec/2019:07:01:33 +0100] "GET /producto/polo-tecnico-street-cif-t110/ HTTP/1.1" 200 93235 "-" "Mozilla/5.0(Linux;Android 5.1.1;OPPO A33 Build/LMY47V;wv) AppleWebKit/537.36(KHTML,link Gecko) Version/4.0 Chrome/43.0.2357.121 Mobile Safari/537.36 LieBaoFast/4.51.3" "wpfront-notification-bar-landingpage=1"
217.76.130.90 - - [16/Dec/2019:07:14:09 +0100] "POST /wp-cron.php?doing_wp_cron=1576476849.2306940555572509765625 HTTP/1.1" 200 164 "http://amazingsportwear.com/wp-cron.php?doing_wp_cron=1576476849.2306940555572509765625" "WordPress/5.2.5; https://amazingsportwear.com" "-"
66.249.69.223 - - [16/Dec/2019:07:14:08 +0100] "GET / HTTP/1.1" 301 336 "-" "Mozilla/5.0 (Linux; Android 6.0.1; Nexus 5X Build/MMB29P) AppleWebKit/537.36 (KHTML, like Gecko) Chrome/41.0.2272.96 Mobile Safari/537.36 (compatible; Googlebot/2.1; +http://www.google.com/bot.html)" "-"
66.249.69.212 - - [16/Dec/2019:07:14:09 +0100] "GET /robots.txt HTTP/1.1" 200 3939 "-" "Mozilla/5.0 (compatible; Googlebot/2.1; +http://www.google.com/bot.html)" "-"
66.249.69.210 - - [16/Dec/2019:07:14:09 +0100] "GET / HTTP/1.1" 200 125746 "-" "Mozilla/5.0 (Linux; Android 6.0.1; Nexus 5X Build/MMB29P) AppleWebKit/537.36 (KHTML, like Gecko) Chrome/41.0.2272.96 Mobile Safari/537.36 (compatible; Googlebot/2.1; +http://www.google.com/bot.html)" "wpfront-notification-bar-landingpage=1"
66.249.69.208 - - [16/Dec/2019:07:14:58 +0100] "POST /?wc-ajax=get_refreshed_fragments HTTP/1.1" 200 4760 "https://amazingsportwear.com/" "Mozilla/5.0 (Linux; Android 6.0.1; Nexus 5X Build/MMB29P) AppleWebKit/537.36 (KHTML, like Gecko) Chrome/41.0.2272.96 Mobile Safari/537.36 (compatible; Googlebot/2.1; +http://www.google.com/bot.html)" "_ga=GA1.2.1951319036.1576454400; _gid=GA1.2.1036204339.1576454400; _gat_gtag_UA_91619287_1=1"
217.76.130.90 - - [16/Dec/2019:07:19:38 +0100] "POST /wp-cron.php?doing_wp_cron=1576477178.6047880649566650390625 HTTP/1.1" 200 3389 "https://amazingsportwear.com/wp-cron.php?doing_wp_cron=1576477178.6047880649566650390625" "WordPress/5.2.5; https://amazingsportwear.com" "-"
110.88.212.120 - - [16/Dec/2019:07:19:38 +0100] "GET /etiqueta-producto/camiseta-tecnica HTTP/1.1" 301 3558 "-" "Mozilla/5.0(Linux;Android 5.1.1;OPPO A33 Build/LMY47V;wv) AppleWebKit/537.36(KHTML,link Gecko) Version/4.0 Chrome/43.0.2357.121 Mobile Safari/537.36 LieBaoFast/4.51.3" "-"
110.88.212.120 - - [16/Dec/2019:07:19:40 +0100] "GET /etiqueta-producto/camiseta-tecnica/ HTTP/1.1" 200 75791 "-" "Mozilla/5.0(Linux;Android 5.1.1;OPPO A33 Build/LMY47V;wv) AppleWebKit/537.36(KHTML,link Gecko) Version/4.0 Chrome/43.0.2357.121 Mobile Safari/537.36 LieBaoFast/4.51.3" "wpfront-notification-bar-landingpage=1"
217.76.130.90 - - [16/Dec/2019:07:24:56 +0100] "POST /wp-cron.php?doing_wp_cron=1576477496.4410419464111328125000 HTTP/1.1" 200 3389 "https://amazingsportwear.com/wp-cron.php?doing_wp_cron=1576477496.4410419464111328125000" "WordPress/5.2.5; https://amazingsportwear.com" "-"
180.104.86.152 - - [16/Dec/2019:07:24:55 +0100] "GET /producto/camiseta-portero-futbol-manga-larga-2?add-to-cart=18692 HTTP/1.1" 301 4829 "-" "Mozilla/5.0(Linux;U;Android 5.1.1;zh-CN;OPPO A33 Build/LMY47V) AppleWebKit/537.36(KHTML,like Gecko) Version/4.0 Chrome/40.0.2214.89 UCBrowser/11.7.0.953 Mobile Safari/537.36" "-"
217.76.130.90 - - [16/Dec/2019:07:25:07 +0100] "POST /wp-cron.php?doing_wp_cron=1576477507.1244070529937744140625 HTTP/1.1" 200 3389 "https://amazingsportwear.com/wp-cron.php?doing_wp_cron=1576477507.1244070529937744140625" "WordPress/5.2.5; https://amazingsportwear.com" "-"
180.104.86.152 - - [16/Dec/2019:07:25:06 +0100] "GET /producto/camiseta-portero-futbol-manga-larga-2/?add-to-cart=18692 HTTP/1.1" 200 76923 "-" "Mozilla/5.0(Linux;U;Android 5.1.1;zh-CN;OPPO A33 Build/LMY47V) AppleWebKit/537.36(KHTML,like Gecko) Version/4.0 Chrome/40.0.2214.89 UCBrowser/11.7.0.953 Mobile Safari/537.36" "woocommerce_cart_hash=4d3589bd0812f6796106138d55017116; woocommerce_items_in_cart=1; wp_woocommerce_session_fb86dbb0e6335d960ea3e94e06b25287=78d28f9ff25529387a28eef3cd0aa9ee%7C%7C1576650296%7C%7C1576646696%7C%7Cfd10b45e223c43f3217f0924b4b02dcc; wpfront-notification-bar-landingpage=1"
217.76.130.90 - - [16/Dec/2019:07:29:40 +0100] "POST /wp-cron.php?doing_wp_cron=1576477779.9837141036987304687500 HTTP/1.1" 200 3389 "https://amazingsportwear.com/wp-cron.php?doing_wp_cron=1576477779.9837141036987304687500" "WordPress/5.2.5; https://amazingsportwear.com" "-"
115.208.66.208 - - [16/Dec/2019:07:29:39 +0100] "GET /producto/camiseta-tirantes-triatlon HTTP/1.1" 301 3559 "-" "Mozilla/5.0(Linux;Android 5.1.1;OPPO A33 Build/LMY47V;wv) AppleWebKit/537.36(KHTML,link Gecko) Version/4.0 Chrome/43.0.2357.121 Mobile Safari/537.36 LieBaoFast/4.51.3" "-"
115.208.66.208 - - [16/Dec/2019:07:29:48 +0100] "GET /producto/camiseta-tirantes-triatlon/ HTTP/1.1" 200 90415 "-" "Mozilla/5.0(Linux;Android 5.1.1;OPPO A33 Build/LMY47V;wv) AppleWebKit/537.36(KHTML,link Gecko) Version/4.0 Chrome/43.0.2357.121 Mobile Safari/537.36 LieBaoFast/4.51.3" "wpfront-notification-bar-landingpage=1"
217.76.130.90 - - [16/Dec/2019:07:37:58 +0100] "POST /wp-cron.php?doing_wp_cron=1576478278.3754038810729980468750 HTTP/1.1" 200 3389 "https://amazingsportwear.com/wp-cron.php?doing_wp_cron=1576478278.3754038810729980468750" "WordPress/5.2.5; https://amazingsportwear.com" "-"
141.8.142.79 - - [16/Dec/2019:07:37:57 +0100] "GET /robots.txt HTTP/1.1" 200 3960 "-" "Mozilla/5.0 (compatible; YandexBot/3.0; +http://yandex.com/bots)" "-"
141.8.142.79 - - [16/Dec/2019:07:38:01 +0100] "GET / HTTP/1.1" 301 393 "-" "Mozilla/5.0 (compatible; YandexBot/3.0; +http://yandex.com/bots)" "-"
217.76.130.90 - - [16/Dec/2019:07:38:05 +0100] "POST /wp-cron.php?doing_wp_cron=1576478285.0618379116058349609375 HTTP/1.1" 200 3389 "https://amazingsportwear.com/wp-cron.php?doing_wp_cron=1576478285.0618379116058349609375" "WordPress/5.2.5; https://amazingsportwear.com" "-"
141.8.142.79 - - [16/Dec/2019:07:38:04 +0100] "GET /robots.txt HTTP/1.1" 200 3944 "-" "Mozilla/5.0 (compatible; YandexBot/3.0; +http://yandex.com/bots)" "-"
141.8.142.79 - - [16/Dec/2019:07:38:08 +0100] "GET / HTTP/1.1" 200 122425 "-" "Mozilla/5.0 (compatible; YandexBot/3.0; +http://yandex.com/bots)" "-"
137.226.113.28 - - [16/Dec/2019:07:39:02 +0100] "GET / HTTP/1.1" 301 3504 "-" "Mozilla/5.0 zgrab/0.x (compatible; Researchscan/t12ca; +http://researchscan.comsys.rwth-aachen.de)" "-"
181.199.58.234 - - [16/Dec/2019:07:50:37 +0100] "GET /wp-content/uploads/2019/04/Llavero-Metalico-Tenis-3.png HTTP/1.1" 200 46821 "https://www.google.com/" "Mozilla/5.0 (Windows NT 10.0; Win64; x64) AppleWebKit/537.36 (KHTML, like Gecko) Chrome/78.0.3904.108 Safari/537.36" "-"
217.76.130.90 - - [16/Dec/2019:08:01:32 +0100] "POST /wp-cron.php?doing_wp_cron=1576479692.9447519779205322265625 HTTP/1.1" 200 3389 "https://amazingsportwear.com/wp-cron.php?doing_wp_cron=1576479692.9447519779205322265625" "WordPress/5.2.5; https://amazingsportwear.com" "-"
77.229.239.9 - - [16/Dec/2019:08:01:30 +0100] "GET / HTTP/1.1" 200 125808 "https://www.google.com/" "Mozilla/5.0 (Windows NT 10.0; Win64; x64) AppleWebKit/537.36 (KHTML, like Gecko) Chrome/78.0.3904.108 Safari/537.36" "-"
77.229.239.9 - - [16/Dec/2019:08:01:34 +0100] "GET /wp-content/plugins/woocommerce/assets/css/blocks/style.css?ver=3.6.4 HTTP/1.1" 200 10060 "https://amazingsportwear.com/" "Mozilla/5.0 (Windows NT 10.0; Win64; x64) AppleWebKit/537.36 (KHTML, like Gecko) Chrome/78.0.3904.108 Safari/537.36" "wpfront-notification-bar-landingpage=1"
77.229.239.9 - - [16/Dec/2019:08:01:34 +0100] "GET /wp-includes/css/dist/block-library/style.min.css?ver=5.2.5 HTTP/1.1" 200 29660 "https://amazingsportwear.com/" "Mozilla/5.0 (Windows NT 10.0; Win64; x64) AppleWebKit/537.36 (KHTML, like Gecko) Chrome/78.0.3904.108 Safari/537.36" "wpfront-notification-bar-landingpage=1"
77.229.239.9 - - [16/Dec/2019:08:01:34 +0100] "GET /wp-content/plugins/cookie-law-info/public/css/cookie-law-info-public.css?ver=1.7.6 HTTP/1.1" 200 3373 "https://amazingsportwear.com/" "Mozilla/5.0 (Windows NT 10.0; Win64; x64) AppleWebKit/537.36 (KHTML, like Gecko) Chrome/78.0.3904.108 Safari/537.36" "wpfront-notification-bar-landingpage=1"
77.229.239.9 - - [16/Dec/2019:08:01:34 +0100] "GET /wp-content/plugins/cookie-law-info/public/css/cookie-law-info-gdpr.css?ver=1.7.6 HTTP/1.1" 200 12583 "https://amazingsportwear.com/" "Mozilla/5.0 (Windows NT 10.0; Win64; x64) AppleWebKit/537.36 (KHTML, like Gecko) Chrome/78.0.3904.108 Safari/537.36" "wpfront-notification-bar-landingpage=1"
77.229.239.9 - - [16/Dec/2019:08:01:34 +0100] "GET /wp-content/plugins/wpfront-notification-bar/css/wpfront-notification-bar.css?ver=1.7.1 HTTP/1.1" 200 3801 "https://amazingsportwear.com/" "Mozilla/5.0 (Windows NT 10.0; Win64; x64) AppleWebKit/537.36 (KHTML, like Gecko) Chrome/78.0.3904.108 Safari/537.36" "wpfront-notification-bar-landingpage=1"
77.229.239.9 - - [16/Dec/2019:08:01:34 +0100] "GET /wp-content/plugins/simple-social-icons/css/style.css?ver=3.0.1 HTTP/1.1" 200 1562 "https://amazingsportwear.com/" "Mozilla/5.0 (Windows NT 10.0; Win64; x64) AppleWebKit/537.36 (KHTML, like Gecko) Chrome/78.0.3904.108 Safari/537.36" "wpfront-notification-bar-landingpage=1"
77.229.239.9 - - [16/Dec/2019:08:01:34 +0100] "GET /wp-content/plugins/elementor/assets/lib/eicons/css/elementor-icons.min.css?ver=4.3.0 HTTP/1.1" 200 11850 "https://amazingsportwear.com/" "Mozilla/5.0 (Windows NT 10.0; Win64; x64) AppleWebKit/537.36 (KHTML, like Gecko) Chrome/78.0.3904.108 Safari/537.36" "wpfront-notification-bar-landingpage=1"
77.229.239.9 - - [16/Dec/2019:08:01:34 +0100] "GET /wp-content/themes/shopper/style.css?ver=1.3.8 HTTP/1.1" 200 125453 "https://amazingsportwear.com/" "Mozilla/5.0 (Windows NT 10.0; Win64; x64) AppleWebKit/537.36 (KHTML, like Gecko) Chrome/78.0.3904.108 Safari/537.36" "wpfront-notification-bar-landingpage=1"
77.229.239.9 - - [16/Dec/2019:08:01:34 +0100] "GET /wp-content/plugins/elementor/assets/lib/animations/animations.min.css?ver=2.5.16 HTTP/1.1" 200 18833 "https://amazingsportwear.com/" "Mozilla/5.0 (Windows NT 10.0; Win64; x64) AppleWebKit/537.36 (KHTML, like Gecko) Chrome/78.0.3904.108 Safari/537.36" "wpfront-notification-bar-landingpage=1"
77.229.239.9 - - [16/Dec/2019:08:01:34 +0100] "GET /wp-content/uploads/elementor/css/global.css?ver=1559638744 HTTP/1.1" 200 5136 "https://amazingsportwear.com/" "Mozilla/5.0 (Windows NT 10.0; Win64; x64) AppleWebKit/537.36 (KHTML, like Gecko) Chrome/78.0.3904.108 Safari/537.36" "wpfront-notification-bar-landingpage=1"
77.229.239.9 - - [16/Dec/2019:08:01:34 +0100] "GET /wp-content/plugins/elementor/assets/css/frontend.min.css?ver=2.5.16 HTTP/1.1" 200 95366 "https://amazingsportwear.com/" "Mozilla/5.0 (Windows NT 10.0; Win64; x64) AppleWebKit/537.36 (KHTML, like Gecko) Chrome/78.0.3904.108 Safari/537.36" "wpfront-notification-bar-landingpage=1"
77.229.239.9 - - [16/Dec/2019:08:01:34 +0100] "GET /wp-content/plugins/elementor/assets/lib/font-awesome/css/font-awesome.min.css?ver=4.7.0 HTTP/1.1" 200 31365 "https://amazingsportwear.com/" "Mozilla/5.0 (Windows NT 10.0; Win64; x64) AppleWebKit/537.36 (KHTML, like Gecko) Chrome/78.0.3904.108 Safari/537.36" "wpfront-notification-bar-landingpage=1"
77.229.239.9 - - [16/Dec/2019:08:01:34 +0100] "GET /wp-content/uploads/elementor/css/post-16241.css?ver=1562311573 HTTP/1.1" 200 4934 "https://amazingsportwear.com/" "Mozilla/5.0 (Windows NT 10.0; Win64; x64) AppleWebKit/537.36 (KHTML, like Gecko) Chrome/78.0.3904.108 Safari/537.36" "wpfront-notification-bar-landingpage=1"
77.229.239.9 - - [16/Dec/2019:08:01:34 +0100] "GET /wp-content/plugins/smart-slider-3/library/media/smartslider.min.css?1559118093 HTTP/1.1" 200 19959 "https://amazingsportwear.com/" "Mozilla/5.0 (Windows NT 10.0; Win64; x64) AppleWebKit/537.36 (KHTML, like Gecko) Chrome/78.0.3904.108 Safari/537.36" "wpfront-notification-bar-landingpage=1"
77.229.239.9 - - [16/Dec/2019:08:01:34 +0100] "GET /wp-content/themes/shopper/assets/sass/woocommerce/woocommerce.css?ver=5.2.5 HTTP/1.1" 200 83534 "https://amazingsportwear.com/" "Mozilla/5.0 (Windows NT 10.0; Win64; x64) AppleWebKit/537.36 (KHTML, like Gecko) Chrome/78.0.3904.108 Safari/537.36" "wpfront-notification-bar-landingpage=1"
77.229.239.9 - - [16/Dec/2019:08:01:34 +0100] "GET /wp-content/plugins/cookie-law-info/public/js/cookie-law-info-public.js?ver=1.7.6 HTTP/1.1" 200 17076 "https://amazingsportwear.com/" "Mozilla/5.0 (Windows NT 10.0; Win64; x64) AppleWebKit/537.36 (KHTML, like Gecko) Chrome/78.0.3904.108 Safari/537.36" "wpfront-notification-bar-landingpage=1"
77.229.239.9 - - [16/Dec/2019:08:01:34 +0100] "GET /wp-includes/js/jquery/jquery.js?ver=1.12.4-wp HTTP/1.1" 200 97362 "https://amazingsportwear.com/" "Mozilla/5.0 (Windows NT 10.0; Win64; x64) AppleWebKit/537.36 (KHTML, like Gecko) Chrome/78.0.3904.108 Safari/537.36" "wpfront-notification-bar-landingpage=1"
77.229.239.9 - - [16/Dec/2019:08:01:34 +0100] "GET /wp-content/plugins/wpfront-notification-bar/jquery-plugins/jquery.c.js?ver=1.4.0 HTTP/1.1" 200 3437 "https://amazingsportwear.com/" "Mozilla/5.0 (Windows NT 10.0; Win64; x64) AppleWebKit/537.36 (KHTML, like Gecko) Chrome/78.0.3904.108 Safari/537.36" "wpfront-notification-bar-landingpage=1"
77.229.239.9 - - [16/Dec/2019:08:01:34 +0100] "GET /wp-content/plugins/wpfront-notification-bar/js/wpfront-notification-bar.js?ver=1.7.1 HTTP/1.1" 200 5662 "https://amazingsportwear.com/" "Mozilla/5.0 (Windows NT 10.0; Win64; x64) AppleWebKit/537.36 (KHTML, like Gecko) Chrome/78.0.3904.108 Safari/537.36" "wpfront-notification-bar-landingpage=1"
77.229.239.9 - - [16/Dec/2019:08:01:34 +0100] "GET /wp-includes/js/jquery/jquery-migrate.min.js?ver=1.4.1 HTTP/1.1" 200 10399 "https://amazingsportwear.com/" "Mozilla/5.0 (Windows NT 10.0; Win64; x64) AppleWebKit/537.36 (KHTML, like Gecko) Chrome/78.0.3904.108 Safari/537.36" "wpfront-notification-bar-landingpage=1"
77.229.239.9 - - [16/Dec/2019:08:01:34 +0100] "GET /wp-content/plugins/smart-slider-3/nextend/media/dist/n2.min.js?1559118093 HTTP/1.1" 200 3836 "https://amazingsportwear.com/" "Mozilla/5.0 (Windows NT 10.0; Win64; x64) AppleWebKit/537.36 (KHTML, like Gecko) Chrome/78.0.3904.108 Safari/537.36" "wpfront-notification-bar-landingpage=1"
77.229.239.9 - - [16/Dec/2019:08:01:34 +0100] "GET /wp-content/plugins/simple-social-icons/svgxuse.js?ver=1.1.21 HTTP/1.1" 200 9580 "https://amazingsportwear.com/" "Mozilla/5.0 (Windows NT 10.0; Win64; x64) AppleWebKit/537.36 (KHTML, like Gecko) Chrome/78.0.3904.108 Safari/537.36" "wpfront-notification-bar-landingpage=1"
77.229.239.9 - - [16/Dec/2019:08:01:34 +0100] "GET /wp-content/plugins/smart-slider-3/library/media/plugins/type/simple/simple/dist/smartslider-simple-type-frontend.min.js?1559118093 HTTP/1.1" 200 18973 "https://amazingsportwear.com/" "Mozilla/5.0 (Windows NT 10.0; Win64; x64) AppleWebKit/537.36 (KHTML, like Gecko) Chrome/78.0.3904.108 Safari/537.36" "wpfront-notification-bar-landingpage=1"
77.229.239.9 - - [16/Dec/2019:08:01:34 +0100] "GET /wp-content/plugins/smart-slider-3/library/media/dist/smartslider-frontend.min.js?1559118093 HTTP/1.1" 200 127293 "https://amazingsportwear.com/" "Mozilla/5.0 (Windows NT 10.0; Win64; x64) AppleWebKit/537.36 (KHTML, like Gecko) Chrome/78.0.3904.108 Safari/537.36" "wpfront-notification-bar-landingpage=1"
77.229.239.9 - - [16/Dec/2019:08:01:34 +0100] "GET /wp-content/plugins/smart-slider-3/nextend/media/dist/nextend-frontend.min.js?1559118093 HTTP/1.1" 200 86339 "https://amazingsportwear.com/" "Mozilla/5.0 (Windows NT 10.0; Win64; x64) AppleWebKit/537.36 (KHTML, like Gecko) Chrome/78.0.3904.108 Safari/537.36" "wpfront-notification-bar-landingpage=1"
77.229.239.9 - - [16/Dec/2019:08:01:34 +0100] "GET /wp-content/uploads/2019/05/cropped-asw-white.png HTTP/1.1" 200 7500 "https://amazingsportwear.com/" "Mozilla/5.0 (Windows NT 10.0; Win64; x64) AppleWebKit/537.36 (KHTML, like Gecko) Chrome/78.0.3904.108 Safari/537.36" "wpfront-notification-bar-landingpage=1"
77.229.239.9 - - [16/Dec/2019:08:01:34 +0100] "GET /wp-content/themes/shopper/assets/js/crm.js?ver=1561548510 HTTP/1.1" 200 874 "https://amazingsportwear.com/" "Mozilla/5.0 (Windows NT 10.0; Win64; x64) AppleWebKit/537.36 (KHTML, like Gecko) Chrome/78.0.3904.108 Safari/537.36" "wpfront-notification-bar-landingpage=1"
77.229.239.9 - - [16/Dec/2019:08:01:34 +0100] "GET /wp-content/plugins/woocommerce/assets/js/jquery-blockui/jquery.blockUI.min.js?ver=2.70 HTTP/1.1" 200 9908 "https://amazingsportwear.com/" "Mozilla/5.0 (Windows NT 10.0; Win64; x64) AppleWebKit/537.36 (KHTML, like Gecko) Chrome/78.0.3904.108 Safari/537.36" "wpfront-notification-bar-landingpage=1"
77.229.239.9 - - [16/Dec/2019:08:01:34 +0100] "GET /wp-content/plugins/woocommerce/assets/js/frontend/add-to-cart.min.js?ver=3.6.4 HTTP/1.1" 200 2983 "https://amazingsportwear.com/" "Mozilla/5.0 (Windows NT 10.0; Win64; x64) AppleWebKit/537.36 (KHTML, like Gecko) Chrome/78.0.3904.108 Safari/537.36" "wpfront-notification-bar-landingpage=1"
77.229.239.9 - - [16/Dec/2019:08:01:34 +0100] "GET /wp-content/plugins/woocommerce/assets/js/js-cookie/js.cookie.min.js?ver=2.1.4 HTTP/1.1" 200 2187 "https://amazingsportwear.com/" "Mozilla/5.0 (Windows NT 10.0; Win64; x64) AppleWebKit/537.36 (KHTML, like Gecko) Chrome/78.0.3904.108 Safari/537.36" "wpfront-notification-bar-landingpage=1"
77.229.239.9 - - [16/Dec/2019:08:01:34 +0100] "GET /wp-content/plugins/elementor/assets/lib/font-awesome/fonts/fontawesome-webfont.woff2?v=4.7.0 HTTP/1.1" 200 77615 "https://amazingsportwear.com/wp-content/plugins/elementor/assets/lib/font-awesome/css/font-awesome.min.css?ver=4.7.0" "Mozilla/5.0 (Windows NT 10.0; Win64; x64) AppleWebKit/537.36 (KHTML, like Gecko) Chrome/78.0.3904.108 Safari/537.36" "wpfront-notification-bar-landingpage=1"
77.229.239.9 - - [16/Dec/2019:08:01:34 +0100] "GET /wp-content/plugins/woocommerce/assets/js/frontend/woocommerce.min.js?ver=3.6.4 HTTP/1.1" 200 1813 "https://amazingsportwear.com/" "Mozilla/5.0 (Windows NT 10.0; Win64; x64) AppleWebKit/537.36 (KHTML, like Gecko) Chrome/78.0.3904.108 Safari/537.36" "wpfront-notification-bar-landingpage=1"
77.229.239.9 - - [16/Dec/2019:08:01:34 +0100] "GET /wp-content/uploads/2019/07/carpa-1024x771.jpg HTTP/1.1" 200 89325 "https://amazingsportwear.com/" "Mozilla/5.0 (Windows NT 10.0; Win64; x64) AppleWebKit/537.36 (KHTML, like Gecko) Chrome/78.0.3904.108 Safari/537.36" "wpfront-notification-bar-landingpage=1"
77.229.239.9 - - [16/Dec/2019:08:01:34 +0100] "GET /wp-content/plugins/woocommerce/assets/js/frontend/cart-fragments.min.js?ver=3.6.4 HTTP/1.1" 200 3281 "https://amazingsportwear.com/" "Mozilla/5.0 (Windows NT 10.0; Win64; x64) AppleWebKit/537.36 (KHTML, like Gecko) Chrome/78.0.3904.108 Safari/537.36" "wpfront-notification-bar-landingpage=1"
77.229.239.9 - - [16/Dec/2019:08:01:34 +0100] "GET /wp-content/themes/shopper/assets/js/skip-link-focus-fix.js?ver=1.3.8 HTTP/1.1" 200 1023 "https://amazingsportwear.com/" "Mozilla/5.0 (Windows NT 10.0; Win64; x64) AppleWebKit/537.36 (KHTML, like Gecko) Chrome/78.0.3904.108 Safari/537.36" "wpfront-notification-bar-landingpage=1"
77.229.239.9 - - [16/Dec/2019:08:01:34 +0100] "GET /wp-content/themes/shopper/assets/js/shopper.min.js?ver=1.3.8 HTTP/1.1" 200 5994 "https://amazingsportwear.com/" "Mozilla/5.0 (Windows NT 10.0; Win64; x64) AppleWebKit/537.36 (KHTML, like Gecko) Chrome/78.0.3904.108 Safari/537.36" "wpfront-notification-bar-landingpage=1"
77.229.239.9 - - [16/Dec/2019:08:01:34 +0100] "GET /wp-content/themes/shopper/assets/js/woocommerce/header-cart.min.js?ver=1.3.8 HTTP/1.1" 200 972 "https://amazingsportwear.com/" "Mozilla/5.0 (Windows NT 10.0; Win64; x64) AppleWebKit/537.36 (KHTML, like Gecko) Chrome/78.0.3904.108 Safari/537.36" "wpfront-notification-bar-landingpage=1"
77.229.239.9 - - [16/Dec/2019:08:01:34 +0100] "GET /wp-includes/js/wp-embed.min.js?ver=5.2.5 HTTP/1.1" 200 1744 "https://amazingsportwear.com/" "Mozilla/5.0 (Windows NT 10.0; Win64; x64) AppleWebKit/537.36 (KHTML, like Gecko) Chrome/78.0.3904.108 Safari/537.36" "wpfront-notification-bar-landingpage=1"
77.229.239.9 - - [16/Dec/2019:08:01:34 +0100] "GET /wp-content/plugins/elementor/assets/lib/slick/slick.min.js?ver=1.8.1 HTTP/1.1" 200 43264 "https://amazingsportwear.com/" "Mozilla/5.0 (Windows NT 10.0; Win64; x64) AppleWebKit/537.36 (KHTML, like Gecko) Chrome/78.0.3904.108 Safari/537.36" "wpfront-notification-bar-landingpage=1"
77.229.239.9 - - [16/Dec/2019:08:01:34 +0100] "GET /wp-content/plugins/elementor/assets/js/frontend-modules.min.js?ver=2.5.16 HTTP/1.1" 200 11486 "https://amazingsportwear.com/" "Mozilla/5.0 (Windows NT 10.0; Win64; x64) AppleWebKit/537.36 (KHTML, like Gecko) Chrome/78.0.3904.108 Safari/537.36" "wpfront-notification-bar-landingpage=1"
77.229.239.9 - - [16/Dec/2019:08:01:35 +0100] "GET /wp-includes/js/jquery/ui/position.min.js?ver=1.11.4 HTTP/1.1" 200 6869 "https://amazingsportwear.com/" "Mozilla/5.0 (Windows NT 10.0; Win64; x64) AppleWebKit/537.36 (KHTML, like Gecko) Chrome/78.0.3904.108 Safari/537.36" "wpfront-notification-bar-landingpage=1"
77.229.239.9 - - [16/Dec/2019:08:01:35 +0100] "GET /wp-content/plugins/elementor/assets/lib/dialog/dialog.min.js?ver=4.7.1 HTTP/1.1" 200 10911 "https://amazingsportwear.com/" "Mozilla/5.0 (Windows NT 10.0; Win64; x64) AppleWebKit/537.36 (KHTML, like Gecko) Chrome/78.0.3904.108 Safari/537.36" "wpfront-notification-bar-landingpage=1"
77.229.239.9 - - [16/Dec/2019:08:01:35 +0100] "GET /wp-content/plugins/elementor/assets/lib/waypoints/waypoints.min.js?ver=4.0.2 HTTP/1.1" 200 12541 "https://amazingsportwear.com/" "Mozilla/5.0 (Windows NT 10.0; Win64; x64) AppleWebKit/537.36 (KHTML, like Gecko) Chrome/78.0.3904.108 Safari/537.36" "wpfront-notification-bar-landingpage=1"
77.229.239.9 - - [16/Dec/2019:08:01:35 +0100] "GET /wp-content/plugins/elementor/assets/lib/swiper/swiper.min.js?ver=4.4.6 HTTP/1.1" 200 126126 "https://amazingsportwear.com/" "Mozilla/5.0 (Windows NT 10.0; Win64; x64) AppleWebKit/537.36 (KHTML, like Gecko) Chrome/78.0.3904.108 Safari/537.36" "wpfront-notification-bar-landingpage=1"
77.229.239.9 - - [16/Dec/2019:08:01:35 +0100] "GET /wp-content/plugins/elementor/assets/js/frontend.min.js?ver=2.5.16 HTTP/1.1" 200 41341 "https://amazingsportwear.com/" "Mozilla/5.0 (Windows NT 10.0; Win64; x64) AppleWebKit/537.36 (KHTML, like Gecko) Chrome/78.0.3904.108 Safari/537.36" "wpfront-notification-bar-landingpage=1"
77.229.239.9 - - [16/Dec/2019:08:01:35 +0100] "GET /wp-includes/js/jquery/ui/core.min.js?ver=1.11.4 HTTP/1.1" 200 4341 "https://amazingsportwear.com/" "Mozilla/5.0 (Windows NT 10.0; Win64; x64) AppleWebKit/537.36 (KHTML, like Gecko) Chrome/78.0.3904.108 Safari/537.36" "wpfront-notification-bar-landingpage=1"
77.229.239.9 - - [16/Dec/2019:08:01:35 +0100] "GET /wp-content/themes/shopper/assets/fonts/fontawesome-webfont.woff2?v=4.7.0 HTTP/1.1" 200 77615 "https://amazingsportwear.com/wp-content/themes/shopper/style.css?ver=1.3.8" "Mozilla/5.0 (Windows NT 10.0; Win64; x64) AppleWebKit/537.36 (KHTML, like Gecko) Chrome/78.0.3904.108 Safari/537.36" "wpfront-notification-bar-landingpage=1"
77.229.239.9 - - [16/Dec/2019:08:01:35 +0100] "GET /wp-content/plugins/si-contact-form/includes/fscf-scripts.js?ver=179 HTTP/1.1" 200 1033 "https://amazingsportwear.com/" "Mozilla/5.0 (Windows NT 10.0; Win64; x64) AppleWebKit/537.36 (KHTML, like Gecko) Chrome/78.0.3904.108 Safari/537.36" "wpfront-notification-bar-landingpage=1"
77.229.239.9 - - [16/Dec/2019:08:01:35 +0100] "GET /wp-content/uploads/2019/07/buff-bandana-300x123.jpg HTTP/1.1" 200 15859 "https://amazingsportwear.com/" "Mozilla/5.0 (Windows NT 10.0; Win64; x64) AppleWebKit/537.36 (KHTML, like Gecko) Chrome/78.0.3904.108 Safari/537.36" "wpfront-notification-bar-landingpage=1"
77.229.239.9 - - [16/Dec/2019:08:01:35 +0100] "GET /wp-content/uploads/2019/07/camiseta-tecnica-mujer-300x124.jpg HTTP/1.1" 200 17320 "https://amazingsportwear.com/" "Mozilla/5.0 (Windows NT 10.0; Win64; x64) AppleWebKit/537.36 (KHTML, like Gecko) Chrome/78.0.3904.108 Safari/537.36" "wpfront-notification-bar-landingpage=1"
77.229.239.9 - - [16/Dec/2019:08:01:35 +0100] "GET /wp-content/uploads/2019/07/camiseta-tecnica-unisex-300x124.jpg HTTP/1.1" 200 17090 "https://amazingsportwear.com/" "Mozilla/5.0 (Windows NT 10.0; Win64; x64) AppleWebKit/537.36 (KHTML, like Gecko) Chrome/78.0.3904.108 Safari/537.36" "wpfront-notification-bar-landingpage=1"
77.229.239.9 - - [16/Dec/2019:08:01:35 +0100] "GET /wp-content/uploads/2019/07/slider1.jpg HTTP/1.1" 200 244573 "https://amazingsportwear.com/" "Mozilla/5.0 (Windows NT 10.0; Win64; x64) AppleWebKit/537.36 (KHTML, like Gecko) Chrome/78.0.3904.108 Safari/537.36" "wpfront-notification-bar-landingpage=1"
77.229.239.9 - - [16/Dec/2019:08:01:35 +0100] "GET /wp-content/uploads/2019/07/slider2.jpg HTTP/1.1" 200 250219 "https://amazingsportwear.com/" "Mozilla/5.0 (Windows NT 10.0; Win64; x64) AppleWebKit/537.36 (KHTML, like Gecko) Chrome/78.0.3904.108 Safari/537.36" "wpfront-notification-bar-landingpage=1"
77.229.239.9 - - [16/Dec/2019:08:01:35 +0100] "GET /wp-content/uploads/2019/07/slider3.jpg HTTP/1.1" 200 276981 "https://amazingsportwear.com/" "Mozilla/5.0 (Windows NT 10.0; Win64; x64) AppleWebKit/537.36 (KHTML, like Gecko) Chrome/78.0.3904.108 Safari/537.36" "wpfront-notification-bar-landingpage=1"
77.229.239.9 - - [16/Dec/2019:08:01:35 +0100] "GET /wp-content/uploads/2019/07/slider4.jpg HTTP/1.1" 200 369750 "https://amazingsportwear.com/" "Mozilla/5.0 (Windows NT 10.0; Win64; x64) AppleWebKit/537.36 (KHTML, like Gecko) Chrome/78.0.3904.108 Safari/537.36" "wpfront-notification-bar-landingpage=1"
77.229.239.9 - - [16/Dec/2019:08:01:35 +0100] "GET /wp-content/uploads/2019/07/cortavientos-300x124.jpg HTTP/1.1" 200 17094 "https://amazingsportwear.com/" "Mozilla/5.0 (Windows NT 10.0; Win64; x64) AppleWebKit/537.36 (KHTML, like Gecko) Chrome/78.0.3904.108 Safari/537.36" "wpfront-notification-bar-landingpage=1"
77.229.239.9 - - [16/Dec/2019:08:01:35 +0100] "GET /wp-content/uploads/2019/07/gorra-tecnica-300x124.jpg HTTP/1.1" 200 16844 "https://amazingsportwear.com/" "Mozilla/5.0 (Windows NT 10.0; Win64; x64) AppleWebKit/537.36 (KHTML, like Gecko) Chrome/78.0.3904.108 Safari/537.36" "wpfront-notification-bar-landingpage=1"
77.229.239.9 - - [16/Dec/2019:08:01:35 +0100] "GET /wp-content/uploads/2019/07/mochila-saco-300x124.jpg HTTP/1.1" 200 16972 "https://amazingsportwear.com/" "Mozilla/5.0 (Windows NT 10.0; Win64; x64) AppleWebKit/537.36 (KHTML, like Gecko) Chrome/78.0.3904.108 Safari/537.36" "wpfront-notification-bar-landingpage=1"
