77.229.239.9 - - [18/Dec/2019:13:26:59 +0100] "GET /wp-content/plugins/product-enquiry-for-woocommerce/img/contact/loading.gif HTTP/1.1" 200 3834 "https://amazingsportwear.com/producto/bolsa-deporte-young/" "Mozilla/5.0 (Windows NT 6.1; Win64; x64) AppleWebKit/537.36 (KHTML, like Gecko) Chrome/79.0.3945.79 Safari/537.36" "wpfront-notification-bar-landingpage=1; _ga=GA1.2.1838671966.1576671956; _gid=GA1.2.1308465704.1576671956; _gat_gtag_UA_91619287_1=1; viewed_cookie_policy=yes"
77.229.239.9 - - [18/Dec/2019:13:26:59 +0100] "GET /wp-content/plugins/akismet/_inc/form.js?ver=4.1.2 HTTP/1.1" 200 1040 "https://amazingsportwear.com/producto/bolsa-deporte-young/" "Mozilla/5.0 (Windows NT 6.1; Win64; x64) AppleWebKit/537.36 (KHTML, like Gecko) Chrome/79.0.3945.79 Safari/537.36" "wpfront-notification-bar-landingpage=1; _ga=GA1.2.1838671966.1576671956; _gid=GA1.2.1308465704.1576671956; _gat_gtag_UA_91619287_1=1; viewed_cookie_policy=yes"
77.229.239.9 - - [18/Dec/2019:13:26:59 +0100] "GET /wp-content/uploads/2019/04/bolsa-deporte-young-2-100x100.png HTTP/1.1" 200 11478 "https://amazingsportwear.com/producto/bolsa-deporte-young/" "Mozilla/5.0 (Windows NT 6.1; Win64; x64) AppleWebKit/537.36 (KHTML, like Gecko) Chrome/79.0.3945.79 Safari/537.36" "wpfront-notification-bar-landingpage=1; _ga=GA1.2.1838671966.1576671956; _gid=GA1.2.1308465704.1576671956; _gat_gtag_UA_91619287_1=1; viewed_cookie_policy=yes"
77.229.239.9 - - [18/Dec/2019:13:26:59 +0100] "GET /wp-content/uploads/2019/04/bolsa-deporte-young-3-100x100.png HTTP/1.1" 200 10337 "https://amazingsportwear.com/producto/bolsa-deporte-young/" "Mozilla/5.0 (Windows NT 6.1; Win64; x64) AppleWebKit/537.36 (KHTML, like Gecko) Chrome/79.0.3945.79 Safari/537.36" "wpfront-notification-bar-landingpage=1; _ga=GA1.2.1838671966.1576671956; _gid=GA1.2.1308465704.1576671956; _gat_gtag_UA_91619287_1=1; viewed_cookie_policy=yes"
77.229.239.9 - - [18/Dec/2019:13:26:59 +0100] "GET /wp-content/uploads/2019/04/bolsa-deporte-young-1-100x100.png HTTP/1.1" 200 11501 "https://amazingsportwear.com/producto/bolsa-deporte-young/" "Mozilla/5.0 (Windows NT 6.1; Win64; x64) AppleWebKit/537.36 (KHTML, like Gecko) Chrome/79.0.3945.79 Safari/537.36" "wpfront-notification-bar-landingpage=1; _ga=GA1.2.1838671966.1576671956; _gid=GA1.2.1308465704.1576671956; _gat_gtag_UA_91619287_1=1; viewed_cookie_policy=yes"
217.76.130.90 - - [18/Dec/2019:13:27:09 +0100] "POST /wp-cron.php?doing_wp_cron=1576672029.4413440227508544921875 HTTP/1.1" 200 3389 "https://amazingsportwear.com/wp-cron.php?doing_wp_cron=1576672029.4413440227508544921875" "WordPress/5.2.5; https://amazingsportwear.com" "-"
77.229.239.9 - - [18/Dec/2019:13:27:08 +0100] "GET /producto/bolsa-deporte-young/ HTTP/1.1" 200 94224 "https://amazingsportwear.com/producto/bolsa-deporte-young/" "Mozilla/5.0 (Windows NT 6.1; Win64; x64) AppleWebKit/537.36 (KHTML, like Gecko) Chrome/79.0.3945.79 Safari/537.36" "wpfront-notification-bar-landingpage=1; _ga=GA1.2.1838671966.1576671956; _gid=GA1.2.1308465704.1576671956; _gat_gtag_UA_91619287_1=1; viewed_cookie_policy=yes"
77.229.239.9 - - [18/Dec/2019:13:27:10 +0100] "GET /wp-content/uploads/2018/05/sa-7118-amarillo-300x300.jpg HTTP/1.1" 200 6483 "https://amazingsportwear.com/producto/bolsa-deporte-young/" "Mozilla/5.0 (Windows NT 6.1; Win64; x64) AppleWebKit/537.36 (KHTML, like Gecko) Chrome/79.0.3945.79 Safari/537.36" "wpfront-notification-bar-landingpage=1; _ga=GA1.2.1838671966.1576671956; _gid=GA1.2.1308465704.1576671956; _gat_gtag_UA_91619287_1=1; viewed_cookie_policy=yes"
77.229.239.9 - - [18/Dec/2019:13:27:10 +0100] "GET /wp-content/uploads/2018/05/cp-coolmax-1-300x300.jpg HTTP/1.1" 200 15663 "https://amazingsportwear.com/producto/bolsa-deporte-young/" "Mozilla/5.0 (Windows NT 6.1; Win64; x64) AppleWebKit/537.36 (KHTML, like Gecko) Chrome/79.0.3945.79 Safari/537.36" "wpfront-notification-bar-landingpage=1; _ga=GA1.2.1838671966.1576671956; _gid=GA1.2.1308465704.1576671956; _gat_gtag_UA_91619287_1=1; viewed_cookie_policy=yes"
217.76.130.90 - - [18/Dec/2019:13:55:39 +0100] "POST /wp-cron.php?doing_wp_cron=1576673739.6147699356079101562500 HTTP/1.1" 200 3389 "https://amazingsportwear.com/wp-cron.php?doing_wp_cron=1576673739.6147699356079101562500" "WordPress/5.2.5; https://amazingsportwear.com" "-"
40.77.167.81 - - [18/Dec/2019:13:55:36 +0100] "GET /producto/chaleco-tecnico-ligero-running-jnnu/ HTTP/1.1" 200 108478 "-" "Mozilla/5.0 (compatible; bingbot/2.0; +http://www.bing.com/bingbot.htm)" "-"
217.76.130.90 - - [18/Dec/2019:14:01:20 +0100] "POST /wp-cron.php?doing_wp_cron=1576674080.3291630744934082031250 HTTP/1.1" 200 3389 "https://amazingsportwear.com/wp-cron.php?doing_wp_cron=1576674080.3291630744934082031250" "WordPress/5.2.5; https://amazingsportwear.com" "-"
40.77.167.79 - - [18/Dec/2019:14:01:19 +0100] "GET /product_cat-sitemap.xml HTTP/1.1" 200 13353 "-" "msnbot/2.0b (+http://search.msn.com/msnbot.htm)" "-"
217.76.130.90 - - [18/Dec/2019:14:46:06 +0100] "POST /wp-cron.php?doing_wp_cron=1576676766.6305320262908935546875 HTTP/1.1" 200 3389 "https://amazingsportwear.com/wp-cron.php?doing_wp_cron=1576676766.6305320262908935546875" "WordPress/5.2.5; https://amazingsportwear.com" "-"
66.249.66.66 - - [18/Dec/2019:14:46:02 +0100] "GET /page-sitemap.xml HTTP/1.1" 200 9623 "-" "Mozilla/5.0 (compatible; Googlebot/2.1; +http://www.google.com/bot.html)" "-"
217.76.130.90 - - [18/Dec/2019:14:49:59 +0100] "POST /wp-cron.php?doing_wp_cron=1576676999.3760828971862792968750 HTTP/1.1" 200 3389 "https://amazingsportwear.com/wp-cron.php?doing_wp_cron=1576676999.3760828971862792968750" "WordPress/5.2.5; https://amazingsportwear.com" "-"
66.249.66.68 - - [18/Dec/2019:14:49:57 +0100] "GET /etiqueta-producto/nino/ HTTP/1.1" 200 75126 "-" "Mozilla/5.0 (compatible; Googlebot/2.1; +http://www.google.com/bot.html)" "-"
217.76.130.90 - - [18/Dec/2019:14:52:35 +0100] "POST /wp-cron.php?doing_wp_cron=1576677155.7096500396728515625000 HTTP/1.1" 200 3389 "https://amazingsportwear.com/wp-cron.php?doing_wp_cron=1576677155.7096500396728515625000" "WordPress/5.2.5; https://amazingsportwear.com" "-"
173.252.79.19 - - [18/Dec/2019:14:52:34 +0100] "GET / HTTP/1.1" 200 125550 "-" "facebookexternalhit/1.1 (+http://www.facebook.com/externalhit_uatext.php)" "-"
173.252.79.14 - - [18/Dec/2019:14:52:34 +0100] "GET / HTTP/1.1" 200 125545 "-" "facebookexternalhit/1.1 (+http://www.facebook.com/externalhit_uatext.php)" "-"
173.252.79.2 - - [18/Dec/2019:14:52:34 +0100] "GET / HTTP/1.1" 200 125560 "-" "facebookexternalhit/1.1 (+http://www.facebook.com/externalhit_uatext.php)" "-"
173.252.79.19 - - [18/Dec/2019:14:52:34 +0100] "GET / HTTP/1.1" 200 125570 "-" "facebookexternalhit/1.1 (+http://www.facebook.com/externalhit_uatext.php)" "-"
190.104.140.40 - - [18/Dec/2019:15:05:55 +0100] "GET /wp-content/uploads/2019/04/Gorra-sport-12.png HTTP/1.1" 200 95673 "https://www.google.com/" "Mozilla/5.0 (Windows NT 10.0; Win64; x64) AppleWebKit/537.36 (KHTML, like Gecko) Chrome/79.0.3945.79 Safari/537.36" "-"
217.76.130.90 - - [18/Dec/2019:15:09:32 +0100] "POST /wp-cron.php?doing_wp_cron=1576678171.9514040946960449218750 HTTP/1.1" 200 164 "http://amazingsportwear.com/wp-cron.php?doing_wp_cron=1576678171.9514040946960449218750" "WordPress/5.2.5; https://amazingsportwear.com" "-"
91.106.199.104 - - [18/Dec/2019:15:09:29 +0100] "GET /robots.txt HTTP/1.1" 200 394 "-" "Mozilla/5.0 (compatible; tracemyfile/1.0; +bot@tracemyfile.com)" "-"
91.106.199.104 - - [18/Dec/2019:15:09:33 +0100] "GET /wp-content/plugins/woocommerce/assets/css/select2.css HTTP/1.1" 200 15555 "-" "Mozilla/5.0 (compatible; tracemyfile/1.0)" "-"
217.76.130.90 - - [18/Dec/2019:15:32:41 +0100] "POST /wp-cron.php?doing_wp_cron=1576679561.0905640125274658203125 HTTP/1.1" 200 3389 "https://amazingsportwear.com/wp-cron.php?doing_wp_cron=1576679561.0905640125274658203125" "WordPress/5.2.5; https://amazingsportwear.com" "-"
66.249.66.70 - - [18/Dec/2019:15:32:38 +0100] "GET /product_cat-sitemap.xml HTTP/1.1" 200 13353 "-" "Mozilla/5.0 (compatible; Googlebot/2.1; +http://www.google.com/bot.html)" "-"
187.189.72.242 - - [18/Dec/2019:15:39:09 +0100] "GET /wp-content/uploads/2019/04/Gorra-sport-6.png HTTP/1.1" 200 44623 "https://www.google.com/" "Mozilla/5.0 (Windows NT 10.0; Win64; x64) AppleWebKit/537.36 (KHTML, like Gecko) Chrome/79.0.3945.79 Safari/537.36" "-"
157.55.39.168 - - [18/Dec/2019:16:03:58 +0100] "GET /wp-content/uploads/2019/04/Mochila-keisy-5.png HTTP/1.1" 200 83757 "-" "Mozilla/5.0 (compatible; bingbot/2.0; +http://www.bing.com/bingbot.htm)" "-"
168.194.73.2 - - [18/Dec/2019:16:10:04 +0100] "GET /wp-content/uploads/2019/04/gorra-krox-1.png HTTP/1.1" 200 109889 "https://www.google.com/" "Mozilla/5.0 (Windows NT 6.1; Win64; x64) AppleWebKit/537.36 (KHTML, like Gecko) Chrome/79.0.3945.79 Safari/537.36" "-"
168.194.73.2 - - [18/Dec/2019:16:10:11 +0100] "GET /wp-content/uploads/2019/04/gorra-tecnica-amarilla.png HTTP/1.1" 200 79971 "https://www.google.com/" "Mozilla/5.0 (Windows NT 6.1; Win64; x64) AppleWebKit/537.36 (KHTML, like Gecko) Chrome/79.0.3945.79 Safari/537.36" "-"
81.9.228.194 - - [18/Dec/2019:16:15:02 +0100] "GET /wp-content/uploads/2019/04/Gorra-sport-6.png HTTP/1.1" 200 44428 "https://www.google.com/" "Mozilla/5.0 (Windows NT 6.3; Win64; x64; rv:71.0) Gecko/20100101 Firefox/71.0" "-"
217.76.130.90 - - [18/Dec/2019:16:21:06 +0100] "POST /wp-cron.php?doing_wp_cron=1576682466.8309540748596191406250 HTTP/1.1" 200 164 "http://amazingsportwear.com/wp-cron.php?doing_wp_cron=1576682466.8309540748596191406250" "WordPress/5.2.5; https://amazingsportwear.com" "-"
103.87.29.120 - - [18/Dec/2019:16:21:03 +0100] "GET /wp-login.php HTTP/1.1" 302 336 "-" "Mozilla/5.0 (Windows NT 6.1; WOW64; rv:40.0) Gecko/20100101 Firefox/40.1" "-"
103.87.29.120 - - [18/Dec/2019:16:21:12 +0100] "GET /wp-login.php HTTP/1.1" 302 283 "-" "Mozilla/5.0 (Windows NT 6.1; WOW64; rv:40.0) Gecko/20100101 Firefox/40.1" "wpfront-notification-bar-landingpage=1"
103.87.29.120 - - [18/Dec/2019:16:21:19 +0100] "GET / HTTP/1.1" 301 283 "-" "Mozilla/5.0 (Windows NT 6.1; WOW64; rv:40.0) Gecko/20100101 Firefox/40.1" "wpfront-notification-bar-landingpage=1"
217.76.130.90 - - [18/Dec/2019:16:24:58 +0100] "POST /wp-cron.php?doing_wp_cron=1576682698.5898280143737792968750 HTTP/1.1" 200 3389 "https://amazingsportwear.com/wp-cron.php?doing_wp_cron=1576682698.5898280143737792968750" "WordPress/5.2.5; https://amazingsportwear.com" "-"
207.46.13.236 - - [18/Dec/2019:16:24:57 +0100] "GET /robots.txt HTTP/1.1" 200 2297 "-" "Mozilla/5.0 (compatible; bingbot/2.0; +http://www.bing.com/bingbot.htm)" "-"
217.76.130.90 - - [18/Dec/2019:16:25:03 +0100] "POST /wp-cron.php?doing_wp_cron=1576682703.8038640022277832031250 HTTP/1.1" 200 3389 "https://amazingsportwear.com/wp-cron.php?doing_wp_cron=1576682703.8038640022277832031250" "WordPress/5.2.5; https://amazingsportwear.com" "-"
207.46.13.236 - - [18/Dec/2019:16:25:03 +0100] "GET /robots.txt HTTP/1.1" 200 3939 "-" "Mozilla/5.0 (compatible; bingbot/2.0; +http://www.bing.com/bingbot.htm)" "-"
157.55.39.168 - - [18/Dec/2019:16:25:30 +0100] "GET /wp-content/uploads/2017/03/aq-cosmic-verde-527.jpg HTTP/1.1" 200 307149 "-" "Mozilla/5.0 (compatible; bingbot/2.0; +http://www.bing.com/bingbot.htm)" "-"
217.76.130.90 - - [18/Dec/2019:16:33:33 +0100] "POST /wp-cron.php?doing_wp_cron=1576683213.7210800647735595703125 HTTP/1.1" 200 3389 "https://amazingsportwear.com/wp-cron.php?doing_wp_cron=1576683213.7210800647735595703125" "WordPress/5.2.5; https://amazingsportwear.com" "-"
157.55.39.168 - - [18/Dec/2019:16:33:30 +0100] "GET /producto/cortavientos-angelo/ HTTP/1.1" 200 101586 "-" "Mozilla/5.0 (compatible; bingbot/2.0; +http://www.bing.com/bingbot.htm)" "-"
217.76.130.90 - - [18/Dec/2019:16:54:30 +0100] "POST /wp-cron.php?doing_wp_cron=1576684470.5623190402984619140625 HTTP/1.1" 200 164 "http://amazingsportwear.com/wp-cron.php?doing_wp_cron=1576684470.5623190402984619140625" "WordPress/5.2.5; https://amazingsportwear.com" "-"
159.224.255.154 - - [18/Dec/2019:16:54:27 +0100] "GET /__media__/js/netsoltrademark.php HTTP/1.1" 404 68076 "-" "Mozilla/5.0 (compatible; TOBBOT; +http://tobbot.com/)" "-"
217.76.130.90 - - [18/Dec/2019:17:24:26 +0100] "POST /wp-cron.php?doing_wp_cron=1576686266.9225809574127197265625 HTTP/1.1" 200 164 "http://amazingsportwear.com/wp-cron.php?doing_wp_cron=1576686266.9225809574127197265625" "WordPress/5.2.5; https://amazingsportwear.com" "-"
212.113.133.235 - - [18/Dec/2019:17:24:23 +0100] "GET /wp-admin/network/privacy.php HTTP/1.1" 302 402 "http://site.ru" "Mozilla/5.0 (Windows; U; Windows NT 5.1; en-US) AppleWebKit/533.4 (KHTML, like Gecko) Chrome/5.0.375.99 Safari/533.4" "-"
212.113.133.235 - - [18/Dec/2019:17:24:28 +0100] "GET /wp-admin/network/privacy.php HTTP/1.1" 302 3707 "http://site.ru" "Mozilla/5.0 (Windows; U; Windows NT 5.1; en-US) AppleWebKit/533.4 (KHTML, like Gecko) Chrome/5.0.375.99 Safari/533.4" "-"
212.113.133.235 - - [18/Dec/2019:17:24:28 +0100] "GET /wp-login.php?redirect_to=https%3A%2F%2Famazingsportwear.com%2Fwp-admin%2Fnetwork%2Fprivacy.php&reauth=1 HTTP/1.1" 200 6715 "http://site.ru" "Mozilla/5.0 (Windows; U; Windows NT 5.1; en-US) AppleWebKit/533.4 (KHTML, like Gecko) Chrome/5.0.375.99 Safari/533.4" "-"
200.62.171.226 - - [18/Dec/2019:18:08:22 +0100] "GET /wp-content/uploads/2017/03/CAT-5247-04.jpg HTTP/1.1" 200 33434 "https://www.google.com/" "Mozilla/5.0 (Windows NT 10.0; Win64; x64) AppleWebKit/537.36 (KHTML, like Gecko) Chrome/79.0.3945.79 Safari/537.36" "-"
217.76.130.90 - - [18/Dec/2019:18:10:47 +0100] "POST /wp-cron.php?doing_wp_cron=1576689046.9672300815582275390625 HTTP/1.1" 200 164 "http://amazingsportwear.com/wp-cron.php?doing_wp_cron=1576689046.9672300815582275390625" "WordPress/5.2.5; https://amazingsportwear.com" "-"
212.48.94.202 - - [18/Dec/2019:18:10:42 +0100] "GET /wp-admin/network/index.php HTTP/1.1" 302 400 "http://site.ru" "Mozilla/5.0 (Windows; U; Windows NT 5.1; en-US) AppleWebKit/533.4 (KHTML, like Gecko) Chrome/5.0.375.99 Safari/533.4" "-"
212.48.94.202 - - [18/Dec/2019:18:10:47 +0100] "GET /wp-admin/network/index.php HTTP/1.1" 302 400 "http://site.ru" "Mozilla/5.0 (Windows; U; Windows NT 5.1; en-US) AppleWebKit/533.4 (KHTML, like Gecko) Chrome/5.0.375.99 Safari/533.4" "-"
212.48.94.202 - - [18/Dec/2019:18:10:47 +0100] "GET /wp-admin/network/index.php HTTP/1.1" 302 3700 "http://site.ru" "Mozilla/5.0 (Windows; U; Windows NT 5.1; en-US) AppleWebKit/533.4 (KHTML, like Gecko) Chrome/5.0.375.99 Safari/533.4" "-"
212.48.94.202 - - [18/Dec/2019:18:10:48 +0100] "GET /wp-admin/network/index.php HTTP/1.1" 302 3700 "http://site.ru" "Mozilla/5.0 (Windows; U; Windows NT 5.1; en-US) AppleWebKit/533.4 (KHTML, like Gecko) Chrome/5.0.375.99 Safari/533.4" "-"
212.48.94.202 - - [18/Dec/2019:18:10:48 +0100] "GET /wp-login.php?redirect_to=https%3A%2F%2Famazingsportwear.com%2Fwp-admin%2Fnetwork%2Findex.php&reauth=1 HTTP/1.1" 200 6713 "http://site.ru" "Mozilla/5.0 (Windows; U; Windows NT 5.1; en-US) AppleWebKit/533.4 (KHTML, like Gecko) Chrome/5.0.375.99 Safari/533.4" "-"
212.48.94.202 - - [18/Dec/2019:18:10:49 +0100] "GET /wp-login.php?redirect_to=https%3A%2F%2Famazingsportwear.com%2Fwp-admin%2Fnetwork%2Findex.php&reauth=1 HTTP/1.1" 200 6713 "http://site.ru" "Mozilla/5.0 (Windows; U; Windows NT 5.1; en-US) AppleWebKit/533.4 (KHTML, like Gecko) Chrome/5.0.375.99 Safari/533.4" "-"
217.76.130.90 - - [18/Dec/2019:18:11:25 +0100] "POST /wp-cron.php?doing_wp_cron=1576689085.8121399879455566406250 HTTP/1.1" 200 3389 "https://amazingsportwear.com/wp-cron.php?doing_wp_cron=1576689085.8121399879455566406250" "WordPress/5.2.5; https://amazingsportwear.com" "-"
157.55.39.168 - - [18/Dec/2019:18:11:24 +0100] "GET /pago-seguro/ HTTP/1.1" 200 60998 "-" "Mozilla/5.0 (compatible; bingbot/2.0; +http://www.bing.com/bingbot.htm)" "-"
187.167.66.31 - - [18/Dec/2019:18:15:12 +0100] "GET /wp-content/uploads/2019/04/Gorra-sport-10.png HTTP/1.1" 200 60426 "https://www.google.com/" "Mozilla/5.0 (Windows NT 6.1; Win64; x64) AppleWebKit/537.36 (KHTML, like Gecko) Chrome/79.0.3945.79 Safari/537.36" "-"
189.190.76.87 - - [18/Dec/2019:18:16:08 +0100] "GET /wp-content/uploads/2019/04/gorra-konlun-5.png HTTP/1.1" 200 82923 "https://www.google.com/" "Mozilla/5.0 (Windows NT 10.0; Win64; x64) AppleWebKit/537.36 (KHTML, like Gecko) Chrome/79.0.3945.79 Safari/537.36" "-"
217.76.130.90 - - [18/Dec/2019:18:25:13 +0100] "POST /wp-cron.php?doing_wp_cron=1576689913.8741979598999023437500 HTTP/1.1" 200 3389 "https://amazingsportwear.com/wp-cron.php?doing_wp_cron=1576689913.8741979598999023437500" "WordPress/5.2.5; https://amazingsportwear.com" "-"
17.58.100.225 - - [18/Dec/2019:18:25:10 +0100] "GET /robots.txt HTTP/1.1" 200 3687 "-" "Mozilla/5.0 (Macintosh; Intel Mac OS X 10_10_1) AppleWebKit/600.2.5 (KHTML, like Gecko) Version/8.0.2 Safari/600.2.5 (Applebot/0.1; +http://www.apple.com/go/applebot)" "-"
17.58.96.177 - - [18/Dec/2019:18:25:14 +0100] "GET /categoria-producto/hombre/cortavientos/ HTTP/1.1" 200 57084 "-" "Mozilla/5.0 (Macintosh; Intel Mac OS X 10_10_1) AppleWebKit/600.2.5 (KHTML, like Gecko) Version/8.0.2 Safari/600.2.5 (Applebot/0.1; +http://www.apple.com/go/applebot)" "-"
187.172.200.126 - - [18/Dec/2019:18:27:10 +0100] "GET /wp-content/uploads/2019/04/Gorra-sport-10.png HTTP/1.1" 200 60426 "https://www.google.com/" "Mozilla/5.0 (Windows NT 10.0; Win64; x64) AppleWebKit/537.36 (KHTML, like Gecko) Chrome/79.0.3945.88 Safari/537.36" "-"
217.76.130.90 - - [18/Dec/2019:18:29:13 +0100] "POST /wp-cron.php?doing_wp_cron=1576690152.9945120811462402343750 HTTP/1.1" 200 3389 "https://amazingsportwear.com/wp-cron.php?doing_wp_cron=1576690152.9945120811462402343750" "WordPress/5.2.5; https://amazingsportwear.com" "-"
138.186.251.35 - - [18/Dec/2019:18:29:11 +0100] "GET /producto/gorra-sport/ HTTP/1.1" 200 102232 "https://www.google.com/" "Mozilla/5.0 (Linux; Android 8.1.0; LM-X210(G)) AppleWebKit/537.36 (KHTML, like Gecko) Chrome/79.0.3945.79 Mobile Safari/537.36" "-"
138.186.251.35 - - [18/Dec/2019:18:29:14 +0100] "GET /wp-includes/css/dist/block-library/style.min.css?ver=5.2.5 HTTP/1.1" 200 29660 "https://amazingsportwear.com/producto/gorra-sport/" "Mozilla/5.0 (Linux; Android 8.1.0; LM-X210(G)) AppleWebKit/537.36 (KHTML, like Gecko) Chrome/79.0.3945.79 Mobile Safari/537.36" "-"
138.186.251.35 - - [18/Dec/2019:18:29:14 +0100] "GET /wp-content/plugins/woocommerce/assets/css/blocks/style.css?ver=3.6.4 HTTP/1.1" 200 6835 "https://amazingsportwear.com/producto/gorra-sport/" "Mozilla/5.0 (Linux; Android 8.1.0; LM-X210(G)) AppleWebKit/537.36 (KHTML, like Gecko) Chrome/79.0.3945.79 Mobile Safari/537.36" "-"
138.186.251.35 - - [18/Dec/2019:18:29:14 +0100] "GET /wp-content/plugins/cookie-law-info/public/css/cookie-law-info-gdpr.css?ver=1.7.6 HTTP/1.1" 200 12583 "https://amazingsportwear.com/producto/gorra-sport/" "Mozilla/5.0 (Linux; Android 8.1.0; LM-X210(G)) AppleWebKit/537.36 (KHTML, like Gecko) Chrome/79.0.3945.79 Mobile Safari/537.36" "-"
138.186.251.35 - - [18/Dec/2019:18:29:14 +0100] "GET /wp-content/plugins/cookie-law-info/public/css/cookie-law-info-public.css?ver=1.7.6 HTTP/1.1" 200 3373 "https://amazingsportwear.com/producto/gorra-sport/" "Mozilla/5.0 (Linux; Android 8.1.0; LM-X210(G)) AppleWebKit/537.36 (KHTML, like Gecko) Chrome/79.0.3945.79 Mobile Safari/537.36" "-"
138.186.251.35 - - [18/Dec/2019:18:29:15 +0100] "GET /wp-content/plugins/woocommerce/assets/css/photoswipe/photoswipe.css?ver=3.6.4 HTTP/1.1" 200 4610 "https://amazingsportwear.com/producto/gorra-sport/" "Mozilla/5.0 (Linux; Android 8.1.0; LM-X210(G)) AppleWebKit/537.36 (KHTML, like Gecko) Chrome/79.0.3945.79 Mobile Safari/537.36" "-"
138.186.251.35 - - [18/Dec/2019:18:29:15 +0100] "GET /wp-content/plugins/woocommerce/assets/css/photoswipe/default-skin/default-skin.css?ver=3.6.4 HTTP/1.1" 200 12081 "https://amazingsportwear.com/producto/gorra-sport/" "Mozilla/5.0 (Linux; Android 8.1.0; LM-X210(G)) AppleWebKit/537.36 (KHTML, like Gecko) Chrome/79.0.3945.79 Mobile Safari/537.36" "-"
138.186.251.35 - - [18/Dec/2019:18:29:15 +0100] "GET /wp-content/plugins/wpfront-notification-bar/css/wpfront-notification-bar.css?ver=1.7.1 HTTP/1.1" 200 3663 "https://amazingsportwear.com/producto/gorra-sport/" "Mozilla/5.0 (Linux; Android 8.1.0; LM-X210(G)) AppleWebKit/537.36 (KHTML, like Gecko) Chrome/79.0.3945.79 Mobile Safari/537.36" "-"
138.186.251.35 - - [18/Dec/2019:18:29:15 +0100] "GET /wp-content/plugins/simple-social-icons/css/style.css?ver=3.0.1 HTTP/1.1" 200 1562 "https://amazingsportwear.com/producto/gorra-sport/" "Mozilla/5.0 (Linux; Android 8.1.0; LM-X210(G)) AppleWebKit/537.36 (KHTML, like Gecko) Chrome/79.0.3945.79 Mobile Safari/537.36" "-"
138.186.251.35 - - [18/Dec/2019:18:29:15 +0100] "GET /wp-content/themes/shopper/assets/sass/woocommerce/woocommerce.css?ver=5.2.5 HTTP/1.1" 200 83534 "https://amazingsportwear.com/producto/gorra-sport/" "Mozilla/5.0 (Linux; Android 8.1.0; LM-X210(G)) AppleWebKit/537.36 (KHTML, like Gecko) Chrome/79.0.3945.79 Mobile Safari/537.36" "-"
138.186.251.35 - - [18/Dec/2019:18:29:15 +0100] "GET /wp-content/plugins/product-enquiry-for-woocommerce/css/wdm-jquery-ui.css?ver=5.2.5 HTTP/1.1" 200 27001 "https://amazingsportwear.com/producto/gorra-sport/" "Mozilla/5.0 (Linux; Android 8.1.0; LM-X210(G)) AppleWebKit/537.36 (KHTML, like Gecko) Chrome/79.0.3945.79 Mobile Safari/537.36" "-"
138.186.251.35 - - [18/Dec/2019:18:29:15 +0100] "GET /wp-includes/js/jquery/jquery-migrate.min.js?ver=1.4.1 HTTP/1.1" 200 10399 "https://amazingsportwear.com/producto/gorra-sport/" "Mozilla/5.0 (Linux; Android 8.1.0; LM-X210(G)) AppleWebKit/537.36 (KHTML, like Gecko) Chrome/79.0.3945.79 Mobile Safari/537.36" "-"
138.186.251.35 - - [18/Dec/2019:18:29:15 +0100] "GET /wp-includes/js/jquery/jquery.js?ver=1.12.4-wp HTTP/1.1" 200 97362 "https://amazingsportwear.com/producto/gorra-sport/" "Mozilla/5.0 (Linux; Android 8.1.0; LM-X210(G)) AppleWebKit/537.36 (KHTML, like Gecko) Chrome/79.0.3945.79 Mobile Safari/537.36" "-"
138.186.251.35 - - [18/Dec/2019:18:29:15 +0100] "GET /wp-content/plugins/cookie-law-info/public/js/cookie-law-info-public.js?ver=1.7.6 HTTP/1.1" 200 17076 "https://amazingsportwear.com/producto/gorra-sport/" "Mozilla/5.0 (Linux; Android 8.1.0; LM-X210(G)) AppleWebKit/537.36 (KHTML, like Gecko) Chrome/79.0.3945.79 Mobile Safari/537.36" "-"
138.186.251.35 - - [18/Dec/2019:18:29:15 +0100] "GET /wp-content/plugins/wpfront-notification-bar/jquery-plugins/jquery.c.js?ver=1.4.0 HTTP/1.1" 200 3437 "https://amazingsportwear.com/producto/gorra-sport/" "Mozilla/5.0 (Linux; Android 8.1.0; LM-X210(G)) AppleWebKit/537.36 (KHTML, like Gecko) Chrome/79.0.3945.79 Mobile Safari/537.36" "-"
138.186.251.35 - - [18/Dec/2019:18:29:15 +0100] "GET /wp-content/themes/shopper/style.css?ver=1.3.8 HTTP/1.1" 200 125315 "https://amazingsportwear.com/producto/gorra-sport/" "Mozilla/5.0 (Linux; Android 8.1.0; LM-X210(G)) AppleWebKit/537.36 (KHTML, like Gecko) Chrome/79.0.3945.79 Mobile Safari/537.36" "-"
138.186.251.35 - - [18/Dec/2019:18:29:15 +0100] "GET /wp-content/plugins/wpfront-notification-bar/js/wpfront-notification-bar.js?ver=1.7.1 HTTP/1.1" 200 5662 "https://amazingsportwear.com/producto/gorra-sport/" "Mozilla/5.0 (Linux; Android 8.1.0; LM-X210(G)) AppleWebKit/537.36 (KHTML, like Gecko) Chrome/79.0.3945.79 Mobile Safari/537.36" "-"
138.186.251.35 - - [18/Dec/2019:18:29:16 +0100] "GET /wp-content/plugins/simple-social-icons/svgxuse.js?ver=1.1.21 HTTP/1.1" 200 9580 "https://amazingsportwear.com/producto/gorra-sport/" "Mozilla/5.0 (Linux; Android 8.1.0; LM-X210(G)) AppleWebKit/537.36 (KHTML, like Gecko) Chrome/79.0.3945.79 Mobile Safari/537.36" "-"
138.186.251.35 - - [18/Dec/2019:18:29:16 +0100] "GET /wp-includes/js/jquery/jquery.js HTTP/1.1" 200 97362 "https://amazingsportwear.com/producto/gorra-sport/" "Mozilla/5.0 (Linux; Android 8.1.0; LM-X210(G)) AppleWebKit/537.36 (KHTML, like Gecko) Chrome/79.0.3945.79 Mobile Safari/537.36" "-"
138.186.251.35 - - [18/Dec/2019:18:29:16 +0100] "GET /wp-content/themes/shopper/assets/js/crm.js?ver=1561548510 HTTP/1.1" 200 874 "https://amazingsportwear.com/producto/gorra-sport/" "Mozilla/5.0 (Linux; Android 8.1.0; LM-X210(G)) AppleWebKit/537.36 (KHTML, like Gecko) Chrome/79.0.3945.79 Mobile Safari/537.36" "-"
138.186.251.35 - - [18/Dec/2019:18:29:16 +0100] "GET /wp-content/plugins/woocommerce/assets/js/jquery-blockui/jquery.blockUI.min.js?ver=2.70 HTTP/1.1" 200 9908 "https://amazingsportwear.com/producto/gorra-sport/" "Mozilla/5.0 (Linux; Android 8.1.0; LM-X210(G)) AppleWebKit/537.36 (KHTML, like Gecko) Chrome/79.0.3945.79 Mobile Safari/537.36" "-"
138.186.251.35 - - [18/Dec/2019:18:29:16 +0100] "GET /wp-content/plugins/woocommerce/assets/js/frontend/add-to-cart.min.js?ver=3.6.4 HTTP/1.1" 200 2983 "https://amazingsportwear.com/producto/gorra-sport/" "Mozilla/5.0 (Linux; Android 8.1.0; LM-X210(G)) AppleWebKit/537.36 (KHTML, like Gecko) Chrome/79.0.3945.79 Mobile Safari/537.36" "-"
138.186.251.35 - - [18/Dec/2019:18:29:16 +0100] "GET /wp-content/plugins/woocommerce/assets/js/zoom/jquery.zoom.min.js?ver=1.7.21 HTTP/1.1" 200 2957 "https://amazingsportwear.com/producto/gorra-sport/" "Mozilla/5.0 (Linux; Android 8.1.0; LM-X210(G)) AppleWebKit/537.36 (KHTML, like Gecko) Chrome/79.0.3945.79 Mobile Safari/537.36" "-"
138.186.251.35 - - [18/Dec/2019:18:29:16 +0100] "GET /wp-content/plugins/woocommerce/assets/js/flexslider/jquery.flexslider.min.js?ver=2.7.2 HTTP/1.1" 200 23232 "https://amazingsportwear.com/producto/gorra-sport/" "Mozilla/5.0 (Linux; Android 8.1.0; LM-X210(G)) AppleWebKit/537.36 (KHTML, like Gecko) Chrome/79.0.3945.79 Mobile Safari/537.36" "-"
138.186.251.35 - - [18/Dec/2019:18:29:16 +0100] "GET /wp-content/plugins/woocommerce/assets/js/photoswipe/photoswipe.min.js?ver=4.1.1 HTTP/1.1" 200 32276 "https://amazingsportwear.com/producto/gorra-sport/" "Mozilla/5.0 (Linux; Android 8.1.0; LM-X210(G)) AppleWebKit/537.36 (KHTML, like Gecko) Chrome/79.0.3945.79 Mobile Safari/537.36" "-"
138.186.251.35 - - [18/Dec/2019:18:29:16 +0100] "GET /wp-content/plugins/woocommerce/assets/js/photoswipe/photoswipe-ui-default.min.js?ver=4.1.1 HTTP/1.1" 200 10220 "https://amazingsportwear.com/producto/gorra-sport/" "Mozilla/5.0 (Linux; Android 8.1.0; LM-X210(G)) AppleWebKit/537.36 (KHTML, like Gecko) Chrome/79.0.3945.79 Mobile Safari/537.36" "-"
138.186.251.35 - - [18/Dec/2019:18:29:16 +0100] "GET /wp-content/plugins/woocommerce/assets/js/frontend/single-product.min.js?ver=3.6.4 HTTP/1.1" 200 6693 "https://amazingsportwear.com/producto/gorra-sport/" "Mozilla/5.0 (Linux; Android 8.1.0; LM-X210(G)) AppleWebKit/537.36 (KHTML, like Gecko) Chrome/79.0.3945.79 Mobile Safari/537.36" "-"
138.186.251.35 - - [18/Dec/2019:18:29:16 +0100] "GET /wp-content/plugins/woocommerce/assets/js/js-cookie/js.cookie.min.js?ver=2.1.4 HTTP/1.1" 200 2187 "https://amazingsportwear.com/producto/gorra-sport/" "Mozilla/5.0 (Linux; Android 8.1.0; LM-X210(G)) AppleWebKit/537.36 (KHTML, like Gecko) Chrome/79.0.3945.79 Mobile Safari/537.36" "-"
138.186.251.35 - - [18/Dec/2019:18:29:16 +0100] "GET /wp-content/plugins/woocommerce/assets/js/frontend/woocommerce.min.js?ver=3.6.4 HTTP/1.1" 200 1813 "https://amazingsportwear.com/producto/gorra-sport/" "Mozilla/5.0 (Linux; Android 8.1.0; LM-X210(G)) AppleWebKit/537.36 (KHTML, like Gecko) Chrome/79.0.3945.79 Mobile Safari/537.36" "-"
138.186.251.35 - - [18/Dec/2019:18:29:16 +0100] "GET /wp-content/plugins/woocommerce/assets/js/frontend/cart-fragments.min.js?ver=3.6.4 HTTP/1.1" 200 3281 "https://amazingsportwear.com/producto/gorra-sport/" "Mozilla/5.0 (Linux; Android 8.1.0; LM-X210(G)) AppleWebKit/537.36 (KHTML, like Gecko) Chrome/79.0.3945.79 Mobile Safari/537.36" "-"
138.186.251.35 - - [18/Dec/2019:18:29:16 +0100] "GET /wp-content/themes/shopper/assets/js/skip-link-focus-fix.js?ver=1.3.8 HTTP/1.1" 200 1023 "https://amazingsportwear.com/producto/gorra-sport/" "Mozilla/5.0 (Linux; Android 8.1.0; LM-X210(G)) AppleWebKit/537.36 (KHTML, like Gecko) Chrome/79.0.3945.79 Mobile Safari/537.36" "-"
138.186.251.35 - - [18/Dec/2019:18:29:16 +0100] "GET /wp-content/themes/shopper/assets/js/shopper.min.js?ver=1.3.8 HTTP/1.1" 200 5994 "https://amazingsportwear.com/producto/gorra-sport/" "Mozilla/5.0 (Linux; Android 8.1.0; LM-X210(G)) AppleWebKit/537.36 (KHTML, like Gecko) Chrome/79.0.3945.79 Mobile Safari/537.36" "-"
138.186.251.35 - - [18/Dec/2019:18:29:16 +0100] "GET /wp-includes/js/comment-reply.min.js?ver=5.2.5 HTTP/1.1" 200 2575 "https://amazingsportwear.com/producto/gorra-sport/" "Mozilla/5.0 (Linux; Android 8.1.0; LM-X210(G)) AppleWebKit/537.36 (KHTML, like Gecko) Chrome/79.0.3945.79 Mobile Safari/537.36" "-"
138.186.251.35 - - [18/Dec/2019:18:29:16 +0100] "GET /wp-content/themes/shopper/assets/js/woocommerce/header-cart.min.js?ver=1.3.8 HTTP/1.1" 200 972 "https://amazingsportwear.com/producto/gorra-sport/" "Mozilla/5.0 (Linux; Android 8.1.0; LM-X210(G)) AppleWebKit/537.36 (KHTML, like Gecko) Chrome/79.0.3945.79 Mobile Safari/537.36" "-"
138.186.251.35 - - [18/Dec/2019:18:29:16 +0100] "GET /wp-includes/js/wp-embed.min.js?ver=5.2.5 HTTP/1.1" 200 1744 "https://amazingsportwear.com/producto/gorra-sport/" "Mozilla/5.0 (Linux; Android 8.1.0; LM-X210(G)) AppleWebKit/537.36 (KHTML, like Gecko) Chrome/79.0.3945.79 Mobile Safari/537.36" "-"
138.186.251.35 - - [18/Dec/2019:18:29:16 +0100] "GET /wp-includes/js/underscore.min.js?ver=1.8.3 HTTP/1.1" 200 16527 "https://amazingsportwear.com/producto/gorra-sport/" "Mozilla/5.0 (Linux; Android 8.1.0; LM-X210(G)) AppleWebKit/537.36 (KHTML, like Gecko) Chrome/79.0.3945.79 Mobile Safari/537.36" "-"
138.186.251.35 - - [18/Dec/2019:18:29:16 +0100] "GET /wp-content/plugins/woocommerce/assets/js/frontend/add-to-cart-variation.min.js?ver=3.6.4 HTTP/1.1" 200 13625 "https://amazingsportwear.com/producto/gorra-sport/" "Mozilla/5.0 (Linux; Android 8.1.0; LM-X210(G)) AppleWebKit/537.36 (KHTML, like Gecko) Chrome/79.0.3945.79 Mobile Safari/537.36" "-"
138.186.251.35 - - [18/Dec/2019:18:29:16 +0100] "GET /wp-includes/js/wp-util.min.js?ver=5.2.5 HTTP/1.1" 200 1387 "https://amazingsportwear.com/producto/gorra-sport/" "Mozilla/5.0 (Linux; Android 8.1.0; LM-X210(G)) AppleWebKit/537.36 (KHTML, like Gecko) Chrome/79.0.3945.79 Mobile Safari/537.36" "-"
138.186.251.35 - - [18/Dec/2019:18:29:16 +0100] "GET /wp-includes/js/jquery/ui/core.min.js?ver=1.11.4 HTTP/1.1" 200 4341 "https://amazingsportwear.com/producto/gorra-sport/" "Mozilla/5.0 (Linux; Android 8.1.0; LM-X210(G)) AppleWebKit/537.36 (KHTML, like Gecko) Chrome/79.0.3945.79 Mobile Safari/537.36" "-"
138.186.251.35 - - [18/Dec/2019:18:29:16 +0100] "GET /wp-includes/js/jquery/ui/widget.min.js?ver=1.11.4 HTTP/1.1" 200 7250 "https://amazingsportwear.com/producto/gorra-sport/" "Mozilla/5.0 (Linux; Android 8.1.0; LM-X210(G)) AppleWebKit/537.36 (KHTML, like Gecko) Chrome/79.0.3945.79 Mobile Safari/537.36" "-"
138.186.251.35 - - [18/Dec/2019:18:29:16 +0100] "GET /wp-includes/js/jquery/ui/mouse.min.js?ver=1.11.4 HTTP/1.1" 200 3489 "https://amazingsportwear.com/producto/gorra-sport/" "Mozilla/5.0 (Linux; Android 8.1.0; LM-X210(G)) AppleWebKit/537.36 (KHTML, like Gecko) Chrome/79.0.3945.79 Mobile Safari/537.36" "-"
138.186.251.35 - - [18/Dec/2019:18:29:17 +0100] "GET /wp-includes/js/jquery/ui/resizable.min.js?ver=1.11.4 HTTP/1.1" 200 18798 "https://amazingsportwear.com/producto/gorra-sport/" "Mozilla/5.0 (Linux; Android 8.1.0; LM-X210(G)) AppleWebKit/537.36 (KHTML, like Gecko) Chrome/79.0.3945.79 Mobile Safari/537.36" "-"
138.186.251.35 - - [18/Dec/2019:18:29:17 +0100] "GET /wp-includes/js/jquery/ui/draggable.min.js?ver=1.11.4 HTTP/1.1" 200 19277 "https://amazingsportwear.com/producto/gorra-sport/" "Mozilla/5.0 (Linux; Android 8.1.0; LM-X210(G)) AppleWebKit/537.36 (KHTML, like Gecko) Chrome/79.0.3945.79 Mobile Safari/537.36" "-"
138.186.251.35 - - [18/Dec/2019:18:29:17 +0100] "GET /wp-includes/js/jquery/ui/position.min.js?ver=1.11.4 HTTP/1.1" 200 6869 "https://amazingsportwear.com/producto/gorra-sport/" "Mozilla/5.0 (Linux; Android 8.1.0; LM-X210(G)) AppleWebKit/537.36 (KHTML, like Gecko) Chrome/79.0.3945.79 Mobile Safari/537.36" "-"
138.186.251.35 - - [18/Dec/2019:18:29:17 +0100] "GET /wp-includes/js/jquery/ui/dialog.min.js?ver=1.11.4 HTTP/1.1" 200 12482 "https://amazingsportwear.com/producto/gorra-sport/" "Mozilla/5.0 (Linux; Android 8.1.0; LM-X210(G)) AppleWebKit/537.36 (KHTML, like Gecko) Chrome/79.0.3945.79 Mobile Safari/537.36" "-"
138.186.251.35 - - [18/Dec/2019:18:29:17 +0100] "GET /wp-includes/js/jquery/ui/button.min.js?ver=1.11.4 HTTP/1.1" 200 7578 "https://amazingsportwear.com/producto/gorra-sport/" "Mozilla/5.0 (Linux; Android 8.1.0; LM-X210(G)) AppleWebKit/537.36 (KHTML, like Gecko) Chrome/79.0.3945.79 Mobile Safari/537.36" "-"
138.186.251.35 - - [18/Dec/2019:18:29:17 +0100] "GET /wp-content/plugins/product-enquiry-for-woocommerce/js/wdm_jquery.validate.min.js?ver=5.2.5 HTTP/1.1" 200 21818 "https://amazingsportwear.com/producto/gorra-sport/" "Mozilla/5.0 (Linux; Android 8.1.0; LM-X210(G)) AppleWebKit/537.36 (KHTML, like Gecko) Chrome/79.0.3945.79 Mobile Safari/537.36" "-"
138.186.251.35 - - [18/Dec/2019:18:29:17 +0100] "GET /wp-content/plugins/product-enquiry-for-woocommerce/js/contact.js?ver=5.2.5 HTTP/1.1" 200 4681 "https://amazingsportwear.com/producto/gorra-sport/" "Mozilla/5.0 (Linux; Android 8.1.0; LM-X210(G)) AppleWebKit/537.36 (KHTML, like Gecko) Chrome/79.0.3945.79 Mobile Safari/537.36" "-"
138.186.251.35 - - [18/Dec/2019:18:29:17 +0100] "GET /wp-content/uploads/2019/05/cropped-asw-white.png HTTP/1.1" 200 7500 "https://amazingsportwear.com/producto/gorra-sport/" "Mozilla/5.0 (Linux; Android 8.1.0; LM-X210(G)) AppleWebKit/537.36 (KHTML, like Gecko) Chrome/79.0.3945.79 Mobile Safari/537.36" "-"
138.186.251.35 - - [18/Dec/2019:18:29:17 +0100] "GET /wp-content/uploads/2019/04/Gorra-sport-12.png HTTP/1.1" 200 92310 "https://amazingsportwear.com/producto/gorra-sport/" "Mozilla/5.0 (Linux; Android 8.1.0; LM-X210(G)) AppleWebKit/537.36 (KHTML, like Gecko) Chrome/79.0.3945.79 Mobile Safari/537.36" "-"
138.186.251.35 - - [18/Dec/2019:18:29:17 +0100] "GET /wp-content/uploads/2019/04/Gorra-sport-11.png HTTP/1.1" 200 127753 "https://amazingsportwear.com/producto/gorra-sport/" "Mozilla/5.0 (Linux; Android 8.1.0; LM-X210(G)) AppleWebKit/537.36 (KHTML, like Gecko) Chrome/79.0.3945.79 Mobile Safari/537.36" "-"
138.186.251.35 - - [18/Dec/2019:18:29:17 +0100] "GET /wp-includes/js/wp-emoji-release.min.js?ver=5.2.5 HTTP/1.1" 200 14183 "https://amazingsportwear.com/producto/gorra-sport/" "Mozilla/5.0 (Linux; Android 8.1.0; LM-X210(G)) AppleWebKit/537.36 (KHTML, like Gecko) Chrome/79.0.3945.79 Mobile Safari/537.36" "-"
138.186.251.35 - - [18/Dec/2019:18:29:17 +0100] "GET /wp-content/plugins/akismet/_inc/form.js?ver=4.1.2 HTTP/1.1" 200 1040 "https://amazingsportwear.com/producto/gorra-sport/" "Mozilla/5.0 (Linux; Android 8.1.0; LM-X210(G)) AppleWebKit/537.36 (KHTML, like Gecko) Chrome/79.0.3945.79 Mobile Safari/537.36" "-"
138.186.251.35 - - [18/Dec/2019:18:29:17 +0100] "GET /wp-content/plugins/simple-social-icons/symbol-defs.svg HTTP/1.1" 200 19699 "https://amazingsportwear.com/producto/gorra-sport/" "Mozilla/5.0 (Linux; Android 8.1.0; LM-X210(G)) AppleWebKit/537.36 (KHTML, like Gecko) Chrome/79.0.3945.79 Mobile Safari/537.36" "-"
138.186.251.35 - - [18/Dec/2019:18:29:17 +0100] "GET /wp-content/uploads/2019/04/Gorra-sport-10.png HTTP/1.1" 200 57063 "https://amazingsportwear.com/producto/gorra-sport/" "Mozilla/5.0 (Linux; Android 8.1.0; LM-X210(G)) AppleWebKit/537.36 (KHTML, like Gecko) Chrome/79.0.3945.79 Mobile Safari/537.36" "-"
138.186.251.35 - - [18/Dec/2019:18:29:17 +0100] "GET /wp-content/uploads/2019/04/Gorra-sport-8.png HTTP/1.1" 200 85579 "https://amazingsportwear.com/producto/gorra-sport/" "Mozilla/5.0 (Linux; Android 8.1.0; LM-X210(G)) AppleWebKit/537.36 (KHTML, like Gecko) Chrome/79.0.3945.79 Mobile Safari/537.36" "-"
138.186.251.35 - - [18/Dec/2019:18:29:17 +0100] "GET /wp-content/uploads/2019/04/Gorra-sport-9.png HTTP/1.1" 200 109366 "https://amazingsportwear.com/producto/gorra-sport/" "Mozilla/5.0 (Linux; Android 8.1.0; LM-X210(G)) AppleWebKit/537.36 (KHTML, like Gecko) Chrome/79.0.3945.79 Mobile Safari/537.36" "-"
138.186.251.35 - - [18/Dec/2019:18:29:17 +0100] "GET /wp-content/uploads/2019/04/Gorra-sport-7.png HTTP/1.1" 200 96549 "https://amazingsportwear.com/producto/gorra-sport/" "Mozilla/5.0 (Linux; Android 8.1.0; LM-X210(G)) AppleWebKit/537.36 (KHTML, like Gecko) Chrome/79.0.3945.79 Mobile Safari/537.36" "-"
138.186.251.35 - - [18/Dec/2019:18:29:18 +0100] "GET /wp-content/uploads/2019/04/Gorra-sport-6.png HTTP/1.1" 200 41260 "https://amazingsportwear.com/producto/gorra-sport/" "Mozilla/5.0 (Linux; Android 8.1.0; LM-X210(G)) AppleWebKit/537.36 (KHTML, like Gecko) Chrome/79.0.3945.79 Mobile Safari/537.36" "-"
138.186.251.35 - - [18/Dec/2019:18:29:18 +0100] "GET /wp-content/uploads/2019/04/Gorra-sport-6-100x100.png HTTP/1.1" 200 2993 "https://amazingsportwear.com/producto/gorra-sport/" "Mozilla/5.0 (Linux; Android 8.1.0; LM-X210(G)) AppleWebKit/537.36 (KHTML, like Gecko) Chrome/79.0.3945.79 Mobile Safari/537.36" "-"
138.186.251.35 - - [18/Dec/2019:18:29:18 +0100] "GET /wp-content/uploads/2019/04/Gorra-sport-12-100x100.png HTTP/1.1" 200 7269 "https://amazingsportwear.com/producto/gorra-sport/" "Mozilla/5.0 (Linux; Android 8.1.0; LM-X210(G)) AppleWebKit/537.36 (KHTML, like Gecko) Chrome/79.0.3945.79 Mobile Safari/537.36" "-"
138.186.251.35 - - [18/Dec/2019:18:29:18 +0100] "POST /?wc-ajax=get_refreshed_fragments HTTP/1.1" 200 1397 "https://amazingsportwear.com/producto/gorra-sport/" "Mozilla/5.0 (Linux; Android 8.1.0; LM-X210(G)) AppleWebKit/537.36 (KHTML, like Gecko) Chrome/79.0.3945.79 Mobile Safari/537.36" "-"
217.76.130.90 - - [18/Dec/2019:18:33:19 +0100] "POST /wp-cron.php?doing_wp_cron=1576690399.3778519630432128906250 HTTP/1.1" 200 3389 "https://amazingsportwear.com/wp-cron.php?doing_wp_cron=1576690399.3778519630432128906250" "WordPress/5.2.5; https://amazingsportwear.com" "-"
40.77.167.54 - - [18/Dec/2019:18:33:18 +0100] "GET /producto/camiseta-tecnica-manga-corta-dream-eny-dream-mc/ HTTP/1.1" 200 103606 "-" "Mozilla/5.0 (compatible; bingbot/2.0; +http://www.bing.com/bingbot.htm)" "-"
217.76.130.90 - - [18/Dec/2019:18:35:26 +0100] "POST /wp-cron.php?doing_wp_cron=1576690526.6224598884582519531250 HTTP/1.1" 200 3389 "https://amazingsportwear.com/wp-cron.php?doing_wp_cron=1576690526.6224598884582519531250" "WordPress/5.2.5; https://amazingsportwear.com" "-"
157.55.39.168 - - [18/Dec/2019:18:35:26 +0100] "GET /?id_category=16&controller=category HTTP/1.1" 200 125848 "-" "Mozilla/5.0 (compatible; bingbot/2.0; +http://www.bing.com/bingbot.htm)" "-"
217.76.130.90 - - [18/Dec/2019:18:40:55 +0100] "POST /wp-cron.php?doing_wp_cron=1576690855.4764049053192138671875 HTTP/1.1" 200 3389 "https://amazingsportwear.com/wp-cron.php?doing_wp_cron=1576690855.4764049053192138671875" "WordPress/5.2.5; https://amazingsportwear.com" "-"
17.58.96.177 - - [18/Dec/2019:18:40:53 +0100] "GET /categoria-producto/accesorios/gorrasygorros/ HTTP/1.1" 200 75593 "-" "Mozilla/5.0 (Macintosh; Intel Mac OS X 10_10_1) AppleWebKit/600.2.5 (KHTML, like Gecko) Version/8.0.2 Safari/600.2.5 (Applebot/0.1; +http://www.apple.com/go/applebot)" "-"
217.76.130.90 - - [18/Dec/2019:18:52:02 +0100] "POST /wp-cron.php?doing_wp_cron=1576691522.8411359786987304687500 HTTP/1.1" 200 164 "http://amazingsportwear.com/wp-cron.php?doing_wp_cron=1576691522.8411359786987304687500" "WordPress/5.2.5; https://amazingsportwear.com" "-"
46.119.167.89 - - [18/Dec/2019:18:52:01 +0100] "GET /producto/camiseta-tecnica-manga-larga-sa-0415/ HTTP/1.1" 200 103912 "https://zhoobintravel.com/" "Mozilla/4.0 (compatible; MSIE 6.0; Windows NT 5.1; FREE; .NET CLR 1.1.4322)" "-"
46.119.167.89 - - [18/Dec/2019:18:52:02 +0100] "GET /producto/camiseta-tecnica-manga-larga-sa-0415/ HTTP/1.1" 200 103714 "https://zhoobintravel.com/" "Mozilla/4.0 (compatible; MSIE 6.0; Windows NT 5.1; FREE; .NET CLR 1.1.4322)" "-"
46.119.167.89 - - [18/Dec/2019:18:52:04 +0100] "GET /producto/camiseta-tecnica-manga-larga-sa-0415/ HTTP/1.1" 200 103619 "https://zhoobintravel.com/" "Mozilla/4.0 (compatible; MSIE 6.0; Windows NT 5.1; FREE; .NET CLR 1.1.4322)" "-"
200.38.124.40 - - [18/Dec/2019:18:55:02 +0100] "GET /wp-content/uploads/2017/04/chaleco-sublimado-pecho.png HTTP/1.1" 200 60440 "https://www.google.com/" "Mozilla/5.0 (Windows NT 6.1) AppleWebKit/537.36 (KHTML, like Gecko) Chrome/79.0.3945.88 Safari/537.36" "-"
217.76.130.90 - - [18/Dec/2019:18:57:27 +0100] "POST /wp-cron.php?doing_wp_cron=1576691847.1912169456481933593750 HTTP/1.1" 200 3389 "https://amazingsportwear.com/wp-cron.php?doing_wp_cron=1576691847.1912169456481933593750" "WordPress/5.2.5; https://amazingsportwear.com" "-"
66.249.66.70 - - [18/Dec/2019:18:57:26 +0100] "GET /producto/gorra-sport/ HTTP/1.1" 200 102195 "-" "Mozilla/5.0 (Linux; Android 6.0.1; Nexus 5X Build/MMB29P) AppleWebKit/537.36 (KHTML, like Gecko) Chrome/41.0.2272.96 Mobile Safari/537.36 (compatible; Googlebot/2.1; +http://www.google.com/bot.html)" "-"
148.101.80.21 - - [18/Dec/2019:19:49:59 +0100] "GET /wp-content/uploads/2019/04/Gorra-sport-6.png HTTP/1.1" 200 44623 "https://www.google.com/" "Mozilla/5.0 (Windows NT 10.0; Win64; x64) AppleWebKit/537.36 (KHTML, like Gecko) Chrome/78.0.3904.108 Safari/537.36 OPR/65.0.3467.72 (Edition Campaign 34)" "-"
217.76.130.90 - - [18/Dec/2019:19:52:28 +0100] "POST /wp-cron.php?doing_wp_cron=1576695148.6803390979766845703125 HTTP/1.1" 200 3389 "https://amazingsportwear.com/wp-cron.php?doing_wp_cron=1576695148.6803390979766845703125" "WordPress/5.2.5; https://amazingsportwear.com" "-"
40.77.167.81 - - [18/Dec/2019:19:52:25 +0100] "GET /producto/camiseta-manga-corta-ranglan-futbol/ HTTP/1.1" 200 95812 "-" "Mozilla/5.0 (compatible; bingbot/2.0; +http://www.bing.com/bingbot.htm)" "-"
217.76.130.90 - - [18/Dec/2019:19:58:09 +0100] "POST /wp-cron.php?doing_wp_cron=1576695489.5264909267425537109375 HTTP/1.1" 200 3389 "https://amazingsportwear.com/wp-cron.php?doing_wp_cron=1576695489.5264909267425537109375" "WordPress/5.2.5; https://amazingsportwear.com" "-"
213.152.161.117 - - [18/Dec/2019:19:58:08 +0100] "GET / HTTP/1.1" 200 125765 "-" "Mozilla/5.0 (Windows NT 6.1; WOW64; rv:54.0) Gecko/20100101 Firefox/54.0" "-"
217.76.130.90 - - [18/Dec/2019:20:00:07 +0100] "POST /wp-cron.php?doing_wp_cron=1576695607.7620480060577392578125 HTTP/1.1" 200 164 "http://amazingsportwear.com/wp-cron.php?doing_wp_cron=1576695607.7620480060577392578125" "WordPress/5.2.5; https://amazingsportwear.com" "-"
23.239.180.98 - - [18/Dec/2019:20:00:06 +0100] "GET / HTTP/1.1" 301 336 "-" "Mozilla/5.0 (Windows NT 10.0; Win64; x64; rv:64.0) Gecko/20100101 Firefox/64.0" "-"
23.239.180.88 - - [18/Dec/2019:20:00:08 +0100] "GET / HTTP/1.1" 200 125525 "-" "Mozilla/5.0 (Windows NT 10.0; Win64; x64; rv:64.0) Gecko/20100101 Firefox/64.0" "wpfront-notification-bar-landingpage=1; APSERVER_ID=efc534e0af4611f234e45e7be5005c63069230f362c4be0b7a7bd593aec3a345"
46.119.175.92 - - [18/Dec/2019:20:00:19 +0100] "GET /producto/camiseta-tecnica-manga-larga-sa-0415/ HTTP/1.1" 200 103526 "https://01casino-x.ru/" "Mozilla/4.0 (compatible; MSIE 6.0; Windows NT 5.1; SV1; YPC 3.0.2; .NET CLR 1.1.4322; yplus 4.4.02b)" "-"
46.119.175.92 - - [18/Dec/2019:20:00:19 +0100] "GET /producto/camiseta-tecnica-manga-larga-sa-0415/ HTTP/1.1" 200 103740 "https://onlyporno.ru/" "Mozilla/4.0 (compatible; MSIE 6.0; Windows NT 5.1; .NET CLR 1.0.3705)" "-"
46.119.175.92 - - [18/Dec/2019:20:00:20 +0100] "GET /producto/camiseta-tecnica-manga-larga-sa-0415/ HTTP/1.1" 200 103702 "https://onlyporno.ru/" "Mozilla/4.0 (compatible; MSIE 6.0; Windows NT 5.1; .NET CLR 1.0.3705)" "-"
46.119.175.92 - - [18/Dec/2019:20:00:20 +0100] "GET /producto/camiseta-tecnica-manga-larga-sa-0415/ HTTP/1.1" 200 103570 "https://01casino-x.ru/" "Mozilla/4.0 (compatible; MSIE 6.0; Windows NT 5.1; SV1; YPC 3.0.2; .NET CLR 1.1.4322; yplus 4.4.02b)" "-"
46.119.175.92 - - [18/Dec/2019:20:00:21 +0100] "GET /producto/camiseta-tecnica-manga-larga-sa-0415/ HTTP/1.1" 200 103559 "https://01casino-x.ru/" "Mozilla/4.0 (compatible; MSIE 6.0; Windows NT 5.1; SV1; YPC 3.0.2; .NET CLR 1.1.4322; yplus 4.4.02b)" "-"
46.119.175.92 - - [18/Dec/2019:20:00:22 +0100] "GET /producto/camiseta-tecnica-manga-larga-sa-0415/ HTTP/1.1" 200 104134 "https://onlyporno.ru/" "Mozilla/4.0 (compatible; MSIE 6.0; Windows NT 5.1; .NET CLR 1.0.3705)" "-"
217.76.130.90 - - [18/Dec/2019:20:01:08 +0100] "POST /wp-cron.php?doing_wp_cron=1576695667.9845099449157714843750 HTTP/1.1" 200 3389 "https://amazingsportwear.com/wp-cron.php?doing_wp_cron=1576695667.9845099449157714843750" "WordPress/5.2.5; https://amazingsportwear.com" "-"
40.77.167.54 - - [18/Dec/2019:20:01:07 +0100] "GET /producto/camiseta-basket-con-costadillos/ HTTP/1.1" 200 95706 "-" "Mozilla/5.0 (compatible; bingbot/2.0; +http://www.bing.com/bingbot.htm)" "-"
67.206.221.250 - - [18/Dec/2019:20:10:28 +0100] "GET /wp-content/uploads/2019/04/gorra-lorenz-4.png HTTP/1.1" 200 77974 "https://www.google.com/" "Mozilla/5.0 (Macintosh; Intel Mac OS X 10_13_6) AppleWebKit/537.36 (KHTML, like Gecko) Chrome/79.0.3945.79 Safari/537.36" "-"
67.206.221.250 - - [18/Dec/2019:20:10:42 +0100] "GET /wp-content/uploads/2019/04/Gorra-sport-11.png HTTP/1.1" 200 127753 "https://www.google.com/" "Mozilla/5.0 (Macintosh; Intel Mac OS X 10_13_6) AppleWebKit/537.36 (KHTML, like Gecko) Chrome/79.0.3945.79 Safari/537.36" "-"
217.76.130.90 - - [18/Dec/2019:20:19:14 +0100] "POST /wp-cron.php?doing_wp_cron=1576696754.2192850112915039062500 HTTP/1.1" 200 3389 "https://amazingsportwear.com/wp-cron.php?doing_wp_cron=1576696754.2192850112915039062500" "WordPress/5.2.5; https://amazingsportwear.com" "-"
40.77.167.81 - - [18/Dec/2019:20:19:10 +0100] "GET /producto/camiseta-tecnica-tirantes-dream-eny-dream-ti/ HTTP/1.1" 200 102688 "-" "Mozilla/5.0 (compatible; bingbot/2.0; +http://www.bing.com/bingbot.htm)" "-"
161.132.184.100 - - [18/Dec/2019:20:23:06 +0100] "GET /wp-content/uploads/2019/04/Gorra-sport-6.png HTTP/1.1" 200 44623 "https://www.google.com/" "Mozilla/5.0 (Windows NT 10.0; Win64; x64) AppleWebKit/537.36 (KHTML, like Gecko) Chrome/79.0.3945.79 Safari/537.36" "-"
17.58.96.177 - - [18/Dec/2019:20:51:28 +0100] "GET /wp-content/uploads/2017/03/sa-0415_60.jpg HTTP/1.1" 200 96832 "-" "Mozilla/5.0 (Macintosh; Intel Mac OS X 10_10_1) AppleWebKit/600.2.5 (KHTML, like Gecko) Version/8.0.2 Safari/600.2.5 (Applebot/0.1; +http://www.apple.com/go/applebot)" "-"
181.224.236.222 - - [18/Dec/2019:21:32:17 +0100] "GET /wp-content/uploads/2019/04/Llavero-Metalico-Tenis-3.png HTTP/1.1" 200 46821 "https://www.google.com/" "Mozilla/5.0 (Windows NT 6.1; Win64; x64) AppleWebKit/537.36 (KHTML, like Gecko) Chrome/78.0.3904.108 Safari/537.36" "-"
181.224.236.222 - - [18/Dec/2019:21:32:18 +0100] "GET /wp-content/uploads/2019/04/Llavero-Metalico-Tenis-3.png HTTP/1.1" 200 46821 "https://www.google.com/" "Mozilla/5.0 (Windows NT 6.1; Win64; x64) AppleWebKit/537.36 (KHTML, like Gecko) Chrome/78.0.3904.108 Safari/537.36" "-"
181.224.236.222 - - [18/Dec/2019:21:33:19 +0100] "GET /wp-content/uploads/2019/04/Llavero-Metalico-Tenis-3.png HTTP/1.1" 200 46821 "https://www.google.com/" "Mozilla/5.0 (Windows NT 6.1; Win64; x64) AppleWebKit/537.36 (KHTML, like Gecko) Chrome/78.0.3904.108 Safari/537.36" "-"
217.76.130.90 - - [18/Dec/2019:21:36:44 +0100] "POST /wp-cron.php?doing_wp_cron=1576701404.8517920970916748046875 HTTP/1.1" 200 164 "http://amazingsportwear.com/wp-cron.php?doing_wp_cron=1576701404.8517920970916748046875" "WordPress/5.2.5; https://amazingsportwear.com" "-"
217.76.130.90 - - [18/Dec/2019:21:36:44 +0100] "POST /wp-cron.php?doing_wp_cron=1576701404.8506660461425781250000 HTTP/1.1" 200 164 "http://amazingsportwear.com/wp-cron.php?doing_wp_cron=1576701404.8506660461425781250000" "WordPress/5.2.5; https://amazingsportwear.com" "-"
46.118.232.12 - - [18/Dec/2019:21:36:40 +0100] "GET /categoria-producto/mujer/pantalones-y-mallas/ HTTP/1.1" 200 67960 "https://mnimmigrantrights.net/" "Mozilla/4.0 (compatible; MSIE 5.5; Windows 98)" "-"
46.118.232.12 - - [18/Dec/2019:21:36:41 +0100] "GET /categoria-producto/mujer/pantalones-y-mallas/ HTTP/1.1" 200 67975 "https://mnimmigrantrights.net/" "Mozilla/4.0 (compatible; MSIE 5.5; Windows 98)" "-"
46.118.232.12 - - [18/Dec/2019:21:36:42 +0100] "GET /categoria-producto/mujer/pantalones-y-mallas/ HTTP/1.1" 200 67955 "https://mnimmigrantrights.net/" "Mozilla/4.0 (compatible; MSIE 5.5; Windows 98)" "-"
217.76.130.90 - - [18/Dec/2019:21:52:12 +0100] "POST /wp-cron.php?doing_wp_cron=1576702332.0317509174346923828125 HTTP/1.1" 200 3389 "https://amazingsportwear.com/wp-cron.php?doing_wp_cron=1576702332.0317509174346923828125" "WordPress/5.2.5; https://amazingsportwear.com" "-"
66.249.66.66 - - [18/Dec/2019:21:52:08 +0100] "GET /product_tag-sitemap.xml HTTP/1.1" 200 54391 "-" "Mozilla/5.0 (compatible; Googlebot/2.1; +http://www.google.com/bot.html)" "-"
181.53.26.28 - - [18/Dec/2019:22:09:00 +0100] "GET /wp-content/uploads/2019/04/Gorra-sport-7.png HTTP/1.1" 200 99912 "https://www.google.com/" "Mozilla/5.0 (Windows NT 6.1; Win64; x64) AppleWebKit/537.36 (KHTML, like Gecko) Chrome/73.0.3683.103 Safari/537.36" "-"
148.255.88.136 - - [18/Dec/2019:22:25:44 +0100] "GET /wp-content/uploads/2019/04/gorra-bayon-6.png HTTP/1.1" 200 91841 "https://www.google.com/" "Mozilla/5.0 (Windows NT 6.1; Win64; x64) AppleWebKit/537.36 (KHTML, like Gecko) Chrome/79.0.3945.79 Safari/537.36" "-"
148.255.88.136 - - [18/Dec/2019:22:26:32 +0100] "GET /wp-content/uploads/2019/04/gorra-five-3.png HTTP/1.1" 200 81382 "https://www.google.com/" "Mozilla/5.0 (Windows NT 6.1; Win64; x64) AppleWebKit/537.36 (KHTML, like Gecko) Chrome/79.0.3945.79 Safari/537.36" "-"
66.249.66.66 - - [18/Dec/2019:22:30:07 +0100] "GET /wp-content/plugins/product-enquiry-for-woocommerce/css/wdm-jquery-ui.css?ver=5.2.4 HTTP/1.1" 200 30364 "https://amazingsportwear.com/producto/gorra-sport/" "Mozilla/5.0 (Linux; Android 6.0.1; Nexus 5X Build/MMB29P) AppleWebKit/537.36 (KHTML, like Gecko) Chrome/41.0.2272.96 Mobile Safari/537.36 (compatible; Googlebot/2.1; +http://www.google.com/bot.html)" "-"
