193.70.3.3 - - [08/Dec/2019:18:42:09 +0100] "GET /scripts/adminer.php HTTP/1.0" 404 67882 "-" "-" "-"
193.70.3.3 - - [08/Dec/2019:18:42:09 +0100] "GET /padminer.php HTTP/1.0" 404 67897 "-" "-" "-"
193.70.3.3 - - [08/Dec/2019:18:42:10 +0100] "GET /phpadminer.php HTTP/1.0" 404 67876 "-" "-" "-"
193.70.3.3 - - [08/Dec/2019:18:42:10 +0100] "GET /_adminer.php HTTP/1.0" 404 67902 "-" "-" "-"
193.70.3.3 - - [08/Dec/2019:18:42:11 +0100] "GET /dev/_adminer.php HTTP/1.0" 404 67871 "-" "-" "-"
193.70.3.3 - - [08/Dec/2019:18:42:11 +0100] "GET /test/_adminer.php HTTP/1.0" 404 67888 "-" "-" "-"
193.70.3.3 - - [08/Dec/2019:18:42:12 +0100] "GET /~adminer.php HTTP/1.0" 404 67897 "-" "-" "-"
193.70.3.3 - - [08/Dec/2019:18:42:13 +0100] "GET /ad.php HTTP/1.0" 404 67880 "-" "-" "-"
193.70.3.3 - - [08/Dec/2019:18:42:13 +0100] "GET /adm.php HTTP/1.0" 404 67902 "-" "-" "-"
193.70.3.3 - - [08/Dec/2019:18:42:14 +0100] "GET /bd.php HTTP/1.0" 404 67900 "-" "-" "-"
193.70.3.3 - - [08/Dec/2019:18:42:14 +0100] "GET /adminer1.php HTTP/1.0" 404 67882 "-" "-" "-"
193.70.3.3 - - [08/Dec/2019:18:42:15 +0100] "GET /a.php HTTP/1.0" 404 67838 "-" "-" "-"
193.70.3.3 - - [08/Dec/2019:18:42:15 +0100] "GET /admin.php HTTP/1.0" 404 67881 "-" "-" "-"
193.70.3.3 - - [08/Dec/2019:18:42:16 +0100] "GET /pma.php HTTP/1.0" 404 67892 "-" "-" "-"
193.70.3.3 - - [08/Dec/2019:18:42:16 +0100] "GET /adminmysql.php HTTP/1.0" 404 67851 "-" "-" "-"
193.70.3.3 - - [08/Dec/2019:18:42:17 +0100] "GET /mysql-adminer.php HTTP/1.0" 404 67882 "-" "-" "-"
193.70.3.3 - - [08/Dec/2019:18:42:17 +0100] "GET /admindb.php HTTP/1.0" 404 67850 "-" "-" "-"
193.70.3.3 - - [08/Dec/2019:18:42:18 +0100] "GET /m_admin_mysql.php HTTP/1.0" 404 67882 "-" "-" "-"
193.70.3.3 - - [08/Dec/2019:18:42:19 +0100] "GET /database.php HTTP/1.0" 404 67902 "-" "-" "-"
193.70.3.3 - - [08/Dec/2019:18:42:19 +0100] "GET /phpadmin.php HTTP/1.0" 404 67857 "-" "-" "-"
193.70.3.3 - - [08/Dec/2019:18:42:20 +0100] "GET /phpmyadmin.php HTTP/1.0" 404 67881 "-" "-" "-"
193.70.3.3 - - [08/Dec/2019:18:42:20 +0100] "GET /adminer/adminer.php HTTP/1.0" 404 67877 "-" "-" "-"
193.70.3.3 - - [08/Dec/2019:18:42:21 +0100] "GET /adminer/mysql.php HTTP/1.0" 404 67908 "-" "-" "-"
193.70.3.3 - - [08/Dec/2019:18:42:21 +0100] "GET /adminer/admin.php HTTP/1.0" 404 67868 "-" "-" "-"
193.70.3.3 - - [08/Dec/2019:18:42:22 +0100] "GET /connector.php HTTP/1.0" 404 67874 "-" "-" "-"
193.70.3.3 - - [08/Dec/2019:18:42:22 +0100] "GET /bd/adminer.php HTTP/1.0" 404 67892 "-" "-" "-"
193.70.3.3 - - [08/Dec/2019:18:42:23 +0100] "GET /wp/adminer.php HTTP/1.0" 404 67912 "-" "-" "-"
193.70.3.3 - - [08/Dec/2019:18:42:24 +0100] "GET /wordpress/adminer.php HTTP/1.0" 404 67886 "-" "-" "-"
193.70.3.3 - - [08/Dec/2019:18:42:24 +0100] "GET /development/adminer.php HTTP/1.0" 404 67920 "-" "-" "-"
193.70.3.3 - - [08/Dec/2019:18:42:25 +0100] "GET /sql/adminer.php HTTP/1.0" 404 67894 "-" "-" "-"
193.70.3.3 - - [08/Dec/2019:18:42:25 +0100] "GET /store/adminer.php HTTP/1.0" 404 67888 "-" "-" "-"
193.70.3.3 - - [08/Dec/2019:18:42:26 +0100] "GET /mysql/adminer.php HTTP/1.0" 404 67878 "-" "-" "-"
193.70.3.3 - - [08/Dec/2019:18:42:26 +0100] "GET /myadmin/adminer.php HTTP/1.0" 404 67897 "-" "-" "-"
193.70.3.3 - - [08/Dec/2019:18:42:27 +0100] "GET /my.php HTTP/1.0" 404 67830 "-" "-" "-"
193.70.3.3 - - [08/Dec/2019:18:42:27 +0100] "GET /adminer_.php HTTP/1.0" 404 67887 "-" "-" "-"
193.70.3.3 - - [08/Dec/2019:18:42:28 +0100] "GET /data.php HTTP/1.0" 404 67899 "-" "-" "-"
193.70.3.3 - - [08/Dec/2019:18:42:29 +0100] "GET /adminer-4.6.2.php HTTP/1.0" 404 67892 "-" "-" "-"
193.70.3.3 - - [08/Dec/2019:18:42:29 +0100] "GET /adminer-4.6.1.php HTTP/1.0" 404 67877 "-" "-" "-"
193.70.3.3 - - [08/Dec/2019:18:42:30 +0100] "GET /adminer-4.6.0.php HTTP/1.0" 404 67882 "-" "-" "-"
193.70.3.3 - - [08/Dec/2019:18:42:30 +0100] "GET /adminer-4.5.0.php HTTP/1.0" 404 67932 "-" "-" "-"
193.70.3.3 - - [08/Dec/2019:18:42:31 +0100] "GET /adminer-4.4.0.php HTTP/1.0" 404 67917 "-" "-" "-"
193.70.3.3 - - [08/Dec/2019:18:42:31 +0100] "GET /adminer-4.3.0.php HTTP/1.0" 404 67902 "-" "-" "-"
193.70.3.3 - - [08/Dec/2019:18:42:32 +0100] "GET /adminer-4.3.1.php HTTP/1.0" 404 67927 "-" "-" "-"
193.70.3.3 - - [08/Dec/2019:18:42:32 +0100] "GET /adminer-4.2.5.php HTTP/1.0" 404 67892 "-" "-" "-"
193.70.3.3 - - [08/Dec/2019:18:42:33 +0100] "GET /adminer-4.2.3.php HTTP/1.0" 404 67912 "-" "-" "-"
193.70.3.3 - - [08/Dec/2019:18:42:34 +0100] "GET /adminer-4.2.1.php HTTP/1.0" 404 67877 "-" "-" "-"
193.70.3.3 - - [08/Dec/2019:18:42:34 +0100] "GET /adminer-4.2.2.php HTTP/1.0" 404 67887 "-" "-" "-"
193.70.3.3 - - [08/Dec/2019:18:42:35 +0100] "GET /adminer-4.2.4.php HTTP/1.0" 404 67857 "-" "-" "-"
193.70.3.3 - - [08/Dec/2019:18:42:35 +0100] "GET /adminer-4.2.0.php HTTP/1.0" 404 67902 "-" "-" "-"
193.70.3.3 - - [08/Dec/2019:18:42:36 +0100] "GET /adminer-4.1.0.php HTTP/1.0" 404 67882 "-" "-" "-"
193.70.3.3 - - [08/Dec/2019:18:42:36 +0100] "GET /adminer-4.0.2.php HTTP/1.0" 404 67927 "-" "-" "-"
193.70.3.3 - - [08/Dec/2019:18:42:37 +0100] "GET /adminer-4.0.0.php HTTP/1.0" 404 67882 "-" "-" "-"
193.70.3.3 - - [08/Dec/2019:18:42:37 +0100] "GET /adminer-4.0.3.php HTTP/1.0" 404 67912 "-" "-" "-"
193.70.3.3 - - [08/Dec/2019:18:42:38 +0100] "GET /adminer-4.0.1.php HTTP/1.0" 404 67872 "-" "-" "-"
193.70.3.3 - - [08/Dec/2019:18:42:38 +0100] "GET /adminer-3.6.3.php HTTP/1.0" 404 67897 "-" "-" "-"
193.70.3.3 - - [08/Dec/2019:18:42:39 +0100] "GET /adminer-3.7.1.php HTTP/1.0" 404 67882 "-" "-" "-"
193.70.3.3 - - [08/Dec/2019:18:42:40 +0100] "GET /adminer-3.7.0.php HTTP/1.0" 404 67897 "-" "-" "-"
193.70.3.3 - - [08/Dec/2019:18:42:40 +0100] "GET /adminer-3.6.4.php HTTP/1.0" 404 67872 "-" "-" "-"
173.252.127.33 - - [08/Dec/2019:18:42:40 +0100] "GET / HTTP/1.1" 200 125540 "-" "facebookexternalhit/1.1 (+http://www.facebook.com/externalhit_uatext.php)" "-"
193.70.3.3 - - [08/Dec/2019:18:42:41 +0100] "GET /adminer-3.6.2.php HTTP/1.0" 404 67932 "-" "-" "-"
193.70.3.3 - - [08/Dec/2019:18:42:41 +0100] "GET /adminer-3.6.1.php HTTP/1.0" 404 67892 "-" "-" "-"
193.70.3.3 - - [08/Dec/2019:18:42:42 +0100] "GET /adminer-3.6.0.php HTTP/1.0" 404 67857 "-" "-" "-"
193.70.3.3 - - [08/Dec/2019:18:42:42 +0100] "GET /adminer-3.3.2.php HTTP/1.0" 404 67877 "-" "-" "-"
173.252.127.19 - - [08/Dec/2019:18:42:43 +0100] "GET /contacta-con-nosotros HTTP/1.1" 301 319 "-" "facebookexternalhit/1.1 (+http://www.facebook.com/externalhit_uatext.php)" "-"
193.70.3.3 - - [08/Dec/2019:18:42:43 +0100] "GET /adminer-3.5.1.php HTTP/1.0" 404 67917 "-" "-" "-"
173.252.127.19 - - [08/Dec/2019:18:42:43 +0100] "GET /contacta-con-nosotros/ HTTP/1.1" 200 58181 "-" "facebookexternalhit/1.1 (+http://www.facebook.com/externalhit_uatext.php)" "-"
193.70.3.3 - - [08/Dec/2019:18:42:43 +0100] "GET /adminer-3.5.0.php HTTP/1.0" 404 67887 "-" "-" "-"
193.70.3.3 - - [08/Dec/2019:18:42:44 +0100] "GET /adminer-3.4.0.php HTTP/1.0" 404 67922 "-" "-" "-"
193.70.3.3 - - [08/Dec/2019:18:42:45 +0100] "GET /adminer-3.3.3.php HTTP/1.0" 404 67877 "-" "-" "-"
193.70.3.3 - - [08/Dec/2019:18:42:45 +0100] "GET /adminer-3.3.4.php HTTP/1.0" 404 67872 "-" "-" "-"
193.70.3.3 - - [08/Dec/2019:18:42:46 +0100] "GET /adminer-3.2.0.php HTTP/1.0" 404 67882 "-" "-" "-"
193.70.3.3 - - [08/Dec/2019:18:42:46 +0100] "GET /adminer-3.1.0.php HTTP/1.0" 404 67932 "-" "-" "-"
193.70.3.3 - - [08/Dec/2019:18:42:47 +0100] "GET /adminer-3.3.1.php HTTP/1.0" 404 67887 "-" "-" "-"
193.70.3.3 - - [08/Dec/2019:18:42:47 +0100] "GET /adminer-3.2.2.php HTTP/1.0" 404 67917 "-" "-" "-"
193.70.3.3 - - [08/Dec/2019:18:42:48 +0100] "GET /adminer-3.3.0.php HTTP/1.0" 404 67902 "-" "-" "-"
193.70.3.3 - - [08/Dec/2019:18:42:48 +0100] "GET /adminer-3.0.0.php HTTP/1.0" 404 67917 "-" "-" "-"
193.70.3.3 - - [08/Dec/2019:18:42:49 +0100] "GET /adminer-3.2.1.php HTTP/1.0" 404 67892 "-" "-" "-"
193.70.3.3 - - [08/Dec/2019:18:42:50 +0100] "GET /adminer-3.0.1.php HTTP/1.0" 404 67887 "-" "-" "-"
193.70.3.3 - - [08/Dec/2019:18:42:50 +0100] "GET /adminer-4.6.3-en.php HTTP/1.0" 404 67883 "-" "-" "-"
193.70.3.3 - - [08/Dec/2019:18:42:51 +0100] "GET /adminer-4.6.2-en.php HTTP/1.0" 404 67923 "-" "-" "-"
193.70.3.3 - - [08/Dec/2019:18:42:51 +0100] "GET /adminer-4.6.1-en.php HTTP/1.0" 404 67843 "-" "-" "-"
193.70.3.3 - - [08/Dec/2019:18:42:52 +0100] "GET /adminer-4.6.0-en.php HTTP/1.0" 404 67888 "-" "-" "-"
193.70.3.3 - - [08/Dec/2019:18:42:52 +0100] "GET /adminer-4.5.0-en.php HTTP/1.0" 404 67893 "-" "-" "-"
193.70.3.3 - - [08/Dec/2019:18:42:53 +0100] "GET /adminer-4.4.0-en.php HTTP/1.0" 404 67923 "-" "-" "-"
193.70.3.3 - - [08/Dec/2019:18:42:53 +0100] "GET /adminer-4.3.0-en.php HTTP/1.0" 404 67868 "-" "-" "-"
193.70.3.3 - - [08/Dec/2019:18:42:54 +0100] "GET /adminer-4.3.1-en.php HTTP/1.0" 404 67888 "-" "-" "-"
193.70.3.3 - - [08/Dec/2019:18:42:54 +0100] "GET /adminer-4.2.5-en.php HTTP/1.0" 404 67883 "-" "-" "-"
193.70.3.3 - - [08/Dec/2019:18:42:55 +0100] "GET /adminer-4.2.3-en.php HTTP/1.0" 404 67878 "-" "-" "-"
193.70.3.3 - - [08/Dec/2019:18:42:56 +0100] "GET /adminer-4.2.1-en.php HTTP/1.0" 404 67883 "-" "-" "-"
193.70.3.3 - - [08/Dec/2019:18:42:56 +0100] "GET /adminer-4.2.2-en.php HTTP/1.0" 404 67888 "-" "-" "-"
193.70.3.3 - - [08/Dec/2019:18:42:57 +0100] "GET /adminer-4.2.4-en.php HTTP/1.0" 404 67868 "-" "-" "-"
193.70.3.3 - - [08/Dec/2019:18:42:57 +0100] "GET /adminer-4.2.0-en.php HTTP/1.0" 404 67908 "-" "-" "-"
193.70.3.3 - - [08/Dec/2019:18:42:58 +0100] "GET /adminer-4.1.0-en.php HTTP/1.0" 404 67933 "-" "-" "-"
193.70.3.3 - - [08/Dec/2019:18:42:58 +0100] "GET /adminer-4.0.2-en.php HTTP/1.0" 404 67878 "-" "-" "-"
193.70.3.3 - - [08/Dec/2019:18:42:59 +0100] "GET /adminer-4.0.0-en.php HTTP/1.0" 404 67933 "-" "-" "-"
193.70.3.3 - - [08/Dec/2019:18:42:59 +0100] "GET /adminer-4.0.3-en.php HTTP/1.0" 404 67878 "-" "-" "-"
193.70.3.3 - - [08/Dec/2019:18:43:00 +0100] "GET /adminer-4.0.1-en.php HTTP/1.0" 404 67913 "-" "-" "-"
193.70.3.3 - - [08/Dec/2019:18:43:01 +0100] "GET /adminer-3.6.3-en.php HTTP/1.0" 404 67873 "-" "-" "-"
193.70.3.3 - - [08/Dec/2019:18:43:01 +0100] "GET /adminer-3.7.1-en.php HTTP/1.0" 404 67908 "-" "-" "-"
193.70.3.3 - - [08/Dec/2019:18:43:02 +0100] "GET /adminer-3.7.0-en.php HTTP/1.0" 404 67868 "-" "-" "-"
217.76.130.90 - - [08/Dec/2019:18:43:03 +0100] "POST /wp-cron.php?doing_wp_cron=1575826983.1956310272216796875000 HTTP/1.1" 200 164 "http://amazingsportwear.com/wp-cron.php?doing_wp_cron=1575826983.1956310272216796875000" "WordPress/5.2.4; https://amazingsportwear.com" "-"
193.70.3.3 - - [08/Dec/2019:18:43:02 +0100] "GET /adminer-3.6.4-en.php HTTP/1.0" 404 67923 "-" "-" "-"
193.70.3.3 - - [08/Dec/2019:18:43:03 +0100] "GET /adminer-3.6.2-en.php HTTP/1.0" 404 67888 "-" "-" "-"
193.70.3.3 - - [08/Dec/2019:18:43:03 +0100] "GET /adminer-3.6.1-en.php HTTP/1.0" 404 67878 "-" "-" "-"
193.70.3.3 - - [08/Dec/2019:18:43:04 +0100] "GET /adminer-3.6.0-en.php HTTP/1.0" 404 67868 "-" "-" "-"
193.70.3.3 - - [08/Dec/2019:18:43:04 +0100] "GET /adminer-3.3.2-en.php HTTP/1.0" 404 67913 "-" "-" "-"
193.70.3.3 - - [08/Dec/2019:18:43:05 +0100] "GET /adminer-3.5.1-en.php HTTP/1.0" 404 67933 "-" "-" "-"
193.70.3.3 - - [08/Dec/2019:18:43:06 +0100] "GET /adminer-3.5.0-en.php HTTP/1.0" 404 67923 "-" "-" "-"
193.70.3.3 - - [08/Dec/2019:18:43:06 +0100] "GET /adminer-3.4.0-en.php HTTP/1.0" 404 67888 "-" "-" "-"
193.70.3.3 - - [08/Dec/2019:18:43:07 +0100] "GET /adminer-3.3.3-en.php HTTP/1.0" 404 67913 "-" "-" "-"
193.70.3.3 - - [08/Dec/2019:18:43:07 +0100] "GET /adminer-3.3.4-en.php HTTP/1.0" 404 67913 "-" "-" "-"
193.70.3.3 - - [08/Dec/2019:18:43:08 +0100] "GET /adminer-3.2.0-en.php HTTP/1.0" 404 67893 "-" "-" "-"
193.70.3.3 - - [08/Dec/2019:18:43:08 +0100] "GET /adminer-3.1.0-en.php HTTP/1.0" 404 67883 "-" "-" "-"
193.70.3.3 - - [08/Dec/2019:18:43:09 +0100] "GET /adminer-3.3.1-en.php HTTP/1.0" 404 67868 "-" "-" "-"
193.70.3.3 - - [08/Dec/2019:18:43:09 +0100] "GET /adminer-3.2.2-en.php HTTP/1.0" 404 67873 "-" "-" "-"
193.70.3.3 - - [08/Dec/2019:18:43:10 +0100] "GET /adminer-3.3.0-en.php HTTP/1.0" 404 67918 "-" "-" "-"
193.70.3.3 - - [08/Dec/2019:18:43:11 +0100] "GET /adminer-3.0.0-en.php HTTP/1.0" 404 67918 "-" "-" "-"
193.70.3.3 - - [08/Dec/2019:18:43:11 +0100] "GET /adminer-3.2.1-en.php HTTP/1.0" 404 67898 "-" "-" "-"
193.70.3.3 - - [08/Dec/2019:18:43:12 +0100] "GET /adminer-3.0.1-en.php HTTP/1.0" 404 67888 "-" "-" "-"
66.249.64.148 - - [08/Dec/2019:18:43:41 +0100] "GET /producto/culoute-corto-ciclismo/ HTTP/1.1" 200 92282 "-" "Mozilla/5.0 (Linux; Android 6.0.1; Nexus 5X Build/MMB29P) AppleWebKit/537.36 (KHTML, like Gecko) Chrome/41.0.2272.96 Mobile Safari/537.36 (compatible; Googlebot/2.1; +http://www.google.com/bot.html)" "-"
66.249.64.146 - - [08/Dec/2019:18:43:54 +0100] "GET /producto/culoute-corto-ciclismo/ HTTP/1.1" 200 92484 "-" "Mozilla/5.0 (Linux; Android 6.0.1; Nexus 5X Build/MMB29P) AppleWebKit/537.36 (KHTML, like Gecko) Chrome/41.0.2272.96 Mobile Safari/537.36 (compatible; Googlebot/2.1; +http://www.google.com/bot.html)" "-"
217.76.130.90 - - [08/Dec/2019:18:48:30 +0100] "POST /wp-cron.php?doing_wp_cron=1575827310.4583220481872558593750 HTTP/1.1" 200 3389 "https://amazingsportwear.com/wp-cron.php?doing_wp_cron=1575827310.4583220481872558593750" "WordPress/5.2.4; https://amazingsportwear.com" "-"
66.249.64.146 - - [08/Dec/2019:18:48:29 +0100] "GET /producto/bidon-aluminio-mento/ HTTP/1.1" 200 100086 "-" "Mozilla/5.0 (compatible; Googlebot/2.1; +http://www.google.com/bot.html)" "-"
217.76.130.90 - - [08/Dec/2019:18:52:43 +0100] "POST /wp-cron.php?doing_wp_cron=1575827563.7699429988861083984375 HTTP/1.1" 200 3389 "https://amazingsportwear.com/wp-cron.php?doing_wp_cron=1575827563.7699429988861083984375" "WordPress/5.2.4; https://amazingsportwear.com" "-"
66.249.64.146 - - [08/Dec/2019:18:52:42 +0100] "GET /producto/polo-tecnico-sol-palladium/ HTTP/1.1" 200 105660 "-" "Mozilla/5.0 (Linux; Android 6.0.1; Nexus 5X Build/MMB29P) AppleWebKit/537.36 (KHTML, like Gecko) Chrome/41.0.2272.96 Mobile Safari/537.36 (compatible; Googlebot/2.1; +http://www.google.com/bot.html)" "-"
217.76.130.90 - - [08/Dec/2019:18:55:10 +0100] "POST /wp-cron.php?doing_wp_cron=1575827710.0772109031677246093750 HTTP/1.1" 200 3389 "https://amazingsportwear.com/wp-cron.php?doing_wp_cron=1575827710.0772109031677246093750" "WordPress/5.2.4; https://amazingsportwear.com" "-"
157.55.39.31 - - [08/Dec/2019:18:55:09 +0100] "GET /robots.txt HTTP/1.1" 200 2297 "-" "Mozilla/5.0 (compatible; bingbot/2.0; +http://www.bing.com/bingbot.htm)" "-"
157.55.39.31 - - [08/Dec/2019:18:55:11 +0100] "GET /robots.txt HTTP/1.1" 200 3939 "-" "Mozilla/5.0 (compatible; bingbot/2.0; +http://www.bing.com/bingbot.htm)" "-"
217.76.130.90 - - [08/Dec/2019:18:57:12 +0100] "POST /wp-cron.php?doing_wp_cron=1575827832.3169300556182861328125 HTTP/1.1" 200 3389 "https://amazingsportwear.com/wp-cron.php?doing_wp_cron=1575827832.3169300556182861328125" "WordPress/5.2.4; https://amazingsportwear.com" "-"
157.55.39.137 - - [08/Dec/2019:18:57:11 +0100] "GET /producto/camiseta-tecnica-giro-aq-giro/ HTTP/1.1" 200 102230 "-" "Mozilla/5.0 (compatible; bingbot/2.0; +http://www.bing.com/bingbot.htm)" "-"
217.76.130.90 - - [08/Dec/2019:19:02:12 +0100] "POST /wp-cron.php?doing_wp_cron=1575828132.2179679870605468750000 HTTP/1.1" 200 3389 "https://amazingsportwear.com/wp-cron.php?doing_wp_cron=1575828132.2179679870605468750000" "WordPress/5.2.4; https://amazingsportwear.com" "-"
66.249.64.148 - - [08/Dec/2019:19:02:11 +0100] "GET /producto/mochila-humus/ HTTP/1.1" 200 97290 "-" "Mozilla/5.0 (compatible; Googlebot/2.1; +http://www.google.com/bot.html)" "-"
217.76.130.90 - - [08/Dec/2019:19:08:40 +0100] "POST /wp-cron.php?doing_wp_cron=1575828520.8651969432830810546875 HTTP/1.1" 200 3389 "https://amazingsportwear.com/wp-cron.php?doing_wp_cron=1575828520.8651969432830810546875" "WordPress/5.2.4; https://amazingsportwear.com" "-"
66.249.64.148 - - [08/Dec/2019:19:08:40 +0100] "GET /producto/calcetin-deportivo-lycra-cp-lycra/ HTTP/1.1" 200 92669 "-" "Mozilla/5.0 (Linux; Android 6.0.1; Nexus 5X Build/MMB29P) AppleWebKit/537.36 (KHTML, like Gecko) Chrome/41.0.2272.96 Mobile Safari/537.36 (compatible; Googlebot/2.1; +http://www.google.com/bot.html)" "-"
217.76.130.90 - - [08/Dec/2019:19:09:45 +0100] "POST /wp-cron.php?doing_wp_cron=1575828585.9401650428771972656250 HTTP/1.1" 200 3389 "https://amazingsportwear.com/wp-cron.php?doing_wp_cron=1575828585.9401650428771972656250" "WordPress/5.2.4; https://amazingsportwear.com" "-"
66.249.64.144 - - [08/Dec/2019:19:09:45 +0100] "GET /producto/maillot-manga-corta/ HTTP/1.1" 200 91838 "-" "Mozilla/5.0 (Linux; Android 6.0.1; Nexus 5X Build/MMB29P) AppleWebKit/537.36 (KHTML, like Gecko) Chrome/41.0.2272.96 Mobile Safari/537.36 (compatible; Googlebot/2.1; +http://www.google.com/bot.html)" "-"
217.76.130.90 - - [08/Dec/2019:19:10:38 +0100] "POST /wp-cron.php?doing_wp_cron=1575828638.1614289283752441406250 HTTP/1.1" 200 3389 "https://amazingsportwear.com/wp-cron.php?doing_wp_cron=1575828638.1614289283752441406250" "WordPress/5.2.4; https://amazingsportwear.com" "-"
66.249.64.146 - - [08/Dec/2019:19:10:37 +0100] "GET /producto/polo-tecnico-silverstone-sa-6639/ HTTP/1.1" 200 107481 "-" "Mozilla/5.0 (compatible; Googlebot/2.1; +http://www.google.com/bot.html)" "-"
217.76.130.90 - - [08/Dec/2019:19:17:08 +0100] "POST /wp-cron.php?doing_wp_cron=1575829028.7245900630950927734375 HTTP/1.1" 200 3389 "https://amazingsportwear.com/wp-cron.php?doing_wp_cron=1575829028.7245900630950927734375" "WordPress/5.2.4; https://amazingsportwear.com" "-"
54.36.149.90 - - [08/Dec/2019:19:17:07 +0100] "GET /robots.txt HTTP/1.1" 200 3692 "-" "Mozilla/5.0 (compatible; AhrefsBot/6.1; +http://ahrefs.com/robot/)" "-"
5.196.87.146 - - [08/Dec/2019:19:17:19 +0100] "GET / HTTP/1.1" 301 3504 "-" "Mozilla/5.0 (compatible; AhrefsBot/6.1; +http://ahrefs.com/robot/)" "-"
66.249.64.146 - - [08/Dec/2019:19:17:47 +0100] "GET /categoria-producto/deportes/atletismo/ HTTP/1.1" 200 61528 "-" "Mozilla/5.0 (Linux; Android 6.0.1; Nexus 5X Build/MMB29P) AppleWebKit/537.36 (KHTML, like Gecko) Chrome/41.0.2272.96 Mobile Safari/537.36 (compatible; Googlebot/2.1; +http://www.google.com/bot.html)" "-"
104.131.103.14 - - [08/Dec/2019:19:21:48 +0100] "GET /wp-login.php HTTP/1.1" 404 628 "-" "Mozilla/5.0 (X11; Ubuntu; Linux x86_64; rv:62.0) Gecko/20100101 Firefox/62.0" "-"
217.76.130.90 - - [08/Dec/2019:19:23:10 +0100] "POST /wp-cron.php?doing_wp_cron=1575829390.3216779232025146484375 HTTP/1.1" 200 3389 "https://amazingsportwear.com/wp-cron.php?doing_wp_cron=1575829390.3216779232025146484375" "WordPress/5.2.4; https://amazingsportwear.com" "-"
157.55.39.10 - - [08/Dec/2019:19:23:09 +0100] "GET /producto/camiseta-tecnica-manga-larga-maik-cat-4726/ HTTP/1.1" 200 96980 "-" "Mozilla/5.0 (compatible; bingbot/2.0; +http://www.bing.com/bingbot.htm)" "-"
66.249.64.146 - - [08/Dec/2019:19:24:11 +0100] "GET /wp-content/uploads/2019/04/Gorra-sport-12-100x100.png HTTP/1.1" 304 3565 "-" "Googlebot-Image/1.0" "-"
181.174.66.248 - - [08/Dec/2019:19:28:16 +0100] "GET /wp-content/uploads/2017/04/chaleco-sublimado-pecho.png HTTP/1.1" 200 60440 "https://www.google.com/" "Mozilla/5.0 (Linux; Android 9; ANE-LX3 Build/HUAWEIANE-L23; wv) AppleWebKit/537.36 (KHTML, like Gecko) Version/4.0 Chrome/78.0.3904.108 Mobile Safari/537.36 GSA/10.86.14.21.arm64" "-"
181.174.66.248 - - [08/Dec/2019:19:29:00 +0100] "GET /wp-content/uploads/2017/04/chaleco-sublimado-espalda.png HTTP/1.1" 200 72497 "https://www.google.com/" "Mozilla/5.0 (Linux; Android 9; ANE-LX3 Build/HUAWEIANE-L23; wv) AppleWebKit/537.36 (KHTML, like Gecko) Version/4.0 Chrome/78.0.3904.108 Mobile Safari/537.36 GSA/10.86.14.21.arm64" "-"
217.76.130.90 - - [08/Dec/2019:19:37:43 +0100] "POST /wp-cron.php?doing_wp_cron=1575830263.8063480854034423828125 HTTP/1.1" 200 3389 "https://amazingsportwear.com/wp-cron.php?doing_wp_cron=1575830263.8063480854034423828125" "WordPress/5.2.4; https://amazingsportwear.com" "-"
66.249.64.146 - - [08/Dec/2019:19:37:42 +0100] "GET /category-sitemap.xml HTTP/1.1" 200 4541 "-" "Mozilla/5.0 (compatible; Googlebot/2.1; +http://www.google.com/bot.html)" "-"
217.76.130.90 - - [08/Dec/2019:19:41:55 +0100] "POST /wp-cron.php?doing_wp_cron=1575830515.6520740985870361328125 HTTP/1.1" 200 3389 "https://amazingsportwear.com/wp-cron.php?doing_wp_cron=1575830515.6520740985870361328125" "WordPress/5.2.4; https://amazingsportwear.com" "-"
66.249.64.144 - - [08/Dec/2019:19:41:54 +0100] "GET /producto/camiseta-tecnic-plus-cat-4184/ HTTP/1.1" 200 96523 "-" "Mozilla/5.0 (Linux; Android 6.0.1; Nexus 5X Build/MMB29P) AppleWebKit/537.36 (KHTML, like Gecko) Chrome/41.0.2272.96 Mobile Safari/537.36 (compatible; Googlebot/2.1; +http://www.google.com/bot.html)" "-"
217.76.130.90 - - [08/Dec/2019:19:43:26 +0100] "POST /wp-cron.php?doing_wp_cron=1575830606.7655339241027832031250 HTTP/1.1" 200 3389 "https://amazingsportwear.com/wp-cron.php?doing_wp_cron=1575830606.7655339241027832031250" "WordPress/5.2.4; https://amazingsportwear.com" "-"
66.249.64.144 - - [08/Dec/2019:19:43:25 +0100] "GET /producto/bolsa-deporte-hale/ HTTP/1.1" 200 98208 "-" "Mozilla/5.0 (Linux; Android 6.0.1; Nexus 5X Build/MMB29P) AppleWebKit/537.36 (KHTML, like Gecko) Chrome/41.0.2272.96 Mobile Safari/537.36 (compatible; Googlebot/2.1; +http://www.google.com/bot.html)" "-"
66.249.64.144 - - [08/Dec/2019:19:43:33 +0100] "GET /wp-content/plugins/woocommerce/assets/js/jquery-blockui/jquery.blockUI.min.js?ver=2.70 HTTP/1.1" 200 9908 "https://amazingsportwear.com/producto/bolsa-deporte-hale/" "Mozilla/5.0 (Linux; Android 6.0.1; Nexus 5X Build/MMB29P) AppleWebKit/537.36 (KHTML, like Gecko) Chrome/41.0.2272.96 Mobile Safari/537.36 (compatible; Googlebot/2.1; +http://www.google.com/bot.html)" "-"
217.76.130.90 - - [08/Dec/2019:20:03:33 +0100] "POST /wp-cron.php?doing_wp_cron=1575831813.6216380596160888671875 HTTP/1.1" 200 3389 "https://amazingsportwear.com/wp-cron.php?doing_wp_cron=1575831813.6216380596160888671875" "WordPress/5.2.4; https://amazingsportwear.com" "-"
66.249.64.148 - - [08/Dec/2019:20:03:31 +0100] "GET /categoria-producto/hombre/camisetas/ HTTP/1.1" 200 77298 "-" "Mozilla/5.0 (compatible; Googlebot/2.1; +http://www.google.com/bot.html)" "-"
217.76.130.90 - - [08/Dec/2019:20:09:02 +0100] "POST /wp-cron.php?doing_wp_cron=1575832142.6981470584869384765625 HTTP/1.1" 200 3389 "https://amazingsportwear.com/wp-cron.php?doing_wp_cron=1575832142.6981470584869384765625" "WordPress/5.2.4; https://amazingsportwear.com" "-"
40.77.167.175 - - [08/Dec/2019:20:09:02 +0100] "GET /sitemap_index.xml HTTP/1.1" 200 5007 "-" "msnbot/2.0b (+http://search.msn.com/msnbot.htm)" "-"
217.76.130.90 - - [08/Dec/2019:20:10:16 +0100] "POST /wp-cron.php?doing_wp_cron=1575832216.6532289981842041015625 HTTP/1.1" 200 3389 "https://amazingsportwear.com/wp-cron.php?doing_wp_cron=1575832216.6532289981842041015625" "WordPress/5.2.4; https://amazingsportwear.com" "-"
66.249.64.146 - - [08/Dec/2019:20:10:15 +0100] "GET /producto/chaqueta-triatlon/ HTTP/1.1" 200 90700 "-" "Mozilla/5.0 (Linux; Android 6.0.1; Nexus 5X Build/MMB29P) AppleWebKit/537.36 (KHTML, like Gecko) Chrome/41.0.2272.96 Mobile Safari/537.36 (compatible; Googlebot/2.1; +http://www.google.com/bot.html)" "-"
217.76.130.90 - - [08/Dec/2019:20:12:23 +0100] "POST /wp-cron.php?doing_wp_cron=1575832343.8019979000091552734375 HTTP/1.1" 200 3389 "https://amazingsportwear.com/wp-cron.php?doing_wp_cron=1575832343.8019979000091552734375" "WordPress/5.2.4; https://amazingsportwear.com" "-"
40.77.167.175 - - [08/Dec/2019:20:12:22 +0100] "GET /sitemap_index.xml HTTP/1.1" 200 5007 "-" "msnbot/2.0b (+http://search.msn.com/msnbot.htm)" "-"
217.76.130.90 - - [08/Dec/2019:20:13:12 +0100] "POST /wp-cron.php?doing_wp_cron=1575832392.3679499626159667968750 HTTP/1.1" 200 3389 "https://amazingsportwear.com/wp-cron.php?doing_wp_cron=1575832392.3679499626159667968750" "WordPress/5.2.4; https://amazingsportwear.com" "-"
66.249.64.146 - - [08/Dec/2019:20:13:11 +0100] "GET /producto/bolsa-deporte-young/ HTTP/1.1" 200 97324 "-" "Mozilla/5.0 (compatible; Googlebot/2.1; +http://www.google.com/bot.html)" "-"
217.76.130.90 - - [08/Dec/2019:20:15:40 +0100] "POST /wp-cron.php?doing_wp_cron=1575832540.3205449581146240234375 HTTP/1.1" 200 3389 "https://amazingsportwear.com/wp-cron.php?doing_wp_cron=1575832540.3205449581146240234375" "WordPress/5.2.4; https://amazingsportwear.com" "-"
66.249.64.144 - - [08/Dec/2019:20:15:38 +0100] "GET /producto/chubasquero-escocia/ HTTP/1.1" 200 103454 "-" "Mozilla/5.0 (Linux; Android 6.0.1; Nexus 5X Build/MMB29P) AppleWebKit/537.36 (KHTML, like Gecko) Chrome/41.0.2272.96 Mobile Safari/537.36 (compatible; Googlebot/2.1; +http://www.google.com/bot.html)" "-"
66.249.64.146 - - [08/Dec/2019:20:16:58 +0100] "GET /wp-content/uploads/2019/04/Gorra-sport-3-100x100.png HTTP/1.1" 304 3565 "-" "Googlebot-Image/1.0" "-"
217.76.130.90 - - [08/Dec/2019:20:17:01 +0100] "POST /wp-cron.php?doing_wp_cron=1575832621.0158379077911376953125 HTTP/1.1" 200 3389 "https://amazingsportwear.com/wp-cron.php?doing_wp_cron=1575832621.0158379077911376953125" "WordPress/5.2.4; https://amazingsportwear.com" "-"
157.55.39.135 - - [08/Dec/2019:20:17:00 +0100] "GET /tienda/297-short-tecnico-padel-tenis.html HTTP/1.1" 404 72287 "-" "Mozilla/5.0 (compatible; bingbot/2.0; +http://www.bing.com/bingbot.htm)" "-"
66.249.64.144 - - [08/Dec/2019:20:20:03 +0100] "GET /wp-content/uploads/2019/04/Gorra-sport-9.png HTTP/1.1" 304 3566 "-" "Googlebot-Image/1.0" "-"
217.76.130.90 - - [08/Dec/2019:20:21:41 +0100] "POST /wp-cron.php?doing_wp_cron=1575832900.9559419155120849609375 HTTP/1.1" 200 3389 "https://amazingsportwear.com/wp-cron.php?doing_wp_cron=1575832900.9559419155120849609375" "WordPress/5.2.4; https://amazingsportwear.com" "-"
66.249.64.146 - - [08/Dec/2019:20:21:40 +0100] "GET /producto/camiseta-tecnica-tirantes-shura-sa-0349/ HTTP/1.1" 200 110080 "-" "Mozilla/5.0 (Linux; Android 6.0.1; Nexus 5X Build/MMB29P) AppleWebKit/537.36 (KHTML, like Gecko) Chrome/41.0.2272.96 Mobile Safari/537.36 (compatible; Googlebot/2.1; +http://www.google.com/bot.html)" "-"
66.249.64.146 - - [08/Dec/2019:20:29:22 +0100] "GET /wp-content/uploads/2019/05/asw-white-300x126.png HTTP/1.1" 304 3565 "-" "Googlebot-Image/1.0" "-"
217.76.130.90 - - [08/Dec/2019:20:33:21 +0100] "POST /wp-cron.php?doing_wp_cron=1575833601.5922698974609375000000 HTTP/1.1" 200 3389 "https://amazingsportwear.com/wp-cron.php?doing_wp_cron=1575833601.5922698974609375000000" "WordPress/5.2.4; https://amazingsportwear.com" "-"
66.249.64.144 - - [08/Dec/2019:20:33:17 +0100] "GET /producto/rinonera-elastica-dorsal-cif-g221/ HTTP/1.1" 200 95777 "-" "Mozilla/5.0 (compatible; Googlebot/2.1; +http://www.google.com/bot.html)" "-"
66.249.64.144 - - [08/Dec/2019:20:33:28 +0100] "POST /?wc-ajax=get_refreshed_fragments HTTP/1.1" 200 1397 "https://amazingsportwear.com/producto/rinonera-elastica-dorsal-cif-g221/" "Mozilla/5.0 AppleWebKit/537.36 (KHTML, like Gecko; compatible; Googlebot/2.1; +http://www.google.com/bot.html) Safari/537.36" "_ga=GA1.2.931330593.1575763200; _gid=GA1.2.2074753562.1575763200; _gat_gtag_UA_91619287_1=1"
66.249.64.146 - - [08/Dec/2019:20:57:17 +0100] "GET /wp-content/uploads/2019/04/Gorra-sport-5-100x100.png HTTP/1.1" 304 3565 "-" "Googlebot-Image/1.0" "-"
217.76.130.90 - - [08/Dec/2019:20:57:55 +0100] "POST /wp-cron.php?doing_wp_cron=1575835075.5535950660705566406250 HTTP/1.1" 200 3389 "https://amazingsportwear.com/wp-cron.php?doing_wp_cron=1575835075.5535950660705566406250" "WordPress/5.2.4; https://amazingsportwear.com" "-"
66.249.64.144 - - [08/Dec/2019:20:57:52 +0100] "GET /etiqueta-producto/manga-ranglan/ HTTP/1.1" 200 58123 "-" "Mozilla/5.0 (Linux; Android 6.0.1; Nexus 5X Build/MMB29P) AppleWebKit/537.36 (KHTML, like Gecko) Chrome/41.0.2272.96 Mobile Safari/537.36 (compatible; Googlebot/2.1; +http://www.google.com/bot.html)" "-"
217.76.130.90 - - [08/Dec/2019:21:06:15 +0100] "POST /wp-cron.php?doing_wp_cron=1575835574.8444809913635253906250 HTTP/1.1" 200 3389 "https://amazingsportwear.com/wp-cron.php?doing_wp_cron=1575835574.8444809913635253906250" "WordPress/5.2.4; https://amazingsportwear.com" "-"
69.171.251.17 - - [08/Dec/2019:21:06:11 +0100] "GET / HTTP/1.1" 200 125585 "-" "facebookexternalhit/1.1 (+http://www.facebook.com/externalhit_uatext.php)" "-"
69.171.251.30 - - [08/Dec/2019:21:06:11 +0100] "GET / HTTP/1.1" 200 125570 "-" "facebookexternalhit/1.1 (+http://www.facebook.com/externalhit_uatext.php)" "-"
217.76.130.90 - - [08/Dec/2019:21:17:26 +0100] "POST /wp-cron.php?doing_wp_cron=1575836246.8106100559234619140625 HTTP/1.1" 200 3389 "https://amazingsportwear.com/wp-cron.php?doing_wp_cron=1575836246.8106100559234619140625" "WordPress/5.2.4; https://amazingsportwear.com" "-"
66.249.64.146 - - [08/Dec/2019:21:17:24 +0100] "GET /categoria-producto/deportes/motocross/ HTTP/1.1" 200 55904 "-" "Mozilla/5.0 (Linux; Android 6.0.1; Nexus 5X Build/MMB29P) AppleWebKit/537.36 (KHTML, like Gecko) Chrome/41.0.2272.96 Mobile Safari/537.36 (compatible; Googlebot/2.1; +http://www.google.com/bot.html)" "-"
217.76.130.90 - - [08/Dec/2019:21:21:02 +0100] "POST /wp-cron.php?doing_wp_cron=1575836462.2497649192810058593750 HTTP/1.1" 200 3389 "https://amazingsportwear.com/wp-cron.php?doing_wp_cron=1575836462.2497649192810058593750" "WordPress/5.2.4; https://amazingsportwear.com" "-"
66.249.64.144 - - [08/Dec/2019:21:21:00 +0100] "GET /categoria-producto/deportes/baloncesto/ HTTP/1.1" 200 62974 "-" "Mozilla/5.0 (Linux; Android 6.0.1; Nexus 5X Build/MMB29P) AppleWebKit/537.36 (KHTML, like Gecko) Chrome/41.0.2272.96 Mobile Safari/537.36 (compatible; Googlebot/2.1; +http://www.google.com/bot.html)" "-"
66.249.64.144 - - [08/Dec/2019:21:21:08 +0100] "GET /categoria-producto/mujer/sudaderas-mujer/ HTTP/1.1" 200 52237 "-" "Mozilla/5.0 (Linux; Android 6.0.1; Nexus 5X Build/MMB29P) AppleWebKit/537.36 (KHTML, like Gecko) Chrome/41.0.2272.96 Mobile Safari/537.36 (compatible; Googlebot/2.1; +http://www.google.com/bot.html)" "-"
66.249.64.146 - - [08/Dec/2019:21:21:11 +0100] "GET /categoria-producto/accesorios/gafas/ HTTP/1.1" 200 59997 "-" "Mozilla/5.0 (Linux; Android 6.0.1; Nexus 5X Build/MMB29P) AppleWebKit/537.36 (KHTML, like Gecko) Chrome/41.0.2272.96 Mobile Safari/537.36 (compatible; Googlebot/2.1; +http://www.google.com/bot.html)" "-"
83.33.70.214 - - [08/Dec/2019:21:25:11 +0100] "GET /wp-content/uploads/2019/08/FOTO-JORGE-BYN.jpg HTTP/1.1" 200 1664507 "https://www.google.es/" "Mozilla/5.0 (Windows NT 10.0; Win64; x64; rv:71.0) Gecko/20100101 Firefox/71.0" "-"
217.76.130.90 - - [08/Dec/2019:21:27:13 +0100] "POST /wp-cron.php?doing_wp_cron=1575836833.5334260463714599609375 HTTP/1.1" 200 164 "http://amazingsportwear.com/wp-cron.php?doing_wp_cron=1575836833.5334260463714599609375" "WordPress/5.2.4; https://amazingsportwear.com" "-"
209.50.60.207 - - [08/Dec/2019:21:27:10 +0100] "GET /wp-includes/SimplePie/Content/Type/images.php HTTP/1.1" 404 68037 "http://site.ru" "Mozilla/5.0 (Windows; U; Windows NT 5.1; en-US) AppleWebKit/533.4 (KHTML, like Gecko) Chrome/5.0.375.99 Safari/533.4" "-"
209.50.60.207 - - [08/Dec/2019:21:27:17 +0100] "GET /wp-includes/SimplePie/Content/Type/images.php HTTP/1.1" 404 68052 "http://site.ru" "Mozilla/5.0 (Windows; U; Windows NT 5.1; en-US) AppleWebKit/533.4 (KHTML, like Gecko) Chrome/5.0.375.99 Safari/533.4" "-"
66.249.64.144 - - [08/Dec/2019:21:31:25 +0100] "GET /wp-content/uploads/2019/04/Gorra-sport-8.png HTTP/1.1" 304 3566 "-" "Googlebot-Image/1.0" "-"
45.5.118.154 - - [08/Dec/2019:21:37:35 +0100] "GET /wp-content/uploads/2019/04/Gorra-sport-10.png HTTP/1.1" 200 60426 "https://www.google.com/" "Mozilla/5.0 (Linux; Android 8.0.0; SM-G930W8 Build/R16NW; wv) AppleWebKit/537.36 (KHTML, like Gecko) Version/4.0 Chrome/78.0.3904.108 Mobile Safari/537.36 GSA/10.87.15.21.arm64" "-"
217.76.130.90 - - [08/Dec/2019:21:53:33 +0100] "POST /wp-cron.php?doing_wp_cron=1575838413.7814130783081054687500 HTTP/1.1" 200 3389 "https://amazingsportwear.com/wp-cron.php?doing_wp_cron=1575838413.7814130783081054687500" "WordPress/5.2.4; https://amazingsportwear.com" "-"
66.249.64.144 - - [08/Dec/2019:21:53:30 +0100] "GET /categoria-producto/accesorios/linternas/ HTTP/1.1" 200 63566 "-" "Mozilla/5.0 (Linux; Android 6.0.1; Nexus 5X Build/MMB29P) AppleWebKit/537.36 (KHTML, like Gecko) Chrome/41.0.2272.96 Mobile Safari/537.36 (compatible; Googlebot/2.1; +http://www.google.com/bot.html)" "-"
217.76.130.90 - - [08/Dec/2019:21:54:30 +0100] "POST /wp-cron.php?doing_wp_cron=1575838470.6144270896911621093750 HTTP/1.1" 200 3389 "https://amazingsportwear.com/wp-cron.php?doing_wp_cron=1575838470.6144270896911621093750" "WordPress/5.2.4; https://amazingsportwear.com" "-"
66.249.64.144 - - [08/Dec/2019:21:54:30 +0100] "GET /categoria-producto/hombre/chubasqueros/ HTTP/1.1" 200 57154 "-" "Mozilla/5.0 (Linux; Android 6.0.1; Nexus 5X Build/MMB29P) AppleWebKit/537.36 (KHTML, like Gecko) Chrome/41.0.2272.96 Mobile Safari/537.36 (compatible; Googlebot/2.1; +http://www.google.com/bot.html)" "-"
217.76.130.90 - - [08/Dec/2019:21:56:58 +0100] "POST /wp-cron.php?doing_wp_cron=1575838618.5575320720672607421875 HTTP/1.1" 200 164 "http://amazingsportwear.com/wp-cron.php?doing_wp_cron=1575838618.5575320720672607421875" "WordPress/5.2.4; https://amazingsportwear.com" "-"
64.90.48.207 - - [08/Dec/2019:21:56:57 +0100] "GET /wp-content/themes/fincorp/about3.php HTTP/1.1" 404 67963 "http://site.ru" "Mozilla/5.0 (Windows; U; Windows NT 5.1; en-US) AppleWebKit/533.4 (KHTML, like Gecko) Chrome/5.0.375.99 Safari/533.4" "-"
217.76.130.90 - - [08/Dec/2019:21:59:04 +0100] "POST /wp-cron.php?doing_wp_cron=1575838744.0844550132751464843750 HTTP/1.1" 200 3389 "https://amazingsportwear.com/wp-cron.php?doing_wp_cron=1575838744.0844550132751464843750" "WordPress/5.2.4; https://amazingsportwear.com" "-"
66.249.64.146 - - [08/Dec/2019:21:59:03 +0100] "GET /producto/carpa-personalizada-modelo-3x3/ HTTP/1.1" 200 101521 "-" "Mozilla/5.0 (Linux; Android 6.0.1; Nexus 5X Build/MMB29P) AppleWebKit/537.36 (KHTML, like Gecko) Chrome/41.0.2272.96 Mobile Safari/537.36 (compatible; Googlebot/2.1; +http://www.google.com/bot.html)" "-"
66.249.64.146 - - [08/Dec/2019:22:11:46 +0100] "GET /wp-content/uploads/2019/07/slider4.jpg HTTP/1.1" 304 3566 "-" "Googlebot-Image/1.0" "-"
186.136.168.71 - - [08/Dec/2019:22:19:30 +0100] "GET /wp-content/uploads/2019/04/gorra-five-3.png HTTP/1.1" 200 84607 "https://www.google.com/" "Mozilla/5.0 (Windows NT 6.1; Win64; x64) AppleWebKit/537.36 (KHTML, like Gecko) Chrome/78.0.3904.108 Safari/537.36" "-"
186.136.168.71 - - [08/Dec/2019:22:20:01 +0100] "GET /wp-content/uploads/2019/04/gorra-bayon-6.png HTTP/1.1" 200 88616 "https://www.google.com/" "Mozilla/5.0 (Windows NT 6.1; Win64; x64) AppleWebKit/537.36 (KHTML, like Gecko) Chrome/78.0.3904.108 Safari/537.36" "-"
217.76.130.90 - - [08/Dec/2019:22:25:55 +0100] "POST /wp-cron.php?doing_wp_cron=1575840354.9785630702972412109375 HTTP/1.1" 200 3389 "https://amazingsportwear.com/wp-cron.php?doing_wp_cron=1575840354.9785630702972412109375" "WordPress/5.2.4; https://amazingsportwear.com" "-"
66.249.64.144 - - [08/Dec/2019:22:25:52 +0100] "GET /producto/mochila-decath/ HTTP/1.1" 200 96935 "-" "Mozilla/5.0 (compatible; Googlebot/2.1; +http://www.google.com/bot.html)" "-"
217.76.130.90 - - [08/Dec/2019:22:28:06 +0100] "POST /wp-cron.php?doing_wp_cron=1575840486.2631800174713134765625 HTTP/1.1" 200 3389 "https://amazingsportwear.com/wp-cron.php?doing_wp_cron=1575840486.2631800174713134765625" "WordPress/5.2.4; https://amazingsportwear.com" "-"
157.55.39.200 - - [08/Dec/2019:22:28:05 +0100] "GET /producto/bidon-iskan/ HTTP/1.1" 200 100220 "-" "Mozilla/5.0 (compatible; bingbot/2.0; +http://www.bing.com/bingbot.htm)" "-"
217.76.130.90 - - [08/Dec/2019:22:32:03 +0100] "POST /wp-cron.php?doing_wp_cron=1575840723.4738979339599609375000 HTTP/1.1" 200 3389 "https://amazingsportwear.com/wp-cron.php?doing_wp_cron=1575840723.4738979339599609375000" "WordPress/5.2.4; https://amazingsportwear.com" "-"
66.249.64.146 - - [08/Dec/2019:22:32:02 +0100] "GET /producto/braga-cuello-motocross/ HTTP/1.1" 200 97101 "-" "Mozilla/5.0 (Linux; Android 6.0.1; Nexus 5X Build/MMB29P) AppleWebKit/537.36 (KHTML, like Gecko) Chrome/41.0.2272.96 Mobile Safari/537.36 (compatible; Googlebot/2.1; +http://www.google.com/bot.html)" "-"
217.76.130.90 - - [08/Dec/2019:22:34:30 +0100] "POST /wp-cron.php?doing_wp_cron=1575840870.9323499202728271484375 HTTP/1.1" 200 3389 "https://amazingsportwear.com/wp-cron.php?doing_wp_cron=1575840870.9323499202728271484375" "WordPress/5.2.4; https://amazingsportwear.com" "-"
207.46.13.184 - - [08/Dec/2019:22:34:30 +0100] "GET /mi-cuenta/ HTTP/1.1" 200 57299 "-" "Mozilla/5.0 (compatible; bingbot/2.0; +http://www.bing.com/bingbot.htm)" "-"
217.76.130.90 - - [08/Dec/2019:22:36:18 +0100] "POST /wp-cron.php?doing_wp_cron=1575840978.7379539012908935546875 HTTP/1.1" 200 3389 "https://amazingsportwear.com/wp-cron.php?doing_wp_cron=1575840978.7379539012908935546875" "WordPress/5.2.4; https://amazingsportwear.com" "-"
66.220.149.21 - - [08/Dec/2019:22:36:13 +0100] "GET / HTTP/1.1" 200 125520 "-" "facebookexternalhit/1.1 (+http://www.facebook.com/externalhit_uatext.php)" "-"
66.220.149.21 - - [08/Dec/2019:22:36:21 +0100] "GET /contacta-con-nosotros HTTP/1.1" 301 319 "-" "facebookexternalhit/1.1 (+http://www.facebook.com/externalhit_uatext.php)" "-"
66.220.149.21 - - [08/Dec/2019:22:36:22 +0100] "GET /contacta-con-nosotros/ HTTP/1.1" 200 58196 "-" "facebookexternalhit/1.1 (+http://www.facebook.com/externalhit_uatext.php)" "-"
217.76.130.90 - - [08/Dec/2019:22:41:07 +0100] "POST /wp-cron.php?doing_wp_cron=1575841267.3657701015472412109375 HTTP/1.1" 200 3389 "https://amazingsportwear.com/wp-cron.php?doing_wp_cron=1575841267.3657701015472412109375" "WordPress/5.2.4; https://amazingsportwear.com" "-"
66.249.64.146 - - [08/Dec/2019:22:41:03 +0100] "GET /categoria-producto/mujer/faldas/ HTTP/1.1" 200 57115 "-" "Mozilla/5.0 (compatible; Googlebot/2.1; +http://www.google.com/bot.html)" "-"
157.55.39.31 - - [08/Dec/2019:22:41:17 +0100] "GET /robots.txt HTTP/1.1" 200 432 "-" "Mozilla/5.0 (compatible; bingbot/2.0; +http://www.bing.com/bingbot.htm)" "-"
40.77.189.123 - - [08/Dec/2019:22:41:21 +0100] "GET /wp-includes/js/wp-emoji-release.min.js?ver=5.2.4 HTTP/1.1" 200 17299 "https://amazingsportwear.com/categoria-producto/mujer/faldas/" "Mozilla/5.0 (Windows NT 6.1; WOW64) AppleWebKit/534+ (KHTML, like Gecko) BingPreview/1.0b" "-"
40.77.189.123 - - [08/Dec/2019:22:41:21 +0100] "GET /wp-includes/css/dist/block-library/style.min.css?ver=5.2.4 HTTP/1.1" 200 32776 "https://amazingsportwear.com/categoria-producto/mujer/faldas/" "Mozilla/5.0 (Windows NT 6.1; WOW64) AppleWebKit/534+ (KHTML, like Gecko) BingPreview/1.0b" "-"
40.77.189.123 - - [08/Dec/2019:22:41:21 +0100] "GET /wp-content/plugins/woocommerce/assets/css/blocks/style.css?ver=3.6.4 HTTP/1.1" 200 9813 "https://amazingsportwear.com/categoria-producto/mujer/faldas/" "Mozilla/5.0 (Windows NT 6.1; WOW64) AppleWebKit/534+ (KHTML, like Gecko) BingPreview/1.0b" "-"
40.77.189.123 - - [08/Dec/2019:22:41:21 +0100] "GET /wp-content/plugins/cookie-law-info/public/css/cookie-law-info-public.css?ver=1.7.6 HTTP/1.1" 200 6351 "https://amazingsportwear.com/categoria-producto/mujer/faldas/" "Mozilla/5.0 (Windows NT 6.1; WOW64) AppleWebKit/534+ (KHTML, like Gecko) BingPreview/1.0b" "-"
40.77.189.123 - - [08/Dec/2019:22:41:21 +0100] "GET /wp-content/plugins/wpfront-notification-bar/css/wpfront-notification-bar.css?ver=1.7.1 HTTP/1.1" 200 3607 "https://amazingsportwear.com/categoria-producto/mujer/faldas/" "Mozilla/5.0 (Windows NT 6.1; WOW64) AppleWebKit/534+ (KHTML, like Gecko) BingPreview/1.0b" "-"
40.77.189.123 - - [08/Dec/2019:22:41:21 +0100] "GET /wp-content/themes/shopper/assets/sass/woocommerce/woocommerce.css?ver=5.2.4 HTTP/1.1" 200 83478 "https://amazingsportwear.com/categoria-producto/mujer/faldas/" "Mozilla/5.0 (Windows NT 6.1; WOW64) AppleWebKit/534+ (KHTML, like Gecko) BingPreview/1.0b" "-"
40.77.189.123 - - [08/Dec/2019:22:41:21 +0100] "GET /wp-content/themes/shopper/style.css?ver=1.3.8 HTTP/1.1" 200 125259 "https://amazingsportwear.com/categoria-producto/mujer/faldas/" "Mozilla/5.0 (Windows NT 6.1; WOW64) AppleWebKit/534+ (KHTML, like Gecko) BingPreview/1.0b" "-"
40.77.189.123 - - [08/Dec/2019:22:41:23 +0100] "GET /wp-includes/js/jquery/jquery-migrate.min.js?ver=1.4.1 HTTP/1.1" 200 10343 "https://amazingsportwear.com/categoria-producto/mujer/faldas/" "Mozilla/5.0 (Windows NT 6.1; WOW64) AppleWebKit/534+ (KHTML, like Gecko) BingPreview/1.0b" "-"
40.77.189.123 - - [08/Dec/2019:22:41:24 +0100] "GET /wp-content/plugins/cookie-law-info/public/js/cookie-law-info-public.js?ver=1.7.6 HTTP/1.1" 200 17020 "https://amazingsportwear.com/categoria-producto/mujer/faldas/" "Mozilla/5.0 (Windows NT 6.1; WOW64) AppleWebKit/534+ (KHTML, like Gecko) BingPreview/1.0b" "-"
40.77.189.123 - - [08/Dec/2019:22:41:25 +0100] "GET /wp-content/plugins/wpfront-notification-bar/js/wpfront-notification-bar.js?ver=1.7.1 HTTP/1.1" 200 5606 "https://amazingsportwear.com/categoria-producto/mujer/faldas/" "Mozilla/5.0 (Windows NT 6.1; WOW64) AppleWebKit/534+ (KHTML, like Gecko) BingPreview/1.0b" "-"
40.77.189.123 - - [08/Dec/2019:22:41:27 +0100] "GET /wp-content/themes/shopper/assets/js/crm.js?ver=1561548510 HTTP/1.1" 200 818 "https://amazingsportwear.com/categoria-producto/mujer/faldas/" "Mozilla/5.0 (Windows NT 6.1; WOW64) AppleWebKit/534+ (KHTML, like Gecko) BingPreview/1.0b" "-"
40.77.189.123 - - [08/Dec/2019:22:41:27 +0100] "GET /wp-content/themes/shopper/assets/fonts/fontawesome-webfont.ttf?v=4.7.0 HTTP/1.1" 200 166122 "https://amazingsportwear.com/categoria-producto/mujer/faldas/" "Mozilla/5.0 (Windows NT 6.1; WOW64) AppleWebKit/534+ (KHTML, like Gecko) BingPreview/1.0b" "-"
40.77.189.123 - - [08/Dec/2019:22:41:28 +0100] "GET /wp-content/plugins/woocommerce/assets/js/jquery-blockui/jquery.blockUI.min.js?ver=2.70 HTTP/1.1" 200 9852 "https://amazingsportwear.com/categoria-producto/mujer/faldas/" "Mozilla/5.0 (Windows NT 6.1; WOW64) AppleWebKit/534+ (KHTML, like Gecko) BingPreview/1.0b" "-"
40.77.189.123 - - [08/Dec/2019:22:41:29 +0100] "GET /wp-content/plugins/woocommerce/assets/js/frontend/add-to-cart.min.js?ver=3.6.4 HTTP/1.1" 200 2927 "https://amazingsportwear.com/categoria-producto/mujer/faldas/" "Mozilla/5.0 (Windows NT 6.1; WOW64) AppleWebKit/534+ (KHTML, like Gecko) BingPreview/1.0b" "-"
40.77.189.123 - - [08/Dec/2019:22:41:29 +0100] "GET /wp-content/plugins/woocommerce/assets/js/js-cookie/js.cookie.min.js?ver=2.1.4 HTTP/1.1" 200 2131 "https://amazingsportwear.com/categoria-producto/mujer/faldas/" "Mozilla/5.0 (Windows NT 6.1; WOW64) AppleWebKit/534+ (KHTML, like Gecko) BingPreview/1.0b" "-"
40.77.189.123 - - [08/Dec/2019:22:41:30 +0100] "GET /wp-content/plugins/woocommerce/assets/js/frontend/cart-fragments.min.js?ver=3.6.4 HTTP/1.1" 200 3225 "https://amazingsportwear.com/categoria-producto/mujer/faldas/" "Mozilla/5.0 (Windows NT 6.1; WOW64) AppleWebKit/534+ (KHTML, like Gecko) BingPreview/1.0b" "-"
40.77.189.123 - - [08/Dec/2019:22:41:31 +0100] "GET /wp-content/themes/shopper/assets/js/skip-link-focus-fix.js?ver=1.3.8 HTTP/1.1" 200 967 "https://amazingsportwear.com/categoria-producto/mujer/faldas/" "Mozilla/5.0 (Windows NT 6.1; WOW64) AppleWebKit/534+ (KHTML, like Gecko) BingPreview/1.0b" "-"
40.77.189.123 - - [08/Dec/2019:22:41:31 +0100] "GET /wp-content/themes/shopper/assets/js/shopper.min.js?ver=1.3.8 HTTP/1.1" 200 5938 "https://amazingsportwear.com/categoria-producto/mujer/faldas/" "Mozilla/5.0 (Windows NT 6.1; WOW64) AppleWebKit/534+ (KHTML, like Gecko) BingPreview/1.0b" "-"
40.77.189.123 - - [08/Dec/2019:22:41:32 +0100] "GET /wp-content/themes/shopper/assets/js/woocommerce/header-cart.min.js?ver=1.3.8 HTTP/1.1" 200 916 "https://amazingsportwear.com/categoria-producto/mujer/faldas/" "Mozilla/5.0 (Windows NT 6.1; WOW64) AppleWebKit/534+ (KHTML, like Gecko) BingPreview/1.0b" "-"
40.77.189.123 - - [08/Dec/2019:22:41:33 +0100] "POST /?wc-ajax=get_refreshed_fragments HTTP/1.1" 200 1341 "https://amazingsportwear.com/categoria-producto/mujer/faldas/" "Mozilla/5.0 (Windows NT 6.1; WOW64) AppleWebKit/534+ (KHTML, like Gecko) BingPreview/1.0b" "-"
217.76.130.90 - - [08/Dec/2019:22:45:26 +0100] "POST /wp-cron.php?doing_wp_cron=1575841526.3462209701538085937500 HTTP/1.1" 200 3389 "https://amazingsportwear.com/wp-cron.php?doing_wp_cron=1575841526.3462209701538085937500" "WordPress/5.2.4; https://amazingsportwear.com" "-"
66.249.64.144 - - [08/Dec/2019:22:45:24 +0100] "GET /producto/mochila-blades/ HTTP/1.1" 200 103502 "-" "Mozilla/5.0 (compatible; Googlebot/2.1; +http://www.google.com/bot.html)" "-"
217.76.130.90 - - [08/Dec/2019:22:49:22 +0100] "POST /wp-cron.php?doing_wp_cron=1575841762.2667860984802246093750 HTTP/1.1" 200 164 "http://amazingsportwear.com/wp-cron.php?doing_wp_cron=1575841762.2667860984802246093750" "WordPress/5.2.4; https://amazingsportwear.com" "-"
83.35.92.107 - - [08/Dec/2019:22:49:20 +0100] "GET / HTTP/1.1" 301 336 "http://m.facebook.com/" "Mozilla/5.0 (Linux; Android 7.1.2; Redmi 4X Build/N2G47H; wv) AppleWebKit/537.36 (KHTML, like Gecko) Version/4.0 Chrome/78.0.3904.108 Mobile Safari/537.36 [FB_IAB/FB4A;FBAV/249.0.0.47.118;]" "-"
83.35.92.107 - - [08/Dec/2019:22:49:23 +0100] "GET / HTTP/1.1" 200 125803 "http://m.facebook.com/" "Mozilla/5.0 (Linux; Android 7.1.2; Redmi 4X Build/N2G47H; wv) AppleWebKit/537.36 (KHTML, like Gecko) Version/4.0 Chrome/78.0.3904.108 Mobile Safari/537.36 [FB_IAB/FB4A;FBAV/249.0.0.47.118;]" "-"
83.35.92.107 - - [08/Dec/2019:22:49:25 +0100] "GET /wp-includes/css/dist/block-library/style.min.css?ver=5.2.4 HTTP/1.1" 200 33023 "https://amazingsportwear.com/" "Mozilla/5.0 (Linux; Android 7.1.2; Redmi 4X Build/N2G47H; wv) AppleWebKit/537.36 (KHTML, like Gecko) Version/4.0 Chrome/78.0.3904.108 Mobile Safari/537.36 [FB_IAB/FB4A;FBAV/249.0.0.47.118;]" "wpfront-notification-bar-landingpage=1"
83.35.92.107 - - [08/Dec/2019:22:49:25 +0100] "GET /wp-content/plugins/woocommerce/assets/css/blocks/style.css?ver=3.6.4 HTTP/1.1" 200 6697 "https://amazingsportwear.com/" "Mozilla/5.0 (Linux; Android 7.1.2; Redmi 4X Build/N2G47H; wv) AppleWebKit/537.36 (KHTML, like Gecko) Version/4.0 Chrome/78.0.3904.108 Mobile Safari/537.36 [FB_IAB/FB4A;FBAV/249.0.0.47.118;]" "wpfront-notification-bar-landingpage=1"
83.35.92.107 - - [08/Dec/2019:22:49:25 +0100] "GET /wp-content/plugins/cookie-law-info/public/css/cookie-law-info-gdpr.css?ver=1.7.6 HTTP/1.1" 200 12583 "https://amazingsportwear.com/" "Mozilla/5.0 (Linux; Android 7.1.2; Redmi 4X Build/N2G47H; wv) AppleWebKit/537.36 (KHTML, like Gecko) Version/4.0 Chrome/78.0.3904.108 Mobile Safari/537.36 [FB_IAB/FB4A;FBAV/249.0.0.47.118;]" "wpfront-notification-bar-landingpage=1"
83.35.92.107 - - [08/Dec/2019:22:49:25 +0100] "GET /wp-content/plugins/cookie-law-info/public/css/cookie-law-info-public.css?ver=1.7.6 HTTP/1.1" 200 3373 "https://amazingsportwear.com/" "Mozilla/5.0 (Linux; Android 7.1.2; Redmi 4X Build/N2G47H; wv) AppleWebKit/537.36 (KHTML, like Gecko) Version/4.0 Chrome/78.0.3904.108 Mobile Safari/537.36 [FB_IAB/FB4A;FBAV/249.0.0.47.118;]" "wpfront-notification-bar-landingpage=1"
83.35.92.107 - - [08/Dec/2019:22:49:25 +0100] "GET /wp-content/plugins/wpfront-notification-bar/css/wpfront-notification-bar.css?ver=1.7.1 HTTP/1.1" 200 3801 "https://amazingsportwear.com/" "Mozilla/5.0 (Linux; Android 7.1.2; Redmi 4X Build/N2G47H; wv) AppleWebKit/537.36 (KHTML, like Gecko) Version/4.0 Chrome/78.0.3904.108 Mobile Safari/537.36 [FB_IAB/FB4A;FBAV/249.0.0.47.118;]" "wpfront-notification-bar-landingpage=1"
83.35.92.107 - - [08/Dec/2019:22:49:25 +0100] "GET /wp-content/themes/shopper/style.css?ver=1.3.8 HTTP/1.1" 200 125453 "https://amazingsportwear.com/" "Mozilla/5.0 (Linux; Android 7.1.2; Redmi 4X Build/N2G47H; wv) AppleWebKit/537.36 (KHTML, like Gecko) Version/4.0 Chrome/78.0.3904.108 Mobile Safari/537.36 [FB_IAB/FB4A;FBAV/249.0.0.47.118;]" "wpfront-notification-bar-landingpage=1"
83.35.92.107 - - [08/Dec/2019:22:49:25 +0100] "GET /wp-includes/js/wp-emoji-release.min.js?ver=5.2.4 HTTP/1.1" 200 14183 "https://amazingsportwear.com/" "Mozilla/5.0 (Linux; Android 7.1.2; Redmi 4X Build/N2G47H; wv) AppleWebKit/537.36 (KHTML, like Gecko) Version/4.0 Chrome/78.0.3904.108 Mobile Safari/537.36 [FB_IAB/FB4A;FBAV/249.0.0.47.118;]" "wpfront-notification-bar-landingpage=1"
83.35.92.107 - - [08/Dec/2019:22:49:25 +0100] "GET /wp-content/plugins/simple-social-icons/css/style.css?ver=3.0.1 HTTP/1.1" 200 1562 "https://amazingsportwear.com/" "Mozilla/5.0 (Linux; Android 7.1.2; Redmi 4X Build/N2G47H; wv) AppleWebKit/537.36 (KHTML, like Gecko) Version/4.0 Chrome/78.0.3904.108 Mobile Safari/537.36 [FB_IAB/FB4A;FBAV/249.0.0.47.118;]" "wpfront-notification-bar-landingpage=1"
83.35.92.107 - - [08/Dec/2019:22:49:25 +0100] "GET /wp-content/plugins/elementor/assets/lib/eicons/css/elementor-icons.min.css?ver=4.3.0 HTTP/1.1" 200 11850 "https://amazingsportwear.com/" "Mozilla/5.0 (Linux; Android 7.1.2; Redmi 4X Build/N2G47H; wv) AppleWebKit/537.36 (KHTML, like Gecko) Version/4.0 Chrome/78.0.3904.108 Mobile Safari/537.36 [FB_IAB/FB4A;FBAV/249.0.0.47.118;]" "wpfront-notification-bar-landingpage=1"
83.35.92.107 - - [08/Dec/2019:22:49:25 +0100] "GET /wp-content/plugins/elementor/assets/lib/font-awesome/css/font-awesome.min.css?ver=4.7.0 HTTP/1.1" 200 31365 "https://amazingsportwear.com/" "Mozilla/5.0 (Linux; Android 7.1.2; Redmi 4X Build/N2G47H; wv) AppleWebKit/537.36 (KHTML, like Gecko) Version/4.0 Chrome/78.0.3904.108 Mobile Safari/537.36 [FB_IAB/FB4A;FBAV/249.0.0.47.118;]" "wpfront-notification-bar-landingpage=1"
83.35.92.107 - - [08/Dec/2019:22:49:25 +0100] "GET /wp-content/plugins/elementor/assets/lib/animations/animations.min.css?ver=2.5.16 HTTP/1.1" 200 18833 "https://amazingsportwear.com/" "Mozilla/5.0 (Linux; Android 7.1.2; Redmi 4X Build/N2G47H; wv) AppleWebKit/537.36 (KHTML, like Gecko) Version/4.0 Chrome/78.0.3904.108 Mobile Safari/537.36 [FB_IAB/FB4A;FBAV/249.0.0.47.118;]" "wpfront-notification-bar-landingpage=1"
