42.87.77.85 - - [19/Nov/2019:00:18:02 +0100] "GET /wp-content/uploads/2018/04/pf-39085-colores-1.jpg HTTP/1.1" 200 23637 "-" "Mozilla/5.0(Linux;U;Android 5.1.1;zh-CN;OPPO A33 Build/LMY47V) AppleWebKit/537.36(KHTML,like Gecko) Version/4.0 Chrome/40.0.2214.89 UCBrowser/11.7.0.953 Mobile Safari/537.36" "-"
189.162.98.181 - - [19/Nov/2019:00:19:23 +0100] "GET /wp-content/uploads/2019/04/Gorra-sport-6.png HTTP/1.1" 200 44628 "https://www.google.com/" "Mozilla/5.0 (Windows NT 10.0; Win64; x64) AppleWebKit/537.36 (KHTML, like Gecko) Chrome/77.0.3865.120 Safari/537.36" "-"
217.76.130.90 - - [19/Nov/2019:00:22:10 +0100] "POST /wp-cron.php?doing_wp_cron=1574119329.8151099681854248046875 HTTP/1.1" 200 3389 "https://amazingsportwear.com/wp-cron.php?doing_wp_cron=1574119329.8151099681854248046875" "WordPress/5.2.4; https://amazingsportwear.com" "-"
66.249.66.66 - - [19/Nov/2019:00:22:04 +0100] "GET /producto/camiseta-tecnica-nath-combi/ HTTP/1.1" 200 107584 "-" "Mozilla/5.0 (Linux; Android 6.0.1; Nexus 5X Build/MMB29P) AppleWebKit/537.36 (KHTML, like Gecko) Chrome/41.0.2272.96 Mobile Safari/537.36 (compatible; Googlebot/2.1; +http://www.google.com/bot.html)" "-"
66.249.66.68 - - [19/Nov/2019:00:22:17 +0100] "POST /?wc-ajax=get_refreshed_fragments HTTP/1.1" 200 4760 "https://amazingsportwear.com/producto/camiseta-tecnica-nath-combi/" "Mozilla/5.0 (Linux; Android 6.0.1; Nexus 5X Build/MMB29P) AppleWebKit/537.36 (KHTML, like Gecko) Chrome/41.0.2272.96 Mobile Safari/537.36 (compatible; Googlebot/2.1; +http://www.google.com/bot.html)" "_ga=GA1.2.969013651.1574035200; _gid=GA1.2.1978218920.1574035200; _gat_gtag_UA_91619287_1=1"
190.111.91.162 - - [19/Nov/2019:00:23:57 +0100] "GET /wp-content/uploads/2019/04/Gorra-sport-10.png HTTP/1.1" 200 60426 "https://www.google.com/" "Mozilla/5.0 (Windows NT 6.1) AppleWebKit/537.36 (KHTML, like Gecko) Chrome/78.0.3904.97 Safari/537.36" "-"
217.76.130.90 - - [19/Nov/2019:00:25:29 +0100] "POST /wp-cron.php?doing_wp_cron=1574119529.2770669460296630859375 HTTP/1.1" 200 3389 "https://amazingsportwear.com/wp-cron.php?doing_wp_cron=1574119529.2770669460296630859375" "WordPress/5.2.4; https://amazingsportwear.com" "-"
18.237.120.187 - - [19/Nov/2019:00:25:28 +0100] "GET / HTTP/1.1" 200 125540 "-" "Mozilla/5.0 (Windows NT 6.1; Win64; x64) AppleWebKit/537.36 (KHTML, like Gecko) Chrome/72.0.3626.109 Safari/537.36" "-"
201.160.140.30 - - [19/Nov/2019:00:29:11 +0100] "GET /wp-content/uploads/2019/04/Gorra-sport-10.png HTTP/1.1" 200 60426 "https://www.google.com/" "Mozilla/5.0 (Windows NT 10.0; Win64; x64) AppleWebKit/537.36 (KHTML, like Gecko) Chrome/78.0.3904.97 Safari/537.36" "-"
217.76.130.90 - - [19/Nov/2019:00:33:59 +0100] "POST /wp-cron.php?doing_wp_cron=1574120039.5343520641326904296875 HTTP/1.1" 200 3389 "https://amazingsportwear.com/wp-cron.php?doing_wp_cron=1574120039.5343520641326904296875" "WordPress/5.2.4; https://amazingsportwear.com" "-"
17.58.96.188 - - [19/Nov/2019:00:33:56 +0100] "GET /contacta-con-nosotros/ HTTP/1.1" 200 62124 "-" "Mozilla/5.0 (Macintosh; Intel Mac OS X 10_10_1) AppleWebKit/600.2.5 (KHTML, like Gecko) Version/8.0.2 Safari/600.2.5 (Applebot/0.1; +http://www.apple.com/go/applebot)" "-"
190.236.127.95 - - [19/Nov/2019:00:35:04 +0100] "GET /wp-content/uploads/2019/04/Gorra-sport-10.png HTTP/1.1" 200 60426 "https://www.google.com/" "Mozilla/5.0 (Windows NT 10.0; Win64; x64) AppleWebKit/537.36 (KHTML, like Gecko) Chrome/78.0.3904.97 Safari/537.36" "-"
190.236.127.95 - - [19/Nov/2019:00:35:46 +0100] "GET /wp-content/uploads/2019/04/gorra-lorenz-4.png HTTP/1.1" 200 74749 "https://www.google.com/" "Mozilla/5.0 (Windows NT 10.0; Win64; x64) AppleWebKit/537.36 (KHTML, like Gecko) Chrome/78.0.3904.97 Safari/537.36" "-"
190.236.127.95 - - [19/Nov/2019:00:37:28 +0100] "GET /wp-content/uploads/2019/04/gorra-konlun-5.png HTTP/1.1" 200 79698 "https://www.google.com/" "Mozilla/5.0 (Windows NT 10.0; Win64; x64) AppleWebKit/537.36 (KHTML, like Gecko) Chrome/78.0.3904.97 Safari/537.36" "-"
217.76.130.90 - - [19/Nov/2019:00:41:45 +0100] "POST /wp-cron.php?doing_wp_cron=1574120505.7151350975036621093750 HTTP/1.1" 200 3389 "https://amazingsportwear.com/wp-cron.php?doing_wp_cron=1574120505.7151350975036621093750" "WordPress/5.2.4; https://amazingsportwear.com" "-"
66.249.66.66 - - [19/Nov/2019:00:41:43 +0100] "GET /producto/camiseta-manga-corta-futbol/ HTTP/1.1" 200 94820 "-" "Mozilla/5.0 (Linux; Android 6.0.1; Nexus 5X Build/MMB29P) AppleWebKit/537.36 (KHTML, like Gecko) Chrome/41.0.2272.96 Mobile Safari/537.36 (compatible; Googlebot/2.1; +http://www.google.com/bot.html)" "-"
217.76.130.90 - - [19/Nov/2019:00:50:15 +0100] "POST /wp-cron.php?doing_wp_cron=1574121015.8692200183868408203125 HTTP/1.1" 200 164 "http://amazingsportwear.com/wp-cron.php?doing_wp_cron=1574121015.8692200183868408203125" "WordPress/5.2.4; https://amazingsportwear.com" "-"
62.210.83.78 - - [19/Nov/2019:00:50:12 +0100] "GET / HTTP/1.1" 301 336 "-" "Mozilla/5.0 (Windows NT 10.0; Win64; x64; rv:67.0) Gecko/20100101 Firefox/67.0" "-"
62.210.83.78 - - [19/Nov/2019:00:50:26 +0100] "GET / HTTP/1.1" 200 125735 "-" "Mozilla/5.0 (Windows NT 10.0; Win64; x64; rv:67.0) Gecko/20100101 Firefox/67.0" "wpfront-notification-bar-landingpage=1"
217.76.130.90 - - [19/Nov/2019:00:55:52 +0100] "POST /wp-cron.php?doing_wp_cron=1574121352.4909229278564453125000 HTTP/1.1" 200 164 "http://amazingsportwear.com/wp-cron.php?doing_wp_cron=1574121352.4909229278564453125000" "WordPress/5.2.4; https://amazingsportwear.com" "-"
157.55.39.247 - - [19/Nov/2019:00:55:51 +0100] "GET /atletismo/182-chaleco-cortavientos-sublimado-asw.html HTTP/1.1" 404 68097 "-" "Mozilla/5.0 (iPhone; CPU iPhone OS 7_0 like Mac OS X) AppleWebKit/537.51.1 (KHTML, like Gecko) Version/7.0 Mobile/11A465 Safari/9537.53 (compatible; bingbot/2.0; +http://www.bing.com/bingbot.htm)" "-"
66.249.66.70 - - [19/Nov/2019:01:08:05 +0100] "GET /wp-content/uploads/2018/04/cat-4725-colores-1.jpg HTTP/1.1" 200 18626 "-" "Googlebot-Image/1.0" "-"
217.76.130.90 - - [19/Nov/2019:01:17:58 +0100] "POST /wp-cron.php?doing_wp_cron=1574122678.1138050556182861328125 HTTP/1.1" 200 3389 "https://amazingsportwear.com/wp-cron.php?doing_wp_cron=1574122678.1138050556182861328125" "WordPress/5.2.4; https://amazingsportwear.com" "-"
66.249.66.68 - - [19/Nov/2019:01:17:54 +0100] "GET /producto/braga-cuello-asw-f07/ HTTP/1.1" 200 96812 "-" "Mozilla/5.0 (Linux; Android 6.0.1; Nexus 5X Build/MMB29P) AppleWebKit/537.36 (KHTML, like Gecko) Chrome/41.0.2272.96 Mobile Safari/537.36 (compatible; Googlebot/2.1; +http://www.google.com/bot.html)" "-"
217.76.130.90 - - [19/Nov/2019:01:18:03 +0100] "POST /wp-cron.php?doing_wp_cron=1574122683.0730049610137939453125 HTTP/1.1" 200 3389 "https://amazingsportwear.com/wp-cron.php?doing_wp_cron=1574122683.0730049610137939453125" "WordPress/5.2.4; https://amazingsportwear.com" "-"
66.249.66.70 - - [19/Nov/2019:01:18:02 +0100] "POST /?wc-ajax=get_refreshed_fragments HTTP/1.1" 200 4760 "https://amazingsportwear.com/producto/braga-cuello-asw-f07/" "Mozilla/5.0 (Linux; Android 6.0.1; Nexus 5X Build/MMB29P) AppleWebKit/537.36 (KHTML, like Gecko) Chrome/41.0.2272.96 Mobile Safari/537.36 (compatible; Googlebot/2.1; +http://www.google.com/bot.html)" "_ga=GA1.2.969013651.1574121600; _gid=GA1.2.1978218920.1574121600; _gat_gtag_UA_91619287_1=1"
190.152.236.177 - - [19/Nov/2019:01:19:35 +0100] "GET /wp-content/uploads/2019/04/Gorra-sport-10.png HTTP/1.1" 200 60426 "https://www.google.com/" "Mozilla/5.0 (Linux; Android 5.0; SM-G900V) AppleWebKit/537.36 (KHTML, like Gecko) Chrome/78.0.3904.96 Mobile Safari/537.36" "-"
217.76.130.90 - - [19/Nov/2019:01:20:13 +0100] "POST /wp-cron.php?doing_wp_cron=1574122813.2146210670471191406250 HTTP/1.1" 200 164 "http://amazingsportwear.com/wp-cron.php?doing_wp_cron=1574122813.2146210670471191406250" "WordPress/5.2.4; https://amazingsportwear.com" "-"
18.236.243.221 - - [19/Nov/2019:01:20:12 +0100] "GET / HTTP/1.1" 301 279 "-" "Go-http-client/1.1" "-"
45.235.14.219 - - [19/Nov/2019:01:22:54 +0100] "GET /wp-content/uploads/2019/04/Gorra-sport-12.png HTTP/1.1" 200 95673 "https://www.google.com/" "Mozilla/5.0 (Windows NT 10.0; Win64; x64) AppleWebKit/537.36 (KHTML, like Gecko) Chrome/78.0.3904.97 Safari/537.36" "-"
181.115.11.36 - - [19/Nov/2019:01:23:32 +0100] "GET /wp-content/uploads/2019/04/Gorra-sport-6.png HTTP/1.1" 200 44623 "https://www.google.com/" "Mozilla/5.0 (Windows NT 10.0; Win64; x64) AppleWebKit/537.36 (KHTML, like Gecko) Chrome/78.0.3904.97 Safari/537.36" "-"
217.76.130.90 - - [19/Nov/2019:01:34:06 +0100] "POST /wp-cron.php?doing_wp_cron=1574123646.5870800018310546875000 HTTP/1.1" 200 3389 "https://amazingsportwear.com/wp-cron.php?doing_wp_cron=1574123646.5870800018310546875000" "WordPress/5.2.4; https://amazingsportwear.com" "-"
157.55.39.92 - - [19/Nov/2019:01:34:05 +0100] "GET /pago-seguro/ HTTP/1.1" 200 61008 "-" "Mozilla/5.0 (compatible; bingbot/2.0; +http://www.bing.com/bingbot.htm)" "-"
217.76.130.90 - - [19/Nov/2019:01:39:48 +0100] "POST /wp-cron.php?doing_wp_cron=1574123988.4510650634765625000000 HTTP/1.1" 200 3389 "https://amazingsportwear.com/wp-cron.php?doing_wp_cron=1574123988.4510650634765625000000" "WordPress/5.2.4; https://amazingsportwear.com" "-"
66.249.66.66 - - [19/Nov/2019:01:39:47 +0100] "GET /producto/mochila-tipo-saco-cat-3164/ HTTP/1.1" 200 103119 "-" "Mozilla/5.0 (Linux; Android 6.0.1; Nexus 5X Build/MMB29P) AppleWebKit/537.36 (KHTML, like Gecko) Chrome/41.0.2272.96 Mobile Safari/537.36 (compatible; Googlebot/2.1; +http://www.google.com/bot.html)" "-"
66.249.66.66 - - [19/Nov/2019:01:39:53 +0100] "POST /?wc-ajax=get_refreshed_fragments HTTP/1.1" 200 1397 "https://amazingsportwear.com/producto/mochila-tipo-saco-cat-3164/" "Mozilla/5.0 (Linux; Android 6.0.1; Nexus 5X Build/MMB29P) AppleWebKit/537.36 (KHTML, like Gecko) Chrome/41.0.2272.96 Mobile Safari/537.36 (compatible; Googlebot/2.1; +http://www.google.com/bot.html)" "_ga=GA1.2.969013651.1574121600; _gid=GA1.2.1978218920.1574121600; _gat_gtag_UA_91619287_1=1"
217.76.130.90 - - [19/Nov/2019:01:40:14 +0100] "POST /wp-cron.php?doing_wp_cron=1574124014.8932929039001464843750 HTTP/1.1" 200 3389 "https://amazingsportwear.com/wp-cron.php?doing_wp_cron=1574124014.8932929039001464843750" "WordPress/5.2.4; https://amazingsportwear.com" "-"
66.249.66.70 - - [19/Nov/2019:01:40:14 +0100] "GET /producto/mochila-tipo-saco-cat-3164/ HTTP/1.1" 200 103089 "-" "Mozilla/5.0 (Linux; Android 6.0.1; Nexus 5X Build/MMB29P) AppleWebKit/537.36 (KHTML, like Gecko) Chrome/41.0.2272.96 Mobile Safari/537.36 (compatible; Googlebot/2.1; +http://www.google.com/bot.html)" "-"
216.244.66.250 - - [19/Nov/2019:01:44:44 +0100] "GET /robots.txt HTTP/1.1" 404 628 "-" "Mozilla/5.0 (compatible; DotBot/1.1; http://www.opensiteexplorer.org/dotbot, help@moz.com)" "-"
217.76.130.90 - - [19/Nov/2019:01:58:33 +0100] "POST /wp-cron.php?doing_wp_cron=1574125113.0449070930480957031250 HTTP/1.1" 200 164 "http://amazingsportwear.com/wp-cron.php?doing_wp_cron=1574125113.0449070930480957031250" "WordPress/5.2.4; https://amazingsportwear.com" "-"
66.249.66.87 - - [19/Nov/2019:01:58:32 +0100] "GET /tienda/228-polo-tecnico-kiso-mujer-pf-39085.html HTTP/1.1" 404 68092 "-" "Mozilla/5.0 (Linux; Android 6.0.1; Nexus 5X Build/MMB29P) AppleWebKit/537.36 (KHTML, like Gecko) Chrome/41.0.2272.96 Mobile Safari/537.36 (compatible; Googlebot/2.1; +http://www.google.com/bot.html)" "-"
217.76.130.90 - - [19/Nov/2019:02:16:27 +0100] "POST /wp-cron.php?doing_wp_cron=1574126187.6917240619659423828125 HTTP/1.1" 200 3389 "https://amazingsportwear.com/wp-cron.php?doing_wp_cron=1574126187.6917240619659423828125" "WordPress/5.2.4; https://amazingsportwear.com" "-"
66.249.66.68 - - [19/Nov/2019:02:16:25 +0100] "GET /producto/gorra-sport/ HTTP/1.1" 200 101881 "-" "Mozilla/5.0 (Linux; Android 6.0.1; Nexus 5X Build/MMB29P) AppleWebKit/537.36 (KHTML, like Gecko) Chrome/41.0.2272.96 Mobile Safari/537.36 (compatible; Googlebot/2.1; +http://www.google.com/bot.html)" "-"
66.249.66.68 - - [19/Nov/2019:02:16:33 +0100] "POST /?wc-ajax=get_refreshed_fragments HTTP/1.1" 200 1397 "https://amazingsportwear.com/producto/gorra-sport/" "Mozilla/5.0 (Linux; Android 6.0.1; Nexus 5X Build/MMB29P) AppleWebKit/537.36 (KHTML, like Gecko) Chrome/41.0.2272.96 Mobile Safari/537.36 (compatible; Googlebot/2.1; +http://www.google.com/bot.html)" "_ga=GA1.2.969013651.1574121600; _gid=GA1.2.1978218920.1574121600; _gat_gtag_UA_91619287_1=1"
217.76.130.90 - - [19/Nov/2019:02:22:31 +0100] "POST /wp-cron.php?doing_wp_cron=1574126551.1148629188537597656250 HTTP/1.1" 200 3389 "https://amazingsportwear.com/wp-cron.php?doing_wp_cron=1574126551.1148629188537597656250" "WordPress/5.2.4; https://amazingsportwear.com" "-"
137.226.113.27 - - [19/Nov/2019:02:22:30 +0100] "GET / HTTP/1.1" 301 3504 "-" "Mozilla/5.0 zgrab/0.x (compatible; Researchscan/t12sns; +http://researchscan.comsys.rwth-aachen.de)" "-"
217.76.130.90 - - [19/Nov/2019:02:33:03 +0100] "POST /wp-cron.php?doing_wp_cron=1574127183.6024110317230224609375 HTTP/1.1" 200 164 "http://amazingsportwear.com/wp-cron.php?doing_wp_cron=1574127183.6024110317230224609375" "WordPress/5.2.4; https://amazingsportwear.com" "-"
95.152.50.151 - - [19/Nov/2019:02:33:02 +0100] "GET / HTTP/1.0" 301 265 "http://amazingsportwear.com/" "Mozilla/5.0 (Windows NT 6.1) AppleWebKit/537.36 (KHTML, like Gecko) Chrome/67.0.3396.87 Safari/537.36" "-"
95.152.50.151 - - [19/Nov/2019:02:33:04 +0100] "GET / HTTP/1.0" 200 124705 "https://amazingsportwear.com/" "Mozilla/5.0 (Windows NT 6.1) AppleWebKit/537.36 (KHTML, like Gecko) Chrome/67.0.3396.87 Safari/537.36" "wpfront-notification-bar-landingpage=1"
95.152.50.151 - - [19/Nov/2019:02:33:06 +0100] "POST / HTTP/1.0" 200 125070 "https://amazingsportwear.com/" "Mozilla/5.0 (Windows NT 6.1) AppleWebKit/537.36 (KHTML, like Gecko) Chrome/67.0.3396.87 Safari/537.36" "wpfront-notification-bar-landingpage=1"
95.152.50.151 - - [19/Nov/2019:02:33:09 +0100] "GET /wp-login.php HTTP/1.0" 200 7877 "https://amazingsportwear.com/wp-login.php" "Mozilla/5.0 (Windows NT 6.1) AppleWebKit/537.36 (KHTML, like Gecko) Chrome/67.0.3396.87 Safari/537.36" "wpfront-notification-bar-landingpage=1"
95.152.50.151 - - [19/Nov/2019:02:33:10 +0100] "POST /wp-login.php HTTP/1.0" 200 8847 "https://amazingsportwear.com/wp-login.php" "Mozilla/5.0 (Windows NT 6.1) AppleWebKit/537.36 (KHTML, like Gecko) Chrome/67.0.3396.87 Safari/537.36" "wpfront-notification-bar-landingpage=1; wordpress_test_cookie=WP+Cookie+check"
95.152.50.151 - - [19/Nov/2019:02:33:11 +0100] "GET / HTTP/1.0" 301 213 "http://amazingsportwear.com/" "Mozilla/5.0 (Windows NT 6.1) AppleWebKit/537.36 (KHTML, like Gecko) Chrome/67.0.3396.87 Safari/537.36" "wpfront-notification-bar-landingpage=1; wordpress_test_cookie=WP+Cookie+check"
95.152.50.151 - - [19/Nov/2019:02:33:12 +0100] "GET /contacta-con-nosotros/ HTTP/1.0" 200 61697 "https://amazingsportwear.com/contacta-con-nosotros/" "Mozilla/5.0 (Windows NT 6.1) AppleWebKit/537.36 (KHTML, like Gecko) Chrome/67.0.3396.87 Safari/537.36" "wpfront-notification-bar-landingpage=1; wordpress_test_cookie=WP+Cookie+check"
95.152.50.151 - - [19/Nov/2019:02:33:17 +0100] "POST /contacta-con-nosotros/ HTTP/1.0" 200 63491 "https://amazingsportwear.com/contacta-con-nosotros/" "Mozilla/5.0 (Windows NT 6.1) AppleWebKit/537.36 (KHTML, like Gecko) Chrome/67.0.3396.87 Safari/537.36" "wpfront-notification-bar-landingpage=1; wordpress_test_cookie=WP+Cookie+check"
95.152.50.151 - - [19/Nov/2019:02:33:18 +0100] "GET /contacta-con-nosotros/ HTTP/1.0" 200 61697 "https://amazingsportwear.com/contacta-con-nosotros/" "Mozilla/5.0 (Windows NT 6.1) AppleWebKit/537.36 (KHTML, like Gecko) Chrome/67.0.3396.87 Safari/537.36" "wpfront-notification-bar-landingpage=1; wordpress_test_cookie=WP+Cookie+check"
95.152.50.151 - - [19/Nov/2019:02:33:20 +0100] "GET /contacta-con-nosotros/ HTTP/1.0" 200 61682 "https://amazingsportwear.com/contacta-con-nosotros/" "Mozilla/5.0 (Windows NT 6.1) AppleWebKit/537.36 (KHTML, like Gecko) Chrome/67.0.3396.87 Safari/537.36" "wpfront-notification-bar-landingpage=1; wordpress_test_cookie=WP+Cookie+check"
190.183.60.71 - - [19/Nov/2019:02:41:48 +0100] "GET /wp-content/uploads/2019/04/Gorra-harum-2.png HTTP/1.1" 200 53515 "https://www.google.com/" "Mozilla/5.0 (Windows NT 10.0; Win64; x64) AppleWebKit/537.36 (KHTML, like Gecko) Chrome/78.0.3904.97 Safari/537.36" "-"
217.76.130.90 - - [19/Nov/2019:02:45:17 +0100] "POST /wp-cron.php?doing_wp_cron=1574127917.5300400257110595703125 HTTP/1.1" 200 3389 "https://amazingsportwear.com/wp-cron.php?doing_wp_cron=1574127917.5300400257110595703125" "WordPress/5.2.4; https://amazingsportwear.com" "-"
66.249.66.68 - - [19/Nov/2019:02:45:17 +0100] "POST /?wc-ajax=get_refreshed_fragments HTTP/1.1" 200 4760 "https://amazingsportwear.com/producto/gorra-nino-sportkid/" "Mozilla/5.0 (Linux; Android 6.0.1; Nexus 5X Build/MMB29P) AppleWebKit/537.36 (KHTML, like Gecko) Chrome/41.0.2272.96 Mobile Safari/537.36 (compatible; Googlebot/2.1; +http://www.google.com/bot.html)" "-"
66.249.66.68 - - [19/Nov/2019:02:45:53 +0100] "GET /producto/gorra-tecnica-2/ HTTP/1.1" 200 96117 "-" "Mozilla/5.0 (Linux; Android 6.0.1; Nexus 5X Build/MMB29P) AppleWebKit/537.36 (KHTML, like Gecko) Chrome/41.0.2272.96 Mobile Safari/537.36 (compatible; Googlebot/2.1; +http://www.google.com/bot.html)" "-"
217.76.130.90 - - [19/Nov/2019:02:50:59 +0100] "POST /wp-cron.php?doing_wp_cron=1574128259.4784181118011474609375 HTTP/1.1" 200 3389 "https://amazingsportwear.com/wp-cron.php?doing_wp_cron=1574128259.4784181118011474609375" "WordPress/5.2.4; https://amazingsportwear.com" "-"
157.55.39.92 - - [19/Nov/2019:02:50:58 +0100] "GET /producto/lavero-triumph/ HTTP/1.1" 200 94488 "-" "Mozilla/5.0 (compatible; bingbot/2.0; +http://www.bing.com/bingbot.htm)" "-"
217.76.130.90 - - [19/Nov/2019:02:53:57 +0100] "POST /wp-cron.php?doing_wp_cron=1574128436.9811420440673828125000 HTTP/1.1" 200 3389 "https://amazingsportwear.com/wp-cron.php?doing_wp_cron=1574128436.9811420440673828125000" "WordPress/5.2.4; https://amazingsportwear.com" "-"
66.249.69.212 - - [19/Nov/2019:02:53:56 +0100] "GET /producto/gorra-bayon/ HTTP/1.1" 200 100386 "-" "Mozilla/5.0 (Linux; Android 6.0.1; Nexus 5X Build/MMB29P) AppleWebKit/537.36 (KHTML, like Gecko) Chrome/41.0.2272.96 Mobile Safari/537.36 (compatible; Googlebot/2.1; +http://www.google.com/bot.html)" "-"
66.249.66.70 - - [19/Nov/2019:02:54:00 +0100] "POST /?wc-ajax=get_refreshed_fragments HTTP/1.1" 200 4760 "https://amazingsportwear.com/producto/gorra-bayon/" "Mozilla/5.0 (Linux; Android 6.0.1; Nexus 5X Build/MMB29P) AppleWebKit/537.36 (KHTML, like Gecko) Chrome/41.0.2272.96 Mobile Safari/537.36 (compatible; Googlebot/2.1; +http://www.google.com/bot.html)" "_ga=GA1.2.969013651.1574121600; _gid=GA1.2.1978218920.1574121600; _gat_gtag_UA_91619287_1=1"
217.76.130.90 - - [19/Nov/2019:02:59:18 +0100] "POST /wp-cron.php?doing_wp_cron=1574128758.4798231124877929687500 HTTP/1.1" 200 3389 "https://amazingsportwear.com/wp-cron.php?doing_wp_cron=1574128758.4798231124877929687500" "WordPress/5.2.4; https://amazingsportwear.com" "-"
66.249.66.68 - - [19/Nov/2019:02:59:17 +0100] "GET /pago-seguro/ HTTP/1.1" 200 61003 "-" "Mozilla/5.0 (Linux; Android 6.0.1; Nexus 5X Build/MMB29P) AppleWebKit/537.36 (KHTML, like Gecko) Chrome/41.0.2272.96 Mobile Safari/537.36 (compatible; Googlebot/2.1; +http://www.google.com/bot.html)" "-"
66.249.66.66 - - [19/Nov/2019:02:59:23 +0100] "POST /?wc-ajax=get_refreshed_fragments HTTP/1.1" 200 4760 "https://amazingsportwear.com/pago-seguro/" "Mozilla/5.0 (Linux; Android 6.0.1; Nexus 5X Build/MMB29P) AppleWebKit/537.36 (KHTML, like Gecko) Chrome/41.0.2272.96 Mobile Safari/537.36 (compatible; Googlebot/2.1; +http://www.google.com/bot.html)" "_ga=GA1.2.1884029788.1574121600; _gid=GA1.2.969013651.1574121600; _gat_gtag_UA_91619287_1=1"
217.76.130.90 - - [19/Nov/2019:03:00:12 +0100] "POST /wp-cron.php?doing_wp_cron=1574128812.2618401050567626953125 HTTP/1.1" 200 3389 "https://amazingsportwear.com/wp-cron.php?doing_wp_cron=1574128812.2618401050567626953125" "WordPress/5.2.4; https://amazingsportwear.com" "-"
66.249.66.70 - - [19/Nov/2019:03:00:11 +0100] "GET /producto/camiseta-hombre-dogo-premium/ HTTP/1.1" 200 100705 "-" "Mozilla/5.0 (Linux; Android 6.0.1; Nexus 5X Build/MMB29P) AppleWebKit/537.36 (KHTML, like Gecko) Chrome/41.0.2272.96 Mobile Safari/537.36 (compatible; Googlebot/2.1; +http://www.google.com/bot.html)" "-"
66.249.66.66 - - [19/Nov/2019:03:00:19 +0100] "POST /?wc-ajax=get_refreshed_fragments HTTP/1.1" 200 4760 "https://amazingsportwear.com/producto/camiseta-hombre-dogo-premium/" "Mozilla/5.0 (Linux; Android 6.0.1; Nexus 5X Build/MMB29P) AppleWebKit/537.36 (KHTML, like Gecko) Chrome/41.0.2272.96 Mobile Safari/537.36 (compatible; Googlebot/2.1; +http://www.google.com/bot.html)" "_ga=GA1.2.969013651.1574121600; _gid=GA1.2.1978218920.1574121600; _gat_gtag_UA_91619287_1=1"
217.76.130.90 - - [19/Nov/2019:03:04:29 +0100] "POST /wp-cron.php?doing_wp_cron=1574129069.0051081180572509765625 HTTP/1.1" 200 164 "http://amazingsportwear.com/wp-cron.php?doing_wp_cron=1574129069.0051081180572509765625" "WordPress/5.2.4; https://amazingsportwear.com" "-"
84.17.52.55 - - [19/Nov/2019:03:04:28 +0100] "GET / HTTP/1.0" 301 265 "http://amazingsportwear.com/" "Mozilla/5.0 (Windows NT 6.1; WOW64) AppleWebKit/537.36 (KHTML, like Gecko) Chrome/66.0.3359.170 Safari/537.36 OPR/53.0.2907.99" "-"
84.17.52.55 - - [19/Nov/2019:03:04:29 +0100] "GET / HTTP/1.0" 200 124665 "https://amazingsportwear.com/" "Mozilla/5.0 (Windows NT 6.1; WOW64) AppleWebKit/537.36 (KHTML, like Gecko) Chrome/66.0.3359.170 Safari/537.36 OPR/53.0.2907.99" "wpfront-notification-bar-landingpage=1"
84.17.52.55 - - [19/Nov/2019:03:04:31 +0100] "POST / HTTP/1.0" 200 126189 "https://amazingsportwear.com/" "Mozilla/5.0 (Windows NT 6.1; WOW64) AppleWebKit/537.36 (KHTML, like Gecko) Chrome/66.0.3359.170 Safari/537.36 OPR/53.0.2907.99" "wpfront-notification-bar-landingpage=1"
66.249.66.68 - - [19/Nov/2019:03:04:36 +0100] "GET /producto/camiseta-tecnica-dryfresh-cif-t569/ HTTP/1.1" 200 101030 "-" "Mozilla/5.0 (compatible; Googlebot/2.1; +http://www.google.com/bot.html)" "-"
217.76.130.90 - - [19/Nov/2019:03:06:26 +0100] "POST /wp-cron.php?doing_wp_cron=1574129186.0748949050903320312500 HTTP/1.1" 200 3389 "https://amazingsportwear.com/wp-cron.php?doing_wp_cron=1574129186.0748949050903320312500" "WordPress/5.2.4; https://amazingsportwear.com" "-"
17.58.96.188 - - [19/Nov/2019:03:06:25 +0100] "GET /categoria-producto/mujer/camisetas-mujer/ HTTP/1.1" 200 77507 "-" "Mozilla/5.0 (Macintosh; Intel Mac OS X 10_10_1) AppleWebKit/600.2.5 (KHTML, like Gecko) Version/8.0.2 Safari/600.2.5 (Applebot/0.1; +http://www.apple.com/go/applebot)" "-"
189.214.7.35 - - [19/Nov/2019:03:14:44 +0100] "GET /wp-content/uploads/2019/04/Gorra-harum-2.png HTTP/1.1" 200 53515 "https://www.google.com/" "Mozilla/5.0 (Windows NT 10.0; WOW64) AppleWebKit/537.36 (KHTML, like Gecko) Chrome/78.0.3904.97 Safari/537.36" "-"
217.76.130.90 - - [19/Nov/2019:03:32:54 +0100] "POST /wp-cron.php?doing_wp_cron=1574130774.0652511119842529296875 HTTP/1.1" 200 3389 "https://amazingsportwear.com/wp-cron.php?doing_wp_cron=1574130774.0652511119842529296875" "WordPress/5.2.4; https://amazingsportwear.com" "-"
66.249.66.70 - - [19/Nov/2019:03:32:47 +0100] "GET /producto/camiseta-tecnica-dinamic-combi/ HTTP/1.1" 200 104054 "-" "Mozilla/5.0 (Linux; Android 6.0.1; Nexus 5X Build/MMB29P) AppleWebKit/537.36 (KHTML, like Gecko) Chrome/41.0.2272.96 Mobile Safari/537.36 (compatible; Googlebot/2.1; +http://www.google.com/bot.html)" "-"
66.249.66.68 - - [19/Nov/2019:03:32:57 +0100] "POST /?wc-ajax=get_refreshed_fragments HTTP/1.1" 200 4760 "https://amazingsportwear.com/producto/camiseta-tecnica-dinamic-combi/" "Mozilla/5.0 (Linux; Android 6.0.1; Nexus 5X Build/MMB29P) AppleWebKit/537.36 (KHTML, like Gecko) Chrome/41.0.2272.96 Mobile Safari/537.36 (compatible; Googlebot/2.1; +http://www.google.com/bot.html)" "_ga=GA1.2.969013651.1574121600; _gid=GA1.2.1978218920.1574121600; _gat_gtag_UA_91619287_1=1"
186.185.195.133 - - [19/Nov/2019:03:35:49 +0100] "GET /wp-content/uploads/2019/04/Gorra-sport-10.png HTTP/1.1" 200 60426 "https://www.google.com/" "Mozilla/5.0 (Windows NT 6.1) AppleWebKit/537.36 (KHTML, like Gecko) Chrome/78.0.3904.97 Safari/537.36" "-"
217.76.130.90 - - [19/Nov/2019:03:40:08 +0100] "POST /wp-cron.php?doing_wp_cron=1574131208.7531399726867675781250 HTTP/1.1" 200 3389 "https://amazingsportwear.com/wp-cron.php?doing_wp_cron=1574131208.7531399726867675781250" "WordPress/5.2.4; https://amazingsportwear.com" "-"
209.17.96.106 - - [19/Nov/2019:03:40:05 +0100] "GET / HTTP/1.1" 301 3509 "-" "Mozilla/5.0 (compatible; Nimbostratus-Bot/v1.3.2; http://cloudsystemnetworks.com)" "-"
181.115.248.127 - - [19/Nov/2019:03:42:07 +0100] "GET /wp-content/uploads/2019/07/slider1.jpg HTTP/1.1" 200 63562 "https://www.google.com/" "Mozilla/5.0 (Linux; Android 9; H3223) AppleWebKit/537.36 (KHTML, like Gecko) Chrome/77.0.3865.92 Mobile Safari/537.36" "-"
132.157.129.66 - - [19/Nov/2019:03:42:14 +0100] "GET /wp-content/uploads/2019/07/slider1.jpg HTTP/1.1" 200 247936 "https://www.google.com/" "Mozilla/5.0 (Linux; Android 8.1.0; EML-L09 Build/HUAWEIEML-L09) AppleWebKit/537.36 (KHTML, like Gecko) Chrome/66.0.3359.126 Mobile Safari/537.36" "-"
181.115.248.127 - - [19/Nov/2019:03:42:20 +0100] "GET /wp-content/uploads/2019/07/slider4.jpg HTTP/1.1" 200 246962 "https://www.google.com/" "Mozilla/5.0 (Linux; Android 9; H3223) AppleWebKit/537.36 (KHTML, like Gecko) Chrome/77.0.3865.92 Mobile Safari/537.36" "-"
217.76.130.90 - - [19/Nov/2019:03:46:52 +0100] "POST /wp-cron.php?doing_wp_cron=1574131612.9306209087371826171875 HTTP/1.1" 200 164 "http://amazingsportwear.com/wp-cron.php?doing_wp_cron=1574131612.9306209087371826171875" "WordPress/5.2.4; https://amazingsportwear.com" "-"
157.55.39.90 - - [19/Nov/2019:03:46:50 +0100] "GET / HTTP/1.1" 301 336 "-" "Mozilla/5.0 (compatible; bingbot/2.0; +http://www.bing.com/bingbot.htm)" "-"
217.76.130.90 - - [19/Nov/2019:04:04:59 +0100] "POST /wp-cron.php?doing_wp_cron=1574132699.1309690475463867187500 HTTP/1.1" 200 164 "http://amazingsportwear.com/wp-cron.php?doing_wp_cron=1574132699.1309690475463867187500" "WordPress/5.2.4; https://amazingsportwear.com" "-"
157.55.39.90 - - [19/Nov/2019:04:04:55 +0100] "GET / HTTP/1.1" 301 336 "-" "Mozilla/5.0 (compatible; bingbot/2.0; +http://www.bing.com/bingbot.htm)" "-"
217.76.130.90 - - [19/Nov/2019:04:12:47 +0100] "POST /wp-cron.php?doing_wp_cron=1574133167.0649929046630859375000 HTTP/1.1" 200 3389 "https://amazingsportwear.com/wp-cron.php?doing_wp_cron=1574133167.0649929046630859375000" "WordPress/5.2.4; https://amazingsportwear.com" "-"
157.55.39.143 - - [19/Nov/2019:04:12:44 +0100] "GET /tienda/151-camiseta-tecnica-nath-action.html HTTP/1.1" 404 72323 "-" "Mozilla/5.0 (compatible; bingbot/2.0; +http://www.bing.com/bingbot.htm)" "-"
157.55.39.90 - - [19/Nov/2019:04:28:10 +0100] "GET /wp-content/uploads/2017/03/sa-0425_03.jpg HTTP/1.1" 200 83559 "-" "Mozilla/5.0 (compatible; bingbot/2.0; +http://www.bing.com/bingbot.htm)" "-"
190.38.168.108 - - [19/Nov/2019:04:32:04 +0100] "GET /wp-content/uploads/2019/04/Gorra-sport-10.png HTTP/1.1" 200 60426 "https://www.google.com/" "Mozilla/5.0 (Windows NT 6.1) AppleWebKit/537.36 (KHTML, like Gecko) Chrome/78.0.3904.97 Safari/537.36" "-"
217.76.130.90 - - [19/Nov/2019:04:43:24 +0100] "POST /wp-cron.php?doing_wp_cron=1574135004.5738809108734130859375 HTTP/1.1" 200 3389 "https://amazingsportwear.com/wp-cron.php?doing_wp_cron=1574135004.5738809108734130859375" "WordPress/5.2.4; https://amazingsportwear.com" "-"
66.249.66.70 - - [19/Nov/2019:04:43:22 +0100] "GET /producto/camiseta-tecnica-london-eny-london/ HTTP/1.1" 200 95801 "-" "Mozilla/5.0 (Linux; Android 6.0.1; Nexus 5X Build/MMB29P) AppleWebKit/537.36 (KHTML, like Gecko) Chrome/41.0.2272.96 Mobile Safari/537.36 (compatible; Googlebot/2.1; +http://www.google.com/bot.html)" "-"
66.249.66.66 - - [19/Nov/2019:04:43:31 +0100] "POST /?wc-ajax=get_refreshed_fragments HTTP/1.1" 200 4760 "https://amazingsportwear.com/producto/camiseta-tecnica-london-eny-london/" "Mozilla/5.0 (Linux; Android 6.0.1; Nexus 5X Build/MMB29P) AppleWebKit/537.36 (KHTML, like Gecko) Chrome/41.0.2272.96 Mobile Safari/537.36 (compatible; Googlebot/2.1; +http://www.google.com/bot.html)" "_ga=GA1.2.969013651.1574121600; _gid=GA1.2.1978218920.1574121600; _gat_gtag_UA_91619287_1=1"
189.218.31.138 - - [19/Nov/2019:04:51:41 +0100] "GET /wp-content/uploads/2019/04/Gorra-sport-12.png HTTP/1.1" 200 95678 "https://www.google.com/" "Mozilla/5.0 (Windows NT 10.0; Win64; x64) AppleWebKit/537.36 (KHTML, like Gecko) Chrome/78.0.3904.97 Safari/537.36" "-"
217.76.130.90 - - [19/Nov/2019:04:51:45 +0100] "POST /wp-cron.php?doing_wp_cron=1574135505.8456740379333496093750 HTTP/1.1" 200 3389 "https://amazingsportwear.com/wp-cron.php?doing_wp_cron=1574135505.8456740379333496093750" "WordPress/5.2.4; https://amazingsportwear.com" "-"
189.218.31.138 - - [19/Nov/2019:04:51:45 +0100] "GET /producto/gorra-sport/ HTTP/1.1" 200 99472 "https://www.google.com/" "Mozilla/5.0 (Windows NT 10.0; Win64; x64) AppleWebKit/537.36 (KHTML, like Gecko) Chrome/78.0.3904.97 Safari/537.36" "-"
217.76.130.90 - - [19/Nov/2019:04:54:55 +0100] "POST /wp-cron.php?doing_wp_cron=1574135695.3437008857727050781250 HTTP/1.1" 200 3389 "https://amazingsportwear.com/wp-cron.php?doing_wp_cron=1574135695.3437008857727050781250" "WordPress/5.2.4; https://amazingsportwear.com" "-"
66.249.66.68 - - [19/Nov/2019:04:54:54 +0100] "GET /ofertas/ HTTP/1.1" 200 73413 "-" "Mozilla/5.0 (compatible; Googlebot/2.1; +http://www.google.com/bot.html)" "-"
183.166.135.215 - - [19/Nov/2019:05:08:24 +0100] "GET /wp-content/uploads/2017/04/aq-woman-celeste.jpg HTTP/1.1" 200 20108 "-" "Mozilla/5.0(Linux;Android 5.1.1;OPPO A33 Build/LMY47V;wv) AppleWebKit/537.36(KHTML,link Gecko) Version/4.0 Chrome/42.0.2311.138 Mobile Safari/537.36 Mb2345Browser/9.0" "-"
217.76.130.90 - - [19/Nov/2019:05:10:01 +0100] "POST /wp-cron.php?doing_wp_cron=1574136601.7276139259338378906250 HTTP/1.1" 200 164 "http://amazingsportwear.com/wp-cron.php?doing_wp_cron=1574136601.7276139259338378906250" "WordPress/5.2.4; https://amazingsportwear.com" "-"
157.55.39.143 - - [19/Nov/2019:05:10:00 +0100] "GET /img/cms/tienda/sa-6502-colores.JPG HTTP/1.1" 404 68051 "-" "Mozilla/5.0 (compatible; bingbot/2.0; +http://www.bing.com/bingbot.htm)" "-"
217.76.130.90 - - [19/Nov/2019:05:19:07 +0100] "POST /wp-cron.php?doing_wp_cron=1574137147.5909280776977539062500 HTTP/1.1" 200 3389 "https://amazingsportwear.com/wp-cron.php?doing_wp_cron=1574137147.5909280776977539062500" "WordPress/5.2.4; https://amazingsportwear.com" "-"
66.249.66.70 - - [19/Nov/2019:05:19:05 +0100] "GET /etiqueta-producto/reversible/ HTTP/1.1" 200 53984 "-" "Mozilla/5.0 (Linux; Android 6.0.1; Nexus 5X Build/MMB29P) AppleWebKit/537.36 (KHTML, like Gecko) Chrome/41.0.2272.96 Mobile Safari/537.36 (compatible; Googlebot/2.1; +http://www.google.com/bot.html)" "-"
217.76.130.90 - - [19/Nov/2019:05:22:37 +0100] "POST /wp-cron.php?doing_wp_cron=1574137357.8833611011505126953125 HTTP/1.1" 200 3389 "https://amazingsportwear.com/wp-cron.php?doing_wp_cron=1574137357.8833611011505126953125" "WordPress/5.2.4; https://amazingsportwear.com" "-"
17.58.96.188 - - [19/Nov/2019:05:22:37 +0100] "GET /categoria-producto/deportes/futbol/ HTTP/1.1" 200 66129 "-" "Mozilla/5.0 (Macintosh; Intel Mac OS X 10_10_1) AppleWebKit/600.2.5 (KHTML, like Gecko) Version/8.0.2 Safari/600.2.5 (Applebot/0.1; +http://www.apple.com/go/applebot)" "-"
103.87.160.10 - - [19/Nov/2019:05:23:41 +0100] "GET /wp-content/uploads/2019/04/gorra-bayon-6.png HTTP/1.1" 200 91841 "https://www.google.com/" "Mozilla/5.0 (Windows NT 6.1; Win64; x64) AppleWebKit/537.36 (KHTML, like Gecko) Chrome/75.0.3770.142 Safari/537.36" "-"
103.87.160.10 - - [19/Nov/2019:05:23:47 +0100] "GET /wp-content/uploads/2019/04/gorra-five-3.png HTTP/1.1" 200 81244 "https://www.google.com/" "Mozilla/5.0 (Windows NT 6.1; Win64; x64) AppleWebKit/537.36 (KHTML, like Gecko) Chrome/75.0.3770.142 Safari/537.36" "-"
217.76.130.90 - - [19/Nov/2019:05:28:10 +0100] "POST /wp-cron.php?doing_wp_cron=1574137690.1846790313720703125000 HTTP/1.1" 200 3389 "https://amazingsportwear.com/wp-cron.php?doing_wp_cron=1574137690.1846790313720703125000" "WordPress/5.2.4; https://amazingsportwear.com" "-"
17.58.96.188 - - [19/Nov/2019:05:28:09 +0100] "GET /producto/camiseta-tecnica-manga-larga-sa-0415/ HTTP/1.1" 200 108467 "-" "Mozilla/5.0 (Macintosh; Intel Mac OS X 10_10_1) AppleWebKit/600.2.5 (KHTML, like Gecko) Version/8.0.2 Safari/600.2.5 (Applebot/0.1; +http://www.apple.com/go/applebot)" "-"
190.235.110.175 - - [19/Nov/2019:05:28:50 +0100] "GET /wp-content/uploads/2019/04/Gorra-sport-6.png HTTP/1.1" 200 44623 "https://www.google.com/" "Mozilla/5.0 (Windows NT 6.1; Win64; x64) AppleWebKit/537.36 (KHTML, like Gecko) Chrome/78.0.3904.108 Safari/537.36" "-"
217.76.130.90 - - [19/Nov/2019:05:36:32 +0100] "POST /wp-cron.php?doing_wp_cron=1574138192.0287289619445800781250 HTTP/1.1" 200 3389 "https://amazingsportwear.com/wp-cron.php?doing_wp_cron=1574138192.0287289619445800781250" "WordPress/5.2.4; https://amazingsportwear.com" "-"
66.249.66.70 - - [19/Nov/2019:05:36:31 +0100] "GET /producto/rinonera-elastica-dorsal-cif-g221/ HTTP/1.1" 200 95254 "-" "Mozilla/5.0 (Linux; Android 6.0.1; Nexus 5X Build/MMB29P) AppleWebKit/537.36 (KHTML, like Gecko) Chrome/41.0.2272.96 Mobile Safari/537.36 (compatible; Googlebot/2.1; +http://www.google.com/bot.html)" "-"
217.76.130.90 - - [19/Nov/2019:05:37:18 +0100] "POST /wp-cron.php?doing_wp_cron=1574138238.7257320880889892578125 HTTP/1.1" 200 164 "http://amazingsportwear.com/wp-cron.php?doing_wp_cron=1574138238.7257320880889892578125" "WordPress/5.2.4; https://amazingsportwear.com" "-"
157.55.39.195 - - [19/Nov/2019:05:37:17 +0100] "GET /atletismo/181-chaleco-cortavientos-sublimado-asw.html HTTP/1.1" 404 68132 "-" "Mozilla/5.0 (iPhone; CPU iPhone OS 7_0 like Mac OS X) AppleWebKit/537.51.1 (KHTML, like Gecko) Version/7.0 Mobile/11A465 Safari/9537.53 (compatible; bingbot/2.0; +http://www.bing.com/bingbot.htm)" "-"
66.249.66.66 - - [19/Nov/2019:05:37:24 +0100] "GET /producto/pantalon-corto-futbol-2/ HTTP/1.1" 200 92059 "-" "Mozilla/5.0 (Linux; Android 6.0.1; Nexus 5X Build/MMB29P) AppleWebKit/537.36 (KHTML, like Gecko) Chrome/41.0.2272.96 Mobile Safari/537.36 (compatible; Googlebot/2.1; +http://www.google.com/bot.html)" "-"
217.76.130.90 - - [19/Nov/2019:05:45:19 +0100] "POST /wp-cron.php?doing_wp_cron=1574138719.9308829307556152343750 HTTP/1.1" 200 164 "http://amazingsportwear.com/wp-cron.php?doing_wp_cron=1574138719.9308829307556152343750" "WordPress/5.2.4; https://amazingsportwear.com" "-"
157.55.39.92 - - [19/Nov/2019:05:45:18 +0100] "GET /atletismo/25-manguito-brazos-atletismo.html HTTP/1.1" 404 68057 "-" "Mozilla/5.0 (iPhone; CPU iPhone OS 7_0 like Mac OS X) AppleWebKit/537.51.1 (KHTML, like Gecko) Version/7.0 Mobile/11A465 Safari/9537.53 (compatible; bingbot/2.0; +http://www.bing.com/bingbot.htm)" "-"
190.234.111.34 - - [19/Nov/2019:05:47:58 +0100] "GET /wp-content/uploads/2019/04/gorra-dry-fit-3.png HTTP/1.1" 200 44708 "https://www.google.co.ve/" "Mozilla/5.0 (Windows NT 10.0; Win64; x64) AppleWebKit/537.36 (KHTML, like Gecko) Chrome/78.0.3904.97 Safari/537.36" "-"
190.234.111.34 - - [19/Nov/2019:05:48:00 +0100] "GET /wp-content/uploads/2019/04/Gorra-sport-6.png HTTP/1.1" 200 41260 "https://www.google.co.ve/" "Mozilla/5.0 (Windows NT 10.0; Win64; x64) AppleWebKit/537.36 (KHTML, like Gecko) Chrome/78.0.3904.97 Safari/537.36" "-"
190.234.111.34 - - [19/Nov/2019:05:48:05 +0100] "GET /wp-content/uploads/2019/04/Gorra-harum-2.png HTTP/1.1" 200 50152 "https://www.google.co.ve/" "Mozilla/5.0 (Windows NT 10.0; Win64; x64) AppleWebKit/537.36 (KHTML, like Gecko) Chrome/78.0.3904.97 Safari/537.36" "-"
217.76.130.90 - - [19/Nov/2019:05:55:52 +0100] "POST /wp-cron.php?doing_wp_cron=1574139351.6854000091552734375000 HTTP/1.1" 200 3389 "https://amazingsportwear.com/wp-cron.php?doing_wp_cron=1574139351.6854000091552734375000" "WordPress/5.2.4; https://amazingsportwear.com" "-"
66.249.66.66 - - [19/Nov/2019:05:55:51 +0100] "GET /producto/bidon-sumo/ HTTP/1.1" 200 96838 "-" "Mozilla/5.0 (compatible; Googlebot/2.1; +http://www.google.com/bot.html)" "-"
217.76.130.90 - - [19/Nov/2019:06:01:41 +0100] "POST /wp-cron.php?doing_wp_cron=1574139701.2844519615173339843750 HTTP/1.1" 200 164 "http://amazingsportwear.com/wp-cron.php?doing_wp_cron=1574139701.2844519615173339843750" "WordPress/5.2.4; https://amazingsportwear.com" "-"
157.55.39.195 - - [19/Nov/2019:06:01:40 +0100] "GET /16-futbol HTTP/1.1" 404 68018 "-" "Mozilla/5.0 (iPhone; CPU iPhone OS 7_0 like Mac OS X) AppleWebKit/537.51.1 (KHTML, like Gecko) Version/7.0 Mobile/11A465 Safari/9537.53 (compatible; bingbot/2.0; +http://www.bing.com/bingbot.htm)" "-"
217.76.130.90 - - [19/Nov/2019:06:04:49 +0100] "POST /wp-cron.php?doing_wp_cron=1574139889.6417899131774902343750 HTTP/1.1" 200 164 "http://amazingsportwear.com/wp-cron.php?doing_wp_cron=1574139889.6417899131774902343750" "WordPress/5.2.4; https://amazingsportwear.com" "-"
77.81.31.6 - - [19/Nov/2019:06:04:48 +0100] "GET /wp-admin/mysql-adminer.php HTTP/1.1" 404 68015 "amazingsportwear.com" "Mozilla/5.1 (Windows NT 6.0; WOW64) AppleWebKit/537.37 (KHTML, like Gecko) Chrome/58.0.1145.75 Safari/537.37" "-"
217.76.130.90 - - [19/Nov/2019:06:05:52 +0100] "POST /wp-cron.php?doing_wp_cron=1574139952.7188549041748046875000 HTTP/1.1" 200 164 "http://amazingsportwear.com/wp-cron.php?doing_wp_cron=1574139952.7188549041748046875000" "WordPress/5.2.4; https://amazingsportwear.com" "-"
77.81.31.6 - - [19/Nov/2019:06:05:52 +0100] "GET /adminer.php HTTP/1.1" 404 67974 "amazingsportwear.com" "Mozilla/5.1 (Windows NT 6.0; WOW64) AppleWebKit/537.37 (KHTML, like Gecko) Chrome/58.0.1145.75 Safari/537.37" "-"
181.67.168.104 - - [19/Nov/2019:06:07:41 +0100] "GET /wp-content/uploads/2017/04/chaleco-sublimado-pecho.png HTTP/1.1" 200 60440 "https://www.google.com/" "Mozilla/5.0 (Windows NT 10.0; WOW64) AppleWebKit/537.36 (KHTML, like Gecko) Chrome/78.0.3904.97 Safari/537.36" "-"
217.76.130.90 - - [19/Nov/2019:06:08:48 +0100] "POST /wp-cron.php?doing_wp_cron=1574140128.9748051166534423828125 HTTP/1.1" 200 164 "http://amazingsportwear.com/wp-cron.php?doing_wp_cron=1574140128.9748051166534423828125" "WordPress/5.2.4; https://amazingsportwear.com" "-"
77.81.31.6 - - [19/Nov/2019:06:08:48 +0100] "GET /mysql-adminer.php HTTP/1.1" 404 68001 "amazingsportwear.com" "Mozilla/5.1 (Windows NT 6.0; WOW64) AppleWebKit/537.37 (KHTML, like Gecko) Chrome/58.0.1145.75 Safari/537.37" "-"
217.76.130.90 - - [19/Nov/2019:06:09:25 +0100] "POST /wp-cron.php?doing_wp_cron=1574140165.9336600303649902343750 HTTP/1.1" 200 164 "http://amazingsportwear.com/wp-cron.php?doing_wp_cron=1574140165.9336600303649902343750" "WordPress/5.2.4; https://amazingsportwear.com" "-"
77.81.31.6 - - [19/Nov/2019:06:09:25 +0100] "GET /wp-content/plugins/admin.php HTTP/1.1" 404 68005 "amazingsportwear.com" "Mozilla/5.1 (Windows NT 6.0; WOW64) AppleWebKit/537.37 (KHTML, like Gecko) Chrome/58.0.1145.75 Safari/537.37" "-"
217.76.130.90 - - [19/Nov/2019:06:10:41 +0100] "POST /wp-cron.php?doing_wp_cron=1574140241.0866711139678955078125 HTTP/1.1" 200 164 "http://amazingsportwear.com/wp-cron.php?doing_wp_cron=1574140241.0866711139678955078125" "WordPress/5.2.4; https://amazingsportwear.com" "-"
157.55.39.143 - - [19/Nov/2019:06:10:40 +0100] "GET /tienda/207-pantalon-corto-everton-sa-6651.html HTTP/1.1" 404 68083 "-" "Mozilla/5.0 (compatible; bingbot/2.0; +http://www.bing.com/bingbot.htm)" "-"
217.76.130.90 - - [19/Nov/2019:06:16:16 +0100] "POST /wp-cron.php?doing_wp_cron=1574140576.7574501037597656250000 HTTP/1.1" 200 3389 "https://amazingsportwear.com/wp-cron.php?doing_wp_cron=1574140576.7574501037597656250000" "WordPress/5.2.4; https://amazingsportwear.com" "-"
66.249.66.66 - - [19/Nov/2019:06:16:16 +0100] "GET /producto/camiseta-tecnica-monaco/ HTTP/1.1" 200 106329 "-" "Mozilla/5.0 (Linux; Android 6.0.1; Nexus 5X Build/MMB29P) AppleWebKit/537.36 (KHTML, like Gecko) Chrome/41.0.2272.96 Mobile Safari/537.36 (compatible; Googlebot/2.1; +http://www.google.com/bot.html)" "-"
217.76.130.90 - - [19/Nov/2019:06:31:14 +0100] "POST /wp-cron.php?doing_wp_cron=1574141474.6886639595031738281250 HTTP/1.1" 200 3389 "https://amazingsportwear.com/wp-cron.php?doing_wp_cron=1574141474.6886639595031738281250" "WordPress/5.2.4; https://amazingsportwear.com" "-"
66.249.66.66 - - [19/Nov/2019:06:31:13 +0100] "GET /product_cat-sitemap.xml HTTP/1.1" 200 13353 "-" "Mozilla/5.0 (compatible; Googlebot/2.1; +http://www.google.com/bot.html)" "-"
138.186.28.42 - - [19/Nov/2019:06:35:09 +0100] "GET /wp-content/uploads/2019/04/SA-1070-2.png HTTP/1.1" 200 175956 "https://www.google.com/" "Mozilla/5.0 (Linux; Android 6.0; MotoG3) AppleWebKit/537.36 (KHTML, like Gecko) Chrome/78.0.3904.62 Mobile Safari/537.36" "-"
217.76.130.90 - - [19/Nov/2019:06:36:01 +0100] "POST /wp-cron.php?doing_wp_cron=1574141761.7733809947967529296875 HTTP/1.1" 200 164 "http://amazingsportwear.com/wp-cron.php?doing_wp_cron=1574141761.7733809947967529296875" "WordPress/5.2.4; https://amazingsportwear.com" "-"
52.206.118.20 - - [19/Nov/2019:06:36:00 +0100] "GET /wp-includes/freedoms.php HTTP/1.1" 404 67972 "http://site.ru" "Mozilla/5.0 (Windows; U; Windows NT 5.1; en-US) AppleWebKit/533.4 (KHTML, like Gecko) Chrome/5.0.375.99 Safari/533.4" "-"
217.76.130.90 - - [19/Nov/2019:06:36:06 +0100] "POST /wp-cron.php?doing_wp_cron=1574141766.3454918861389160156250 HTTP/1.1" 200 164 "http://amazingsportwear.com/wp-cron.php?doing_wp_cron=1574141766.3454918861389160156250" "WordPress/5.2.4; https://amazingsportwear.com" "-"
52.206.118.20 - - [19/Nov/2019:06:36:05 +0100] "GET /wp-includes/freedoms.php HTTP/1.1" 404 67982 "http://site.ru" "Mozilla/5.0 (Windows; U; Windows NT 5.1; en-US) AppleWebKit/533.4 (KHTML, like Gecko) Chrome/5.0.375.99 Safari/533.4" "-"
52.206.118.20 - - [19/Nov/2019:06:36:33 +0100] "GET /wp-includes/freedoms.php HTTP/1.1" 404 67947 "http://site.ru" "Mozilla/5.0 (Windows; U; Windows NT 5.1; en-US) AppleWebKit/533.4 (KHTML, like Gecko) Chrome/5.0.375.99 Safari/533.4" "-"
181.65.30.8 - - [19/Nov/2019:06:48:21 +0100] "GET /wp-content/uploads/2017/01/camis-basket1.jpg HTTP/1.1" 200 123568 "https://www.google.com/" "Mozilla/5.0 (Windows NT 6.3; Win64; x64) AppleWebKit/537.36 (KHTML, like Gecko) Chrome/74.0.3729.131 Safari/537.36" "-"
217.76.130.90 - - [19/Nov/2019:06:55:09 +0100] "POST /wp-cron.php?doing_wp_cron=1574142909.1622478961944580078125 HTTP/1.1" 200 3389 "https://amazingsportwear.com/wp-cron.php?doing_wp_cron=1574142909.1622478961944580078125" "WordPress/5.2.4; https://amazingsportwear.com" "-"
66.249.66.68 - - [19/Nov/2019:06:55:07 +0100] "GET /producto/camiseta-manga-corta-ranglan-futbol/ HTTP/1.1" 200 95819 "-" "Mozilla/5.0 (Linux; Android 6.0.1; Nexus 5X Build/MMB29P) AppleWebKit/537.36 (KHTML, like Gecko) Chrome/41.0.2272.96 Mobile Safari/537.36 (compatible; Googlebot/2.1; +http://www.google.com/bot.html)" "-"
187.154.208.119 - - [19/Nov/2019:06:58:15 +0100] "GET /wp-content/uploads/2019/04/gorra-krox-1.png HTTP/1.1" 200 109889 "https://www.google.com/" "Mozilla/5.0 (Windows NT 10.0; Win64; x64) AppleWebKit/537.36 (KHTML, like Gecko) Chrome/78.0.3904.97 Safari/537.36" "-"
187.154.208.119 - - [19/Nov/2019:06:58:25 +0100] "GET /wp-content/uploads/2019/04/gorra-krox-1.png HTTP/1.1" 200 109889 "-" "Mozilla/4.0 (compatible; MSIE 7.0; Windows NT 10.0; Win64; x64; Trident/7.0; .NET4.0C; .NET4.0E; .NET CLR 2.0.50727; .NET CLR 3.0.30729; .NET CLR 3.5.30729; InfoPath.3; Zune 4.7; MASAJS; ms-office; MSOffice 15)" "-"
217.76.130.90 - - [19/Nov/2019:07:04:04 +0100] "POST /wp-cron.php?doing_wp_cron=1574143444.3607380390167236328125 HTTP/1.1" 200 3389 "https://amazingsportwear.com/wp-cron.php?doing_wp_cron=1574143444.3607380390167236328125" "WordPress/5.2.4; https://amazingsportwear.com" "-"
66.249.66.70 - - [19/Nov/2019:07:04:03 +0100] "GET / HTTP/1.1" 200 125768 "-" "Mozilla/5.0 (compatible; Googlebot/2.1; +http://www.google.com/bot.html)" "-"
66.249.66.66 - - [19/Nov/2019:07:04:16 +0100] "GET /wp-content/plugins/elementor/assets/lib/font-awesome/css/font-awesome.min.css?ver=4.7.0 HTTP/1.1" 200 34728 "https://amazingsportwear.com/" "Mozilla/5.0 AppleWebKit/537.36 (KHTML, like Gecko; compatible; Googlebot/2.1; +http://www.google.com/bot.html) Safari/537.36" "wpfront-notification-bar-landingpage=1"
66.249.66.66 - - [19/Nov/2019:07:04:18 +0100] "POST /?wc-ajax=get_refreshed_fragments HTTP/1.1" 200 1345 "https://amazingsportwear.com/" "Mozilla/5.0 AppleWebKit/537.36 (KHTML, like Gecko; compatible; Googlebot/2.1; +http://www.google.com/bot.html) Safari/537.36" "wpfront-notification-bar-landingpage=1; _ga=GA1.2.2114912494.1574121600; _gid=GA1.2.931330593.1574121600; _gat_gtag_UA_91619287_1=1"
66.249.66.66 - - [19/Nov/2019:07:04:57 +0100] "GET /producto/bolsa-deporte-young/ HTTP/1.1" 200 97358 "-" "Mozilla/5.0 (Linux; Android 6.0.1; Nexus 5X Build/MMB29P) AppleWebKit/537.36 (KHTML, like Gecko) Chrome/41.0.2272.96 Mobile Safari/537.36 (compatible; Googlebot/2.1; +http://www.google.com/bot.html)" "-"
66.249.66.68 - - [19/Nov/2019:07:05:01 +0100] "POST /?wc-ajax=get_refreshed_fragments HTTP/1.1" 200 4760 "https://amazingsportwear.com/producto/bolsa-deporte-young/" "Mozilla/5.0 (Linux; Android 6.0.1; Nexus 5X Build/MMB29P) AppleWebKit/537.36 (KHTML, like Gecko) Chrome/41.0.2272.96 Mobile Safari/537.36 (compatible; Googlebot/2.1; +http://www.google.com/bot.html)" "_ga=GA1.2.969013651.1574121600; _gid=GA1.2.1978218920.1574121600; _gat_gtag_UA_91619287_1=1"
217.76.130.90 - - [19/Nov/2019:07:21:49 +0100] "POST /wp-cron.php?doing_wp_cron=1574144509.4396169185638427734375 HTTP/1.1" 200 164 "http://amazingsportwear.com/wp-cron.php?doing_wp_cron=1574144509.4396169185638427734375" "WordPress/5.2.4; https://amazingsportwear.com" "-"
209.97.189.235 - - [19/Nov/2019:07:21:48 +0100] "GET / HTTP/1.1" 301 336 "-" "Mozilla/5.0 (Macintosh; Intel Mac OS X 10_10_5) AppleWebKit/537.36 (KHTML, like Gecko) Chrome/45.0.2454.101 Safari/537.36" "-"
104.248.168.156 - - [19/Nov/2019:07:21:50 +0100] "GET / HTTP/1.1" 200 125725 "-" "Mozilla/5.0 (Macintosh; Intel Mac OS X 10_10_5) AppleWebKit/537.36 (KHTML, like Gecko) Chrome/45.0.2454.101 Safari/537.36" "wpfront-notification-bar-landingpage=1"
217.76.130.90 - - [19/Nov/2019:07:25:07 +0100] "POST /wp-cron.php?doing_wp_cron=1574144707.9625740051269531250000 HTTP/1.1" 200 164 "http://amazingsportwear.com/wp-cron.php?doing_wp_cron=1574144707.9625740051269531250000" "WordPress/5.2.4; https://amazingsportwear.com" "-"
35.236.158.127 - - [19/Nov/2019:07:25:07 +0100] "GET /wp-content/plugins/unicode/w.php HTTP/1.1" 404 68020 "http://site.ru" "Mozilla/5.0 (Windows; U; Windows NT 5.1; en-US) AppleWebKit/533.4 (KHTML, like Gecko) Chrome/5.0.375.99 Safari/533.4" "-"
217.76.130.90 - - [19/Nov/2019:07:28:38 +0100] "POST /wp-cron.php?doing_wp_cron=1574144918.1508600711822509765625 HTTP/1.1" 200 3389 "https://amazingsportwear.com/wp-cron.php?doing_wp_cron=1574144918.1508600711822509765625" "WordPress/5.2.4; https://amazingsportwear.com" "-"
66.249.66.68 - - [19/Nov/2019:07:28:37 +0100] "GET /producto/camiseta-tecnica-maurice/ HTTP/1.1" 200 103186 "-" "Mozilla/5.0 (Linux; Android 6.0.1; Nexus 5X Build/MMB29P) AppleWebKit/537.36 (KHTML, like Gecko) Chrome/41.0.2272.96 Mobile Safari/537.36 (compatible; Googlebot/2.1; +http://www.google.com/bot.html)" "-"
217.76.130.90 - - [19/Nov/2019:07:36:14 +0100] "POST /wp-cron.php?doing_wp_cron=1574145374.4613649845123291015625 HTTP/1.1" 200 3389 "https://amazingsportwear.com/wp-cron.php?doing_wp_cron=1574145374.4613649845123291015625" "WordPress/5.2.4; https://amazingsportwear.com" "-"
66.249.66.68 - - [19/Nov/2019:07:36:13 +0100] "GET /sitemap_index.xml HTTP/1.1" 200 5007 "-" "Mozilla/5.0 (compatible; Googlebot/2.1; +http://www.google.com/bot.html)" "-"
217.76.130.90 - - [19/Nov/2019:07:40:24 +0100] "POST /wp-cron.php?doing_wp_cron=1574145624.1259551048278808593750 HTTP/1.1" 200 164 "http://amazingsportwear.com/wp-cron.php?doing_wp_cron=1574145624.1259551048278808593750" "WordPress/5.2.4; https://amazingsportwear.com" "-"
157.55.39.90 - - [19/Nov/2019:07:40:23 +0100] "GET /tienda/97-camiseta-tecnica-dryfresh-cif-t569.html HTTP/1.1" 404 68079 "-" "Mozilla/5.0 (compatible; bingbot/2.0; +http://www.bing.com/bingbot.htm)" "-"
217.76.130.90 - - [19/Nov/2019:07:51:32 +0100] "POST /wp-cron.php?doing_wp_cron=1574146292.0472040176391601562500 HTTP/1.1" 200 3389 "https://amazingsportwear.com/wp-cron.php?doing_wp_cron=1574146292.0472040176391601562500" "WordPress/5.2.4; https://amazingsportwear.com" "-"
66.249.66.66 - - [19/Nov/2019:07:51:31 +0100] "POST /?wc-ajax=get_refreshed_fragments HTTP/1.1" 200 4760 "https://amazingsportwear.com/producto/bidon-sumo/" "Mozilla/5.0 AppleWebKit/537.36 (KHTML, like Gecko; compatible; Googlebot/2.1; +http://www.google.com/bot.html) Safari/537.36" "_ga=GA1.2.931330593.1574121600; _gid=GA1.2.2074753562.1574121600; _gat_gtag_UA_91619287_1=1"
217.76.130.90 - - [19/Nov/2019:07:58:33 +0100] "POST /wp-cron.php?doing_wp_cron=1574146713.6696779727935791015625 HTTP/1.1" 200 3389 "https://amazingsportwear.com/wp-cron.php?doing_wp_cron=1574146713.6696779727935791015625" "WordPress/5.2.4; https://amazingsportwear.com" "-"
66.249.66.68 - - [19/Nov/2019:07:58:33 +0100] "GET /producto/fly-banner-tipo-surf-completo/ HTTP/1.1" 200 114310 "-" "Mozilla/5.0 (Linux; Android 6.0.1; Nexus 5X Build/MMB29P) AppleWebKit/537.36 (KHTML, like Gecko) Chrome/41.0.2272.96 Mobile Safari/537.36 (compatible; Googlebot/2.1; +http://www.google.com/bot.html)" "-"
217.76.130.90 - - [19/Nov/2019:08:18:40 +0100] "POST /wp-cron.php?doing_wp_cron=1574147920.2481889724731445312500 HTTP/1.1" 200 3389 "https://amazingsportwear.com/wp-cron.php?doing_wp_cron=1574147920.2481889724731445312500" "WordPress/5.2.4; https://amazingsportwear.com" "-"
