177.228.147.61 - - [22/Nov/2019:00:03:43 +0100] "GET /wp-content/uploads/2019/04/Gorra-harum-2.png HTTP/1.1" 200 53515 "https://www.google.com/" "Mozilla/5.0 (Windows NT 6.2; Win64; x64) AppleWebKit/537.36 (KHTML, like Gecko) Chrome/78.0.3904.97 Safari/537.36" "-"
217.76.130.90 - - [22/Nov/2019:00:03:56 +0100] "POST /wp-cron.php?doing_wp_cron=1574377436.1788361072540283203125 HTTP/1.1" 200 164 "http://amazingsportwear.com/wp-cron.php?doing_wp_cron=1574377436.1788361072540283203125" "WordPress/5.2.4; https://amazingsportwear.com" "-"
62.109.28.55 - - [22/Nov/2019:00:03:54 +0100] "GET /wp-block.php HTTP/1.1" 404 67927 "http://site.ru" "Mozilla/5.0 (Windows; U; Windows NT 5.1; en-US) AppleWebKit/533.4 (KHTML, like Gecko) Chrome/5.0.375.99 Safari/533.4" "-"
62.109.28.55 - - [22/Nov/2019:00:03:58 +0100] "GET /wp-block.php HTTP/1.1" 404 67927 "http://site.ru" "Mozilla/5.0 (Windows; U; Windows NT 5.1; en-US) AppleWebKit/533.4 (KHTML, like Gecko) Chrome/5.0.375.99 Safari/533.4" "-"
217.76.130.90 - - [22/Nov/2019:00:04:23 +0100] "POST /wp-cron.php?doing_wp_cron=1574377463.0893909931182861328125 HTTP/1.1" 200 164 "http://amazingsportwear.com/wp-cron.php?doing_wp_cron=1574377463.0893909931182861328125" "WordPress/5.2.4; https://amazingsportwear.com" "-"
62.109.28.55 - - [22/Nov/2019:00:04:22 +0100] "GET /wp-block.php HTTP/1.1" 404 67957 "http://site.ru" "Mozilla/5.0 (Windows; U; Windows NT 5.1; en-US) AppleWebKit/533.4 (KHTML, like Gecko) Chrome/5.0.375.99 Safari/533.4" "-"
62.109.28.55 - - [22/Nov/2019:00:04:28 +0100] "GET /wp-block.php HTTP/1.1" 404 67977 "http://site.ru" "Mozilla/5.0 (Windows; U; Windows NT 5.1; en-US) AppleWebKit/533.4 (KHTML, like Gecko) Chrome/5.0.375.99 Safari/533.4" "-"
179.25.157.31 - - [22/Nov/2019:00:10:31 +0100] "GET /wp-content/uploads/2019/04/Gorra-sport-6.png HTTP/1.1" 200 44623 "https://www.google.com/" "Mozilla/5.0 (Windows NT 6.1; Win64; x64) AppleWebKit/537.36 (KHTML, like Gecko) Chrome/78.0.3904.97 Safari/537.36" "-"
201.160.133.46 - - [22/Nov/2019:00:13:46 +0100] "GET /wp-content/uploads/2019/04/Gorra-sport-6.png HTTP/1.1" 200 44623 "https://www.google.com/" "Mozilla/5.0 (Windows NT 10.0; Win64; x64) AppleWebKit/537.36 (KHTML, like Gecko) Chrome/78.0.3904.108 Safari/537.36" "-"
187.162.7.170 - - [22/Nov/2019:00:14:43 +0100] "GET /wp-content/uploads/2019/04/gorra-lorenz-4.png HTTP/1.1" 200 77974 "https://www.google.com.mx/" "Mozilla/5.0 (Windows NT 10.0; Win64; x64) AppleWebKit/537.36 (KHTML, like Gecko) Chrome/78.0.3904.108 Safari/537.36" "-"
181.67.194.243 - - [22/Nov/2019:00:16:03 +0100] "GET /wp-content/uploads/2019/04/Llavero-metalico-futbol-3.png HTTP/1.1" 200 46821 "https://www.google.com/" "Mozilla/5.0 (Windows NT 10.0; Win64; x64) AppleWebKit/537.36 (KHTML, like Gecko) Chrome/78.0.3904.108 Safari/537.36" "-"
189.216.196.214 - - [22/Nov/2019:00:18:18 +0100] "GET /wp-content/uploads/2019/04/Gorra-sport-10.png HTTP/1.1" 200 60231 "https://www.google.com/" "Mozilla/5.0 (Macintosh; Intel Mac OS X 10_14_5) AppleWebKit/605.1.15 (KHTML, like Gecko) Version/12.1.1 Safari/605.1.15" "-"
179.6.218.135 - - [22/Nov/2019:00:19:12 +0100] "GET /wp-content/uploads/2019/04/gorra-five-3.png HTTP/1.1" 200 84607 "https://www.google.com/" "Mozilla/5.0 (Windows NT 10.0; Win64; x64) AppleWebKit/537.36 (KHTML, like Gecko) Chrome/78.0.3904.97 Safari/537.36" "-"
217.76.130.90 - - [22/Nov/2019:00:20:31 +0100] "POST /wp-cron.php?doing_wp_cron=1574378431.1954669952392578125000 HTTP/1.1" 200 3389 "https://amazingsportwear.com/wp-cron.php?doing_wp_cron=1574378431.1954669952392578125000" "WordPress/5.2.4; https://amazingsportwear.com" "-"
66.249.65.116 - - [22/Nov/2019:00:20:30 +0100] "GET /producto/mochila-humus/ HTTP/1.1" 200 96973 "-" "Mozilla/5.0 (Linux; Android 6.0.1; Nexus 5X Build/MMB29P) AppleWebKit/537.36 (KHTML, like Gecko) Chrome/41.0.2272.96 Mobile Safari/537.36 (compatible; Googlebot/2.1; +http://www.google.com/bot.html)" "-"
217.76.130.90 - - [22/Nov/2019:00:22:21 +0100] "POST /wp-cron.php?doing_wp_cron=1574378541.1372280120849609375000 HTTP/1.1" 200 164 "http://amazingsportwear.com/wp-cron.php?doing_wp_cron=1574378541.1372280120849609375000" "WordPress/5.2.4; https://amazingsportwear.com" "-"
157.55.39.8 - - [22/Nov/2019:00:22:20 +0100] "GET /atletismo/182-chaleco-cortavientos-sublimado-asw.html HTTP/1.1" 404 68077 "-" "Mozilla/5.0 (iPhone; CPU iPhone OS 7_0 like Mac OS X) AppleWebKit/537.51.1 (KHTML, like Gecko) Version/7.0 Mobile/11A465 Safari/9537.53 (compatible; bingbot/2.0; +http://www.bing.com/bingbot.htm)" "-"
201.175.202.138 - - [22/Nov/2019:00:27:37 +0100] "GET /wp-content/uploads/2019/04/Gorra-sport-7.png HTTP/1.1" 200 99912 "https://www.google.com/" "Mozilla/5.0 (Windows NT 6.3) AppleWebKit/537.36 (KHTML, like Gecko) Chrome/78.0.3904.108 Safari/537.36" "-"
201.175.202.138 - - [22/Nov/2019:00:27:42 +0100] "GET /wp-content/uploads/2019/04/gorra-dowan-2.png HTTP/1.1" 200 85187 "https://www.google.com/" "Mozilla/5.0 (Windows NT 6.3) AppleWebKit/537.36 (KHTML, like Gecko) Chrome/78.0.3904.108 Safari/537.36" "-"
181.176.100.52 - - [22/Nov/2019:00:35:02 +0100] "GET /wp-content/uploads/2019/04/HALMIK-VERDE.png HTTP/1.1" 200 109229 "https://www.google.com/" "Mozilla/5.0 (Windows NT 10.0; Win64; x64) AppleWebKit/537.36 (KHTML, like Gecko) Chrome/78.0.3904.97 Safari/537.36" "-"
216.244.66.250 - - [22/Nov/2019:00:41:41 +0100] "GET /robots.txt HTTP/1.1" 404 628 "-" "Mozilla/5.0 (compatible; DotBot/1.1; http://www.opensiteexplorer.org/dotbot, help@moz.com)" "-"
217.76.130.90 - - [22/Nov/2019:00:45:36 +0100] "POST /wp-cron.php?doing_wp_cron=1574379936.1314740180969238281250 HTTP/1.1" 200 3389 "https://amazingsportwear.com/wp-cron.php?doing_wp_cron=1574379936.1314740180969238281250" "WordPress/5.2.4; https://amazingsportwear.com" "-"
185.2.5.69 - - [22/Nov/2019:00:45:34 +0100] "POST /xmlrpc.php HTTP/1.1" 200 2507 "-" "Mozilla/5.0 (Windows; U; Windows NT 5.1; en-US; rv:1.9.0.1) Gecko/2008070208 Firefox/3.0.1" "-"
185.2.5.69 - - [22/Nov/2019:00:45:37 +0100] "POST /xmlrpc.php HTTP/1.1" 200 2507 "-" "Mozilla/5.0 (Windows; U; Windows NT 5.1; en-US; rv:1.9.0.1) Gecko/2008070208 Firefox/3.0.1" "-"
217.76.130.90 - - [22/Nov/2019:00:59:33 +0100] "POST /wp-cron.php?doing_wp_cron=1574380773.1338028907775878906250 HTTP/1.1" 200 3389 "https://amazingsportwear.com/wp-cron.php?doing_wp_cron=1574380773.1338028907775878906250" "WordPress/5.2.4; https://amazingsportwear.com" "-"
66.249.73.64 - - [22/Nov/2019:00:59:32 +0100] "GET /robots.txt HTTP/1.1" 200 3955 "-" "Mozilla/5.0 (compatible; Googlebot/2.1; +http://www.google.com/bot.html)" "-"
66.249.73.67 - - [22/Nov/2019:00:59:36 +0100] "GET / HTTP/1.1" 301 3772 "-" "Mozilla/5.0 (Linux; Android 6.0.1; Nexus 5X Build/MMB29P) AppleWebKit/537.36 (KHTML, like Gecko) Chrome/41.0.2272.96 Mobile Safari/537.36 (compatible; Googlebot/2.1; +http://www.google.com/bot.html)" "-"
66.249.65.114 - - [22/Nov/2019:00:59:37 +0100] "GET / HTTP/1.1" 200 125813 "-" "Mozilla/5.0 (Linux; Android 6.0.1; Nexus 5X Build/MMB29P) AppleWebKit/537.36 (KHTML, like Gecko) Chrome/41.0.2272.96 Mobile Safari/537.36 (compatible; Googlebot/2.1; +http://www.google.com/bot.html)" "-"
66.249.65.114 - - [22/Nov/2019:00:59:41 +0100] "POST /?wc-ajax=get_refreshed_fragments HTTP/1.1" 200 1345 "https://amazingsportwear.com/" "Mozilla/5.0 (Linux; Android 6.0.1; Nexus 5X Build/MMB29P) AppleWebKit/537.36 (KHTML, like Gecko) Chrome/41.0.2272.96 Mobile Safari/537.36 (compatible; Googlebot/2.1; +http://www.google.com/bot.html)" "wpfront-notification-bar-landingpage=1; _ga=GA1.2.1884029788.1574294400; _gid=GA1.2.969013651.1574294400; _gat_gtag_UA_91619287_1=1"
217.76.130.90 - - [22/Nov/2019:01:11:08 +0100] "POST /wp-cron.php?doing_wp_cron=1574381468.6447041034698486328125 HTTP/1.1" 200 3389 "https://amazingsportwear.com/wp-cron.php?doing_wp_cron=1574381468.6447041034698486328125" "WordPress/5.2.4; https://amazingsportwear.com" "-"
66.249.65.114 - - [22/Nov/2019:01:11:06 +0100] "GET /categoria-producto/hombre/cortavientos/ HTTP/1.1" 200 57326 "-" "Mozilla/5.0 (compatible; Googlebot/2.1; +http://www.google.com/bot.html)" "-"
66.249.65.114 - - [22/Nov/2019:01:11:13 +0100] "POST /?wc-ajax=get_refreshed_fragments HTTP/1.1" 200 1397 "https://amazingsportwear.com/categoria-producto/hombre/cortavientos/" "Mozilla/5.0 AppleWebKit/537.36 (KHTML, like Gecko; compatible; Googlebot/2.1; +http://www.google.com/bot.html) Safari/537.36" "_ga=GA1.2.2114912494.1574380800; _gid=GA1.2.931330593.1574380800; _gat_gtag_UA_91619287_1=1"
66.249.73.64 - - [22/Nov/2019:01:11:38 +0100] "GET / HTTP/1.1" 301 3772 "-" "Mozilla/5.0 (Linux; Android 6.0.1; Nexus 5X Build/MMB29P) AppleWebKit/537.36 (KHTML, like Gecko) Chrome/41.0.2272.96 Mobile Safari/537.36 (compatible; Googlebot/2.1; +http://www.google.com/bot.html)" "-"
66.249.65.112 - - [22/Nov/2019:01:11:39 +0100] "GET / HTTP/1.1" 200 125788 "-" "Mozilla/5.0 (Linux; Android 6.0.1; Nexus 5X Build/MMB29P) AppleWebKit/537.36 (KHTML, like Gecko) Chrome/41.0.2272.96 Mobile Safari/537.36 (compatible; Googlebot/2.1; +http://www.google.com/bot.html)" "-"
66.249.65.112 - - [22/Nov/2019:01:11:47 +0100] "POST /?wc-ajax=get_refreshed_fragments HTTP/1.1" 200 1345 "https://amazingsportwear.com/" "Mozilla/5.0 (Linux; Android 6.0.1; Nexus 5X Build/MMB29P) AppleWebKit/537.36 (KHTML, like Gecko) Chrome/41.0.2272.96 Mobile Safari/537.36 (compatible; Googlebot/2.1; +http://www.google.com/bot.html)" "wpfront-notification-bar-landingpage=1; _ga=GA1.2.1884029788.1574380800; _gid=GA1.2.969013651.1574380800; _gat_gtag_UA_91619287_1=1"
217.76.130.90 - - [22/Nov/2019:01:14:44 +0100] "POST /wp-cron.php?doing_wp_cron=1574381684.8598229885101318359375 HTTP/1.1" 200 164 "http://amazingsportwear.com/wp-cron.php?doing_wp_cron=1574381684.8598229885101318359375" "WordPress/5.2.4; https://amazingsportwear.com" "-"
44.226.205.24 - - [22/Nov/2019:01:14:44 +0100] "GET / HTTP/1.1" 301 279 "-" "Go-http-client/1.1" "-"
81.0.7.55 - - [22/Nov/2019:01:35:32 +0100] "GET /wp-content/uploads/2019/03/SA-0317-3.png HTTP/1.1" 200 50320 "https://www.google.com/blank.html" "Mozilla/5.0 (Linux; Android 7.1.2; Redmi 5A Build/N2G47H; wv) AppleWebKit/537.36 (KHTML, like Gecko) Version/4.0 Chrome/78.0.3904.96 Mobile Safari/537.36 GSA/10.84.19.21.arm64" "-"
217.76.130.90 - - [22/Nov/2019:01:36:01 +0100] "POST /wp-cron.php?doing_wp_cron=1574382961.4644980430603027343750 HTTP/1.1" 200 3389 "https://amazingsportwear.com/wp-cron.php?doing_wp_cron=1574382961.4644980430603027343750" "WordPress/5.2.4; https://amazingsportwear.com" "-"
66.249.65.116 - - [22/Nov/2019:01:35:59 +0100] "GET /producto/chaqueta-triatlon/ HTTP/1.1" 200 90579 "-" "Mozilla/5.0 (compatible; Googlebot/2.1; +http://www.google.com/bot.html)" "-"
217.76.130.90 - - [22/Nov/2019:01:36:14 +0100] "POST /wp-cron.php?doing_wp_cron=1574382974.8022599220275878906250 HTTP/1.1" 200 3389 "https://amazingsportwear.com/wp-cron.php?doing_wp_cron=1574382974.8022599220275878906250" "WordPress/5.2.4; https://amazingsportwear.com" "-"
66.249.65.112 - - [22/Nov/2019:01:36:14 +0100] "POST /?wc-ajax=get_refreshed_fragments HTTP/1.1" 200 4760 "https://amazingsportwear.com/producto/chaqueta-triatlon/" "Mozilla/5.0 AppleWebKit/537.36 (KHTML, like Gecko; compatible; Googlebot/2.1; +http://www.google.com/bot.html) Safari/537.36" "_ga=GA1.2.931330593.1574380800; _gid=GA1.2.2074753562.1574380800; _gat_gtag_UA_91619287_1=1"
217.76.130.90 - - [22/Nov/2019:01:47:29 +0100] "POST /wp-cron.php?doing_wp_cron=1574383649.1396369934082031250000 HTTP/1.1" 200 3389 "https://amazingsportwear.com/wp-cron.php?doing_wp_cron=1574383649.1396369934082031250000" "WordPress/5.2.4; https://amazingsportwear.com" "-"
17.58.100.225 - - [22/Nov/2019:01:47:28 +0100] "GET /robots.txt HTTP/1.1" 200 3687 "-" "Mozilla/5.0 (Macintosh; Intel Mac OS X 10_10_1) AppleWebKit/600.2.5 (KHTML, like Gecko) Version/8.0.2 Safari/600.2.5 (Applebot/0.1; +http://www.apple.com/go/applebot)" "-"
17.58.96.188 - - [22/Nov/2019:01:47:30 +0100] "GET /politica-de-privacidad-rgpd-2018/ HTTP/1.1" 200 75137 "-" "Mozilla/5.0 (Macintosh; Intel Mac OS X 10_10_1) AppleWebKit/600.2.5 (KHTML, like Gecko) Version/8.0.2 Safari/600.2.5 (Applebot/0.1; +http://www.apple.com/go/applebot)" "-"
200.52.87.102 - - [22/Nov/2019:01:55:17 +0100] "GET /wp-content/uploads/2019/04/gorra-konlun-5.png HTTP/1.1" 200 82923 "https://www.google.com/" "Mozilla/5.0 (Windows NT 10.0; Win64; x64) AppleWebKit/537.36 (KHTML, like Gecko) Chrome/78.0.3904.108 Safari/537.36" "-"
217.76.130.90 - - [22/Nov/2019:02:10:07 +0100] "POST /wp-cron.php?doing_wp_cron=1574385007.8667759895324707031250 HTTP/1.1" 200 3389 "https://amazingsportwear.com/wp-cron.php?doing_wp_cron=1574385007.8667759895324707031250" "WordPress/5.2.4; https://amazingsportwear.com" "-"
66.249.65.116 - - [22/Nov/2019:02:10:05 +0100] "GET / HTTP/1.1" 200 125773 "-" "Mozilla/5.0 (compatible; Googlebot/2.1; +http://www.google.com/bot.html)" "-"
66.249.65.114 - - [22/Nov/2019:02:10:19 +0100] "GET /wp-content/plugins/elementor/assets/lib/font-awesome/css/font-awesome.min.css?ver=4.7.0 HTTP/1.1" 200 34728 "https://amazingsportwear.com/" "Mozilla/5.0 AppleWebKit/537.36 (KHTML, like Gecko; compatible; Googlebot/2.1; +http://www.google.com/bot.html) Safari/537.36" "wpfront-notification-bar-landingpage=1"
66.249.65.112 - - [22/Nov/2019:02:10:22 +0100] "POST /?wc-ajax=get_refreshed_fragments HTTP/1.1" 200 4708 "https://amazingsportwear.com/" "Mozilla/5.0 AppleWebKit/537.36 (KHTML, like Gecko; compatible; Googlebot/2.1; +http://www.google.com/bot.html) Safari/537.36" "wpfront-notification-bar-landingpage=1; _ga=GA1.2.2114912494.1574380800; _gid=GA1.2.931330593.1574380800; _gat_gtag_UA_91619287_1=1"
217.76.130.90 - - [22/Nov/2019:02:13:54 +0100] "POST /wp-cron.php?doing_wp_cron=1574385234.8158431053161621093750 HTTP/1.1" 200 164 "http://amazingsportwear.com/wp-cron.php?doing_wp_cron=1574385234.8158431053161621093750" "WordPress/5.2.4; https://amazingsportwear.com" "-"
128.199.49.90 - - [22/Nov/2019:02:13:53 +0100] "GET /wp-content/plugins/woocommerce-gateway-stripe/assets/js/stripe.js HTTP/1.1" 404 68105 "-" "Mozilla/5.0 (Macintosh; Intel Mac OS X 10_11_6) AppleWebKit/601.7.7 (KHTML, like Gecko) Version/9.1.2 Safari/601.7.7" "-"
187.133.201.199 - - [22/Nov/2019:02:21:44 +0100] "GET /wp-content/uploads/2019/04/Gorra-sport-6.png HTTP/1.1" 200 44623 "https://www.google.com/" "Mozilla/5.0 (Windows NT 10.0; WOW64) AppleWebKit/537.36 (KHTML, like Gecko) Chrome/78.0.3904.97 Safari/537.36" "-"
217.76.130.90 - - [22/Nov/2019:02:25:34 +0100] "POST /wp-cron.php?doing_wp_cron=1574385934.0749180316925048828125 HTTP/1.1" 200 3389 "https://amazingsportwear.com/wp-cron.php?doing_wp_cron=1574385934.0749180316925048828125" "WordPress/5.2.4; https://amazingsportwear.com" "-"
66.249.65.112 - - [22/Nov/2019:02:25:33 +0100] "GET /producto/mochila-humus/ HTTP/1.1" 200 96588 "-" "Mozilla/5.0 (compatible; Googlebot/2.1; +http://www.google.com/bot.html)" "-"
66.249.65.114 - - [22/Nov/2019:02:25:39 +0100] "POST /?wc-ajax=get_refreshed_fragments HTTP/1.1" 200 4760 "https://amazingsportwear.com/producto/mochila-humus/" "Mozilla/5.0 AppleWebKit/537.36 (KHTML, like Gecko; compatible; Googlebot/2.1; +http://www.google.com/bot.html) Safari/537.36" "_ga=GA1.2.931330593.1574380800; _gid=GA1.2.2074753562.1574380800; _gat_gtag_UA_91619287_1=1"
217.76.130.90 - - [22/Nov/2019:02:33:16 +0100] "POST /wp-cron.php?doing_wp_cron=1574386396.8060629367828369140625 HTTP/1.1" 200 3389 "https://amazingsportwear.com/wp-cron.php?doing_wp_cron=1574386396.8060629367828369140625" "WordPress/5.2.4; https://amazingsportwear.com" "-"
157.55.39.8 - - [22/Nov/2019:02:33:15 +0100] "GET /futbol/58-pantalon-corto-futbol.html HTTP/1.1" 404 72307 "-" "Mozilla/5.0 (compatible; bingbot/2.0; +http://www.bing.com/bingbot.htm)" "-"
217.76.130.90 - - [22/Nov/2019:02:37:01 +0100] "POST /wp-cron.php?doing_wp_cron=1574386621.0894489288330078125000 HTTP/1.1" 200 3389 "https://amazingsportwear.com/wp-cron.php?doing_wp_cron=1574386621.0894489288330078125000" "WordPress/5.2.4; https://amazingsportwear.com" "-"
66.249.65.112 - - [22/Nov/2019:02:37:00 +0100] "GET /producto/mochila-humus/ HTTP/1.1" 200 97008 "-" "Mozilla/5.0 (compatible; Googlebot/2.1; +http://www.google.com/bot.html)" "-"
217.76.130.90 - - [22/Nov/2019:02:37:10 +0100] "POST /wp-cron.php?doing_wp_cron=1574386630.4012739658355712890625 HTTP/1.1" 200 3389 "https://amazingsportwear.com/wp-cron.php?doing_wp_cron=1574386630.4012739658355712890625" "WordPress/5.2.4; https://amazingsportwear.com" "-"
66.249.65.114 - - [22/Nov/2019:02:37:09 +0100] "POST /?wc-ajax=get_refreshed_fragments HTTP/1.1" 200 4760 "https://amazingsportwear.com/producto/mochila-humus/" "Mozilla/5.0 AppleWebKit/537.36 (KHTML, like Gecko; compatible; Googlebot/2.1; +http://www.google.com/bot.html) Safari/537.36" "_ga=GA1.2.931330593.1574380800; _gid=GA1.2.2074753562.1574380800; _gat_gtag_UA_91619287_1=1"
217.76.130.90 - - [22/Nov/2019:02:45:20 +0100] "POST /wp-cron.php?doing_wp_cron=1574387120.4816091060638427734375 HTTP/1.1" 200 3389 "https://amazingsportwear.com/wp-cron.php?doing_wp_cron=1574387120.4816091060638427734375" "WordPress/5.2.4; https://amazingsportwear.com" "-"
66.249.65.116 - - [22/Nov/2019:02:45:19 +0100] "GET /producto/chaqueta-triatlon/ HTTP/1.1" 200 90562 "-" "Mozilla/5.0 (Linux; Android 6.0.1; Nexus 5X Build/MMB29P) AppleWebKit/537.36 (KHTML, like Gecko) Chrome/41.0.2272.96 Mobile Safari/537.36 (compatible; Googlebot/2.1; +http://www.google.com/bot.html)" "-"
66.249.65.112 - - [22/Nov/2019:02:45:53 +0100] "POST /?wc-ajax=get_refreshed_fragments HTTP/1.1" 200 4760 "https://amazingsportwear.com/producto/chaqueta-triatlon/" "Mozilla/5.0 (Linux; Android 6.0.1; Nexus 5X Build/MMB29P) AppleWebKit/537.36 (KHTML, like Gecko) Chrome/41.0.2272.96 Mobile Safari/537.36 (compatible; Googlebot/2.1; +http://www.google.com/bot.html)" "_ga=GA1.2.969013651.1574380800; _gid=GA1.2.1978218920.1574380800; _gat_gtag_UA_91619287_1=1"
217.76.130.90 - - [22/Nov/2019:02:50:21 +0100] "POST /wp-cron.php?doing_wp_cron=1574387421.9409909248352050781250 HTTP/1.1" 200 3389 "https://amazingsportwear.com/wp-cron.php?doing_wp_cron=1574387421.9409909248352050781250" "WordPress/5.2.4; https://amazingsportwear.com" "-"
66.249.65.116 - - [22/Nov/2019:02:50:21 +0100] "GET /categoria-producto/accesorios/mochilas/ HTTP/1.1" 200 74819 "-" "Mozilla/5.0 (compatible; Googlebot/2.1; +http://www.google.com/bot.html)" "-"
66.249.65.114 - - [22/Nov/2019:02:50:27 +0100] "POST /?wc-ajax=get_refreshed_fragments HTTP/1.1" 200 4760 "https://amazingsportwear.com/categoria-producto/accesorios/mochilas/" "Mozilla/5.0 AppleWebKit/537.36 (KHTML, like Gecko; compatible; Googlebot/2.1; +http://www.google.com/bot.html) Safari/537.36" "_ga=GA1.2.2114912494.1574380800; _gid=GA1.2.931330593.1574380800; _gat_gtag_UA_91619287_1=1"
217.76.130.90 - - [22/Nov/2019:02:55:46 +0100] "POST /wp-cron.php?doing_wp_cron=1574387746.0210568904876708984375 HTTP/1.1" 200 3389 "https://amazingsportwear.com/wp-cron.php?doing_wp_cron=1574387746.0210568904876708984375" "WordPress/5.2.4; https://amazingsportwear.com" "-"
66.249.65.114 - - [22/Nov/2019:02:55:45 +0100] "GET /producto/culoute-corto-ciclismo-3/ HTTP/1.1" 200 76909 "-" "Mozilla/5.0 (Linux; Android 6.0.1; Nexus 5X Build/MMB29P) AppleWebKit/537.36 (KHTML, like Gecko) Chrome/41.0.2272.96 Mobile Safari/537.36 (compatible; Googlebot/2.1; +http://www.google.com/bot.html)" "-"
66.249.65.112 - - [22/Nov/2019:02:55:57 +0100] "POST /?wc-ajax=get_refreshed_fragments HTTP/1.1" 200 4760 "https://amazingsportwear.com/producto/culoute-corto-ciclismo-3/" "Mozilla/5.0 (Linux; Android 6.0.1; Nexus 5X Build/MMB29P) AppleWebKit/537.36 (KHTML, like Gecko) Chrome/41.0.2272.96 Mobile Safari/537.36 (compatible; Googlebot/2.1; +http://www.google.com/bot.html)" "_ga=GA1.2.1884029788.1574380800; _gid=GA1.2.969013651.1574380800; _gat_gtag_UA_91619287_1=1"
66.249.65.114 - - [22/Nov/2019:03:05:50 +0100] "GET /wp-includes/js/wp-emoji-release.min.js?ver=5.2.3 HTTP/1.1" 200 17546 "https://amazingsportwear.com/categoria-producto/s/" "Mozilla/5.0 (Linux; Android 6.0.1; Nexus 5X Build/MMB29P) AppleWebKit/537.36 (KHTML, like Gecko) Chrome/41.0.2272.96 Mobile Safari/537.36 (compatible; Googlebot/2.1; +http://www.google.com/bot.html)" "-"
217.76.130.90 - - [22/Nov/2019:03:05:52 +0100] "POST /wp-cron.php?doing_wp_cron=1574388352.5537350177764892578125 HTTP/1.1" 200 3389 "https://amazingsportwear.com/wp-cron.php?doing_wp_cron=1574388352.5537350177764892578125" "WordPress/5.2.4; https://amazingsportwear.com" "-"
66.249.65.112 - - [22/Nov/2019:03:05:51 +0100] "POST /?wc-ajax=get_refreshed_fragments HTTP/1.1" 200 4760 "https://amazingsportwear.com/categoria-producto/s/" "Mozilla/5.0 (Linux; Android 6.0.1; Nexus 5X Build/MMB29P) AppleWebKit/537.36 (KHTML, like Gecko) Chrome/41.0.2272.96 Mobile Safari/537.36 (compatible; Googlebot/2.1; +http://www.google.com/bot.html)" "_ga=GA1.2.1884029788.1569110400; _gid=GA1.2.969013651.1569110400; _gat_gtag_UA_91619287_1=1"
217.76.130.90 - - [22/Nov/2019:03:14:17 +0100] "POST /wp-cron.php?doing_wp_cron=1574388857.9803860187530517578125 HTTP/1.1" 200 3389 "https://amazingsportwear.com/wp-cron.php?doing_wp_cron=1574388857.9803860187530517578125" "WordPress/5.2.4; https://amazingsportwear.com" "-"
157.55.39.47 - - [22/Nov/2019:03:14:16 +0100] "GET /ciclismo/37-maillot-manga-corta.html HTTP/1.1" 404 72302 "-" "Mozilla/5.0 (compatible; bingbot/2.0; +http://www.bing.com/bingbot.htm)" "-"
217.76.130.90 - - [22/Nov/2019:03:23:22 +0100] "POST /wp-cron.php?doing_wp_cron=1574389402.7385249137878417968750 HTTP/1.1" 200 3389 "https://amazingsportwear.com/wp-cron.php?doing_wp_cron=1574389402.7385249137878417968750" "WordPress/5.2.4; https://amazingsportwear.com" "-"
66.249.65.112 - - [22/Nov/2019:03:23:21 +0100] "GET /categoria-producto/accesorios/mochilas/ HTTP/1.1" 200 74819 "-" "Mozilla/5.0 (Linux; Android 6.0.1; Nexus 5X Build/MMB29P) AppleWebKit/537.36 (KHTML, like Gecko) Chrome/41.0.2272.96 Mobile Safari/537.36 (compatible; Googlebot/2.1; +http://www.google.com/bot.html)" "-"
152.0.107.143 - - [22/Nov/2019:03:31:56 +0100] "GET /wp-content/uploads/2019/04/SA-1070-4.png HTTP/1.1" 200 69427 "https://www.google.com/blank.html" "Mozilla/5.0 (Linux; Android 7.0; LG-M150 Build/NRD90U; wv) AppleWebKit/537.36 (KHTML, like Gecko) Version/4.0 Chrome/78.0.3904.96 Mobile Safari/537.36 GSA/10.84.19.21.arm" "-"
217.76.130.90 - - [22/Nov/2019:03:40:49 +0100] "POST /wp-cron.php?doing_wp_cron=1574390449.5357720851898193359375 HTTP/1.1" 200 3389 "https://amazingsportwear.com/wp-cron.php?doing_wp_cron=1574390449.5357720851898193359375" "WordPress/5.2.4; https://amazingsportwear.com" "-"
66.249.66.68 - - [22/Nov/2019:03:40:45 +0100] "GET /producto/mochila-keisy/ HTTP/1.1" 200 97435 "-" "Mozilla/5.0 (compatible; Googlebot/2.1; +http://www.google.com/bot.html)" "-"
217.76.130.90 - - [22/Nov/2019:03:41:06 +0100] "POST /wp-cron.php?doing_wp_cron=1574390466.8184421062469482421875 HTTP/1.1" 200 3389 "https://amazingsportwear.com/wp-cron.php?doing_wp_cron=1574390466.8184421062469482421875" "WordPress/5.2.4; https://amazingsportwear.com" "-"
157.55.39.8 - - [22/Nov/2019:03:41:06 +0100] "GET /tienda/120-camiseta-tecnica-manga-larga-maik-cat-4726.html HTTP/1.1" 404 72346 "-" "Mozilla/5.0 (compatible; bingbot/2.0; +http://www.bing.com/bingbot.htm)" "-"
217.76.130.90 - - [22/Nov/2019:03:46:08 +0100] "POST /wp-cron.php?doing_wp_cron=1574390768.2606470584869384765625 HTTP/1.1" 200 3389 "https://amazingsportwear.com/wp-cron.php?doing_wp_cron=1574390768.2606470584869384765625" "WordPress/5.2.4; https://amazingsportwear.com" "-"
66.249.66.70 - - [22/Nov/2019:03:46:06 +0100] "GET /etiqueta-producto/manga-ranglan/ HTTP/1.1" 200 58118 "-" "Mozilla/5.0 (Linux; Android 6.0.1; Nexus 5X Build/MMB29P) AppleWebKit/537.36 (KHTML, like Gecko) Chrome/41.0.2272.96 Mobile Safari/537.36 (compatible; Googlebot/2.1; +http://www.google.com/bot.html)" "-"
217.76.130.90 - - [22/Nov/2019:03:49:41 +0100] "POST /wp-cron.php?doing_wp_cron=1574390981.4223139286041259765625 HTTP/1.1" 200 3389 "https://amazingsportwear.com/wp-cron.php?doing_wp_cron=1574390981.4223139286041259765625" "WordPress/5.2.4; https://amazingsportwear.com" "-"
66.249.66.66 - - [22/Nov/2019:03:49:40 +0100] "GET /producto/camiseta-manga-corta-futbol/ HTTP/1.1" 200 95070 "-" "Mozilla/5.0 (compatible; Googlebot/2.1; +http://www.google.com/bot.html)" "-"
217.76.130.90 - - [22/Nov/2019:03:55:22 +0100] "POST /wp-cron.php?doing_wp_cron=1574391322.0252559185028076171875 HTTP/1.1" 200 3389 "https://amazingsportwear.com/wp-cron.php?doing_wp_cron=1574391322.0252559185028076171875" "WordPress/5.2.4; https://amazingsportwear.com" "-"
66.249.66.66 - - [22/Nov/2019:03:55:21 +0100] "GET /producto/camiseta-manga-corta-futbol/ HTTP/1.1" 200 94894 "-" "Mozilla/5.0 (compatible; Googlebot/2.1; +http://www.google.com/bot.html)" "-"
66.249.66.66 - - [22/Nov/2019:03:55:25 +0100] "POST /?wc-ajax=get_refreshed_fragments HTTP/1.1" 200 1397 "https://amazingsportwear.com/producto/camiseta-manga-corta-futbol/" "Mozilla/5.0 AppleWebKit/537.36 (KHTML, like Gecko; compatible; Googlebot/2.1; +http://www.google.com/bot.html) Safari/537.36" "_ga=GA1.2.931330593.1574380800; _gid=GA1.2.2074753562.1574380800; _gat_gtag_UA_91619287_1=1"
181.90.186.129 - - [22/Nov/2019:03:56:05 +0100] "GET /wp-content/uploads/2019/04/Gorra-sport-11.png HTTP/1.1" 200 131116 "https://www.google.com/" "Mozilla/5.0 (Windows NT 6.1; Win64; x64) AppleWebKit/537.36 (KHTML, like Gecko) Chrome/78.0.3904.97 Safari/537.36" "-"
217.76.130.90 - - [22/Nov/2019:03:58:33 +0100] "POST /wp-cron.php?doing_wp_cron=1574391513.4281449317932128906250 HTTP/1.1" 200 3389 "https://amazingsportwear.com/wp-cron.php?doing_wp_cron=1574391513.4281449317932128906250" "WordPress/5.2.4; https://amazingsportwear.com" "-"
66.249.66.70 - - [22/Nov/2019:03:58:32 +0100] "GET /producto/gorra-bayon/ HTTP/1.1" 200 100043 "-" "Mozilla/5.0 (compatible; Googlebot/2.1; +http://www.google.com/bot.html)" "-"
66.249.66.66 - - [22/Nov/2019:03:58:41 +0100] "POST /?wc-ajax=get_refreshed_fragments HTTP/1.1" 200 4760 "https://amazingsportwear.com/producto/gorra-bayon/" "Mozilla/5.0 AppleWebKit/537.36 (KHTML, like Gecko; compatible; Googlebot/2.1; +http://www.google.com/bot.html) Safari/537.36" "_ga=GA1.2.931330593.1574380800; _gid=GA1.2.2074753562.1574380800; _gat_gtag_UA_91619287_1=1"
217.76.130.90 - - [22/Nov/2019:04:06:01 +0100] "POST /wp-cron.php?doing_wp_cron=1574391961.1072070598602294921875 HTTP/1.1" 200 3389 "https://amazingsportwear.com/wp-cron.php?doing_wp_cron=1574391961.1072070598602294921875" "WordPress/5.2.4; https://amazingsportwear.com" "-"
157.55.39.25 - - [22/Nov/2019:04:05:58 +0100] "GET /robots.txt HTTP/1.1" 200 2297 "-" "Mozilla/5.0 (compatible; bingbot/2.0; +http://www.bing.com/bingbot.htm)" "-"
157.55.39.25 - - [22/Nov/2019:04:06:02 +0100] "GET /robots.txt HTTP/1.1" 200 3939 "-" "Mozilla/5.0 (compatible; bingbot/2.0; +http://www.bing.com/bingbot.htm)" "-"
177.236.128.88 - - [22/Nov/2019:04:08:20 +0100] "GET /wp-content/uploads/2019/04/Gorra-sport-6.png HTTP/1.1" 200 44623 "-" "Mozilla/5.0 (Windows NT 6.2) AppleWebKit/537.36 (KHTML, like Gecko) Chrome/78.0.3904.108 Safari/537.36" "-"
189.166.180.165 - - [22/Nov/2019:04:10:24 +0100] "GET /wp-content/uploads/2019/04/Gorra-sport-11.png HTTP/1.1" 200 131116 "https://www.google.com/" "Mozilla/5.0 (Linux; Android 8.1.0; LG-M700) AppleWebKit/537.36 (KHTML, like Gecko) Chrome/78.0.3904.96 Mobile Safari/537.36" "-"
217.76.130.90 - - [22/Nov/2019:04:12:49 +0100] "POST /wp-cron.php?doing_wp_cron=1574392369.6490280628204345703125 HTTP/1.1" 200 3389 "https://amazingsportwear.com/wp-cron.php?doing_wp_cron=1574392369.6490280628204345703125" "WordPress/5.2.4; https://amazingsportwear.com" "-"
157.55.39.47 - - [22/Nov/2019:04:12:48 +0100] "GET /categoria-producto/nueve/ HTTP/1.1" 200 57701 "-" "Mozilla/5.0 (compatible; bingbot/2.0; +http://www.bing.com/bingbot.htm)" "-"
217.76.130.90 - - [22/Nov/2019:04:14:15 +0100] "POST /wp-cron.php?doing_wp_cron=1574392455.3719179630279541015625 HTTP/1.1" 200 3389 "https://amazingsportwear.com/wp-cron.php?doing_wp_cron=1574392455.3719179630279541015625" "WordPress/5.2.4; https://amazingsportwear.com" "-"
157.55.39.94 - - [22/Nov/2019:04:14:14 +0100] "GET /tienda/99-camiseta-tecnica-montecarlo-sa-0425.html HTTP/1.1" 404 72300 "-" "Mozilla/5.0 (compatible; bingbot/2.0; +http://www.bing.com/bingbot.htm)" "-"
217.76.130.90 - - [22/Nov/2019:04:27:01 +0100] "POST /wp-cron.php?doing_wp_cron=1574393221.6085779666900634765625 HTTP/1.1" 200 3389 "https://amazingsportwear.com/wp-cron.php?doing_wp_cron=1574393221.6085779666900634765625" "WordPress/5.2.4; https://amazingsportwear.com" "-"
17.58.96.188 - - [22/Nov/2019:04:26:53 +0100] "GET /categoria-producto/accesorios/linternas/ HTTP/1.1" 200 63334 "-" "Mozilla/5.0 (Macintosh; Intel Mac OS X 10_10_1) AppleWebKit/600.2.5 (KHTML, like Gecko) Version/8.0.2 Safari/600.2.5 (Applebot/0.1; +http://www.apple.com/go/applebot)" "-"
217.76.130.90 - - [22/Nov/2019:04:30:43 +0100] "POST /wp-cron.php?doing_wp_cron=1574393443.7852089405059814453125 HTTP/1.1" 200 3389 "https://amazingsportwear.com/wp-cron.php?doing_wp_cron=1574393443.7852089405059814453125" "WordPress/5.2.4; https://amazingsportwear.com" "-"
157.55.39.231 - - [22/Nov/2019:04:30:40 +0100] "GET /producto/braga-cuello-motocross/ HTTP/1.1" 200 97095 "-" "Mozilla/5.0 (compatible; bingbot/2.0; +http://www.bing.com/bingbot.htm)" "-"
217.76.130.90 - - [22/Nov/2019:04:40:23 +0100] "POST /wp-cron.php?doing_wp_cron=1574394023.3146889209747314453125 HTTP/1.1" 200 3389 "https://amazingsportwear.com/wp-cron.php?doing_wp_cron=1574394023.3146889209747314453125" "WordPress/5.2.4; https://amazingsportwear.com" "-"
17.58.96.188 - - [22/Nov/2019:04:40:22 +0100] "GET /mi-cuenta/ HTTP/1.1" 200 57012 "-" "Mozilla/5.0 (Macintosh; Intel Mac OS X 10_10_1) AppleWebKit/600.2.5 (KHTML, like Gecko) Version/8.0.2 Safari/600.2.5 (Applebot/0.1; +http://www.apple.com/go/applebot)" "-"
217.76.130.90 - - [22/Nov/2019:04:43:42 +0100] "POST /wp-cron.php?doing_wp_cron=1574394222.0334138870239257812500 HTTP/1.1" 200 3389 "https://amazingsportwear.com/wp-cron.php?doing_wp_cron=1574394222.0334138870239257812500" "WordPress/5.2.4; https://amazingsportwear.com" "-"
157.55.39.8 - - [22/Nov/2019:04:43:41 +0100] "GET /producto/bandana-microfibra-tipo-buff/ HTTP/1.1" 200 92491 "-" "Mozilla/5.0 (compatible; bingbot/2.0; +http://www.bing.com/bingbot.htm)" "-"
40.77.190.216 - - [22/Nov/2019:04:43:44 +0100] "GET /wp-includes/js/wp-emoji-release.min.js?ver=5.2.4 HTTP/1.1" 200 17546 "-" "Mozilla/5.0 (Windows NT 6.1; WOW64) AppleWebKit/534+ (KHTML, like Gecko) BingPreview/1.0b" "-"
40.77.190.143 - - [22/Nov/2019:04:43:45 +0100] "GET /wp-includes/css/dist/block-library/style.min.css?ver=5.2.4 HTTP/1.1" 200 33023 "-" "Mozilla/5.0 (Windows NT 6.1; WOW64) AppleWebKit/534+ (KHTML, like Gecko) BingPreview/1.0b" "-"
157.55.39.47 - - [22/Nov/2019:04:43:45 +0100] "GET /robots.txt HTTP/1.1" 200 432 "-" "msnbot/2.0b (+http://search.msn.com/msnbot.htm)" "-"
40.77.189.125 - - [22/Nov/2019:04:43:46 +0100] "GET /wp-content/plugins/woocommerce/assets/css/blocks/style.css?ver=3.6.4 HTTP/1.1" 200 10060 "-" "Mozilla/5.0 (Windows NT 6.1; WOW64) AppleWebKit/534+ (KHTML, like Gecko) BingPreview/1.0b" "-"
40.77.190.216 - - [22/Nov/2019:04:43:46 +0100] "GET /wp-content/plugins/cookie-law-info/public/css/cookie-law-info-public.css?ver=1.7.6 HTTP/1.1" 200 3235 "-" "Mozilla/5.0 (Windows NT 6.1; WOW64) AppleWebKit/534+ (KHTML, like Gecko) BingPreview/1.0b" "-"
40.77.189.78 - - [22/Nov/2019:04:43:47 +0100] "GET /wp-content/plugins/cookie-law-info/public/css/cookie-law-info-gdpr.css?ver=1.7.6 HTTP/1.1" 200 15808 "-" "Mozilla/5.0 (Windows NT 6.1; WOW64) AppleWebKit/534+ (KHTML, like Gecko) BingPreview/1.0b" "-"
40.77.189.78 - - [22/Nov/2019:04:43:47 +0100] "GET /wp-content/plugins/woocommerce/assets/css/photoswipe/photoswipe.css?ver=3.6.4 HTTP/1.1" 200 4472 "-" "Mozilla/5.0 (Windows NT 6.1; WOW64) AppleWebKit/534+ (KHTML, like Gecko) BingPreview/1.0b" "-"
40.77.189.78 - - [22/Nov/2019:04:43:47 +0100] "GET /wp-content/plugins/woocommerce/assets/css/photoswipe/default-skin/default-skin.css?ver=3.6.4 HTTP/1.1" 200 11943 "-" "Mozilla/5.0 (Windows NT 6.1; WOW64) AppleWebKit/534+ (KHTML, like Gecko) BingPreview/1.0b" "-"
40.77.189.78 - - [22/Nov/2019:04:43:47 +0100] "GET /wp-content/plugins/wpfront-notification-bar/css/wpfront-notification-bar.css?ver=1.7.1 HTTP/1.1" 200 3663 "-" "Mozilla/5.0 (Windows NT 6.1; WOW64) AppleWebKit/534+ (KHTML, like Gecko) BingPreview/1.0b" "-"
40.77.189.78 - - [22/Nov/2019:04:43:47 +0100] "GET /wp-content/themes/shopper/style.css?ver=1.3.8 HTTP/1.1" 200 125315 "-" "Mozilla/5.0 (Windows NT 6.1; WOW64) AppleWebKit/534+ (KHTML, like Gecko) BingPreview/1.0b" "-"
40.77.189.195 - - [22/Nov/2019:04:43:48 +0100] "GET /wp-content/themes/shopper/assets/sass/woocommerce/woocommerce.css?ver=5.2.4 HTTP/1.1" 200 86897 "-" "Mozilla/5.0 (Windows NT 6.1; WOW64) AppleWebKit/534+ (KHTML, like Gecko) BingPreview/1.0b" "-"
40.77.189.125 - - [22/Nov/2019:04:43:49 +0100] "GET /wp-includes/js/jquery/jquery-migrate.min.js?ver=1.4.1 HTTP/1.1" 200 10399 "-" "Mozilla/5.0 (Windows NT 6.1; WOW64) AppleWebKit/534+ (KHTML, like Gecko) BingPreview/1.0b" "-"
40.77.189.226 - - [22/Nov/2019:04:43:50 +0100] "GET /wp-content/plugins/cookie-law-info/public/js/cookie-law-info-public.js?ver=1.7.6 HTTP/1.1" 200 20439 "-" "Mozilla/5.0 (Windows NT 6.1; WOW64) AppleWebKit/534+ (KHTML, like Gecko) BingPreview/1.0b" "-"
40.77.190.143 - - [22/Nov/2019:04:43:50 +0100] "GET /wp-content/plugins/wpfront-notification-bar/jquery-plugins/jquery.c.js?ver=1.4.0 HTTP/1.1" 200 3437 "-" "Mozilla/5.0 (Windows NT 6.1; WOW64) AppleWebKit/534+ (KHTML, like Gecko) BingPreview/1.0b" "-"
40.77.189.133 - - [22/Nov/2019:04:43:51 +0100] "GET /wp-content/plugins/wpfront-notification-bar/js/wpfront-notification-bar.js?ver=1.7.1 HTTP/1.1" 200 9025 "-" "Mozilla/5.0 (Windows NT 6.1; WOW64) AppleWebKit/534+ (KHTML, like Gecko) BingPreview/1.0b" "-"
40.77.190.143 - - [22/Nov/2019:04:43:51 +0100] "GET /wp-includes/js/jquery/jquery.js HTTP/1.1" 200 97362 "-" "Mozilla/5.0 (Windows NT 6.1; WOW64) AppleWebKit/534+ (KHTML, like Gecko) BingPreview/1.0b" "-"
40.77.188.226 - - [22/Nov/2019:04:43:52 +0100] "GET /wp-content/themes/shopper/assets/fonts/fontawesome-webfont.ttf?v=4.7.0 HTTP/1.1" 200 169541 "-" "Mozilla/5.0 (Windows NT 6.1; WOW64) AppleWebKit/534+ (KHTML, like Gecko) BingPreview/1.0b" "-"
40.77.190.188 - - [22/Nov/2019:04:43:53 +0100] "GET /wp-content/plugins/product-enquiry-for-woocommerce/css/wdm-jquery-ui.css?ver=5.2.4 HTTP/1.1" 200 30364 "-" "Mozilla/5.0 (Windows NT 6.1; WOW64) AppleWebKit/534+ (KHTML, like Gecko) BingPreview/1.0b" "-"
40.77.190.46 - - [22/Nov/2019:04:43:54 +0100] "GET /wp-content/themes/shopper/assets/js/crm.js?ver=1561548510 HTTP/1.1" 200 4237 "-" "Mozilla/5.0 (Windows NT 6.1; WOW64) AppleWebKit/534+ (KHTML, like Gecko) BingPreview/1.0b" "-"
40.77.188.226 - - [22/Nov/2019:04:43:54 +0100] "GET /wp-content/plugins/woocommerce/assets/js/jquery-blockui/jquery.blockUI.min.js?ver=2.70 HTTP/1.1" 200 9908 "-" "Mozilla/5.0 (Windows NT 6.1; WOW64) AppleWebKit/534+ (KHTML, like Gecko) BingPreview/1.0b" "-"
40.77.189.133 - - [22/Nov/2019:04:43:55 +0100] "GET /wp-content/plugins/woocommerce/assets/js/frontend/add-to-cart.min.js?ver=3.6.4 HTTP/1.1" 200 2983 "-" "Mozilla/5.0 (Windows NT 6.1; WOW64) AppleWebKit/534+ (KHTML, like Gecko) BingPreview/1.0b" "-"
40.77.189.195 - - [22/Nov/2019:04:43:55 +0100] "GET /wp-content/plugins/woocommerce/assets/js/zoom/jquery.zoom.min.js?ver=1.7.21 HTTP/1.1" 200 2957 "-" "Mozilla/5.0 (Windows NT 6.1; WOW64) AppleWebKit/534+ (KHTML, like Gecko) BingPreview/1.0b" "-"
40.77.189.226 - - [22/Nov/2019:04:43:55 +0100] "GET /wp-content/plugins/woocommerce/assets/js/flexslider/jquery.flexslider.min.js?ver=2.7.2 HTTP/1.1" 200 23232 "-" "Mozilla/5.0 (Windows NT 6.1; WOW64) AppleWebKit/534+ (KHTML, like Gecko) BingPreview/1.0b" "-"
40.77.188.226 - - [22/Nov/2019:04:43:55 +0100] "GET /wp-content/plugins/woocommerce/assets/js/photoswipe/photoswipe.min.js?ver=4.1.1 HTTP/1.1" 200 32276 "-" "Mozilla/5.0 (Windows NT 6.1; WOW64) AppleWebKit/534+ (KHTML, like Gecko) BingPreview/1.0b" "-"
40.77.189.78 - - [22/Nov/2019:04:43:56 +0100] "GET /wp-content/plugins/woocommerce/assets/js/photoswipe/photoswipe-ui-default.min.js?ver=4.1.1 HTTP/1.1" 200 10220 "-" "Mozilla/5.0 (Windows NT 6.1; WOW64) AppleWebKit/534+ (KHTML, like Gecko) BingPreview/1.0b" "-"
40.77.189.133 - - [22/Nov/2019:04:43:56 +0100] "GET /wp-content/plugins/woocommerce/assets/js/frontend/single-product.min.js?ver=3.6.4 HTTP/1.1" 200 6693 "-" "Mozilla/5.0 (Windows NT 6.1; WOW64) AppleWebKit/534+ (KHTML, like Gecko) BingPreview/1.0b" "-"
40.77.189.195 - - [22/Nov/2019:04:43:56 +0100] "GET /wp-content/plugins/woocommerce/assets/js/js-cookie/js.cookie.min.js?ver=2.1.4 HTTP/1.1" 200 2187 "-" "Mozilla/5.0 (Windows NT 6.1; WOW64) AppleWebKit/534+ (KHTML, like Gecko) BingPreview/1.0b" "-"
40.77.189.226 - - [22/Nov/2019:04:43:56 +0100] "GET /wp-content/plugins/woocommerce/assets/js/frontend/woocommerce.min.js?ver=3.6.4 HTTP/1.1" 200 1813 "-" "Mozilla/5.0 (Windows NT 6.1; WOW64) AppleWebKit/534+ (KHTML, like Gecko) BingPreview/1.0b" "-"
40.77.189.226 - - [22/Nov/2019:04:43:56 +0100] "GET /wp-content/plugins/woocommerce/assets/js/frontend/cart-fragments.min.js?ver=3.6.4 HTTP/1.1" 200 3281 "-" "Mozilla/5.0 (Windows NT 6.1; WOW64) AppleWebKit/534+ (KHTML, like Gecko) BingPreview/1.0b" "-"
40.77.189.133 - - [22/Nov/2019:04:43:56 +0100] "GET /wp-content/themes/shopper/assets/js/skip-link-focus-fix.js?ver=1.3.8 HTTP/1.1" 200 1023 "-" "Mozilla/5.0 (Windows NT 6.1; WOW64) AppleWebKit/534+ (KHTML, like Gecko) BingPreview/1.0b" "-"
40.77.190.188 - - [22/Nov/2019:04:43:57 +0100] "GET /wp-content/themes/shopper/assets/js/shopper.min.js?ver=1.3.8 HTTP/1.1" 200 5994 "-" "Mozilla/5.0 (Windows NT 6.1; WOW64) AppleWebKit/534+ (KHTML, like Gecko) BingPreview/1.0b" "-"
40.77.189.133 - - [22/Nov/2019:04:43:57 +0100] "GET /wp-includes/js/comment-reply.min.js?ver=5.2.4 HTTP/1.1" 200 2575 "-" "Mozilla/5.0 (Windows NT 6.1; WOW64) AppleWebKit/534+ (KHTML, like Gecko) BingPreview/1.0b" "-"
40.77.189.226 - - [22/Nov/2019:04:43:57 +0100] "GET /wp-content/themes/shopper/assets/js/woocommerce/header-cart.min.js?ver=1.3.8 HTTP/1.1" 200 972 "-" "Mozilla/5.0 (Windows NT 6.1; WOW64) AppleWebKit/534+ (KHTML, like Gecko) BingPreview/1.0b" "-"
40.77.190.244 - - [22/Nov/2019:04:43:58 +0100] "GET /wp-includes/js/underscore.min.js?ver=1.8.3 HTTP/1.1" 200 19890 "-" "Mozilla/5.0 (Windows NT 6.1; WOW64) AppleWebKit/534+ (KHTML, like Gecko) BingPreview/1.0b" "-"
40.77.190.244 - - [22/Nov/2019:04:43:58 +0100] "GET /wp-includes/js/wp-util.min.js?ver=5.2.4 HTTP/1.1" 200 1387 "-" "Mozilla/5.0 (Windows NT 6.1; WOW64) AppleWebKit/534+ (KHTML, like Gecko) BingPreview/1.0b" "-"
40.77.189.226 - - [22/Nov/2019:04:43:58 +0100] "GET /wp-content/plugins/woocommerce/assets/js/frontend/add-to-cart-variation.min.js?ver=3.6.4 HTTP/1.1" 200 13625 "-" "Mozilla/5.0 (Windows NT 6.1; WOW64) AppleWebKit/534+ (KHTML, like Gecko) BingPreview/1.0b" "-"
40.77.190.188 - - [22/Nov/2019:04:43:58 +0100] "GET /wp-content/plugins/akismet/_inc/form.js?ver=4.1.2 HTTP/1.1" 200 1040 "-" "Mozilla/5.0 (Windows NT 6.1; WOW64) AppleWebKit/534+ (KHTML, like Gecko) BingPreview/1.0b" "-"
40.77.190.143 - - [22/Nov/2019:04:43:58 +0100] "GET /wp-includes/js/jquery/ui/core.min.js?ver=1.11.4 HTTP/1.1" 200 4341 "-" "Mozilla/5.0 (Windows NT 6.1; WOW64) AppleWebKit/534+ (KHTML, like Gecko) BingPreview/1.0b" "-"
40.77.189.125 - - [22/Nov/2019:04:43:59 +0100] "GET /wp-includes/js/jquery/ui/widget.min.js?ver=1.11.4 HTTP/1.1" 200 7250 "-" "Mozilla/5.0 (Windows NT 6.1; WOW64) AppleWebKit/534+ (KHTML, like Gecko) BingPreview/1.0b" "-"
40.77.190.244 - - [22/Nov/2019:04:43:59 +0100] "GET /wp-includes/js/jquery/ui/mouse.min.js?ver=1.11.4 HTTP/1.1" 200 3489 "-" "Mozilla/5.0 (Windows NT 6.1; WOW64) AppleWebKit/534+ (KHTML, like Gecko) BingPreview/1.0b" "-"
40.77.189.78 - - [22/Nov/2019:04:43:59 +0100] "GET /wp-includes/js/jquery/ui/resizable.min.js?ver=1.11.4 HTTP/1.1" 200 18798 "-" "Mozilla/5.0 (Windows NT 6.1; WOW64) AppleWebKit/534+ (KHTML, like Gecko) BingPreview/1.0b" "-"
40.77.190.244 - - [22/Nov/2019:04:43:59 +0100] "GET /wp-includes/js/jquery/ui/button.min.js?ver=1.11.4 HTTP/1.1" 200 7578 "-" "Mozilla/5.0 (Windows NT 6.1; WOW64) AppleWebKit/534+ (KHTML, like Gecko) BingPreview/1.0b" "-"
40.77.189.195 - - [22/Nov/2019:04:44:00 +0100] "GET /wp-includes/js/jquery/ui/dialog.min.js?ver=1.11.4 HTTP/1.1" 200 12482 "-" "Mozilla/5.0 (Windows NT 6.1; WOW64) AppleWebKit/534+ (KHTML, like Gecko) BingPreview/1.0b" "-"
40.77.190.143 - - [22/Nov/2019:04:44:00 +0100] "GET /wp-content/plugins/product-enquiry-for-woocommerce/js/wdm_jquery.validate.min.js?ver=5.2.4 HTTP/1.1" 200 21818 "-" "Mozilla/5.0 (Windows NT 6.1; WOW64) AppleWebKit/534+ (KHTML, like Gecko) BingPreview/1.0b" "-"
40.77.190.244 - - [22/Nov/2019:04:44:00 +0100] "GET /wp-content/plugins/product-enquiry-for-woocommerce/js/contact.js?ver=5.2.4 HTTP/1.1" 200 4681 "-" "Mozilla/5.0 (Windows NT 6.1; WOW64) AppleWebKit/534+ (KHTML, like Gecko) BingPreview/1.0b" "-"
40.77.190.188 - - [22/Nov/2019:04:44:00 +0100] "GET /?wc-ajax=get_refreshed_fragments HTTP/1.1" 200 1298 "-" "Mozilla/5.0 (Windows NT 6.1; WOW64) AppleWebKit/534+ (KHTML, like Gecko) BingPreview/1.0b" "-"
217.76.130.90 - - [22/Nov/2019:04:50:58 +0100] "POST /wp-cron.php?doing_wp_cron=1574394658.5984799861907958984375 HTTP/1.1" 200 164 "http://amazingsportwear.com/wp-cron.php?doing_wp_cron=1574394658.5984799861907958984375" "WordPress/5.2.4; https://amazingsportwear.com" "-"
157.55.39.47 - - [22/Nov/2019:04:50:58 +0100] "GET /atletismo/181-chaleco-cortavientos-sublimado-asw.html HTTP/1.1" 404 68112 "-" "Mozilla/5.0 (iPhone; CPU iPhone OS 7_0 like Mac OS X) AppleWebKit/537.51.1 (KHTML, like Gecko) Version/7.0 Mobile/11A465 Safari/9537.53 (compatible; bingbot/2.0; +http://www.bing.com/bingbot.htm)" "-"
177.228.117.199 - - [22/Nov/2019:04:55:36 +0100] "GET /wp-content/uploads/2019/04/Gorra-sport-10.png HTTP/1.1" 200 60426 "https://www.google.com/" "Mozilla/5.0 (Windows NT 6.1) AppleWebKit/537.36 (KHTML, like Gecko) Chrome/78.0.3904.108 Safari/537.36" "-"
217.76.130.90 - - [22/Nov/2019:04:58:06 +0100] "POST /wp-cron.php?doing_wp_cron=1574395086.5974380970001220703125 HTTP/1.1" 200 3389 "https://amazingsportwear.com/wp-cron.php?doing_wp_cron=1574395086.5974380970001220703125" "WordPress/5.2.4; https://amazingsportwear.com" "-"
66.249.66.68 - - [22/Nov/2019:04:58:05 +0100] "GET /categoria-producto/carpas/ HTTP/1.1" 200 60451 "-" "Mozilla/5.0 (compatible; Googlebot/2.1; +http://www.google.com/bot.html)" "-"
66.249.66.66 - - [22/Nov/2019:04:58:14 +0100] "POST /?wc-ajax=get_refreshed_fragments HTTP/1.1" 200 4760 "https://amazingsportwear.com/categoria-producto/carpas/" "Mozilla/5.0 AppleWebKit/537.36 (KHTML, like Gecko; compatible; Googlebot/2.1; +http://www.google.com/bot.html) Safari/537.36" "_ga=GA1.2.2114912494.1574380800; _gid=GA1.2.931330593.1574380800; _gat_gtag_UA_91619287_1=1"
217.76.130.90 - - [22/Nov/2019:04:59:24 +0100] "POST /wp-cron.php?doing_wp_cron=1574395164.1949150562286376953125 HTTP/1.1" 200 3389 "https://amazingsportwear.com/wp-cron.php?doing_wp_cron=1574395164.1949150562286376953125" "WordPress/5.2.4; https://amazingsportwear.com" "-"
66.249.66.66 - - [22/Nov/2019:04:59:23 +0100] "GET /producto/polo-tecnico-bandera-star-cif-t-2021-2020-2024/ HTTP/1.1" 200 103594 "-" "Mozilla/5.0 (compatible; Googlebot/2.1; +http://www.google.com/bot.html)" "-"
66.249.66.66 - - [22/Nov/2019:05:01:05 +0100] "GET /wp-content/uploads/2019/04/Gorra-sport-6-100x100.png HTTP/1.1" 304 3564 "-" "Googlebot-Image/1.0" "-"
217.76.130.90 - - [22/Nov/2019:05:07:12 +0100] "POST /wp-cron.php?doing_wp_cron=1574395632.5392200946807861328125 HTTP/1.1" 200 164 "http://amazingsportwear.com/wp-cron.php?doing_wp_cron=1574395632.5392200946807861328125" "WordPress/5.2.4; https://amazingsportwear.com" "-"
94.75.249.24 - - [22/Nov/2019:05:07:11 +0100] "GET /.info.php HTTP/1.1" 404 67931 "http://site.ru" "Mozilla/5.0 (Windows; U; Windows NT 5.1; en-US) AppleWebKit/533.4 (KHTML, like Gecko) Chrome/5.0.375.99 Safari/533.4" "-"
94.75.249.24 - - [22/Nov/2019:05:07:15 +0100] "GET /.info.php HTTP/1.1" 404 67921 "http://site.ru" "Mozilla/5.0 (Windows; U; Windows NT 5.1; en-US) AppleWebKit/533.4 (KHTML, like Gecko) Chrome/5.0.375.99 Safari/533.4" "-"
94.75.249.24 - - [22/Nov/2019:05:07:40 +0100] "GET /.info.php HTTP/1.1" 404 67971 "http://site.ru" "Mozilla/5.0 (Windows; U; Windows NT 5.1; en-US) AppleWebKit/533.4 (KHTML, like Gecko) Chrome/5.0.375.99 Safari/533.4" "-"
217.76.130.90 - - [22/Nov/2019:05:13:55 +0100] "POST /wp-cron.php?doing_wp_cron=1574396035.2582390308380126953125 HTTP/1.1" 200 3389 "https://amazingsportwear.com/wp-cron.php?doing_wp_cron=1574396035.2582390308380126953125" "WordPress/5.2.4; https://amazingsportwear.com" "-"
66.249.66.68 - - [22/Nov/2019:05:13:54 +0100] "GET /etiqueta-producto/polo-deportivo/ HTTP/1.1" 200 53987 "-" "Mozilla/5.0 (Linux; Android 6.0.1; Nexus 5X Build/MMB29P) AppleWebKit/537.36 (KHTML, like Gecko) Chrome/41.0.2272.96 Mobile Safari/537.36 (compatible; Googlebot/2.1; +http://www.google.com/bot.html)" "-"
66.249.66.68 - - [22/Nov/2019:05:13:58 +0100] "POST /?wc-ajax=get_refreshed_fragments HTTP/1.1" 200 1397 "https://amazingsportwear.com/etiqueta-producto/polo-deportivo/" "Mozilla/5.0 (Linux; Android 6.0.1; Nexus 5X Build/MMB29P) AppleWebKit/537.36 (KHTML, like Gecko) Chrome/41.0.2272.96 Mobile Safari/537.36 (compatible; Googlebot/2.1; +http://www.google.com/bot.html)" "_ga=GA1.2.1884029788.1574380800; _gid=GA1.2.969013651.1574380800; _gat_gtag_UA_91619287_1=1"
217.76.130.90 - - [22/Nov/2019:05:27:37 +0100] "POST /wp-cron.php?doing_wp_cron=1574396857.5837190151214599609375 HTTP/1.1" 200 3389 "https://amazingsportwear.com/wp-cron.php?doing_wp_cron=1574396857.5837190151214599609375" "WordPress/5.2.4; https://amazingsportwear.com" "-"
66.249.66.68 - - [22/Nov/2019:05:27:36 +0100] "POST /?wc-ajax=get_refreshed_fragments HTTP/1.1" 200 4760 "https://amazingsportwear.com/producto/camiseta-tecnica-arabia-mujer-eny-ar02-color/" "Mozilla/5.0 (Linux; Android 6.0.1; Nexus 5X Build/MMB29P) AppleWebKit/537.36 (KHTML, like Gecko) Chrome/41.0.2272.96 Mobile Safari/537.36 (compatible; Googlebot/2.1; +http://www.google.com/bot.html)" "_ga=GA1.2.969013651.1569110400; _gid=GA1.2.1978218920.1569110400; _gat_gtag_UA_91619287_1=1"
217.76.130.90 - - [22/Nov/2019:05:32:22 +0100] "POST /wp-cron.php?doing_wp_cron=1574397142.5788950920104980468750 HTTP/1.1" 200 3389 "https://amazingsportwear.com/wp-cron.php?doing_wp_cron=1574397142.5788950920104980468750" "WordPress/5.2.4; https://amazingsportwear.com" "-"
157.55.39.94 - - [22/Nov/2019:05:32:21 +0100] "GET /category/sin-categoria/ HTTP/1.1" 200 52786 "-" "Mozilla/5.0 (compatible; bingbot/2.0; +http://www.bing.com/bingbot.htm)" "-"
217.76.130.90 - - [22/Nov/2019:05:33:13 +0100] "POST /wp-cron.php?doing_wp_cron=1574397193.8121409416198730468750 HTTP/1.1" 200 3389 "https://amazingsportwear.com/wp-cron.php?doing_wp_cron=1574397193.8121409416198730468750" "WordPress/5.2.4; https://amazingsportwear.com" "-"
157.55.39.231 - - [22/Nov/2019:05:33:13 +0100] "GET /producto/camiseta-tecnica-manga-larga-sa-0415/ HTTP/1.1" 200 108242 "-" "Mozilla/5.0 (compatible; bingbot/2.0; +http://www.bing.com/bingbot.htm)" "-"
157.55.39.25 - - [22/Nov/2019:05:33:53 +0100] "GET /robots.txt HTTP/1.1" 200 432 "-" "Mozilla/5.0 (compatible; bingbot/2.0; +http://www.bing.com/bingbot.htm)" "-"
157.55.39.47 - - [22/Nov/2019:05:33:55 +0100] "GET /img/cms/kit%20emergencia%20yardim.PNG HTTP/1.1" 404 72305 "-" "Mozilla/5.0 (compatible; bingbot/2.0; +http://www.bing.com/bingbot.htm)" "-"
187.237.25.62 - - [22/Nov/2019:05:39:44 +0100] "GET /wp-content/uploads/2019/04/SA-1070-2.png HTTP/1.1" 200 109942 "https://www.google.com/" "Mozilla/5.0 (Windows NT 10.0; Win64; x64) AppleWebKit/537.36 (KHTML, like Gecko) Chrome/77.0.3865.120 Safari/537.36" "-"
217.76.130.90 - - [22/Nov/2019:05:40:38 +0100] "POST /wp-cron.php?doing_wp_cron=1574397638.5067210197448730468750 HTTP/1.1" 200 164 "http://amazingsportwear.com/wp-cron.php?doing_wp_cron=1574397638.5067210197448730468750" "WordPress/5.2.4; https://amazingsportwear.com" "-"
157.55.39.8 - - [22/Nov/2019:05:40:37 +0100] "GET /21-tenis-padel HTTP/1.1" 404 68013 "-" "Mozilla/5.0 (iPhone; CPU iPhone OS 7_0 like Mac OS X) AppleWebKit/537.51.1 (KHTML, like Gecko) Version/7.0 Mobile/11A465 Safari/9537.53 (compatible; bingbot/2.0; +http://www.bing.com/bingbot.htm)" "-"
217.76.130.90 - - [22/Nov/2019:05:48:48 +0100] "POST /wp-cron.php?doing_wp_cron=1574398127.9670140743255615234375 HTTP/1.1" 200 164 "http://amazingsportwear.com/wp-cron.php?doing_wp_cron=1574398127.9670140743255615234375" "WordPress/5.2.4; https://amazingsportwear.com" "-"
54.149.243.48 - - [22/Nov/2019:05:48:47 +0100] "GET / HTTP/1.1" 301 279 "-" "Go-http-client/1.1" "-"
187.161.213.44 - - [22/Nov/2019:05:50:48 +0100] "GET /wp-content/uploads/2017/04/chaleco-sublimado-pecho.png HTTP/1.1" 200 60440 "https://www.google.com/" "Mozilla/5.0 (Windows NT 6.1; Win64; x64) AppleWebKit/537.36 (KHTML, like Gecko) Chrome/78.0.3904.97 Safari/537.36" "-"
217.76.130.90 - - [22/Nov/2019:05:55:38 +0100] "POST /wp-cron.php?doing_wp_cron=1574398538.8549740314483642578125 HTTP/1.1" 200 3389 "https://amazingsportwear.com/wp-cron.php?doing_wp_cron=1574398538.8549740314483642578125" "WordPress/5.2.4; https://amazingsportwear.com" "-"
66.249.66.70 - - [22/Nov/2019:05:55:38 +0100] "GET /producto/guante-tactil-actium-correr-cat-4010/ HTTP/1.1" 200 99476 "-" "Mozilla/5.0 (compatible; Googlebot/2.1; +http://www.google.com/bot.html)" "-"
217.76.130.90 - - [22/Nov/2019:05:57:27 +0100] "POST /wp-cron.php?doing_wp_cron=1574398647.4344639778137207031250 HTTP/1.1" 200 3389 "https://amazingsportwear.com/wp-cron.php?doing_wp_cron=1574398647.4344639778137207031250" "WordPress/5.2.4; https://amazingsportwear.com" "-"
