217.76.130.90 - - [23/Nov/2019:00:00:57 +0100] "POST /wp-cron.php?doing_wp_cron=1574463657.9804539680480957031250 HTTP/1.1" 200 164 "http://amazingsportwear.com/wp-cron.php?doing_wp_cron=1574463657.9804539680480957031250" "WordPress/5.2.4; https://amazingsportwear.com" "-"
104.222.33.84 - - [23/Nov/2019:00:00:53 +0100] "GET / HTTP/1.1" 301 336 "-" "Mozilla/5.0 (Windows NT 6.1; WOW64; rv:27.0) Gecko/20100101 Firefox/27.0" "-"
217.76.130.90 - - [23/Nov/2019:00:07:46 +0100] "POST /wp-cron.php?doing_wp_cron=1574464066.3483369350433349609375 HTTP/1.1" 200 3389 "https://amazingsportwear.com/wp-cron.php?doing_wp_cron=1574464066.3483369350433349609375" "WordPress/5.2.4; https://amazingsportwear.com" "-"
69.171.251.19 - - [23/Nov/2019:00:07:45 +0100] "GET / HTTP/1.1" 200 125515 "-" "facebookexternalhit/1.1 (+http://www.facebook.com/externalhit_uatext.php)" "-"
69.171.251.26 - - [23/Nov/2019:00:07:50 +0100] "GET /contacta-con-nosotros HTTP/1.1" 301 319 "-" "facebookexternalhit/1.1 (+http://www.facebook.com/externalhit_uatext.php)" "-"
69.171.251.26 - - [23/Nov/2019:00:07:51 +0100] "GET /contacta-con-nosotros/ HTTP/1.1" 200 58159 "-" "facebookexternalhit/1.1 (+http://www.facebook.com/externalhit_uatext.php)" "-"
207.46.13.113 - - [23/Nov/2019:00:07:51 +0100] "GET /16-futbol HTTP/1.1" 404 68018 "-" "Mozilla/5.0 (iPhone; CPU iPhone OS 7_0 like Mac OS X) AppleWebKit/537.51.1 (KHTML, like Gecko) Version/7.0 Mobile/11A465 Safari/9537.53 (compatible; bingbot/2.0; +http://www.bing.com/bingbot.htm)" "-"
217.76.130.90 - - [23/Nov/2019:00:21:17 +0100] "POST /wp-cron.php?doing_wp_cron=1574464877.3734300136566162109375 HTTP/1.1" 200 164 "http://amazingsportwear.com/wp-cron.php?doing_wp_cron=1574464877.3734300136566162109375" "WordPress/5.2.4; https://amazingsportwear.com" "-"
66.249.66.86 - - [23/Nov/2019:00:21:16 +0100] "GET / HTTP/1.1" 301 336 "-" "Mozilla/5.0 (Linux; Android 6.0.1; Nexus 5X Build/MMB29P) AppleWebKit/537.36 (KHTML, like Gecko) Chrome/41.0.2272.96 Mobile Safari/537.36 (compatible; Googlebot/2.1; +http://www.google.com/bot.html)" "-"
66.249.66.66 - - [23/Nov/2019:00:21:25 +0100] "GET / HTTP/1.1" 200 125741 "-" "Mozilla/5.0 (Linux; Android 6.0.1; Nexus 5X Build/MMB29P) AppleWebKit/537.36 (KHTML, like Gecko) Chrome/41.0.2272.96 Mobile Safari/537.36 (compatible; Googlebot/2.1; +http://www.google.com/bot.html)" "wpfront-notification-bar-landingpage=1"
17.58.96.188 - - [23/Nov/2019:00:26:20 +0100] "GET /wp-content/uploads/2019/04/bolsa-deporte-young-1.png HTTP/1.1" 200 143521 "-" "Mozilla/5.0 (Macintosh; Intel Mac OS X 10_10_1) AppleWebKit/600.2.5 (KHTML, like Gecko) Version/8.0.2 Safari/600.2.5 (Applebot/0.1; +http://www.apple.com/go/applebot)" "-"
217.76.130.90 - - [23/Nov/2019:00:51:55 +0100] "POST /wp-cron.php?doing_wp_cron=1574466715.4913570880889892578125 HTTP/1.1" 200 3389 "https://amazingsportwear.com/wp-cron.php?doing_wp_cron=1574466715.4913570880889892578125" "WordPress/5.2.4; https://amazingsportwear.com" "-"
66.249.66.66 - - [23/Nov/2019:00:51:52 +0100] "GET /producto/short-tecnico-padel-tenis-sun/ HTTP/1.1" 200 97235 "-" "Mozilla/5.0 (Linux; Android 6.0.1; Nexus 5X Build/MMB29P) AppleWebKit/537.36 (KHTML, like Gecko) Chrome/41.0.2272.96 Mobile Safari/537.36 (compatible; Googlebot/2.1; +http://www.google.com/bot.html)" "-"
217.76.130.90 - - [23/Nov/2019:00:54:48 +0100] "POST /wp-cron.php?doing_wp_cron=1574466888.8237490653991699218750 HTTP/1.1" 200 3389 "https://amazingsportwear.com/wp-cron.php?doing_wp_cron=1574466888.8237490653991699218750" "WordPress/5.2.4; https://amazingsportwear.com" "-"
217.76.130.90 - - [23/Nov/2019:00:54:48 +0100] "POST /wp-cron.php?doing_wp_cron=1574466888.8253540992736816406250 HTTP/1.1" 200 3389 "https://amazingsportwear.com/wp-cron.php?doing_wp_cron=1574466888.8253540992736816406250" "WordPress/5.2.4; https://amazingsportwear.com" "-"
31.13.115.10 - - [23/Nov/2019:00:54:48 +0100] "GET / HTTP/1.1" 200 125545 "-" "facebookexternalhit/1.1 (+http://www.facebook.com/externalhit_uatext.php)" "-"
31.13.115.25 - - [23/Nov/2019:00:54:48 +0100] "GET / HTTP/1.1" 200 125565 "-" "facebookexternalhit/1.1 (+http://www.facebook.com/externalhit_uatext.php)" "-"
217.76.130.90 - - [23/Nov/2019:01:10:34 +0100] "POST /wp-cron.php?doing_wp_cron=1574467834.5164520740509033203125 HTTP/1.1" 200 3389 "https://amazingsportwear.com/wp-cron.php?doing_wp_cron=1574467834.5164520740509033203125" "WordPress/5.2.4; https://amazingsportwear.com" "-"
66.249.66.68 - - [23/Nov/2019:01:10:32 +0100] "GET /producto/gorra-tecnica-2/ HTTP/1.1" 200 95750 "-" "Mozilla/5.0 (compatible; Googlebot/2.1; +http://www.google.com/bot.html)" "-"
66.249.66.66 - - [23/Nov/2019:01:10:39 +0100] "POST /?wc-ajax=get_refreshed_fragments HTTP/1.1" 200 4760 "https://amazingsportwear.com/producto/gorra-tecnica-2/" "Mozilla/5.0 AppleWebKit/537.36 (KHTML, like Gecko; compatible; Googlebot/2.1; +http://www.google.com/bot.html) Safari/537.36" "_ga=GA1.2.931330593.1574467200; _gid=GA1.2.2074753562.1574467200; _gat_gtag_UA_91619287_1=1"
181.234.227.61 - - [23/Nov/2019:01:15:04 +0100] "GET /wp-content/uploads/2019/04/gorra-five-3.png HTTP/1.1" 200 84607 "https://www.google.com/" "Mozilla/5.0 (Windows NT 6.3; Win64; x64) AppleWebKit/537.36 (KHTML, like Gecko) Chrome/78.0.3904.108 Safari/537.36" "-"
217.76.130.90 - - [23/Nov/2019:01:30:43 +0100] "POST /wp-cron.php?doing_wp_cron=1574469043.4385259151458740234375 HTTP/1.1" 200 3389 "https://amazingsportwear.com/wp-cron.php?doing_wp_cron=1574469043.4385259151458740234375" "WordPress/5.2.4; https://amazingsportwear.com" "-"
66.249.66.66 - - [23/Nov/2019:01:30:42 +0100] "GET /img/cms/chubasquero%20escocia.png HTTP/1.1" 404 72302 "-" "Googlebot-Image/1.0" "-"
157.55.39.35 - - [23/Nov/2019:01:30:46 +0100] "GET /producto/mochila-keisy/ HTTP/1.1" 200 97746 "-" "Mozilla/5.0 (compatible; bingbot/2.0; +http://www.bing.com/bingbot.htm)" "-"
217.76.130.90 - - [23/Nov/2019:01:33:32 +0100] "POST /wp-cron.php?doing_wp_cron=1574469212.4516329765319824218750 HTTP/1.1" 200 3389 "https://amazingsportwear.com/wp-cron.php?doing_wp_cron=1574469212.4516329765319824218750" "WordPress/5.2.4; https://amazingsportwear.com" "-"
40.77.167.105 - - [23/Nov/2019:01:33:31 +0100] "GET /basket/80-pantalon-basket.html HTTP/1.1" 404 72325 "-" "Mozilla/5.0 (compatible; bingbot/2.0; +http://www.bing.com/bingbot.htm)" "-"
217.76.130.90 - - [23/Nov/2019:01:39:05 +0100] "POST /wp-cron.php?doing_wp_cron=1574469545.7315740585327148437500 HTTP/1.1" 200 3389 "https://amazingsportwear.com/wp-cron.php?doing_wp_cron=1574469545.7315740585327148437500" "WordPress/5.2.4; https://amazingsportwear.com" "-"
66.249.66.68 - - [23/Nov/2019:01:39:04 +0100] "GET /img/cms/tallaje%20chubasquero%20escocia.PNG HTTP/1.1" 404 72297 "-" "Googlebot-Image/1.0" "-"
217.76.130.90 - - [23/Nov/2019:01:52:12 +0100] "POST /wp-cron.php?doing_wp_cron=1574470332.5407269001007080078125 HTTP/1.1" 200 164 "http://amazingsportwear.com/wp-cron.php?doing_wp_cron=1574470332.5407269001007080078125" "WordPress/5.2.4; https://amazingsportwear.com" "-"
31.211.86.13 - - [23/Nov/2019:01:52:11 +0100] "GET /index.php?sort=ZGllKG1kNSg1NDU0KSk7 HTTP/1.1" 301 324 "amazingsportwear.es" "Mozilla/5.1 (Windows NT 6.0; WOW64) AppleWebKit/537.37 (KHTML, like Gecko) Chrome/58.0.1145.75 Safari/537.37" "-"
31.211.86.13 - - [23/Nov/2019:01:52:13 +0100] "GET /?sort=ZGllKG1kNSg1NDU0KSk7 HTTP/1.1" 200 124143 "amazingsportwear.es" "Mozilla/5.1 (Windows NT 6.0; WOW64) AppleWebKit/537.37 (KHTML, like Gecko) Chrome/58.0.1145.75 Safari/537.37" "-"
181.62.52.13 - - [23/Nov/2019:01:52:56 +0100] "GET /wp-content/uploads/2019/07/slider4.jpg HTTP/1.1" 200 373113 "https://www.google.com/" "Mozilla/5.0 (Windows NT 10.0; Win64; x64) AppleWebKit/537.36 (KHTML, like Gecko) Chrome/78.0.3904.97 Safari/537.36" "-"
216.244.66.250 - - [23/Nov/2019:01:55:22 +0100] "GET /robots.txt HTTP/1.1" 404 628 "-" "Mozilla/5.0 (compatible; DotBot/1.1; http://www.opensiteexplorer.org/dotbot, help@moz.com)" "-"
66.249.66.68 - - [23/Nov/2019:01:58:38 +0100] "GET /wp-content/uploads/2019/04/Gorra-sport-1.png HTTP/1.1" 304 3566 "-" "Googlebot-Image/1.0" "-"
66.249.66.68 - - [23/Nov/2019:01:59:52 +0100] "GET /wp-content/uploads/2019/04/Gorra-sport-9.png HTTP/1.1" 304 3566 "-" "Googlebot-Image/1.0" "-"
217.76.130.90 - - [23/Nov/2019:02:00:34 +0100] "POST /wp-cron.php?doing_wp_cron=1574470834.3551290035247802734375 HTTP/1.1" 200 3389 "https://amazingsportwear.com/wp-cron.php?doing_wp_cron=1574470834.3551290035247802734375" "WordPress/5.2.4; https://amazingsportwear.com" "-"
66.249.66.68 - - [23/Nov/2019:02:00:33 +0100] "GET /producto/sudadera-clasica/ HTTP/1.1" 200 101215 "-" "Mozilla/5.0 (compatible; Googlebot/2.1; +http://www.google.com/bot.html)" "-"
66.249.66.66 - - [23/Nov/2019:02:00:39 +0100] "POST /?wc-ajax=get_refreshed_fragments HTTP/1.1" 200 4760 "https://amazingsportwear.com/producto/sudadera-clasica/" "Mozilla/5.0 AppleWebKit/537.36 (KHTML, like Gecko; compatible; Googlebot/2.1; +http://www.google.com/bot.html) Safari/537.36" "_ga=GA1.2.931330593.1574467200; _gid=GA1.2.2074753562.1574467200; _gat_gtag_UA_91619287_1=1"
66.249.66.66 - - [23/Nov/2019:02:00:48 +0100] "GET /producto/sudadera-clasica/ HTTP/1.1" 200 97593 "-" "Mozilla/5.0 (compatible; Googlebot/2.1; +http://www.google.com/bot.html)" "-"
217.76.130.90 - - [23/Nov/2019:02:01:47 +0100] "POST /wp-cron.php?doing_wp_cron=1574470906.9937150478363037109375 HTTP/1.1" 200 164 "http://amazingsportwear.com/wp-cron.php?doing_wp_cron=1574470906.9937150478363037109375" "WordPress/5.2.4; https://amazingsportwear.com" "-"
17.58.96.178 - - [23/Nov/2019:02:01:46 +0100] "GET /img/cms/call-center.jpg HTTP/1.1" 404 68006 "-" "Mozilla/5.0 (Macintosh; Intel Mac OS X 10_10_1) AppleWebKit/600.2.5 (KHTML, like Gecko) Version/8.0.2 Safari/600.2.5 (Applebot/0.1; +http://www.apple.com/go/applebot)" "-"
217.76.130.90 - - [23/Nov/2019:02:20:16 +0100] "POST /wp-cron.php?doing_wp_cron=1574472016.1594231128692626953125 HTTP/1.1" 200 3389 "https://amazingsportwear.com/wp-cron.php?doing_wp_cron=1574472016.1594231128692626953125" "WordPress/5.2.4; https://amazingsportwear.com" "-"
17.58.100.225 - - [23/Nov/2019:02:20:08 +0100] "GET /robots.txt HTTP/1.1" 200 3687 "-" "Mozilla/5.0 (Macintosh; Intel Mac OS X 10_10_1) AppleWebKit/600.2.5 (KHTML, like Gecko) Version/8.0.2 Safari/600.2.5 (Applebot/0.1; +http://www.apple.com/go/applebot)" "-"
66.249.66.68 - - [23/Nov/2019:02:23:09 +0100] "GET /wp-content/uploads/2019/04/Gorra-sport-5.png HTTP/1.1" 304 3565 "-" "Googlebot-Image/1.0" "-"
66.249.66.70 - - [23/Nov/2019:02:24:21 +0100] "GET /wp-content/uploads/2019/04/Gorra-sport-3.png HTTP/1.1" 304 3566 "-" "Googlebot-Image/1.0" "-"
181.45.212.62 - - [23/Nov/2019:02:24:22 +0100] "GET /wp-content/uploads/2017/01/cam-ranglan3-maristas.jpg HTTP/1.1" 200 83269 "https://www.google.com/" "Mozilla/5.0 (Windows NT 10.0; Win64; x64) AppleWebKit/537.36 (KHTML, like Gecko) Chrome/78.0.3904.108 Safari/537.36" "-"
96.39.234.75 - - [23/Nov/2019:02:24:40 +0100] "GET /wp-content/uploads/2017/01/cam-portero2.jpg HTTP/1.1" 200 185084 "https://www.google.com/" "Mozilla/5.0 (iPhone; CPU iPhone OS 13_1_3 like Mac OS X) AppleWebKit/605.1.15 (KHTML, like Gecko) Version/13.0.1 Mobile/15E148 Safari/604.1" "-"
189.215.48.122 - - [23/Nov/2019:02:32:47 +0100] "GET /wp-content/uploads/2019/04/Gorra-sport-11.png HTTP/1.1" 200 131116 "https://www.google.com.mx/" "Mozilla/5.0 (Macintosh; Intel Mac OS X 10_12_6) AppleWebKit/537.36 (KHTML, like Gecko) Chrome/78.0.3904.108 Safari/537.36" "-"
157.55.39.25 - - [23/Nov/2019:02:33:49 +0100] "GET /robots.txt HTTP/1.1" 200 2297 "-" "Mozilla/5.0 (compatible; bingbot/2.0; +http://www.bing.com/bingbot.htm)" "-"
157.55.39.25 - - [23/Nov/2019:02:33:49 +0100] "GET /robots.txt HTTP/1.1" 200 2297 "-" "Mozilla/5.0 (compatible; bingbot/2.0; +http://www.bing.com/bingbot.htm)" "-"
157.55.39.25 - - [23/Nov/2019:02:33:51 +0100] "GET /robots.txt HTTP/1.1" 200 3939 "-" "Mozilla/5.0 (compatible; bingbot/2.0; +http://www.bing.com/bingbot.htm)" "-"
157.55.39.25 - - [23/Nov/2019:02:33:52 +0100] "GET /robots.txt HTTP/1.1" 200 3939 "-" "Mozilla/5.0 (compatible; bingbot/2.0; +http://www.bing.com/bingbot.htm)" "-"
40.77.167.105 - - [23/Nov/2019:02:33:55 +0100] "GET /producto/camiseta-tecnica-maurice/ HTTP/1.1" 200 102949 "-" "Mozilla/5.0 (compatible; bingbot/2.0; +http://www.bing.com/bingbot.htm)" "-"
207.46.13.16 - - [23/Nov/2019:02:33:58 +0100] "GET /producto/sudadera-capucha/ HTTP/1.1" 200 101604 "-" "Mozilla/5.0 (compatible; bingbot/2.0; +http://www.bing.com/bingbot.htm)" "-"
217.76.130.90 - - [23/Nov/2019:02:37:28 +0100] "POST /wp-cron.php?doing_wp_cron=1574473048.5799050331115722656250 HTTP/1.1" 200 3389 "https://amazingsportwear.com/wp-cron.php?doing_wp_cron=1574473048.5799050331115722656250" "WordPress/5.2.4; https://amazingsportwear.com" "-"
40.77.167.105 - - [23/Nov/2019:02:37:22 +0100] "GET /2016/12/ HTTP/1.1" 200 70353 "-" "Mozilla/5.0 (compatible; bingbot/2.0; +http://www.bing.com/bingbot.htm)" "-"
217.76.130.90 - - [23/Nov/2019:02:42:35 +0100] "POST /wp-cron.php?doing_wp_cron=1574473355.6270999908447265625000 HTTP/1.1" 200 3389 "https://amazingsportwear.com/wp-cron.php?doing_wp_cron=1574473355.6270999908447265625000" "WordPress/5.2.4; https://amazingsportwear.com" "-"
66.249.66.68 - - [23/Nov/2019:02:42:34 +0100] "GET /producto/bidon-halmik/ HTTP/1.1" 200 96384 "-" "Mozilla/5.0 (Linux; Android 6.0.1; Nexus 5X Build/MMB29P) AppleWebKit/537.36 (KHTML, like Gecko) Chrome/41.0.2272.96 Mobile Safari/537.36 (compatible; Googlebot/2.1; +http://www.google.com/bot.html)" "-"
66.249.66.68 - - [23/Nov/2019:02:42:40 +0100] "POST /?wc-ajax=get_refreshed_fragments HTTP/1.1" 200 1397 "https://amazingsportwear.com/producto/bidon-halmik/" "Mozilla/5.0 (Linux; Android 6.0.1; Nexus 5X Build/MMB29P) AppleWebKit/537.36 (KHTML, like Gecko) Chrome/41.0.2272.96 Mobile Safari/537.36 (compatible; Googlebot/2.1; +http://www.google.com/bot.html)" "_ga=GA1.2.969013651.1574467200; _gid=GA1.2.1978218920.1574467200; _gat_gtag_UA_91619287_1=1"
217.76.130.90 - - [23/Nov/2019:02:43:51 +0100] "POST /wp-cron.php?doing_wp_cron=1574473430.9621870517730712890625 HTTP/1.1" 200 3389 "https://amazingsportwear.com/wp-cron.php?doing_wp_cron=1574473430.9621870517730712890625" "WordPress/5.2.4; https://amazingsportwear.com" "-"
66.249.66.68 - - [23/Nov/2019:02:43:50 +0100] "GET /categoria-producto/accesorios/pulseras/ HTTP/1.1" 200 59809 "-" "Mozilla/5.0 (Linux; Android 6.0.1; Nexus 5X Build/MMB29P) AppleWebKit/537.36 (KHTML, like Gecko) Chrome/41.0.2272.96 Mobile Safari/537.36 (compatible; Googlebot/2.1; +http://www.google.com/bot.html)" "-"
66.249.66.68 - - [23/Nov/2019:02:43:54 +0100] "POST /?wc-ajax=get_refreshed_fragments HTTP/1.1" 200 1397 "https://amazingsportwear.com/categoria-producto/accesorios/pulseras/" "Mozilla/5.0 (Linux; Android 6.0.1; Nexus 5X Build/MMB29P) AppleWebKit/537.36 (KHTML, like Gecko) Chrome/41.0.2272.96 Mobile Safari/537.36 (compatible; Googlebot/2.1; +http://www.google.com/bot.html)" "_ga=GA1.2.1884029788.1574467200; _gid=GA1.2.969013651.1574467200; _gat_gtag_UA_91619287_1=1"
217.76.130.90 - - [23/Nov/2019:02:52:52 +0100] "POST /wp-cron.php?doing_wp_cron=1574473972.6478359699249267578125 HTTP/1.1" 200 164 "http://amazingsportwear.com/wp-cron.php?doing_wp_cron=1574473972.6478359699249267578125" "WordPress/5.2.4; https://amazingsportwear.com" "-"
34.216.89.134 - - [23/Nov/2019:02:52:51 +0100] "GET / HTTP/1.1" 301 279 "-" "Go-http-client/1.1" "-"
217.76.130.90 - - [23/Nov/2019:02:57:31 +0100] "POST /wp-cron.php?doing_wp_cron=1574474251.8850340843200683593750 HTTP/1.1" 200 3389 "https://amazingsportwear.com/wp-cron.php?doing_wp_cron=1574474251.8850340843200683593750" "WordPress/5.2.4; https://amazingsportwear.com" "-"
207.46.13.16 - - [23/Nov/2019:02:57:31 +0100] "GET /category/sin-categoria/ HTTP/1.1" 200 52791 "-" "Mozilla/5.0 (compatible; bingbot/2.0; +http://www.bing.com/bingbot.htm)" "-"
190.63.239.113 - - [23/Nov/2019:03:02:30 +0100] "GET /wp-content/uploads/2017/04/chaleco-sublimado-pecho.png HTTP/1.1" 200 60245 "https://www.google.com/" "Mozilla/5.0 (iPhone; CPU iPhone OS 13_1 like Mac OS X) AppleWebKit/605.1.15 (KHTML, like Gecko) CriOS/78.0.3904.84 Mobile/15E148 Safari/604.1" "-"
217.76.130.90 - - [23/Nov/2019:03:05:26 +0100] "POST /wp-cron.php?doing_wp_cron=1574474726.9451169967651367187500 HTTP/1.1" 200 164 "http://amazingsportwear.com/wp-cron.php?doing_wp_cron=1574474726.9451169967651367187500" "WordPress/5.2.4; https://amazingsportwear.com" "-"
103.129.99.85 - - [23/Nov/2019:03:05:25 +0100] "GET /wp-includes/Text/Diff/Engine/ass.php HTTP/1.1" 404 67974 "http://site.ru" "Mozilla/5.0 (Windows; U; Windows NT 5.1; en-US) AppleWebKit/533.4 (KHTML, like Gecko) Chrome/5.0.375.99 Safari/533.4" "-"
217.76.130.90 - - [23/Nov/2019:03:10:48 +0100] "POST /wp-cron.php?doing_wp_cron=1574475048.4999449253082275390625 HTTP/1.1" 200 3389 "https://amazingsportwear.com/wp-cron.php?doing_wp_cron=1574475048.4999449253082275390625" "WordPress/5.2.4; https://amazingsportwear.com" "-"
66.249.66.70 - - [23/Nov/2019:03:10:47 +0100] "GET /producto/camiseta-tecnica-aintree/ HTTP/1.1" 200 104094 "-" "Mozilla/5.0 (Linux; Android 6.0.1; Nexus 5X Build/MMB29P) AppleWebKit/537.36 (KHTML, like Gecko) Chrome/41.0.2272.96 Mobile Safari/537.36 (compatible; Googlebot/2.1; +http://www.google.com/bot.html)" "-"
66.249.66.68 - - [23/Nov/2019:03:10:52 +0100] "POST /?wc-ajax=get_refreshed_fragments HTTP/1.1" 200 4760 "https://amazingsportwear.com/producto/camiseta-tecnica-aintree/" "Mozilla/5.0 (Linux; Android 6.0.1; Nexus 5X Build/MMB29P) AppleWebKit/537.36 (KHTML, like Gecko) Chrome/41.0.2272.96 Mobile Safari/537.36 (compatible; Googlebot/2.1; +http://www.google.com/bot.html)" "_ga=GA1.2.969013651.1574467200; _gid=GA1.2.1978218920.1574467200; _gat_gtag_UA_91619287_1=1"
217.76.130.90 - - [23/Nov/2019:03:14:10 +0100] "POST /wp-cron.php?doing_wp_cron=1574475250.9482769966125488281250 HTTP/1.1" 200 3389 "https://amazingsportwear.com/wp-cron.php?doing_wp_cron=1574475250.9482769966125488281250" "WordPress/5.2.4; https://amazingsportwear.com" "-"
66.249.66.70 - - [23/Nov/2019:03:14:09 +0100] "GET /producto/culoute-corto-ciclismo/ HTTP/1.1" 200 92269 "-" "Mozilla/5.0 (Linux; Android 6.0.1; Nexus 5X Build/MMB29P) AppleWebKit/537.36 (KHTML, like Gecko) Chrome/41.0.2272.96 Mobile Safari/537.36 (compatible; Googlebot/2.1; +http://www.google.com/bot.html)" "-"
217.76.130.90 - - [23/Nov/2019:03:17:22 +0100] "POST /wp-cron.php?doing_wp_cron=1574475442.0246291160583496093750 HTTP/1.1" 200 3389 "https://amazingsportwear.com/wp-cron.php?doing_wp_cron=1574475442.0246291160583496093750" "WordPress/5.2.4; https://amazingsportwear.com" "-"
66.249.66.68 - - [23/Nov/2019:03:17:16 +0100] "GET /category/inicio/ HTTP/1.1" 200 70451 "-" "Mozilla/5.0 (Linux; Android 6.0.1; Nexus 5X Build/MMB29P) AppleWebKit/537.36 (KHTML, like Gecko) Chrome/41.0.2272.96 Mobile Safari/537.36 (compatible; Googlebot/2.1; +http://www.google.com/bot.html)" "-"
66.249.66.68 - - [23/Nov/2019:03:17:29 +0100] "POST /?wc-ajax=get_refreshed_fragments HTTP/1.1" 200 1397 "https://amazingsportwear.com/category/inicio/" "Mozilla/5.0 (Linux; Android 6.0.1; Nexus 5X Build/MMB29P) AppleWebKit/537.36 (KHTML, like Gecko) Chrome/41.0.2272.96 Mobile Safari/537.36 (compatible; Googlebot/2.1; +http://www.google.com/bot.html)" "_ga=GA1.2.1884029788.1574467200; _gid=GA1.2.969013651.1574467200; _gat_gtag_UA_91619287_1=1"
66.249.66.66 - - [23/Nov/2019:03:28:02 +0100] "GET /wp-content/uploads/2019/04/Gorra-sport-7.png HTTP/1.1" 304 3566 "-" "Googlebot-Image/1.0" "-"
217.76.130.90 - - [23/Nov/2019:03:39:27 +0100] "POST /wp-cron.php?doing_wp_cron=1574476767.3103859424591064453125 HTTP/1.1" 200 3389 "https://amazingsportwear.com/wp-cron.php?doing_wp_cron=1574476767.3103859424591064453125" "WordPress/5.2.4; https://amazingsportwear.com" "-"
157.55.39.25 - - [23/Nov/2019:03:39:21 +0100] "GET /robots.txt HTTP/1.1" 200 2297 "-" "Mozilla/5.0 (compatible; bingbot/2.0; +http://www.bing.com/bingbot.htm)" "-"
157.55.39.25 - - [23/Nov/2019:03:39:28 +0100] "GET /robots.txt HTTP/1.1" 200 3939 "-" "Mozilla/5.0 (compatible; bingbot/2.0; +http://www.bing.com/bingbot.htm)" "-"
217.76.130.90 - - [23/Nov/2019:03:41:34 +0100] "POST /wp-cron.php?doing_wp_cron=1574476894.1126999855041503906250 HTTP/1.1" 200 164 "http://amazingsportwear.com/wp-cron.php?doing_wp_cron=1574476894.1126999855041503906250" "WordPress/5.2.4; https://amazingsportwear.com" "-"
157.55.39.25 - - [23/Nov/2019:03:41:32 +0100] "GET /robots.txt HTTP/1.1" 200 432 "-" "Mozilla/5.0 (compatible; bingbot/2.0; +http://www.bing.com/bingbot.htm)" "-"
66.249.66.66 - - [23/Nov/2019:03:47:38 +0100] "GET /wp-content/uploads/2019/04/gorra-bayon-1-100x100.png HTTP/1.1" 304 3565 "-" "Googlebot-Image/1.0" "-"
217.76.130.90 - - [23/Nov/2019:03:48:09 +0100] "POST /wp-cron.php?doing_wp_cron=1574477289.0293829441070556640625 HTTP/1.1" 200 3389 "https://amazingsportwear.com/wp-cron.php?doing_wp_cron=1574477289.0293829441070556640625" "WordPress/5.2.4; https://amazingsportwear.com" "-"
66.249.66.68 - - [23/Nov/2019:03:48:07 +0100] "GET /producto/gorra-mision/ HTTP/1.1" 200 93327 "-" "Mozilla/5.0 (Linux; Android 6.0.1; Nexus 5X Build/MMB29P) AppleWebKit/537.36 (KHTML, like Gecko) Chrome/41.0.2272.96 Mobile Safari/537.36 (compatible; Googlebot/2.1; +http://www.google.com/bot.html)" "-"
66.249.66.68 - - [23/Nov/2019:03:48:14 +0100] "POST /?wc-ajax=get_refreshed_fragments HTTP/1.1" 200 1397 "https://amazingsportwear.com/producto/gorra-mision/" "Mozilla/5.0 (Linux; Android 6.0.1; Nexus 5X Build/MMB29P) AppleWebKit/537.36 (KHTML, like Gecko) Chrome/41.0.2272.96 Mobile Safari/537.36 (compatible; Googlebot/2.1; +http://www.google.com/bot.html)" "_ga=GA1.2.969013651.1574467200; _gid=GA1.2.1978218920.1574467200; _gat_gtag_UA_91619287_1=1"
217.76.130.90 - - [23/Nov/2019:03:54:55 +0100] "POST /wp-cron.php?doing_wp_cron=1574477695.8672358989715576171875 HTTP/1.1" 200 164 "http://amazingsportwear.com/wp-cron.php?doing_wp_cron=1574477695.8672358989715576171875" "WordPress/5.2.4; https://amazingsportwear.com" "-"
103.129.99.92 - - [23/Nov/2019:03:54:53 +0100] "GET /x.php HTTP/1.1" 404 67943 "http://site.ru" "Mozilla/5.0 (Windows; U; Windows NT 5.1; en-US) AppleWebKit/533.4 (KHTML, like Gecko) Chrome/5.0.375.99 Safari/533.4" "-"
217.76.130.90 - - [23/Nov/2019:03:56:25 +0100] "POST /wp-cron.php?doing_wp_cron=1574477785.4267361164093017578125 HTTP/1.1" 200 3389 "https://amazingsportwear.com/wp-cron.php?doing_wp_cron=1574477785.4267361164093017578125" "WordPress/5.2.4; https://amazingsportwear.com" "-"
66.249.66.70 - - [23/Nov/2019:03:56:24 +0100] "GET /producto/pantalon-corto-futbol-2/ HTTP/1.1" 200 92208 "-" "Mozilla/5.0 (compatible; Googlebot/2.1; +http://www.google.com/bot.html)" "-"
66.249.66.68 - - [23/Nov/2019:03:56:55 +0100] "GET /producto/pantalon-corto-futbol-2/ HTTP/1.1" 200 92045 "-" "Mozilla/5.0 (compatible; Googlebot/2.1; +http://www.google.com/bot.html)" "-"
66.249.66.68 - - [23/Nov/2019:03:57:00 +0100] "POST /?wc-ajax=get_refreshed_fragments HTTP/1.1" 200 1397 "https://amazingsportwear.com/producto/pantalon-corto-futbol-2/" "Mozilla/5.0 AppleWebKit/537.36 (KHTML, like Gecko; compatible; Googlebot/2.1; +http://www.google.com/bot.html) Safari/537.36" "_ga=GA1.2.931330593.1574467200; _gid=GA1.2.2074753562.1574467200; _gat_gtag_UA_91619287_1=1"
217.76.130.90 - - [23/Nov/2019:03:58:36 +0100] "POST /wp-cron.php?doing_wp_cron=1574477916.5171940326690673828125 HTTP/1.1" 200 3389 "https://amazingsportwear.com/wp-cron.php?doing_wp_cron=1574477916.5171940326690673828125" "WordPress/5.2.4; https://amazingsportwear.com" "-"
207.46.13.218 - - [23/Nov/2019:03:58:35 +0100] "GET /categoria-producto/nueve/ HTTP/1.1" 200 57645 "-" "Mozilla/5.0 (compatible; bingbot/2.0; +http://www.bing.com/bingbot.htm)" "-"
217.76.130.90 - - [23/Nov/2019:03:59:33 +0100] "POST /wp-cron.php?doing_wp_cron=1574477973.5144801139831542968750 HTTP/1.1" 200 164 "http://amazingsportwear.com/wp-cron.php?doing_wp_cron=1574477973.5144801139831542968750" "WordPress/5.2.4; https://amazingsportwear.com" "-"
40.77.167.52 - - [23/Nov/2019:03:59:32 +0100] "GET /atletismo/25-manguito-brazos-atletismo.html HTTP/1.1" 404 68062 "-" "Mozilla/5.0 (iPhone; CPU iPhone OS 7_0 like Mac OS X) AppleWebKit/537.51.1 (KHTML, like Gecko) Version/7.0 Mobile/11A465 Safari/9537.53 (compatible; bingbot/2.0; +http://www.bing.com/bingbot.htm)" "-"
189.159.58.174 - - [23/Nov/2019:03:59:59 +0100] "GET /wp-content/uploads/2019/03/SA-1114-2.png HTTP/1.1" 200 228686 "https://www.google.com/" "Mozilla/5.0 (iPhone; CPU iPhone OS 12_4_2 like Mac OS X) AppleWebKit/605.1.15 (KHTML, like Gecko) GSA/87.0.279142407 Mobile/16G114 Safari/604.1" "-"
217.76.130.90 - - [23/Nov/2019:04:04:46 +0100] "POST /wp-cron.php?doing_wp_cron=1574478286.8941650390625000000000 HTTP/1.1" 200 164 "http://amazingsportwear.com/wp-cron.php?doing_wp_cron=1574478286.8941650390625000000000" "WordPress/5.2.4; https://amazingsportwear.com" "-"
159.89.154.10 - - [23/Nov/2019:04:04:46 +0100] "GET / HTTP/1.1" 301 336 "-" "python-requests/2.22.0" "-"
217.76.130.90 - - [23/Nov/2019:04:05:05 +0100] "POST /wp-cron.php?doing_wp_cron=1574478305.1442270278930664062500 HTTP/1.1" 200 3389 "https://amazingsportwear.com/wp-cron.php?doing_wp_cron=1574478305.1442270278930664062500" "WordPress/5.2.4; https://amazingsportwear.com" "-"
159.89.154.10 - - [23/Nov/2019:04:05:04 +0100] "GET / HTTP/1.1" 200 125755 "-" "python-requests/2.22.0" "wpfront-notification-bar-landingpage=1"
217.76.130.90 - - [23/Nov/2019:04:33:21 +0100] "POST /wp-cron.php?doing_wp_cron=1574480001.1256990432739257812500 HTTP/1.1" 200 3389 "https://amazingsportwear.com/wp-cron.php?doing_wp_cron=1574480001.1256990432739257812500" "WordPress/5.2.4; https://amazingsportwear.com" "-"
66.249.66.68 - - [23/Nov/2019:04:33:11 +0100] "GET /producto/bolsa-deporte-hale/ HTTP/1.1" 200 98471 "-" "Mozilla/5.0 (Linux; Android 6.0.1; Nexus 5X Build/MMB29P) AppleWebKit/537.36 (KHTML, like Gecko) Chrome/41.0.2272.96 Mobile Safari/537.36 (compatible; Googlebot/2.1; +http://www.google.com/bot.html)" "-"
217.76.130.90 - - [23/Nov/2019:04:51:19 +0100] "POST /wp-cron.php?doing_wp_cron=1574481079.9069540500640869140625 HTTP/1.1" 200 3389 "https://amazingsportwear.com/wp-cron.php?doing_wp_cron=1574481079.9069540500640869140625" "WordPress/5.2.4; https://amazingsportwear.com" "-"
66.249.66.66 - - [23/Nov/2019:04:51:15 +0100] "GET /producto/pantalon-corto-futbol-2/ HTTP/1.1" 200 91975 "-" "Mozilla/5.0 (compatible; Googlebot/2.1; +http://www.google.com/bot.html)" "-"
66.249.66.66 - - [23/Nov/2019:04:51:24 +0100] "POST /?wc-ajax=get_refreshed_fragments HTTP/1.1" 200 1397 "https://amazingsportwear.com/producto/pantalon-corto-futbol-2/" "Mozilla/5.0 AppleWebKit/537.36 (KHTML, like Gecko; compatible; Googlebot/2.1; +http://www.google.com/bot.html) Safari/537.36" "_ga=GA1.2.931330593.1574467200; _gid=GA1.2.2074753562.1574467200; _gat_gtag_UA_91619287_1=1"
217.76.130.90 - - [23/Nov/2019:04:58:13 +0100] "POST /wp-cron.php?doing_wp_cron=1574481493.8574678897857666015625 HTTP/1.1" 200 3389 "https://amazingsportwear.com/wp-cron.php?doing_wp_cron=1574481493.8574678897857666015625" "WordPress/5.2.4; https://amazingsportwear.com" "-"
207.46.13.16 - - [23/Nov/2019:04:58:12 +0100] "GET /producto/camiseta-tecnica-nath-combi/ HTTP/1.1" 200 107628 "-" "Mozilla/5.0 (compatible; bingbot/2.0; +http://www.bing.com/bingbot.htm)" "-"
157.55.39.25 - - [23/Nov/2019:04:58:18 +0100] "GET /robots.txt HTTP/1.1" 200 2297 "-" "Mozilla/5.0 (compatible; bingbot/2.0; +http://www.bing.com/bingbot.htm)" "-"
157.55.39.25 - - [23/Nov/2019:04:58:20 +0100] "GET /robots.txt HTTP/1.1" 200 3939 "-" "Mozilla/5.0 (compatible; bingbot/2.0; +http://www.bing.com/bingbot.htm)" "-"
40.77.167.52 - - [23/Nov/2019:04:58:37 +0100] "GET /etiqueta-producto/mochila-cobra/ HTTP/1.1" 200 54014 "-" "Mozilla/5.0 (compatible; bingbot/2.0; +http://www.bing.com/bingbot.htm)" "-"
40.77.167.52 - - [23/Nov/2019:04:58:39 +0100] "GET /tienda/95-camiseta-tecnica-combinada-shangai.html HTTP/1.1" 404 68955 "-" "Mozilla/5.0 (compatible; bingbot/2.0; +http://www.bing.com/bingbot.htm)" "-"
66.249.66.68 - - [23/Nov/2019:05:08:26 +0100] "GET /wp-content/uploads/2019/04/Gorra-sport-10-100x100.png HTTP/1.1" 304 3564 "-" "Googlebot-Image/1.0" "-"
217.76.130.90 - - [23/Nov/2019:05:13:12 +0100] "POST /wp-cron.php?doing_wp_cron=1574482392.7727329730987548828125 HTTP/1.1" 200 164 "http://amazingsportwear.com/wp-cron.php?doing_wp_cron=1574482392.7727329730987548828125" "WordPress/5.2.4; https://amazingsportwear.com" "-"
54.202.115.65 - - [23/Nov/2019:05:13:10 +0100] "GET / HTTP/1.1" 301 279 "-" "Go-http-client/1.1" "-"
66.249.66.70 - - [23/Nov/2019:05:24:21 +0100] "GET /wp-content/uploads/2019/04/Gorra-sport-11-100x100.png HTTP/1.1" 304 3527 "-" "Googlebot-Image/1.0" "-"
217.76.130.90 - - [23/Nov/2019:05:24:28 +0100] "POST /wp-cron.php?doing_wp_cron=1574483068.0783159732818603515625 HTTP/1.1" 200 164 "http://amazingsportwear.com/wp-cron.php?doing_wp_cron=1574483068.0783159732818603515625" "WordPress/5.2.4; https://amazingsportwear.com" "-"
37.142.215.15 - - [23/Nov/2019:05:24:27 +0100] "GET / HTTP/1.1" 301 336 "-" "Mozilla/5.0 (Windows NT 10.0; Win64; x64) AppleWebKit/537.36 (KHTML, like Gecko) Chrome/77.0.3865.90 Safari/537.36" "-"
37.142.215.15 - - [23/Nov/2019:05:24:30 +0100] "GET / HTTP/1.1" 200 125755 "-" "Mozilla/5.0 (Windows NT 10.0; Win64; x64) AppleWebKit/537.36 (KHTML, like Gecko) Chrome/77.0.3865.90 Safari/537.36" "wpfront-notification-bar-landingpage=1"
37.142.215.15 - - [23/Nov/2019:05:24:33 +0100] "POST / HTTP/1.1" 200 122742 "-" "Mozilla/5.0 (Windows NT 10.0; Win64; x64) AppleWebKit/537.36 (KHTML, like Gecko) Chrome/77.0.3865.90 Safari/537.36" "wpfront-notification-bar-landingpage=1"
37.142.215.15 - - [23/Nov/2019:05:24:37 +0100] "POST / HTTP/1.1" 200 122760 "-" "Mozilla/5.0 (Windows NT 10.0; Win64; x64) AppleWebKit/537.36 (KHTML, like Gecko) Chrome/77.0.3865.90 Safari/537.36" "wpfront-notification-bar-landingpage=1"
37.142.215.15 - - [23/Nov/2019:05:24:40 +0100] "GET /comments/feed/ HTTP/1.1" 200 1258 "-" "Mozilla/5.0 (Windows NT 10.0; Win64; x64) AppleWebKit/537.36 (KHTML, like Gecko) Chrome/77.0.3865.90 Safari/537.36" "wpfront-notification-bar-landingpage=1"
37.142.215.15 - - [23/Nov/2019:05:24:41 +0100] "GET /categoria-producto/accesorios/ HTTP/1.1" 200 72953 "-" "Mozilla/5.0 (Windows NT 10.0; Win64; x64) AppleWebKit/537.36 (KHTML, like Gecko) Chrome/77.0.3865.90 Safari/537.36" "wpfront-notification-bar-landingpage=1"
37.142.215.15 - - [23/Nov/2019:05:24:43 +0100] "GET /categoria-producto/accesorios/page/2/ HTTP/1.1" 200 74297 "-" "Mozilla/5.0 (Windows NT 10.0; Win64; x64) AppleWebKit/537.36 (KHTML, like Gecko) Chrome/77.0.3865.90 Safari/537.36" "wpfront-notification-bar-landingpage=1"
217.76.130.90 - - [23/Nov/2019:05:25:16 +0100] "POST /wp-cron.php?doing_wp_cron=1574483116.3668680191040039062500 HTTP/1.1" 200 3389 "https://amazingsportwear.com/wp-cron.php?doing_wp_cron=1574483116.3668680191040039062500" "WordPress/5.2.4; https://amazingsportwear.com" "-"
37.142.215.15 - - [23/Nov/2019:05:25:15 +0100] "GET /categoria-producto/accesorios/feed/ HTTP/1.1" 200 19021 "-" "Mozilla/5.0 (Windows NT 10.0; Win64; x64) AppleWebKit/537.36 (KHTML, like Gecko) Chrome/77.0.3865.90 Safari/537.36" "wpfront-notification-bar-landingpage=1"
37.142.215.15 - - [23/Nov/2019:05:25:17 +0100] "GET /categoria-producto/accesorios/bidonesdeportivos/ HTTP/1.1" 200 72010 "-" "Mozilla/5.0 (Windows NT 10.0; Win64; x64) AppleWebKit/537.36 (KHTML, like Gecko) Chrome/77.0.3865.90 Safari/537.36" "wpfront-notification-bar-landingpage=1"
37.142.215.15 - - [23/Nov/2019:05:25:18 +0100] "GET /categoria-producto/accesorios/bidonesdeportivos/feed/ HTTP/1.1" 200 15985 "-" "Mozilla/5.0 (Windows NT 10.0; Win64; x64) AppleWebKit/537.36 (KHTML, like Gecko) Chrome/77.0.3865.90 Safari/537.36" "wpfront-notification-bar-landingpage=1"
37.142.215.15 - - [23/Nov/2019:05:25:20 +0100] "GET /categoria-producto/accesorios/gafas/ HTTP/1.1" 200 56557 "-" "Mozilla/5.0 (Windows NT 10.0; Win64; x64) AppleWebKit/537.36 (KHTML, like Gecko) Chrome/77.0.3865.90 Safari/537.36" "wpfront-notification-bar-landingpage=1"
37.142.215.15 - - [23/Nov/2019:05:25:21 +0100] "GET /categoria-producto/accesorios/gafas/feed/ HTTP/1.1" 200 7261 "-" "Mozilla/5.0 (Windows NT 10.0; Win64; x64) AppleWebKit/537.36 (KHTML, like Gecko) Chrome/77.0.3865.90 Safari/537.36" "wpfront-notification-bar-landingpage=1"
37.142.215.15 - - [23/Nov/2019:05:25:22 +0100] "GET /categoria-producto/accesorios/bragasybuffs/ HTTP/1.1" 200 53622 "-" "Mozilla/5.0 (Windows NT 10.0; Win64; x64) AppleWebKit/537.36 (KHTML, like Gecko) Chrome/77.0.3865.90 Safari/537.36" "wpfront-notification-bar-landingpage=1"
37.142.215.15 - - [23/Nov/2019:05:25:24 +0100] "GET /categoria-producto/accesorios/bragasybuffs/feed/ HTTP/1.1" 200 5358 "-" "Mozilla/5.0 (Windows NT 10.0; Win64; x64) AppleWebKit/537.36 (KHTML, like Gecko) Chrome/77.0.3865.90 Safari/537.36" "wpfront-notification-bar-landingpage=1"
37.142.215.15 - - [23/Nov/2019:05:25:25 +0100] "GET /categoria-producto/accesorios/gorrasygorros/ HTTP/1.1" 200 72385 "-" "Mozilla/5.0 (Windows NT 10.0; Win64; x64) AppleWebKit/537.36 (KHTML, like Gecko) Chrome/77.0.3865.90 Safari/537.36" "wpfront-notification-bar-landingpage=1"
37.142.215.15 - - [23/Nov/2019:05:25:27 +0100] "GET /categoria-producto/accesorios/gorrasygorros/page/2/ HTTP/1.1" 200 67781 "-" "Mozilla/5.0 (Windows NT 10.0; Win64; x64) AppleWebKit/537.36 (KHTML, like Gecko) Chrome/77.0.3865.90 Safari/537.36" "wpfront-notification-bar-landingpage=1"
37.142.215.15 - - [23/Nov/2019:05:25:29 +0100] "GET /categoria-producto/accesorios/gorrasygorros/feed/ HTTP/1.1" 200 14726 "-" "Mozilla/5.0 (Windows NT 10.0; Win64; x64) AppleWebKit/537.36 (KHTML, like Gecko) Chrome/77.0.3865.90 Safari/537.36" "wpfront-notification-bar-landingpage=1"
37.142.215.15 - - [23/Nov/2019:05:25:30 +0100] "GET /categoria-producto/accesorios/llaveros/ HTTP/1.1" 200 65818 "-" "Mozilla/5.0 (Windows NT 10.0; Win64; x64) AppleWebKit/537.36 (KHTML, like Gecko) Chrome/77.0.3865.90 Safari/537.36" "wpfront-notification-bar-landingpage=1"
37.142.215.15 - - [23/Nov/2019:05:25:32 +0100] "GET /categoria-producto/accesorios/llaveros/feed/ HTTP/1.1" 200 13665 "-" "Mozilla/5.0 (Windows NT 10.0; Win64; x64) AppleWebKit/537.36 (KHTML, like Gecko) Chrome/77.0.3865.90 Safari/537.36" "wpfront-notification-bar-landingpage=1"
37.142.215.15 - - [23/Nov/2019:05:25:33 +0100] "GET /categoria-producto/accesorios/linternas/ HTTP/1.1" 200 60156 "-" "Mozilla/5.0 (Windows NT 10.0; Win64; x64) AppleWebKit/537.36 (KHTML, like Gecko) Chrome/77.0.3865.90 Safari/537.36" "wpfront-notification-bar-landingpage=1"
37.142.215.15 - - [23/Nov/2019:05:25:35 +0100] "GET /categoria-producto/accesorios/linternas/feed/ HTTP/1.1" 200 10062 "-" "Mozilla/5.0 (Windows NT 10.0; Win64; x64) AppleWebKit/537.36 (KHTML, like Gecko) Chrome/77.0.3865.90 Safari/537.36" "wpfront-notification-bar-landingpage=1"
37.142.215.15 - - [23/Nov/2019:05:25:36 +0100] "GET /categoria-producto/accesorios/pulseras/ HTTP/1.1" 200 56419 "-" "Mozilla/5.0 (Windows NT 10.0; Win64; x64) AppleWebKit/537.36 (KHTML, like Gecko) Chrome/77.0.3865.90 Safari/537.36" "wpfront-notification-bar-landingpage=1"
37.142.215.15 - - [23/Nov/2019:05:25:38 +0100] "GET /categoria-producto/accesorios/pulseras/feed/ HTTP/1.1" 200 7154 "-" "Mozilla/5.0 (Windows NT 10.0; Win64; x64) AppleWebKit/537.36 (KHTML, like Gecko) Chrome/77.0.3865.90 Safari/537.36" "wpfront-notification-bar-landingpage=1"
37.142.215.15 - - [23/Nov/2019:05:25:39 +0100] "GET /categoria-producto/accesorios/toallas/ HTTP/1.1" 200 56428 "-" "Mozilla/5.0 (Windows NT 10.0; Win64; x64) AppleWebKit/537.36 (KHTML, like Gecko) Chrome/77.0.3865.90 Safari/537.36" "wpfront-notification-bar-landingpage=1"
37.142.215.15 - - [23/Nov/2019:05:25:41 +0100] "GET /categoria-producto/accesorios/toallas/feed/ HTTP/1.1" 200 7260 "-" "Mozilla/5.0 (Windows NT 10.0; Win64; x64) AppleWebKit/537.36 (KHTML, like Gecko) Chrome/77.0.3865.90 Safari/537.36" "wpfront-notification-bar-landingpage=1"
37.142.215.15 - - [23/Nov/2019:05:25:42 +0100] "GET /contacta-con-nosotros/ HTTP/1.1" 200 59014 "-" "Mozilla/5.0 (Windows NT 10.0; Win64; x64) AppleWebKit/537.36 (KHTML, like Gecko) Chrome/77.0.3865.90 Safari/537.36" "wpfront-notification-bar-landingpage=1"
37.142.215.15 - - [23/Nov/2019:05:25:44 +0100] "POST /contacta-con-nosotros/ HTTP/1.1" 200 59282 "-" "Mozilla/5.0 (Windows NT 10.0; Win64; x64) AppleWebKit/537.36 (KHTML, like Gecko) Chrome/77.0.3865.90 Safari/537.36" "wpfront-notification-bar-landingpage=1"
37.142.215.15 - - [23/Nov/2019:05:25:46 +0100] "POST /contacta-con-nosotros/ HTTP/1.1" 200 59275 "-" "Mozilla/5.0 (Windows NT 10.0; Win64; x64) AppleWebKit/537.36 (KHTML, like Gecko) Chrome/77.0.3865.90 Safari/537.36" "wpfront-notification-bar-landingpage=1"
37.142.215.15 - - [23/Nov/2019:05:25:49 +0100] "GET /wp-json/oembed/1.0/embed?url=https://amazingsportwear.com/contacta-con-nosotros/ HTTP/1.1" 200 2873 "-" "Mozilla/5.0 (Windows NT 10.0; Win64; x64) AppleWebKit/537.36 (KHTML, like Gecko) Chrome/77.0.3865.90 Safari/537.36" "wpfront-notification-bar-landingpage=1"
37.142.215.15 - - [23/Nov/2019:05:25:52 +0100] "GET /wp-json/oembed/1.0/embed?url=https://amazingsportwear.com/contacta-con-nosotros/& HTTP/1.1" 200 2873 "-" "Mozilla/5.0 (Windows NT 10.0; Win64; x64) AppleWebKit/537.36 (KHTML, like Gecko) Chrome/77.0.3865.90 Safari/537.36" "wpfront-notification-bar-landingpage=1"
37.142.215.15 - - [23/Nov/2019:05:25:53 +0100] "GET /wp-login.php HTTP/1.1" 200 4675 "-" "Mozilla/5.0 (Windows NT 10.0; Win64; x64) AppleWebKit/537.36 (KHTML, like Gecko) Chrome/77.0.3865.90 Safari/537.36" "wpfront-notification-bar-landingpage=1"
66.249.66.66 - - [23/Nov/2019:05:28:02 +0100] "GET /wp-content/plugins/product-enquiry-for-woocommerce/img/contact/loading.gif HTTP/1.1" 304 3565 "-" "Googlebot-Image/1.0" "-"
217.76.130.90 - - [23/Nov/2019:05:31:58 +0100] "POST /wp-cron.php?doing_wp_cron=1574483518.6824560165405273437500 HTTP/1.1" 200 3389 "https://amazingsportwear.com/wp-cron.php?doing_wp_cron=1574483518.6824560165405273437500" "WordPress/5.2.4; https://amazingsportwear.com" "-"
66.249.66.68 - - [23/Nov/2019:05:31:57 +0100] "GET /politica-de-privacidad/ HTTP/1.1" 200 69776 "-" "Mozilla/5.0 (Linux; Android 6.0.1; Nexus 5X Build/MMB29P) AppleWebKit/537.36 (KHTML, like Gecko) Chrome/41.0.2272.96 Mobile Safari/537.36 (compatible; Googlebot/2.1; +http://www.google.com/bot.html)" "-"
217.76.130.90 - - [23/Nov/2019:05:34:46 +0100] "POST /wp-cron.php?doing_wp_cron=1574483686.4671320915222167968750 HTTP/1.1" 200 3389 "https://amazingsportwear.com/wp-cron.php?doing_wp_cron=1574483686.4671320915222167968750" "WordPress/5.2.4; https://amazingsportwear.com" "-"
40.77.167.105 - - [23/Nov/2019:05:34:45 +0100] "GET /producto/bidon-iskan/ HTTP/1.1" 200 99120 "-" "Mozilla/5.0 (compatible; bingbot/2.0; +http://www.bing.com/bingbot.htm)" "-"
217.76.130.90 - - [23/Nov/2019:05:35:42 +0100] "POST /wp-cron.php?doing_wp_cron=1574483742.8197569847106933593750 HTTP/1.1" 200 3389 "https://amazingsportwear.com/wp-cron.php?doing_wp_cron=1574483742.8197569847106933593750" "WordPress/5.2.4; https://amazingsportwear.com" "-"
40.77.167.56 - - [23/Nov/2019:05:35:42 +0100] "GET /producto/mochila-reflect-cat-4520/ HTTP/1.1" 200 98424 "-" "Mozilla/5.0 (compatible; bingbot/2.0; +http://www.bing.com/bingbot.htm)" "-"
217.76.130.90 - - [23/Nov/2019:05:50:38 +0100] "POST /wp-cron.php?doing_wp_cron=1574484638.5770940780639648437500 HTTP/1.1" 200 3389 "https://amazingsportwear.com/wp-cron.php?doing_wp_cron=1574484638.5770940780639648437500" "WordPress/5.2.4; https://amazingsportwear.com" "-"
66.249.66.66 - - [23/Nov/2019:05:50:36 +0100] "GET /categoria-producto/hombre/polostecnicos/ HTTP/1.1" 200 76588 "-" "Mozilla/5.0 (compatible; Googlebot/2.1; +http://www.google.com/bot.html)" "-"
66.249.66.68 - - [23/Nov/2019:05:50:43 +0100] "POST /?wc-ajax=get_refreshed_fragments HTTP/1.1" 200 4760 "https://amazingsportwear.com/categoria-producto/hombre/polostecnicos/" "Mozilla/5.0 AppleWebKit/537.36 (KHTML, like Gecko; compatible; Googlebot/2.1; +http://www.google.com/bot.html) Safari/537.36" "_ga=GA1.2.2114912494.1574467200; _gid=GA1.2.931330593.1574467200; _gat_gtag_UA_91619287_1=1"
207.46.13.16 - - [23/Nov/2019:05:54:28 +0100] "GET /tienda/100-camiseta-tecnica-montecarlo-mujer-sa-0423.html HTTP/1.1" 404 72304 "-" "Mozilla/5.0 (compatible; bingbot/2.0; +http://www.bing.com/bingbot.htm)" "-"
217.76.130.90 - - [23/Nov/2019:06:05:37 +0100] "POST /wp-cron.php?doing_wp_cron=1574485537.8975319862365722656250 HTTP/1.1" 200 3389 "https://amazingsportwear.com/wp-cron.php?doing_wp_cron=1574485537.8975319862365722656250" "WordPress/5.2.4; https://amazingsportwear.com" "-"
207.46.13.16 - - [23/Nov/2019:06:05:37 +0100] "GET /tienda/index.php?controller=contact HTTP/1.1" 301 3889 "-" "Mozilla/5.0 (compatible; bingbot/2.0; +http://www.bing.com/bingbot.htm)" "-"
217.76.130.90 - - [23/Nov/2019:06:08:30 +0100] "POST /wp-cron.php?doing_wp_cron=1574485710.6032080650329589843750 HTTP/1.1" 200 3389 "https://amazingsportwear.com/wp-cron.php?doing_wp_cron=1574485710.6032080650329589843750" "WordPress/5.2.4; https://amazingsportwear.com" "-"
66.249.66.66 - - [23/Nov/2019:06:08:29 +0100] "GET /producto/camiseta-tecnica-manga-corta-delta-eny-delta/ HTTP/1.1" 200 97299 "-" "Mozilla/5.0 (Linux; Android 6.0.1; Nexus 5X Build/MMB29P) AppleWebKit/537.36 (KHTML, like Gecko) Chrome/41.0.2272.96 Mobile Safari/537.36 (compatible; Googlebot/2.1; +http://www.google.com/bot.html)" "-"
66.249.66.66 - - [23/Nov/2019:06:08:34 +0100] "POST /?wc-ajax=get_refreshed_fragments HTTP/1.1" 200 1397 "https://amazingsportwear.com/producto/camiseta-tecnica-manga-corta-delta-eny-delta/" "Mozilla/5.0 (Linux; Android 6.0.1; Nexus 5X Build/MMB29P) AppleWebKit/537.36 (KHTML, like Gecko) Chrome/41.0.2272.96 Mobile Safari/537.36 (compatible; Googlebot/2.1; +http://www.google.com/bot.html)" "_ga=GA1.2.969013651.1574467200; _gid=GA1.2.1978218920.1574467200; _gat_gtag_UA_91619287_1=1"
66.249.66.66 - - [23/Nov/2019:06:08:44 +0100] "GET /producto/camiseta-tecnica-manga-corta-delta-eny-delta/ HTTP/1.1" 200 94004 "-" "Mozilla/5.0 (Linux; Android 6.0.1; Nexus 5X Build/MMB29P) AppleWebKit/537.36 (KHTML, like Gecko) Chrome/41.0.2272.96 Mobile Safari/537.36 (compatible; Googlebot/2.1; +http://www.google.com/bot.html)" "-"
66.249.66.68 - - [23/Nov/2019:06:09:00 +0100] "GET /producto/camiseta-tecnica-manga-corta-delta-eny-delta/ HTTP/1.1" 200 97262 "-" "Mozilla/5.0 (Linux; Android 6.0.1; Nexus 5X Build/MMB29P) AppleWebKit/537.36 (KHTML, like Gecko) Chrome/41.0.2272.96 Mobile Safari/537.36 (compatible; Googlebot/2.1; +http://www.google.com/bot.html)" "-"
217.76.130.90 - - [23/Nov/2019:06:09:32 +0100] "POST /wp-cron.php?doing_wp_cron=1574485772.4054510593414306640625 HTTP/1.1" 200 3389 "https://amazingsportwear.com/wp-cron.php?doing_wp_cron=1574485772.4054510593414306640625" "WordPress/5.2.4; https://amazingsportwear.com" "-"
66.249.66.66 - - [23/Nov/2019:06:09:31 +0100] "GET /producto/camiseta-tecnica-manga-corta-delta-eny-delta/ HTTP/1.1" 200 97341 "-" "Mozilla/5.0 (Linux; Android 6.0.1; Nexus 5X Build/MMB29P) AppleWebKit/537.36 (KHTML, like Gecko) Chrome/41.0.2272.96 Mobile Safari/537.36 (compatible; Googlebot/2.1; +http://www.google.com/bot.html)" "-"
217.76.130.90 - - [23/Nov/2019:06:28:01 +0100] "POST /wp-cron.php?doing_wp_cron=1574486881.8320670127868652343750 HTTP/1.1" 200 3389 "https://amazingsportwear.com/wp-cron.php?doing_wp_cron=1574486881.8320670127868652343750" "WordPress/5.2.4; https://amazingsportwear.com" "-"
17.58.100.225 - - [23/Nov/2019:06:28:00 +0100] "GET /robots.txt HTTP/1.1" 200 3687 "-" "Mozilla/5.0 (Macintosh; Intel Mac OS X 10_10_1) AppleWebKit/600.2.5 (KHTML, like Gecko) Version/8.0.2 Safari/600.2.5 (Applebot/0.1; +http://www.apple.com/go/applebot)" "-"
217.76.130.90 - - [23/Nov/2019:06:28:03 +0100] "POST /wp-cron.php?doing_wp_cron=1574486883.8966019153594970703125 HTTP/1.1" 200 3389 "https://amazingsportwear.com/wp-cron.php?doing_wp_cron=1574486883.8966019153594970703125" "WordPress/5.2.4; https://amazingsportwear.com" "-"
17.58.96.178 - - [23/Nov/2019:06:28:03 +0100] "GET /content/2-aviso-legal HTTP/1.1" 404 72055 "-" "Mozilla/5.0 (Macintosh; Intel Mac OS X 10_10_1) AppleWebKit/600.2.5 (KHTML, like Gecko) Version/8.0.2 Safari/600.2.5 (Applebot/0.1; +http://www.apple.com/go/applebot)" "-"
187.176.146.71 - - [23/Nov/2019:07:11:13 +0100] "GET /wp-content/uploads/2019/04/gorra-konlun-5.png HTTP/1.1" 200 82923 "https://www.google.com/" "Mozilla/5.0 (Windows NT 10.0; Win64; x64) AppleWebKit/537.36 (KHTML, like Gecko) Chrome/78.0.3904.108 Safari/537.36" "-"
187.176.146.71 - - [23/Nov/2019:07:11:13 +0100] "GET /wp-content/uploads/2019/04/Gorra-sport-12.png HTTP/1.1" 200 95673 "https://www.google.com/" "Mozilla/5.0 (Windows NT 10.0; Win64; x64) AppleWebKit/537.36 (KHTML, like Gecko) Chrome/78.0.3904.108 Safari/537.36" "-"
217.76.130.90 - - [23/Nov/2019:07:12:39 +0100] "POST /wp-cron.php?doing_wp_cron=1574489559.2461199760437011718750 HTTP/1.1" 200 164 "http://amazingsportwear.com/wp-cron.php?doing_wp_cron=1574489559.2461199760437011718750" "WordPress/5.2.4; https://amazingsportwear.com" "-"
167.86.124.203 - - [23/Nov/2019:07:12:36 +0100] "GET /wp-includes/js/crop/license.php HTTP/1.1" 404 67993 "http://site.ru" "Mozilla/5.0 (Windows; U; Windows NT 5.1; en-US) AppleWebKit/533.4 (KHTML, like Gecko) Chrome/5.0.375.99 Safari/533.4" "-"
217.76.130.90 - - [23/Nov/2019:07:13:53 +0100] "POST /wp-cron.php?doing_wp_cron=1574489633.5358119010925292968750 HTTP/1.1" 200 164 "http://amazingsportwear.com/wp-cron.php?doing_wp_cron=1574489633.5358119010925292968750" "WordPress/5.2.4; https://amazingsportwear.com" "-"
23.226.211.169 - - [23/Nov/2019:07:13:52 +0100] "GET / HTTP/1.1" 301 336 "-" "Mozilla/5.0 (Windows NT 10.0; Win64; x64; rv:64.0) Gecko/20100101 Firefox/64.0" "-"
104.222.43.210 - - [23/Nov/2019:07:13:54 +0100] "GET / HTTP/1.1" 200 125560 "-" "Mozilla/5.0 (Windows NT 10.0; Win64; x64; rv:64.0) Gecko/20100101 Firefox/64.0" "wpfront-notification-bar-landingpage=1; APSERVER_ID=0372980180aa0efae60e0b4c499bcbca70b266c2502f4cf86f1a760517f45d2f"
23.226.211.154 - - [23/Nov/2019:07:14:01 +0100] "GET /wp-content/uploads/2019/05/cropped-favicon-nuevo-logo-amazinf-128px-32x32.png HTTP/1.1" 200 4392 "-" "Mozilla/5.0 (Windows NT 10.0; Win64; x64; rv:64.0) Gecko/20100101 Firefox/64.0" "-"
217.76.130.90 - - [23/Nov/2019:07:25:13 +0100] "POST /wp-cron.php?doing_wp_cron=1574490313.4748539924621582031250 HTTP/1.1" 200 3389 "https://amazingsportwear.com/wp-cron.php?doing_wp_cron=1574490313.4748539924621582031250" "WordPress/5.2.4; https://amazingsportwear.com" "-"
66.249.66.68 - - [23/Nov/2019:07:25:12 +0100] "GET /producto/camiseta-tecnica-tirantes-nath-instinct/ HTTP/1.1" 200 105866 "-" "Mozilla/5.0 (compatible; Googlebot/2.1; +http://www.google.com/bot.html)" "-"
187.189.181.138 - - [23/Nov/2019:07:38:17 +0100] "GET /wp-content/uploads/2019/04/Gorra-sport-10.png HTTP/1.1" 200 60426 "https://www.google.com/" "Mozilla/5.0 (Windows NT 10.0; Win64; x64) AppleWebKit/537.36 (KHTML, like Gecko) Chrome/78.0.3904.108 Safari/537.36" "-"
217.76.130.90 - - [23/Nov/2019:07:40:15 +0100] "POST /wp-cron.php?doing_wp_cron=1574491215.3950669765472412109375 HTTP/1.1" 200 3389 "https://amazingsportwear.com/wp-cron.php?doing_wp_cron=1574491215.3950669765472412109375" "WordPress/5.2.4; https://amazingsportwear.com" "-"
66.249.66.68 - - [23/Nov/2019:07:40:14 +0100] "GET /producto/luz-intermitente-slapz-pf-10031900/ HTTP/1.1" 200 92000 "-" "Mozilla/5.0 (Linux; Android 6.0.1; Nexus 5X Build/MMB29P) AppleWebKit/537.36 (KHTML, like Gecko) Chrome/41.0.2272.96 Mobile Safari/537.36 (compatible; Googlebot/2.1; +http://www.google.com/bot.html)" "-"
66.249.66.68 - - [23/Nov/2019:07:40:20 +0100] "POST /?wc-ajax=get_refreshed_fragments HTTP/1.1" 200 1397 "https://amazingsportwear.com/producto/luz-intermitente-slapz-pf-10031900/" "Mozilla/5.0 (Linux; Android 6.0.1; Nexus 5X Build/MMB29P) AppleWebKit/537.36 (KHTML, like Gecko) Chrome/41.0.2272.96 Mobile Safari/537.36 (compatible; Googlebot/2.1; +http://www.google.com/bot.html)" "_ga=GA1.2.969013651.1574467200; _gid=GA1.2.1978218920.1574467200; _gat_gtag_UA_91619287_1=1"
188.76.14.254 - - [23/Nov/2019:08:07:21 +0100] "GET /wp-content/uploads/2019/04/Gorra-sport-10.png HTTP/1.1" 200 60426 "https://www.google.com/" "Mozilla/5.0 (Windows NT 10.0; Win64; x64; rv:70.0) Gecko/20100101 Firefox/70.0" "-"
217.76.130.90 - - [23/Nov/2019:08:25:06 +0100] "POST /wp-cron.php?doing_wp_cron=1574493906.6223809719085693359375 HTTP/1.1" 200 3389 "https://amazingsportwear.com/wp-cron.php?doing_wp_cron=1574493906.6223809719085693359375" "WordPress/5.2.4; https://amazingsportwear.com" "-"
66.249.66.70 - - [23/Nov/2019:08:25:04 +0100] "GET /categoria-producto/inicio/page/25/ HTTP/1.1" 200 65467 "-" "Mozilla/5.0 (Linux; Android 6.0.1; Nexus 5X Build/MMB29P) AppleWebKit/537.36 (KHTML, like Gecko) Chrome/41.0.2272.96 Mobile Safari/537.36 (compatible; Googlebot/2.1; +http://www.google.com/bot.html)" "-"
66.249.66.66 - - [23/Nov/2019:08:25:15 +0100] "POST /?wc-ajax=get_refreshed_fragments HTTP/1.1" 200 4760 "https://amazingsportwear.com/categoria-producto/inicio/page/25/" "Mozilla/5.0 (Linux; Android 6.0.1; Nexus 5X Build/MMB29P) AppleWebKit/537.36 (KHTML, like Gecko) Chrome/41.0.2272.96 Mobile Safari/537.36 (compatible; Googlebot/2.1; +http://www.google.com/bot.html)" "_ga=GA1.2.1884029788.1574467200; _gid=GA1.2.969013651.1574467200; _gat_gtag_UA_91619287_1=1"
217.76.130.90 - - [23/Nov/2019:08:27:18 +0100] "POST /wp-cron.php?doing_wp_cron=1574494038.4362111091613769531250 HTTP/1.1" 200 164 "http://amazingsportwear.com/wp-cron.php?doing_wp_cron=1574494038.4362111091613769531250" "WordPress/5.2.4; https://amazingsportwear.com" "-"
91.208.99.2 - - [23/Nov/2019:08:27:17 +0100] "GET /wp-content/plugins/rois/idx.php HTTP/1.1" 404 68013 "http://site.ru" "Mozilla/5.0 (Windows; U; Windows NT 5.1; en-US) AppleWebKit/533.4 (KHTML, like Gecko) Chrome/5.0.375.99 Safari/533.4" "-"
