38.135.104.47 - - [24/Nov/2019:10:29:52 +0100] "GET /producto/botella-tritan/ HTTP/1.1" 200 95349 "-" "Mozilla/5.0 (Windows NT 10.0; Win64; x64) AppleWebKit/537.36 (KHTML, like Gecko) Chrome/74.0.3729.169 Safari/537.36" "-"
38.135.104.47 - - [24/Nov/2019:10:29:54 +0100] "GET /producto/botella-transparente-sky/ HTTP/1.1" 200 99913 "-" "Mozilla/5.0 (Windows NT 10.0; Win64; x64) AppleWebKit/537.36 (KHTML, like Gecko) Chrome/74.0.3729.169 Safari/537.36" "-"
38.135.104.47 - - [24/Nov/2019:10:29:56 +0100] "GET /producto/botella-para-deporte-aqua/ HTTP/1.1" 200 99497 "-" "Mozilla/5.0 (Windows NT 10.0; Win64; x64) AppleWebKit/537.36 (KHTML, like Gecko) Chrome/74.0.3729.169 Safari/537.36" "-"
138.117.48.54 - - [24/Nov/2019:10:34:00 +0100] "GET /wp-content/uploads/2019/04/Gorra-sport-6.png HTTP/1.1" 200 44623 "https://www.google.com/" "Mozilla/5.0 (Linux; Android 7.0; LG-M250) AppleWebKit/537.36 (KHTML, like Gecko) Chrome/78.0.3904.96 Mobile Safari/537.36" "-"
217.76.130.90 - - [24/Nov/2019:10:34:06 +0100] "POST /wp-cron.php?doing_wp_cron=1574588046.3564050197601318359375 HTTP/1.1" 200 3389 "https://amazingsportwear.com/wp-cron.php?doing_wp_cron=1574588046.3564050197601318359375" "WordPress/5.2.4; https://amazingsportwear.com" "-"
66.249.66.66 - - [24/Nov/2019:10:34:05 +0100] "GET /post-sitemap.xml HTTP/1.1" 200 11305 "-" "Mozilla/5.0 (compatible; Googlebot/2.1; +http://www.google.com/bot.html)" "-"
217.76.130.90 - - [24/Nov/2019:10:52:17 +0100] "POST /wp-cron.php?doing_wp_cron=1574589137.3382179737091064453125 HTTP/1.1" 200 164 "http://amazingsportwear.com/wp-cron.php?doing_wp_cron=1574589137.3382179737091064453125" "WordPress/5.2.4; https://amazingsportwear.com" "-"
40.77.167.151 - - [24/Nov/2019:10:52:13 +0100] "GET /futbol/73-camiseta-manga-corta-ranglan-futbol.html HTTP/1.1" 404 68111 "-" "Mozilla/5.0 (compatible; bingbot/2.0; +http://www.bing.com/bingbot.htm)" "-"
217.76.130.90 - - [24/Nov/2019:11:04:48 +0100] "POST /wp-cron.php?doing_wp_cron=1574589888.8895709514617919921875 HTTP/1.1" 200 3389 "https://amazingsportwear.com/wp-cron.php?doing_wp_cron=1574589888.8895709514617919921875" "WordPress/5.2.4; https://amazingsportwear.com" "-"
66.249.66.70 - - [24/Nov/2019:11:04:47 +0100] "GET /etiqueta-producto/catadioptico/ HTTP/1.1" 200 54059 "-" "Mozilla/5.0 (Linux; Android 6.0.1; Nexus 5X Build/MMB29P) AppleWebKit/537.36 (KHTML, like Gecko) Chrome/41.0.2272.96 Mobile Safari/537.36 (compatible; Googlebot/2.1; +http://www.google.com/bot.html)" "-"
217.76.130.90 - - [24/Nov/2019:11:07:00 +0100] "POST /wp-cron.php?doing_wp_cron=1574590020.4427430629730224609375 HTTP/1.1" 200 3389 "https://amazingsportwear.com/wp-cron.php?doing_wp_cron=1574590020.4427430629730224609375" "WordPress/5.2.4; https://amazingsportwear.com" "-"
66.249.66.70 - - [24/Nov/2019:11:06:59 +0100] "GET /categoria-producto/inicio/ropa-amazing-sport-wear/page/3/ HTTP/1.1" 200 59884 "-" "Mozilla/5.0 (Linux; Android 6.0.1; Nexus 5X Build/MMB29P) AppleWebKit/537.36 (KHTML, like Gecko) Chrome/41.0.2272.96 Mobile Safari/537.36 (compatible; Googlebot/2.1; +http://www.google.com/bot.html)" "-"
217.76.130.90 - - [24/Nov/2019:11:09:26 +0100] "POST /wp-cron.php?doing_wp_cron=1574590166.6497280597686767578125 HTTP/1.1" 200 3389 "https://amazingsportwear.com/wp-cron.php?doing_wp_cron=1574590166.6497280597686767578125" "WordPress/5.2.4; https://amazingsportwear.com" "-"
192.99.6.138 - - [24/Nov/2019:11:09:26 +0100] "GET /robots.txt HTTP/1.1" 200 3939 "-" "Mozilla/5.0 (compatible; MJ12bot/v1.4.8; http://mj12bot.com/)" "-"
207.46.13.164 - - [24/Nov/2019:11:09:34 +0100] "GET /etiqueta-producto/bidon-match/ HTTP/1.1" 200 53972 "-" "Mozilla/5.0 (compatible; bingbot/2.0; +http://www.bing.com/bingbot.htm)" "-"
192.99.6.138 - - [24/Nov/2019:11:09:36 +0100] "GET /wp-content/uploads/2019/04/AQUA-10043400-TRANSPARENTE-DISE%C3%91O.png HTTP/1.1" 200 92672 "-" "Mozilla/5.0 (compatible; MJ12bot/v1.4.8; http://mj12bot.com/)" "-"
192.99.6.138 - - [24/Nov/2019:11:09:46 +0100] "GET /wp-content/uploads/2019/04/BOTELLA-TRIT%C3%81N-DISE%C3%91O-1.png HTTP/1.1" 200 90242 "-" "Mozilla/5.0 (compatible; MJ12bot/v1.4.8; http://mj12bot.com/)" "-"
192.99.6.138 - - [24/Nov/2019:11:09:54 +0100] "GET /wp-content/uploads/2019/04/Bid%C3%B3n-Iskan-1.png HTTP/1.1" 200 51365 "-" "Mozilla/5.0 (compatible; MJ12bot/v1.4.8; http://mj12bot.com/)" "-"
192.99.6.138 - - [24/Nov/2019:11:09:59 +0100] "GET /wp-content/uploads/2019/04/Bid%C3%B3n-Iskan-2.png HTTP/1.1" 200 73304 "-" "Mozilla/5.0 (compatible; MJ12bot/v1.4.8; http://mj12bot.com/)" "-"
192.99.6.138 - - [24/Nov/2019:11:10:06 +0100] "GET /wp-content/uploads/2019/04/Bid%C3%B3n-Iskan-3.png HTTP/1.1" 200 44502 "-" "Mozilla/5.0 (compatible; MJ12bot/v1.4.8; http://mj12bot.com/)" "-"
192.99.6.138 - - [24/Nov/2019:11:10:13 +0100] "GET /wp-content/uploads/2019/04/Bid%C3%B3n-Iskan-4.png HTTP/1.1" 200 74092 "-" "Mozilla/5.0 (compatible; MJ12bot/v1.4.8; http://mj12bot.com/)" "-"
192.99.6.138 - - [24/Nov/2019:11:10:22 +0100] "GET /wp-content/uploads/2019/04/Bid%C3%B3n-Iskan-5.png HTTP/1.1" 200 74672 "-" "Mozilla/5.0 (compatible; MJ12bot/v1.4.8; http://mj12bot.com/)" "-"
192.99.6.138 - - [24/Nov/2019:11:10:29 +0100] "GET /wp-content/uploads/2019/04/Bid%C3%B3n-Iskan-6.png HTTP/1.1" 200 68718 "-" "Mozilla/5.0 (compatible; MJ12bot/v1.4.8; http://mj12bot.com/)" "-"
192.99.6.138 - - [24/Nov/2019:11:10:34 +0100] "GET /wp-content/uploads/2019/04/Bid%C3%B3n-Iskan-7.png HTTP/1.1" 200 71019 "-" "Mozilla/5.0 (compatible; MJ12bot/v1.4.8; http://mj12bot.com/)" "-"
192.99.6.138 - - [24/Nov/2019:11:10:41 +0100] "GET /wp-content/uploads/2019/04/Bid%C3%B3n-Iskan-8.png HTTP/1.1" 200 72473 "-" "Mozilla/5.0 (compatible; MJ12bot/v1.4.8; http://mj12bot.com/)" "-"
192.99.6.138 - - [24/Nov/2019:11:10:47 +0100] "GET /wp-content/uploads/2019/04/MU%C3%91EQUERA-BEKER-1.png HTTP/1.1" 200 159279 "-" "Mozilla/5.0 (compatible; MJ12bot/v1.4.8; http://mj12bot.com/)" "-"
192.99.6.138 - - [24/Nov/2019:11:10:54 +0100] "GET /wp-content/uploads/2019/04/MU%C3%91EQUERA-BEKER-2.png HTTP/1.1" 200 112422 "-" "Mozilla/5.0 (compatible; MJ12bot/v1.4.8; http://mj12bot.com/)" "-"
192.99.6.138 - - [24/Nov/2019:11:11:00 +0100] "GET /wp-content/uploads/2019/04/MU%C3%91EQUERA-BEKER-3.png HTTP/1.1" 200 87346 "-" "Mozilla/5.0 (compatible; MJ12bot/v1.4.8; http://mj12bot.com/)" "-"
192.99.6.138 - - [24/Nov/2019:11:11:06 +0100] "GET /wp-content/uploads/2019/04/MU%C3%91EQUERA-BEKER-4.png HTTP/1.1" 200 108481 "-" "Mozilla/5.0 (compatible; MJ12bot/v1.4.8; http://mj12bot.com/)" "-"
192.99.6.138 - - [24/Nov/2019:11:11:12 +0100] "GET /wp-content/uploads/2019/04/MU%C3%91EQUERA-BEKER-5.png HTTP/1.1" 200 90242 "-" "Mozilla/5.0 (compatible; MJ12bot/v1.4.8; http://mj12bot.com/)" "-"
192.99.6.138 - - [24/Nov/2019:11:11:18 +0100] "GET /wp-content/uploads/2019/04/Ri%C3%B1onera-gran-formato-1.png HTTP/1.1" 200 102945 "-" "Mozilla/5.0 (compatible; MJ12bot/v1.4.8; http://mj12bot.com/)" "-"
192.99.6.138 - - [24/Nov/2019:11:11:24 +0100] "GET /wp-content/uploads/2019/04/Ri%C3%B1onera-gran-formato-2.png HTTP/1.1" 200 72894 "-" "Mozilla/5.0 (compatible; MJ12bot/v1.4.8; http://mj12bot.com/)" "-"
192.99.6.138 - - [24/Nov/2019:11:11:33 +0100] "GET /wp-content/uploads/2019/04/Ri%C3%B1onera-gran-formato-3.png HTTP/1.1" 200 94586 "-" "Mozilla/5.0 (compatible; MJ12bot/v1.4.8; http://mj12bot.com/)" "-"
192.99.6.138 - - [24/Nov/2019:11:11:40 +0100] "GET /wp-content/uploads/2019/04/Ri%C3%B1onera-gran-formato-4.png HTTP/1.1" 200 76802 "-" "Mozilla/5.0 (compatible; MJ12bot/v1.4.8; http://mj12bot.com/)" "-"
192.99.6.138 - - [24/Nov/2019:11:11:45 +0100] "GET /wp-content/uploads/2019/04/SKY-TAPA-NEGRA-DISE%C3%91O-BOHO-PINK.jpg HTTP/1.1" 200 95327 "-" "Mozilla/5.0 (compatible; MJ12bot/v1.4.8; http://mj12bot.com/)" "-"
192.99.6.138 - - [24/Nov/2019:11:11:50 +0100] "GET /wp-content/uploads/2019/04/SUMO-TRANSPARENTE-DISE%C3%91O-CARDINALS.png HTTP/1.1" 200 96034 "-" "Mozilla/5.0 (compatible; MJ12bot/v1.4.8; http://mj12bot.com/)" "-"
192.99.6.138 - - [24/Nov/2019:11:11:55 +0100] "GET /wp-content/uploads/2019/04/VANDIX-AZUL-DISE%C3%91O.png HTTP/1.1" 200 96034 "-" "Mozilla/5.0 (compatible; MJ12bot/v1.4.8; http://mj12bot.com/)" "-"
192.99.6.138 - - [24/Nov/2019:11:12:01 +0100] "GET /wp-content/uploads/2019/04/VANDIX-AZU%C3%91L.png HTTP/1.1" 200 120513 "-" "Mozilla/5.0 (compatible; MJ12bot/v1.4.8; http://mj12bot.com/)" "-"
192.99.6.138 - - [24/Nov/2019:11:12:06 +0100] "GET /wp-content/uploads/2019/04/mu%C3%B1equera-oakley-1.png HTTP/1.1" 200 84450 "-" "Mozilla/5.0 (compatible; MJ12bot/v1.4.8; http://mj12bot.com/)" "-"
192.99.6.138 - - [24/Nov/2019:11:12:10 +0100] "GET /wp-content/uploads/2019/04/mu%C3%B1equera-oakley-2.png HTTP/1.1" 200 90242 "-" "Mozilla/5.0 (compatible; MJ12bot/v1.4.8; http://mj12bot.com/)" "-"
192.99.6.138 - - [24/Nov/2019:11:12:19 +0100] "GET /wp-content/uploads/2019/04/mu%C3%B1equera-oakley-3.png HTTP/1.1" 200 79629 "-" "Mozilla/5.0 (compatible; MJ12bot/v1.4.8; http://mj12bot.com/)" "-"
192.99.6.138 - - [24/Nov/2019:11:12:26 +0100] "GET /wp-content/uploads/2019/04/mu%C3%B1equera-oakley-4.png HTTP/1.1" 200 90242 "-" "Mozilla/5.0 (compatible; MJ12bot/v1.4.8; http://mj12bot.com/)" "-"
192.99.6.138 - - [24/Nov/2019:11:12:30 +0100] "GET /wp-content/uploads/2019/04/mu%C3%B1equera-oakley-5.png HTTP/1.1" 200 90242 "-" "Mozilla/5.0 (compatible; MJ12bot/v1.4.8; http://mj12bot.com/)" "-"
192.99.6.138 - - [24/Nov/2019:11:12:36 +0100] "GET /wp-content/uploads/2019/04/mu%C3%B1equera-oakley-6.png HTTP/1.1" 200 143343 "-" "Mozilla/5.0 (compatible; MJ12bot/v1.4.8; http://mj12bot.com/)" "-"
217.76.130.90 - - [24/Nov/2019:11:12:42 +0100] "POST /wp-cron.php?doing_wp_cron=1574590362.1876180171966552734375 HTTP/1.1" 200 3389 "https://amazingsportwear.com/wp-cron.php?doing_wp_cron=1574590362.1876180171966552734375" "WordPress/5.2.4; https://amazingsportwear.com" "-"
66.249.66.66 - - [24/Nov/2019:11:12:41 +0100] "GET /15-atletismo HTTP/1.1" 404 72233 "-" "Mozilla/5.0 (Linux; Android 6.0.1; Nexus 5X Build/MMB29P) AppleWebKit/537.36 (KHTML, like Gecko) Chrome/41.0.2272.96 Mobile Safari/537.36 (compatible; Googlebot/2.1; +http://www.google.com/bot.html)" "-"
192.99.6.138 - - [24/Nov/2019:11:12:43 +0100] "GET /wp-content/uploads/2019/04/mu%C3%B1equera-oakley-7.png HTTP/1.1" 200 96034 "-" "Mozilla/5.0 (compatible; MJ12bot/v1.4.8; http://mj12bot.com/)" "-"
217.76.130.90 - - [24/Nov/2019:11:13:31 +0100] "POST /wp-cron.php?doing_wp_cron=1574590411.7572400569915771484375 HTTP/1.1" 200 3389 "https://amazingsportwear.com/wp-cron.php?doing_wp_cron=1574590411.7572400569915771484375" "WordPress/5.2.4; https://amazingsportwear.com" "-"
66.249.66.66 - - [24/Nov/2019:11:13:30 +0100] "GET /producto/mochila-humus/ HTTP/1.1" 200 97355 "-" "Mozilla/5.0 (compatible; Googlebot/2.1; +http://www.google.com/bot.html)" "-"
40.77.167.151 - - [24/Nov/2019:11:13:32 +0100] "GET /ciclismo/87-cazadora-invierno-ciclismo.html HTTP/1.1" 404 68102 "-" "Mozilla/5.0 (compatible; bingbot/2.0; +http://www.bing.com/bingbot.htm)" "-"
217.76.130.90 - - [24/Nov/2019:11:19:18 +0100] "POST /wp-cron.php?doing_wp_cron=1574590758.8354320526123046875000 HTTP/1.1" 200 3389 "https://amazingsportwear.com/wp-cron.php?doing_wp_cron=1574590758.8354320526123046875000" "WordPress/5.2.4; https://amazingsportwear.com" "-"
217.117.251.36 - - [24/Nov/2019:11:19:15 +0100] "GET /producto/gorra-kisse/ HTTP/1.1" 200 99743 "-" "Mozilla/5.0 (X11; Linux x86_64) AppleWebKit/537.36 (KHTML, like Gecko) SamsungBrowser/6.4 Chrome/56.0.2924.87 Safari/537.36" "-"
217.117.251.36 - - [24/Nov/2019:11:19:21 +0100] "GET /contacta-con-nosotros/ HTTP/1.1" 200 62408 "https://amazingsportwear.com/producto/gorra-kisse/" "Mozilla/5.0 (X11; Linux x86_64) AppleWebKit/537.36 (KHTML, like Gecko) SamsungBrowser/6.4 Chrome/56.0.2924.87 Safari/537.36" "-"
217.76.130.90 - - [24/Nov/2019:11:26:33 +0100] "POST /wp-cron.php?doing_wp_cron=1574591192.5590629577636718750000 HTTP/1.1" 200 164 "http://amazingsportwear.com/wp-cron.php?doing_wp_cron=1574591192.5590629577636718750000" "WordPress/5.2.4; https://amazingsportwear.com" "-"
37.115.197.74 - - [24/Nov/2019:11:26:31 +0100] "GET / HTTP/1.0" 301 265 "http://amazingsportwear.com/" "Mozilla/5.0 (Windows NT 10.0; Win64; x64) AppleWebKit/537.36 (KHTML, like Gecko) Chrome/67.0.3396.87 Safari/537.36 OPR/54.0.2952.51" "-"
37.115.197.74 - - [24/Nov/2019:11:26:33 +0100] "GET / HTTP/1.0" 200 124670 "https://amazingsportwear.com/" "Mozilla/5.0 (Windows NT 10.0; Win64; x64) AppleWebKit/537.36 (KHTML, like Gecko) Chrome/67.0.3396.87 Safari/537.36 OPR/54.0.2952.51" "wpfront-notification-bar-landingpage=1"
37.115.197.74 - - [24/Nov/2019:11:26:39 +0100] "POST / HTTP/1.0" 200 125125 "https://amazingsportwear.com/" "Mozilla/5.0 (Windows NT 10.0; Win64; x64) AppleWebKit/537.36 (KHTML, like Gecko) Chrome/67.0.3396.87 Safari/537.36 OPR/54.0.2952.51" "wpfront-notification-bar-landingpage=1"
37.115.197.74 - - [24/Nov/2019:11:26:46 +0100] "GET / HTTP/1.0" 200 124685 "https://amazingsportwear.com/" "Mozilla/5.0 (Windows NT 10.0; Win64; x64) AppleWebKit/537.36 (KHTML, like Gecko) Chrome/67.0.3396.87 Safari/537.36 OPR/54.0.2952.51" "wpfront-notification-bar-landingpage=1"
217.76.130.90 - - [24/Nov/2019:11:39:08 +0100] "POST /wp-cron.php?doing_wp_cron=1574591948.8634240627288818359375 HTTP/1.1" 200 3389 "https://amazingsportwear.com/wp-cron.php?doing_wp_cron=1574591948.8634240627288818359375" "WordPress/5.2.4; https://amazingsportwear.com" "-"
40.77.167.151 - - [24/Nov/2019:11:39:06 +0100] "GET /producto/camiseta-tecnica-maurice/ HTTP/1.1" 200 103360 "-" "Mozilla/5.0 (compatible; bingbot/2.0; +http://www.bing.com/bingbot.htm)" "-"
66.249.66.68 - - [24/Nov/2019:11:42:20 +0100] "GET /wp-content/uploads/2018/04/cat-4725-azul.jpg HTTP/1.1" 200 26233 "-" "Googlebot-Image/1.0" "-"
66.249.66.66 - - [24/Nov/2019:11:44:07 +0100] "GET /wp-content/uploads/2018/04/cat-4725-colores-1-100x100.jpg HTTP/1.1" 200 12762 "-" "Googlebot-Image/1.0" "-"
217.76.130.90 - - [24/Nov/2019:11:48:16 +0100] "POST /wp-cron.php?doing_wp_cron=1574592496.6101610660552978515625 HTTP/1.1" 200 3389 "https://amazingsportwear.com/wp-cron.php?doing_wp_cron=1574592496.6101610660552978515625" "WordPress/5.2.4; https://amazingsportwear.com" "-"
128.14.134.170 - - [24/Nov/2019:11:48:15 +0100] "GET / HTTP/1.1" 200 125550 "-" "Mozilla/5.0 (Windows NT 10.0; Win64; x64) AppleWebKit/537.36 (KHTML, like Gecko) Chrome/60.0.3112.113 Safari/537.36" "-"
217.76.130.90 - - [24/Nov/2019:12:01:19 +0100] "POST /wp-cron.php?doing_wp_cron=1574593279.3458309173583984375000 HTTP/1.1" 200 164 "http://amazingsportwear.com/wp-cron.php?doing_wp_cron=1574593279.3458309173583984375000" "WordPress/5.2.4; https://amazingsportwear.com" "-"
47.91.191.197 - - [24/Nov/2019:12:01:17 +0100] "GET /wp-content/plugins/html404/cry.php.pjpeg HTTP/1.1" 404 67991 "http://site.ru" "Mozilla/5.0 (Windows; U; Windows NT 5.1; en-US) AppleWebKit/533.4 (KHTML, like Gecko) Chrome/5.0.375.99 Safari/533.4" "-"
47.91.191.197 - - [24/Nov/2019:12:01:22 +0100] "GET /wp-content/plugins/html404/cry.php.pjpeg HTTP/1.1" 404 68016 "http://site.ru" "Mozilla/5.0 (Windows; U; Windows NT 5.1; en-US) AppleWebKit/533.4 (KHTML, like Gecko) Chrome/5.0.375.99 Safari/533.4" "-"
47.91.191.197 - - [24/Nov/2019:12:01:23 +0100] "GET /wp-content/plugins/html404/cry.php.pjpeg HTTP/1.1" 404 67976 "http://site.ru" "Mozilla/5.0 (Windows; U; Windows NT 5.1; en-US) AppleWebKit/533.4 (KHTML, like Gecko) Chrome/5.0.375.99 Safari/533.4" "-"
47.91.191.197 - - [24/Nov/2019:12:01:48 +0100] "GET /wp-content/plugins/html404/cry.php.pjpeg HTTP/1.1" 404 68021 "http://site.ru" "Mozilla/5.0 (Windows; U; Windows NT 5.1; en-US) AppleWebKit/533.4 (KHTML, like Gecko) Chrome/5.0.375.99 Safari/533.4" "-"
217.76.130.90 - - [24/Nov/2019:12:06:13 +0100] "POST /wp-cron.php?doing_wp_cron=1574593573.5846290588378906250000 HTTP/1.1" 200 3389 "https://amazingsportwear.com/wp-cron.php?doing_wp_cron=1574593573.5846290588378906250000" "WordPress/5.2.4; https://amazingsportwear.com" "-"
66.249.66.70 - - [24/Nov/2019:12:06:12 +0100] "GET /producto/bolsa-deporte-young/ HTTP/1.1" 200 97752 "-" "Mozilla/5.0 (compatible; Googlebot/2.1; +http://www.google.com/bot.html)" "-"
66.249.66.68 - - [24/Nov/2019:12:06:34 +0100] "GET /etiqueta-producto/camiseta-olimpia/ HTTP/1.1" 200 54146 "-" "Mozilla/5.0 (Linux; Android 6.0.1; Nexus 5X Build/MMB29P) AppleWebKit/537.36 (KHTML, like Gecko) Chrome/41.0.2272.96 Mobile Safari/537.36 (compatible; Googlebot/2.1; +http://www.google.com/bot.html)" "-"
217.76.130.90 - - [24/Nov/2019:12:10:57 +0100] "POST /wp-cron.php?doing_wp_cron=1574593857.0355110168457031250000 HTTP/1.1" 200 3389 "https://amazingsportwear.com/wp-cron.php?doing_wp_cron=1574593857.0355110168457031250000" "WordPress/5.2.4; https://amazingsportwear.com" "-"
66.249.66.68 - - [24/Nov/2019:12:10:56 +0100] "GET /producto/camiseta-tecnica-combinada-shangai-mujer/ HTTP/1.1" 200 111368 "-" "Mozilla/5.0 (compatible; Googlebot/2.1; +http://www.google.com/bot.html)" "-"
66.249.66.66 - - [24/Nov/2019:12:16:18 +0100] "GET /wp-content/uploads/woocommerce-placeholder-300x300.png HTTP/1.1" 200 15469 "-" "Googlebot-Image/1.0" "-"
217.76.130.90 - - [24/Nov/2019:12:29:13 +0100] "POST /wp-cron.php?doing_wp_cron=1574594953.6798229217529296875000 HTTP/1.1" 200 3389 "https://amazingsportwear.com/wp-cron.php?doing_wp_cron=1574594953.6798229217529296875000" "WordPress/5.2.4; https://amazingsportwear.com" "-"
17.58.100.225 - - [24/Nov/2019:12:29:11 +0100] "GET /robots.txt HTTP/1.1" 200 3687 "-" "Mozilla/5.0 (Macintosh; Intel Mac OS X 10_10_1) AppleWebKit/600.2.5 (KHTML, like Gecko) Version/8.0.2 Safari/600.2.5 (Applebot/0.1; +http://www.apple.com/go/applebot)" "-"
17.58.96.178 - - [24/Nov/2019:12:29:14 +0100] "GET /producto/lavero-triumph/ HTTP/1.1" 200 94381 "-" "Mozilla/5.0 (Macintosh; Intel Mac OS X 10_10_1) AppleWebKit/600.2.5 (KHTML, like Gecko) Version/8.0.2 Safari/600.2.5 (Applebot/0.1; +http://www.apple.com/go/applebot)" "-"
217.76.130.90 - - [24/Nov/2019:12:36:01 +0100] "POST /wp-cron.php?doing_wp_cron=1574595361.6770889759063720703125 HTTP/1.1" 200 3389 "https://amazingsportwear.com/wp-cron.php?doing_wp_cron=1574595361.6770889759063720703125" "WordPress/5.2.4; https://amazingsportwear.com" "-"
66.249.66.66 - - [24/Nov/2019:12:36:01 +0100] "GET /categoria-producto/deportes/motocross/ HTTP/1.1" 200 55924 "-" "Mozilla/5.0 (Linux; Android 6.0.1; Nexus 5X Build/MMB29P) AppleWebKit/537.36 (KHTML, like Gecko) Chrome/41.0.2272.96 Mobile Safari/537.36 (compatible; Googlebot/2.1; +http://www.google.com/bot.html)" "-"
217.76.130.90 - - [24/Nov/2019:12:50:58 +0100] "POST /wp-cron.php?doing_wp_cron=1574596258.0039980411529541015625 HTTP/1.1" 200 3389 "https://amazingsportwear.com/wp-cron.php?doing_wp_cron=1574596258.0039980411529541015625" "WordPress/5.2.4; https://amazingsportwear.com" "-"
66.249.66.68 - - [24/Nov/2019:12:50:56 +0100] "GET /producto/llavero-metalico-futbol/ HTTP/1.1" 200 94714 "-" "Mozilla/5.0 (Linux; Android 6.0.1; Nexus 5X Build/MMB29P) AppleWebKit/537.36 (KHTML, like Gecko) Chrome/41.0.2272.96 Mobile Safari/537.36 (compatible; Googlebot/2.1; +http://www.google.com/bot.html)" "-"
217.76.130.90 - - [24/Nov/2019:12:54:38 +0100] "POST /wp-cron.php?doing_wp_cron=1574596478.2263178825378417968750 HTTP/1.1" 200 164 "http://amazingsportwear.com/wp-cron.php?doing_wp_cron=1574596478.2263178825378417968750" "WordPress/5.2.4; https://amazingsportwear.com" "-"
146.185.184.69 - - [24/Nov/2019:12:54:37 +0100] "GET /wp-content/plugins/html404/cry.php.pjpeg HTTP/1.1" 404 68021 "http://site.ru" "Mozilla/5.0 (Windows; U; Windows NT 5.1; en-US) AppleWebKit/533.4 (KHTML, like Gecko) Chrome/5.0.375.99 Safari/533.4" "-"
146.185.184.69 - - [24/Nov/2019:12:54:55 +0100] "GET /wp-content/plugins/html404/cry.php.pjpeg HTTP/1.1" 404 68016 "http://site.ru" "Mozilla/5.0 (Windows; U; Windows NT 5.1; en-US) AppleWebKit/533.4 (KHTML, like Gecko) Chrome/5.0.375.99 Safari/533.4" "-"
217.76.130.90 - - [24/Nov/2019:12:58:53 +0100] "POST /wp-cron.php?doing_wp_cron=1574596733.5416638851165771484375 HTTP/1.1" 200 164 "http://amazingsportwear.com/wp-cron.php?doing_wp_cron=1574596733.5416638851165771484375" "WordPress/5.2.4; https://amazingsportwear.com" "-"
139.59.44.203 - - [24/Nov/2019:12:58:52 +0100] "GET /wp-content/plugins/html404/cry.php.pjpeg HTTP/1.1" 404 68036 "http://site.ru" "Mozilla/5.0 (Windows; U; Windows NT 5.1; en-US) AppleWebKit/533.4 (KHTML, like Gecko) Chrome/5.0.375.99 Safari/533.4" "-"
217.76.130.90 - - [24/Nov/2019:12:59:52 +0100] "POST /wp-cron.php?doing_wp_cron=1574596791.9871408939361572265625 HTTP/1.1" 200 3389 "https://amazingsportwear.com/wp-cron.php?doing_wp_cron=1574596791.9871408939361572265625" "WordPress/5.2.4; https://amazingsportwear.com" "-"
66.249.66.66 - - [24/Nov/2019:12:59:51 +0100] "GET /categoria-producto/deportes/baloncesto/ HTTP/1.1" 200 63029 "-" "Mozilla/5.0 (compatible; Googlebot/2.1; +http://www.google.com/bot.html)" "-"
217.76.130.90 - - [24/Nov/2019:13:01:17 +0100] "POST /wp-cron.php?doing_wp_cron=1574596877.6635570526123046875000 HTTP/1.1" 200 3389 "https://amazingsportwear.com/wp-cron.php?doing_wp_cron=1574596877.6635570526123046875000" "WordPress/5.2.4; https://amazingsportwear.com" "-"
66.249.66.68 - - [24/Nov/2019:13:01:16 +0100] "GET /producto/llavero-metalico-tenis/ HTTP/1.1" 200 94704 "-" "Mozilla/5.0 (compatible; Googlebot/2.1; +http://www.google.com/bot.html)" "-"
217.76.130.90 - - [24/Nov/2019:13:32:36 +0100] "POST /wp-cron.php?doing_wp_cron=1574598756.6971380710601806640625 HTTP/1.1" 200 3389 "https://amazingsportwear.com/wp-cron.php?doing_wp_cron=1574598756.6971380710601806640625" "WordPress/5.2.4; https://amazingsportwear.com" "-"
66.249.66.70 - - [24/Nov/2019:13:32:34 +0100] "GET /producto/camiseta-manga-corta-ranglan-futbol/ HTTP/1.1" 200 95716 "-" "Mozilla/5.0 (compatible; Googlebot/2.1; +http://www.google.com/bot.html)" "-"
217.76.130.90 - - [24/Nov/2019:13:36:33 +0100] "POST /wp-cron.php?doing_wp_cron=1574598992.4986729621887207031250 HTTP/1.1" 200 3389 "https://amazingsportwear.com/wp-cron.php?doing_wp_cron=1574598992.4986729621887207031250" "WordPress/5.2.4; https://amazingsportwear.com" "-"
66.249.66.68 - - [24/Nov/2019:13:36:31 +0100] "GET /etiqueta-producto/kit-primeros-auxilios/ HTTP/1.1" 200 56002 "-" "Mozilla/5.0 (Linux; Android 6.0.1; Nexus 5X Build/MMB29P) AppleWebKit/537.36 (KHTML, like Gecko) Chrome/41.0.2272.96 Mobile Safari/537.36 (compatible; Googlebot/2.1; +http://www.google.com/bot.html)" "-"
217.76.130.90 - - [24/Nov/2019:13:40:24 +0100] "POST /wp-cron.php?doing_wp_cron=1574599224.8453431129455566406250 HTTP/1.1" 200 3389 "https://amazingsportwear.com/wp-cron.php?doing_wp_cron=1574599224.8453431129455566406250" "WordPress/5.2.4; https://amazingsportwear.com" "-"
31.13.103.18 - - [24/Nov/2019:13:40:24 +0100] "GET / HTTP/1.1" 200 125575 "-" "facebookexternalhit/1.1 (+http://www.facebook.com/externalhit_uatext.php)" "-"
31.13.103.3 - - [24/Nov/2019:13:40:24 +0100] "GET / HTTP/1.1" 200 125550 "-" "facebookexternalhit/1.1 (+http://www.facebook.com/externalhit_uatext.php)" "-"
31.13.103.15 - - [24/Nov/2019:13:40:24 +0100] "GET / HTTP/1.1" 200 125590 "-" "facebookexternalhit/1.1 (+http://www.facebook.com/externalhit_uatext.php)" "-"
31.13.103.13 - - [24/Nov/2019:13:40:26 +0100] "GET / HTTP/1.1" 200 125505 "-" "facebookexternalhit/1.1 (+http://www.facebook.com/externalhit_uatext.php)" "-"
31.13.103.19 - - [24/Nov/2019:13:40:27 +0100] "GET /contacta-con-nosotros HTTP/1.1" 301 319 "-" "facebookexternalhit/1.1 (+http://www.facebook.com/externalhit_uatext.php)" "-"
31.13.103.22 - - [24/Nov/2019:13:40:27 +0100] "GET /contacta-con-nosotros HTTP/1.1" 301 319 "-" "facebookexternalhit/1.1 (+http://www.facebook.com/externalhit_uatext.php)" "-"
31.13.103.24 - - [24/Nov/2019:13:40:27 +0100] "GET /contacta-con-nosotros HTTP/1.1" 301 319 "-" "facebookexternalhit/1.1 (+http://www.facebook.com/externalhit_uatext.php)" "-"
31.13.103.22 - - [24/Nov/2019:13:40:28 +0100] "GET /contacta-con-nosotros/ HTTP/1.1" 200 58191 "-" "facebookexternalhit/1.1 (+http://www.facebook.com/externalhit_uatext.php)" "-"
31.13.103.24 - - [24/Nov/2019:13:40:28 +0100] "GET /contacta-con-nosotros/ HTTP/1.1" 200 58186 "-" "facebookexternalhit/1.1 (+http://www.facebook.com/externalhit_uatext.php)" "-"
31.13.103.19 - - [24/Nov/2019:13:40:28 +0100] "GET /contacta-con-nosotros/ HTTP/1.1" 200 58166 "-" "facebookexternalhit/1.1 (+http://www.facebook.com/externalhit_uatext.php)" "-"
31.13.103.6 - - [24/Nov/2019:13:40:28 +0100] "GET /contacta-con-nosotros HTTP/1.1" 301 319 "-" "facebookexternalhit/1.1 (+http://www.facebook.com/externalhit_uatext.php)" "-"
31.13.103.6 - - [24/Nov/2019:13:40:29 +0100] "GET /contacta-con-nosotros/ HTTP/1.1" 200 58181 "-" "facebookexternalhit/1.1 (+http://www.facebook.com/externalhit_uatext.php)" "-"
217.76.130.90 - - [24/Nov/2019:13:54:43 +0100] "POST /wp-cron.php?doing_wp_cron=1574600083.8666028976440429687500 HTTP/1.1" 200 3389 "https://amazingsportwear.com/wp-cron.php?doing_wp_cron=1574600083.8666028976440429687500" "WordPress/5.2.4; https://amazingsportwear.com" "-"
66.249.66.70 - - [24/Nov/2019:13:54:42 +0100] "GET /categoria-producto/inicio/ropa-amazing-sport-wear/page/3/ HTTP/1.1" 200 59884 "-" "Mozilla/5.0 (Linux; Android 6.0.1; Nexus 5X Build/MMB29P) AppleWebKit/537.36 (KHTML, like Gecko) Chrome/41.0.2272.96 Mobile Safari/537.36 (compatible; Googlebot/2.1; +http://www.google.com/bot.html)" "-"
217.76.130.90 - - [24/Nov/2019:13:55:37 +0100] "POST /wp-cron.php?doing_wp_cron=1574600137.3708560466766357421875 HTTP/1.1" 200 3389 "https://amazingsportwear.com/wp-cron.php?doing_wp_cron=1574600137.3708560466766357421875" "WordPress/5.2.4; https://amazingsportwear.com" "-"
66.249.66.70 - - [24/Nov/2019:13:55:36 +0100] "GET /categoria-producto/inicio/ropa-amazing-sport-wear/ HTTP/1.1" 200 76841 "-" "Mozilla/5.0 (Linux; Android 6.0.1; Nexus 5X Build/MMB29P) AppleWebKit/537.36 (KHTML, like Gecko) Chrome/41.0.2272.96 Mobile Safari/537.36 (compatible; Googlebot/2.1; +http://www.google.com/bot.html)" "-"
217.76.130.90 - - [24/Nov/2019:13:58:42 +0100] "POST /wp-cron.php?doing_wp_cron=1574600322.6201009750366210937500 HTTP/1.1" 200 3389 "https://amazingsportwear.com/wp-cron.php?doing_wp_cron=1574600322.6201009750366210937500" "WordPress/5.2.4; https://amazingsportwear.com" "-"
207.46.13.164 - - [24/Nov/2019:13:58:41 +0100] "GET /etiqueta-producto/calcetin-coolmax/ HTTP/1.1" 200 54084 "-" "Mozilla/5.0 (compatible; bingbot/2.0; +http://www.bing.com/bingbot.htm)" "-"
88.24.4.213 - - [24/Nov/2019:14:10:29 +0100] "GET /wp-content/uploads/2017/03/sa-0415_60.jpg HTTP/1.1" 200 97084 "https://www.google.com/" "Mozilla/5.0 (Linux; Android 7.0; HUAWEI VNS-L31) AppleWebKit/537.36 (KHTML, like Gecko) Chrome/78.0.3904.108 Mobile Safari/537.36" "-"
81.172.101.7 - - [24/Nov/2019:14:13:22 +0100] "GET /wp-content/uploads/2017/01/camis-basket-costadillos1.jpg HTTP/1.1" 200 109801 "https://www.google.com/" "Mozilla/5.0 (Macintosh; Intel Mac OS X 10_15_1) AppleWebKit/537.36 (KHTML, like Gecko) Chrome/78.0.3904.97 Safari/537.36" "-"
217.76.130.90 - - [24/Nov/2019:14:16:15 +0100] "POST /wp-cron.php?doing_wp_cron=1574601374.7407290935516357421875 HTTP/1.1" 200 164 "http://amazingsportwear.com/wp-cron.php?doing_wp_cron=1574601374.7407290935516357421875" "WordPress/5.2.4; https://amazingsportwear.com" "-"
157.55.39.153 - - [24/Nov/2019:14:16:13 +0100] "GET /20-triatlon HTTP/1.1" 404 68012 "-" "Mozilla/5.0 (compatible; bingbot/2.0; +http://www.bing.com/bingbot.htm)" "-"
217.76.130.90 - - [24/Nov/2019:14:17:41 +0100] "POST /wp-cron.php?doing_wp_cron=1574601461.7657508850097656250000 HTTP/1.1" 200 3389 "https://amazingsportwear.com/wp-cron.php?doing_wp_cron=1574601461.7657508850097656250000" "WordPress/5.2.4; https://amazingsportwear.com" "-"
66.249.66.66 - - [24/Nov/2019:14:17:40 +0100] "GET /categoria-producto/tres/ HTTP/1.1" 200 55710 "-" "Mozilla/5.0 (compatible; Googlebot/2.1; +http://www.google.com/bot.html)" "-"
217.76.130.90 - - [24/Nov/2019:14:41:48 +0100] "POST /wp-cron.php?doing_wp_cron=1574602908.7640058994293212890625 HTTP/1.1" 200 164 "http://amazingsportwear.com/wp-cron.php?doing_wp_cron=1574602908.7640058994293212890625" "WordPress/5.2.4; https://amazingsportwear.com" "-"
23.94.83.114 - - [24/Nov/2019:14:41:47 +0100] "GET /xxxxxx.php HTTP/1.1" 404 68000 "-" "firefox/5.0 (Linux; Android 5.1.1; SM-J111F) AppleWebKit/36 (KHTML, like Gecko) Chrome/71.0.36" "-"
23.94.83.114 - - [24/Nov/2019:14:41:56 +0100] "GET /vendor/phpunit/phpunit/src/Util/PHP/eval-stdin.php HTTP/1.1" 404 68081 "-" "firefox/5.0 (Linux; Android 5.1.1; SM-J111F) AppleWebKit/36 (KHTML, like Gecko) Chrome/71.0.36" "-"
217.76.130.90 - - [24/Nov/2019:14:46:40 +0100] "POST /wp-cron.php?doing_wp_cron=1574603200.0081779956817626953125 HTTP/1.1" 200 3389 "https://amazingsportwear.com/wp-cron.php?doing_wp_cron=1574603200.0081779956817626953125" "WordPress/5.2.4; https://amazingsportwear.com" "-"
66.249.66.66 - - [24/Nov/2019:14:46:39 +0100] "GET /etiqueta-producto/funda-gafas/ HTTP/1.1" 200 53969 "-" "Mozilla/5.0 (Linux; Android 6.0.1; Nexus 5X Build/MMB29P) AppleWebKit/537.36 (KHTML, like Gecko) Chrome/41.0.2272.96 Mobile Safari/537.36 (compatible; Googlebot/2.1; +http://www.google.com/bot.html)" "-"
66.249.66.66 - - [24/Nov/2019:14:46:44 +0100] "GET /etiqueta-producto/funda-gafas/ HTTP/1.1" 200 50611 "-" "Mozilla/5.0 (Linux; Android 6.0.1; Nexus 5X Build/MMB29P) AppleWebKit/537.36 (KHTML, like Gecko) Chrome/41.0.2272.96 Mobile Safari/537.36 (compatible; Googlebot/2.1; +http://www.google.com/bot.html)" "-"
217.76.130.90 - - [24/Nov/2019:14:53:35 +0100] "POST /wp-cron.php?doing_wp_cron=1574603615.8340570926666259765625 HTTP/1.1" 200 3389 "https://amazingsportwear.com/wp-cron.php?doing_wp_cron=1574603615.8340570926666259765625" "WordPress/5.2.4; https://amazingsportwear.com" "-"
66.249.66.66 - - [24/Nov/2019:14:53:35 +0100] "GET /producto/camiseta-motocross-3/ HTTP/1.1" 200 90611 "-" "Mozilla/5.0 (compatible; Googlebot/2.1; +http://www.google.com/bot.html)" "-"
217.76.130.90 - - [24/Nov/2019:14:57:57 +0100] "POST /wp-cron.php?doing_wp_cron=1574603877.6623458862304687500000 HTTP/1.1" 200 3389 "https://amazingsportwear.com/wp-cron.php?doing_wp_cron=1574603877.6623458862304687500000" "WordPress/5.2.4; https://amazingsportwear.com" "-"
66.249.66.70 - - [24/Nov/2019:14:57:56 +0100] "GET /producto/pantalon-corto-tenis-padel/ HTTP/1.1" 200 90915 "-" "Mozilla/5.0 (Linux; Android 6.0.1; Nexus 5X Build/MMB29P) AppleWebKit/537.36 (KHTML, like Gecko) Chrome/41.0.2272.96 Mobile Safari/537.36 (compatible; Googlebot/2.1; +http://www.google.com/bot.html)" "-"
217.76.130.90 - - [24/Nov/2019:15:00:08 +0100] "POST /wp-cron.php?doing_wp_cron=1574604008.4221589565277099609375 HTTP/1.1" 200 3389 "https://amazingsportwear.com/wp-cron.php?doing_wp_cron=1574604008.4221589565277099609375" "WordPress/5.2.4; https://amazingsportwear.com" "-"
66.249.66.68 - - [24/Nov/2019:15:00:07 +0100] "GET /producto/gorra-zodak/ HTTP/1.1" 200 97107 "-" "Mozilla/5.0 (compatible; Googlebot/2.1; +http://www.google.com/bot.html)" "-"
217.76.130.90 - - [24/Nov/2019:15:01:24 +0100] "POST /wp-cron.php?doing_wp_cron=1574604084.5056610107421875000000 HTTP/1.1" 200 3389 "https://amazingsportwear.com/wp-cron.php?doing_wp_cron=1574604084.5056610107421875000000" "WordPress/5.2.4; https://amazingsportwear.com" "-"
66.249.66.68 - - [24/Nov/2019:15:01:23 +0100] "GET /categoria-producto/hombre/page/9/ HTTP/1.1" 200 77912 "-" "Mozilla/5.0 (compatible; Googlebot/2.1; +http://www.google.com/bot.html)" "-"
31.4.201.58 - - [24/Nov/2019:15:03:58 +0100] "GET /wp-content/uploads/2019/04/VA-ACE-3.png HTTP/1.1" 200 90601 "https://www.google.es/" "Mozilla/5.0 (iPhone; CPU iPhone OS 13_1_2 like Mac OS X) AppleWebKit/605.1.15 (KHTML, like Gecko) Version/13.0.1 Mobile/15E148 Safari/604.1" "-"
31.4.201.58 - - [24/Nov/2019:15:03:59 +0100] "GET /wp-content/uploads/2019/04/VA-ACE-1.png HTTP/1.1" 200 89596 "https://www.google.es/" "Mozilla/5.0 (iPhone; CPU iPhone OS 13_1_2 like Mac OS X) AppleWebKit/605.1.15 (KHTML, like Gecko) Version/13.0.1 Mobile/15E148 Safari/604.1" "-"
217.76.130.90 - - [24/Nov/2019:15:09:24 +0100] "POST /wp-cron.php?doing_wp_cron=1574604564.9399809837341308593750 HTTP/1.1" 200 3389 "https://amazingsportwear.com/wp-cron.php?doing_wp_cron=1574604564.9399809837341308593750" "WordPress/5.2.4; https://amazingsportwear.com" "-"
66.249.66.68 - - [24/Nov/2019:15:09:23 +0100] "GET /producto/camiseta-tecnica-monaco/ HTTP/1.1" 200 106567 "-" "Mozilla/5.0 (compatible; Googlebot/2.1; +http://www.google.com/bot.html)" "-"
66.249.66.68 - - [24/Nov/2019:15:09:29 +0100] "POST /?wc-ajax=get_refreshed_fragments HTTP/1.1" 200 1397 "https://amazingsportwear.com/producto/camiseta-tecnica-monaco/" "Mozilla/5.0 AppleWebKit/537.36 (KHTML, like Gecko; compatible; Googlebot/2.1; +http://www.google.com/bot.html) Safari/537.36" "_ga=GA1.2.931330593.1574553600; _gid=GA1.2.2074753562.1574553600; _gat_gtag_UA_91619287_1=1"
217.76.130.90 - - [24/Nov/2019:15:16:15 +0100] "POST /wp-cron.php?doing_wp_cron=1574604975.4267559051513671875000 HTTP/1.1" 200 164 "http://amazingsportwear.com/wp-cron.php?doing_wp_cron=1574604975.4267559051513671875000" "WordPress/5.2.4; https://amazingsportwear.com" "-"
31.13.103.17 - - [24/Nov/2019:15:16:14 +0100] "GET / HTTP/1.1" 301 298 "-" "facebookexternalhit/1.1 (+http://www.facebook.com/externalhit_uatext.php)" "-"
31.13.103.13 - - [24/Nov/2019:15:16:15 +0100] "GET / HTTP/1.1" 301 298 "-" "facebookexternalhit/1.1 (+http://www.facebook.com/externalhit_uatext.php)" "-"
31.13.103.17 - - [24/Nov/2019:15:16:15 +0100] "GET / HTTP/1.1" 200 125560 "-" "facebookexternalhit/1.1 (+http://www.facebook.com/externalhit_uatext.php)" "-"
31.13.103.13 - - [24/Nov/2019:15:16:16 +0100] "GET / HTTP/1.1" 200 125500 "-" "facebookexternalhit/1.1 (+http://www.facebook.com/externalhit_uatext.php)" "-"
31.13.103.14 - - [24/Nov/2019:15:16:18 +0100] "GET / HTTP/1.1" 301 298 "-" "facebookexternalhit/1.1 (+http://www.facebook.com/externalhit_uatext.php)" "-"
31.13.103.23 - - [24/Nov/2019:15:16:18 +0100] "GET / HTTP/1.1" 301 298 "-" "facebookexternalhit/1.1 (+http://www.facebook.com/externalhit_uatext.php)" "-"
31.13.103.14 - - [24/Nov/2019:15:16:19 +0100] "GET / HTTP/1.1" 200 125525 "-" "facebookexternalhit/1.1 (+http://www.facebook.com/externalhit_uatext.php)" "-"
31.13.103.23 - - [24/Nov/2019:15:16:19 +0100] "GET / HTTP/1.1" 200 125525 "-" "facebookexternalhit/1.1 (+http://www.facebook.com/externalhit_uatext.php)" "-"
31.13.103.19 - - [24/Nov/2019:15:16:26 +0100] "GET /wp-content/uploads/2019/07/slider1.jpg HTTP/1.1" 206 247735 "-" "facebookexternalhit/1.1 (+http://www.facebook.com/externalhit_uatext.php)" "-"
31.13.103.16 - - [24/Nov/2019:15:16:27 +0100] "GET /wp-content/uploads/2019/07/slider1.jpg HTTP/1.1" 206 247735 "-" "facebookexternalhit/1.1 (+http://www.facebook.com/externalhit_uatext.php)" "-"
31.13.103.14 - - [24/Nov/2019:15:16:30 +0100] "GET /wp-content/uploads/2019/07/carpa-1024x771.jpg HTTP/1.1" 200 92436 "-" "facebookexternalhit/1.1 (+http://www.facebook.com/externalhit_uatext.php)" "-"
31.13.103.14 - - [24/Nov/2019:15:16:30 +0100] "GET /wp-content/uploads/2019/07/slider2.jpg HTTP/1.1" 200 253330 "-" "facebookexternalhit/1.1 (+http://www.facebook.com/externalhit_uatext.php)" "-"
31.13.103.9 - - [24/Nov/2019:15:16:30 +0100] "GET /wp-content/uploads/2019/07/slider4.jpg HTTP/1.1" 200 372861 "-" "facebookexternalhit/1.1 (+http://www.facebook.com/externalhit_uatext.php)" "-"
31.13.103.8 - - [24/Nov/2019:15:16:30 +0100] "GET /wp-content/uploads/2019/07/slider3.jpg HTTP/1.1" 200 280092 "-" "facebookexternalhit/1.1 (+http://www.facebook.com/externalhit_uatext.php)" "-"
31.13.103.14 - - [24/Nov/2019:15:16:31 +0100] "GET /wp-content/uploads/2019/07/zapatillero-300x124.jpg HTTP/1.1" 200 19710 "-" "facebookexternalhit/1.1 (+http://www.facebook.com/externalhit_uatext.php)" "-"
31.13.103.19 - - [24/Nov/2019:15:16:31 +0100] "GET /wp-content/uploads/2019/07/mochila-saco-300x124.jpg HTTP/1.1" 200 20083 "-" "facebookexternalhit/1.1 (+http://www.facebook.com/externalhit_uatext.php)" "-"
31.13.103.9 - - [24/Nov/2019:15:16:31 +0100] "GET /wp-content/uploads/2019/07/camiseta-tecnica-unisex-300x124.jpg HTTP/1.1" 200 20201 "-" "facebookexternalhit/1.1 (+http://www.facebook.com/externalhit_uatext.php)" "-"
31.13.103.22 - - [24/Nov/2019:15:16:31 +0100] "GET /wp-content/uploads/2019/07/camiseta-tecnica-mujer-300x124.jpg HTTP/1.1" 200 20431 "-" "facebookexternalhit/1.1 (+http://www.facebook.com/externalhit_uatext.php)" "-"
31.13.103.22 - - [24/Nov/2019:15:16:31 +0100] "GET /wp-content/uploads/2019/05/cropped-asw-white.png HTTP/1.1" 200 10611 "-" "facebookexternalhit/1.1 (+http://www.facebook.com/externalhit_uatext.php)" "-"
31.13.103.1 - - [24/Nov/2019:15:16:31 +0100] "GET /wp-content/uploads/2019/07/buff-bandana-300x123.jpg HTTP/1.1" 200 18970 "-" "facebookexternalhit/1.1 (+http://www.facebook.com/externalhit_uatext.php)" "-"
31.13.103.10 - - [24/Nov/2019:15:16:31 +0100] "GET /wp-content/uploads/2019/04/mochila-decath-5-300x300.png HTTP/1.1" 200 67142 "-" "facebookexternalhit/1.1 (+http://www.facebook.com/externalhit_uatext.php)" "-"
31.13.103.7 - - [24/Nov/2019:15:16:31 +0100] "GET /wp-content/uploads/2019/04/toalla-absorvente-gymnasio-7-300x300.png HTTP/1.1" 200 81775 "-" "facebookexternalhit/1.1 (+http://www.facebook.com/externalhit_uatext.php)" "-"
31.13.103.10 - - [24/Nov/2019:15:16:31 +0100] "GET /wp-content/uploads/2019/07/toalla-300x124.jpg HTTP/1.1" 200 20068 "-" "facebookexternalhit/1.1 (+http://www.facebook.com/externalhit_uatext.php)" "-"
31.13.103.21 - - [24/Nov/2019:15:16:31 +0100] "GET /wp-content/uploads/2019/07/gorra-tecnica-300x124.jpg HTTP/1.1" 200 19955 "-" "facebookexternalhit/1.1 (+http://www.facebook.com/externalhit_uatext.php)" "-"
31.13.103.8 - - [24/Nov/2019:15:16:31 +0100] "GET /wp-content/uploads/2019/04/Gorra-sport-12-300x300.png HTTP/1.1" 200 52505 "-" "facebookexternalhit/1.1 (+http://www.facebook.com/externalhit_uatext.php)" "-"
31.13.103.1 - - [24/Nov/2019:15:16:31 +0100] "GET /wp-content/uploads/2019/04/bolsa-deporte-young-1-300x300.png HTTP/1.1" 200 80446 "-" "facebookexternalhit/1.1 (+http://www.facebook.com/externalhit_uatext.php)" "-"
31.13.103.1 - - [24/Nov/2019:15:16:31 +0100] "GET /wp-content/uploads/2019/07/cortavientos-300x124.jpg HTTP/1.1" 200 20205 "-" "facebookexternalhit/1.1 (+http://www.facebook.com/externalhit_uatext.php)" "-"
31.13.103.20 - - [24/Nov/2019:15:16:31 +0100] "GET /wp-content/uploads/2019/07/polo-tecnico-300x124.jpg HTTP/1.1" 200 20650 "-" "facebookexternalhit/1.1 (+http://www.facebook.com/externalhit_uatext.php)" "-"
31.13.103.1 - - [24/Nov/2019:15:16:32 +0100] "GET /wp-content/uploads/2019/04/bidon-match-4-300x300.png HTTP/1.1" 200 74931 "-" "facebookexternalhit/1.1 (+http://www.facebook.com/externalhit_uatext.php)" "-"
190.191.224.210 - - [24/Nov/2019:15:22:01 +0100] "GET /wp-content/uploads/2019/04/Gorra-sport-10.png HTTP/1.1" 200 60426 "https://www.google.com/" "Mozilla/5.0 (Windows NT 10.0; Win64; x64) AppleWebKit/537.36 (KHTML, like Gecko) Chrome/78.0.3904.108 Safari/537.36" "-"
190.191.224.210 - - [24/Nov/2019:15:22:15 +0100] "GET /wp-content/uploads/2019/04/Gorra-sport-10.png HTTP/1.1" 200 57201 "https://www.google.com/" "Mozilla/5.0 (Windows NT 10.0; Win64; x64) AppleWebKit/537.36 (KHTML, like Gecko) Chrome/78.0.3904.108 Safari/537.36" "-"
217.76.130.90 - - [24/Nov/2019:15:33:46 +0100] "POST /wp-cron.php?doing_wp_cron=1574606026.3893289566040039062500 HTTP/1.1" 200 3389 "https://amazingsportwear.com/wp-cron.php?doing_wp_cron=1574606026.3893289566040039062500" "WordPress/5.2.4; https://amazingsportwear.com" "-"
66.249.66.68 - - [24/Nov/2019:15:33:44 +0100] "GET /producto/munequera-beker/ HTTP/1.1" 200 96906 "-" "Mozilla/5.0 (Linux; Android 6.0.1; Nexus 5X Build/MMB29P) AppleWebKit/537.36 (KHTML, like Gecko) Chrome/41.0.2272.96 Mobile Safari/537.36 (compatible; Googlebot/2.1; +http://www.google.com/bot.html)" "-"
217.76.130.90 - - [24/Nov/2019:15:40:22 +0100] "POST /wp-cron.php?doing_wp_cron=1574606422.2592680454254150390625 HTTP/1.1" 200 3389 "https://amazingsportwear.com/wp-cron.php?doing_wp_cron=1574606422.2592680454254150390625" "WordPress/5.2.4; https://amazingsportwear.com" "-"
66.249.66.70 - - [24/Nov/2019:15:40:21 +0100] "GET /producto/bidon-aluminio-mento/ HTTP/1.1" 200 100175 "-" "Mozilla/5.0 (compatible; Googlebot/2.1; +http://www.google.com/bot.html)" "-"
217.76.130.90 - - [24/Nov/2019:16:03:54 +0100] "POST /wp-cron.php?doing_wp_cron=1574607834.0617980957031250000000 HTTP/1.1" 200 3389 "https://amazingsportwear.com/wp-cron.php?doing_wp_cron=1574607834.0617980957031250000000" "WordPress/5.2.4; https://amazingsportwear.com" "-"
66.249.66.68 - - [24/Nov/2019:16:03:50 +0100] "GET /categoria-producto/mujer/polostecnicos-mujer/ HTTP/1.1" 200 67005 "-" "Mozilla/5.0 (compatible; Googlebot/2.1; +http://www.google.com/bot.html)" "-"
217.76.130.90 - - [24/Nov/2019:16:23:17 +0100] "POST /wp-cron.php?doing_wp_cron=1574608997.7008340358734130859375 HTTP/1.1" 200 164 "http://amazingsportwear.com/wp-cron.php?doing_wp_cron=1574608997.7008340358734130859375" "WordPress/5.2.4; https://amazingsportwear.com" "-"
40.77.167.151 - - [24/Nov/2019:16:23:16 +0100] "GET /img/cms/camiseta_play2win.jpg HTTP/1.1" 404 68080 "-" "Mozilla/5.0 (compatible; bingbot/2.0; +http://www.bing.com/bingbot.htm)" "-"
187.163.198.153 - - [24/Nov/2019:16:24:43 +0100] "GET /wp-content/uploads/2019/04/gorra-konlun-5.png HTTP/1.1" 200 82923 "https://www.google.com/" "Mozilla/5.0 (Windows NT 10.0; Win64; x64) AppleWebKit/537.36 (KHTML, like Gecko) Chrome/78.0.3904.108 Safari/537.36" "-"
187.163.198.153 - - [24/Nov/2019:16:25:04 +0100] "GET /wp-content/uploads/2019/04/Gorra-sport-12.png HTTP/1.1" 200 92448 "https://www.google.com/" "Mozilla/5.0 (Windows NT 10.0; Win64; x64) AppleWebKit/537.36 (KHTML, like Gecko) Chrome/78.0.3904.108 Safari/537.36" "-"
187.163.198.153 - - [24/Nov/2019:16:25:25 +0100] "GET /wp-content/uploads/2019/04/gorra-five-7.png HTTP/1.1" 200 83335 "https://www.google.com/" "Mozilla/5.0 (Windows NT 10.0; Win64; x64) AppleWebKit/537.36 (KHTML, like Gecko) Chrome/78.0.3904.108 Safari/537.36" "-"
217.76.130.90 - - [24/Nov/2019:16:32:49 +0100] "POST /wp-cron.php?doing_wp_cron=1574609569.9427518844604492187500 HTTP/1.1" 200 3389 "https://amazingsportwear.com/wp-cron.php?doing_wp_cron=1574609569.9427518844604492187500" "WordPress/5.2.4; https://amazingsportwear.com" "-"
66.249.66.68 - - [24/Nov/2019:16:32:48 +0100] "GET /author/emarketing2/ HTTP/1.1" 200 64506 "-" "Mozilla/5.0 (compatible; Googlebot/2.1; +http://www.google.com/bot.html)" "-"
217.76.130.90 - - [24/Nov/2019:16:36:44 +0100] "POST /wp-cron.php?doing_wp_cron=1574609804.4246060848236083984375 HTTP/1.1" 200 3389 "https://amazingsportwear.com/wp-cron.php?doing_wp_cron=1574609804.4246060848236083984375" "WordPress/5.2.4; https://amazingsportwear.com" "-"
66.249.66.70 - - [24/Nov/2019:16:36:43 +0100] "GET /producto/mochila-sports/ HTTP/1.1" 200 96591 "-" "Mozilla/5.0 (Linux; Android 6.0.1; Nexus 5X Build/MMB29P) AppleWebKit/537.36 (KHTML, like Gecko) Chrome/41.0.2272.96 Mobile Safari/537.36 (compatible; Googlebot/2.1; +http://www.google.com/bot.html)" "-"
217.76.130.90 - - [24/Nov/2019:16:44:16 +0100] "POST /wp-cron.php?doing_wp_cron=1574610256.6777269840240478515625 HTTP/1.1" 200 3389 "https://amazingsportwear.com/wp-cron.php?doing_wp_cron=1574610256.6777269840240478515625" "WordPress/5.2.4; https://amazingsportwear.com" "-"
31.13.103.22 - - [24/Nov/2019:16:44:16 +0100] "GET / HTTP/1.1" 200 125520 "-" "facebookexternalhit/1.1 (+http://www.facebook.com/externalhit_uatext.php)" "-"
31.13.103.24 - - [24/Nov/2019:16:44:18 +0100] "GET /contacta-con-nosotros HTTP/1.1" 301 319 "-" "facebookexternalhit/1.1 (+http://www.facebook.com/externalhit_uatext.php)" "-"
31.13.103.24 - - [24/Nov/2019:16:44:19 +0100] "GET /contacta-con-nosotros/ HTTP/1.1" 200 58201 "-" "facebookexternalhit/1.1 (+http://www.facebook.com/externalhit_uatext.php)" "-"
66.249.66.66 - - [24/Nov/2019:16:52:19 +0100] "GET /wp-content/uploads/2017/01/camiseta-triatlon-300x300.jpg HTTP/1.1" 304 3565 "-" "Googlebot-Image/1.0" "-"
187.190.48.142 - - [24/Nov/2019:17:16:31 +0100] "GET /wp-content/uploads/2018/05/cp-lycra-2.jpg HTTP/1.1" 200 17138 "https://www.google.com.mx/" "Mozilla/5.0 (Linux; Android 5.1.1; SM-J110M Build/LMY48B) AppleWebKit/537.36 (KHTML, like Gecko) Chrome/69.0.3497.100 Mobile Safari/537.36" "-"
217.76.130.90 - - [24/Nov/2019:17:42:14 +0100] "POST /wp-cron.php?doing_wp_cron=1574613733.9977591037750244140625 HTTP/1.1" 200 3389 "https://amazingsportwear.com/wp-cron.php?doing_wp_cron=1574613733.9977591037750244140625" "WordPress/5.2.4; https://amazingsportwear.com" "-"
176.32.50.117 - - [24/Nov/2019:17:42:10 +0100] "GET /producto/chaleco-cortavientos-sublimado-asw/ HTTP/1.1" 200 90594 "https://www.google.com/" "Mozilla/5.0 (iPad; CPU OS 12_4 like Mac OS X) AppleWebKit/605.1.15 (KHTML, like Gecko) GSA/87.0.279142407 Mobile/15E148 Safari/605.1" "-"
176.32.50.117 - - [24/Nov/2019:17:42:16 +0100] "GET /wp-includes/js/wp-emoji-release.min.js?ver=5.2.4 HTTP/1.1" 200 14183 "https://amazingsportwear.com/producto/chaleco-cortavientos-sublimado-asw/" "Mozilla/5.0 (iPad; CPU OS 12_4 like Mac OS X) AppleWebKit/605.1.15 (KHTML, like Gecko) GSA/87.0.279142407 Mobile/15E148 Safari/605.1" "-"
176.32.50.117 - - [24/Nov/2019:17:42:16 +0100] "GET /wp-content/plugins/cookie-law-info/public/css/cookie-law-info-gdpr.css?ver=1.7.6 HTTP/1.1" 200 12445 "https://amazingsportwear.com/producto/chaleco-cortavientos-sublimado-asw/" "Mozilla/5.0 (iPad; CPU OS 12_4 like Mac OS X) AppleWebKit/605.1.15 (KHTML, like Gecko) GSA/87.0.279142407 Mobile/15E148 Safari/605.1" "-"
176.32.50.117 - - [24/Nov/2019:17:42:16 +0100] "GET /wp-content/plugins/woocommerce/assets/css/photoswipe/photoswipe.css?ver=3.6.4 HTTP/1.1" 200 4472 "https://amazingsportwear.com/producto/chaleco-cortavientos-sublimado-asw/" "Mozilla/5.0 (iPad; CPU OS 12_4 like Mac OS X) AppleWebKit/605.1.15 (KHTML, like Gecko) GSA/87.0.279142407 Mobile/15E148 Safari/605.1" "-"
176.32.50.117 - - [24/Nov/2019:17:42:16 +0100] "GET /wp-content/plugins/cookie-law-info/public/css/cookie-law-info-public.css?ver=1.7.6 HTTP/1.1" 200 3373 "https://amazingsportwear.com/producto/chaleco-cortavientos-sublimado-asw/" "Mozilla/5.0 (iPad; CPU OS 12_4 like Mac OS X) AppleWebKit/605.1.15 (KHTML, like Gecko) GSA/87.0.279142407 Mobile/15E148 Safari/605.1" "-"
176.32.50.117 - - [24/Nov/2019:17:42:16 +0100] "GET /wp-content/plugins/woocommerce/assets/css/blocks/style.css?ver=3.6.4 HTTP/1.1" 200 6835 "https://amazingsportwear.com/producto/chaleco-cortavientos-sublimado-asw/" "Mozilla/5.0 (iPad; CPU OS 12_4 like Mac OS X) AppleWebKit/605.1.15 (KHTML, like Gecko) GSA/87.0.279142407 Mobile/15E148 Safari/605.1" "-"
176.32.50.117 - - [24/Nov/2019:17:42:16 +0100] "GET /wp-includes/css/dist/block-library/style.min.css?ver=5.2.4 HTTP/1.1" 200 29798 "https://amazingsportwear.com/producto/chaleco-cortavientos-sublimado-asw/" "Mozilla/5.0 (iPad; CPU OS 12_4 like Mac OS X) AppleWebKit/605.1.15 (KHTML, like Gecko) GSA/87.0.279142407 Mobile/15E148 Safari/605.1" "-"
176.32.50.117 - - [24/Nov/2019:17:42:16 +0100] "GET /wp-content/plugins/wpfront-notification-bar/css/wpfront-notification-bar.css?ver=1.7.1 HTTP/1.1" 200 3663 "https://amazingsportwear.com/producto/chaleco-cortavientos-sublimado-asw/" "Mozilla/5.0 (iPad; CPU OS 12_4 like Mac OS X) AppleWebKit/605.1.15 (KHTML, like Gecko) GSA/87.0.279142407 Mobile/15E148 Safari/605.1" "-"
176.32.50.117 - - [24/Nov/2019:17:42:16 +0100] "GET /wp-content/plugins/woocommerce/assets/css/photoswipe/default-skin/default-skin.css?ver=3.6.4 HTTP/1.1" 200 11943 "https://amazingsportwear.com/producto/chaleco-cortavientos-sublimado-asw/" "Mozilla/5.0 (iPad; CPU OS 12_4 like Mac OS X) AppleWebKit/605.1.15 (KHTML, like Gecko) GSA/87.0.279142407 Mobile/15E148 Safari/605.1" "-"
176.32.50.117 - - [24/Nov/2019:17:42:16 +0100] "GET /wp-content/plugins/simple-social-icons/css/style.css?ver=3.0.1 HTTP/1.1" 200 1562 "https://amazingsportwear.com/producto/chaleco-cortavientos-sublimado-asw/" "Mozilla/5.0 (iPad; CPU OS 12_4 like Mac OS X) AppleWebKit/605.1.15 (KHTML, like Gecko) GSA/87.0.279142407 Mobile/15E148 Safari/605.1" "-"
176.32.50.117 - - [24/Nov/2019:17:42:16 +0100] "GET /wp-content/themes/shopper/style.css?ver=1.3.8 HTTP/1.1" 200 125315 "https://amazingsportwear.com/producto/chaleco-cortavientos-sublimado-asw/" "Mozilla/5.0 (iPad; CPU OS 12_4 like Mac OS X) AppleWebKit/605.1.15 (KHTML, like Gecko) GSA/87.0.279142407 Mobile/15E148 Safari/605.1" "-"
176.32.50.117 - - [24/Nov/2019:17:42:16 +0100] "GET /wp-includes/js/jquery/jquery-migrate.min.js?ver=1.4.1 HTTP/1.1" 200 10399 "https://amazingsportwear.com/producto/chaleco-cortavientos-sublimado-asw/" "Mozilla/5.0 (iPad; CPU OS 12_4 like Mac OS X) AppleWebKit/605.1.15 (KHTML, like Gecko) GSA/87.0.279142407 Mobile/15E148 Safari/605.1" "-"
176.32.50.117 - - [24/Nov/2019:17:42:16 +0100] "GET /wp-includes/js/jquery/jquery.js?ver=1.12.4-wp HTTP/1.1" 200 97362 "https://amazingsportwear.com/producto/chaleco-cortavientos-sublimado-asw/" "Mozilla/5.0 (iPad; CPU OS 12_4 like Mac OS X) AppleWebKit/605.1.15 (KHTML, like Gecko) GSA/87.0.279142407 Mobile/15E148 Safari/605.1" "-"
176.32.50.117 - - [24/Nov/2019:17:42:16 +0100] "GET /wp-content/themes/shopper/assets/sass/woocommerce/woocommerce.css?ver=5.2.4 HTTP/1.1" 200 83534 "https://amazingsportwear.com/producto/chaleco-cortavientos-sublimado-asw/" "Mozilla/5.0 (iPad; CPU OS 12_4 like Mac OS X) AppleWebKit/605.1.15 (KHTML, like Gecko) GSA/87.0.279142407 Mobile/15E148 Safari/605.1" "-"
176.32.50.117 - - [24/Nov/2019:17:42:16 +0100] "GET /wp-content/plugins/cookie-law-info/public/js/cookie-law-info-public.js?ver=1.7.6 HTTP/1.1" 200 17076 "https://amazingsportwear.com/producto/chaleco-cortavientos-sublimado-asw/" "Mozilla/5.0 (iPad; CPU OS 12_4 like Mac OS X) AppleWebKit/605.1.15 (KHTML, like Gecko) GSA/87.0.279142407 Mobile/15E148 Safari/605.1" "-"
