88.99.250.15 - - [03/Dec/2019:12:45:36 +0100] "GET /content/index.php?controller=contact HTTP/1.1" 301 417 "-" "Mozilla/5.0 (compatible; BLEXBot/1.0; +http://webmeup-crawler.com/)" "wpfront-notification-bar-landingpage=1"
36.61.220.184 - - [03/Dec/2019:12:45:34 +0100] "GET /etiqueta-producto/polo-tecnico/ HTTP/1.1" 200 75349 "-" "Mozilla/5.0(Linux;Android 5.1.1;OPPO A33 Build/LMY47V;wv) AppleWebKit/537.36(KHTML,link Gecko) Version/4.0 Chrome/43.0.2357.121 Mobile Safari/537.36 LieBaoFast/4.51.3" "wpfront-notification-bar-landingpage=1"
88.99.250.15 - - [03/Dec/2019:12:45:36 +0100] "GET /content/?controller=contact HTTP/1.1" 404 68037 "-" "Mozilla/5.0 (compatible; BLEXBot/1.0; +http://webmeup-crawler.com/)" "wpfront-notification-bar-landingpage=1"
88.99.250.15 - - [03/Dec/2019:12:45:39 +0100] "GET /tienda/95-camiseta-tecnica-combinada-shangai.html HTTP/1.1" 404 68017 "-" "Mozilla/5.0 (compatible; BLEXBot/1.0; +http://webmeup-crawler.com/)" "wpfront-notification-bar-landingpage=1"
88.99.250.15 - - [03/Dec/2019:12:45:46 +0100] "GET /futbol/20-camiseta-manga-corta-futbol.html HTTP/1.1" 404 68080 "-" "Mozilla/5.0 (compatible; BLEXBot/1.0; +http://webmeup-crawler.com/)" "-"
88.99.250.15 - - [03/Dec/2019:12:45:48 +0100] "GET /tienda/96-camiseta-tecnica-combinada-shangai-mujer.html HTTP/1.1" 404 68084 "-" "Mozilla/5.0 (compatible; BLEXBot/1.0; +http://webmeup-crawler.com/)" "wpfront-notification-bar-landingpage=1"
88.99.250.15 - - [03/Dec/2019:12:45:52 +0100] "GET /tienda/97-camiseta-tecnica-dryfresh-cif-t569.html HTTP/1.1" 404 68037 "-" "Mozilla/5.0 (compatible; BLEXBot/1.0; +http://webmeup-crawler.com/)" "wpfront-notification-bar-landingpage=1"
88.99.250.15 - - [03/Dec/2019:12:45:53 +0100] "GET /futbol/28-camiseta-manga-corta-ranglan-futbol.html HTTP/1.1" 404 68064 "-" "Mozilla/5.0 (compatible; BLEXBot/1.0; +http://webmeup-crawler.com/)" "wpfront-notification-bar-landingpage=1"
88.99.250.15 - - [03/Dec/2019:12:45:54 +0100] "GET /tienda/98-camiseta-tecnic-combi-cat-4473.html HTTP/1.1" 404 68054 "-" "Mozilla/5.0 (compatible; BLEXBot/1.0; +http://webmeup-crawler.com/)" "wpfront-notification-bar-landingpage=1"
88.99.250.15 - - [03/Dec/2019:12:45:57 +0100] "GET /futbol/29-pantalon-corto-futbol.html HTTP/1.1" 404 68006 "-" "Mozilla/5.0 (compatible; BLEXBot/1.0; +http://webmeup-crawler.com/)" "wpfront-notification-bar-landingpage=1"
88.99.250.15 - - [03/Dec/2019:12:46:01 +0100] "GET /futbol/30-camiseta-portero-futbol-manga-larga.html HTTP/1.1" 404 68039 "-" "Mozilla/5.0 (compatible; BLEXBot/1.0; +http://webmeup-crawler.com/)" "wpfront-notification-bar-landingpage=1"
217.76.130.90 - - [03/Dec/2019:12:46:04 +0100] "POST /wp-cron.php?doing_wp_cron=1575373563.9700369834899902343750 HTTP/1.1" 200 164 "http://amazingsportwear.com/wp-cron.php?doing_wp_cron=1575373563.9700369834899902343750" "WordPress/5.2.4; https://amazingsportwear.com" "-"
88.99.250.15 - - [03/Dec/2019:12:46:03 +0100] "GET /tienda/99-camiseta-tecnica-montecarlo-sa-0425.html HTTP/1.1" 404 68064 "-" "Mozilla/5.0 (compatible; BLEXBot/1.0; +http://webmeup-crawler.com/)" "wpfront-notification-bar-landingpage=1"
88.99.250.15 - - [03/Dec/2019:12:46:06 +0100] "GET /futbol/32-sudadera-cuello-redondo-futbol.html HTTP/1.1" 404 68004 "-" "Mozilla/5.0 (compatible; BLEXBot/1.0; +http://webmeup-crawler.com/)" "wpfront-notification-bar-landingpage=1"
88.99.250.15 - - [03/Dec/2019:12:46:07 +0100] "GET /tienda/index.php?controller=contact HTTP/1.1" 301 416 "-" "Mozilla/5.0 (compatible; BLEXBot/1.0; +http://webmeup-crawler.com/)" "wpfront-notification-bar-landingpage=1"
88.99.250.15 - - [03/Dec/2019:12:46:07 +0100] "GET /tienda/?controller=contact HTTP/1.1" 200 71092 "-" "Mozilla/5.0 (compatible; BLEXBot/1.0; +http://webmeup-crawler.com/)" "wpfront-notification-bar-landingpage=1"
88.99.250.15 - - [03/Dec/2019:12:46:11 +0100] "GET /futbol/58-pantalon-corto-futbol.html HTTP/1.1" 404 68067 "-" "Mozilla/5.0 (compatible; BLEXBot/1.0; +http://webmeup-crawler.com/)" "-"
88.99.250.15 - - [03/Dec/2019:12:46:15 +0100] "GET /futbol/61-braga-cuello-asw-f07.html HTTP/1.1" 404 68019 "-" "Mozilla/5.0 (compatible; BLEXBot/1.0; +http://webmeup-crawler.com/)" "wpfront-notification-bar-landingpage=1"
88.99.250.15 - - [03/Dec/2019:12:46:16 +0100] "GET /triatlon/index.php?controller=contact HTTP/1.1" 301 470 "-" "Mozilla/5.0 (compatible; BLEXBot/1.0; +http://webmeup-crawler.com/)" "-"
88.99.250.15 - - [03/Dec/2019:12:46:18 +0100] "GET /triatlon/?controller=contact HTTP/1.1" 404 67989 "-" "Mozilla/5.0 (compatible; BLEXBot/1.0; +http://webmeup-crawler.com/)" "wpfront-notification-bar-landingpage=1"
88.99.250.15 - - [03/Dec/2019:12:46:19 +0100] "GET /futbol/68-camiseta-manga-corta-futbol.html HTTP/1.1" 404 68063 "-" "Mozilla/5.0 (compatible; BLEXBot/1.0; +http://webmeup-crawler.com/)" "wpfront-notification-bar-landingpage=1"
88.99.250.15 - - [03/Dec/2019:12:46:20 +0100] "GET /16-futbol?p=2 HTTP/1.1" 404 68046 "-" "Mozilla/5.0 (compatible; BLEXBot/1.0; +http://webmeup-crawler.com/)" "-"
88.99.250.15 - - [03/Dec/2019:12:46:23 +0100] "GET /futbol/69-camiseta-manga-corta-futbol.html HTTP/1.1" 404 68028 "-" "Mozilla/5.0 (compatible; BLEXBot/1.0; +http://webmeup-crawler.com/)" "wpfront-notification-bar-landingpage=1; wpfront-notification-bar-landingpage=1"
88.99.250.15 - - [03/Dec/2019:12:46:28 +0100] "GET /futbol/70-camiseta-manga-corta-futbol.html HTTP/1.1" 404 68023 "-" "Mozilla/5.0 (compatible; BLEXBot/1.0; +http://webmeup-crawler.com/)" "wpfront-notification-bar-landingpage=1; wpfront-notification-bar-landingpage=1"
88.99.250.15 - - [03/Dec/2019:12:46:37 +0100] "GET /futbol/71-camiseta-manga-corta-futbol.html HTTP/1.1" 404 68048 "-" "Mozilla/5.0 (compatible; BLEXBot/1.0; +http://webmeup-crawler.com/)" "wpfront-notification-bar-landingpage=1; wpfront-notification-bar-landingpage=1"
88.99.250.15 - - [03/Dec/2019:12:46:45 +0100] "GET /futbol/72-camiseta-manga-corta-ranglan-futbol.html HTTP/1.1" 404 68039 "-" "Mozilla/5.0 (compatible; BLEXBot/1.0; +http://webmeup-crawler.com/)" "wpfront-notification-bar-landingpage=1; wpfront-notification-bar-landingpage=1"
88.99.250.15 - - [03/Dec/2019:12:46:48 +0100] "GET /futbol/73-camiseta-manga-corta-ranglan-futbol.html HTTP/1.1" 404 68059 "-" "Mozilla/5.0 (compatible; BLEXBot/1.0; +http://webmeup-crawler.com/)" "wpfront-notification-bar-landingpage=1; wpfront-notification-bar-landingpage=1"
88.99.250.15 - - [03/Dec/2019:12:46:50 +0100] "GET /14-ropa-amazing-sport-wear?p=6 HTTP/1.1" 404 68003 "-" "Mozilla/5.0 (compatible; BLEXBot/1.0; +http://webmeup-crawler.com/)" "wpfront-notification-bar-landingpage=1"
88.99.250.15 - - [03/Dec/2019:12:46:53 +0100] "GET /futbol/74-camiseta-manga-corta-ranglan-futbol.html HTTP/1.1" 404 68024 "-" "Mozilla/5.0 (compatible; BLEXBot/1.0; +http://webmeup-crawler.com/)" "wpfront-notification-bar-landingpage=1; wpfront-notification-bar-landingpage=1"
88.99.250.15 - - [03/Dec/2019:12:46:58 +0100] "GET /futbol/75-camiseta-portero-futbol-manga-larga.html HTTP/1.1" 404 68039 "-" "Mozilla/5.0 (compatible; BLEXBot/1.0; +http://webmeup-crawler.com/)" "wpfront-notification-bar-landingpage=1; wpfront-notification-bar-landingpage=1"
88.99.250.15 - - [03/Dec/2019:12:47:01 +0100] "GET /index.php?controller=contact HTTP/1.1" 301 303 "-" "Mozilla/5.0 (compatible; BLEXBot/1.0; +http://webmeup-crawler.com/)" "wpfront-notification-bar-landingpage=1"
217.76.130.90 - - [03/Dec/2019:12:47:03 +0100] "POST /wp-cron.php?doing_wp_cron=1575373623.3458349704742431640625 HTTP/1.1" 200 3389 "https://amazingsportwear.com/wp-cron.php?doing_wp_cron=1575373623.3458349704742431640625" "WordPress/5.2.4; https://amazingsportwear.com" "-"
88.99.250.15 - - [03/Dec/2019:12:47:02 +0100] "GET /?controller=contact HTTP/1.1" 200 125555 "-" "Mozilla/5.0 (compatible; BLEXBot/1.0; +http://webmeup-crawler.com/)" "wpfront-notification-bar-landingpage=1"
37.160.18.252 - - [03/Dec/2019:12:47:12 +0100] "GET /wp-content/uploads/2017/01/braga-cuello-motocross-300x300.jpg HTTP/1.1" 200 21508 "https://www.google.com/" "Mozilla/5.0 (Linux; Android 8.0.0; RNE-L21) AppleWebKit/537.36 (KHTML, like Gecko) Chrome/77.0.3865.116 Mobile Safari/537.36" "-"
88.99.250.15 - - [03/Dec/2019:12:47:12 +0100] "GET /14-ropa-amazing-sport-wear?p=5 HTTP/1.1" 301 400 "-" "Mozilla/5.0 (compatible; BLEXBot/1.0; +http://webmeup-crawler.com/)" "wpfront-notification-bar-landingpage=1"
88.99.250.15 - - [03/Dec/2019:12:47:13 +0100] "GET /asw-white/ HTTP/1.1" 301 381 "-" "Mozilla/5.0 (compatible; BLEXBot/1.0; +http://webmeup-crawler.com/)" "wpfront-notification-bar-landingpage=1"
88.99.250.15 - - [03/Dec/2019:12:47:13 +0100] "GET /wp-content/uploads/2019/05/asw-white.png HTTP/1.1" 200 77758 "-" "Mozilla/5.0 (compatible; BLEXBot/1.0; +http://webmeup-crawler.com/)" "wpfront-notification-bar-landingpage=1"
88.99.250.15 - - [03/Dec/2019:12:47:16 +0100] "GET /inicio/267-camiseta-hombre-dogo-premium.html HTTP/1.1" 404 68011 "-" "Mozilla/5.0 (compatible; BLEXBot/1.0; +http://webmeup-crawler.com/)" "wpfront-notification-bar-landingpage=1"
88.99.250.15 - - [03/Dec/2019:12:47:18 +0100] "GET /22-tienda?p=9 HTTP/1.1" 301 413 "-" "Mozilla/5.0 (compatible; BLEXBot/1.0; +http://webmeup-crawler.com/)" "wpfront-notification-bar-landingpage=1"
37.160.18.252 - - [03/Dec/2019:12:47:17 +0100] "GET /categoria-producto/deportes/ HTTP/1.1" 200 71003 "https://www.google.com/" "Mozilla/5.0 (Linux; Android 8.0.0; RNE-L21) AppleWebKit/537.36 (KHTML, like Gecko) Chrome/77.0.3865.116 Mobile Safari/537.36" "-"
88.99.250.15 - - [03/Dec/2019:12:47:19 +0100] "GET /cropped-asw-white-png/ HTTP/1.1" 301 389 "-" "Mozilla/5.0 (compatible; BLEXBot/1.0; +http://webmeup-crawler.com/)" "wpfront-notification-bar-landingpage=1"
88.99.250.15 - - [03/Dec/2019:12:47:19 +0100] "GET /wp-content/uploads/2019/05/cropped-asw-white.png HTTP/1.1" 200 7500 "-" "Mozilla/5.0 (compatible; BLEXBot/1.0; +http://webmeup-crawler.com/)" "wpfront-notification-bar-landingpage=1"
37.160.18.252 - - [03/Dec/2019:12:47:20 +0100] "GET /wp-includes/css/dist/block-library/style.min.css?ver=5.2.4 HTTP/1.1" 200 29660 "https://amazingsportwear.com/categoria-producto/deportes/" "Mozilla/5.0 (Linux; Android 8.0.0; RNE-L21) AppleWebKit/537.36 (KHTML, like Gecko) Chrome/77.0.3865.116 Mobile Safari/537.36" "-"
37.160.18.252 - - [03/Dec/2019:12:47:20 +0100] "GET /wp-content/plugins/woocommerce/assets/css/blocks/style.css?ver=3.6.4 HTTP/1.1" 200 6697 "https://amazingsportwear.com/categoria-producto/deportes/" "Mozilla/5.0 (Linux; Android 8.0.0; RNE-L21) AppleWebKit/537.36 (KHTML, like Gecko) Chrome/77.0.3865.116 Mobile Safari/537.36" "-"
37.160.18.252 - - [03/Dec/2019:12:47:20 +0100] "GET /wp-content/plugins/cookie-law-info/public/css/cookie-law-info-gdpr.css?ver=1.7.6 HTTP/1.1" 200 12583 "https://amazingsportwear.com/categoria-producto/deportes/" "Mozilla/5.0 (Linux; Android 8.0.0; RNE-L21) AppleWebKit/537.36 (KHTML, like Gecko) Chrome/77.0.3865.116 Mobile Safari/537.36" "-"
37.160.18.252 - - [03/Dec/2019:12:47:20 +0100] "GET /wp-content/plugins/cookie-law-info/public/css/cookie-law-info-public.css?ver=1.7.6 HTTP/1.1" 200 3373 "https://amazingsportwear.com/categoria-producto/deportes/" "Mozilla/5.0 (Linux; Android 8.0.0; RNE-L21) AppleWebKit/537.36 (KHTML, like Gecko) Chrome/77.0.3865.116 Mobile Safari/537.36" "-"
37.160.18.252 - - [03/Dec/2019:12:47:20 +0100] "GET /wp-content/plugins/wpfront-notification-bar/css/wpfront-notification-bar.css?ver=1.7.1 HTTP/1.1" 200 3801 "https://amazingsportwear.com/categoria-producto/deportes/" "Mozilla/5.0 (Linux; Android 8.0.0; RNE-L21) AppleWebKit/537.36 (KHTML, like Gecko) Chrome/77.0.3865.116 Mobile Safari/537.36" "-"
37.160.18.252 - - [03/Dec/2019:12:47:20 +0100] "GET /wp-content/plugins/simple-social-icons/css/style.css?ver=3.0.1 HTTP/1.1" 200 1700 "https://amazingsportwear.com/categoria-producto/deportes/" "Mozilla/5.0 (Linux; Android 8.0.0; RNE-L21) AppleWebKit/537.36 (KHTML, like Gecko) Chrome/77.0.3865.116 Mobile Safari/537.36" "-"
37.160.18.252 - - [03/Dec/2019:12:47:20 +0100] "GET /wp-includes/js/jquery/jquery-migrate.min.js?ver=1.4.1 HTTP/1.1" 200 10399 "https://amazingsportwear.com/categoria-producto/deportes/" "Mozilla/5.0 (Linux; Android 8.0.0; RNE-L21) AppleWebKit/537.36 (KHTML, like Gecko) Chrome/77.0.3865.116 Mobile Safari/537.36" "-"
37.160.18.252 - - [03/Dec/2019:12:47:20 +0100] "GET /wp-content/themes/shopper/assets/sass/woocommerce/woocommerce.css?ver=5.2.4 HTTP/1.1" 200 83534 "https://amazingsportwear.com/categoria-producto/deportes/" "Mozilla/5.0 (Linux; Android 8.0.0; RNE-L21) AppleWebKit/537.36 (KHTML, like Gecko) Chrome/77.0.3865.116 Mobile Safari/537.36" "-"
37.160.18.252 - - [03/Dec/2019:12:47:20 +0100] "GET /wp-content/plugins/cookie-law-info/public/js/cookie-law-info-public.js?ver=1.7.6 HTTP/1.1" 200 17076 "https://amazingsportwear.com/categoria-producto/deportes/" "Mozilla/5.0 (Linux; Android 8.0.0; RNE-L21) AppleWebKit/537.36 (KHTML, like Gecko) Chrome/77.0.3865.116 Mobile Safari/537.36" "-"
37.160.18.252 - - [03/Dec/2019:12:47:20 +0100] "GET /wp-content/plugins/wpfront-notification-bar/jquery-plugins/jquery.c.js?ver=1.4.0 HTTP/1.1" 200 3437 "https://amazingsportwear.com/categoria-producto/deportes/" "Mozilla/5.0 (Linux; Android 8.0.0; RNE-L21) AppleWebKit/537.36 (KHTML, like Gecko) Chrome/77.0.3865.116 Mobile Safari/537.36" "-"
37.160.18.252 - - [03/Dec/2019:12:47:20 +0100] "GET /wp-includes/js/jquery/jquery.js?ver=1.12.4-wp HTTP/1.1" 200 97362 "https://amazingsportwear.com/categoria-producto/deportes/" "Mozilla/5.0 (Linux; Android 8.0.0; RNE-L21) AppleWebKit/537.36 (KHTML, like Gecko) Chrome/77.0.3865.116 Mobile Safari/537.36" "-"
37.160.18.252 - - [03/Dec/2019:12:47:20 +0100] "GET /wp-content/plugins/wpfront-notification-bar/js/wpfront-notification-bar.js?ver=1.7.1 HTTP/1.1" 200 5662 "https://amazingsportwear.com/categoria-producto/deportes/" "Mozilla/5.0 (Linux; Android 8.0.0; RNE-L21) AppleWebKit/537.36 (KHTML, like Gecko) Chrome/77.0.3865.116 Mobile Safari/537.36" "-"
37.160.18.252 - - [03/Dec/2019:12:47:20 +0100] "GET /wp-content/themes/shopper/style.css?ver=1.3.8 HTTP/1.1" 200 125453 "https://amazingsportwear.com/categoria-producto/deportes/" "Mozilla/5.0 (Linux; Android 8.0.0; RNE-L21) AppleWebKit/537.36 (KHTML, like Gecko) Chrome/77.0.3865.116 Mobile Safari/537.36" "-"
37.160.18.252 - - [03/Dec/2019:12:47:20 +0100] "GET /wp-content/plugins/simple-social-icons/svgxuse.js?ver=1.1.21 HTTP/1.1" 200 9580 "https://amazingsportwear.com/categoria-producto/deportes/" "Mozilla/5.0 (Linux; Android 8.0.0; RNE-L21) AppleWebKit/537.36 (KHTML, like Gecko) Chrome/77.0.3865.116 Mobile Safari/537.36" "-"
37.160.18.252 - - [03/Dec/2019:12:47:20 +0100] "GET /wp-content/themes/shopper/assets/js/crm.js?ver=1561548510 HTTP/1.1" 200 874 "https://amazingsportwear.com/categoria-producto/deportes/" "Mozilla/5.0 (Linux; Android 8.0.0; RNE-L21) AppleWebKit/537.36 (KHTML, like Gecko) Chrome/77.0.3865.116 Mobile Safari/537.36" "-"
37.160.18.252 - - [03/Dec/2019:12:47:20 +0100] "GET /wp-content/plugins/woocommerce/assets/js/jquery-blockui/jquery.blockUI.min.js?ver=2.70 HTTP/1.1" 200 9908 "https://amazingsportwear.com/categoria-producto/deportes/" "Mozilla/5.0 (Linux; Android 8.0.0; RNE-L21) AppleWebKit/537.36 (KHTML, like Gecko) Chrome/77.0.3865.116 Mobile Safari/537.36" "-"
37.160.18.252 - - [03/Dec/2019:12:47:20 +0100] "GET /wp-content/plugins/woocommerce/assets/js/frontend/add-to-cart.min.js?ver=3.6.4 HTTP/1.1" 200 2983 "https://amazingsportwear.com/categoria-producto/deportes/" "Mozilla/5.0 (Linux; Android 8.0.0; RNE-L21) AppleWebKit/537.36 (KHTML, like Gecko) Chrome/77.0.3865.116 Mobile Safari/537.36" "-"
37.160.18.252 - - [03/Dec/2019:12:47:21 +0100] "GET /wp-content/plugins/woocommerce/assets/js/frontend/woocommerce.min.js?ver=3.6.4 HTTP/1.1" 200 1813 "https://amazingsportwear.com/categoria-producto/deportes/" "Mozilla/5.0 (Linux; Android 8.0.0; RNE-L21) AppleWebKit/537.36 (KHTML, like Gecko) Chrome/77.0.3865.116 Mobile Safari/537.36" "-"
37.160.18.252 - - [03/Dec/2019:12:47:21 +0100] "GET /wp-content/plugins/woocommerce/assets/js/js-cookie/js.cookie.min.js?ver=2.1.4 HTTP/1.1" 200 2187 "https://amazingsportwear.com/categoria-producto/deportes/" "Mozilla/5.0 (Linux; Android 8.0.0; RNE-L21) AppleWebKit/537.36 (KHTML, like Gecko) Chrome/77.0.3865.116 Mobile Safari/537.36" "-"
37.160.18.252 - - [03/Dec/2019:12:47:21 +0100] "GET /wp-content/plugins/woocommerce/assets/js/frontend/cart-fragments.min.js?ver=3.6.4 HTTP/1.1" 200 3281 "https://amazingsportwear.com/categoria-producto/deportes/" "Mozilla/5.0 (Linux; Android 8.0.0; RNE-L21) AppleWebKit/537.36 (KHTML, like Gecko) Chrome/77.0.3865.116 Mobile Safari/537.36" "-"
37.160.18.252 - - [03/Dec/2019:12:47:21 +0100] "GET /wp-content/themes/shopper/assets/js/woocommerce/header-cart.min.js?ver=1.3.8 HTTP/1.1" 200 972 "https://amazingsportwear.com/categoria-producto/deportes/" "Mozilla/5.0 (Linux; Android 8.0.0; RNE-L21) AppleWebKit/537.36 (KHTML, like Gecko) Chrome/77.0.3865.116 Mobile Safari/537.36" "-"
37.160.18.252 - - [03/Dec/2019:12:47:21 +0100] "GET /wp-content/themes/shopper/assets/js/shopper.min.js?ver=1.3.8 HTTP/1.1" 200 5994 "https://amazingsportwear.com/categoria-producto/deportes/" "Mozilla/5.0 (Linux; Android 8.0.0; RNE-L21) AppleWebKit/537.36 (KHTML, like Gecko) Chrome/77.0.3865.116 Mobile Safari/537.36" "-"
37.160.18.252 - - [03/Dec/2019:12:47:21 +0100] "GET /wp-content/themes/shopper/assets/js/skip-link-focus-fix.js?ver=1.3.8 HTTP/1.1" 200 1023 "https://amazingsportwear.com/categoria-producto/deportes/" "Mozilla/5.0 (Linux; Android 8.0.0; RNE-L21) AppleWebKit/537.36 (KHTML, like Gecko) Chrome/77.0.3865.116 Mobile Safari/537.36" "-"
37.160.18.252 - - [03/Dec/2019:12:47:21 +0100] "GET /wp-includes/js/wp-embed.min.js?ver=5.2.4 HTTP/1.1" 200 1744 "https://amazingsportwear.com/categoria-producto/deportes/" "Mozilla/5.0 (Linux; Android 8.0.0; RNE-L21) AppleWebKit/537.36 (KHTML, like Gecko) Chrome/77.0.3865.116 Mobile Safari/537.36" "-"
37.160.18.252 - - [03/Dec/2019:12:47:21 +0100] "GET /wp-includes/js/wp-emoji-release.min.js?ver=5.2.4 HTTP/1.1" 200 14183 "https://amazingsportwear.com/categoria-producto/deportes/" "Mozilla/5.0 (Linux; Android 8.0.0; RNE-L21) AppleWebKit/537.36 (KHTML, like Gecko) Chrome/77.0.3865.116 Mobile Safari/537.36" "_ga=GA1.2.1467942579.1575373640; _gid=GA1.2.856800572.1575373640; _gat_gtag_UA_91619287_1=1"
37.160.18.252 - - [03/Dec/2019:12:47:21 +0100] "GET /wp-content/plugins/simple-social-icons/symbol-defs.svg HTTP/1.1" 200 19699 "https://amazingsportwear.com/categoria-producto/deportes/" "Mozilla/5.0 (Linux; Android 8.0.0; RNE-L21) AppleWebKit/537.36 (KHTML, like Gecko) Chrome/77.0.3865.116 Mobile Safari/537.36" "_ga=GA1.2.1467942579.1575373640; _gid=GA1.2.856800572.1575373640; _gat_gtag_UA_91619287_1=1"
37.160.18.252 - - [03/Dec/2019:12:47:21 +0100] "GET /wp-content/uploads/2019/05/cropped-asw-white.png HTTP/1.1" 200 7500 "https://amazingsportwear.com/categoria-producto/deportes/" "Mozilla/5.0 (Linux; Android 8.0.0; RNE-L21) AppleWebKit/537.36 (KHTML, like Gecko) Chrome/77.0.3865.116 Mobile Safari/537.36" "_ga=GA1.2.1467942579.1575373640; _gid=GA1.2.856800572.1575373640; _gat_gtag_UA_91619287_1=1"
37.160.18.252 - - [03/Dec/2019:12:47:21 +0100] "GET /wp-content/uploads/2017/01/braga-cuello1-300x300.jpg HTTP/1.1" 200 23039 "https://amazingsportwear.com/categoria-producto/deportes/" "Mozilla/5.0 (Linux; Android 8.0.0; RNE-L21) AppleWebKit/537.36 (KHTML, like Gecko) Chrome/77.0.3865.116 Mobile Safari/537.36" "_ga=GA1.2.1467942579.1575373640; _gid=GA1.2.856800572.1575373640; _gat_gtag_UA_91619287_1=1"
37.160.18.252 - - [03/Dec/2019:12:47:21 +0100] "GET /wp-content/themes/shopper/assets/fonts/fontawesome-webfont.woff2?v=4.7.0 HTTP/1.1" 200 77615 "https://amazingsportwear.com/wp-content/themes/shopper/style.css?ver=1.3.8" "Mozilla/5.0 (Linux; Android 8.0.0; RNE-L21) AppleWebKit/537.36 (KHTML, like Gecko) Chrome/77.0.3865.116 Mobile Safari/537.36" "_ga=GA1.2.1467942579.1575373640; _gid=GA1.2.856800572.1575373640; _gat_gtag_UA_91619287_1=1"
37.160.18.252 - - [03/Dec/2019:12:47:21 +0100] "GET /wp-content/uploads/2017/02/braga-cuello-futbol-300x300.jpg HTTP/1.1" 200 17655 "https://amazingsportwear.com/categoria-producto/deportes/" "Mozilla/5.0 (Linux; Android 8.0.0; RNE-L21) AppleWebKit/537.36 (KHTML, like Gecko) Chrome/77.0.3865.116 Mobile Safari/537.36" "_ga=GA1.2.1467942579.1575373640; _gid=GA1.2.856800572.1575373640; _gat_gtag_UA_91619287_1=1"
37.160.18.252 - - [03/Dec/2019:12:47:21 +0100] "GET /wp-content/uploads/2017/02/braga-cuello-ciclismo-300x300.png HTTP/1.1" 200 78259 "https://amazingsportwear.com/categoria-producto/deportes/" "Mozilla/5.0 (Linux; Android 8.0.0; RNE-L21) AppleWebKit/537.36 (KHTML, like Gecko) Chrome/77.0.3865.116 Mobile Safari/537.36" "_ga=GA1.2.1467942579.1575373640; _gid=GA1.2.856800572.1575373640; _gat_gtag_UA_91619287_1=1"
37.160.18.252 - - [03/Dec/2019:12:47:21 +0100] "POST /?wc-ajax=get_refreshed_fragments HTTP/1.1" 200 1397 "https://amazingsportwear.com/categoria-producto/deportes/" "Mozilla/5.0 (Linux; Android 8.0.0; RNE-L21) AppleWebKit/537.36 (KHTML, like Gecko) Chrome/77.0.3865.116 Mobile Safari/537.36" "_ga=GA1.2.1467942579.1575373640; _gid=GA1.2.856800572.1575373640; _gat_gtag_UA_91619287_1=1"
37.160.18.252 - - [03/Dec/2019:12:47:23 +0100] "GET /wp-content/uploads/2019/05/cropped-favicon-nuevo-logo-amazinf-128px-180x180.png HTTP/1.1" 200 10066 "https://amazingsportwear.com/categoria-producto/deportes/" "Mozilla/5.0 (Linux; Android 8.0.0; RNE-L21) AppleWebKit/537.36 (KHTML, like Gecko) Chrome/77.0.3865.116 Mobile Safari/537.36" "_ga=GA1.2.1467942579.1575373640; _gid=GA1.2.856800572.1575373640; _gat_gtag_UA_91619287_1=1; wpfront-notification-bar-landingpage=1"
37.160.18.252 - - [03/Dec/2019:12:47:23 +0100] "GET /wp-content/uploads/2019/05/cropped-favicon-nuevo-logo-amazinf-128px-192x192.png HTTP/1.1" 200 10880 "https://amazingsportwear.com/categoria-producto/deportes/" "Mozilla/5.0 (Linux; Android 8.0.0; RNE-L21) AppleWebKit/537.36 (KHTML, like Gecko) Chrome/77.0.3865.116 Mobile Safari/537.36" "_ga=GA1.2.1467942579.1575373640; _gid=GA1.2.856800572.1575373640; _gat_gtag_UA_91619287_1=1; wpfront-notification-bar-landingpage=1"
88.99.250.15 - - [03/Dec/2019:12:47:27 +0100] "GET /motocross/19-camiseta-motocross.html HTTP/1.1" 404 68020 "-" "Mozilla/5.0 (compatible; BLEXBot/1.0; +http://webmeup-crawler.com/)" "wpfront-notification-bar-landingpage=1"
37.160.18.252 - - [03/Dec/2019:12:47:30 +0100] "GET /wp-content/uploads/2019/04/Brazalete-running-con-led-1.png HTTP/1.1" 200 70937 "https://amazingsportwear.com/categoria-producto/deportes/" "Mozilla/5.0 (Linux; Android 8.0.0; RNE-L21) AppleWebKit/537.36 (KHTML, like Gecko) Chrome/77.0.3865.116 Mobile Safari/537.36" "_ga=GA1.2.1467942579.1575373640; _gid=GA1.2.856800572.1575373640; _gat_gtag_UA_91619287_1=1; wpfront-notification-bar-landingpage=1; viewed_cookie_policy=no"
88.99.250.15 - - [03/Dec/2019:12:47:36 +0100] "GET /motocross/44-braga-cuello-motocross.html HTTP/1.1" 404 68014 "-" "Mozilla/5.0 (compatible; BLEXBot/1.0; +http://webmeup-crawler.com/)" "wpfront-notification-bar-landingpage=1"
117.94.212.106 - - [03/Dec/2019:12:47:39 +0100] "GET /producto/camiseta-tecnica-epic HTTP/1.1" 301 3554 "-" "Mozilla/5.0(Linux;Android 5.1.1;OPPO A33 Build/LMY47V;wv) AppleWebKit/537.36(KHTML,link Gecko) Version/4.0 Chrome/42.0.2311.138 Mobile Safari/537.36 Mb2345Browser/9.0" "-"
37.160.18.252 - - [03/Dec/2019:12:47:42 +0100] "GET /wp-content/uploads/2017/01/camis-basket-costadillos2-300x300.jpg HTTP/1.1" 200 16253 "https://amazingsportwear.com/categoria-producto/deportes/" "Mozilla/5.0 (Linux; Android 8.0.0; RNE-L21) AppleWebKit/537.36 (KHTML, like Gecko) Chrome/77.0.3865.116 Mobile Safari/537.36" "_ga=GA1.2.1467942579.1575373640; _gid=GA1.2.856800572.1575373640; _gat_gtag_UA_91619287_1=1; wpfront-notification-bar-landingpage=1; viewed_cookie_policy=no"
88.99.250.15 - - [03/Dec/2019:12:47:41 +0100] "GET /motocross/89-camiseta-motocross.html HTTP/1.1" 404 68011 "-" "Mozilla/5.0 (compatible; BLEXBot/1.0; +http://webmeup-crawler.com/)" "wpfront-notification-bar-landingpage=1"
37.160.18.252 - - [03/Dec/2019:12:47:43 +0100] "GET /wp-content/uploads/2017/01/cubre-basket1-300x300.jpg HTTP/1.1" 200 15593 "https://amazingsportwear.com/categoria-producto/deportes/" "Mozilla/5.0 (Linux; Android 8.0.0; RNE-L21) AppleWebKit/537.36 (KHTML, like Gecko) Chrome/77.0.3865.116 Mobile Safari/537.36" "_ga=GA1.2.1467942579.1575373640; _gid=GA1.2.856800572.1575373640; _gat_gtag_UA_91619287_1=1; wpfront-notification-bar-landingpage=1; viewed_cookie_policy=no"
37.160.18.252 - - [03/Dec/2019:12:47:45 +0100] "GET /wp-content/uploads/2017/01/cam-basic1-300x300.png HTTP/1.1" 200 55827 "https://amazingsportwear.com/categoria-producto/deportes/" "Mozilla/5.0 (Linux; Android 8.0.0; RNE-L21) AppleWebKit/537.36 (KHTML, like Gecko) Chrome/77.0.3865.116 Mobile Safari/537.36" "_ga=GA1.2.1467942579.1575373640; _gid=GA1.2.856800572.1575373640; _gat_gtag_UA_91619287_1=1; wpfront-notification-bar-landingpage=1; viewed_cookie_policy=no"
37.160.18.252 - - [03/Dec/2019:12:47:46 +0100] "GET /wp-content/uploads/2017/01/camis-tenis1.jpg HTTP/1.1" 200 128251 "https://amazingsportwear.com/categoria-producto/deportes/" "Mozilla/5.0 (Linux; Android 8.0.0; RNE-L21) AppleWebKit/537.36 (KHTML, like Gecko) Chrome/77.0.3865.116 Mobile Safari/537.36" "_ga=GA1.2.1467942579.1575373640; _gid=GA1.2.856800572.1575373640; _gat_gtag_UA_91619287_1=1; wpfront-notification-bar-landingpage=1; viewed_cookie_policy=no"
37.160.18.252 - - [03/Dec/2019:12:47:47 +0100] "GET /wp-content/uploads/2017/01/cam-ranglan3-maristas-300x300.jpg HTTP/1.1" 200 12299 "https://amazingsportwear.com/categoria-producto/deportes/" "Mozilla/5.0 (Linux; Android 8.0.0; RNE-L21) AppleWebKit/537.36 (KHTML, like Gecko) Chrome/77.0.3865.116 Mobile Safari/537.36" "_ga=GA1.2.1467942579.1575373640; _gid=GA1.2.856800572.1575373640; _gat_gtag_UA_91619287_1=1; wpfront-notification-bar-landingpage=1; viewed_cookie_policy=no"
88.99.250.15 - - [03/Dec/2019:12:47:45 +0100] "GET /ofertas/188-culoute-corto-ciclismo.html HTTP/1.1" 404 68052 "-" "Mozilla/5.0 (compatible; BLEXBot/1.0; +http://webmeup-crawler.com/)" "wpfront-notification-bar-landingpage=1"
37.160.18.252 - - [03/Dec/2019:12:47:48 +0100] "GET /wp-content/uploads/2017/01/motocr-300x300.png HTTP/1.1" 200 94584 "https://amazingsportwear.com/categoria-producto/deportes/" "Mozilla/5.0 (Linux; Android 8.0.0; RNE-L21) AppleWebKit/537.36 (KHTML, like Gecko) Chrome/77.0.3865.116 Mobile Safari/537.36" "_ga=GA1.2.1467942579.1575373640; _gid=GA1.2.856800572.1575373640; _gat_gtag_UA_91619287_1=1; wpfront-notification-bar-landingpage=1; viewed_cookie_policy=no"
37.160.18.252 - - [03/Dec/2019:12:47:49 +0100] "GET /wp-content/uploads/2017/01/cam-portero1-300x300.jpg HTTP/1.1" 200 17800 "https://amazingsportwear.com/categoria-producto/deportes/" "Mozilla/5.0 (Linux; Android 8.0.0; RNE-L21) AppleWebKit/537.36 (KHTML, like Gecko) Chrome/77.0.3865.116 Mobile Safari/537.36" "_ga=GA1.2.1467942579.1575373640; _gid=GA1.2.856800572.1575373640; _gat_gtag_UA_91619287_1=1; wpfront-notification-bar-landingpage=1; viewed_cookie_policy=no"
37.160.18.252 - - [03/Dec/2019:12:47:50 +0100] "GET /wp-content/uploads/2019/05/asw-white-1024x430.png HTTP/1.1" 200 55939 "https://amazingsportwear.com/categoria-producto/deportes/" "Mozilla/5.0 (Linux; Android 8.0.0; RNE-L21) AppleWebKit/537.36 (KHTML, like Gecko) Chrome/77.0.3865.116 Mobile Safari/537.36" "_ga=GA1.2.1467942579.1575373640; _gid=GA1.2.856800572.1575373640; _gat_gtag_UA_91619287_1=1; wpfront-notification-bar-landingpage=1; viewed_cookie_policy=no"
88.99.250.15 - - [03/Dec/2019:12:47:51 +0100] "GET /ofertas/189-maillot-manga-corta.html HTTP/1.1" 404 68001 "-" "Mozilla/5.0 (compatible; BLEXBot/1.0; +http://webmeup-crawler.com/)" "wpfront-notification-bar-landingpage=1"
88.99.250.15 - - [03/Dec/2019:12:47:54 +0100] "GET /ofertas/190-cazadora-invierno-ciclismo.html HTTP/1.1" 404 68065 "-" "Mozilla/5.0 (compatible; BLEXBot/1.0; +http://webmeup-crawler.com/)" "wpfront-notification-bar-landingpage=1"
88.99.250.15 - - [03/Dec/2019:12:47:56 +0100] "GET /ofertas/191-maillot-manga-larga-ciclismo.html HTTP/1.1" 404 68049 "-" "Mozilla/5.0 (compatible; BLEXBot/1.0; +http://webmeup-crawler.com/)" "wpfront-notification-bar-landingpage=1"
88.99.250.15 - - [03/Dec/2019:12:47:59 +0100] "GET /ofertas/192-culoute-largo-ciclismo.html HTTP/1.1" 404 68022 "-" "Mozilla/5.0 (compatible; BLEXBot/1.0; +http://webmeup-crawler.com/)" "wpfront-notification-bar-landingpage=1"
217.76.130.90 - - [03/Dec/2019:12:48:04 +0100] "POST /wp-cron.php?doing_wp_cron=1575373684.3868670463562011718750 HTTP/1.1" 200 3389 "https://amazingsportwear.com/wp-cron.php?doing_wp_cron=1575373684.3868670463562011718750" "WordPress/5.2.4; https://amazingsportwear.com" "-"
37.160.18.252 - - [03/Dec/2019:12:48:03 +0100] "GET /categoria-producto/deportes/page/2/ HTTP/1.1" 200 71489 "https://amazingsportwear.com/categoria-producto/deportes/" "Mozilla/5.0 (Linux; Android 8.0.0; RNE-L21) AppleWebKit/537.36 (KHTML, like Gecko) Chrome/77.0.3865.116 Mobile Safari/537.36" "wpfront-notification-bar-landingpage=1; _ga=GA1.2.1467942579.1575373640; _gid=GA1.2.856800572.1575373640; _gat_gtag_UA_91619287_1=1; wpfront-notification-bar-landingpage=1; viewed_cookie_policy=no"
37.160.18.252 - - [03/Dec/2019:12:48:05 +0100] "GET /wp-content/uploads/2017/01/camis-basket1-300x300.jpg HTTP/1.1" 200 16484 "https://amazingsportwear.com/categoria-producto/deportes/page/2/" "Mozilla/5.0 (Linux; Android 8.0.0; RNE-L21) AppleWebKit/537.36 (KHTML, like Gecko) Chrome/77.0.3865.116 Mobile Safari/537.36" "_ga=GA1.2.1467942579.1575373640; _gid=GA1.2.856800572.1575373640; _gat_gtag_UA_91619287_1=1; wpfront-notification-bar-landingpage=1; viewed_cookie_policy=no"
37.160.18.252 - - [03/Dec/2019:12:48:05 +0100] "GET /wp-content/uploads/2017/04/chaleco-rejilla-300x300.jpg HTTP/1.1" 200 12223 "https://amazingsportwear.com/categoria-producto/deportes/page/2/" "Mozilla/5.0 (Linux; Android 8.0.0; RNE-L21) AppleWebKit/537.36 (KHTML, like Gecko) Chrome/77.0.3865.116 Mobile Safari/537.36" "_ga=GA1.2.1467942579.1575373640; _gid=GA1.2.856800572.1575373640; _gat_gtag_UA_91619287_1=1; wpfront-notification-bar-landingpage=1; viewed_cookie_policy=no"
37.160.18.252 - - [03/Dec/2019:12:48:05 +0100] "GET /wp-content/uploads/2017/01/camiseta-triatlon-300x300.jpg HTTP/1.1" 200 18027 "https://amazingsportwear.com/categoria-producto/deportes/page/2/" "Mozilla/5.0 (Linux; Android 8.0.0; RNE-L21) AppleWebKit/537.36 (KHTML, like Gecko) Chrome/77.0.3865.116 Mobile Safari/537.36" "_ga=GA1.2.1467942579.1575373640; _gid=GA1.2.856800572.1575373640; _gat_gtag_UA_91619287_1=1; wpfront-notification-bar-landingpage=1; viewed_cookie_policy=no"
88.99.250.15 - - [03/Dec/2019:12:48:06 +0100] "GET /robots.txt HTTP/1.1" 200 432 "-" "Mozilla/5.0 (compatible; BLEXBot/1.0; +http://webmeup-crawler.com/)" "-"
37.160.18.252 - - [03/Dec/2019:12:48:07 +0100] "GET /wp-content/uploads/2017/04/chaleco-sublimado-pecho-300x300.png HTTP/1.1" 200 83152 "https://amazingsportwear.com/categoria-producto/deportes/page/2/" "Mozilla/5.0 (Linux; Android 8.0.0; RNE-L21) AppleWebKit/537.36 (KHTML, like Gecko) Chrome/77.0.3865.116 Mobile Safari/537.36" "_ga=GA1.2.1467942579.1575373640; _gid=GA1.2.856800572.1575373640; _gat_gtag_UA_91619287_1=1; wpfront-notification-bar-landingpage=1; viewed_cookie_policy=no"
88.99.250.15 - - [03/Dec/2019:12:48:06 +0100] "GET /tenis-padel/48-camiseta-manga-corta-tenis-pade.html HTTP/1.1" 404 68036 "-" "Mozilla/5.0 (compatible; BLEXBot/1.0; +http://webmeup-crawler.com/)" "wpfront-notification-bar-landingpage=1"
37.160.18.252 - - [03/Dec/2019:12:48:08 +0100] "GET /wp-content/uploads/2019/04/SA-6684-1.png HTTP/1.1" 200 173182 "https://amazingsportwear.com/categoria-producto/deportes/page/2/" "Mozilla/5.0 (Linux; Android 8.0.0; RNE-L21) AppleWebKit/537.36 (KHTML, like Gecko) Chrome/77.0.3865.116 Mobile Safari/537.36" "_ga=GA1.2.1467942579.1575373640; _gid=GA1.2.856800572.1575373640; _gat_gtag_UA_91619287_1=1; wpfront-notification-bar-landingpage=1; viewed_cookie_policy=no"
37.160.18.252 - - [03/Dec/2019:12:48:09 +0100] "GET /wp-content/uploads/2017/01/chaqueta-ciclismo2-300x300.jpg HTTP/1.1" 200 15582 "https://amazingsportwear.com/categoria-producto/deportes/page/2/" "Mozilla/5.0 (Linux; Android 8.0.0; RNE-L21) AppleWebKit/537.36 (KHTML, like Gecko) Chrome/77.0.3865.116 Mobile Safari/537.36" "_ga=GA1.2.1467942579.1575373640; _gid=GA1.2.856800572.1575373640; _gat_gtag_UA_91619287_1=1; wpfront-notification-bar-landingpage=1; viewed_cookie_policy=no"
37.160.18.252 - - [03/Dec/2019:12:48:10 +0100] "GET /wp-content/uploads/2017/01/chaqueta-triatlon-300x300.jpg HTTP/1.1" 200 14549 "https://amazingsportwear.com/categoria-producto/deportes/page/2/" "Mozilla/5.0 (Linux; Android 8.0.0; RNE-L21) AppleWebKit/537.36 (KHTML, like Gecko) Chrome/77.0.3865.116 Mobile Safari/537.36" "_ga=GA1.2.1467942579.1575373640; _gid=GA1.2.856800572.1575373640; _gat_gtag_UA_91619287_1=1; wpfront-notification-bar-landingpage=1; viewed_cookie_policy=no"
88.99.250.15 - - [03/Dec/2019:12:48:10 +0100] "GET /tenis-padel/49-polo-manga-corta-tenis-padel.html HTTP/1.1" 404 68040 "-" "Mozilla/5.0 (compatible; BLEXBot/1.0; +http://webmeup-crawler.com/)" "wpfront-notification-bar-landingpage=1"
37.160.18.252 - - [03/Dec/2019:12:48:13 +0100] "GET /wp-content/uploads/2017/01/cullote-corto2-300x300.jpg HTTP/1.1" 200 9646 "https://amazingsportwear.com/categoria-producto/deportes/page/2/" "Mozilla/5.0 (Linux; Android 8.0.0; RNE-L21) AppleWebKit/537.36 (KHTML, like Gecko) Chrome/77.0.3865.116 Mobile Safari/537.36" "_ga=GA1.2.1467942579.1575373640; _gid=GA1.2.856800572.1575373640; _gat_gtag_UA_91619287_1=1; wpfront-notification-bar-landingpage=1; viewed_cookie_policy=no"
117.94.212.106 - - [03/Dec/2019:12:48:12 +0100] "GET /producto/camiseta-tecnica-epic/ HTTP/1.1" 200 97516 "-" "Mozilla/5.0(Linux;Android 5.1.1;OPPO A33 Build/LMY47V;wv) AppleWebKit/537.36(KHTML,link Gecko) Version/4.0 Chrome/42.0.2311.138 Mobile Safari/537.36 Mb2345Browser/9.0" "wpfront-notification-bar-landingpage=1"
37.160.18.252 - - [03/Dec/2019:12:48:14 +0100] "GET /wp-content/uploads/2017/01/culote-corto-triatlon-300x300.jpg HTTP/1.1" 200 10101 "https://amazingsportwear.com/categoria-producto/deportes/page/2/" "Mozilla/5.0 (Linux; Android 8.0.0; RNE-L21) AppleWebKit/537.36 (KHTML, like Gecko) Chrome/77.0.3865.116 Mobile Safari/537.36" "_ga=GA1.2.1467942579.1575373640; _gid=GA1.2.856800572.1575373640; _gat_gtag_UA_91619287_1=1; wpfront-notification-bar-landingpage=1; viewed_cookie_policy=no"
88.99.250.15 - - [03/Dec/2019:12:48:14 +0100] "GET /tenis-padel/51-pantalon-corto-tenis-padel.html HTTP/1.1" 404 68088 "-" "Mozilla/5.0 (compatible; BLEXBot/1.0; +http://webmeup-crawler.com/)" "-"
37.160.18.252 - - [03/Dec/2019:12:48:15 +0100] "GET /wp-content/uploads/2017/01/cullote-largo1-300x300.jpg HTTP/1.1" 200 9017 "https://amazingsportwear.com/categoria-producto/deportes/page/2/" "Mozilla/5.0 (Linux; Android 8.0.0; RNE-L21) AppleWebKit/537.36 (KHTML, like Gecko) Chrome/77.0.3865.116 Mobile Safari/537.36" "_ga=GA1.2.1467942579.1575373640; _gid=GA1.2.856800572.1575373640; _gat_gtag_UA_91619287_1=1; wpfront-notification-bar-landingpage=1; viewed_cookie_policy=no"
37.160.18.252 - - [03/Dec/2019:12:48:16 +0100] "GET /wp-content/uploads/2019/04/AQ-FALDA-1-300x300.png HTTP/1.1" 200 97481 "https://amazingsportwear.com/categoria-producto/deportes/page/2/" "Mozilla/5.0 (Linux; Android 8.0.0; RNE-L21) AppleWebKit/537.36 (KHTML, like Gecko) Chrome/77.0.3865.116 Mobile Safari/537.36" "_ga=GA1.2.1467942579.1575373640; _gid=GA1.2.856800572.1575373640; _gat_gtag_UA_91619287_1=1; wpfront-notification-bar-landingpage=1; viewed_cookie_policy=no"
37.160.18.252 - - [03/Dec/2019:12:48:17 +0100] "GET /wp-content/uploads/2017/01/maillot-corto3-300x300.jpg HTTP/1.1" 200 23406 "https://amazingsportwear.com/categoria-producto/deportes/page/2/" "Mozilla/5.0 (Linux; Android 8.0.0; RNE-L21) AppleWebKit/537.36 (KHTML, like Gecko) Chrome/77.0.3865.116 Mobile Safari/537.36" "_ga=GA1.2.1467942579.1575373640; _gid=GA1.2.856800572.1575373640; _gat_gtag_UA_91619287_1=1; wpfront-notification-bar-landingpage=1; viewed_cookie_policy=no"
114.238.59.158 - - [03/Dec/2019:12:48:18 +0100] "GET /producto/camiseta-tecnica-rebel-aq-rebel HTTP/1.1" 301 3564 "-" "Mozilla/5.0(Linux;Android 5.1.1;OPPO A33 Build/LMY47V;wv) AppleWebKit/537.36(KHTML,link Gecko) Version/4.0 Chrome/42.0.2311.138 Mobile Safari/537.36 Mb2345Browser/9.0" "-"
88.99.250.15 - - [03/Dec/2019:12:48:20 +0100] "GET /tenis-padel/90-polo-manga-corta-tenis-padel.html HTTP/1.1" 404 68040 "-" "Mozilla/5.0 (compatible; BLEXBot/1.0; +http://webmeup-crawler.com/)" "wpfront-notification-bar-landingpage=1"
88.99.250.15 - - [03/Dec/2019:12:48:24 +0100] "GET /tenis-padel/91-polo-manga-corta-tenis-padel.html HTTP/1.1" 404 68050 "-" "Mozilla/5.0 (compatible; BLEXBot/1.0; +http://webmeup-crawler.com/)" "wpfront-notification-bar-landingpage=1"
88.99.250.15 - - [03/Dec/2019:12:48:29 +0100] "GET /tenis-padel/93-camiseta-manga-corta-tenis-pade.html HTTP/1.1" 404 68056 "-" "Mozilla/5.0 (compatible; BLEXBot/1.0; +http://webmeup-crawler.com/)" "wpfront-notification-bar-landingpage=1"
88.99.250.15 - - [03/Dec/2019:12:48:36 +0100] "GET /tienda/101-camiseta-tecnica-camimera-sa-0450.html HTTP/1.1" 404 68114 "-" "Mozilla/5.0 (compatible; BLEXBot/1.0; +http://webmeup-crawler.com/)" "-"
88.99.250.15 - - [03/Dec/2019:12:48:43 +0100] "GET /tienda/108-camiseta-tecnica-reversible-aq-reversible.html HTTP/1.1" 404 68068 "-" "Mozilla/5.0 (compatible; BLEXBot/1.0; +http://webmeup-crawler.com/)" "wpfront-notification-bar-landingpage=1"
124.113.192.138 - - [03/Dec/2019:12:48:50 +0100] "GET /wp-content/uploads/2018/04/pf-39087-tejano.jpg HTTP/1.1" 200 48824 "-" "Mozilla/5.0 (Linux; Android 7.0; FRD-AL00 Build/HUAWEIFRD-AL00; wv) AppleWebKit/537.36 (KHTML, like Gecko) Version/4.0 Chrome/53.0.2785.49 Mobile MQQBrowser/6.2 TBS/043602 Safari/537.36 MicroMessenger/6.5.16.1120 NetType/WIFI Language/zh_CN" "-"
88.99.250.15 - - [03/Dec/2019:12:48:48 +0100] "GET /tienda/111-camiseta-tecnica-maurice.html HTTP/1.1" 404 65984 "-" "Mozilla/5.0 (compatible; BLEXBot/1.0; +http://webmeup-crawler.com/)" "wpfront-notification-bar-landingpage=1"
60.187.228.17 - - [03/Dec/2019:12:48:52 +0100] "GET /producto/camiseta-tecnica-tirantes-sprint-aq-sprint HTTP/1.1" 301 3575 "-" "Mozilla/5.0(Linux;Android 5.1.1;OPPO A33 Build/LMY47V;wv) AppleWebKit/537.36(KHTML,link Gecko) Version/4.0 Chrome/43.0.2357.121 Mobile Safari/537.36 LieBaoFast/4.51.3" "-"
171.211.100.229 - - [03/Dec/2019:12:48:55 +0100] "GET /producto/mochila-iron-man-eny-ir11 HTTP/1.1" 301 3558 "-" "Mozilla/5.0(Linux;Android 5.1.1;OPPO A33 Build/LMY47V;wv) AppleWebKit/537.36(KHTML,link Gecko) Version/4.0 Chrome/43.0.2357.121 Mobile Safari/537.36 LieBaoFast/4.51.3" "-"
217.76.130.90 - - [03/Dec/2019:12:49:03 +0100] "POST /wp-cron.php?doing_wp_cron=1575373743.4642779827117919921875 HTTP/1.1" 200 164 "http://amazingsportwear.com/wp-cron.php?doing_wp_cron=1575373743.4642779827117919921875" "WordPress/5.2.4; https://amazingsportwear.com" "-"
88.99.250.15 - - [03/Dec/2019:12:49:02 +0100] "GET /tienda/114-camiseta-tecnic-rox-nino-cat-5249.html HTTP/1.1" 404 68047 "-" "Mozilla/5.0 (compatible; BLEXBot/1.0; +http://webmeup-crawler.com/)" "wpfront-notification-bar-landingpage=1"
171.211.100.229 - - [03/Dec/2019:12:49:09 +0100] "GET /producto/mochila-iron-man-eny-ir11/ HTTP/1.1" 200 90533 "-" "Mozilla/5.0(Linux;Android 5.1.1;OPPO A33 Build/LMY47V;wv) AppleWebKit/537.36(KHTML,link Gecko) Version/4.0 Chrome/43.0.2357.121 Mobile Safari/537.36 LieBaoFast/4.51.3" "wpfront-notification-bar-landingpage=1"
88.99.250.15 - - [03/Dec/2019:12:49:11 +0100] "GET /tienda/118-camiseta-tecnica-manga-larga-sa-0415.html HTTP/1.1" 404 68058 "-" "Mozilla/5.0 (compatible; BLEXBot/1.0; +http://webmeup-crawler.com/)" "wpfront-notification-bar-landingpage=1"
88.99.250.15 - - [03/Dec/2019:12:49:17 +0100] "GET /tienda/121-camiseta-tecnica-arabia-eny-ar01-blanca.html HTTP/1.1" 404 68059 "-" "Mozilla/5.0 (compatible; BLEXBot/1.0; +http://webmeup-crawler.com/)" "wpfront-notification-bar-landingpage=1"
88.99.250.15 - - [03/Dec/2019:12:49:23 +0100] "GET /tienda/122-camiseta-tecnica-arabia-eny-ar01-color.html HTTP/1.1" 404 68057 "-" "Mozilla/5.0 (compatible; BLEXBot/1.0; +http://webmeup-crawler.com/)" "wpfront-notification-bar-landingpage=1"
88.99.250.15 - - [03/Dec/2019:12:49:27 +0100] "GET /tienda/130-camiseta-tecnica-indianapolis-sa-6650.html HTTP/1.1" 404 68045 "-" "Mozilla/5.0 (compatible; BLEXBot/1.0; +http://webmeup-crawler.com/)" "wpfront-notification-bar-landingpage=1"
88.99.250.15 - - [03/Dec/2019:12:49:32 +0100] "GET /tienda/131-camiseta-tecnica-plus-combinada-cif-t1050.html HTTP/1.1" 404 68058 "-" "Mozilla/5.0 (compatible; BLEXBot/1.0; +http://webmeup-crawler.com/)" "wpfront-notification-bar-landingpage=1"
88.99.250.15 - - [03/Dec/2019:12:49:37 +0100] "GET /tienda/134-camiseta-tecnica-power-aq-power.html HTTP/1.1" 404 68043 "-" "Mozilla/5.0 (compatible; BLEXBot/1.0; +http://webmeup-crawler.com/)" "wpfront-notification-bar-landingpage=1"
88.99.250.15 - - [03/Dec/2019:12:49:40 +0100] "GET /tienda/139-camiseta-tecnica-cyber-aq-cyber.html HTTP/1.1" 404 68053 "-" "Mozilla/5.0 (compatible; BLEXBot/1.0; +http://webmeup-crawler.com/)" "wpfront-notification-bar-landingpage=1"
60.187.228.17 - - [03/Dec/2019:12:49:40 +0100] "GET /producto/camiseta-tecnica-tirantes-sprint-aq-sprint/ HTTP/1.1" 200 100592 "-" "Mozilla/5.0(Linux;Android 5.1.1;OPPO A33 Build/LMY47V;wv) AppleWebKit/537.36(KHTML,link Gecko) Version/4.0 Chrome/43.0.2357.121 Mobile Safari/537.36 LieBaoFast/4.51.3" "wpfront-notification-bar-landingpage=1"
88.99.250.15 - - [03/Dec/2019:12:49:46 +0100] "GET /tienda/142-camiseta-tecnica-giro-aq-giro.html HTTP/1.1" 404 68029 "-" "Mozilla/5.0 (compatible; BLEXBot/1.0; +http://webmeup-crawler.com/)" "wpfront-notification-bar-landingpage=1"
88.99.250.15 - - [03/Dec/2019:12:49:48 +0100] "GET /tienda/150-camiseta-tecnica-boomer-aq-jaguar.html HTTP/1.1" 404 68012 "-" "Mozilla/5.0 (compatible; BLEXBot/1.0; +http://webmeup-crawler.com/)" "wpfront-notification-bar-landingpage=1"
88.99.250.15 - - [03/Dec/2019:12:49:56 +0100] "GET /tienda/151-camiseta-tecnica-nath-action.html HTTP/1.1" 404 68007 "-" "Mozilla/5.0 (compatible; BLEXBot/1.0; +http://webmeup-crawler.com/)" "wpfront-notification-bar-landingpage=1"
88.99.250.15 - - [03/Dec/2019:12:50:01 +0100] "GET /tienda/163-camiseta-tecnica-mujer-cuello-pico-giro-aq-giro-woman.html HTTP/1.1" 404 68087 "-" "Mozilla/5.0 (compatible; BLEXBot/1.0; +http://webmeup-crawler.com/)" "wpfront-notification-bar-landingpage=1"
217.76.130.90 - - [03/Dec/2019:12:50:07 +0100] "POST /wp-cron.php?doing_wp_cron=1575373807.3789169788360595703125 HTTP/1.1" 200 164 "http://amazingsportwear.com/wp-cron.php?doing_wp_cron=1575373807.3789169788360595703125" "WordPress/5.2.4; https://amazingsportwear.com" "-"
88.99.250.15 - - [03/Dec/2019:12:50:06 +0100] "GET /tienda/164-camiseta-tecnica-mujer-potenza-aq-potenza.html HTTP/1.1" 404 68088 "-" "Mozilla/5.0 (compatible; BLEXBot/1.0; +http://webmeup-crawler.com/)" "wpfront-notification-bar-landingpage=1"
88.99.250.15 - - [03/Dec/2019:12:50:12 +0100] "GET /tienda/165-camiseta-tecnica-mujer-stella-aq-stella.html HTTP/1.1" 404 68089 "-" "Mozilla/5.0 (compatible; BLEXBot/1.0; +http://webmeup-crawler.com/)" "wpfront-notification-bar-landingpage=1"
222.220.153.155 - - [03/Dec/2019:12:50:17 +0100] "GET /categoria-producto/inicio/page/16 HTTP/1.1" 301 3557 "-" "Mozilla/5.0(Linux;Android 5.1.1;OPPO A33 Build/LMY47V;wv) AppleWebKit/537.36(KHTML,link Gecko) Version/4.0 Chrome/42.0.2311.138 Mobile Safari/537.36 Mb2345Browser/9.0" "-"
88.99.250.15 - - [03/Dec/2019:12:50:18 +0100] "GET /tienda/166-camiseta-tecnica-mujer-janis-aq-janis.html HTTP/1.1" 404 68127 "-" "Mozilla/5.0 (compatible; BLEXBot/1.0; +http://webmeup-crawler.com/)" "-"
88.99.250.15 - - [03/Dec/2019:12:50:21 +0100] "GET /tienda/167-camiseta-tecnica-mujer-olimpia-aq-olimpia.html HTTP/1.1" 404 68058 "-" "Mozilla/5.0 (compatible; BLEXBot/1.0; +http://webmeup-crawler.com/)" "wpfront-notification-bar-landingpage=1"
88.99.250.15 - - [03/Dec/2019:12:50:24 +0100] "GET /tienda/168-camiseta-tecnica-fitness-woman-aq-fitness-woman.html HTTP/1.1" 404 68055 "-" "Mozilla/5.0 (compatible; BLEXBot/1.0; +http://webmeup-crawler.com/)" "wpfront-notification-bar-landingpage=1"
222.220.153.155 - - [03/Dec/2019:12:50:24 +0100] "GET /categoria-producto/inicio/page/16/ HTTP/1.1" 200 78168 "-" "Mozilla/5.0(Linux;Android 5.1.1;OPPO A33 Build/LMY47V;wv) AppleWebKit/537.36(KHTML,link Gecko) Version/4.0 Chrome/42.0.2311.138 Mobile Safari/537.36 Mb2345Browser/9.0" "wpfront-notification-bar-landingpage=1"
88.99.250.15 - - [03/Dec/2019:12:50:31 +0100] "GET /tienda/169-camiseta-tecnica-tandem-woman-aq-tandem-woman.html HTTP/1.1" 404 68051 "-" "Mozilla/5.0 (compatible; BLEXBot/1.0; +http://webmeup-crawler.com/)" "wpfront-notification-bar-landingpage=1"
88.99.250.15 - - [03/Dec/2019:12:50:35 +0100] "GET /tienda/170-camiseta-tecnica-cuello-pico-woman-aq-woman.html HTTP/1.1" 404 68077 "-" "Mozilla/5.0 (compatible; BLEXBot/1.0; +http://webmeup-crawler.com/)" "wpfront-notification-bar-landingpage=1"
88.99.250.15 - - [03/Dec/2019:12:50:40 +0100] "GET /tienda/171-polo-tecnico-woman-aq-polo-woman.html HTTP/1.1" 404 68055 "-" "Mozilla/5.0 (compatible; BLEXBot/1.0; +http://webmeup-crawler.com/)" "wpfront-notification-bar-landingpage=1"
88.99.250.15 - - [03/Dec/2019:12:50:46 +0100] "GET /tienda/173-polo-tecnico-sport-aq-polo-sport.html HTTP/1.1" 404 68055 "-" "Mozilla/5.0 (compatible; BLEXBot/1.0; +http://webmeup-crawler.com/)" "wpfront-notification-bar-landingpage=1"
88.99.250.15 - - [03/Dec/2019:12:50:52 +0100] "GET /tienda/174-malla-athletic-sa-0493.html HTTP/1.1" 404 68015 "-" "Mozilla/5.0 (compatible; BLEXBot/1.0; +http://webmeup-crawler.com/)" "wpfront-notification-bar-landingpage=1"
88.99.250.15 - - [03/Dec/2019:12:50:59 +0100] "GET /tienda/175-pantalon-deportivo-padel-tenis-nath-energy.html HTTP/1.1" 404 68065 "-" "Mozilla/5.0 (compatible; BLEXBot/1.0; +http://webmeup-crawler.com/)" "wpfront-notification-bar-landingpage=1"
217.76.130.90 - - [03/Dec/2019:12:51:05 +0100] "POST /wp-cron.php?doing_wp_cron=1575373865.2307870388031005859375 HTTP/1.1" 200 164 "http://amazingsportwear.com/wp-cron.php?doing_wp_cron=1575373865.2307870388031005859375" "WordPress/5.2.4; https://amazingsportwear.com" "-"
88.99.250.15 - - [03/Dec/2019:12:51:04 +0100] "GET /tienda/176-pantalon-mujer-rocky-nath-rocky.html HTTP/1.1" 404 68048 "-" "Mozilla/5.0 (compatible; BLEXBot/1.0; +http://webmeup-crawler.com/)" "wpfront-notification-bar-landingpage=1"
217.76.130.90 - - [03/Dec/2019:12:51:06 +0100] "POST /wp-cron.php?doing_wp_cron=1575373866.1777789592742919921875 HTTP/1.1" 200 3389 "https://amazingsportwear.com/wp-cron.php?doing_wp_cron=1575373866.1777789592742919921875" "WordPress/5.2.4; https://amazingsportwear.com" "-"
202.104.45.253 - - [03/Dec/2019:12:51:05 +0100] "GET /producto/botella-para-deporte-aqua HTTP/1.1" 301 3558 "-" "Mozilla/5.0(Linux;Android 5.1.1;OPPO A33 Build/LMY47V;wv) AppleWebKit/537.36(KHTML,link Gecko) Version/4.0 Chrome/43.0.2357.121 Mobile Safari/537.36 LieBaoFast/4.51.3" "-"
202.104.45.253 - - [03/Dec/2019:12:51:07 +0100] "GET /producto/botella-para-deporte-aqua/ HTTP/1.1" 200 99496 "-" "Mozilla/5.0(Linux;Android 5.1.1;OPPO A33 Build/LMY47V;wv) AppleWebKit/537.36(KHTML,link Gecko) Version/4.0 Chrome/43.0.2357.121 Mobile Safari/537.36 LieBaoFast/4.51.3" "wpfront-notification-bar-landingpage=1"
88.99.250.15 - - [03/Dec/2019:12:51:09 +0100] "GET /tienda/177-cullot-deportivo-mujer-cat-4718.html HTTP/1.1" 404 68083 "-" "Mozilla/5.0 (compatible; BLEXBot/1.0; +http://webmeup-crawler.com/)" "wpfront-notification-bar-landingpage=1"
88.99.250.15 - - [03/Dec/2019:12:51:16 +0100] "GET /tienda/178-falda-mujer-ajustable-nath-sunset.html HTTP/1.1" 404 68037 "-" "Mozilla/5.0 (compatible; BLEXBot/1.0; +http://webmeup-crawler.com/)" "wpfront-notification-bar-landingpage=1"
88.99.250.15 - - [03/Dec/2019:12:51:18 +0100] "GET /tienda/202-camiseta-tecnica-austin-sa-6654.html HTTP/1.1" 404 68028 "-" "Mozilla/5.0 (compatible; BLEXBot/1.0; +http://webmeup-crawler.com/)" "wpfront-notification-bar-landingpage=1"
88.99.250.15 - - [03/Dec/2019:12:51:25 +0100] "GET /tienda/203-camiseta-tecnica-suzuka-sa-6657.html HTTP/1.1" 404 68048 "-" "Mozilla/5.0 (compatible; BLEXBot/1.0; +http://webmeup-crawler.com/)" "wpfront-notification-bar-landingpage=1"
88.99.250.15 - - [03/Dec/2019:12:51:29 +0100] "GET /tienda/205-camiseta-tecnica-aida-sa-6656.html HTTP/1.1" 404 68084 "-" "Mozilla/5.0 (compatible; BLEXBot/1.0; +http://webmeup-crawler.com/)" "wpfront-notification-bar-landingpage=1"
88.99.250.15 - - [03/Dec/2019:12:51:32 +0100] "GET /tienda/206-camiseta-tecnica-shangai-ls-sa-6670.html HTTP/1.1" 404 68086 "-" "Mozilla/5.0 (compatible; BLEXBot/1.0; +http://webmeup-crawler.com/)" "wpfront-notification-bar-landingpage=1"
88.99.250.15 - - [03/Dec/2019:12:51:35 +0100] "GET /tienda/207-pantalon-corto-everton-sa-6651.html HTTP/1.1" 404 68051 "-" "Mozilla/5.0 (compatible; BLEXBot/1.0; +http://webmeup-crawler.com/)" "wpfront-notification-bar-landingpage=1"
88.99.250.15 - - [03/Dec/2019:12:51:39 +0100] "GET /tienda/208-pantalon-corto-sport-sa-6705.html HTTP/1.1" 404 68062 "-" "Mozilla/5.0 (compatible; BLEXBot/1.0; +http://webmeup-crawler.com/)" "wpfront-notification-bar-landingpage=1"
88.99.250.15 - - [03/Dec/2019:12:51:43 +0100] "GET /tienda/209-pantalon-corto-spiro-sa-0449.html HTTP/1.1" 404 68032 "-" "Mozilla/5.0 (compatible; BLEXBot/1.0; +http://webmeup-crawler.com/)" "wpfront-notification-bar-landingpage=1"
88.99.250.15 - - [03/Dec/2019:12:51:47 +0100] "GET /tienda/210-pantalon-largo-cerler-sa-0461.html HTTP/1.1" 404 68024 "-" "Mozilla/5.0 (compatible; BLEXBot/1.0; +http://webmeup-crawler.com/)" "wpfront-notification-bar-landingpage=1"
