217.76.130.90 - - [07/Dec/2019:15:58:58 +0100] "POST /wp-cron.php?doing_wp_cron=1575730738.4796800613403320312500 HTTP/1.1" 200 3389 "https://amazingsportwear.com/wp-cron.php?doing_wp_cron=1575730738.4796800613403320312500" "WordPress/5.2.4; https://amazingsportwear.com" "-"
31.4.209.71 - - [07/Dec/2019:15:58:55 +0100] "GET /img/cms/tienda/sa-0450-COLORES.JPG HTTP/1.1" 404 68031 "-" "Mozilla/5.0 (iPhone; CPU iPhone OS 13_2_3 like Mac OS X) AppleWebKit/605.1.15 (KHTML, like Gecko) Version/13.0.3 Mobile/15E148 Safari/604.1" "_ga=GA1.2.1966625877.1575676564; _gid=GA1.2.599735410.1575676564; viewed_cookie_policy=yes"
217.76.130.90 - - [07/Dec/2019:16:08:38 +0100] "POST /wp-cron.php?doing_wp_cron=1575731318.0887858867645263671875 HTTP/1.1" 200 3389 "https://amazingsportwear.com/wp-cron.php?doing_wp_cron=1575731318.0887858867645263671875" "WordPress/5.2.4; https://amazingsportwear.com" "-"
66.249.64.146 - - [07/Dec/2019:16:08:36 +0100] "GET /producto/sudadera-capucha/ HTTP/1.1" 200 101446 "-" "Mozilla/5.0 (Linux; Android 6.0.1; Nexus 5X Build/MMB29P) AppleWebKit/537.36 (KHTML, like Gecko) Chrome/41.0.2272.96 Mobile Safari/537.36 (compatible; Googlebot/2.1; +http://www.google.com/bot.html)" "-"
157.55.39.136 - - [07/Dec/2019:16:09:23 +0100] "GET /wp-content/uploads/2019/04/Bolsa-deporte-athlete-3.png HTTP/1.1" 200 82239 "-" "Mozilla/5.0 (compatible; bingbot/2.0; +http://www.bing.com/bingbot.htm)" "-"
217.76.130.90 - - [07/Dec/2019:16:10:53 +0100] "POST /wp-cron.php?doing_wp_cron=1575731453.2737979888916015625000 HTTP/1.1" 200 3389 "https://amazingsportwear.com/wp-cron.php?doing_wp_cron=1575731453.2737979888916015625000" "WordPress/5.2.4; https://amazingsportwear.com" "-"
40.77.167.92 - - [07/Dec/2019:16:10:51 +0100] "GET /img/cms/camiseta_hands_trasera.jpg HTTP/1.1" 404 72329 "-" "Mozilla/5.0 (compatible; bingbot/2.0; +http://www.bing.com/bingbot.htm)" "-"
217.76.130.90 - - [07/Dec/2019:16:15:53 +0100] "POST /wp-cron.php?doing_wp_cron=1575731753.6081440448760986328125 HTTP/1.1" 200 3389 "https://amazingsportwear.com/wp-cron.php?doing_wp_cron=1575731753.6081440448760986328125" "WordPress/5.2.4; https://amazingsportwear.com" "-"
66.249.64.144 - - [07/Dec/2019:16:15:52 +0100] "GET /producto/llavero-metalico-futbol/ HTTP/1.1" 200 95076 "-" "Mozilla/5.0 (Linux; Android 6.0.1; Nexus 5X Build/MMB29P) AppleWebKit/537.36 (KHTML, like Gecko) Chrome/41.0.2272.96 Mobile Safari/537.36 (compatible; Googlebot/2.1; +http://www.google.com/bot.html)" "-"
66.249.64.144 - - [07/Dec/2019:16:15:56 +0100] "POST /?wc-ajax=get_refreshed_fragments HTTP/1.1" 200 1397 "https://amazingsportwear.com/producto/llavero-metalico-futbol/" "Mozilla/5.0 (Linux; Android 6.0.1; Nexus 5X Build/MMB29P) AppleWebKit/537.36 (KHTML, like Gecko) Chrome/41.0.2272.96 Mobile Safari/537.36 (compatible; Googlebot/2.1; +http://www.google.com/bot.html)" "_ga=GA1.2.969013651.1575676800; _gid=GA1.2.1978218920.1575676800; _gat_gtag_UA_91619287_1=1"
217.76.130.90 - - [07/Dec/2019:16:22:11 +0100] "POST /wp-cron.php?doing_wp_cron=1575732131.8531439304351806640625 HTTP/1.1" 200 3389 "https://amazingsportwear.com/wp-cron.php?doing_wp_cron=1575732131.8531439304351806640625" "WordPress/5.2.4; https://amazingsportwear.com" "-"
66.249.64.146 - - [07/Dec/2019:16:22:10 +0100] "GET /carrito/ HTTP/1.1" 200 91763 "-" "Mozilla/5.0 (Linux; Android 6.0.1; Nexus 5X Build/MMB29P) AppleWebKit/537.36 (KHTML, like Gecko) Chrome/41.0.2272.96 Mobile Safari/537.36 (compatible; Googlebot/2.1; +http://www.google.com/bot.html)" "-"
66.249.64.146 - - [07/Dec/2019:16:22:13 +0100] "GET /wp-content/plugins/woocommerce/assets/css/select2.css?ver=3.6.4 HTTP/1.1" 200 15650 "https://amazingsportwear.com/carrito/" "Mozilla/5.0 (Linux; Android 6.0.1; Nexus 5X Build/MMB29P) AppleWebKit/537.36 (KHTML, like Gecko) Chrome/41.0.2272.96 Mobile Safari/537.36 (compatible; Googlebot/2.1; +http://www.google.com/bot.html)" "-"
66.249.64.144 - - [07/Dec/2019:16:22:15 +0100] "GET /wp-content/plugins/woocommerce/assets/js/frontend/country-select.min.js?ver=3.6.4 HTTP/1.1" 200 6937 "https://amazingsportwear.com/carrito/" "Mozilla/5.0 (Linux; Android 6.0.1; Nexus 5X Build/MMB29P) AppleWebKit/537.36 (KHTML, like Gecko) Chrome/41.0.2272.96 Mobile Safari/537.36 (compatible; Googlebot/2.1; +http://www.google.com/bot.html)" "-"
66.249.64.146 - - [07/Dec/2019:16:22:17 +0100] "GET /wp-content/plugins/woocommerce/assets/js/frontend/address-i18n.min.js?ver=3.6.4 HTTP/1.1" 200 2877 "https://amazingsportwear.com/carrito/" "Mozilla/5.0 (Linux; Android 6.0.1; Nexus 5X Build/MMB29P) AppleWebKit/537.36 (KHTML, like Gecko) Chrome/41.0.2272.96 Mobile Safari/537.36 (compatible; Googlebot/2.1; +http://www.google.com/bot.html)" "-"
66.249.64.146 - - [07/Dec/2019:16:22:18 +0100] "GET /wp-content/plugins/woocommerce/assets/js/frontend/cart.min.js?ver=3.6.4 HTTP/1.1" 200 7965 "https://amazingsportwear.com/carrito/" "Mozilla/5.0 (Linux; Android 6.0.1; Nexus 5X Build/MMB29P) AppleWebKit/537.36 (KHTML, like Gecko) Chrome/41.0.2272.96 Mobile Safari/537.36 (compatible; Googlebot/2.1; +http://www.google.com/bot.html)" "-"
66.249.64.146 - - [07/Dec/2019:16:22:18 +0100] "GET /wp-content/plugins/woocommerce/assets/js/selectWoo/selectWoo.full.min.js?ver=1.0.6 HTTP/1.1" 200 77488 "https://amazingsportwear.com/carrito/" "Mozilla/5.0 (Linux; Android 6.0.1; Nexus 5X Build/MMB29P) AppleWebKit/537.36 (KHTML, like Gecko) Chrome/41.0.2272.96 Mobile Safari/537.36 (compatible; Googlebot/2.1; +http://www.google.com/bot.html)" "-"
66.249.64.146 - - [07/Dec/2019:16:22:19 +0100] "POST /?wc-ajax=get_refreshed_fragments HTTP/1.1" 200 1397 "https://amazingsportwear.com/carrito/" "Mozilla/5.0 (Linux; Android 6.0.1; Nexus 5X Build/MMB29P) AppleWebKit/537.36 (KHTML, like Gecko) Chrome/41.0.2272.96 Mobile Safari/537.36 (compatible; Googlebot/2.1; +http://www.google.com/bot.html)" "_ga=GA1.2.1884029788.1575676800; _gid=GA1.2.969013651.1575676800; _gat_gtag_UA_91619287_1=1"
217.76.130.90 - - [07/Dec/2019:16:24:42 +0100] "POST /wp-cron.php?doing_wp_cron=1575732282.9494180679321289062500 HTTP/1.1" 200 3389 "https://amazingsportwear.com/wp-cron.php?doing_wp_cron=1575732282.9494180679321289062500" "WordPress/5.2.4; https://amazingsportwear.com" "-"
66.249.64.148 - - [07/Dec/2019:16:24:42 +0100] "GET /producto/gorra-tecnica-2/ HTTP/1.1" 200 95759 "-" "Mozilla/5.0 (Linux; Android 6.0.1; Nexus 5X Build/MMB29P) AppleWebKit/537.36 (KHTML, like Gecko) Chrome/41.0.2272.96 Mobile Safari/537.36 (compatible; Googlebot/2.1; +http://www.google.com/bot.html)" "-"
189.237.251.57 - - [07/Dec/2019:16:25:55 +0100] "GET /wp-content/uploads/2019/04/Gorra-sport-6.png HTTP/1.1" 200 44428 "https://www.google.com.mx/" "Mozilla/5.0 (Macintosh; Intel Mac OS X 10_15) AppleWebKit/605.1.15 (KHTML, like Gecko) Version/13.0.1 Safari/605.1.15" "-"
217.76.130.90 - - [07/Dec/2019:16:32:53 +0100] "POST /wp-cron.php?doing_wp_cron=1575732773.1956329345703125000000 HTTP/1.1" 200 3389 "https://amazingsportwear.com/wp-cron.php?doing_wp_cron=1575732773.1956329345703125000000" "WordPress/5.2.4; https://amazingsportwear.com" "-"
66.249.64.144 - - [07/Dec/2019:16:32:52 +0100] "GET /producto/falda-tecnica-padel-tenis/ HTTP/1.1" 200 96905 "-" "Mozilla/5.0 (Linux; Android 6.0.1; Nexus 5X Build/MMB29P) AppleWebKit/537.36 (KHTML, like Gecko) Chrome/41.0.2272.96 Mobile Safari/537.36 (compatible; Googlebot/2.1; +http://www.google.com/bot.html)" "-"
217.76.130.90 - - [07/Dec/2019:16:41:31 +0100] "POST /wp-cron.php?doing_wp_cron=1575733291.0129039287567138671875 HTTP/1.1" 200 164 "http://amazingsportwear.com/wp-cron.php?doing_wp_cron=1575733291.0129039287567138671875" "WordPress/5.2.4; https://amazingsportwear.com" "-"
141.8.142.79 - - [07/Dec/2019:16:41:30 +0100] "GET /robots.txt HTTP/1.1" 200 432 "-" "Mozilla/5.0 (compatible; YandexBot/3.0; +http://yandex.com/bots)" "-"
141.8.142.79 - - [07/Dec/2019:16:41:34 +0100] "GET / HTTP/1.1" 301 335 "-" "Mozilla/5.0 (compatible; YandexBot/3.0; +http://yandex.com/bots)" "-"
141.8.142.79 - - [07/Dec/2019:16:41:37 +0100] "GET /robots.txt HTTP/1.1" 200 3944 "-" "Mozilla/5.0 (compatible; YandexBot/3.0; +http://yandex.com/bots)" "-"
141.8.142.79 - - [07/Dec/2019:16:41:41 +0100] "GET / HTTP/1.1" 200 122435 "-" "Mozilla/5.0 (compatible; YandexBot/3.0; +http://yandex.com/bots)" "-"
217.76.130.90 - - [07/Dec/2019:16:46:38 +0100] "POST /wp-cron.php?doing_wp_cron=1575733598.8647899627685546875000 HTTP/1.1" 200 3389 "https://amazingsportwear.com/wp-cron.php?doing_wp_cron=1575733598.8647899627685546875000" "WordPress/5.2.4; https://amazingsportwear.com" "-"
66.249.64.146 - - [07/Dec/2019:16:46:38 +0100] "GET /producto/gorra-sport/ HTTP/1.1" 200 101854 "-" "Mozilla/5.0 (Linux; Android 6.0.1; Nexus 5X Build/MMB29P) AppleWebKit/537.36 (KHTML, like Gecko) Chrome/41.0.2272.96 Mobile Safari/537.36 (compatible; Googlebot/2.1; +http://www.google.com/bot.html)" "-"
217.76.130.90 - - [07/Dec/2019:16:52:59 +0100] "POST /wp-cron.php?doing_wp_cron=1575733979.7487380504608154296875 HTTP/1.1" 200 3389 "https://amazingsportwear.com/wp-cron.php?doing_wp_cron=1575733979.7487380504608154296875" "WordPress/5.2.4; https://amazingsportwear.com" "-"
66.249.64.148 - - [07/Dec/2019:16:52:56 +0100] "GET /tienda/388-gorra-five.html HTTP/1.1" 404 72247 "-" "Mozilla/5.0 (Linux; Android 6.0.1; Nexus 5X Build/MMB29P) AppleWebKit/537.36 (KHTML, like Gecko) Chrome/41.0.2272.96 Mobile Safari/537.36 (compatible; Googlebot/2.1; +http://www.google.com/bot.html)" "-"
217.76.130.90 - - [07/Dec/2019:16:55:07 +0100] "POST /wp-cron.php?doing_wp_cron=1575734107.5614829063415527343750 HTTP/1.1" 200 3389 "https://amazingsportwear.com/wp-cron.php?doing_wp_cron=1575734107.5614829063415527343750" "WordPress/5.2.4; https://amazingsportwear.com" "-"
66.249.64.144 - - [07/Dec/2019:16:55:06 +0100] "GET /producto/mochila-blades/ HTTP/1.1" 200 103452 "-" "Mozilla/5.0 (Linux; Android 6.0.1; Nexus 5X Build/MMB29P) AppleWebKit/537.36 (KHTML, like Gecko) Chrome/41.0.2272.96 Mobile Safari/537.36 (compatible; Googlebot/2.1; +http://www.google.com/bot.html)" "-"
66.249.64.146 - - [07/Dec/2019:16:55:08 +0100] "GET /tienda/383-gorra-sport.html HTTP/1.1" 404 72299 "-" "Mozilla/5.0 (Linux; Android 6.0.1; Nexus 5X Build/MMB29P) AppleWebKit/537.36 (KHTML, like Gecko) Chrome/41.0.2272.96 Mobile Safari/537.36 (compatible; Googlebot/2.1; +http://www.google.com/bot.html)" "-"
66.249.64.146 - - [07/Dec/2019:16:55:12 +0100] "POST /?wc-ajax=get_refreshed_fragments HTTP/1.1" 200 1397 "https://amazingsportwear.com/producto/mochila-blades/" "Mozilla/5.0 (Linux; Android 6.0.1; Nexus 5X Build/MMB29P) AppleWebKit/537.36 (KHTML, like Gecko) Chrome/41.0.2272.96 Mobile Safari/537.36 (compatible; Googlebot/2.1; +http://www.google.com/bot.html)" "_ga=GA1.2.969013651.1575676800; _gid=GA1.2.1978218920.1575676800; _gat_gtag_UA_91619287_1=1"
197.210.62.4 - - [07/Dec/2019:17:08:57 +0100] "GET /wp-content/uploads/2018/05/sa-0421-azul-blanco.jpg HTTP/1.1" 200 91825 "https://www.google.com.ng/" "Mozilla/5.0 (Windows NT 10.0; Win64; x64; rv:71.0) Gecko/20100101 Firefox/71.0" "-"
217.76.130.90 - - [07/Dec/2019:17:09:03 +0100] "POST /wp-cron.php?doing_wp_cron=1575734943.3123800754547119140625 HTTP/1.1" 200 3389 "https://amazingsportwear.com/wp-cron.php?doing_wp_cron=1575734943.3123800754547119140625" "WordPress/5.2.4; https://amazingsportwear.com" "-"
197.210.62.4 - - [07/Dec/2019:17:09:00 +0100] "GET /producto/polo-tecnico-montmelo-sa-0421/ HTTP/1.1" 200 103568 "https://www.google.com.ng/" "Mozilla/5.0 (Windows NT 10.0; Win64; x64; rv:71.0) Gecko/20100101 Firefox/71.0" "-"
197.210.62.4 - - [07/Dec/2019:17:09:05 +0100] "GET /wp-content/plugins/cookie-law-info/public/css/cookie-law-info-public.css?ver=1.7.6 HTTP/1.1" 200 3373 "https://amazingsportwear.com/producto/polo-tecnico-montmelo-sa-0421/" "Mozilla/5.0 (Windows NT 10.0; Win64; x64; rv:71.0) Gecko/20100101 Firefox/71.0" "-"
197.210.62.4 - - [07/Dec/2019:17:09:05 +0100] "GET /wp-content/plugins/cookie-law-info/public/css/cookie-law-info-gdpr.css?ver=1.7.6 HTTP/1.1" 200 12583 "https://amazingsportwear.com/producto/polo-tecnico-montmelo-sa-0421/" "Mozilla/5.0 (Windows NT 10.0; Win64; x64; rv:71.0) Gecko/20100101 Firefox/71.0" "-"
197.210.62.4 - - [07/Dec/2019:17:09:05 +0100] "GET /wp-includes/css/dist/block-library/style.min.css?ver=5.2.4 HTTP/1.1" 200 29798 "https://amazingsportwear.com/producto/polo-tecnico-montmelo-sa-0421/" "Mozilla/5.0 (Windows NT 10.0; Win64; x64; rv:71.0) Gecko/20100101 Firefox/71.0" "-"
197.210.62.4 - - [07/Dec/2019:17:09:05 +0100] "GET /wp-content/plugins/woocommerce/assets/css/photoswipe/photoswipe.css?ver=3.6.4 HTTP/1.1" 200 4610 "https://amazingsportwear.com/producto/polo-tecnico-montmelo-sa-0421/" "Mozilla/5.0 (Windows NT 10.0; Win64; x64; rv:71.0) Gecko/20100101 Firefox/71.0" "-"
197.210.62.4 - - [07/Dec/2019:17:09:05 +0100] "GET /wp-content/plugins/woocommerce/assets/css/blocks/style.css?ver=3.6.4 HTTP/1.1" 200 6835 "https://amazingsportwear.com/producto/polo-tecnico-montmelo-sa-0421/" "Mozilla/5.0 (Windows NT 10.0; Win64; x64; rv:71.0) Gecko/20100101 Firefox/71.0" "-"
197.210.62.4 - - [07/Dec/2019:17:09:05 +0100] "GET /wp-content/plugins/woocommerce/assets/css/photoswipe/default-skin/default-skin.css?ver=3.6.4 HTTP/1.1" 200 11943 "https://amazingsportwear.com/producto/polo-tecnico-montmelo-sa-0421/" "Mozilla/5.0 (Windows NT 10.0; Win64; x64; rv:71.0) Gecko/20100101 Firefox/71.0" "-"
197.210.62.4 - - [07/Dec/2019:17:09:05 +0100] "GET /wp-includes/js/wp-emoji-release.min.js?ver=5.2.4 HTTP/1.1" 200 14183 "https://amazingsportwear.com/producto/polo-tecnico-montmelo-sa-0421/" "Mozilla/5.0 (Windows NT 10.0; Win64; x64; rv:71.0) Gecko/20100101 Firefox/71.0" "-"
197.210.62.4 - - [07/Dec/2019:17:09:05 +0100] "GET /wp-content/plugins/wpfront-notification-bar/css/wpfront-notification-bar.css?ver=1.7.1 HTTP/1.1" 200 3663 "https://amazingsportwear.com/producto/polo-tecnico-montmelo-sa-0421/" "Mozilla/5.0 (Windows NT 10.0; Win64; x64; rv:71.0) Gecko/20100101 Firefox/71.0" "-"
197.210.62.4 - - [07/Dec/2019:17:09:05 +0100] "GET /wp-content/plugins/simple-social-icons/css/style.css?ver=3.0.1 HTTP/1.1" 200 1562 "https://amazingsportwear.com/producto/polo-tecnico-montmelo-sa-0421/" "Mozilla/5.0 (Windows NT 10.0; Win64; x64; rv:71.0) Gecko/20100101 Firefox/71.0" "-"
197.210.62.4 - - [07/Dec/2019:17:09:05 +0100] "GET /wp-content/themes/shopper/assets/sass/woocommerce/woocommerce.css?ver=5.2.4 HTTP/1.1" 200 83534 "https://amazingsportwear.com/producto/polo-tecnico-montmelo-sa-0421/" "Mozilla/5.0 (Windows NT 10.0; Win64; x64; rv:71.0) Gecko/20100101 Firefox/71.0" "-"
197.210.62.4 - - [07/Dec/2019:17:09:05 +0100] "GET /wp-includes/js/jquery/jquery-migrate.min.js?ver=1.4.1 HTTP/1.1" 200 10399 "https://amazingsportwear.com/producto/polo-tecnico-montmelo-sa-0421/" "Mozilla/5.0 (Windows NT 10.0; Win64; x64; rv:71.0) Gecko/20100101 Firefox/71.0" "-"
197.210.62.4 - - [07/Dec/2019:17:09:05 +0100] "GET /wp-content/plugins/cookie-law-info/public/js/cookie-law-info-public.js?ver=1.7.6 HTTP/1.1" 200 17076 "https://amazingsportwear.com/producto/polo-tecnico-montmelo-sa-0421/" "Mozilla/5.0 (Windows NT 10.0; Win64; x64; rv:71.0) Gecko/20100101 Firefox/71.0" "-"
197.210.62.4 - - [07/Dec/2019:17:09:06 +0100] "GET /wp-content/plugins/wpfront-notification-bar/jquery-plugins/jquery.c.js?ver=1.4.0 HTTP/1.1" 200 3437 "https://amazingsportwear.com/producto/polo-tecnico-montmelo-sa-0421/" "Mozilla/5.0 (Windows NT 10.0; Win64; x64; rv:71.0) Gecko/20100101 Firefox/71.0" "-"
197.210.62.4 - - [07/Dec/2019:17:09:05 +0100] "GET /wp-includes/js/jquery/jquery.js?ver=1.12.4-wp HTTP/1.1" 200 97362 "https://amazingsportwear.com/producto/polo-tecnico-montmelo-sa-0421/" "Mozilla/5.0 (Windows NT 10.0; Win64; x64; rv:71.0) Gecko/20100101 Firefox/71.0" "-"
197.210.62.4 - - [07/Dec/2019:17:09:06 +0100] "GET /wp-content/plugins/wpfront-notification-bar/js/wpfront-notification-bar.js?ver=1.7.1 HTTP/1.1" 200 5662 "https://amazingsportwear.com/producto/polo-tecnico-montmelo-sa-0421/" "Mozilla/5.0 (Windows NT 10.0; Win64; x64; rv:71.0) Gecko/20100101 Firefox/71.0" "-"
197.210.62.4 - - [07/Dec/2019:17:09:05 +0100] "GET /wp-content/themes/shopper/style.css?ver=1.3.8 HTTP/1.1" 200 125315 "https://amazingsportwear.com/producto/polo-tecnico-montmelo-sa-0421/" "Mozilla/5.0 (Windows NT 10.0; Win64; x64; rv:71.0) Gecko/20100101 Firefox/71.0" "-"
197.210.62.4 - - [07/Dec/2019:17:09:06 +0100] "GET /wp-content/plugins/simple-social-icons/svgxuse.js?ver=1.1.21 HTTP/1.1" 200 9580 "https://amazingsportwear.com/producto/polo-tecnico-montmelo-sa-0421/" "Mozilla/5.0 (Windows NT 10.0; Win64; x64; rv:71.0) Gecko/20100101 Firefox/71.0" "-"
197.210.62.4 - - [07/Dec/2019:17:09:06 +0100] "GET /wp-includes/js/jquery/jquery.js HTTP/1.1" 200 97362 "https://amazingsportwear.com/producto/polo-tecnico-montmelo-sa-0421/" "Mozilla/5.0 (Windows NT 10.0; Win64; x64; rv:71.0) Gecko/20100101 Firefox/71.0" "-"
197.210.62.4 - - [07/Dec/2019:17:09:06 +0100] "GET /wp-content/plugins/product-enquiry-for-woocommerce/css/wdm-jquery-ui.css?ver=5.2.4 HTTP/1.1" 200 27001 "https://amazingsportwear.com/producto/polo-tecnico-montmelo-sa-0421/" "Mozilla/5.0 (Windows NT 10.0; Win64; x64; rv:71.0) Gecko/20100101 Firefox/71.0" "-"
197.210.62.4 - - [07/Dec/2019:17:09:06 +0100] "GET /wp-content/themes/shopper/assets/js/crm.js?ver=1561548510 HTTP/1.1" 200 874 "https://amazingsportwear.com/producto/polo-tecnico-montmelo-sa-0421/" "Mozilla/5.0 (Windows NT 10.0; Win64; x64; rv:71.0) Gecko/20100101 Firefox/71.0" "-"
197.210.62.4 - - [07/Dec/2019:17:09:06 +0100] "GET /wp-content/plugins/woocommerce/assets/js/jquery-blockui/jquery.blockUI.min.js?ver=2.70 HTTP/1.1" 200 9908 "https://amazingsportwear.com/producto/polo-tecnico-montmelo-sa-0421/" "Mozilla/5.0 (Windows NT 10.0; Win64; x64; rv:71.0) Gecko/20100101 Firefox/71.0" "-"
197.210.62.4 - - [07/Dec/2019:17:09:06 +0100] "GET /wp-content/plugins/woocommerce/assets/js/frontend/add-to-cart.min.js?ver=3.6.4 HTTP/1.1" 200 2983 "https://amazingsportwear.com/producto/polo-tecnico-montmelo-sa-0421/" "Mozilla/5.0 (Windows NT 10.0; Win64; x64; rv:71.0) Gecko/20100101 Firefox/71.0" "-"
197.210.62.4 - - [07/Dec/2019:17:09:06 +0100] "GET /wp-content/plugins/woocommerce/assets/js/zoom/jquery.zoom.min.js?ver=1.7.21 HTTP/1.1" 200 2957 "https://amazingsportwear.com/producto/polo-tecnico-montmelo-sa-0421/" "Mozilla/5.0 (Windows NT 10.0; Win64; x64; rv:71.0) Gecko/20100101 Firefox/71.0" "-"
197.210.62.4 - - [07/Dec/2019:17:09:06 +0100] "GET /wp-content/plugins/woocommerce/assets/js/flexslider/jquery.flexslider.min.js?ver=2.7.2 HTTP/1.1" 200 23232 "https://amazingsportwear.com/producto/polo-tecnico-montmelo-sa-0421/" "Mozilla/5.0 (Windows NT 10.0; Win64; x64; rv:71.0) Gecko/20100101 Firefox/71.0" "-"
197.210.62.4 - - [07/Dec/2019:17:09:06 +0100] "GET /wp-content/plugins/woocommerce/assets/js/photoswipe/photoswipe-ui-default.min.js?ver=4.1.1 HTTP/1.1" 200 10220 "https://amazingsportwear.com/producto/polo-tecnico-montmelo-sa-0421/" "Mozilla/5.0 (Windows NT 10.0; Win64; x64; rv:71.0) Gecko/20100101 Firefox/71.0" "-"
197.210.62.4 - - [07/Dec/2019:17:09:06 +0100] "GET /wp-content/plugins/woocommerce/assets/js/photoswipe/photoswipe.min.js?ver=4.1.1 HTTP/1.1" 200 32276 "https://amazingsportwear.com/producto/polo-tecnico-montmelo-sa-0421/" "Mozilla/5.0 (Windows NT 10.0; Win64; x64; rv:71.0) Gecko/20100101 Firefox/71.0" "-"
197.210.62.4 - - [07/Dec/2019:17:09:06 +0100] "GET /wp-content/plugins/woocommerce/assets/js/frontend/single-product.min.js?ver=3.6.4 HTTP/1.1" 200 6693 "https://amazingsportwear.com/producto/polo-tecnico-montmelo-sa-0421/" "Mozilla/5.0 (Windows NT 10.0; Win64; x64; rv:71.0) Gecko/20100101 Firefox/71.0" "-"
197.210.62.4 - - [07/Dec/2019:17:09:06 +0100] "GET /wp-content/plugins/woocommerce/assets/js/js-cookie/js.cookie.min.js?ver=2.1.4 HTTP/1.1" 200 2187 "https://amazingsportwear.com/producto/polo-tecnico-montmelo-sa-0421/" "Mozilla/5.0 (Windows NT 10.0; Win64; x64; rv:71.0) Gecko/20100101 Firefox/71.0" "-"
197.210.62.4 - - [07/Dec/2019:17:09:06 +0100] "GET /wp-content/plugins/woocommerce/assets/js/frontend/woocommerce.min.js?ver=3.6.4 HTTP/1.1" 200 1813 "https://amazingsportwear.com/producto/polo-tecnico-montmelo-sa-0421/" "Mozilla/5.0 (Windows NT 10.0; Win64; x64; rv:71.0) Gecko/20100101 Firefox/71.0" "-"
197.210.62.4 - - [07/Dec/2019:17:09:06 +0100] "GET /wp-content/plugins/woocommerce/assets/js/frontend/cart-fragments.min.js?ver=3.6.4 HTTP/1.1" 200 3281 "https://amazingsportwear.com/producto/polo-tecnico-montmelo-sa-0421/" "Mozilla/5.0 (Windows NT 10.0; Win64; x64; rv:71.0) Gecko/20100101 Firefox/71.0" "-"
197.210.62.4 - - [07/Dec/2019:17:09:06 +0100] "GET /wp-content/themes/shopper/assets/js/skip-link-focus-fix.js?ver=1.3.8 HTTP/1.1" 200 1023 "https://amazingsportwear.com/producto/polo-tecnico-montmelo-sa-0421/" "Mozilla/5.0 (Windows NT 10.0; Win64; x64; rv:71.0) Gecko/20100101 Firefox/71.0" "-"
197.210.62.4 - - [07/Dec/2019:17:09:06 +0100] "GET /wp-content/themes/shopper/assets/js/shopper.min.js?ver=1.3.8 HTTP/1.1" 200 5994 "https://amazingsportwear.com/producto/polo-tecnico-montmelo-sa-0421/" "Mozilla/5.0 (Windows NT 10.0; Win64; x64; rv:71.0) Gecko/20100101 Firefox/71.0" "-"
197.210.62.4 - - [07/Dec/2019:17:09:06 +0100] "GET /wp-content/themes/shopper/assets/js/woocommerce/header-cart.min.js?ver=1.3.8 HTTP/1.1" 200 972 "https://amazingsportwear.com/producto/polo-tecnico-montmelo-sa-0421/" "Mozilla/5.0 (Windows NT 10.0; Win64; x64; rv:71.0) Gecko/20100101 Firefox/71.0" "-"
197.210.62.4 - - [07/Dec/2019:17:09:06 +0100] "GET /wp-includes/js/comment-reply.min.js?ver=5.2.4 HTTP/1.1" 200 2575 "https://amazingsportwear.com/producto/polo-tecnico-montmelo-sa-0421/" "Mozilla/5.0 (Windows NT 10.0; Win64; x64; rv:71.0) Gecko/20100101 Firefox/71.0" "-"
197.210.62.4 - - [07/Dec/2019:17:09:06 +0100] "GET /wp-includes/js/wp-embed.min.js?ver=5.2.4 HTTP/1.1" 200 1744 "https://amazingsportwear.com/producto/polo-tecnico-montmelo-sa-0421/" "Mozilla/5.0 (Windows NT 10.0; Win64; x64; rv:71.0) Gecko/20100101 Firefox/71.0" "-"
197.210.62.4 - - [07/Dec/2019:17:09:06 +0100] "GET /wp-includes/js/underscore.min.js?ver=1.8.3 HTTP/1.1" 200 16527 "https://amazingsportwear.com/producto/polo-tecnico-montmelo-sa-0421/" "Mozilla/5.0 (Windows NT 10.0; Win64; x64; rv:71.0) Gecko/20100101 Firefox/71.0" "-"
197.210.62.4 - - [07/Dec/2019:17:09:07 +0100] "GET /wp-includes/js/wp-util.min.js?ver=5.2.4 HTTP/1.1" 200 1387 "https://amazingsportwear.com/producto/polo-tecnico-montmelo-sa-0421/" "Mozilla/5.0 (Windows NT 10.0; Win64; x64; rv:71.0) Gecko/20100101 Firefox/71.0" "-"
197.210.62.4 - - [07/Dec/2019:17:09:07 +0100] "GET /wp-content/plugins/woocommerce/assets/js/frontend/add-to-cart-variation.min.js?ver=3.6.4 HTTP/1.1" 200 13625 "https://amazingsportwear.com/producto/polo-tecnico-montmelo-sa-0421/" "Mozilla/5.0 (Windows NT 10.0; Win64; x64; rv:71.0) Gecko/20100101 Firefox/71.0" "-"
197.210.62.4 - - [07/Dec/2019:17:09:07 +0100] "GET /wp-includes/js/jquery/ui/core.min.js?ver=1.11.4 HTTP/1.1" 200 4341 "https://amazingsportwear.com/producto/polo-tecnico-montmelo-sa-0421/" "Mozilla/5.0 (Windows NT 10.0; Win64; x64; rv:71.0) Gecko/20100101 Firefox/71.0" "-"
197.210.62.4 - - [07/Dec/2019:17:09:07 +0100] "GET /wp-content/plugins/akismet/_inc/form.js?ver=4.1.2 HTTP/1.1" 200 1040 "https://amazingsportwear.com/producto/polo-tecnico-montmelo-sa-0421/" "Mozilla/5.0 (Windows NT 10.0; Win64; x64; rv:71.0) Gecko/20100101 Firefox/71.0" "-"
197.210.62.4 - - [07/Dec/2019:17:09:07 +0100] "GET /wp-includes/js/jquery/ui/widget.min.js?ver=1.11.4 HTTP/1.1" 200 7250 "https://amazingsportwear.com/producto/polo-tecnico-montmelo-sa-0421/" "Mozilla/5.0 (Windows NT 10.0; Win64; x64; rv:71.0) Gecko/20100101 Firefox/71.0" "-"
197.210.62.4 - - [07/Dec/2019:17:09:07 +0100] "GET /wp-includes/js/jquery/ui/mouse.min.js?ver=1.11.4 HTTP/1.1" 200 3489 "https://amazingsportwear.com/producto/polo-tecnico-montmelo-sa-0421/" "Mozilla/5.0 (Windows NT 10.0; Win64; x64; rv:71.0) Gecko/20100101 Firefox/71.0" "-"
197.210.62.4 - - [07/Dec/2019:17:09:07 +0100] "GET /wp-includes/js/jquery/ui/resizable.min.js?ver=1.11.4 HTTP/1.1" 200 18798 "https://amazingsportwear.com/producto/polo-tecnico-montmelo-sa-0421/" "Mozilla/5.0 (Windows NT 10.0; Win64; x64; rv:71.0) Gecko/20100101 Firefox/71.0" "-"
197.210.62.4 - - [07/Dec/2019:17:09:07 +0100] "GET /wp-includes/js/jquery/ui/draggable.min.js?ver=1.11.4 HTTP/1.1" 200 19277 "https://amazingsportwear.com/producto/polo-tecnico-montmelo-sa-0421/" "Mozilla/5.0 (Windows NT 10.0; Win64; x64; rv:71.0) Gecko/20100101 Firefox/71.0" "-"
197.210.62.4 - - [07/Dec/2019:17:09:07 +0100] "GET /wp-includes/js/jquery/ui/position.min.js?ver=1.11.4 HTTP/1.1" 200 6869 "https://amazingsportwear.com/producto/polo-tecnico-montmelo-sa-0421/" "Mozilla/5.0 (Windows NT 10.0; Win64; x64; rv:71.0) Gecko/20100101 Firefox/71.0" "-"
197.210.62.4 - - [07/Dec/2019:17:09:07 +0100] "GET /wp-includes/js/jquery/ui/button.min.js?ver=1.11.4 HTTP/1.1" 200 7578 "https://amazingsportwear.com/producto/polo-tecnico-montmelo-sa-0421/" "Mozilla/5.0 (Windows NT 10.0; Win64; x64; rv:71.0) Gecko/20100101 Firefox/71.0" "-"
197.210.62.4 - - [07/Dec/2019:17:09:07 +0100] "GET /wp-includes/js/jquery/ui/dialog.min.js?ver=1.11.4 HTTP/1.1" 200 12482 "https://amazingsportwear.com/producto/polo-tecnico-montmelo-sa-0421/" "Mozilla/5.0 (Windows NT 10.0; Win64; x64; rv:71.0) Gecko/20100101 Firefox/71.0" "-"
197.210.62.4 - - [07/Dec/2019:17:09:07 +0100] "GET /wp-content/plugins/product-enquiry-for-woocommerce/js/wdm_jquery.validate.min.js?ver=5.2.4 HTTP/1.1" 200 21818 "https://amazingsportwear.com/producto/polo-tecnico-montmelo-sa-0421/" "Mozilla/5.0 (Windows NT 10.0; Win64; x64; rv:71.0) Gecko/20100101 Firefox/71.0" "-"
197.210.62.4 - - [07/Dec/2019:17:09:07 +0100] "GET /wp-content/plugins/product-enquiry-for-woocommerce/js/contact.js?ver=5.2.4 HTTP/1.1" 200 4681 "https://amazingsportwear.com/producto/polo-tecnico-montmelo-sa-0421/" "Mozilla/5.0 (Windows NT 10.0; Win64; x64; rv:71.0) Gecko/20100101 Firefox/71.0" "-"
197.210.62.4 - - [07/Dec/2019:17:09:07 +0100] "GET /wp-content/uploads/2019/05/cropped-asw-white.png HTTP/1.1" 200 7500 "https://amazingsportwear.com/producto/polo-tecnico-montmelo-sa-0421/" "Mozilla/5.0 (Windows NT 10.0; Win64; x64; rv:71.0) Gecko/20100101 Firefox/71.0" "-"
197.210.62.4 - - [07/Dec/2019:17:09:07 +0100] "GET /wp-content/uploads/2018/05/sa-0421-negro-blanco.jpg HTTP/1.1" 200 75477 "https://amazingsportwear.com/producto/polo-tecnico-montmelo-sa-0421/" "Mozilla/5.0 (Windows NT 10.0; Win64; x64; rv:71.0) Gecko/20100101 Firefox/71.0" "-"
197.210.62.4 - - [07/Dec/2019:17:09:07 +0100] "GET /wp-content/uploads/2018/05/sa-0421-chico.jpg HTTP/1.1" 200 76165 "https://amazingsportwear.com/producto/polo-tecnico-montmelo-sa-0421/" "Mozilla/5.0 (Windows NT 10.0; Win64; x64; rv:71.0) Gecko/20100101 Firefox/71.0" "-"
197.210.62.4 - - [07/Dec/2019:17:09:07 +0100] "GET /wp-content/uploads/2018/05/sa-0421-colores-1.jpg HTTP/1.1" 200 15816 "https://amazingsportwear.com/producto/polo-tecnico-montmelo-sa-0421/" "Mozilla/5.0 (Windows NT 10.0; Win64; x64; rv:71.0) Gecko/20100101 Firefox/71.0" "-"
197.210.62.4 - - [07/Dec/2019:17:09:07 +0100] "GET /wp-content/uploads/2018/05/sa-0421-negro-lima.jpg HTTP/1.1" 200 9323 "https://amazingsportwear.com/producto/polo-tecnico-montmelo-sa-0421/" "Mozilla/5.0 (Windows NT 10.0; Win64; x64; rv:71.0) Gecko/20100101 Firefox/71.0" "-"
197.210.62.4 - - [07/Dec/2019:17:09:07 +0100] "GET /wp-content/themes/shopper/assets/fonts/fontawesome-webfont.woff2?v=4.7.0 HTTP/1.1" 200 77615 "https://amazingsportwear.com/wp-content/themes/shopper/style.css?ver=1.3.8" "Mozilla/5.0 (Windows NT 10.0; Win64; x64; rv:71.0) Gecko/20100101 Firefox/71.0" "-"
197.210.62.4 - - [07/Dec/2019:17:09:06 +0100] "GET /img/cms/tienda/sa-0421-colores.jpg HTTP/1.1" 404 68066 "-" "Mozilla/5.0 (Windows NT 10.0; Win64; x64; rv:71.0) Gecko/20100101 Firefox/71.0" "-"
197.210.62.4 - - [07/Dec/2019:17:09:07 +0100] "GET /wp-content/plugins/simple-social-icons/symbol-defs.svg HTTP/1.1" 200 19699 "https://amazingsportwear.com/producto/polo-tecnico-montmelo-sa-0421/" "Mozilla/5.0 (Windows NT 10.0; Win64; x64; rv:71.0) Gecko/20100101 Firefox/71.0" "-"
197.210.62.4 - - [07/Dec/2019:17:09:07 +0100] "GET /wp-content/uploads/2018/05/sa-0421-roji-blanco.jpg HTTP/1.1" 200 105303 "https://amazingsportwear.com/producto/polo-tecnico-montmelo-sa-0421/" "Mozilla/5.0 (Windows NT 10.0; Win64; x64; rv:71.0) Gecko/20100101 Firefox/71.0" "-"
197.210.62.4 - - [07/Dec/2019:17:09:07 +0100] "GET /wp-content/uploads/2018/05/sa-0421-blanco-azul.jpg HTTP/1.1" 200 103356 "https://amazingsportwear.com/producto/polo-tecnico-montmelo-sa-0421/" "Mozilla/5.0 (Windows NT 10.0; Win64; x64; rv:71.0) Gecko/20100101 Firefox/71.0" "-"
197.210.62.4 - - [07/Dec/2019:17:09:07 +0100] "GET /wp-content/uploads/2017/03/aq-titan-joven-300x300.jpg HTTP/1.1" 200 67812 "https://amazingsportwear.com/producto/polo-tecnico-montmelo-sa-0421/" "Mozilla/5.0 (Windows NT 10.0; Win64; x64; rv:71.0) Gecko/20100101 Firefox/71.0" "-"
197.210.62.4 - - [07/Dec/2019:17:09:07 +0100] "GET /wp-content/uploads/2017/03/sa-6650_22302-300x300.jpg HTTP/1.1" 200 10356 "https://amazingsportwear.com/producto/polo-tecnico-montmelo-sa-0421/" "Mozilla/5.0 (Windows NT 10.0; Win64; x64; rv:71.0) Gecko/20100101 Firefox/71.0" "-"
197.210.62.4 - - [07/Dec/2019:17:09:07 +0100] "GET /wp-content/uploads/2018/05/sa-0421-marino-celeste.jpg HTTP/1.1" 200 95791 "https://amazingsportwear.com/producto/polo-tecnico-montmelo-sa-0421/" "Mozilla/5.0 (Windows NT 10.0; Win64; x64; rv:71.0) Gecko/20100101 Firefox/71.0" "-"
197.210.62.4 - - [07/Dec/2019:17:09:07 +0100] "GET /wp-content/uploads/2017/03/sa-0415_60-300x300.jpg HTTP/1.1" 200 15272 "https://amazingsportwear.com/producto/polo-tecnico-montmelo-sa-0421/" "Mozilla/5.0 (Windows NT 10.0; Win64; x64; rv:71.0) Gecko/20100101 Firefox/71.0" "-"
197.210.62.4 - - [07/Dec/2019:17:09:07 +0100] "GET /wp-content/uploads/2019/05/asw-white-300x126.png HTTP/1.1" 200 12061 "https://amazingsportwear.com/producto/polo-tecnico-montmelo-sa-0421/" "Mozilla/5.0 (Windows NT 10.0; Win64; x64; rv:71.0) Gecko/20100101 Firefox/71.0" "-"
197.210.62.4 - - [07/Dec/2019:17:09:08 +0100] "GET /wp-content/uploads/2018/05/sa-0421-chico-100x100.jpg HTTP/1.1" 200 3251 "https://amazingsportwear.com/producto/polo-tecnico-montmelo-sa-0421/" "Mozilla/5.0 (Windows NT 10.0; Win64; x64; rv:71.0) Gecko/20100101 Firefox/71.0" "-"
197.210.62.4 - - [07/Dec/2019:17:09:08 +0100] "GET /wp-content/uploads/2018/05/sa-0421-negro-blanco-100x100.jpg HTTP/1.1" 200 17844 "https://amazingsportwear.com/producto/polo-tecnico-montmelo-sa-0421/" "Mozilla/5.0 (Windows NT 10.0; Win64; x64; rv:71.0) Gecko/20100101 Firefox/71.0" "-"
197.210.62.4 - - [07/Dec/2019:17:09:08 +0100] "GET /wp-content/uploads/2018/05/sa-0421-negro-lima-100x100.jpg HTTP/1.1" 200 2572 "https://amazingsportwear.com/producto/polo-tecnico-montmelo-sa-0421/" "Mozilla/5.0 (Windows NT 10.0; Win64; x64; rv:71.0) Gecko/20100101 Firefox/71.0" "-"
197.210.62.4 - - [07/Dec/2019:17:09:08 +0100] "GET /wp-content/uploads/2018/05/sa-0421-blanco-azul-100x100.jpg HTTP/1.1" 200 19731 "https://amazingsportwear.com/producto/polo-tecnico-montmelo-sa-0421/" "Mozilla/5.0 (Windows NT 10.0; Win64; x64; rv:71.0) Gecko/20100101 Firefox/71.0" "-"
197.210.62.4 - - [07/Dec/2019:17:09:08 +0100] "GET /wp-content/uploads/2018/05/sa-0421-azul-blanco-100x100.jpg HTTP/1.1" 200 18642 "https://amazingsportwear.com/producto/polo-tecnico-montmelo-sa-0421/" "Mozilla/5.0 (Windows NT 10.0; Win64; x64; rv:71.0) Gecko/20100101 Firefox/71.0" "-"
197.210.62.4 - - [07/Dec/2019:17:09:08 +0100] "GET /wp-content/uploads/2018/05/sa-0421-roji-blanco-100x100.jpg HTTP/1.1" 200 19783 "https://amazingsportwear.com/producto/polo-tecnico-montmelo-sa-0421/" "Mozilla/5.0 (Windows NT 10.0; Win64; x64; rv:71.0) Gecko/20100101 Firefox/71.0" "-"
197.210.62.4 - - [07/Dec/2019:17:09:08 +0100] "GET /wp-content/plugins/product-enquiry-for-woocommerce/img/contact/loading.gif HTTP/1.1" 200 3834 "https://amazingsportwear.com/producto/polo-tecnico-montmelo-sa-0421/" "Mozilla/5.0 (Windows NT 10.0; Win64; x64; rv:71.0) Gecko/20100101 Firefox/71.0" "-"
197.210.62.4 - - [07/Dec/2019:17:09:08 +0100] "GET /wp-content/uploads/2018/05/sa-0421-marino-celeste-100x100.jpg HTTP/1.1" 200 20072 "https://amazingsportwear.com/producto/polo-tecnico-montmelo-sa-0421/" "Mozilla/5.0 (Windows NT 10.0; Win64; x64; rv:71.0) Gecko/20100101 Firefox/71.0" "-"
197.210.62.4 - - [07/Dec/2019:17:09:07 +0100] "POST /?wc-ajax=get_refreshed_fragments HTTP/1.1" 200 1397 "https://amazingsportwear.com/producto/polo-tecnico-montmelo-sa-0421/" "Mozilla/5.0 (Windows NT 10.0; Win64; x64; rv:71.0) Gecko/20100101 Firefox/71.0" "-"
197.210.62.4 - - [07/Dec/2019:17:09:08 +0100] "GET /wp-content/uploads/2019/05/cropped-favicon-nuevo-logo-amazinf-128px-32x32.png HTTP/1.1" 200 1224 "-" "Mozilla/5.0 (Windows NT 10.0; Win64; x64; rv:71.0) Gecko/20100101 Firefox/71.0" "wpfront-notification-bar-landingpage=1"
197.210.62.4 - - [07/Dec/2019:17:09:08 +0100] "GET /wp-content/uploads/2019/05/cropped-favicon-nuevo-logo-amazinf-128px-192x192.png HTTP/1.1" 200 10880 "-" "Mozilla/5.0 (Windows NT 10.0; Win64; x64; rv:71.0) Gecko/20100101 Firefox/71.0" "wpfront-notification-bar-landingpage=1"
197.210.62.4 - - [07/Dec/2019:17:09:17 +0100] "GET /favicon.ico HTTP/1.1" 200 259 "-" "Mozilla/5.0 (Windows NT 10.0; Win64; x64; rv:71.0) Gecko/20100101 Firefox/71.0" "wpfront-notification-bar-landingpage=1; _ga=GA1.2.1350108842.1575734950; _gid=GA1.2.1839915898.1575734950; _gat_gtag_UA_91619287_1=1"
197.210.62.4 - - [07/Dec/2019:17:09:19 +0100] "POST /?wc-ajax=get_refreshed_fragments HTTP/1.1" 200 1345 "https://amazingsportwear.com/producto/polo-tecnico-montmelo-sa-0421/" "Mozilla/5.0 (Windows NT 10.0; Win64; x64; rv:71.0) Gecko/20100101 Firefox/71.0" "wpfront-notification-bar-landingpage=1; _ga=GA1.2.1350108842.1575734950; _gid=GA1.2.1839915898.1575734950; _gat_gtag_UA_91619287_1=1"
197.210.62.4 - - [07/Dec/2019:17:09:41 +0100] "GET /wp-content/plugins/woocommerce/assets/css/photoswipe/default-skin/default-skin.png HTTP/1.1" 200 1019 "https://amazingsportwear.com/wp-content/plugins/woocommerce/assets/css/photoswipe/default-skin/default-skin.css?ver=3.6.4" "Mozilla/5.0 (Windows NT 10.0; Win64; x64; rv:71.0) Gecko/20100101 Firefox/71.0" "wpfront-notification-bar-landingpage=1; _ga=GA1.2.1350108842.1575734950; _gid=GA1.2.1839915898.1575734950; _gat_gtag_UA_91619287_1=1"
197.210.62.4 - - [07/Dec/2019:17:10:41 +0100] "GET /wp-content/uploads/2018/05/sa-0421-chico.jpg HTTP/1.1" 200 79528 "-" "Mozilla/5.0 (Windows NT 10.0; Win64; x64; rv:71.0) Gecko/20100101 Firefox/71.0" "-"
197.210.62.4 - - [07/Dec/2019:17:10:42 +0100] "GET /favicon.ico HTTP/1.1" 200 259 "-" "Mozilla/5.0 (Windows NT 10.0; Win64; x64; rv:71.0) Gecko/20100101 Firefox/71.0" "-"
217.76.130.90 - - [07/Dec/2019:17:15:44 +0100] "POST /wp-cron.php?doing_wp_cron=1575735344.0794610977172851562500 HTTP/1.1" 200 3389 "https://amazingsportwear.com/wp-cron.php?doing_wp_cron=1575735344.0794610977172851562500" "WordPress/5.2.4; https://amazingsportwear.com" "-"
66.249.64.148 - - [07/Dec/2019:17:15:42 +0100] "GET /producto/lavero-triumph/ HTTP/1.1" 200 94155 "-" "Mozilla/5.0 (Linux; Android 6.0.1; Nexus 5X Build/MMB29P) AppleWebKit/537.36 (KHTML, like Gecko) Chrome/41.0.2272.96 Mobile Safari/537.36 (compatible; Googlebot/2.1; +http://www.google.com/bot.html)" "-"
201.160.194.196 - - [07/Dec/2019:17:16:01 +0100] "GET /wp-content/uploads/2019/04/SA-1070-2.png HTTP/1.1" 200 175956 "https://www.google.com/" "Mozilla/5.0 (Linux; Android 7.0; LGMS210) AppleWebKit/537.36 (KHTML, like Gecko) Chrome/78.0.3904.108 Mobile Safari/537.36" "-"
217.76.130.90 - - [07/Dec/2019:17:23:07 +0100] "POST /wp-cron.php?doing_wp_cron=1575735787.9161479473114013671875 HTTP/1.1" 200 3389 "https://amazingsportwear.com/wp-cron.php?doing_wp_cron=1575735787.9161479473114013671875" "WordPress/5.2.4; https://amazingsportwear.com" "-"
66.249.64.148 - - [07/Dec/2019:17:23:06 +0100] "GET /producto/camiseta-tecnica-avus-sa-6658/ HTTP/1.1" 200 97187 "-" "Mozilla/5.0 (Linux; Android 6.0.1; Nexus 5X Build/MMB29P) AppleWebKit/537.36 (KHTML, like Gecko) Chrome/41.0.2272.96 Mobile Safari/537.36 (compatible; Googlebot/2.1; +http://www.google.com/bot.html)" "-"
66.249.64.146 - - [07/Dec/2019:17:23:16 +0100] "POST /?wc-ajax=get_refreshed_fragments HTTP/1.1" 200 4760 "https://amazingsportwear.com/producto/camiseta-tecnica-avus-sa-6658/" "Mozilla/5.0 (Linux; Android 6.0.1; Nexus 5X Build/MMB29P) AppleWebKit/537.36 (KHTML, like Gecko) Chrome/41.0.2272.96 Mobile Safari/537.36 (compatible; Googlebot/2.1; +http://www.google.com/bot.html)" "_ga=GA1.2.969013651.1575676800; _gid=GA1.2.1978218920.1575676800; _gat_gtag_UA_91619287_1=1"
157.55.39.136 - - [07/Dec/2019:17:25:15 +0100] "GET /wp-content/uploads/2019/04/Bolsa-deporte-athlete-3.png HTTP/1.1" 200 82239 "-" "Mozilla/5.0 (compatible; bingbot/2.0; +http://www.bing.com/bingbot.htm)" "-"
217.76.130.90 - - [07/Dec/2019:17:25:17 +0100] "POST /wp-cron.php?doing_wp_cron=1575735917.2093129158020019531250 HTTP/1.1" 200 3389 "https://amazingsportwear.com/wp-cron.php?doing_wp_cron=1575735917.2093129158020019531250" "WordPress/5.2.4; https://amazingsportwear.com" "-"
66.249.64.148 - - [07/Dec/2019:17:25:16 +0100] "GET /producto/camiseta-basket-sin-costadillos/ HTTP/1.1" 200 94624 "-" "Mozilla/5.0 (Linux; Android 6.0.1; Nexus 5X Build/MMB29P) AppleWebKit/537.36 (KHTML, like Gecko) Chrome/41.0.2272.96 Mobile Safari/537.36 (compatible; Googlebot/2.1; +http://www.google.com/bot.html)" "-"
66.249.64.144 - - [07/Dec/2019:17:25:24 +0100] "GET /producto/camiseta-tecnica-boomer-aq-jaguar/ HTTP/1.1" 200 105385 "-" "Mozilla/5.0 (Linux; Android 6.0.1; Nexus 5X Build/MMB29P) AppleWebKit/537.36 (KHTML, like Gecko) Chrome/41.0.2272.96 Mobile Safari/537.36 (compatible; Googlebot/2.1; +http://www.google.com/bot.html)" "-"
66.249.64.144 - - [07/Dec/2019:17:25:39 +0100] "POST /?wc-ajax=get_refreshed_fragments HTTP/1.1" 200 1397 "https://amazingsportwear.com/producto/camiseta-tecnica-boomer-aq-jaguar/" "Mozilla/5.0 (Linux; Android 6.0.1; Nexus 5X Build/MMB29P) AppleWebKit/537.36 (KHTML, like Gecko) Chrome/41.0.2272.96 Mobile Safari/537.36 (compatible; Googlebot/2.1; +http://www.google.com/bot.html)" "_ga=GA1.2.969013651.1575676800; _gid=GA1.2.1978218920.1575676800; _gat_gtag_UA_91619287_1=1"
217.76.130.90 - - [07/Dec/2019:17:30:23 +0100] "POST /wp-cron.php?doing_wp_cron=1575736223.3531930446624755859375 HTTP/1.1" 200 3389 "https://amazingsportwear.com/wp-cron.php?doing_wp_cron=1575736223.3531930446624755859375" "WordPress/5.2.4; https://amazingsportwear.com" "-"
66.249.64.146 - - [07/Dec/2019:17:30:22 +0100] "GET / HTTP/1.1" 200 125808 "-" "Mozilla/5.0 (compatible; Googlebot/2.1; +http://www.google.com/bot.html)" "-"
217.76.130.90 - - [07/Dec/2019:17:34:39 +0100] "POST /wp-cron.php?doing_wp_cron=1575736479.1583499908447265625000 HTTP/1.1" 200 164 "http://amazingsportwear.com/wp-cron.php?doing_wp_cron=1575736479.1583499908447265625000" "WordPress/5.2.4; https://amazingsportwear.com" "-"
40.77.167.107 - - [07/Dec/2019:17:34:38 +0100] "GET /atletismo/21-camiseta-manga-corta-ranglan-atletismo.html HTTP/1.1" 404 68088 "-" "Mozilla/5.0 (iPhone; CPU iPhone OS 7_0 like Mac OS X) AppleWebKit/537.51.1 (KHTML, like Gecko) Version/7.0 Mobile/11A465 Safari/9537.53 (compatible; bingbot/2.0; +http://www.bing.com/bingbot.htm)" "-"
217.76.130.90 - - [07/Dec/2019:17:37:17 +0100] "POST /wp-cron.php?doing_wp_cron=1575736637.1880888938903808593750 HTTP/1.1" 200 3389 "https://amazingsportwear.com/wp-cron.php?doing_wp_cron=1575736637.1880888938903808593750" "WordPress/5.2.4; https://amazingsportwear.com" "-"
40.77.167.107 - - [07/Dec/2019:17:37:16 +0100] "GET /categoria-producto/dos/ HTTP/1.1" 200 63633 "-" "Mozilla/5.0 (compatible; bingbot/2.0; +http://www.bing.com/bingbot.htm)" "-"
190.99.168.253 - - [07/Dec/2019:17:46:09 +0100] "GET /wp-content/uploads/2019/04/Gorra-sport-10.png HTTP/1.1" 200 60426 "https://www.google.com.co/" "Mozilla/5.0 (Windows NT 6.1; Win64; x64) AppleWebKit/537.36 (KHTML, like Gecko) Chrome/78.0.3904.108 Safari/537.36" "-"
217.76.130.90 - - [07/Dec/2019:17:46:16 +0100] "POST /wp-cron.php?doing_wp_cron=1575737176.3780438899993896484375 HTTP/1.1" 200 3389 "https://amazingsportwear.com/wp-cron.php?doing_wp_cron=1575737176.3780438899993896484375" "WordPress/5.2.4; https://amazingsportwear.com" "-"
66.249.64.148 - - [07/Dec/2019:17:46:14 +0100] "GET /producto/camiseta-tecnica-aida-sa-6656/ HTTP/1.1" 200 97119 "-" "Mozilla/5.0 (Linux; Android 6.0.1; Nexus 5X Build/MMB29P) AppleWebKit/537.36 (KHTML, like Gecko) Chrome/41.0.2272.96 Mobile Safari/537.36 (compatible; Googlebot/2.1; +http://www.google.com/bot.html)" "-"
66.249.64.144 - - [07/Dec/2019:17:46:20 +0100] "POST /?wc-ajax=get_refreshed_fragments HTTP/1.1" 200 4760 "https://amazingsportwear.com/producto/camiseta-tecnica-aida-sa-6656/" "Mozilla/5.0 (Linux; Android 6.0.1; Nexus 5X Build/MMB29P) AppleWebKit/537.36 (KHTML, like Gecko) Chrome/41.0.2272.96 Mobile Safari/537.36 (compatible; Googlebot/2.1; +http://www.google.com/bot.html)" "_ga=GA1.2.969013651.1575676800; _gid=GA1.2.1978218920.1575676800; _gat_gtag_UA_91619287_1=1"
190.99.168.253 - - [07/Dec/2019:17:46:27 +0100] "GET /producto/gorra-sport/ HTTP/1.1" 200 98919 "https://www.google.com.co/" "Mozilla/5.0 (Windows NT 6.1; Win64; x64) AppleWebKit/537.36 (KHTML, like Gecko) Chrome/78.0.3904.108 Safari/537.36" "-"
66.249.64.144 - - [07/Dec/2019:17:46:40 +0100] "GET /categoria-producto/carpas/ HTTP/1.1" 200 60461 "-" "Mozilla/5.0 (Linux; Android 6.0.1; Nexus 5X Build/MMB29P) AppleWebKit/537.36 (KHTML, like Gecko) Chrome/41.0.2272.96 Mobile Safari/537.36 (compatible; Googlebot/2.1; +http://www.google.com/bot.html)" "-"
66.249.64.144 - - [07/Dec/2019:17:46:52 +0100] "POST /?wc-ajax=get_refreshed_fragments HTTP/1.1" 200 1397 "https://amazingsportwear.com/categoria-producto/carpas/" "Mozilla/5.0 (Linux; Android 6.0.1; Nexus 5X Build/MMB29P) AppleWebKit/537.36 (KHTML, like Gecko) Chrome/41.0.2272.96 Mobile Safari/537.36 (compatible; Googlebot/2.1; +http://www.google.com/bot.html)" "_ga=GA1.2.1884029788.1575676800; _gid=GA1.2.969013651.1575676800; _gat_gtag_UA_91619287_1=1"
217.76.130.90 - - [07/Dec/2019:17:49:34 +0100] "POST /wp-cron.php?doing_wp_cron=1575737374.6583490371704101562500 HTTP/1.1" 200 164 "http://amazingsportwear.com/wp-cron.php?doing_wp_cron=1575737374.6583490371704101562500" "WordPress/5.2.4; https://amazingsportwear.com" "-"
23.226.211.225 - - [07/Dec/2019:17:49:33 +0100] "GET / HTTP/1.1" 301 336 "-" "Mozilla/5.0 (Windows NT 10.0; Win64; x64; rv:64.0) Gecko/20100101 Firefox/64.0" "-"
23.226.211.229 - - [07/Dec/2019:17:49:35 +0100] "GET / HTTP/1.1" 200 125530 "-" "Mozilla/5.0 (Windows NT 10.0; Win64; x64; rv:64.0) Gecko/20100101 Firefox/64.0" "wpfront-notification-bar-landingpage=1; APSERVER_ID=838a6210dd52845dcaeb6230642a2c962a9b137111082562d7bddbc74713a730"
104.222.43.71 - - [07/Dec/2019:17:49:38 +0100] "GET /wp-content/uploads/2019/05/cropped-favicon-nuevo-logo-amazinf-128px-32x32.png HTTP/1.1" 200 4392 "-" "Mozilla/5.0 (Windows NT 10.0; Win64; x64; rv:64.0) Gecko/20100101 Firefox/64.0" "-"
217.76.130.90 - - [07/Dec/2019:17:50:31 +0100] "POST /wp-cron.php?doing_wp_cron=1575737431.4788138866424560546875 HTTP/1.1" 200 3389 "https://amazingsportwear.com/wp-cron.php?doing_wp_cron=1575737431.4788138866424560546875" "WordPress/5.2.4; https://amazingsportwear.com" "-"
40.77.167.92 - - [07/Dec/2019:17:50:30 +0100] "GET /producto/camiseta-tecnica-mujer-cuello-redondo-aq-armour-2/ HTTP/1.1" 200 103587 "-" "Mozilla/5.0 (compatible; bingbot/2.0; +http://www.bing.com/bingbot.htm)" "-"
58.219.174.215 - - [07/Dec/2019:17:50:56 +0100] "GET /etiqueta-producto/llavero-raqueta HTTP/1.1" 301 3557 "-" "Mozilla/5.0 (Linux; Android 7.0; FRD-AL00 Build/HUAWEIFRD-AL00; wv) AppleWebKit/537.36 (KHTML, like Gecko) Version/4.0 Chrome/53.0.2785.49 Mobile MQQBrowser/6.2 TBS/043602 Safari/537.36 MicroMessenger/6.5.16.1120 NetType/WIFI Language/zh_CN" "-"
217.76.130.90 - - [07/Dec/2019:17:51:30 +0100] "POST /wp-cron.php?doing_wp_cron=1575737490.2463150024414062500000 HTTP/1.1" 200 3389 "https://amazingsportwear.com/wp-cron.php?doing_wp_cron=1575737490.2463150024414062500000" "WordPress/5.2.4; https://amazingsportwear.com" "-"
58.219.174.215 - - [07/Dec/2019:17:51:29 +0100] "GET /etiqueta-producto/llavero-raqueta/ HTTP/1.1" 200 53797 "-" "Mozilla/5.0 (Linux; Android 7.0; FRD-AL00 Build/HUAWEIFRD-AL00; wv) AppleWebKit/537.36 (KHTML, like Gecko) Version/4.0 Chrome/53.0.2785.49 Mobile MQQBrowser/6.2 TBS/043602 Safari/537.36 MicroMessenger/6.5.16.1120 NetType/WIFI Language/zh_CN" "wpfront-notification-bar-landingpage=1"
217.76.130.90 - - [07/Dec/2019:17:52:07 +0100] "POST /wp-cron.php?doing_wp_cron=1575737526.9917221069335937500000 HTTP/1.1" 200 3389 "https://amazingsportwear.com/wp-cron.php?doing_wp_cron=1575737526.9917221069335937500000" "WordPress/5.2.4; https://amazingsportwear.com" "-"
66.249.64.146 - - [07/Dec/2019:17:52:06 +0100] "GET /producto/malla-athletic-sa-0493/ HTTP/1.1" 200 94763 "-" "Mozilla/5.0 (compatible; Googlebot/2.1; +http://www.google.com/bot.html)" "-"
217.76.130.90 - - [07/Dec/2019:17:54:50 +0100] "POST /wp-cron.php?doing_wp_cron=1575737690.0222458839416503906250 HTTP/1.1" 200 3389 "https://amazingsportwear.com/wp-cron.php?doing_wp_cron=1575737690.0222458839416503906250" "WordPress/5.2.4; https://amazingsportwear.com" "-"
66.249.64.144 - - [07/Dec/2019:17:54:49 +0100] "GET /producto/llavero-metalico-futbol/ HTTP/1.1" 200 94872 "-" "Mozilla/5.0 (compatible; Googlebot/2.1; +http://www.google.com/bot.html)" "-"
173.252.87.6 - - [07/Dec/2019:17:54:52 +0100] "GET / HTTP/1.1" 301 298 "-" "facebookexternalhit/1.1 (+http://www.facebook.com/externalhit_uatext.php)" "-"
173.252.87.6 - - [07/Dec/2019:17:54:54 +0100] "GET / HTTP/1.1" 200 125565 "-" "facebookexternalhit/1.1 (+http://www.facebook.com/externalhit_uatext.php)" "-"
217.76.130.90 - - [07/Dec/2019:18:03:52 +0100] "POST /wp-cron.php?doing_wp_cron=1575738232.0462329387664794921875 HTTP/1.1" 200 3389 "https://amazingsportwear.com/wp-cron.php?doing_wp_cron=1575738232.0462329387664794921875" "WordPress/5.2.4; https://amazingsportwear.com" "-"
66.249.64.148 - - [07/Dec/2019:18:03:50 +0100] "GET /producto/maillot-manga-larga-ciclismo/ HTTP/1.1" 200 92940 "-" "Mozilla/5.0 (Linux; Android 6.0.1; Nexus 5X Build/MMB29P) AppleWebKit/537.36 (KHTML, like Gecko) Chrome/41.0.2272.96 Mobile Safari/537.36 (compatible; Googlebot/2.1; +http://www.google.com/bot.html)" "-"
217.76.130.90 - - [07/Dec/2019:18:05:02 +0100] "POST /wp-cron.php?doing_wp_cron=1575738302.5653500556945800781250 HTTP/1.1" 200 3389 "https://amazingsportwear.com/wp-cron.php?doing_wp_cron=1575738302.5653500556945800781250" "WordPress/5.2.4; https://amazingsportwear.com" "-"
66.249.64.144 - - [07/Dec/2019:18:05:01 +0100] "GET /producto/mochila-humus/ HTTP/1.1" 200 96995 "-" "Mozilla/5.0 (Linux; Android 6.0.1; Nexus 5X Build/MMB29P) AppleWebKit/537.36 (KHTML, like Gecko) Chrome/41.0.2272.96 Mobile Safari/537.36 (compatible; Googlebot/2.1; +http://www.google.com/bot.html)" "-"
66.249.64.146 - - [07/Dec/2019:18:05:07 +0100] "POST /?wc-ajax=get_refreshed_fragments HTTP/1.1" 200 4760 "https://amazingsportwear.com/producto/mochila-humus/" "Mozilla/5.0 (Linux; Android 6.0.1; Nexus 5X Build/MMB29P) AppleWebKit/537.36 (KHTML, like Gecko) Chrome/41.0.2272.96 Mobile Safari/537.36 (compatible; Googlebot/2.1; +http://www.google.com/bot.html)" "_ga=GA1.2.969013651.1575676800; _gid=GA1.2.1978218920.1575676800; _gat_gtag_UA_91619287_1=1"
217.76.130.90 - - [07/Dec/2019:18:07:00 +0100] "POST /wp-cron.php?doing_wp_cron=1575738420.2688539028167724609375 HTTP/1.1" 200 3389 "https://amazingsportwear.com/wp-cron.php?doing_wp_cron=1575738420.2688539028167724609375" "WordPress/5.2.4; https://amazingsportwear.com" "-"
66.249.64.148 - - [07/Dec/2019:18:06:59 +0100] "GET /producto/gorra-five/ HTTP/1.1" 200 97683 "-" "Mozilla/5.0 (compatible; Googlebot/2.1; +http://www.google.com/bot.html)" "-"
217.76.130.90 - - [07/Dec/2019:18:09:06 +0100] "POST /wp-cron.php?doing_wp_cron=1575738546.5661289691925048828125 HTTP/1.1" 200 164 "http://amazingsportwear.com/wp-cron.php?doing_wp_cron=1575738546.5661289691925048828125" "WordPress/5.2.4; https://amazingsportwear.com" "-"
157.55.39.31 - - [07/Dec/2019:18:09:05 +0100] "GET /robots.txt HTTP/1.1" 200 432 "-" "Mozilla/5.0 (compatible; bingbot/2.0; +http://www.bing.com/bingbot.htm)" "-"
217.76.130.90 - - [07/Dec/2019:18:10:53 +0100] "POST /wp-cron.php?doing_wp_cron=1575738653.0558559894561767578125 HTTP/1.1" 200 164 "http://amazingsportwear.com/wp-cron.php?doing_wp_cron=1575738653.0558559894561767578125" "WordPress/5.2.4; https://amazingsportwear.com" "-"
40.77.167.107 - - [07/Dec/2019:18:10:52 +0100] "GET /tienda/179-chubasquero-plegable-nath-storm.html HTTP/1.1" 404 68090 "-" "Mozilla/5.0 (iPhone; CPU iPhone OS 7_0 like Mac OS X) AppleWebKit/537.51.1 (KHTML, like Gecko) Version/7.0 Mobile/11A465 Safari/9537.53 (compatible; bingbot/2.0; +http://www.bing.com/bingbot.htm)" "-"
217.76.130.90 - - [07/Dec/2019:18:17:43 +0100] "POST /wp-cron.php?doing_wp_cron=1575739063.2549209594726562500000 HTTP/1.1" 200 3389 "https://amazingsportwear.com/wp-cron.php?doing_wp_cron=1575739063.2549209594726562500000" "WordPress/5.2.4; https://amazingsportwear.com" "-"
66.249.64.148 - - [07/Dec/2019:18:17:41 +0100] "GET /etiqueta-producto/manga-ranglan/ HTTP/1.1" 200 58078 "-" "Mozilla/5.0 (Linux; Android 6.0.1; Nexus 5X Build/MMB29P) AppleWebKit/537.36 (KHTML, like Gecko) Chrome/41.0.2272.96 Mobile Safari/537.36 (compatible; Googlebot/2.1; +http://www.google.com/bot.html)" "-"
