66.249.66.68 - - [23/Nov/2019:19:28:55 +0100] "GET /producto/pantalon-corto-carson-sa-1029/ HTTP/1.1" 200 97683 "-" "Mozilla/5.0 (Linux; Android 6.0.1; Nexus 5X Build/MMB29P) AppleWebKit/537.36 (KHTML, like Gecko) Chrome/41.0.2272.96 Mobile Safari/537.36 (compatible; Googlebot/2.1; +http://www.google.com/bot.html)" "-"
66.249.66.68 - - [23/Nov/2019:19:29:01 +0100] "POST /?wc-ajax=get_refreshed_fragments HTTP/1.1" 200 1397 "https://amazingsportwear.com/producto/pantalon-corto-carson-sa-1029/" "Mozilla/5.0 (Linux; Android 6.0.1; Nexus 5X Build/MMB29P) AppleWebKit/537.36 (KHTML, like Gecko) Chrome/41.0.2272.96 Mobile Safari/537.36 (compatible; Googlebot/2.1; +http://www.google.com/bot.html)" "_ga=GA1.2.969013651.1574467200; _gid=GA1.2.1978218920.1574467200; _gat_gtag_UA_91619287_1=1"
217.76.130.90 - - [23/Nov/2019:19:29:06 +0100] "POST /wp-cron.php?doing_wp_cron=1574533746.6326689720153808593750 HTTP/1.1" 200 3389 "https://amazingsportwear.com/wp-cron.php?doing_wp_cron=1574533746.6326689720153808593750" "WordPress/5.2.4; https://amazingsportwear.com" "-"
66.249.66.66 - - [23/Nov/2019:19:29:06 +0100] "GET /etiqueta-producto/kit-primeros-auxilios/ HTTP/1.1" 200 56047 "-" "Mozilla/5.0 (compatible; Googlebot/2.1; +http://www.google.com/bot.html)" "-"
190.141.144.116 - - [23/Nov/2019:19:35:43 +0100] "GET /wp-content/uploads/2019/04/gorra-krox-1.png HTTP/1.1" 200 109889 "https://www.google.com/" "Mozilla/5.0 (Windows NT 10.0; Win64; x64) AppleWebKit/537.36 (KHTML, like Gecko) Chrome/78.0.3904.108 Safari/537.36" "-"
217.76.130.90 - - [23/Nov/2019:19:47:52 +0100] "POST /wp-cron.php?doing_wp_cron=1574534872.1109280586242675781250 HTTP/1.1" 200 164 "http://amazingsportwear.com/wp-cron.php?doing_wp_cron=1574534872.1109280586242675781250" "WordPress/5.2.4; https://amazingsportwear.com" "-"
157.55.39.106 - - [23/Nov/2019:19:47:49 +0100] "GET /atletismo/21-camiseta-manga-corta-ranglan-atletismo.html HTTP/1.1" 404 68133 "-" "Mozilla/5.0 (iPhone; CPU iPhone OS 7_0 like Mac OS X) AppleWebKit/537.51.1 (KHTML, like Gecko) Version/7.0 Mobile/11A465 Safari/9537.53 (compatible; bingbot/2.0; +http://www.bing.com/bingbot.htm)" "-"
217.76.130.90 - - [23/Nov/2019:19:59:49 +0100] "POST /wp-cron.php?doing_wp_cron=1574535589.4056389331817626953125 HTTP/1.1" 200 164 "http://amazingsportwear.com/wp-cron.php?doing_wp_cron=1574535589.4056389331817626953125" "WordPress/5.2.4; https://amazingsportwear.com" "-"
207.46.13.99 - - [23/Nov/2019:19:59:47 +0100] "GET /tienda/175-pantalon-deportivo-padel-tenis-nath-energy.html HTTP/1.1" 404 68097 "-" "Mozilla/5.0 (compatible; bingbot/2.0; +http://www.bing.com/bingbot.htm)" "-"
217.76.130.90 - - [23/Nov/2019:20:00:37 +0100] "POST /wp-cron.php?doing_wp_cron=1574535637.3988790512084960937500 HTTP/1.1" 200 3389 "https://amazingsportwear.com/wp-cron.php?doing_wp_cron=1574535637.3988790512084960937500" "WordPress/5.2.4; https://amazingsportwear.com" "-"
36.32.5.251 - - [23/Nov/2019:20:00:36 +0100] "GET /etiqueta-producto/llavero-tenis HTTP/1.1" 301 3555 "-" "Mozilla/5.0(Linux;Android 5.1.1;OPPO A33 Build/LMY47V;wv) AppleWebKit/537.36(KHTML,link Gecko) Version/4.0 Chrome/42.0.2311.138 Mobile Safari/537.36 Mb2345Browser/9.0" "-"
222.220.154.60 - - [23/Nov/2019:20:00:40 +0100] "GET /wp-content/uploads/2017/03/nath-instinct-mujer-300x300.jpg HTTP/1.1" 200 10741 "-" "Mozilla/5.0(Linux;U;Android 5.1.1;zh-CN;OPPO A33 Build/LMY47V) AppleWebKit/537.36(KHTML,like Gecko) Version/4.0 Chrome/40.0.2214.89 UCBrowser/11.7.0.953 Mobile Safari/537.36" "-"
36.32.5.251 - - [23/Nov/2019:20:00:45 +0100] "GET /etiqueta-producto/llavero-tenis/ HTTP/1.1" 200 55645 "-" "Mozilla/5.0(Linux;Android 5.1.1;OPPO A33 Build/LMY47V;wv) AppleWebKit/537.36(KHTML,link Gecko) Version/4.0 Chrome/42.0.2311.138 Mobile Safari/537.36 Mb2345Browser/9.0" "wpfront-notification-bar-landingpage=1"
217.76.130.90 - - [23/Nov/2019:20:01:03 +0100] "POST /wp-cron.php?doing_wp_cron=1574535663.6007130146026611328125 HTTP/1.1" 200 3389 "https://amazingsportwear.com/wp-cron.php?doing_wp_cron=1574535663.6007130146026611328125" "WordPress/5.2.4; https://amazingsportwear.com" "-"
1.182.192.152 - - [23/Nov/2019:20:01:02 +0100] "GET /categoria-producto/deportes/page/2 HTTP/1.1" 301 3558 "-" "Mozilla/5.0(Linux;Android 5.1.1;OPPO A33 Build/LMY47V;wv) AppleWebKit/537.36(KHTML,link Gecko) Version/4.0 Chrome/43.0.2357.121 Mobile Safari/537.36 LieBaoFast/4.51.3" "-"
1.182.192.152 - - [23/Nov/2019:20:01:05 +0100] "GET /categoria-producto/deportes/page/2/ HTTP/1.1" 200 74651 "-" "Mozilla/5.0(Linux;Android 5.1.1;OPPO A33 Build/LMY47V;wv) AppleWebKit/537.36(KHTML,link Gecko) Version/4.0 Chrome/43.0.2357.121 Mobile Safari/537.36 LieBaoFast/4.51.3" "wpfront-notification-bar-landingpage=1"
111.79.8.118 - - [23/Nov/2019:20:01:14 +0100] "GET /wp-content/uploads/2018/05/CIF-Z281-1.jpg HTTP/1.1" 200 16982 "-" "Mozilla/5.0(Linux;Android 5.1.1;OPPO A33 Build/LMY47V;wv) AppleWebKit/537.36(KHTML,link Gecko) Version/4.0 Chrome/43.0.2357.121 Mobile Safari/537.36 LieBaoFast/4.51.3" "-"
182.105.201.121 - - [23/Nov/2019:20:01:16 +0100] "GET /etiqueta-producto/camisdeta-tecnica HTTP/1.1" 301 3559 "-" "Mozilla/5.0(Linux;Android 5.1.1;OPPO A33 Build/LMY47V;wv) AppleWebKit/537.36(KHTML,link Gecko) Version/4.0 Chrome/42.0.2311.138 Mobile Safari/537.36 Mb2345Browser/9.0" "-"
222.219.25.26 - - [23/Nov/2019:20:01:18 +0100] "GET /wp-content/uploads/2019/03/SA-1113-3.png HTTP/1.1" 200 94800 "-" "Mozilla/5.0 (Linux; Android 7.0; FRD-AL00 Build/HUAWEIFRD-AL00; wv) AppleWebKit/537.36 (KHTML, like Gecko) Version/4.0 Chrome/53.0.2785.49 Mobile MQQBrowser/6.2 TBS/043602 Safari/537.36 MicroMessenger/6.5.16.1120 NetType/WIFI Language/zh_CN" "-"
116.17.147.178 - - [23/Nov/2019:20:01:19 +0100] "GET /wp-content/uploads/2018/04/pf-39086-tejano-300x300.jpg HTTP/1.1" 200 24843 "-" "Mozilla/5.0(Linux;U;Android 5.1.1;zh-CN;OPPO A33 Build/LMY47V) AppleWebKit/537.36(KHTML,like Gecko) Version/4.0 Chrome/40.0.2214.89 UCBrowser/11.7.0.953 Mobile Safari/537.36" "-"
182.105.201.121 - - [23/Nov/2019:20:01:19 +0100] "GET /etiqueta-producto/camisdeta-tecnica/ HTTP/1.1" 200 59207 "-" "Mozilla/5.0(Linux;Android 5.1.1;OPPO A33 Build/LMY47V;wv) AppleWebKit/537.36(KHTML,link Gecko) Version/4.0 Chrome/42.0.2311.138 Mobile Safari/537.36 Mb2345Browser/9.0" "wpfront-notification-bar-landingpage=1"
49.87.175.178 - - [23/Nov/2019:20:01:20 +0100] "GET /producto/moqueta-triatlon-cambio-eny-fl14w HTTP/1.1" 301 3566 "-" "Mozilla/5.0(Linux;U;Android 5.1.1;zh-CN;OPPO A33 Build/LMY47V) AppleWebKit/537.36(KHTML,like Gecko) Version/4.0 Chrome/40.0.2214.89 UCBrowser/11.7.0.953 Mobile Safari/537.36" "-"
106.57.151.32 - - [23/Nov/2019:20:01:22 +0100] "GET /etiqueta-producto/5-peneles HTTP/1.1" 301 3551 "-" "Mozilla/5.0(Linux;Android 5.1.1;OPPO A33 Build/LMY47V;wv) AppleWebKit/537.36(KHTML,link Gecko) Version/4.0 Chrome/43.0.2357.121 Mobile Safari/537.36 LieBaoFast/4.51.3" "-"
180.118.73.165 - - [23/Nov/2019:20:01:26 +0100] "GET /etiqueta-producto/pnantalon-largo HTTP/1.1" 301 3557 "-" "Mozilla/5.0(Linux;U;Android 5.1.1;zh-CN;OPPO A33 Build/LMY47V) AppleWebKit/537.36(KHTML,like Gecko) Version/4.0 Chrome/40.0.2214.89 UCBrowser/11.7.0.953 Mobile Safari/537.36" "-"
180.118.73.165 - - [23/Nov/2019:20:01:29 +0100] "GET /etiqueta-producto/pnantalon-largo/ HTTP/1.1" 200 59034 "-" "Mozilla/5.0(Linux;U;Android 5.1.1;zh-CN;OPPO A33 Build/LMY47V) AppleWebKit/537.36(KHTML,like Gecko) Version/4.0 Chrome/40.0.2214.89 UCBrowser/11.7.0.953 Mobile Safari/537.36" "wpfront-notification-bar-landingpage=1"
49.87.175.178 - - [23/Nov/2019:20:01:32 +0100] "GET /producto/moqueta-triatlon-cambio-eny-fl14w/ HTTP/1.1" 200 90053 "-" "Mozilla/5.0(Linux;U;Android 5.1.1;zh-CN;OPPO A33 Build/LMY47V) AppleWebKit/537.36(KHTML,like Gecko) Version/4.0 Chrome/40.0.2214.89 UCBrowser/11.7.0.953 Mobile Safari/537.36" "wpfront-notification-bar-landingpage=1"
106.57.151.32 - - [23/Nov/2019:20:01:34 +0100] "GET /etiqueta-producto/5-peneles/ HTTP/1.1" 200 53657 "-" "Mozilla/5.0(Linux;Android 5.1.1;OPPO A33 Build/LMY47V;wv) AppleWebKit/537.36(KHTML,link Gecko) Version/4.0 Chrome/43.0.2357.121 Mobile Safari/537.36 LieBaoFast/4.51.3" "wpfront-notification-bar-landingpage=1"
217.76.130.90 - - [23/Nov/2019:20:05:34 +0100] "POST /wp-cron.php?doing_wp_cron=1574535934.4733030796051025390625 HTTP/1.1" 200 3389 "https://amazingsportwear.com/wp-cron.php?doing_wp_cron=1574535934.4733030796051025390625" "WordPress/5.2.4; https://amazingsportwear.com" "-"
121.57.202.230 - - [23/Nov/2019:20:05:33 +0100] "GET /img/cms/Dinamic%20combi.png HTTP/1.1" 404 72022 "-" "Mozilla/5.0 (Linux; Android 7.0; FRD-AL00 Build/HUAWEIFRD-AL00; wv) AppleWebKit/537.36 (KHTML, like Gecko) Version/4.0 Chrome/53.0.2785.49 Mobile MQQBrowser/6.2 TBS/043602 Safari/537.36 MicroMessenger/6.5.16.1120 NetType/WIFI Language/zh_CN" "-"
1.194.87.207 - - [23/Nov/2019:20:05:39 +0100] "GET /wp-content/uploads/2018/05/cat-4520-rojo.jpg HTTP/1.1" 200 25675 "-" "Mozilla/5.0 (Linux; Android 7.0; FRD-AL00 Build/HUAWEIFRD-AL00; wv) AppleWebKit/537.36 (KHTML, like Gecko) Version/4.0 Chrome/53.0.2785.49 Mobile MQQBrowser/6.2 TBS/043602 Safari/537.36 MicroMessenger/6.5.16.1120 NetType/WIFI Language/zh_CN" "-"
117.66.25.167 - - [23/Nov/2019:20:05:46 +0100] "GET /wp-content/uploads/2017/03/nath-action-hombre-290x300.jpg HTTP/1.1" 200 15595 "-" "Mozilla/5.0(Linux;Android 5.1.1;OPPO A33 Build/LMY47V;wv) AppleWebKit/537.36(KHTML,link Gecko) Version/4.0 Chrome/42.0.2311.138 Mobile Safari/537.36 Mb2345Browser/9.0" "-"
217.76.130.90 - - [23/Nov/2019:20:15:17 +0100] "POST /wp-cron.php?doing_wp_cron=1574536517.9141390323638916015625 HTTP/1.1" 200 3389 "https://amazingsportwear.com/wp-cron.php?doing_wp_cron=1574536517.9141390323638916015625" "WordPress/5.2.4; https://amazingsportwear.com" "-"
66.249.66.66 - - [23/Nov/2019:20:15:15 +0100] "GET /robots.txt HTTP/1.1" 200 3939 "-" "Mozilla/5.0 (compatible; Googlebot/2.1; +http://www.google.com/bot.html)" "-"
217.76.130.90 - - [23/Nov/2019:20:15:17 +0100] "POST /wp-cron.php?doing_wp_cron=1574536517.9150280952453613281250 HTTP/1.1" 200 3389 "https://amazingsportwear.com/wp-cron.php?doing_wp_cron=1574536517.9150280952453613281250" "WordPress/5.2.4; https://amazingsportwear.com" "-"
66.249.66.70 - - [23/Nov/2019:20:15:16 +0100] "GET /etiqueta-producto/manga-ranglan/ HTTP/1.1" 200 58088 "-" "Mozilla/5.0 (Linux; Android 6.0.1; Nexus 5X Build/MMB29P) AppleWebKit/537.36 (KHTML, like Gecko) Chrome/41.0.2272.96 Mobile Safari/537.36 (compatible; Googlebot/2.1; +http://www.google.com/bot.html)" "-"
217.76.130.90 - - [23/Nov/2019:20:17:27 +0100] "POST /wp-cron.php?doing_wp_cron=1574536647.1947679519653320312500 HTTP/1.1" 200 3389 "https://amazingsportwear.com/wp-cron.php?doing_wp_cron=1574536647.1947679519653320312500" "WordPress/5.2.4; https://amazingsportwear.com" "-"
66.249.66.70 - - [23/Nov/2019:20:17:26 +0100] "GET /producto/gorra-tecnica-sahara/ HTTP/1.1" 200 93049 "-" "Mozilla/5.0 (compatible; Googlebot/2.1; +http://www.google.com/bot.html)" "-"
180.122.88.153 - - [23/Nov/2019:20:19:51 +0100] "GET /wp-content/uploads/2017/04/cat-4718-amarillo.jpg HTTP/1.1" 200 26030 "-" "Mozilla/5.0(Linux;Android 5.1.1;OPPO A33 Build/LMY47V;wv) AppleWebKit/537.36(KHTML,link Gecko) Version/4.0 Chrome/43.0.2357.121 Mobile Safari/537.36 LieBaoFast/4.51.3" "-"
217.76.130.90 - - [23/Nov/2019:20:20:30 +0100] "POST /wp-cron.php?doing_wp_cron=1574536830.0007300376892089843750 HTTP/1.1" 200 3389 "https://amazingsportwear.com/wp-cron.php?doing_wp_cron=1574536830.0007300376892089843750" "WordPress/5.2.4; https://amazingsportwear.com" "-"
182.105.15.23 - - [23/Nov/2019:20:20:29 +0100] "GET /etiqueta-producto/capucha HTTP/1.1" 301 3549 "-" "Mozilla/5.0(Linux;Android 5.1.1;OPPO A33 Build/LMY47V;wv) AppleWebKit/537.36(KHTML,link Gecko) Version/4.0 Chrome/43.0.2357.121 Mobile Safari/537.36 LieBaoFast/4.51.3" "-"
182.105.15.23 - - [23/Nov/2019:20:20:31 +0100] "GET /etiqueta-producto/capucha/ HTTP/1.1" 200 53673 "-" "Mozilla/5.0(Linux;Android 5.1.1;OPPO A33 Build/LMY47V;wv) AppleWebKit/537.36(KHTML,link Gecko) Version/4.0 Chrome/43.0.2357.121 Mobile Safari/537.36 LieBaoFast/4.51.3" "wpfront-notification-bar-landingpage=1"
66.249.66.68 - - [23/Nov/2019:20:20:53 +0100] "GET /producto/mochila-decath/ HTTP/1.1" 200 96785 "-" "Mozilla/5.0 (compatible; Googlebot/2.1; +http://www.google.com/bot.html)" "-"
217.76.130.90 - - [23/Nov/2019:20:23:58 +0100] "POST /wp-cron.php?doing_wp_cron=1574537038.6730060577392578125000 HTTP/1.1" 200 3389 "https://amazingsportwear.com/wp-cron.php?doing_wp_cron=1574537038.6730060577392578125000" "WordPress/5.2.4; https://amazingsportwear.com" "-"
120.86.39.177 - - [23/Nov/2019:20:23:57 +0100] "GET /190-home_default/braga-cuello-asw-f07.jpg HTTP/1.1" 404 72079 "-" "Mozilla/5.0(Linux;Android 5.1.1;OPPO A33 Build/LMY47V;wv) AppleWebKit/537.36(KHTML,link Gecko) Version/4.0 Chrome/43.0.2357.121 Mobile Safari/537.36 LieBaoFast/4.51.3" "-"
189.168.47.177 - - [23/Nov/2019:20:28:44 +0100] "GET /wp-content/uploads/2019/04/Gorra-harum-2.png HTTP/1.1" 200 53515 "https://www.google.com/" "Mozilla/5.0 (Windows NT 6.1) AppleWebKit/537.36 (KHTML, like Gecko) Chrome/78.0.3904.108 Safari/537.36" "-"
217.76.130.90 - - [23/Nov/2019:20:32:46 +0100] "POST /wp-cron.php?doing_wp_cron=1574537566.4546580314636230468750 HTTP/1.1" 200 3389 "https://amazingsportwear.com/wp-cron.php?doing_wp_cron=1574537566.4546580314636230468750" "WordPress/5.2.4; https://amazingsportwear.com" "-"
217.76.130.90 - - [23/Nov/2019:20:32:46 +0100] "POST /wp-cron.php?doing_wp_cron=1574537566.4571518898010253906250 HTTP/1.1" 200 3389 "https://amazingsportwear.com/wp-cron.php?doing_wp_cron=1574537566.4571518898010253906250" "WordPress/5.2.4; https://amazingsportwear.com" "-"
69.171.251.4 - - [23/Nov/2019:20:32:44 +0100] "GET / HTTP/1.1" 200 125570 "-" "facebookexternalhit/1.1 (+http://www.facebook.com/externalhit_uatext.php)" "-"
69.171.251.24 - - [23/Nov/2019:20:32:43 +0100] "GET / HTTP/1.1" 200 125545 "-" "facebookexternalhit/1.1 (+http://www.facebook.com/externalhit_uatext.php)" "-"
217.76.130.90 - - [23/Nov/2019:20:32:46 +0100] "POST /wp-cron.php?doing_wp_cron=1574537566.4564371109008789062500 HTTP/1.1" 200 3355 "https://amazingsportwear.com/wp-cron.php?doing_wp_cron=1574537566.4564371109008789062500" "WordPress/5.2.4; https://amazingsportwear.com" "-"
69.171.251.8 - - [23/Nov/2019:20:32:44 +0100] "GET / HTTP/1.1" 200 125520 "-" "facebookexternalhit/1.1 (+http://www.facebook.com/externalhit_uatext.php)" "-"
69.171.251.36 - - [23/Nov/2019:20:32:44 +0100] "GET / HTTP/1.1" 200 125570 "-" "facebookexternalhit/1.1 (+http://www.facebook.com/externalhit_uatext.php)" "-"
69.171.251.25 - - [23/Nov/2019:20:32:49 +0100] "GET /contacta-con-nosotros HTTP/1.1" 301 319 "-" "facebookexternalhit/1.1 (+http://www.facebook.com/externalhit_uatext.php)" "-"
69.171.251.42 - - [23/Nov/2019:20:32:49 +0100] "GET /contacta-con-nosotros HTTP/1.1" 301 319 "-" "facebookexternalhit/1.1 (+http://www.facebook.com/externalhit_uatext.php)" "-"
69.171.251.37 - - [23/Nov/2019:20:32:49 +0100] "GET /contacta-con-nosotros HTTP/1.1" 301 319 "-" "facebookexternalhit/1.1 (+http://www.facebook.com/externalhit_uatext.php)" "-"
69.171.251.30 - - [23/Nov/2019:20:32:50 +0100] "GET /contacta-con-nosotros HTTP/1.1" 301 319 "-" "facebookexternalhit/1.1 (+http://www.facebook.com/externalhit_uatext.php)" "-"
69.171.251.25 - - [23/Nov/2019:20:32:50 +0100] "GET /contacta-con-nosotros/ HTTP/1.1" 200 58207 "-" "facebookexternalhit/1.1 (+http://www.facebook.com/externalhit_uatext.php)" "-"
69.171.251.42 - - [23/Nov/2019:20:32:50 +0100] "GET /contacta-con-nosotros/ HTTP/1.1" 200 58182 "-" "facebookexternalhit/1.1 (+http://www.facebook.com/externalhit_uatext.php)" "-"
69.171.251.37 - - [23/Nov/2019:20:32:50 +0100] "GET /contacta-con-nosotros/ HTTP/1.1" 200 58172 "-" "facebookexternalhit/1.1 (+http://www.facebook.com/externalhit_uatext.php)" "-"
69.171.251.30 - - [23/Nov/2019:20:32:51 +0100] "GET /contacta-con-nosotros/ HTTP/1.1" 200 58202 "-" "facebookexternalhit/1.1 (+http://www.facebook.com/externalhit_uatext.php)" "-"
217.76.130.90 - - [23/Nov/2019:20:33:05 +0100] "POST /wp-cron.php?doing_wp_cron=1574537585.0660970211029052734375 HTTP/1.1" 200 3389 "https://amazingsportwear.com/wp-cron.php?doing_wp_cron=1574537585.0660970211029052734375" "WordPress/5.2.4; https://amazingsportwear.com" "-"
116.248.186.192 - - [23/Nov/2019:20:33:04 +0100] "GET /etiqueta-producto/running HTTP/1.1" 301 3549 "-" "Mozilla/5.0(Linux;U;Android 5.1.1;zh-CN;OPPO A33 Build/LMY47V) AppleWebKit/537.36(KHTML,like Gecko) Version/4.0 Chrome/40.0.2214.89 UCBrowser/11.7.0.953 Mobile Safari/537.36" "-"
116.248.186.192 - - [23/Nov/2019:20:33:09 +0100] "GET /etiqueta-producto/running/ HTTP/1.1" 200 57088 "-" "Mozilla/5.0(Linux;U;Android 5.1.1;zh-CN;OPPO A33 Build/LMY47V) AppleWebKit/537.36(KHTML,like Gecko) Version/4.0 Chrome/40.0.2214.89 UCBrowser/11.7.0.953 Mobile Safari/537.36" "wpfront-notification-bar-landingpage=1"
217.76.130.90 - - [23/Nov/2019:20:36:28 +0100] "POST /wp-cron.php?doing_wp_cron=1574537788.2126719951629638671875 HTTP/1.1" 200 164 "http://amazingsportwear.com/wp-cron.php?doing_wp_cron=1574537788.2126719951629638671875" "WordPress/5.2.4; https://amazingsportwear.com" "-"
157.55.39.106 - - [23/Nov/2019:20:36:27 +0100] "GET /ciclismo/88-manguito-brazo-ciclismo.html HTTP/1.1" 404 68086 "-" "Mozilla/5.0 (iPhone; CPU iPhone OS 7_0 like Mac OS X) AppleWebKit/537.51.1 (KHTML, like Gecko) Version/7.0 Mobile/11A465 Safari/9537.53 (compatible; bingbot/2.0; +http://www.bing.com/bingbot.htm)" "-"
157.55.39.106 - - [23/Nov/2019:20:36:30 +0100] "GET /tienda/179-chubasquero-plegable-nath-storm.html HTTP/1.1" 404 68095 "-" "Mozilla/5.0 (iPhone; CPU iPhone OS 7_0 like Mac OS X) AppleWebKit/537.51.1 (KHTML, like Gecko) Version/7.0 Mobile/11A465 Safari/9537.53 (compatible; bingbot/2.0; +http://www.bing.com/bingbot.htm)" "-"
217.76.130.90 - - [23/Nov/2019:20:39:05 +0100] "POST /wp-cron.php?doing_wp_cron=1574537945.3640160560607910156250 HTTP/1.1" 200 3389 "https://amazingsportwear.com/wp-cron.php?doing_wp_cron=1574537945.3640160560607910156250" "WordPress/5.2.4; https://amazingsportwear.com" "-"
66.249.66.68 - - [23/Nov/2019:20:39:04 +0100] "GET /categoria-producto/accesorios/gorrasygorros/page/2/ HTTP/1.1" 200 71251 "-" "Mozilla/5.0 (Linux; Android 6.0.1; Nexus 5X Build/MMB29P) AppleWebKit/537.36 (KHTML, like Gecko) Chrome/41.0.2272.96 Mobile Safari/537.36 (compatible; Googlebot/2.1; +http://www.google.com/bot.html)" "-"
217.76.130.90 - - [23/Nov/2019:20:47:38 +0100] "POST /wp-cron.php?doing_wp_cron=1574538458.3767631053924560546875 HTTP/1.1" 200 3389 "https://amazingsportwear.com/wp-cron.php?doing_wp_cron=1574538458.3767631053924560546875" "WordPress/5.2.4; https://amazingsportwear.com" "-"
66.249.66.68 - - [23/Nov/2019:20:47:36 +0100] "GET /producto/peto-reversible-deportivo/ HTTP/1.1" 200 96873 "-" "Mozilla/5.0 (compatible; Googlebot/2.1; +http://www.google.com/bot.html)" "-"
81.202.138.139 - - [23/Nov/2019:20:52:20 +0100] "GET /wp-content/uploads/2019/04/VA-ACE-3.png HTTP/1.1" 200 90796 "https://www.google.com/" "Mozilla/5.0 (Linux; Android 9; SM-A750FN Build/PPR1.180610.011; wv) AppleWebKit/537.36 (KHTML, like Gecko) Version/4.0 Chrome/78.0.3904.108 Mobile Safari/537.36 GSA/10.85.11.21.arm64" "-"
217.76.130.90 - - [23/Nov/2019:20:52:30 +0100] "POST /wp-cron.php?doing_wp_cron=1574538750.6153359413146972656250 HTTP/1.1" 200 3389 "https://amazingsportwear.com/wp-cron.php?doing_wp_cron=1574538750.6153359413146972656250" "WordPress/5.2.4; https://amazingsportwear.com" "-"
81.202.138.139 - - [23/Nov/2019:20:52:29 +0100] "GET /producto/polo-tecnico-cremallera/ HTTP/1.1" 200 98331 "https://www.google.com/" "Mozilla/5.0 (Linux; Android 9; SM-A750FN) AppleWebKit/537.36 (KHTML, like Gecko) Chrome/78.0.3904.108 Mobile Safari/537.36" "-"
81.202.138.139 - - [23/Nov/2019:20:52:31 +0100] "GET /wp-includes/css/dist/block-library/style.min.css?ver=5.2.4 HTTP/1.1" 200 29660 "https://amazingsportwear.com/producto/polo-tecnico-cremallera/" "Mozilla/5.0 (Linux; Android 9; SM-A750FN) AppleWebKit/537.36 (KHTML, like Gecko) Chrome/78.0.3904.108 Mobile Safari/537.36" "-"
81.202.138.139 - - [23/Nov/2019:20:52:31 +0100] "GET /wp-content/plugins/woocommerce/assets/css/blocks/style.css?ver=3.6.4 HTTP/1.1" 200 10060 "https://amazingsportwear.com/producto/polo-tecnico-cremallera/" "Mozilla/5.0 (Linux; Android 9; SM-A750FN) AppleWebKit/537.36 (KHTML, like Gecko) Chrome/78.0.3904.108 Mobile Safari/537.36" "-"
81.202.138.139 - - [23/Nov/2019:20:52:31 +0100] "GET /wp-content/plugins/cookie-law-info/public/css/cookie-law-info-gdpr.css?ver=1.7.6 HTTP/1.1" 200 12583 "https://amazingsportwear.com/producto/polo-tecnico-cremallera/" "Mozilla/5.0 (Linux; Android 9; SM-A750FN) AppleWebKit/537.36 (KHTML, like Gecko) Chrome/78.0.3904.108 Mobile Safari/537.36" "-"
81.202.138.139 - - [23/Nov/2019:20:52:31 +0100] "GET /wp-content/plugins/cookie-law-info/public/css/cookie-law-info-public.css?ver=1.7.6 HTTP/1.1" 200 3373 "https://amazingsportwear.com/producto/polo-tecnico-cremallera/" "Mozilla/5.0 (Linux; Android 9; SM-A750FN) AppleWebKit/537.36 (KHTML, like Gecko) Chrome/78.0.3904.108 Mobile Safari/537.36" "-"
81.202.138.139 - - [23/Nov/2019:20:52:31 +0100] "GET /wp-content/plugins/woocommerce/assets/css/photoswipe/photoswipe.css?ver=3.6.4 HTTP/1.1" 200 4610 "https://amazingsportwear.com/producto/polo-tecnico-cremallera/" "Mozilla/5.0 (Linux; Android 9; SM-A750FN) AppleWebKit/537.36 (KHTML, like Gecko) Chrome/78.0.3904.108 Mobile Safari/537.36" "-"
81.202.138.139 - - [23/Nov/2019:20:52:31 +0100] "GET /wp-content/themes/shopper/style.css?ver=1.3.8 HTTP/1.1" 200 125315 "https://amazingsportwear.com/producto/polo-tecnico-cremallera/" "Mozilla/5.0 (Linux; Android 9; SM-A750FN) AppleWebKit/537.36 (KHTML, like Gecko) Chrome/78.0.3904.108 Mobile Safari/537.36" "-"
81.202.138.139 - - [23/Nov/2019:20:52:31 +0100] "GET /wp-content/plugins/woocommerce/assets/css/photoswipe/default-skin/default-skin.css?ver=3.6.4 HTTP/1.1" 200 12081 "https://amazingsportwear.com/producto/polo-tecnico-cremallera/" "Mozilla/5.0 (Linux; Android 9; SM-A750FN) AppleWebKit/537.36 (KHTML, like Gecko) Chrome/78.0.3904.108 Mobile Safari/537.36" "-"
81.202.138.139 - - [23/Nov/2019:20:52:31 +0100] "GET /wp-content/plugins/wpfront-notification-bar/css/wpfront-notification-bar.css?ver=1.7.1 HTTP/1.1" 200 3663 "https://amazingsportwear.com/producto/polo-tecnico-cremallera/" "Mozilla/5.0 (Linux; Android 9; SM-A750FN) AppleWebKit/537.36 (KHTML, like Gecko) Chrome/78.0.3904.108 Mobile Safari/537.36" "-"
81.202.138.139 - - [23/Nov/2019:20:52:31 +0100] "GET /wp-content/plugins/simple-social-icons/css/style.css?ver=3.0.1 HTTP/1.1" 200 1562 "https://amazingsportwear.com/producto/polo-tecnico-cremallera/" "Mozilla/5.0 (Linux; Android 9; SM-A750FN) AppleWebKit/537.36 (KHTML, like Gecko) Chrome/78.0.3904.108 Mobile Safari/537.36" "-"
81.202.138.139 - - [23/Nov/2019:20:52:31 +0100] "GET /wp-includes/js/jquery/jquery-migrate.min.js?ver=1.4.1 HTTP/1.1" 200 10399 "https://amazingsportwear.com/producto/polo-tecnico-cremallera/" "Mozilla/5.0 (Linux; Android 9; SM-A750FN) AppleWebKit/537.36 (KHTML, like Gecko) Chrome/78.0.3904.108 Mobile Safari/537.36" "-"
81.202.138.139 - - [23/Nov/2019:20:52:31 +0100] "GET /wp-includes/js/jquery/jquery.js?ver=1.12.4-wp HTTP/1.1" 200 97362 "https://amazingsportwear.com/producto/polo-tecnico-cremallera/" "Mozilla/5.0 (Linux; Android 9; SM-A750FN) AppleWebKit/537.36 (KHTML, like Gecko) Chrome/78.0.3904.108 Mobile Safari/537.36" "-"
81.202.138.139 - - [23/Nov/2019:20:52:31 +0100] "GET /wp-content/plugins/cookie-law-info/public/js/cookie-law-info-public.js?ver=1.7.6 HTTP/1.1" 200 17076 "https://amazingsportwear.com/producto/polo-tecnico-cremallera/" "Mozilla/5.0 (Linux; Android 9; SM-A750FN) AppleWebKit/537.36 (KHTML, like Gecko) Chrome/78.0.3904.108 Mobile Safari/537.36" "-"
81.202.138.139 - - [23/Nov/2019:20:52:31 +0100] "GET /wp-content/plugins/wpfront-notification-bar/jquery-plugins/jquery.c.js?ver=1.4.0 HTTP/1.1" 200 3437 "https://amazingsportwear.com/producto/polo-tecnico-cremallera/" "Mozilla/5.0 (Linux; Android 9; SM-A750FN) AppleWebKit/537.36 (KHTML, like Gecko) Chrome/78.0.3904.108 Mobile Safari/537.36" "-"
81.202.138.139 - - [23/Nov/2019:20:52:31 +0100] "GET /wp-content/plugins/wpfront-notification-bar/js/wpfront-notification-bar.js?ver=1.7.1 HTTP/1.1" 200 5662 "https://amazingsportwear.com/producto/polo-tecnico-cremallera/" "Mozilla/5.0 (Linux; Android 9; SM-A750FN) AppleWebKit/537.36 (KHTML, like Gecko) Chrome/78.0.3904.108 Mobile Safari/537.36" "-"
81.202.138.139 - - [23/Nov/2019:20:52:31 +0100] "GET /wp-content/uploads/2019/05/cropped-asw-white.png HTTP/1.1" 200 7500 "https://amazingsportwear.com/producto/polo-tecnico-cremallera/" "Mozilla/5.0 (Linux; Android 9; SM-A750FN) AppleWebKit/537.36 (KHTML, like Gecko) Chrome/78.0.3904.108 Mobile Safari/537.36" "-"
81.202.138.139 - - [23/Nov/2019:20:52:31 +0100] "GET /wp-content/plugins/simple-social-icons/svgxuse.js?ver=1.1.21 HTTP/1.1" 200 9580 "https://amazingsportwear.com/producto/polo-tecnico-cremallera/" "Mozilla/5.0 (Linux; Android 9; SM-A750FN) AppleWebKit/537.36 (KHTML, like Gecko) Chrome/78.0.3904.108 Mobile Safari/537.36" "-"
81.202.138.139 - - [23/Nov/2019:20:52:31 +0100] "GET /wp-content/themes/shopper/assets/sass/woocommerce/woocommerce.css?ver=5.2.4 HTTP/1.1" 200 83534 "https://amazingsportwear.com/producto/polo-tecnico-cremallera/" "Mozilla/5.0 (Linux; Android 9; SM-A750FN) AppleWebKit/537.36 (KHTML, like Gecko) Chrome/78.0.3904.108 Mobile Safari/537.36" "-"
81.202.138.139 - - [23/Nov/2019:20:52:32 +0100] "GET /wp-includes/js/jquery/jquery.js HTTP/1.1" 200 97362 "https://amazingsportwear.com/producto/polo-tecnico-cremallera/" "Mozilla/5.0 (Linux; Android 9; SM-A750FN) AppleWebKit/537.36 (KHTML, like Gecko) Chrome/78.0.3904.108 Mobile Safari/537.36" "-"
81.202.138.139 - - [23/Nov/2019:20:52:32 +0100] "GET /wp-content/themes/shopper/assets/js/crm.js?ver=1561548510 HTTP/1.1" 200 874 "https://amazingsportwear.com/producto/polo-tecnico-cremallera/" "Mozilla/5.0 (Linux; Android 9; SM-A750FN) AppleWebKit/537.36 (KHTML, like Gecko) Chrome/78.0.3904.108 Mobile Safari/537.36" "-"
81.202.138.139 - - [23/Nov/2019:20:52:32 +0100] "GET /wp-content/plugins/product-enquiry-for-woocommerce/css/wdm-jquery-ui.css?ver=5.2.4 HTTP/1.1" 200 27001 "https://amazingsportwear.com/producto/polo-tecnico-cremallera/" "Mozilla/5.0 (Linux; Android 9; SM-A750FN) AppleWebKit/537.36 (KHTML, like Gecko) Chrome/78.0.3904.108 Mobile Safari/537.36" "-"
81.202.138.139 - - [23/Nov/2019:20:52:32 +0100] "GET /wp-content/plugins/woocommerce/assets/js/jquery-blockui/jquery.blockUI.min.js?ver=2.70 HTTP/1.1" 200 9908 "https://amazingsportwear.com/producto/polo-tecnico-cremallera/" "Mozilla/5.0 (Linux; Android 9; SM-A750FN) AppleWebKit/537.36 (KHTML, like Gecko) Chrome/78.0.3904.108 Mobile Safari/537.36" "-"
81.202.138.139 - - [23/Nov/2019:20:52:32 +0100] "GET /wp-content/plugins/woocommerce/assets/js/zoom/jquery.zoom.min.js?ver=1.7.21 HTTP/1.1" 200 2957 "https://amazingsportwear.com/producto/polo-tecnico-cremallera/" "Mozilla/5.0 (Linux; Android 9; SM-A750FN) AppleWebKit/537.36 (KHTML, like Gecko) Chrome/78.0.3904.108 Mobile Safari/537.36" "-"
81.202.138.139 - - [23/Nov/2019:20:52:32 +0100] "GET /wp-content/plugins/woocommerce/assets/js/frontend/add-to-cart.min.js?ver=3.6.4 HTTP/1.1" 200 2983 "https://amazingsportwear.com/producto/polo-tecnico-cremallera/" "Mozilla/5.0 (Linux; Android 9; SM-A750FN) AppleWebKit/537.36 (KHTML, like Gecko) Chrome/78.0.3904.108 Mobile Safari/537.36" "-"
81.202.138.139 - - [23/Nov/2019:20:52:32 +0100] "GET /wp-content/plugins/woocommerce/assets/js/flexslider/jquery.flexslider.min.js?ver=2.7.2 HTTP/1.1" 200 23232 "https://amazingsportwear.com/producto/polo-tecnico-cremallera/" "Mozilla/5.0 (Linux; Android 9; SM-A750FN) AppleWebKit/537.36 (KHTML, like Gecko) Chrome/78.0.3904.108 Mobile Safari/537.36" "-"
81.202.138.139 - - [23/Nov/2019:20:52:32 +0100] "GET /wp-content/plugins/woocommerce/assets/js/photoswipe/photoswipe.min.js?ver=4.1.1 HTTP/1.1" 200 32276 "https://amazingsportwear.com/producto/polo-tecnico-cremallera/" "Mozilla/5.0 (Linux; Android 9; SM-A750FN) AppleWebKit/537.36 (KHTML, like Gecko) Chrome/78.0.3904.108 Mobile Safari/537.36" "-"
81.202.138.139 - - [23/Nov/2019:20:52:32 +0100] "GET /wp-content/plugins/woocommerce/assets/js/photoswipe/photoswipe-ui-default.min.js?ver=4.1.1 HTTP/1.1" 200 10220 "https://amazingsportwear.com/producto/polo-tecnico-cremallera/" "Mozilla/5.0 (Linux; Android 9; SM-A750FN) AppleWebKit/537.36 (KHTML, like Gecko) Chrome/78.0.3904.108 Mobile Safari/537.36" "-"
81.202.138.139 - - [23/Nov/2019:20:52:32 +0100] "GET /wp-content/plugins/woocommerce/assets/js/frontend/single-product.min.js?ver=3.6.4 HTTP/1.1" 200 6693 "https://amazingsportwear.com/producto/polo-tecnico-cremallera/" "Mozilla/5.0 (Linux; Android 9; SM-A750FN) AppleWebKit/537.36 (KHTML, like Gecko) Chrome/78.0.3904.108 Mobile Safari/537.36" "-"
81.202.138.139 - - [23/Nov/2019:20:52:32 +0100] "GET /wp-content/plugins/woocommerce/assets/js/js-cookie/js.cookie.min.js?ver=2.1.4 HTTP/1.1" 200 2187 "https://amazingsportwear.com/producto/polo-tecnico-cremallera/" "Mozilla/5.0 (Linux; Android 9; SM-A750FN) AppleWebKit/537.36 (KHTML, like Gecko) Chrome/78.0.3904.108 Mobile Safari/537.36" "-"
81.202.138.139 - - [23/Nov/2019:20:52:32 +0100] "GET /wp-content/plugins/woocommerce/assets/js/frontend/woocommerce.min.js?ver=3.6.4 HTTP/1.1" 200 1813 "https://amazingsportwear.com/producto/polo-tecnico-cremallera/" "Mozilla/5.0 (Linux; Android 9; SM-A750FN) AppleWebKit/537.36 (KHTML, like Gecko) Chrome/78.0.3904.108 Mobile Safari/537.36" "-"
81.202.138.139 - - [23/Nov/2019:20:52:32 +0100] "GET /wp-content/themes/shopper/assets/js/skip-link-focus-fix.js?ver=1.3.8 HTTP/1.1" 200 1023 "https://amazingsportwear.com/producto/polo-tecnico-cremallera/" "Mozilla/5.0 (Linux; Android 9; SM-A750FN) AppleWebKit/537.36 (KHTML, like Gecko) Chrome/78.0.3904.108 Mobile Safari/537.36" "-"
81.202.138.139 - - [23/Nov/2019:20:52:32 +0100] "GET /wp-content/plugins/woocommerce/assets/js/frontend/cart-fragments.min.js?ver=3.6.4 HTTP/1.1" 200 3281 "https://amazingsportwear.com/producto/polo-tecnico-cremallera/" "Mozilla/5.0 (Linux; Android 9; SM-A750FN) AppleWebKit/537.36 (KHTML, like Gecko) Chrome/78.0.3904.108 Mobile Safari/537.36" "-"
81.202.138.139 - - [23/Nov/2019:20:52:32 +0100] "GET /wp-content/themes/shopper/assets/js/shopper.min.js?ver=1.3.8 HTTP/1.1" 200 5994 "https://amazingsportwear.com/producto/polo-tecnico-cremallera/" "Mozilla/5.0 (Linux; Android 9; SM-A750FN) AppleWebKit/537.36 (KHTML, like Gecko) Chrome/78.0.3904.108 Mobile Safari/537.36" "-"
81.202.138.139 - - [23/Nov/2019:20:52:32 +0100] "GET /wp-content/themes/shopper/assets/js/woocommerce/header-cart.min.js?ver=1.3.8 HTTP/1.1" 200 972 "https://amazingsportwear.com/producto/polo-tecnico-cremallera/" "Mozilla/5.0 (Linux; Android 9; SM-A750FN) AppleWebKit/537.36 (KHTML, like Gecko) Chrome/78.0.3904.108 Mobile Safari/537.36" "-"
81.202.138.139 - - [23/Nov/2019:20:52:32 +0100] "GET /wp-includes/js/comment-reply.min.js?ver=5.2.4 HTTP/1.1" 200 2575 "https://amazingsportwear.com/producto/polo-tecnico-cremallera/" "Mozilla/5.0 (Linux; Android 9; SM-A750FN) AppleWebKit/537.36 (KHTML, like Gecko) Chrome/78.0.3904.108 Mobile Safari/537.36" "-"
81.202.138.139 - - [23/Nov/2019:20:52:32 +0100] "GET /wp-content/themes/shopper/assets/fonts/fontawesome-webfont.woff2?v=4.7.0 HTTP/1.1" 200 77615 "https://amazingsportwear.com/wp-content/themes/shopper/style.css?ver=1.3.8" "Mozilla/5.0 (Linux; Android 9; SM-A750FN) AppleWebKit/537.36 (KHTML, like Gecko) Chrome/78.0.3904.108 Mobile Safari/537.36" "-"
81.202.138.139 - - [23/Nov/2019:20:52:32 +0100] "GET /wp-content/uploads/2019/04/VA-ACE-3.png HTTP/1.1" 200 87433 "https://amazingsportwear.com/producto/polo-tecnico-cremallera/" "Mozilla/5.0 (Linux; Android 9; SM-A750FN) AppleWebKit/537.36 (KHTML, like Gecko) Chrome/78.0.3904.108 Mobile Safari/537.36" "-"
81.202.138.139 - - [23/Nov/2019:20:52:32 +0100] "GET /wp-content/uploads/2019/04/VA-ACE-2.png HTTP/1.1" 200 85636 "https://amazingsportwear.com/producto/polo-tecnico-cremallera/" "Mozilla/5.0 (Linux; Android 9; SM-A750FN) AppleWebKit/537.36 (KHTML, like Gecko) Chrome/78.0.3904.108 Mobile Safari/537.36" "-"
81.202.138.139 - - [23/Nov/2019:20:52:32 +0100] "GET /wp-content/uploads/2019/04/VA-ACE-1.png HTTP/1.1" 200 89596 "https://amazingsportwear.com/producto/polo-tecnico-cremallera/" "Mozilla/5.0 (Linux; Android 9; SM-A750FN) AppleWebKit/537.36 (KHTML, like Gecko) Chrome/78.0.3904.108 Mobile Safari/537.36" "-"
81.202.138.139 - - [23/Nov/2019:20:52:32 +0100] "GET /wp-content/uploads/2019/04/polo-tecnico-cremallera-1.png HTTP/1.1" 200 24548 "https://amazingsportwear.com/producto/polo-tecnico-cremallera/" "Mozilla/5.0 (Linux; Android 9; SM-A750FN) AppleWebKit/537.36 (KHTML, like Gecko) Chrome/78.0.3904.108 Mobile Safari/537.36" "-"
81.202.138.139 - - [23/Nov/2019:20:52:32 +0100] "GET /wp-includes/js/wp-embed.min.js?ver=5.2.4 HTTP/1.1" 200 1744 "https://amazingsportwear.com/producto/polo-tecnico-cremallera/" "Mozilla/5.0 (Linux; Android 9; SM-A750FN) AppleWebKit/537.36 (KHTML, like Gecko) Chrome/78.0.3904.108 Mobile Safari/537.36" "-"
81.202.138.139 - - [23/Nov/2019:20:52:32 +0100] "GET /wp-includes/js/jquery/ui/core.min.js?ver=1.11.4 HTTP/1.1" 200 4341 "https://amazingsportwear.com/producto/polo-tecnico-cremallera/" "Mozilla/5.0 (Linux; Android 9; SM-A750FN) AppleWebKit/537.36 (KHTML, like Gecko) Chrome/78.0.3904.108 Mobile Safari/537.36" "_ga=GA1.2.1862610507.1574538751; _gid=GA1.2.125611845.1574538751; _gat_gtag_UA_91619287_1=1"
81.202.138.139 - - [23/Nov/2019:20:52:32 +0100] "GET /wp-includes/js/wp-util.min.js?ver=5.2.4 HTTP/1.1" 200 1387 "https://amazingsportwear.com/producto/polo-tecnico-cremallera/" "Mozilla/5.0 (Linux; Android 9; SM-A750FN) AppleWebKit/537.36 (KHTML, like Gecko) Chrome/78.0.3904.108 Mobile Safari/537.36" "_ga=GA1.2.1862610507.1574538751; _gid=GA1.2.125611845.1574538751; _gat_gtag_UA_91619287_1=1"
81.202.138.139 - - [23/Nov/2019:20:52:32 +0100] "GET /wp-content/plugins/woocommerce/assets/js/frontend/add-to-cart-variation.min.js?ver=3.6.4 HTTP/1.1" 200 13625 "https://amazingsportwear.com/producto/polo-tecnico-cremallera/" "Mozilla/5.0 (Linux; Android 9; SM-A750FN) AppleWebKit/537.36 (KHTML, like Gecko) Chrome/78.0.3904.108 Mobile Safari/537.36" "_ga=GA1.2.1862610507.1574538751; _gid=GA1.2.125611845.1574538751; _gat_gtag_UA_91619287_1=1"
81.202.138.139 - - [23/Nov/2019:20:52:32 +0100] "GET /wp-includes/js/underscore.min.js?ver=1.8.3 HTTP/1.1" 200 16527 "https://amazingsportwear.com/producto/polo-tecnico-cremallera/" "Mozilla/5.0 (Linux; Android 9; SM-A750FN) AppleWebKit/537.36 (KHTML, like Gecko) Chrome/78.0.3904.108 Mobile Safari/537.36" "_ga=GA1.2.1862610507.1574538751; _gid=GA1.2.125611845.1574538751; _gat_gtag_UA_91619287_1=1"
81.202.138.139 - - [23/Nov/2019:20:52:32 +0100] "GET /wp-includes/js/jquery/ui/mouse.min.js?ver=1.11.4 HTTP/1.1" 200 3489 "https://amazingsportwear.com/producto/polo-tecnico-cremallera/" "Mozilla/5.0 (Linux; Android 9; SM-A750FN) AppleWebKit/537.36 (KHTML, like Gecko) Chrome/78.0.3904.108 Mobile Safari/537.36" "_ga=GA1.2.1862610507.1574538751; _gid=GA1.2.125611845.1574538751; _gat_gtag_UA_91619287_1=1"
81.202.138.139 - - [23/Nov/2019:20:52:32 +0100] "GET /wp-includes/js/jquery/ui/resizable.min.js?ver=1.11.4 HTTP/1.1" 200 18798 "https://amazingsportwear.com/producto/polo-tecnico-cremallera/" "Mozilla/5.0 (Linux; Android 9; SM-A750FN) AppleWebKit/537.36 (KHTML, like Gecko) Chrome/78.0.3904.108 Mobile Safari/537.36" "_ga=GA1.2.1862610507.1574538751; _gid=GA1.2.125611845.1574538751; _gat_gtag_UA_91619287_1=1"
81.202.138.139 - - [23/Nov/2019:20:52:32 +0100] "GET /wp-includes/js/jquery/ui/draggable.min.js?ver=1.11.4 HTTP/1.1" 200 19277 "https://amazingsportwear.com/producto/polo-tecnico-cremallera/" "Mozilla/5.0 (Linux; Android 9; SM-A750FN) AppleWebKit/537.36 (KHTML, like Gecko) Chrome/78.0.3904.108 Mobile Safari/537.36" "_ga=GA1.2.1862610507.1574538751; _gid=GA1.2.125611845.1574538751; _gat_gtag_UA_91619287_1=1"
81.202.138.139 - - [23/Nov/2019:20:52:32 +0100] "GET /wp-includes/js/jquery/ui/widget.min.js?ver=1.11.4 HTTP/1.1" 200 7250 "https://amazingsportwear.com/producto/polo-tecnico-cremallera/" "Mozilla/5.0 (Linux; Android 9; SM-A750FN) AppleWebKit/537.36 (KHTML, like Gecko) Chrome/78.0.3904.108 Mobile Safari/537.36" "_ga=GA1.2.1862610507.1574538751; _gid=GA1.2.125611845.1574538751; _gat_gtag_UA_91619287_1=1"
81.202.138.139 - - [23/Nov/2019:20:52:32 +0100] "GET /wp-includes/js/jquery/ui/position.min.js?ver=1.11.4 HTTP/1.1" 200 6869 "https://amazingsportwear.com/producto/polo-tecnico-cremallera/" "Mozilla/5.0 (Linux; Android 9; SM-A750FN) AppleWebKit/537.36 (KHTML, like Gecko) Chrome/78.0.3904.108 Mobile Safari/537.36" "_ga=GA1.2.1862610507.1574538751; _gid=GA1.2.125611845.1574538751; _gat_gtag_UA_91619287_1=1"
81.202.138.139 - - [23/Nov/2019:20:52:32 +0100] "GET /wp-includes/js/jquery/ui/button.min.js?ver=1.11.4 HTTP/1.1" 200 7578 "https://amazingsportwear.com/producto/polo-tecnico-cremallera/" "Mozilla/5.0 (Linux; Android 9; SM-A750FN) AppleWebKit/537.36 (KHTML, like Gecko) Chrome/78.0.3904.108 Mobile Safari/537.36" "_ga=GA1.2.1862610507.1574538751; _gid=GA1.2.125611845.1574538751; _gat_gtag_UA_91619287_1=1"
81.202.138.139 - - [23/Nov/2019:20:52:32 +0100] "GET /wp-includes/js/jquery/ui/dialog.min.js?ver=1.11.4 HTTP/1.1" 200 12482 "https://amazingsportwear.com/producto/polo-tecnico-cremallera/" "Mozilla/5.0 (Linux; Android 9; SM-A750FN) AppleWebKit/537.36 (KHTML, like Gecko) Chrome/78.0.3904.108 Mobile Safari/537.36" "_ga=GA1.2.1862610507.1574538751; _gid=GA1.2.125611845.1574538751; _gat_gtag_UA_91619287_1=1"
81.202.138.139 - - [23/Nov/2019:20:52:32 +0100] "GET /wp-content/plugins/product-enquiry-for-woocommerce/js/wdm_jquery.validate.min.js?ver=5.2.4 HTTP/1.1" 200 21818 "https://amazingsportwear.com/producto/polo-tecnico-cremallera/" "Mozilla/5.0 (Linux; Android 9; SM-A750FN) AppleWebKit/537.36 (KHTML, like Gecko) Chrome/78.0.3904.108 Mobile Safari/537.36" "_ga=GA1.2.1862610507.1574538751; _gid=GA1.2.125611845.1574538751; _gat_gtag_UA_91619287_1=1"
81.202.138.139 - - [23/Nov/2019:20:52:32 +0100] "GET /wp-content/plugins/product-enquiry-for-woocommerce/js/contact.js?ver=5.2.4 HTTP/1.1" 200 4681 "https://amazingsportwear.com/producto/polo-tecnico-cremallera/" "Mozilla/5.0 (Linux; Android 9; SM-A750FN) AppleWebKit/537.36 (KHTML, like Gecko) Chrome/78.0.3904.108 Mobile Safari/537.36" "_ga=GA1.2.1862610507.1574538751; _gid=GA1.2.125611845.1574538751; _gat_gtag_UA_91619287_1=1"
81.202.138.139 - - [23/Nov/2019:20:52:32 +0100] "GET /wp-includes/js/wp-emoji-release.min.js?ver=5.2.4 HTTP/1.1" 200 14183 "https://amazingsportwear.com/producto/polo-tecnico-cremallera/" "Mozilla/5.0 (Linux; Android 9; SM-A750FN) AppleWebKit/537.36 (KHTML, like Gecko) Chrome/78.0.3904.108 Mobile Safari/537.36" "_ga=GA1.2.1862610507.1574538751; _gid=GA1.2.125611845.1574538751; _gat_gtag_UA_91619287_1=1"
81.202.138.139 - - [23/Nov/2019:20:52:32 +0100] "GET /wp-content/uploads/2017/03/sa-0416_60-768x768.jpg HTTP/1.1" 200 54616 "https://amazingsportwear.com/producto/polo-tecnico-cremallera/" "Mozilla/5.0 (Linux; Android 9; SM-A750FN) AppleWebKit/537.36 (KHTML, like Gecko) Chrome/78.0.3904.108 Mobile Safari/537.36" "_ga=GA1.2.1862610507.1574538751; _gid=GA1.2.125611845.1574538751; _gat_gtag_UA_91619287_1=1"
81.202.138.139 - - [23/Nov/2019:20:52:32 +0100] "GET /wp-content/uploads/2017/03/sa-6595.jpg HTTP/1.1" 200 67422 "https://amazingsportwear.com/producto/polo-tecnico-cremallera/" "Mozilla/5.0 (Linux; Android 9; SM-A750FN) AppleWebKit/537.36 (KHTML, like Gecko) Chrome/78.0.3904.108 Mobile Safari/537.36" "_ga=GA1.2.1862610507.1574538751; _gid=GA1.2.125611845.1574538751; _gat_gtag_UA_91619287_1=1"
81.202.138.139 - - [23/Nov/2019:20:52:32 +0100] "GET /wp-content/uploads/2019/05/asw-white-768x322.png HTTP/1.1" 200 39815 "https://amazingsportwear.com/producto/polo-tecnico-cremallera/" "Mozilla/5.0 (Linux; Android 9; SM-A750FN) AppleWebKit/537.36 (KHTML, like Gecko) Chrome/78.0.3904.108 Mobile Safari/537.36" "_ga=GA1.2.1862610507.1574538751; _gid=GA1.2.125611845.1574538751; _gat_gtag_UA_91619287_1=1"
81.202.138.139 - - [23/Nov/2019:20:52:32 +0100] "GET /wp-content/plugins/akismet/_inc/form.js?ver=4.1.2 HTTP/1.1" 200 1040 "https://amazingsportwear.com/producto/polo-tecnico-cremallera/" "Mozilla/5.0 (Linux; Android 9; SM-A750FN) AppleWebKit/537.36 (KHTML, like Gecko) Chrome/78.0.3904.108 Mobile Safari/537.36" "_ga=GA1.2.1862610507.1574538751; _gid=GA1.2.125611845.1574538751; _gat_gtag_UA_91619287_1=1"
81.202.138.139 - - [23/Nov/2019:20:52:32 +0100] "GET /wp-content/plugins/simple-social-icons/symbol-defs.svg HTTP/1.1" 200 19699 "https://amazingsportwear.com/producto/polo-tecnico-cremallera/" "Mozilla/5.0 (Linux; Android 9; SM-A750FN) AppleWebKit/537.36 (KHTML, like Gecko) Chrome/78.0.3904.108 Mobile Safari/537.36" "_ga=GA1.2.1862610507.1574538751; _gid=GA1.2.125611845.1574538751; _gat_gtag_UA_91619287_1=1"
81.202.138.139 - - [23/Nov/2019:20:52:32 +0100] "GET /wp-content/uploads/2017/03/CAT-4473-03.jpg HTTP/1.1" 200 114389 "https://amazingsportwear.com/producto/polo-tecnico-cremallera/" "Mozilla/5.0 (Linux; Android 9; SM-A750FN) AppleWebKit/537.36 (KHTML, like Gecko) Chrome/78.0.3904.108 Mobile Safari/537.36" "_ga=GA1.2.1862610507.1574538751; _gid=GA1.2.125611845.1574538751; _gat_gtag_UA_91619287_1=1"
81.202.138.139 - - [23/Nov/2019:20:52:32 +0100] "GET /wp-content/plugins/product-enquiry-for-woocommerce/img/contact/loading.gif HTTP/1.1" 200 3834 "https://amazingsportwear.com/producto/polo-tecnico-cremallera/" "Mozilla/5.0 (Linux; Android 9; SM-A750FN) AppleWebKit/537.36 (KHTML, like Gecko) Chrome/78.0.3904.108 Mobile Safari/537.36" "_ga=GA1.2.1862610507.1574538751; _gid=GA1.2.125611845.1574538751; _gat_gtag_UA_91619287_1=1"
81.202.138.139 - - [23/Nov/2019:20:52:33 +0100] "GET /wp-content/plugins/wpfront-notification-bar/images/arrow_down.png HTTP/1.1" 200 2562 "https://amazingsportwear.com/wp-content/plugins/wpfront-notification-bar/css/wpfront-notification-bar.css?ver=1.7.1" "Mozilla/5.0 (Linux; Android 9; SM-A750FN) AppleWebKit/537.36 (KHTML, like Gecko) Chrome/78.0.3904.108 Mobile Safari/537.36" "_ga=GA1.2.1862610507.1574538751; _gid=GA1.2.125611845.1574538751; _gat_gtag_UA_91619287_1=1"
81.202.138.139 - - [23/Nov/2019:20:52:33 +0100] "GET /wp-content/uploads/2019/04/VA-ACE-3-100x100.png HTTP/1.1" 200 8298 "https://amazingsportwear.com/producto/polo-tecnico-cremallera/" "Mozilla/5.0 (Linux; Android 9; SM-A750FN) AppleWebKit/537.36 (KHTML, like Gecko) Chrome/78.0.3904.108 Mobile Safari/537.36" "_ga=GA1.2.1862610507.1574538751; _gid=GA1.2.125611845.1574538751; _gat_gtag_UA_91619287_1=1"
81.202.138.139 - - [23/Nov/2019:20:52:33 +0100] "GET /wp-content/uploads/2019/04/VA-ACE-1-100x100.png HTTP/1.1" 200 8571 "https://amazingsportwear.com/producto/polo-tecnico-cremallera/" "Mozilla/5.0 (Linux; Android 9; SM-A750FN) AppleWebKit/537.36 (KHTML, like Gecko) Chrome/78.0.3904.108 Mobile Safari/537.36" "_ga=GA1.2.1862610507.1574538751; _gid=GA1.2.125611845.1574538751; _gat_gtag_UA_91619287_1=1"
81.202.138.139 - - [23/Nov/2019:20:52:32 +0100] "GET /img/cms/polo%20tecnico%20cremallera.PNG HTTP/1.1" 404 68986 "https://amazingsportwear.com/producto/polo-tecnico-cremallera/" "Mozilla/5.0 (Linux; Android 9; SM-A750FN) AppleWebKit/537.36 (KHTML, like Gecko) Chrome/78.0.3904.108 Mobile Safari/537.36" "-"
81.202.138.139 - - [23/Nov/2019:20:52:33 +0100] "GET /wp-content/uploads/2019/04/VA-ACE-2-100x100.png HTTP/1.1" 200 7821 "https://amazingsportwear.com/producto/polo-tecnico-cremallera/" "Mozilla/5.0 (Linux; Android 9; SM-A750FN) AppleWebKit/537.36 (KHTML, like Gecko) Chrome/78.0.3904.108 Mobile Safari/537.36" "_ga=GA1.2.1862610507.1574538751; _gid=GA1.2.125611845.1574538751; _gat_gtag_UA_91619287_1=1"
81.202.138.139 - - [23/Nov/2019:20:52:33 +0100] "GET /wp-content/uploads/2019/05/cropped-favicon-nuevo-logo-amazinf-128px-180x180.png HTTP/1.1" 200 10066 "https://amazingsportwear.com/producto/polo-tecnico-cremallera/" "Mozilla/5.0 (Linux; Android 9; SM-A750FN) AppleWebKit/537.36 (KHTML, like Gecko) Chrome/78.0.3904.108 Mobile Safari/537.36" "_ga=GA1.2.1862610507.1574538751; _gid=GA1.2.125611845.1574538751; _gat_gtag_UA_91619287_1=1"
81.202.138.139 - - [23/Nov/2019:20:52:33 +0100] "GET /wp-content/uploads/2019/05/cropped-favicon-nuevo-logo-amazinf-128px-192x192.png HTTP/1.1" 200 10880 "https://amazingsportwear.com/producto/polo-tecnico-cremallera/" "Mozilla/5.0 (Linux; Android 9; SM-A750FN) AppleWebKit/537.36 (KHTML, like Gecko) Chrome/78.0.3904.108 Mobile Safari/537.36" "_ga=GA1.2.1862610507.1574538751; _gid=GA1.2.125611845.1574538751; _gat_gtag_UA_91619287_1=1"
81.202.138.139 - - [23/Nov/2019:20:52:33 +0100] "POST /?wc-ajax=get_refreshed_fragments HTTP/1.1" 200 1397 "https://amazingsportwear.com/producto/polo-tecnico-cremallera/" "Mozilla/5.0 (Linux; Android 9; SM-A750FN) AppleWebKit/537.36 (KHTML, like Gecko) Chrome/78.0.3904.108 Mobile Safari/537.36" "_ga=GA1.2.1862610507.1574538751; _gid=GA1.2.125611845.1574538751; _gat_gtag_UA_91619287_1=1"
66.249.66.66 - - [23/Nov/2019:20:52:41 +0100] "GET /producto/camiseta-tecnica-arabia-eny-ar01-blanca/ HTTP/1.1" 200 105562 "-" "Mozilla/5.0 (Linux; Android 6.0.1; Nexus 5X Build/MMB29P) AppleWebKit/537.36 (KHTML, like Gecko) Chrome/41.0.2272.96 Mobile Safari/537.36 (compatible; Googlebot/2.1; +http://www.google.com/bot.html)" "-"
217.76.130.90 - - [23/Nov/2019:20:53:05 +0100] "POST /wp-cron.php?doing_wp_cron=1574538785.0118710994720458984375 HTTP/1.1" 200 164 "http://amazingsportwear.com/wp-cron.php?doing_wp_cron=1574538785.0118710994720458984375" "WordPress/5.2.4; https://amazingsportwear.com" "-"
157.55.39.52 - - [23/Nov/2019:20:53:04 +0100] "GET /atletismo/23-pantalon-corto-atletismo.html HTTP/1.1" 404 68050 "-" "Mozilla/5.0 (iPhone; CPU iPhone OS 7_0 like Mac OS X) AppleWebKit/537.51.1 (KHTML, like Gecko) Version/7.0 Mobile/11A465 Safari/9537.53 (compatible; bingbot/2.0; +http://www.bing.com/bingbot.htm)" "-"
217.76.130.90 - - [23/Nov/2019:20:57:01 +0100] "POST /wp-cron.php?doing_wp_cron=1574539021.8558371067047119140625 HTTP/1.1" 200 164 "http://amazingsportwear.com/wp-cron.php?doing_wp_cron=1574539021.8558371067047119140625" "WordPress/5.2.4; https://amazingsportwear.com" "-"
27.202.63.240 - - [23/Nov/2019:20:56:59 +0100] "GET /img/cms/tienda/sa-6502-colores.JPG HTTP/1.1" 404 68043 "-" "Mozilla/5.0(Linux;Android 5.1.1;OPPO A33 Build/LMY47V;wv) AppleWebKit/537.36(KHTML,link Gecko) Version/4.0 Chrome/43.0.2357.121 Mobile Safari/537.36 LieBaoFast/4.51.3" "-"
217.76.130.90 - - [23/Nov/2019:20:57:27 +0100] "POST /wp-cron.php?doing_wp_cron=1574539047.8660469055175781250000 HTTP/1.1" 200 3389 "https://amazingsportwear.com/wp-cron.php?doing_wp_cron=1574539047.8660469055175781250000" "WordPress/5.2.4; https://amazingsportwear.com" "-"
112.114.88.89 - - [23/Nov/2019:20:57:27 +0100] "GET /producto/pantalon-corto-carson-sa-1029 HTTP/1.1" 301 3562 "-" "Mozilla/5.0(Linux;Android 5.1.1;OPPO A33 Build/LMY47V;wv) AppleWebKit/537.36(KHTML,link Gecko) Version/4.0 Chrome/43.0.2357.121 Mobile Safari/537.36 LieBaoFast/4.51.3" "-"
112.114.88.89 - - [23/Nov/2019:20:57:41 +0100] "GET /producto/pantalon-corto-carson-sa-1029/ HTTP/1.1" 200 97389 "-" "Mozilla/5.0(Linux;Android 5.1.1;OPPO A33 Build/LMY47V;wv) AppleWebKit/537.36(KHTML,link Gecko) Version/4.0 Chrome/43.0.2357.121 Mobile Safari/537.36 LieBaoFast/4.51.3" "wpfront-notification-bar-landingpage=1"
66.249.66.68 - - [23/Nov/2019:21:00:36 +0100] "GET /wp-content/uploads/2017/01/maillot-largo2-300x300.jpg HTTP/1.1" 304 3565 "-" "Googlebot-Image/1.0" "-"
113.69.168.25 - - [23/Nov/2019:21:04:46 +0100] "GET /wp-content/uploads/2017/03/aq-cosmic-hombre.jpg HTTP/1.1" 200 734502 "-" "Mozilla/5.0(Linux;Android 5.1.1;OPPO A33 Build/LMY47V;wv) AppleWebKit/537.36(KHTML,link Gecko) Version/4.0 Chrome/43.0.2357.121 Mobile Safari/537.36 LieBaoFast/4.51.3" "-"
217.76.130.90 - - [23/Nov/2019:21:08:08 +0100] "POST /wp-cron.php?doing_wp_cron=1574539688.7641689777374267578125 HTTP/1.1" 200 3389 "https://amazingsportwear.com/wp-cron.php?doing_wp_cron=1574539688.7641689777374267578125" "WordPress/5.2.4; https://amazingsportwear.com" "-"
183.30.88.67 - - [23/Nov/2019:21:08:01 +0100] "GET /etiqueta-producto/epic HTTP/1.1" 301 3546 "-" "Mozilla/5.0(Linux;U;Android 5.1.1;zh-CN;OPPO A33 Build/LMY47V) AppleWebKit/537.36(KHTML,like Gecko) Version/4.0 Chrome/40.0.2214.89 UCBrowser/11.7.0.953 Mobile Safari/537.36" "-"
183.30.88.67 - - [23/Nov/2019:21:08:12 +0100] "GET /etiqueta-producto/epic/ HTTP/1.1" 200 53125 "-" "Mozilla/5.0(Linux;U;Android 5.1.1;zh-CN;OPPO A33 Build/LMY47V) AppleWebKit/537.36(KHTML,like Gecko) Version/4.0 Chrome/40.0.2214.89 UCBrowser/11.7.0.953 Mobile Safari/537.36" "wpfront-notification-bar-landingpage=1"
217.76.130.90 - - [23/Nov/2019:21:11:42 +0100] "POST /wp-cron.php?doing_wp_cron=1574539902.6148049831390380859375 HTTP/1.1" 200 3389 "https://amazingsportwear.com/wp-cron.php?doing_wp_cron=1574539902.6148049831390380859375" "WordPress/5.2.4; https://amazingsportwear.com" "-"
223.215.11.197 - - [23/Nov/2019:21:11:40 +0100] "GET /categoria-producto/s HTTP/1.1" 301 3544 "-" "Mozilla/5.0(Linux;U;Android 5.1.1;zh-CN;OPPO A33 Build/LMY47V) AppleWebKit/537.36(KHTML,like Gecko) Version/4.0 Chrome/40.0.2214.89 UCBrowser/11.7.0.953 Mobile Safari/537.36" "-"
223.215.11.197 - - [23/Nov/2019:21:11:45 +0100] "GET /categoria-producto/s/ HTTP/1.1" 200 74097 "-" "Mozilla/5.0(Linux;U;Android 5.1.1;zh-CN;OPPO A33 Build/LMY47V) AppleWebKit/537.36(KHTML,like Gecko) Version/4.0 Chrome/40.0.2214.89 UCBrowser/11.7.0.953 Mobile Safari/537.36" "wpfront-notification-bar-landingpage=1"
117.57.85.132 - - [23/Nov/2019:21:12:47 +0100] "GET /wp-content/uploads/2019/04/VANDIX-ROJO.png HTTP/1.1" 200 129870 "-" "Mozilla/5.0(Linux;Android 5.1.1;OPPO A33 Build/LMY47V;wv) AppleWebKit/537.36(KHTML,link Gecko) Version/4.0 Chrome/43.0.2357.121 Mobile Safari/537.36 LieBaoFast/4.51.3" "-"
