66.102.8.146 - - [17/Dec/2019:13:17:37 +0100] "GET /wp-content/plugins/cookie-law-info/public/css/cookie-law-info-gdpr.css?ver=1.7.6 HTTP/1.1" 200 15808 "https://amazingsportwear.com/" "Mozilla/5.0 (Windows NT 10.0; Win64; x64) AppleWebKit/537.36 (KHTML, like Gecko) Chrome/78.0.3904.108 Safari/537.36" "wpfront-notification-bar-landingpage=1"
66.102.8.146 - - [17/Dec/2019:13:17:37 +0100] "GET /wp-content/plugins/woocommerce/assets/css/blocks/style.css?ver=3.6.4 HTTP/1.1" 200 10060 "https://amazingsportwear.com/" "Mozilla/5.0 (Windows NT 10.0; Win64; x64) AppleWebKit/537.36 (KHTML, like Gecko) Chrome/78.0.3904.108 Safari/537.36" "wpfront-notification-bar-landingpage=1"
66.102.8.146 - - [17/Dec/2019:13:17:37 +0100] "GET /wp-content/uploads/elementor/css/post-16241.css?ver=1562311573 HTTP/1.1" 200 8297 "https://amazingsportwear.com/" "Mozilla/5.0 (Windows NT 10.0; Win64; x64) AppleWebKit/537.36 (KHTML, like Gecko) Chrome/78.0.3904.108 Safari/537.36" "wpfront-notification-bar-landingpage=1"
66.102.8.146 - - [17/Dec/2019:13:17:37 +0100] "GET /wp-content/plugins/smart-slider-3/library/media/smartslider.min.css?1559118093 HTTP/1.1" 200 23322 "https://amazingsportwear.com/" "Mozilla/5.0 (Windows NT 10.0; Win64; x64) AppleWebKit/537.36 (KHTML, like Gecko) Chrome/78.0.3904.108 Safari/537.36" "wpfront-notification-bar-landingpage=1"
66.102.8.148 - - [17/Dec/2019:13:17:37 +0100] "GET /wp-content/plugins/smart-slider-3/library/media/plugins/type/simple/simple/dist/smartslider-simple-type-frontend.min.js?1559118093 HTTP/1.1" 200 22336 "https://amazingsportwear.com/" "Mozilla/5.0 (Windows NT 10.0; Win64; x64) AppleWebKit/537.36 (KHTML, like Gecko) Chrome/78.0.3904.108 Safari/537.36" "wpfront-notification-bar-landingpage=1"
66.102.8.144 - - [17/Dec/2019:13:17:37 +0100] "GET /wp-content/plugins/smart-slider-3/nextend/media/dist/n2.min.js?1559118093 HTTP/1.1" 200 7199 "https://amazingsportwear.com/" "Mozilla/5.0 (Windows NT 10.0; Win64; x64) AppleWebKit/537.36 (KHTML, like Gecko) Chrome/78.0.3904.108 Safari/537.36" "wpfront-notification-bar-landingpage=1"
66.102.8.148 - - [17/Dec/2019:13:17:37 +0100] "GET /wp-content/plugins/cookie-law-info/public/js/cookie-law-info-public.js?ver=1.7.6 HTTP/1.1" 200 20439 "https://amazingsportwear.com/" "Mozilla/5.0 (Windows NT 10.0; Win64; x64) AppleWebKit/537.36 (KHTML, like Gecko) Chrome/78.0.3904.108 Safari/537.36" "wpfront-notification-bar-landingpage=1"
66.102.8.148 - - [17/Dec/2019:13:17:37 +0100] "GET /wp-content/plugins/simple-social-icons/css/style.css?ver=3.0.1 HTTP/1.1" 200 4925 "https://amazingsportwear.com/" "Mozilla/5.0 (Windows NT 10.0; Win64; x64) AppleWebKit/537.36 (KHTML, like Gecko) Chrome/78.0.3904.108 Safari/537.36" "wpfront-notification-bar-landingpage=1"
66.102.8.144 - - [17/Dec/2019:13:17:37 +0100] "GET /wp-content/themes/shopper/style.css?ver=1.3.8 HTTP/1.1" 200 128678 "https://amazingsportwear.com/" "Mozilla/5.0 (Windows NT 10.0; Win64; x64) AppleWebKit/537.36 (KHTML, like Gecko) Chrome/78.0.3904.108 Safari/537.36" "wpfront-notification-bar-landingpage=1"
66.102.8.146 - - [17/Dec/2019:13:17:37 +0100] "GET /wp-content/uploads/2019/05/cropped-asw-white.png HTTP/1.1" 200 7500 "https://amazingsportwear.com/" "Mozilla/5.0 (Windows NT 10.0; Win64; x64) AppleWebKit/537.36 (KHTML, like Gecko) Chrome/78.0.3904.108 Safari/537.36" "wpfront-notification-bar-landingpage=1"
66.102.8.148 - - [17/Dec/2019:13:17:37 +0100] "GET /wp-content/themes/shopper/assets/js/skip-link-focus-fix.js?ver=1.3.8 HTTP/1.1" 200 1023 "https://amazingsportwear.com/" "Mozilla/5.0 (Windows NT 10.0; Win64; x64) AppleWebKit/537.36 (KHTML, like Gecko) Chrome/78.0.3904.108 Safari/537.36" "wpfront-notification-bar-landingpage=1"
66.102.8.148 - - [17/Dec/2019:13:17:37 +0100] "GET /wp-includes/js/wp-embed.min.js?ver=5.2.5 HTTP/1.1" 200 1744 "https://amazingsportwear.com/" "Mozilla/5.0 (Windows NT 10.0; Win64; x64) AppleWebKit/537.36 (KHTML, like Gecko) Chrome/78.0.3904.108 Safari/537.36" "wpfront-notification-bar-landingpage=1"
66.102.8.148 - - [17/Dec/2019:13:17:37 +0100] "GET /wp-content/plugins/elementor/assets/css/frontend.min.css?ver=2.5.16 HTTP/1.1" 200 98729 "https://amazingsportwear.com/" "Mozilla/5.0 (Windows NT 10.0; Win64; x64) AppleWebKit/537.36 (KHTML, like Gecko) Chrome/78.0.3904.108 Safari/537.36" "wpfront-notification-bar-landingpage=1"
66.102.8.148 - - [17/Dec/2019:13:17:37 +0100] "GET /wp-includes/js/wp-embed.min.js?ver=5.2.5 HTTP/1.1" 200 1744 "https://amazingsportwear.com/" "Mozilla/5.0 (Windows NT 10.0; Win64; x64) AppleWebKit/537.36 (KHTML, like Gecko) Chrome/78.0.3904.108 Safari/537.36" "wpfront-notification-bar-landingpage=1"
66.102.8.144 - - [17/Dec/2019:13:17:37 +0100] "GET /wp-content/plugins/elementor/assets/js/frontend-modules.min.js?ver=2.5.16 HTTP/1.1" 200 11486 "https://amazingsportwear.com/" "Mozilla/5.0 (Windows NT 10.0; Win64; x64) AppleWebKit/537.36 (KHTML, like Gecko) Chrome/78.0.3904.108 Safari/537.36" "wpfront-notification-bar-landingpage=1"
66.102.8.146 - - [17/Dec/2019:13:17:37 +0100] "GET /wp-content/uploads/2019/07/gorra-tecnica-300x124.jpg HTTP/1.1" 200 16844 "https://amazingsportwear.com/" "Mozilla/5.0 (Windows NT 10.0; Win64; x64) AppleWebKit/537.36 (KHTML, like Gecko) Chrome/78.0.3904.108 Safari/537.36" "wpfront-notification-bar-landingpage=1"
66.102.8.146 - - [17/Dec/2019:13:17:37 +0100] "GET /wp-content/plugins/smart-slider-3/library/media/dist/smartslider-frontend.min.js?1559118093 HTTP/1.1" 200 130656 "https://amazingsportwear.com/" "Mozilla/5.0 (Windows NT 10.0; Win64; x64) AppleWebKit/537.36 (KHTML, like Gecko) Chrome/78.0.3904.108 Safari/537.36" "wpfront-notification-bar-landingpage=1"
66.102.8.148 - - [17/Dec/2019:13:17:37 +0100] "GET /wp-content/uploads/2019/07/cortavientos-300x124.jpg HTTP/1.1" 200 17094 "https://amazingsportwear.com/" "Mozilla/5.0 (Windows NT 10.0; Win64; x64) AppleWebKit/537.36 (KHTML, like Gecko) Chrome/78.0.3904.108 Safari/537.36" "wpfront-notification-bar-landingpage=1"
66.102.8.146 - - [17/Dec/2019:13:17:37 +0100] "GET /wp-content/uploads/2019/07/mochila-saco-300x124.jpg HTTP/1.1" 200 16972 "https://amazingsportwear.com/" "Mozilla/5.0 (Windows NT 10.0; Win64; x64) AppleWebKit/537.36 (KHTML, like Gecko) Chrome/78.0.3904.108 Safari/537.36" "wpfront-notification-bar-landingpage=1"
66.102.8.146 - - [17/Dec/2019:13:17:37 +0100] "GET /wp-content/uploads/2019/07/camiseta-tecnica-mujer-300x124.jpg HTTP/1.1" 200 17320 "https://amazingsportwear.com/" "Mozilla/5.0 (Windows NT 10.0; Win64; x64) AppleWebKit/537.36 (KHTML, like Gecko) Chrome/78.0.3904.108 Safari/537.36" "wpfront-notification-bar-landingpage=1"
66.102.8.148 - - [17/Dec/2019:13:17:37 +0100] "GET /wp-content/plugins/smart-slider-3/nextend/media/dist/nextend-frontend.min.js?1559118093 HTTP/1.1" 200 89702 "https://amazingsportwear.com/" "Mozilla/5.0 (Windows NT 10.0; Win64; x64) AppleWebKit/537.36 (KHTML, like Gecko) Chrome/78.0.3904.108 Safari/537.36" "wpfront-notification-bar-landingpage=1"
66.102.8.148 - - [17/Dec/2019:13:17:37 +0100] "GET /wp-content/uploads/2019/07/camiseta-tecnica-unisex-300x124.jpg HTTP/1.1" 200 17090 "https://amazingsportwear.com/" "Mozilla/5.0 (Windows NT 10.0; Win64; x64) AppleWebKit/537.36 (KHTML, like Gecko) Chrome/78.0.3904.108 Safari/537.36" "wpfront-notification-bar-landingpage=1"
66.102.8.146 - - [17/Dec/2019:13:17:37 +0100] "GET /wp-content/plugins/simple-social-icons/css/style.css?ver=3.0.1 HTTP/1.1" 200 1562 "https://amazingsportwear.com/" "Mozilla/5.0 (Windows NT 10.0; Win64; x64) AppleWebKit/537.36 (KHTML, like Gecko) Chrome/78.0.3904.108 Safari/537.36" "wpfront-notification-bar-landingpage=1"
66.102.8.144 - - [17/Dec/2019:13:17:37 +0100] "GET /wp-content/plugins/elementor/assets/lib/dialog/dialog.min.js?ver=4.7.1 HTTP/1.1" 200 10911 "https://amazingsportwear.com/" "Mozilla/5.0 (Windows NT 10.0; Win64; x64) AppleWebKit/537.36 (KHTML, like Gecko) Chrome/78.0.3904.108 Safari/537.36" "wpfront-notification-bar-landingpage=1"
66.102.8.144 - - [17/Dec/2019:13:17:37 +0100] "GET /wp-content/plugins/elementor/assets/lib/slick/slick.min.js?ver=1.8.1 HTTP/1.1" 200 43264 "https://amazingsportwear.com/" "Mozilla/5.0 (Windows NT 10.0; Win64; x64) AppleWebKit/537.36 (KHTML, like Gecko) Chrome/78.0.3904.108 Safari/537.36" "wpfront-notification-bar-landingpage=1"
66.102.8.148 - - [17/Dec/2019:13:17:37 +0100] "GET /wp-content/plugins/elementor/assets/lib/slick/slick.min.js?ver=1.8.1 HTTP/1.1" 200 43264 "https://amazingsportwear.com/" "Mozilla/5.0 (Windows NT 10.0; Win64; x64) AppleWebKit/537.36 (KHTML, like Gecko) Chrome/78.0.3904.108 Safari/537.36" "wpfront-notification-bar-landingpage=1"
66.102.8.144 - - [17/Dec/2019:13:17:37 +0100] "GET /wp-content/uploads/2019/07/toalla-300x124.jpg HTTP/1.1" 200 16957 "https://amazingsportwear.com/" "Mozilla/5.0 (Windows NT 10.0; Win64; x64) AppleWebKit/537.36 (KHTML, like Gecko) Chrome/78.0.3904.108 Safari/537.36" "wpfront-notification-bar-landingpage=1"
66.102.8.148 - - [17/Dec/2019:13:17:37 +0100] "GET /wp-content/plugins/elementor/assets/lib/dialog/dialog.min.js?ver=4.7.1 HTTP/1.1" 200 10911 "https://amazingsportwear.com/" "Mozilla/5.0 (Windows NT 10.0; Win64; x64) AppleWebKit/537.36 (KHTML, like Gecko) Chrome/78.0.3904.108 Safari/537.36" "wpfront-notification-bar-landingpage=1"
66.102.8.146 - - [17/Dec/2019:13:17:37 +0100] "GET /wp-content/uploads/2019/07/zapatillero-300x124.jpg HTTP/1.1" 200 16599 "https://amazingsportwear.com/" "Mozilla/5.0 (Windows NT 10.0; Win64; x64) AppleWebKit/537.36 (KHTML, like Gecko) Chrome/78.0.3904.108 Safari/537.36" "wpfront-notification-bar-landingpage=1"
66.102.8.144 - - [17/Dec/2019:13:17:37 +0100] "GET /wp-content/plugins/elementor/assets/js/frontend.min.js?ver=2.5.16 HTTP/1.1" 200 41341 "https://amazingsportwear.com/" "Mozilla/5.0 (Windows NT 10.0; Win64; x64) AppleWebKit/537.36 (KHTML, like Gecko) Chrome/78.0.3904.108 Safari/537.36" "wpfront-notification-bar-landingpage=1"
66.102.8.144 - - [17/Dec/2019:13:17:37 +0100] "GET /wp-includes/js/jquery/ui/core.min.js?ver=1.11.4 HTTP/1.1" 200 4341 "https://amazingsportwear.com/" "Mozilla/5.0 (Windows NT 10.0; Win64; x64) AppleWebKit/537.36 (KHTML, like Gecko) Chrome/78.0.3904.108 Safari/537.36" "wpfront-notification-bar-landingpage=1"
66.102.8.146 - - [17/Dec/2019:13:17:37 +0100] "GET /wp-includes/js/jquery/ui/position.min.js?ver=1.11.4 HTTP/1.1" 200 6869 "https://amazingsportwear.com/" "Mozilla/5.0 (Windows NT 10.0; Win64; x64) AppleWebKit/537.36 (KHTML, like Gecko) Chrome/78.0.3904.108 Safari/537.36" "wpfront-notification-bar-landingpage=1"
66.102.8.148 - - [17/Dec/2019:13:17:37 +0100] "GET /wp-content/plugins/elementor/assets/lib/waypoints/waypoints.min.js?ver=4.0.2 HTTP/1.1" 200 12541 "https://amazingsportwear.com/" "Mozilla/5.0 (Windows NT 10.0; Win64; x64) AppleWebKit/537.36 (KHTML, like Gecko) Chrome/78.0.3904.108 Safari/537.36" "wpfront-notification-bar-landingpage=1"
66.102.8.146 - - [17/Dec/2019:13:17:37 +0100] "GET /wp-content/plugins/elementor/assets/lib/swiper/swiper.min.js?ver=4.4.6 HTTP/1.1" 200 126126 "https://amazingsportwear.com/" "Mozilla/5.0 (Windows NT 10.0; Win64; x64) AppleWebKit/537.36 (KHTML, like Gecko) Chrome/78.0.3904.108 Safari/537.36" "wpfront-notification-bar-landingpage=1"
66.102.8.146 - - [17/Dec/2019:13:17:37 +0100] "GET /wp-content/plugins/elementor/assets/lib/waypoints/waypoints.min.js?ver=4.0.2 HTTP/1.1" 200 12541 "https://amazingsportwear.com/" "Mozilla/5.0 (Windows NT 10.0; Win64; x64) AppleWebKit/537.36 (KHTML, like Gecko) Chrome/78.0.3904.108 Safari/537.36" "wpfront-notification-bar-landingpage=1"
66.102.8.146 - - [17/Dec/2019:13:17:37 +0100] "GET /wp-content/uploads/2019/07/carpa-1024x771.jpg HTTP/1.1" 200 89325 "https://amazingsportwear.com/" "Mozilla/5.0 (Windows NT 10.0; Win64; x64) AppleWebKit/537.36 (KHTML, like Gecko) Chrome/78.0.3904.108 Safari/537.36" "wpfront-notification-bar-landingpage=1"
66.102.8.144 - - [17/Dec/2019:13:17:37 +0100] "GET /wp-content/uploads/2019/04/toalla-absorvente-gymnasio-7-300x300.png HTTP/1.1" 200 78664 "https://amazingsportwear.com/" "Mozilla/5.0 (Windows NT 10.0; Win64; x64) AppleWebKit/537.36 (KHTML, like Gecko) Chrome/78.0.3904.108 Safari/537.36" "wpfront-notification-bar-landingpage=1"
66.102.8.146 - - [17/Dec/2019:13:17:37 +0100] "GET /wp-content/plugins/elementor/assets/js/frontend.min.js?ver=2.5.16 HTTP/1.1" 200 41341 "https://amazingsportwear.com/" "Mozilla/5.0 (Windows NT 10.0; Win64; x64) AppleWebKit/537.36 (KHTML, like Gecko) Chrome/78.0.3904.108 Safari/537.36" "wpfront-notification-bar-landingpage=1"
66.102.8.148 - - [17/Dec/2019:13:17:37 +0100] "GET /wp-content/uploads/2019/04/Llavero-triumph-1-300x300.png HTTP/1.1" 200 12855 "https://amazingsportwear.com/" "Mozilla/5.0 (Windows NT 10.0; Win64; x64) AppleWebKit/537.36 (KHTML, like Gecko) Chrome/78.0.3904.108 Safari/537.36" "wpfront-notification-bar-landingpage=1"
66.102.8.148 - - [17/Dec/2019:13:17:37 +0100] "GET /wp-content/uploads/2019/04/bolsa-deporte-young-1-300x300.png HTTP/1.1" 200 77335 "https://amazingsportwear.com/" "Mozilla/5.0 (Windows NT 10.0; Win64; x64) AppleWebKit/537.36 (KHTML, like Gecko) Chrome/78.0.3904.108 Safari/537.36" "wpfront-notification-bar-landingpage=1"
66.102.8.148 - - [17/Dec/2019:13:17:37 +0100] "GET /wp-content/uploads/2019/04/Gorra-sport-12-300x300.png HTTP/1.1" 200 49394 "https://amazingsportwear.com/" "Mozilla/5.0 (Windows NT 10.0; Win64; x64) AppleWebKit/537.36 (KHTML, like Gecko) Chrome/78.0.3904.108 Safari/537.36" "wpfront-notification-bar-landingpage=1"
66.102.8.146 - - [17/Dec/2019:13:17:37 +0100] "GET /wp-content/uploads/2019/04/SA-6684-1-300x300.png HTTP/1.1" 200 94808 "https://amazingsportwear.com/" "Mozilla/5.0 (Windows NT 10.0; Win64; x64) AppleWebKit/537.36 (KHTML, like Gecko) Chrome/78.0.3904.108 Safari/537.36" "wpfront-notification-bar-landingpage=1"
66.102.8.144 - - [17/Dec/2019:13:17:37 +0100] "GET /wp-content/uploads/2019/04/mochila-decath-5-300x300.png HTTP/1.1" 200 64031 "https://amazingsportwear.com/" "Mozilla/5.0 (Windows NT 10.0; Win64; x64) AppleWebKit/537.36 (KHTML, like Gecko) Chrome/78.0.3904.108 Safari/537.36" "wpfront-notification-bar-landingpage=1"
66.102.8.144 - - [17/Dec/2019:13:17:37 +0100] "GET /wp-content/uploads/2019/04/bidon-match-4-300x300.png HTTP/1.1" 200 71820 "https://amazingsportwear.com/" "Mozilla/5.0 (Windows NT 10.0; Win64; x64) AppleWebKit/537.36 (KHTML, like Gecko) Chrome/78.0.3904.108 Safari/537.36" "wpfront-notification-bar-landingpage=1"
66.102.8.148 - - [17/Dec/2019:13:17:37 +0100] "GET /wp-content/uploads/2019/07/buff-bandana-300x123.jpg HTTP/1.1" 200 15859 "https://amazingsportwear.com/" "Mozilla/5.0 (Windows NT 10.0; Win64; x64) AppleWebKit/537.36 (KHTML, like Gecko) Chrome/78.0.3904.108 Safari/537.36" "wpfront-notification-bar-landingpage=1"
66.102.8.144 - - [17/Dec/2019:13:17:37 +0100] "GET /wp-content/uploads/2019/07/slider1.jpg HTTP/1.1" 200 244573 "https://amazingsportwear.com/" "Mozilla/5.0 (Windows NT 10.0; Win64; x64) AppleWebKit/537.36 (KHTML, like Gecko) Chrome/78.0.3904.108 Safari/537.36" "wpfront-notification-bar-landingpage=1"
66.102.8.148 - - [17/Dec/2019:13:17:37 +0100] "GET /wp-content/uploads/2018/05/cat-3164-amarillo-300x300.png HTTP/1.1" 200 72410 "https://amazingsportwear.com/" "Mozilla/5.0 (Windows NT 10.0; Win64; x64) AppleWebKit/537.36 (KHTML, like Gecko) Chrome/78.0.3904.108 Safari/537.36" "wpfront-notification-bar-landingpage=1"
66.102.8.148 - - [17/Dec/2019:13:17:37 +0100] "GET /wp-content/uploads/2017/03/sa-0415_60-300x300.jpg HTTP/1.1" 200 15272 "https://amazingsportwear.com/" "Mozilla/5.0 (Windows NT 10.0; Win64; x64) AppleWebKit/537.36 (KHTML, like Gecko) Chrome/78.0.3904.108 Safari/537.36" "wpfront-notification-bar-landingpage=1"
66.102.8.146 - - [17/Dec/2019:13:17:37 +0100] "GET /wp-content/plugins/elementor/assets/lib/swiper/swiper.min.js?ver=4.4.6 HTTP/1.1" 200 126126 "https://amazingsportwear.com/" "Mozilla/5.0 (Windows NT 10.0; Win64; x64) AppleWebKit/537.36 (KHTML, like Gecko) Chrome/78.0.3904.108 Safari/537.36" "wpfront-notification-bar-landingpage=1"
66.102.8.144 - - [17/Dec/2019:13:17:37 +0100] "GET /wp-content/uploads/2019/07/slider3.jpg HTTP/1.1" 200 276981 "https://amazingsportwear.com/" "Mozilla/5.0 (Windows NT 10.0; Win64; x64) AppleWebKit/537.36 (KHTML, like Gecko) Chrome/78.0.3904.108 Safari/537.36" "wpfront-notification-bar-landingpage=1"
66.102.8.144 - - [17/Dec/2019:13:17:37 +0100] "GET /wp-content/uploads/elementor/css/post-16241.css?ver=1562311573 HTTP/1.1" 200 8297 "https://amazingsportwear.com/" "Mozilla/5.0 (Windows NT 10.0; Win64; x64) AppleWebKit/537.36 (KHTML, like Gecko) Chrome/78.0.3904.108 Safari/537.36" "wpfront-notification-bar-landingpage=1"
66.102.8.144 - - [17/Dec/2019:13:17:37 +0100] "GET /wp-content/uploads/2019/06/compartir-300x300.jpg HTTP/1.1" 200 10140 "https://amazingsportwear.com/" "Mozilla/5.0 (Windows NT 10.0; Win64; x64) AppleWebKit/537.36 (KHTML, like Gecko) Chrome/78.0.3904.108 Safari/537.36" "wpfront-notification-bar-landingpage=1"
66.102.8.146 - - [17/Dec/2019:13:17:37 +0100] "GET /wp-content/uploads/2019/05/asw-white-300x126.png HTTP/1.1" 200 12061 "https://amazingsportwear.com/" "Mozilla/5.0 (Windows NT 10.0; Win64; x64) AppleWebKit/537.36 (KHTML, like Gecko) Chrome/78.0.3904.108 Safari/537.36" "wpfront-notification-bar-landingpage=1"
66.102.8.146 - - [17/Dec/2019:13:17:37 +0100] "GET /wp-content/uploads/2019/06/amistad3-300x300.jpg HTTP/1.1" 200 12744 "https://amazingsportwear.com/" "Mozilla/5.0 (Windows NT 10.0; Win64; x64) AppleWebKit/537.36 (KHTML, like Gecko) Chrome/78.0.3904.108 Safari/537.36" "wpfront-notification-bar-landingpage=1"
66.102.8.148 - - [17/Dec/2019:13:17:37 +0100] "GET /wp-content/uploads/2019/07/slider2.jpg HTTP/1.1" 200 250219 "https://amazingsportwear.com/" "Mozilla/5.0 (Windows NT 10.0; Win64; x64) AppleWebKit/537.36 (KHTML, like Gecko) Chrome/78.0.3904.108 Safari/537.36" "wpfront-notification-bar-landingpage=1"
66.102.8.148 - - [17/Dec/2019:13:17:37 +0100] "GET /wp-content/uploads/2019/07/slider1.jpg HTTP/1.1" 200 244573 "https://amazingsportwear.com/" "Mozilla/5.0 (Windows NT 10.0; Win64; x64) AppleWebKit/537.36 (KHTML, like Gecko) Chrome/78.0.3904.108 Safari/537.36" "wpfront-notification-bar-landingpage=1"
66.102.8.144 - - [17/Dec/2019:13:17:37 +0100] "GET /wp-content/uploads/2019/07/polo-tecnico-300x124.jpg HTTP/1.1" 200 17539 "https://amazingsportwear.com/" "Mozilla/5.0 (Windows NT 10.0; Win64; x64) AppleWebKit/537.36 (KHTML, like Gecko) Chrome/78.0.3904.108 Safari/537.36" "wpfront-notification-bar-landingpage=1"
66.102.8.148 - - [17/Dec/2019:13:17:37 +0100] "GET /wp-content/uploads/2019/07/slider4.jpg HTTP/1.1" 200 369750 "https://amazingsportwear.com/" "Mozilla/5.0 (Windows NT 10.0; Win64; x64) AppleWebKit/537.36 (KHTML, like Gecko) Chrome/78.0.3904.108 Safari/537.36" "wpfront-notification-bar-landingpage=1"
66.102.8.148 - - [17/Dec/2019:13:17:37 +0100] "GET /wp-content/uploads/2019/07/slider3.jpg HTTP/1.1" 200 276981 "https://amazingsportwear.com/" "Mozilla/5.0 (Windows NT 10.0; Win64; x64) AppleWebKit/537.36 (KHTML, like Gecko) Chrome/78.0.3904.108 Safari/537.36" "wpfront-notification-bar-landingpage=1"
66.102.8.146 - - [17/Dec/2019:13:17:37 +0100] "GET /wp-content/uploads/2019/07/slider4.jpg HTTP/1.1" 200 369750 "https://amazingsportwear.com/" "Mozilla/5.0 (Windows NT 10.0; Win64; x64) AppleWebKit/537.36 (KHTML, like Gecko) Chrome/78.0.3904.108 Safari/537.36" "wpfront-notification-bar-landingpage=1"
66.102.8.146 - - [17/Dec/2019:13:17:37 +0100] "GET /wp-content/uploads/2019/04/mochila-decath-5-300x300.png HTTP/1.1" 200 64031 "https://amazingsportwear.com/" "Mozilla/5.0 (Windows NT 10.0; Win64; x64) AppleWebKit/537.36 (KHTML, like Gecko) Chrome/78.0.3904.108 Safari/537.36" "wpfront-notification-bar-landingpage=1"
66.102.8.144 - - [17/Dec/2019:13:17:37 +0100] "GET /wp-content/plugins/woocommerce/assets/js/js-cookie/js.cookie.min.js?ver=2.1.4 HTTP/1.1" 200 5550 "https://amazingsportwear.com/" "Mozilla/5.0 (Windows NT 10.0; Win64; x64) AppleWebKit/537.36 (KHTML, like Gecko) Chrome/78.0.3904.108 Safari/537.36" "wpfront-notification-bar-landingpage=1"
66.102.8.146 - - [17/Dec/2019:13:17:37 +0100] "GET /wp-content/plugins/elementor/assets/lib/font-awesome/css/font-awesome.min.css?ver=4.7.0 HTTP/1.1" 200 34728 "https://amazingsportwear.com/" "Mozilla/5.0 (Windows NT 10.0; Win64; x64) AppleWebKit/537.36 (KHTML, like Gecko) Chrome/78.0.3904.108 Safari/537.36" "wpfront-notification-bar-landingpage=1"
66.102.8.144 - - [17/Dec/2019:13:17:37 +0100] "GET /wp-content/plugins/woocommerce/assets/js/frontend/cart-fragments.min.js?ver=3.6.4 HTTP/1.1" 200 6644 "https://amazingsportwear.com/" "Mozilla/5.0 (Windows NT 10.0; Win64; x64) AppleWebKit/537.36 (KHTML, like Gecko) Chrome/78.0.3904.108 Safari/537.36" "wpfront-notification-bar-landingpage=1"
66.102.8.148 - - [17/Dec/2019:13:17:37 +0100] "GET /wp-content/plugins/wpfront-notification-bar/js/wpfront-notification-bar.js?ver=1.7.1 HTTP/1.1" 200 9025 "https://amazingsportwear.com/" "Mozilla/5.0 (Windows NT 10.0; Win64; x64) AppleWebKit/537.36 (KHTML, like Gecko) Chrome/78.0.3904.108 Safari/537.36" "wpfront-notification-bar-landingpage=1"
66.102.8.146 - - [17/Dec/2019:13:17:37 +0100] "GET /wp-content/plugins/elementor/assets/lib/eicons/css/elementor-icons.min.css?ver=4.3.0 HTTP/1.1" 200 15213 "https://amazingsportwear.com/" "Mozilla/5.0 (Windows NT 10.0; Win64; x64) AppleWebKit/537.36 (KHTML, like Gecko) Chrome/78.0.3904.108 Safari/537.36" "wpfront-notification-bar-landingpage=1"
66.102.8.148 - - [17/Dec/2019:13:17:37 +0100] "GET /wp-content/plugins/wpfront-notification-bar/jquery-plugins/jquery.c.js?ver=1.4.0 HTTP/1.1" 200 6800 "https://amazingsportwear.com/" "Mozilla/5.0 (Windows NT 10.0; Win64; x64) AppleWebKit/537.36 (KHTML, like Gecko) Chrome/78.0.3904.108 Safari/537.36" "wpfront-notification-bar-landingpage=1"
66.102.8.146 - - [17/Dec/2019:13:17:37 +0100] "GET /wp-content/plugins/cookie-law-info/public/css/cookie-law-info-public.css?ver=1.7.6 HTTP/1.1" 200 6598 "https://amazingsportwear.com/" "Mozilla/5.0 (Windows NT 10.0; Win64; x64) AppleWebKit/537.36 (KHTML, like Gecko) Chrome/78.0.3904.108 Safari/537.36" "wpfront-notification-bar-landingpage=1"
66.102.8.148 - - [17/Dec/2019:13:17:37 +0100] "GET /wp-content/plugins/simple-social-icons/svgxuse.js?ver=1.1.21 HTTP/1.1" 200 12943 "https://amazingsportwear.com/" "Mozilla/5.0 (Windows NT 10.0; Win64; x64) AppleWebKit/537.36 (KHTML, like Gecko) Chrome/78.0.3904.108 Safari/537.36" "wpfront-notification-bar-landingpage=1"
66.102.8.144 - - [17/Dec/2019:13:17:37 +0100] "GET /wp-content/themes/shopper/assets/js/crm.js?ver=1561548510 HTTP/1.1" 200 4237 "https://amazingsportwear.com/" "Mozilla/5.0 (Windows NT 10.0; Win64; x64) AppleWebKit/537.36 (KHTML, like Gecko) Chrome/78.0.3904.108 Safari/537.36" "wpfront-notification-bar-landingpage=1"
66.102.8.144 - - [17/Dec/2019:13:17:37 +0100] "GET /wp-includes/js/wp-emoji-release.min.js?ver=5.2.5 HTTP/1.1" 200 17546 "https://amazingsportwear.com/" "Mozilla/5.0 (Windows NT 10.0; Win64; x64) AppleWebKit/537.36 (KHTML, like Gecko) Chrome/78.0.3904.108 Safari/537.36" "wpfront-notification-bar-landingpage=1"
66.102.8.148 - - [17/Dec/2019:13:17:37 +0100] "GET /wp-content/plugins/woocommerce/assets/js/frontend/woocommerce.min.js?ver=3.6.4 HTTP/1.1" 200 5176 "https://amazingsportwear.com/" "Mozilla/5.0 (Windows NT 10.0; Win64; x64) AppleWebKit/537.36 (KHTML, like Gecko) Chrome/78.0.3904.108 Safari/537.36" "wpfront-notification-bar-landingpage=1"
66.102.8.146 - - [17/Dec/2019:13:17:37 +0100] "GET /wp-content/plugins/smart-slider-3/library/media/plugins/type/simple/simple/dist/smartslider-simple-type-frontend.min.js?1559118093 HTTP/1.1" 200 22336 "https://amazingsportwear.com/" "Mozilla/5.0 (Windows NT 10.0; Win64; x64) AppleWebKit/537.36 (KHTML, like Gecko) Chrome/78.0.3904.108 Safari/537.36" "wpfront-notification-bar-landingpage=1"
66.102.8.144 - - [17/Dec/2019:13:17:37 +0100] "GET /wp-content/plugins/cookie-law-info/public/js/cookie-law-info-public.js?ver=1.7.6 HTTP/1.1" 200 20439 "https://amazingsportwear.com/" "Mozilla/5.0 (Windows NT 10.0; Win64; x64) AppleWebKit/537.36 (KHTML, like Gecko) Chrome/78.0.3904.108 Safari/537.36" "wpfront-notification-bar-landingpage=1"
66.102.8.144 - - [17/Dec/2019:13:17:37 +0100] "GET /wp-content/plugins/elementor/assets/lib/animations/animations.min.css?ver=2.5.16 HTTP/1.1" 200 22196 "https://amazingsportwear.com/" "Mozilla/5.0 (Windows NT 10.0; Win64; x64) AppleWebKit/537.36 (KHTML, like Gecko) Chrome/78.0.3904.108 Safari/537.36" "wpfront-notification-bar-landingpage=1"
66.102.8.144 - - [17/Dec/2019:13:17:37 +0100] "GET /wp-content/plugins/woocommerce/assets/js/jquery-blockui/jquery.blockUI.min.js?ver=2.70 HTTP/1.1" 200 13271 "https://amazingsportwear.com/" "Mozilla/5.0 (Windows NT 10.0; Win64; x64) AppleWebKit/537.36 (KHTML, like Gecko) Chrome/78.0.3904.108 Safari/537.36" "wpfront-notification-bar-landingpage=1"
66.102.8.146 - - [17/Dec/2019:13:17:37 +0100] "GET /wp-content/plugins/woocommerce/assets/js/frontend/add-to-cart.min.js?ver=3.6.4 HTTP/1.1" 200 6346 "https://amazingsportwear.com/" "Mozilla/5.0 (Windows NT 10.0; Win64; x64) AppleWebKit/537.36 (KHTML, like Gecko) Chrome/78.0.3904.108 Safari/537.36" "wpfront-notification-bar-landingpage=1"
66.102.8.148 - - [17/Dec/2019:13:17:37 +0100] "GET /wp-includes/js/jquery/jquery-migrate.min.js?ver=1.4.1 HTTP/1.1" 200 13762 "https://amazingsportwear.com/" "Mozilla/5.0 (Windows NT 10.0; Win64; x64) AppleWebKit/537.36 (KHTML, like Gecko) Chrome/78.0.3904.108 Safari/537.36" "wpfront-notification-bar-landingpage=1"
66.102.8.148 - - [17/Dec/2019:13:17:37 +0100] "GET /wp-content/plugins/smart-slider-3/nextend/media/dist/n2.min.js?1559118093 HTTP/1.1" 200 7199 "https://amazingsportwear.com/" "Mozilla/5.0 (Windows NT 10.0; Win64; x64) AppleWebKit/537.36 (KHTML, like Gecko) Chrome/78.0.3904.108 Safari/537.36" "wpfront-notification-bar-landingpage=1"
66.102.8.148 - - [17/Dec/2019:13:17:37 +0100] "GET /wp-content/uploads/2019/04/SA-6684-1-300x300.png HTTP/1.1" 200 94808 "https://amazingsportwear.com/" "Mozilla/5.0 (Windows NT 10.0; Win64; x64) AppleWebKit/537.36 (KHTML, like Gecko) Chrome/78.0.3904.108 Safari/537.36" "wpfront-notification-bar-landingpage=1"
66.102.8.144 - - [17/Dec/2019:13:17:37 +0100] "GET /wp-content/uploads/2018/05/cif-g221-2-300x300.jpg HTTP/1.1" 200 8294 "https://amazingsportwear.com/" "Mozilla/5.0 (Windows NT 10.0; Win64; x64) AppleWebKit/537.36 (KHTML, like Gecko) Chrome/78.0.3904.108 Safari/537.36" "wpfront-notification-bar-landingpage=1"
66.102.8.146 - - [17/Dec/2019:13:17:37 +0100] "GET /wp-content/uploads/2018/05/cat-3164-amarillo-300x300.png HTTP/1.1" 200 72410 "https://amazingsportwear.com/" "Mozilla/5.0 (Windows NT 10.0; Win64; x64) AppleWebKit/537.36 (KHTML, like Gecko) Chrome/78.0.3904.108 Safari/537.36" "wpfront-notification-bar-landingpage=1"
66.102.8.146 - - [17/Dec/2019:13:17:37 +0100] "GET /wp-content/plugins/smart-slider-3/nextend/media/dist/nextend-frontend.min.js?1559118093 HTTP/1.1" 200 89702 "https://amazingsportwear.com/" "Mozilla/5.0 (Windows NT 10.0; Win64; x64) AppleWebKit/537.36 (KHTML, like Gecko) Chrome/78.0.3904.108 Safari/537.36" "wpfront-notification-bar-landingpage=1"
66.102.8.146 - - [17/Dec/2019:13:17:37 +0100] "GET /wp-includes/js/jquery/jquery.js?ver=1.12.4-wp HTTP/1.1" 200 100725 "https://amazingsportwear.com/" "Mozilla/5.0 (Windows NT 10.0; Win64; x64) AppleWebKit/537.36 (KHTML, like Gecko) Chrome/78.0.3904.108 Safari/537.36" "wpfront-notification-bar-landingpage=1"
66.102.8.148 - - [17/Dec/2019:13:17:37 +0100] "GET /wp-content/plugins/smart-slider-3/library/media/dist/smartslider-frontend.min.js?1559118093 HTTP/1.1" 200 130656 "https://amazingsportwear.com/" "Mozilla/5.0 (Windows NT 10.0; Win64; x64) AppleWebKit/537.36 (KHTML, like Gecko) Chrome/78.0.3904.108 Safari/537.36" "wpfront-notification-bar-landingpage=1"
66.102.8.148 - - [17/Dec/2019:13:17:37 +0100] "GET /wp-content/uploads/2019/06/amistad3-300x300.jpg HTTP/1.1" 200 12744 "https://amazingsportwear.com/" "Mozilla/5.0 (Windows NT 10.0; Win64; x64) AppleWebKit/537.36 (KHTML, like Gecko) Chrome/78.0.3904.108 Safari/537.36" "wpfront-notification-bar-landingpage=1"
66.102.8.148 - - [17/Dec/2019:13:17:37 +0100] "GET /wp-content/uploads/2018/06/sa-6502-naranja-300x300.jpg HTTP/1.1" 200 42656 "https://amazingsportwear.com/" "Mozilla/5.0 (Windows NT 10.0; Win64; x64) AppleWebKit/537.36 (KHTML, like Gecko) Chrome/78.0.3904.108 Safari/537.36" "wpfront-notification-bar-landingpage=1"
66.102.8.144 - - [17/Dec/2019:13:17:37 +0100] "GET /wp-includes/js/jquery/jquery.js?ver=1.12.4-wp HTTP/1.1" 200 100725 "https://amazingsportwear.com/" "Mozilla/5.0 (Windows NT 10.0; Win64; x64) AppleWebKit/537.36 (KHTML, like Gecko) Chrome/78.0.3904.108 Safari/537.36" "wpfront-notification-bar-landingpage=1"
66.102.8.146 - - [17/Dec/2019:13:17:38 +0100] "GET /wp-content/plugins/wpfront-notification-bar/css/wpfront-notification-bar.css?ver=1.7.1 HTTP/1.1" 200 7026 "https://amazingsportwear.com/" "Mozilla/5.0 (Windows NT 10.0; Win64; x64) AppleWebKit/537.36 (KHTML, like Gecko) Chrome/78.0.3904.108 Safari/537.36" "wpfront-notification-bar-landingpage=1"
66.102.8.144 - - [17/Dec/2019:13:17:37 +0100] "GET /wp-content/uploads/2019/07/slider2.jpg HTTP/1.1" 200 250219 "https://amazingsportwear.com/" "Mozilla/5.0 (Windows NT 10.0; Win64; x64) AppleWebKit/537.36 (KHTML, like Gecko) Chrome/78.0.3904.108 Safari/537.36" "wpfront-notification-bar-landingpage=1"
66.102.8.148 - - [17/Dec/2019:13:17:37 +0100] "GET /wp-content/uploads/2018/05/cp-lycra-2.jpg HTTP/1.1" 200 13775 "https://amazingsportwear.com/" "Mozilla/5.0 (Windows NT 10.0; Win64; x64) AppleWebKit/537.36 (KHTML, like Gecko) Chrome/78.0.3904.108 Safari/537.36" "wpfront-notification-bar-landingpage=1"
66.102.8.148 - - [17/Dec/2019:13:17:37 +0100] "GET /wp-content/plugins/elementor/assets/css/frontend.min.css?ver=2.5.16 HTTP/1.1" 200 98729 "https://amazingsportwear.com/" "Mozilla/5.0 (Windows NT 10.0; Win64; x64) AppleWebKit/537.36 (KHTML, like Gecko) Chrome/78.0.3904.108 Safari/537.36" "wpfront-notification-bar-landingpage=1"
66.102.8.148 - - [17/Dec/2019:13:17:38 +0100] "GET /wp-content/plugins/smart-slider-3/library/media/smartslider.min.css?1559118093 HTTP/1.1" 200 23322 "https://amazingsportwear.com/" "Mozilla/5.0 (Windows NT 10.0; Win64; x64) AppleWebKit/537.36 (KHTML, like Gecko) Chrome/78.0.3904.108 Safari/537.36" "wpfront-notification-bar-landingpage=1"
66.102.8.144 - - [17/Dec/2019:13:17:38 +0100] "GET /wp-content/plugins/wpfront-notification-bar/images/arrow_down.png HTTP/1.1" 200 2562 "https://amazingsportwear.com/wp-content/plugins/wpfront-notification-bar/css/wpfront-notification-bar.css?ver=1.7.1" "Mozilla/5.0 (Windows NT 10.0; Win64; x64) AppleWebKit/537.36 (KHTML, like Gecko) Chrome/78.0.3904.108 Safari/537.36" "wpfront-notification-bar-landingpage=1"
66.102.8.144 - - [17/Dec/2019:13:17:38 +0100] "GET /wp-content/plugins/simple-social-icons/symbol-defs.svg HTTP/1.1" 200 19699 "https://amazingsportwear.com/" "Mozilla/5.0 (Windows NT 10.0; Win64; x64) AppleWebKit/537.36 (KHTML, like Gecko) Chrome/78.0.3904.108 Safari/537.36" "wpfront-notification-bar-landingpage=1"
66.102.8.148 - - [17/Dec/2019:13:17:38 +0100] "GET /wp-content/plugins/elementor/assets/lib/font-awesome/fonts/fontawesome-webfont.woff2?v=4.7.0 HTTP/1.1" 200 77615 "https://amazingsportwear.com/wp-content/plugins/elementor/assets/lib/font-awesome/css/font-awesome.min.css?ver=4.7.0" "Mozilla/5.0 (Windows NT 10.0; Win64; x64) AppleWebKit/537.36 (KHTML, like Gecko) Chrome/78.0.3904.108 Safari/537.36" "wpfront-notification-bar-landingpage=1"
66.102.8.144 - - [17/Dec/2019:13:17:38 +0100] "GET /wp-content/themes/shopper/assets/js/woocommerce/header-cart.min.js?ver=1.3.8 HTTP/1.1" 200 4335 "https://amazingsportwear.com/" "Mozilla/5.0 (Windows NT 10.0; Win64; x64) AppleWebKit/537.36 (KHTML, like Gecko) Chrome/78.0.3904.108 Safari/537.36" "wpfront-notification-bar-landingpage=1"
66.102.8.144 - - [17/Dec/2019:13:17:38 +0100] "GET /wp-content/uploads/2019/07/buff-bandana-300x123.jpg HTTP/1.1" 200 19222 "https://amazingsportwear.com/" "Mozilla/5.0 (Windows NT 10.0; Win64; x64) AppleWebKit/537.36 (KHTML, like Gecko) Chrome/78.0.3904.108 Safari/537.36" "wpfront-notification-bar-landingpage=1"
66.102.8.148 - - [17/Dec/2019:13:17:38 +0100] "GET /wp-content/themes/shopper/assets/js/woocommerce/header-cart.min.js?ver=1.3.8 HTTP/1.1" 200 4335 "https://amazingsportwear.com/" "Mozilla/5.0 (Windows NT 10.0; Win64; x64) AppleWebKit/537.36 (KHTML, like Gecko) Chrome/78.0.3904.108 Safari/537.36" "wpfront-notification-bar-landingpage=1"
66.102.8.144 - - [17/Dec/2019:13:17:38 +0100] "GET /wp-content/uploads/2018/05/cif-g221-2-300x300.jpg HTTP/1.1" 200 11657 "https://amazingsportwear.com/" "Mozilla/5.0 (Windows NT 10.0; Win64; x64) AppleWebKit/537.36 (KHTML, like Gecko) Chrome/78.0.3904.108 Safari/537.36" "wpfront-notification-bar-landingpage=1"
66.102.8.144 - - [17/Dec/2019:13:17:38 +0100] "GET /wp-content/uploads/2018/06/sa-6502-naranja-300x300.jpg HTTP/1.1" 200 46019 "https://amazingsportwear.com/" "Mozilla/5.0 (Windows NT 10.0; Win64; x64) AppleWebKit/537.36 (KHTML, like Gecko) Chrome/78.0.3904.108 Safari/537.36" "wpfront-notification-bar-landingpage=1"
66.102.8.148 - - [17/Dec/2019:13:17:38 +0100] "GET /wp-includes/js/jquery/ui/position.min.js?ver=1.11.4 HTTP/1.1" 200 10232 "https://amazingsportwear.com/" "Mozilla/5.0 (Windows NT 10.0; Win64; x64) AppleWebKit/537.36 (KHTML, like Gecko) Chrome/78.0.3904.108 Safari/537.36" "wpfront-notification-bar-landingpage=1"
66.102.8.148 - - [17/Dec/2019:13:17:38 +0100] "GET /wp-content/uploads/2019/07/polo-tecnico-300x124.jpg HTTP/1.1" 200 20902 "https://amazingsportwear.com/" "Mozilla/5.0 (Windows NT 10.0; Win64; x64) AppleWebKit/537.36 (KHTML, like Gecko) Chrome/78.0.3904.108 Safari/537.36" "wpfront-notification-bar-landingpage=1"
66.102.8.144 - - [17/Dec/2019:13:17:38 +0100] "GET /wp-content/uploads/2018/05/cp-lycra-2.jpg HTTP/1.1" 200 17138 "https://amazingsportwear.com/" "Mozilla/5.0 (Windows NT 10.0; Win64; x64) AppleWebKit/537.36 (KHTML, like Gecko) Chrome/78.0.3904.108 Safari/537.36" "wpfront-notification-bar-landingpage=1"
66.102.8.148 - - [17/Dec/2019:13:17:39 +0100] "GET /wp-content/plugins/elementor/assets/js/frontend-modules.min.js?ver=2.5.16 HTTP/1.1" 200 14849 "https://amazingsportwear.com/" "Mozilla/5.0 (Windows NT 10.0; Win64; x64) AppleWebKit/537.36 (KHTML, like Gecko) Chrome/78.0.3904.108 Safari/537.36" "wpfront-notification-bar-landingpage=1"
66.102.8.144 - - [17/Dec/2019:13:17:39 +0100] "GET /wp-includes/js/wp-emoji-release.min.js?ver=5.2.5 HTTP/1.1" 200 17546 "https://amazingsportwear.com/" "Mozilla/5.0 (Windows NT 10.0; Win64; x64) AppleWebKit/537.36 (KHTML, like Gecko) Chrome/78.0.3904.108 Safari/537.36" "wpfront-notification-bar-landingpage=1"
66.102.8.144 - - [17/Dec/2019:13:17:39 +0100] "GET /wp-content/plugins/elementor/assets/css/frontend-msie.min.css?2.5.16 HTTP/1.1" 200 8711 "https://amazingsportwear.com/" "Mozilla/5.0 (Windows NT 10.0; Win64; x64) AppleWebKit/537.36 (KHTML, like Gecko) Chrome/78.0.3904.108 Safari/537.36" "wpfront-notification-bar-landingpage=1"
66.102.8.146 - - [17/Dec/2019:13:17:39 +0100] "POST /?wc-ajax=get_refreshed_fragments HTTP/1.1" 200 1345 "https://amazingsportwear.com/" "Mozilla/5.0 (Windows NT 10.0; Win64; x64) AppleWebKit/537.36 (KHTML, like Gecko) Chrome/78.0.3904.108 Safari/537.36" "wpfront-notification-bar-landingpage=1"
66.102.8.146 - - [17/Dec/2019:13:17:40 +0100] "GET /wp-content/themes/shopper/assets/fonts/fontawesome-webfont.woff2?v=4.7.0 HTTP/1.1" 200 77615 "https://amazingsportwear.com/wp-content/themes/shopper/style.css?ver=1.3.8" "Mozilla/5.0 (Windows NT 10.0; Win64; x64) AppleWebKit/537.36 (KHTML, like Gecko) Chrome/78.0.3904.108 Safari/537.36" "wpfront-notification-bar-landingpage=1"
66.102.8.144 - - [17/Dec/2019:13:17:40 +0100] "POST /?wc-ajax=get_refreshed_fragments HTTP/1.1" 200 1345 "https://amazingsportwear.com/" "Mozilla/5.0 (Windows NT 10.0; Win64; x64) AppleWebKit/537.36 (KHTML, like Gecko) Chrome/78.0.3904.108 Safari/537.36" "wpfront-notification-bar-landingpage=1"
217.76.130.90 - - [17/Dec/2019:13:19:10 +0100] "POST /wp-cron.php?doing_wp_cron=1576585150.1856920719146728515625 HTTP/1.1" 200 3389 "https://amazingsportwear.com/wp-cron.php?doing_wp_cron=1576585150.1856920719146728515625" "WordPress/5.2.5; https://amazingsportwear.com" "-"
125.111.150.12 - - [17/Dec/2019:13:19:09 +0100] "GET /categoria-producto/accesorios/calcetines HTTP/1.1" 301 3564 "-" "Mozilla/5.0(Linux;Android 5.1.1;OPPO A33 Build/LMY47V;wv) AppleWebKit/537.36(KHTML,link Gecko) Version/4.0 Chrome/43.0.2357.121 Mobile Safari/537.36 LieBaoFast/4.51.3" "-"
125.111.150.12 - - [17/Dec/2019:13:19:19 +0100] "GET /categoria-producto/accesorios/calcetines/ HTTP/1.1" 200 58209 "-" "Mozilla/5.0(Linux;Android 5.1.1;OPPO A33 Build/LMY47V;wv) AppleWebKit/537.36(KHTML,link Gecko) Version/4.0 Chrome/43.0.2357.121 Mobile Safari/537.36 LieBaoFast/4.51.3" "wpfront-notification-bar-landingpage=1"
217.76.130.90 - - [17/Dec/2019:13:22:38 +0100] "POST /wp-cron.php?doing_wp_cron=1576585358.3130888938903808593750 HTTP/1.1" 200 3389 "https://amazingsportwear.com/wp-cron.php?doing_wp_cron=1576585358.3130888938903808593750" "WordPress/5.2.5; https://amazingsportwear.com" "-"
117.92.143.139 - - [17/Dec/2019:13:22:36 +0100] "GET /etiqueta-producto/polo-tecnico HTTP/1.1" 301 3554 "-" "Mozilla/5.0 (Linux; Android 7.0; FRD-AL00 Build/HUAWEIFRD-AL00; wv) AppleWebKit/537.36 (KHTML, like Gecko) Version/4.0 Chrome/53.0.2785.49 Mobile MQQBrowser/6.2 TBS/043602 Safari/537.36 MicroMessenger/6.5.16.1120 NetType/WIFI Language/zh_CN" "-"
117.92.143.139 - - [17/Dec/2019:13:22:50 +0100] "GET /etiqueta-producto/polo-tecnico/ HTTP/1.1" 200 75369 "-" "Mozilla/5.0 (Linux; Android 7.0; FRD-AL00 Build/HUAWEIFRD-AL00; wv) AppleWebKit/537.36 (KHTML, like Gecko) Version/4.0 Chrome/53.0.2785.49 Mobile MQQBrowser/6.2 TBS/043602 Safari/537.36 MicroMessenger/6.5.16.1120 NetType/WIFI Language/zh_CN" "wpfront-notification-bar-landingpage=1"
217.76.130.90 - - [17/Dec/2019:13:23:24 +0100] "POST /wp-cron.php?doing_wp_cron=1576585404.4071509838104248046875 HTTP/1.1" 200 3389 "https://amazingsportwear.com/wp-cron.php?doing_wp_cron=1576585404.4071509838104248046875" "WordPress/5.2.5; https://amazingsportwear.com" "-"
27.40.91.160 - - [17/Dec/2019:13:23:23 +0100] "GET /categoria-producto/hombre/page/4 HTTP/1.1" 301 3556 "-" "Mozilla/5.0(Linux;Android 5.1.1;OPPO A33 Build/LMY47V;wv) AppleWebKit/537.36(KHTML,link Gecko) Version/4.0 Chrome/42.0.2311.138 Mobile Safari/537.36 Mb2345Browser/9.0" "-"
27.40.91.160 - - [17/Dec/2019:13:23:38 +0100] "GET /categoria-producto/hombre/page/4/ HTTP/1.1" 200 77611 "-" "Mozilla/5.0(Linux;Android 5.1.1;OPPO A33 Build/LMY47V;wv) AppleWebKit/537.36(KHTML,link Gecko) Version/4.0 Chrome/42.0.2311.138 Mobile Safari/537.36 Mb2345Browser/9.0" "wpfront-notification-bar-landingpage=1"
217.76.130.90 - - [17/Dec/2019:13:24:18 +0100] "POST /wp-cron.php?doing_wp_cron=1576585458.8213229179382324218750 HTTP/1.1" 200 3389 "https://amazingsportwear.com/wp-cron.php?doing_wp_cron=1576585458.8213229179382324218750" "WordPress/5.2.5; https://amazingsportwear.com" "-"
157.55.39.170 - - [17/Dec/2019:13:24:18 +0100] "GET /etiqueta-producto/gorra-sport/ HTTP/1.1" 200 53945 "-" "Mozilla/5.0 (compatible; bingbot/2.0; +http://www.bing.com/bingbot.htm)" "-"
217.76.130.90 - - [17/Dec/2019:13:28:21 +0100] "POST /wp-cron.php?doing_wp_cron=1576585701.5837779045104980468750 HTTP/1.1" 200 3389 "https://amazingsportwear.com/wp-cron.php?doing_wp_cron=1576585701.5837779045104980468750" "WordPress/5.2.5; https://amazingsportwear.com" "-"
218.73.143.59 - - [17/Dec/2019:13:28:19 +0100] "GET /categoria-producto/deportes/futbol/ HTTP/1.1" 200 66098 "-" "Mozilla/5.0(Linux;Android 5.1.1;OPPO A33 Build/LMY47V;wv) AppleWebKit/537.36(KHTML,link Gecko) Version/4.0 Chrome/42.0.2311.138 Mobile Safari/537.36 Mb2345Browser/9.0" "-"
217.76.130.90 - - [17/Dec/2019:13:29:40 +0100] "POST /wp-cron.php?doing_wp_cron=1576585780.6490340232849121093750 HTTP/1.1" 200 3389 "https://amazingsportwear.com/wp-cron.php?doing_wp_cron=1576585780.6490340232849121093750" "WordPress/5.2.5; https://amazingsportwear.com" "-"
122.238.74.28 - - [17/Dec/2019:13:29:37 +0100] "GET /producto/camiseta-manga-corta-futbol-4?add-to-cart=18700 HTTP/1.1" 301 4821 "-" "Mozilla/5.0(Linux;Android 5.1.1;OPPO A33 Build/LMY47V;wv) AppleWebKit/537.36(KHTML,link Gecko) Version/4.0 Chrome/42.0.2311.138 Mobile Safari/537.36 Mb2345Browser/9.0" "-"
122.238.74.28 - - [17/Dec/2019:13:29:51 +0100] "GET /producto/camiseta-manga-corta-futbol-4/?add-to-cart=18700 HTTP/1.1" 200 77869 "-" "Mozilla/5.0(Linux;Android 5.1.1;OPPO A33 Build/LMY47V;wv) AppleWebKit/537.36(KHTML,link Gecko) Version/4.0 Chrome/42.0.2311.138 Mobile Safari/537.36 Mb2345Browser/9.0" "woocommerce_cart_hash=4eac563cd4310c0355057436dea0a742; woocommerce_items_in_cart=1; wp_woocommerce_session_fb86dbb0e6335d960ea3e94e06b25287=0027291afa0b2b81676ee3917d0b8ef6%7C%7C1576758580%7C%7C1576754980%7C%7C5771db83330787e59b75ef8e804d1669; wpfront-notification-bar-landingpage=1"
217.76.130.90 - - [17/Dec/2019:13:31:13 +0100] "POST /wp-cron.php?doing_wp_cron=1576585873.9063220024108886718750 HTTP/1.1" 200 3389 "https://amazingsportwear.com/wp-cron.php?doing_wp_cron=1576585873.9063220024108886718750" "WordPress/5.2.5; https://amazingsportwear.com" "-"
222.90.44.228 - - [17/Dec/2019:13:31:11 +0100] "GET /producto/bolsa-deporte-hale HTTP/1.1" 301 3551 "-" "Mozilla/5.0(Linux;U;Android 5.1.1;zh-CN;OPPO A33 Build/LMY47V) AppleWebKit/537.36(KHTML,like Gecko) Version/4.0 Chrome/40.0.2214.89 UCBrowser/11.7.0.953 Mobile Safari/537.36" "-"
222.90.44.228 - - [17/Dec/2019:13:31:25 +0100] "GET /producto/bolsa-deporte-hale/ HTTP/1.1" 200 98191 "-" "Mozilla/5.0(Linux;U;Android 5.1.1;zh-CN;OPPO A33 Build/LMY47V) AppleWebKit/537.36(KHTML,like Gecko) Version/4.0 Chrome/40.0.2214.89 UCBrowser/11.7.0.953 Mobile Safari/537.36" "wpfront-notification-bar-landingpage=1"
217.76.130.90 - - [17/Dec/2019:13:36:32 +0100] "POST /wp-cron.php?doing_wp_cron=1576586192.8239359855651855468750 HTTP/1.1" 200 3389 "https://amazingsportwear.com/wp-cron.php?doing_wp_cron=1576586192.8239359855651855468750" "WordPress/5.2.5; https://amazingsportwear.com" "-"
116.248.186.216 - - [17/Dec/2019:13:36:31 +0100] "GET /categoria-producto/hombre/cortavientos HTTP/1.1" 301 3562 "-" "Mozilla/5.0(Linux;Android 5.1.1;OPPO A33 Build/LMY47V;wv) AppleWebKit/537.36(KHTML,link Gecko) Version/4.0 Chrome/43.0.2357.121 Mobile Safari/537.36 LieBaoFast/4.51.3" "-"
157.55.39.124 - - [17/Dec/2019:13:36:46 +0100] "GET /wp-content/uploads/2019/04/gorra-tecnica-blanca.png HTTP/1.1" 200 35490 "-" "Mozilla/5.0 (compatible; bingbot/2.0; +http://www.bing.com/bingbot.htm)" "-"
116.248.186.216 - - [17/Dec/2019:13:36:46 +0100] "GET /categoria-producto/hombre/cortavientos/ HTTP/1.1" 200 57050 "-" "Mozilla/5.0(Linux;Android 5.1.1;OPPO A33 Build/LMY47V;wv) AppleWebKit/537.36(KHTML,link Gecko) Version/4.0 Chrome/43.0.2357.121 Mobile Safari/537.36 LieBaoFast/4.51.3" "wpfront-notification-bar-landingpage=1"
217.76.130.90 - - [17/Dec/2019:13:40:24 +0100] "POST /wp-cron.php?doing_wp_cron=1576586424.1484999656677246093750 HTTP/1.1" 200 3389 "https://amazingsportwear.com/wp-cron.php?doing_wp_cron=1576586424.1484999656677246093750" "WordPress/5.2.5; https://amazingsportwear.com" "-"
114.98.118.240 - - [17/Dec/2019:13:40:21 +0100] "GET /producto/camiseta-basket-sin-costadillos-2?add-to-cart=18684 HTTP/1.1" 301 4825 "-" "Mozilla/5.0(Linux;Android 5.1.1;OPPO A33 Build/LMY47V;wv) AppleWebKit/537.36(KHTML,link Gecko) Version/4.0 Chrome/43.0.2357.121 Mobile Safari/537.36 LieBaoFast/4.51.3" "-"
114.98.118.240 - - [17/Dec/2019:13:40:32 +0100] "GET /producto/camiseta-basket-sin-costadillos-2/?add-to-cart=18684 HTTP/1.1" 200 78542 "-" "Mozilla/5.0(Linux;Android 5.1.1;OPPO A33 Build/LMY47V;wv) AppleWebKit/537.36(KHTML,link Gecko) Version/4.0 Chrome/43.0.2357.121 Mobile Safari/537.36 LieBaoFast/4.51.3" "woocommerce_cart_hash=98484dff5e8761fe340e73ab7c45e25a; woocommerce_items_in_cart=1; wp_woocommerce_session_fb86dbb0e6335d960ea3e94e06b25287=3b428db50482e4dc89b256c83b80d9ed%7C%7C1576759223%7C%7C1576755623%7C%7C7da00321123c854b973e74745a3e9bba; wpfront-notification-bar-landingpage=1"
217.76.130.90 - - [17/Dec/2019:13:45:59 +0100] "POST /wp-cron.php?doing_wp_cron=1576586758.9058659076690673828125 HTTP/1.1" 200 3389 "https://amazingsportwear.com/wp-cron.php?doing_wp_cron=1576586758.9058659076690673828125" "WordPress/5.2.5; https://amazingsportwear.com" "-"
180.106.200.19 - - [17/Dec/2019:13:45:56 +0100] "GET /categoria-producto/inicio/page/4?add-to-cart=18687 HTTP/1.1" 301 4815 "-" "Mozilla/5.0 (Linux; Android 7.0; FRD-AL00 Build/HUAWEIFRD-AL00; wv) AppleWebKit/537.36 (KHTML, like Gecko) Version/4.0 Chrome/53.0.2785.49 Mobile MQQBrowser/6.2 TBS/043602 Safari/537.36 MicroMessenger/6.5.16.1120 NetType/WIFI Language/zh_CN" "-"
217.76.130.90 - - [17/Dec/2019:13:46:06 +0100] "POST /wp-cron.php?doing_wp_cron=1576586766.9124779701232910156250 HTTP/1.1" 200 3389 "https://amazingsportwear.com/wp-cron.php?doing_wp_cron=1576586766.9124779701232910156250" "WordPress/5.2.5; https://amazingsportwear.com" "-"
180.106.200.19 - - [17/Dec/2019:13:46:06 +0100] "GET /categoria-producto/inicio/page/4/?add-to-cart=18687 HTTP/1.1" 200 78722 "-" "Mozilla/5.0 (Linux; Android 7.0; FRD-AL00 Build/HUAWEIFRD-AL00; wv) AppleWebKit/537.36 (KHTML, like Gecko) Version/4.0 Chrome/53.0.2785.49 Mobile MQQBrowser/6.2 TBS/043602 Safari/537.36 MicroMessenger/6.5.16.1120 NetType/WIFI Language/zh_CN" "woocommerce_cart_hash=3a9b7e7b54187cee8ef2a0db1406fb4e; woocommerce_items_in_cart=1; wp_woocommerce_session_fb86dbb0e6335d960ea3e94e06b25287=c9d51bc3d824b1ce7208dda429d2ef1c%7C%7C1576759558%7C%7C1576755958%7C%7C36057e2d14b84e0707bd41aab8b5b11b; wpfront-notification-bar-landingpage=1"
217.76.130.90 - - [17/Dec/2019:13:52:10 +0100] "POST /wp-cron.php?doing_wp_cron=1576587130.7937700748443603515625 HTTP/1.1" 200 3389 "https://amazingsportwear.com/wp-cron.php?doing_wp_cron=1576587130.7937700748443603515625" "WordPress/5.2.5; https://amazingsportwear.com" "-"
111.194.76.234 - - [17/Dec/2019:13:52:09 +0100] "GET /categoria-producto/inicio/page/4?add-to-cart=18699 HTTP/1.1" 301 4815 "-" "Mozilla/5.0(Linux;U;Android 5.1.1;zh-CN;OPPO A33 Build/LMY47V) AppleWebKit/537.36(KHTML,like Gecko) Version/4.0 Chrome/40.0.2214.89 UCBrowser/11.7.0.953 Mobile Safari/537.36" "-"
111.194.76.234 - - [17/Dec/2019:13:52:17 +0100] "GET /categoria-producto/inicio/page/4/?add-to-cart=18699 HTTP/1.1" 200 78660 "-" "Mozilla/5.0(Linux;U;Android 5.1.1;zh-CN;OPPO A33 Build/LMY47V) AppleWebKit/537.36(KHTML,like Gecko) Version/4.0 Chrome/40.0.2214.89 UCBrowser/11.7.0.953 Mobile Safari/537.36" "woocommerce_cart_hash=2ce2b9ae11dfd402aee55ad64bc79503; woocommerce_items_in_cart=1; wp_woocommerce_session_fb86dbb0e6335d960ea3e94e06b25287=427abd673e7db233f8e6d0f62fcc8848%7C%7C1576759930%7C%7C1576756330%7C%7Cc2955b56abe1ee990ed1a9395e39bd73; wpfront-notification-bar-landingpage=1"
217.76.130.90 - - [17/Dec/2019:13:53:55 +0100] "POST /wp-cron.php?doing_wp_cron=1576587235.4726140499114990234375 HTTP/1.1" 200 3389 "https://amazingsportwear.com/wp-cron.php?doing_wp_cron=1576587235.4726140499114990234375" "WordPress/5.2.5; https://amazingsportwear.com" "-"
125.105.242.98 - - [17/Dec/2019:13:53:53 +0100] "GET /etiqueta-producto/camiseta-nadadora HTTP/1.1" 301 3559 "-" "Mozilla/5.0(Linux;Android 5.1.1;OPPO A33 Build/LMY47V;wv) AppleWebKit/537.36(KHTML,link Gecko) Version/4.0 Chrome/42.0.2311.138 Mobile Safari/537.36 Mb2345Browser/9.0" "-"
217.76.130.90 - - [17/Dec/2019:13:54:25 +0100] "POST /wp-cron.php?doing_wp_cron=1576587265.5423390865325927734375 HTTP/1.1" 200 3389 "https://amazingsportwear.com/wp-cron.php?doing_wp_cron=1576587265.5423390865325927734375" "WordPress/5.2.5; https://amazingsportwear.com" "-"
125.105.242.98 - - [17/Dec/2019:13:54:24 +0100] "GET /etiqueta-producto/camiseta-nadadora/ HTTP/1.1" 200 57944 "-" "Mozilla/5.0(Linux;Android 5.1.1;OPPO A33 Build/LMY47V;wv) AppleWebKit/537.36(KHTML,link Gecko) Version/4.0 Chrome/42.0.2311.138 Mobile Safari/537.36 Mb2345Browser/9.0" "wpfront-notification-bar-landingpage=1"
207.46.13.23 - - [17/Dec/2019:13:55:44 +0100] "GET /wp-content/uploads/2017/03/aq-cosmic-colores-1.jpg HTTP/1.1" 200 17428 "-" "Mozilla/5.0 (compatible; bingbot/2.0; +http://www.bing.com/bingbot.htm)" "-"
31.45.37.9 - - [17/Dec/2019:14:00:03 +0100] "GET /wp-content/uploads/2019/04/gorra-lorenz-4.png HTTP/1.1" 200 77974 "https://www.google.com/" "Mozilla/5.0 (Windows NT 10.0; Win64; x64) AppleWebKit/537.36 (KHTML, like Gecko) Chrome/79.0.3945.79 Safari/537.36" "-"
179.53.31.21 - - [17/Dec/2019:14:02:07 +0100] "GET /wp-content/uploads/2019/04/Gorra-sport-10.png HTTP/1.1" 200 60426 "https://www.google.com/" "Mozilla/5.0 (Windows NT 6.1; Win64; x64) AppleWebKit/537.36 (KHTML, like Gecko) Chrome/79.0.3945.79 Safari/537.36" "-"
217.76.130.90 - - [17/Dec/2019:14:04:53 +0100] "POST /wp-cron.php?doing_wp_cron=1576587893.5271410942077636718750 HTTP/1.1" 200 3389 "https://amazingsportwear.com/wp-cron.php?doing_wp_cron=1576587893.5271410942077636718750" "WordPress/5.2.5; https://amazingsportwear.com" "-"
157.55.39.170 - - [17/Dec/2019:14:04:50 +0100] "GET /categoria-producto/nueve/ HTTP/1.1" 200 57666 "-" "Mozilla/5.0 (compatible; bingbot/2.0; +http://www.bing.com/bingbot.htm)" "-"
217.76.130.90 - - [17/Dec/2019:14:10:46 +0100] "POST /wp-cron.php?doing_wp_cron=1576588246.5095260143280029296875 HTTP/1.1" 200 164 "http://amazingsportwear.com/wp-cron.php?doing_wp_cron=1576588246.5095260143280029296875" "WordPress/5.2.5; https://amazingsportwear.com" "-"
162.254.252.116 - - [17/Dec/2019:14:10:44 +0100] "GET /wp-admin/ms-edit.php HTTP/1.1" 302 394 "http://site.ru" "Mozilla/5.0 (Windows; U; Windows NT 5.1; en-US) AppleWebKit/533.4 (KHTML, like Gecko) Chrome/5.0.375.99 Safari/533.4" "-"
