66.249.66.68 - - [05/Dec/2019:10:30:16 +0100] "GET /producto/manguito-brazo-ciclismo/ HTTP/1.1" 200 91989 "-" "Mozilla/5.0 (compatible; Googlebot/2.1; +http://www.google.com/bot.html)" "-"
66.249.66.68 - - [05/Dec/2019:10:30:20 +0100] "GET /producto/gorra-five/ HTTP/1.1" 200 94776 "-" "Mozilla/5.0 (Linux; Android 6.0.1; Nexus 5X Build/MMB29P) AppleWebKit/537.36 (KHTML, like Gecko) Chrome/41.0.2272.96 Mobile Safari/537.36 (compatible; Googlebot/2.1; +http://www.google.com/bot.html)" "-"
66.249.66.66 - - [05/Dec/2019:10:30:28 +0100] "POST /?wc-ajax=get_refreshed_fragments HTTP/1.1" 200 4760 "https://amazingsportwear.com/producto/gorra-five/" "Mozilla/5.0 (Linux; Android 6.0.1; Nexus 5X Build/MMB29P) AppleWebKit/537.36 (KHTML, like Gecko) Chrome/41.0.2272.96 Mobile Safari/537.36 (compatible; Googlebot/2.1; +http://www.google.com/bot.html)" "_ga=GA1.2.969013651.1575504000; _gid=GA1.2.1978218920.1575504000; _gat_gtag_UA_91619287_1=1"
40.77.167.92 - - [05/Dec/2019:10:43:03 +0100] "GET /wp-content/uploads/2019/04/Mochila-keisy-6.png HTTP/1.1" 200 87722 "-" "Mozilla/5.0 (compatible; bingbot/2.0; +http://www.bing.com/bingbot.htm)" "-"
217.76.130.90 - - [05/Dec/2019:10:45:33 +0100] "POST /wp-cron.php?doing_wp_cron=1575539132.9637200832366943359375 HTTP/1.1" 200 3389 "https://amazingsportwear.com/wp-cron.php?doing_wp_cron=1575539132.9637200832366943359375" "WordPress/5.2.4; https://amazingsportwear.com" "-"
66.249.66.68 - - [05/Dec/2019:10:45:29 +0100] "GET /producto/gorra-tecnica-dry-fit/ HTTP/1.1" 200 93191 "-" "Mozilla/5.0 (compatible; Googlebot/2.1; +http://www.google.com/bot.html)" "-"
217.76.130.90 - - [05/Dec/2019:10:46:10 +0100] "POST /wp-cron.php?doing_wp_cron=1575539170.8936429023742675781250 HTTP/1.1" 200 3389 "https://amazingsportwear.com/wp-cron.php?doing_wp_cron=1575539170.8936429023742675781250" "WordPress/5.2.4; https://amazingsportwear.com" "-"
66.249.66.68 - - [05/Dec/2019:10:46:09 +0100] "GET /producto/gorra-five/ HTTP/1.1" 200 98060 "-" "Mozilla/5.0 (compatible; Googlebot/2.1; +http://www.google.com/bot.html)" "-"
217.76.130.90 - - [05/Dec/2019:10:54:29 +0100] "POST /wp-cron.php?doing_wp_cron=1575539669.5132100582122802734375 HTTP/1.1" 200 3389 "https://amazingsportwear.com/wp-cron.php?doing_wp_cron=1575539669.5132100582122802734375" "WordPress/5.2.4; https://amazingsportwear.com" "-"
40.77.167.92 - - [05/Dec/2019:10:54:26 +0100] "GET /categoria-producto/deportes/futbol/ HTTP/1.1" 200 66346 "-" "Mozilla/5.0 (compatible; bingbot/2.0; +http://www.bing.com/bingbot.htm)" "-"
157.55.39.179 - - [05/Dec/2019:11:03:38 +0100] "GET /wp-content/uploads/2019/04/Mochila-keisy-4.png HTTP/1.1" 200 55457 "-" "Mozilla/5.0 (compatible; bingbot/2.0; +http://www.bing.com/bingbot.htm)" "-"
217.76.130.90 - - [05/Dec/2019:11:05:37 +0100] "POST /wp-cron.php?doing_wp_cron=1575540337.7928009033203125000000 HTTP/1.1" 200 3389 "https://amazingsportwear.com/wp-cron.php?doing_wp_cron=1575540337.7928009033203125000000" "WordPress/5.2.4; https://amazingsportwear.com" "-"
66.249.66.66 - - [05/Dec/2019:11:05:35 +0100] "GET /sitemap.xml HTTP/1.1" 301 3880 "-" "Mozilla/5.0 (compatible; Googlebot/2.1; +http://www.google.com/bot.html)" "-"
66.249.66.68 - - [05/Dec/2019:11:05:38 +0100] "GET /sitemap_index.xml HTTP/1.1" 200 5007 "-" "Mozilla/5.0 (compatible; Googlebot/2.1; +http://www.google.com/bot.html)" "-"
23.239.180.133 - - [05/Dec/2019:11:05:45 +0100] "GET / HTTP/1.1" 301 336 "-" "Mozilla/5.0 (Windows NT 6.1; WOW64; rv:27.0) Gecko/20100101 Firefox/27.0" "-"
217.76.130.90 - - [05/Dec/2019:11:08:42 +0100] "POST /wp-cron.php?doing_wp_cron=1575540521.9612460136413574218750 HTTP/1.1" 200 3389 "https://amazingsportwear.com/wp-cron.php?doing_wp_cron=1575540521.9612460136413574218750" "WordPress/5.2.4; https://amazingsportwear.com" "-"
157.245.210.249 - - [05/Dec/2019:11:08:39 +0100] "GET / HTTP/1.0" 200 124717 "-" "Mozilla/5.0 (compatible; NetcraftSurveyAgent/1.0; +info@netcraft.com)" "-"
217.76.130.90 - - [05/Dec/2019:11:10:08 +0100] "POST /wp-cron.php?doing_wp_cron=1575540608.0767939090728759765625 HTTP/1.1" 200 3389 "https://amazingsportwear.com/wp-cron.php?doing_wp_cron=1575540608.0767939090728759765625" "WordPress/5.2.4; https://amazingsportwear.com" "-"
17.58.100.225 - - [05/Dec/2019:11:10:06 +0100] "GET /robots.txt HTTP/1.1" 200 3687 "-" "Mozilla/5.0 (Macintosh; Intel Mac OS X 10_10_1) AppleWebKit/600.2.5 (KHTML, like Gecko) Version/8.0.2 Safari/600.2.5 (Applebot/0.1; +http://www.apple.com/go/applebot)" "-"
17.58.96.177 - - [05/Dec/2019:11:10:09 +0100] "GET /wp-content/uploads/2019/04/mochila-decath-5.png HTTP/1.1" 200 130789 "-" "Mozilla/5.0 (Macintosh; Intel Mac OS X 10_10_1) AppleWebKit/600.2.5 (KHTML, like Gecko) Version/8.0.2 Safari/600.2.5 (Applebot/0.1; +http://www.apple.com/go/applebot)" "-"
217.76.130.90 - - [05/Dec/2019:11:16:12 +0100] "POST /wp-cron.php?doing_wp_cron=1575540971.9756259918212890625000 HTTP/1.1" 200 3389 "https://amazingsportwear.com/wp-cron.php?doing_wp_cron=1575540971.9756259918212890625000" "WordPress/5.2.4; https://amazingsportwear.com" "-"
157.55.39.117 - - [05/Dec/2019:11:16:08 +0100] "GET /politica-de-privacidad/ HTTP/1.1" 200 69811 "-" "Mozilla/5.0 (compatible; bingbot/2.0; +http://www.bing.com/bingbot.htm)" "-"
217.76.130.90 - - [05/Dec/2019:11:19:21 +0100] "POST /wp-cron.php?doing_wp_cron=1575541160.9929959774017333984375 HTTP/1.1" 200 3389 "https://amazingsportwear.com/wp-cron.php?doing_wp_cron=1575541160.9929959774017333984375" "WordPress/5.2.4; https://amazingsportwear.com" "-"
66.249.66.66 - - [05/Dec/2019:11:19:19 +0100] "GET /producto/maillot-manga-corta/ HTTP/1.1" 200 91827 "-" "Mozilla/5.0 (Linux; Android 6.0.1; Nexus 5X Build/MMB29P) AppleWebKit/537.36 (KHTML, like Gecko) Chrome/41.0.2272.96 Mobile Safari/537.36 (compatible; Googlebot/2.1; +http://www.google.com/bot.html)" "-"
66.249.66.68 - - [05/Dec/2019:11:19:26 +0100] "POST /?wc-ajax=get_refreshed_fragments HTTP/1.1" 200 4760 "https://amazingsportwear.com/producto/maillot-manga-corta/" "Mozilla/5.0 (Linux; Android 6.0.1; Nexus 5X Build/MMB29P) AppleWebKit/537.36 (KHTML, like Gecko) Chrome/41.0.2272.96 Mobile Safari/537.36 (compatible; Googlebot/2.1; +http://www.google.com/bot.html)" "_ga=GA1.2.969013651.1575504000; _gid=GA1.2.1978218920.1575504000; _gat_gtag_UA_91619287_1=1"
217.76.130.90 - - [05/Dec/2019:11:25:27 +0100] "POST /wp-cron.php?doing_wp_cron=1575541527.8814189434051513671875 HTTP/1.1" 200 164 "http://amazingsportwear.com/wp-cron.php?doing_wp_cron=1575541527.8814189434051513671875" "WordPress/5.2.4; https://amazingsportwear.com" "-"
217.199.187.195 - - [05/Dec/2019:11:25:26 +0100] "GET /img.php HTTP/1.1" 404 67952 "http://site.ru" "Mozilla/5.0 (Windows; U; Windows NT 5.1; en-US) AppleWebKit/533.4 (KHTML, like Gecko) Chrome/5.0.375.99 Safari/533.4" "-"
40.77.167.92 - - [05/Dec/2019:11:35:15 +0100] "GET /wp-content/uploads/2019/04/Mochila-keisy-6.png HTTP/1.1" 200 87722 "-" "Mozilla/5.0 (compatible; bingbot/2.0; +http://www.bing.com/bingbot.htm)" "-"
79.151.128.137 - - [05/Dec/2019:11:40:21 +0100] "GET /wp-content/uploads/2019/04/Gorra-sport-10.png HTTP/1.1" 200 60426 "https://www.google.com/" "Mozilla/5.0 (Windows NT 10.0; Win64; x64) AppleWebKit/537.36 (KHTML, like Gecko) Chrome/78.0.3904.108 Safari/537.36" "-"
174.238.10.172 - - [05/Dec/2019:11:40:28 +0100] "GET /wp-content/uploads/2019/04/mochila-decath-3.png HTTP/1.1" 200 79673 "https://www.google.com/" "Mozilla/5.0 (Windows NT 10.0; Win64; x64) AppleWebKit/537.36 (KHTML, like Gecko) Chrome/78.0.3904.108 Safari/537.36" "-"
84.123.210.133 - - [05/Dec/2019:11:41:16 +0100] "GET /wp-content/uploads/2019/04/Gorra-harum-4.png HTTP/1.1" 200 98418 "https://www.google.com/" "Mozilla/5.0 (Macintosh; Intel Mac OS X 10.11; rv:70.0) Gecko/20100101 Firefox/70.0" "-"
217.76.130.90 - - [05/Dec/2019:11:44:26 +0100] "POST /wp-cron.php?doing_wp_cron=1575542666.2391350269317626953125 HTTP/1.1" 200 3389 "https://amazingsportwear.com/wp-cron.php?doing_wp_cron=1575542666.2391350269317626953125" "WordPress/5.2.4; https://amazingsportwear.com" "-"
157.55.39.88 - - [05/Dec/2019:11:44:19 +0100] "GET /categoria-producto/seis/ HTTP/1.1" 200 61487 "-" "Mozilla/5.0 (compatible; bingbot/2.0; +http://www.bing.com/bingbot.htm)" "-"
66.249.66.68 - - [05/Dec/2019:11:44:57 +0100] "GET /author-sitemap.xml HTTP/1.1" 200 4544 "-" "Mozilla/5.0 (compatible; Googlebot/2.1; +http://www.google.com/bot.html)" "-"
79.152.222.154 - - [05/Dec/2019:11:55:57 +0100] "GET /wp-content/uploads/2019/03/VA-PARADE-6.png HTTP/1.1" 200 469548 "https://www.google.com/" "Mozilla/5.0 (Windows NT 5.1; rv:52.0) Gecko/20100101 Firefox/52.0" "-"
216.244.66.250 - - [05/Dec/2019:11:57:35 +0100] "GET /robots.txt HTTP/1.1" 404 628 "-" "Mozilla/5.0 (compatible; DotBot/1.1; http://www.opensiteexplorer.org/dotbot, help@moz.com)" "-"
79.152.222.154 - - [05/Dec/2019:12:01:39 +0100] "GET /wp-content/uploads/2017/01/cam-ranglan3-maristas-300x300.jpg HTTP/1.1" 200 15662 "https://www.google.com/" "Mozilla/5.0 (Windows NT 5.1; rv:52.0) Gecko/20100101 Firefox/52.0" "-"
217.76.130.90 - - [05/Dec/2019:12:01:44 +0100] "POST /wp-cron.php?doing_wp_cron=1575543704.4287741184234619140625 HTTP/1.1" 200 3389 "https://amazingsportwear.com/wp-cron.php?doing_wp_cron=1575543704.4287741184234619140625" "WordPress/5.2.4; https://amazingsportwear.com" "-"
79.152.222.154 - - [05/Dec/2019:12:01:42 +0100] "GET /producto/peto-reversible-deportivo/ HTTP/1.1" 200 93508 "https://www.google.com/" "Mozilla/5.0 (Windows NT 5.1; rv:52.0) Gecko/20100101 Firefox/52.0" "-"
79.152.222.154 - - [05/Dec/2019:12:01:45 +0100] "GET /wp-includes/css/dist/block-library/style.min.css?ver=5.2.4 HTTP/1.1" 200 29660 "https://amazingsportwear.com/producto/peto-reversible-deportivo/" "Mozilla/5.0 (Windows NT 5.1; rv:52.0) Gecko/20100101 Firefox/52.0" "-"
79.152.222.154 - - [05/Dec/2019:12:01:45 +0100] "GET /wp-content/plugins/cookie-law-info/public/css/cookie-law-info-gdpr.css?ver=1.7.6 HTTP/1.1" 200 12583 "https://amazingsportwear.com/producto/peto-reversible-deportivo/" "Mozilla/5.0 (Windows NT 5.1; rv:52.0) Gecko/20100101 Firefox/52.0" "-"
79.152.222.154 - - [05/Dec/2019:12:01:45 +0100] "GET /wp-content/plugins/cookie-law-info/public/css/cookie-law-info-public.css?ver=1.7.6 HTTP/1.1" 200 3373 "https://amazingsportwear.com/producto/peto-reversible-deportivo/" "Mozilla/5.0 (Windows NT 5.1; rv:52.0) Gecko/20100101 Firefox/52.0" "-"
79.152.222.154 - - [05/Dec/2019:12:01:45 +0100] "GET /wp-content/plugins/wpfront-notification-bar/css/wpfront-notification-bar.css?ver=1.7.1 HTTP/1.1" 200 3663 "https://amazingsportwear.com/producto/peto-reversible-deportivo/" "Mozilla/5.0 (Windows NT 5.1; rv:52.0) Gecko/20100101 Firefox/52.0" "-"
79.152.222.154 - - [05/Dec/2019:12:01:45 +0100] "GET /wp-content/plugins/woocommerce/assets/css/photoswipe/photoswipe.css?ver=3.6.4 HTTP/1.1" 200 4610 "https://amazingsportwear.com/producto/peto-reversible-deportivo/" "Mozilla/5.0 (Windows NT 5.1; rv:52.0) Gecko/20100101 Firefox/52.0" "-"
79.152.222.154 - - [05/Dec/2019:12:01:45 +0100] "GET /wp-content/plugins/woocommerce/assets/css/blocks/style.css?ver=3.6.4 HTTP/1.1" 200 6835 "https://amazingsportwear.com/producto/peto-reversible-deportivo/" "Mozilla/5.0 (Windows NT 5.1; rv:52.0) Gecko/20100101 Firefox/52.0" "-"
79.152.222.154 - - [05/Dec/2019:12:01:45 +0100] "GET /wp-content/plugins/woocommerce/assets/css/photoswipe/default-skin/default-skin.css?ver=3.6.4 HTTP/1.1" 200 12081 "https://amazingsportwear.com/producto/peto-reversible-deportivo/" "Mozilla/5.0 (Windows NT 5.1; rv:52.0) Gecko/20100101 Firefox/52.0" "-"
79.152.222.154 - - [05/Dec/2019:12:01:45 +0100] "GET /wp-includes/js/jquery/jquery-migrate.min.js?ver=1.4.1 HTTP/1.1" 200 10399 "https://amazingsportwear.com/producto/peto-reversible-deportivo/" "Mozilla/5.0 (Windows NT 5.1; rv:52.0) Gecko/20100101 Firefox/52.0" "-"
79.152.222.154 - - [05/Dec/2019:12:01:45 +0100] "GET /wp-content/themes/shopper/assets/sass/woocommerce/woocommerce.css?ver=5.2.4 HTTP/1.1" 200 83534 "https://amazingsportwear.com/producto/peto-reversible-deportivo/" "Mozilla/5.0 (Windows NT 5.1; rv:52.0) Gecko/20100101 Firefox/52.0" "-"
79.152.222.154 - - [05/Dec/2019:12:01:45 +0100] "GET /wp-includes/js/jquery/jquery.js?ver=1.12.4-wp HTTP/1.1" 200 97362 "https://amazingsportwear.com/producto/peto-reversible-deportivo/" "Mozilla/5.0 (Windows NT 5.1; rv:52.0) Gecko/20100101 Firefox/52.0" "-"
79.152.222.154 - - [05/Dec/2019:12:01:45 +0100] "GET /wp-content/themes/shopper/style.css?ver=1.3.8 HTTP/1.1" 200 125315 "https://amazingsportwear.com/producto/peto-reversible-deportivo/" "Mozilla/5.0 (Windows NT 5.1; rv:52.0) Gecko/20100101 Firefox/52.0" "-"
79.152.222.154 - - [05/Dec/2019:12:01:45 +0100] "GET /wp-content/plugins/simple-social-icons/css/style.css?ver=3.0.1 HTTP/1.1" 200 1562 "https://amazingsportwear.com/producto/peto-reversible-deportivo/" "Mozilla/5.0 (Windows NT 5.1; rv:52.0) Gecko/20100101 Firefox/52.0" "-"
79.152.222.154 - - [05/Dec/2019:12:01:45 +0100] "GET /wp-content/plugins/cookie-law-info/public/js/cookie-law-info-public.js?ver=1.7.6 HTTP/1.1" 200 17076 "https://amazingsportwear.com/producto/peto-reversible-deportivo/" "Mozilla/5.0 (Windows NT 5.1; rv:52.0) Gecko/20100101 Firefox/52.0" "-"
79.152.222.154 - - [05/Dec/2019:12:01:45 +0100] "GET /wp-content/plugins/wpfront-notification-bar/jquery-plugins/jquery.c.js?ver=1.4.0 HTTP/1.1" 200 3437 "https://amazingsportwear.com/producto/peto-reversible-deportivo/" "Mozilla/5.0 (Windows NT 5.1; rv:52.0) Gecko/20100101 Firefox/52.0" "-"
79.152.222.154 - - [05/Dec/2019:12:01:45 +0100] "GET /wp-content/plugins/wpfront-notification-bar/js/wpfront-notification-bar.js?ver=1.7.1 HTTP/1.1" 200 5662 "https://amazingsportwear.com/producto/peto-reversible-deportivo/" "Mozilla/5.0 (Windows NT 5.1; rv:52.0) Gecko/20100101 Firefox/52.0" "-"
79.152.222.154 - - [05/Dec/2019:12:01:45 +0100] "GET /wp-content/plugins/simple-social-icons/svgxuse.js?ver=1.1.21 HTTP/1.1" 200 9580 "https://amazingsportwear.com/producto/peto-reversible-deportivo/" "Mozilla/5.0 (Windows NT 5.1; rv:52.0) Gecko/20100101 Firefox/52.0" "-"
79.152.222.154 - - [05/Dec/2019:12:01:45 +0100] "GET /wp-includes/js/wp-emoji-release.min.js?ver=5.2.4 HTTP/1.1" 200 14183 "https://amazingsportwear.com/producto/peto-reversible-deportivo/" "Mozilla/5.0 (Windows NT 5.1; rv:52.0) Gecko/20100101 Firefox/52.0" "-"
79.152.222.154 - - [05/Dec/2019:12:01:45 +0100] "GET /wp-includes/js/jquery/jquery.js HTTP/1.1" 200 97362 "https://amazingsportwear.com/producto/peto-reversible-deportivo/" "Mozilla/5.0 (Windows NT 5.1; rv:52.0) Gecko/20100101 Firefox/52.0" "-"
79.152.222.154 - - [05/Dec/2019:12:01:45 +0100] "GET /wp-content/themes/shopper/assets/js/crm.js?ver=1561548510 HTTP/1.1" 200 874 "https://amazingsportwear.com/producto/peto-reversible-deportivo/" "Mozilla/5.0 (Windows NT 5.1; rv:52.0) Gecko/20100101 Firefox/52.0" "-"
79.152.222.154 - - [05/Dec/2019:12:01:45 +0100] "GET /wp-content/plugins/product-enquiry-for-woocommerce/css/wdm-jquery-ui.css?ver=5.2.4 HTTP/1.1" 200 27001 "https://amazingsportwear.com/producto/peto-reversible-deportivo/" "Mozilla/5.0 (Windows NT 5.1; rv:52.0) Gecko/20100101 Firefox/52.0" "-"
79.152.222.154 - - [05/Dec/2019:12:01:45 +0100] "GET /wp-content/plugins/woocommerce/assets/js/frontend/add-to-cart.min.js?ver=3.6.4 HTTP/1.1" 200 2983 "https://amazingsportwear.com/producto/peto-reversible-deportivo/" "Mozilla/5.0 (Windows NT 5.1; rv:52.0) Gecko/20100101 Firefox/52.0" "-"
79.152.222.154 - - [05/Dec/2019:12:01:45 +0100] "GET /wp-content/plugins/woocommerce/assets/js/jquery-blockui/jquery.blockUI.min.js?ver=2.70 HTTP/1.1" 200 9908 "https://amazingsportwear.com/producto/peto-reversible-deportivo/" "Mozilla/5.0 (Windows NT 5.1; rv:52.0) Gecko/20100101 Firefox/52.0" "-"
79.152.222.154 - - [05/Dec/2019:12:01:45 +0100] "GET /wp-content/plugins/woocommerce/assets/js/zoom/jquery.zoom.min.js?ver=1.7.21 HTTP/1.1" 200 2957 "https://amazingsportwear.com/producto/peto-reversible-deportivo/" "Mozilla/5.0 (Windows NT 5.1; rv:52.0) Gecko/20100101 Firefox/52.0" "-"
79.152.222.154 - - [05/Dec/2019:12:01:45 +0100] "GET /wp-content/plugins/woocommerce/assets/js/photoswipe/photoswipe.min.js?ver=4.1.1 HTTP/1.1" 200 32276 "https://amazingsportwear.com/producto/peto-reversible-deportivo/" "Mozilla/5.0 (Windows NT 5.1; rv:52.0) Gecko/20100101 Firefox/52.0" "-"
79.152.222.154 - - [05/Dec/2019:12:01:45 +0100] "GET /wp-content/plugins/woocommerce/assets/js/flexslider/jquery.flexslider.min.js?ver=2.7.2 HTTP/1.1" 200 23232 "https://amazingsportwear.com/producto/peto-reversible-deportivo/" "Mozilla/5.0 (Windows NT 5.1; rv:52.0) Gecko/20100101 Firefox/52.0" "-"
79.152.222.154 - - [05/Dec/2019:12:01:45 +0100] "GET /wp-content/plugins/woocommerce/assets/js/photoswipe/photoswipe-ui-default.min.js?ver=4.1.1 HTTP/1.1" 200 10220 "https://amazingsportwear.com/producto/peto-reversible-deportivo/" "Mozilla/5.0 (Windows NT 5.1; rv:52.0) Gecko/20100101 Firefox/52.0" "-"
79.152.222.154 - - [05/Dec/2019:12:01:45 +0100] "GET /wp-content/plugins/woocommerce/assets/js/frontend/single-product.min.js?ver=3.6.4 HTTP/1.1" 200 6693 "https://amazingsportwear.com/producto/peto-reversible-deportivo/" "Mozilla/5.0 (Windows NT 5.1; rv:52.0) Gecko/20100101 Firefox/52.0" "-"
79.152.222.154 - - [05/Dec/2019:12:01:45 +0100] "GET /wp-content/plugins/woocommerce/assets/js/js-cookie/js.cookie.min.js?ver=2.1.4 HTTP/1.1" 200 2187 "https://amazingsportwear.com/producto/peto-reversible-deportivo/" "Mozilla/5.0 (Windows NT 5.1; rv:52.0) Gecko/20100101 Firefox/52.0" "-"
79.152.222.154 - - [05/Dec/2019:12:01:45 +0100] "GET /wp-content/plugins/woocommerce/assets/js/frontend/woocommerce.min.js?ver=3.6.4 HTTP/1.1" 200 1813 "https://amazingsportwear.com/producto/peto-reversible-deportivo/" "Mozilla/5.0 (Windows NT 5.1; rv:52.0) Gecko/20100101 Firefox/52.0" "-"
79.152.222.154 - - [05/Dec/2019:12:01:45 +0100] "GET /wp-content/plugins/woocommerce/assets/js/frontend/cart-fragments.min.js?ver=3.6.4 HTTP/1.1" 200 3281 "https://amazingsportwear.com/producto/peto-reversible-deportivo/" "Mozilla/5.0 (Windows NT 5.1; rv:52.0) Gecko/20100101 Firefox/52.0" "-"
79.152.222.154 - - [05/Dec/2019:12:01:45 +0100] "GET /wp-content/themes/shopper/assets/js/skip-link-focus-fix.js?ver=1.3.8 HTTP/1.1" 200 1023 "https://amazingsportwear.com/producto/peto-reversible-deportivo/" "Mozilla/5.0 (Windows NT 5.1; rv:52.0) Gecko/20100101 Firefox/52.0" "-"
79.152.222.154 - - [05/Dec/2019:12:01:45 +0100] "GET /wp-content/themes/shopper/assets/js/shopper.min.js?ver=1.3.8 HTTP/1.1" 200 5994 "https://amazingsportwear.com/producto/peto-reversible-deportivo/" "Mozilla/5.0 (Windows NT 5.1; rv:52.0) Gecko/20100101 Firefox/52.0" "-"
79.152.222.154 - - [05/Dec/2019:12:01:45 +0100] "GET /wp-includes/js/comment-reply.min.js?ver=5.2.4 HTTP/1.1" 200 2575 "https://amazingsportwear.com/producto/peto-reversible-deportivo/" "Mozilla/5.0 (Windows NT 5.1; rv:52.0) Gecko/20100101 Firefox/52.0" "-"
79.152.222.154 - - [05/Dec/2019:12:01:45 +0100] "GET /wp-includes/js/wp-embed.min.js?ver=5.2.4 HTTP/1.1" 200 1744 "https://amazingsportwear.com/producto/peto-reversible-deportivo/" "Mozilla/5.0 (Windows NT 5.1; rv:52.0) Gecko/20100101 Firefox/52.0" "-"
79.152.222.154 - - [05/Dec/2019:12:01:45 +0100] "GET /wp-content/themes/shopper/assets/js/woocommerce/header-cart.min.js?ver=1.3.8 HTTP/1.1" 200 972 "https://amazingsportwear.com/producto/peto-reversible-deportivo/" "Mozilla/5.0 (Windows NT 5.1; rv:52.0) Gecko/20100101 Firefox/52.0" "-"
79.152.222.154 - - [05/Dec/2019:12:01:45 +0100] "GET /wp-content/themes/shopper/assets/fonts/fontawesome-webfont.woff2?v=4.7.0 HTTP/1.1" 200 77615 "https://amazingsportwear.com/wp-content/themes/shopper/style.css?ver=1.3.8" "Mozilla/5.0 (Windows NT 5.1; rv:52.0) Gecko/20100101 Firefox/52.0" "_ga=GA1.2.1659391197.1575543714; _gid=GA1.2.1987387139.1575543714; _gat_gtag_UA_91619287_1=1"
79.152.222.154 - - [05/Dec/2019:12:01:45 +0100] "GET /wp-includes/js/underscore.min.js?ver=1.8.3 HTTP/1.1" 200 16527 "https://amazingsportwear.com/producto/peto-reversible-deportivo/" "Mozilla/5.0 (Windows NT 5.1; rv:52.0) Gecko/20100101 Firefox/52.0" "-"
79.152.222.154 - - [05/Dec/2019:12:01:46 +0100] "GET /wp-includes/js/wp-util.min.js?ver=5.2.4 HTTP/1.1" 200 1387 "https://amazingsportwear.com/producto/peto-reversible-deportivo/" "Mozilla/5.0 (Windows NT 5.1; rv:52.0) Gecko/20100101 Firefox/52.0" "-"
79.152.222.154 - - [05/Dec/2019:12:01:46 +0100] "GET /wp-content/plugins/woocommerce/assets/js/frontend/add-to-cart-variation.min.js?ver=3.6.4 HTTP/1.1" 200 13625 "https://amazingsportwear.com/producto/peto-reversible-deportivo/" "Mozilla/5.0 (Windows NT 5.1; rv:52.0) Gecko/20100101 Firefox/52.0" "-"
79.152.222.154 - - [05/Dec/2019:12:01:46 +0100] "GET /wp-content/plugins/akismet/_inc/form.js?ver=4.1.2 HTTP/1.1" 200 1040 "https://amazingsportwear.com/producto/peto-reversible-deportivo/" "Mozilla/5.0 (Windows NT 5.1; rv:52.0) Gecko/20100101 Firefox/52.0" "-"
79.152.222.154 - - [05/Dec/2019:12:01:46 +0100] "GET /wp-includes/js/jquery/ui/widget.min.js?ver=1.11.4 HTTP/1.1" 200 7250 "https://amazingsportwear.com/producto/peto-reversible-deportivo/" "Mozilla/5.0 (Windows NT 5.1; rv:52.0) Gecko/20100101 Firefox/52.0" "-"
79.152.222.154 - - [05/Dec/2019:12:01:46 +0100] "GET /wp-includes/js/jquery/ui/core.min.js?ver=1.11.4 HTTP/1.1" 200 4341 "https://amazingsportwear.com/producto/peto-reversible-deportivo/" "Mozilla/5.0 (Windows NT 5.1; rv:52.0) Gecko/20100101 Firefox/52.0" "-"
79.152.222.154 - - [05/Dec/2019:12:01:46 +0100] "GET /wp-includes/js/jquery/ui/mouse.min.js?ver=1.11.4 HTTP/1.1" 200 3489 "https://amazingsportwear.com/producto/peto-reversible-deportivo/" "Mozilla/5.0 (Windows NT 5.1; rv:52.0) Gecko/20100101 Firefox/52.0" "-"
79.152.222.154 - - [05/Dec/2019:12:01:46 +0100] "GET /wp-includes/js/jquery/ui/resizable.min.js?ver=1.11.4 HTTP/1.1" 200 18798 "https://amazingsportwear.com/producto/peto-reversible-deportivo/" "Mozilla/5.0 (Windows NT 5.1; rv:52.0) Gecko/20100101 Firefox/52.0" "-"
79.152.222.154 - - [05/Dec/2019:12:01:46 +0100] "GET /wp-includes/js/jquery/ui/draggable.min.js?ver=1.11.4 HTTP/1.1" 200 19277 "https://amazingsportwear.com/producto/peto-reversible-deportivo/" "Mozilla/5.0 (Windows NT 5.1; rv:52.0) Gecko/20100101 Firefox/52.0" "-"
79.152.222.154 - - [05/Dec/2019:12:01:46 +0100] "GET /wp-includes/js/jquery/ui/button.min.js?ver=1.11.4 HTTP/1.1" 200 7578 "https://amazingsportwear.com/producto/peto-reversible-deportivo/" "Mozilla/5.0 (Windows NT 5.1; rv:52.0) Gecko/20100101 Firefox/52.0" "-"
79.152.222.154 - - [05/Dec/2019:12:01:46 +0100] "GET /wp-includes/js/jquery/ui/dialog.min.js?ver=1.11.4 HTTP/1.1" 200 12482 "https://amazingsportwear.com/producto/peto-reversible-deportivo/" "Mozilla/5.0 (Windows NT 5.1; rv:52.0) Gecko/20100101 Firefox/52.0" "-"
79.152.222.154 - - [05/Dec/2019:12:01:46 +0100] "GET /wp-includes/js/jquery/ui/position.min.js?ver=1.11.4 HTTP/1.1" 200 6869 "https://amazingsportwear.com/producto/peto-reversible-deportivo/" "Mozilla/5.0 (Windows NT 5.1; rv:52.0) Gecko/20100101 Firefox/52.0" "-"
79.152.222.154 - - [05/Dec/2019:12:01:46 +0100] "GET /wp-content/plugins/product-enquiry-for-woocommerce/js/wdm_jquery.validate.min.js?ver=5.2.4 HTTP/1.1" 200 21818 "https://amazingsportwear.com/producto/peto-reversible-deportivo/" "Mozilla/5.0 (Windows NT 5.1; rv:52.0) Gecko/20100101 Firefox/52.0" "-"
79.152.222.154 - - [05/Dec/2019:12:01:46 +0100] "GET /wp-content/plugins/product-enquiry-for-woocommerce/js/contact.js?ver=5.2.4 HTTP/1.1" 200 4681 "https://amazingsportwear.com/producto/peto-reversible-deportivo/" "Mozilla/5.0 (Windows NT 5.1; rv:52.0) Gecko/20100101 Firefox/52.0" "-"
79.152.222.154 - - [05/Dec/2019:12:01:46 +0100] "GET /wp-content/plugins/simple-social-icons/symbol-defs.svg HTTP/1.1" 200 19699 "-" "Mozilla/5.0 (Windows NT 5.1; rv:52.0) Gecko/20100101 Firefox/52.0" "_ga=GA1.2.1659391197.1575543714; _gid=GA1.2.1987387139.1575543714; _gat_gtag_UA_91619287_1=1"
79.152.222.154 - - [05/Dec/2019:12:01:46 +0100] "GET /wp-content/uploads/2017/01/braga-cuello1-300x300.jpg HTTP/1.1" 200 23039 "https://amazingsportwear.com/producto/peto-reversible-deportivo/" "Mozilla/5.0 (Windows NT 5.1; rv:52.0) Gecko/20100101 Firefox/52.0" "-"
79.152.222.154 - - [05/Dec/2019:12:01:46 +0100] "GET /wp-content/uploads/2017/01/camis-tenis1-300x300.jpg HTTP/1.1" 200 15529 "https://amazingsportwear.com/producto/peto-reversible-deportivo/" "Mozilla/5.0 (Windows NT 5.1; rv:52.0) Gecko/20100101 Firefox/52.0" "-"
79.152.222.154 - - [05/Dec/2019:12:01:46 +0100] "GET /wp-content/uploads/2019/05/asw-white-300x126.png HTTP/1.1" 200 12061 "https://amazingsportwear.com/producto/peto-reversible-deportivo/" "Mozilla/5.0 (Windows NT 5.1; rv:52.0) Gecko/20100101 Firefox/52.0" "-"
79.152.222.154 - - [05/Dec/2019:12:01:46 +0100] "GET /wp-content/uploads/2017/01/maillot-corto3-300x300.jpg HTTP/1.1" 200 23406 "https://amazingsportwear.com/producto/peto-reversible-deportivo/" "Mozilla/5.0 (Windows NT 5.1; rv:52.0) Gecko/20100101 Firefox/52.0" "-"
79.152.222.154 - - [05/Dec/2019:12:01:46 +0100] "GET /wp-content/uploads/2019/05/cropped-asw-white.png HTTP/1.1" 200 7500 "https://amazingsportwear.com/producto/peto-reversible-deportivo/" "Mozilla/5.0 (Windows NT 5.1; rv:52.0) Gecko/20100101 Firefox/52.0" "-"
79.152.222.154 - - [05/Dec/2019:12:01:46 +0100] "GET /wp-content/plugins/product-enquiry-for-woocommerce/img/contact/loading.gif HTTP/1.1" 200 3834 "https://amazingsportwear.com/producto/peto-reversible-deportivo/" "Mozilla/5.0 (Windows NT 5.1; rv:52.0) Gecko/20100101 Firefox/52.0" "-"
79.152.222.154 - - [05/Dec/2019:12:01:46 +0100] "GET /wp-content/uploads/2019/05/cropped-favicon-nuevo-logo-amazinf-128px-192x192.png HTTP/1.1" 200 10880 "-" "Mozilla/5.0 (Windows NT 5.1; rv:52.0) Gecko/20100101 Firefox/52.0" "_ga=GA1.2.1659391197.1575543714; _gid=GA1.2.1987387139.1575543714; _gat_gtag_UA_91619287_1=1"
79.152.222.154 - - [05/Dec/2019:12:01:46 +0100] "GET /wp-content/uploads/2019/03/va-parade-1.png HTTP/1.1" 200 171624 "https://amazingsportwear.com/producto/peto-reversible-deportivo/" "Mozilla/5.0 (Windows NT 5.1; rv:52.0) Gecko/20100101 Firefox/52.0" "-"
79.152.222.154 - - [05/Dec/2019:12:01:46 +0100] "GET /wp-content/uploads/2019/03/VA-PARADE-5.png HTTP/1.1" 200 486903 "https://amazingsportwear.com/producto/peto-reversible-deportivo/" "Mozilla/5.0 (Windows NT 5.1; rv:52.0) Gecko/20100101 Firefox/52.0" "-"
79.152.222.154 - - [05/Dec/2019:12:01:47 +0100] "GET /wp-content/uploads/2019/03/VA-PARADE-4-100x100.png HTTP/1.1" 200 12969 "https://amazingsportwear.com/producto/peto-reversible-deportivo/" "Mozilla/5.0 (Windows NT 5.1; rv:52.0) Gecko/20100101 Firefox/52.0" "_ga=GA1.2.1659391197.1575543714; _gid=GA1.2.1987387139.1575543714; _gat_gtag_UA_91619287_1=1"
79.152.222.154 - - [05/Dec/2019:12:01:47 +0100] "GET /wp-content/uploads/2019/03/VA-PARADE-6-100x100.png HTTP/1.1" 200 16558 "https://amazingsportwear.com/producto/peto-reversible-deportivo/" "Mozilla/5.0 (Windows NT 5.1; rv:52.0) Gecko/20100101 Firefox/52.0" "_ga=GA1.2.1659391197.1575543714; _gid=GA1.2.1987387139.1575543714; _gat_gtag_UA_91619287_1=1"
79.152.222.154 - - [05/Dec/2019:12:01:47 +0100] "GET /wp-content/uploads/2019/03/VA-PARADE-5-100x100.png HTTP/1.1" 200 16632 "https://amazingsportwear.com/producto/peto-reversible-deportivo/" "Mozilla/5.0 (Windows NT 5.1; rv:52.0) Gecko/20100101 Firefox/52.0" "_ga=GA1.2.1659391197.1575543714; _gid=GA1.2.1987387139.1575543714; _gat_gtag_UA_91619287_1=1"
79.152.222.154 - - [05/Dec/2019:12:01:46 +0100] "GET /wp-content/uploads/2019/03/VA-PARADE-4.png HTTP/1.1" 200 358933 "https://amazingsportwear.com/producto/peto-reversible-deportivo/" "Mozilla/5.0 (Windows NT 5.1; rv:52.0) Gecko/20100101 Firefox/52.0" "-"
79.152.222.154 - - [05/Dec/2019:12:01:46 +0100] "GET /img/cms/va-parade.png HTTP/1.1" 404 68915 "https://amazingsportwear.com/producto/peto-reversible-deportivo/" "Mozilla/5.0 (Windows NT 5.1; rv:52.0) Gecko/20100101 Firefox/52.0" "-"
79.152.222.154 - - [05/Dec/2019:12:01:47 +0100] "POST /?wc-ajax=get_refreshed_fragments HTTP/1.1" 200 1298 "https://amazingsportwear.com/producto/peto-reversible-deportivo/" "Mozilla/5.0 (Windows NT 5.1; rv:52.0) Gecko/20100101 Firefox/52.0" "_ga=GA1.2.1659391197.1575543714; _gid=GA1.2.1987387139.1575543714; _gat_gtag_UA_91619287_1=1"
217.76.130.90 - - [05/Dec/2019:12:05:59 +0100] "POST /wp-cron.php?doing_wp_cron=1575543959.6222410202026367187500 HTTP/1.1" 200 164 "http://amazingsportwear.com/wp-cron.php?doing_wp_cron=1575543959.6222410202026367187500" "WordPress/5.2.4; https://amazingsportwear.com" "-"
208.113.161.210 - - [05/Dec/2019:12:05:58 +0100] "GET /wp-content/plugins/background-image-cropper/blackhat.php HTTP/1.1" 404 68058 "http://site.ru" "Mozilla/5.0 (Windows; U; Windows NT 5.1; en-US) AppleWebKit/533.4 (KHTML, like Gecko) Chrome/5.0.375.99 Safari/533.4" "-"
217.76.130.90 - - [05/Dec/2019:12:38:38 +0100] "POST /wp-cron.php?doing_wp_cron=1575545918.6240179538726806640625 HTTP/1.1" 200 3389 "https://amazingsportwear.com/wp-cron.php?doing_wp_cron=1575545918.6240179538726806640625" "WordPress/5.2.4; https://amazingsportwear.com" "-"
66.249.66.70 - - [05/Dec/2019:12:38:36 +0100] "GET /producto/gorra-sport/ HTTP/1.1" 200 102870 "-" "Mozilla/5.0 (Linux; Android 6.0.1; Nexus 5X Build/MMB29P) AppleWebKit/537.36 (KHTML, like Gecko) Chrome/41.0.2272.96 Mobile Safari/537.36 (compatible; Googlebot/2.1; +http://www.google.com/bot.html)" "-"
217.76.130.90 - - [05/Dec/2019:12:40:38 +0100] "POST /wp-cron.php?doing_wp_cron=1575546038.8931629657745361328125 HTTP/1.1" 200 3389 "https://amazingsportwear.com/wp-cron.php?doing_wp_cron=1575546038.8931629657745361328125" "WordPress/5.2.4; https://amazingsportwear.com" "-"
40.77.167.56 - - [05/Dec/2019:12:40:37 +0100] "GET /etiqueta-producto/camiseta-stella/ HTTP/1.1" 200 54114 "-" "Mozilla/5.0 (compatible; bingbot/2.0; +http://www.bing.com/bingbot.htm)" "-"
217.76.130.90 - - [05/Dec/2019:12:59:01 +0100] "POST /wp-cron.php?doing_wp_cron=1575547141.2837619781494140625000 HTTP/1.1" 200 3389 "https://amazingsportwear.com/wp-cron.php?doing_wp_cron=1575547141.2837619781494140625000" "WordPress/5.2.4; https://amazingsportwear.com" "-"
66.249.66.70 - - [05/Dec/2019:12:58:58 +0100] "GET /producto/camiseta-tecnica-avus-sa-6658/ HTTP/1.1" 200 96886 "-" "Mozilla/5.0 (compatible; Googlebot/2.1; +http://www.google.com/bot.html)" "-"
217.76.130.90 - - [05/Dec/2019:12:59:16 +0100] "POST /wp-cron.php?doing_wp_cron=1575547156.6933529376983642578125 HTTP/1.1" 200 3389 "https://amazingsportwear.com/wp-cron.php?doing_wp_cron=1575547156.6933529376983642578125" "WordPress/5.2.4; https://amazingsportwear.com" "-"
66.249.66.66 - - [05/Dec/2019:12:59:16 +0100] "POST /?wc-ajax=get_refreshed_fragments HTTP/1.1" 200 4760 "https://amazingsportwear.com/producto/camiseta-tecnica-avus-sa-6658/" "Mozilla/5.0 AppleWebKit/537.36 (KHTML, like Gecko; compatible; Googlebot/2.1; +http://www.google.com/bot.html) Safari/537.36" "_ga=GA1.2.931330593.1575504000; _gid=GA1.2.2074753562.1575504000; _gat_gtag_UA_91619287_1=1"
217.76.130.90 - - [05/Dec/2019:13:07:44 +0100] "POST /wp-cron.php?doing_wp_cron=1575547664.8262679576873779296875 HTTP/1.1" 200 3389 "https://amazingsportwear.com/wp-cron.php?doing_wp_cron=1575547664.8262679576873779296875" "WordPress/5.2.4; https://amazingsportwear.com" "-"
82.202.161.133 - - [05/Dec/2019:13:07:42 +0100] "GET / HTTP/1.1" 200 125749 "-" "Mozilla/5.0 (Windows NT 10.0; Win64; x64) AppleWebKit/537.36 (KHTML, like Gecko) Chrome/42.0.2311.135 Safari/537.36 Edge/12.246" "-"
217.76.130.90 - - [05/Dec/2019:13:09:08 +0100] "POST /wp-cron.php?doing_wp_cron=1575547748.0861840248107910156250 HTTP/1.1" 200 3389 "https://amazingsportwear.com/wp-cron.php?doing_wp_cron=1575547748.0861840248107910156250" "WordPress/5.2.4; https://amazingsportwear.com" "-"
138.246.253.5 - - [05/Dec/2019:13:09:06 +0100] "HEAD / HTTP/1.1" 301 3653 "-" "Mozilla/5.0 (Windows NT 6.1; Win64; x64) AppleWebKit/537.36 (KHTML, like Gecko) Chrome/40.0.2214.85 Safari/537.36" "-"
217.76.130.90 - - [05/Dec/2019:13:16:47 +0100] "POST /wp-cron.php?doing_wp_cron=1575548207.5110800266265869140625 HTTP/1.1" 200 3389 "https://amazingsportwear.com/wp-cron.php?doing_wp_cron=1575548207.5110800266265869140625" "WordPress/5.2.4; https://amazingsportwear.com" "-"
17.58.96.177 - - [05/Dec/2019:13:16:44 +0100] "GET /categoria-producto/deportes/futbol/ HTTP/1.1" 200 66069 "-" "Mozilla/5.0 (Macintosh; Intel Mac OS X 10_10_1) AppleWebKit/600.2.5 (KHTML, like Gecko) Version/8.0.2 Safari/600.2.5 (Applebot/0.1; +http://www.apple.com/go/applebot)" "-"
201.131.223.3 - - [05/Dec/2019:13:29:57 +0100] "GET /wp-content/uploads/2019/04/Llavero-metalico-futbol-3.png HTTP/1.1" 200 46821 "https://www.google.com/" "Mozilla/5.0 (Windows NT 10.0; Win64; x64) AppleWebKit/537.36 (KHTML, like Gecko) Chrome/69.0.3497.100 Safari/537.36" "-"
217.76.130.90 - - [05/Dec/2019:13:32:50 +0100] "POST /wp-cron.php?doing_wp_cron=1575549170.4077899456024169921875 HTTP/1.1" 200 3389 "https://amazingsportwear.com/wp-cron.php?doing_wp_cron=1575549170.4077899456024169921875" "WordPress/5.2.4; https://amazingsportwear.com" "-"
40.77.167.92 - - [05/Dec/2019:13:32:47 +0100] "GET /?controller=contact HTTP/1.1" 200 125822 "-" "Mozilla/5.0 (compatible; bingbot/2.0; +http://www.bing.com/bingbot.htm)" "-"
217.76.130.90 - - [05/Dec/2019:13:37:39 +0100] "POST /wp-cron.php?doing_wp_cron=1575549459.1970620155334472656250 HTTP/1.1" 200 3389 "https://amazingsportwear.com/wp-cron.php?doing_wp_cron=1575549459.1970620155334472656250" "WordPress/5.2.4; https://amazingsportwear.com" "-"
188.76.19.93 - - [05/Dec/2019:13:37:37 +0100] "GET / HTTP/1.1" 200 78767 "https://www.google.es/" "Mozilla/5.0 (iPad; CPU OS 12_3_1 like Mac OS X) AppleWebKit/605.1.15 (KHTML, like Gecko) Version/12.1.1 Mobile/15E148 Safari/604.1" "-"
177.225.176.194 - - [05/Dec/2019:14:02:59 +0100] "GET /wp-content/uploads/2019/04/Gorra-sport-6.png HTTP/1.1" 200 44628 "https://www.google.com/" "Mozilla/5.0 (Windows NT 10.0; Win64; x64) AppleWebKit/537.36 (KHTML, like Gecko) Chrome/78.0.3904.108 Safari/537.36" "-"
217.76.130.90 - - [05/Dec/2019:14:20:06 +0100] "POST /wp-cron.php?doing_wp_cron=1575552006.8207271099090576171875 HTTP/1.1" 200 3389 "https://amazingsportwear.com/wp-cron.php?doing_wp_cron=1575552006.8207271099090576171875" "WordPress/5.2.4; https://amazingsportwear.com" "-"
17.58.96.177 - - [05/Dec/2019:14:20:03 +0100] "GET /categoria-producto/accesorios/gorrasygorros/ HTTP/1.1" 200 75568 "-" "Mozilla/5.0 (Macintosh; Intel Mac OS X 10_10_1) AppleWebKit/600.2.5 (KHTML, like Gecko) Version/8.0.2 Safari/600.2.5 (Applebot/0.1; +http://www.apple.com/go/applebot)" "-"
177.126.154.203 - - [05/Dec/2019:14:21:35 +0100] "GET /wp-content/uploads/2019/07/banner-surf-asw.jpg HTTP/1.1" 200 58916 "https://www.google.com/" "Mozilla/5.0 (Windows NT 10.0; Win64; x64) AppleWebKit/537.36 (KHTML, like Gecko) Chrome/78.0.3904.108 Safari/537.36" "-"
157.55.39.208 - - [05/Dec/2019:14:28:05 +0100] "GET /wp-content/uploads/2019/04/Llavero-triumph-3.png HTTP/1.1" 200 63085 "-" "Mozilla/5.0 (compatible; bingbot/2.0; +http://www.bing.com/bingbot.htm)" "-"
157.55.39.208 - - [05/Dec/2019:14:28:06 +0100] "GET /wp-content/uploads/2019/04/Llavero-triumph-3.png HTTP/1.1" 200 59722 "-" "Mozilla/5.0 (compatible; bingbot/2.0; +http://www.bing.com/bingbot.htm)" "-"
217.76.130.90 - - [05/Dec/2019:14:40:08 +0100] "POST /wp-cron.php?doing_wp_cron=1575553208.2617158889770507812500 HTTP/1.1" 200 3389 "https://amazingsportwear.com/wp-cron.php?doing_wp_cron=1575553208.2617158889770507812500" "WordPress/5.2.4; https://amazingsportwear.com" "-"
40.77.167.92 - - [05/Dec/2019:14:40:05 +0100] "GET /producto/camiseta-tecnica-dinamic/ HTTP/1.1" 200 101851 "-" "Mozilla/5.0 (compatible; bingbot/2.0; +http://www.bing.com/bingbot.htm)" "-"
217.76.130.90 - - [05/Dec/2019:14:53:58 +0100] "POST /wp-cron.php?doing_wp_cron=1575554038.2357931137084960937500 HTTP/1.1" 200 164 "http://amazingsportwear.com/wp-cron.php?doing_wp_cron=1575554038.2357931137084960937500" "WordPress/5.2.4; https://amazingsportwear.com" "-"
157.55.39.88 - - [05/Dec/2019:14:53:55 +0100] "GET /18-ciclismo HTTP/1.1" 404 68012 "-" "Mozilla/5.0 (iPhone; CPU iPhone OS 7_0 like Mac OS X) AppleWebKit/537.51.1 (KHTML, like Gecko) Version/7.0 Mobile/11A465 Safari/9537.53 (compatible; bingbot/2.0; +http://www.bing.com/bingbot.htm)" "-"
200.69.87.178 - - [05/Dec/2019:14:54:33 +0100] "GET /wp-content/uploads/2019/04/Gorra-sport-10.png HTTP/1.1" 200 60426 "https://www.google.com/" "Mozilla/5.0 (Macintosh; Intel Mac OS X 10_14_5) AppleWebKit/537.36 (KHTML, like Gecko) Chrome/78.0.3904.108 Safari/537.36" "-"
190.52.188.176 - - [05/Dec/2019:14:58:10 +0100] "GET /wp-content/uploads/2019/04/Llavero-metalico-golf-3.png HTTP/1.1" 200 46821 "https://www.google.com/" "Mozilla/5.0 (Windows NT 6.1) AppleWebKit/537.36 (KHTML, like Gecko) Chrome/78.0.3904.108 Safari/537.36" "-"
217.76.130.90 - - [05/Dec/2019:14:59:59 +0100] "POST /wp-cron.php?doing_wp_cron=1575554398.9864261150360107421875 HTTP/1.1" 200 3389 "https://amazingsportwear.com/wp-cron.php?doing_wp_cron=1575554398.9864261150360107421875" "WordPress/5.2.4; https://amazingsportwear.com" "-"
66.249.66.66 - - [05/Dec/2019:14:59:58 +0100] "GET /producto/pantalon-corto-tenis-padel/ HTTP/1.1" 200 90767 "-" "Mozilla/5.0 (Linux; Android 6.0.1; Nexus 5X Build/MMB29P) AppleWebKit/537.36 (KHTML, like Gecko) Chrome/41.0.2272.96 Mobile Safari/537.36 (compatible; Googlebot/2.1; +http://www.google.com/bot.html)" "-"
66.249.66.66 - - [05/Dec/2019:15:00:05 +0100] "GET /wp-content/plugins/woocommerce/assets/js/js-cookie/js.cookie.min.js?ver=2.1.4 HTTP/1.1" 200 2187 "https://amazingsportwear.com/producto/pantalon-corto-tenis-padel/" "Mozilla/5.0 (Linux; Android 6.0.1; Nexus 5X Build/MMB29P) AppleWebKit/537.36 (KHTML, like Gecko) Chrome/41.0.2272.96 Mobile Safari/537.36 (compatible; Googlebot/2.1; +http://www.google.com/bot.html)" "-"
217.76.130.90 - - [05/Dec/2019:15:16:01 +0100] "POST /wp-cron.php?doing_wp_cron=1575555361.8691799640655517578125 HTTP/1.1" 200 3389 "https://amazingsportwear.com/wp-cron.php?doing_wp_cron=1575555361.8691799640655517578125" "WordPress/5.2.4; https://amazingsportwear.com" "-"
217.76.130.90 - - [05/Dec/2019:15:16:01 +0100] "POST /wp-cron.php?doing_wp_cron=1575555361.8722219467163085937500 HTTP/1.1" 200 3389 "https://amazingsportwear.com/wp-cron.php?doing_wp_cron=1575555361.8722219467163085937500" "WordPress/5.2.4; https://amazingsportwear.com" "-"
31.13.103.14 - - [05/Dec/2019:15:15:59 +0100] "GET / HTTP/1.1" 200 125540 "-" "facebookexternalhit/1.1 (+http://www.facebook.com/externalhit_uatext.php)" "-"
31.13.103.4 - - [05/Dec/2019:15:16:00 +0100] "GET / HTTP/1.1" 200 125545 "-" "facebookexternalhit/1.1 (+http://www.facebook.com/externalhit_uatext.php)" "-"
217.76.130.90 - - [05/Dec/2019:15:16:06 +0100] "POST /wp-cron.php?doing_wp_cron=1575555366.1512310504913330078125 HTTP/1.1" 200 164 "http://amazingsportwear.com/wp-cron.php?doing_wp_cron=1575555366.1512310504913330078125" "WordPress/5.2.4; https://amazingsportwear.com" "-"
31.13.103.14 - - [05/Dec/2019:15:16:05 +0100] "GET /contacta-con-nosotros HTTP/1.1" 301 319 "-" "facebookexternalhit/1.1 (+http://www.facebook.com/externalhit_uatext.php)" "-"
31.13.103.20 - - [05/Dec/2019:15:16:05 +0100] "GET /contacta-con-nosotros HTTP/1.1" 301 319 "-" "facebookexternalhit/1.1 (+http://www.facebook.com/externalhit_uatext.php)" "-"
31.13.103.14 - - [05/Dec/2019:15:16:06 +0100] "GET /contacta-con-nosotros/ HTTP/1.1" 200 58196 "-" "facebookexternalhit/1.1 (+http://www.facebook.com/externalhit_uatext.php)" "-"
31.13.103.20 - - [05/Dec/2019:15:16:06 +0100] "GET /contacta-con-nosotros/ HTTP/1.1" 200 58166 "-" "facebookexternalhit/1.1 (+http://www.facebook.com/externalhit_uatext.php)" "-"
217.76.130.90 - - [05/Dec/2019:15:17:56 +0100] "POST /wp-cron.php?doing_wp_cron=1575555476.4217510223388671875000 HTTP/1.1" 200 3389 "https://amazingsportwear.com/wp-cron.php?doing_wp_cron=1575555476.4217510223388671875000" "WordPress/5.2.4; https://amazingsportwear.com" "-"
40.77.167.92 - - [05/Dec/2019:15:17:55 +0100] "GET /etiqueta-producto/linterna-biddick/ HTTP/1.1" 200 54058 "-" "Mozilla/5.0 (compatible; bingbot/2.0; +http://www.bing.com/bingbot.htm)" "-"
217.76.130.90 - - [05/Dec/2019:15:20:56 +0100] "POST /wp-cron.php?doing_wp_cron=1575555656.0198609828948974609375 HTTP/1.1" 200 164 "http://amazingsportwear.com/wp-cron.php?doing_wp_cron=1575555656.0198609828948974609375" "WordPress/5.2.4; https://amazingsportwear.com" "-"
54.226.89.20 - - [05/Dec/2019:15:20:54 +0100] "GET / HTTP/1.1" 301 336 "-" "Mozilla/5.0 (compatible; SurdotlyBot/1.0; +http://sur.ly/bot.html)" "-"
54.226.89.20 - - [05/Dec/2019:15:20:56 +0100] "GET / HTTP/1.1" 200 125628 "-" "Mozilla/5.0 (compatible; SurdotlyBot/1.0; +http://sur.ly/bot.html)" "-"
54.226.89.20 - - [05/Dec/2019:15:20:58 +0100] "GET /wp-content/uploads/2019/05/cropped-favicon-nuevo-logo-amazinf-128px-32x32.png HTTP/1.1" 304 3374 "-" "Mozilla/5.0 (X11; U; Linux x86_64; en-US) AppleWebKit/532.9 (KHTML, like Gecko) Chrome/5.0.307.7 Safari/532.9" "-"
152.0.132.40 - - [05/Dec/2019:15:24:09 +0100] "GET /wp-content/uploads/2019/04/gorra-konlun-5.png HTTP/1.1" 200 82923 "https://www.google.com/" "Mozilla/5.0 (Windows NT 10.0; Win64; x64) AppleWebKit/537.36 (KHTML, like Gecko) Chrome/78.0.3904.108 Safari/537.36" "-"
152.0.132.40 - - [05/Dec/2019:15:24:09 +0100] "GET /wp-content/uploads/2019/04/gorra-five-7.png HTTP/1.1" 200 86560 "https://www.google.com/" "Mozilla/5.0 (Windows NT 10.0; Win64; x64) AppleWebKit/537.36 (KHTML, like Gecko) Chrome/78.0.3904.108 Safari/537.36" "-"
87.125.239.100 - - [05/Dec/2019:15:28:25 +0100] "GET /wp-content/uploads/2017/01/camis-basket1.jpg HTTP/1.1" 200 123373 "https://www.google.es/" "Mozilla/5.0 (Macintosh; Intel Mac OS X 10_13_6) AppleWebKit/605.1.15 (KHTML, like Gecko) Version/13.0.3 Safari/605.1.15" "-"
157.55.39.88 - - [05/Dec/2019:15:44:37 +0100] "GET /wp-content/uploads/2017/03/sa-0425_226.jpg HTTP/1.1" 200 86197 "-" "Mozilla/5.0 (compatible; bingbot/2.0; +http://www.bing.com/bingbot.htm)" "-"
217.76.130.90 - - [05/Dec/2019:15:44:42 +0100] "POST /wp-cron.php?doing_wp_cron=1575557082.6731190681457519531250 HTTP/1.1" 200 3389 "https://amazingsportwear.com/wp-cron.php?doing_wp_cron=1575557082.6731190681457519531250" "WordPress/5.2.4; https://amazingsportwear.com" "-"
157.55.39.88 - - [05/Dec/2019:15:44:40 +0100] "GET /categoria-producto/seis/ HTTP/1.1" 200 61462 "-" "Mozilla/5.0 (compatible; bingbot/2.0; +http://www.bing.com/bingbot.htm)" "-"
217.76.130.90 - - [05/Dec/2019:15:50:19 +0100] "POST /wp-cron.php?doing_wp_cron=1575557419.5818309783935546875000 HTTP/1.1" 200 3389 "https://amazingsportwear.com/wp-cron.php?doing_wp_cron=1575557419.5818309783935546875000" "WordPress/5.2.4; https://amazingsportwear.com" "-"
40.77.167.92 - - [05/Dec/2019:15:50:18 +0100] "GET /etiqueta-producto/bolsa-tinsul/ HTTP/1.1" 200 53617 "-" "Mozilla/5.0 (compatible; bingbot/2.0; +http://www.bing.com/bingbot.htm)" "-"
157.55.39.208 - - [05/Dec/2019:15:51:29 +0100] "GET /wp-content/uploads/2019/04/bidon-camiseta-zablex-2.png HTTP/1.1" 200 109248 "-" "Mozilla/5.0 (compatible; bingbot/2.0; +http://www.bing.com/bingbot.htm)" "-"
177.248.145.125 - - [05/Dec/2019:16:01:10 +0100] "GET /wp-content/uploads/2019/04/Gorra-sport-10.png HTTP/1.1" 200 60426 "https://www.google.com/" "Mozilla/5.0 (Windows NT 6.1) AppleWebKit/537.36 (KHTML, like Gecko) Chrome/78.0.3904.108 Safari/537.36" "-"
217.76.130.90 - - [05/Dec/2019:16:21:52 +0100] "POST /wp-cron.php?doing_wp_cron=1575559312.7048249244689941406250 HTTP/1.1" 200 3389 "https://amazingsportwear.com/wp-cron.php?doing_wp_cron=1575559312.7048249244689941406250" "WordPress/5.2.4; https://amazingsportwear.com" "-"
157.55.39.117 - - [05/Dec/2019:16:21:48 +0100] "GET /categoria-producto/dos/ HTTP/1.1" 200 63668 "-" "Mozilla/5.0 (compatible; bingbot/2.0; +http://www.bing.com/bingbot.htm)" "-"
40.77.167.228 - - [05/Dec/2019:16:33:25 +0100] "GET /wp-content/uploads/2019/04/bolsa-tinsul-1.png HTTP/1.1" 200 88628 "-" "Mozilla/5.0 (compatible; bingbot/2.0; +http://www.bing.com/bingbot.htm)" "-"
217.76.130.90 - - [05/Dec/2019:16:45:43 +0100] "POST /wp-cron.php?doing_wp_cron=1575560743.0338079929351806640625 HTTP/1.1" 200 3389 "https://amazingsportwear.com/wp-cron.php?doing_wp_cron=1575560743.0338079929351806640625" "WordPress/5.2.4; https://amazingsportwear.com" "-"
40.77.167.92 - - [05/Dec/2019:16:45:40 +0100] "GET /producto/sudadera-capucha/ HTTP/1.1" 200 101690 "-" "Mozilla/5.0 (compatible; bingbot/2.0; +http://www.bing.com/bingbot.htm)" "-"
148.0.56.16 - - [05/Dec/2019:16:58:04 +0100] "GET /wp-content/uploads/2017/03/aq-jaguar-559.jpg HTTP/1.1" 200 42682 "https://www.google.com/" "Mozilla/5.0 (Windows NT 10.0; WOW64) AppleWebKit/537.36 (KHTML, like Gecko) Chrome/64.0.3282.119 Safari/537.36" "-"
148.0.56.16 - - [05/Dec/2019:16:59:35 +0100] "GET /wp-content/uploads/2017/03/aq-jaguar-561.jpg HTTP/1.1" 200 47465 "https://www.google.com/" "Mozilla/5.0 (Windows NT 10.0; WOW64) AppleWebKit/537.36 (KHTML, like Gecko) Chrome/64.0.3282.119 Safari/537.36" "-"
190.0.47.238 - - [05/Dec/2019:17:11:57 +0100] "GET /wp-content/uploads/2019/04/Gorra-sport-6.png HTTP/1.1" 200 44623 "https://www.google.com/" "Mozilla/5.0 (Windows NT 10.0; Win64; x64) AppleWebKit/537.36 (KHTML, like Gecko) Chrome/78.0.3904.108 Safari/537.36" "-"
92.130.71.128 - - [05/Dec/2019:17:12:36 +0100] "GET /wp-content/uploads/2019/07/banner-surf-asw.jpg HTTP/1.1" 200 58721 "https://www.google.com/" "Mozilla/5.0 (Macintosh; Intel Mac OS X 10_11_6) AppleWebKit/605.1.15 (KHTML, like Gecko) Version/11.1.2 Safari/605.1.15" "-"
181.64.216.48 - - [05/Dec/2019:17:16:13 +0100] "GET /wp-content/uploads/2019/04/Gorra-sport-10.png HTTP/1.1" 200 60426 "https://www.google.com/" "Mozilla/5.0 (Macintosh; Intel Mac OS X 10_11_6) AppleWebKit/537.36 (KHTML, like Gecko) Chrome/78.0.3904.108 Safari/537.36" "-"
84.121.51.163 - - [05/Dec/2019:17:18:13 +0100] "GET /wp-content/uploads/2019/04/bolsa-deporte-young-1.png HTTP/1.1" 200 143773 "https://www.google.com/" "Mozilla/5.0 (Windows NT 10.0; Win64; x64) AppleWebKit/537.36 (KHTML, like Gecko) Chrome/78.0.3904.108 Safari/537.36" "-"
217.76.130.90 - - [05/Dec/2019:17:18:21 +0100] "POST /wp-cron.php?doing_wp_cron=1575562701.0808479785919189453125 HTTP/1.1" 200 3389 "https://amazingsportwear.com/wp-cron.php?doing_wp_cron=1575562701.0808479785919189453125" "WordPress/5.2.4; https://amazingsportwear.com" "-"
84.121.51.163 - - [05/Dec/2019:17:18:17 +0100] "GET /producto/bolsa-deporte-young/ HTTP/1.1" 200 94303 "https://www.google.com/" "Mozilla/5.0 (Windows NT 10.0; Win64; x64) AppleWebKit/537.36 (KHTML, like Gecko) Chrome/78.0.3904.108 Safari/537.36" "-"
84.121.51.163 - - [05/Dec/2019:17:18:23 +0100] "GET /wp-includes/css/dist/block-library/style.min.css?ver=5.2.4 HTTP/1.1" 200 29660 "https://amazingsportwear.com/producto/bolsa-deporte-young/" "Mozilla/5.0 (Windows NT 10.0; Win64; x64) AppleWebKit/537.36 (KHTML, like Gecko) Chrome/78.0.3904.108 Safari/537.36" "-"
84.121.51.163 - - [05/Dec/2019:17:18:25 +0100] "GET /wp-content/plugins/woocommerce/assets/css/blocks/style.css?ver=3.6.4 HTTP/1.1" 200 6697 "https://amazingsportwear.com/producto/bolsa-deporte-young/" "Mozilla/5.0 (Windows NT 10.0; Win64; x64) AppleWebKit/537.36 (KHTML, like Gecko) Chrome/78.0.3904.108 Safari/537.36" "-"
84.121.51.163 - - [05/Dec/2019:17:18:25 +0100] "GET /wp-content/plugins/cookie-law-info/public/css/cookie-law-info-public.css?ver=1.7.6 HTTP/1.1" 200 3235 "https://amazingsportwear.com/producto/bolsa-deporte-young/" "Mozilla/5.0 (Windows NT 10.0; Win64; x64) AppleWebKit/537.36 (KHTML, like Gecko) Chrome/78.0.3904.108 Safari/537.36" "-"
84.121.51.163 - - [05/Dec/2019:17:18:25 +0100] "GET /wp-content/plugins/cookie-law-info/public/css/cookie-law-info-gdpr.css?ver=1.7.6 HTTP/1.1" 200 12583 "https://amazingsportwear.com/producto/bolsa-deporte-young/" "Mozilla/5.0 (Windows NT 10.0; Win64; x64) AppleWebKit/537.36 (KHTML, like Gecko) Chrome/78.0.3904.108 Safari/537.36" "-"
84.121.51.163 - - [05/Dec/2019:17:18:25 +0100] "GET /wp-content/plugins/woocommerce/assets/css/photoswipe/photoswipe.css?ver=3.6.4 HTTP/1.1" 200 4472 "https://amazingsportwear.com/producto/bolsa-deporte-young/" "Mozilla/5.0 (Windows NT 10.0; Win64; x64) AppleWebKit/537.36 (KHTML, like Gecko) Chrome/78.0.3904.108 Safari/537.36" "-"
84.121.51.163 - - [05/Dec/2019:17:18:25 +0100] "GET /wp-content/plugins/woocommerce/assets/css/photoswipe/default-skin/default-skin.css?ver=3.6.4 HTTP/1.1" 200 11943 "https://amazingsportwear.com/producto/bolsa-deporte-young/" "Mozilla/5.0 (Windows NT 10.0; Win64; x64) AppleWebKit/537.36 (KHTML, like Gecko) Chrome/78.0.3904.108 Safari/537.36" "-"
84.121.51.163 - - [05/Dec/2019:17:18:25 +0100] "GET /wp-content/plugins/wpfront-notification-bar/css/wpfront-notification-bar.css?ver=1.7.1 HTTP/1.1" 200 3663 "https://amazingsportwear.com/producto/bolsa-deporte-young/" "Mozilla/5.0 (Windows NT 10.0; Win64; x64) AppleWebKit/537.36 (KHTML, like Gecko) Chrome/78.0.3904.108 Safari/537.36" "-"
84.121.51.163 - - [05/Dec/2019:17:18:25 +0100] "GET /wp-content/themes/shopper/style.css?ver=1.3.8 HTTP/1.1" 200 125315 "https://amazingsportwear.com/producto/bolsa-deporte-young/" "Mozilla/5.0 (Windows NT 10.0; Win64; x64) AppleWebKit/537.36 (KHTML, like Gecko) Chrome/78.0.3904.108 Safari/537.36" "-"
84.121.51.163 - - [05/Dec/2019:17:18:25 +0100] "GET /wp-content/plugins/simple-social-icons/css/style.css?ver=3.0.1 HTTP/1.1" 200 1562 "https://amazingsportwear.com/producto/bolsa-deporte-young/" "Mozilla/5.0 (Windows NT 10.0; Win64; x64) AppleWebKit/537.36 (KHTML, like Gecko) Chrome/78.0.3904.108 Safari/537.36" "-"
84.121.51.163 - - [05/Dec/2019:17:18:25 +0100] "GET /wp-content/themes/shopper/assets/sass/woocommerce/woocommerce.css?ver=5.2.4 HTTP/1.1" 200 83534 "https://amazingsportwear.com/producto/bolsa-deporte-young/" "Mozilla/5.0 (Windows NT 10.0; Win64; x64) AppleWebKit/537.36 (KHTML, like Gecko) Chrome/78.0.3904.108 Safari/537.36" "-"
