84.121.51.163 - - [05/Dec/2019:17:18:25 +0100] "GET /wp-includes/js/jquery/jquery.js?ver=1.12.4-wp HTTP/1.1" 200 97362 "https://amazingsportwear.com/producto/bolsa-deporte-young/" "Mozilla/5.0 (Windows NT 10.0; Win64; x64) AppleWebKit/537.36 (KHTML, like Gecko) Chrome/78.0.3904.108 Safari/537.36" "-"
84.121.51.163 - - [05/Dec/2019:17:18:25 +0100] "GET /wp-includes/js/jquery/jquery-migrate.min.js?ver=1.4.1 HTTP/1.1" 200 10399 "https://amazingsportwear.com/producto/bolsa-deporte-young/" "Mozilla/5.0 (Windows NT 10.0; Win64; x64) AppleWebKit/537.36 (KHTML, like Gecko) Chrome/78.0.3904.108 Safari/537.36" "-"
84.121.51.163 - - [05/Dec/2019:17:18:25 +0100] "GET /wp-content/plugins/cookie-law-info/public/js/cookie-law-info-public.js?ver=1.7.6 HTTP/1.1" 200 17076 "https://amazingsportwear.com/producto/bolsa-deporte-young/" "Mozilla/5.0 (Windows NT 10.0; Win64; x64) AppleWebKit/537.36 (KHTML, like Gecko) Chrome/78.0.3904.108 Safari/537.36" "-"
84.121.51.163 - - [05/Dec/2019:17:18:25 +0100] "GET /wp-content/plugins/wpfront-notification-bar/jquery-plugins/jquery.c.js?ver=1.4.0 HTTP/1.1" 200 3437 "https://amazingsportwear.com/producto/bolsa-deporte-young/" "Mozilla/5.0 (Windows NT 10.0; Win64; x64) AppleWebKit/537.36 (KHTML, like Gecko) Chrome/78.0.3904.108 Safari/537.36" "-"
84.121.51.163 - - [05/Dec/2019:17:18:25 +0100] "GET /wp-content/plugins/wpfront-notification-bar/js/wpfront-notification-bar.js?ver=1.7.1 HTTP/1.1" 200 5662 "https://amazingsportwear.com/producto/bolsa-deporte-young/" "Mozilla/5.0 (Windows NT 10.0; Win64; x64) AppleWebKit/537.36 (KHTML, like Gecko) Chrome/78.0.3904.108 Safari/537.36" "-"
84.121.51.163 - - [05/Dec/2019:17:18:26 +0100] "GET /wp-content/plugins/simple-social-icons/svgxuse.js?ver=1.1.21 HTTP/1.1" 200 9580 "https://amazingsportwear.com/producto/bolsa-deporte-young/" "Mozilla/5.0 (Windows NT 10.0; Win64; x64) AppleWebKit/537.36 (KHTML, like Gecko) Chrome/78.0.3904.108 Safari/537.36" "-"
84.121.51.163 - - [05/Dec/2019:17:18:26 +0100] "GET /wp-includes/js/jquery/jquery.js HTTP/1.1" 200 97362 "https://amazingsportwear.com/producto/bolsa-deporte-young/" "Mozilla/5.0 (Windows NT 10.0; Win64; x64) AppleWebKit/537.36 (KHTML, like Gecko) Chrome/78.0.3904.108 Safari/537.36" "-"
84.121.51.163 - - [05/Dec/2019:17:18:26 +0100] "GET /wp-content/plugins/product-enquiry-for-woocommerce/css/wdm-jquery-ui.css?ver=5.2.4 HTTP/1.1" 200 27001 "https://amazingsportwear.com/producto/bolsa-deporte-young/" "Mozilla/5.0 (Windows NT 10.0; Win64; x64) AppleWebKit/537.36 (KHTML, like Gecko) Chrome/78.0.3904.108 Safari/537.36" "-"
84.121.51.163 - - [05/Dec/2019:17:18:26 +0100] "GET /wp-content/themes/shopper/assets/js/crm.js?ver=1561548510 HTTP/1.1" 200 1012 "https://amazingsportwear.com/producto/bolsa-deporte-young/" "Mozilla/5.0 (Windows NT 10.0; Win64; x64) AppleWebKit/537.36 (KHTML, like Gecko) Chrome/78.0.3904.108 Safari/537.36" "-"
84.121.51.163 - - [05/Dec/2019:17:18:26 +0100] "GET /wp-content/plugins/woocommerce/assets/js/jquery-blockui/jquery.blockUI.min.js?ver=2.70 HTTP/1.1" 200 9908 "https://amazingsportwear.com/producto/bolsa-deporte-young/" "Mozilla/5.0 (Windows NT 10.0; Win64; x64) AppleWebKit/537.36 (KHTML, like Gecko) Chrome/78.0.3904.108 Safari/537.36" "-"
84.121.51.163 - - [05/Dec/2019:17:18:26 +0100] "GET /wp-content/plugins/woocommerce/assets/js/frontend/add-to-cart.min.js?ver=3.6.4 HTTP/1.1" 200 2983 "https://amazingsportwear.com/producto/bolsa-deporte-young/" "Mozilla/5.0 (Windows NT 10.0; Win64; x64) AppleWebKit/537.36 (KHTML, like Gecko) Chrome/78.0.3904.108 Safari/537.36" "-"
84.121.51.163 - - [05/Dec/2019:17:18:26 +0100] "GET /wp-content/plugins/woocommerce/assets/js/zoom/jquery.zoom.min.js?ver=1.7.21 HTTP/1.1" 200 2957 "https://amazingsportwear.com/producto/bolsa-deporte-young/" "Mozilla/5.0 (Windows NT 10.0; Win64; x64) AppleWebKit/537.36 (KHTML, like Gecko) Chrome/78.0.3904.108 Safari/537.36" "-"
84.121.51.163 - - [05/Dec/2019:17:18:26 +0100] "GET /wp-content/themes/shopper/assets/fonts/fontawesome-webfont.woff2?v=4.7.0 HTTP/1.1" 200 77615 "https://amazingsportwear.com/wp-content/themes/shopper/style.css?ver=1.3.8" "Mozilla/5.0 (Windows NT 10.0; Win64; x64) AppleWebKit/537.36 (KHTML, like Gecko) Chrome/78.0.3904.108 Safari/537.36" "-"
84.121.51.163 - - [05/Dec/2019:17:18:26 +0100] "GET /wp-content/uploads/2019/05/cropped-asw-white.png HTTP/1.1" 200 7500 "https://amazingsportwear.com/producto/bolsa-deporte-young/" "Mozilla/5.0 (Windows NT 10.0; Win64; x64) AppleWebKit/537.36 (KHTML, like Gecko) Chrome/78.0.3904.108 Safari/537.36" "-"
84.121.51.163 - - [05/Dec/2019:17:18:27 +0100] "GET /wp-content/plugins/woocommerce/assets/js/flexslider/jquery.flexslider.min.js?ver=2.7.2 HTTP/1.1" 200 23370 "https://amazingsportwear.com/producto/bolsa-deporte-young/" "Mozilla/5.0 (Windows NT 10.0; Win64; x64) AppleWebKit/537.36 (KHTML, like Gecko) Chrome/78.0.3904.108 Safari/537.36" "-"
84.121.51.163 - - [05/Dec/2019:17:18:27 +0100] "GET /wp-content/uploads/2019/04/bolsa-deporte-young-2.png HTTP/1.1" 200 126486 "https://amazingsportwear.com/producto/bolsa-deporte-young/" "Mozilla/5.0 (Windows NT 10.0; Win64; x64) AppleWebKit/537.36 (KHTML, like Gecko) Chrome/78.0.3904.108 Safari/537.36" "-"
84.121.51.163 - - [05/Dec/2019:17:18:27 +0100] "GET /wp-content/uploads/2019/04/bolsa-deporte-young-3.png HTTP/1.1" 200 117230 "https://amazingsportwear.com/producto/bolsa-deporte-young/" "Mozilla/5.0 (Windows NT 10.0; Win64; x64) AppleWebKit/537.36 (KHTML, like Gecko) Chrome/78.0.3904.108 Safari/537.36" "-"
84.121.51.163 - - [05/Dec/2019:17:18:27 +0100] "GET /wp-content/plugins/woocommerce/assets/js/photoswipe/photoswipe.min.js?ver=4.1.1 HTTP/1.1" 200 32276 "https://amazingsportwear.com/producto/bolsa-deporte-young/" "Mozilla/5.0 (Windows NT 10.0; Win64; x64) AppleWebKit/537.36 (KHTML, like Gecko) Chrome/78.0.3904.108 Safari/537.36" "-"
84.121.51.163 - - [05/Dec/2019:17:18:27 +0100] "GET /wp-content/plugins/woocommerce/assets/js/photoswipe/photoswipe-ui-default.min.js?ver=4.1.1 HTTP/1.1" 200 10220 "https://amazingsportwear.com/producto/bolsa-deporte-young/" "Mozilla/5.0 (Windows NT 10.0; Win64; x64) AppleWebKit/537.36 (KHTML, like Gecko) Chrome/78.0.3904.108 Safari/537.36" "-"
84.121.51.163 - - [05/Dec/2019:17:18:27 +0100] "GET /wp-content/plugins/woocommerce/assets/js/js-cookie/js.cookie.min.js?ver=2.1.4 HTTP/1.1" 200 2187 "https://amazingsportwear.com/producto/bolsa-deporte-young/" "Mozilla/5.0 (Windows NT 10.0; Win64; x64) AppleWebKit/537.36 (KHTML, like Gecko) Chrome/78.0.3904.108 Safari/537.36" "-"
84.121.51.163 - - [05/Dec/2019:17:18:27 +0100] "GET /wp-content/plugins/woocommerce/assets/js/frontend/single-product.min.js?ver=3.6.4 HTTP/1.1" 200 6693 "https://amazingsportwear.com/producto/bolsa-deporte-young/" "Mozilla/5.0 (Windows NT 10.0; Win64; x64) AppleWebKit/537.36 (KHTML, like Gecko) Chrome/78.0.3904.108 Safari/537.36" "-"
84.121.51.163 - - [05/Dec/2019:17:18:27 +0100] "GET /wp-content/plugins/woocommerce/assets/js/frontend/woocommerce.min.js?ver=3.6.4 HTTP/1.1" 200 1813 "https://amazingsportwear.com/producto/bolsa-deporte-young/" "Mozilla/5.0 (Windows NT 10.0; Win64; x64) AppleWebKit/537.36 (KHTML, like Gecko) Chrome/78.0.3904.108 Safari/537.36" "-"
84.121.51.163 - - [05/Dec/2019:17:18:27 +0100] "GET /wp-content/plugins/woocommerce/assets/js/frontend/cart-fragments.min.js?ver=3.6.4 HTTP/1.1" 200 3281 "https://amazingsportwear.com/producto/bolsa-deporte-young/" "Mozilla/5.0 (Windows NT 10.0; Win64; x64) AppleWebKit/537.36 (KHTML, like Gecko) Chrome/78.0.3904.108 Safari/537.36" "-"
84.121.51.163 - - [05/Dec/2019:17:18:27 +0100] "GET /wp-content/themes/shopper/assets/js/shopper.min.js?ver=1.3.8 HTTP/1.1" 200 5994 "https://amazingsportwear.com/producto/bolsa-deporte-young/" "Mozilla/5.0 (Windows NT 10.0; Win64; x64) AppleWebKit/537.36 (KHTML, like Gecko) Chrome/78.0.3904.108 Safari/537.36" "-"
84.121.51.163 - - [05/Dec/2019:17:18:27 +0100] "GET /wp-includes/js/comment-reply.min.js?ver=5.2.4 HTTP/1.1" 200 2575 "https://amazingsportwear.com/producto/bolsa-deporte-young/" "Mozilla/5.0 (Windows NT 10.0; Win64; x64) AppleWebKit/537.36 (KHTML, like Gecko) Chrome/78.0.3904.108 Safari/537.36" "-"
84.121.51.163 - - [05/Dec/2019:17:18:27 +0100] "GET /wp-content/themes/shopper/assets/js/skip-link-focus-fix.js?ver=1.3.8 HTTP/1.1" 200 1023 "https://amazingsportwear.com/producto/bolsa-deporte-young/" "Mozilla/5.0 (Windows NT 10.0; Win64; x64) AppleWebKit/537.36 (KHTML, like Gecko) Chrome/78.0.3904.108 Safari/537.36" "-"
84.121.51.163 - - [05/Dec/2019:17:18:27 +0100] "GET /wp-content/themes/shopper/assets/js/woocommerce/header-cart.min.js?ver=1.3.8 HTTP/1.1" 200 972 "https://amazingsportwear.com/producto/bolsa-deporte-young/" "Mozilla/5.0 (Windows NT 10.0; Win64; x64) AppleWebKit/537.36 (KHTML, like Gecko) Chrome/78.0.3904.108 Safari/537.36" "-"
84.121.51.163 - - [05/Dec/2019:17:18:27 +0100] "GET /wp-includes/js/wp-embed.min.js?ver=5.2.4 HTTP/1.1" 200 1744 "https://amazingsportwear.com/producto/bolsa-deporte-young/" "Mozilla/5.0 (Windows NT 10.0; Win64; x64) AppleWebKit/537.36 (KHTML, like Gecko) Chrome/78.0.3904.108 Safari/537.36" "-"
84.121.51.163 - - [05/Dec/2019:17:18:27 +0100] "GET /wp-includes/js/underscore.min.js?ver=1.8.3 HTTP/1.1" 200 16527 "https://amazingsportwear.com/producto/bolsa-deporte-young/" "Mozilla/5.0 (Windows NT 10.0; Win64; x64) AppleWebKit/537.36 (KHTML, like Gecko) Chrome/78.0.3904.108 Safari/537.36" "-"
84.121.51.163 - - [05/Dec/2019:17:18:27 +0100] "GET /wp-includes/js/wp-util.min.js?ver=5.2.4 HTTP/1.1" 200 1387 "https://amazingsportwear.com/producto/bolsa-deporte-young/" "Mozilla/5.0 (Windows NT 10.0; Win64; x64) AppleWebKit/537.36 (KHTML, like Gecko) Chrome/78.0.3904.108 Safari/537.36" "-"
84.121.51.163 - - [05/Dec/2019:17:18:27 +0100] "GET /wp-content/plugins/woocommerce/assets/js/frontend/add-to-cart-variation.min.js?ver=3.6.4 HTTP/1.1" 200 13625 "https://amazingsportwear.com/producto/bolsa-deporte-young/" "Mozilla/5.0 (Windows NT 10.0; Win64; x64) AppleWebKit/537.36 (KHTML, like Gecko) Chrome/78.0.3904.108 Safari/537.36" "-"
84.121.51.163 - - [05/Dec/2019:17:18:27 +0100] "GET /wp-includes/js/jquery/ui/widget.min.js?ver=1.11.4 HTTP/1.1" 200 7250 "https://amazingsportwear.com/producto/bolsa-deporte-young/" "Mozilla/5.0 (Windows NT 10.0; Win64; x64) AppleWebKit/537.36 (KHTML, like Gecko) Chrome/78.0.3904.108 Safari/537.36" "-"
84.121.51.163 - - [05/Dec/2019:17:18:27 +0100] "GET /wp-includes/js/jquery/ui/mouse.min.js?ver=1.11.4 HTTP/1.1" 200 3489 "https://amazingsportwear.com/producto/bolsa-deporte-young/" "Mozilla/5.0 (Windows NT 10.0; Win64; x64) AppleWebKit/537.36 (KHTML, like Gecko) Chrome/78.0.3904.108 Safari/537.36" "-"
84.121.51.163 - - [05/Dec/2019:17:18:27 +0100] "GET /wp-includes/js/jquery/ui/core.min.js?ver=1.11.4 HTTP/1.1" 200 4341 "https://amazingsportwear.com/producto/bolsa-deporte-young/" "Mozilla/5.0 (Windows NT 10.0; Win64; x64) AppleWebKit/537.36 (KHTML, like Gecko) Chrome/78.0.3904.108 Safari/537.36" "-"
84.121.51.163 - - [05/Dec/2019:17:18:27 +0100] "GET /wp-includes/js/jquery/ui/draggable.min.js?ver=1.11.4 HTTP/1.1" 200 19277 "https://amazingsportwear.com/producto/bolsa-deporte-young/" "Mozilla/5.0 (Windows NT 10.0; Win64; x64) AppleWebKit/537.36 (KHTML, like Gecko) Chrome/78.0.3904.108 Safari/537.36" "-"
84.121.51.163 - - [05/Dec/2019:17:18:28 +0100] "GET /wp-includes/js/jquery/ui/button.min.js?ver=1.11.4 HTTP/1.1" 200 7578 "https://amazingsportwear.com/producto/bolsa-deporte-young/" "Mozilla/5.0 (Windows NT 10.0; Win64; x64) AppleWebKit/537.36 (KHTML, like Gecko) Chrome/78.0.3904.108 Safari/537.36" "-"
84.121.51.163 - - [05/Dec/2019:17:18:27 +0100] "GET /wp-includes/js/jquery/ui/resizable.min.js?ver=1.11.4 HTTP/1.1" 200 18798 "https://amazingsportwear.com/producto/bolsa-deporte-young/" "Mozilla/5.0 (Windows NT 10.0; Win64; x64) AppleWebKit/537.36 (KHTML, like Gecko) Chrome/78.0.3904.108 Safari/537.36" "-"
84.121.51.163 - - [05/Dec/2019:17:18:28 +0100] "GET /wp-includes/js/jquery/ui/position.min.js?ver=1.11.4 HTTP/1.1" 200 6869 "https://amazingsportwear.com/producto/bolsa-deporte-young/" "Mozilla/5.0 (Windows NT 10.0; Win64; x64) AppleWebKit/537.36 (KHTML, like Gecko) Chrome/78.0.3904.108 Safari/537.36" "-"
84.121.51.163 - - [05/Dec/2019:17:18:28 +0100] "GET /wp-includes/js/jquery/ui/dialog.min.js?ver=1.11.4 HTTP/1.1" 200 12482 "https://amazingsportwear.com/producto/bolsa-deporte-young/" "Mozilla/5.0 (Windows NT 10.0; Win64; x64) AppleWebKit/537.36 (KHTML, like Gecko) Chrome/78.0.3904.108 Safari/537.36" "-"
84.121.51.163 - - [05/Dec/2019:17:18:28 +0100] "GET /wp-content/plugins/product-enquiry-for-woocommerce/js/wdm_jquery.validate.min.js?ver=5.2.4 HTTP/1.1" 200 21818 "https://amazingsportwear.com/producto/bolsa-deporte-young/" "Mozilla/5.0 (Windows NT 10.0; Win64; x64) AppleWebKit/537.36 (KHTML, like Gecko) Chrome/78.0.3904.108 Safari/537.36" "-"
84.121.51.163 - - [05/Dec/2019:17:18:28 +0100] "GET /wp-content/plugins/product-enquiry-for-woocommerce/js/contact.js?ver=5.2.4 HTTP/1.1" 200 4681 "https://amazingsportwear.com/producto/bolsa-deporte-young/" "Mozilla/5.0 (Windows NT 10.0; Win64; x64) AppleWebKit/537.36 (KHTML, like Gecko) Chrome/78.0.3904.108 Safari/537.36" "-"
84.121.51.163 - - [05/Dec/2019:17:18:28 +0100] "GET /wp-includes/js/wp-emoji-release.min.js?ver=5.2.4 HTTP/1.1" 200 14183 "https://amazingsportwear.com/producto/bolsa-deporte-young/" "Mozilla/5.0 (Windows NT 10.0; Win64; x64) AppleWebKit/537.36 (KHTML, like Gecko) Chrome/78.0.3904.108 Safari/537.36" "-"
84.121.51.163 - - [05/Dec/2019:17:18:28 +0100] "GET /wp-content/uploads/2019/04/zapatillero-young-4-300x300.png HTTP/1.1" 200 34164 "https://amazingsportwear.com/producto/bolsa-deporte-young/" "Mozilla/5.0 (Windows NT 10.0; Win64; x64) AppleWebKit/537.36 (KHTML, like Gecko) Chrome/78.0.3904.108 Safari/537.36" "-"
84.121.51.163 - - [05/Dec/2019:17:18:28 +0100] "GET /wp-content/uploads/2018/05/Pf-10031900-2-261x300.jpg HTTP/1.1" 200 12744 "https://amazingsportwear.com/producto/bolsa-deporte-young/" "Mozilla/5.0 (Windows NT 10.0; Win64; x64) AppleWebKit/537.36 (KHTML, like Gecko) Chrome/78.0.3904.108 Safari/537.36" "-"
84.121.51.163 - - [05/Dec/2019:17:18:29 +0100] "GET /wp-content/uploads/2019/05/asw-white-300x126.png HTTP/1.1" 200 12061 "https://amazingsportwear.com/producto/bolsa-deporte-young/" "Mozilla/5.0 (Windows NT 10.0; Win64; x64) AppleWebKit/537.36 (KHTML, like Gecko) Chrome/78.0.3904.108 Safari/537.36" "-"
84.121.51.163 - - [05/Dec/2019:17:18:29 +0100] "GET /wp-content/uploads/2018/05/cat-4010-04-300x300.jpg HTTP/1.1" 200 28285 "https://amazingsportwear.com/producto/bolsa-deporte-young/" "Mozilla/5.0 (Windows NT 10.0; Win64; x64) AppleWebKit/537.36 (KHTML, like Gecko) Chrome/78.0.3904.108 Safari/537.36" "-"
84.121.51.163 - - [05/Dec/2019:17:18:29 +0100] "GET /wp-content/plugins/product-enquiry-for-woocommerce/img/contact/loading.gif HTTP/1.1" 200 3834 "https://amazingsportwear.com/producto/bolsa-deporte-young/" "Mozilla/5.0 (Windows NT 10.0; Win64; x64) AppleWebKit/537.36 (KHTML, like Gecko) Chrome/78.0.3904.108 Safari/537.36" "-"
84.121.51.163 - - [05/Dec/2019:17:18:29 +0100] "GET /wp-content/plugins/akismet/_inc/form.js?ver=4.1.2 HTTP/1.1" 200 1178 "https://amazingsportwear.com/producto/bolsa-deporte-young/" "Mozilla/5.0 (Windows NT 10.0; Win64; x64) AppleWebKit/537.36 (KHTML, like Gecko) Chrome/78.0.3904.108 Safari/537.36" "-"
84.121.51.163 - - [05/Dec/2019:17:18:29 +0100] "GET /wp-content/plugins/simple-social-icons/symbol-defs.svg HTTP/1.1" 200 19699 "https://amazingsportwear.com/producto/bolsa-deporte-young/" "Mozilla/5.0 (Windows NT 10.0; Win64; x64) AppleWebKit/537.36 (KHTML, like Gecko) Chrome/78.0.3904.108 Safari/537.36" "-"
84.121.51.163 - - [05/Dec/2019:17:18:29 +0100] "GET /wp-content/plugins/wpfront-notification-bar/images/arrow_down.png HTTP/1.1" 200 2562 "https://amazingsportwear.com/wp-content/plugins/wpfront-notification-bar/css/wpfront-notification-bar.css?ver=1.7.1" "Mozilla/5.0 (Windows NT 10.0; Win64; x64) AppleWebKit/537.36 (KHTML, like Gecko) Chrome/78.0.3904.108 Safari/537.36" "-"
84.121.51.163 - - [05/Dec/2019:17:18:29 +0100] "GET /wp-content/uploads/2019/04/bolsa-deporte-young-1-100x100.png HTTP/1.1" 200 11501 "https://amazingsportwear.com/producto/bolsa-deporte-young/" "Mozilla/5.0 (Windows NT 10.0; Win64; x64) AppleWebKit/537.36 (KHTML, like Gecko) Chrome/78.0.3904.108 Safari/537.36" "-"
84.121.51.163 - - [05/Dec/2019:17:18:29 +0100] "GET /wp-content/uploads/2019/04/bolsa-deporte-young-2-100x100.png HTTP/1.1" 200 11478 "https://amazingsportwear.com/producto/bolsa-deporte-young/" "Mozilla/5.0 (Windows NT 10.0; Win64; x64) AppleWebKit/537.36 (KHTML, like Gecko) Chrome/78.0.3904.108 Safari/537.36" "_ga=GA1.2.1368009885.1575562709; _gid=GA1.2.615304321.1575562709; _gat_gtag_UA_91619287_1=1"
84.121.51.163 - - [05/Dec/2019:17:18:28 +0100] "POST /?wc-ajax=get_refreshed_fragments HTTP/1.1" 200 1397 "https://amazingsportwear.com/producto/bolsa-deporte-young/" "Mozilla/5.0 (Windows NT 10.0; Win64; x64) AppleWebKit/537.36 (KHTML, like Gecko) Chrome/78.0.3904.108 Safari/537.36" "-"
84.121.51.163 - - [05/Dec/2019:17:18:29 +0100] "GET /wp-content/uploads/2019/04/bolsa-deporte-young-3-100x100.png HTTP/1.1" 200 10337 "https://amazingsportwear.com/producto/bolsa-deporte-young/" "Mozilla/5.0 (Windows NT 10.0; Win64; x64) AppleWebKit/537.36 (KHTML, like Gecko) Chrome/78.0.3904.108 Safari/537.36" "_ga=GA1.2.1368009885.1575562709; _gid=GA1.2.615304321.1575562709; _gat_gtag_UA_91619287_1=1"
84.121.51.163 - - [05/Dec/2019:17:18:30 +0100] "GET /wp-content/uploads/2019/05/cropped-favicon-nuevo-logo-amazinf-128px-32x32.png HTTP/1.1" 200 1224 "https://amazingsportwear.com/producto/bolsa-deporte-young/" "Mozilla/5.0 (Windows NT 10.0; Win64; x64) AppleWebKit/537.36 (KHTML, like Gecko) Chrome/78.0.3904.108 Safari/537.36" "_ga=GA1.2.1368009885.1575562709; _gid=GA1.2.615304321.1575562709; _gat_gtag_UA_91619287_1=1; wpfront-notification-bar-landingpage=1"
181.231.163.172 - - [05/Dec/2019:17:21:04 +0100] "GET /wp-content/uploads/2019/04/Gorra-sport-10.png HTTP/1.1" 200 60426 "https://www.google.com/" "Mozilla/5.0 (Windows NT 10.0; Win64; x64) AppleWebKit/537.36 (KHTML, like Gecko) Chrome/78.0.3904.108 Safari/537.36" "-"
217.76.130.90 - - [05/Dec/2019:17:21:21 +0100] "POST /wp-cron.php?doing_wp_cron=1575562881.7437729835510253906250 HTTP/1.1" 200 3389 "https://amazingsportwear.com/wp-cron.php?doing_wp_cron=1575562881.7437729835510253906250" "WordPress/5.2.4; https://amazingsportwear.com" "-"
40.77.167.92 - - [05/Dec/2019:17:21:20 +0100] "GET /categoria-producto/deportes/futbol/ HTTP/1.1" 200 66366 "-" "Mozilla/5.0 (compatible; bingbot/2.0; +http://www.bing.com/bingbot.htm)" "-"
157.55.39.117 - - [05/Dec/2019:17:21:48 +0100] "GET /atletismo/21-camiseta-manga-corta-ranglan-atletismo.html HTTP/1.1" 404 68133 "-" "Mozilla/5.0 (iPhone; CPU iPhone OS 7_0 like Mac OS X) AppleWebKit/537.51.1 (KHTML, like Gecko) Version/7.0 Mobile/11A465 Safari/9537.53 (compatible; bingbot/2.0; +http://www.bing.com/bingbot.htm)" "-"
217.76.130.90 - - [05/Dec/2019:17:27:55 +0100] "POST /wp-cron.php?doing_wp_cron=1575563275.7599420547485351562500 HTTP/1.1" 200 3389 "https://amazingsportwear.com/wp-cron.php?doing_wp_cron=1575563275.7599420547485351562500" "WordPress/5.2.4; https://amazingsportwear.com" "-"
17.58.96.177 - - [05/Dec/2019:17:27:53 +0100] "GET /categoria-producto/mujer/pantalones-y-mallas/ HTTP/1.1" 200 72019 "-" "Mozilla/5.0 (Macintosh; Intel Mac OS X 10_10_1) AppleWebKit/600.2.5 (KHTML, like Gecko) Version/8.0.2 Safari/600.2.5 (Applebot/0.1; +http://www.apple.com/go/applebot)" "-"
54.37.22.180 - - [05/Dec/2019:17:33:28 +0100] "GET /wp-content/uploads/2017/04/cat-4718-blanco.jpg HTTP/1.1" 200 21668 "-" "-" "-"
54.37.22.180 - - [05/Dec/2019:17:33:53 +0100] "GET /wp-content/uploads/2017/03/ENY-ARABIA-MUJER-781-300x300.jpg HTTP/1.1" 200 11289 "-" "-" "-"
54.37.22.180 - - [05/Dec/2019:17:34:15 +0100] "GET /wp-content/uploads/2017/04/cat-4718-amarillo.jpg HTTP/1.1" 200 26211 "-" "-" "-"
54.37.22.180 - - [05/Dec/2019:17:34:40 +0100] "GET /wp-content/uploads/2017/04/cat-4718-rosa.jpg HTTP/1.1" 200 41749 "-" "-" "-"
54.37.22.180 - - [05/Dec/2019:17:34:40 +0100] "GET /wp-content/uploads/2017/03/sa-6648_22302-300x300.jpg HTTP/1.1" 200 23720 "-" "-" "-"
54.37.22.180 - - [05/Dec/2019:17:35:03 +0100] "GET /wp-content/uploads/2017/03/nath-beat-mujer-300x300.jpg HTTP/1.1" 200 11129 "-" "-" "-"
54.37.22.180 - - [05/Dec/2019:17:35:25 +0100] "GET /wp-content/uploads/2017/04/cat-4718-mujer.jpg HTTP/1.1" 200 50952 "-" "-" "-"
217.76.130.90 - - [05/Dec/2019:17:36:43 +0100] "POST /wp-cron.php?doing_wp_cron=1575563803.8428630828857421875000 HTTP/1.1" 200 164 "http://amazingsportwear.com/wp-cron.php?doing_wp_cron=1575563803.8428630828857421875000" "WordPress/5.2.4; https://amazingsportwear.com" "-"
104.222.33.254 - - [05/Dec/2019:17:36:43 +0100] "GET / HTTP/1.1" 301 336 "-" "Mozilla/5.0 (Windows NT 6.1; WOW64; rv:27.0) Gecko/20100101 Firefox/27.0" "-"
217.76.130.90 - - [05/Dec/2019:17:38:50 +0100] "POST /wp-cron.php?doing_wp_cron=1575563930.7799980640411376953125 HTTP/1.1" 200 164 "http://amazingsportwear.com/wp-cron.php?doing_wp_cron=1575563930.7799980640411376953125" "WordPress/5.2.4; https://amazingsportwear.com" "-"
40.77.167.228 - - [05/Dec/2019:17:38:49 +0100] "GET /tienda/176-pantalon-mujer-rocky-nath-rocky.html HTTP/1.1" 404 68095 "-" "Mozilla/5.0 (compatible; bingbot/2.0; +http://www.bing.com/bingbot.htm)" "-"
187.189.197.57 - - [05/Dec/2019:17:55:20 +0100] "GET /wp-content/uploads/2019/04/Llavero-metalico-futbol-3.png HTTP/1.1" 200 46821 "https://www.google.com/" "Mozilla/5.0 (Windows NT 10.0; Win64; x64) AppleWebKit/537.36 (KHTML, like Gecko) Chrome/78.0.3904.108 Safari/537.36" "-"
187.189.197.57 - - [05/Dec/2019:17:55:25 +0100] "GET /wp-content/uploads/2019/04/Llavero-metalico-golf-3.png HTTP/1.1" 200 46821 "https://www.google.com/" "Mozilla/5.0 (Windows NT 10.0; Win64; x64) AppleWebKit/537.36 (KHTML, like Gecko) Chrome/78.0.3904.108 Safari/537.36" "-"
40.77.191.20 - - [05/Dec/2019:17:56:35 +0100] "GET /wp-includes/js/wp-emoji-release.min.js?ver=5.2.4 HTTP/1.1" 200 17546 "-" "Mozilla/5.0 (Windows NT 6.1; WOW64) AppleWebKit/534+ (KHTML, like Gecko) BingPreview/1.0b" "-"
40.77.188.0 - - [05/Dec/2019:17:56:37 +0100] "GET /wp-content/plugins/woocommerce/assets/css/blocks/style.css?ver=3.6.4 HTTP/1.1" 200 10060 "-" "Mozilla/5.0 (Windows NT 6.1; WOW64) AppleWebKit/534+ (KHTML, like Gecko) BingPreview/1.0b" "-"
40.77.189.253 - - [05/Dec/2019:17:56:38 +0100] "GET /wp-content/plugins/cookie-law-info/public/css/cookie-law-info-public.css?ver=1.7.6 HTTP/1.1" 200 6598 "-" "Mozilla/5.0 (Windows NT 6.1; WOW64) AppleWebKit/534+ (KHTML, like Gecko) BingPreview/1.0b" "-"
40.77.189.206 - - [05/Dec/2019:17:56:39 +0100] "GET /wp-content/plugins/wpfront-notification-bar/css/wpfront-notification-bar.css?ver=1.7.1 HTTP/1.1" 200 7026 "-" "Mozilla/5.0 (Windows NT 6.1; WOW64) AppleWebKit/534+ (KHTML, like Gecko) BingPreview/1.0b" "-"
40.77.189.125 - - [05/Dec/2019:17:56:41 +0100] "GET /wp-content/themes/shopper/assets/sass/woocommerce/woocommerce.css?ver=5.2.4 HTTP/1.1" 200 86897 "-" "Mozilla/5.0 (Windows NT 6.1; WOW64) AppleWebKit/534+ (KHTML, like Gecko) BingPreview/1.0b" "-"
40.77.190.238 - - [05/Dec/2019:17:56:44 +0100] "GET /wp-includes/js/jquery/jquery-migrate.min.js?ver=1.4.1 HTTP/1.1" 200 13762 "-" "Mozilla/5.0 (Windows NT 6.1; WOW64) AppleWebKit/534+ (KHTML, like Gecko) BingPreview/1.0b" "-"
40.77.190.41 - - [05/Dec/2019:17:56:45 +0100] "GET /wp-content/plugins/cookie-law-info/public/js/cookie-law-info-public.js?ver=1.7.6 HTTP/1.1" 200 20439 "-" "Mozilla/5.0 (Windows NT 6.1; WOW64) AppleWebKit/534+ (KHTML, like Gecko) BingPreview/1.0b" "-"
40.77.190.169 - - [05/Dec/2019:17:56:47 +0100] "GET /wp-content/plugins/wpfront-notification-bar/js/wpfront-notification-bar.js?ver=1.7.1 HTTP/1.1" 200 9025 "-" "Mozilla/5.0 (Windows NT 6.1; WOW64) AppleWebKit/534+ (KHTML, like Gecko) BingPreview/1.0b" "-"
40.77.189.169 - - [05/Dec/2019:17:56:50 +0100] "GET /wp-content/themes/shopper/assets/fonts/fontawesome-webfont.ttf?v=4.7.0 HTTP/1.1" 200 169541 "-" "Mozilla/5.0 (Windows NT 6.1; WOW64) AppleWebKit/534+ (KHTML, like Gecko) BingPreview/1.0b" "-"
40.77.188.12 - - [05/Dec/2019:17:56:51 +0100] "GET /wp-content/themes/shopper/assets/js/crm.js?ver=1561548510 HTTP/1.1" 200 4237 "-" "Mozilla/5.0 (Windows NT 6.1; WOW64) AppleWebKit/534+ (KHTML, like Gecko) BingPreview/1.0b" "-"
40.77.190.40 - - [05/Dec/2019:17:56:53 +0100] "GET /wp-content/themes/shopper/assets/fonts/fontawesome-webfont.svg?v=4.7.0 HTTP/1.1" 200 448868 "-" "Mozilla/5.0 (Windows NT 6.1; WOW64) AppleWebKit/534+ (KHTML, like Gecko) BingPreview/1.0b" "-"
40.77.188.220 - - [05/Dec/2019:17:56:56 +0100] "GET /wp-content/plugins/woocommerce/assets/js/js-cookie/js.cookie.min.js?ver=2.1.4 HTTP/1.1" 200 5550 "-" "Mozilla/5.0 (Windows NT 6.1; WOW64) AppleWebKit/534+ (KHTML, like Gecko) BingPreview/1.0b" "-"
40.77.190.184 - - [05/Dec/2019:17:56:59 +0100] "GET /wp-content/themes/shopper/assets/js/woocommerce/header-cart.min.js?ver=1.3.8 HTTP/1.1" 200 4335 "-" "Mozilla/5.0 (Windows NT 6.1; WOW64) AppleWebKit/534+ (KHTML, like Gecko) BingPreview/1.0b" "-"
187.189.197.57 - - [05/Dec/2019:17:57:20 +0100] "GET /wp-content/uploads/2019/04/Gorra-sport-6.png HTTP/1.1" 200 41398 "https://www.google.com/" "Mozilla/5.0 (Windows NT 10.0; Win64; x64) AppleWebKit/537.36 (KHTML, like Gecko) Chrome/78.0.3904.108 Safari/537.36" "-"
217.76.130.90 - - [05/Dec/2019:18:01:04 +0100] "POST /wp-cron.php?doing_wp_cron=1575565264.0001120567321777343750 HTTP/1.1" 200 164 "http://amazingsportwear.com/wp-cron.php?doing_wp_cron=1575565264.0001120567321777343750" "WordPress/5.2.4; https://amazingsportwear.com" "-"
66.249.66.85 - - [05/Dec/2019:18:01:01 +0100] "GET /tienda/248-mochila-iron-man-eny-ir11.html HTTP/1.1" 404 68083 "-" "Mozilla/5.0 (Linux; Android 6.0.1; Nexus 5X Build/MMB29P) AppleWebKit/537.36 (KHTML, like Gecko) Chrome/41.0.2272.96 Mobile Safari/537.36 (compatible; Googlebot/2.1; +http://www.google.com/bot.html)" "-"
217.76.130.90 - - [05/Dec/2019:18:14:56 +0100] "POST /wp-cron.php?doing_wp_cron=1575566096.8157639503479003906250 HTTP/1.1" 200 164 "http://amazingsportwear.com/wp-cron.php?doing_wp_cron=1575566096.8157639503479003906250" "WordPress/5.2.4; https://amazingsportwear.com" "-"
66.249.66.131 - - [05/Dec/2019:18:14:54 +0100] "GET /robots.txt HTTP/1.1" 200 432 "-" "Mozilla/5.0 (compatible; Googlebot/2.1; +http://www.google.com/bot.html)" "-"
66.249.66.159 - - [05/Dec/2019:18:14:57 +0100] "GET / HTTP/1.1" 301 336 "-" "Mozilla/5.0 (compatible; Googlebot/2.1; +http://www.google.com/bot.html)" "-"
66.249.66.95 - - [05/Dec/2019:18:14:58 +0100] "GET / HTTP/1.1" 200 125818 "-" "Mozilla/5.0 (compatible; Googlebot/2.1; +http://www.google.com/bot.html)" "-"
66.249.66.66 - - [05/Dec/2019:18:15:55 +0100] "GET /wp-content/plugins/elementor/assets/lib/dialog/dialog.min.js?ver=4.7.1 HTTP/1.1" 200 14274 "https://amazingsportwear.com/" "Mozilla/5.0 AppleWebKit/537.36 (KHTML, like Gecko; compatible; Googlebot/2.1; +http://www.google.com/bot.html) Safari/537.36" "wpfront-notification-bar-landingpage=1"
217.76.130.90 - - [05/Dec/2019:18:15:57 +0100] "POST /wp-cron.php?doing_wp_cron=1575566157.7019839286804199218750 HTTP/1.1" 200 3389 "https://amazingsportwear.com/wp-cron.php?doing_wp_cron=1575566157.7019839286804199218750" "WordPress/5.2.4; https://amazingsportwear.com" "-"
66.249.66.66 - - [05/Dec/2019:18:15:56 +0100] "POST /?wc-ajax=get_refreshed_fragments HTTP/1.1" 200 1345 "https://amazingsportwear.com/" "Mozilla/5.0 AppleWebKit/537.36 (KHTML, like Gecko; compatible; Googlebot/2.1; +http://www.google.com/bot.html) Safari/537.36" "wpfront-notification-bar-landingpage=1; _ga=GA1.2.2114912494.1575504000; _gid=GA1.2.931330593.1575504000; _gat_gtag_UA_91619287_1=1"
177.244.99.118 - - [05/Dec/2019:18:21:32 +0100] "GET /wp-content/uploads/2019/04/Gorra-sport-7.png HTTP/1.1" 200 99912 "https://www.google.com/" "Mozilla/5.0 (Windows NT 10.0; Win64; x64) AppleWebKit/537.36 (KHTML, like Gecko) Chrome/78.0.3904.108 Safari/537.36" "-"
40.77.167.228 - - [05/Dec/2019:18:21:53 +0100] "GET /wp-content/uploads/2017/03/aq-reverse-amarillo.jpg HTTP/1.1" 200 198860 "-" "Mozilla/5.0 (compatible; bingbot/2.0; +http://www.bing.com/bingbot.htm)" "-"
217.76.130.90 - - [05/Dec/2019:18:23:18 +0100] "POST /wp-cron.php?doing_wp_cron=1575566598.4468009471893310546875 HTTP/1.1" 200 164 "http://amazingsportwear.com/wp-cron.php?doing_wp_cron=1575566598.4468009471893310546875" "WordPress/5.2.4; https://amazingsportwear.com" "-"
157.55.39.117 - - [05/Dec/2019:18:23:16 +0100] "GET /tienda/179-chubasquero-plegable-nath-storm.html HTTP/1.1" 404 68105 "-" "Mozilla/5.0 (iPhone; CPU iPhone OS 7_0 like Mac OS X) AppleWebKit/537.51.1 (KHTML, like Gecko) Version/7.0 Mobile/11A465 Safari/9537.53 (compatible; bingbot/2.0; +http://www.bing.com/bingbot.htm)" "-"
217.76.130.90 - - [05/Dec/2019:18:32:43 +0100] "POST /wp-cron.php?doing_wp_cron=1575567163.6635849475860595703125 HTTP/1.1" 200 164 "http://amazingsportwear.com/wp-cron.php?doing_wp_cron=1575567163.6635849475860595703125" "WordPress/5.2.4; https://amazingsportwear.com" "-"
199.193.224.198 - - [05/Dec/2019:18:32:42 +0100] "GET /administrator/index.php HTTP/1.1" 301 418 "-" "Mozilla/5.0 (X11; Ubuntu; Linux x86_64; rv:62.0) Gecko/20100101 Firefox/62.0" "-"
199.193.224.198 - - [05/Dec/2019:18:32:44 +0100] "GET /administrator/ HTTP/1.1" 404 68006 "http://amazingsportwear.com:80/administrator/index.php" "Mozilla/5.0 (X11; Ubuntu; Linux x86_64; rv:62.0) Gecko/20100101 Firefox/62.0" "-"
217.76.130.90 - - [05/Dec/2019:18:36:39 +0100] "POST /wp-cron.php?doing_wp_cron=1575567399.4598259925842285156250 HTTP/1.1" 200 3389 "https://amazingsportwear.com/wp-cron.php?doing_wp_cron=1575567399.4598259925842285156250" "WordPress/5.2.4; https://amazingsportwear.com" "-"
69.171.251.59 - - [05/Dec/2019:18:36:38 +0100] "GET / HTTP/1.1" 200 125530 "-" "facebookexternalhit/1.1 (+http://www.facebook.com/externalhit_uatext.php)" "-"
69.171.251.63 - - [05/Dec/2019:18:36:42 +0100] "GET /contacta-con-nosotros HTTP/1.1" 301 319 "-" "facebookexternalhit/1.1 (+http://www.facebook.com/externalhit_uatext.php)" "-"
69.171.251.63 - - [05/Dec/2019:18:36:42 +0100] "GET /contacta-con-nosotros/ HTTP/1.1" 200 58186 "-" "facebookexternalhit/1.1 (+http://www.facebook.com/externalhit_uatext.php)" "-"
190.237.71.170 - - [05/Dec/2019:18:38:58 +0100] "GET /wp-content/uploads/2019/04/Gorra-sport-6.png HTTP/1.1" 200 44623 "https://www.google.com/" "Mozilla/5.0 (Windows NT 6.1) AppleWebKit/537.36 (KHTML, like Gecko) Chrome/77.0.3865.90 Safari/537.36 CCleaner/77.1.1834.93" "-"
217.76.130.90 - - [05/Dec/2019:18:39:40 +0100] "POST /wp-cron.php?doing_wp_cron=1575567580.5446250438690185546875 HTTP/1.1" 200 164 "http://amazingsportwear.com/wp-cron.php?doing_wp_cron=1575567580.5446250438690185546875" "WordPress/5.2.4; https://amazingsportwear.com" "-"
66.249.66.159 - - [05/Dec/2019:18:39:38 +0100] "GET / HTTP/1.1" 301 336 "-" "Mozilla/5.0 (Linux; Android 6.0.1; Nexus 5X Build/MMB29P) AppleWebKit/537.36 (KHTML, like Gecko) Chrome/41.0.2272.96 Mobile Safari/537.36 (compatible; Googlebot/2.1; +http://www.google.com/bot.html)" "-"
66.249.66.70 - - [05/Dec/2019:18:39:42 +0100] "GET / HTTP/1.1" 200 125798 "-" "Mozilla/5.0 (Linux; Android 6.0.1; Nexus 5X Build/MMB29P) AppleWebKit/537.36 (KHTML, like Gecko) Chrome/41.0.2272.96 Mobile Safari/537.36 (compatible; Googlebot/2.1; +http://www.google.com/bot.html)" "-"
66.249.66.68 - - [05/Dec/2019:18:39:44 +0100] "GET / HTTP/1.1" 200 125823 "-" "Mozilla/5.0 (Linux; Android 6.0.1; Nexus 5X Build/MMB29P) AppleWebKit/537.36 (KHTML, like Gecko) Chrome/41.0.2272.96 Mobile Safari/537.36 (compatible; Googlebot/2.1; +http://www.google.com/bot.html)" "-"
66.249.66.68 - - [05/Dec/2019:18:39:48 +0100] "POST /?wc-ajax=get_refreshed_fragments HTTP/1.1" 200 1345 "https://amazingsportwear.com/" "Mozilla/5.0 (Linux; Android 6.0.1; Nexus 5X Build/MMB29P) AppleWebKit/537.36 (KHTML, like Gecko) Chrome/41.0.2272.96 Mobile Safari/537.36 (compatible; Googlebot/2.1; +http://www.google.com/bot.html)" "wpfront-notification-bar-landingpage=1; _ga=GA1.2.1884029788.1575504000; _gid=GA1.2.969013651.1575504000; _gat_gtag_UA_91619287_1=1"
217.76.130.90 - - [05/Dec/2019:18:43:16 +0100] "POST /wp-cron.php?doing_wp_cron=1575567796.3170180320739746093750 HTTP/1.1" 200 3389 "https://amazingsportwear.com/wp-cron.php?doing_wp_cron=1575567796.3170180320739746093750" "WordPress/5.2.4; https://amazingsportwear.com" "-"
95.163.255.89 - - [05/Dec/2019:18:43:15 +0100] "GET /robots.txt HTTP/1.0" 200 3780 "-" "Mozilla/5.0 (compatible; Linux x86_64; Mail.RU_Bot/2.0; +http://go.mail.ru/help/robots)" "-"
95.163.255.86 - - [05/Dec/2019:18:43:20 +0100] "GET /21-tenis-padel HTTP/1.1" 404 72239 "-" "Mozilla/5.0 (compatible; Linux x86_64; Mail.RU_Bot/2.0; +http://go.mail.ru/help/robots)" "-"
217.76.130.90 - - [05/Dec/2019:18:46:15 +0100] "POST /wp-cron.php?doing_wp_cron=1575567975.4128379821777343750000 HTTP/1.1" 200 3389 "https://amazingsportwear.com/wp-cron.php?doing_wp_cron=1575567975.4128379821777343750000" "WordPress/5.2.4; https://amazingsportwear.com" "-"
66.249.66.64 - - [05/Dec/2019:18:46:14 +0100] "GET / HTTP/1.1" 200 125813 "-" "Mozilla/5.0 (Linux; Android 6.0.1; Nexus 5X Build/MMB29P) AppleWebKit/537.36 (KHTML, like Gecko) Chrome/41.0.2272.96 Mobile Safari/537.36 (compatible; Googlebot/2.1; +http://www.google.com/bot.html)" "-"
66.249.66.95 - - [05/Dec/2019:18:46:28 +0100] "GET /wp-content/plugins/elementor/assets/js/frontend-modules.min.js?ver=2.5.16 HTTP/1.1" 200 14849 "https://amazingsportwear.com/" "Mozilla/5.0 (Linux; Android 6.0.1; Nexus 5X Build/MMB29P) AppleWebKit/537.36 (KHTML, like Gecko) Chrome/41.0.2272.96 Mobile Safari/537.36 (compatible; Googlebot/2.1; +http://www.google.com/bot.html)" "wpfront-notification-bar-landingpage=1"
190.178.228.159 - - [05/Dec/2019:18:47:30 +0100] "GET /wp-content/uploads/2019/04/Gorra-sport-6.png HTTP/1.1" 200 44623 "https://www.google.com/" "Mozilla/5.0 (Windows NT 6.1; Win64; x64) AppleWebKit/537.36 (KHTML, like Gecko) Chrome/78.0.3904.97 Safari/537.36 OPR/65.0.3467.48" "-"
190.92.6.98 - - [05/Dec/2019:18:50:54 +0100] "GET /wp-content/uploads/2019/04/Llavero-metalico-golf-3.png HTTP/1.1" 200 46626 "https://www.google.es/" "Mozilla/5.0 (Macintosh; Intel Mac OS X 10_14_6) AppleWebKit/605.1.15 (KHTML, like Gecko) Version/13.0.3 Safari/605.1.15" "-"
186.33.127.170 - - [05/Dec/2019:18:54:03 +0100] "GET /wp-content/uploads/2019/04/Gorra-sport-6.png HTTP/1.1" 200 44623 "https://www.google.com/" "Mozilla/5.0 (Windows NT 10.0; Win64; x64) AppleWebKit/537.36 (KHTML, like Gecko) Chrome/78.0.3904.108 Safari/537.36" "-"
148.0.167.112 - - [05/Dec/2019:18:59:27 +0100] "GET /wp-content/uploads/2019/04/Gorra-sport-10.png HTTP/1.1" 200 60426 "https://www.google.com/" "Mozilla/5.0 (Macintosh; Intel Mac OS X 10_11_6) AppleWebKit/537.36 (KHTML, like Gecko) Chrome/78.0.3904.108 Safari/537.36" "-"
62.83.183.220 - - [05/Dec/2019:19:08:56 +0100] "GET /wp-content/uploads/2019/04/toalla-rikat-4.png HTTP/1.1" 200 114262 "https://www.google.com/" "Mozilla/5.0 (Windows NT 10.0; Win64; x64) AppleWebKit/537.36 (KHTML, like Gecko) Chrome/78.0.3904.108 Safari/537.36" "-"
186.47.188.51 - - [05/Dec/2019:19:15:38 +0100] "GET /wp-content/uploads/2019/04/Gorra-sport-10.png HTTP/1.1" 200 60426 "https://www.google.com/" "Mozilla/5.0 (Windows NT 10.0; Win64; x64) AppleWebKit/537.36 (KHTML, like Gecko) Chrome/78.0.3904.108 Safari/537.36" "-"
66.249.66.66 - - [05/Dec/2019:19:18:19 +0100] "GET /wp-content/themes/shopper/assets/sass/woocommerce/woocommerce.css?ver=5.2.3 HTTP/1.1" 200 86897 "https://amazingsportwear.com/?id_category=16&controller=category" "Mozilla/5.0 (Linux; Android 6.0.1; Nexus 5X Build/MMB29P) AppleWebKit/537.36 (KHTML, like Gecko) Chrome/41.0.2272.96 Mobile Safari/537.36 (compatible; Googlebot/2.1; +http://www.google.com/bot.html)" "-"
66.249.66.68 - - [05/Dec/2019:19:18:20 +0100] "GET /wp-includes/css/dist/block-library/style.min.css?ver=5.2.3 HTTP/1.1" 200 33023 "https://amazingsportwear.com/?id_category=16&controller=category" "Mozilla/5.0 (Linux; Android 6.0.1; Nexus 5X Build/MMB29P) AppleWebKit/537.36 (KHTML, like Gecko) Chrome/41.0.2272.96 Mobile Safari/537.36 (compatible; Googlebot/2.1; +http://www.google.com/bot.html)" "-"
66.249.66.70 - - [05/Dec/2019:19:18:20 +0100] "GET /wp-includes/js/wp-embed.min.js?ver=5.2.3 HTTP/1.1" 200 5107 "https://amazingsportwear.com/?id_category=16&controller=category" "Mozilla/5.0 (Linux; Android 6.0.1; Nexus 5X Build/MMB29P) AppleWebKit/537.36 (KHTML, like Gecko) Chrome/41.0.2272.96 Mobile Safari/537.36 (compatible; Googlebot/2.1; +http://www.google.com/bot.html)" "-"
66.249.66.66 - - [05/Dec/2019:19:18:21 +0100] "GET /wp-includes/js/wp-emoji-release.min.js?ver=5.2.3 HTTP/1.1" 200 14183 "https://amazingsportwear.com/?id_category=16&controller=category" "Mozilla/5.0 (Linux; Android 6.0.1; Nexus 5X Build/MMB29P) AppleWebKit/537.36 (KHTML, like Gecko) Chrome/41.0.2272.96 Mobile Safari/537.36 (compatible; Googlebot/2.1; +http://www.google.com/bot.html)" "-"
217.76.130.90 - - [05/Dec/2019:19:18:24 +0100] "POST /wp-cron.php?doing_wp_cron=1575569904.7616980075836181640625 HTTP/1.1" 200 3389 "https://amazingsportwear.com/wp-cron.php?doing_wp_cron=1575569904.7616980075836181640625" "WordPress/5.2.4; https://amazingsportwear.com" "-"
66.249.66.70 - - [05/Dec/2019:19:18:22 +0100] "POST /?wc-ajax=get_refreshed_fragments HTTP/1.1" 200 1397 "https://amazingsportwear.com/?id_category=16&controller=category" "Mozilla/5.0 (Linux; Android 6.0.1; Nexus 5X Build/MMB29P) AppleWebKit/537.36 (KHTML, like Gecko) Chrome/41.0.2272.96 Mobile Safari/537.36 (compatible; Googlebot/2.1; +http://www.google.com/bot.html)" "_ga=GA1.2.1951319036.1570320000; _gid=GA1.2.1036204339.1570320000; _gat_gtag_UA_91619287_1=1"
217.76.130.90 - - [05/Dec/2019:19:19:42 +0100] "POST /wp-cron.php?doing_wp_cron=1575569982.0874040126800537109375 HTTP/1.1" 200 3389 "https://amazingsportwear.com/wp-cron.php?doing_wp_cron=1575569982.0874040126800537109375" "WordPress/5.2.4; https://amazingsportwear.com" "-"
66.249.66.70 - - [05/Dec/2019:19:19:41 +0100] "GET /producto/gorra-sport/ HTTP/1.1" 200 102656 "-" "Mozilla/5.0 (Linux; Android 6.0.1; Nexus 5X Build/MMB29P) AppleWebKit/537.36 (KHTML, like Gecko) Chrome/41.0.2272.96 Mobile Safari/537.36 (compatible; Googlebot/2.1; +http://www.google.com/bot.html)" "-"
40.77.191.27 - - [05/Dec/2019:19:26:24 +0100] "GET /wp-content/plugins/woocommerce/assets/css/photoswipe/default-skin/default-skin.css?ver=3.6.4 HTTP/1.1" 200 15059 "https://amazingsportwear.com/producto/polo-tecnico-hombre-cif-t611-613-615/" "Mozilla/5.0 (Windows NT 6.1; WOW64) AppleWebKit/534+ (KHTML, like Gecko) BingPreview/1.0b" "-"
40.77.191.27 - - [05/Dec/2019:19:26:25 +0100] "GET /wp-includes/js/jquery/jquery.js HTTP/1.1" 200 97306 "https://amazingsportwear.com/producto/polo-tecnico-hombre-cif-t611-613-615/" "Mozilla/5.0 (Windows NT 6.1; WOW64) AppleWebKit/534+ (KHTML, like Gecko) BingPreview/1.0b" "-"
40.77.191.27 - - [05/Dec/2019:19:26:25 +0100] "GET /wp-content/plugins/woocommerce/assets/js/zoom/jquery.zoom.min.js?ver=1.7.21 HTTP/1.1" 200 2901 "https://amazingsportwear.com/producto/polo-tecnico-hombre-cif-t611-613-615/" "Mozilla/5.0 (Windows NT 6.1; WOW64) AppleWebKit/534+ (KHTML, like Gecko) BingPreview/1.0b" "-"
40.77.191.27 - - [05/Dec/2019:19:26:26 +0100] "GET /wp-content/plugins/woocommerce/assets/js/flexslider/jquery.flexslider.min.js?ver=2.7.2 HTTP/1.1" 200 23176 "https://amazingsportwear.com/producto/polo-tecnico-hombre-cif-t611-613-615/" "Mozilla/5.0 (Windows NT 6.1; WOW64) AppleWebKit/534+ (KHTML, like Gecko) BingPreview/1.0b" "-"
40.77.191.27 - - [05/Dec/2019:19:26:26 +0100] "GET /wp-content/plugins/woocommerce/assets/js/photoswipe/photoswipe.min.js?ver=4.1.1 HTTP/1.1" 200 32220 "https://amazingsportwear.com/producto/polo-tecnico-hombre-cif-t611-613-615/" "Mozilla/5.0 (Windows NT 6.1; WOW64) AppleWebKit/534+ (KHTML, like Gecko) BingPreview/1.0b" "-"
40.77.191.27 - - [05/Dec/2019:19:26:26 +0100] "GET /wp-content/plugins/woocommerce/assets/js/photoswipe/photoswipe-ui-default.min.js?ver=4.1.1 HTTP/1.1" 200 10164 "https://amazingsportwear.com/producto/polo-tecnico-hombre-cif-t611-613-615/" "Mozilla/5.0 (Windows NT 6.1; WOW64) AppleWebKit/534+ (KHTML, like Gecko) BingPreview/1.0b" "-"
40.77.191.27 - - [05/Dec/2019:19:26:27 +0100] "GET /wp-content/plugins/woocommerce/assets/js/frontend/single-product.min.js?ver=3.6.4 HTTP/1.1" 200 6637 "https://amazingsportwear.com/producto/polo-tecnico-hombre-cif-t611-613-615/" "Mozilla/5.0 (Windows NT 6.1; WOW64) AppleWebKit/534+ (KHTML, like Gecko) BingPreview/1.0b" "-"
40.77.191.27 - - [05/Dec/2019:19:26:27 +0100] "GET /wp-includes/js/comment-reply.min.js?ver=5.2.4 HTTP/1.1" 200 2519 "https://amazingsportwear.com/producto/polo-tecnico-hombre-cif-t611-613-615/" "Mozilla/5.0 (Windows NT 6.1; WOW64) AppleWebKit/534+ (KHTML, like Gecko) BingPreview/1.0b" "-"
40.77.191.27 - - [05/Dec/2019:19:26:27 +0100] "GET /wp-includes/js/underscore.min.js?ver=1.8.3 HTTP/1.1" 200 16471 "https://amazingsportwear.com/producto/polo-tecnico-hombre-cif-t611-613-615/" "Mozilla/5.0 (Windows NT 6.1; WOW64) AppleWebKit/534+ (KHTML, like Gecko) BingPreview/1.0b" "-"
40.77.191.27 - - [05/Dec/2019:19:26:27 +0100] "GET /wp-includes/js/wp-util.min.js?ver=5.2.4 HTTP/1.1" 200 1331 "https://amazingsportwear.com/producto/polo-tecnico-hombre-cif-t611-613-615/" "Mozilla/5.0 (Windows NT 6.1; WOW64) AppleWebKit/534+ (KHTML, like Gecko) BingPreview/1.0b" "-"
40.77.191.27 - - [05/Dec/2019:19:26:28 +0100] "GET /wp-content/plugins/woocommerce/assets/js/frontend/add-to-cart-variation.min.js?ver=3.6.4 HTTP/1.1" 200 13569 "https://amazingsportwear.com/producto/polo-tecnico-hombre-cif-t611-613-615/" "Mozilla/5.0 (Windows NT 6.1; WOW64) AppleWebKit/534+ (KHTML, like Gecko) BingPreview/1.0b" "-"
40.77.191.27 - - [05/Dec/2019:19:26:28 +0100] "GET /wp-content/plugins/akismet/_inc/form.js?ver=4.1.2 HTTP/1.1" 200 984 "https://amazingsportwear.com/producto/polo-tecnico-hombre-cif-t611-613-615/" "Mozilla/5.0 (Windows NT 6.1; WOW64) AppleWebKit/534+ (KHTML, like Gecko) BingPreview/1.0b" "-"
40.77.191.27 - - [05/Dec/2019:19:26:28 +0100] "GET /wp-includes/js/jquery/ui/core.min.js?ver=1.11.4 HTTP/1.1" 200 7457 "https://amazingsportwear.com/producto/polo-tecnico-hombre-cif-t611-613-615/" "Mozilla/5.0 (Windows NT 6.1; WOW64) AppleWebKit/534+ (KHTML, like Gecko) BingPreview/1.0b" "-"
40.77.191.27 - - [05/Dec/2019:19:26:29 +0100] "GET /wp-includes/js/jquery/ui/widget.min.js?ver=1.11.4 HTTP/1.1" 200 7194 "https://amazingsportwear.com/producto/polo-tecnico-hombre-cif-t611-613-615/" "Mozilla/5.0 (Windows NT 6.1; WOW64) AppleWebKit/534+ (KHTML, like Gecko) BingPreview/1.0b" "-"
40.77.191.27 - - [05/Dec/2019:19:26:29 +0100] "GET /wp-includes/js/jquery/ui/mouse.min.js?ver=1.11.4 HTTP/1.1" 200 3433 "https://amazingsportwear.com/producto/polo-tecnico-hombre-cif-t611-613-615/" "Mozilla/5.0 (Windows NT 6.1; WOW64) AppleWebKit/534+ (KHTML, like Gecko) BingPreview/1.0b" "-"
40.77.191.27 - - [05/Dec/2019:19:26:29 +0100] "GET /wp-includes/js/jquery/ui/resizable.min.js?ver=1.11.4 HTTP/1.1" 200 18742 "https://amazingsportwear.com/producto/polo-tecnico-hombre-cif-t611-613-615/" "Mozilla/5.0 (Windows NT 6.1; WOW64) AppleWebKit/534+ (KHTML, like Gecko) BingPreview/1.0b" "-"
40.77.191.27 - - [05/Dec/2019:19:26:30 +0100] "GET /wp-includes/js/jquery/ui/button.min.js?ver=1.11.4 HTTP/1.1" 200 7522 "https://amazingsportwear.com/producto/polo-tecnico-hombre-cif-t611-613-615/" "Mozilla/5.0 (Windows NT 6.1; WOW64) AppleWebKit/534+ (KHTML, like Gecko) BingPreview/1.0b" "-"
40.77.191.27 - - [05/Dec/2019:19:26:30 +0100] "GET /wp-includes/js/jquery/ui/dialog.min.js?ver=1.11.4 HTTP/1.1" 200 12426 "https://amazingsportwear.com/producto/polo-tecnico-hombre-cif-t611-613-615/" "Mozilla/5.0 (Windows NT 6.1; WOW64) AppleWebKit/534+ (KHTML, like Gecko) BingPreview/1.0b" "-"
40.77.191.27 - - [05/Dec/2019:19:26:30 +0100] "GET /wp-content/plugins/product-enquiry-for-woocommerce/js/wdm_jquery.validate.min.js?ver=5.2.4 HTTP/1.1" 200 21762 "https://amazingsportwear.com/producto/polo-tecnico-hombre-cif-t611-613-615/" "Mozilla/5.0 (Windows NT 6.1; WOW64) AppleWebKit/534+ (KHTML, like Gecko) BingPreview/1.0b" "-"
217.76.130.90 - - [05/Dec/2019:19:33:37 +0100] "POST /wp-cron.php?doing_wp_cron=1575570817.2445878982543945312500 HTTP/1.1" 200 3389 "https://amazingsportwear.com/wp-cron.php?doing_wp_cron=1575570817.2445878982543945312500" "WordPress/5.2.4; https://amazingsportwear.com" "-"
66.249.66.70 - - [05/Dec/2019:19:33:35 +0100] "POST /?wc-ajax=get_refreshed_fragments HTTP/1.1" 200 4760 "https://amazingsportwear.com/producto/camiseta-basket-sin-costadillos-2/" "Mozilla/5.0 (Linux; Android 6.0.1; Nexus 5X Build/MMB29P) AppleWebKit/537.36 (KHTML, like Gecko) Chrome/41.0.2272.96 Mobile Safari/537.36 (compatible; Googlebot/2.1; +http://www.google.com/bot.html)" "_ga=GA1.2.1884029788.1570233600; _gid=GA1.2.969013651.1570233600; _gat_gtag_UA_91619287_1=1"
177.228.74.133 - - [05/Dec/2019:19:34:25 +0100] "GET /wp-content/uploads/2019/04/Gorra-sport-6.png HTTP/1.1" 200 44623 "https://www.google.com/" "Mozilla/5.0 (Windows NT 10.0; Win64; x64) AppleWebKit/537.36 (KHTML, like Gecko) Chrome/78.0.3904.108 Safari/537.36" "-"
84.45.127.182 - - [05/Dec/2019:19:37:27 +0100] "GET /wp-login.php HTTP/1.1" 404 628 "-" "Mozilla/5.0 (X11; Ubuntu; Linux x86_64; rv:62.0) Gecko/20100101 Firefox/62.0" "-"
217.76.130.90 - - [05/Dec/2019:19:38:06 +0100] "POST /wp-cron.php?doing_wp_cron=1575571086.1475660800933837890625 HTTP/1.1" 200 3389 "https://amazingsportwear.com/wp-cron.php?doing_wp_cron=1575571086.1475660800933837890625" "WordPress/5.2.4; https://amazingsportwear.com" "-"
66.249.66.70 - - [05/Dec/2019:19:38:05 +0100] "GET /categoria-producto/deportes/futbol/ HTTP/1.1" 200 66351 "-" "Mozilla/5.0 (Linux; Android 6.0.1; Nexus 5X Build/MMB29P) AppleWebKit/537.36 (KHTML, like Gecko) Chrome/41.0.2272.96 Mobile Safari/537.36 (compatible; Googlebot/2.1; +http://www.google.com/bot.html)" "-"
217.76.130.90 - - [05/Dec/2019:19:54:42 +0100] "POST /wp-cron.php?doing_wp_cron=1575572082.4789710044860839843750 HTTP/1.1" 200 3389 "https://amazingsportwear.com/wp-cron.php?doing_wp_cron=1575572082.4789710044860839843750" "WordPress/5.2.4; https://amazingsportwear.com" "-"
66.249.66.70 - - [05/Dec/2019:19:54:40 +0100] "GET /producto/lavero-triumph/ HTTP/1.1" 200 94440 "-" "Mozilla/5.0 (Linux; Android 6.0.1; Nexus 5X Build/MMB29P) AppleWebKit/537.36 (KHTML, like Gecko) Chrome/41.0.2272.96 Mobile Safari/537.36 (compatible; Googlebot/2.1; +http://www.google.com/bot.html)" "-"
217.76.130.90 - - [05/Dec/2019:19:57:13 +0100] "POST /wp-cron.php?doing_wp_cron=1575572232.9722590446472167968750 HTTP/1.1" 200 3389 "https://amazingsportwear.com/wp-cron.php?doing_wp_cron=1575572232.9722590446472167968750" "WordPress/5.2.4; https://amazingsportwear.com" "-"
66.249.66.70 - - [05/Dec/2019:19:57:12 +0100] "GET /producto/gorra-sport/ HTTP/1.1" 200 102409 "-" "Mozilla/5.0 (compatible; Googlebot/2.1; +http://www.google.com/bot.html)" "-"
190.205.227.217 - - [05/Dec/2019:19:57:24 +0100] "GET /wp-content/uploads/2017/04/chaleco-sublimado-pecho.png HTTP/1.1" 200 60440 "https://www.google.com/" "Mozilla/5.0 (Windows NT 6.1) AppleWebKit/537.36 (KHTML, like Gecko) Chrome/78.0.3904.108 Safari/537.36" "-"
217.76.130.90 - - [05/Dec/2019:20:01:12 +0100] "POST /wp-cron.php?doing_wp_cron=1575572472.4322249889373779296875 HTTP/1.1" 200 164 "http://amazingsportwear.com/wp-cron.php?doing_wp_cron=1575572472.4322249889373779296875" "WordPress/5.2.4; https://amazingsportwear.com" "-"
106.120.173.81 - - [05/Dec/2019:20:01:10 +0100] "GET /robots.txt HTTP/1.1" 200 394 "-" "Sogou web spider/4.0(+http://www.sogou.com/docs/help/webmasters.htm#07)" "-"
106.120.173.81 - - [05/Dec/2019:20:01:29 +0100] "GET / HTTP/1.1" 301 298 "-" "Sogou web spider/4.0(+http://www.sogou.com/docs/help/webmasters.htm#07)" "-"
190.87.160.103 - - [05/Dec/2019:20:01:36 +0100] "GET /wp-content/uploads/2019/04/gorra-krox-1.png HTTP/1.1" 200 109889 "https://www.google.com/" "Mozilla/5.0 (Windows NT 10.0; Win64; x64) AppleWebKit/537.36 (KHTML, like Gecko) Chrome/78.0.3904.108 Safari/537.36" "-"
106.120.173.81 - - [05/Dec/2019:20:01:53 +0100] "GET / HTTP/1.1" 200 125663 "-" "Sogou web spider/4.0(+http://www.sogou.com/docs/help/webmasters.htm#07)" "wpfront-notification-bar-landingpage=1;"
217.76.130.90 - - [05/Dec/2019:20:08:27 +0100] "POST /wp-cron.php?doing_wp_cron=1575572907.1487910747528076171875 HTTP/1.1" 200 164 "http://amazingsportwear.com/wp-cron.php?doing_wp_cron=1575572907.1487910747528076171875" "WordPress/5.2.4; https://amazingsportwear.com" "-"
66.249.66.86 - - [05/Dec/2019:20:08:24 +0100] "GET / HTTP/1.1" 301 336 "-" "Mozilla/5.0 (Linux; Android 6.0.1; Nexus 5X Build/MMB29P) AppleWebKit/537.36 (KHTML, like Gecko) Chrome/41.0.2272.96 Mobile Safari/537.36 (compatible; Googlebot/2.1; +http://www.google.com/bot.html)" "-"
66.249.66.68 - - [05/Dec/2019:20:08:29 +0100] "GET / HTTP/1.1" 200 125771 "-" "Mozilla/5.0 (Linux; Android 6.0.1; Nexus 5X Build/MMB29P) AppleWebKit/537.36 (KHTML, like Gecko) Chrome/41.0.2272.96 Mobile Safari/537.36 (compatible; Googlebot/2.1; +http://www.google.com/bot.html)" "wpfront-notification-bar-landingpage=1"
191.88.248.94 - - [05/Dec/2019:20:21:20 +0100] "GET /wp-content/uploads/2019/04/Gorra-sport-6.png HTTP/1.1" 200 44623 "https://www.google.com/" "Mozilla/5.0 (Windows NT 10.0; Win64; x64) AppleWebKit/537.36 (KHTML, like Gecko) Chrome/73.0.3683.103 Safari/537.36" "-"
217.76.130.90 - - [05/Dec/2019:20:32:01 +0100] "POST /wp-cron.php?doing_wp_cron=1575574321.5250310897827148437500 HTTP/1.1" 200 3389 "https://amazingsportwear.com/wp-cron.php?doing_wp_cron=1575574321.5250310897827148437500" "WordPress/5.2.4; https://amazingsportwear.com" "-"
