95.24.22.178 - - [20/Nov/2019:06:56:02 +0100] "GET /wp-includes/js/jquery/jquery.js?ver=1.12.4-wp HTTP/1.1" 200 97796 "https://amazingsportwear.com/" "Mozilla/5.0 (compatible; MSIE 10.0; Windows NT 6.1; WOW64; Trident/6.0; Touch; MASMJS)" "wpfront-notification-bar-landingpage=1"
95.24.22.178 - - [20/Nov/2019:06:56:02 +0100] "GET /wp-content/plugins/elementor/assets/css/frontend.min.css?ver=2.5.16 HTTP/1.1" 200 95812 "https://amazingsportwear.com/" "Mozilla/5.0 (compatible; MSIE 10.0; Windows NT 6.1; WOW64; Trident/6.0; Touch; MASMJS)" "wpfront-notification-bar-landingpage=1"
95.24.22.178 - - [20/Nov/2019:06:56:02 +0100] "GET /wp-content/themes/shopper/assets/sass/woocommerce/woocommerce.css?ver=5.2.4 HTTP/1.1" 200 83972 "https://amazingsportwear.com/" "Mozilla/5.0 (compatible; MSIE 10.0; Windows NT 6.1; WOW64; Trident/6.0; Touch; MASMJS)" "wpfront-notification-bar-landingpage=1"
95.24.22.178 - - [20/Nov/2019:06:56:26 +0100] "GET /wp-content/plugins/smart-slider-3/nextend/media/dist/n2.min.js?1559118093 HTTP/1.1" 200 4075 "https://amazingsportwear.com/" "Mozilla/5.0 (compatible; MSIE 10.0; Windows NT 6.1; WOW64; Trident/6.0; Touch; MASMJS)" "wpfront-notification-bar-landingpage=1"
95.24.22.178 - - [20/Nov/2019:06:56:26 +0100] "GET /wp-includes/js/wp-emoji-release.min.js?ver=5.2.4 HTTP/1.1" 200 14427 "https://amazingsportwear.com/" "Mozilla/5.0 (compatible; MSIE 10.0; Windows NT 6.1; WOW64; Trident/6.0; Touch; MASMJS)" "wpfront-notification-bar-landingpage=1"
95.24.22.178 - - [20/Nov/2019:06:56:26 +0100] "GET /wp-content/plugins/smart-slider-3/library/media/plugins/type/simple/simple/dist/smartslider-simple-type-frontend.min.js?1559118093 HTTP/1.1" 200 19248 "https://amazingsportwear.com/" "Mozilla/5.0 (compatible; MSIE 10.0; Windows NT 6.1; WOW64; Trident/6.0; Touch; MASMJS)" "wpfront-notification-bar-landingpage=1"
95.24.22.178 - - [20/Nov/2019:06:56:26 +0100] "GET /wp-content/plugins/smart-slider-3/nextend/media/dist/nextend-frontend.min.js?1559118093 HTTP/1.1" 200 86772 "https://amazingsportwear.com/" "Mozilla/5.0 (compatible; MSIE 10.0; Windows NT 6.1; WOW64; Trident/6.0; Touch; MASMJS)" "wpfront-notification-bar-landingpage=1"
95.24.22.178 - - [20/Nov/2019:06:56:27 +0100] "GET /wp-content/plugins/smart-slider-3/library/media/dist/smartslider-frontend.min.js?1559118093 HTTP/1.1" 200 127822 "https://amazingsportwear.com/" "Mozilla/5.0 (compatible; MSIE 10.0; Windows NT 6.1; WOW64; Trident/6.0; Touch; MASMJS)" "wpfront-notification-bar-landingpage=1"
95.24.22.178 - - [20/Nov/2019:06:56:29 +0100] "GET /wp-content/themes/shopper/assets/js/shopper.min.js?ver=1.3.8 HTTP/1.1" 200 6235 "https://amazingsportwear.com/" "Mozilla/5.0 (compatible; MSIE 10.0; Windows NT 6.1; WOW64; Trident/6.0; Touch; MASMJS)" "wpfront-notification-bar-landingpage=1"
95.24.22.178 - - [20/Nov/2019:06:56:29 +0100] "GET /wp-content/themes/shopper/assets/js/skip-link-focus-fix.js?ver=1.3.8 HTTP/1.1" 200 1259 "https://amazingsportwear.com/" "Mozilla/5.0 (compatible; MSIE 10.0; Windows NT 6.1; WOW64; Trident/6.0; Touch; MASMJS)" "wpfront-notification-bar-landingpage=1"
95.24.22.178 - - [20/Nov/2019:06:56:29 +0100] "GET /wp-content/plugins/elementor/assets/lib/dialog/dialog.min.js?ver=4.7.1 HTTP/1.1" 200 11147 "https://amazingsportwear.com/" "Mozilla/5.0 (compatible; MSIE 10.0; Windows NT 6.1; WOW64; Trident/6.0; Touch; MASMJS)" "wpfront-notification-bar-landingpage=1"
95.24.22.178 - - [20/Nov/2019:06:56:29 +0100] "GET /wp-content/plugins/elementor/assets/js/frontend-modules.min.js?ver=2.5.16 HTTP/1.1" 200 11723 "https://amazingsportwear.com/" "Mozilla/5.0 (compatible; MSIE 10.0; Windows NT 6.1; WOW64; Trident/6.0; Touch; MASMJS)" "wpfront-notification-bar-landingpage=1"
95.24.22.178 - - [20/Nov/2019:06:56:29 +0100] "GET /wp-includes/js/jquery/ui/position.min.js?ver=1.11.4 HTTP/1.1" 200 7099 "https://amazingsportwear.com/" "Mozilla/5.0 (compatible; MSIE 10.0; Windows NT 6.1; WOW64; Trident/6.0; Touch; MASMJS)" "wpfront-notification-bar-landingpage=1"
95.24.22.178 - - [20/Nov/2019:06:56:29 +0100] "GET /wp-content/plugins/woocommerce/assets/js/jquery-blockui/jquery.blockUI.min.js?ver=2.70 HTTP/1.1" 200 10139 "https://amazingsportwear.com/" "Mozilla/5.0 (compatible; MSIE 10.0; Windows NT 6.1; WOW64; Trident/6.0; Touch; MASMJS)" "wpfront-notification-bar-landingpage=1"
95.24.22.178 - - [20/Nov/2019:06:56:29 +0100] "GET /wp-content/plugins/woocommerce/assets/js/frontend/add-to-cart.min.js?ver=3.6.4 HTTP/1.1" 200 3227 "https://amazingsportwear.com/" "Mozilla/5.0 (compatible; MSIE 10.0; Windows NT 6.1; WOW64; Trident/6.0; Touch; MASMJS)" "wpfront-notification-bar-landingpage=1"
95.24.22.178 - - [20/Nov/2019:06:56:29 +0100] "GET /wp-content/plugins/woocommerce/assets/js/frontend/woocommerce.min.js?ver=3.6.4 HTTP/1.1" 200 2059 "https://amazingsportwear.com/" "Mozilla/5.0 (compatible; MSIE 10.0; Windows NT 6.1; WOW64; Trident/6.0; Touch; MASMJS)" "wpfront-notification-bar-landingpage=1"
95.24.22.178 - - [20/Nov/2019:06:56:29 +0100] "GET /wp-content/plugins/woocommerce/assets/js/frontend/cart-fragments.min.js?ver=3.6.4 HTTP/1.1" 200 3515 "https://amazingsportwear.com/" "Mozilla/5.0 (compatible; MSIE 10.0; Windows NT 6.1; WOW64; Trident/6.0; Touch; MASMJS)" "wpfront-notification-bar-landingpage=1"
95.24.22.178 - - [20/Nov/2019:06:56:29 +0100] "GET /wp-content/plugins/woocommerce/assets/js/js-cookie/js.cookie.min.js?ver=2.1.4 HTTP/1.1" 200 2427 "https://amazingsportwear.com/" "Mozilla/5.0 (compatible; MSIE 10.0; Windows NT 6.1; WOW64; Trident/6.0; Touch; MASMJS)" "wpfront-notification-bar-landingpage=1"
95.24.22.178 - - [20/Nov/2019:06:56:29 +0100] "GET /wp-content/themes/shopper/assets/fonts/fontawesome-webfont.eot?v=4.7.0 HTTP/1.1" 200 82799 "https://amazingsportwear.com/" "Mozilla/5.0 (compatible; MSIE 10.0; Windows NT 6.1; WOW64; Trident/6.0; Touch; MASMJS)" "wpfront-notification-bar-landingpage=1"
95.24.22.178 - - [20/Nov/2019:06:56:32 +0100] "GET /wp-content/plugins/elementor/assets/lib/font-awesome/fonts/fontawesome-webfont.eot?v=4.7.0 HTTP/1.1" 200 82799 "https://amazingsportwear.com/" "Mozilla/5.0 (compatible; MSIE 10.0; Windows NT 6.1; WOW64; Trident/6.0; Touch; MASMJS)" "wpfront-notification-bar-landingpage=1"
95.24.22.178 - - [20/Nov/2019:06:56:53 +0100] "GET /wp-content/plugins/elementor/assets/js/frontend.min.js?ver=2.5.16 HTTP/1.1" 200 41653 "https://amazingsportwear.com/" "Mozilla/5.0 (compatible; MSIE 10.0; Windows NT 6.1; WOW64; Trident/6.0; Touch; MASMJS)" "wpfront-notification-bar-landingpage=1"
95.24.22.178 - - [20/Nov/2019:06:56:53 +0100] "GET /wp-content/plugins/elementor/assets/lib/waypoints/waypoints.min.js?ver=4.0.2 HTTP/1.1" 200 12779 "https://amazingsportwear.com/" "Mozilla/5.0 (compatible; MSIE 10.0; Windows NT 6.1; WOW64; Trident/6.0; Touch; MASMJS)" "wpfront-notification-bar-landingpage=1"
95.24.22.178 - - [20/Nov/2019:06:56:53 +0100] "GET /wp-includes/js/jquery/ui/core.min.js?ver=1.11.4 HTTP/1.1" 200 4587 "https://amazingsportwear.com/" "Mozilla/5.0 (compatible; MSIE 10.0; Windows NT 6.1; WOW64; Trident/6.0; Touch; MASMJS)" "wpfront-notification-bar-landingpage=1"
95.24.22.178 - - [20/Nov/2019:06:56:53 +0100] "GET /wp-content/plugins/elementor/assets/lib/slick/slick.min.js?ver=1.8.1 HTTP/1.1" 200 43573 "https://amazingsportwear.com/" "Mozilla/5.0 (compatible; MSIE 10.0; Windows NT 6.1; WOW64; Trident/6.0; Touch; MASMJS)" "wpfront-notification-bar-landingpage=1"
95.24.22.178 - - [20/Nov/2019:06:56:53 +0100] "GET /wp-includes/js/wp-embed.min.js?ver=5.2.4 HTTP/1.1" 200 1979 "https://amazingsportwear.com/" "Mozilla/5.0 (compatible; MSIE 10.0; Windows NT 6.1; WOW64; Trident/6.0; Touch; MASMJS)" "wpfront-notification-bar-landingpage=1"
95.24.22.178 - - [20/Nov/2019:06:56:53 +0100] "GET /wp-content/themes/shopper/assets/js/woocommerce/header-cart.min.js?ver=1.3.8 HTTP/1.1" 200 1211 "https://amazingsportwear.com/" "Mozilla/5.0 (compatible; MSIE 10.0; Windows NT 6.1; WOW64; Trident/6.0; Touch; MASMJS)" "wpfront-notification-bar-landingpage=1"
95.24.22.178 - - [20/Nov/2019:06:56:53 +0100] "GET /wp-content/plugins/si-contact-form/includes/fscf-scripts.js?ver=179 HTTP/1.1" 200 1275 "https://amazingsportwear.com/" "Mozilla/5.0 (compatible; MSIE 10.0; Windows NT 6.1; WOW64; Trident/6.0; Touch; MASMJS)" "wpfront-notification-bar-landingpage=1"
95.24.22.178 - - [20/Nov/2019:06:56:53 +0100] "GET /wp-content/themes/shopper/assets/js/crm.js?ver=1561548510 HTTP/1.1" 200 1115 "https://amazingsportwear.com/" "Mozilla/5.0 (compatible; MSIE 10.0; Windows NT 6.1; WOW64; Trident/6.0; Touch; MASMJS)" "wpfront-notification-bar-landingpage=1"
95.24.22.178 - - [20/Nov/2019:06:56:53 +0100] "GET /wp-content/plugins/elementor/assets/lib/swiper/swiper.min.js?ver=4.4.6 HTTP/1.1" 200 126654 "https://amazingsportwear.com/" "Mozilla/5.0 (compatible; MSIE 10.0; Windows NT 6.1; WOW64; Trident/6.0; Touch; MASMJS)" "wpfront-notification-bar-landingpage=1"
186.156.247.198 - - [20/Nov/2019:07:00:12 +0100] "GET /wp-content/uploads/2019/04/gorra-konlun-5.png HTTP/1.1" 200 82923 "https://www.google.com/" "Mozilla/5.0 (Macintosh; Intel Mac OS X 10_12_6) AppleWebKit/537.36 (KHTML, like Gecko) Chrome/78.0.3904.97 Safari/537.36" "-"
217.76.130.90 - - [20/Nov/2019:07:01:16 +0100] "POST /wp-cron.php?doing_wp_cron=1574229676.4930660724639892578125 HTTP/1.1" 200 3389 "https://amazingsportwear.com/wp-cron.php?doing_wp_cron=1574229676.4930660724639892578125" "WordPress/5.2.4; https://amazingsportwear.com" "-"
52.247.7.166 - - [20/Nov/2019:07:01:15 +0100] "GET /tienda/ HTTP/1.1" 200 75013 "-" "Mozilla/5.0 (compatible; bingbot/2.0; +http://www.bing.com/bingbot.htm)" "-"
139.59.17.209 - - [20/Nov/2019:07:07:03 +0100] "GET /wp-login.php HTTP/1.1" 404 628 "-" "Mozilla/5.0 (X11; Ubuntu; Linux x86_64; rv:62.0) Gecko/20100101 Firefox/62.0" "-"
217.76.130.90 - - [20/Nov/2019:07:16:33 +0100] "POST /wp-cron.php?doing_wp_cron=1574230592.8885040283203125000000 HTTP/1.1" 200 3389 "https://amazingsportwear.com/wp-cron.php?doing_wp_cron=1574230592.8885040283203125000000" "WordPress/5.2.4; https://amazingsportwear.com" "-"
66.249.66.70 - - [20/Nov/2019:07:16:31 +0100] "GET /producto/polo-tecnico-montmelo-sa-0421/ HTTP/1.1" 200 106733 "-" "Mozilla/5.0 (compatible; Googlebot/2.1; +http://www.google.com/bot.html)" "-"
66.249.66.66 - - [20/Nov/2019:07:16:39 +0100] "POST /?wc-ajax=get_refreshed_fragments HTTP/1.1" 200 4760 "https://amazingsportwear.com/producto/polo-tecnico-montmelo-sa-0421/" "Mozilla/5.0 AppleWebKit/537.36 (KHTML, like Gecko; compatible; Googlebot/2.1; +http://www.google.com/bot.html) Safari/537.36" "_ga=GA1.2.931330593.1574208000; _gid=GA1.2.2074753562.1574208000; _gat_gtag_UA_91619287_1=1"
217.76.130.90 - - [20/Nov/2019:07:17:20 +0100] "POST /wp-cron.php?doing_wp_cron=1574230640.1782619953155517578125 HTTP/1.1" 200 164 "http://amazingsportwear.com/wp-cron.php?doing_wp_cron=1574230640.1782619953155517578125" "WordPress/5.2.4; https://amazingsportwear.com" "-"
185.93.3.112 - - [20/Nov/2019:07:17:19 +0100] "GET / HTTP/1.0" 301 265 "http://amazingsportwear.com/" "Mozilla/5.0 (Windows NT 6.1; Win64; x64) AppleWebKit/537.36 (KHTML, like Gecko) Chrome/67.0.3396.87 Safari/537.36" "-"
185.93.3.112 - - [20/Nov/2019:07:17:20 +0100] "GET / HTTP/1.0" 200 124641 "https://amazingsportwear.com/" "Mozilla/5.0 (Windows NT 6.1; Win64; x64) AppleWebKit/537.36 (KHTML, like Gecko) Chrome/67.0.3396.87 Safari/537.36" "wpfront-notification-bar-landingpage=1"
185.93.3.112 - - [20/Nov/2019:07:17:22 +0100] "POST / HTTP/1.0" 200 125118 "https://amazingsportwear.com/" "Mozilla/5.0 (Windows NT 6.1; Win64; x64) AppleWebKit/537.36 (KHTML, like Gecko) Chrome/67.0.3396.87 Safari/537.36" "wpfront-notification-bar-landingpage=1"
217.76.130.90 - - [20/Nov/2019:07:19:48 +0100] "POST /wp-cron.php?doing_wp_cron=1574230788.4267880916595458984375 HTTP/1.1" 200 164 "http://amazingsportwear.com/wp-cron.php?doing_wp_cron=1574230788.4267880916595458984375" "WordPress/5.2.4; https://amazingsportwear.com" "-"
128.14.133.58 - - [20/Nov/2019:07:19:47 +0100] "GET / HTTP/1.1" 301 279 "-" "Mozilla/5.0 (Windows NT 10.0; Win64; x64) AppleWebKit/537.36 (KHTML, like Gecko) Chrome/60.0.3112.113 Safari/537.36" "-"
128.14.133.58 - - [20/Nov/2019:07:19:49 +0100] "GET / HTTP/1.1" 200 125545 "http://amazingsportwear.com/" "Mozilla/5.0 (Windows NT 10.0; Win64; x64) AppleWebKit/537.36 (KHTML, like Gecko) Chrome/60.0.3112.113 Safari/537.36" "-"
217.76.130.90 - - [20/Nov/2019:07:38:57 +0100] "POST /wp-cron.php?doing_wp_cron=1574231937.7081189155578613281250 HTTP/1.1" 200 164 "http://amazingsportwear.com/wp-cron.php?doing_wp_cron=1574231937.7081189155578613281250" "WordPress/5.2.4; https://amazingsportwear.com" "-"
157.55.39.74 - - [20/Nov/2019:07:38:55 +0100] "GET /img/cms/jorge_miguel.jpg HTTP/1.1" 404 68035 "-" "Mozilla/5.0 (compatible; bingbot/2.0; +http://www.bing.com/bingbot.htm)" "-"
217.76.130.90 - - [20/Nov/2019:07:58:00 +0100] "POST /wp-cron.php?doing_wp_cron=1574233080.4915800094604492187500 HTTP/1.1" 200 3389 "https://amazingsportwear.com/wp-cron.php?doing_wp_cron=1574233080.4915800094604492187500" "WordPress/5.2.4; https://amazingsportwear.com" "-"
157.55.39.74 - - [20/Nov/2019:07:57:58 +0100] "GET /producto/camiseta-tecnica-power-aq-power/ HTTP/1.1" 200 103613 "-" "Mozilla/5.0 (compatible; bingbot/2.0; +http://www.bing.com/bingbot.htm)" "-"
217.76.130.90 - - [20/Nov/2019:08:11:38 +0100] "POST /wp-cron.php?doing_wp_cron=1574233897.9690868854522705078125 HTTP/1.1" 200 3389 "https://amazingsportwear.com/wp-cron.php?doing_wp_cron=1574233897.9690868854522705078125" "WordPress/5.2.4; https://amazingsportwear.com" "-"
54.36.148.237 - - [20/Nov/2019:08:11:37 +0100] "GET /robots.txt HTTP/1.1" 200 3692 "-" "Mozilla/5.0 (compatible; AhrefsBot/6.1; +http://ahrefs.com/robot/)" "-"
54.36.150.170 - - [20/Nov/2019:08:11:38 +0100] "GET / HTTP/1.1" 301 3504 "-" "Mozilla/5.0 (compatible; AhrefsBot/6.1; +http://ahrefs.com/robot/)" "-"
217.76.130.90 - - [20/Nov/2019:08:31:28 +0100] "POST /wp-cron.php?doing_wp_cron=1574235088.4158439636230468750000 HTTP/1.1" 200 3389 "https://amazingsportwear.com/wp-cron.php?doing_wp_cron=1574235088.4158439636230468750000" "WordPress/5.2.4; https://amazingsportwear.com" "-"
17.58.96.188 - - [20/Nov/2019:08:31:27 +0100] "GET /categoria-producto/hombre/camisetas/ HTTP/1.1" 200 77076 "-" "Mozilla/5.0 (Macintosh; Intel Mac OS X 10_10_1) AppleWebKit/600.2.5 (KHTML, like Gecko) Version/8.0.2 Safari/600.2.5 (Applebot/0.1; +http://www.apple.com/go/applebot)" "-"
47.60.52.170 - - [20/Nov/2019:08:37:41 +0100] "GET /wp-content/uploads/2018/05/cat-8016-06.jpg HTTP/1.1" 200 55782 "https://www.google.es/" "Mozilla/5.0 (Linux; Android 9; CLT-L09) AppleWebKit/537.36 (KHTML, like Gecko) Chrome/78.0.3904.96 Mobile Safari/537.36" "-"
217.76.130.90 - - [20/Nov/2019:08:38:30 +0100] "POST /wp-cron.php?doing_wp_cron=1574235510.3040239810943603515625 HTTP/1.1" 200 3389 "https://amazingsportwear.com/wp-cron.php?doing_wp_cron=1574235510.3040239810943603515625" "WordPress/5.2.4; https://amazingsportwear.com" "-"
31.13.103.8 - - [20/Nov/2019:08:38:29 +0100] "GET / HTTP/1.1" 200 125545 "-" "facebookexternalhit/1.1 (+http://www.facebook.com/externalhit_uatext.php)" "-"
31.13.103.11 - - [20/Nov/2019:08:38:33 +0100] "GET /contacta-con-nosotros HTTP/1.1" 301 319 "-" "facebookexternalhit/1.1 (+http://www.facebook.com/externalhit_uatext.php)" "-"
31.13.103.11 - - [20/Nov/2019:08:38:34 +0100] "GET /contacta-con-nosotros/ HTTP/1.1" 200 58167 "-" "facebookexternalhit/1.1 (+http://www.facebook.com/externalhit_uatext.php)" "-"
217.76.130.90 - - [20/Nov/2019:08:46:33 +0100] "POST /wp-cron.php?doing_wp_cron=1574235992.3232319355010986328125 HTTP/1.1" 200 164 "http://amazingsportwear.com/wp-cron.php?doing_wp_cron=1574235992.3232319355010986328125" "WordPress/5.2.4; https://amazingsportwear.com" "-"
157.55.39.32 - - [20/Nov/2019:08:46:31 +0100] "GET /robots.txt HTTP/1.1" 200 432 "-" "Mozilla/5.0 (compatible; bingbot/2.0; +http://www.bing.com/bingbot.htm)" "-"
217.76.130.90 - - [20/Nov/2019:08:52:55 +0100] "POST /wp-cron.php?doing_wp_cron=1574236375.1052289009094238281250 HTTP/1.1" 200 164 "http://amazingsportwear.com/wp-cron.php?doing_wp_cron=1574236375.1052289009094238281250" "WordPress/5.2.4; https://amazingsportwear.com" "-"
157.55.39.74 - - [20/Nov/2019:08:52:54 +0100] "GET /atletismo/181-chaleco-cortavientos-sublimado-asw.html HTTP/1.1" 404 68117 "-" "Mozilla/5.0 (iPhone; CPU iPhone OS 7_0 like Mac OS X) AppleWebKit/537.51.1 (KHTML, like Gecko) Version/7.0 Mobile/11A465 Safari/9537.53 (compatible; bingbot/2.0; +http://www.bing.com/bingbot.htm)" "-"
201.171.164.119 - - [20/Nov/2019:08:58:05 +0100] "GET /wp-content/uploads/2019/04/Gorra-sport-10.png HTTP/1.1" 200 60426 "https://www.google.com/" "Mozilla/5.0 (Windows NT 6.1; Win64; x64) AppleWebKit/537.36 (KHTML, like Gecko) Chrome/78.0.3904.108 Safari/537.36" "-"
170.79.181.95 - - [20/Nov/2019:09:01:23 +0100] "GET /wp-content/uploads/2019/04/gorra-five-3.png HTTP/1.1" 200 84607 "https://www.google.com/" "Mozilla/5.0 (Windows NT 10.0; Win64; x64) AppleWebKit/537.36 (KHTML, like Gecko) Chrome/78.0.3904.97 Safari/537.36" "-"
85.192.80.97 - - [20/Nov/2019:09:37:21 +0100] "GET /wp-content/uploads/2019/04/Gorra-sport-6.png HTTP/1.1" 200 44428 "https://www.google.es/" "Mozilla/5.0 (Macintosh; Intel Mac OS X 10_15) AppleWebKit/605.1.15 (KHTML, like Gecko) Version/13.0.2 Safari/605.1.15" "-"
217.76.130.90 - - [20/Nov/2019:09:48:07 +0100] "POST /wp-cron.php?doing_wp_cron=1574239687.5326130390167236328125 HTTP/1.1" 200 164 "http://amazingsportwear.com/wp-cron.php?doing_wp_cron=1574239687.5326130390167236328125" "WordPress/5.2.4; https://amazingsportwear.com" "-"
104.222.33.183 - - [20/Nov/2019:09:48:01 +0100] "GET / HTTP/1.1" 301 336 "-" "Mozilla/5.0 (Windows NT 6.1; WOW64; rv:27.0) Gecko/20100101 Firefox/27.0" "-"
217.76.130.90 - - [20/Nov/2019:09:48:17 +0100] "POST /wp-admin/admin-ajax.php?action=wp_1_wc_privacy_cleanup&nonce=1c97b21b82 HTTP/1.1" 200 3707 "https://amazingsportwear.com/wp-admin/admin-ajax.php?action=wp_1_wc_privacy_cleanup&nonce=1c97b21b82" "WordPress/5.2.4; https://amazingsportwear.com" "-"
217.76.130.90 - - [20/Nov/2019:10:09:11 +0100] "POST /wp-cron.php?doing_wp_cron=1574240951.2966980934143066406250 HTTP/1.1" 200 3389 "https://amazingsportwear.com/wp-cron.php?doing_wp_cron=1574240951.2966980934143066406250" "WordPress/5.2.4; https://amazingsportwear.com" "-"
17.58.96.188 - - [20/Nov/2019:10:09:08 +0100] "GET /producto/toalla-absorvente-gymnasio/ HTTP/1.1" 200 102957 "-" "Mozilla/5.0 (Macintosh; Intel Mac OS X 10_10_1) AppleWebKit/600.2.5 (KHTML, like Gecko) Version/8.0.2 Safari/600.2.5 (Applebot/0.1; +http://www.apple.com/go/applebot)" "-"
217.76.130.90 - - [20/Nov/2019:10:23:39 +0100] "POST /wp-cron.php?doing_wp_cron=1574241819.8458130359649658203125 HTTP/1.1" 200 3389 "https://amazingsportwear.com/wp-cron.php?doing_wp_cron=1574241819.8458130359649658203125" "WordPress/5.2.4; https://amazingsportwear.com" "-"
141.8.142.79 - - [20/Nov/2019:10:23:37 +0100] "GET /robots.txt HTTP/1.1" 200 3960 "-" "Mozilla/5.0 (compatible; YandexBot/3.0; +http://yandex.com/bots)" "-"
141.8.142.79 - - [20/Nov/2019:10:23:41 +0100] "GET / HTTP/1.1" 301 393 "-" "Mozilla/5.0 (compatible; YandexBot/3.0; +http://yandex.com/bots)" "-"
141.8.142.79 - - [20/Nov/2019:10:23:44 +0100] "GET /robots.txt HTTP/1.1" 200 3944 "-" "Mozilla/5.0 (compatible; YandexBot/3.0; +http://yandex.com/bots)" "-"
141.8.142.79 - - [20/Nov/2019:10:23:47 +0100] "GET / HTTP/1.1" 200 122440 "-" "Mozilla/5.0 (compatible; YandexBot/3.0; +http://yandex.com/bots)" "-"
217.76.130.90 - - [20/Nov/2019:10:47:11 +0100] "POST /wp-cron.php?doing_wp_cron=1574243231.3482539653778076171875 HTTP/1.1" 200 3389 "https://amazingsportwear.com/wp-cron.php?doing_wp_cron=1574243231.3482539653778076171875" "WordPress/5.2.4; https://amazingsportwear.com" "-"
40.77.167.26 - - [20/Nov/2019:10:47:08 +0100] "GET /producto/cortavientos-angelo/ HTTP/1.1" 200 101798 "-" "Mozilla/5.0 (compatible; bingbot/2.0; +http://www.bing.com/bingbot.htm)" "-"
195.57.106.145 - - [20/Nov/2019:10:49:15 +0100] "GET /wp-content/uploads/2019/04/BOTELLA-TRITAN-GO-36062-WEB.png HTTP/1.1" 200 74378 "https://www.google.com/" "Mozilla/5.0 (Windows NT 6.1) AppleWebKit/537.36 (KHTML, like Gecko) Chrome/78.0.3904.87 Safari/537.36" "-"
217.76.130.90 - - [20/Nov/2019:10:49:36 +0100] "POST /wp-cron.php?doing_wp_cron=1574243376.0742580890655517578125 HTTP/1.1" 200 3389 "https://amazingsportwear.com/wp-cron.php?doing_wp_cron=1574243376.0742580890655517578125" "WordPress/5.2.4; https://amazingsportwear.com" "-"
195.57.106.145 - - [20/Nov/2019:10:49:34 +0100] "GET /producto/botella-tritan/ HTTP/1.1" 200 91968 "https://www.google.com/" "Mozilla/5.0 (Windows NT 6.1) AppleWebKit/537.36 (KHTML, like Gecko) Chrome/78.0.3904.87 Safari/537.36" "-"
195.57.106.145 - - [20/Nov/2019:10:49:36 +0100] "GET /wp-includes/css/dist/block-library/style.min.css?ver=5.2.4 HTTP/1.1" 200 29660 "https://amazingsportwear.com/producto/botella-tritan/" "Mozilla/5.0 (Windows NT 6.1) AppleWebKit/537.36 (KHTML, like Gecko) Chrome/78.0.3904.87 Safari/537.36" "-"
195.57.106.145 - - [20/Nov/2019:10:49:36 +0100] "GET /wp-content/plugins/woocommerce/assets/css/blocks/style.css?ver=3.6.4 HTTP/1.1" 200 6835 "https://amazingsportwear.com/producto/botella-tritan/" "Mozilla/5.0 (Windows NT 6.1) AppleWebKit/537.36 (KHTML, like Gecko) Chrome/78.0.3904.87 Safari/537.36" "-"
195.57.106.145 - - [20/Nov/2019:10:49:36 +0100] "GET /wp-content/plugins/cookie-law-info/public/css/cookie-law-info-public.css?ver=1.7.6 HTTP/1.1" 200 3373 "https://amazingsportwear.com/producto/botella-tritan/" "Mozilla/5.0 (Windows NT 6.1) AppleWebKit/537.36 (KHTML, like Gecko) Chrome/78.0.3904.87 Safari/537.36" "-"
195.57.106.145 - - [20/Nov/2019:10:49:36 +0100] "GET /wp-content/plugins/cookie-law-info/public/css/cookie-law-info-gdpr.css?ver=1.7.6 HTTP/1.1" 200 12583 "https://amazingsportwear.com/producto/botella-tritan/" "Mozilla/5.0 (Windows NT 6.1) AppleWebKit/537.36 (KHTML, like Gecko) Chrome/78.0.3904.87 Safari/537.36" "-"
195.57.106.145 - - [20/Nov/2019:10:49:36 +0100] "GET /wp-content/plugins/woocommerce/assets/css/photoswipe/default-skin/default-skin.css?ver=3.6.4 HTTP/1.1" 200 12081 "https://amazingsportwear.com/producto/botella-tritan/" "Mozilla/5.0 (Windows NT 6.1) AppleWebKit/537.36 (KHTML, like Gecko) Chrome/78.0.3904.87 Safari/537.36" "-"
195.57.106.145 - - [20/Nov/2019:10:49:36 +0100] "GET /wp-content/plugins/wpfront-notification-bar/css/wpfront-notification-bar.css?ver=1.7.1 HTTP/1.1" 200 3663 "https://amazingsportwear.com/producto/botella-tritan/" "Mozilla/5.0 (Windows NT 6.1) AppleWebKit/537.36 (KHTML, like Gecko) Chrome/78.0.3904.87 Safari/537.36" "-"
195.57.106.145 - - [20/Nov/2019:10:49:36 +0100] "GET /wp-content/plugins/woocommerce/assets/css/photoswipe/photoswipe.css?ver=3.6.4 HTTP/1.1" 200 4610 "https://amazingsportwear.com/producto/botella-tritan/" "Mozilla/5.0 (Windows NT 6.1) AppleWebKit/537.36 (KHTML, like Gecko) Chrome/78.0.3904.87 Safari/537.36" "-"
195.57.106.145 - - [20/Nov/2019:10:49:37 +0100] "GET /wp-content/plugins/simple-social-icons/css/style.css?ver=3.0.1 HTTP/1.1" 200 1562 "https://amazingsportwear.com/producto/botella-tritan/" "Mozilla/5.0 (Windows NT 6.1) AppleWebKit/537.36 (KHTML, like Gecko) Chrome/78.0.3904.87 Safari/537.36" "-"
195.57.106.145 - - [20/Nov/2019:10:49:37 +0100] "GET /wp-includes/js/jquery/jquery-migrate.min.js?ver=1.4.1 HTTP/1.1" 200 10399 "https://amazingsportwear.com/producto/botella-tritan/" "Mozilla/5.0 (Windows NT 6.1) AppleWebKit/537.36 (KHTML, like Gecko) Chrome/78.0.3904.87 Safari/537.36" "-"
195.57.106.145 - - [20/Nov/2019:10:49:37 +0100] "GET /wp-content/plugins/cookie-law-info/public/js/cookie-law-info-public.js?ver=1.7.6 HTTP/1.1" 200 17076 "https://amazingsportwear.com/producto/botella-tritan/" "Mozilla/5.0 (Windows NT 6.1) AppleWebKit/537.36 (KHTML, like Gecko) Chrome/78.0.3904.87 Safari/537.36" "-"
195.57.106.145 - - [20/Nov/2019:10:49:37 +0100] "GET /wp-content/themes/shopper/assets/sass/woocommerce/woocommerce.css?ver=5.2.4 HTTP/1.1" 200 83534 "https://amazingsportwear.com/producto/botella-tritan/" "Mozilla/5.0 (Windows NT 6.1) AppleWebKit/537.36 (KHTML, like Gecko) Chrome/78.0.3904.87 Safari/537.36" "-"
195.57.106.145 - - [20/Nov/2019:10:49:37 +0100] "GET /wp-includes/js/jquery/jquery.js?ver=1.12.4-wp HTTP/1.1" 200 97362 "https://amazingsportwear.com/producto/botella-tritan/" "Mozilla/5.0 (Windows NT 6.1) AppleWebKit/537.36 (KHTML, like Gecko) Chrome/78.0.3904.87 Safari/537.36" "-"
195.57.106.145 - - [20/Nov/2019:10:49:37 +0100] "GET /wp-content/plugins/wpfront-notification-bar/jquery-plugins/jquery.c.js?ver=1.4.0 HTTP/1.1" 200 3437 "https://amazingsportwear.com/producto/botella-tritan/" "Mozilla/5.0 (Windows NT 6.1) AppleWebKit/537.36 (KHTML, like Gecko) Chrome/78.0.3904.87 Safari/537.36" "-"
195.57.106.145 - - [20/Nov/2019:10:49:36 +0100] "GET /wp-content/themes/shopper/style.css?ver=1.3.8 HTTP/1.1" 200 125315 "https://amazingsportwear.com/producto/botella-tritan/" "Mozilla/5.0 (Windows NT 6.1) AppleWebKit/537.36 (KHTML, like Gecko) Chrome/78.0.3904.87 Safari/537.36" "-"
195.57.106.145 - - [20/Nov/2019:10:49:37 +0100] "GET /wp-content/plugins/wpfront-notification-bar/js/wpfront-notification-bar.js?ver=1.7.1 HTTP/1.1" 200 5662 "https://amazingsportwear.com/producto/botella-tritan/" "Mozilla/5.0 (Windows NT 6.1) AppleWebKit/537.36 (KHTML, like Gecko) Chrome/78.0.3904.87 Safari/537.36" "-"
195.57.106.145 - - [20/Nov/2019:10:49:37 +0100] "GET /wp-content/plugins/simple-social-icons/svgxuse.js?ver=1.1.21 HTTP/1.1" 200 9580 "https://amazingsportwear.com/producto/botella-tritan/" "Mozilla/5.0 (Windows NT 6.1) AppleWebKit/537.36 (KHTML, like Gecko) Chrome/78.0.3904.87 Safari/537.36" "-"
195.57.106.145 - - [20/Nov/2019:10:49:37 +0100] "GET /wp-content/uploads/2019/05/cropped-asw-white.png HTTP/1.1" 200 7500 "https://amazingsportwear.com/producto/botella-tritan/" "Mozilla/5.0 (Windows NT 6.1) AppleWebKit/537.36 (KHTML, like Gecko) Chrome/78.0.3904.87 Safari/537.36" "-"
195.57.106.145 - - [20/Nov/2019:10:49:38 +0100] "GET /wp-includes/js/jquery/jquery.js HTTP/1.1" 200 97362 "https://amazingsportwear.com/producto/botella-tritan/" "Mozilla/5.0 (Windows NT 6.1) AppleWebKit/537.36 (KHTML, like Gecko) Chrome/78.0.3904.87 Safari/537.36" "-"
195.57.106.145 - - [20/Nov/2019:10:49:38 +0100] "GET /wp-content/plugins/product-enquiry-for-woocommerce/css/wdm-jquery-ui.css?ver=5.2.4 HTTP/1.1" 200 27001 "https://amazingsportwear.com/producto/botella-tritan/" "Mozilla/5.0 (Windows NT 6.1) AppleWebKit/537.36 (KHTML, like Gecko) Chrome/78.0.3904.87 Safari/537.36" "-"
195.57.106.145 - - [20/Nov/2019:10:49:38 +0100] "GET /wp-content/themes/shopper/assets/js/crm.js?ver=1561548510 HTTP/1.1" 200 874 "https://amazingsportwear.com/producto/botella-tritan/" "Mozilla/5.0 (Windows NT 6.1) AppleWebKit/537.36 (KHTML, like Gecko) Chrome/78.0.3904.87 Safari/537.36" "-"
195.57.106.145 - - [20/Nov/2019:10:49:38 +0100] "GET /wp-content/plugins/woocommerce/assets/js/jquery-blockui/jquery.blockUI.min.js?ver=2.70 HTTP/1.1" 200 9908 "https://amazingsportwear.com/producto/botella-tritan/" "Mozilla/5.0 (Windows NT 6.1) AppleWebKit/537.36 (KHTML, like Gecko) Chrome/78.0.3904.87 Safari/537.36" "-"
195.57.106.145 - - [20/Nov/2019:10:49:38 +0100] "GET /wp-content/plugins/woocommerce/assets/js/frontend/add-to-cart.min.js?ver=3.6.4 HTTP/1.1" 200 2983 "https://amazingsportwear.com/producto/botella-tritan/" "Mozilla/5.0 (Windows NT 6.1) AppleWebKit/537.36 (KHTML, like Gecko) Chrome/78.0.3904.87 Safari/537.36" "-"
195.57.106.145 - - [20/Nov/2019:10:49:38 +0100] "GET /wp-content/plugins/woocommerce/assets/js/zoom/jquery.zoom.min.js?ver=1.7.21 HTTP/1.1" 200 2957 "https://amazingsportwear.com/producto/botella-tritan/" "Mozilla/5.0 (Windows NT 6.1) AppleWebKit/537.36 (KHTML, like Gecko) Chrome/78.0.3904.87 Safari/537.36" "-"
195.57.106.145 - - [20/Nov/2019:10:49:38 +0100] "GET /wp-content/plugins/woocommerce/assets/js/frontend/single-product.min.js?ver=3.6.4 HTTP/1.1" 200 6693 "https://amazingsportwear.com/producto/botella-tritan/" "Mozilla/5.0 (Windows NT 6.1) AppleWebKit/537.36 (KHTML, like Gecko) Chrome/78.0.3904.87 Safari/537.36" "-"
195.57.106.145 - - [20/Nov/2019:10:49:38 +0100] "GET /wp-content/plugins/woocommerce/assets/js/flexslider/jquery.flexslider.min.js?ver=2.7.2 HTTP/1.1" 200 23232 "https://amazingsportwear.com/producto/botella-tritan/" "Mozilla/5.0 (Windows NT 6.1) AppleWebKit/537.36 (KHTML, like Gecko) Chrome/78.0.3904.87 Safari/537.36" "-"
195.57.106.145 - - [20/Nov/2019:10:49:38 +0100] "GET /wp-content/plugins/woocommerce/assets/js/photoswipe/photoswipe.min.js?ver=4.1.1 HTTP/1.1" 200 32276 "https://amazingsportwear.com/producto/botella-tritan/" "Mozilla/5.0 (Windows NT 6.1) AppleWebKit/537.36 (KHTML, like Gecko) Chrome/78.0.3904.87 Safari/537.36" "-"
195.57.106.145 - - [20/Nov/2019:10:49:38 +0100] "GET /wp-content/plugins/woocommerce/assets/js/js-cookie/js.cookie.min.js?ver=2.1.4 HTTP/1.1" 200 2187 "https://amazingsportwear.com/producto/botella-tritan/" "Mozilla/5.0 (Windows NT 6.1) AppleWebKit/537.36 (KHTML, like Gecko) Chrome/78.0.3904.87 Safari/537.36" "-"
195.57.106.145 - - [20/Nov/2019:10:49:38 +0100] "GET /wp-content/plugins/woocommerce/assets/js/photoswipe/photoswipe-ui-default.min.js?ver=4.1.1 HTTP/1.1" 200 10220 "https://amazingsportwear.com/producto/botella-tritan/" "Mozilla/5.0 (Windows NT 6.1) AppleWebKit/537.36 (KHTML, like Gecko) Chrome/78.0.3904.87 Safari/537.36" "-"
195.57.106.145 - - [20/Nov/2019:10:49:38 +0100] "GET /wp-content/plugins/woocommerce/assets/js/frontend/woocommerce.min.js?ver=3.6.4 HTTP/1.1" 200 1813 "https://amazingsportwear.com/producto/botella-tritan/" "Mozilla/5.0 (Windows NT 6.1) AppleWebKit/537.36 (KHTML, like Gecko) Chrome/78.0.3904.87 Safari/537.36" "-"
195.57.106.145 - - [20/Nov/2019:10:49:38 +0100] "GET /wp-content/themes/shopper/assets/fonts/fontawesome-webfont.woff2?v=4.7.0 HTTP/1.1" 200 77615 "https://amazingsportwear.com/wp-content/themes/shopper/style.css?ver=1.3.8" "Mozilla/5.0 (Windows NT 6.1) AppleWebKit/537.36 (KHTML, like Gecko) Chrome/78.0.3904.87 Safari/537.36" "-"
195.57.106.145 - - [20/Nov/2019:10:49:38 +0100] "GET /wp-content/plugins/woocommerce/assets/js/frontend/cart-fragments.min.js?ver=3.6.4 HTTP/1.1" 200 3281 "https://amazingsportwear.com/producto/botella-tritan/" "Mozilla/5.0 (Windows NT 6.1) AppleWebKit/537.36 (KHTML, like Gecko) Chrome/78.0.3904.87 Safari/537.36" "-"
195.57.106.145 - - [20/Nov/2019:10:49:38 +0100] "GET /wp-content/uploads/2019/04/BOTELLA-TRITAN-GO-36062-WEB-1.png HTTP/1.1" 200 71015 "https://amazingsportwear.com/producto/botella-tritan/" "Mozilla/5.0 (Windows NT 6.1) AppleWebKit/537.36 (KHTML, like Gecko) Chrome/78.0.3904.87 Safari/537.36" "-"
195.57.106.145 - - [20/Nov/2019:10:49:38 +0100] "GET /wp-content/themes/shopper/assets/js/shopper.min.js?ver=1.3.8 HTTP/1.1" 200 5994 "https://amazingsportwear.com/producto/botella-tritan/" "Mozilla/5.0 (Windows NT 6.1) AppleWebKit/537.36 (KHTML, like Gecko) Chrome/78.0.3904.87 Safari/537.36" "-"
195.57.106.145 - - [20/Nov/2019:10:49:38 +0100] "GET /wp-content/themes/shopper/assets/js/skip-link-focus-fix.js?ver=1.3.8 HTTP/1.1" 200 1023 "https://amazingsportwear.com/producto/botella-tritan/" "Mozilla/5.0 (Windows NT 6.1) AppleWebKit/537.36 (KHTML, like Gecko) Chrome/78.0.3904.87 Safari/537.36" "-"
195.57.106.145 - - [20/Nov/2019:10:49:38 +0100] "GET /wp-includes/js/comment-reply.min.js?ver=5.2.4 HTTP/1.1" 200 2575 "https://amazingsportwear.com/producto/botella-tritan/" "Mozilla/5.0 (Windows NT 6.1) AppleWebKit/537.36 (KHTML, like Gecko) Chrome/78.0.3904.87 Safari/537.36" "-"
195.57.106.145 - - [20/Nov/2019:10:49:38 +0100] "GET /wp-content/themes/shopper/assets/js/woocommerce/header-cart.min.js?ver=1.3.8 HTTP/1.1" 200 972 "https://amazingsportwear.com/producto/botella-tritan/" "Mozilla/5.0 (Windows NT 6.1) AppleWebKit/537.36 (KHTML, like Gecko) Chrome/78.0.3904.87 Safari/537.36" "-"
195.57.106.145 - - [20/Nov/2019:10:49:38 +0100] "GET /wp-includes/js/wp-embed.min.js?ver=5.2.4 HTTP/1.1" 200 1744 "https://amazingsportwear.com/producto/botella-tritan/" "Mozilla/5.0 (Windows NT 6.1) AppleWebKit/537.36 (KHTML, like Gecko) Chrome/78.0.3904.87 Safari/537.36" "-"
195.57.106.145 - - [20/Nov/2019:10:49:38 +0100] "GET /wp-includes/js/underscore.min.js?ver=1.8.3 HTTP/1.1" 200 16527 "https://amazingsportwear.com/producto/botella-tritan/" "Mozilla/5.0 (Windows NT 6.1) AppleWebKit/537.36 (KHTML, like Gecko) Chrome/78.0.3904.87 Safari/537.36" "-"
195.57.106.145 - - [20/Nov/2019:10:49:38 +0100] "GET /wp-content/plugins/woocommerce/assets/js/frontend/add-to-cart-variation.min.js?ver=3.6.4 HTTP/1.1" 200 13625 "https://amazingsportwear.com/producto/botella-tritan/" "Mozilla/5.0 (Windows NT 6.1) AppleWebKit/537.36 (KHTML, like Gecko) Chrome/78.0.3904.87 Safari/537.36" "-"
195.57.106.145 - - [20/Nov/2019:10:49:38 +0100] "GET /wp-includes/js/jquery/ui/core.min.js?ver=1.11.4 HTTP/1.1" 200 4341 "https://amazingsportwear.com/producto/botella-tritan/" "Mozilla/5.0 (Windows NT 6.1) AppleWebKit/537.36 (KHTML, like Gecko) Chrome/78.0.3904.87 Safari/537.36" "-"
195.57.106.145 - - [20/Nov/2019:10:49:38 +0100] "GET /wp-includes/js/wp-util.min.js?ver=5.2.4 HTTP/1.1" 200 1387 "https://amazingsportwear.com/producto/botella-tritan/" "Mozilla/5.0 (Windows NT 6.1) AppleWebKit/537.36 (KHTML, like Gecko) Chrome/78.0.3904.87 Safari/537.36" "-"
195.57.106.145 - - [20/Nov/2019:10:49:38 +0100] "GET /wp-includes/js/jquery/ui/widget.min.js?ver=1.11.4 HTTP/1.1" 200 7250 "https://amazingsportwear.com/producto/botella-tritan/" "Mozilla/5.0 (Windows NT 6.1) AppleWebKit/537.36 (KHTML, like Gecko) Chrome/78.0.3904.87 Safari/537.36" "-"
195.57.106.145 - - [20/Nov/2019:10:49:38 +0100] "GET /wp-includes/js/jquery/ui/resizable.min.js?ver=1.11.4 HTTP/1.1" 200 18798 "https://amazingsportwear.com/producto/botella-tritan/" "Mozilla/5.0 (Windows NT 6.1) AppleWebKit/537.36 (KHTML, like Gecko) Chrome/78.0.3904.87 Safari/537.36" "-"
195.57.106.145 - - [20/Nov/2019:10:49:38 +0100] "GET /wp-includes/js/jquery/ui/mouse.min.js?ver=1.11.4 HTTP/1.1" 200 3489 "https://amazingsportwear.com/producto/botella-tritan/" "Mozilla/5.0 (Windows NT 6.1) AppleWebKit/537.36 (KHTML, like Gecko) Chrome/78.0.3904.87 Safari/537.36" "-"
195.57.106.145 - - [20/Nov/2019:10:49:38 +0100] "GET /wp-includes/js/jquery/ui/draggable.min.js?ver=1.11.4 HTTP/1.1" 200 19277 "https://amazingsportwear.com/producto/botella-tritan/" "Mozilla/5.0 (Windows NT 6.1) AppleWebKit/537.36 (KHTML, like Gecko) Chrome/78.0.3904.87 Safari/537.36" "-"
195.57.106.145 - - [20/Nov/2019:10:49:38 +0100] "GET /wp-includes/js/jquery/ui/position.min.js?ver=1.11.4 HTTP/1.1" 200 6869 "https://amazingsportwear.com/producto/botella-tritan/" "Mozilla/5.0 (Windows NT 6.1) AppleWebKit/537.36 (KHTML, like Gecko) Chrome/78.0.3904.87 Safari/537.36" "-"
195.57.106.145 - - [20/Nov/2019:10:49:38 +0100] "GET /wp-includes/js/jquery/ui/button.min.js?ver=1.11.4 HTTP/1.1" 200 7578 "https://amazingsportwear.com/producto/botella-tritan/" "Mozilla/5.0 (Windows NT 6.1) AppleWebKit/537.36 (KHTML, like Gecko) Chrome/78.0.3904.87 Safari/537.36" "-"
195.57.106.145 - - [20/Nov/2019:10:49:38 +0100] "GET /wp-includes/js/jquery/ui/dialog.min.js?ver=1.11.4 HTTP/1.1" 200 12482 "https://amazingsportwear.com/producto/botella-tritan/" "Mozilla/5.0 (Windows NT 6.1) AppleWebKit/537.36 (KHTML, like Gecko) Chrome/78.0.3904.87 Safari/537.36" "-"
195.57.106.145 - - [20/Nov/2019:10:49:38 +0100] "GET /wp-includes/js/wp-emoji-release.min.js?ver=5.2.4 HTTP/1.1" 200 14183 "https://amazingsportwear.com/producto/botella-tritan/" "Mozilla/5.0 (Windows NT 6.1) AppleWebKit/537.36 (KHTML, like Gecko) Chrome/78.0.3904.87 Safari/537.36" "-"
195.57.106.145 - - [20/Nov/2019:10:49:38 +0100] "GET /wp-content/uploads/2018/05/sa-7118-amarillo-300x300.jpg HTTP/1.1" 200 6483 "https://amazingsportwear.com/producto/botella-tritan/" "Mozilla/5.0 (Windows NT 6.1) AppleWebKit/537.36 (KHTML, like Gecko) Chrome/78.0.3904.87 Safari/537.36" "-"
195.57.106.145 - - [20/Nov/2019:10:49:38 +0100] "GET /wp-content/plugins/product-enquiry-for-woocommerce/js/contact.js?ver=5.2.4 HTTP/1.1" 200 4681 "https://amazingsportwear.com/producto/botella-tritan/" "Mozilla/5.0 (Windows NT 6.1) AppleWebKit/537.36 (KHTML, like Gecko) Chrome/78.0.3904.87 Safari/537.36" "-"
195.57.106.145 - - [20/Nov/2019:10:49:38 +0100] "GET /wp-content/plugins/product-enquiry-for-woocommerce/js/wdm_jquery.validate.min.js?ver=5.2.4 HTTP/1.1" 200 21818 "https://amazingsportwear.com/producto/botella-tritan/" "Mozilla/5.0 (Windows NT 6.1) AppleWebKit/537.36 (KHTML, like Gecko) Chrome/78.0.3904.87 Safari/537.36" "-"
195.57.106.145 - - [20/Nov/2019:10:49:38 +0100] "GET /wp-content/uploads/2018/05/cif-s-004-RO-300x300.jpg HTTP/1.1" 200 9033 "https://amazingsportwear.com/producto/botella-tritan/" "Mozilla/5.0 (Windows NT 6.1) AppleWebKit/537.36 (KHTML, like Gecko) Chrome/78.0.3904.87 Safari/537.36" "-"
195.57.106.145 - - [20/Nov/2019:10:49:38 +0100] "GET /wp-content/uploads/2018/05/ENY-NI11G-1-300x274.jpg HTTP/1.1" 200 6517 "https://amazingsportwear.com/producto/botella-tritan/" "Mozilla/5.0 (Windows NT 6.1) AppleWebKit/537.36 (KHTML, like Gecko) Chrome/78.0.3904.87 Safari/537.36" "-"
195.57.106.145 - - [20/Nov/2019:10:49:38 +0100] "GET /wp-content/uploads/2019/05/asw-white-300x126.png HTTP/1.1" 200 12061 "https://amazingsportwear.com/producto/botella-tritan/" "Mozilla/5.0 (Windows NT 6.1) AppleWebKit/537.36 (KHTML, like Gecko) Chrome/78.0.3904.87 Safari/537.36" "-"
195.57.106.145 - - [20/Nov/2019:10:49:38 +0100] "GET /wp-content/plugins/akismet/_inc/form.js?ver=4.1.2 HTTP/1.1" 200 1040 "https://amazingsportwear.com/producto/botella-tritan/" "Mozilla/5.0 (Windows NT 6.1) AppleWebKit/537.36 (KHTML, like Gecko) Chrome/78.0.3904.87 Safari/537.36" "-"
195.57.106.145 - - [20/Nov/2019:10:49:38 +0100] "GET /wp-content/plugins/wpfront-notification-bar/images/arrow_down.png HTTP/1.1" 200 2562 "https://amazingsportwear.com/wp-content/plugins/wpfront-notification-bar/css/wpfront-notification-bar.css?ver=1.7.1" "Mozilla/5.0 (Windows NT 6.1) AppleWebKit/537.36 (KHTML, like Gecko) Chrome/78.0.3904.87 Safari/537.36" "-"
195.57.106.145 - - [20/Nov/2019:10:49:38 +0100] "GET /wp-content/plugins/product-enquiry-for-woocommerce/img/contact/loading.gif HTTP/1.1" 200 3834 "https://amazingsportwear.com/producto/botella-tritan/" "Mozilla/5.0 (Windows NT 6.1) AppleWebKit/537.36 (KHTML, like Gecko) Chrome/78.0.3904.87 Safari/537.36" "-"
195.57.106.145 - - [20/Nov/2019:10:49:38 +0100] "GET /wp-content/plugins/simple-social-icons/symbol-defs.svg HTTP/1.1" 200 19699 "https://amazingsportwear.com/producto/botella-tritan/" "Mozilla/5.0 (Windows NT 6.1) AppleWebKit/537.36 (KHTML, like Gecko) Chrome/78.0.3904.87 Safari/537.36" "-"
195.57.106.145 - - [20/Nov/2019:10:49:39 +0100] "GET /wp-content/uploads/2019/04/BOTELLA-TRITAN-GO-36062-WEB-1-100x100.png HTTP/1.1" 200 2375 "https://amazingsportwear.com/producto/botella-tritan/" "Mozilla/5.0 (Windows NT 6.1) AppleWebKit/537.36 (KHTML, like Gecko) Chrome/78.0.3904.87 Safari/537.36" "_ga=GA1.2.1567899047.1574243379; _gid=GA1.2.188540215.1574243379; _gat_gtag_UA_91619287_1=1"
195.57.106.145 - - [20/Nov/2019:10:49:39 +0100] "GET /wp-content/uploads/2019/04/BOTELLA-TRITAN-GO-36062-WEB-100x100.png HTTP/1.1" 200 2375 "https://amazingsportwear.com/producto/botella-tritan/" "Mozilla/5.0 (Windows NT 6.1) AppleWebKit/537.36 (KHTML, like Gecko) Chrome/78.0.3904.87 Safari/537.36" "_ga=GA1.2.1567899047.1574243379; _gid=GA1.2.188540215.1574243379; _gat_gtag_UA_91619287_1=1"
195.57.106.145 - - [20/Nov/2019:10:49:39 +0100] "GET /wp-content/uploads/2019/05/cropped-favicon-nuevo-logo-amazinf-128px-32x32.png HTTP/1.1" 200 1224 "https://amazingsportwear.com/producto/botella-tritan/" "Mozilla/5.0 (Windows NT 6.1) AppleWebKit/537.36 (KHTML, like Gecko) Chrome/78.0.3904.87 Safari/537.36" "_ga=GA1.2.1567899047.1574243379; _gid=GA1.2.188540215.1574243379; _gat_gtag_UA_91619287_1=1"
195.57.106.145 - - [20/Nov/2019:10:49:39 +0100] "POST /?wc-ajax=get_refreshed_fragments HTTP/1.1" 200 1397 "https://amazingsportwear.com/producto/botella-tritan/" "Mozilla/5.0 (Windows NT 6.1) AppleWebKit/537.36 (KHTML, like Gecko) Chrome/78.0.3904.87 Safari/537.36" "_ga=GA1.2.1567899047.1574243379; _gid=GA1.2.188540215.1574243379; _gat_gtag_UA_91619287_1=1"
217.76.130.90 - - [20/Nov/2019:10:51:03 +0100] "POST /wp-cron.php?doing_wp_cron=1574243463.1450040340423583984375 HTTP/1.1" 200 3389 "https://amazingsportwear.com/wp-cron.php?doing_wp_cron=1574243463.1450040340423583984375" "WordPress/5.2.4; https://amazingsportwear.com" "-"
195.57.106.145 - - [20/Nov/2019:10:51:02 +0100] "GET /producto/botella-tritan/ HTTP/1.1" 200 91991 "https://amazingsportwear.com/producto/botella-tritan/" "Mozilla/5.0 (Windows NT 6.1) AppleWebKit/537.36 (KHTML, like Gecko) Chrome/78.0.3904.87 Safari/537.36" "wpfront-notification-bar-landingpage=1; _ga=GA1.2.1567899047.1574243379; _gid=GA1.2.188540215.1574243379; wpfront-notification-bar-landingpage=1"
195.57.106.145 - - [20/Nov/2019:10:51:03 +0100] "GET /wp-content/uploads/2018/05/Pf-10031900-2-261x300.jpg HTTP/1.1" 200 12744 "https://amazingsportwear.com/producto/botella-tritan/" "Mozilla/5.0 (Windows NT 6.1) AppleWebKit/537.36 (KHTML, like Gecko) Chrome/78.0.3904.87 Safari/537.36" "_ga=GA1.2.1567899047.1574243379; _gid=GA1.2.188540215.1574243379; wpfront-notification-bar-landingpage=1"
195.57.106.145 - - [20/Nov/2019:10:51:03 +0100] "GET /wp-content/uploads/2018/05/CIF-Z281-1-300x300.jpg HTTP/1.1" 200 10612 "https://amazingsportwear.com/producto/botella-tritan/" "Mozilla/5.0 (Windows NT 6.1) AppleWebKit/537.36 (KHTML, like Gecko) Chrome/78.0.3904.87 Safari/537.36" "_ga=GA1.2.1567899047.1574243379; _gid=GA1.2.188540215.1574243379; wpfront-notification-bar-landingpage=1"
107.167.85.98 - - [20/Nov/2019:10:52:00 +0100] "GET /wp-admin/js/widgets/content-post.php HTTP/1.1" 404 68003 "http://site.ru" "Mozilla/5.0 (Windows; U; Windows NT 5.1; en-US) AppleWebKit/533.4 (KHTML, like Gecko) Chrome/5.0.375.99 Safari/533.4" "-"
217.76.130.90 - - [20/Nov/2019:10:56:29 +0100] "POST /wp-cron.php?doing_wp_cron=1574243789.7309489250183105468750 HTTP/1.1" 200 164 "http://amazingsportwear.com/wp-cron.php?doing_wp_cron=1574243789.7309489250183105468750" "WordPress/5.2.4; https://amazingsportwear.com" "-"
160.116.181.234 - - [20/Nov/2019:10:56:27 +0100] "GET / HTTP/1.1" 301 336 "-" "Mozilla/5.0 (X11; Linux x86_64) AppleWebKit/537.36 (KHTML, like Gecko) Chrome/72.0.3626.109 Safari/537.36" "-"
160.116.181.234 - - [20/Nov/2019:10:56:30 +0100] "GET / HTTP/1.1" 200 125735 "-" "Mozilla/5.0 (X11; Linux x86_64) AppleWebKit/537.36 (KHTML, like Gecko) Chrome/72.0.3626.109 Safari/537.36" "wpfront-notification-bar-landingpage=1"
66.249.66.70 - - [20/Nov/2019:11:03:27 +0100] "GET /wp-includes/js/wp-emoji-release.min.js?ver=5.2.3 HTTP/1.1" 200 17546 "https://amazingsportwear.com/etiqueta-producto/camiseta-tecnica-shangai/" "Mozilla/5.0 (Linux; Android 6.0.1; Nexus 5X Build/MMB29P) AppleWebKit/537.36 (KHTML, like Gecko) Chrome/41.0.2272.96 Mobile Safari/537.36 (compatible; Googlebot/2.1; +http://www.google.com/bot.html)" "-"
217.76.130.90 - - [20/Nov/2019:11:03:30 +0100] "POST /wp-cron.php?doing_wp_cron=1574244210.8830940723419189453125 HTTP/1.1" 200 3389 "https://amazingsportwear.com/wp-cron.php?doing_wp_cron=1574244210.8830940723419189453125" "WordPress/5.2.4; https://amazingsportwear.com" "-"
66.249.66.66 - - [20/Nov/2019:11:03:28 +0100] "POST /?wc-ajax=get_refreshed_fragments HTTP/1.1" 200 4760 "https://amazingsportwear.com/etiqueta-producto/camiseta-tecnica-shangai/" "Mozilla/5.0 (Linux; Android 6.0.1; Nexus 5X Build/MMB29P) AppleWebKit/537.36 (KHTML, like Gecko) Chrome/41.0.2272.96 Mobile Safari/537.36 (compatible; Googlebot/2.1; +http://www.google.com/bot.html)" "_ga=GA1.2.1884029788.1569024000; _gid=GA1.2.969013651.1569024000; _gat_gtag_UA_91619287_1=1"
46.24.171.226 - - [20/Nov/2019:11:15:47 +0100] "GET /wp-content/uploads/2017/01/mono-triatlon2.jpg HTTP/1.1" 200 95563 "https://www.google.com/" "Mozilla/5.0 (Windows NT 10.0; Win64; x64) AppleWebKit/537.36 (KHTML, like Gecko) Chrome/78.0.3904.97 Safari/537.36" "-"
217.76.130.90 - - [20/Nov/2019:11:24:42 +0100] "POST /wp-cron.php?doing_wp_cron=1574245482.2772610187530517578125 HTTP/1.1" 200 3389 "https://amazingsportwear.com/wp-cron.php?doing_wp_cron=1574245482.2772610187530517578125" "WordPress/5.2.4; https://amazingsportwear.com" "-"
217.76.130.90 - - [20/Nov/2019:11:24:42 +0100] "POST /wp-cron.php?doing_wp_cron=1574245482.2772910594940185546875 HTTP/1.1" 200 3389 "https://amazingsportwear.com/wp-cron.php?doing_wp_cron=1574245482.2772910594940185546875" "WordPress/5.2.4; https://amazingsportwear.com" "-"
31.13.115.6 - - [20/Nov/2019:11:24:36 +0100] "GET / HTTP/1.1" 200 125565 "-" "facebookexternalhit/1.1 (+http://www.facebook.com/externalhit_uatext.php)" "-"
31.13.115.9 - - [20/Nov/2019:11:24:35 +0100] "GET / HTTP/1.1" 200 125565 "-" "facebookexternalhit/1.1 (+http://www.facebook.com/externalhit_uatext.php)" "-"
217.76.130.90 - - [20/Nov/2019:11:25:29 +0100] "POST /wp-cron.php?doing_wp_cron=1574245529.2521998882293701171875 HTTP/1.1" 200 164 "http://amazingsportwear.com/wp-cron.php?doing_wp_cron=1574245529.2521998882293701171875" "WordPress/5.2.4; https://amazingsportwear.com" "-"
104.222.33.132 - - [20/Nov/2019:11:25:27 +0100] "GET / HTTP/1.1" 301 336 "-" "Mozilla/5.0 (Windows NT 6.1; WOW64; rv:27.0) Gecko/20100101 Firefox/27.0" "-"
80.224.89.45 - - [20/Nov/2019:11:30:08 +0100] "GET /wp-content/uploads/2019/04/SA-1087-5.png HTTP/1.1" 200 80844 "https://www.google.com/" "Mozilla/5.0 (Macintosh; Intel Mac OS X 10_13_4) AppleWebKit/605.1.15 (KHTML, like Gecko) Version/11.1 Safari/605.1.15" "-"
217.76.130.90 - - [20/Nov/2019:11:33:04 +0100] "POST /wp-cron.php?doing_wp_cron=1574245984.1401200294494628906250 HTTP/1.1" 200 164 "http://amazingsportwear.com/wp-cron.php?doing_wp_cron=1574245984.1401200294494628906250" "WordPress/5.2.4; https://amazingsportwear.com" "-"
106.120.173.81 - - [20/Nov/2019:11:33:02 +0100] "GET /robots.txt HTTP/1.1" 200 394 "-" "Sogou web spider/4.0(+http://www.sogou.com/docs/help/webmasters.htm#07)" "-"
47.60.54.175 - - [20/Nov/2019:11:36:11 +0100] "GET /wp-content/uploads/2019/04/mu%C3%B1equera-oakley-2.png HTTP/1.1" 200 145856 "https://www.google.com/blank.html" "Mozilla/5.0 (Linux; Android 9; Redmi Note 7 Build/PKQ1.180904.001; wv) AppleWebKit/537.36 (KHTML, like Gecko) Version/4.0 Chrome/76.0.3809.111 Mobile Safari/537.36 GSA/10.45.7.21.arm64" "-"
217.76.130.90 - - [20/Nov/2019:11:39:12 +0100] "POST /wp-cron.php?doing_wp_cron=1574246352.0107300281524658203125 HTTP/1.1" 200 3389 "https://amazingsportwear.com/wp-cron.php?doing_wp_cron=1574246352.0107300281524658203125" "WordPress/5.2.4; https://amazingsportwear.com" "-"
17.58.96.188 - - [20/Nov/2019:11:39:11 +0100] "GET /categoria-producto/carpas/ HTTP/1.1" 200 60244 "-" "Mozilla/5.0 (Macintosh; Intel Mac OS X 10_10_1) AppleWebKit/600.2.5 (KHTML, like Gecko) Version/8.0.2 Safari/600.2.5 (Applebot/0.1; +http://www.apple.com/go/applebot)" "-"
217.76.130.90 - - [20/Nov/2019:11:43:13 +0100] "POST /wp-cron.php?doing_wp_cron=1574246593.5950350761413574218750 HTTP/1.1" 200 164 "http://amazingsportwear.com/wp-cron.php?doing_wp_cron=1574246593.5950350761413574218750" "WordPress/5.2.4; https://amazingsportwear.com" "-"
66.249.66.87 - - [20/Nov/2019:11:43:12 +0100] "GET /robots.txt HTTP/1.1" 200 432 "-" "Mozilla/5.0 (compatible; Googlebot/2.1; +http://www.google.com/bot.html)" "-"
217.76.130.90 - - [20/Nov/2019:11:52:00 +0100] "POST /wp-cron.php?doing_wp_cron=1574247120.9501829147338867187500 HTTP/1.1" 200 3389 "https://amazingsportwear.com/wp-cron.php?doing_wp_cron=1574247120.9501829147338867187500" "WordPress/5.2.4; https://amazingsportwear.com" "-"
17.58.96.188 - - [20/Nov/2019:11:51:55 +0100] "GET /categoria-producto/deportes/tenispadel/ HTTP/1.1" 200 64901 "-" "Mozilla/5.0 (Macintosh; Intel Mac OS X 10_10_1) AppleWebKit/600.2.5 (KHTML, like Gecko) Version/8.0.2 Safari/600.2.5 (Applebot/0.1; +http://www.apple.com/go/applebot)" "-"
217.76.130.90 - - [20/Nov/2019:11:58:16 +0100] "POST /wp-cron.php?doing_wp_cron=1574247496.1734011173248291015625 HTTP/1.1" 200 164 "http://amazingsportwear.com/wp-cron.php?doing_wp_cron=1574247496.1734011173248291015625" "WordPress/5.2.4; https://amazingsportwear.com" "-"
40.77.167.115 - - [20/Nov/2019:11:58:15 +0100] "GET /tienda/109-camiseta-tecnic-basic-cat-3579.html HTTP/1.1" 404 68063 "-" "Mozilla/5.0 (compatible; bingbot/2.0; +http://www.bing.com/bingbot.htm)" "-"
213.37.155.138 - - [20/Nov/2019:12:09:32 +0100] "GET /wp-content/uploads/2019/04/gorra-kisse-6.png HTTP/1.1" 200 90101 "https://www.google.com/" "Mozilla/5.0 (Macintosh; Intel Mac OS X 10_11_6) AppleWebKit/537.36 (KHTML, like Gecko) Chrome/78.0.3904.97 Safari/537.36" "-"
213.37.155.138 - - [20/Nov/2019:12:10:04 +0100] "GET /wp-content/uploads/2019/04/gorra-kisse-1.png HTTP/1.1" 200 94216 "https://www.google.com/" "Mozilla/5.0 (Macintosh; Intel Mac OS X 10_11_6) AppleWebKit/537.36 (KHTML, like Gecko) Chrome/78.0.3904.97 Safari/537.36" "-"
217.76.130.90 - - [20/Nov/2019:12:19:15 +0100] "POST /wp-cron.php?doing_wp_cron=1574248755.2801249027252197265625 HTTP/1.1" 200 3389 "https://amazingsportwear.com/wp-cron.php?doing_wp_cron=1574248755.2801249027252197265625" "WordPress/5.2.4; https://amazingsportwear.com" "-"
185.188.182.170 - - [20/Nov/2019:12:19:13 +0100] "GET /inicio-sesion HTTP/1.1" 404 71998 "-" "-" "-"
217.76.130.90 - - [20/Nov/2019:12:23:37 +0100] "POST /wp-cron.php?doing_wp_cron=1574249017.0305440425872802734375 HTTP/1.1" 200 3389 "https://amazingsportwear.com/wp-cron.php?doing_wp_cron=1574249017.0305440425872802734375" "WordPress/5.2.4; https://amazingsportwear.com" "-"
40.77.167.115 - - [20/Nov/2019:12:23:36 +0100] "GET /tienda/246-cordon-gafas-de-sol-pf-10041102.html HTTP/1.1" 404 72339 "-" "Mozilla/5.0 (compatible; bingbot/2.0; +http://www.bing.com/bingbot.htm)" "-"
