217.76.130.90 - - [27/Nov/2019:00:00:22 +0100] "POST /wp-cron.php?doing_wp_cron=1574809222.3728249073028564453125 HTTP/1.1" 200 3389 "https://amazingsportwear.com/wp-cron.php?doing_wp_cron=1574809222.3728249073028564453125" "WordPress/5.2.4; https://amazingsportwear.com" "-"
66.249.64.148 - - [27/Nov/2019:00:00:21 +0100] "GET /etiqueta-producto/rider/ HTTP/1.1" 200 53855 "-" "Mozilla/5.0 (Linux; Android 6.0.1; Nexus 5X Build/MMB29P) AppleWebKit/537.36 (KHTML, like Gecko) Chrome/41.0.2272.96 Mobile Safari/537.36 (compatible; Googlebot/2.1; +http://www.google.com/bot.html)" "-"
217.76.130.90 - - [27/Nov/2019:00:08:58 +0100] "POST /wp-cron.php?doing_wp_cron=1574809738.6053080558776855468750 HTTP/1.1" 200 164 "http://amazingsportwear.com/wp-cron.php?doing_wp_cron=1574809738.6053080558776855468750" "WordPress/5.2.4; https://amazingsportwear.com" "-"
62.210.172.215 - - [27/Nov/2019:00:08:58 +0100] "GET / HTTP/1.1" 301 298 "-" "Mozilla/5.0 (X11; Linux x86_64; rv:60.0) Gecko/20100101 Firefox/60.0" "-"
62.210.172.215 - - [27/Nov/2019:00:08:58 +0100] "GET / HTTP/1.1" 200 125799 "-" "Mozilla/5.0 (X11; Linux x86_64; rv:60.0) Gecko/20100101 Firefox/60.0" "-"
217.76.130.90 - - [27/Nov/2019:00:09:07 +0100] "POST /wp-cron.php?doing_wp_cron=1574809746.9702920913696289062500 HTTP/1.1" 200 3389 "https://amazingsportwear.com/wp-cron.php?doing_wp_cron=1574809746.9702920913696289062500" "WordPress/5.2.4; https://amazingsportwear.com" "-"
66.249.64.144 - - [27/Nov/2019:00:09:06 +0100] "GET /category/inicio/ HTTP/1.1" 200 70476 "-" "Mozilla/5.0 (compatible; Googlebot/2.1; +http://www.google.com/bot.html)" "-"
40.77.167.228 - - [27/Nov/2019:00:13:40 +0100] "GET /wp-content/uploads/2019/04/gorra-tecnica-roja.png HTTP/1.1" 200 83280 "-" "Mozilla/5.0 (compatible; bingbot/2.0; +http://www.bing.com/bingbot.htm)" "-"
31.13.115.15 - - [27/Nov/2019:00:13:59 +0100] "GET /wp-content/uploads/2019/07/slider1.jpg HTTP/1.1" 200 247684 "-" "facebookexternalhit/1.1 (+http://www.facebook.com/externalhit_uatext.php)" "-"
31.13.115.5 - - [27/Nov/2019:00:14:03 +0100] "GET /wp-content/uploads/2019/07/slider1.jpg HTTP/1.1" 200 247684 "-" "adreview/1.0" "-"
31.13.115.6 - - [27/Nov/2019:00:14:04 +0100] "GET /wp-content/uploads/2019/07/slider1.jpg HTTP/1.1" 200 247898 "-" "cortex/1.0" "-"
31.13.115.13 - - [27/Nov/2019:00:14:04 +0100] "GET /wp-content/uploads/2019/07/slider1.jpg HTTP/1.1" 200 247898 "-" "cortex/1.0" "-"
217.76.130.90 - - [27/Nov/2019:00:14:05 +0100] "POST /wp-cron.php?doing_wp_cron=1574810045.3712348937988281250000 HTTP/1.1" 200 3389 "https://amazingsportwear.com/wp-cron.php?doing_wp_cron=1574810045.3712348937988281250000" "WordPress/5.2.4; https://amazingsportwear.com" "-"
31.13.115.8 - - [27/Nov/2019:00:14:04 +0100] "GET / HTTP/1.1" 200 125570 "-" "facebookexternalhit/1.1 (+http://www.facebook.com/externalhit_uatext.php)" "-"
31.13.115.14 - - [27/Nov/2019:00:14:05 +0100] "GET / HTTP/1.1" 200 125540 "-" "facebookexternalhit/1.1 (+http://www.facebook.com/externalhit_uatext.php)" "-"
157.55.39.250 - - [27/Nov/2019:00:15:29 +0100] "GET /wp-content/uploads/2017/03/eny-cubik-gris.jpg HTTP/1.1" 200 17417 "-" "Mozilla/5.0 (compatible; bingbot/2.0; +http://www.bing.com/bingbot.htm)" "-"
190.217.58.180 - - [27/Nov/2019:00:15:50 +0100] "GET /wp-content/uploads/2019/04/Gorra-sport-6.png HTTP/1.1" 200 44623 "https://www.google.com/" "Mozilla/5.0 (Macintosh; Intel Mac OS X 10_13_6) AppleWebKit/537.36 (KHTML, like Gecko) Chrome/78.0.3904.108 Safari/537.36" "-"
191.215.162.95 - - [27/Nov/2019:00:23:49 +0100] "GET /wp-content/uploads/2019/04/Gorra-sport-10.png HTTP/1.1" 200 60426 "https://www.google.com.br/" "Mozilla/5.0 (Windows NT 6.1; Win64; x64) AppleWebKit/537.36 (KHTML, like Gecko) Chrome/78.0.3904.108 Safari/537.36" "-"
217.76.130.90 - - [27/Nov/2019:00:37:01 +0100] "POST /wp-cron.php?doing_wp_cron=1574811421.9029281139373779296875 HTTP/1.1" 200 3389 "https://amazingsportwear.com/wp-cron.php?doing_wp_cron=1574811421.9029281139373779296875" "WordPress/5.2.4; https://amazingsportwear.com" "-"
66.249.64.148 - - [27/Nov/2019:00:37:01 +0100] "GET /producto/camiseta-tecnica-aintree/ HTTP/1.1" 200 104404 "-" "Mozilla/5.0 (compatible; Googlebot/2.1; +http://www.google.com/bot.html)" "-"
132.255.20.226 - - [27/Nov/2019:00:40:27 +0100] "GET /wp-content/uploads/2019/04/Gorra-sport-6.png HTTP/1.1" 200 44623 "https://www.google.com/" "Mozilla/5.0 (Windows NT 10.0; Win64; x64) AppleWebKit/537.36 (KHTML, like Gecko) Chrome/78.0.3904.108 Safari/537.36" "-"
186.4.182.216 - - [27/Nov/2019:00:49:05 +0100] "GET /wp-content/uploads/2019/04/Gorra-sport-10.png HTTP/1.1" 200 60231 "https://www.google.es/" "Mozilla/5.0 (Macintosh; Intel Mac OS X 10_14_6) AppleWebKit/605.1.15 (KHTML, like Gecko) Version/13.0.3 Safari/605.1.15" "-"
157.55.39.190 - - [27/Nov/2019:01:10:05 +0100] "GET /wp-content/uploads/2017/01/cam-ranglan3.png HTTP/1.1" 200 160251 "-" "Mozilla/5.0 (compatible; bingbot/2.0; +http://www.bing.com/bingbot.htm)" "-"
217.76.130.90 - - [27/Nov/2019:01:22:53 +0100] "POST /wp-cron.php?doing_wp_cron=1574814173.0730910301208496093750 HTTP/1.1" 200 3389 "https://amazingsportwear.com/wp-cron.php?doing_wp_cron=1574814173.0730910301208496093750" "WordPress/5.2.4; https://amazingsportwear.com" "-"
17.58.96.178 - - [27/Nov/2019:01:22:51 +0100] "GET /producto/chaleco-tecnico-ligero-running-jnnu/ HTTP/1.1" 200 108494 "-" "Mozilla/5.0 (Macintosh; Intel Mac OS X 10_10_1) AppleWebKit/600.2.5 (KHTML, like Gecko) Version/8.0.2 Safari/600.2.5 (Applebot/0.1; +http://www.apple.com/go/applebot)" "-"
217.76.130.90 - - [27/Nov/2019:01:27:12 +0100] "POST /wp-cron.php?doing_wp_cron=1574814432.9600129127502441406250 HTTP/1.1" 200 164 "http://amazingsportwear.com/wp-cron.php?doing_wp_cron=1574814432.9600129127502441406250" "WordPress/5.2.4; https://amazingsportwear.com" "-"
34.217.85.248 - - [27/Nov/2019:01:27:12 +0100] "GET / HTTP/1.1" 301 279 "-" "Go-http-client/1.1" "-"
217.76.130.90 - - [27/Nov/2019:01:39:50 +0100] "POST /wp-cron.php?doing_wp_cron=1574815190.3581809997558593750000 HTTP/1.1" 200 3389 "https://amazingsportwear.com/wp-cron.php?doing_wp_cron=1574815190.3581809997558593750000" "WordPress/5.2.4; https://amazingsportwear.com" "-"
66.249.64.146 - - [27/Nov/2019:01:39:47 +0100] "GET /etiqueta-producto/pantalon-corto/ HTTP/1.1" 200 63190 "-" "Mozilla/5.0 (Linux; Android 6.0.1; Nexus 5X Build/MMB29P) AppleWebKit/537.36 (KHTML, like Gecko) Chrome/41.0.2272.96 Mobile Safari/537.36 (compatible; Googlebot/2.1; +http://www.google.com/bot.html)" "-"
217.76.130.90 - - [27/Nov/2019:01:40:04 +0100] "POST /wp-cron.php?doing_wp_cron=1574815204.2661519050598144531250 HTTP/1.1" 200 3389 "https://amazingsportwear.com/wp-cron.php?doing_wp_cron=1574815204.2661519050598144531250" "WordPress/5.2.4; https://amazingsportwear.com" "-"
66.249.64.144 - - [27/Nov/2019:01:40:03 +0100] "POST /?wc-ajax=get_refreshed_fragments HTTP/1.1" 200 4760 "https://amazingsportwear.com/etiqueta-producto/pantalon-corto/" "Mozilla/5.0 (Linux; Android 6.0.1; Nexus 5X Build/MMB29P) AppleWebKit/537.36 (KHTML, like Gecko) Chrome/41.0.2272.96 Mobile Safari/537.36 (compatible; Googlebot/2.1; +http://www.google.com/bot.html)" "_ga=GA1.2.1884029788.1574812800; _gid=GA1.2.969013651.1574812800; _gat_gtag_UA_91619287_1=1"
66.249.64.148 - - [27/Nov/2019:01:40:06 +0100] "GET /etiqueta-producto/sublimacion/ HTTP/1.1" 200 60876 "-" "Mozilla/5.0 (Linux; Android 6.0.1; Nexus 5X Build/MMB29P) AppleWebKit/537.36 (KHTML, like Gecko) Chrome/41.0.2272.96 Mobile Safari/537.36 (compatible; Googlebot/2.1; +http://www.google.com/bot.html)" "-"
66.249.64.144 - - [27/Nov/2019:01:40:38 +0100] "GET /etiqueta-producto/london/ HTTP/1.1" 200 53648 "-" "Mozilla/5.0 (Linux; Android 6.0.1; Nexus 5X Build/MMB29P) AppleWebKit/537.36 (KHTML, like Gecko) Chrome/41.0.2272.96 Mobile Safari/537.36 (compatible; Googlebot/2.1; +http://www.google.com/bot.html)" "-"
66.249.64.144 - - [27/Nov/2019:01:40:43 +0100] "POST /?wc-ajax=get_refreshed_fragments HTTP/1.1" 200 1397 "https://amazingsportwear.com/etiqueta-producto/london/" "Mozilla/5.0 (Linux; Android 6.0.1; Nexus 5X Build/MMB29P) AppleWebKit/537.36 (KHTML, like Gecko) Chrome/41.0.2272.96 Mobile Safari/537.36 (compatible; Googlebot/2.1; +http://www.google.com/bot.html)" "_ga=GA1.2.1884029788.1574812800; _gid=GA1.2.969013651.1574812800; _gat_gtag_UA_91619287_1=1"
217.76.130.90 - - [27/Nov/2019:01:51:46 +0100] "POST /wp-cron.php?doing_wp_cron=1574815906.8426649570465087890625 HTTP/1.1" 200 3389 "https://amazingsportwear.com/wp-cron.php?doing_wp_cron=1574815906.8426649570465087890625" "WordPress/5.2.4; https://amazingsportwear.com" "-"
66.249.64.144 - - [27/Nov/2019:01:51:46 +0100] "GET /producto/linterna-frontal/ HTTP/1.1" 200 92165 "-" "Mozilla/5.0 (compatible; Googlebot/2.1; +http://www.google.com/bot.html)" "-"
66.249.64.144 - - [27/Nov/2019:01:51:58 +0100] "POST /?wc-ajax=get_refreshed_fragments HTTP/1.1" 200 1397 "https://amazingsportwear.com/producto/linterna-frontal/" "Mozilla/5.0 AppleWebKit/537.36 (KHTML, like Gecko; compatible; Googlebot/2.1; +http://www.google.com/bot.html) Safari/537.36" "_ga=GA1.2.931330593.1574812800; _gid=GA1.2.2074753562.1574812800; _gat_gtag_UA_91619287_1=1"
217.76.130.90 - - [27/Nov/2019:01:55:12 +0100] "POST /wp-cron.php?doing_wp_cron=1574816112.0779709815979003906250 HTTP/1.1" 200 164 "http://amazingsportwear.com/wp-cron.php?doing_wp_cron=1574816112.0779709815979003906250" "WordPress/5.2.4; https://amazingsportwear.com" "-"
150.107.204.103 - - [27/Nov/2019:01:55:11 +0100] "GET / HTTP/1.1" 301 336 "http://progressive-seo.com" "Mozilla/5.0 (Windows NT 10.0; Win64; x64) AppleWebKit/537.36 (KHTML, like Gecko) Chrome/74.0.3729.169 Safari/537.36" "-"
181.174.102.137 - - [27/Nov/2019:02:02:49 +0100] "GET /wp-content/uploads/2019/04/gorra-lorenz-4.png HTTP/1.1" 200 77974 "https://www.google.com/" "Mozilla/5.0 (Macintosh; Intel Mac OS X 10_14_6) AppleWebKit/537.36 (KHTML, like Gecko) Chrome/78.0.3904.108 Safari/537.36" "-"
217.76.130.90 - - [27/Nov/2019:02:14:08 +0100] "POST /wp-cron.php?doing_wp_cron=1574817248.5010058879852294921875 HTTP/1.1" 200 3389 "https://amazingsportwear.com/wp-cron.php?doing_wp_cron=1574817248.5010058879852294921875" "WordPress/5.2.4; https://amazingsportwear.com" "-"
40.77.167.43 - - [27/Nov/2019:02:14:08 +0100] "GET /categoria-producto/deportes/ HTTP/1.1" 200 74321 "-" "Mozilla/5.0 (compatible; bingbot/2.0; +http://www.bing.com/bingbot.htm)" "-"
40.77.188.236 - - [27/Nov/2019:02:14:10 +0100] "GET /wp-includes/js/wp-emoji-release.min.js?ver=5.2.4 HTTP/1.1" 200 17546 "-" "Mozilla/5.0 (Windows NT 6.1; WOW64) AppleWebKit/534+ (KHTML, like Gecko) BingPreview/1.0b" "-"
40.77.189.25 - - [27/Nov/2019:02:14:11 +0100] "GET /wp-includes/css/dist/block-library/style.min.css?ver=5.2.4 HTTP/1.1" 200 33023 "-" "Mozilla/5.0 (Windows NT 6.1; WOW64) AppleWebKit/534+ (KHTML, like Gecko) BingPreview/1.0b" "-"
40.77.190.80 - - [27/Nov/2019:02:14:12 +0100] "GET /wp-content/plugins/woocommerce/assets/css/blocks/style.css?ver=3.6.4 HTTP/1.1" 200 10060 "-" "Mozilla/5.0 (Windows NT 6.1; WOW64) AppleWebKit/534+ (KHTML, like Gecko) BingPreview/1.0b" "-"
40.77.188.145 - - [27/Nov/2019:02:14:13 +0100] "GET /wp-content/plugins/cookie-law-info/public/css/cookie-law-info-public.css?ver=1.7.6 HTTP/1.1" 200 6598 "-" "Mozilla/5.0 (Windows NT 6.1; WOW64) AppleWebKit/534+ (KHTML, like Gecko) BingPreview/1.0b" "-"
40.77.167.43 - - [27/Nov/2019:02:14:12 +0100] "GET /robots.txt HTTP/1.1" 200 432 "-" "msnbot/2.0b (+http://search.msn.com/msnbot.htm)" "-"
40.77.188.28 - - [27/Nov/2019:02:14:13 +0100] "GET /wp-content/plugins/wpfront-notification-bar/css/wpfront-notification-bar.css?ver=1.7.1 HTTP/1.1" 200 7026 "-" "Mozilla/5.0 (Windows NT 6.1; WOW64) AppleWebKit/534+ (KHTML, like Gecko) BingPreview/1.0b" "-"
40.77.167.43 - - [27/Nov/2019:02:14:13 +0100] "GET /robots.txt HTTP/1.1" 200 431 "-" "msnbot/2.0b (+http://search.msn.com/msnbot.htm)" "-"
40.77.188.127 - - [27/Nov/2019:02:14:15 +0100] "GET /wp-content/themes/shopper/style.css?ver=1.3.8 HTTP/1.1" 200 128678 "-" "Mozilla/5.0 (Windows NT 6.1; WOW64) AppleWebKit/534+ (KHTML, like Gecko) BingPreview/1.0b" "-"
40.77.188.236 - - [27/Nov/2019:02:14:16 +0100] "GET /wp-content/themes/shopper/assets/sass/woocommerce/woocommerce.css?ver=5.2.4 HTTP/1.1" 200 83534 "-" "Mozilla/5.0 (Windows NT 6.1; WOW64) AppleWebKit/534+ (KHTML, like Gecko) BingPreview/1.0b" "-"
40.77.190.80 - - [27/Nov/2019:02:14:16 +0100] "GET /wp-includes/js/jquery/jquery.js?ver=1.12.4-wp HTTP/1.1" 200 97362 "-" "Mozilla/5.0 (Windows NT 6.1; WOW64) AppleWebKit/534+ (KHTML, like Gecko) BingPreview/1.0b" "-"
40.77.188.28 - - [27/Nov/2019:02:14:17 +0100] "GET /wp-includes/js/jquery/jquery-migrate.min.js?ver=1.4.1 HTTP/1.1" 200 10399 "-" "Mozilla/5.0 (Windows NT 6.1; WOW64) AppleWebKit/534+ (KHTML, like Gecko) BingPreview/1.0b" "-"
40.77.188.127 - - [27/Nov/2019:02:14:17 +0100] "GET /wp-content/plugins/cookie-law-info/public/js/cookie-law-info-public.js?ver=1.7.6 HTTP/1.1" 200 17076 "-" "Mozilla/5.0 (Windows NT 6.1; WOW64) AppleWebKit/534+ (KHTML, like Gecko) BingPreview/1.0b" "-"
40.77.188.127 - - [27/Nov/2019:02:14:17 +0100] "GET /wp-content/plugins/wpfront-notification-bar/jquery-plugins/jquery.c.js?ver=1.4.0 HTTP/1.1" 200 3437 "-" "Mozilla/5.0 (Windows NT 6.1; WOW64) AppleWebKit/534+ (KHTML, like Gecko) BingPreview/1.0b" "-"
40.77.190.195 - - [27/Nov/2019:02:14:18 +0100] "GET /wp-content/plugins/wpfront-notification-bar/js/wpfront-notification-bar.js?ver=1.7.1 HTTP/1.1" 200 9025 "-" "Mozilla/5.0 (Windows NT 6.1; WOW64) AppleWebKit/534+ (KHTML, like Gecko) BingPreview/1.0b" "-"
40.77.190.61 - - [27/Nov/2019:02:14:19 +0100] "GET /wp-content/themes/shopper/assets/js/crm.js?ver=1561548510 HTTP/1.1" 200 4237 "-" "Mozilla/5.0 (Windows NT 6.1; WOW64) AppleWebKit/534+ (KHTML, like Gecko) BingPreview/1.0b" "-"
40.77.188.145 - - [27/Nov/2019:02:14:19 +0100] "GET /wp-content/plugins/woocommerce/assets/js/jquery-blockui/jquery.blockUI.min.js?ver=2.70 HTTP/1.1" 200 9908 "-" "Mozilla/5.0 (Windows NT 6.1; WOW64) AppleWebKit/534+ (KHTML, like Gecko) BingPreview/1.0b" "-"
40.77.188.127 - - [27/Nov/2019:02:14:19 +0100] "GET /wp-content/plugins/woocommerce/assets/js/frontend/add-to-cart.min.js?ver=3.6.4 HTTP/1.1" 200 2983 "-" "Mozilla/5.0 (Windows NT 6.1; WOW64) AppleWebKit/534+ (KHTML, like Gecko) BingPreview/1.0b" "-"
40.77.188.145 - - [27/Nov/2019:02:14:19 +0100] "GET /wp-content/plugins/woocommerce/assets/js/js-cookie/js.cookie.min.js?ver=2.1.4 HTTP/1.1" 200 2187 "-" "Mozilla/5.0 (Windows NT 6.1; WOW64) AppleWebKit/534+ (KHTML, like Gecko) BingPreview/1.0b" "-"
40.77.189.25 - - [27/Nov/2019:02:14:19 +0100] "GET /wp-content/plugins/woocommerce/assets/js/frontend/woocommerce.min.js?ver=3.6.4 HTTP/1.1" 200 1813 "-" "Mozilla/5.0 (Windows NT 6.1; WOW64) AppleWebKit/534+ (KHTML, like Gecko) BingPreview/1.0b" "-"
40.77.189.246 - - [27/Nov/2019:02:14:20 +0100] "GET /wp-content/plugins/woocommerce/assets/js/frontend/cart-fragments.min.js?ver=3.6.4 HTTP/1.1" 200 6644 "-" "Mozilla/5.0 (Windows NT 6.1; WOW64) AppleWebKit/534+ (KHTML, like Gecko) BingPreview/1.0b" "-"
40.77.188.127 - - [27/Nov/2019:02:14:20 +0100] "GET /wp-content/themes/shopper/assets/js/skip-link-focus-fix.js?ver=1.3.8 HTTP/1.1" 200 1023 "-" "Mozilla/5.0 (Windows NT 6.1; WOW64) AppleWebKit/534+ (KHTML, like Gecko) BingPreview/1.0b" "-"
40.77.191.98 - - [27/Nov/2019:02:14:21 +0100] "GET /wp-content/themes/shopper/assets/js/shopper.min.js?ver=1.3.8 HTTP/1.1" 200 9357 "-" "Mozilla/5.0 (Windows NT 6.1; WOW64) AppleWebKit/534+ (KHTML, like Gecko) BingPreview/1.0b" "-"
40.77.190.80 - - [27/Nov/2019:02:14:21 +0100] "GET /wp-content/themes/shopper/assets/js/woocommerce/header-cart.min.js?ver=1.3.8 HTTP/1.1" 200 972 "-" "Mozilla/5.0 (Windows NT 6.1; WOW64) AppleWebKit/534+ (KHTML, like Gecko) BingPreview/1.0b" "-"
40.77.188.28 - - [27/Nov/2019:02:14:21 +0100] "GET /wp-includes/js/wp-embed.min.js?ver=5.2.4 HTTP/1.1" 200 1744 "-" "Mozilla/5.0 (Windows NT 6.1; WOW64) AppleWebKit/534+ (KHTML, like Gecko) BingPreview/1.0b" "-"
177.225.146.190 - - [27/Nov/2019:02:16:30 +0100] "GET /wp-content/uploads/2019/04/Gorra-sport-6.png HTTP/1.1" 200 44623 "https://www.google.com/" "Mozilla/5.0 (Windows NT 10.0; Win64; x64) AppleWebKit/537.36 (KHTML, like Gecko) Chrome/78.0.3904.108 Safari/537.36" "-"
217.76.130.90 - - [27/Nov/2019:02:16:52 +0100] "POST /wp-cron.php?doing_wp_cron=1574817412.1931869983673095703125 HTTP/1.1" 200 164 "http://amazingsportwear.com/wp-cron.php?doing_wp_cron=1574817412.1931869983673095703125" "WordPress/5.2.4; https://amazingsportwear.com" "-"
207.46.13.83 - - [27/Nov/2019:02:16:51 +0100] "GET /15-atletismo HTTP/1.1" 404 68039 "-" "Mozilla/5.0 (iPhone; CPU iPhone OS 7_0 like Mac OS X) AppleWebKit/537.51.1 (KHTML, like Gecko) Version/7.0 Mobile/11A465 Safari/9537.53 (compatible; bingbot/2.0; +http://www.bing.com/bingbot.htm)" "-"
217.76.130.90 - - [27/Nov/2019:02:24:06 +0100] "POST /wp-cron.php?doing_wp_cron=1574817846.3512248992919921875000 HTTP/1.1" 200 3389 "https://amazingsportwear.com/wp-cron.php?doing_wp_cron=1574817846.3512248992919921875000" "WordPress/5.2.4; https://amazingsportwear.com" "-"
40.77.167.228 - - [27/Nov/2019:02:24:05 +0100] "GET /producto/bidon-iskan/ HTTP/1.1" 200 99745 "-" "Mozilla/5.0 (compatible; bingbot/2.0; +http://www.bing.com/bingbot.htm)" "-"
217.76.130.90 - - [27/Nov/2019:02:30:27 +0100] "POST /wp-cron.php?doing_wp_cron=1574818227.7477641105651855468750 HTTP/1.1" 200 3389 "https://amazingsportwear.com/wp-cron.php?doing_wp_cron=1574818227.7477641105651855468750" "WordPress/5.2.4; https://amazingsportwear.com" "-"
66.249.64.146 - - [27/Nov/2019:02:30:27 +0100] "GET /producto/botella-para-deporte-aqua/ HTTP/1.1" 200 99867 "-" "Mozilla/5.0 (compatible; Googlebot/2.1; +http://www.google.com/bot.html)" "-"
66.249.64.144 - - [27/Nov/2019:02:30:33 +0100] "POST /?wc-ajax=get_refreshed_fragments HTTP/1.1" 200 4760 "https://amazingsportwear.com/producto/botella-para-deporte-aqua/" "Mozilla/5.0 AppleWebKit/537.36 (KHTML, like Gecko; compatible; Googlebot/2.1; +http://www.google.com/bot.html) Safari/537.36" "_ga=GA1.2.931330593.1574812800; _gid=GA1.2.2074753562.1574812800; _gat_gtag_UA_91619287_1=1"
217.76.130.90 - - [27/Nov/2019:02:38:39 +0100] "POST /wp-cron.php?doing_wp_cron=1574818719.8365941047668457031250 HTTP/1.1" 200 3389 "https://amazingsportwear.com/wp-cron.php?doing_wp_cron=1574818719.8365941047668457031250" "WordPress/5.2.4; https://amazingsportwear.com" "-"
66.249.64.148 - - [27/Nov/2019:02:38:39 +0100] "GET /tienda/261-rinonera-elastica-dorsal-cif-g221.html HTTP/1.1" 404 72328 "-" "Mozilla/5.0 (Linux; Android 6.0.1; Nexus 5X Build/MMB29P) AppleWebKit/537.36 (KHTML, like Gecko) Chrome/41.0.2272.96 Mobile Safari/537.36 (compatible; Googlebot/2.1; +http://www.google.com/bot.html)" "-"
181.66.195.124 - - [27/Nov/2019:02:52:26 +0100] "GET /wp-content/uploads/2019/04/Gorra-sport-5.png HTTP/1.1" 200 52770 "https://www.google.com/" "Mozilla/5.0 (Windows NT 10.0; Win64; x64) AppleWebKit/537.36 (KHTML, like Gecko) Chrome/78.0.3904.108 Safari/537.36" "-"
217.76.130.90 - - [27/Nov/2019:02:53:06 +0100] "POST /wp-cron.php?doing_wp_cron=1574819586.7313349246978759765625 HTTP/1.1" 200 3389 "https://amazingsportwear.com/wp-cron.php?doing_wp_cron=1574819586.7313349246978759765625" "WordPress/5.2.4; https://amazingsportwear.com" "-"
66.249.64.144 - - [27/Nov/2019:02:53:06 +0100] "GET /etiqueta-producto/tecnica-sunit/ HTTP/1.1" 200 54211 "-" "Mozilla/5.0 (Linux; Android 6.0.1; Nexus 5X Build/MMB29P) AppleWebKit/537.36 (KHTML, like Gecko) Chrome/41.0.2272.96 Mobile Safari/537.36 (compatible; Googlebot/2.1; +http://www.google.com/bot.html)" "-"
66.249.64.144 - - [27/Nov/2019:02:53:15 +0100] "GET /etiqueta-producto/yardim/ HTTP/1.1" 200 50604 "-" "Mozilla/5.0 (Linux; Android 6.0.1; Nexus 5X Build/MMB29P) AppleWebKit/537.36 (KHTML, like Gecko) Chrome/41.0.2272.96 Mobile Safari/537.36 (compatible; Googlebot/2.1; +http://www.google.com/bot.html)" "-"
217.76.130.90 - - [27/Nov/2019:03:02:47 +0100] "POST /wp-cron.php?doing_wp_cron=1574820167.4200708866119384765625 HTTP/1.1" 200 3389 "https://amazingsportwear.com/wp-cron.php?doing_wp_cron=1574820167.4200708866119384765625" "WordPress/5.2.4; https://amazingsportwear.com" "-"
66.249.64.146 - - [27/Nov/2019:03:02:46 +0100] "GET /producto/bidon-boxter/ HTTP/1.1" 200 95294 "-" "Mozilla/5.0 (compatible; Googlebot/2.1; +http://www.google.com/bot.html)" "-"
66.249.64.146 - - [27/Nov/2019:03:02:52 +0100] "POST /?wc-ajax=get_refreshed_fragments HTTP/1.1" 200 1397 "https://amazingsportwear.com/producto/bidon-boxter/" "Mozilla/5.0 AppleWebKit/537.36 (KHTML, like Gecko; compatible; Googlebot/2.1; +http://www.google.com/bot.html) Safari/537.36" "_ga=GA1.2.931330593.1574812800; _gid=GA1.2.2074753562.1574812800; _gat_gtag_UA_91619287_1=1"
189.203.149.0 - - [27/Nov/2019:03:18:19 +0100] "GET /wp-content/uploads/2019/04/Gorra-sport-6.png HTTP/1.1" 200 44623 "https://www.google.com/" "Mozilla/5.0 (Windows NT 10.0; Win64; x64) AppleWebKit/537.36 (KHTML, like Gecko) Chrome/78.0.3904.108 Safari/537.36" "-"
189.203.149.0 - - [27/Nov/2019:03:18:20 +0100] "GET /wp-content/uploads/2019/04/Gorra-harum-2.png HTTP/1.1" 200 50152 "https://www.google.com/" "Mozilla/5.0 (Windows NT 10.0; Win64; x64) AppleWebKit/537.36 (KHTML, like Gecko) Chrome/78.0.3904.108 Safari/537.36" "-"
217.76.130.90 - - [27/Nov/2019:03:22:21 +0100] "POST /wp-cron.php?doing_wp_cron=1574821341.0368280410766601562500 HTTP/1.1" 200 164 "http://amazingsportwear.com/wp-cron.php?doing_wp_cron=1574821341.0368280410766601562500" "WordPress/5.2.4; https://amazingsportwear.com" "-"
217.76.130.90 - - [27/Nov/2019:03:22:21 +0100] "POST /wp-cron.php?doing_wp_cron=1574821341.0370171070098876953125 HTTP/1.1" 200 3389 "https://amazingsportwear.com/wp-cron.php?doing_wp_cron=1574821341.0370171070098876953125" "WordPress/5.2.4; https://amazingsportwear.com" "-"
157.55.39.152 - - [27/Nov/2019:03:22:14 +0100] "GET /robots.txt HTTP/1.1" 200 432 "-" "Mozilla/5.0 (compatible; bingbot/2.0; +http://www.bing.com/bingbot.htm)" "-"
207.46.13.83 - - [27/Nov/2019:03:22:14 +0100] "GET /producto/parche-termico-pikur/ HTTP/1.1" 200 98523 "-" "Mozilla/5.0 (compatible; bingbot/2.0; +http://www.bing.com/bingbot.htm)" "-"
217.76.130.90 - - [27/Nov/2019:03:31:02 +0100] "POST /wp-cron.php?doing_wp_cron=1574821861.9471700191497802734375 HTTP/1.1" 200 3389 "https://amazingsportwear.com/wp-cron.php?doing_wp_cron=1574821861.9471700191497802734375" "WordPress/5.2.4; https://amazingsportwear.com" "-"
217.76.130.90 - - [27/Nov/2019:03:31:02 +0100] "POST /wp-cron.php?doing_wp_cron=1574821861.9465739727020263671875 HTTP/1.1" 200 3389 "https://amazingsportwear.com/wp-cron.php?doing_wp_cron=1574821861.9465739727020263671875" "WordPress/5.2.4; https://amazingsportwear.com" "-"
157.55.39.152 - - [27/Nov/2019:03:30:58 +0100] "GET /robots.txt HTTP/1.1" 200 2297 "-" "Mozilla/5.0 (compatible; bingbot/2.0; +http://www.bing.com/bingbot.htm)" "-"
157.55.39.152 - - [27/Nov/2019:03:30:58 +0100] "GET /robots.txt HTTP/1.1" 200 2297 "-" "Mozilla/5.0 (compatible; bingbot/2.0; +http://www.bing.com/bingbot.htm)" "-"
217.76.130.90 - - [27/Nov/2019:03:31:03 +0100] "POST /wp-cron.php?doing_wp_cron=1574821863.3826808929443359375000 HTTP/1.1" 200 3389 "https://amazingsportwear.com/wp-cron.php?doing_wp_cron=1574821863.3826808929443359375000" "WordPress/5.2.4; https://amazingsportwear.com" "-"
157.55.39.152 - - [27/Nov/2019:03:31:02 +0100] "GET /robots.txt HTTP/1.1" 200 3939 "-" "Mozilla/5.0 (compatible; bingbot/2.0; +http://www.bing.com/bingbot.htm)" "-"
157.55.39.152 - - [27/Nov/2019:03:31:02 +0100] "GET /robots.txt HTTP/1.1" 200 3939 "-" "Mozilla/5.0 (compatible; bingbot/2.0; +http://www.bing.com/bingbot.htm)" "-"
207.46.13.81 - - [27/Nov/2019:03:31:16 +0100] "GET /wp-content/uploads/2018/04/aq-armour-aerobic-negro-naranja.jpg HTTP/1.1" 200 72888 "-" "Mozilla/5.0 (compatible; bingbot/2.0; +http://www.bing.com/bingbot.htm)" "-"
157.55.39.250 - - [27/Nov/2019:03:31:26 +0100] "GET /wp-content/uploads/2017/04/nath-sunset-rosa.jpg HTTP/1.1" 200 12523 "-" "Mozilla/5.0 (compatible; bingbot/2.0; +http://www.bing.com/bingbot.htm)" "-"
201.175.133.95 - - [27/Nov/2019:03:37:34 +0100] "GET /wp-content/uploads/2019/03/SA-0405-1.png HTTP/1.1" 200 47840 "https://www.google.com/blank.html" "Mozilla/5.0 (Linux; Android 9; HMA-L09 Build/HUAWEIHMA-L09; wv) AppleWebKit/537.36 (KHTML, like Gecko) Version/4.0 Chrome/74.0.3729.136 Mobile Safari/537.36 GSA/10.57.8.21.arm64" "-"
217.76.130.90 - - [27/Nov/2019:03:41:14 +0100] "POST /wp-cron.php?doing_wp_cron=1574822474.5639948844909667968750 HTTP/1.1" 200 3389 "https://amazingsportwear.com/wp-cron.php?doing_wp_cron=1574822474.5639948844909667968750" "WordPress/5.2.4; https://amazingsportwear.com" "-"
66.249.64.148 - - [27/Nov/2019:03:41:10 +0100] "GET /etiqueta-producto/bidon-doger/ HTTP/1.1" 200 54027 "-" "Mozilla/5.0 (Linux; Android 6.0.1; Nexus 5X Build/MMB29P) AppleWebKit/537.36 (KHTML, like Gecko) Chrome/41.0.2272.96 Mobile Safari/537.36 (compatible; Googlebot/2.1; +http://www.google.com/bot.html)" "-"
66.249.64.146 - - [27/Nov/2019:03:41:18 +0100] "POST /?wc-ajax=get_refreshed_fragments HTTP/1.1" 200 4760 "https://amazingsportwear.com/etiqueta-producto/bidon-doger/" "Mozilla/5.0 (Linux; Android 6.0.1; Nexus 5X Build/MMB29P) AppleWebKit/537.36 (KHTML, like Gecko) Chrome/41.0.2272.96 Mobile Safari/537.36 (compatible; Googlebot/2.1; +http://www.google.com/bot.html)" "_ga=GA1.2.1884029788.1574812800; _gid=GA1.2.969013651.1574812800; _gat_gtag_UA_91619287_1=1"
66.249.64.144 - - [27/Nov/2019:03:41:30 +0100] "GET /etiqueta-producto/bidon-camiseta/ HTTP/1.1" 200 54118 "-" "Mozilla/5.0 (Linux; Android 6.0.1; Nexus 5X Build/MMB29P) AppleWebKit/537.36 (KHTML, like Gecko) Chrome/41.0.2272.96 Mobile Safari/537.36 (compatible; Googlebot/2.1; +http://www.google.com/bot.html)" "-"
200.83.72.58 - - [27/Nov/2019:03:41:49 +0100] "GET /wp-content/uploads/2019/04/Gorra-sport-6.png HTTP/1.1" 200 44623 "https://www.google.com/" "Mozilla/5.0 (Linux; Android 7.0; Moto C Plus) AppleWebKit/537.36 (KHTML, like Gecko) Chrome/78.0.3904.108 Mobile Safari/537.36" "-"
200.83.72.58 - - [27/Nov/2019:03:41:50 +0100] "GET /producto/gorra-sport/ HTTP/1.1" 200 98919 "https://www.google.com/" "Mozilla/5.0 (Linux; Android 7.0; Moto C Plus) AppleWebKit/537.36 (KHTML, like Gecko) Chrome/78.0.3904.108 Mobile Safari/537.36" "-"
200.83.72.58 - - [27/Nov/2019:03:41:52 +0100] "GET /wp-includes/css/dist/block-library/style.min.css?ver=5.2.4 HTTP/1.1" 200 33023 "https://amazingsportwear.com/producto/gorra-sport/" "Mozilla/5.0 (Linux; Android 7.0; Moto C Plus) AppleWebKit/537.36 (KHTML, like Gecko) Chrome/78.0.3904.108 Mobile Safari/537.36" "-"
200.83.72.58 - - [27/Nov/2019:03:41:52 +0100] "GET /wp-content/plugins/woocommerce/assets/css/blocks/style.css?ver=3.6.4 HTTP/1.1" 200 6697 "https://amazingsportwear.com/producto/gorra-sport/" "Mozilla/5.0 (Linux; Android 7.0; Moto C Plus) AppleWebKit/537.36 (KHTML, like Gecko) Chrome/78.0.3904.108 Mobile Safari/537.36" "-"
200.83.72.58 - - [27/Nov/2019:03:41:52 +0100] "GET /wp-content/plugins/cookie-law-info/public/css/cookie-law-info-public.css?ver=1.7.6 HTTP/1.1" 200 3373 "https://amazingsportwear.com/producto/gorra-sport/" "Mozilla/5.0 (Linux; Android 7.0; Moto C Plus) AppleWebKit/537.36 (KHTML, like Gecko) Chrome/78.0.3904.108 Mobile Safari/537.36" "-"
200.83.72.58 - - [27/Nov/2019:03:41:52 +0100] "GET /wp-content/plugins/cookie-law-info/public/css/cookie-law-info-gdpr.css?ver=1.7.6 HTTP/1.1" 200 12583 "https://amazingsportwear.com/producto/gorra-sport/" "Mozilla/5.0 (Linux; Android 7.0; Moto C Plus) AppleWebKit/537.36 (KHTML, like Gecko) Chrome/78.0.3904.108 Mobile Safari/537.36" "-"
200.83.72.58 - - [27/Nov/2019:03:41:52 +0100] "GET /wp-content/plugins/woocommerce/assets/css/photoswipe/photoswipe.css?ver=3.6.4 HTTP/1.1" 200 4610 "https://amazingsportwear.com/producto/gorra-sport/" "Mozilla/5.0 (Linux; Android 7.0; Moto C Plus) AppleWebKit/537.36 (KHTML, like Gecko) Chrome/78.0.3904.108 Mobile Safari/537.36" "-"
200.83.72.58 - - [27/Nov/2019:03:41:52 +0100] "GET /wp-content/plugins/wpfront-notification-bar/css/wpfront-notification-bar.css?ver=1.7.1 HTTP/1.1" 200 3801 "https://amazingsportwear.com/producto/gorra-sport/" "Mozilla/5.0 (Linux; Android 7.0; Moto C Plus) AppleWebKit/537.36 (KHTML, like Gecko) Chrome/78.0.3904.108 Mobile Safari/537.36" "-"
200.83.72.58 - - [27/Nov/2019:03:41:52 +0100] "GET /wp-content/plugins/woocommerce/assets/css/photoswipe/default-skin/default-skin.css?ver=3.6.4 HTTP/1.1" 200 11943 "https://amazingsportwear.com/producto/gorra-sport/" "Mozilla/5.0 (Linux; Android 7.0; Moto C Plus) AppleWebKit/537.36 (KHTML, like Gecko) Chrome/78.0.3904.108 Mobile Safari/537.36" "-"
200.83.72.58 - - [27/Nov/2019:03:41:52 +0100] "GET /wp-content/plugins/simple-social-icons/css/style.css?ver=3.0.1 HTTP/1.1" 200 1562 "https://amazingsportwear.com/producto/gorra-sport/" "Mozilla/5.0 (Linux; Android 7.0; Moto C Plus) AppleWebKit/537.36 (KHTML, like Gecko) Chrome/78.0.3904.108 Mobile Safari/537.36" "-"
200.83.72.58 - - [27/Nov/2019:03:41:52 +0100] "GET /wp-content/themes/shopper/assets/sass/woocommerce/woocommerce.css?ver=5.2.4 HTTP/1.1" 200 83534 "https://amazingsportwear.com/producto/gorra-sport/" "Mozilla/5.0 (Linux; Android 7.0; Moto C Plus) AppleWebKit/537.36 (KHTML, like Gecko) Chrome/78.0.3904.108 Mobile Safari/537.36" "-"
200.83.72.58 - - [27/Nov/2019:03:41:52 +0100] "GET /wp-includes/js/jquery/jquery-migrate.min.js?ver=1.4.1 HTTP/1.1" 200 10399 "https://amazingsportwear.com/producto/gorra-sport/" "Mozilla/5.0 (Linux; Android 7.0; Moto C Plus) AppleWebKit/537.36 (KHTML, like Gecko) Chrome/78.0.3904.108 Mobile Safari/537.36" "-"
200.83.72.58 - - [27/Nov/2019:03:41:52 +0100] "GET /wp-includes/js/jquery/jquery.js?ver=1.12.4-wp HTTP/1.1" 200 97362 "https://amazingsportwear.com/producto/gorra-sport/" "Mozilla/5.0 (Linux; Android 7.0; Moto C Plus) AppleWebKit/537.36 (KHTML, like Gecko) Chrome/78.0.3904.108 Mobile Safari/537.36" "-"
200.83.72.58 - - [27/Nov/2019:03:41:52 +0100] "GET /wp-content/plugins/product-enquiry-for-woocommerce/css/wdm-jquery-ui.css?ver=5.2.4 HTTP/1.1" 200 27001 "https://amazingsportwear.com/producto/gorra-sport/" "Mozilla/5.0 (Linux; Android 7.0; Moto C Plus) AppleWebKit/537.36 (KHTML, like Gecko) Chrome/78.0.3904.108 Mobile Safari/537.36" "-"
200.83.72.58 - - [27/Nov/2019:03:41:53 +0100] "GET /wp-content/plugins/cookie-law-info/public/js/cookie-law-info-public.js?ver=1.7.6 HTTP/1.1" 200 17076 "https://amazingsportwear.com/producto/gorra-sport/" "Mozilla/5.0 (Linux; Android 7.0; Moto C Plus) AppleWebKit/537.36 (KHTML, like Gecko) Chrome/78.0.3904.108 Mobile Safari/537.36" "-"
200.83.72.58 - - [27/Nov/2019:03:41:53 +0100] "GET /wp-content/plugins/wpfront-notification-bar/jquery-plugins/jquery.c.js?ver=1.4.0 HTTP/1.1" 200 3437 "https://amazingsportwear.com/producto/gorra-sport/" "Mozilla/5.0 (Linux; Android 7.0; Moto C Plus) AppleWebKit/537.36 (KHTML, like Gecko) Chrome/78.0.3904.108 Mobile Safari/537.36" "-"
200.83.72.58 - - [27/Nov/2019:03:41:53 +0100] "GET /wp-content/themes/shopper/style.css?ver=1.3.8 HTTP/1.1" 200 125315 "https://amazingsportwear.com/producto/gorra-sport/" "Mozilla/5.0 (Linux; Android 7.0; Moto C Plus) AppleWebKit/537.36 (KHTML, like Gecko) Chrome/78.0.3904.108 Mobile Safari/537.36" "-"
200.83.72.58 - - [27/Nov/2019:03:41:53 +0100] "GET /wp-content/plugins/wpfront-notification-bar/js/wpfront-notification-bar.js?ver=1.7.1 HTTP/1.1" 200 5662 "https://amazingsportwear.com/producto/gorra-sport/" "Mozilla/5.0 (Linux; Android 7.0; Moto C Plus) AppleWebKit/537.36 (KHTML, like Gecko) Chrome/78.0.3904.108 Mobile Safari/537.36" "-"
200.83.72.58 - - [27/Nov/2019:03:41:53 +0100] "GET /wp-includes/js/jquery/jquery.js HTTP/1.1" 200 97362 "https://amazingsportwear.com/producto/gorra-sport/" "Mozilla/5.0 (Linux; Android 7.0; Moto C Plus) AppleWebKit/537.36 (KHTML, like Gecko) Chrome/78.0.3904.108 Mobile Safari/537.36" "-"
200.83.72.58 - - [27/Nov/2019:03:41:53 +0100] "GET /wp-content/plugins/simple-social-icons/svgxuse.js?ver=1.1.21 HTTP/1.1" 200 9580 "https://amazingsportwear.com/producto/gorra-sport/" "Mozilla/5.0 (Linux; Android 7.0; Moto C Plus) AppleWebKit/537.36 (KHTML, like Gecko) Chrome/78.0.3904.108 Mobile Safari/537.36" "-"
200.83.72.58 - - [27/Nov/2019:03:41:53 +0100] "GET /wp-content/themes/shopper/assets/js/crm.js?ver=1561548510 HTTP/1.1" 200 874 "https://amazingsportwear.com/producto/gorra-sport/" "Mozilla/5.0 (Linux; Android 7.0; Moto C Plus) AppleWebKit/537.36 (KHTML, like Gecko) Chrome/78.0.3904.108 Mobile Safari/537.36" "-"
200.83.72.58 - - [27/Nov/2019:03:41:53 +0100] "GET /wp-content/plugins/woocommerce/assets/js/frontend/add-to-cart.min.js?ver=3.6.4 HTTP/1.1" 200 2983 "https://amazingsportwear.com/producto/gorra-sport/" "Mozilla/5.0 (Linux; Android 7.0; Moto C Plus) AppleWebKit/537.36 (KHTML, like Gecko) Chrome/78.0.3904.108 Mobile Safari/537.36" "-"
200.83.72.58 - - [27/Nov/2019:03:41:53 +0100] "GET /wp-content/plugins/woocommerce/assets/js/jquery-blockui/jquery.blockUI.min.js?ver=2.70 HTTP/1.1" 200 9908 "https://amazingsportwear.com/producto/gorra-sport/" "Mozilla/5.0 (Linux; Android 7.0; Moto C Plus) AppleWebKit/537.36 (KHTML, like Gecko) Chrome/78.0.3904.108 Mobile Safari/537.36" "-"
200.83.72.58 - - [27/Nov/2019:03:41:53 +0100] "GET /wp-content/plugins/woocommerce/assets/js/zoom/jquery.zoom.min.js?ver=1.7.21 HTTP/1.1" 200 2957 "https://amazingsportwear.com/producto/gorra-sport/" "Mozilla/5.0 (Linux; Android 7.0; Moto C Plus) AppleWebKit/537.36 (KHTML, like Gecko) Chrome/78.0.3904.108 Mobile Safari/537.36" "-"
200.83.72.58 - - [27/Nov/2019:03:41:53 +0100] "GET /wp-content/plugins/woocommerce/assets/js/flexslider/jquery.flexslider.min.js?ver=2.7.2 HTTP/1.1" 200 23232 "https://amazingsportwear.com/producto/gorra-sport/" "Mozilla/5.0 (Linux; Android 7.0; Moto C Plus) AppleWebKit/537.36 (KHTML, like Gecko) Chrome/78.0.3904.108 Mobile Safari/537.36" "-"
200.83.72.58 - - [27/Nov/2019:03:41:54 +0100] "GET /wp-content/plugins/woocommerce/assets/js/photoswipe/photoswipe-ui-default.min.js?ver=4.1.1 HTTP/1.1" 200 10220 "https://amazingsportwear.com/producto/gorra-sport/" "Mozilla/5.0 (Linux; Android 7.0; Moto C Plus) AppleWebKit/537.36 (KHTML, like Gecko) Chrome/78.0.3904.108 Mobile Safari/537.36" "-"
200.83.72.58 - - [27/Nov/2019:03:41:54 +0100] "GET /wp-content/plugins/woocommerce/assets/js/photoswipe/photoswipe.min.js?ver=4.1.1 HTTP/1.1" 200 32276 "https://amazingsportwear.com/producto/gorra-sport/" "Mozilla/5.0 (Linux; Android 7.0; Moto C Plus) AppleWebKit/537.36 (KHTML, like Gecko) Chrome/78.0.3904.108 Mobile Safari/537.36" "-"
200.83.72.58 - - [27/Nov/2019:03:41:54 +0100] "GET /wp-content/plugins/woocommerce/assets/js/frontend/single-product.min.js?ver=3.6.4 HTTP/1.1" 200 6693 "https://amazingsportwear.com/producto/gorra-sport/" "Mozilla/5.0 (Linux; Android 7.0; Moto C Plus) AppleWebKit/537.36 (KHTML, like Gecko) Chrome/78.0.3904.108 Mobile Safari/537.36" "-"
200.83.72.58 - - [27/Nov/2019:03:41:54 +0100] "GET /wp-content/plugins/woocommerce/assets/js/js-cookie/js.cookie.min.js?ver=2.1.4 HTTP/1.1" 200 2187 "https://amazingsportwear.com/producto/gorra-sport/" "Mozilla/5.0 (Linux; Android 7.0; Moto C Plus) AppleWebKit/537.36 (KHTML, like Gecko) Chrome/78.0.3904.108 Mobile Safari/537.36" "-"
200.83.72.58 - - [27/Nov/2019:03:41:54 +0100] "GET /wp-content/plugins/woocommerce/assets/js/frontend/woocommerce.min.js?ver=3.6.4 HTTP/1.1" 200 1813 "https://amazingsportwear.com/producto/gorra-sport/" "Mozilla/5.0 (Linux; Android 7.0; Moto C Plus) AppleWebKit/537.36 (KHTML, like Gecko) Chrome/78.0.3904.108 Mobile Safari/537.36" "-"
200.83.72.58 - - [27/Nov/2019:03:41:54 +0100] "GET /wp-content/themes/shopper/assets/fonts/fontawesome-webfont.woff2?v=4.7.0 HTTP/1.1" 200 77615 "https://amazingsportwear.com/wp-content/themes/shopper/style.css?ver=1.3.8" "Mozilla/5.0 (Linux; Android 7.0; Moto C Plus) AppleWebKit/537.36 (KHTML, like Gecko) Chrome/78.0.3904.108 Mobile Safari/537.36" "-"
200.83.72.58 - - [27/Nov/2019:03:41:54 +0100] "GET /wp-content/plugins/woocommerce/assets/js/frontend/cart-fragments.min.js?ver=3.6.4 HTTP/1.1" 200 3281 "https://amazingsportwear.com/producto/gorra-sport/" "Mozilla/5.0 (Linux; Android 7.0; Moto C Plus) AppleWebKit/537.36 (KHTML, like Gecko) Chrome/78.0.3904.108 Mobile Safari/537.36" "-"
200.83.72.58 - - [27/Nov/2019:03:41:54 +0100] "GET /wp-content/themes/shopper/assets/js/shopper.min.js?ver=1.3.8 HTTP/1.1" 200 5994 "https://amazingsportwear.com/producto/gorra-sport/" "Mozilla/5.0 (Linux; Android 7.0; Moto C Plus) AppleWebKit/537.36 (KHTML, like Gecko) Chrome/78.0.3904.108 Mobile Safari/537.36" "-"
200.83.72.58 - - [27/Nov/2019:03:41:54 +0100] "GET /wp-content/themes/shopper/assets/js/skip-link-focus-fix.js?ver=1.3.8 HTTP/1.1" 200 1023 "https://amazingsportwear.com/producto/gorra-sport/" "Mozilla/5.0 (Linux; Android 7.0; Moto C Plus) AppleWebKit/537.36 (KHTML, like Gecko) Chrome/78.0.3904.108 Mobile Safari/537.36" "-"
200.83.72.58 - - [27/Nov/2019:03:41:54 +0100] "GET /wp-includes/js/comment-reply.min.js?ver=5.2.4 HTTP/1.1" 200 2575 "https://amazingsportwear.com/producto/gorra-sport/" "Mozilla/5.0 (Linux; Android 7.0; Moto C Plus) AppleWebKit/537.36 (KHTML, like Gecko) Chrome/78.0.3904.108 Mobile Safari/537.36" "-"
200.83.72.58 - - [27/Nov/2019:03:41:54 +0100] "GET /wp-content/themes/shopper/assets/js/woocommerce/header-cart.min.js?ver=1.3.8 HTTP/1.1" 200 972 "https://amazingsportwear.com/producto/gorra-sport/" "Mozilla/5.0 (Linux; Android 7.0; Moto C Plus) AppleWebKit/537.36 (KHTML, like Gecko) Chrome/78.0.3904.108 Mobile Safari/537.36" "-"
200.83.72.58 - - [27/Nov/2019:03:41:54 +0100] "GET /wp-includes/js/wp-embed.min.js?ver=5.2.4 HTTP/1.1" 200 1744 "https://amazingsportwear.com/producto/gorra-sport/" "Mozilla/5.0 (Linux; Android 7.0; Moto C Plus) AppleWebKit/537.36 (KHTML, like Gecko) Chrome/78.0.3904.108 Mobile Safari/537.36" "-"
200.83.72.58 - - [27/Nov/2019:03:41:54 +0100] "GET /wp-includes/js/underscore.min.js?ver=1.8.3 HTTP/1.1" 200 16527 "https://amazingsportwear.com/producto/gorra-sport/" "Mozilla/5.0 (Linux; Android 7.0; Moto C Plus) AppleWebKit/537.36 (KHTML, like Gecko) Chrome/78.0.3904.108 Mobile Safari/537.36" "-"
200.83.72.58 - - [27/Nov/2019:03:41:54 +0100] "GET /wp-includes/js/wp-util.min.js?ver=5.2.4 HTTP/1.1" 200 1387 "https://amazingsportwear.com/producto/gorra-sport/" "Mozilla/5.0 (Linux; Android 7.0; Moto C Plus) AppleWebKit/537.36 (KHTML, like Gecko) Chrome/78.0.3904.108 Mobile Safari/537.36" "-"
200.83.72.58 - - [27/Nov/2019:03:41:54 +0100] "GET /wp-includes/js/jquery/ui/widget.min.js?ver=1.11.4 HTTP/1.1" 200 7250 "https://amazingsportwear.com/producto/gorra-sport/" "Mozilla/5.0 (Linux; Android 7.0; Moto C Plus) AppleWebKit/537.36 (KHTML, like Gecko) Chrome/78.0.3904.108 Mobile Safari/537.36" "-"
200.83.72.58 - - [27/Nov/2019:03:41:54 +0100] "GET /wp-content/plugins/woocommerce/assets/js/frontend/add-to-cart-variation.min.js?ver=3.6.4 HTTP/1.1" 200 13625 "https://amazingsportwear.com/producto/gorra-sport/" "Mozilla/5.0 (Linux; Android 7.0; Moto C Plus) AppleWebKit/537.36 (KHTML, like Gecko) Chrome/78.0.3904.108 Mobile Safari/537.36" "-"
200.83.72.58 - - [27/Nov/2019:03:41:54 +0100] "GET /wp-includes/js/jquery/ui/core.min.js?ver=1.11.4 HTTP/1.1" 200 4341 "https://amazingsportwear.com/producto/gorra-sport/" "Mozilla/5.0 (Linux; Android 7.0; Moto C Plus) AppleWebKit/537.36 (KHTML, like Gecko) Chrome/78.0.3904.108 Mobile Safari/537.36" "-"
200.83.72.58 - - [27/Nov/2019:03:41:54 +0100] "GET /wp-includes/js/jquery/ui/mouse.min.js?ver=1.11.4 HTTP/1.1" 200 3489 "https://amazingsportwear.com/producto/gorra-sport/" "Mozilla/5.0 (Linux; Android 7.0; Moto C Plus) AppleWebKit/537.36 (KHTML, like Gecko) Chrome/78.0.3904.108 Mobile Safari/537.36" "-"
200.83.72.58 - - [27/Nov/2019:03:41:54 +0100] "GET /wp-includes/js/jquery/ui/resizable.min.js?ver=1.11.4 HTTP/1.1" 200 18798 "https://amazingsportwear.com/producto/gorra-sport/" "Mozilla/5.0 (Linux; Android 7.0; Moto C Plus) AppleWebKit/537.36 (KHTML, like Gecko) Chrome/78.0.3904.108 Mobile Safari/537.36" "-"
200.83.72.58 - - [27/Nov/2019:03:41:54 +0100] "GET /wp-includes/js/jquery/ui/draggable.min.js?ver=1.11.4 HTTP/1.1" 200 19277 "https://amazingsportwear.com/producto/gorra-sport/" "Mozilla/5.0 (Linux; Android 7.0; Moto C Plus) AppleWebKit/537.36 (KHTML, like Gecko) Chrome/78.0.3904.108 Mobile Safari/537.36" "-"
200.83.72.58 - - [27/Nov/2019:03:41:55 +0100] "GET /wp-includes/js/jquery/ui/button.min.js?ver=1.11.4 HTTP/1.1" 200 7578 "https://amazingsportwear.com/producto/gorra-sport/" "Mozilla/5.0 (Linux; Android 7.0; Moto C Plus) AppleWebKit/537.36 (KHTML, like Gecko) Chrome/78.0.3904.108 Mobile Safari/537.36" "-"
200.83.72.58 - - [27/Nov/2019:03:41:55 +0100] "GET /wp-includes/js/jquery/ui/dialog.min.js?ver=1.11.4 HTTP/1.1" 200 12482 "https://amazingsportwear.com/producto/gorra-sport/" "Mozilla/5.0 (Linux; Android 7.0; Moto C Plus) AppleWebKit/537.36 (KHTML, like Gecko) Chrome/78.0.3904.108 Mobile Safari/537.36" "-"
200.83.72.58 - - [27/Nov/2019:03:41:55 +0100] "GET /wp-content/plugins/product-enquiry-for-woocommerce/js/wdm_jquery.validate.min.js?ver=5.2.4 HTTP/1.1" 200 21818 "https://amazingsportwear.com/producto/gorra-sport/" "Mozilla/5.0 (Linux; Android 7.0; Moto C Plus) AppleWebKit/537.36 (KHTML, like Gecko) Chrome/78.0.3904.108 Mobile Safari/537.36" "-"
200.83.72.58 - - [27/Nov/2019:03:41:55 +0100] "GET /wp-content/plugins/product-enquiry-for-woocommerce/js/contact.js?ver=5.2.4 HTTP/1.1" 200 4681 "https://amazingsportwear.com/producto/gorra-sport/" "Mozilla/5.0 (Linux; Android 7.0; Moto C Plus) AppleWebKit/537.36 (KHTML, like Gecko) Chrome/78.0.3904.108 Mobile Safari/537.36" "-"
200.83.72.58 - - [27/Nov/2019:03:41:55 +0100] "GET /wp-includes/js/wp-emoji-release.min.js?ver=5.2.4 HTTP/1.1" 200 14183 "https://amazingsportwear.com/producto/gorra-sport/" "Mozilla/5.0 (Linux; Android 7.0; Moto C Plus) AppleWebKit/537.36 (KHTML, like Gecko) Chrome/78.0.3904.108 Mobile Safari/537.36" "_ga=GA1.2.1652455732.1574822513; _gid=GA1.2.203554081.1574822513; _gat_gtag_UA_91619287_1=1"
200.83.72.58 - - [27/Nov/2019:03:41:55 +0100] "GET /wp-content/plugins/akismet/_inc/form.js?ver=4.1.2 HTTP/1.1" 200 1040 "https://amazingsportwear.com/producto/gorra-sport/" "Mozilla/5.0 (Linux; Android 7.0; Moto C Plus) AppleWebKit/537.36 (KHTML, like Gecko) Chrome/78.0.3904.108 Mobile Safari/537.36" "_ga=GA1.2.1652455732.1574822513; _gid=GA1.2.203554081.1574822513; _gat_gtag_UA_91619287_1=1"
200.83.72.58 - - [27/Nov/2019:03:41:55 +0100] "GET /wp-content/plugins/simple-social-icons/symbol-defs.svg HTTP/1.1" 200 19699 "https://amazingsportwear.com/producto/gorra-sport/" "Mozilla/5.0 (Linux; Android 7.0; Moto C Plus) AppleWebKit/537.36 (KHTML, like Gecko) Chrome/78.0.3904.108 Mobile Safari/537.36" "_ga=GA1.2.1652455732.1574822513; _gid=GA1.2.203554081.1574822513; _gat_gtag_UA_91619287_1=1"
200.83.72.58 - - [27/Nov/2019:03:41:55 +0100] "GET /wp-content/uploads/2019/05/cropped-asw-white.png HTTP/1.1" 200 7500 "https://amazingsportwear.com/producto/gorra-sport/" "Mozilla/5.0 (Linux; Android 7.0; Moto C Plus) AppleWebKit/537.36 (KHTML, like Gecko) Chrome/78.0.3904.108 Mobile Safari/537.36" "_ga=GA1.2.1652455732.1574822513; _gid=GA1.2.203554081.1574822513; _gat_gtag_UA_91619287_1=1"
200.83.72.58 - - [27/Nov/2019:03:41:55 +0100] "GET /wp-content/uploads/2019/04/Gorra-sport-12.png HTTP/1.1" 200 92310 "https://amazingsportwear.com/producto/gorra-sport/" "Mozilla/5.0 (Linux; Android 7.0; Moto C Plus) AppleWebKit/537.36 (KHTML, like Gecko) Chrome/78.0.3904.108 Mobile Safari/537.36" "_ga=GA1.2.1652455732.1574822513; _gid=GA1.2.203554081.1574822513; _gat_gtag_UA_91619287_1=1"
200.83.72.58 - - [27/Nov/2019:03:41:55 +0100] "GET /wp-content/uploads/2019/04/Gorra-sport-11.png HTTP/1.1" 200 127753 "https://amazingsportwear.com/producto/gorra-sport/" "Mozilla/5.0 (Linux; Android 7.0; Moto C Plus) AppleWebKit/537.36 (KHTML, like Gecko) Chrome/78.0.3904.108 Mobile Safari/537.36" "_ga=GA1.2.1652455732.1574822513; _gid=GA1.2.203554081.1574822513; _gat_gtag_UA_91619287_1=1"
200.83.72.58 - - [27/Nov/2019:03:41:55 +0100] "GET /wp-includes/js/jquery/ui/position.min.js?ver=1.11.4 HTTP/1.1" 200 6869 "https://amazingsportwear.com/producto/gorra-sport/" "Mozilla/5.0 (Linux; Android 7.0; Moto C Plus) AppleWebKit/537.36 (KHTML, like Gecko) Chrome/78.0.3904.108 Mobile Safari/537.36" "-"
200.83.72.58 - - [27/Nov/2019:03:41:55 +0100] "GET /wp-content/uploads/2019/04/Gorra-sport-10.png HTTP/1.1" 200 57063 "https://amazingsportwear.com/producto/gorra-sport/" "Mozilla/5.0 (Linux; Android 7.0; Moto C Plus) AppleWebKit/537.36 (KHTML, like Gecko) Chrome/78.0.3904.108 Mobile Safari/537.36" "_ga=GA1.2.1652455732.1574822513; _gid=GA1.2.203554081.1574822513; _gat_gtag_UA_91619287_1=1"
200.83.72.58 - - [27/Nov/2019:03:41:55 +0100] "GET /wp-content/uploads/2019/04/Gorra-sport-8.png HTTP/1.1" 200 85579 "https://amazingsportwear.com/producto/gorra-sport/" "Mozilla/5.0 (Linux; Android 7.0; Moto C Plus) AppleWebKit/537.36 (KHTML, like Gecko) Chrome/78.0.3904.108 Mobile Safari/537.36" "_ga=GA1.2.1652455732.1574822513; _gid=GA1.2.203554081.1574822513; _gat_gtag_UA_91619287_1=1"
200.83.72.58 - - [27/Nov/2019:03:41:55 +0100] "GET /wp-content/uploads/2019/04/Gorra-sport-9.png HTTP/1.1" 200 109366 "https://amazingsportwear.com/producto/gorra-sport/" "Mozilla/5.0 (Linux; Android 7.0; Moto C Plus) AppleWebKit/537.36 (KHTML, like Gecko) Chrome/78.0.3904.108 Mobile Safari/537.36" "_ga=GA1.2.1652455732.1574822513; _gid=GA1.2.203554081.1574822513; _gat_gtag_UA_91619287_1=1"
200.83.72.58 - - [27/Nov/2019:03:41:55 +0100] "GET /wp-content/uploads/2019/04/Gorra-sport-7.png HTTP/1.1" 200 96549 "https://amazingsportwear.com/producto/gorra-sport/" "Mozilla/5.0 (Linux; Android 7.0; Moto C Plus) AppleWebKit/537.36 (KHTML, like Gecko) Chrome/78.0.3904.108 Mobile Safari/537.36" "_ga=GA1.2.1652455732.1574822513; _gid=GA1.2.203554081.1574822513; _gat_gtag_UA_91619287_1=1"
200.83.72.58 - - [27/Nov/2019:03:41:55 +0100] "GET /wp-content/uploads/2019/04/Gorra-sport-5.png HTTP/1.1" 200 49407 "https://amazingsportwear.com/producto/gorra-sport/" "Mozilla/5.0 (Linux; Android 7.0; Moto C Plus) AppleWebKit/537.36 (KHTML, like Gecko) Chrome/78.0.3904.108 Mobile Safari/537.36" "_ga=GA1.2.1652455732.1574822513; _gid=GA1.2.203554081.1574822513; _gat_gtag_UA_91619287_1=1"
200.83.72.58 - - [27/Nov/2019:03:41:55 +0100] "GET /wp-content/uploads/2019/04/Gorra-sport-3.png HTTP/1.1" 200 87849 "https://amazingsportwear.com/producto/gorra-sport/" "Mozilla/5.0 (Linux; Android 7.0; Moto C Plus) AppleWebKit/537.36 (KHTML, like Gecko) Chrome/78.0.3904.108 Mobile Safari/537.36" "_ga=GA1.2.1652455732.1574822513; _gid=GA1.2.203554081.1574822513; _gat_gtag_UA_91619287_1=1"
200.83.72.58 - - [27/Nov/2019:03:41:56 +0100] "GET /wp-content/uploads/2019/04/Gorra-sport-2.png HTTP/1.1" 200 121983 "https://amazingsportwear.com/producto/gorra-sport/" "Mozilla/5.0 (Linux; Android 7.0; Moto C Plus) AppleWebKit/537.36 (KHTML, like Gecko) Chrome/78.0.3904.108 Mobile Safari/537.36" "_ga=GA1.2.1652455732.1574822513; _gid=GA1.2.203554081.1574822513; _gat_gtag_UA_91619287_1=1"
200.83.72.58 - - [27/Nov/2019:03:41:56 +0100] "GET /wp-content/uploads/2019/04/Gorra-sport-1.png HTTP/1.1" 200 90318 "https://amazingsportwear.com/producto/gorra-sport/" "Mozilla/5.0 (Linux; Android 7.0; Moto C Plus) AppleWebKit/537.36 (KHTML, like Gecko) Chrome/78.0.3904.108 Mobile Safari/537.36" "_ga=GA1.2.1652455732.1574822513; _gid=GA1.2.203554081.1574822513; _gat_gtag_UA_91619287_1=1"
200.83.72.58 - - [27/Nov/2019:03:41:56 +0100] "GET /wp-content/plugins/product-enquiry-for-woocommerce/img/contact/loading.gif HTTP/1.1" 200 3834 "https://amazingsportwear.com/producto/gorra-sport/" "Mozilla/5.0 (Linux; Android 7.0; Moto C Plus) AppleWebKit/537.36 (KHTML, like Gecko) Chrome/78.0.3904.108 Mobile Safari/537.36" "_ga=GA1.2.1652455732.1574822513; _gid=GA1.2.203554081.1574822513; _gat_gtag_UA_91619287_1=1"
200.83.72.58 - - [27/Nov/2019:03:41:56 +0100] "GET /wp-content/uploads/2019/04/Gorra-sport-9-100x100.png HTTP/1.1" 200 6570 "https://amazingsportwear.com/producto/gorra-sport/" "Mozilla/5.0 (Linux; Android 7.0; Moto C Plus) AppleWebKit/537.36 (KHTML, like Gecko) Chrome/78.0.3904.108 Mobile Safari/537.36" "_ga=GA1.2.1652455732.1574822513; _gid=GA1.2.203554081.1574822513; _gat_gtag_UA_91619287_1=1"
200.83.72.58 - - [27/Nov/2019:03:41:56 +0100] "GET /wp-content/uploads/2019/04/Gorra-sport-11-100x100.png HTTP/1.1" 200 7943 "https://amazingsportwear.com/producto/gorra-sport/" "Mozilla/5.0 (Linux; Android 7.0; Moto C Plus) AppleWebKit/537.36 (KHTML, like Gecko) Chrome/78.0.3904.108 Mobile Safari/537.36" "_ga=GA1.2.1652455732.1574822513; _gid=GA1.2.203554081.1574822513; _gat_gtag_UA_91619287_1=1"
200.83.72.58 - - [27/Nov/2019:03:41:56 +0100] "GET /wp-content/uploads/2019/04/Gorra-sport-10-100x100.png HTTP/1.1" 200 3483 "https://amazingsportwear.com/producto/gorra-sport/" "Mozilla/5.0 (Linux; Android 7.0; Moto C Plus) AppleWebKit/537.36 (KHTML, like Gecko) Chrome/78.0.3904.108 Mobile Safari/537.36" "_ga=GA1.2.1652455732.1574822513; _gid=GA1.2.203554081.1574822513; _gat_gtag_UA_91619287_1=1"
200.83.72.58 - - [27/Nov/2019:03:41:56 +0100] "GET /wp-content/uploads/2019/04/Gorra-sport-8-100x100.png HTTP/1.1" 200 6945 "https://amazingsportwear.com/producto/gorra-sport/" "Mozilla/5.0 (Linux; Android 7.0; Moto C Plus) AppleWebKit/537.36 (KHTML, like Gecko) Chrome/78.0.3904.108 Mobile Safari/537.36" "_ga=GA1.2.1652455732.1574822513; _gid=GA1.2.203554081.1574822513; _gat_gtag_UA_91619287_1=1"
200.83.72.58 - - [27/Nov/2019:03:41:56 +0100] "GET /wp-content/uploads/2019/04/Gorra-sport-6-100x100.png HTTP/1.1" 200 2993 "https://amazingsportwear.com/producto/gorra-sport/" "Mozilla/5.0 (Linux; Android 7.0; Moto C Plus) AppleWebKit/537.36 (KHTML, like Gecko) Chrome/78.0.3904.108 Mobile Safari/537.36" "_ga=GA1.2.1652455732.1574822513; _gid=GA1.2.203554081.1574822513; _gat_gtag_UA_91619287_1=1"
