217.76.130.90 - - [22/Nov/2019:09:15:40 +0100] "POST /wp-cron.php?doing_wp_cron=1574410540.9067370891571044921875 HTTP/1.1" 200 164 "http://amazingsportwear.com/wp-cron.php?doing_wp_cron=1574410540.9067370891571044921875" "WordPress/5.2.4; https://amazingsportwear.com" "-"
173.252.127.35 - - [22/Nov/2019:09:15:39 +0100] "GET / HTTP/1.1" 301 298 "-" "facebookexternalhit/1.1 (+http://www.facebook.com/externalhit_uatext.php)" "-"
173.252.127.35 - - [22/Nov/2019:09:15:41 +0100] "GET / HTTP/1.1" 200 125525 "-" "facebookexternalhit/1.1 (+http://www.facebook.com/externalhit_uatext.php)" "-"
217.76.130.90 - - [22/Nov/2019:09:19:23 +0100] "POST /wp-cron.php?doing_wp_cron=1574410763.8453569412231445312500 HTTP/1.1" 200 3389 "https://amazingsportwear.com/wp-cron.php?doing_wp_cron=1574410763.8453569412231445312500" "WordPress/5.2.4; https://amazingsportwear.com" "-"
66.249.66.66 - - [22/Nov/2019:09:19:20 +0100] "GET /producto/pantalon-corto-futbol/ HTTP/1.1" 200 91271 "-" "Mozilla/5.0 (compatible; Googlebot/2.1; +http://www.google.com/bot.html)" "-"
66.249.66.68 - - [22/Nov/2019:09:19:28 +0100] "POST /?wc-ajax=get_refreshed_fragments HTTP/1.1" 200 4760 "https://amazingsportwear.com/producto/pantalon-corto-futbol/" "Mozilla/5.0 AppleWebKit/537.36 (KHTML, like Gecko; compatible; Googlebot/2.1; +http://www.google.com/bot.html) Safari/537.36" "_ga=GA1.2.931330593.1574380800; _gid=GA1.2.2074753562.1574380800; _gat_gtag_UA_91619287_1=1"
217.76.130.90 - - [22/Nov/2019:09:31:40 +0100] "POST /wp-cron.php?doing_wp_cron=1574411500.5292470455169677734375 HTTP/1.1" 200 164 "http://amazingsportwear.com/wp-cron.php?doing_wp_cron=1574411500.5292470455169677734375" "WordPress/5.2.4; https://amazingsportwear.com" "-"
40.77.167.44 - - [22/Nov/2019:09:31:37 +0100] "GET /ciclismo/88-manguito-brazo-ciclismo.html HTTP/1.1" 404 68066 "-" "Mozilla/5.0 (compatible; bingbot/2.0; +http://www.bing.com/bingbot.htm)" "-"
217.76.130.90 - - [22/Nov/2019:09:32:31 +0100] "POST /wp-cron.php?doing_wp_cron=1574411551.9640169143676757812500 HTTP/1.1" 200 164 "http://amazingsportwear.com/wp-cron.php?doing_wp_cron=1574411551.9640169143676757812500" "WordPress/5.2.4; https://amazingsportwear.com" "-"
40.77.167.56 - - [22/Nov/2019:09:32:31 +0100] "GET /18-ciclismo HTTP/1.1" 404 68007 "-" "Mozilla/5.0 (compatible; bingbot/2.0; +http://www.bing.com/bingbot.htm)" "-"
217.76.130.90 - - [22/Nov/2019:09:35:27 +0100] "POST /wp-cron.php?doing_wp_cron=1574411727.8843510150909423828125 HTTP/1.1" 200 3389 "https://amazingsportwear.com/wp-cron.php?doing_wp_cron=1574411727.8843510150909423828125" "WordPress/5.2.4; https://amazingsportwear.com" "-"
66.249.66.66 - - [22/Nov/2019:09:35:26 +0100] "GET /producto/mochila-humus/ HTTP/1.1" 200 96703 "-" "Mozilla/5.0 (Linux; Android 6.0.1; Nexus 5X Build/MMB29P) AppleWebKit/537.36 (KHTML, like Gecko) Chrome/41.0.2272.96 Mobile Safari/537.36 (compatible; Googlebot/2.1; +http://www.google.com/bot.html)" "-"
217.76.130.90 - - [22/Nov/2019:09:44:07 +0100] "POST /wp-cron.php?doing_wp_cron=1574412247.1807360649108886718750 HTTP/1.1" 200 164 "http://amazingsportwear.com/wp-cron.php?doing_wp_cron=1574412247.1807360649108886718750" "WordPress/5.2.4; https://amazingsportwear.com" "-"
188.213.14.207 - - [22/Nov/2019:09:44:01 +0100] "GET /index.php? HTTP/1.1" 301 336 "-" "Mozilla/5.0 (Macintosh; Intel Mac OS X 10_14_5) AppleWebKit/605.1.15 (KHTML, like Gecko)" "-"
188.213.14.207 - - [22/Nov/2019:09:44:07 +0100] "GET / HTTP/1.1" 200 125628 "-" "Mozilla/5.0 (Macintosh; Intel Mac OS X 10_14_5) AppleWebKit/605.1.15 (KHTML, like Gecko)" "-"
188.213.14.207 - - [22/Nov/2019:09:44:09 +0100] "GET /wp-content/uploads/2019/05/cropped-favicon-nuevo-logo-amazinf-128px-180x180.png HTTP/1.1" 200 13234 "-" "Safari/14607.2.6.1.1 CFNetwork/978.0.7 Darwin/18.6.0 (x86_64)" "-"
217.76.130.90 - - [22/Nov/2019:09:44:08 +0100] "POST /wp-admin/admin-ajax.php?action=wp_1_wc_privacy_cleanup&nonce=c86d730618 HTTP/1.1" 200 3709 "https://amazingsportwear.com/wp-admin/admin-ajax.php?action=wp_1_wc_privacy_cleanup&nonce=c86d730618" "WordPress/5.2.4; https://amazingsportwear.com" "-"
217.76.130.90 - - [22/Nov/2019:09:45:01 +0100] "POST /wp-cron.php?doing_wp_cron=1574412301.4141778945922851562500 HTTP/1.1" 200 3389 "https://amazingsportwear.com/wp-cron.php?doing_wp_cron=1574412301.4141778945922851562500" "WordPress/5.2.4; https://amazingsportwear.com" "-"
66.249.66.66 - - [22/Nov/2019:09:45:00 +0100] "GET /categoria-producto/accesorios/toallas/ HTTP/1.1" 200 59853 "-" "Mozilla/5.0 (compatible; Googlebot/2.1; +http://www.google.com/bot.html)" "-"
217.76.130.90 - - [22/Nov/2019:09:54:15 +0100] "POST /wp-cron.php?doing_wp_cron=1574412855.6952719688415527343750 HTTP/1.1" 200 164 "http://amazingsportwear.com/wp-cron.php?doing_wp_cron=1574412855.6952719688415527343750" "WordPress/5.2.4; https://amazingsportwear.com" "-"
157.55.39.94 - - [22/Nov/2019:09:54:13 +0100] "GET /tienda/111-camiseta-tecnica-maurice.html HTTP/1.1" 404 68096 "-" "Mozilla/5.0 (compatible; bingbot/2.0; +http://www.bing.com/bingbot.htm)" "-"
148.255.103.63 - - [22/Nov/2019:09:58:15 +0100] "GET /wp-content/uploads/2019/04/Gorra-sport-6.png HTTP/1.1" 200 44623 "https://www.google.com.do/" "Mozilla/5.0 (Windows NT 10.0; Win64; x64) AppleWebKit/537.36 (KHTML, like Gecko) Chrome/78.0.3904.108 Safari/537.36" "-"
217.76.130.90 - - [22/Nov/2019:09:59:50 +0100] "POST /wp-cron.php?doing_wp_cron=1574413190.1735620498657226562500 HTTP/1.1" 200 164 "http://amazingsportwear.com/wp-cron.php?doing_wp_cron=1574413190.1735620498657226562500" "WordPress/5.2.4; https://amazingsportwear.com" "-"
17.58.98.229 - - [22/Nov/2019:09:59:49 +0100] "GET /robots.txt HTTP/1.1" 200 375 "-" "Mozilla/5.0 (Macintosh; Intel Mac OS X 10_10_1) AppleWebKit/600.2.5 (KHTML, like Gecko) Version/8.0.2 Safari/600.2.5 (Applebot/0.1; +http://www.apple.com/go/applebot)" "-"
17.58.96.188 - - [22/Nov/2019:09:59:50 +0100] "GET / HTTP/1.1" 301 279 "-" "Mozilla/5.0 (Macintosh; Intel Mac OS X 10_10_1) AppleWebKit/600.2.5 (KHTML, like Gecko) Version/8.0.2 Safari/600.2.5 (Applebot/0.1; +http://www.apple.com/go/applebot)" "-"
17.58.96.188 - - [22/Nov/2019:09:59:52 +0100] "GET / HTTP/1.1" 200 125586 "-" "Mozilla/5.0 (Macintosh; Intel Mac OS X 10_10_1) AppleWebKit/600.2.5 (KHTML, like Gecko) Version/8.0.2 Safari/600.2.5 (Applebot/0.1; +http://www.apple.com/go/applebot)" "-"
217.76.130.90 - - [22/Nov/2019:10:04:28 +0100] "POST /wp-cron.php?doing_wp_cron=1574413468.0639081001281738281250 HTTP/1.1" 200 3389 "https://amazingsportwear.com/wp-cron.php?doing_wp_cron=1574413468.0639081001281738281250" "WordPress/5.2.4; https://amazingsportwear.com" "-"
66.249.66.66 - - [22/Nov/2019:10:04:26 +0100] "GET /categoria-producto/hombre/cortavientos/ HTTP/1.1" 200 57366 "-" "Mozilla/5.0 (Linux; Android 6.0.1; Nexus 5X Build/MMB29P) AppleWebKit/537.36 (KHTML, like Gecko) Chrome/41.0.2272.96 Mobile Safari/537.36 (compatible; Googlebot/2.1; +http://www.google.com/bot.html)" "-"
66.249.66.66 - - [22/Nov/2019:10:04:41 +0100] "GET /categoria-producto/hombre/cortavientos/ HTTP/1.1" 200 54003 "-" "Mozilla/5.0 (Linux; Android 6.0.1; Nexus 5X Build/MMB29P) AppleWebKit/537.36 (KHTML, like Gecko) Chrome/41.0.2272.96 Mobile Safari/537.36 (compatible; Googlebot/2.1; +http://www.google.com/bot.html)" "-"
79.109.145.192 - - [22/Nov/2019:10:07:35 +0100] "GET /wp-content/uploads/2017/03/CAT-5247-04.jpg HTTP/1.1" 200 33434 "https://www.google.com/" "Mozilla/5.0 (Macintosh; Intel Mac OS X 10_13_6) AppleWebKit/537.36 (KHTML, like Gecko) Chrome/78.0.3904.97 Safari/537.36" "-"
217.76.130.90 - - [22/Nov/2019:10:08:05 +0100] "POST /wp-cron.php?doing_wp_cron=1574413685.8521909713745117187500 HTTP/1.1" 200 164 "http://amazingsportwear.com/wp-cron.php?doing_wp_cron=1574413685.8521909713745117187500" "WordPress/5.2.4; https://amazingsportwear.com" "-"
107.178.236.22 - - [22/Nov/2019:10:08:04 +0100] "GET / HTTP/1.1" 301 279 "-" "KOCMOHABT (+https://kozmonavt.tk/) Mozilla/5.0 (compatible; Web Explorer 2)" "-"
107.178.236.22 - - [22/Nov/2019:10:08:06 +0100] "GET / HTTP/1.1" 200 125740 "-" "KOCMOHABT (+https://kozmonavt.tk/) Mozilla/5.0 (compatible; Web Explorer 2)" "-"
107.178.236.22 - - [22/Nov/2019:10:08:08 +0100] "GET /robots.txt HTTP/1.1" 200 3882 "-" "KOCMOHABT (+https://kozmonavt.tk/) Mozilla/5.0 (compatible; Web Explorer 2)" "-"
66.249.66.66 - - [22/Nov/2019:10:09:40 +0100] "GET /wp-content/uploads/2019/04/Gorra-sport-12-100x100.png HTTP/1.1" 304 3565 "-" "Googlebot-Image/1.0" "-"
217.76.130.90 - - [22/Nov/2019:10:37:02 +0100] "POST /wp-cron.php?doing_wp_cron=1574415422.3298339843750000000000 HTTP/1.1" 200 164 "http://amazingsportwear.com/wp-cron.php?doing_wp_cron=1574415422.3298339843750000000000" "WordPress/5.2.4; https://amazingsportwear.com" "-"
159.89.154.10 - - [22/Nov/2019:10:36:59 +0100] "GET / HTTP/1.1" 301 336 "-" "python-requests/2.22.0" "-"
159.89.154.10 - - [22/Nov/2019:10:37:22 +0100] "GET / HTTP/1.1" 200 125790 "-" "python-requests/2.22.0" "wpfront-notification-bar-landingpage=1"
217.76.130.90 - - [22/Nov/2019:10:40:29 +0100] "POST /wp-cron.php?doing_wp_cron=1574415629.0886030197143554687500 HTTP/1.1" 200 3389 "https://amazingsportwear.com/wp-cron.php?doing_wp_cron=1574415629.0886030197143554687500" "WordPress/5.2.4; https://amazingsportwear.com" "-"
66.249.66.70 - - [22/Nov/2019:10:40:28 +0100] "GET /producto/camiseta-tecnica-combinada-atom-aq-atom/ HTTP/1.1" 200 104527 "-" "Mozilla/5.0 (Linux; Android 6.0.1; Nexus 5X Build/MMB29P) AppleWebKit/537.36 (KHTML, like Gecko) Chrome/41.0.2272.96 Mobile Safari/537.36 (compatible; Googlebot/2.1; +http://www.google.com/bot.html)" "-"
217.76.130.90 - - [22/Nov/2019:10:42:26 +0100] "POST /wp-cron.php?doing_wp_cron=1574415746.8419759273529052734375 HTTP/1.1" 200 3389 "https://amazingsportwear.com/wp-cron.php?doing_wp_cron=1574415746.8419759273529052734375" "WordPress/5.2.4; https://amazingsportwear.com" "-"
157.55.39.94 - - [22/Nov/2019:10:42:25 +0100] "GET /etiqueta-producto/mochila-blades/ HTTP/1.1" 200 54047 "-" "Mozilla/5.0 (compatible; bingbot/2.0; +http://www.bing.com/bingbot.htm)" "-"
217.76.130.90 - - [22/Nov/2019:10:43:33 +0100] "POST /wp-cron.php?doing_wp_cron=1574415813.6745290756225585937500 HTTP/1.1" 200 3389 "https://amazingsportwear.com/wp-cron.php?doing_wp_cron=1574415813.6745290756225585937500" "WordPress/5.2.4; https://amazingsportwear.com" "-"
40.77.167.44 - - [22/Nov/2019:10:43:32 +0100] "GET /etiqueta-producto/gorra-sport/ HTTP/1.1" 200 53970 "-" "Mozilla/5.0 (compatible; bingbot/2.0; +http://www.bing.com/bingbot.htm)" "-"
50.116.92.161 - - [22/Nov/2019:10:52:41 +0100] "GET /wp-admin/includes/Marvins.php HTTP/1.1" 404 68003 "http://site.ru" "Mozilla/5.0 (Windows; U; Windows NT 5.1; en-US) AppleWebKit/533.4 (KHTML, like Gecko) Chrome/5.0.375.99 Safari/533.4" "-"
217.76.130.90 - - [22/Nov/2019:10:52:43 +0100] "POST /wp-cron.php?doing_wp_cron=1574416363.5793991088867187500000 HTTP/1.1" 200 159 "http://amazingsportwear.com/wp-cron.php?doing_wp_cron=1574416363.5793991088867187500000" "WordPress/5.2.4; https://amazingsportwear.com" "-"
50.116.92.161 - - [22/Nov/2019:10:52:41 +0100] "GET /wp-admin/includes/Marvins.php HTTP/1.1" 404 67973 "http://site.ru" "Mozilla/5.0 (Windows; U; Windows NT 5.1; en-US) AppleWebKit/533.4 (KHTML, like Gecko) Chrome/5.0.375.99 Safari/533.4" "-"
217.76.130.90 - - [22/Nov/2019:10:59:53 +0100] "POST /wp-cron.php?doing_wp_cron=1574416793.9205191135406494140625 HTTP/1.1" 200 3389 "https://amazingsportwear.com/wp-cron.php?doing_wp_cron=1574416793.9205191135406494140625" "WordPress/5.2.4; https://amazingsportwear.com" "-"
157.55.39.25 - - [22/Nov/2019:10:59:52 +0100] "GET /robots.txt HTTP/1.1" 200 2297 "-" "Mozilla/5.0 (compatible; bingbot/2.0; +http://www.bing.com/bingbot.htm)" "-"
157.55.39.25 - - [22/Nov/2019:10:59:54 +0100] "GET /robots.txt HTTP/1.1" 200 3939 "-" "Mozilla/5.0 (compatible; bingbot/2.0; +http://www.bing.com/bingbot.htm)" "-"
66.249.66.70 - - [22/Nov/2019:10:59:54 +0100] "GET /etiqueta-producto/kit-primeros-auxilios/ HTTP/1.1" 200 55977 "-" "Mozilla/5.0 (Linux; Android 6.0.1; Nexus 5X Build/MMB29P) AppleWebKit/537.36 (KHTML, like Gecko) Chrome/41.0.2272.96 Mobile Safari/537.36 (compatible; Googlebot/2.1; +http://www.google.com/bot.html)" "-"
217.76.130.90 - - [22/Nov/2019:11:00:35 +0100] "POST /wp-cron.php?doing_wp_cron=1574416835.8803329467773437500000 HTTP/1.1" 200 164 "http://amazingsportwear.com/wp-cron.php?doing_wp_cron=1574416835.8803329467773437500000" "WordPress/5.2.4; https://amazingsportwear.com" "-"
84.17.62.141 - - [22/Nov/2019:11:00:35 +0100] "GET / HTTP/1.0" 301 265 "http://amazingsportwear.com/" "Mozilla/5.0 (Windows NT 10.0; Win64; x64) AppleWebKit/537.36 (KHTML, like Gecko) Chrome/67.0.3396.87 Safari/537.36 OPR/54.0.2952.64" "-"
84.17.62.141 - - [22/Nov/2019:11:00:36 +0100] "GET / HTTP/1.0" 200 124646 "https://amazingsportwear.com/" "Mozilla/5.0 (Windows NT 10.0; Win64; x64) AppleWebKit/537.36 (KHTML, like Gecko) Chrome/67.0.3396.87 Safari/537.36 OPR/54.0.2952.64" "wpfront-notification-bar-landingpage=1"
84.17.62.141 - - [22/Nov/2019:11:00:39 +0100] "POST / HTTP/1.0" 200 125309 "https://amazingsportwear.com/" "Mozilla/5.0 (Windows NT 10.0; Win64; x64) AppleWebKit/537.36 (KHTML, like Gecko) Chrome/67.0.3396.87 Safari/537.36 OPR/54.0.2952.64" "wpfront-notification-bar-landingpage=1"
217.76.130.90 - - [22/Nov/2019:11:01:56 +0100] "POST /wp-cron.php?doing_wp_cron=1574416916.6276030540466308593750 HTTP/1.1" 200 3389 "https://amazingsportwear.com/wp-cron.php?doing_wp_cron=1574416916.6276030540466308593750" "WordPress/5.2.4; https://amazingsportwear.com" "-"
40.77.167.56 - - [22/Nov/2019:11:01:56 +0100] "GET /etiqueta-producto/bidon-sumo/ HTTP/1.1" 200 53858 "-" "Mozilla/5.0 (compatible; bingbot/2.0; +http://www.bing.com/bingbot.htm)" "-"
217.76.130.90 - - [22/Nov/2019:11:04:52 +0100] "POST /wp-cron.php?doing_wp_cron=1574417092.4415240287780761718750 HTTP/1.1" 200 3389 "https://amazingsportwear.com/wp-cron.php?doing_wp_cron=1574417092.4415240287780761718750" "WordPress/5.2.4; https://amazingsportwear.com" "-"
66.249.66.66 - - [22/Nov/2019:11:04:51 +0100] "GET /categoria-producto/deportes/tenispadel/ HTTP/1.1" 200 65143 "-" "Mozilla/5.0 (compatible; Googlebot/2.1; +http://www.google.com/bot.html)" "-"
217.76.130.90 - - [22/Nov/2019:11:07:46 +0100] "POST /wp-cron.php?doing_wp_cron=1574417266.8591449260711669921875 HTTP/1.1" 200 164 "http://amazingsportwear.com/wp-cron.php?doing_wp_cron=1574417266.8591449260711669921875" "WordPress/5.2.4; https://amazingsportwear.com" "-"
157.55.39.8 - - [22/Nov/2019:11:07:45 +0100] "GET /26-camisetas-nino HTTP/1.1" 404 68024 "-" "Mozilla/5.0 (compatible; bingbot/2.0; +http://www.bing.com/bingbot.htm)" "-"
217.76.130.90 - - [22/Nov/2019:11:12:53 +0100] "POST /wp-cron.php?doing_wp_cron=1574417573.1543300151824951171875 HTTP/1.1" 200 3389 "https://amazingsportwear.com/wp-cron.php?doing_wp_cron=1574417573.1543300151824951171875" "WordPress/5.2.4; https://amazingsportwear.com" "-"
66.249.66.66 - - [22/Nov/2019:11:12:52 +0100] "GET /producto/bandana-microfibra-tipo-buff/ HTTP/1.1" 200 92913 "-" "Mozilla/5.0 (compatible; Googlebot/2.1; +http://www.google.com/bot.html)" "-"
217.76.130.90 - - [22/Nov/2019:11:33:39 +0100] "POST /wp-cron.php?doing_wp_cron=1574418819.0385310649871826171875 HTTP/1.1" 200 164 "http://amazingsportwear.com/wp-cron.php?doing_wp_cron=1574418819.0385310649871826171875" "WordPress/5.2.4; https://amazingsportwear.com" "-"
104.222.43.108 - - [22/Nov/2019:11:33:36 +0100] "GET / HTTP/1.1" 301 336 "-" "Mozilla/5.0 (Windows NT 6.1; WOW64; rv:27.0) Gecko/20100101 Firefox/27.0" "-"
217.76.130.90 - - [22/Nov/2019:11:44:42 +0100] "POST /wp-cron.php?doing_wp_cron=1574419482.1967198848724365234375 HTTP/1.1" 200 164 "http://amazingsportwear.com/wp-cron.php?doing_wp_cron=1574419482.1967198848724365234375" "WordPress/5.2.4; https://amazingsportwear.com" "-"
104.222.33.94 - - [22/Nov/2019:11:44:35 +0100] "GET / HTTP/1.1" 301 336 "-" "Mozilla/5.0 (Windows NT 10.0; Win64; x64; rv:64.0) Gecko/20100101 Firefox/64.0" "-"
23.239.180.38 - - [22/Nov/2019:11:44:43 +0100] "GET / HTTP/1.1" 200 125560 "-" "Mozilla/5.0 (Windows NT 10.0; Win64; x64; rv:64.0) Gecko/20100101 Firefox/64.0" "wpfront-notification-bar-landingpage=1; APSERVER_ID=6aea3f1b37038bc1d5bd49e5e244a7dc4c1e085f174d20cdb48ab659e3b7ee3b"
104.222.33.103 - - [22/Nov/2019:11:44:51 +0100] "GET /wp-content/uploads/2019/05/cropped-favicon-nuevo-logo-amazinf-128px-32x32.png HTTP/1.1" 200 4392 "-" "Mozilla/5.0 (Windows NT 10.0; Win64; x64; rv:64.0) Gecko/20100101 Firefox/64.0" "-"
217.76.130.90 - - [22/Nov/2019:11:46:41 +0100] "POST /wp-cron.php?doing_wp_cron=1574419601.1165549755096435546875 HTTP/1.1" 200 3389 "https://amazingsportwear.com/wp-cron.php?doing_wp_cron=1574419601.1165549755096435546875" "WordPress/5.2.4; https://amazingsportwear.com" "-"
31.13.103.14 - - [22/Nov/2019:11:46:40 +0100] "GET / HTTP/1.1" 200 125515 "-" "facebookexternalhit/1.1 (+http://www.facebook.com/externalhit_uatext.php)" "-"
31.13.103.2 - - [22/Nov/2019:11:46:41 +0100] "GET / HTTP/1.1" 200 125550 "-" "facebookexternalhit/1.1 (+http://www.facebook.com/externalhit_uatext.php)" "-"
31.13.103.23 - - [22/Nov/2019:11:46:42 +0100] "GET /contacta-con-nosotros HTTP/1.1" 301 319 "-" "facebookexternalhit/1.1 (+http://www.facebook.com/externalhit_uatext.php)" "-"
31.13.103.4 - - [22/Nov/2019:11:46:43 +0100] "GET /contacta-con-nosotros HTTP/1.1" 301 319 "-" "facebookexternalhit/1.1 (+http://www.facebook.com/externalhit_uatext.php)" "-"
31.13.103.23 - - [22/Nov/2019:11:46:43 +0100] "GET /contacta-con-nosotros/ HTTP/1.1" 200 58164 "-" "facebookexternalhit/1.1 (+http://www.facebook.com/externalhit_uatext.php)" "-"
31.13.103.4 - - [22/Nov/2019:11:46:44 +0100] "GET /contacta-con-nosotros/ HTTP/1.1" 200 58189 "-" "facebookexternalhit/1.1 (+http://www.facebook.com/externalhit_uatext.php)" "-"
217.76.130.90 - - [22/Nov/2019:11:47:52 +0100] "POST /wp-cron.php?doing_wp_cron=1574419672.3156969547271728515625 HTTP/1.1" 200 3389 "https://amazingsportwear.com/wp-cron.php?doing_wp_cron=1574419672.3156969547271728515625" "WordPress/5.2.4; https://amazingsportwear.com" "-"
66.249.66.70 - - [22/Nov/2019:11:47:51 +0100] "GET /etiqueta-producto/camiseta-olimpia/ HTTP/1.1" 200 54171 "-" "Mozilla/5.0 (Linux; Android 6.0.1; Nexus 5X Build/MMB29P) AppleWebKit/537.36 (KHTML, like Gecko) Chrome/41.0.2272.96 Mobile Safari/537.36 (compatible; Googlebot/2.1; +http://www.google.com/bot.html)" "-"
217.76.130.90 - - [22/Nov/2019:11:48:07 +0100] "POST /wp-cron.php?doing_wp_cron=1574419687.6374859809875488281250 HTTP/1.1" 200 3389 "https://amazingsportwear.com/wp-cron.php?doing_wp_cron=1574419687.6374859809875488281250" "WordPress/5.2.4; https://amazingsportwear.com" "-"
66.249.66.66 - - [22/Nov/2019:11:48:07 +0100] "GET /etiqueta-producto/camiseta-olimpia/ HTTP/1.1" 200 54156 "-" "Mozilla/5.0 (Linux; Android 6.0.1; Nexus 5X Build/MMB29P) AppleWebKit/537.36 (KHTML, like Gecko) Chrome/41.0.2272.96 Mobile Safari/537.36 (compatible; Googlebot/2.1; +http://www.google.com/bot.html)" "-"
66.249.66.68 - - [22/Nov/2019:11:48:54 +0100] "GET / HTTP/1.1" 200 125853 "-" "Mozilla/5.0 (compatible; Googlebot/2.1; +http://www.google.com/bot.html)" "-"
66.249.66.66 - - [22/Nov/2019:11:49:02 +0100] "POST /?wc-ajax=get_refreshed_fragments HTTP/1.1" 200 4708 "https://amazingsportwear.com/" "Mozilla/5.0 AppleWebKit/537.36 (KHTML, like Gecko; compatible; Googlebot/2.1; +http://www.google.com/bot.html) Safari/537.36" "wpfront-notification-bar-landingpage=1; _ga=GA1.2.2114912494.1574380800; _gid=GA1.2.931330593.1574380800; _gat_gtag_UA_91619287_1=1"
77.230.233.208 - - [22/Nov/2019:11:49:42 +0100] "GET /wp-content/uploads/2019/04/SA-1070-2.png HTTP/1.1" 200 175956 "https://www.google.com/" "Mozilla/5.0 (X11; Linux x86_64) AppleWebKit/537.36 (KHTML, like Gecko) Chrome/67.0.3396.99 Safari/537.36" "-"
217.76.130.90 - - [22/Nov/2019:11:53:09 +0100] "POST /wp-cron.php?doing_wp_cron=1574419989.7357630729675292968750 HTTP/1.1" 200 3389 "https://amazingsportwear.com/wp-cron.php?doing_wp_cron=1574419989.7357630729675292968750" "WordPress/5.2.4; https://amazingsportwear.com" "-"
157.55.39.25 - - [22/Nov/2019:11:53:09 +0100] "GET /robots.txt HTTP/1.1" 200 2297 "-" "Mozilla/5.0 (compatible; bingbot/2.0; +http://www.bing.com/bingbot.htm)" "-"
157.55.39.25 - - [22/Nov/2019:11:53:10 +0100] "GET /robots.txt HTTP/1.1" 200 3955 "-" "Mozilla/5.0 (compatible; bingbot/2.0; +http://www.bing.com/bingbot.htm)" "-"
207.46.13.16 - - [22/Nov/2019:11:53:13 +0100] "GET /atletismo/index.php?controller=contact HTTP/1.1" 301 3908 "-" "Mozilla/5.0 (compatible; bingbot/2.0; +http://www.bing.com/bingbot.htm)" "-"
62.82.191.195 - - [22/Nov/2019:11:58:40 +0100] "GET /wp-content/uploads/2019/04/Gorra-sport-10.png HTTP/1.1" 200 60426 "https://www.google.com/" "Mozilla/5.0 (Windows NT 6.1; Win64; x64) AppleWebKit/537.36 (KHTML, like Gecko) Chrome/78.0.3904.108 Safari/537.36" "-"
217.76.130.90 - - [22/Nov/2019:12:26:13 +0100] "POST /wp-cron.php?doing_wp_cron=1574421973.0431499481201171875000 HTTP/1.1" 200 3389 "https://amazingsportwear.com/wp-cron.php?doing_wp_cron=1574421973.0431499481201171875000" "WordPress/5.2.4; https://amazingsportwear.com" "-"
217.76.130.90 - - [22/Nov/2019:12:26:13 +0100] "POST /wp-cron.php?doing_wp_cron=1574421973.0413401126861572265625 HTTP/1.1" 200 3355 "https://amazingsportwear.com/wp-cron.php?doing_wp_cron=1574421973.0413401126861572265625" "WordPress/5.2.4; https://amazingsportwear.com" "-"
31.13.103.18 - - [22/Nov/2019:12:26:09 +0100] "GET / HTTP/1.1" 200 125520 "-" "facebookexternalhit/1.1 (+http://www.facebook.com/externalhit_uatext.php)" "-"
31.13.103.9 - - [22/Nov/2019:12:26:10 +0100] "GET / HTTP/1.1" 200 125540 "-" "facebookexternalhit/1.1 (+http://www.facebook.com/externalhit_uatext.php)" "-"
207.46.13.16 - - [22/Nov/2019:12:26:58 +0100] "GET /producto/fly-banner-tipo-surf-completo/ HTTP/1.1" 200 114366 "-" "Mozilla/5.0 (compatible; bingbot/2.0; +http://www.bing.com/bingbot.htm)" "-"
187.187.227.121 - - [22/Nov/2019:12:32:24 +0100] "GET /wp-content/uploads/2019/04/Gorra-sport-11.png HTTP/1.1" 200 131116 "https://www.google.com/" "Mozilla/5.0 (Windows NT 10.0; Win64; x64) AppleWebKit/537.36 (KHTML, like Gecko) Chrome/78.0.3904.108 Safari/537.36" "-"
217.76.130.90 - - [22/Nov/2019:12:35:36 +0100] "POST /wp-cron.php?doing_wp_cron=1574422536.3727838993072509765625 HTTP/1.1" 200 3389 "https://amazingsportwear.com/wp-cron.php?doing_wp_cron=1574422536.3727838993072509765625" "WordPress/5.2.4; https://amazingsportwear.com" "-"
66.249.66.68 - - [22/Nov/2019:12:35:33 +0100] "GET /producto/polo-tecnico-bandera-star-cif-t-2021-2020-2024/ HTTP/1.1" 200 103582 "-" "Mozilla/5.0 (Linux; Android 6.0.1; Nexus 5X Build/MMB29P) AppleWebKit/537.36 (KHTML, like Gecko) Chrome/41.0.2272.96 Mobile Safari/537.36 (compatible; Googlebot/2.1; +http://www.google.com/bot.html)" "-"
217.76.130.90 - - [22/Nov/2019:12:46:26 +0100] "POST /wp-cron.php?doing_wp_cron=1574423186.8304049968719482421875 HTTP/1.1" 200 3389 "https://amazingsportwear.com/wp-cron.php?doing_wp_cron=1574423186.8304049968719482421875" "WordPress/5.2.4; https://amazingsportwear.com" "-"
40.77.167.44 - - [22/Nov/2019:12:46:24 +0100] "GET /wp-login.php HTTP/1.1" 200 8090 "-" "Mozilla/5.0 (compatible; bingbot/2.0; +http://www.bing.com/bingbot.htm)" "-"
217.76.130.90 - - [22/Nov/2019:12:57:21 +0100] "POST /wp-cron.php?doing_wp_cron=1574423841.3378069400787353515625 HTTP/1.1" 200 3389 "https://amazingsportwear.com/wp-cron.php?doing_wp_cron=1574423841.3378069400787353515625" "WordPress/5.2.4; https://amazingsportwear.com" "-"
66.249.66.68 - - [22/Nov/2019:12:57:19 +0100] "GET /producto/llavero-metalico-juego-golf/ HTTP/1.1" 200 94818 "-" "Mozilla/5.0 (Linux; Android 6.0.1; Nexus 5X Build/MMB29P) AppleWebKit/537.36 (KHTML, like Gecko) Chrome/41.0.2272.96 Mobile Safari/537.36 (compatible; Googlebot/2.1; +http://www.google.com/bot.html)" "-"
66.249.66.66 - - [22/Nov/2019:12:57:26 +0100] "POST /?wc-ajax=get_refreshed_fragments HTTP/1.1" 200 4760 "https://amazingsportwear.com/producto/llavero-metalico-juego-golf/" "Mozilla/5.0 (Linux; Android 6.0.1; Nexus 5X Build/MMB29P) AppleWebKit/537.36 (KHTML, like Gecko) Chrome/41.0.2272.96 Mobile Safari/537.36 (compatible; Googlebot/2.1; +http://www.google.com/bot.html)" "_ga=GA1.2.969013651.1574380800; _gid=GA1.2.1978218920.1574380800; _gat_gtag_UA_91619287_1=1"
66.249.66.66 - - [22/Nov/2019:12:57:34 +0100] "GET /producto/llavero-metalico-juego-golf/ HTTP/1.1" 200 91522 "-" "Mozilla/5.0 (Linux; Android 6.0.1; Nexus 5X Build/MMB29P) AppleWebKit/537.36 (KHTML, like Gecko) Chrome/41.0.2272.96 Mobile Safari/537.36 (compatible; Googlebot/2.1; +http://www.google.com/bot.html)" "-"
217.76.130.90 - - [22/Nov/2019:13:05:16 +0100] "POST /wp-cron.php?doing_wp_cron=1574424316.5214290618896484375000 HTTP/1.1" 200 164 "http://amazingsportwear.com/wp-cron.php?doing_wp_cron=1574424316.5214290618896484375000" "WordPress/5.2.4; https://amazingsportwear.com" "-"
218.30.103.113 - - [22/Nov/2019:13:05:14 +0100] "GET /robots.txt HTTP/1.1" 200 394 "-" "Sogou web spider/4.0(+http://www.sogou.com/docs/help/webmasters.htm#07)" "-"
218.30.103.113 - - [22/Nov/2019:13:05:18 +0100] "GET / HTTP/1.1" 301 298 "-" "Sogou web spider/4.0(+http://www.sogou.com/docs/help/webmasters.htm#07)" "-"
218.30.103.113 - - [22/Nov/2019:13:05:20 +0100] "GET / HTTP/1.1" 200 125708 "-" "Sogou web spider/4.0(+http://www.sogou.com/docs/help/webmasters.htm#07)" "wpfront-notification-bar-landingpage=1;"
217.76.130.90 - - [22/Nov/2019:13:05:37 +0100] "POST /wp-cron.php?doing_wp_cron=1574424337.4408869743347167968750 HTTP/1.1" 200 3389 "https://amazingsportwear.com/wp-cron.php?doing_wp_cron=1574424337.4408869743347167968750" "WordPress/5.2.4; https://amazingsportwear.com" "-"
66.249.66.66 - - [22/Nov/2019:13:05:36 +0100] "GET /producto/pantalon-largo-argos-sa-0460/ HTTP/1.1" 200 98227 "-" "Mozilla/5.0 (Linux; Android 6.0.1; Nexus 5X Build/MMB29P) AppleWebKit/537.36 (KHTML, like Gecko) Chrome/41.0.2272.96 Mobile Safari/537.36 (compatible; Googlebot/2.1; +http://www.google.com/bot.html)" "-"
66.249.66.68 - - [22/Nov/2019:13:05:45 +0100] "POST /?wc-ajax=get_refreshed_fragments HTTP/1.1" 200 4760 "https://amazingsportwear.com/producto/pantalon-largo-argos-sa-0460/" "Mozilla/5.0 (Linux; Android 6.0.1; Nexus 5X Build/MMB29P) AppleWebKit/537.36 (KHTML, like Gecko) Chrome/41.0.2272.96 Mobile Safari/537.36 (compatible; Googlebot/2.1; +http://www.google.com/bot.html)" "_ga=GA1.2.969013651.1574380800; _gid=GA1.2.1978218920.1574380800; _gat_gtag_UA_91619287_1=1"
217.76.130.90 - - [22/Nov/2019:13:24:19 +0100] "POST /wp-cron.php?doing_wp_cron=1574425459.9174480438232421875000 HTTP/1.1" 200 3389 "https://amazingsportwear.com/wp-cron.php?doing_wp_cron=1574425459.9174480438232421875000" "WordPress/5.2.4; https://amazingsportwear.com" "-"
207.46.13.16 - - [22/Nov/2019:13:24:17 +0100] "GET /24-camisetas-hombre?p=3 HTTP/1.1" 301 3873 "-" "Mozilla/5.0 (compatible; bingbot/2.0; +http://www.bing.com/bingbot.htm)" "-"
217.76.130.90 - - [22/Nov/2019:13:35:18 +0100] "POST /wp-cron.php?doing_wp_cron=1574426118.4499680995941162109375 HTTP/1.1" 200 164 "http://amazingsportwear.com/wp-cron.php?doing_wp_cron=1574426118.4499680995941162109375" "WordPress/5.2.4; https://amazingsportwear.com" "-"
3.210.174.98 - - [22/Nov/2019:13:35:16 +0100] "GET / HTTP/1.1" 301 336 "-" "Mozilla/5.0 (Windows NT 6.1; Trident/7.0; rv:11.0) like Gecko" "-"
3.210.174.98 - - [22/Nov/2019:13:35:19 +0100] "GET / HTTP/1.1" 200 125765 "-" "Mozilla/5.0 (Windows NT 6.1; Trident/7.0; rv:11.0) like Gecko" "wpfront-notification-bar-landingpage=1"
3.210.174.98 - - [22/Nov/2019:13:35:22 +0100] "GET / HTTP/1.1" 301 336 "-" "Mozilla/5.0 (Windows NT 10.0; Win64; x64) AppleWebKit/537.36 (KHTML, like Gecko) Chrome/73.0.3683.86 Safari/537.36" "-"
3.210.174.98 - - [22/Nov/2019:13:35:24 +0100] "GET / HTTP/1.1" 200 125725 "-" "Mozilla/5.0 (Windows NT 10.0; Win64; x64) AppleWebKit/537.36 (KHTML, like Gecko) Chrome/73.0.3683.86 Safari/537.36" "wpfront-notification-bar-landingpage=1"
3.210.174.98 - - [22/Nov/2019:13:35:25 +0100] "GET /wp-content/plugins/woocommerce/assets/css/blocks/style.css?ver=3.6.4 HTTP/1.1" 200 6835 "https://amazingsportwear.com/" "Mozilla/5.0 (Windows NT 10.0; Win64; x64) AppleWebKit/537.36 (KHTML, like Gecko) Chrome/73.0.3683.86 Safari/537.36" "wpfront-notification-bar-landingpage=1"
3.210.174.98 - - [22/Nov/2019:13:35:25 +0100] "GET /wp-content/plugins/cookie-law-info/public/css/cookie-law-info-public.css?ver=1.7.6 HTTP/1.1" 200 3373 "https://amazingsportwear.com/" "Mozilla/5.0 (Windows NT 10.0; Win64; x64) AppleWebKit/537.36 (KHTML, like Gecko) Chrome/73.0.3683.86 Safari/537.36" "wpfront-notification-bar-landingpage=1"
3.210.174.98 - - [22/Nov/2019:13:35:25 +0100] "GET /wp-content/plugins/cookie-law-info/public/css/cookie-law-info-gdpr.css?ver=1.7.6 HTTP/1.1" 200 12583 "https://amazingsportwear.com/" "Mozilla/5.0 (Windows NT 10.0; Win64; x64) AppleWebKit/537.36 (KHTML, like Gecko) Chrome/73.0.3683.86 Safari/537.36" "wpfront-notification-bar-landingpage=1"
3.210.174.98 - - [22/Nov/2019:13:35:25 +0100] "GET /wp-content/plugins/wpfront-notification-bar/css/wpfront-notification-bar.css?ver=1.7.1 HTTP/1.1" 200 3801 "https://amazingsportwear.com/" "Mozilla/5.0 (Windows NT 10.0; Win64; x64) AppleWebKit/537.36 (KHTML, like Gecko) Chrome/73.0.3683.86 Safari/537.36" "wpfront-notification-bar-landingpage=1"
3.210.174.98 - - [22/Nov/2019:13:35:25 +0100] "GET /wp-includes/css/dist/block-library/style.min.css?ver=5.2.4 HTTP/1.1" 200 29798 "https://amazingsportwear.com/" "Mozilla/5.0 (Windows NT 10.0; Win64; x64) AppleWebKit/537.36 (KHTML, like Gecko) Chrome/73.0.3683.86 Safari/537.36" "wpfront-notification-bar-landingpage=1"
3.210.174.98 - - [22/Nov/2019:13:35:25 +0100] "GET /wp-content/themes/shopper/style.css?ver=1.3.8 HTTP/1.1" 200 125315 "https://amazingsportwear.com/" "Mozilla/5.0 (Windows NT 10.0; Win64; x64) AppleWebKit/537.36 (KHTML, like Gecko) Chrome/73.0.3683.86 Safari/537.36" "wpfront-notification-bar-landingpage=1"
3.210.174.98 - - [22/Nov/2019:13:35:25 +0100] "GET /wp-content/plugins/elementor/assets/lib/eicons/css/elementor-icons.min.css?ver=4.3.0 HTTP/1.1" 200 11850 "https://amazingsportwear.com/" "Mozilla/5.0 (Windows NT 10.0; Win64; x64) AppleWebKit/537.36 (KHTML, like Gecko) Chrome/73.0.3683.86 Safari/537.36" "wpfront-notification-bar-landingpage=1"
3.210.174.98 - - [22/Nov/2019:13:35:25 +0100] "GET /wp-content/plugins/simple-social-icons/css/style.css?ver=3.0.1 HTTP/1.1" 200 1562 "https://amazingsportwear.com/" "Mozilla/5.0 (Windows NT 10.0; Win64; x64) AppleWebKit/537.36 (KHTML, like Gecko) Chrome/73.0.3683.86 Safari/537.36" "wpfront-notification-bar-landingpage=1"
3.210.174.98 - - [22/Nov/2019:13:35:25 +0100] "GET /wp-content/plugins/elementor/assets/lib/font-awesome/css/font-awesome.min.css?ver=4.7.0 HTTP/1.1" 200 31365 "https://amazingsportwear.com/" "Mozilla/5.0 (Windows NT 10.0; Win64; x64) AppleWebKit/537.36 (KHTML, like Gecko) Chrome/73.0.3683.86 Safari/537.36" "wpfront-notification-bar-landingpage=1"
3.210.174.98 - - [22/Nov/2019:13:35:25 +0100] "GET /wp-content/plugins/elementor/assets/lib/animations/animations.min.css?ver=2.5.16 HTTP/1.1" 200 18833 "https://amazingsportwear.com/" "Mozilla/5.0 (Windows NT 10.0; Win64; x64) AppleWebKit/537.36 (KHTML, like Gecko) Chrome/73.0.3683.86 Safari/537.36" "wpfront-notification-bar-landingpage=1"
3.210.174.98 - - [22/Nov/2019:13:35:26 +0100] "GET /wp-content/uploads/elementor/css/global.css?ver=1559638744 HTTP/1.1" 200 5136 "https://amazingsportwear.com/" "Mozilla/5.0 (Windows NT 10.0; Win64; x64) AppleWebKit/537.36 (KHTML, like Gecko) Chrome/73.0.3683.86 Safari/537.36" "wpfront-notification-bar-landingpage=1"
3.210.174.98 - - [22/Nov/2019:13:35:26 +0100] "GET /wp-content/uploads/elementor/css/post-16241.css?ver=1562311573 HTTP/1.1" 200 4934 "https://amazingsportwear.com/" "Mozilla/5.0 (Windows NT 10.0; Win64; x64) AppleWebKit/537.36 (KHTML, like Gecko) Chrome/73.0.3683.86 Safari/537.36" "wpfront-notification-bar-landingpage=1"
3.210.174.98 - - [22/Nov/2019:13:35:26 +0100] "GET /wp-content/plugins/elementor/assets/css/frontend.min.css?ver=2.5.16 HTTP/1.1" 200 95366 "https://amazingsportwear.com/" "Mozilla/5.0 (Windows NT 10.0; Win64; x64) AppleWebKit/537.36 (KHTML, like Gecko) Chrome/73.0.3683.86 Safari/537.36" "wpfront-notification-bar-landingpage=1"
3.210.174.98 - - [22/Nov/2019:13:35:26 +0100] "GET /wp-content/themes/shopper/assets/sass/woocommerce/woocommerce.css?ver=5.2.4 HTTP/1.1" 200 83534 "https://amazingsportwear.com/" "Mozilla/5.0 (Windows NT 10.0; Win64; x64) AppleWebKit/537.36 (KHTML, like Gecko) Chrome/73.0.3683.86 Safari/537.36" "wpfront-notification-bar-landingpage=1"
3.210.174.98 - - [22/Nov/2019:13:35:26 +0100] "GET /favicon.ico HTTP/1.1" 200 3622 "-" "Mozilla/5.0 (X11; Linux x86_64) AppleWebKit/537.36 (KHTML, like Gecko) Chrome/63.0.3239.108 Safari/537.36" "-"
3.210.174.98 - - [22/Nov/2019:13:35:26 +0100] "GET /wp-content/plugins/smart-slider-3/library/media/smartslider.min.css?1559118093 HTTP/1.1" 200 19959 "https://amazingsportwear.com/" "Mozilla/5.0 (Windows NT 10.0; Win64; x64) AppleWebKit/537.36 (KHTML, like Gecko) Chrome/73.0.3683.86 Safari/537.36" "wpfront-notification-bar-landingpage=1"
3.210.174.98 - - [22/Nov/2019:13:35:26 +0100] "GET /wp-content/plugins/cookie-law-info/public/js/cookie-law-info-public.js?ver=1.7.6 HTTP/1.1" 200 17076 "https://amazingsportwear.com/" "Mozilla/5.0 (Windows NT 10.0; Win64; x64) AppleWebKit/537.36 (KHTML, like Gecko) Chrome/73.0.3683.86 Safari/537.36" "wpfront-notification-bar-landingpage=1"
3.210.174.98 - - [22/Nov/2019:13:35:26 +0100] "GET /wp-includes/js/jquery/jquery-migrate.min.js?ver=1.4.1 HTTP/1.1" 200 10399 "https://amazingsportwear.com/" "Mozilla/5.0 (Windows NT 10.0; Win64; x64) AppleWebKit/537.36 (KHTML, like Gecko) Chrome/73.0.3683.86 Safari/537.36" "wpfront-notification-bar-landingpage=1"
3.210.174.98 - - [22/Nov/2019:13:35:26 +0100] "GET /wp-includes/js/jquery/jquery.js?ver=1.12.4-wp HTTP/1.1" 200 97362 "https://amazingsportwear.com/" "Mozilla/5.0 (Windows NT 10.0; Win64; x64) AppleWebKit/537.36 (KHTML, like Gecko) Chrome/73.0.3683.86 Safari/537.36" "wpfront-notification-bar-landingpage=1"
3.210.174.98 - - [22/Nov/2019:13:35:26 +0100] "GET /wp-content/plugins/wpfront-notification-bar/jquery-plugins/jquery.c.js?ver=1.4.0 HTTP/1.1" 200 3437 "https://amazingsportwear.com/" "Mozilla/5.0 (Windows NT 10.0; Win64; x64) AppleWebKit/537.36 (KHTML, like Gecko) Chrome/73.0.3683.86 Safari/537.36" "wpfront-notification-bar-landingpage=1"
3.210.174.98 - - [22/Nov/2019:13:35:26 +0100] "GET /wp-content/plugins/simple-social-icons/svgxuse.js?ver=1.1.21 HTTP/1.1" 200 9580 "https://amazingsportwear.com/" "Mozilla/5.0 (Windows NT 10.0; Win64; x64) AppleWebKit/537.36 (KHTML, like Gecko) Chrome/73.0.3683.86 Safari/537.36" "wpfront-notification-bar-landingpage=1"
3.210.174.98 - - [22/Nov/2019:13:35:26 +0100] "GET /wp-content/plugins/wpfront-notification-bar/js/wpfront-notification-bar.js?ver=1.7.1 HTTP/1.1" 200 5662 "https://amazingsportwear.com/" "Mozilla/5.0 (Windows NT 10.0; Win64; x64) AppleWebKit/537.36 (KHTML, like Gecko) Chrome/73.0.3683.86 Safari/537.36" "wpfront-notification-bar-landingpage=1"
3.210.174.98 - - [22/Nov/2019:13:35:26 +0100] "GET /wp-content/plugins/smart-slider-3/nextend/media/dist/n2.min.js?1559118093 HTTP/1.1" 200 3836 "https://amazingsportwear.com/" "Mozilla/5.0 (Windows NT 10.0; Win64; x64) AppleWebKit/537.36 (KHTML, like Gecko) Chrome/73.0.3683.86 Safari/537.36" "wpfront-notification-bar-landingpage=1"
3.210.174.98 - - [22/Nov/2019:13:35:26 +0100] "GET /wp-content/plugins/smart-slider-3/nextend/media/dist/nextend-frontend.min.js?1559118093 HTTP/1.1" 200 86339 "https://amazingsportwear.com/" "Mozilla/5.0 (Windows NT 10.0; Win64; x64) AppleWebKit/537.36 (KHTML, like Gecko) Chrome/73.0.3683.86 Safari/537.36" "wpfront-notification-bar-landingpage=1"
217.76.130.90 - - [22/Nov/2019:13:48:31 +0100] "POST /wp-cron.php?doing_wp_cron=1574426911.2817680835723876953125 HTTP/1.1" 200 3389 "https://amazingsportwear.com/wp-cron.php?doing_wp_cron=1574426911.2817680835723876953125" "WordPress/5.2.4; https://amazingsportwear.com" "-"
17.58.96.188 - - [22/Nov/2019:13:48:29 +0100] "GET /categoria-producto/accesorios/bragasybuffs/ HTTP/1.1" 200 56735 "-" "Mozilla/5.0 (Macintosh; Intel Mac OS X 10_10_1) AppleWebKit/600.2.5 (KHTML, like Gecko) Version/8.0.2 Safari/600.2.5 (Applebot/0.1; +http://www.apple.com/go/applebot)" "-"
66.249.66.68 - - [22/Nov/2019:13:48:38 +0100] "GET /producto/botella-para-deporte-aqua/ HTTP/1.1" 200 99537 "-" "Mozilla/5.0 (Linux; Android 6.0.1; Nexus 5X Build/MMB29P) AppleWebKit/537.36 (KHTML, like Gecko) Chrome/41.0.2272.96 Mobile Safari/537.36 (compatible; Googlebot/2.1; +http://www.google.com/bot.html)" "-"
217.76.130.90 - - [22/Nov/2019:14:01:03 +0100] "POST /wp-cron.php?doing_wp_cron=1574427663.6996619701385498046875 HTTP/1.1" 200 3389 "https://amazingsportwear.com/wp-cron.php?doing_wp_cron=1574427663.6996619701385498046875" "WordPress/5.2.4; https://amazingsportwear.com" "-"
173.252.95.9 - - [22/Nov/2019:14:01:01 +0100] "GET /1250-large_default/camiseta-tecnica-spain.jpg HTTP/1.1" 404 72082 "-" "facebookexternalhit/1.1 (+http://www.facebook.com/externalhit_uatext.php)" "-"
31.13.127.19 - - [22/Nov/2019:14:01:34 +0100] "GET /tienda/276-camiseta-tecnica-spain.html HTTP/1.1" 404 72034 "-" "facebookexternalhit/1.1 (+http://www.facebook.com/externalhit_uatext.php)" "-"
31.13.127.4 - - [22/Nov/2019:14:01:34 +0100] "GET /tienda/276-camiseta-tecnica-spain.html HTTP/1.1" 404 72034 "-" "facebookexternalhit/1.1 (+http://www.facebook.com/externalhit_uatext.php)" "-"
217.76.130.90 - - [22/Nov/2019:14:04:58 +0100] "POST /wp-cron.php?doing_wp_cron=1574427898.7680280208587646484375 HTTP/1.1" 200 3389 "https://amazingsportwear.com/wp-cron.php?doing_wp_cron=1574427898.7680280208587646484375" "WordPress/5.2.4; https://amazingsportwear.com" "-"
66.249.66.70 - - [22/Nov/2019:14:04:57 +0100] "GET /producto/gorra-bayon/ HTTP/1.1" 200 100269 "-" "Mozilla/5.0 (compatible; Googlebot/2.1; +http://www.google.com/bot.html)" "-"
217.76.130.90 - - [22/Nov/2019:14:08:34 +0100] "POST /wp-cron.php?doing_wp_cron=1574428114.8026340007781982421875 HTTP/1.1" 200 3389 "https://amazingsportwear.com/wp-cron.php?doing_wp_cron=1574428114.8026340007781982421875" "WordPress/5.2.4; https://amazingsportwear.com" "-"
40.77.167.44 - - [22/Nov/2019:14:08:34 +0100] "GET /categoria-producto/accesorios/bragasybuffs/ HTTP/1.1" 200 57047 "-" "Mozilla/5.0 (compatible; bingbot/2.0; +http://www.bing.com/bingbot.htm)" "-"
40.77.167.44 - - [22/Nov/2019:14:08:39 +0100] "GET /robots.txt HTTP/1.1" 200 432 "-" "msnbot/2.0b (+http://search.msn.com/msnbot.htm)" "-"
157.55.39.213 - - [22/Nov/2019:14:08:48 +0100] "GET /wp-content/plugins/wpfront-notification-bar/css/wpfront-notification-bar.css?ver=1.7.1 HTTP/1.1" 200 7026 "-" "msnbot/2.0b (+http://search.msn.com/msnbot.htm)" "-"
40.77.167.44 - - [22/Nov/2019:14:08:49 +0100] "GET /wp-content/plugins/cookie-law-info/public/css/cookie-law-info-public.css?ver=1.7.6 HTTP/1.1" 200 6598 "-" "msnbot/2.0b (+http://search.msn.com/msnbot.htm)" "-"
40.77.167.44 - - [22/Nov/2019:14:08:49 +0100] "GET /wp-content/plugins/cookie-law-info/public/js/cookie-law-info-public.js?ver=1.7.6 HTTP/1.1" 200 17076 "-" "msnbot/2.0b (+http://search.msn.com/msnbot.htm)" "-"
40.77.167.44 - - [22/Nov/2019:14:08:50 +0100] "GET /wp-content/plugins/woocommerce/assets/js/frontend/add-to-cart.min.js?ver=3.6.4 HTTP/1.1" 200 2983 "-" "msnbot/2.0b (+http://search.msn.com/msnbot.htm)" "-"
40.77.167.44 - - [22/Nov/2019:14:08:50 +0100] "GET /wp-content/plugins/woocommerce/assets/js/frontend/cart-fragments.min.js?ver=3.6.4 HTTP/1.1" 200 3281 "-" "msnbot/2.0b (+http://search.msn.com/msnbot.htm)" "-"
40.77.167.44 - - [22/Nov/2019:14:08:51 +0100] "GET /wp-content/plugins/woocommerce/assets/js/jquery-blockui/jquery.blockUI.min.js?ver=2.70 HTTP/1.1" 200 9908 "-" "msnbot/2.0b (+http://search.msn.com/msnbot.htm)" "-"
40.77.167.44 - - [22/Nov/2019:14:08:51 +0100] "GET /wp-content/themes/shopper/assets/js/skip-link-focus-fix.js?ver=1.3.8 HTTP/1.1" 200 1023 "-" "msnbot/2.0b (+http://search.msn.com/msnbot.htm)" "-"
40.77.167.44 - - [22/Nov/2019:14:08:51 +0100] "GET /wp-includes/js/wp-emoji-release.min.js?ver=5.2.4 HTTP/1.1" 200 14183 "-" "msnbot/2.0b (+http://search.msn.com/msnbot.htm)" "-"
207.46.13.16 - - [22/Nov/2019:14:08:52 +0100] "GET /wp-content/plugins/woocommerce/assets/css/blocks/style.css?ver=3.6.4 HTTP/1.1" 200 10060 "-" "msnbot/2.0b (+http://search.msn.com/msnbot.htm)" "-"
207.46.13.16 - - [22/Nov/2019:14:08:53 +0100] "GET /wp-content/plugins/woocommerce/assets/js/js-cookie/js.cookie.min.js?ver=2.1.4 HTTP/1.1" 200 2187 "-" "msnbot/2.0b (+http://search.msn.com/msnbot.htm)" "-"
207.46.13.16 - - [22/Nov/2019:14:08:53 +0100] "GET /wp-content/plugins/wpfront-notification-bar/js/wpfront-notification-bar.js?ver=1.7.1 HTTP/1.1" 200 5662 "-" "msnbot/2.0b (+http://search.msn.com/msnbot.htm)" "-"
207.46.13.16 - - [22/Nov/2019:14:08:53 +0100] "GET /wp-includes/css/dist/block-library/style.min.css?ver=5.2.4 HTTP/1.1" 200 29660 "-" "msnbot/2.0b (+http://search.msn.com/msnbot.htm)" "-"
40.77.167.188 - - [22/Nov/2019:14:08:55 +0100] "GET /wp-content/themes/shopper/assets/fonts/fontawesome-webfont.svg?v=4.7.0 HTTP/1.1" 200 448868 "-" "msnbot/2.0b (+http://search.msn.com/msnbot.htm)" "-"
40.77.167.188 - - [22/Nov/2019:14:08:56 +0100] "GET /wp-content/themes/shopper/assets/js/crm.js?ver=1561548510 HTTP/1.1" 200 874 "-" "msnbot/2.0b (+http://search.msn.com/msnbot.htm)" "-"
40.77.167.188 - - [22/Nov/2019:14:08:56 +0100] "GET /wp-content/themes/shopper/assets/js/woocommerce/header-cart.min.js?ver=1.3.8 HTTP/1.1" 200 972 "-" "msnbot/2.0b (+http://search.msn.com/msnbot.htm)" "-"
40.77.167.188 - - [22/Nov/2019:14:08:56 +0100] "GET /wp-content/themes/shopper/assets/sass/woocommerce/woocommerce.css?ver=5.2.4 HTTP/1.1" 200 83534 "-" "msnbot/2.0b (+http://search.msn.com/msnbot.htm)" "-"
40.77.167.188 - - [22/Nov/2019:14:08:57 +0100] "GET /wp-includes/js/jquery/jquery-migrate.min.js?ver=1.4.1 HTTP/1.1" 200 10399 "-" "msnbot/2.0b (+http://search.msn.com/msnbot.htm)" "-"
40.77.167.188 - - [22/Nov/2019:14:08:57 +0100] "GET /wp-content/themes/shopper/assets/fonts/fontawesome-webfont.ttf?v=4.7.0 HTTP/1.1" 200 166178 "-" "msnbot/2.0b (+http://search.msn.com/msnbot.htm)" "-"
217.76.130.90 - - [22/Nov/2019:14:16:56 +0100] "POST /wp-cron.php?doing_wp_cron=1574428616.4854280948638916015625 HTTP/1.1" 200 3389 "https://amazingsportwear.com/wp-cron.php?doing_wp_cron=1574428616.4854280948638916015625" "WordPress/5.2.4; https://amazingsportwear.com" "-"
66.249.66.68 - - [22/Nov/2019:14:16:55 +0100] "GET /producto/pantalon-corto-lanus-sa-6655/ HTTP/1.1" 200 96284 "-" "Mozilla/5.0 (Linux; Android 6.0.1; Nexus 5X Build/MMB29P) AppleWebKit/537.36 (KHTML, like Gecko) Chrome/41.0.2272.96 Mobile Safari/537.36 (compatible; Googlebot/2.1; +http://www.google.com/bot.html)" "-"
17.58.96.188 - - [22/Nov/2019:14:18:23 +0100] "GET /wp-content/uploads/2017/03/sa-0415_60.jpg HTTP/1.1" 200 96832 "-" "Mozilla/5.0 (Macintosh; Intel Mac OS X 10_10_1) AppleWebKit/600.2.5 (KHTML, like Gecko) Version/8.0.2 Safari/600.2.5 (Applebot/0.1; +http://www.apple.com/go/applebot)" "-"
190.198.41.137 - - [22/Nov/2019:14:21:35 +0100] "GET /wp-content/uploads/2019/04/gorra-krox-2.png HTTP/1.1" 200 111402 "https://www.google.com/" "Mozilla/5.0 (Windows NT 6.3; Win64; x64) AppleWebKit/537.36 (KHTML, like Gecko) Chrome/78.0.3904.97 Safari/537.36" "-"
217.76.130.90 - - [22/Nov/2019:14:27:33 +0100] "POST /wp-cron.php?doing_wp_cron=1574429252.5701110363006591796875 HTTP/1.1" 200 3389 "https://amazingsportwear.com/wp-cron.php?doing_wp_cron=1574429252.5701110363006591796875" "WordPress/5.2.4; https://amazingsportwear.com" "-"
207.46.13.16 - - [22/Nov/2019:14:27:31 +0100] "GET /etiqueta-producto/tapon-rosca/ HTTP/1.1" 200 53982 "-" "Mozilla/5.0 (compatible; bingbot/2.0; +http://www.bing.com/bingbot.htm)" "-"
190.92.13.237 - - [22/Nov/2019:14:35:08 +0100] "GET /wp-content/uploads/2019/04/Gorra-sport-12.png HTTP/1.1" 200 95673 "https://www.google.com/" "Mozilla/5.0 (Windows NT 10.0; Win64; x64) AppleWebKit/537.36 (KHTML, like Gecko) Chrome/78.0.3904.108 Safari/537.36" "-"
190.92.13.237 - - [22/Nov/2019:14:35:16 +0100] "GET /wp-content/uploads/2019/04/Gorra-sport-12.png HTTP/1.1" 200 95673 "-" "Mozilla/4.0 (compatible; MSIE 7.0; Windows NT 10.0; WOW64; Trident/7.0; .NET4.0C; .NET4.0E; .NET CLR 2.0.50727; .NET CLR 3.0.30729; .NET CLR 3.5.30729; ms-office; MSOffice 16)" "-"
66.249.66.68 - - [22/Nov/2019:14:37:49 +0100] "GET /wp-content/uploads/2019/04/Gorra-sport-7-100x100.png HTTP/1.1" 304 3565 "-" "Googlebot-Image/1.0" "-"
191.88.255.187 - - [22/Nov/2019:14:39:42 +0100] "GET /wp-content/uploads/2019/04/Gorra-sport-12.png HTTP/1.1" 200 95673 "https://www.google.com/" "Mozilla/5.0 (Windows NT 6.1; Win64; x64) AppleWebKit/537.36 (KHTML, like Gecko) Chrome/78.0.3904.108 Safari/537.36" "-"
217.76.130.90 - - [22/Nov/2019:14:40:30 +0100] "POST /wp-cron.php?doing_wp_cron=1574430030.6946001052856445312500 HTTP/1.1" 200 3389 "https://amazingsportwear.com/wp-cron.php?doing_wp_cron=1574430030.6946001052856445312500" "WordPress/5.2.4; https://amazingsportwear.com" "-"
66.249.66.66 - - [22/Nov/2019:14:40:28 +0100] "GET /producto/gorra-tecnica-lediem/ HTTP/1.1" 200 93522 "-" "Mozilla/5.0 (Linux; Android 6.0.1; Nexus 5X Build/MMB29P) AppleWebKit/537.36 (KHTML, like Gecko) Chrome/41.0.2272.96 Mobile Safari/537.36 (compatible; Googlebot/2.1; +http://www.google.com/bot.html)" "-"
2.84.220.114 - - [22/Nov/2019:14:44:41 +0100] "GET /wp-content/uploads/2019/04/Gorra-harum-2.png HTTP/1.1" 200 53515 "https://www.google.com/" "Mozilla/5.0 (Windows NT 10.0; Win64; x64) AppleWebKit/537.36 (KHTML, like Gecko) Chrome/78.0.3904.87 Safari/537.36" "-"
217.76.130.90 - - [22/Nov/2019:14:46:42 +0100] "POST /wp-cron.php?doing_wp_cron=1574430402.0748341083526611328125 HTTP/1.1" 200 3389 "https://amazingsportwear.com/wp-cron.php?doing_wp_cron=1574430402.0748341083526611328125" "WordPress/5.2.4; https://amazingsportwear.com" "-"
66.249.66.70 - - [22/Nov/2019:14:46:41 +0100] "GET /categoria-producto/hombre/sudaderas/ HTTP/1.1" 200 60640 "-" "Mozilla/5.0 (Linux; Android 6.0.1; Nexus 5X Build/MMB29P) AppleWebKit/537.36 (KHTML, like Gecko) Chrome/41.0.2272.96 Mobile Safari/537.36 (compatible; Googlebot/2.1; +http://www.google.com/bot.html)" "-"
157.55.39.213 - - [22/Nov/2019:14:52:10 +0100] "GET /wp-content/uploads/2019/04/SUMO-VERDE.png HTTP/1.1" 200 167178 "-" "Mozilla/5.0 (compatible; bingbot/2.0; +http://www.bing.com/bingbot.htm)" "-"
217.76.130.90 - - [22/Nov/2019:15:10:02 +0100] "POST /wp-cron.php?doing_wp_cron=1574431802.6249289512634277343750 HTTP/1.1" 200 3389 "https://amazingsportwear.com/wp-cron.php?doing_wp_cron=1574431802.6249289512634277343750" "WordPress/5.2.4; https://amazingsportwear.com" "-"
40.77.167.106 - - [22/Nov/2019:15:10:00 +0100] "GET /?wc-ajax=get_refreshed_fragments HTTP/1.1" 200 4661 "-" "msnbot/2.0b (+http://search.msn.com/msnbot.htm)" "-"
217.76.130.90 - - [22/Nov/2019:15:20:55 +0100] "POST /wp-cron.php?doing_wp_cron=1574432455.4310710430145263671875 HTTP/1.1" 200 3389 "https://amazingsportwear.com/wp-cron.php?doing_wp_cron=1574432455.4310710430145263671875" "WordPress/5.2.4; https://amazingsportwear.com" "-"
66.249.66.68 - - [22/Nov/2019:15:20:54 +0100] "GET /producto/mallas-deportivas-icaria/ HTTP/1.1" 200 100410 "-" "Mozilla/5.0 (Linux; Android 6.0.1; Nexus 5X Build/MMB29P) AppleWebKit/537.36 (KHTML, like Gecko) Chrome/41.0.2272.96 Mobile Safari/537.36 (compatible; Googlebot/2.1; +http://www.google.com/bot.html)" "-"
200.121.203.129 - - [22/Nov/2019:15:21:52 +0100] "GET /wp-content/uploads/2019/04/Gorra-sport-10.png HTTP/1.1" 200 60426 "https://www.google.com/" "Mozilla/5.0 (Windows NT 6.1; Win64; x64) AppleWebKit/537.36 (KHTML, like Gecko) Chrome/78.0.3904.108 Safari/537.36" "-"
217.76.130.90 - - [22/Nov/2019:15:34:17 +0100] "POST /wp-cron.php?doing_wp_cron=1574433257.7164890766143798828125 HTTP/1.1" 200 3389 "https://amazingsportwear.com/wp-cron.php?doing_wp_cron=1574433257.7164890766143798828125" "WordPress/5.2.4; https://amazingsportwear.com" "-"
83.42.21.158 - - [22/Nov/2019:15:34:16 +0100] "GET /producto/calcetin-deportivo-sublimado-bp-38040/ HTTP/1.1" 200 93830 "https://www.google.es/" "Mozilla/5.0 (Windows NT 10.0; Win64; x64) AppleWebKit/537.36 (KHTML, like Gecko) Chrome/64.0.3282.140 Safari/537.36 Edge/18.17763" "-"
83.42.21.158 - - [22/Nov/2019:15:34:18 +0100] "GET /wp-includes/css/dist/block-library/style.min.css?ver=5.2.4 HTTP/1.1" 200 29660 "https://amazingsportwear.com/producto/calcetin-deportivo-sublimado-bp-38040/" "Mozilla/5.0 (Windows NT 10.0; Win64; x64) AppleWebKit/537.36 (KHTML, like Gecko) Chrome/64.0.3282.140 Safari/537.36 Edge/18.17763" "-"
83.42.21.158 - - [22/Nov/2019:15:34:18 +0100] "GET /wp-content/plugins/cookie-law-info/public/css/cookie-law-info-public.css?ver=1.7.6 HTTP/1.1" 200 6598 "https://amazingsportwear.com/producto/calcetin-deportivo-sublimado-bp-38040/" "Mozilla/5.0 (Windows NT 10.0; Win64; x64) AppleWebKit/537.36 (KHTML, like Gecko) Chrome/64.0.3282.140 Safari/537.36 Edge/18.17763" "-"
83.42.21.158 - - [22/Nov/2019:15:34:18 +0100] "GET /wp-content/plugins/cookie-law-info/public/css/cookie-law-info-gdpr.css?ver=1.7.6 HTTP/1.1" 200 12445 "https://amazingsportwear.com/producto/calcetin-deportivo-sublimado-bp-38040/" "Mozilla/5.0 (Windows NT 10.0; Win64; x64) AppleWebKit/537.36 (KHTML, like Gecko) Chrome/64.0.3282.140 Safari/537.36 Edge/18.17763" "-"
83.42.21.158 - - [22/Nov/2019:15:34:18 +0100] "GET /wp-content/plugins/wpfront-notification-bar/css/wpfront-notification-bar.css?ver=1.7.1 HTTP/1.1" 200 7026 "https://amazingsportwear.com/producto/calcetin-deportivo-sublimado-bp-38040/" "Mozilla/5.0 (Windows NT 10.0; Win64; x64) AppleWebKit/537.36 (KHTML, like Gecko) Chrome/64.0.3282.140 Safari/537.36 Edge/18.17763" "-"
