77.229.239.9 - - [28/Nov/2019:10:38:47 +0100] "GET /wp-content/uploads/2019/06/compartir-300x300.jpg HTTP/1.1" 200 10140 "https://amazingsportwear.com/" "Mozilla/5.0 (Windows NT 6.1) AppleWebKit/537.36 (KHTML, like Gecko) Chrome/78.0.3904.108 Safari/537.36" "wpfront-notification-bar-landingpage=1; _ga=GA1.2.2109691421.1574933923; _gid=GA1.2.1439981578.1574933923; _gat_gtag_UA_91619287_1=1"
77.229.239.9 - - [28/Nov/2019:10:38:47 +0100] "GET /wp-content/uploads/2019/05/asw-white-300x126.png HTTP/1.1" 200 12061 "https://amazingsportwear.com/" "Mozilla/5.0 (Windows NT 6.1) AppleWebKit/537.36 (KHTML, like Gecko) Chrome/78.0.3904.108 Safari/537.36" "wpfront-notification-bar-landingpage=1; _ga=GA1.2.2109691421.1574933923; _gid=GA1.2.1439981578.1574933923; _gat_gtag_UA_91619287_1=1"
77.229.239.9 - - [28/Nov/2019:10:38:48 +0100] "GET /wp-content/plugins/wpfront-notification-bar/images/arrow_down.png HTTP/1.1" 200 2562 "https://amazingsportwear.com/wp-content/plugins/wpfront-notification-bar/css/wpfront-notification-bar.css?ver=1.7.1" "Mozilla/5.0 (Windows NT 6.1) AppleWebKit/537.36 (KHTML, like Gecko) Chrome/78.0.3904.108 Safari/537.36" "wpfront-notification-bar-landingpage=1; _ga=GA1.2.2109691421.1574933923; _gid=GA1.2.1439981578.1574933923; _gat_gtag_UA_91619287_1=1"
77.229.239.9 - - [28/Nov/2019:10:38:48 +0100] "GET /wp-content/uploads/2019/05/cropped-favicon-nuevo-logo-amazinf-128px-32x32.png HTTP/1.1" 200 1224 "https://amazingsportwear.com/" "Mozilla/5.0 (Windows NT 6.1) AppleWebKit/537.36 (KHTML, like Gecko) Chrome/78.0.3904.108 Safari/537.36" "wpfront-notification-bar-landingpage=1; _ga=GA1.2.2109691421.1574933923; _gid=GA1.2.1439981578.1574933923; _gat_gtag_UA_91619287_1=1"
217.76.130.90 - - [28/Nov/2019:10:39:34 +0100] "POST /wp-cron.php?doing_wp_cron=1574933974.3636260032653808593750 HTTP/1.1" 200 3389 "https://amazingsportwear.com/wp-cron.php?doing_wp_cron=1574933974.3636260032653808593750" "WordPress/5.2.4; https://amazingsportwear.com" "-"
77.229.239.9 - - [28/Nov/2019:10:39:33 +0100] "GET /producto/calcetin-deportivo-lycra-cp-lycra/ HTTP/1.1" 200 89786 "https://amazingsportwear.com/" "Mozilla/5.0 (Windows NT 6.1) AppleWebKit/537.36 (KHTML, like Gecko) Chrome/78.0.3904.108 Safari/537.36" "wpfront-notification-bar-landingpage=1; _ga=GA1.2.2109691421.1574933923; _gid=GA1.2.1439981578.1574933923; _gat_gtag_UA_91619287_1=1"
77.229.239.9 - - [28/Nov/2019:10:39:35 +0100] "GET /producto/calcetin-deportivo-lycra-cp-lycra/ HTTP/1.1" 200 89439 "https://amazingsportwear.com/" "Mozilla/5.0 (Windows NT 6.1) AppleWebKit/537.36 (KHTML, like Gecko) Chrome/78.0.3904.108 Safari/537.36" "wpfront-notification-bar-landingpage=1; _ga=GA1.2.2109691421.1574933923; _gid=GA1.2.1439981578.1574933923; _gat_gtag_UA_91619287_1=1"
77.229.239.9 - - [28/Nov/2019:10:39:36 +0100] "GET /wp-content/plugins/woocommerce/assets/css/photoswipe/photoswipe.css?ver=3.6.4 HTTP/1.1" 200 4610 "https://amazingsportwear.com/producto/calcetin-deportivo-lycra-cp-lycra/" "Mozilla/5.0 (Windows NT 6.1) AppleWebKit/537.36 (KHTML, like Gecko) Chrome/78.0.3904.108 Safari/537.36" "wpfront-notification-bar-landingpage=1; _ga=GA1.2.2109691421.1574933923; _gid=GA1.2.1439981578.1574933923; _gat_gtag_UA_91619287_1=1"
77.229.239.9 - - [28/Nov/2019:10:39:36 +0100] "GET /wp-content/plugins/woocommerce/assets/css/photoswipe/default-skin/default-skin.css?ver=3.6.4 HTTP/1.1" 200 11943 "https://amazingsportwear.com/producto/calcetin-deportivo-lycra-cp-lycra/" "Mozilla/5.0 (Windows NT 6.1) AppleWebKit/537.36 (KHTML, like Gecko) Chrome/78.0.3904.108 Safari/537.36" "wpfront-notification-bar-landingpage=1; _ga=GA1.2.2109691421.1574933923; _gid=GA1.2.1439981578.1574933923; _gat_gtag_UA_91619287_1=1"
77.229.239.9 - - [28/Nov/2019:10:39:36 +0100] "GET /wp-includes/js/jquery/jquery.js HTTP/1.1" 200 97362 "https://amazingsportwear.com/producto/calcetin-deportivo-lycra-cp-lycra/" "Mozilla/5.0 (Windows NT 6.1) AppleWebKit/537.36 (KHTML, like Gecko) Chrome/78.0.3904.108 Safari/537.36" "wpfront-notification-bar-landingpage=1; _ga=GA1.2.2109691421.1574933923; _gid=GA1.2.1439981578.1574933923; _gat_gtag_UA_91619287_1=1"
77.229.239.9 - - [28/Nov/2019:10:39:36 +0100] "GET /wp-content/plugins/product-enquiry-for-woocommerce/css/wdm-jquery-ui.css?ver=5.2.4 HTTP/1.1" 200 27001 "https://amazingsportwear.com/producto/calcetin-deportivo-lycra-cp-lycra/" "Mozilla/5.0 (Windows NT 6.1) AppleWebKit/537.36 (KHTML, like Gecko) Chrome/78.0.3904.108 Safari/537.36" "wpfront-notification-bar-landingpage=1; _ga=GA1.2.2109691421.1574933923; _gid=GA1.2.1439981578.1574933923; _gat_gtag_UA_91619287_1=1"
77.229.239.9 - - [28/Nov/2019:10:39:36 +0100] "GET /wp-content/plugins/woocommerce/assets/js/zoom/jquery.zoom.min.js?ver=1.7.21 HTTP/1.1" 200 3095 "https://amazingsportwear.com/producto/calcetin-deportivo-lycra-cp-lycra/" "Mozilla/5.0 (Windows NT 6.1) AppleWebKit/537.36 (KHTML, like Gecko) Chrome/78.0.3904.108 Safari/537.36" "wpfront-notification-bar-landingpage=1; _ga=GA1.2.2109691421.1574933923; _gid=GA1.2.1439981578.1574933923; _gat_gtag_UA_91619287_1=1"
77.229.239.9 - - [28/Nov/2019:10:39:36 +0100] "GET /wp-content/plugins/woocommerce/assets/js/flexslider/jquery.flexslider.min.js?ver=2.7.2 HTTP/1.1" 200 23370 "https://amazingsportwear.com/producto/calcetin-deportivo-lycra-cp-lycra/" "Mozilla/5.0 (Windows NT 6.1) AppleWebKit/537.36 (KHTML, like Gecko) Chrome/78.0.3904.108 Safari/537.36" "wpfront-notification-bar-landingpage=1; _ga=GA1.2.2109691421.1574933923; _gid=GA1.2.1439981578.1574933923; _gat_gtag_UA_91619287_1=1"
77.229.239.9 - - [28/Nov/2019:10:39:36 +0100] "GET /wp-content/plugins/woocommerce/assets/js/photoswipe/photoswipe.min.js?ver=4.1.1 HTTP/1.1" 200 32414 "https://amazingsportwear.com/producto/calcetin-deportivo-lycra-cp-lycra/" "Mozilla/5.0 (Windows NT 6.1) AppleWebKit/537.36 (KHTML, like Gecko) Chrome/78.0.3904.108 Safari/537.36" "wpfront-notification-bar-landingpage=1; _ga=GA1.2.2109691421.1574933923; _gid=GA1.2.1439981578.1574933923; _gat_gtag_UA_91619287_1=1"
77.229.239.9 - - [28/Nov/2019:10:39:36 +0100] "GET /wp-content/plugins/woocommerce/assets/js/photoswipe/photoswipe-ui-default.min.js?ver=4.1.1 HTTP/1.1" 200 10358 "https://amazingsportwear.com/producto/calcetin-deportivo-lycra-cp-lycra/" "Mozilla/5.0 (Windows NT 6.1) AppleWebKit/537.36 (KHTML, like Gecko) Chrome/78.0.3904.108 Safari/537.36" "wpfront-notification-bar-landingpage=1; _ga=GA1.2.2109691421.1574933923; _gid=GA1.2.1439981578.1574933923; _gat_gtag_UA_91619287_1=1"
77.229.239.9 - - [28/Nov/2019:10:39:36 +0100] "GET /wp-content/uploads/2018/05/cp-lycra-1.jpg HTTP/1.1" 200 20412 "https://amazingsportwear.com/producto/calcetin-deportivo-lycra-cp-lycra/" "Mozilla/5.0 (Windows NT 6.1) AppleWebKit/537.36 (KHTML, like Gecko) Chrome/78.0.3904.108 Safari/537.36" "wpfront-notification-bar-landingpage=1; _ga=GA1.2.2109691421.1574933923; _gid=GA1.2.1439981578.1574933923; _gat_gtag_UA_91619287_1=1"
77.229.239.9 - - [28/Nov/2019:10:39:36 +0100] "GET /wp-content/uploads/2018/05/cp-lycra-3.jpg HTTP/1.1" 200 33782 "https://amazingsportwear.com/producto/calcetin-deportivo-lycra-cp-lycra/" "Mozilla/5.0 (Windows NT 6.1) AppleWebKit/537.36 (KHTML, like Gecko) Chrome/78.0.3904.108 Safari/537.36" "wpfront-notification-bar-landingpage=1; _ga=GA1.2.2109691421.1574933923; _gid=GA1.2.1439981578.1574933923; _gat_gtag_UA_91619287_1=1"
77.229.239.9 - - [28/Nov/2019:10:39:37 +0100] "GET /wp-content/plugins/woocommerce/assets/js/frontend/single-product.min.js?ver=3.6.4 HTTP/1.1" 200 6693 "https://amazingsportwear.com/producto/calcetin-deportivo-lycra-cp-lycra/" "Mozilla/5.0 (Windows NT 6.1) AppleWebKit/537.36 (KHTML, like Gecko) Chrome/78.0.3904.108 Safari/537.36" "wpfront-notification-bar-landingpage=1; _ga=GA1.2.2109691421.1574933923; _gid=GA1.2.1439981578.1574933923; _gat_gtag_UA_91619287_1=1"
77.229.239.9 - - [28/Nov/2019:10:39:37 +0100] "GET /wp-includes/js/underscore.min.js?ver=1.8.3 HTTP/1.1" 200 16527 "https://amazingsportwear.com/producto/calcetin-deportivo-lycra-cp-lycra/" "Mozilla/5.0 (Windows NT 6.1) AppleWebKit/537.36 (KHTML, like Gecko) Chrome/78.0.3904.108 Safari/537.36" "wpfront-notification-bar-landingpage=1; _ga=GA1.2.2109691421.1574933923; _gid=GA1.2.1439981578.1574933923; _gat_gtag_UA_91619287_1=1"
77.229.239.9 - - [28/Nov/2019:10:39:37 +0100] "GET /wp-includes/js/comment-reply.min.js?ver=5.2.4 HTTP/1.1" 200 2575 "https://amazingsportwear.com/producto/calcetin-deportivo-lycra-cp-lycra/" "Mozilla/5.0 (Windows NT 6.1) AppleWebKit/537.36 (KHTML, like Gecko) Chrome/78.0.3904.108 Safari/537.36" "wpfront-notification-bar-landingpage=1; _ga=GA1.2.2109691421.1574933923; _gid=GA1.2.1439981578.1574933923; _gat_gtag_UA_91619287_1=1"
77.229.239.9 - - [28/Nov/2019:10:39:37 +0100] "GET /wp-includes/js/wp-util.min.js?ver=5.2.4 HTTP/1.1" 200 1387 "https://amazingsportwear.com/producto/calcetin-deportivo-lycra-cp-lycra/" "Mozilla/5.0 (Windows NT 6.1) AppleWebKit/537.36 (KHTML, like Gecko) Chrome/78.0.3904.108 Safari/537.36" "wpfront-notification-bar-landingpage=1; _ga=GA1.2.2109691421.1574933923; _gid=GA1.2.1439981578.1574933923; _gat_gtag_UA_91619287_1=1"
77.229.239.9 - - [28/Nov/2019:10:39:37 +0100] "GET /wp-content/plugins/woocommerce/assets/js/frontend/add-to-cart-variation.min.js?ver=3.6.4 HTTP/1.1" 200 13625 "https://amazingsportwear.com/producto/calcetin-deportivo-lycra-cp-lycra/" "Mozilla/5.0 (Windows NT 6.1) AppleWebKit/537.36 (KHTML, like Gecko) Chrome/78.0.3904.108 Safari/537.36" "wpfront-notification-bar-landingpage=1; _ga=GA1.2.2109691421.1574933923; _gid=GA1.2.1439981578.1574933923; _gat_gtag_UA_91619287_1=1"
77.229.239.9 - - [28/Nov/2019:10:39:37 +0100] "GET /wp-includes/js/jquery/ui/widget.min.js?ver=1.11.4 HTTP/1.1" 200 7250 "https://amazingsportwear.com/producto/calcetin-deportivo-lycra-cp-lycra/" "Mozilla/5.0 (Windows NT 6.1) AppleWebKit/537.36 (KHTML, like Gecko) Chrome/78.0.3904.108 Safari/537.36" "wpfront-notification-bar-landingpage=1; _ga=GA1.2.2109691421.1574933923; _gid=GA1.2.1439981578.1574933923; _gat_gtag_UA_91619287_1=1"
77.229.239.9 - - [28/Nov/2019:10:39:37 +0100] "GET /wp-includes/js/jquery/ui/mouse.min.js?ver=1.11.4 HTTP/1.1" 200 3489 "https://amazingsportwear.com/producto/calcetin-deportivo-lycra-cp-lycra/" "Mozilla/5.0 (Windows NT 6.1) AppleWebKit/537.36 (KHTML, like Gecko) Chrome/78.0.3904.108 Safari/537.36" "wpfront-notification-bar-landingpage=1; _ga=GA1.2.2109691421.1574933923; _gid=GA1.2.1439981578.1574933923; _gat_gtag_UA_91619287_1=1"
77.229.239.9 - - [28/Nov/2019:10:39:37 +0100] "GET /wp-includes/js/jquery/ui/resizable.min.js?ver=1.11.4 HTTP/1.1" 200 18798 "https://amazingsportwear.com/producto/calcetin-deportivo-lycra-cp-lycra/" "Mozilla/5.0 (Windows NT 6.1) AppleWebKit/537.36 (KHTML, like Gecko) Chrome/78.0.3904.108 Safari/537.36" "wpfront-notification-bar-landingpage=1; _ga=GA1.2.2109691421.1574933923; _gid=GA1.2.1439981578.1574933923; _gat_gtag_UA_91619287_1=1"
77.229.239.9 - - [28/Nov/2019:10:39:37 +0100] "GET /wp-includes/js/jquery/ui/draggable.min.js?ver=1.11.4 HTTP/1.1" 200 19277 "https://amazingsportwear.com/producto/calcetin-deportivo-lycra-cp-lycra/" "Mozilla/5.0 (Windows NT 6.1) AppleWebKit/537.36 (KHTML, like Gecko) Chrome/78.0.3904.108 Safari/537.36" "wpfront-notification-bar-landingpage=1; _ga=GA1.2.2109691421.1574933923; _gid=GA1.2.1439981578.1574933923; _gat_gtag_UA_91619287_1=1"
77.229.239.9 - - [28/Nov/2019:10:39:37 +0100] "GET /wp-includes/js/jquery/ui/button.min.js?ver=1.11.4 HTTP/1.1" 200 7578 "https://amazingsportwear.com/producto/calcetin-deportivo-lycra-cp-lycra/" "Mozilla/5.0 (Windows NT 6.1) AppleWebKit/537.36 (KHTML, like Gecko) Chrome/78.0.3904.108 Safari/537.36" "wpfront-notification-bar-landingpage=1; _ga=GA1.2.2109691421.1574933923; _gid=GA1.2.1439981578.1574933923; _gat_gtag_UA_91619287_1=1"
77.229.239.9 - - [28/Nov/2019:10:39:37 +0100] "GET /wp-includes/js/jquery/ui/dialog.min.js?ver=1.11.4 HTTP/1.1" 200 12482 "https://amazingsportwear.com/producto/calcetin-deportivo-lycra-cp-lycra/" "Mozilla/5.0 (Windows NT 6.1) AppleWebKit/537.36 (KHTML, like Gecko) Chrome/78.0.3904.108 Safari/537.36" "wpfront-notification-bar-landingpage=1; _ga=GA1.2.2109691421.1574933923; _gid=GA1.2.1439981578.1574933923; _gat_gtag_UA_91619287_1=1"
77.229.239.9 - - [28/Nov/2019:10:39:37 +0100] "GET /wp-content/plugins/product-enquiry-for-woocommerce/js/wdm_jquery.validate.min.js?ver=5.2.4 HTTP/1.1" 200 21818 "https://amazingsportwear.com/producto/calcetin-deportivo-lycra-cp-lycra/" "Mozilla/5.0 (Windows NT 6.1) AppleWebKit/537.36 (KHTML, like Gecko) Chrome/78.0.3904.108 Safari/537.36" "wpfront-notification-bar-landingpage=1; _ga=GA1.2.2109691421.1574933923; _gid=GA1.2.1439981578.1574933923; _gat_gtag_UA_91619287_1=1"
77.229.239.9 - - [28/Nov/2019:10:39:37 +0100] "GET /wp-content/plugins/product-enquiry-for-woocommerce/js/contact.js?ver=5.2.4 HTTP/1.1" 200 4681 "https://amazingsportwear.com/producto/calcetin-deportivo-lycra-cp-lycra/" "Mozilla/5.0 (Windows NT 6.1) AppleWebKit/537.36 (KHTML, like Gecko) Chrome/78.0.3904.108 Safari/537.36" "wpfront-notification-bar-landingpage=1; _ga=GA1.2.2109691421.1574933923; _gid=GA1.2.1439981578.1574933923; _gat_gtag_UA_91619287_1=1"
77.229.239.9 - - [28/Nov/2019:10:39:37 +0100] "GET /wp-content/uploads/2018/05/cp-coolmax-1-300x300.jpg HTTP/1.1" 200 15700 "https://amazingsportwear.com/producto/calcetin-deportivo-lycra-cp-lycra/" "Mozilla/5.0 (Windows NT 6.1) AppleWebKit/537.36 (KHTML, like Gecko) Chrome/78.0.3904.108 Safari/537.36" "wpfront-notification-bar-landingpage=1; _ga=GA1.2.2109691421.1574933923; _gid=GA1.2.1439981578.1574933923; _gat_gtag_UA_91619287_1=1"
77.229.239.9 - - [28/Nov/2019:10:39:37 +0100] "GET /wp-content/uploads/2018/05/bandanaBuff_comoqueda.jpg HTTP/1.1" 200 5936 "https://amazingsportwear.com/producto/calcetin-deportivo-lycra-cp-lycra/" "Mozilla/5.0 (Windows NT 6.1) AppleWebKit/537.36 (KHTML, like Gecko) Chrome/78.0.3904.108 Safari/537.36" "wpfront-notification-bar-landingpage=1; _ga=GA1.2.2109691421.1574933923; _gid=GA1.2.1439981578.1574933923; _gat_gtag_UA_91619287_1=1"
77.229.239.9 - - [28/Nov/2019:10:39:37 +0100] "GET /wp-content/plugins/product-enquiry-for-woocommerce/img/contact/loading.gif HTTP/1.1" 200 3834 "https://amazingsportwear.com/producto/calcetin-deportivo-lycra-cp-lycra/" "Mozilla/5.0 (Windows NT 6.1) AppleWebKit/537.36 (KHTML, like Gecko) Chrome/78.0.3904.108 Safari/537.36" "wpfront-notification-bar-landingpage=1; _ga=GA1.2.2109691421.1574933923; _gid=GA1.2.1439981578.1574933923; _gat_gtag_UA_91619287_1=1"
77.229.239.9 - - [28/Nov/2019:10:39:37 +0100] "GET /wp-content/plugins/akismet/_inc/form.js?ver=4.1.2 HTTP/1.1" 200 1040 "https://amazingsportwear.com/producto/calcetin-deportivo-lycra-cp-lycra/" "Mozilla/5.0 (Windows NT 6.1) AppleWebKit/537.36 (KHTML, like Gecko) Chrome/78.0.3904.108 Safari/537.36" "wpfront-notification-bar-landingpage=1; _ga=GA1.2.2109691421.1574933923; _gid=GA1.2.1439981578.1574933923; _gat_gtag_UA_91619287_1=1"
77.229.239.9 - - [28/Nov/2019:10:39:37 +0100] "GET /wp-content/uploads/2019/04/kit-emergencia-cerrado-300x300.png HTTP/1.1" 200 59038 "https://amazingsportwear.com/producto/calcetin-deportivo-lycra-cp-lycra/" "Mozilla/5.0 (Windows NT 6.1) AppleWebKit/537.36 (KHTML, like Gecko) Chrome/78.0.3904.108 Safari/537.36" "wpfront-notification-bar-landingpage=1; _ga=GA1.2.2109691421.1574933923; _gid=GA1.2.1439981578.1574933923; _gat_gtag_UA_91619287_1=1"
77.229.239.9 - - [28/Nov/2019:10:39:37 +0100] "GET /wp-content/uploads/2018/05/cp-lycra-2-100x100.jpg HTTP/1.1" 200 3592 "https://amazingsportwear.com/producto/calcetin-deportivo-lycra-cp-lycra/" "Mozilla/5.0 (Windows NT 6.1) AppleWebKit/537.36 (KHTML, like Gecko) Chrome/78.0.3904.108 Safari/537.36" "wpfront-notification-bar-landingpage=1; _ga=GA1.2.2109691421.1574933923; _gid=GA1.2.1439981578.1574933923; _gat_gtag_UA_91619287_1=1"
77.229.239.9 - - [28/Nov/2019:10:39:37 +0100] "GET /wp-content/uploads/2018/05/cp-lycra-3-100x100.jpg HTTP/1.1" 200 2459 "https://amazingsportwear.com/producto/calcetin-deportivo-lycra-cp-lycra/" "Mozilla/5.0 (Windows NT 6.1) AppleWebKit/537.36 (KHTML, like Gecko) Chrome/78.0.3904.108 Safari/537.36" "wpfront-notification-bar-landingpage=1; _ga=GA1.2.2109691421.1574933923; _gid=GA1.2.1439981578.1574933923; _gat_gtag_UA_91619287_1=1"
77.229.239.9 - - [28/Nov/2019:10:39:37 +0100] "GET /wp-content/uploads/2018/05/cp-lycra-1-100x100.jpg HTTP/1.1" 200 2719 "https://amazingsportwear.com/producto/calcetin-deportivo-lycra-cp-lycra/" "Mozilla/5.0 (Windows NT 6.1) AppleWebKit/537.36 (KHTML, like Gecko) Chrome/78.0.3904.108 Safari/537.36" "wpfront-notification-bar-landingpage=1; _ga=GA1.2.2109691421.1574933923; _gid=GA1.2.1439981578.1574933923; _gat_gtag_UA_91619287_1=1"
217.76.130.90 - - [28/Nov/2019:10:40:07 +0100] "POST /wp-cron.php?doing_wp_cron=1574934007.7878670692443847656250 HTTP/1.1" 200 3389 "https://amazingsportwear.com/wp-cron.php?doing_wp_cron=1574934007.7878670692443847656250" "WordPress/5.2.4; https://amazingsportwear.com" "-"
77.229.239.9 - - [28/Nov/2019:10:40:07 +0100] "GET /producto/calcetin-deportivo-coolmax-cp-coolmax/ HTTP/1.1" 200 90860 "https://amazingsportwear.com/producto/calcetin-deportivo-lycra-cp-lycra/" "Mozilla/5.0 (Windows NT 6.1) AppleWebKit/537.36 (KHTML, like Gecko) Chrome/78.0.3904.108 Safari/537.36" "wpfront-notification-bar-landingpage=1; _ga=GA1.2.2109691421.1574933923; _gid=GA1.2.1439981578.1574933923"
77.229.239.9 - - [28/Nov/2019:10:40:08 +0100] "GET /wp-content/uploads/2018/05/cp-coolmax-1.jpg HTTP/1.1" 200 27265 "https://amazingsportwear.com/producto/calcetin-deportivo-coolmax-cp-coolmax/" "Mozilla/5.0 (Windows NT 6.1) AppleWebKit/537.36 (KHTML, like Gecko) Chrome/78.0.3904.108 Safari/537.36" "wpfront-notification-bar-landingpage=1; _ga=GA1.2.2109691421.1574933923; _gid=GA1.2.1439981578.1574933923"
77.229.239.9 - - [28/Nov/2019:10:40:08 +0100] "GET /wp-content/uploads/2018/05/cp-coolmax-4.jpg HTTP/1.1" 200 7210 "https://amazingsportwear.com/producto/calcetin-deportivo-coolmax-cp-coolmax/" "Mozilla/5.0 (Windows NT 6.1) AppleWebKit/537.36 (KHTML, like Gecko) Chrome/78.0.3904.108 Safari/537.36" "wpfront-notification-bar-landingpage=1; _ga=GA1.2.2109691421.1574933923; _gid=GA1.2.1439981578.1574933923"
77.229.239.9 - - [28/Nov/2019:10:40:08 +0100] "GET /wp-content/uploads/2018/05/cp-coolmax-2.jpg HTTP/1.1" 200 14142 "https://amazingsportwear.com/producto/calcetin-deportivo-coolmax-cp-coolmax/" "Mozilla/5.0 (Windows NT 6.1) AppleWebKit/537.36 (KHTML, like Gecko) Chrome/78.0.3904.108 Safari/537.36" "wpfront-notification-bar-landingpage=1; _ga=GA1.2.2109691421.1574933923; _gid=GA1.2.1439981578.1574933923"
77.229.239.9 - - [28/Nov/2019:10:40:08 +0100] "GET /wp-content/uploads/2018/05/cp-coolmax-3.jpg HTTP/1.1" 200 9774 "https://amazingsportwear.com/producto/calcetin-deportivo-coolmax-cp-coolmax/" "Mozilla/5.0 (Windows NT 6.1) AppleWebKit/537.36 (KHTML, like Gecko) Chrome/78.0.3904.108 Safari/537.36" "wpfront-notification-bar-landingpage=1; _ga=GA1.2.2109691421.1574933923; _gid=GA1.2.1439981578.1574933923"
77.229.239.9 - - [28/Nov/2019:10:40:08 +0100] "GET /wp-content/uploads/2018/05/cat-4520-amarillo-300x300.jpg HTTP/1.1" 200 10501 "https://amazingsportwear.com/producto/calcetin-deportivo-coolmax-cp-coolmax/" "Mozilla/5.0 (Windows NT 6.1) AppleWebKit/537.36 (KHTML, like Gecko) Chrome/78.0.3904.108 Safari/537.36" "wpfront-notification-bar-landingpage=1; _ga=GA1.2.2109691421.1574933923; _gid=GA1.2.1439981578.1574933923"
77.229.239.9 - - [28/Nov/2019:10:40:08 +0100] "GET /wp-content/uploads/2018/05/Pf-10031900-2-261x300.jpg HTTP/1.1" 200 12882 "https://amazingsportwear.com/producto/calcetin-deportivo-coolmax-cp-coolmax/" "Mozilla/5.0 (Windows NT 6.1) AppleWebKit/537.36 (KHTML, like Gecko) Chrome/78.0.3904.108 Safari/537.36" "wpfront-notification-bar-landingpage=1; _ga=GA1.2.2109691421.1574933923; _gid=GA1.2.1439981578.1574933923"
77.229.239.9 - - [28/Nov/2019:10:40:08 +0100] "GET /wp-content/uploads/2018/05/CAT-5311-azul-300x286.jpg HTTP/1.1" 200 13915 "https://amazingsportwear.com/producto/calcetin-deportivo-coolmax-cp-coolmax/" "Mozilla/5.0 (Windows NT 6.1) AppleWebKit/537.36 (KHTML, like Gecko) Chrome/78.0.3904.108 Safari/537.36" "wpfront-notification-bar-landingpage=1; _ga=GA1.2.2109691421.1574933923; _gid=GA1.2.1439981578.1574933923"
77.229.239.9 - - [28/Nov/2019:10:40:08 +0100] "GET /wp-content/uploads/2018/05/cp-coolmax-2-100x100.jpg HTTP/1.1" 200 3230 "https://amazingsportwear.com/producto/calcetin-deportivo-coolmax-cp-coolmax/" "Mozilla/5.0 (Windows NT 6.1) AppleWebKit/537.36 (KHTML, like Gecko) Chrome/78.0.3904.108 Safari/537.36" "wpfront-notification-bar-landingpage=1; _ga=GA1.2.2109691421.1574933923; _gid=GA1.2.1439981578.1574933923"
77.229.239.9 - - [28/Nov/2019:10:40:08 +0100] "GET /wp-content/uploads/2018/05/cp-coolmax-1-100x100.jpg HTTP/1.1" 200 3296 "https://amazingsportwear.com/producto/calcetin-deportivo-coolmax-cp-coolmax/" "Mozilla/5.0 (Windows NT 6.1) AppleWebKit/537.36 (KHTML, like Gecko) Chrome/78.0.3904.108 Safari/537.36" "wpfront-notification-bar-landingpage=1; _ga=GA1.2.2109691421.1574933923; _gid=GA1.2.1439981578.1574933923"
77.229.239.9 - - [28/Nov/2019:10:40:08 +0100] "GET /wp-content/uploads/2018/05/cp-coolmax-4-100x100.jpg HTTP/1.1" 200 2694 "https://amazingsportwear.com/producto/calcetin-deportivo-coolmax-cp-coolmax/" "Mozilla/5.0 (Windows NT 6.1) AppleWebKit/537.36 (KHTML, like Gecko) Chrome/78.0.3904.108 Safari/537.36" "wpfront-notification-bar-landingpage=1; _ga=GA1.2.2109691421.1574933923; _gid=GA1.2.1439981578.1574933923"
77.229.239.9 - - [28/Nov/2019:10:40:08 +0100] "GET /wp-content/uploads/2018/05/cp-coolmax-3-100x100.jpg HTTP/1.1" 200 2493 "https://amazingsportwear.com/producto/calcetin-deportivo-coolmax-cp-coolmax/" "Mozilla/5.0 (Windows NT 6.1) AppleWebKit/537.36 (KHTML, like Gecko) Chrome/78.0.3904.108 Safari/537.36" "wpfront-notification-bar-landingpage=1; _ga=GA1.2.2109691421.1574933923; _gid=GA1.2.1439981578.1574933923"
77.229.239.9 - - [28/Nov/2019:10:40:26 +0100] "GET /producto/luz-intermitente-slapz-pf-10031900/ HTTP/1.1" 200 88977 "https://amazingsportwear.com/producto/calcetin-deportivo-coolmax-cp-coolmax/" "Mozilla/5.0 (Windows NT 6.1) AppleWebKit/537.36 (KHTML, like Gecko) Chrome/78.0.3904.108 Safari/537.36" "wpfront-notification-bar-landingpage=1; _ga=GA1.2.2109691421.1574933923; _gid=GA1.2.1439981578.1574933923; _gat_gtag_UA_91619287_1=1"
77.229.239.9 - - [28/Nov/2019:10:40:27 +0100] "GET /wp-content/uploads/2018/05/Pf-10031900-2.jpg HTTP/1.1" 200 17048 "https://amazingsportwear.com/producto/luz-intermitente-slapz-pf-10031900/" "Mozilla/5.0 (Windows NT 6.1) AppleWebKit/537.36 (KHTML, like Gecko) Chrome/78.0.3904.108 Safari/537.36" "wpfront-notification-bar-landingpage=1; _ga=GA1.2.2109691421.1574933923; _gid=GA1.2.1439981578.1574933923; _gat_gtag_UA_91619287_1=1"
77.229.239.9 - - [28/Nov/2019:10:40:27 +0100] "GET /wp-content/uploads/2018/05/Pf-10031900-1.jpg HTTP/1.1" 200 27441 "https://amazingsportwear.com/producto/luz-intermitente-slapz-pf-10031900/" "Mozilla/5.0 (Windows NT 6.1) AppleWebKit/537.36 (KHTML, like Gecko) Chrome/78.0.3904.108 Safari/537.36" "wpfront-notification-bar-landingpage=1; _ga=GA1.2.2109691421.1574933923; _gid=GA1.2.1439981578.1574933923; _gat_gtag_UA_91619287_1=1"
77.229.239.9 - - [28/Nov/2019:10:40:27 +0100] "GET /wp-content/uploads/2018/05/BP-38040-chico-300x300.jpg HTTP/1.1" 200 20471 "https://amazingsportwear.com/producto/luz-intermitente-slapz-pf-10031900/" "Mozilla/5.0 (Windows NT 6.1) AppleWebKit/537.36 (KHTML, like Gecko) Chrome/78.0.3904.108 Safari/537.36" "wpfront-notification-bar-landingpage=1; _ga=GA1.2.2109691421.1574933923; _gid=GA1.2.1439981578.1574933923; _gat_gtag_UA_91619287_1=1"
77.229.239.9 - - [28/Nov/2019:10:40:27 +0100] "GET /wp-content/uploads/2018/05/PF-11811001-1-300x300.jpg HTTP/1.1" 200 8054 "https://amazingsportwear.com/producto/luz-intermitente-slapz-pf-10031900/" "Mozilla/5.0 (Windows NT 6.1) AppleWebKit/537.36 (KHTML, like Gecko) Chrome/78.0.3904.108 Safari/537.36" "wpfront-notification-bar-landingpage=1; _ga=GA1.2.2109691421.1574933923; _gid=GA1.2.1439981578.1574933923; _gat_gtag_UA_91619287_1=1"
77.229.239.9 - - [28/Nov/2019:10:40:27 +0100] "GET /wp-content/uploads/2018/05/PF-10041102-1-300x300.png HTTP/1.1" 200 74467 "https://amazingsportwear.com/producto/luz-intermitente-slapz-pf-10031900/" "Mozilla/5.0 (Windows NT 6.1) AppleWebKit/537.36 (KHTML, like Gecko) Chrome/78.0.3904.108 Safari/537.36" "wpfront-notification-bar-landingpage=1; _ga=GA1.2.2109691421.1574933923; _gid=GA1.2.1439981578.1574933923; _gat_gtag_UA_91619287_1=1"
77.229.239.9 - - [28/Nov/2019:10:40:27 +0100] "GET /wp-content/uploads/2018/05/Pf-10031900-2-100x100.jpg HTTP/1.1" 200 3157 "https://amazingsportwear.com/producto/luz-intermitente-slapz-pf-10031900/" "Mozilla/5.0 (Windows NT 6.1) AppleWebKit/537.36 (KHTML, like Gecko) Chrome/78.0.3904.108 Safari/537.36" "wpfront-notification-bar-landingpage=1; _ga=GA1.2.2109691421.1574933923; _gid=GA1.2.1439981578.1574933923; _gat_gtag_UA_91619287_1=1"
77.229.239.9 - - [28/Nov/2019:10:40:27 +0100] "GET /wp-content/uploads/2018/05/Pf-10031900-1-100x100.jpg HTTP/1.1" 200 3456 "https://amazingsportwear.com/producto/luz-intermitente-slapz-pf-10031900/" "Mozilla/5.0 (Windows NT 6.1) AppleWebKit/537.36 (KHTML, like Gecko) Chrome/78.0.3904.108 Safari/537.36" "wpfront-notification-bar-landingpage=1; _ga=GA1.2.2109691421.1574933923; _gid=GA1.2.1439981578.1574933923; _gat_gtag_UA_91619287_1=1"
77.229.239.9 - - [28/Nov/2019:10:40:32 +0100] "GET /producto/cordon-gafas-de-sol-pf-10041102/ HTTP/1.1" 200 90917 "https://amazingsportwear.com/producto/luz-intermitente-slapz-pf-10031900/" "Mozilla/5.0 (Windows NT 6.1) AppleWebKit/537.36 (KHTML, like Gecko) Chrome/78.0.3904.108 Safari/537.36" "wpfront-notification-bar-landingpage=1; _ga=GA1.2.2109691421.1574933923; _gid=GA1.2.1439981578.1574933923; _gat_gtag_UA_91619287_1=1"
77.229.239.9 - - [28/Nov/2019:10:40:33 +0100] "GET /producto/cordon-gafas-de-sol-pf-10041102/ HTTP/1.1" 200 90852 "https://amazingsportwear.com/producto/luz-intermitente-slapz-pf-10031900/" "Mozilla/5.0 (Windows NT 6.1) AppleWebKit/537.36 (KHTML, like Gecko) Chrome/78.0.3904.108 Safari/537.36" "wpfront-notification-bar-landingpage=1; _ga=GA1.2.2109691421.1574933923; _gid=GA1.2.1439981578.1574933923; _gat_gtag_UA_91619287_1=1"
77.229.239.9 - - [28/Nov/2019:10:40:34 +0100] "GET /wp-content/uploads/2018/05/PF-10041102-3.png HTTP/1.1" 200 63991 "https://amazingsportwear.com/producto/cordon-gafas-de-sol-pf-10041102/" "Mozilla/5.0 (Windows NT 6.1) AppleWebKit/537.36 (KHTML, like Gecko) Chrome/78.0.3904.108 Safari/537.36" "wpfront-notification-bar-landingpage=1; _ga=GA1.2.2109691421.1574933923; _gid=GA1.2.1439981578.1574933923; _gat_gtag_UA_91619287_1=1"
77.229.239.9 - - [28/Nov/2019:10:40:34 +0100] "GET /wp-content/uploads/2018/05/PF-10041102-2.png HTTP/1.1" 200 95270 "https://amazingsportwear.com/producto/cordon-gafas-de-sol-pf-10041102/" "Mozilla/5.0 (Windows NT 6.1) AppleWebKit/537.36 (KHTML, like Gecko) Chrome/78.0.3904.108 Safari/537.36" "wpfront-notification-bar-landingpage=1; _ga=GA1.2.2109691421.1574933923; _gid=GA1.2.1439981578.1574933923; _gat_gtag_UA_91619287_1=1"
77.229.239.9 - - [28/Nov/2019:10:40:34 +0100] "GET /wp-content/uploads/2018/05/PF-10041102-1.png HTTP/1.1" 200 146491 "https://amazingsportwear.com/producto/cordon-gafas-de-sol-pf-10041102/" "Mozilla/5.0 (Windows NT 6.1) AppleWebKit/537.36 (KHTML, like Gecko) Chrome/78.0.3904.108 Safari/537.36" "wpfront-notification-bar-landingpage=1; _ga=GA1.2.2109691421.1574933923; _gid=GA1.2.1439981578.1574933923; _gat_gtag_UA_91619287_1=1"
77.229.239.9 - - [28/Nov/2019:10:40:34 +0100] "GET /wp-content/uploads/2018/05/ENY-SU13W-3-300x300.jpg HTTP/1.1" 200 9697 "https://amazingsportwear.com/producto/cordon-gafas-de-sol-pf-10041102/" "Mozilla/5.0 (Windows NT 6.1) AppleWebKit/537.36 (KHTML, like Gecko) Chrome/78.0.3904.108 Safari/537.36" "wpfront-notification-bar-landingpage=1; _ga=GA1.2.2109691421.1574933923; _gid=GA1.2.1439981578.1574933923; _gat_gtag_UA_91619287_1=1"
77.229.239.9 - - [28/Nov/2019:10:40:34 +0100] "GET /wp-content/uploads/2018/05/PF-10041102-1-100x100.png HTTP/1.1" 200 12665 "https://amazingsportwear.com/producto/cordon-gafas-de-sol-pf-10041102/" "Mozilla/5.0 (Windows NT 6.1) AppleWebKit/537.36 (KHTML, like Gecko) Chrome/78.0.3904.108 Safari/537.36" "wpfront-notification-bar-landingpage=1; _ga=GA1.2.2109691421.1574933923; _gid=GA1.2.1439981578.1574933923; _gat_gtag_UA_91619287_1=1"
77.229.239.9 - - [28/Nov/2019:10:40:34 +0100] "GET /wp-content/uploads/2018/05/PF-10041102-2-100x100.png HTTP/1.1" 200 8113 "https://amazingsportwear.com/producto/cordon-gafas-de-sol-pf-10041102/" "Mozilla/5.0 (Windows NT 6.1) AppleWebKit/537.36 (KHTML, like Gecko) Chrome/78.0.3904.108 Safari/537.36" "wpfront-notification-bar-landingpage=1; _ga=GA1.2.2109691421.1574933923; _gid=GA1.2.1439981578.1574933923; _gat_gtag_UA_91619287_1=1"
77.229.239.9 - - [28/Nov/2019:10:40:34 +0100] "GET /wp-content/uploads/2018/05/PF-10041102-3-100x100.png HTTP/1.1" 200 11657 "https://amazingsportwear.com/producto/cordon-gafas-de-sol-pf-10041102/" "Mozilla/5.0 (Windows NT 6.1) AppleWebKit/537.36 (KHTML, like Gecko) Chrome/78.0.3904.108 Safari/537.36" "wpfront-notification-bar-landingpage=1; _ga=GA1.2.2109691421.1574933923; _gid=GA1.2.1439981578.1574933923; _gat_gtag_UA_91619287_1=1"
77.229.239.9 - - [28/Nov/2019:10:40:34 +0100] "GET /wp-content/uploads/2018/05/cat-4010-04-300x300.jpg HTTP/1.1" 200 28423 "https://amazingsportwear.com/producto/cordon-gafas-de-sol-pf-10041102/" "Mozilla/5.0 (Windows NT 6.1) AppleWebKit/537.36 (KHTML, like Gecko) Chrome/78.0.3904.108 Safari/537.36" "wpfront-notification-bar-landingpage=1; _ga=GA1.2.2109691421.1574933923; _gid=GA1.2.1439981578.1574933923; _gat_gtag_UA_91619287_1=1"
217.76.130.90 - - [28/Nov/2019:10:42:07 +0100] "POST /wp-cron.php?doing_wp_cron=1574934127.1373069286346435546875 HTTP/1.1" 200 164 "http://amazingsportwear.com/wp-cron.php?doing_wp_cron=1574934127.1373069286346435546875" "WordPress/5.2.4; https://amazingsportwear.com" "-"
66.249.64.128 - - [28/Nov/2019:10:42:06 +0100] "GET / HTTP/1.1" 301 336 "-" "Mozilla/5.0 (compatible; Googlebot/2.1; +http://www.google.com/bot.html)" "-"
66.249.64.148 - - [28/Nov/2019:10:42:07 +0100] "GET / HTTP/1.1" 200 125796 "-" "Mozilla/5.0 (compatible; Googlebot/2.1; +http://www.google.com/bot.html)" "wpfront-notification-bar-landingpage=1"
77.229.239.9 - - [28/Nov/2019:10:42:15 +0100] "GET /producto/fundas-gafas-sumix-eny-su13w/ HTTP/1.1" 200 85391 "https://amazingsportwear.com/producto/cordon-gafas-de-sol-pf-10041102/" "Mozilla/5.0 (Windows NT 6.1) AppleWebKit/537.36 (KHTML, like Gecko) Chrome/78.0.3904.108 Safari/537.36" "wpfront-notification-bar-landingpage=1; _ga=GA1.2.2109691421.1574933923; _gid=GA1.2.1439981578.1574933923"
77.229.239.9 - - [28/Nov/2019:10:42:15 +0100] "GET /producto/fundas-gafas-sumix-eny-su13w/ HTTP/1.1" 200 85675 "https://amazingsportwear.com/producto/cordon-gafas-de-sol-pf-10041102/" "Mozilla/5.0 (Windows NT 6.1) AppleWebKit/537.36 (KHTML, like Gecko) Chrome/78.0.3904.108 Safari/537.36" "wpfront-notification-bar-landingpage=1; _ga=GA1.2.2109691421.1574933923; _gid=GA1.2.1439981578.1574933923"
77.229.239.9 - - [28/Nov/2019:10:42:17 +0100] "GET /wp-content/uploads/2018/05/ENY-SU13W-3.jpg HTTP/1.1" 200 14047 "https://amazingsportwear.com/producto/fundas-gafas-sumix-eny-su13w/" "Mozilla/5.0 (Windows NT 6.1) AppleWebKit/537.36 (KHTML, like Gecko) Chrome/78.0.3904.108 Safari/537.36" "wpfront-notification-bar-landingpage=1; _ga=GA1.2.2109691421.1574933923; _gid=GA1.2.1439981578.1574933923"
77.229.239.9 - - [28/Nov/2019:10:42:17 +0100] "GET /wp-content/uploads/2018/05/ENY-SU13W-2.jpg HTTP/1.1" 200 3295 "https://amazingsportwear.com/producto/fundas-gafas-sumix-eny-su13w/" "Mozilla/5.0 (Windows NT 6.1) AppleWebKit/537.36 (KHTML, like Gecko) Chrome/78.0.3904.108 Safari/537.36" "wpfront-notification-bar-landingpage=1; _ga=GA1.2.2109691421.1574933923; _gid=GA1.2.1439981578.1574933923"
77.229.239.9 - - [28/Nov/2019:10:42:17 +0100] "GET /wp-content/uploads/2018/05/CIF-Z281-1-300x300.jpg HTTP/1.1" 200 10612 "https://amazingsportwear.com/producto/fundas-gafas-sumix-eny-su13w/" "Mozilla/5.0 (Windows NT 6.1) AppleWebKit/537.36 (KHTML, like Gecko) Chrome/78.0.3904.108 Safari/537.36" "wpfront-notification-bar-landingpage=1; _ga=GA1.2.2109691421.1574933923; _gid=GA1.2.1439981578.1574933923"
77.229.239.9 - - [28/Nov/2019:10:42:17 +0100] "GET /wp-content/uploads/2018/05/ENY-IR11C-300x300.jpg HTTP/1.1" 200 26254 "https://amazingsportwear.com/producto/fundas-gafas-sumix-eny-su13w/" "Mozilla/5.0 (Windows NT 6.1) AppleWebKit/537.36 (KHTML, like Gecko) Chrome/78.0.3904.108 Safari/537.36" "wpfront-notification-bar-landingpage=1; _ga=GA1.2.2109691421.1574933923; _gid=GA1.2.1439981578.1574933923"
77.229.239.9 - - [28/Nov/2019:10:42:17 +0100] "GET /wp-content/uploads/2018/05/ENY-SU13W-3-100x100.jpg HTTP/1.1" 200 2669 "https://amazingsportwear.com/producto/fundas-gafas-sumix-eny-su13w/" "Mozilla/5.0 (Windows NT 6.1) AppleWebKit/537.36 (KHTML, like Gecko) Chrome/78.0.3904.108 Safari/537.36" "wpfront-notification-bar-landingpage=1; _ga=GA1.2.2109691421.1574933923; _gid=GA1.2.1439981578.1574933923; _gat_gtag_UA_91619287_1=1"
77.229.239.9 - - [28/Nov/2019:10:42:17 +0100] "GET /wp-content/uploads/2018/05/ENY-SU13W-2-100x100.jpg HTTP/1.1" 200 1230 "https://amazingsportwear.com/producto/fundas-gafas-sumix-eny-su13w/" "Mozilla/5.0 (Windows NT 6.1) AppleWebKit/537.36 (KHTML, like Gecko) Chrome/78.0.3904.108 Safari/537.36" "wpfront-notification-bar-landingpage=1; _ga=GA1.2.2109691421.1574933923; _gid=GA1.2.1439981578.1574933923; _gat_gtag_UA_91619287_1=1"
40.77.167.18 - - [28/Nov/2019:10:42:25 +0100] "GET /aviso-legal/ HTTP/1.1" 200 58747 "-" "Mozilla/5.0 (compatible; bingbot/2.0; +http://www.bing.com/bingbot.htm)" "-"
77.229.239.9 - - [28/Nov/2019:10:42:53 +0100] "GET /categoria-producto/deportes/tenispadel/ HTTP/1.1" 200 61861 "https://amazingsportwear.com/producto/cordon-gafas-de-sol-pf-10041102/" "Mozilla/5.0 (Windows NT 6.1) AppleWebKit/537.36 (KHTML, like Gecko) Chrome/78.0.3904.108 Safari/537.36" "wpfront-notification-bar-landingpage=1; _ga=GA1.2.2109691421.1574933923; _gid=GA1.2.1439981578.1574933923; _gat_gtag_UA_91619287_1=1"
77.229.239.9 - - [28/Nov/2019:10:42:54 +0100] "GET /wp-content/uploads/2017/01/camis-tenis1-300x300.jpg HTTP/1.1" 200 15667 "https://amazingsportwear.com/categoria-producto/deportes/tenispadel/" "Mozilla/5.0 (Windows NT 6.1) AppleWebKit/537.36 (KHTML, like Gecko) Chrome/78.0.3904.108 Safari/537.36" "wpfront-notification-bar-landingpage=1; _ga=GA1.2.2109691421.1574933923; _gid=GA1.2.1439981578.1574933923; _gat_gtag_UA_91619287_1=1"
77.229.239.9 - - [28/Nov/2019:10:42:54 +0100] "GET /wp-content/uploads/2019/04/AQ-FALDA-1-300x300.png HTTP/1.1" 200 97619 "https://amazingsportwear.com/categoria-producto/deportes/tenispadel/" "Mozilla/5.0 (Windows NT 6.1) AppleWebKit/537.36 (KHTML, like Gecko) Chrome/78.0.3904.108 Safari/537.36" "wpfront-notification-bar-landingpage=1; _ga=GA1.2.2109691421.1574933923; _gid=GA1.2.1439981578.1574933923; _gat_gtag_UA_91619287_1=1"
77.229.239.9 - - [28/Nov/2019:10:42:54 +0100] "GET /wp-content/uploads/2019/04/AQ-SHORT-PADEL-3-1-300x300.png HTTP/1.1" 200 100912 "https://amazingsportwear.com/categoria-producto/deportes/tenispadel/" "Mozilla/5.0 (Windows NT 6.1) AppleWebKit/537.36 (KHTML, like Gecko) Chrome/78.0.3904.108 Safari/537.36" "wpfront-notification-bar-landingpage=1; _ga=GA1.2.2109691421.1574933923; _gid=GA1.2.1439981578.1574933923; _gat_gtag_UA_91619287_1=1"
77.229.239.9 - - [28/Nov/2019:10:42:54 +0100] "GET /wp-content/uploads/2017/02/pantalon-tenis-padel-300x300.jpg HTTP/1.1" 200 8594 "https://amazingsportwear.com/categoria-producto/deportes/tenispadel/" "Mozilla/5.0 (Windows NT 6.1) AppleWebKit/537.36 (KHTML, like Gecko) Chrome/78.0.3904.108 Safari/537.36" "wpfront-notification-bar-landingpage=1; _ga=GA1.2.2109691421.1574933923; _gid=GA1.2.1439981578.1574933923; _gat_gtag_UA_91619287_1=1"
77.229.239.9 - - [28/Nov/2019:10:42:54 +0100] "GET /wp-content/uploads/2017/01/polo-padel1-300x300.jpg HTTP/1.1" 200 15969 "https://amazingsportwear.com/categoria-producto/deportes/tenispadel/" "Mozilla/5.0 (Windows NT 6.1) AppleWebKit/537.36 (KHTML, like Gecko) Chrome/78.0.3904.108 Safari/537.36" "wpfront-notification-bar-landingpage=1; _ga=GA1.2.2109691421.1574933923; _gid=GA1.2.1439981578.1574933923; _gat_gtag_UA_91619287_1=1"
77.229.239.9 - - [28/Nov/2019:10:42:54 +0100] "GET /wp-content/uploads/2019/04/AQ-SHORT-PADEL-1-1-300x300.png HTTP/1.1" 200 118611 "https://amazingsportwear.com/categoria-producto/deportes/tenispadel/" "Mozilla/5.0 (Windows NT 6.1) AppleWebKit/537.36 (KHTML, like Gecko) Chrome/78.0.3904.108 Safari/537.36" "wpfront-notification-bar-landingpage=1; _ga=GA1.2.2109691421.1574933923; _gid=GA1.2.1439981578.1574933923; _gat_gtag_UA_91619287_1=1"
77.229.239.9 - - [28/Nov/2019:10:42:54 +0100] "GET /wp-content/uploads/2019/04/AQ-SHORT-PADEL-2-1-300x300.png HTTP/1.1" 200 117184 "https://amazingsportwear.com/categoria-producto/deportes/tenispadel/" "Mozilla/5.0 (Windows NT 6.1) AppleWebKit/537.36 (KHTML, like Gecko) Chrome/78.0.3904.108 Safari/537.36" "wpfront-notification-bar-landingpage=1; _ga=GA1.2.2109691421.1574933923; _gid=GA1.2.1439981578.1574933923; _gat_gtag_UA_91619287_1=1"
217.76.130.90 - - [28/Nov/2019:10:44:53 +0100] "POST /wp-cron.php?doing_wp_cron=1574934293.0110518932342529296875 HTTP/1.1" 200 164 "http://amazingsportwear.com/wp-cron.php?doing_wp_cron=1574934293.0110518932342529296875" "WordPress/5.2.4; https://amazingsportwear.com" "-"
66.249.64.157 - - [28/Nov/2019:10:44:52 +0100] "GET /index.php?id_category=19&controller=category HTTP/1.1" 301 371 "-" "Mozilla/5.0 (compatible; Googlebot/2.1; +http://www.google.com/bot.html)" "-"
66.249.64.148 - - [28/Nov/2019:10:44:53 +0100] "GET /?id_category=19&controller=category HTTP/1.1" 200 125771 "-" "Mozilla/5.0 (compatible; Googlebot/2.1; +http://www.google.com/bot.html)" "wpfront-notification-bar-landingpage=1"
66.249.64.144 - - [28/Nov/2019:10:44:59 +0100] "POST /?wc-ajax=get_refreshed_fragments HTTP/1.1" 200 4760 "https://amazingsportwear.com/?id_category=19&controller=category" "Mozilla/5.0 AppleWebKit/537.36 (KHTML, like Gecko; compatible; Googlebot/2.1; +http://www.google.com/bot.html) Safari/537.36" "_ga=GA1.2.2027415640.1574934295; _gid=GA1.2.827986583.1574934295; _gat_gtag_UA_91619287_1=1"
217.76.130.90 - - [28/Nov/2019:10:45:04 +0100] "POST /wp-cron.php?doing_wp_cron=1574934304.4276781082153320312500 HTTP/1.1" 200 164 "http://amazingsportwear.com/wp-cron.php?doing_wp_cron=1574934304.4276781082153320312500" "WordPress/5.2.4; https://amazingsportwear.com" "-"
66.249.64.157 - - [28/Nov/2019:10:45:03 +0100] "GET /index.php?id_category=19&controller=category HTTP/1.1" 301 370 "-" "Mozilla/5.0 (Linux; Android 6.0.1; Nexus 5X Build/MMB29P) AppleWebKit/537.36 (KHTML, like Gecko) Chrome/41.0.2272.96 Mobile Safari/537.36 (compatible; Googlebot/2.1; +http://www.google.com/bot.html)" "-"
66.249.64.144 - - [28/Nov/2019:10:45:05 +0100] "GET /?id_category=19&controller=category HTTP/1.1" 200 122418 "-" "Mozilla/5.0 (Linux; Android 6.0.1; Nexus 5X Build/MMB29P) AppleWebKit/537.36 (KHTML, like Gecko) Chrome/41.0.2272.96 Mobile Safari/537.36 (compatible; Googlebot/2.1; +http://www.google.com/bot.html)" "wpfront-notification-bar-landingpage=1"
66.249.64.144 - - [28/Nov/2019:10:45:20 +0100] "POST /?wc-ajax=get_refreshed_fragments HTTP/1.1" 200 1360 "https://amazingsportwear.com/?id_category=19&controller=category" "Mozilla/5.0 (Linux; Android 6.0.1; Nexus 5X Build/MMB29P) AppleWebKit/537.36 (KHTML, like Gecko) Chrome/41.0.2272.96 Mobile Safari/537.36 (compatible; Googlebot/2.1; +http://www.google.com/bot.html)" "_ga=GA1.2.1951319036.1574934307; _gid=GA1.2.1036204339.1574934307; _gat_gtag_UA_91619287_1=1"
217.76.130.90 - - [28/Nov/2019:11:01:09 +0100] "POST /wp-cron.php?doing_wp_cron=1574935269.3770699501037597656250 HTTP/1.1" 200 3389 "https://amazingsportwear.com/wp-cron.php?doing_wp_cron=1574935269.3770699501037597656250" "WordPress/5.2.4; https://amazingsportwear.com" "-"
40.77.167.55 - - [28/Nov/2019:11:01:06 +0100] "GET /mapa-web HTTP/1.1" 404 72235 "-" "Mozilla/5.0 (compatible; bingbot/2.0; +http://www.bing.com/bingbot.htm)" "-"
217.76.130.90 - - [28/Nov/2019:11:03:33 +0100] "POST /wp-cron.php?doing_wp_cron=1574935413.2523429393768310546875 HTTP/1.1" 200 164 "http://amazingsportwear.com/wp-cron.php?doing_wp_cron=1574935413.2523429393768310546875" "WordPress/5.2.4; https://amazingsportwear.com" "-"
40.77.167.55 - - [28/Nov/2019:11:03:32 +0100] "GET /tienda/250-braga-gorro-polar-cat-8016.html HTTP/1.1" 404 68085 "-" "Mozilla/5.0 (compatible; bingbot/2.0; +http://www.bing.com/bingbot.htm)" "-"
217.76.130.90 - - [28/Nov/2019:11:04:46 +0100] "POST /wp-cron.php?doing_wp_cron=1574935486.5271630287170410156250 HTTP/1.1" 200 3389 "https://amazingsportwear.com/wp-cron.php?doing_wp_cron=1574935486.5271630287170410156250" "WordPress/5.2.4; https://amazingsportwear.com" "-"
66.249.64.146 - - [28/Nov/2019:11:04:45 +0100] "GET / HTTP/1.1" 200 125823 "-" "Mozilla/5.0 (Linux; Android 6.0.1; Nexus 5X Build/MMB29P) AppleWebKit/537.36 (KHTML, like Gecko) Chrome/41.0.2272.96 Mobile Safari/537.36 (compatible; Googlebot/2.1; +http://www.google.com/bot.html)" "-"
66.249.64.144 - - [28/Nov/2019:11:04:50 +0100] "GET /wp-content/plugins/elementor/assets/lib/font-awesome/css/font-awesome.min.css?ver=4.7.0 HTTP/1.1" 200 34728 "https://amazingsportwear.com/" "Mozilla/5.0 (Linux; Android 6.0.1; Nexus 5X Build/MMB29P) AppleWebKit/537.36 (KHTML, like Gecko) Chrome/41.0.2272.96 Mobile Safari/537.36 (compatible; Googlebot/2.1; +http://www.google.com/bot.html)" "wpfront-notification-bar-landingpage=1"
66.249.64.144 - - [28/Nov/2019:11:04:51 +0100] "GET /wp-content/plugins/smart-slider-3/library/media/smartslider.min.css?1559118093 HTTP/1.1" 200 19959 "https://amazingsportwear.com/" "Mozilla/5.0 (Linux; Android 6.0.1; Nexus 5X Build/MMB29P) AppleWebKit/537.36 (KHTML, like Gecko) Chrome/41.0.2272.96 Mobile Safari/537.36 (compatible; Googlebot/2.1; +http://www.google.com/bot.html)" "wpfront-notification-bar-landingpage=1"
66.249.64.146 - - [28/Nov/2019:11:04:52 +0100] "POST /?wc-ajax=get_refreshed_fragments HTTP/1.1" 200 1345 "https://amazingsportwear.com/" "Mozilla/5.0 (Linux; Android 6.0.1; Nexus 5X Build/MMB29P) AppleWebKit/537.36 (KHTML, like Gecko) Chrome/41.0.2272.96 Mobile Safari/537.36 (compatible; Googlebot/2.1; +http://www.google.com/bot.html)" "wpfront-notification-bar-landingpage=1; _ga=GA1.2.1884029788.1574935488; _gid=GA1.2.969013651.1574935488; _gat_gtag_UA_91619287_1=1"
66.249.64.144 - - [28/Nov/2019:11:04:58 +0100] "GET /favicon.ico HTTP/1.1" 200 259 "-" "Googlebot-Image/1.0" "-"
217.76.130.90 - - [28/Nov/2019:11:14:53 +0100] "POST /wp-cron.php?doing_wp_cron=1574936093.7275829315185546875000 HTTP/1.1" 200 3389 "https://amazingsportwear.com/wp-cron.php?doing_wp_cron=1574936093.7275829315185546875000" "WordPress/5.2.4; https://amazingsportwear.com" "-"
66.249.64.146 - - [28/Nov/2019:11:14:47 +0100] "GET /producto/camiseta-tecnic-plus-nino-cat-4185/ HTTP/1.1" 200 97687 "-" "Mozilla/5.0 (compatible; Googlebot/2.1; +http://www.google.com/bot.html)" "-"
217.76.130.90 - - [28/Nov/2019:11:17:19 +0100] "POST /wp-cron.php?doing_wp_cron=1574936239.1759510040283203125000 HTTP/1.1" 200 3389 "https://amazingsportwear.com/wp-cron.php?doing_wp_cron=1574936239.1759510040283203125000" "WordPress/5.2.4; https://amazingsportwear.com" "-"
66.249.64.148 - - [28/Nov/2019:11:17:18 +0100] "GET /tienda/398-toalla-rikat.html HTTP/1.1" 404 72286 "-" "Mozilla/5.0 (Linux; Android 6.0.1; Nexus 5X Build/MMB29P) AppleWebKit/537.36 (KHTML, like Gecko) Chrome/41.0.2272.96 Mobile Safari/537.36 (compatible; Googlebot/2.1; +http://www.google.com/bot.html)" "-"
217.76.130.90 - - [28/Nov/2019:11:22:15 +0100] "POST /wp-cron.php?doing_wp_cron=1574936535.7836740016937255859375 HTTP/1.1" 200 164 "http://amazingsportwear.com/wp-cron.php?doing_wp_cron=1574936535.7836740016937255859375" "WordPress/5.2.4; https://amazingsportwear.com" "-"
66.249.64.157 - - [28/Nov/2019:11:22:13 +0100] "GET /index.php?id_product=29&controller=product HTTP/1.1" 301 369 "-" "Mozilla/5.0 (compatible; Googlebot/2.1; +http://www.google.com/bot.html)" "-"
66.249.64.144 - - [28/Nov/2019:11:22:16 +0100] "GET /?id_product=29&controller=product HTTP/1.1" 200 125819 "-" "Mozilla/5.0 (compatible; Googlebot/2.1; +http://www.google.com/bot.html)" "wpfront-notification-bar-landingpage=1"
66.249.64.144 - - [28/Nov/2019:11:22:23 +0100] "POST /?wc-ajax=get_refreshed_fragments HTTP/1.1" 200 1397 "https://amazingsportwear.com/?id_product=29&controller=product" "Mozilla/5.0 AppleWebKit/537.36 (KHTML, like Gecko; compatible; Googlebot/2.1; +http://www.google.com/bot.html) Safari/537.36" "_ga=GA1.2.2027415640.1574936539; _gid=GA1.2.827986583.1574936539; _gat_gtag_UA_91619287_1=1"
66.249.64.157 - - [28/Nov/2019:11:22:24 +0100] "GET /index.php?id_product=29&controller=product HTTP/1.1" 301 368 "-" "Mozilla/5.0 (Linux; Android 6.0.1; Nexus 5X Build/MMB29P) AppleWebKit/537.36 (KHTML, like Gecko) Chrome/41.0.2272.96 Mobile Safari/537.36 (compatible; Googlebot/2.1; +http://www.google.com/bot.html)" "-"
66.249.64.146 - - [28/Nov/2019:11:22:25 +0100] "GET /?id_product=29&controller=product HTTP/1.1" 200 125764 "-" "Mozilla/5.0 (Linux; Android 6.0.1; Nexus 5X Build/MMB29P) AppleWebKit/537.36 (KHTML, like Gecko) Chrome/41.0.2272.96 Mobile Safari/537.36 (compatible; Googlebot/2.1; +http://www.google.com/bot.html)" "wpfront-notification-bar-landingpage=1"
66.249.64.144 - - [28/Nov/2019:11:22:31 +0100] "POST /?wc-ajax=get_refreshed_fragments HTTP/1.1" 200 1397 "https://amazingsportwear.com/?id_product=29&controller=product" "Mozilla/5.0 (Linux; Android 6.0.1; Nexus 5X Build/MMB29P) AppleWebKit/537.36 (KHTML, like Gecko) Chrome/41.0.2272.96 Mobile Safari/537.36 (compatible; Googlebot/2.1; +http://www.google.com/bot.html)" "_ga=GA1.2.1951319036.1574936548; _gid=GA1.2.1036204339.1574936548; _gat_gtag_UA_91619287_1=1"
217.76.130.90 - - [28/Nov/2019:11:33:45 +0100] "POST /wp-cron.php?doing_wp_cron=1574937225.0270729064941406250000 HTTP/1.1" 200 164 "http://amazingsportwear.com/wp-cron.php?doing_wp_cron=1574937225.0270729064941406250000" "WordPress/5.2.4; https://amazingsportwear.com" "-"
23.226.211.110 - - [28/Nov/2019:11:33:42 +0100] "GET / HTTP/1.1" 301 336 "-" "Mozilla/5.0 (Windows NT 6.1; WOW64; rv:27.0) Gecko/20100101 Firefox/27.0" "-"
85.117.244.117 - - [28/Nov/2019:11:35:33 +0100] "GET /wp-content/uploads/2017/01/pant-futbol2.jpg HTTP/1.1" 200 56032 "https://www.google.com/" "Mozilla/5.0 (Windows NT 6.1; Win64; x64) AppleWebKit/537.36 (KHTML, like Gecko) Chrome/78.0.3904.108 Safari/537.36" "-"
217.76.130.90 - - [28/Nov/2019:11:36:35 +0100] "POST /wp-cron.php?doing_wp_cron=1574937395.2158300876617431640625 HTTP/1.1" 200 164 "http://amazingsportwear.com/wp-cron.php?doing_wp_cron=1574937395.2158300876617431640625" "WordPress/5.2.4; https://amazingsportwear.com" "-"
66.249.64.157 - - [28/Nov/2019:11:36:34 +0100] "GET /index.php?id_product=51&controller=product HTTP/1.1" 301 369 "-" "Mozilla/5.0 (compatible; Googlebot/2.1; +http://www.google.com/bot.html)" "-"
66.249.64.148 - - [28/Nov/2019:11:36:35 +0100] "GET /?id_product=51&controller=product HTTP/1.1" 200 125794 "-" "Mozilla/5.0 (compatible; Googlebot/2.1; +http://www.google.com/bot.html)" "wpfront-notification-bar-landingpage=1"
66.249.64.144 - - [28/Nov/2019:11:36:43 +0100] "GET /wp-content/plugins/elementor/assets/lib/slick/slick.min.js?ver=1.8.1 HTTP/1.1" 200 46627 "https://amazingsportwear.com/?id_product=51&controller=product" "Mozilla/5.0 AppleWebKit/537.36 (KHTML, like Gecko; compatible; Googlebot/2.1; +http://www.google.com/bot.html) Safari/537.36" "-"
66.249.64.144 - - [28/Nov/2019:11:36:46 +0100] "POST /?wc-ajax=get_refreshed_fragments HTTP/1.1" 200 1397 "https://amazingsportwear.com/?id_product=51&controller=product" "Mozilla/5.0 AppleWebKit/537.36 (KHTML, like Gecko; compatible; Googlebot/2.1; +http://www.google.com/bot.html) Safari/537.36" "_ga=GA1.2.2027415640.1574937398; _gid=GA1.2.827986583.1574937398; _gat_gtag_UA_91619287_1=1"
66.249.64.157 - - [28/Nov/2019:11:36:48 +0100] "GET /index.php?id_product=51&controller=product HTTP/1.1" 301 368 "-" "Mozilla/5.0 (Linux; Android 6.0.1; Nexus 5X Build/MMB29P) AppleWebKit/537.36 (KHTML, like Gecko) Chrome/41.0.2272.96 Mobile Safari/537.36 (compatible; Googlebot/2.1; +http://www.google.com/bot.html)" "-"
66.249.64.144 - - [28/Nov/2019:11:36:49 +0100] "GET /?id_product=51&controller=product HTTP/1.1" 200 122441 "-" "Mozilla/5.0 (Linux; Android 6.0.1; Nexus 5X Build/MMB29P) AppleWebKit/537.36 (KHTML, like Gecko) Chrome/41.0.2272.96 Mobile Safari/537.36 (compatible; Googlebot/2.1; +http://www.google.com/bot.html)" "wpfront-notification-bar-landingpage=1"
66.249.64.144 - - [28/Nov/2019:11:36:59 +0100] "POST /?wc-ajax=get_refreshed_fragments HTTP/1.1" 200 1397 "https://amazingsportwear.com/?id_product=51&controller=product" "Mozilla/5.0 (Linux; Android 6.0.1; Nexus 5X Build/MMB29P) AppleWebKit/537.36 (KHTML, like Gecko) Chrome/41.0.2272.96 Mobile Safari/537.36 (compatible; Googlebot/2.1; +http://www.google.com/bot.html)" "_ga=GA1.2.1951319036.1574937411; _gid=GA1.2.1036204339.1574937411; _gat_gtag_UA_91619287_1=1"
40.77.167.197 - - [28/Nov/2019:11:41:08 +0100] "GET /wp-content/uploads/2019/04/bolsa-deporte-hale-1.png HTTP/1.1" 200 124418 "-" "Mozilla/5.0 (compatible; bingbot/2.0; +http://www.bing.com/bingbot.htm)" "-"
217.76.130.90 - - [28/Nov/2019:11:51:08 +0100] "POST /wp-cron.php?doing_wp_cron=1574938268.8817589282989501953125 HTTP/1.1" 200 164 "http://amazingsportwear.com/wp-cron.php?doing_wp_cron=1574938268.8817589282989501953125" "WordPress/5.2.4; https://amazingsportwear.com" "-"
