66.249.64.144 - - [28/Nov/2019:13:43:28 +0100] "GET /wp-content/plugins/product-enquiry-for-woocommerce/js/contact.js?ver=5.2.2 HTTP/1.1" 200 4681 "https://amazingsportwear.com/producto/camiseta-basket-con-costadillos-3/" "Mozilla/5.0 AppleWebKit/537.36 (KHTML, like Gecko; compatible; Googlebot/2.1; +http://www.google.com/bot.html) Safari/537.36" "-"
217.76.130.90 - - [28/Nov/2019:13:43:30 +0100] "POST /wp-cron.php?doing_wp_cron=1574945010.7618451118469238281250 HTTP/1.1" 200 3389 "https://amazingsportwear.com/wp-cron.php?doing_wp_cron=1574945010.7618451118469238281250" "WordPress/5.2.4; https://amazingsportwear.com" "-"
66.249.64.148 - - [28/Nov/2019:13:43:30 +0100] "POST /?wc-ajax=get_refreshed_fragments HTTP/1.1" 200 4760 "https://amazingsportwear.com/producto/camiseta-basket-con-costadillos-3/" "Mozilla/5.0 AppleWebKit/537.36 (KHTML, like Gecko; compatible; Googlebot/2.1; +http://www.google.com/bot.html) Safari/537.36" "-"
217.76.130.90 - - [28/Nov/2019:13:45:14 +0100] "POST /wp-cron.php?doing_wp_cron=1574945114.4886970520019531250000 HTTP/1.1" 200 164 "http://amazingsportwear.com/wp-cron.php?doing_wp_cron=1574945114.4886970520019531250000" "WordPress/5.2.4; https://amazingsportwear.com" "-"
40.77.167.55 - - [28/Nov/2019:13:45:13 +0100] "GET /17-basket HTTP/1.1" 404 67998 "-" "Mozilla/5.0 (compatible; bingbot/2.0; +http://www.bing.com/bingbot.htm)" "-"
217.76.130.90 - - [28/Nov/2019:13:49:46 +0100] "POST /wp-cron.php?doing_wp_cron=1574945386.1500630378723144531250 HTTP/1.1" 200 3389 "https://amazingsportwear.com/wp-cron.php?doing_wp_cron=1574945386.1500630378723144531250" "WordPress/5.2.4; https://amazingsportwear.com" "-"
40.77.167.197 - - [28/Nov/2019:13:49:45 +0100] "GET /tenis-padel/93-camiseta-manga-corta-tenis-pade.html HTTP/1.1" 404 72322 "-" "Mozilla/5.0 (compatible; bingbot/2.0; +http://www.bing.com/bingbot.htm)" "-"
200.107.209.26 - - [28/Nov/2019:13:52:06 +0100] "GET /wp-content/uploads/2019/04/Gorra-sport-10.png HTTP/1.1" 200 60231 "https://www.google.com/" "Mozilla/5.0 (Macintosh; Intel Mac OS X 10_14_6) AppleWebKit/605.1.15 (KHTML, like Gecko) Version/13.0.2 Safari/605.1.15" "-"
217.76.130.90 - - [28/Nov/2019:13:54:31 +0100] "POST /wp-cron.php?doing_wp_cron=1574945671.0800731182098388671875 HTTP/1.1" 200 164 "http://amazingsportwear.com/wp-cron.php?doing_wp_cron=1574945671.0800731182098388671875" "WordPress/5.2.4; https://amazingsportwear.com" "-"
23.239.180.135 - - [28/Nov/2019:13:54:29 +0100] "GET / HTTP/1.1" 301 336 "-" "Mozilla/5.0 (Windows NT 6.1; WOW64; rv:27.0) Gecko/20100101 Firefox/27.0" "-"
217.76.130.90 - - [28/Nov/2019:13:56:27 +0100] "POST /wp-cron.php?doing_wp_cron=1574945787.7926959991455078125000 HTTP/1.1" 200 164 "http://amazingsportwear.com/wp-cron.php?doing_wp_cron=1574945787.7926959991455078125000" "WordPress/5.2.4; https://amazingsportwear.com" "-"
198.204.229.106 - - [28/Nov/2019:13:56:27 +0100] "GET / HTTP/1.1" 301 279 "-" "-" ""
198.204.229.106 - - [28/Nov/2019:13:56:28 +0100] "GET / HTTP/1.1" 200 125580 "http://amazingsportwear.com/" "-" ""
217.76.130.90 - - [28/Nov/2019:14:00:27 +0100] "POST /wp-cron.php?doing_wp_cron=1574946027.4053280353546142578125 HTTP/1.1" 200 3389 "https://amazingsportwear.com/wp-cron.php?doing_wp_cron=1574946027.4053280353546142578125" "WordPress/5.2.4; https://amazingsportwear.com" "-"
207.46.13.140 - - [28/Nov/2019:14:00:26 +0100] "GET /tienda/251-guante-tactil-actium-correr-cat-4010.html HTTP/1.1" 404 72334 "-" "Mozilla/5.0 (compatible; bingbot/2.0; +http://www.bing.com/bingbot.htm)" "-"
177.158.110.51 - - [28/Nov/2019:14:14:00 +0100] "GET /wp-content/uploads/2019/07/banner-surf-asw.jpg HTTP/1.1" 200 58916 "https://www.google.com/" "Mozilla/5.0 (Windows NT 10.0; Win64; x64; rv:70.0) Gecko/20100101 Firefox/70.0" "-"
217.76.130.90 - - [28/Nov/2019:14:14:50 +0100] "POST /wp-cron.php?doing_wp_cron=1574946890.7812080383300781250000 HTTP/1.1" 200 164 "http://amazingsportwear.com/wp-cron.php?doing_wp_cron=1574946890.7812080383300781250000" "WordPress/5.2.4; https://amazingsportwear.com" "-"
218.30.103.162 - - [28/Nov/2019:14:14:49 +0100] "GET /robots.txt HTTP/1.1" 200 394 "-" "Sogou web spider/4.0(+http://www.sogou.com/docs/help/webmasters.htm#07)" "-"
218.30.103.162 - - [28/Nov/2019:14:15:01 +0100] "GET / HTTP/1.1" 301 298 "-" "Sogou web spider/4.0(+http://www.sogou.com/docs/help/webmasters.htm#07)" "-"
217.76.130.90 - - [28/Nov/2019:14:15:06 +0100] "POST /wp-cron.php?doing_wp_cron=1574946906.3401610851287841796875 HTTP/1.1" 200 3389 "https://amazingsportwear.com/wp-cron.php?doing_wp_cron=1574946906.3401610851287841796875" "WordPress/5.2.4; https://amazingsportwear.com" "-"
218.30.103.162 - - [28/Nov/2019:14:15:05 +0100] "GET / HTTP/1.1" 200 125688 "-" "Sogou web spider/4.0(+http://www.sogou.com/docs/help/webmasters.htm#07)" "wpfront-notification-bar-landingpage=1;"
40.77.167.96 - - [28/Nov/2019:14:15:42 +0100] "GET /producto/parche-termico-pikur/ HTTP/1.1" 200 98711 "-" "Mozilla/5.0 (compatible; bingbot/2.0; +http://www.bing.com/bingbot.htm)" "-"
217.76.130.90 - - [28/Nov/2019:14:33:37 +0100] "POST /wp-cron.php?doing_wp_cron=1574948017.1129779815673828125000 HTTP/1.1" 200 3389 "https://amazingsportwear.com/wp-cron.php?doing_wp_cron=1574948017.1129779815673828125000" "WordPress/5.2.4; https://amazingsportwear.com" "-"
66.249.64.146 - - [28/Nov/2019:14:33:35 +0100] "GET /producto/malla-athletic-sa-0493/ HTTP/1.1" 200 94751 "-" "Mozilla/5.0 (Linux; Android 6.0.1; Nexus 5X Build/MMB29P) AppleWebKit/537.36 (KHTML, like Gecko) Chrome/41.0.2272.96 Mobile Safari/537.36 (compatible; Googlebot/2.1; +http://www.google.com/bot.html)" "-"
66.249.64.146 - - [28/Nov/2019:14:33:43 +0100] "POST /?wc-ajax=get_refreshed_fragments HTTP/1.1" 200 1397 "https://amazingsportwear.com/producto/malla-athletic-sa-0493/" "Mozilla/5.0 (Linux; Android 6.0.1; Nexus 5X Build/MMB29P) AppleWebKit/537.36 (KHTML, like Gecko) Chrome/41.0.2272.96 Mobile Safari/537.36 (compatible; Googlebot/2.1; +http://www.google.com/bot.html)" "_ga=GA1.2.969013651.1574899200; _gid=GA1.2.1978218920.1574899200; _gat_gtag_UA_91619287_1=1"
217.76.130.90 - - [28/Nov/2019:14:39:48 +0100] "POST /wp-cron.php?doing_wp_cron=1574948388.6981000900268554687500 HTTP/1.1" 200 164 "http://amazingsportwear.com/wp-cron.php?doing_wp_cron=1574948388.6981000900268554687500" "WordPress/5.2.4; https://amazingsportwear.com" "-"
207.46.13.140 - - [28/Nov/2019:14:39:48 +0100] "GET /tienda/219-pantalon-leggin-adelaida-sa-0459.html HTTP/1.1" 404 68087 "-" "Mozilla/5.0 (compatible; bingbot/2.0; +http://www.bing.com/bingbot.htm)" "-"
217.76.130.90 - - [28/Nov/2019:14:55:07 +0100] "POST /wp-cron.php?doing_wp_cron=1574949307.1176118850708007812500 HTTP/1.1" 200 3389 "https://amazingsportwear.com/wp-cron.php?doing_wp_cron=1574949307.1176118850708007812500" "WordPress/5.2.4; https://amazingsportwear.com" "-"
66.249.64.148 - - [28/Nov/2019:14:55:04 +0100] "GET /producto/camiseta-tecnic-rox-cat-5247/ HTTP/1.1" 200 108258 "-" "Mozilla/5.0 (Linux; Android 6.0.1; Nexus 5X Build/MMB29P) AppleWebKit/537.36 (KHTML, like Gecko) Chrome/41.0.2272.96 Mobile Safari/537.36 (compatible; Googlebot/2.1; +http://www.google.com/bot.html)" "-"
66.249.64.146 - - [28/Nov/2019:14:55:14 +0100] "GET /producto/gorra-sport/ HTTP/1.1" 200 102529 "-" "Mozilla/5.0 (compatible; Googlebot/2.1; +http://www.google.com/bot.html)" "-"
66.249.64.148 - - [28/Nov/2019:14:56:07 +0100] "GET /wp-content/uploads/2019/04/Llavero-metalico-futbol-2.png HTTP/1.1" 304 3566 "-" "Googlebot-Image/1.0" "-"
66.249.64.144 - - [28/Nov/2019:14:57:23 +0100] "GET /wp-content/uploads/2019/04/Llavero-metalico-futbol-1.png HTTP/1.1" 304 3565 "-" "Googlebot-Image/1.0" "-"
66.249.64.144 - - [28/Nov/2019:14:58:00 +0100] "GET /wp-content/uploads/2019/04/Llavero-metalico-futbol-1-300x300.png HTTP/1.1" 304 3565 "-" "Googlebot-Image/1.0" "-"
66.249.64.144 - - [28/Nov/2019:14:58:38 +0100] "GET /wp-content/uploads/2019/04/Llavero-metalico-futbol-1-100x100.png HTTP/1.1" 304 3565 "-" "Googlebot-Image/1.0" "-"
168.0.186.166 - - [28/Nov/2019:14:59:02 +0100] "GET /wp-content/uploads/2019/04/Gorra-sport-6.png HTTP/1.1" 200 44623 "https://www.google.com/" "Mozilla/5.0 (Windows NT 10.0; Win64; x64) AppleWebKit/537.36 (KHTML, like Gecko) Chrome/78.0.3904.108 Safari/537.36" "-"
168.0.186.166 - - [28/Nov/2019:15:11:34 +0100] "GET /wp-content/uploads/2019/04/Gorra-sport-10.png HTTP/1.1" 200 60426 "https://www.google.com/" "Mozilla/5.0 (Windows NT 10.0; Win64; x64) AppleWebKit/537.36 (KHTML, like Gecko) Chrome/78.0.3904.108 Safari/537.36" "-"
217.76.130.90 - - [28/Nov/2019:15:15:34 +0100] "POST /wp-cron.php?doing_wp_cron=1574950534.6656939983367919921875 HTTP/1.1" 200 164 "http://amazingsportwear.com/wp-cron.php?doing_wp_cron=1574950534.6656939983367919921875" "WordPress/5.2.4; https://amazingsportwear.com" "-"
66.249.64.25 - - [28/Nov/2019:15:15:32 +0100] "GET /robots.txt HTTP/1.1" 200 432 "-" "Mozilla/5.0 (compatible; Googlebot/2.1; +http://www.google.com/bot.html)" "-"
66.249.64.27 - - [28/Nov/2019:15:15:35 +0100] "GET / HTTP/1.1" 301 336 "-" "Mozilla/5.0 (Linux; Android 6.0.1; Nexus 5X Build/MMB29P) AppleWebKit/537.36 (KHTML, like Gecko) Chrome/41.0.2272.96 Mobile Safari/537.36 (compatible; Googlebot/2.1; +http://www.google.com/bot.html)" "-"
66.249.64.144 - - [28/Nov/2019:15:15:36 +0100] "GET / HTTP/1.1" 200 125813 "-" "Mozilla/5.0 (Linux; Android 6.0.1; Nexus 5X Build/MMB29P) AppleWebKit/537.36 (KHTML, like Gecko) Chrome/41.0.2272.96 Mobile Safari/537.36 (compatible; Googlebot/2.1; +http://www.google.com/bot.html)" "-"
66.249.64.144 - - [28/Nov/2019:15:15:41 +0100] "POST /?wc-ajax=get_refreshed_fragments HTTP/1.1" 200 1308 "https://amazingsportwear.com/" "Mozilla/5.0 (Linux; Android 6.0.1; Nexus 5X Build/MMB29P) AppleWebKit/537.36 (KHTML, like Gecko) Chrome/41.0.2272.96 Mobile Safari/537.36 (compatible; Googlebot/2.1; +http://www.google.com/bot.html)" "wpfront-notification-bar-landingpage=1; _ga=GA1.2.1884029788.1574899200; _gid=GA1.2.969013651.1574899200; _gat_gtag_UA_91619287_1=1"
46.27.108.235 - - [28/Nov/2019:15:19:11 +0100] "GET /wp-content/uploads/2019/03/SA-0405-1.png HTTP/1.1" 200 47645 "https://www.google.com/" "Mozilla/5.0 (iPhone; CPU iPhone OS 12_4 like Mac OS X) AppleWebKit/605.1.15 (KHTML, like Gecko) CriOS/78.0.3904.84 Mobile/15E148 Safari/605.1" "-"
217.76.130.90 - - [28/Nov/2019:15:20:57 +0100] "POST /wp-cron.php?doing_wp_cron=1574950857.0796999931335449218750 HTTP/1.1" 200 3389 "https://amazingsportwear.com/wp-cron.php?doing_wp_cron=1574950857.0796999931335449218750" "WordPress/5.2.4; https://amazingsportwear.com" "-"
40.77.167.96 - - [28/Nov/2019:15:20:56 +0100] "GET /mapa-web HTTP/1.1" 404 72270 "-" "Mozilla/5.0 (compatible; bingbot/2.0; +http://www.bing.com/bingbot.htm)" "-"
217.76.130.90 - - [28/Nov/2019:15:24:32 +0100] "POST /wp-cron.php?doing_wp_cron=1574951071.9916648864746093750000 HTTP/1.1" 200 3389 "https://amazingsportwear.com/wp-cron.php?doing_wp_cron=1574951071.9916648864746093750000" "WordPress/5.2.4; https://amazingsportwear.com" "-"
66.249.64.144 - - [28/Nov/2019:15:24:29 +0100] "GET /producto/camiseta-tecnica-manga-larga-sa-0415/ HTTP/1.1" 200 108316 "-" "Mozilla/5.0 (Linux; Android 6.0.1; Nexus 5X Build/MMB29P) AppleWebKit/537.36 (KHTML, like Gecko) Chrome/41.0.2272.96 Mobile Safari/537.36 (compatible; Googlebot/2.1; +http://www.google.com/bot.html)" "-"
217.76.130.90 - - [28/Nov/2019:15:27:02 +0100] "POST /wp-cron.php?doing_wp_cron=1574951222.8489990234375000000000 HTTP/1.1" 200 3389 "https://amazingsportwear.com/wp-cron.php?doing_wp_cron=1574951222.8489990234375000000000" "WordPress/5.2.4; https://amazingsportwear.com" "-"
157.55.39.116 - - [28/Nov/2019:15:27:02 +0100] "GET /producto/sudadera-capucha/ HTTP/1.1" 200 101373 "-" "Mozilla/5.0 (compatible; bingbot/2.0; +http://www.bing.com/bingbot.htm)" "-"
157.55.39.116 - - [28/Nov/2019:15:27:05 +0100] "GET /wp-content/uploads/2017/03/aq-rever-blanco.jpg HTTP/1.1" 200 105599 "-" "Mozilla/5.0 (compatible; bingbot/2.0; +http://www.bing.com/bingbot.htm)" "-"
157.55.39.152 - - [28/Nov/2019:15:27:33 +0100] "GET /robots.txt HTTP/1.1" 200 432 "-" "Mozilla/5.0 (compatible; bingbot/2.0; +http://www.bing.com/bingbot.htm)" "-"
66.249.64.146 - - [28/Nov/2019:15:36:16 +0100] "GET /wp-content/uploads/2019/04/Llavero-metalico-futbol-2-100x100.png HTTP/1.1" 304 3565 "-" "Googlebot-Image/1.0" "-"
217.76.130.90 - - [28/Nov/2019:15:40:43 +0100] "POST /wp-cron.php?doing_wp_cron=1574952043.1264901161193847656250 HTTP/1.1" 200 3389 "https://amazingsportwear.com/wp-cron.php?doing_wp_cron=1574952043.1264901161193847656250" "WordPress/5.2.4; https://amazingsportwear.com" "-"
66.249.64.144 - - [28/Nov/2019:15:40:39 +0100] "GET /937-home_default/pantalon-leggin-adelaida-sa-0459.jpg HTTP/1.1" 404 72356 "-" "Googlebot-Image/1.0" "-"
217.76.130.90 - - [28/Nov/2019:15:41:56 +0100] "POST /wp-cron.php?doing_wp_cron=1574952116.3447721004486083984375 HTTP/1.1" 200 3389 "https://amazingsportwear.com/wp-cron.php?doing_wp_cron=1574952116.3447721004486083984375" "WordPress/5.2.4; https://amazingsportwear.com" "-"
66.249.64.148 - - [28/Nov/2019:15:41:55 +0100] "GET /producto/producto-prueba/false HTTP/1.1" 404 72306 "-" "Googlebot-Image/1.0" "-"
217.76.130.90 - - [28/Nov/2019:15:46:36 +0100] "POST /wp-cron.php?doing_wp_cron=1574952396.5647089481353759765625 HTTP/1.1" 200 164 "http://amazingsportwear.com/wp-cron.php?doing_wp_cron=1574952396.5647089481353759765625" "WordPress/5.2.4; https://amazingsportwear.com" "-"
141.8.142.190 - - [28/Nov/2019:15:46:34 +0100] "GET /robots.txt HTTP/1.1" 200 431 "-" "Mozilla/5.0 (compatible; YandexBot/3.0; +http://yandex.com/bots)" "-"
141.8.142.79 - - [28/Nov/2019:15:46:38 +0100] "GET / HTTP/1.1" 301 335 "-" "Mozilla/5.0 (compatible; YandexBot/3.0; +http://yandex.com/bots)" "-"
141.8.142.79 - - [28/Nov/2019:15:46:41 +0100] "GET /robots.txt HTTP/1.1" 200 3944 "-" "Mozilla/5.0 (compatible; YandexBot/3.0; +http://yandex.com/bots)" "-"
141.8.142.79 - - [28/Nov/2019:15:46:44 +0100] "GET / HTTP/1.1" 200 122455 "-" "Mozilla/5.0 (compatible; YandexBot/3.0; +http://yandex.com/bots)" "-"
66.249.64.148 - - [28/Nov/2019:15:46:50 +0100] "GET /producto/camiseta-tecnica-nath-combi-2/ HTTP/1.1" 200 102421 "-" "Mozilla/5.0 (Linux; Android 6.0.1; Nexus 5X Build/MMB29P) AppleWebKit/537.36 (KHTML, like Gecko) Chrome/41.0.2272.96 Mobile Safari/537.36 (compatible; Googlebot/2.1; +http://www.google.com/bot.html)" "-"
207.46.13.140 - - [28/Nov/2019:15:47:26 +0100] "GET /wp-content/uploads/2019/04/bidon-camiseta-zablex-4.png HTTP/1.1" 200 109702 "-" "Mozilla/5.0 (compatible; bingbot/2.0; +http://www.bing.com/bingbot.htm)" "-"
40.77.167.96 - - [28/Nov/2019:15:47:42 +0100] "GET /wp-content/uploads/2019/04/baston-luz-con-zappe-1.png HTTP/1.1" 200 16385 "-" "Mozilla/5.0 (compatible; bingbot/2.0; +http://www.bing.com/bingbot.htm)" "-"
217.76.130.90 - - [28/Nov/2019:15:50:36 +0100] "POST /wp-cron.php?doing_wp_cron=1574952636.7424390316009521484375 HTTP/1.1" 200 3389 "https://amazingsportwear.com/wp-cron.php?doing_wp_cron=1574952636.7424390316009521484375" "WordPress/5.2.4; https://amazingsportwear.com" "-"
66.249.64.146 - - [28/Nov/2019:15:50:34 +0100] "GET /producto/camiseta-tecnica-boomer-aq-jaguar/ HTTP/1.1" 200 105686 "-" "Mozilla/5.0 (Linux; Android 6.0.1; Nexus 5X Build/MMB29P) AppleWebKit/537.36 (KHTML, like Gecko) Chrome/41.0.2272.96 Mobile Safari/537.36 (compatible; Googlebot/2.1; +http://www.google.com/bot.html)" "-"
217.76.130.90 - - [28/Nov/2019:15:53:46 +0100] "POST /wp-cron.php?doing_wp_cron=1574952826.1922390460968017578125 HTTP/1.1" 200 3389 "https://amazingsportwear.com/wp-cron.php?doing_wp_cron=1574952826.1922390460968017578125" "WordPress/5.2.4; https://amazingsportwear.com" "-"
66.249.64.146 - - [28/Nov/2019:15:53:45 +0100] "GET /finalizar-compra/ HTTP/1.1" 302 3859 "-" "Mozilla/5.0 (compatible; Googlebot/2.1; +http://www.google.com/bot.html)" "-"
66.249.64.148 - - [28/Nov/2019:15:53:47 +0100] "GET /carrito/ HTTP/1.1" 200 91703 "-" "Mozilla/5.0 (compatible; Googlebot/2.1; +http://www.google.com/bot.html)" "-"
40.77.167.96 - - [28/Nov/2019:16:04:24 +0100] "GET /wp-content/uploads/2019/04/VANDIX-AZUL-DISE%C3%91O.png HTTP/1.1" 200 150994 "-" "Mozilla/5.0 (compatible; bingbot/2.0; +http://www.bing.com/bingbot.htm)" "-"
217.76.130.90 - - [28/Nov/2019:16:07:51 +0100] "POST /wp-cron.php?doing_wp_cron=1574953671.1156949996948242187500 HTTP/1.1" 200 3389 "https://amazingsportwear.com/wp-cron.php?doing_wp_cron=1574953671.1156949996948242187500" "WordPress/5.2.4; https://amazingsportwear.com" "-"
66.249.64.146 - - [28/Nov/2019:16:07:49 +0100] "POST /?wc-ajax=get_refreshed_fragments HTTP/1.1" 200 4708 "https://amazingsportwear.com/?s={search_term_string}" "Mozilla/5.0 (Linux; Android 6.0.1; Nexus 5X Build/MMB29P) AppleWebKit/537.36 (KHTML, like Gecko) Chrome/41.0.2272.96 Mobile Safari/537.36 (compatible; Googlebot/2.1; +http://www.google.com/bot.html)" "wpfront-notification-bar-landingpage=1; _ga=GA1.2.1884029788.1569715200; _gid=GA1.2.969013651.1569715200; _gat_gtag_UA_91619287_1=1"
201.240.233.155 - - [28/Nov/2019:16:12:05 +0100] "GET /wp-content/uploads/2019/04/gorra-kisse-9.png HTTP/1.1" 200 88804 "https://www.google.com/" "Mozilla/5.0 (Windows NT 10.0; Win64; x64) AppleWebKit/537.36 (KHTML, like Gecko) Chrome/78.0.3904.108 Safari/537.36" "-"
181.73.168.101 - - [28/Nov/2019:16:23:07 +0100] "GET /wp-content/uploads/2019/04/gorra-krox-1.png HTTP/1.1" 200 109889 "https://www.google.cl/" "Mozilla/5.0 (Windows NT 10.0; Win64; x64) AppleWebKit/537.36 (KHTML, like Gecko) Chrome/78.0.3904.108 Safari/537.36" "-"
79.153.17.91 - - [28/Nov/2019:16:26:07 +0100] "GET /wp-content/uploads/2019/04/zapatillero-young-4.png HTTP/1.1" 200 61730 "https://www.google.es/" "Mozilla/5.0 (Windows NT 6.1; Win64; x64; rv:70.0) Gecko/20100101 Firefox/70.0" "-"
217.76.130.90 - - [28/Nov/2019:16:26:13 +0100] "POST /wp-cron.php?doing_wp_cron=1574954773.3773090839385986328125 HTTP/1.1" 200 3389 "https://amazingsportwear.com/wp-cron.php?doing_wp_cron=1574954773.3773090839385986328125" "WordPress/5.2.4; https://amazingsportwear.com" "-"
79.153.17.91 - - [28/Nov/2019:16:26:11 +0100] "GET /producto/zapatillero-young/ HTTP/1.1" 200 94633 "https://www.google.es/" "Mozilla/5.0 (Windows NT 6.1; Win64; x64; rv:70.0) Gecko/20100101 Firefox/70.0" "-"
79.153.17.91 - - [28/Nov/2019:16:26:14 +0100] "GET /wp-content/plugins/woocommerce/assets/css/photoswipe/default-skin/default-skin.css?ver=3.6.4 HTTP/1.1" 200 11943 "https://amazingsportwear.com/producto/zapatillero-young/" "Mozilla/5.0 (Windows NT 6.1; Win64; x64; rv:70.0) Gecko/20100101 Firefox/70.0" "-"
79.153.17.91 - - [28/Nov/2019:16:26:14 +0100] "GET /wp-content/plugins/wpfront-notification-bar/css/wpfront-notification-bar.css?ver=1.7.1 HTTP/1.1" 200 3663 "https://amazingsportwear.com/producto/zapatillero-young/" "Mozilla/5.0 (Windows NT 6.1; Win64; x64; rv:70.0) Gecko/20100101 Firefox/70.0" "-"
79.153.17.91 - - [28/Nov/2019:16:26:14 +0100] "GET /wp-content/plugins/cookie-law-info/public/css/cookie-law-info-public.css?ver=1.7.6 HTTP/1.1" 200 6403 "https://amazingsportwear.com/producto/zapatillero-young/" "Mozilla/5.0 (Windows NT 6.1; Win64; x64; rv:70.0) Gecko/20100101 Firefox/70.0" "-"
79.153.17.91 - - [28/Nov/2019:16:26:14 +0100] "GET /wp-includes/css/dist/block-library/style.min.css?ver=5.2.4 HTTP/1.1" 200 32828 "https://amazingsportwear.com/producto/zapatillero-young/" "Mozilla/5.0 (Windows NT 6.1; Win64; x64; rv:70.0) Gecko/20100101 Firefox/70.0" "-"
79.153.17.91 - - [28/Nov/2019:16:26:14 +0100] "GET /wp-content/plugins/woocommerce/assets/css/blocks/style.css?ver=3.6.4 HTTP/1.1" 200 9865 "https://amazingsportwear.com/producto/zapatillero-young/" "Mozilla/5.0 (Windows NT 6.1; Win64; x64; rv:70.0) Gecko/20100101 Firefox/70.0" "-"
79.153.17.91 - - [28/Nov/2019:16:26:14 +0100] "GET /wp-content/plugins/woocommerce/assets/css/photoswipe/photoswipe.css?ver=3.6.4 HTTP/1.1" 200 7640 "https://amazingsportwear.com/producto/zapatillero-young/" "Mozilla/5.0 (Windows NT 6.1; Win64; x64; rv:70.0) Gecko/20100101 Firefox/70.0" "-"
79.153.17.91 - - [28/Nov/2019:16:26:14 +0100] "GET /wp-content/themes/shopper/style.css?ver=1.3.8 HTTP/1.1" 200 125315 "https://amazingsportwear.com/producto/zapatillero-young/" "Mozilla/5.0 (Windows NT 6.1; Win64; x64; rv:70.0) Gecko/20100101 Firefox/70.0" "-"
79.153.17.91 - - [28/Nov/2019:16:26:14 +0100] "GET /wp-includes/js/wp-emoji-release.min.js?ver=5.2.4 HTTP/1.1" 200 14183 "https://amazingsportwear.com/producto/zapatillero-young/" "Mozilla/5.0 (Windows NT 6.1; Win64; x64; rv:70.0) Gecko/20100101 Firefox/70.0" "-"
79.153.17.91 - - [28/Nov/2019:16:26:14 +0100] "GET /wp-content/plugins/simple-social-icons/css/style.css?ver=3.0.1 HTTP/1.1" 200 1562 "https://amazingsportwear.com/producto/zapatillero-young/" "Mozilla/5.0 (Windows NT 6.1; Win64; x64; rv:70.0) Gecko/20100101 Firefox/70.0" "-"
79.153.17.91 - - [28/Nov/2019:16:26:14 +0100] "GET /wp-includes/js/jquery/jquery-migrate.min.js?ver=1.4.1 HTTP/1.1" 200 10399 "https://amazingsportwear.com/producto/zapatillero-young/" "Mozilla/5.0 (Windows NT 6.1; Win64; x64; rv:70.0) Gecko/20100101 Firefox/70.0" "-"
79.153.17.91 - - [28/Nov/2019:16:26:14 +0100] "GET /wp-includes/js/jquery/jquery.js?ver=1.12.4-wp HTTP/1.1" 200 97362 "https://amazingsportwear.com/producto/zapatillero-young/" "Mozilla/5.0 (Windows NT 6.1; Win64; x64; rv:70.0) Gecko/20100101 Firefox/70.0" "-"
79.153.17.91 - - [28/Nov/2019:16:26:14 +0100] "GET /wp-content/themes/shopper/assets/sass/woocommerce/woocommerce.css?ver=5.2.4 HTTP/1.1" 200 83534 "https://amazingsportwear.com/producto/zapatillero-young/" "Mozilla/5.0 (Windows NT 6.1; Win64; x64; rv:70.0) Gecko/20100101 Firefox/70.0" "-"
79.153.17.91 - - [28/Nov/2019:16:26:14 +0100] "GET /wp-content/plugins/cookie-law-info/public/js/cookie-law-info-public.js?ver=1.7.6 HTTP/1.1" 200 17076 "https://amazingsportwear.com/producto/zapatillero-young/" "Mozilla/5.0 (Windows NT 6.1; Win64; x64; rv:70.0) Gecko/20100101 Firefox/70.0" "-"
79.153.17.91 - - [28/Nov/2019:16:26:14 +0100] "GET /wp-content/plugins/wpfront-notification-bar/jquery-plugins/jquery.c.js?ver=1.4.0 HTTP/1.1" 200 3437 "https://amazingsportwear.com/producto/zapatillero-young/" "Mozilla/5.0 (Windows NT 6.1; Win64; x64; rv:70.0) Gecko/20100101 Firefox/70.0" "-"
79.153.17.91 - - [28/Nov/2019:16:26:14 +0100] "GET /wp-content/plugins/simple-social-icons/svgxuse.js?ver=1.1.21 HTTP/1.1" 200 9580 "https://amazingsportwear.com/producto/zapatillero-young/" "Mozilla/5.0 (Windows NT 6.1; Win64; x64; rv:70.0) Gecko/20100101 Firefox/70.0" "-"
79.153.17.91 - - [28/Nov/2019:16:26:14 +0100] "GET /wp-content/plugins/wpfront-notification-bar/js/wpfront-notification-bar.js?ver=1.7.1 HTTP/1.1" 200 5662 "https://amazingsportwear.com/producto/zapatillero-young/" "Mozilla/5.0 (Windows NT 6.1; Win64; x64; rv:70.0) Gecko/20100101 Firefox/70.0" "-"
79.153.17.91 - - [28/Nov/2019:16:26:14 +0100] "GET /wp-includes/js/jquery/jquery.js HTTP/1.1" 200 97362 "https://amazingsportwear.com/producto/zapatillero-young/" "Mozilla/5.0 (Windows NT 6.1; Win64; x64; rv:70.0) Gecko/20100101 Firefox/70.0" "-"
79.153.17.91 - - [28/Nov/2019:16:26:14 +0100] "GET /wp-content/themes/shopper/assets/js/crm.js?ver=1561548510 HTTP/1.1" 200 874 "https://amazingsportwear.com/producto/zapatillero-young/" "Mozilla/5.0 (Windows NT 6.1; Win64; x64; rv:70.0) Gecko/20100101 Firefox/70.0" "-"
79.153.17.91 - - [28/Nov/2019:16:26:14 +0100] "GET /wp-content/plugins/product-enquiry-for-woocommerce/css/wdm-jquery-ui.css?ver=5.2.4 HTTP/1.1" 200 27001 "https://amazingsportwear.com/producto/zapatillero-young/" "Mozilla/5.0 (Windows NT 6.1; Win64; x64; rv:70.0) Gecko/20100101 Firefox/70.0" "-"
79.153.17.91 - - [28/Nov/2019:16:26:14 +0100] "GET /wp-content/plugins/woocommerce/assets/js/jquery-blockui/jquery.blockUI.min.js?ver=2.70 HTTP/1.1" 200 9908 "https://amazingsportwear.com/producto/zapatillero-young/" "Mozilla/5.0 (Windows NT 6.1; Win64; x64; rv:70.0) Gecko/20100101 Firefox/70.0" "-"
79.153.17.91 - - [28/Nov/2019:16:26:14 +0100] "GET /wp-content/plugins/woocommerce/assets/js/frontend/add-to-cart.min.js?ver=3.6.4 HTTP/1.1" 200 2983 "https://amazingsportwear.com/producto/zapatillero-young/" "Mozilla/5.0 (Windows NT 6.1; Win64; x64; rv:70.0) Gecko/20100101 Firefox/70.0" "-"
79.153.17.91 - - [28/Nov/2019:16:26:14 +0100] "GET /wp-content/plugins/cookie-law-info/public/css/cookie-law-info-gdpr.css?ver=1.7.6 HTTP/1.1" 200 15613 "https://amazingsportwear.com/producto/zapatillero-young/" "Mozilla/5.0 (Windows NT 6.1; Win64; x64; rv:70.0) Gecko/20100101 Firefox/70.0" "-"
79.153.17.91 - - [28/Nov/2019:16:26:14 +0100] "GET /wp-content/plugins/woocommerce/assets/js/zoom/jquery.zoom.min.js?ver=1.7.21 HTTP/1.1" 200 2957 "https://amazingsportwear.com/producto/zapatillero-young/" "Mozilla/5.0 (Windows NT 6.1; Win64; x64; rv:70.0) Gecko/20100101 Firefox/70.0" "-"
79.153.17.91 - - [28/Nov/2019:16:26:14 +0100] "GET /wp-content/plugins/woocommerce/assets/js/flexslider/jquery.flexslider.min.js?ver=2.7.2 HTTP/1.1" 200 23232 "https://amazingsportwear.com/producto/zapatillero-young/" "Mozilla/5.0 (Windows NT 6.1; Win64; x64; rv:70.0) Gecko/20100101 Firefox/70.0" "-"
79.153.17.91 - - [28/Nov/2019:16:26:14 +0100] "GET /wp-content/plugins/woocommerce/assets/js/frontend/single-product.min.js?ver=3.6.4 HTTP/1.1" 200 6693 "https://amazingsportwear.com/producto/zapatillero-young/" "Mozilla/5.0 (Windows NT 6.1; Win64; x64; rv:70.0) Gecko/20100101 Firefox/70.0" "-"
79.153.17.91 - - [28/Nov/2019:16:26:14 +0100] "GET /wp-content/plugins/woocommerce/assets/js/photoswipe/photoswipe.min.js?ver=4.1.1 HTTP/1.1" 200 32276 "https://amazingsportwear.com/producto/zapatillero-young/" "Mozilla/5.0 (Windows NT 6.1; Win64; x64; rv:70.0) Gecko/20100101 Firefox/70.0" "-"
79.153.17.91 - - [28/Nov/2019:16:26:14 +0100] "GET /wp-content/plugins/woocommerce/assets/js/js-cookie/js.cookie.min.js?ver=2.1.4 HTTP/1.1" 200 2187 "https://amazingsportwear.com/producto/zapatillero-young/" "Mozilla/5.0 (Windows NT 6.1; Win64; x64; rv:70.0) Gecko/20100101 Firefox/70.0" "-"
79.153.17.91 - - [28/Nov/2019:16:26:14 +0100] "GET /wp-content/plugins/woocommerce/assets/js/frontend/woocommerce.min.js?ver=3.6.4 HTTP/1.1" 200 1813 "https://amazingsportwear.com/producto/zapatillero-young/" "Mozilla/5.0 (Windows NT 6.1; Win64; x64; rv:70.0) Gecko/20100101 Firefox/70.0" "-"
79.153.17.91 - - [28/Nov/2019:16:26:14 +0100] "GET /wp-content/plugins/woocommerce/assets/js/frontend/cart-fragments.min.js?ver=3.6.4 HTTP/1.1" 200 3281 "https://amazingsportwear.com/producto/zapatillero-young/" "Mozilla/5.0 (Windows NT 6.1; Win64; x64; rv:70.0) Gecko/20100101 Firefox/70.0" "-"
79.153.17.91 - - [28/Nov/2019:16:26:14 +0100] "GET /wp-content/themes/shopper/assets/js/skip-link-focus-fix.js?ver=1.3.8 HTTP/1.1" 200 1023 "https://amazingsportwear.com/producto/zapatillero-young/" "Mozilla/5.0 (Windows NT 6.1; Win64; x64; rv:70.0) Gecko/20100101 Firefox/70.0" "-"
79.153.17.91 - - [28/Nov/2019:16:26:14 +0100] "GET /wp-content/plugins/woocommerce/assets/js/photoswipe/photoswipe-ui-default.min.js?ver=4.1.1 HTTP/1.1" 200 10220 "https://amazingsportwear.com/producto/zapatillero-young/" "Mozilla/5.0 (Windows NT 6.1; Win64; x64; rv:70.0) Gecko/20100101 Firefox/70.0" "-"
79.153.17.91 - - [28/Nov/2019:16:26:14 +0100] "GET /wp-content/themes/shopper/assets/js/shopper.min.js?ver=1.3.8 HTTP/1.1" 200 5994 "https://amazingsportwear.com/producto/zapatillero-young/" "Mozilla/5.0 (Windows NT 6.1; Win64; x64; rv:70.0) Gecko/20100101 Firefox/70.0" "-"
79.153.17.91 - - [28/Nov/2019:16:26:14 +0100] "GET /wp-includes/js/comment-reply.min.js?ver=5.2.4 HTTP/1.1" 200 2575 "https://amazingsportwear.com/producto/zapatillero-young/" "Mozilla/5.0 (Windows NT 6.1; Win64; x64; rv:70.0) Gecko/20100101 Firefox/70.0" "-"
79.153.17.91 - - [28/Nov/2019:16:26:14 +0100] "GET /wp-content/themes/shopper/assets/js/woocommerce/header-cart.min.js?ver=1.3.8 HTTP/1.1" 200 972 "https://amazingsportwear.com/producto/zapatillero-young/" "Mozilla/5.0 (Windows NT 6.1; Win64; x64; rv:70.0) Gecko/20100101 Firefox/70.0" "-"
79.153.17.91 - - [28/Nov/2019:16:26:14 +0100] "GET /wp-includes/js/wp-embed.min.js?ver=5.2.4 HTTP/1.1" 200 1744 "https://amazingsportwear.com/producto/zapatillero-young/" "Mozilla/5.0 (Windows NT 6.1; Win64; x64; rv:70.0) Gecko/20100101 Firefox/70.0" "-"
79.153.17.91 - - [28/Nov/2019:16:26:14 +0100] "GET /wp-includes/js/underscore.min.js?ver=1.8.3 HTTP/1.1" 200 16527 "https://amazingsportwear.com/producto/zapatillero-young/" "Mozilla/5.0 (Windows NT 6.1; Win64; x64; rv:70.0) Gecko/20100101 Firefox/70.0" "-"
79.153.17.91 - - [28/Nov/2019:16:26:14 +0100] "GET /wp-includes/js/wp-util.min.js?ver=5.2.4 HTTP/1.1" 200 1387 "https://amazingsportwear.com/producto/zapatillero-young/" "Mozilla/5.0 (Windows NT 6.1; Win64; x64; rv:70.0) Gecko/20100101 Firefox/70.0" "-"
79.153.17.91 - - [28/Nov/2019:16:26:14 +0100] "GET /wp-includes/js/jquery/ui/widget.min.js?ver=1.11.4 HTTP/1.1" 200 7250 "https://amazingsportwear.com/producto/zapatillero-young/" "Mozilla/5.0 (Windows NT 6.1; Win64; x64; rv:70.0) Gecko/20100101 Firefox/70.0" "-"
79.153.17.91 - - [28/Nov/2019:16:26:14 +0100] "GET /wp-content/plugins/akismet/_inc/form.js?ver=4.1.2 HTTP/1.1" 200 1040 "https://amazingsportwear.com/producto/zapatillero-young/" "Mozilla/5.0 (Windows NT 6.1; Win64; x64; rv:70.0) Gecko/20100101 Firefox/70.0" "-"
79.153.17.91 - - [28/Nov/2019:16:26:14 +0100] "GET /wp-includes/js/jquery/ui/mouse.min.js?ver=1.11.4 HTTP/1.1" 200 3489 "https://amazingsportwear.com/producto/zapatillero-young/" "Mozilla/5.0 (Windows NT 6.1; Win64; x64; rv:70.0) Gecko/20100101 Firefox/70.0" "-"
79.153.17.91 - - [28/Nov/2019:16:26:14 +0100] "GET /wp-includes/js/jquery/ui/core.min.js?ver=1.11.4 HTTP/1.1" 200 4341 "https://amazingsportwear.com/producto/zapatillero-young/" "Mozilla/5.0 (Windows NT 6.1; Win64; x64; rv:70.0) Gecko/20100101 Firefox/70.0" "-"
79.153.17.91 - - [28/Nov/2019:16:26:14 +0100] "GET /wp-includes/js/jquery/ui/resizable.min.js?ver=1.11.4 HTTP/1.1" 200 18798 "https://amazingsportwear.com/producto/zapatillero-young/" "Mozilla/5.0 (Windows NT 6.1; Win64; x64; rv:70.0) Gecko/20100101 Firefox/70.0" "-"
79.153.17.91 - - [28/Nov/2019:16:26:14 +0100] "GET /wp-content/plugins/woocommerce/assets/js/frontend/add-to-cart-variation.min.js?ver=3.6.4 HTTP/1.1" 200 13625 "https://amazingsportwear.com/producto/zapatillero-young/" "Mozilla/5.0 (Windows NT 6.1; Win64; x64; rv:70.0) Gecko/20100101 Firefox/70.0" "-"
79.153.17.91 - - [28/Nov/2019:16:26:14 +0100] "GET /wp-includes/js/jquery/ui/draggable.min.js?ver=1.11.4 HTTP/1.1" 200 19277 "https://amazingsportwear.com/producto/zapatillero-young/" "Mozilla/5.0 (Windows NT 6.1; Win64; x64; rv:70.0) Gecko/20100101 Firefox/70.0" "-"
79.153.17.91 - - [28/Nov/2019:16:26:14 +0100] "GET /wp-includes/js/jquery/ui/button.min.js?ver=1.11.4 HTTP/1.1" 200 7578 "https://amazingsportwear.com/producto/zapatillero-young/" "Mozilla/5.0 (Windows NT 6.1; Win64; x64; rv:70.0) Gecko/20100101 Firefox/70.0" "-"
79.153.17.91 - - [28/Nov/2019:16:26:14 +0100] "GET /wp-includes/js/jquery/ui/position.min.js?ver=1.11.4 HTTP/1.1" 200 6869 "https://amazingsportwear.com/producto/zapatillero-young/" "Mozilla/5.0 (Windows NT 6.1; Win64; x64; rv:70.0) Gecko/20100101 Firefox/70.0" "-"
79.153.17.91 - - [28/Nov/2019:16:26:14 +0100] "GET /wp-includes/js/jquery/ui/dialog.min.js?ver=1.11.4 HTTP/1.1" 200 12482 "https://amazingsportwear.com/producto/zapatillero-young/" "Mozilla/5.0 (Windows NT 6.1; Win64; x64; rv:70.0) Gecko/20100101 Firefox/70.0" "-"
79.153.17.91 - - [28/Nov/2019:16:26:14 +0100] "GET /wp-content/plugins/product-enquiry-for-woocommerce/js/wdm_jquery.validate.min.js?ver=5.2.4 HTTP/1.1" 200 21818 "https://amazingsportwear.com/producto/zapatillero-young/" "Mozilla/5.0 (Windows NT 6.1; Win64; x64; rv:70.0) Gecko/20100101 Firefox/70.0" "-"
79.153.17.91 - - [28/Nov/2019:16:26:14 +0100] "GET /wp-content/plugins/product-enquiry-for-woocommerce/js/contact.js?ver=5.2.4 HTTP/1.1" 200 4681 "https://amazingsportwear.com/producto/zapatillero-young/" "Mozilla/5.0 (Windows NT 6.1; Win64; x64; rv:70.0) Gecko/20100101 Firefox/70.0" "-"
79.153.17.91 - - [28/Nov/2019:16:26:14 +0100] "GET /wp-content/uploads/2019/05/cropped-asw-white.png HTTP/1.1" 200 7500 "https://amazingsportwear.com/producto/zapatillero-young/" "Mozilla/5.0 (Windows NT 6.1; Win64; x64; rv:70.0) Gecko/20100101 Firefox/70.0" "-"
79.153.17.91 - - [28/Nov/2019:16:26:14 +0100] "GET /wp-content/plugins/simple-social-icons/symbol-defs.svg HTTP/1.1" 200 19699 "https://amazingsportwear.com/producto/zapatillero-young/" "Mozilla/5.0 (Windows NT 6.1; Win64; x64; rv:70.0) Gecko/20100101 Firefox/70.0" "-"
79.153.17.91 - - [28/Nov/2019:16:26:14 +0100] "GET /wp-content/themes/shopper/assets/fonts/fontawesome-webfont.woff2?v=4.7.0 HTTP/1.1" 200 77615 "https://amazingsportwear.com/wp-content/themes/shopper/style.css?ver=1.3.8" "Mozilla/5.0 (Windows NT 6.1; Win64; x64; rv:70.0) Gecko/20100101 Firefox/70.0" "-"
79.153.17.91 - - [28/Nov/2019:16:26:14 +0100] "GET /wp-content/uploads/2019/04/zapatillero-young-3.png HTTP/1.1" 200 39502 "https://amazingsportwear.com/producto/zapatillero-young/" "Mozilla/5.0 (Windows NT 6.1; Win64; x64; rv:70.0) Gecko/20100101 Firefox/70.0" "-"
79.153.17.91 - - [28/Nov/2019:16:26:15 +0100] "GET /wp-content/uploads/2019/04/zapatillero-young-2.png HTTP/1.1" 200 63542 "https://amazingsportwear.com/producto/zapatillero-young/" "Mozilla/5.0 (Windows NT 6.1; Win64; x64; rv:70.0) Gecko/20100101 Firefox/70.0" "-"
79.153.17.91 - - [28/Nov/2019:16:26:15 +0100] "GET /wp-content/uploads/2018/05/cp-lycra-2.jpg HTTP/1.1" 200 13775 "https://amazingsportwear.com/producto/zapatillero-young/" "Mozilla/5.0 (Windows NT 6.1; Win64; x64; rv:70.0) Gecko/20100101 Firefox/70.0" "-"
79.153.17.91 - - [28/Nov/2019:16:26:15 +0100] "GET /wp-content/uploads/2018/05/cif-g221-2.jpg HTTP/1.1" 200 55476 "https://amazingsportwear.com/producto/zapatillero-young/" "Mozilla/5.0 (Windows NT 6.1; Win64; x64; rv:70.0) Gecko/20100101 Firefox/70.0" "-"
79.153.17.91 - - [28/Nov/2019:16:26:15 +0100] "GET /wp-content/uploads/2018/05/ENY-FL14W-1-300x300.jpg HTTP/1.1" 200 18075 "https://amazingsportwear.com/producto/zapatillero-young/" "Mozilla/5.0 (Windows NT 6.1; Win64; x64; rv:70.0) Gecko/20100101 Firefox/70.0" "-"
79.153.17.91 - - [28/Nov/2019:16:26:15 +0100] "GET /wp-content/uploads/2019/04/zapatillero-young-1.png HTTP/1.1" 200 26307 "https://amazingsportwear.com/producto/zapatillero-young/" "Mozilla/5.0 (Windows NT 6.1; Win64; x64; rv:70.0) Gecko/20100101 Firefox/70.0" "-"
79.153.17.91 - - [28/Nov/2019:16:26:15 +0100] "GET /wp-content/uploads/2019/05/asw-white-600x252.png HTTP/1.1" 200 29380 "https://amazingsportwear.com/producto/zapatillero-young/" "Mozilla/5.0 (Windows NT 6.1; Win64; x64; rv:70.0) Gecko/20100101 Firefox/70.0" "-"
79.153.17.91 - - [28/Nov/2019:16:26:15 +0100] "GET /wp-content/plugins/product-enquiry-for-woocommerce/img/contact/loading.gif HTTP/1.1" 200 3834 "https://amazingsportwear.com/producto/zapatillero-young/" "Mozilla/5.0 (Windows NT 6.1; Win64; x64; rv:70.0) Gecko/20100101 Firefox/70.0" "-"
79.153.17.91 - - [28/Nov/2019:16:26:15 +0100] "GET /wp-content/uploads/2019/04/zapatillero-young-4-100x100.png HTTP/1.1" 200 5746 "https://amazingsportwear.com/producto/zapatillero-young/" "Mozilla/5.0 (Windows NT 6.1; Win64; x64; rv:70.0) Gecko/20100101 Firefox/70.0" "-"
79.153.17.91 - - [28/Nov/2019:16:26:15 +0100] "GET /wp-content/uploads/2019/04/zapatillero-young-3-100x100.png HTTP/1.1" 200 5167 "https://amazingsportwear.com/producto/zapatillero-young/" "Mozilla/5.0 (Windows NT 6.1; Win64; x64; rv:70.0) Gecko/20100101 Firefox/70.0" "-"
79.153.17.91 - - [28/Nov/2019:16:26:15 +0100] "GET /wp-content/uploads/2019/04/zapatillero-young-1-100x100.png HTTP/1.1" 200 2063 "https://amazingsportwear.com/producto/zapatillero-young/" "Mozilla/5.0 (Windows NT 6.1; Win64; x64; rv:70.0) Gecko/20100101 Firefox/70.0" "-"
79.153.17.91 - - [28/Nov/2019:16:26:15 +0100] "GET /wp-content/uploads/2019/04/zapatillero-young-2-100x100.png HTTP/1.1" 200 5999 "https://amazingsportwear.com/producto/zapatillero-young/" "Mozilla/5.0 (Windows NT 6.1; Win64; x64; rv:70.0) Gecko/20100101 Firefox/70.0" "-"
79.153.17.91 - - [28/Nov/2019:16:26:15 +0100] "GET /wp-content/uploads/2019/05/cropped-favicon-nuevo-logo-amazinf-128px-192x192.png HTTP/1.1" 200 10880 "-" "Mozilla/5.0 (Windows NT 6.1; Win64; x64; rv:70.0) Gecko/20100101 Firefox/70.0" "-"
79.153.17.91 - - [28/Nov/2019:16:26:15 +0100] "GET /wp-content/uploads/2019/05/cropped-favicon-nuevo-logo-amazinf-128px-32x32.png HTTP/1.1" 200 1224 "-" "Mozilla/5.0 (Windows NT 6.1; Win64; x64; rv:70.0) Gecko/20100101 Firefox/70.0" "-"
79.153.17.91 - - [28/Nov/2019:16:26:15 +0100] "POST /?wc-ajax=get_refreshed_fragments HTTP/1.1" 200 1397 "https://amazingsportwear.com/producto/zapatillero-young/" "Mozilla/5.0 (Windows NT 6.1; Win64; x64; rv:70.0) Gecko/20100101 Firefox/70.0" "-"
190.207.174.3 - - [28/Nov/2019:16:33:55 +0100] "GET /wp-content/uploads/2019/04/Gorra-sport-10.png HTTP/1.1" 200 60426 "https://www.google.com/" "Mozilla/5.0 (Windows NT 6.1) AppleWebKit/537.36 (KHTML, like Gecko) Chrome/78.0.3904.108 Safari/537.36" "-"
40.77.167.197 - - [28/Nov/2019:16:45:49 +0100] "GET /wp-content/uploads/2017/03/CIF-T-1052.jpg HTTP/1.1" 200 61148 "-" "Mozilla/5.0 (compatible; bingbot/2.0; +http://www.bing.com/bingbot.htm)" "-"
190.5.153.154 - - [28/Nov/2019:17:15:44 +0100] "GET /wp-content/uploads/2019/04/Gorra-sport-6.png HTTP/1.1" 200 44623 "https://www.google.com/" "Mozilla/5.0 (Windows NT 10.0; Win64; x64) AppleWebKit/537.36 (KHTML, like Gecko) Chrome/78.0.3904.108 Safari/537.36" "-"
217.76.130.90 - - [28/Nov/2019:17:22:15 +0100] "POST /wp-cron.php?doing_wp_cron=1574958135.5081501007080078125000 HTTP/1.1" 200 3389 "https://amazingsportwear.com/wp-cron.php?doing_wp_cron=1574958135.5081501007080078125000" "WordPress/5.2.4; https://amazingsportwear.com" "-"
40.77.167.197 - - [28/Nov/2019:17:22:11 +0100] "GET /tienda/page/6/ HTTP/1.1" 200 77737 "-" "Mozilla/5.0 (compatible; bingbot/2.0; +http://www.bing.com/bingbot.htm)" "-"
217.76.130.90 - - [28/Nov/2019:17:23:14 +0100] "POST /wp-cron.php?doing_wp_cron=1574958194.6393210887908935546875 HTTP/1.1" 200 3389 "https://amazingsportwear.com/wp-cron.php?doing_wp_cron=1574958194.6393210887908935546875" "WordPress/5.2.4; https://amazingsportwear.com" "-"
66.249.64.144 - - [28/Nov/2019:17:23:13 +0100] "GET /producto/falda-tecnica-padel-tenis/ HTTP/1.1" 200 96427 "-" "Mozilla/5.0 (Linux; Android 6.0.1; Nexus 5X Build/MMB29P) AppleWebKit/537.36 (KHTML, like Gecko) Chrome/41.0.2272.96 Mobile Safari/537.36 (compatible; Googlebot/2.1; +http://www.google.com/bot.html)" "-"
181.45.135.247 - - [28/Nov/2019:17:25:47 +0100] "GET /wp-content/uploads/2019/04/Gorra-sport-10.png HTTP/1.1" 200 60426 "https://www.google.com/" "Mozilla/5.0 (Macintosh; Intel Mac OS X 10_12_6) AppleWebKit/537.36 (KHTML, like Gecko) Chrome/78.0.3904.108 Safari/537.36" "-"
66.211.28.86 - - [28/Nov/2019:17:26:00 +0100] "GET /wp-content/uploads/2019/04/Gorra-harum-2.png HTTP/1.1" 200 53515 "https://www.google.com/" "Mozilla/5.0 (Windows NT 10.0; Win64; x64) AppleWebKit/537.36 (KHTML, like Gecko) Chrome/78.0.3904.108 Safari/537.36" "-"
217.76.130.90 - - [28/Nov/2019:17:26:59 +0100] "POST /wp-cron.php?doing_wp_cron=1574958419.2980229854583740234375 HTTP/1.1" 200 3389 "https://amazingsportwear.com/wp-cron.php?doing_wp_cron=1574958419.2980229854583740234375" "WordPress/5.2.4; https://amazingsportwear.com" "-"
66.249.64.146 - - [28/Nov/2019:17:26:58 +0100] "GET /categoria-producto/deportes/futbol/ HTTP/1.1" 200 66336 "-" "Mozilla/5.0 (Linux; Android 6.0.1; Nexus 5X Build/MMB29P) AppleWebKit/537.36 (KHTML, like Gecko) Chrome/41.0.2272.96 Mobile Safari/537.36 (compatible; Googlebot/2.1; +http://www.google.com/bot.html)" "-"
217.76.130.90 - - [28/Nov/2019:17:30:02 +0100] "POST /wp-cron.php?doing_wp_cron=1574958602.1951680183410644531250 HTTP/1.1" 200 3389 "https://amazingsportwear.com/wp-cron.php?doing_wp_cron=1574958602.1951680183410644531250" "WordPress/5.2.4; https://amazingsportwear.com" "-"
66.249.64.146 - - [28/Nov/2019:17:30:01 +0100] "GET /producto/llavero-metalico-tenis/ HTTP/1.1" 200 94834 "-" "Mozilla/5.0 (Linux; Android 6.0.1; Nexus 5X Build/MMB29P) AppleWebKit/537.36 (KHTML, like Gecko) Chrome/41.0.2272.96 Mobile Safari/537.36 (compatible; Googlebot/2.1; +http://www.google.com/bot.html)" "-"
66.249.64.144 - - [28/Nov/2019:17:30:18 +0100] "POST /?wc-ajax=get_refreshed_fragments HTTP/1.1" 200 4760 "https://amazingsportwear.com/producto/llavero-metalico-tenis/" "Mozilla/5.0 (Linux; Android 6.0.1; Nexus 5X Build/MMB29P) AppleWebKit/537.36 (KHTML, like Gecko) Chrome/41.0.2272.96 Mobile Safari/537.36 (compatible; Googlebot/2.1; +http://www.google.com/bot.html)" "_ga=GA1.2.969013651.1574899200; _gid=GA1.2.1978218920.1574899200; _gat_gtag_UA_91619287_1=1"
217.76.130.90 - - [28/Nov/2019:17:46:55 +0100] "POST /wp-cron.php?doing_wp_cron=1574959615.4622020721435546875000 HTTP/1.1" 200 3389 "https://amazingsportwear.com/wp-cron.php?doing_wp_cron=1574959615.4622020721435546875000" "WordPress/5.2.4; https://amazingsportwear.com" "-"
141.8.142.79 - - [28/Nov/2019:17:46:52 +0100] "GET /robots.txt HTTP/1.1" 200 3960 "-" "Mozilla/5.0 (compatible; YandexBot/3.0; +http://yandex.com/bots)" "-"
141.8.142.190 - - [28/Nov/2019:17:46:56 +0100] "GET / HTTP/1.1" 301 3777 "-" "Mozilla/5.0 (compatible; YandexBot/3.0; +http://yandex.com/bots)" "-"
217.76.130.90 - - [28/Nov/2019:17:47:06 +0100] "POST /wp-cron.php?doing_wp_cron=1574959626.8590888977050781250000 HTTP/1.1" 200 3389 "https://amazingsportwear.com/wp-cron.php?doing_wp_cron=1574959626.8590888977050781250000" "WordPress/5.2.4; https://amazingsportwear.com" "-"
141.8.142.79 - - [28/Nov/2019:17:47:06 +0100] "GET /robots.txt HTTP/1.1" 200 3944 "-" "Mozilla/5.0 (compatible; YandexBot/3.0; +http://yandex.com/bots)" "-"
141.8.142.79 - - [28/Nov/2019:17:47:09 +0100] "GET / HTTP/1.1" 200 122455 "-" "Mozilla/5.0 (compatible; YandexBot/3.0; +http://yandex.com/bots)" "-"
160.119.129.2 - - [28/Nov/2019:18:02:30 +0100] "GET /wp-content/uploads/2019/04/Gorra-sport-6.png HTTP/1.1" 200 44623 "https://www.google.tg/" "Mozilla/5.0 (Windows NT 10.0; Win64; x64; rv:70.0) Gecko/20100101 Firefox/70.0" "-"
189.140.5.249 - - [28/Nov/2019:18:20:19 +0100] "GET /wp-content/uploads/2019/04/Gorra-sport-10.png HTTP/1.1" 200 60426 "https://www.google.com/" "Mozilla/5.0 (Linux; Android 6.0.1; SAMSUNG-SM-N920A Build/MMB29K) AppleWebKit/537.36 (KHTML, like Gecko) Chrome/69.0.3497.100 Mobile Safari/537.36" "-"
217.76.130.90 - - [28/Nov/2019:18:27:06 +0100] "POST /wp-cron.php?doing_wp_cron=1574962026.5437159538269042968750 HTTP/1.1" 200 164 "http://amazingsportwear.com/wp-cron.php?doing_wp_cron=1574962026.5437159538269042968750" "WordPress/5.2.4; https://amazingsportwear.com" "-"
66.249.64.159 - - [28/Nov/2019:18:27:01 +0100] "GET /robots.txt HTTP/1.1" 200 432 "-" "Mozilla/5.0 (compatible; Googlebot/2.1; +http://www.google.com/bot.html)" "-"
40.77.167.197 - - [28/Nov/2019:18:29:05 +0100] "GET /wp-content/uploads/2019/04/Mochila-keisy-1.png HTTP/1.1" 200 85160 "-" "Mozilla/5.0 (compatible; bingbot/2.0; +http://www.bing.com/bingbot.htm)" "-"
217.76.130.90 - - [28/Nov/2019:18:31:56 +0100] "POST /wp-cron.php?doing_wp_cron=1574962316.9315910339355468750000 HTTP/1.1" 200 164 "http://amazingsportwear.com/wp-cron.php?doing_wp_cron=1574962316.9315910339355468750000" "WordPress/5.2.4; https://amazingsportwear.com" "-"
66.249.64.157 - - [28/Nov/2019:18:31:56 +0100] "GET / HTTP/1.1" 301 336 "-" "Mozilla/5.0 (Linux; Android 6.0.1; Nexus 5X Build/MMB29P) AppleWebKit/537.36 (KHTML, like Gecko) Chrome/41.0.2272.96 Mobile Safari/537.36 (compatible; Googlebot/2.1; +http://www.google.com/bot.html)" "-"
66.249.64.146 - - [28/Nov/2019:18:31:58 +0100] "GET / HTTP/1.1" 200 125766 "-" "Mozilla/5.0 (Linux; Android 6.0.1; Nexus 5X Build/MMB29P) AppleWebKit/537.36 (KHTML, like Gecko) Chrome/41.0.2272.96 Mobile Safari/537.36 (compatible; Googlebot/2.1; +http://www.google.com/bot.html)" "wpfront-notification-bar-landingpage=1"
217.76.130.90 - - [28/Nov/2019:18:32:26 +0100] "POST /wp-cron.php?doing_wp_cron=1574962346.8698720932006835937500 HTTP/1.1" 200 3389 "https://amazingsportwear.com/wp-cron.php?doing_wp_cron=1574962346.8698720932006835937500" "WordPress/5.2.4; https://amazingsportwear.com" "-"
31.13.127.17 - - [28/Nov/2019:18:32:26 +0100] "GET / HTTP/1.1" 200 125515 "-" "facebookexternalhit/1.1 (+http://www.facebook.com/externalhit_uatext.php)" "-"
31.13.127.18 - - [28/Nov/2019:18:32:26 +0100] "GET / HTTP/1.1" 200 125540 "-" "facebookexternalhit/1.1 (+http://www.facebook.com/externalhit_uatext.php)" "-"
217.76.130.90 - - [28/Nov/2019:18:38:56 +0100] "POST /wp-cron.php?doing_wp_cron=1574962736.8319149017333984375000 HTTP/1.1" 200 3389 "https://amazingsportwear.com/wp-cron.php?doing_wp_cron=1574962736.8319149017333984375000" "WordPress/5.2.4; https://amazingsportwear.com" "-"
157.55.39.116 - - [28/Nov/2019:18:38:54 +0100] "GET /tienda/158-camiseta-tecnica-tirantes-shura-sa-0349.html HTTP/1.1" 404 72345 "-" "Mozilla/5.0 (compatible; bingbot/2.0; +http://www.bing.com/bingbot.htm)" "-"
187.190.167.241 - - [28/Nov/2019:18:40:43 +0100] "GET /wp-content/uploads/2019/04/Gorra-sport-11.png HTTP/1.1" 200 131116 "https://www.google.com/" "Mozilla/5.0 (Windows NT 6.1; Win64; x64) AppleWebKit/537.36 (KHTML, like Gecko) Chrome/78.0.3904.108 Safari/537.36" "-"
217.76.130.90 - - [28/Nov/2019:18:41:54 +0100] "POST /wp-cron.php?doing_wp_cron=1574962914.6428270339965820312500 HTTP/1.1" 200 3389 "https://amazingsportwear.com/wp-cron.php?doing_wp_cron=1574962914.6428270339965820312500" "WordPress/5.2.4; https://amazingsportwear.com" "-"
128.14.134.134 - - [28/Nov/2019:18:41:54 +0100] "GET / HTTP/1.1" 200 125550 "-" "Mozilla/5.0 (Windows NT 10.0; Win64; x64) AppleWebKit/537.36 (KHTML, like Gecko) Chrome/60.0.3112.113 Safari/537.36" "-"
191.99.37.123 - - [28/Nov/2019:18:51:24 +0100] "GET /wp-content/uploads/2019/04/Gorra-sport-10.png HTTP/1.1" 200 60426 "https://www.google.com/" "Mozilla/5.0 (Windows NT 6.3) AppleWebKit/537.36 (KHTML, like Gecko) Chrome/78.0.3904.108 Safari/537.36" "-"
189.216.67.134 - - [28/Nov/2019:18:54:51 +0100] "GET /wp-content/uploads/2019/04/gorra-dry-fit-1.png HTTP/1.1" 200 132130 "https://www.google.com/" "Mozilla/5.0 (Windows NT 10.0; Win64; x64; rv:70.0) Gecko/20100101 Firefox/70.0" "-"
217.76.130.90 - - [28/Nov/2019:18:55:01 +0100] "POST /wp-cron.php?doing_wp_cron=1574963701.3059389591217041015625 HTTP/1.1" 200 3389 "https://amazingsportwear.com/wp-cron.php?doing_wp_cron=1574963701.3059389591217041015625" "WordPress/5.2.4; https://amazingsportwear.com" "-"
62.37.169.151 - - [28/Nov/2019:18:54:59 +0100] "GET /producto/camiseta-tecnica-bugatti/ HTTP/1.1" 200 107361 "https://www.google.com/" "Mozilla/5.0 (Windows NT 10.0; Win64; x64) AppleWebKit/537.36 (KHTML, like Gecko) Chrome/78.0.3904.108 Safari/537.36" "-"
62.37.169.151 - - [28/Nov/2019:18:55:02 +0100] "GET /wp-includes/css/dist/block-library/style.min.css?ver=5.2.4 HTTP/1.1" 200 29660 "https://amazingsportwear.com/producto/camiseta-tecnica-bugatti/" "Mozilla/5.0 (Windows NT 10.0; Win64; x64) AppleWebKit/537.36 (KHTML, like Gecko) Chrome/78.0.3904.108 Safari/537.36" "-"
62.37.169.151 - - [28/Nov/2019:18:55:02 +0100] "GET /wp-content/plugins/woocommerce/assets/css/blocks/style.css?ver=3.6.4 HTTP/1.1" 200 6697 "https://amazingsportwear.com/producto/camiseta-tecnica-bugatti/" "Mozilla/5.0 (Windows NT 10.0; Win64; x64) AppleWebKit/537.36 (KHTML, like Gecko) Chrome/78.0.3904.108 Safari/537.36" "-"
62.37.169.151 - - [28/Nov/2019:18:55:02 +0100] "GET /wp-content/plugins/cookie-law-info/public/css/cookie-law-info-public.css?ver=1.7.6 HTTP/1.1" 200 3373 "https://amazingsportwear.com/producto/camiseta-tecnica-bugatti/" "Mozilla/5.0 (Windows NT 10.0; Win64; x64) AppleWebKit/537.36 (KHTML, like Gecko) Chrome/78.0.3904.108 Safari/537.36" "-"
62.37.169.151 - - [28/Nov/2019:18:55:02 +0100] "GET /wp-content/plugins/cookie-law-info/public/css/cookie-law-info-gdpr.css?ver=1.7.6 HTTP/1.1" 200 12445 "https://amazingsportwear.com/producto/camiseta-tecnica-bugatti/" "Mozilla/5.0 (Windows NT 10.0; Win64; x64) AppleWebKit/537.36 (KHTML, like Gecko) Chrome/78.0.3904.108 Safari/537.36" "-"
62.37.169.151 - - [28/Nov/2019:18:55:02 +0100] "GET /wp-content/plugins/woocommerce/assets/css/photoswipe/photoswipe.css?ver=3.6.4 HTTP/1.1" 200 4472 "https://amazingsportwear.com/producto/camiseta-tecnica-bugatti/" "Mozilla/5.0 (Windows NT 10.0; Win64; x64) AppleWebKit/537.36 (KHTML, like Gecko) Chrome/78.0.3904.108 Safari/537.36" "-"
62.37.169.151 - - [28/Nov/2019:18:55:02 +0100] "GET /wp-content/plugins/woocommerce/assets/css/photoswipe/default-skin/default-skin.css?ver=3.6.4 HTTP/1.1" 200 11943 "https://amazingsportwear.com/producto/camiseta-tecnica-bugatti/" "Mozilla/5.0 (Windows NT 10.0; Win64; x64) AppleWebKit/537.36 (KHTML, like Gecko) Chrome/78.0.3904.108 Safari/537.36" "-"
62.37.169.151 - - [28/Nov/2019:18:55:02 +0100] "GET /wp-content/plugins/wpfront-notification-bar/css/wpfront-notification-bar.css?ver=1.7.1 HTTP/1.1" 200 3663 "https://amazingsportwear.com/producto/camiseta-tecnica-bugatti/" "Mozilla/5.0 (Windows NT 10.0; Win64; x64) AppleWebKit/537.36 (KHTML, like Gecko) Chrome/78.0.3904.108 Safari/537.36" "-"
62.37.169.151 - - [28/Nov/2019:18:55:02 +0100] "GET /wp-content/themes/shopper/style.css?ver=1.3.8 HTTP/1.1" 200 125315 "https://amazingsportwear.com/producto/camiseta-tecnica-bugatti/" "Mozilla/5.0 (Windows NT 10.0; Win64; x64) AppleWebKit/537.36 (KHTML, like Gecko) Chrome/78.0.3904.108 Safari/537.36" "-"
62.37.169.151 - - [28/Nov/2019:18:55:02 +0100] "GET /wp-content/plugins/simple-social-icons/css/style.css?ver=3.0.1 HTTP/1.1" 200 1562 "https://amazingsportwear.com/producto/camiseta-tecnica-bugatti/" "Mozilla/5.0 (Windows NT 10.0; Win64; x64) AppleWebKit/537.36 (KHTML, like Gecko) Chrome/78.0.3904.108 Safari/537.36" "-"
