132.191.0.165 - - [17/Dec/2019:00:04:44 +0100] "GET /wp-content/uploads/2019/04/Gorra-sport-10.png HTTP/1.1" 200 60431 "https://www.google.com/" "Mozilla/5.0 (Windows NT 6.3; Win64; x64) AppleWebKit/537.36 (KHTML, like Gecko) Chrome/78.0.3904.108 Safari/537.36" "-"
217.76.130.90 - - [17/Dec/2019:00:04:58 +0100] "POST /wp-cron.php?doing_wp_cron=1576537498.7748379707336425781250 HTTP/1.1" 200 3389 "https://amazingsportwear.com/wp-cron.php?doing_wp_cron=1576537498.7748379707336425781250" "WordPress/5.2.5; https://amazingsportwear.com" "-"
207.46.13.23 - - [17/Dec/2019:00:04:52 +0100] "GET /producto/catadioptico-trasero-cif-z281/ HTTP/1.1" 200 91906 "-" "Mozilla/5.0 (compatible; bingbot/2.0; +http://www.bing.com/bingbot.htm)" "-"
217.76.130.90 - - [17/Dec/2019:00:08:33 +0100] "POST /wp-cron.php?doing_wp_cron=1576537713.2121789455413818359375 HTTP/1.1" 200 3389 "https://amazingsportwear.com/wp-cron.php?doing_wp_cron=1576537713.2121789455413818359375" "WordPress/5.2.5; https://amazingsportwear.com" "-"
207.46.13.23 - - [17/Dec/2019:00:08:31 +0100] "GET /etiqueta-producto/linterna-biddick/ HTTP/1.1" 200 54098 "-" "Mozilla/5.0 (compatible; bingbot/2.0; +http://www.bing.com/bingbot.htm)" "-"
83.55.100.176 - - [17/Dec/2019:00:11:22 +0100] "GET /wp-content/uploads/2019/04/Bolsa-deporte-athlete-1.png HTTP/1.1" 200 126929 "https://www.google.com/" "Mozilla/5.0 (iPhone; CPU iPhone OS 13_1_3 like Mac OS X) AppleWebKit/605.1.15 (KHTML, like Gecko) GSA/88.1.284108841 Mobile/17A878 Safari/604.1" "-"
217.76.130.90 - - [17/Dec/2019:00:14:41 +0100] "POST /wp-cron.php?doing_wp_cron=1576538081.8240280151367187500000 HTTP/1.1" 200 3389 "https://amazingsportwear.com/wp-cron.php?doing_wp_cron=1576538081.8240280151367187500000" "WordPress/5.2.5; https://amazingsportwear.com" "-"
124.238.92.233 - - [17/Dec/2019:00:14:39 +0100] "GET /producto/sudadera-cuello-redondo-futbol HTTP/1.1" 301 3563 "-" "Mozilla/5.0(Linux;Android 5.1.1;OPPO A33 Build/LMY47V;wv) AppleWebKit/537.36(KHTML,link Gecko) Version/4.0 Chrome/43.0.2357.121 Mobile Safari/537.36 LieBaoFast/4.51.3" "-"
124.238.92.233 - - [17/Dec/2019:00:14:43 +0100] "GET /producto/sudadera-cuello-redondo-futbol/ HTTP/1.1" 200 91713 "-" "Mozilla/5.0(Linux;Android 5.1.1;OPPO A33 Build/LMY47V;wv) AppleWebKit/537.36(KHTML,link Gecko) Version/4.0 Chrome/43.0.2357.121 Mobile Safari/537.36 LieBaoFast/4.51.3" "wpfront-notification-bar-landingpage=1"
207.46.13.196 - - [17/Dec/2019:00:17:40 +0100] "GET /wp-content/uploads/2017/03/sa-0425_12-300x300.jpg HTTP/1.1" 200 28566 "-" "Mozilla/5.0 (compatible; bingbot/2.0; +http://www.bing.com/bingbot.htm)" "-"
217.76.130.90 - - [17/Dec/2019:00:17:43 +0100] "POST /wp-cron.php?doing_wp_cron=1576538263.3789160251617431640625 HTTP/1.1" 200 164 "http://amazingsportwear.com/wp-cron.php?doing_wp_cron=1576538263.3789160251617431640625" "WordPress/5.2.5; https://amazingsportwear.com" "-"
157.55.39.35 - - [17/Dec/2019:00:17:42 +0100] "GET /16-futbol HTTP/1.1" 404 68023 "-" "Mozilla/5.0 (iPhone; CPU iPhone OS 7_0 like Mac OS X) AppleWebKit/537.51.1 (KHTML, like Gecko) Version/7.0 Mobile/11A465 Safari/9537.53 (compatible; bingbot/2.0; +http://www.bing.com/bingbot.htm)" "-"
217.76.130.90 - - [17/Dec/2019:00:22:36 +0100] "POST /wp-cron.php?doing_wp_cron=1576538556.7810740470886230468750 HTTP/1.1" 200 3389 "https://amazingsportwear.com/wp-cron.php?doing_wp_cron=1576538556.7810740470886230468750" "WordPress/5.2.5; https://amazingsportwear.com" "-"
58.209.12.160 - - [17/Dec/2019:00:22:34 +0100] "GET /producto/soporte-monedero-donic HTTP/1.1" 301 3555 "-" "Mozilla/5.0(Linux;Android 5.1.1;OPPO A33 Build/LMY47V;wv) AppleWebKit/537.36(KHTML,link Gecko) Version/4.0 Chrome/42.0.2311.138 Mobile Safari/537.36 Mb2345Browser/9.0" "-"
58.209.12.160 - - [17/Dec/2019:00:22:38 +0100] "GET /producto/soporte-monedero-donic/ HTTP/1.1" 200 98912 "-" "Mozilla/5.0(Linux;Android 5.1.1;OPPO A33 Build/LMY47V;wv) AppleWebKit/537.36(KHTML,link Gecko) Version/4.0 Chrome/42.0.2311.138 Mobile Safari/537.36 Mb2345Browser/9.0" "wpfront-notification-bar-landingpage=1"
179.51.103.39 - - [17/Dec/2019:00:24:22 +0100] "GET /wp-content/uploads/2019/04/Gorra-sport-10.png HTTP/1.1" 200 60426 "https://www.google.com.co/" "Mozilla/5.0 (Windows NT 10.0) AppleWebKit/537.36 (KHTML, like Gecko) Chrome/79.0.3945.79 Safari/537.36" "-"
187.250.94.200 - - [17/Dec/2019:00:39:05 +0100] "GET /wp-content/uploads/2019/04/Gorra-sport-11.png HTTP/1.1" 200 131116 "https://www.google.com.mx/" "Mozilla/5.0 (Windows NT 10.0; Win64; x64) AppleWebKit/537.36 (KHTML, like Gecko) Chrome/46.0.2486.0 Safari/537.36 Edge/13.10586" "-"
217.76.130.90 - - [17/Dec/2019:01:08:47 +0100] "POST /wp-cron.php?doing_wp_cron=1576541327.0507891178131103515625 HTTP/1.1" 200 3389 "https://amazingsportwear.com/wp-cron.php?doing_wp_cron=1576541327.0507891178131103515625" "WordPress/5.2.5; https://amazingsportwear.com" "-"
207.46.13.23 - - [17/Dec/2019:01:08:43 +0100] "GET /etiqueta-producto/tapon-rosca/ HTTP/1.1" 200 54027 "-" "Mozilla/5.0 (compatible; bingbot/2.0; +http://www.bing.com/bingbot.htm)" "-"
91.242.162.53 - - [17/Dec/2019:01:17:10 +0100] "GET /robots.txt HTTP/1.1" 404 3953 "-" "Mozilla/5.0 (compatible; Qwantify/2.4w; +https://www.qwant.com/)/2.4w" "-"
91.242.162.53 - - [17/Dec/2019:01:17:10 +0100] "GET / HTTP/1.1" 404 3953 "-" "Mozilla/5.0 (compatible; Qwantify/2.4w; +https://www.qwant.com/)/2.4w" "-"
217.76.130.90 - - [17/Dec/2019:01:21:25 +0100] "POST /wp-cron.php?doing_wp_cron=1576542085.5081388950347900390625 HTTP/1.1" 200 3389 "https://amazingsportwear.com/wp-cron.php?doing_wp_cron=1576542085.5081388950347900390625" "WordPress/5.2.5; https://amazingsportwear.com" "-"
66.249.69.212 - - [17/Dec/2019:01:21:24 +0100] "GET /producto/llavero-metalico-tenis/ HTTP/1.1" 200 94160 "-" "Mozilla/5.0 (Linux; Android 6.0.1; Nexus 5X Build/MMB29P) AppleWebKit/537.36 (KHTML, like Gecko) Chrome/41.0.2272.96 Mobile Safari/537.36 (compatible; Googlebot/2.1; +http://www.google.com/bot.html)" "-"
66.249.69.208 - - [17/Dec/2019:01:21:32 +0100] "POST /?wc-ajax=get_refreshed_fragments HTTP/1.1" 200 4760 "https://amazingsportwear.com/producto/llavero-metalico-tenis/" "Mozilla/5.0 (Linux; Android 6.0.1; Nexus 5X Build/MMB29P) AppleWebKit/537.36 (KHTML, like Gecko) Chrome/41.0.2272.96 Mobile Safari/537.36 (compatible; Googlebot/2.1; +http://www.google.com/bot.html)" "_ga=GA1.2.969013651.1576540800; _gid=GA1.2.1978218920.1576540800; _gat_gtag_UA_91619287_1=1"
187.147.169.252 - - [17/Dec/2019:01:26:11 +0100] "GET /wp-content/uploads/2019/04/Gorra-sport-10.png HTTP/1.1" 200 60231 "https://www.google.com/" "Mozilla/5.0 (Macintosh; Intel Mac OS X 10_15) AppleWebKit/605.1.15 (KHTML, like Gecko) Version/13.0.2 Safari/605.1.15" "-"
181.124.172.134 - - [17/Dec/2019:01:26:13 +0100] "GET /wp-content/uploads/2017/01/cam-basic4.png HTTP/1.1" 200 198950 "https://www.google.com/blank.html" "Mozilla/5.0 (Linux; Android 8.0.0; SM-G570M Build/R16NW; wv) AppleWebKit/537.36 (KHTML, like Gecko) Version/4.0 Chrome/68.0.3440.91 Mobile Safari/537.36 GSA/10.87.15.21.arm" "-"
217.76.130.90 - - [17/Dec/2019:01:34:14 +0100] "POST /wp-cron.php?doing_wp_cron=1576542854.7687640190124511718750 HTTP/1.1" 200 164 "http://amazingsportwear.com/wp-cron.php?doing_wp_cron=1576542854.7687640190124511718750" "WordPress/5.2.5; https://amazingsportwear.com" "-"
192.115.100.180 - - [17/Dec/2019:01:34:11 +0100] "GET /wp-admin/theme-editor.php HTTP/1.1" 302 399 "http://site.ru" "Mozilla/5.0 (Windows; U; Windows NT 5.1; en-US) AppleWebKit/533.4 (KHTML, like Gecko) Chrome/5.0.375.99 Safari/533.4" "-"
192.115.100.180 - - [17/Dec/2019:01:34:16 +0100] "GET /wp-admin/theme-editor.php HTTP/1.1" 302 3697 "http://site.ru" "Mozilla/5.0 (Windows; U; Windows NT 5.1; en-US) AppleWebKit/533.4 (KHTML, like Gecko) Chrome/5.0.375.99 Safari/533.4" "-"
192.115.100.180 - - [17/Dec/2019:01:34:17 +0100] "GET /wp-login.php?redirect_to=https%3A%2F%2Famazingsportwear.com%2Fwp-admin%2Ftheme-editor.php&reauth=1 HTTP/1.1" 200 6712 "http://site.ru" "Mozilla/5.0 (Windows; U; Windows NT 5.1; en-US) AppleWebKit/533.4 (KHTML, like Gecko) Chrome/5.0.375.99 Safari/533.4" "-"
217.76.130.90 - - [17/Dec/2019:01:36:22 +0100] "POST /wp-cron.php?doing_wp_cron=1576542982.2475960254669189453125 HTTP/1.1" 200 3389 "https://amazingsportwear.com/wp-cron.php?doing_wp_cron=1576542982.2475960254669189453125" "WordPress/5.2.5; https://amazingsportwear.com" "-"
157.55.39.124 - - [17/Dec/2019:01:36:21 +0100] "GET /nuestros-trabajos/ HTTP/1.1" 200 68899 "-" "Mozilla/5.0 (compatible; bingbot/2.0; +http://www.bing.com/bingbot.htm)" "-"
187.147.169.252 - - [17/Dec/2019:01:42:03 +0100] "GET /wp-content/uploads/2019/04/Gorra-sport-10.png HTTP/1.1" 200 60231 "https://www.google.com/" "Mozilla/5.0 (Macintosh; Intel Mac OS X 10_15) AppleWebKit/605.1.15 (KHTML, like Gecko) Version/13.0.2 Safari/605.1.15" "-"
217.76.130.90 - - [17/Dec/2019:01:59:30 +0100] "POST /wp-cron.php?doing_wp_cron=1576544370.5924420356750488281250 HTTP/1.1" 200 3389 "https://amazingsportwear.com/wp-cron.php?doing_wp_cron=1576544370.5924420356750488281250" "WordPress/5.2.5; https://amazingsportwear.com" "-"
157.55.39.124 - - [17/Dec/2019:01:59:28 +0100] "GET /producto/bidon-iskan/ HTTP/1.1" 200 99833 "-" "Mozilla/5.0 (compatible; bingbot/2.0; +http://www.bing.com/bingbot.htm)" "-"
186.154.39.232 - - [17/Dec/2019:02:02:17 +0100] "GET /wp-content/uploads/2019/04/Gorra-sport-10.png HTTP/1.1" 200 60426 "https://www.google.com/" "Mozilla/5.0 (Windows NT 10.0; Win64; x64) AppleWebKit/537.36 (KHTML, like Gecko) Chrome/78.0.3904.108 Safari/537.36" "-"
217.76.130.90 - - [17/Dec/2019:02:04:00 +0100] "POST /wp-cron.php?doing_wp_cron=1576544640.3814349174499511718750 HTTP/1.1" 200 3389 "https://amazingsportwear.com/wp-cron.php?doing_wp_cron=1576544640.3814349174499511718750" "WordPress/5.2.5; https://amazingsportwear.com" "-"
157.55.39.35 - - [17/Dec/2019:02:03:59 +0100] "GET /producto/zapatillero-pirlo/ HTTP/1.1" 200 95663 "-" "Mozilla/5.0 (compatible; bingbot/2.0; +http://www.bing.com/bingbot.htm)" "-"
217.76.130.90 - - [17/Dec/2019:02:09:22 +0100] "POST /wp-cron.php?doing_wp_cron=1576544962.4513230323791503906250 HTTP/1.1" 200 3389 "https://amazingsportwear.com/wp-cron.php?doing_wp_cron=1576544962.4513230323791503906250" "WordPress/5.2.5; https://amazingsportwear.com" "-"
207.46.13.196 - - [17/Dec/2019:02:09:21 +0100] "GET /producto/polo-tecnico-prater-hombre-pf-39088/ HTTP/1.1" 200 102321 "-" "Mozilla/5.0 (compatible; bingbot/2.0; +http://www.bing.com/bingbot.htm)" "-"
40.77.190.132 - - [17/Dec/2019:02:09:25 +0100] "GET /wp-content/plugins/woocommerce/assets/css/photoswipe/photoswipe.css?ver=3.6.4 HTTP/1.1" 200 7588 "https://amazingsportwear.com/producto/polo-tecnico-prater-hombre-pf-39088/" "Mozilla/5.0 (Windows NT 6.1; WOW64) AppleWebKit/534+ (KHTML, like Gecko) BingPreview/1.0b" "-"
40.77.190.132 - - [17/Dec/2019:02:09:25 +0100] "GET /wp-content/plugins/woocommerce/assets/css/blocks/style.css?ver=3.6.4 HTTP/1.1" 200 9813 "https://amazingsportwear.com/producto/polo-tecnico-prater-hombre-pf-39088/" "Mozilla/5.0 (Windows NT 6.1; WOW64) AppleWebKit/534+ (KHTML, like Gecko) BingPreview/1.0b" "-"
40.77.190.132 - - [17/Dec/2019:02:09:25 +0100] "GET /wp-includes/css/dist/block-library/style.min.css?ver=5.2.5 HTTP/1.1" 200 32776 "https://amazingsportwear.com/producto/polo-tecnico-prater-hombre-pf-39088/" "Mozilla/5.0 (Windows NT 6.1; WOW64) AppleWebKit/534+ (KHTML, like Gecko) BingPreview/1.0b" "-"
40.77.190.132 - - [17/Dec/2019:02:09:25 +0100] "GET /wp-content/themes/shopper/assets/sass/woocommerce/woocommerce.css?ver=5.2.5 HTTP/1.1" 200 86650 "https://amazingsportwear.com/producto/polo-tecnico-prater-hombre-pf-39088/" "Mozilla/5.0 (Windows NT 6.1; WOW64) AppleWebKit/534+ (KHTML, like Gecko) BingPreview/1.0b" "-"
40.77.190.132 - - [17/Dec/2019:02:09:25 +0100] "GET /wp-includes/js/jquery/jquery.js?ver=1.12.4-wp HTTP/1.1" 200 97306 "https://amazingsportwear.com/producto/polo-tecnico-prater-hombre-pf-39088/" "Mozilla/5.0 (Windows NT 6.1; WOW64) AppleWebKit/534+ (KHTML, like Gecko) BingPreview/1.0b" "-"
40.77.190.132 - - [17/Dec/2019:02:09:26 +0100] "GET /wp-includes/js/jquery/jquery-migrate.min.js?ver=1.4.1 HTTP/1.1" 200 10343 "https://amazingsportwear.com/producto/polo-tecnico-prater-hombre-pf-39088/" "Mozilla/5.0 (Windows NT 6.1; WOW64) AppleWebKit/534+ (KHTML, like Gecko) BingPreview/1.0b" "-"
40.77.190.132 - - [17/Dec/2019:02:09:26 +0100] "GET /wp-content/plugins/cookie-law-info/public/js/cookie-law-info-public.js?ver=1.7.6 HTTP/1.1" 200 17020 "https://amazingsportwear.com/producto/polo-tecnico-prater-hombre-pf-39088/" "Mozilla/5.0 (Windows NT 6.1; WOW64) AppleWebKit/534+ (KHTML, like Gecko) BingPreview/1.0b" "-"
40.77.190.132 - - [17/Dec/2019:02:09:27 +0100] "GET /wp-content/plugins/wpfront-notification-bar/js/wpfront-notification-bar.js?ver=1.7.1 HTTP/1.1" 200 5606 "https://amazingsportwear.com/producto/polo-tecnico-prater-hombre-pf-39088/" "Mozilla/5.0 (Windows NT 6.1; WOW64) AppleWebKit/534+ (KHTML, like Gecko) BingPreview/1.0b" "-"
40.77.190.132 - - [17/Dec/2019:02:09:27 +0100] "GET /wp-includes/js/jquery/jquery.js HTTP/1.1" 200 97306 "https://amazingsportwear.com/producto/polo-tecnico-prater-hombre-pf-39088/" "Mozilla/5.0 (Windows NT 6.1; WOW64) AppleWebKit/534+ (KHTML, like Gecko) BingPreview/1.0b" "-"
40.77.190.132 - - [17/Dec/2019:02:09:27 +0100] "GET /wp-content/themes/shopper/assets/fonts/fontawesome-webfont.ttf?v=4.7.0 HTTP/1.1" 200 166122 "https://amazingsportwear.com/producto/polo-tecnico-prater-hombre-pf-39088/" "Mozilla/5.0 (Windows NT 6.1; WOW64) AppleWebKit/534+ (KHTML, like Gecko) BingPreview/1.0b" "-"
40.77.190.132 - - [17/Dec/2019:02:09:28 +0100] "GET /wp-content/themes/shopper/assets/js/crm.js?ver=1561548510 HTTP/1.1" 200 818 "https://amazingsportwear.com/producto/polo-tecnico-prater-hombre-pf-39088/" "Mozilla/5.0 (Windows NT 6.1; WOW64) AppleWebKit/534+ (KHTML, like Gecko) BingPreview/1.0b" "-"
40.77.190.132 - - [17/Dec/2019:02:09:28 +0100] "GET /wp-content/plugins/product-enquiry-for-woocommerce/css/wdm-jquery-ui.css?ver=5.2.5 HTTP/1.1" 200 26945 "https://amazingsportwear.com/producto/polo-tecnico-prater-hombre-pf-39088/" "Mozilla/5.0 (Windows NT 6.1; WOW64) AppleWebKit/534+ (KHTML, like Gecko) BingPreview/1.0b" "-"
40.77.190.132 - - [17/Dec/2019:02:09:28 +0100] "GET /wp-content/plugins/woocommerce/assets/js/frontend/add-to-cart.min.js?ver=3.6.4 HTTP/1.1" 200 2927 "https://amazingsportwear.com/producto/polo-tecnico-prater-hombre-pf-39088/" "Mozilla/5.0 (Windows NT 6.1; WOW64) AppleWebKit/534+ (KHTML, like Gecko) BingPreview/1.0b" "-"
40.77.190.132 - - [17/Dec/2019:02:09:29 +0100] "GET /wp-content/plugins/woocommerce/assets/js/flexslider/jquery.flexslider.min.js?ver=2.7.2 HTTP/1.1" 200 23176 "https://amazingsportwear.com/producto/polo-tecnico-prater-hombre-pf-39088/" "Mozilla/5.0 (Windows NT 6.1; WOW64) AppleWebKit/534+ (KHTML, like Gecko) BingPreview/1.0b" "-"
40.77.190.132 - - [17/Dec/2019:02:09:29 +0100] "GET /wp-content/plugins/woocommerce/assets/js/photoswipe/photoswipe.min.js?ver=4.1.1 HTTP/1.1" 200 32220 "https://amazingsportwear.com/producto/polo-tecnico-prater-hombre-pf-39088/" "Mozilla/5.0 (Windows NT 6.1; WOW64) AppleWebKit/534+ (KHTML, like Gecko) BingPreview/1.0b" "-"
40.77.190.132 - - [17/Dec/2019:02:09:29 +0100] "GET /wp-content/plugins/woocommerce/assets/js/photoswipe/photoswipe-ui-default.min.js?ver=4.1.1 HTTP/1.1" 200 10164 "https://amazingsportwear.com/producto/polo-tecnico-prater-hombre-pf-39088/" "Mozilla/5.0 (Windows NT 6.1; WOW64) AppleWebKit/534+ (KHTML, like Gecko) BingPreview/1.0b" "-"
40.77.190.132 - - [17/Dec/2019:02:09:30 +0100] "GET /wp-content/plugins/woocommerce/assets/js/frontend/single-product.min.js?ver=3.6.4 HTTP/1.1" 200 6637 "https://amazingsportwear.com/producto/polo-tecnico-prater-hombre-pf-39088/" "Mozilla/5.0 (Windows NT 6.1; WOW64) AppleWebKit/534+ (KHTML, like Gecko) BingPreview/1.0b" "-"
40.77.190.132 - - [17/Dec/2019:02:09:30 +0100] "GET /wp-content/plugins/woocommerce/assets/js/js-cookie/js.cookie.min.js?ver=2.1.4 HTTP/1.1" 200 2131 "https://amazingsportwear.com/producto/polo-tecnico-prater-hombre-pf-39088/" "Mozilla/5.0 (Windows NT 6.1; WOW64) AppleWebKit/534+ (KHTML, like Gecko) BingPreview/1.0b" "-"
40.77.190.132 - - [17/Dec/2019:02:09:30 +0100] "GET /wp-content/plugins/woocommerce/assets/js/frontend/cart-fragments.min.js?ver=3.6.4 HTTP/1.1" 200 3225 "https://amazingsportwear.com/producto/polo-tecnico-prater-hombre-pf-39088/" "Mozilla/5.0 (Windows NT 6.1; WOW64) AppleWebKit/534+ (KHTML, like Gecko) BingPreview/1.0b" "-"
40.77.190.132 - - [17/Dec/2019:02:09:31 +0100] "GET /wp-content/themes/shopper/assets/js/skip-link-focus-fix.js?ver=1.3.8 HTTP/1.1" 200 967 "https://amazingsportwear.com/producto/polo-tecnico-prater-hombre-pf-39088/" "Mozilla/5.0 (Windows NT 6.1; WOW64) AppleWebKit/534+ (KHTML, like Gecko) BingPreview/1.0b" "-"
40.77.190.132 - - [17/Dec/2019:02:09:31 +0100] "GET /wp-content/themes/shopper/assets/js/shopper.min.js?ver=1.3.8 HTTP/1.1" 200 5938 "https://amazingsportwear.com/producto/polo-tecnico-prater-hombre-pf-39088/" "Mozilla/5.0 (Windows NT 6.1; WOW64) AppleWebKit/534+ (KHTML, like Gecko) BingPreview/1.0b" "-"
40.77.190.132 - - [17/Dec/2019:02:09:31 +0100] "GET /wp-includes/js/comment-reply.min.js?ver=5.2.5 HTTP/1.1" 200 2519 "https://amazingsportwear.com/producto/polo-tecnico-prater-hombre-pf-39088/" "Mozilla/5.0 (Windows NT 6.1; WOW64) AppleWebKit/534+ (KHTML, like Gecko) BingPreview/1.0b" "-"
40.77.190.132 - - [17/Dec/2019:02:09:31 +0100] "GET /wp-content/themes/shopper/assets/js/woocommerce/header-cart.min.js?ver=1.3.8 HTTP/1.1" 200 916 "https://amazingsportwear.com/producto/polo-tecnico-prater-hombre-pf-39088/" "Mozilla/5.0 (Windows NT 6.1; WOW64) AppleWebKit/534+ (KHTML, like Gecko) BingPreview/1.0b" "-"
40.77.190.132 - - [17/Dec/2019:02:09:32 +0100] "GET /wp-includes/js/wp-embed.min.js?ver=5.2.5 HTTP/1.1" 200 1688 "https://amazingsportwear.com/producto/polo-tecnico-prater-hombre-pf-39088/" "Mozilla/5.0 (Windows NT 6.1; WOW64) AppleWebKit/534+ (KHTML, like Gecko) BingPreview/1.0b" "-"
40.77.190.132 - - [17/Dec/2019:02:09:32 +0100] "GET /wp-includes/js/wp-util.min.js?ver=5.2.5 HTTP/1.1" 200 1331 "https://amazingsportwear.com/producto/polo-tecnico-prater-hombre-pf-39088/" "Mozilla/5.0 (Windows NT 6.1; WOW64) AppleWebKit/534+ (KHTML, like Gecko) BingPreview/1.0b" "-"
40.77.190.132 - - [17/Dec/2019:02:09:32 +0100] "GET /wp-content/plugins/woocommerce/assets/js/frontend/add-to-cart-variation.min.js?ver=3.6.4 HTTP/1.1" 200 13569 "https://amazingsportwear.com/producto/polo-tecnico-prater-hombre-pf-39088/" "Mozilla/5.0 (Windows NT 6.1; WOW64) AppleWebKit/534+ (KHTML, like Gecko) BingPreview/1.0b" "-"
40.77.190.132 - - [17/Dec/2019:02:09:33 +0100] "GET /wp-content/plugins/akismet/_inc/form.js?ver=4.1.2 HTTP/1.1" 200 984 "https://amazingsportwear.com/producto/polo-tecnico-prater-hombre-pf-39088/" "Mozilla/5.0 (Windows NT 6.1; WOW64) AppleWebKit/534+ (KHTML, like Gecko) BingPreview/1.0b" "-"
40.77.190.132 - - [17/Dec/2019:02:09:33 +0100] "GET /wp-includes/js/jquery/ui/core.min.js?ver=1.11.4 HTTP/1.1" 200 4285 "https://amazingsportwear.com/producto/polo-tecnico-prater-hombre-pf-39088/" "Mozilla/5.0 (Windows NT 6.1; WOW64) AppleWebKit/534+ (KHTML, like Gecko) BingPreview/1.0b" "-"
40.77.190.132 - - [17/Dec/2019:02:09:33 +0100] "GET /wp-includes/js/jquery/ui/mouse.min.js?ver=1.11.4 HTTP/1.1" 200 3433 "https://amazingsportwear.com/producto/polo-tecnico-prater-hombre-pf-39088/" "Mozilla/5.0 (Windows NT 6.1; WOW64) AppleWebKit/534+ (KHTML, like Gecko) BingPreview/1.0b" "-"
40.77.190.132 - - [17/Dec/2019:02:09:34 +0100] "GET /wp-includes/js/jquery/ui/resizable.min.js?ver=1.11.4 HTTP/1.1" 200 18742 "https://amazingsportwear.com/producto/polo-tecnico-prater-hombre-pf-39088/" "Mozilla/5.0 (Windows NT 6.1; WOW64) AppleWebKit/534+ (KHTML, like Gecko) BingPreview/1.0b" "-"
40.77.190.132 - - [17/Dec/2019:02:09:34 +0100] "GET /wp-includes/js/jquery/ui/button.min.js?ver=1.11.4 HTTP/1.1" 200 7522 "https://amazingsportwear.com/producto/polo-tecnico-prater-hombre-pf-39088/" "Mozilla/5.0 (Windows NT 6.1; WOW64) AppleWebKit/534+ (KHTML, like Gecko) BingPreview/1.0b" "-"
40.77.190.132 - - [17/Dec/2019:02:09:34 +0100] "GET /wp-includes/js/jquery/ui/dialog.min.js?ver=1.11.4 HTTP/1.1" 200 12426 "https://amazingsportwear.com/producto/polo-tecnico-prater-hombre-pf-39088/" "Mozilla/5.0 (Windows NT 6.1; WOW64) AppleWebKit/534+ (KHTML, like Gecko) BingPreview/1.0b" "-"
157.55.39.35 - - [17/Dec/2019:02:09:34 +0100] "GET /robots.txt HTTP/1.1" 200 432 "-" "msnbot/2.0b (+http://search.msn.com/msnbot.htm)" "-"
40.77.190.132 - - [17/Dec/2019:02:09:35 +0100] "GET /wp-content/plugins/product-enquiry-for-woocommerce/js/wdm_jquery.validate.min.js?ver=5.2.5 HTTP/1.1" 200 21762 "https://amazingsportwear.com/producto/polo-tecnico-prater-hombre-pf-39088/" "Mozilla/5.0 (Windows NT 6.1; WOW64) AppleWebKit/534+ (KHTML, like Gecko) BingPreview/1.0b" "-"
40.77.190.132 - - [17/Dec/2019:02:09:35 +0100] "GET /wp-content/plugins/product-enquiry-for-woocommerce/js/contact.js?ver=5.2.5 HTTP/1.1" 200 4625 "https://amazingsportwear.com/producto/polo-tecnico-prater-hombre-pf-39088/" "Mozilla/5.0 (Windows NT 6.1; WOW64) AppleWebKit/534+ (KHTML, like Gecko) BingPreview/1.0b" "-"
207.46.13.23 - - [17/Dec/2019:02:09:49 +0100] "GET /wp-content/plugins/product-enquiry-for-woocommerce/js/wdm_jquery.validate.min.js?ver=5.2.5 HTTP/1.1" 200 25181 "-" "msnbot/2.0b (+http://search.msn.com/msnbot.htm)" "-"
207.46.13.23 - - [17/Dec/2019:02:09:49 +0100] "GET /wp-content/plugins/woocommerce/assets/js/flexslider/jquery.flexslider.min.js?ver=2.7.2 HTTP/1.1" 200 23232 "-" "msnbot/2.0b (+http://search.msn.com/msnbot.htm)" "-"
207.46.13.23 - - [17/Dec/2019:02:09:49 +0100] "GET /wp-content/plugins/woocommerce/assets/js/js-cookie/js.cookie.min.js?ver=2.1.4 HTTP/1.1" 200 2187 "-" "msnbot/2.0b (+http://search.msn.com/msnbot.htm)" "-"
207.46.13.23 - - [17/Dec/2019:02:09:49 +0100] "GET /wp-content/plugins/woocommerce/assets/js/photoswipe/photoswipe.min.js?ver=4.1.1 HTTP/1.1" 200 32276 "-" "msnbot/2.0b (+http://search.msn.com/msnbot.htm)" "-"
207.46.13.23 - - [17/Dec/2019:02:09:50 +0100] "GET /wp-content/plugins/wpfront-notification-bar/js/wpfront-notification-bar.js?ver=1.7.1 HTTP/1.1" 200 5662 "-" "msnbot/2.0b (+http://search.msn.com/msnbot.htm)" "-"
207.46.13.23 - - [17/Dec/2019:02:09:50 +0100] "GET /wp-includes/js/jquery/ui/core.min.js?ver=1.11.4 HTTP/1.1" 200 4341 "-" "msnbot/2.0b (+http://search.msn.com/msnbot.htm)" "-"
207.46.13.196 - - [17/Dec/2019:02:09:54 +0100] "GET /wp-content/plugins/woocommerce/assets/js/frontend/single-product.min.js?ver=3.6.4 HTTP/1.1" 200 10056 "-" "msnbot/2.0b (+http://search.msn.com/msnbot.htm)" "-"
207.46.13.196 - - [17/Dec/2019:02:09:54 +0100] "GET /wp-includes/js/jquery/ui/dialog.min.js?ver=1.11.4 HTTP/1.1" 200 12482 "-" "msnbot/2.0b (+http://search.msn.com/msnbot.htm)" "-"
207.46.13.196 - - [17/Dec/2019:02:09:54 +0100] "GET /wp-includes/js/jquery/ui/resizable.min.js?ver=1.11.4 HTTP/1.1" 200 18798 "-" "msnbot/2.0b (+http://search.msn.com/msnbot.htm)" "-"
157.55.39.124 - - [17/Dec/2019:02:10:11 +0100] "GET /wp-content/plugins/product-enquiry-for-woocommerce/js/contact.js?ver=5.2.5 HTTP/1.1" 200 8044 "-" "msnbot/2.0b (+http://search.msn.com/msnbot.htm)" "-"
157.55.39.124 - - [17/Dec/2019:02:10:11 +0100] "GET /wp-content/themes/shopper/assets/js/crm.js?ver=1561548510 HTTP/1.1" 200 874 "-" "msnbot/2.0b (+http://search.msn.com/msnbot.htm)" "-"
157.55.39.124 - - [17/Dec/2019:02:10:11 +0100] "GET /wp-content/themes/shopper/assets/js/woocommerce/header-cart.min.js?ver=1.3.8 HTTP/1.1" 200 972 "-" "msnbot/2.0b (+http://search.msn.com/msnbot.htm)" "-"
157.55.39.124 - - [17/Dec/2019:02:10:11 +0100] "GET /wp-includes/js/comment-reply.min.js?ver=5.2.5 HTTP/1.1" 200 2575 "-" "msnbot/2.0b (+http://search.msn.com/msnbot.htm)" "-"
157.55.39.124 - - [17/Dec/2019:02:10:11 +0100] "GET /wp-includes/js/jquery/jquery-migrate.min.js?ver=1.4.1 HTTP/1.1" 200 10399 "-" "msnbot/2.0b (+http://search.msn.com/msnbot.htm)" "-"
157.55.39.124 - - [17/Dec/2019:02:10:11 +0100] "GET /wp-includes/js/jquery/jquery.js HTTP/1.1" 200 97362 "-" "msnbot/2.0b (+http://search.msn.com/msnbot.htm)" "-"
157.55.39.124 - - [17/Dec/2019:02:10:12 +0100] "GET /wp-includes/js/jquery/jquery.js?ver=1.12.4-wp HTTP/1.1" 200 97362 "-" "msnbot/2.0b (+http://search.msn.com/msnbot.htm)" "-"
157.55.39.124 - - [17/Dec/2019:02:10:12 +0100] "GET /wp-includes/js/jquery/ui/mouse.min.js?ver=1.11.4 HTTP/1.1" 200 3489 "-" "msnbot/2.0b (+http://search.msn.com/msnbot.htm)" "-"
157.55.39.124 - - [17/Dec/2019:02:10:12 +0100] "GET /wp-includes/js/wp-embed.min.js?ver=5.2.5 HTTP/1.1" 200 1744 "-" "msnbot/2.0b (+http://search.msn.com/msnbot.htm)" "-"
157.55.39.35 - - [17/Dec/2019:02:10:19 +0100] "GET /wp-content/uploads/2019/04/Mochila-keisy-1.png HTTP/1.1" 200 85160 "-" "Mozilla/5.0 (compatible; bingbot/2.0; +http://www.bing.com/bingbot.htm)" "-"
157.55.39.35 - - [17/Dec/2019:02:10:20 +0100] "GET /wp-content/plugins/akismet/_inc/form.js?ver=4.1.2 HTTP/1.1" 200 1040 "-" "msnbot/2.0b (+http://search.msn.com/msnbot.htm)" "-"
157.55.39.35 - - [17/Dec/2019:02:10:20 +0100] "GET /wp-content/plugins/cookie-law-info/public/js/cookie-law-info-public.js?ver=1.7.6 HTTP/1.1" 200 17076 "-" "msnbot/2.0b (+http://search.msn.com/msnbot.htm)" "-"
157.55.39.35 - - [17/Dec/2019:02:10:20 +0100] "GET /wp-content/plugins/woocommerce/assets/js/frontend/add-to-cart-variation.min.js?ver=3.6.4 HTTP/1.1" 200 13625 "-" "msnbot/2.0b (+http://search.msn.com/msnbot.htm)" "-"
157.55.39.35 - - [17/Dec/2019:02:10:20 +0100] "GET /wp-content/plugins/woocommerce/assets/js/frontend/add-to-cart.min.js?ver=3.6.4 HTTP/1.1" 200 2983 "-" "msnbot/2.0b (+http://search.msn.com/msnbot.htm)" "-"
157.55.39.35 - - [17/Dec/2019:02:10:21 +0100] "GET /wp-content/plugins/woocommerce/assets/js/frontend/cart-fragments.min.js?ver=3.6.4 HTTP/1.1" 200 3281 "-" "msnbot/2.0b (+http://search.msn.com/msnbot.htm)" "-"
157.55.39.35 - - [17/Dec/2019:02:10:21 +0100] "GET /wp-content/plugins/woocommerce/assets/js/photoswipe/photoswipe-ui-default.min.js?ver=4.1.1 HTTP/1.1" 200 10220 "-" "msnbot/2.0b (+http://search.msn.com/msnbot.htm)" "-"
157.55.39.35 - - [17/Dec/2019:02:10:21 +0100] "GET /wp-content/themes/shopper/assets/js/shopper.min.js?ver=1.3.8 HTTP/1.1" 200 5994 "-" "msnbot/2.0b (+http://search.msn.com/msnbot.htm)" "-"
157.55.39.35 - - [17/Dec/2019:02:10:21 +0100] "GET /wp-content/themes/shopper/assets/js/skip-link-focus-fix.js?ver=1.3.8 HTTP/1.1" 200 1023 "-" "msnbot/2.0b (+http://search.msn.com/msnbot.htm)" "-"
157.55.39.35 - - [17/Dec/2019:02:10:21 +0100] "GET /wp-includes/js/jquery/ui/button.min.js?ver=1.11.4 HTTP/1.1" 200 7578 "-" "msnbot/2.0b (+http://search.msn.com/msnbot.htm)" "-"
157.55.39.35 - - [17/Dec/2019:02:10:29 +0100] "GET /wp-includes/js/wp-util.min.js?ver=5.2.5 HTTP/1.1" 200 4750 "-" "msnbot/2.0b (+http://search.msn.com/msnbot.htm)" "-"
207.46.13.23 - - [17/Dec/2019:02:10:34 +0100] "GET /wp-content/uploads/2017/02/braga-cuello-futbol.jpg HTTP/1.1" 200 123298 "-" "Mozilla/5.0 (compatible; bingbot/2.0; +http://www.bing.com/bingbot.htm)" "-"
181.118.66.87 - - [17/Dec/2019:02:16:36 +0100] "GET /wp-content/uploads/2019/04/Gorra-sport-10.png HTTP/1.1" 200 60426 "https://www.google.com/" "Mozilla/5.0 (Windows NT 10.0; Win64; x64) AppleWebKit/537.36 (KHTML, like Gecko) Chrome/78.0.3904.108 Safari/537.36" "-"
217.76.130.90 - - [17/Dec/2019:02:21:57 +0100] "POST /wp-cron.php?doing_wp_cron=1576545717.8281219005584716796875 HTTP/1.1" 200 164 "http://amazingsportwear.com/wp-cron.php?doing_wp_cron=1576545717.8281219005584716796875" "WordPress/5.2.5; https://amazingsportwear.com" "-"
106.120.173.81 - - [17/Dec/2019:02:21:56 +0100] "GET /robots.txt HTTP/1.1" 200 394 "-" "Sogou web spider/4.0(+http://www.sogou.com/docs/help/webmasters.htm#07)" "-"
106.120.173.81 - - [17/Dec/2019:02:21:55 +0100] "GET / HTTP/1.1" 301 298 "-" "Sogou web spider/4.0(+http://www.sogou.com/docs/help/webmasters.htm#07)" "-"
106.120.173.81 - - [17/Dec/2019:02:22:02 +0100] "GET / HTTP/1.1" 200 125698 "-" "Sogou web spider/4.0(+http://www.sogou.com/docs/help/webmasters.htm#07)" "wpfront-notification-bar-landingpage=1;"
181.170.245.202 - - [17/Dec/2019:02:27:30 +0100] "GET /wp-content/uploads/2019/04/gorra-bayon-6.png HTTP/1.1" 200 91841 "https://www.google.com/" "Mozilla/5.0 (Windows NT 10.0; Win64; x64) AppleWebKit/537.36 (KHTML, like Gecko) Chrome/79.0.3945.79 Safari/537.36" "-"
190.19.168.96 - - [17/Dec/2019:02:30:19 +0100] "GET /wp-content/uploads/2019/04/Gorra-sport-7.png HTTP/1.1" 200 99912 "https://www.google.com/" "Mozilla/5.0 (Windows NT 10.0; Win64; x64) AppleWebKit/537.36 (KHTML, like Gecko) Chrome/79.0.3945.79 Safari/537.36" "-"
190.19.168.96 - - [17/Dec/2019:02:30:24 +0100] "GET /wp-content/uploads/2019/04/gorra-dowan-4.png HTTP/1.1" 200 73558 "https://www.google.com/" "Mozilla/5.0 (Windows NT 10.0; Win64; x64) AppleWebKit/537.36 (KHTML, like Gecko) Chrome/79.0.3945.79 Safari/537.36" "-"
217.76.130.90 - - [17/Dec/2019:02:32:32 +0100] "POST /wp-cron.php?doing_wp_cron=1576546352.5467450618743896484375 HTTP/1.1" 200 3389 "https://amazingsportwear.com/wp-cron.php?doing_wp_cron=1576546352.5467450618743896484375" "WordPress/5.2.5; https://amazingsportwear.com" "-"
66.249.69.212 - - [17/Dec/2019:02:32:31 +0100] "GET /producto/gorra-sport/ HTTP/1.1" 200 102538 "-" "Mozilla/5.0 (compatible; Googlebot/2.1; +http://www.google.com/bot.html)" "-"
66.249.69.208 - - [17/Dec/2019:02:32:38 +0100] "POST /?wc-ajax=get_refreshed_fragments HTTP/1.1" 200 4760 "https://amazingsportwear.com/producto/gorra-sport/" "Mozilla/5.0 AppleWebKit/537.36 (KHTML, like Gecko; compatible; Googlebot/2.1; +http://www.google.com/bot.html) Safari/537.36" "_ga=GA1.2.931330593.1576540800; _gid=GA1.2.2074753562.1576540800; _gat_gtag_UA_91619287_1=1"
37.115.186.139 - - [17/Dec/2019:02:36:21 +0100] "GET /producto/camiseta-tecnica-manga-larga-sa-0415/ HTTP/1.1" 200 103901 "https://cheatengine6-2.ru/" "Mozilla/4.0 (compatible; MSIE 6.0; Update a; AOL 6.0; Windows 98)" "-"
37.115.186.139 - - [17/Dec/2019:02:36:22 +0100] "GET /producto/camiseta-tecnica-manga-larga-sa-0415/ HTTP/1.1" 200 103950 "https://cheatengine6-2.ru/" "Mozilla/4.0 (compatible; MSIE 6.0; Update a; AOL 6.0; Windows 98)" "-"
37.115.186.139 - - [17/Dec/2019:02:36:24 +0100] "GET /producto/camiseta-tecnica-manga-larga-sa-0415/ HTTP/1.1" 200 104027 "https://cheatengine6-2.ru/" "Mozilla/4.0 (compatible; MSIE 6.0; Update a; AOL 6.0; Windows 98)" "-"
190.217.113.58 - - [17/Dec/2019:02:51:21 +0100] "GET /wp-content/uploads/2017/04/chaleco-sublimado-pecho-300x300.png HTTP/1.1" 200 86515 "https://www.google.com/" "Mozilla/5.0 (Windows NT 10.0; Win64; x64) AppleWebKit/537.36 (KHTML, like Gecko) Chrome/79.0.3945.79 Safari/537.36" "-"
207.46.13.23 - - [17/Dec/2019:03:29:53 +0100] "GET /wp-content/uploads/2017/03/aq-crono-colores-1.jpg HTTP/1.1" 200 15309 "-" "Mozilla/5.0 (compatible; bingbot/2.0; +http://www.bing.com/bingbot.htm)" "-"
191.189.26.200 - - [17/Dec/2019:03:32:04 +0100] "GET /wp-content/uploads/2019/04/mochila-decath-3.png HTTP/1.1" 200 79673 "https://www.google.com/" "Mozilla/5.0 (Linux; Android 7.0; Moto C Plus Build/NRD90M.06.046; wv) AppleWebKit/537.36 (KHTML, like Gecko) Version/4.0 Chrome/75.0.3770.101 Mobile Safari/537.36 GSA/10.16.6.21.arm" "-"
190.100.76.153 - - [17/Dec/2019:03:42:40 +0100] "GET /wp-content/uploads/2019/04/Gorra-sport-6.png HTTP/1.1" 200 44623 "https://www.google.com/" "Mozilla/5.0 (Windows NT 10.0; Win64; x64) AppleWebKit/537.36 (KHTML, like Gecko) Chrome/79.0.3945.79 Safari/537.36" "-"
123.126.113.102 - - [17/Dec/2019:03:48:08 +0100] "GET /wp-includes/css/dist/block-library/style.min.css?ver=5.2.5 HTTP/1.1" 200 32990 "-" "Mozilla/4.0 (compatible; MSIE 7.0; Windows NT 6.0; Trident/4.0)" "-"
207.46.13.196 - - [17/Dec/2019:04:05:12 +0100] "GET /wp-content/uploads/2019/04/Bidon-boxter-1.png HTTP/1.1" 200 61155 "-" "Mozilla/5.0 (compatible; bingbot/2.0; +http://www.bing.com/bingbot.htm)" "-"
217.76.130.90 - - [17/Dec/2019:04:09:33 +0100] "POST /wp-cron.php?doing_wp_cron=1576552173.1753098964691162109375 HTTP/1.1" 200 3389 "https://amazingsportwear.com/wp-cron.php?doing_wp_cron=1576552173.1753098964691162109375" "WordPress/5.2.5; https://amazingsportwear.com" "-"
66.249.69.212 - - [17/Dec/2019:04:09:28 +0100] "GET /producto/leggins-malla-larga-leire/ HTTP/1.1" 200 102822 "-" "Mozilla/5.0 (Linux; Android 6.0.1; Nexus 5X Build/MMB29P) AppleWebKit/537.36 (KHTML, like Gecko) Chrome/41.0.2272.96 Mobile Safari/537.36 (compatible; Googlebot/2.1; +http://www.google.com/bot.html)" "-"
207.46.13.23 - - [17/Dec/2019:04:09:56 +0100] "GET /wp-content/uploads/2017/03/aq-cosmic-colores-1.jpg HTTP/1.1" 200 17428 "-" "Mozilla/5.0 (compatible; bingbot/2.0; +http://www.bing.com/bingbot.htm)" "-"
66.249.69.210 - - [17/Dec/2019:04:11:38 +0100] "GET /wp-content/uploads/2019/07/carpa-criba-300x300.jpg HTTP/1.1" 304 3566 "-" "Googlebot-Image/1.0" "-"
157.55.39.35 - - [17/Dec/2019:04:13:13 +0100] "GET /wp-content/uploads/2019/04/VANDIX-NARANJA.png HTTP/1.1" 200 139945 "-" "Mozilla/5.0 (compatible; bingbot/2.0; +http://www.bing.com/bingbot.htm)" "-"
217.76.130.90 - - [17/Dec/2019:04:14:51 +0100] "POST /wp-cron.php?doing_wp_cron=1576552491.1252028942108154296875 HTTP/1.1" 200 3389 "https://amazingsportwear.com/wp-cron.php?doing_wp_cron=1576552491.1252028942108154296875" "WordPress/5.2.5; https://amazingsportwear.com" "-"
157.55.39.124 - - [17/Dec/2019:04:14:48 +0100] "GET /quienes-somos/ HTTP/1.1" 200 60084 "-" "Mozilla/5.0 (compatible; bingbot/2.0; +http://www.bing.com/bingbot.htm)" "-"
207.46.13.23 - - [17/Dec/2019:04:14:53 +0100] "GET /tienda/291-mallas-deportivas-icaria.html HTTP/1.1" 404 72320 "-" "Mozilla/5.0 (compatible; bingbot/2.0; +http://www.bing.com/bingbot.htm)" "-"
217.76.130.90 - - [17/Dec/2019:04:17:50 +0100] "POST /wp-cron.php?doing_wp_cron=1576552670.8543219566345214843750 HTTP/1.1" 200 3389 "https://amazingsportwear.com/wp-cron.php?doing_wp_cron=1576552670.8543219566345214843750" "WordPress/5.2.5; https://amazingsportwear.com" "-"
157.55.39.35 - - [17/Dec/2019:04:17:47 +0100] "GET /producto/camiseta-tecnica-power-aq-power/ HTTP/1.1" 200 103385 "-" "Mozilla/5.0 (compatible; bingbot/2.0; +http://www.bing.com/bingbot.htm)" "-"
157.55.39.35 - - [17/Dec/2019:04:21:12 +0100] "GET /wp-content/uploads/2017/03/aq-crono-naranja.jpg HTTP/1.1" 200 58931 "-" "Mozilla/5.0 (compatible; bingbot/2.0; +http://www.bing.com/bingbot.htm)" "-"
157.55.39.35 - - [17/Dec/2019:04:21:13 +0100] "GET /wp-content/uploads/2019/04/Bidon-boxter-3.png HTTP/1.1" 200 25749 "-" "Mozilla/5.0 (compatible; bingbot/2.0; +http://www.bing.com/bingbot.htm)" "-"
181.130.228.54 - - [17/Dec/2019:04:22:53 +0100] "GET /wp-content/uploads/2019/04/SA-1087-5.png HTTP/1.1" 200 80844 "https://www.google.com.co/" "Mozilla/5.0 (iPhone; CPU iPhone OS 13_2_2 like Mac OS X) AppleWebKit/605.1.15 (KHTML, like Gecko) Version/13.0.3 Mobile/15E148 Safari/604.1" "-"
217.76.130.90 - - [17/Dec/2019:04:22:58 +0100] "POST /wp-cron.php?doing_wp_cron=1576552978.8019089698791503906250 HTTP/1.1" 200 3389 "https://amazingsportwear.com/wp-cron.php?doing_wp_cron=1576552978.8019089698791503906250" "WordPress/5.2.5; https://amazingsportwear.com" "-"
157.55.39.35 - - [17/Dec/2019:04:22:56 +0100] "GET /categoria-producto/nueve/ HTTP/1.1" 200 57630 "-" "Mozilla/5.0 (compatible; bingbot/2.0; +http://www.bing.com/bingbot.htm)" "-"
181.130.228.54 - - [17/Dec/2019:04:23:12 +0100] "GET /wp-content/uploads/2019/04/SA-1087-5.png HTTP/1.1" 200 77814 "-" "Mozilla/5.0 (iPhone; CPU iPhone OS 13_2_2 like Mac OS X) AppleWebKit/605.1.15 (KHTML, like Gecko) Version/13.0.3 Mobile/15E148 Safari/604.1" "-"
181.130.228.54 - - [17/Dec/2019:04:23:14 +0100] "GET /favicon.ico HTTP/1.1" 200 3427 "https://amazingsportwear.com/wp-content/uploads/2019/04/SA-1087-5.png" "Mozilla/5.0 (iPhone; CPU iPhone OS 13_2_2 like Mac OS X) AppleWebKit/605.1.15 (KHTML, like Gecko) Version/13.0.3 Mobile/15E148 Safari/604.1" "-"
217.76.130.90 - - [17/Dec/2019:04:27:40 +0100] "POST /wp-cron.php?doing_wp_cron=1576553260.7548890113830566406250 HTTP/1.1" 200 3389 "https://amazingsportwear.com/wp-cron.php?doing_wp_cron=1576553260.7548890113830566406250" "WordPress/5.2.5; https://amazingsportwear.com" "-"
157.55.39.124 - - [17/Dec/2019:04:27:39 +0100] "GET /producto/bidon-halmik/ HTTP/1.1" 200 95702 "-" "Mozilla/5.0 (compatible; bingbot/2.0; +http://www.bing.com/bingbot.htm)" "-"
217.76.130.90 - - [17/Dec/2019:04:30:30 +0100] "POST /wp-cron.php?doing_wp_cron=1576553430.3658831119537353515625 HTTP/1.1" 200 3389 "https://amazingsportwear.com/wp-cron.php?doing_wp_cron=1576553430.3658831119537353515625" "WordPress/5.2.5; https://amazingsportwear.com" "-"
207.46.13.196 - - [17/Dec/2019:04:30:29 +0100] "GET /producto/mochila-jeremy/ HTTP/1.1" 200 95805 "-" "Mozilla/5.0 (compatible; bingbot/2.0; +http://www.bing.com/bingbot.htm)" "-"
207.46.13.196 - - [17/Dec/2019:04:30:34 +0100] "GET /wp-content/uploads/2019/04/Mochila-keisy-3.png HTTP/1.1" 200 94374 "-" "Mozilla/5.0 (compatible; bingbot/2.0; +http://www.bing.com/bingbot.htm)" "-"
207.46.13.196 - - [17/Dec/2019:04:30:36 +0100] "GET /wp-content/uploads/2019/04/mochila-jeremy-1-300x300.png HTTP/1.1" 200 47688 "-" "Mozilla/5.0 (compatible; bingbot/2.0; +http://www.bing.com/bingbot.htm)" "-"
217.76.130.90 - - [17/Dec/2019:04:37:58 +0100] "POST /wp-cron.php?doing_wp_cron=1576553878.4640309810638427734375 HTTP/1.1" 200 3389 "https://amazingsportwear.com/wp-cron.php?doing_wp_cron=1576553878.4640309810638427734375" "WordPress/5.2.5; https://amazingsportwear.com" "-"
217.76.130.90 - - [17/Dec/2019:04:37:58 +0100] "POST /wp-cron.php?doing_wp_cron=1576553878.4640340805053710937500 HTTP/1.1" 200 3389 "https://amazingsportwear.com/wp-cron.php?doing_wp_cron=1576553878.4640340805053710937500" "WordPress/5.2.5; https://amazingsportwear.com" "-"
173.252.83.16 - - [17/Dec/2019:04:37:57 +0100] "GET / HTTP/1.1" 200 125550 "-" "facebookexternalhit/1.1 (+http://www.facebook.com/externalhit_uatext.php)" "-"
173.252.83.16 - - [17/Dec/2019:04:37:57 +0100] "GET / HTTP/1.1" 200 125565 "-" "facebookexternalhit/1.1 (+http://www.facebook.com/externalhit_uatext.php)" "-"
217.76.130.90 - - [17/Dec/2019:05:07:31 +0100] "POST /wp-cron.php?doing_wp_cron=1576555651.6601579189300537109375 HTTP/1.1" 200 3389 "https://amazingsportwear.com/wp-cron.php?doing_wp_cron=1576555651.6601579189300537109375" "WordPress/5.2.5; https://amazingsportwear.com" "-"
157.55.39.124 - - [17/Dec/2019:05:07:26 +0100] "GET /quienes-somos/ HTTP/1.1" 200 60024 "-" "Mozilla/5.0 (compatible; bingbot/2.0; +http://www.bing.com/bingbot.htm)" "-"
217.76.130.90 - - [17/Dec/2019:05:09:20 +0100] "POST /wp-cron.php?doing_wp_cron=1576555760.1719779968261718750000 HTTP/1.1" 200 3389 "https://amazingsportwear.com/wp-cron.php?doing_wp_cron=1576555760.1719779968261718750000" "WordPress/5.2.5; https://amazingsportwear.com" "-"
119.187.230.18 - - [17/Dec/2019:05:09:19 +0100] "GET /123-large_default/pantalon-corto-futbol.jpg HTTP/1.1" 404 72093 "-" "Mozilla/5.0(Linux;U;Android 5.1.1;zh-CN;OPPO A33 Build/LMY47V) AppleWebKit/537.36(KHTML,like Gecko) Version/4.0 Chrome/40.0.2214.89 UCBrowser/11.7.0.953 Mobile Safari/537.36" "-"
125.87.100.67 - - [17/Dec/2019:05:09:30 +0100] "GET /wp-content/uploads/2019/04/gorra-dry-fit-3.png HTTP/1.1" 200 44475 "-" "Mozilla/5.0 (Linux; Android 7.0; FRD-AL00 Build/HUAWEIFRD-AL00; wv) AppleWebKit/537.36 (KHTML, like Gecko) Version/4.0 Chrome/53.0.2785.49 Mobile MQQBrowser/6.2 TBS/043602 Safari/537.36 MicroMessenger/6.5.16.1120 NetType/WIFI Language/zh_CN" "-"
1.188.68.73 - - [17/Dec/2019:05:09:37 +0100] "GET /categoria-producto/accesorios/page/6 HTTP/1.1" 301 3560 "-" "Mozilla/5.0(Linux;U;Android 5.1.1;zh-CN;OPPO A33 Build/LMY47V) AppleWebKit/537.36(KHTML,like Gecko) Version/4.0 Chrome/40.0.2214.89 UCBrowser/11.7.0.953 Mobile Safari/537.36" "-"
1.188.68.73 - - [17/Dec/2019:05:09:40 +0100] "GET /categoria-producto/accesorios/page/6/ HTTP/1.1" 200 77773 "-" "Mozilla/5.0(Linux;U;Android 5.1.1;zh-CN;OPPO A33 Build/LMY47V) AppleWebKit/537.36(KHTML,like Gecko) Version/4.0 Chrome/40.0.2214.89 UCBrowser/11.7.0.953 Mobile Safari/537.36" "wpfront-notification-bar-landingpage=1"
36.63.248.49 - - [17/Dec/2019:05:09:51 +0100] "GET /producto/camiseta-portero-futbol-manga-larga-2?add-to-cart=18683 HTTP/1.1" 301 4829 "-" "Mozilla/5.0(Linux;Android 5.1.1;OPPO A33 Build/LMY47V;wv) AppleWebKit/537.36(KHTML,link Gecko) Version/4.0 Chrome/43.0.2357.121 Mobile Safari/537.36 LieBaoFast/4.51.3" "-"
217.76.130.90 - - [17/Dec/2019:05:14:16 +0100] "POST /wp-cron.php?doing_wp_cron=1576556056.1311929225921630859375 HTTP/1.1" 200 3389 "https://amazingsportwear.com/wp-cron.php?doing_wp_cron=1576556056.1311929225921630859375" "WordPress/5.2.5; https://amazingsportwear.com" "-"
5.188.210.242 - - [17/Dec/2019:05:14:13 +0100] "GET /guia-de-tallas/ HTTP/1.0" 200 83694 "https://amazingsportwear.com/guia-de-tallas/" "Mozilla/5.0 (Windows NT 6.1) AppleWebKit/537.36 (KHTML, like Gecko) Chrome/68.0.3440.106 Safari/537.36" "-"
5.188.210.242 - - [17/Dec/2019:05:14:17 +0100] "POST /wp-comments-post.php HTTP/1.0" 404 4053 "https://amazingsportwear.com/guia-de-tallas/" "Mozilla/5.0 (Windows NT 6.1) AppleWebKit/537.36 (KHTML, like Gecko) Chrome/68.0.3440.106 Safari/537.36" "wpfront-notification-bar-landingpage=1"
5.188.210.242 - - [17/Dec/2019:05:14:22 +0100] "GET /guia-de-tallas/ HTTP/1.1" 200 84227 "-" "Mozilla/5.0 (Windows NT 6.1; Win64; x64; rv:62.0) Gecko/20100101 Firefox/62.0" "-"
217.76.130.90 - - [17/Dec/2019:05:19:53 +0100] "POST /wp-cron.php?doing_wp_cron=1576556393.3115630149841308593750 HTTP/1.1" 200 3389 "https://amazingsportwear.com/wp-cron.php?doing_wp_cron=1576556393.3115630149841308593750" "WordPress/5.2.5; https://amazingsportwear.com" "-"
207.46.13.196 - - [17/Dec/2019:05:19:51 +0100] "GET /tienda/ HTTP/1.1" 200 74978 "-" "Mozilla/5.0 (compatible; bingbot/2.0; +http://www.bing.com/bingbot.htm)" "-"
217.76.130.90 - - [17/Dec/2019:05:24:02 +0100] "POST /wp-cron.php?doing_wp_cron=1576556642.1646740436553955078125 HTTP/1.1" 200 3389 "https://amazingsportwear.com/wp-cron.php?doing_wp_cron=1576556642.1646740436553955078125" "WordPress/5.2.5; https://amazingsportwear.com" "-"
58.198.250.199 - - [17/Dec/2019:05:24:01 +0100] "GET /190-home_default/braga-cuello-asw-f07.jpg HTTP/1.1" 404 72129 "-" "Mozilla/5.0 (Linux; Android 7.0; FRD-AL00 Build/HUAWEIFRD-AL00; wv) AppleWebKit/537.36 (KHTML, like Gecko) Version/4.0 Chrome/53.0.2785.49 Mobile MQQBrowser/6.2 TBS/043602 Safari/537.36 MicroMessenger/6.5.16.1120 NetType/WIFI Language/zh_CN" "-"
221.223.16.148 - - [17/Dec/2019:05:24:04 +0100] "GET /producto/camiseta-tecnica-tirantes-nadia-sa-0351 HTTP/1.1" 301 3572 "-" "Mozilla/5.0 (Linux; Android 7.0; FRD-AL00 Build/HUAWEIFRD-AL00; wv) AppleWebKit/537.36 (KHTML, like Gecko) Version/4.0 Chrome/53.0.2785.49 Mobile MQQBrowser/6.2 TBS/043602 Safari/537.36 MicroMessenger/6.5.16.1120 NetType/WIFI Language/zh_CN" "-"
49.79.67.162 - - [17/Dec/2019:05:24:17 +0100] "GET /producto/camiseta-basket-sin-costadillos-3?add-to-cart=18683 HTTP/1.1" 301 4825 "-" "Mozilla/5.0(Linux;U;Android 5.1.1;zh-CN;OPPO A33 Build/LMY47V) AppleWebKit/537.36(KHTML,like Gecko) Version/4.0 Chrome/40.0.2214.89 UCBrowser/11.7.0.953 Mobile Safari/537.36" "-"
221.223.16.148 - - [17/Dec/2019:05:24:24 +0100] "GET /producto/camiseta-tecnica-tirantes-nadia-sa-0351/ HTTP/1.1" 200 104763 "-" "Mozilla/5.0 (Linux; Android 7.0; FRD-AL00 Build/HUAWEIFRD-AL00; wv) AppleWebKit/537.36 (KHTML, like Gecko) Version/4.0 Chrome/53.0.2785.49 Mobile MQQBrowser/6.2 TBS/043602 Safari/537.36 MicroMessenger/6.5.16.1120 NetType/WIFI Language/zh_CN" "wpfront-notification-bar-landingpage=1"
175.173.220.149 - - [17/Dec/2019:05:24:38 +0100] "GET /producto/culoute-corto-ciclismo-2 HTTP/1.1" 301 3557 "-" "Mozilla/5.0(Linux;Android 5.1.1;OPPO A33 Build/LMY47V;wv) AppleWebKit/537.36(KHTML,link Gecko) Version/4.0 Chrome/43.0.2357.121 Mobile Safari/537.36 LieBaoFast/4.51.3" "-"
175.173.220.149 - - [17/Dec/2019:05:24:48 +0100] "GET /producto/culoute-corto-ciclismo-2/ HTTP/1.1" 200 76684 "-" "Mozilla/5.0(Linux;Android 5.1.1;OPPO A33 Build/LMY47V;wv) AppleWebKit/537.36(KHTML,link Gecko) Version/4.0 Chrome/43.0.2357.121 Mobile Safari/537.36 LieBaoFast/4.51.3" "wpfront-notification-bar-landingpage=1"
220.179.210.162 - - [17/Dec/2019:05:24:01 +0100] "GET /wp-content/uploads/2017/03/aq-rever-blanco.jpg HTTP/1.1" 200 104367 "-" "Mozilla/5.0(Linux;U;Android 5.1.1;zh-CN;OPPO A33 Build/LMY47V) AppleWebKit/537.36(KHTML,like Gecko) Version/4.0 Chrome/40.0.2214.89 UCBrowser/11.7.0.953 Mobile Safari/537.36" "-"
114.103.15.43 - - [17/Dec/2019:05:25:00 +0100] "GET /producto/polo-tecnico-woman-aq-polo-woman HTTP/1.1" 301 3565 "-" "Mozilla/5.0(Linux;Android 5.1.1;OPPO A33 Build/LMY47V;wv) AppleWebKit/537.36(KHTML,link Gecko) Version/4.0 Chrome/42.0.2311.138 Mobile Safari/537.36 Mb2345Browser/9.0" "-"
217.76.130.90 - - [17/Dec/2019:05:32:49 +0100] "POST /wp-cron.php?doing_wp_cron=1576557168.8085289001464843750000 HTTP/1.1" 200 164 "http://amazingsportwear.com/wp-cron.php?doing_wp_cron=1576557168.8085289001464843750000" "WordPress/5.2.5; https://amazingsportwear.com" "-"
8.208.20.89 - - [17/Dec/2019:05:32:46 +0100] "GET / HTTP/1.1" 301 336 "-" "Mozilla/5.0 (Macintosh; Intel Mac OS X 10_10_1) AppleWebKit/537.36 (KHTML, like Gecko) Chrome/39.0.2171.95 Safari/537.36" "-"
8.208.20.89 - - [17/Dec/2019:05:32:54 +0100] "GET / HTTP/1.1" 200 125715 "-" "Mozilla/5.0 (Macintosh; Intel Mac OS X 10_10_1) AppleWebKit/537.36 (KHTML, like Gecko) Chrome/39.0.2171.95 Safari/537.36" "wpfront-notification-bar-landingpage=1"
207.46.13.196 - - [17/Dec/2019:05:33:04 +0100] "GET /wp-content/uploads/2019/04/Mochila-keisy-3.png HTTP/1.1" 200 94374 "-" "Mozilla/5.0 (compatible; bingbot/2.0; +http://www.bing.com/bingbot.htm)" "-"
8.208.20.89 - - [17/Dec/2019:05:33:06 +0100] "GET /vendor/phpunit/phpunit/src/Util/PHP/eval-stdin.php HTTP/1.1" 404 573 "-" "Mozilla/5.0 (Macintosh; Intel Mac OS X 10_10_1) AppleWebKit/537.36 (KHTML, like Gecko) Chrome/39.0.2171.95 Safari/537.36" "-"
8.208.20.89 - - [17/Dec/2019:05:33:13 +0100] "GET /vendor/phpunit/phpunit/Util/PHP/eval-stdin.php HTTP/1.1" 404 569 "-" "Mozilla/5.0 (Macintosh; Intel Mac OS X 10_10_1) AppleWebKit/537.36 (KHTML, like Gecko) Chrome/39.0.2171.95 Safari/537.36" "-"
190.202.213.52 - - [17/Dec/2019:05:33:14 +0100] "GET /wp-content/uploads/2019/04/Gorra-sport-10.png HTTP/1.1" 200 60426 "https://www.google.com/" "Mozilla/5.0 (Windows NT 10.0; Win64; x64) AppleWebKit/537.36 (KHTML, like Gecko) Chrome/79.0.3945.79 Safari/537.36" "-"
8.208.20.89 - - [17/Dec/2019:05:33:23 +0100] "GET /vendor/phpunit/src/Util/PHP/eval-stdin.php HTTP/1.1" 404 565 "-" "Mozilla/5.0 (Macintosh; Intel Mac OS X 10_10_1) AppleWebKit/537.36 (KHTML, like Gecko) Chrome/39.0.2171.95 Safari/537.36" "-"
8.208.20.89 - - [17/Dec/2019:05:33:30 +0100] "GET /vendor/phpunit/Util/PHP/eval-stdin.php HTTP/1.1" 404 561 "-" "Mozilla/5.0 (Macintosh; Intel Mac OS X 10_10_1) AppleWebKit/537.36 (KHTML, like Gecko) Chrome/39.0.2171.95 Safari/537.36" "-"
8.208.20.89 - - [17/Dec/2019:05:33:39 +0100] "GET /phpunit/phpunit/src/Util/PHP/eval-stdin.php HTTP/1.1" 404 566 "-" "Mozilla/5.0 (Macintosh; Intel Mac OS X 10_10_1) AppleWebKit/537.36 (KHTML, like Gecko) Chrome/39.0.2171.95 Safari/537.36" "-"
8.208.20.89 - - [17/Dec/2019:05:33:48 +0100] "GET /phpunit/phpunit/Util/PHP/eval-stdin.php HTTP/1.1" 404 562 "-" "Mozilla/5.0 (Macintosh; Intel Mac OS X 10_10_1) AppleWebKit/537.36 (KHTML, like Gecko) Chrome/39.0.2171.95 Safari/537.36" "-"
8.208.20.89 - - [17/Dec/2019:05:33:59 +0100] "GET /phpunit/src/Util/PHP/eval-stdin.php HTTP/1.1" 404 558 "-" "Mozilla/5.0 (Macintosh; Intel Mac OS X 10_10_1) AppleWebKit/537.36 (KHTML, like Gecko) Chrome/39.0.2171.95 Safari/537.36" "-"
8.208.20.89 - - [17/Dec/2019:05:34:06 +0100] "GET /phpunit/Util/PHP/eval-stdin.php HTTP/1.1" 404 554 "-" "Mozilla/5.0 (Macintosh; Intel Mac OS X 10_10_1) AppleWebKit/537.36 (KHTML, like Gecko) Chrome/39.0.2171.95 Safari/537.36" "-"
8.208.20.89 - - [17/Dec/2019:05:34:15 +0100] "GET /lib/phpunit/phpunit/src/Util/PHP/eval-stdin.php HTTP/1.1" 404 570 "-" "Mozilla/5.0 (Macintosh; Intel Mac OS X 10_10_1) AppleWebKit/537.36 (KHTML, like Gecko) Chrome/39.0.2171.95 Safari/537.36" "-"
8.208.20.89 - - [17/Dec/2019:05:34:23 +0100] "GET /lib/phpunit/phpunit/Util/PHP/eval-stdin.php HTTP/1.1" 404 566 "-" "Mozilla/5.0 (Macintosh; Intel Mac OS X 10_10_1) AppleWebKit/537.36 (KHTML, like Gecko) Chrome/39.0.2171.95 Safari/537.36" "-"
8.208.20.89 - - [17/Dec/2019:05:34:33 +0100] "GET /lib/phpunit/src/Util/PHP/eval-stdin.php HTTP/1.1" 404 562 "-" "Mozilla/5.0 (Macintosh; Intel Mac OS X 10_10_1) AppleWebKit/537.36 (KHTML, like Gecko) Chrome/39.0.2171.95 Safari/537.36" "-"
8.208.20.89 - - [17/Dec/2019:05:34:36 +0100] "GET /lib/phpunit/Util/PHP/eval-stdin.php HTTP/1.1" 404 558 "-" "Mozilla/5.0 (Macintosh; Intel Mac OS X 10_10_1) AppleWebKit/537.36 (KHTML, like Gecko) Chrome/39.0.2171.95 Safari/537.36" "-"
8.208.20.89 - - [17/Dec/2019:05:34:40 +0100] "GET /panel/vendor/phpunit/phpunit/src/Util/PHP/eval-stdin.php HTTP/1.1" 404 579 "-" "Mozilla/5.0 (Macintosh; Intel Mac OS X 10_10_1) AppleWebKit/537.36 (KHTML, like Gecko) Chrome/39.0.2171.95 Safari/537.36" "-"
8.208.20.89 - - [17/Dec/2019:05:34:55 +0100] "GET /test/vendor/phpunit/phpunit/src/Util/PHP/eval-stdin.php HTTP/1.1" 404 578 "-" "Mozilla/5.0 (Macintosh; Intel Mac OS X 10_10_1) AppleWebKit/537.36 (KHTML, like Gecko) Chrome/39.0.2171.95 Safari/537.36" "-"
8.208.20.89 - - [17/Dec/2019:05:35:04 +0100] "GET /api/vendor/phpunit/phpunit/src/Util/PHP/eval-stdin.php HTTP/1.1" 404 577 "-" "Mozilla/5.0 (Macintosh; Intel Mac OS X 10_10_1) AppleWebKit/537.36 (KHTML, like Gecko) Chrome/39.0.2171.95 Safari/537.36" "-"
8.208.20.89 - - [17/Dec/2019:05:35:14 +0100] "GET /old/vendor/phpunit/phpunit/src/Util/PHP/eval-stdin.php HTTP/1.1" 404 577 "-" "Mozilla/5.0 (Macintosh; Intel Mac OS X 10_10_1) AppleWebKit/537.36 (KHTML, like Gecko) Chrome/39.0.2171.95 Safari/537.36" "-"
