217.76.130.90 - - [30/Nov/2019:04:55:05 +0100] "POST /wp-cron.php?doing_wp_cron=1575086105.5369770526885986328125 HTTP/1.1" 200 164 "http://amazingsportwear.com/wp-cron.php?doing_wp_cron=1575086105.5369770526885986328125" "WordPress/5.2.4; https://amazingsportwear.com" "-"
45.66.35.35 - - [30/Nov/2019:04:54:59 +0100] "GET /wp-json/wp/v2/users/2 HTTP/1.1" 401 656 "-" "Mozilla/5.0 (Windows NT 10.0; Win64; x64; rv:68.0) Gecko/20100101 Firefox/68.0" "-"
45.66.35.35 - - [30/Nov/2019:04:55:06 +0100] "GET /wp-json/wp/v2/users/3 HTTP/1.1" 404 630 "-" "Mozilla/5.0 (Windows NT 10.0; Win64; x64; rv:68.0) Gecko/20100101 Firefox/68.0" "-"
45.66.35.35 - - [30/Nov/2019:04:55:08 +0100] "GET /wp-json/wp/v2/users/4 HTTP/1.1" 404 630 "-" "Mozilla/5.0 (Windows NT 10.0; Win64; x64; rv:68.0) Gecko/20100101 Firefox/68.0" "-"
45.66.35.35 - - [30/Nov/2019:04:55:10 +0100] "GET /wp-json/wp/v2/users/5 HTTP/1.1" 404 630 "-" "Mozilla/5.0 (Windows NT 10.0; Win64; x64; rv:68.0) Gecko/20100101 Firefox/68.0" "-"
45.66.35.35 - - [30/Nov/2019:04:55:11 +0100] "GET /wp-json/wp/v2/users/6 HTTP/1.1" 404 630 "-" "Mozilla/5.0 (Windows NT 10.0; Win64; x64; rv:68.0) Gecko/20100101 Firefox/68.0" "-"
45.66.35.35 - - [30/Nov/2019:04:55:13 +0100] "GET /wp-json/wp/v2/users/7 HTTP/1.1" 404 630 "-" "Mozilla/5.0 (Windows NT 10.0; Win64; x64; rv:68.0) Gecko/20100101 Firefox/68.0" "-"
45.66.35.35 - - [30/Nov/2019:04:55:15 +0100] "GET /wp-json/wp/v2/users/8 HTTP/1.1" 404 630 "-" "Mozilla/5.0 (Windows NT 10.0; Win64; x64; rv:68.0) Gecko/20100101 Firefox/68.0" "-"
45.66.35.35 - - [30/Nov/2019:04:55:16 +0100] "GET /wp-json/wp/v2/users/9 HTTP/1.1" 404 630 "-" "Mozilla/5.0 (Windows NT 10.0; Win64; x64; rv:68.0) Gecko/20100101 Firefox/68.0" "-"
45.66.35.35 - - [30/Nov/2019:04:55:17 +0100] "GET /wp-json/wp/v2/users/10 HTTP/1.1" 404 630 "-" "Mozilla/5.0 (Windows NT 10.0; Win64; x64; rv:68.0) Gecko/20100101 Firefox/68.0" "-"
132.157.66.207 - - [30/Nov/2019:04:58:20 +0100] "GET /wp-content/uploads/2019/04/Gorra-sport-6.png HTTP/1.1" 200 44623 "https://www.google.com/" "Mozilla/5.0 (Windows NT 6.1; Win64; x64) AppleWebKit/537.36 (KHTML, like Gecko) Chrome/78.0.3904.108 Safari/537.36" "-"
217.76.130.90 - - [30/Nov/2019:05:13:38 +0100] "POST /wp-cron.php?doing_wp_cron=1575087217.9805369377136230468750 HTTP/1.1" 200 3389 "https://amazingsportwear.com/wp-cron.php?doing_wp_cron=1575087217.9805369377136230468750" "WordPress/5.2.4; https://amazingsportwear.com" "-"
207.46.13.139 - - [30/Nov/2019:05:13:35 +0100] "GET /categoria-producto/mujer/ HTTP/1.1" 200 77513 "-" "Mozilla/5.0 (compatible; bingbot/2.0; +http://www.bing.com/bingbot.htm)" "-"
217.76.130.90 - - [30/Nov/2019:05:34:55 +0100] "POST /wp-cron.php?doing_wp_cron=1575088495.3091809749603271484375 HTTP/1.1" 200 3389 "https://amazingsportwear.com/wp-cron.php?doing_wp_cron=1575088495.3091809749603271484375" "WordPress/5.2.4; https://amazingsportwear.com" "-"
66.249.64.148 - - [30/Nov/2019:05:34:53 +0100] "GET /producto/sudadera-capucha/ HTTP/1.1" 200 101665 "-" "Mozilla/5.0 (Linux; Android 6.0.1; Nexus 5X Build/MMB29P) AppleWebKit/537.36 (KHTML, like Gecko) Chrome/41.0.2272.96 Mobile Safari/537.36 (compatible; Googlebot/2.1; +http://www.google.com/bot.html)" "-"
217.76.130.90 - - [30/Nov/2019:05:36:41 +0100] "POST /wp-cron.php?doing_wp_cron=1575088601.4081199169158935546875 HTTP/1.1" 200 3389 "https://amazingsportwear.com/wp-cron.php?doing_wp_cron=1575088601.4081199169158935546875" "WordPress/5.2.4; https://amazingsportwear.com" "-"
66.249.64.144 - - [30/Nov/2019:05:36:40 +0100] "POST /?wc-ajax=get_refreshed_fragments HTTP/1.1" 200 4760 "https://amazingsportwear.com/producto/sudadera-capucha/" "Mozilla/5.0 (Linux; Android 6.0.1; Nexus 5X Build/MMB29P) AppleWebKit/537.36 (KHTML, like Gecko) Chrome/41.0.2272.96 Mobile Safari/537.36 (compatible; Googlebot/2.1; +http://www.google.com/bot.html)" "_ga=GA1.2.969013651.1575072000; _gid=GA1.2.1978218920.1575072000; _gat_gtag_UA_91619287_1=1"
217.76.130.90 - - [30/Nov/2019:05:37:46 +0100] "POST /wp-cron.php?doing_wp_cron=1575088666.4157869815826416015625 HTTP/1.1" 200 164 "http://amazingsportwear.com/wp-cron.php?doing_wp_cron=1575088666.4157869815826416015625" "WordPress/5.2.4; https://amazingsportwear.com" "-"
47.105.197.245 - - [30/Nov/2019:05:37:45 +0100] "GET /wp-cleaner.php HTTP/1.1" 301 418 "-" "-" "-"
47.105.197.245 - - [30/Nov/2019:05:37:47 +0100] "GET /wp-cleaner.php HTTP/1.1" 404 67975 "-" "-" "-"
189.208.178.185 - - [30/Nov/2019:05:38:00 +0100] "GET /wp-content/uploads/2019/04/Gorra-harum-2.png HTTP/1.1" 200 53515 "https://www.google.com/" "Mozilla/5.0 (Windows NT 10.0; Win64; x64) AppleWebKit/537.36 (KHTML, like Gecko) Chrome/77.0.3865.120 Safari/537.36" "-"
189.208.178.185 - - [30/Nov/2019:05:39:37 +0100] "GET /wp-content/uploads/2019/04/Gorra-sport-6.png HTTP/1.1" 200 41398 "https://www.google.com/" "Mozilla/5.0 (Windows NT 10.0; Win64; x64) AppleWebKit/537.36 (KHTML, like Gecko) Chrome/77.0.3865.120 Safari/537.36" "-"
187.160.61.60 - - [30/Nov/2019:05:41:20 +0100] "GET /wp-content/uploads/2019/04/SA-1070-2.png HTTP/1.1" 200 175956 "https://www.google.com/" "Mozilla/5.0 (Windows NT 10.0; Win64; x64; rv:70.0) Gecko/20100101 Firefox/70.0" "-"
187.160.61.60 - - [30/Nov/2019:05:41:31 +0100] "GET /wp-content/uploads/2019/04/SA-1070-2.png HTTP/1.1" 200 172593 "https://www.google.com/" "Mozilla/5.0 (Windows NT 10.0; Win64; x64; rv:70.0) Gecko/20100101 Firefox/70.0" "-"
217.76.130.90 - - [30/Nov/2019:05:53:09 +0100] "POST /wp-cron.php?doing_wp_cron=1575089589.3918430805206298828125 HTTP/1.1" 200 3389 "https://amazingsportwear.com/wp-cron.php?doing_wp_cron=1575089589.3918430805206298828125" "WordPress/5.2.4; https://amazingsportwear.com" "-"
66.249.64.144 - - [30/Nov/2019:05:53:08 +0100] "GET / HTTP/1.1" 200 125823 "-" "Mozilla/5.0 (compatible; Googlebot/2.1; +http://www.google.com/bot.html)" "-"
66.249.64.144 - - [30/Nov/2019:05:53:19 +0100] "POST /?wc-ajax=get_refreshed_fragments HTTP/1.1" 200 1345 "https://amazingsportwear.com/" "Mozilla/5.0 AppleWebKit/537.36 (KHTML, like Gecko; compatible; Googlebot/2.1; +http://www.google.com/bot.html) Safari/537.36" "wpfront-notification-bar-landingpage=1; _ga=GA1.2.2114912494.1575072000; _gid=GA1.2.931330593.1575072000; _gat_gtag_UA_91619287_1=1"
217.76.130.90 - - [30/Nov/2019:05:59:17 +0100] "POST /wp-cron.php?doing_wp_cron=1575089957.3364250659942626953125 HTTP/1.1" 200 3389 "https://amazingsportwear.com/wp-cron.php?doing_wp_cron=1575089957.3364250659942626953125" "WordPress/5.2.4; https://amazingsportwear.com" "-"
66.249.64.148 - - [30/Nov/2019:05:59:16 +0100] "GET /producto/camiseta-tecnica-dinamic-combi/ HTTP/1.1" 200 104090 "-" "Mozilla/5.0 (Linux; Android 6.0.1; Nexus 5X Build/MMB29P) AppleWebKit/537.36 (KHTML, like Gecko) Chrome/41.0.2272.96 Mobile Safari/537.36 (compatible; Googlebot/2.1; +http://www.google.com/bot.html)" "-"
66.249.64.144 - - [30/Nov/2019:05:59:22 +0100] "POST /?wc-ajax=get_refreshed_fragments HTTP/1.1" 200 4760 "https://amazingsportwear.com/producto/camiseta-tecnica-dinamic-combi/" "Mozilla/5.0 (Linux; Android 6.0.1; Nexus 5X Build/MMB29P) AppleWebKit/537.36 (KHTML, like Gecko) Chrome/41.0.2272.96 Mobile Safari/537.36 (compatible; Googlebot/2.1; +http://www.google.com/bot.html)" "_ga=GA1.2.969013651.1575072000; _gid=GA1.2.1978218920.1575072000; _gat_gtag_UA_91619287_1=1"
217.76.130.90 - - [30/Nov/2019:06:00:30 +0100] "POST /wp-cron.php?doing_wp_cron=1575090030.7741498947143554687500 HTTP/1.1" 200 3389 "https://amazingsportwear.com/wp-cron.php?doing_wp_cron=1575090030.7741498947143554687500" "WordPress/5.2.4; https://amazingsportwear.com" "-"
66.249.64.146 - - [30/Nov/2019:06:00:29 +0100] "GET /producto/gorra-dowan/ HTTP/1.1" 200 94903 "-" "Mozilla/5.0 (compatible; Googlebot/2.1; +http://www.google.com/bot.html)" "-"
66.249.64.144 - - [30/Nov/2019:06:00:36 +0100] "POST /?wc-ajax=get_refreshed_fragments HTTP/1.1" 200 4760 "https://amazingsportwear.com/producto/gorra-dowan/" "Mozilla/5.0 AppleWebKit/537.36 (KHTML, like Gecko; compatible; Googlebot/2.1; +http://www.google.com/bot.html) Safari/537.36" "_ga=GA1.2.931330593.1575072000; _gid=GA1.2.2074753562.1575072000; _gat_gtag_UA_91619287_1=1"
181.113.147.33 - - [30/Nov/2019:06:05:17 +0100] "GET /wp-content/uploads/2019/04/gorra-krox-1.png HTTP/1.1" 200 109889 "https://www.google.com/" "Mozilla/5.0 (Windows NT 6.2; Win64; x64) AppleWebKit/537.36 (KHTML, like Gecko) Chrome/78.0.3904.108 Safari/537.36" "-"
217.76.130.90 - - [30/Nov/2019:06:06:44 +0100] "POST /wp-cron.php?doing_wp_cron=1575090403.9594869613647460937500 HTTP/1.1" 200 3389 "https://amazingsportwear.com/wp-cron.php?doing_wp_cron=1575090403.9594869613647460937500" "WordPress/5.2.4; https://amazingsportwear.com" "-"
31.13.103.6 - - [30/Nov/2019:06:06:42 +0100] "GET / HTTP/1.1" 200 125565 "-" "facebookexternalhit/1.1 (+http://www.facebook.com/externalhit_uatext.php)" "-"
31.13.103.19 - - [30/Nov/2019:06:06:42 +0100] "GET / HTTP/1.1" 200 125550 "-" "facebookexternalhit/1.1 (+http://www.facebook.com/externalhit_uatext.php)" "-"
31.13.103.6 - - [30/Nov/2019:06:06:45 +0100] "GET /contacta-con-nosotros HTTP/1.1" 301 319 "-" "facebookexternalhit/1.1 (+http://www.facebook.com/externalhit_uatext.php)" "-"
31.13.103.21 - - [30/Nov/2019:06:06:45 +0100] "GET /contacta-con-nosotros HTTP/1.1" 301 319 "-" "facebookexternalhit/1.1 (+http://www.facebook.com/externalhit_uatext.php)" "-"
31.13.103.6 - - [30/Nov/2019:06:06:46 +0100] "GET /contacta-con-nosotros/ HTTP/1.1" 200 58177 "-" "facebookexternalhit/1.1 (+http://www.facebook.com/externalhit_uatext.php)" "-"
31.13.103.21 - - [30/Nov/2019:06:06:46 +0100] "GET /contacta-con-nosotros/ HTTP/1.1" 200 58197 "-" "facebookexternalhit/1.1 (+http://www.facebook.com/externalhit_uatext.php)" "-"
31.13.103.2 - - [30/Nov/2019:06:06:46 +0100] "GET /contacta-con-nosotros HTTP/1.1" 301 319 "-" "facebookexternalhit/1.1 (+http://www.facebook.com/externalhit_uatext.php)" "-"
31.13.103.2 - - [30/Nov/2019:06:06:47 +0100] "GET /contacta-con-nosotros/ HTTP/1.1" 200 58222 "-" "facebookexternalhit/1.1 (+http://www.facebook.com/externalhit_uatext.php)" "-"
217.76.130.90 - - [30/Nov/2019:06:10:22 +0100] "POST /wp-cron.php?doing_wp_cron=1575090622.6246778964996337890625 HTTP/1.1" 200 3389 "https://amazingsportwear.com/wp-cron.php?doing_wp_cron=1575090622.6246778964996337890625" "WordPress/5.2.4; https://amazingsportwear.com" "-"
66.249.64.146 - - [30/Nov/2019:06:10:22 +0100] "GET /producto/gorra-dowan/ HTTP/1.1" 200 95223 "-" "Mozilla/5.0 (Linux; Android 6.0.1; Nexus 5X Build/MMB29P) AppleWebKit/537.36 (KHTML, like Gecko) Chrome/41.0.2272.96 Mobile Safari/537.36 (compatible; Googlebot/2.1; +http://www.google.com/bot.html)" "-"
190.242.27.97 - - [30/Nov/2019:06:11:03 +0100] "GET /wp-content/uploads/2019/04/Llavero-metalico-golf-3.png HTTP/1.1" 200 46821 "https://www.google.com/" "Mozilla/5.0 (Windows NT 6.3; Win64; x64) AppleWebKit/537.36 (KHTML, like Gecko) Chrome/78.0.3904.108 Safari/537.36" "-"
217.76.130.90 - - [30/Nov/2019:06:16:58 +0100] "POST /wp-cron.php?doing_wp_cron=1575091018.4539101123809814453125 HTTP/1.1" 200 164 "http://amazingsportwear.com/wp-cron.php?doing_wp_cron=1575091018.4539101123809814453125" "WordPress/5.2.4; https://amazingsportwear.com" "-"
66.249.64.159 - - [30/Nov/2019:06:16:57 +0100] "GET / HTTP/1.1" 301 336 "-" "Mozilla/5.0 (Linux; Android 6.0.1; Nexus 5X Build/MMB29P) AppleWebKit/537.36 (KHTML, like Gecko) Chrome/41.0.2272.96 Mobile Safari/537.36 (compatible; Googlebot/2.1; +http://www.google.com/bot.html)" "-"
66.249.64.144 - - [30/Nov/2019:06:16:59 +0100] "GET / HTTP/1.1" 200 125766 "-" "Mozilla/5.0 (Linux; Android 6.0.1; Nexus 5X Build/MMB29P) AppleWebKit/537.36 (KHTML, like Gecko) Chrome/41.0.2272.96 Mobile Safari/537.36 (compatible; Googlebot/2.1; +http://www.google.com/bot.html)" "wpfront-notification-bar-landingpage=1"
217.76.130.90 - - [30/Nov/2019:06:21:03 +0100] "POST /wp-cron.php?doing_wp_cron=1575091263.7680308818817138671875 HTTP/1.1" 200 3389 "https://amazingsportwear.com/wp-cron.php?doing_wp_cron=1575091263.7680308818817138671875" "WordPress/5.2.4; https://amazingsportwear.com" "-"
66.249.64.148 - - [30/Nov/2019:06:21:03 +0100] "GET /producto/camiseta-tecnica-cosmic-aq-cosmic/ HTTP/1.1" 200 103916 "-" "Mozilla/5.0 (Linux; Android 6.0.1; Nexus 5X Build/MMB29P) AppleWebKit/537.36 (KHTML, like Gecko) Chrome/41.0.2272.96 Mobile Safari/537.36 (compatible; Googlebot/2.1; +http://www.google.com/bot.html)" "-"
66.249.64.146 - - [30/Nov/2019:06:21:10 +0100] "POST /?wc-ajax=get_refreshed_fragments HTTP/1.1" 200 4760 "https://amazingsportwear.com/producto/camiseta-tecnica-cosmic-aq-cosmic/" "Mozilla/5.0 (Linux; Android 6.0.1; Nexus 5X Build/MMB29P) AppleWebKit/537.36 (KHTML, like Gecko) Chrome/41.0.2272.96 Mobile Safari/537.36 (compatible; Googlebot/2.1; +http://www.google.com/bot.html)" "_ga=GA1.2.969013651.1575072000; _gid=GA1.2.1978218920.1575072000; _gat_gtag_UA_91619287_1=1"
104.219.115.249 - - [30/Nov/2019:06:35:07 +0100] "GET /wp-content/uploads/2019/04/SA-1070-2.png HTTP/1.1" 200 175956 "https://www.google.com/" "Mozilla/5.0 (Windows NT 10.0) AppleWebKit/537.36 (KHTML, like Gecko) Chrome/78.0.3904.108 Safari/537.36" "-"
217.76.130.90 - - [30/Nov/2019:06:48:25 +0100] "POST /wp-cron.php?doing_wp_cron=1575092905.2507090568542480468750 HTTP/1.1" 200 3389 "https://amazingsportwear.com/wp-cron.php?doing_wp_cron=1575092905.2507090568542480468750" "WordPress/5.2.4; https://amazingsportwear.com" "-"
209.17.96.130 - - [30/Nov/2019:06:48:22 +0100] "GET / HTTP/1.1" 200 125541 "-" "Mozilla/5.0 (compatible; Nimbostratus-Bot/v1.3.2; http://cloudsystemnetworks.com)" "-"
217.76.130.90 - - [30/Nov/2019:07:02:18 +0100] "POST /wp-cron.php?doing_wp_cron=1575093738.0214209556579589843750 HTTP/1.1" 200 3389 "https://amazingsportwear.com/wp-cron.php?doing_wp_cron=1575093738.0214209556579589843750" "WordPress/5.2.4; https://amazingsportwear.com" "-"
66.249.64.148 - - [30/Nov/2019:07:02:17 +0100] "GET /producto/camiseta-portero-futbol-manga-larga/ HTTP/1.1" 200 92282 "-" "Mozilla/5.0 (Linux; Android 6.0.1; Nexus 5X Build/MMB29P) AppleWebKit/537.36 (KHTML, like Gecko) Chrome/41.0.2272.96 Mobile Safari/537.36 (compatible; Googlebot/2.1; +http://www.google.com/bot.html)" "-"
217.76.130.90 - - [30/Nov/2019:07:04:51 +0100] "POST /wp-cron.php?doing_wp_cron=1575093891.2197608947753906250000 HTTP/1.1" 200 3389 "https://amazingsportwear.com/wp-cron.php?doing_wp_cron=1575093891.2197608947753906250000" "WordPress/5.2.4; https://amazingsportwear.com" "-"
66.249.64.148 - - [30/Nov/2019:07:04:50 +0100] "GET / HTTP/1.1" 200 125803 "-" "Mozilla/5.0 (Linux; Android 6.0.1; Nexus 5X Build/MMB29P) AppleWebKit/537.36 (KHTML, like Gecko) Chrome/41.0.2272.96 Mobile Safari/537.36 (compatible; Googlebot/2.1; +http://www.google.com/bot.html)" "-"
217.76.130.90 - - [30/Nov/2019:07:06:46 +0100] "POST /wp-cron.php?doing_wp_cron=1575094006.2947449684143066406250 HTTP/1.1" 200 3389 "https://amazingsportwear.com/wp-cron.php?doing_wp_cron=1575094006.2947449684143066406250" "WordPress/5.2.4; https://amazingsportwear.com" "-"
66.249.64.144 - - [30/Nov/2019:07:06:45 +0100] "POST /?wc-ajax=get_refreshed_fragments HTTP/1.1" 200 4708 "https://amazingsportwear.com/" "Mozilla/5.0 (Linux; Android 6.0.1; Nexus 5X Build/MMB29P) AppleWebKit/537.36 (KHTML, like Gecko) Chrome/41.0.2272.96 Mobile Safari/537.36 (compatible; Googlebot/2.1; +http://www.google.com/bot.html)" "wpfront-notification-bar-landingpage=1; _ga=GA1.2.1884029788.1575072000; _gid=GA1.2.969013651.1575072000; _gat_gtag_UA_91619287_1=1"
217.76.130.90 - - [30/Nov/2019:07:11:54 +0100] "POST /wp-cron.php?doing_wp_cron=1575094314.1746709346771240234375 HTTP/1.1" 200 3389 "https://amazingsportwear.com/wp-cron.php?doing_wp_cron=1575094314.1746709346771240234375" "WordPress/5.2.4; https://amazingsportwear.com" "-"
66.249.64.148 - - [30/Nov/2019:07:11:53 +0100] "GET /producto/mallas-deportivas-mujer-carla/ HTTP/1.1" 200 102882 "-" "Mozilla/5.0 (Linux; Android 6.0.1; Nexus 5X Build/MMB29P) AppleWebKit/537.36 (KHTML, like Gecko) Chrome/41.0.2272.96 Mobile Safari/537.36 (compatible; Googlebot/2.1; +http://www.google.com/bot.html)" "-"
217.76.130.90 - - [30/Nov/2019:07:32:28 +0100] "POST /wp-cron.php?doing_wp_cron=1575095548.4350430965423583984375 HTTP/1.1" 200 3389 "https://amazingsportwear.com/wp-cron.php?doing_wp_cron=1575095548.4350430965423583984375" "WordPress/5.2.4; https://amazingsportwear.com" "-"
66.249.64.146 - - [30/Nov/2019:07:32:26 +0100] "GET /producto/camiseta-tecnica-mujer-janis-aq-janis/ HTTP/1.1" 200 98698 "-" "Mozilla/5.0 (Linux; Android 6.0.1; Nexus 5X Build/MMB29P) AppleWebKit/537.36 (KHTML, like Gecko) Chrome/41.0.2272.96 Mobile Safari/537.36 (compatible; Googlebot/2.1; +http://www.google.com/bot.html)" "-"
66.249.64.146 - - [30/Nov/2019:07:32:34 +0100] "POST /?wc-ajax=get_refreshed_fragments HTTP/1.1" 200 1397 "https://amazingsportwear.com/producto/camiseta-tecnica-mujer-janis-aq-janis/" "Mozilla/5.0 (Linux; Android 6.0.1; Nexus 5X Build/MMB29P) AppleWebKit/537.36 (KHTML, like Gecko) Chrome/41.0.2272.96 Mobile Safari/537.36 (compatible; Googlebot/2.1; +http://www.google.com/bot.html)" "_ga=GA1.2.969013651.1575072000; _gid=GA1.2.1978218920.1575072000; _gat_gtag_UA_91619287_1=1"
217.76.130.90 - - [30/Nov/2019:07:34:00 +0100] "POST /wp-cron.php?doing_wp_cron=1575095640.6634740829467773437500 HTTP/1.1" 200 3389 "https://amazingsportwear.com/wp-cron.php?doing_wp_cron=1575095640.6634740829467773437500" "WordPress/5.2.4; https://amazingsportwear.com" "-"
66.249.64.146 - - [30/Nov/2019:07:34:00 +0100] "GET /content/17-guia-de-tallas HTTP/1.1" 404 72272 "-" "Mozilla/5.0 (Linux; Android 6.0.1; Nexus 5X Build/MMB29P) AppleWebKit/537.36 (KHTML, like Gecko) Chrome/41.0.2272.96 Mobile Safari/537.36 (compatible; Googlebot/2.1; +http://www.google.com/bot.html)" "-"
217.76.130.90 - - [30/Nov/2019:07:34:43 +0100] "POST /wp-cron.php?doing_wp_cron=1575095683.2820808887481689453125 HTTP/1.1" 200 3389 "https://amazingsportwear.com/wp-cron.php?doing_wp_cron=1575095683.2820808887481689453125" "WordPress/5.2.4; https://amazingsportwear.com" "-"
66.249.64.146 - - [30/Nov/2019:07:34:42 +0100] "GET /themes/leo_hitechgame/js/autoload/10-bootstrap.min.js HTTP/1.1" 404 72354 "https://amazingsportwear.com/content/17-guia-de-tallas" "Mozilla/5.0 (Linux; Android 6.0.1; Nexus 5X Build/MMB29P) AppleWebKit/537.36 (KHTML, like Gecko) Chrome/41.0.2272.96 Mobile Safari/537.36 (compatible; Googlebot/2.1; +http://www.google.com/bot.html)" "PrestaShop-d312127ad4cd959375f6a8138373506e=SikPrNUtIhItC%2FaJyYHDZ%2FeOwEqP2UgWneZcigOPbreJ7V%2Bgv6OwXD2coW4hVFS9A62xGFHu1WRRRcRinCqAqbiOhQF8O3SqEr44bgN12E55sgEGbNNBYrsjKCOCvdUavBv2cLsqWTt03BJu7O4hKw%3D%3D000111"
66.249.64.144 - - [30/Nov/2019:07:34:44 +0100] "GET /themes/leo_hitechgame/js/autoload/15-jquery.uniform-modified.js HTTP/1.1" 404 72369 "https://amazingsportwear.com/content/17-guia-de-tallas" "Mozilla/5.0 (Linux; Android 6.0.1; Nexus 5X Build/MMB29P) AppleWebKit/537.36 (KHTML, like Gecko) Chrome/41.0.2272.96 Mobile Safari/537.36 (compatible; Googlebot/2.1; +http://www.google.com/bot.html)" "PrestaShop-d312127ad4cd959375f6a8138373506e=SikPrNUtIhItC%2FaJyYHDZ%2FeOwEqP2UgWneZcigOPbreJ7V%2Bgv6OwXD2coW4hVFS9A62xGFHu1WRRRcRinCqAqbiOhQF8O3SqEr44bgN12E55sgEGbNNBYrsjKCOCvdUavBv2cLsqWTt03BJu7O4hKw%3D%3D000111"
66.249.64.146 - - [30/Nov/2019:07:34:45 +0100] "GET /js/jquery/plugins/fancybox/jquery.fancybox.css HTTP/1.1" 404 68977 "https://amazingsportwear.com/content/17-guia-de-tallas" "Mozilla/5.0 (Linux; Android 6.0.1; Nexus 5X Build/MMB29P) AppleWebKit/537.36 (KHTML, like Gecko) Chrome/41.0.2272.96 Mobile Safari/537.36 (compatible; Googlebot/2.1; +http://www.google.com/bot.html)" "PrestaShop-d312127ad4cd959375f6a8138373506e=SikPrNUtIhItC%2FaJyYHDZ%2FeOwEqP2UgWneZcigOPbreJ7V%2Bgv6OwXD2coW4hVFS9A62xGFHu1WRRRcRinCqAqbiOhQF8O3SqEr44bgN12E55sgEGbNNBYrsjKCOCvdUavBv2cLsqWTt03BJu7O4hKw%3D%3D000111"
66.249.64.144 - - [30/Nov/2019:07:34:46 +0100] "GET /themes/leo_hitechgame/css/cms.css HTTP/1.1" 404 68925 "https://amazingsportwear.com/content/17-guia-de-tallas" "Mozilla/5.0 (Linux; Android 6.0.1; Nexus 5X Build/MMB29P) AppleWebKit/537.36 (KHTML, like Gecko) Chrome/41.0.2272.96 Mobile Safari/537.36 (compatible; Googlebot/2.1; +http://www.google.com/bot.html)" "PrestaShop-d312127ad4cd959375f6a8138373506e=SikPrNUtIhItC%2FaJyYHDZ%2FeOwEqP2UgWneZcigOPbreJ7V%2Bgv6OwXD2coW4hVFS9A62xGFHu1WRRRcRinCqAqbiOhQF8O3SqEr44bgN12E55sgEGbNNBYrsjKCOCvdUavBv2cLsqWTt03BJu7O4hKw%3D%3D000111"
66.249.64.144 - - [30/Nov/2019:07:34:47 +0100] "GET /themes/leo_hitechgame/css/modules/leocustomajax/leocustomajax.css HTTP/1.1" 404 69001 "https://amazingsportwear.com/content/17-guia-de-tallas" "Mozilla/5.0 (Linux; Android 6.0.1; Nexus 5X Build/MMB29P) AppleWebKit/537.36 (KHTML, like Gecko) Chrome/41.0.2272.96 Mobile Safari/537.36 (compatible; Googlebot/2.1; +http://www.google.com/bot.html)" "PrestaShop-d312127ad4cd959375f6a8138373506e=SikPrNUtIhItC%2FaJyYHDZ%2FeOwEqP2UgWneZcigOPbreJ7V%2Bgv6OwXD2coW4hVFS9A62xGFHu1WRRRcRinCqAqbiOhQF8O3SqEr44bgN12E55sgEGbNNBYrsjKCOCvdUavBv2cLsqWTt03BJu7O4hKw%3D%3D000111"
66.249.64.144 - - [30/Nov/2019:07:34:48 +0100] "GET /themes/leo_hitechgame/js/cms.js HTTP/1.1" 404 68966 "https://amazingsportwear.com/content/17-guia-de-tallas" "Mozilla/5.0 (Linux; Android 6.0.1; Nexus 5X Build/MMB29P) AppleWebKit/537.36 (KHTML, like Gecko) Chrome/41.0.2272.96 Mobile Safari/537.36 (compatible; Googlebot/2.1; +http://www.google.com/bot.html)" "PrestaShop-d312127ad4cd959375f6a8138373506e=SikPrNUtIhItC%2FaJyYHDZ%2FeOwEqP2UgWneZcigOPbreJ7V%2Bgv6OwXD2coW4hVFS9A62xGFHu1WRRRcRinCqAqbiOhQF8O3SqEr44bgN12E55sgEGbNNBYrsjKCOCvdUavBv2cLsqWTt03BJu7O4hKw%3D%3D000111"
66.249.64.144 - - [30/Nov/2019:07:34:50 +0100] "GET /themes/leo_hitechgame/css/global.css HTTP/1.1" 404 68926 "https://amazingsportwear.com/content/17-guia-de-tallas" "Mozilla/5.0 (Linux; Android 6.0.1; Nexus 5X Build/MMB29P) AppleWebKit/537.36 (KHTML, like Gecko) Chrome/41.0.2272.96 Mobile Safari/537.36 (compatible; Googlebot/2.1; +http://www.google.com/bot.html)" "PrestaShop-d312127ad4cd959375f6a8138373506e=SikPrNUtIhItC%2FaJyYHDZ%2FeOwEqP2UgWneZcigOPbreJ7V%2Bgv6OwXD2coW4hVFS9A62xGFHu1WRRRcRinCqAqbiOhQF8O3SqEr44bgN12E55sgEGbNNBYrsjKCOCvdUavBv2cLsqWTt03BJu7O4hKw%3D%3D000111"
66.249.64.144 - - [30/Nov/2019:07:34:51 +0100] "GET /themes/leo_hitechgame/css/modules/blockcart/blockcart.css HTTP/1.1" 404 69000 "https://amazingsportwear.com/content/17-guia-de-tallas" "Mozilla/5.0 (Linux; Android 6.0.1; Nexus 5X Build/MMB29P) AppleWebKit/537.36 (KHTML, like Gecko) Chrome/41.0.2272.96 Mobile Safari/537.36 (compatible; Googlebot/2.1; +http://www.google.com/bot.html)" "PrestaShop-d312127ad4cd959375f6a8138373506e=SikPrNUtIhItC%2FaJyYHDZ%2FeOwEqP2UgWneZcigOPbreJ7V%2Bgv6OwXD2coW4hVFS9A62xGFHu1WRRRcRinCqAqbiOhQF8O3SqEr44bgN12E55sgEGbNNBYrsjKCOCvdUavBv2cLsqWTt03BJu7O4hKw%3D%3D000111"
66.249.64.144 - - [30/Nov/2019:07:34:52 +0100] "GET /themes/leo_hitechgame/css/modules/blocktags/blocktags.css HTTP/1.1" 404 68985 "https://amazingsportwear.com/content/17-guia-de-tallas" "Mozilla/5.0 (Linux; Android 6.0.1; Nexus 5X Build/MMB29P) AppleWebKit/537.36 (KHTML, like Gecko) Chrome/41.0.2272.96 Mobile Safari/537.36 (compatible; Googlebot/2.1; +http://www.google.com/bot.html)" "PrestaShop-d312127ad4cd959375f6a8138373506e=SikPrNUtIhItC%2FaJyYHDZ%2FeOwEqP2UgWneZcigOPbreJ7V%2Bgv6OwXD2coW4hVFS9A62xGFHu1WRRRcRinCqAqbiOhQF8O3SqEr44bgN12E55sgEGbNNBYrsjKCOCvdUavBv2cLsqWTt03BJu7O4hKw%3D%3D000111"
190.233.58.43 - - [30/Nov/2019:07:56:36 +0100] "GET /wp-content/uploads/2019/04/Gorra-sport-6.png HTTP/1.1" 200 44623 "https://www.google.com/" "Mozilla/5.0 (Windows NT 10.0; Win64; x64) AppleWebKit/537.36 (KHTML, like Gecko) Chrome/78.0.3904.108 Safari/537.36" "-"
217.76.130.90 - - [30/Nov/2019:07:56:43 +0100] "POST /wp-cron.php?doing_wp_cron=1575097003.7626230716705322265625 HTTP/1.1" 200 164 "http://amazingsportwear.com/wp-cron.php?doing_wp_cron=1575097003.7626230716705322265625" "WordPress/5.2.4; https://amazingsportwear.com" "-"
66.249.64.128 - - [30/Nov/2019:07:56:41 +0100] "GET /ciclismo/39-culoute-corto-ciclismo.html HTTP/1.1" 404 68109 "-" "Mozilla/5.0 (Linux; Android 6.0.1; Nexus 5X Build/MMB29P) AppleWebKit/537.36 (KHTML, like Gecko) Chrome/41.0.2272.96 Mobile Safari/537.36 (compatible; Googlebot/2.1; +http://www.google.com/bot.html)" "-"
157.55.39.138 - - [30/Nov/2019:08:08:16 +0100] "GET /wp-content/uploads/2019/07/IMG_1572-1024x1024.jpg HTTP/1.1" 200 169494 "-" "Mozilla/5.0 (compatible; bingbot/2.0; +http://www.bing.com/bingbot.htm)" "-"
217.76.130.90 - - [30/Nov/2019:08:24:44 +0100] "POST /wp-cron.php?doing_wp_cron=1575098684.4010560512542724609375 HTTP/1.1" 200 164 "http://amazingsportwear.com/wp-cron.php?doing_wp_cron=1575098684.4010560512542724609375" "WordPress/5.2.4; https://amazingsportwear.com" "-"
207.46.13.139 - - [30/Nov/2019:08:24:40 +0100] "GET /tienda/176-pantalon-mujer-rocky-nath-rocky.html HTTP/1.1" 404 68105 "-" "Mozilla/5.0 (iPhone; CPU iPhone OS 7_0 like Mac OS X) AppleWebKit/537.51.1 (KHTML, like Gecko) Version/7.0 Mobile/11A465 Safari/9537.53 (compatible; bingbot/2.0; +http://www.bing.com/bingbot.htm)" "-"
201.123.215.171 - - [30/Nov/2019:08:28:54 +0100] "GET /wp-content/uploads/2019/04/Gorra-sport-7.png HTTP/1.1" 200 99912 "https://www.google.com/" "Mozilla/5.0 (Windows NT 10.0) AppleWebKit/537.36 (KHTML, like Gecko) Chrome/78.0.3904.108 Safari/537.36" "-"
157.55.39.138 - - [30/Nov/2019:08:43:48 +0100] "GET /wp-content/uploads/2019/07/IMG_1572-1024x1024.jpg HTTP/1.1" 200 169494 "-" "Mozilla/5.0 (compatible; bingbot/2.0; +http://www.bing.com/bingbot.htm)" "-"
217.76.130.90 - - [30/Nov/2019:08:45:28 +0100] "POST /wp-cron.php?doing_wp_cron=1575099928.5244910717010498046875 HTTP/1.1" 200 3389 "https://amazingsportwear.com/wp-cron.php?doing_wp_cron=1575099928.5244910717010498046875" "WordPress/5.2.4; https://amazingsportwear.com" "-"
40.77.167.67 - - [30/Nov/2019:08:45:26 +0100] "GET /tienda/page/7/ HTTP/1.1" 200 78115 "-" "Mozilla/5.0 (compatible; bingbot/2.0; +http://www.bing.com/bingbot.htm)" "-"
217.76.130.90 - - [30/Nov/2019:08:55:38 +0100] "POST /wp-cron.php?doing_wp_cron=1575100538.1951060295104980468750 HTTP/1.1" 200 3389 "https://amazingsportwear.com/wp-cron.php?doing_wp_cron=1575100538.1951060295104980468750" "WordPress/5.2.4; https://amazingsportwear.com" "-"
66.249.64.146 - - [30/Nov/2019:08:55:37 +0100] "GET /producto/polo-tecnico-open-aq-open/ HTTP/1.1" 200 104863 "-" "Mozilla/5.0 (Linux; Android 6.0.1; Nexus 5X Build/MMB29P) AppleWebKit/537.36 (KHTML, like Gecko) Chrome/41.0.2272.96 Mobile Safari/537.36 (compatible; Googlebot/2.1; +http://www.google.com/bot.html)" "-"
66.249.64.144 - - [30/Nov/2019:08:55:46 +0100] "POST /?wc-ajax=get_refreshed_fragments HTTP/1.1" 200 4760 "https://amazingsportwear.com/producto/polo-tecnico-open-aq-open/" "Mozilla/5.0 (Linux; Android 6.0.1; Nexus 5X Build/MMB29P) AppleWebKit/537.36 (KHTML, like Gecko) Chrome/41.0.2272.96 Mobile Safari/537.36 (compatible; Googlebot/2.1; +http://www.google.com/bot.html)" "_ga=GA1.2.969013651.1575072000; _gid=GA1.2.1978218920.1575072000; _gat_gtag_UA_91619287_1=1"
217.76.130.90 - - [30/Nov/2019:09:03:16 +0100] "POST /wp-cron.php?doing_wp_cron=1575100996.4149510860443115234375 HTTP/1.1" 200 3389 "https://amazingsportwear.com/wp-cron.php?doing_wp_cron=1575100996.4149510860443115234375" "WordPress/5.2.4; https://amazingsportwear.com" "-"
31.13.127.11 - - [30/Nov/2019:09:03:15 +0100] "GET / HTTP/1.1" 200 125585 "-" "facebookexternalhit/1.1 (+http://www.facebook.com/externalhit_uatext.php)" "-"
31.13.127.19 - - [30/Nov/2019:09:03:16 +0100] "GET / HTTP/1.1" 200 125560 "-" "facebookexternalhit/1.1 (+http://www.facebook.com/externalhit_uatext.php)" "-"
31.13.127.2 - - [30/Nov/2019:09:03:18 +0100] "GET /contacta-con-nosotros HTTP/1.1" 301 319 "-" "facebookexternalhit/1.1 (+http://www.facebook.com/externalhit_uatext.php)" "-"
31.13.127.18 - - [30/Nov/2019:09:03:18 +0100] "GET /contacta-con-nosotros HTTP/1.1" 301 319 "-" "facebookexternalhit/1.1 (+http://www.facebook.com/externalhit_uatext.php)" "-"
31.13.127.2 - - [30/Nov/2019:09:03:19 +0100] "GET /contacta-con-nosotros/ HTTP/1.1" 200 58207 "-" "facebookexternalhit/1.1 (+http://www.facebook.com/externalhit_uatext.php)" "-"
31.13.127.18 - - [30/Nov/2019:09:03:19 +0100] "GET /contacta-con-nosotros/ HTTP/1.1" 200 58182 "-" "facebookexternalhit/1.1 (+http://www.facebook.com/externalhit_uatext.php)" "-"
217.76.130.90 - - [30/Nov/2019:09:07:48 +0100] "POST /wp-cron.php?doing_wp_cron=1575101268.8610351085662841796875 HTTP/1.1" 200 3389 "https://amazingsportwear.com/wp-cron.php?doing_wp_cron=1575101268.8610351085662841796875" "WordPress/5.2.4; https://amazingsportwear.com" "-"
66.249.69.208 - - [30/Nov/2019:09:07:48 +0100] "POST /?wc-ajax=get_refreshed_fragments HTTP/1.1" 200 4760 "https://amazingsportwear.com/producto/gorra-lorenz/" "Mozilla/5.0 (Linux; Android 6.0.1; Nexus 5X Build/MMB29P) AppleWebKit/537.36 (KHTML, like Gecko) Chrome/41.0.2272.96 Mobile Safari/537.36 (compatible; Googlebot/2.1; +http://www.google.com/bot.html)" "_ga=GA1.2.969013651.1575072000; _gid=GA1.2.1978218920.1575072000; _gat_gtag_UA_91619287_1=1"
217.76.130.90 - - [30/Nov/2019:09:45:30 +0100] "POST /wp-cron.php?doing_wp_cron=1575103530.9290831089019775390625 HTTP/1.1" 200 3389 "https://amazingsportwear.com/wp-cron.php?doing_wp_cron=1575103530.9290831089019775390625" "WordPress/5.2.4; https://amazingsportwear.com" "-"
66.249.69.212 - - [30/Nov/2019:09:45:27 +0100] "GET /producto/gorra-kisse/ HTTP/1.1" 200 100336 "-" "Mozilla/5.0 (Linux; Android 6.0.1; Nexus 5X Build/MMB29P) AppleWebKit/537.36 (KHTML, like Gecko) Chrome/41.0.2272.96 Mobile Safari/537.36 (compatible; Googlebot/2.1; +http://www.google.com/bot.html)" "-"
217.76.130.90 - - [30/Nov/2019:09:45:31 +0100] "POST /wp-admin/admin-ajax.php?action=wp_1_wc_privacy_cleanup&nonce=3109d9a10f HTTP/1.1" 200 3707 "https://amazingsportwear.com/wp-admin/admin-ajax.php?action=wp_1_wc_privacy_cleanup&nonce=3109d9a10f" "WordPress/5.2.4; https://amazingsportwear.com" "-"
217.76.130.90 - - [30/Nov/2019:09:54:53 +0100] "POST /wp-cron.php?doing_wp_cron=1575104093.1766159534454345703125 HTTP/1.1" 200 3389 "https://amazingsportwear.com/wp-cron.php?doing_wp_cron=1575104093.1766159534454345703125" "WordPress/5.2.4; https://amazingsportwear.com" "-"
207.46.13.139 - - [30/Nov/2019:09:54:52 +0100] "GET /producto/braga-cuello-asw-c07/ HTTP/1.1" 200 96778 "-" "Mozilla/5.0 (compatible; bingbot/2.0; +http://www.bing.com/bingbot.htm)" "-"
217.76.130.90 - - [30/Nov/2019:09:55:14 +0100] "POST /wp-cron.php?doing_wp_cron=1575104114.8708679676055908203125 HTTP/1.1" 200 3389 "https://amazingsportwear.com/wp-cron.php?doing_wp_cron=1575104114.8708679676055908203125" "WordPress/5.2.4; https://amazingsportwear.com" "-"
207.46.13.139 - - [30/Nov/2019:09:55:14 +0100] "GET /tienda/ HTTP/1.1" 200 75008 "-" "Mozilla/5.0 (compatible; bingbot/2.0; +http://www.bing.com/bingbot.htm)" "-"
217.76.130.90 - - [30/Nov/2019:09:57:46 +0100] "POST /wp-cron.php?doing_wp_cron=1575104266.7606089115142822265625 HTTP/1.1" 200 164 "http://amazingsportwear.com/wp-cron.php?doing_wp_cron=1575104266.7606089115142822265625" "WordPress/5.2.4; https://amazingsportwear.com" "-"
69.28.84.78 - - [30/Nov/2019:09:57:46 +0100] "GET / HTTP/1.1" 301 336 "-" "Mozilla/5.0 (Macintosh; Intel Mac OS X 10_10_5) AppleWebKit/537.36 (KHTML, like Gecko) Chrome/45.0.2454.101 Safari/537.36" "-"
104.245.35.24 - - [30/Nov/2019:09:57:48 +0100] "GET / HTTP/1.1" 200 125755 "-" "Mozilla/5.0 (Macintosh; Intel Mac OS X 10_10_5) AppleWebKit/537.36 (KHTML, like Gecko) Chrome/45.0.2454.101 Safari/537.36" "wpfront-notification-bar-landingpage=1"
217.76.130.90 - - [30/Nov/2019:10:00:20 +0100] "POST /wp-cron.php?doing_wp_cron=1575104420.8371229171752929687500 HTTP/1.1" 200 3389 "https://amazingsportwear.com/wp-cron.php?doing_wp_cron=1575104420.8371229171752929687500" "WordPress/5.2.4; https://amazingsportwear.com" "-"
173.252.95.12 - - [30/Nov/2019:10:00:19 +0100] "GET / HTTP/1.1" 200 125525 "-" "facebookexternalhit/1.1 (+http://www.facebook.com/externalhit_uatext.php)" "-"
173.252.95.27 - - [30/Nov/2019:10:00:19 +0100] "GET / HTTP/1.1" 200 125535 "-" "facebookexternalhit/1.1 (+http://www.facebook.com/externalhit_uatext.php)" "-"
173.252.95.19 - - [30/Nov/2019:10:00:19 +0100] "GET / HTTP/1.1" 200 125570 "-" "facebookexternalhit/1.1 (+http://www.facebook.com/externalhit_uatext.php)" "-"
173.252.95.23 - - [30/Nov/2019:10:00:19 +0100] "GET / HTTP/1.1" 200 125550 "-" "facebookexternalhit/1.1 (+http://www.facebook.com/externalhit_uatext.php)" "-"
217.76.130.90 - - [30/Nov/2019:10:05:33 +0100] "POST /wp-cron.php?doing_wp_cron=1575104732.5715689659118652343750 HTTP/1.1" 200 3389 "https://amazingsportwear.com/wp-cron.php?doing_wp_cron=1575104732.5715689659118652343750" "WordPress/5.2.4; https://amazingsportwear.com" "-"
66.249.69.210 - - [30/Nov/2019:10:05:31 +0100] "GET /producto/camiseta-tecnica-combinada-shangai-mujer/ HTTP/1.1" 200 111338 "-" "Mozilla/5.0 (compatible; Googlebot/2.1; +http://www.google.com/bot.html)" "-"
217.76.130.90 - - [30/Nov/2019:10:15:10 +0100] "POST /wp-cron.php?doing_wp_cron=1575105310.7724640369415283203125 HTTP/1.1" 200 3389 "https://amazingsportwear.com/wp-cron.php?doing_wp_cron=1575105310.7724640369415283203125" "WordPress/5.2.4; https://amazingsportwear.com" "-"
207.46.13.139 - - [30/Nov/2019:10:15:10 +0100] "GET /etiqueta-producto/bidon-sumo/ HTTP/1.1" 200 53858 "-" "Mozilla/5.0 (compatible; bingbot/2.0; +http://www.bing.com/bingbot.htm)" "-"
217.76.130.90 - - [30/Nov/2019:10:16:16 +0100] "POST /wp-cron.php?doing_wp_cron=1575105376.0807321071624755859375 HTTP/1.1" 200 3389 "https://amazingsportwear.com/wp-cron.php?doing_wp_cron=1575105376.0807321071624755859375" "WordPress/5.2.4; https://amazingsportwear.com" "-"
66.249.69.210 - - [30/Nov/2019:10:16:15 +0100] "GET /producto/pantalon-corto-tenis-padel/ HTTP/1.1" 200 90756 "-" "Mozilla/5.0 (Linux; Android 6.0.1; Nexus 5X Build/MMB29P) AppleWebKit/537.36 (KHTML, like Gecko) Chrome/41.0.2272.96 Mobile Safari/537.36 (compatible; Googlebot/2.1; +http://www.google.com/bot.html)" "-"
66.249.69.212 - - [30/Nov/2019:10:16:17 +0100] "GET /producto/bidon-camiseta-zablex/ HTTP/1.1" 200 94951 "-" "Mozilla/5.0 (Linux; Android 6.0.1; Nexus 5X Build/MMB29P) AppleWebKit/537.36 (KHTML, like Gecko) Chrome/41.0.2272.96 Mobile Safari/537.36 (compatible; Googlebot/2.1; +http://www.google.com/bot.html)" "-"
217.76.130.90 - - [30/Nov/2019:10:39:46 +0100] "POST /wp-cron.php?doing_wp_cron=1575106786.3903999328613281250000 HTTP/1.1" 200 164 "http://amazingsportwear.com/wp-cron.php?doing_wp_cron=1575106786.3903999328613281250000" "WordPress/5.2.4; https://amazingsportwear.com" "-"
113.138.129.182 - - [30/Nov/2019:10:39:42 +0100] "GET /c/21-category_default/tenis-padel.jpg HTTP/1.1" 404 68038 "-" "Mozilla/5.0(Linux;Android 5.1.1;OPPO A33 Build/LMY47V;wv) AppleWebKit/537.36(KHTML,link Gecko) Version/4.0 Chrome/43.0.2357.121 Mobile Safari/537.36 LieBaoFast/4.51.3" "-"
217.76.130.90 - - [30/Nov/2019:10:42:06 +0100] "POST /wp-cron.php?doing_wp_cron=1575106926.2978351116180419921875 HTTP/1.1" 200 164 "http://amazingsportwear.com/wp-cron.php?doing_wp_cron=1575106926.2978351116180419921875" "WordPress/5.2.4; https://amazingsportwear.com" "-"
66.249.69.221 - - [30/Nov/2019:10:42:05 +0100] "GET /sitemap.xml HTTP/1.1" 404 51658 "-" "Mozilla/5.0 (compatible; Googlebot/2.1; +http://www.google.com/bot.html)" "-"
217.76.130.90 - - [30/Nov/2019:10:51:47 +0100] "POST /wp-cron.php?doing_wp_cron=1575107507.0774919986724853515625 HTTP/1.1" 200 164 "http://amazingsportwear.com/wp-cron.php?doing_wp_cron=1575107507.0774919986724853515625" "WordPress/5.2.4; https://amazingsportwear.com" "-"
51.77.185.73 - - [30/Nov/2019:10:51:44 +0100] "GET / HTTP/1.1" 301 336 "-" "Mozilla/5.0 (compatible; Googlebot/2.1; +http://www.google.com/bot.html)" "-"
51.77.185.73 - - [30/Nov/2019:10:51:47 +0100] "GET / HTTP/1.1" 200 125591 "-" "Mozilla/5.0 (compatible; Googlebot/2.1; +http://www.google.com/bot.html)" "wpfront-notification-bar-landingpage=1"
93.176.150.147 - - [30/Nov/2019:11:02:57 +0100] "GET /wp-content/uploads/2019/04/gorra-krox-1.png HTTP/1.1" 200 109694 "-" "Musi/248 CFNetwork/1120 Darwin/19.0.0" "-"
157.55.39.138 - - [30/Nov/2019:11:12:24 +0100] "GET /wp-content/uploads/2019/07/IMG_1589-1024x1024.jpg HTTP/1.1" 200 86399 "-" "Mozilla/5.0 (compatible; bingbot/2.0; +http://www.bing.com/bingbot.htm)" "-"
217.76.130.90 - - [30/Nov/2019:11:18:18 +0100] "POST /wp-cron.php?doing_wp_cron=1575109098.4274060726165771484375 HTTP/1.1" 200 164 "http://amazingsportwear.com/wp-cron.php?doing_wp_cron=1575109098.4274060726165771484375" "WordPress/5.2.4; https://amazingsportwear.com" "-"
188.213.14.207 - - [30/Nov/2019:11:18:14 +0100] "GET /index.php? HTTP/1.1" 301 336 "-" "Mozilla/5.0 (Macintosh; Intel Mac OS X 10_14_5) AppleWebKit/605.1.15 (KHTML, like Gecko) Version/12.1.1 Safari/605.1.15" "-"
188.213.14.207 - - [30/Nov/2019:11:18:18 +0100] "GET / HTTP/1.1" 200 125581 "-" "Mozilla/5.0 (Macintosh; Intel Mac OS X 10_14_5) AppleWebKit/605.1.15 (KHTML, like Gecko) Version/12.1.1 Safari/605.1.15" "wpfront-notification-bar-landingpage=1"
188.213.14.207 - - [30/Nov/2019:11:18:24 +0100] "GET /wp-includes/js/wp-emoji-release.min.js?ver=5.2.4 HTTP/1.1" 200 14183 "https://amazingsportwear.com/" "Mozilla/5.0 (Macintosh; Intel Mac OS X 10_14_5) AppleWebKit/605.1.15 (KHTML, like Gecko) Version/12.1.1 Safari/605.1.15" "wpfront-notification-bar-landingpage=1"
188.213.14.207 - - [30/Nov/2019:11:18:24 +0100] "GET /wp-content/themes/shopper/style.css?ver=1.3.8 HTTP/1.1" 200 125315 "https://amazingsportwear.com/" "Mozilla/5.0 (Macintosh; Intel Mac OS X 10_14_5) AppleWebKit/605.1.15 (KHTML, like Gecko) Version/12.1.1 Safari/605.1.15" "wpfront-notification-bar-landingpage=1"
188.213.14.207 - - [30/Nov/2019:11:18:24 +0100] "GET /wp-content/plugins/cookie-law-info/public/css/cookie-law-info-gdpr.css?ver=1.7.6 HTTP/1.1" 200 12583 "https://amazingsportwear.com/" "Mozilla/5.0 (Macintosh; Intel Mac OS X 10_14_5) AppleWebKit/605.1.15 (KHTML, like Gecko) Version/12.1.1 Safari/605.1.15" "wpfront-notification-bar-landingpage=1"
188.213.14.207 - - [30/Nov/2019:11:18:24 +0100] "GET /wp-content/plugins/cookie-law-info/public/css/cookie-law-info-public.css?ver=1.7.6 HTTP/1.1" 200 3373 "https://amazingsportwear.com/" "Mozilla/5.0 (Macintosh; Intel Mac OS X 10_14_5) AppleWebKit/605.1.15 (KHTML, like Gecko) Version/12.1.1 Safari/605.1.15" "wpfront-notification-bar-landingpage=1"
188.213.14.207 - - [30/Nov/2019:11:18:24 +0100] "GET /wp-content/plugins/wpfront-notification-bar/css/wpfront-notification-bar.css?ver=1.7.1 HTTP/1.1" 200 3801 "https://amazingsportwear.com/" "Mozilla/5.0 (Macintosh; Intel Mac OS X 10_14_5) AppleWebKit/605.1.15 (KHTML, like Gecko) Version/12.1.1 Safari/605.1.15" "wpfront-notification-bar-landingpage=1"
188.213.14.207 - - [30/Nov/2019:11:18:24 +0100] "GET /wp-includes/css/dist/block-library/style.min.css?ver=5.2.4 HTTP/1.1" 200 29798 "https://amazingsportwear.com/" "Mozilla/5.0 (Macintosh; Intel Mac OS X 10_14_5) AppleWebKit/605.1.15 (KHTML, like Gecko) Version/12.1.1 Safari/605.1.15" "wpfront-notification-bar-landingpage=1"
188.213.14.207 - - [30/Nov/2019:11:18:24 +0100] "GET /wp-content/plugins/woocommerce/assets/css/blocks/style.css?ver=3.6.4 HTTP/1.1" 200 6835 "https://amazingsportwear.com/" "Mozilla/5.0 (Macintosh; Intel Mac OS X 10_14_5) AppleWebKit/605.1.15 (KHTML, like Gecko) Version/12.1.1 Safari/605.1.15" "wpfront-notification-bar-landingpage=1"
188.213.14.207 - - [30/Nov/2019:11:18:24 +0100] "GET /wp-content/plugins/simple-social-icons/css/style.css?ver=3.0.1 HTTP/1.1" 200 1562 "https://amazingsportwear.com/" "Mozilla/5.0 (Macintosh; Intel Mac OS X 10_14_5) AppleWebKit/605.1.15 (KHTML, like Gecko) Version/12.1.1 Safari/605.1.15" "wpfront-notification-bar-landingpage=1"
188.213.14.207 - - [30/Nov/2019:11:18:24 +0100] "GET /wp-content/plugins/elementor/assets/lib/font-awesome/css/font-awesome.min.css?ver=4.7.0 HTTP/1.1" 200 31365 "https://amazingsportwear.com/" "Mozilla/5.0 (Macintosh; Intel Mac OS X 10_14_5) AppleWebKit/605.1.15 (KHTML, like Gecko) Version/12.1.1 Safari/605.1.15" "wpfront-notification-bar-landingpage=1"
188.213.14.207 - - [30/Nov/2019:11:18:24 +0100] "GET /wp-content/uploads/elementor/css/global.css?ver=1559638744 HTTP/1.1" 200 5136 "https://amazingsportwear.com/" "Mozilla/5.0 (Macintosh; Intel Mac OS X 10_14_5) AppleWebKit/605.1.15 (KHTML, like Gecko) Version/12.1.1 Safari/605.1.15" "wpfront-notification-bar-landingpage=1"
188.213.14.207 - - [30/Nov/2019:11:18:24 +0100] "GET /wp-content/plugins/elementor/assets/lib/animations/animations.min.css?ver=2.5.16 HTTP/1.1" 200 18833 "https://amazingsportwear.com/" "Mozilla/5.0 (Macintosh; Intel Mac OS X 10_14_5) AppleWebKit/605.1.15 (KHTML, like Gecko) Version/12.1.1 Safari/605.1.15" "wpfront-notification-bar-landingpage=1"
188.213.14.207 - - [30/Nov/2019:11:18:24 +0100] "GET /wp-content/uploads/elementor/css/post-16241.css?ver=1562311573 HTTP/1.1" 200 4934 "https://amazingsportwear.com/" "Mozilla/5.0 (Macintosh; Intel Mac OS X 10_14_5) AppleWebKit/605.1.15 (KHTML, like Gecko) Version/12.1.1 Safari/605.1.15" "wpfront-notification-bar-landingpage=1"
188.213.14.207 - - [30/Nov/2019:11:18:24 +0100] "GET /wp-content/plugins/smart-slider-3/library/media/smartslider.min.css?1559118093 HTTP/1.1" 200 19959 "https://amazingsportwear.com/" "Mozilla/5.0 (Macintosh; Intel Mac OS X 10_14_5) AppleWebKit/605.1.15 (KHTML, like Gecko) Version/12.1.1 Safari/605.1.15" "wpfront-notification-bar-landingpage=1"
188.213.14.207 - - [30/Nov/2019:11:18:24 +0100] "GET /wp-content/plugins/elementor/assets/lib/eicons/css/elementor-icons.min.css?ver=4.3.0 HTTP/1.1" 200 11850 "https://amazingsportwear.com/" "Mozilla/5.0 (Macintosh; Intel Mac OS X 10_14_5) AppleWebKit/605.1.15 (KHTML, like Gecko) Version/12.1.1 Safari/605.1.15" "wpfront-notification-bar-landingpage=1"
188.213.14.207 - - [30/Nov/2019:11:18:24 +0100] "GET /wp-includes/js/jquery/jquery-migrate.min.js?ver=1.4.1 HTTP/1.1" 200 10399 "https://amazingsportwear.com/" "Mozilla/5.0 (Macintosh; Intel Mac OS X 10_14_5) AppleWebKit/605.1.15 (KHTML, like Gecko) Version/12.1.1 Safari/605.1.15" "wpfront-notification-bar-landingpage=1"
188.213.14.207 - - [30/Nov/2019:11:18:24 +0100] "GET /wp-content/plugins/cookie-law-info/public/js/cookie-law-info-public.js?ver=1.7.6 HTTP/1.1" 200 17076 "https://amazingsportwear.com/" "Mozilla/5.0 (Macintosh; Intel Mac OS X 10_14_5) AppleWebKit/605.1.15 (KHTML, like Gecko) Version/12.1.1 Safari/605.1.15" "wpfront-notification-bar-landingpage=1"
188.213.14.207 - - [30/Nov/2019:11:18:24 +0100] "GET /wp-content/plugins/elementor/assets/css/frontend.min.css?ver=2.5.16 HTTP/1.1" 200 95366 "https://amazingsportwear.com/" "Mozilla/5.0 (Macintosh; Intel Mac OS X 10_14_5) AppleWebKit/605.1.15 (KHTML, like Gecko) Version/12.1.1 Safari/605.1.15" "wpfront-notification-bar-landingpage=1"
188.213.14.207 - - [30/Nov/2019:11:18:24 +0100] "GET /wp-content/themes/shopper/assets/sass/woocommerce/woocommerce.css?ver=5.2.4 HTTP/1.1" 200 83534 "https://amazingsportwear.com/" "Mozilla/5.0 (Macintosh; Intel Mac OS X 10_14_5) AppleWebKit/605.1.15 (KHTML, like Gecko) Version/12.1.1 Safari/605.1.15" "wpfront-notification-bar-landingpage=1"
188.213.14.207 - - [30/Nov/2019:11:18:24 +0100] "GET /wp-includes/js/jquery/jquery.js?ver=1.12.4-wp HTTP/1.1" 200 97362 "https://amazingsportwear.com/" "Mozilla/5.0 (Macintosh; Intel Mac OS X 10_14_5) AppleWebKit/605.1.15 (KHTML, like Gecko) Version/12.1.1 Safari/605.1.15" "wpfront-notification-bar-landingpage=1"
188.213.14.207 - - [30/Nov/2019:11:18:24 +0100] "GET /wp-content/plugins/wpfront-notification-bar/jquery-plugins/jquery.c.js?ver=1.4.0 HTTP/1.1" 200 3437 "https://amazingsportwear.com/" "Mozilla/5.0 (Macintosh; Intel Mac OS X 10_14_5) AppleWebKit/605.1.15 (KHTML, like Gecko) Version/12.1.1 Safari/605.1.15" "wpfront-notification-bar-landingpage=1"
188.213.14.207 - - [30/Nov/2019:11:18:24 +0100] "GET /wp-content/plugins/wpfront-notification-bar/js/wpfront-notification-bar.js?ver=1.7.1 HTTP/1.1" 200 5662 "https://amazingsportwear.com/" "Mozilla/5.0 (Macintosh; Intel Mac OS X 10_14_5) AppleWebKit/605.1.15 (KHTML, like Gecko) Version/12.1.1 Safari/605.1.15" "wpfront-notification-bar-landingpage=1"
188.213.14.207 - - [30/Nov/2019:11:18:24 +0100] "GET /wp-content/plugins/simple-social-icons/svgxuse.js?ver=1.1.21 HTTP/1.1" 200 9580 "https://amazingsportwear.com/" "Mozilla/5.0 (Macintosh; Intel Mac OS X 10_14_5) AppleWebKit/605.1.15 (KHTML, like Gecko) Version/12.1.1 Safari/605.1.15" "wpfront-notification-bar-landingpage=1"
188.213.14.207 - - [30/Nov/2019:11:18:24 +0100] "GET /wp-content/plugins/smart-slider-3/nextend/media/dist/n2.min.js?1559118093 HTTP/1.1" 200 3836 "https://amazingsportwear.com/" "Mozilla/5.0 (Macintosh; Intel Mac OS X 10_14_5) AppleWebKit/605.1.15 (KHTML, like Gecko) Version/12.1.1 Safari/605.1.15" "wpfront-notification-bar-landingpage=1"
188.213.14.207 - - [30/Nov/2019:11:18:24 +0100] "GET /wp-content/plugins/smart-slider-3/library/media/plugins/type/simple/simple/dist/smartslider-simple-type-frontend.min.js?1559118093 HTTP/1.1" 200 18973 "https://amazingsportwear.com/" "Mozilla/5.0 (Macintosh; Intel Mac OS X 10_14_5) AppleWebKit/605.1.15 (KHTML, like Gecko) Version/12.1.1 Safari/605.1.15" "wpfront-notification-bar-landingpage=1"
188.213.14.207 - - [30/Nov/2019:11:18:24 +0100] "GET /wp-content/themes/shopper/assets/js/crm.js?ver=1561548510 HTTP/1.1" 200 874 "https://amazingsportwear.com/" "Mozilla/5.0 (Macintosh; Intel Mac OS X 10_14_5) AppleWebKit/605.1.15 (KHTML, like Gecko) Version/12.1.1 Safari/605.1.15" "wpfront-notification-bar-landingpage=1"
188.213.14.207 - - [30/Nov/2019:11:18:24 +0100] "GET /wp-content/plugins/smart-slider-3/library/media/dist/smartslider-frontend.min.js?1559118093 HTTP/1.1" 200 127293 "https://amazingsportwear.com/" "Mozilla/5.0 (Macintosh; Intel Mac OS X 10_14_5) AppleWebKit/605.1.15 (KHTML, like Gecko) Version/12.1.1 Safari/605.1.15" "wpfront-notification-bar-landingpage=1"
188.213.14.207 - - [30/Nov/2019:11:18:24 +0100] "GET /wp-content/plugins/smart-slider-3/nextend/media/dist/nextend-frontend.min.js?1559118093 HTTP/1.1" 200 86339 "https://amazingsportwear.com/" "Mozilla/5.0 (Macintosh; Intel Mac OS X 10_14_5) AppleWebKit/605.1.15 (KHTML, like Gecko) Version/12.1.1 Safari/605.1.15" "wpfront-notification-bar-landingpage=1"
188.213.14.207 - - [30/Nov/2019:11:18:24 +0100] "GET /wp-content/plugins/woocommerce/assets/js/jquery-blockui/jquery.blockUI.min.js?ver=2.70 HTTP/1.1" 200 9908 "https://amazingsportwear.com/" "Mozilla/5.0 (Macintosh; Intel Mac OS X 10_14_5) AppleWebKit/605.1.15 (KHTML, like Gecko) Version/12.1.1 Safari/605.1.15" "wpfront-notification-bar-landingpage=1"
188.213.14.207 - - [30/Nov/2019:11:18:24 +0100] "GET /wp-content/plugins/woocommerce/assets/js/frontend/add-to-cart.min.js?ver=3.6.4 HTTP/1.1" 200 2983 "https://amazingsportwear.com/" "Mozilla/5.0 (Macintosh; Intel Mac OS X 10_14_5) AppleWebKit/605.1.15 (KHTML, like Gecko) Version/12.1.1 Safari/605.1.15" "wpfront-notification-bar-landingpage=1"
188.213.14.207 - - [30/Nov/2019:11:18:24 +0100] "GET /wp-content/plugins/woocommerce/assets/js/frontend/woocommerce.min.js?ver=3.6.4 HTTP/1.1" 200 1813 "https://amazingsportwear.com/" "Mozilla/5.0 (Macintosh; Intel Mac OS X 10_14_5) AppleWebKit/605.1.15 (KHTML, like Gecko) Version/12.1.1 Safari/605.1.15" "wpfront-notification-bar-landingpage=1"
188.213.14.207 - - [30/Nov/2019:11:18:24 +0100] "GET /wp-content/plugins/woocommerce/assets/js/js-cookie/js.cookie.min.js?ver=2.1.4 HTTP/1.1" 200 2187 "https://amazingsportwear.com/" "Mozilla/5.0 (Macintosh; Intel Mac OS X 10_14_5) AppleWebKit/605.1.15 (KHTML, like Gecko) Version/12.1.1 Safari/605.1.15" "wpfront-notification-bar-landingpage=1"
188.213.14.207 - - [30/Nov/2019:11:18:24 +0100] "GET /wp-content/plugins/woocommerce/assets/js/frontend/cart-fragments.min.js?ver=3.6.4 HTTP/1.1" 200 3281 "https://amazingsportwear.com/" "Mozilla/5.0 (Macintosh; Intel Mac OS X 10_14_5) AppleWebKit/605.1.15 (KHTML, like Gecko) Version/12.1.1 Safari/605.1.15" "wpfront-notification-bar-landingpage=1"
188.213.14.207 - - [30/Nov/2019:11:18:24 +0100] "GET /wp-content/themes/shopper/assets/js/shopper.min.js?ver=1.3.8 HTTP/1.1" 200 5994 "https://amazingsportwear.com/" "Mozilla/5.0 (Macintosh; Intel Mac OS X 10_14_5) AppleWebKit/605.1.15 (KHTML, like Gecko) Version/12.1.1 Safari/605.1.15" "wpfront-notification-bar-landingpage=1"
188.213.14.207 - - [30/Nov/2019:11:18:24 +0100] "GET /wp-content/themes/shopper/assets/js/skip-link-focus-fix.js?ver=1.3.8 HTTP/1.1" 200 1023 "https://amazingsportwear.com/" "Mozilla/5.0 (Macintosh; Intel Mac OS X 10_14_5) AppleWebKit/605.1.15 (KHTML, like Gecko) Version/12.1.1 Safari/605.1.15" "wpfront-notification-bar-landingpage=1"
188.213.14.207 - - [30/Nov/2019:11:18:24 +0100] "GET /wp-includes/js/wp-embed.min.js?ver=5.2.4 HTTP/1.1" 200 1744 "https://amazingsportwear.com/" "Mozilla/5.0 (Macintosh; Intel Mac OS X 10_14_5) AppleWebKit/605.1.15 (KHTML, like Gecko) Version/12.1.1 Safari/605.1.15" "wpfront-notification-bar-landingpage=1"
188.213.14.207 - - [30/Nov/2019:11:18:24 +0100] "GET /wp-content/themes/shopper/assets/js/woocommerce/header-cart.min.js?ver=1.3.8 HTTP/1.1" 200 972 "https://amazingsportwear.com/" "Mozilla/5.0 (Macintosh; Intel Mac OS X 10_14_5) AppleWebKit/605.1.15 (KHTML, like Gecko) Version/12.1.1 Safari/605.1.15" "wpfront-notification-bar-landingpage=1"
188.213.14.207 - - [30/Nov/2019:11:18:24 +0100] "GET /wp-content/plugins/elementor/assets/lib/dialog/dialog.min.js?ver=4.7.1 HTTP/1.1" 200 10911 "https://amazingsportwear.com/" "Mozilla/5.0 (Macintosh; Intel Mac OS X 10_14_5) AppleWebKit/605.1.15 (KHTML, like Gecko) Version/12.1.1 Safari/605.1.15" "wpfront-notification-bar-landingpage=1"
