66.249.64.148 - - [12/Dec/2019:19:01:24 +0100] "GET / HTTP/1.1" 200 125808 "-" "Mozilla/5.0 (Linux; Android 6.0.1; Nexus 5X Build/MMB29P) AppleWebKit/537.36 (KHTML, like Gecko) Chrome/41.0.2272.96 Mobile Safari/537.36 (compatible; Googlebot/2.1; +http://www.google.com/bot.html)" "-"
66.249.64.146 - - [12/Dec/2019:19:02:47 +0100] "GET /wp-content/plugins/elementor/assets/js/frontend-modules.min.js?ver=2.5.16 HTTP/1.1" 200 14849 "https://amazingsportwear.com/" "Mozilla/5.0 (Linux; Android 6.0.1; Nexus 5X Build/MMB29P) AppleWebKit/537.36 (KHTML, like Gecko) Chrome/41.0.2272.96 Mobile Safari/537.36 (compatible; Googlebot/2.1; +http://www.google.com/bot.html)" "wpfront-notification-bar-landingpage=1"
217.76.130.90 - - [12/Dec/2019:19:02:49 +0100] "POST /wp-cron.php?doing_wp_cron=1576173769.8474121093750000000000 HTTP/1.1" 200 3389 "https://amazingsportwear.com/wp-cron.php?doing_wp_cron=1576173769.8474121093750000000000" "WordPress/5.2.4; https://amazingsportwear.com" "-"
66.249.64.146 - - [12/Dec/2019:19:02:49 +0100] "POST /?wc-ajax=get_refreshed_fragments HTTP/1.1" 200 1345 "https://amazingsportwear.com/" "Mozilla/5.0 (Linux; Android 6.0.1; Nexus 5X Build/MMB29P) AppleWebKit/537.36 (KHTML, like Gecko) Chrome/41.0.2272.96 Mobile Safari/537.36 (compatible; Googlebot/2.1; +http://www.google.com/bot.html)" "wpfront-notification-bar-landingpage=1; _ga=GA1.2.1884029788.1576108800; _gid=GA1.2.969013651.1576108800; _gat_gtag_UA_91619287_1=1"
207.46.13.120 - - [12/Dec/2019:19:02:57 +0100] "GET /wp-content/uploads/2017/03/aq-crono-naranja.jpg HTTP/1.1" 200 58931 "-" "Mozilla/5.0 (compatible; bingbot/2.0; +http://www.bing.com/bingbot.htm)" "-"
207.46.13.120 - - [12/Dec/2019:19:02:58 +0100] "GET /wp-content/uploads/2018/04/aq-armour-aerobic-espalda.jpg HTTP/1.1" 200 131446 "-" "Mozilla/5.0 (compatible; bingbot/2.0; +http://www.bing.com/bingbot.htm)" "-"
207.46.13.120 - - [12/Dec/2019:19:02:59 +0100] "GET /wp-content/uploads/2019/04/VANDIX-NARANJA.png HTTP/1.1" 200 136582 "-" "Mozilla/5.0 (compatible; bingbot/2.0; +http://www.bing.com/bingbot.htm)" "-"
207.46.13.120 - - [12/Dec/2019:19:03:01 +0100] "GET /wp-content/uploads/2017/03/CIF-T-1052.jpg HTTP/1.1" 200 57785 "-" "Mozilla/5.0 (compatible; bingbot/2.0; +http://www.bing.com/bingbot.htm)" "-"
207.46.13.120 - - [12/Dec/2019:19:03:02 +0100] "GET /wp-content/uploads/2018/04/aq-armour-aerobic-espalda.jpg HTTP/1.1" 200 131446 "-" "Mozilla/5.0 (compatible; bingbot/2.0; +http://www.bing.com/bingbot.htm)" "-"
207.46.13.120 - - [12/Dec/2019:19:03:03 +0100] "GET /wp-content/uploads/2017/03/eny-cubik-amarilla.jpg HTTP/1.1" 200 16803 "-" "Mozilla/5.0 (compatible; bingbot/2.0; +http://www.bing.com/bingbot.htm)" "-"
40.77.167.99 - - [12/Dec/2019:19:04:36 +0100] "GET /wp-content/uploads/2017/03/sa-6650_0155.jpg HTTP/1.1" 200 12963 "-" "Mozilla/5.0 (compatible; bingbot/2.0; +http://www.bing.com/bingbot.htm)" "-"
217.76.130.90 - - [12/Dec/2019:19:06:01 +0100] "POST /wp-cron.php?doing_wp_cron=1576173961.5712769031524658203125 HTTP/1.1" 200 3389 "https://amazingsportwear.com/wp-cron.php?doing_wp_cron=1576173961.5712769031524658203125" "WordPress/5.2.4; https://amazingsportwear.com" "-"
66.249.64.146 - - [12/Dec/2019:19:06:00 +0100] "GET /producto/gorra-kisse/ HTTP/1.1" 200 100454 "-" "Mozilla/5.0 (Linux; Android 6.0.1; Nexus 5X Build/MMB29P) AppleWebKit/537.36 (KHTML, like Gecko) Chrome/41.0.2272.96 Mobile Safari/537.36 (compatible; Googlebot/2.1; +http://www.google.com/bot.html)" "-"
207.46.13.36 - - [12/Dec/2019:19:06:38 +0100] "GET /wp-content/uploads/2017/03/sa-0425_55.jpg HTTP/1.1" 200 79506 "-" "Mozilla/5.0 (compatible; bingbot/2.0; +http://www.bing.com/bingbot.htm)" "-"
217.76.130.90 - - [12/Dec/2019:19:06:42 +0100] "POST /wp-cron.php?doing_wp_cron=1576174002.3643910884857177734375 HTTP/1.1" 200 3389 "https://amazingsportwear.com/wp-cron.php?doing_wp_cron=1576174002.3643910884857177734375" "WordPress/5.2.4; https://amazingsportwear.com" "-"
207.46.13.36 - - [12/Dec/2019:19:06:41 +0100] "GET /categoria-producto/deportes/baloncesto/ HTTP/1.1" 200 62974 "-" "Mozilla/5.0 (compatible; bingbot/2.0; +http://www.bing.com/bingbot.htm)" "-"
40.77.167.77 - - [12/Dec/2019:19:07:25 +0100] "GET /wp-content/uploads/2017/03/CIF-T-1053.jpg HTTP/1.1" 200 58523 "-" "Mozilla/5.0 (compatible; bingbot/2.0; +http://www.bing.com/bingbot.htm)" "-"
207.46.13.120 - - [12/Dec/2019:19:10:28 +0100] "GET /wp-content/uploads/2019/04/Bidon-boxter-3.png HTTP/1.1" 200 29112 "-" "Mozilla/5.0 (compatible; bingbot/2.0; +http://www.bing.com/bingbot.htm)" "-"
40.77.167.77 - - [12/Dec/2019:19:11:50 +0100] "GET /wp-content/uploads/2017/03/aq-cosmic-colores-1.jpg HTTP/1.1" 200 17428 "-" "Mozilla/5.0 (compatible; bingbot/2.0; +http://www.bing.com/bingbot.htm)" "-"
40.77.167.77 - - [12/Dec/2019:19:11:51 +0100] "GET /wp-content/uploads/2017/03/aq-crono-colores-1.jpg HTTP/1.1" 200 11946 "-" "Mozilla/5.0 (compatible; bingbot/2.0; +http://www.bing.com/bingbot.htm)" "-"
175.165.229.15 - - [12/Dec/2019:19:31:26 +0100] "GET /wp-content/uploads/2019/04/bolsa-deporte-young-3.png HTTP/1.1" 200 120360 "-" "Mozilla/5.0 (Linux; Android 7.0; FRD-AL00 Build/HUAWEIFRD-AL00; wv) AppleWebKit/537.36 (KHTML, like Gecko) Version/4.0 Chrome/53.0.2785.49 Mobile MQQBrowser/6.2 TBS/043602 Safari/537.36 MicroMessenger/6.5.16.1120 NetType/WIFI Language/zh_CN" "-"
217.76.130.90 - - [12/Dec/2019:19:31:48 +0100] "POST /wp-cron.php?doing_wp_cron=1576175508.3012158870697021484375 HTTP/1.1" 200 164 "http://amazingsportwear.com/wp-cron.php?doing_wp_cron=1576175508.3012158870697021484375" "WordPress/5.2.4; https://amazingsportwear.com" "-"
220.186.108.37 - - [12/Dec/2019:19:31:43 +0100] "GET /img/cms/tienda/aq-indoor-colores.JPG HTTP/1.1" 404 68027 "-" "Mozilla/5.0 (Linux; Android 7.0; FRD-AL00 Build/HUAWEIFRD-AL00; wv) AppleWebKit/537.36 (KHTML, like Gecko) Version/4.0 Chrome/53.0.2785.49 Mobile MQQBrowser/6.2 TBS/043602 Safari/537.36 MicroMessenger/6.5.16.1120 NetType/WIFI Language/zh_CN" "-"
42.242.11.229 - - [12/Dec/2019:19:31:52 +0100] "GET /wp-content/uploads/2018/05/cp-coolmax-1-300x300.jpg HTTP/1.1" 200 18830 "-" "Mozilla/5.0(Linux;Android 5.1.1;OPPO A33 Build/LMY47V;wv) AppleWebKit/537.36(KHTML,link Gecko) Version/4.0 Chrome/43.0.2357.121 Mobile Safari/537.36 LieBaoFast/4.51.3" "-"
106.57.151.231 - - [12/Dec/2019:19:31:59 +0100] "GET /etiqueta-producto/cuello-pico HTTP/1.1" 301 3553 "-" "Mozilla/5.0(Linux;Android 5.1.1;OPPO A33 Build/LMY47V;wv) AppleWebKit/537.36(KHTML,link Gecko) Version/4.0 Chrome/43.0.2357.121 Mobile Safari/537.36 LieBaoFast/4.51.3" "-"
217.76.130.90 - - [12/Dec/2019:19:32:03 +0100] "POST /wp-cron.php?doing_wp_cron=1576175523.9256570339202880859375 HTTP/1.1" 200 3389 "https://amazingsportwear.com/wp-cron.php?doing_wp_cron=1576175523.9256570339202880859375" "WordPress/5.2.4; https://amazingsportwear.com" "-"
106.57.151.231 - - [12/Dec/2019:19:32:03 +0100] "GET /etiqueta-producto/cuello-pico/ HTTP/1.1" 200 53827 "-" "Mozilla/5.0(Linux;Android 5.1.1;OPPO A33 Build/LMY47V;wv) AppleWebKit/537.36(KHTML,link Gecko) Version/4.0 Chrome/43.0.2357.121 Mobile Safari/537.36 LieBaoFast/4.51.3" "wpfront-notification-bar-landingpage=1"
112.113.155.74 - - [12/Dec/2019:19:32:02 +0100] "GET /wp-content/uploads/2017/03/aq-iron-azul.jpg HTTP/1.1" 200 319796 "-" "Mozilla/5.0(Linux;U;Android 5.1.1;zh-CN;OPPO A33 Build/LMY47V) AppleWebKit/537.36(KHTML,like Gecko) Version/4.0 Chrome/40.0.2214.89 UCBrowser/11.7.0.953 Mobile Safari/537.36" "-"
14.134.109.56 - - [12/Dec/2019:19:32:19 +0100] "GET /wp-content/uploads/2017/05/pant-basket1.jpg HTTP/1.1" 200 72683 "-" "Mozilla/5.0(Linux;Android 5.1.1;OPPO A33 Build/LMY47V;wv) AppleWebKit/537.36(KHTML,link Gecko) Version/4.0 Chrome/42.0.2311.138 Mobile Safari/537.36 Mb2345Browser/9.0" "-"
59.58.19.89 - - [12/Dec/2019:19:32:35 +0100] "GET /etiqueta-producto/camiseta-adulto/page/3 HTTP/1.1" 301 3564 "-" "Mozilla/5.0(Linux;Android 5.1.1;OPPO A33 Build/LMY47V;wv) AppleWebKit/537.36(KHTML,link Gecko) Version/4.0 Chrome/42.0.2311.138 Mobile Safari/537.36 Mb2345Browser/9.0" "-"
122.192.184.24 - - [12/Dec/2019:19:32:37 +0100] "GET /wp-content/uploads/2017/01/cam-portero1.jpg HTTP/1.1" 200 135485 "-" "Mozilla/5.0(Linux;Android 5.1.1;OPPO A33 Build/LMY47V;wv) AppleWebKit/537.36(KHTML,link Gecko) Version/4.0 Chrome/43.0.2357.121 Mobile Safari/537.36 LieBaoFast/4.51.3" "-"
59.58.19.89 - - [12/Dec/2019:19:32:39 +0100] "GET /etiqueta-producto/camiseta-adulto/page/3/ HTTP/1.1" 200 76744 "-" "Mozilla/5.0(Linux;Android 5.1.1;OPPO A33 Build/LMY47V;wv) AppleWebKit/537.36(KHTML,link Gecko) Version/4.0 Chrome/42.0.2311.138 Mobile Safari/537.36 Mb2345Browser/9.0" "wpfront-notification-bar-landingpage=1"
223.241.28.168 - - [12/Dec/2019:19:32:53 +0100] "GET /wp-content/uploads/2017/05/pant-basket1-300x300.jpg HTTP/1.1" 200 14203 "-" "Mozilla/5.0(Linux;Android 5.1.1;OPPO A33 Build/LMY47V;wv) AppleWebKit/537.36(KHTML,link Gecko) Version/4.0 Chrome/43.0.2357.121 Mobile Safari/537.36 LieBaoFast/4.51.3" "-"
36.56.149.211 - - [12/Dec/2019:19:32:53 +0100] "GET /etiqueta-producto/pantalon-corto-mujer HTTP/1.1" 301 3562 "-" "Mozilla/5.0(Linux;Android 5.1.1;OPPO A33 Build/LMY47V;wv) AppleWebKit/537.36(KHTML,link Gecko) Version/4.0 Chrome/43.0.2357.121 Mobile Safari/537.36 LieBaoFast/4.51.3" "-"
113.68.111.122 - - [12/Dec/2019:19:32:56 +0100] "GET /producto/mallas-deportivas-mujer-carla/ HTTP/1.1" 200 102615 "-" "Mozilla/5.0(Linux;Android 5.1.1;OPPO A33 Build/LMY47V;wv) AppleWebKit/537.36(KHTML,link Gecko) Version/4.0 Chrome/43.0.2357.121 Mobile Safari/537.36 LieBaoFast/4.51.3" "-"
117.69.129.21 - - [12/Dec/2019:19:32:57 +0100] "GET /etiqueta-producto/transpirable HTTP/1.1" 301 3554 "-" "Mozilla/5.0(Linux;Android 5.1.1;OPPO A33 Build/LMY47V;wv) AppleWebKit/537.36(KHTML,link Gecko) Version/4.0 Chrome/43.0.2357.121 Mobile Safari/537.36 LieBaoFast/4.51.3" "-"
36.56.149.211 - - [12/Dec/2019:19:32:58 +0100] "GET /etiqueta-producto/pantalon-corto-mujer/ HTTP/1.1" 200 53965 "-" "Mozilla/5.0(Linux;Android 5.1.1;OPPO A33 Build/LMY47V;wv) AppleWebKit/537.36(KHTML,link Gecko) Version/4.0 Chrome/43.0.2357.121 Mobile Safari/537.36 LieBaoFast/4.51.3" "wpfront-notification-bar-landingpage=1"
117.173.56.144 - - [12/Dec/2019:19:32:58 +0100] "GET /img/cms/tienda/CIF-T525-colores.JPG HTTP/1.1" 404 68030 "-" "Mozilla/5.0(Linux;Android 5.1.1;OPPO A33 Build/LMY47V;wv) AppleWebKit/537.36(KHTML,link Gecko) Version/4.0 Chrome/42.0.2311.138 Mobile Safari/537.36 Mb2345Browser/9.0" "-"
217.76.130.90 - - [12/Dec/2019:19:33:03 +0100] "POST /wp-cron.php?doing_wp_cron=1576175583.9112179279327392578125 HTTP/1.1" 200 3389 "https://amazingsportwear.com/wp-cron.php?doing_wp_cron=1576175583.9112179279327392578125" "WordPress/5.2.4; https://amazingsportwear.com" "-"
117.69.129.21 - - [12/Dec/2019:19:33:03 +0100] "GET /etiqueta-producto/transpirable/ HTTP/1.1" 200 55271 "-" "Mozilla/5.0(Linux;Android 5.1.1;OPPO A33 Build/LMY47V;wv) AppleWebKit/537.36(KHTML,link Gecko) Version/4.0 Chrome/43.0.2357.121 Mobile Safari/537.36 LieBaoFast/4.51.3" "wpfront-notification-bar-landingpage=1"
223.244.153.159 - - [12/Dec/2019:19:33:08 +0100] "GET /categoria-producto/inicio/ropa-amazing-sport-wear/futbol-ropa-amazing-sport-wear?add-to-cart=18678 HTTP/1.1" 301 4863 "-" "Mozilla/5.0 (Linux; Android 7.0; FRD-AL00 Build/HUAWEIFRD-AL00; wv) AppleWebKit/537.36 (KHTML, like Gecko) Version/4.0 Chrome/53.0.2785.49 Mobile MQQBrowser/6.2 TBS/043602 Safari/537.36 MicroMessenger/6.5.16.1120 NetType/WIFI Language/zh_CN" "-"
223.244.153.159 - - [12/Dec/2019:19:33:11 +0100] "GET /categoria-producto/inicio/ropa-amazing-sport-wear/futbol-ropa-amazing-sport-wear/?add-to-cart=18678 HTTP/1.1" 200 69155 "-" "Mozilla/5.0 (Linux; Android 7.0; FRD-AL00 Build/HUAWEIFRD-AL00; wv) AppleWebKit/537.36 (KHTML, like Gecko) Version/4.0 Chrome/53.0.2785.49 Mobile MQQBrowser/6.2 TBS/043602 Safari/537.36 MicroMessenger/6.5.16.1120 NetType/WIFI Language/zh_CN" "woocommerce_cart_hash=4124c28410e9152fd0477c6fc589209e; woocommerce_items_in_cart=1; wp_woocommerce_session_fb86dbb0e6335d960ea3e94e06b25287=f7acafcfc6237f48f638d5b7020a4bbf%7C%7C1576348389%7C%7C1576344789%7C%7C3ea2c39bf5e7c2aea66f140967e758ce; wpfront-notification-bar-landingpage=1"
180.125.17.186 - - [12/Dec/2019:19:33:21 +0100] "GET /aviso-legal HTTP/1.1" 301 3535 "-" "Mozilla/5.0 (Linux; Android 7.0; FRD-AL00 Build/HUAWEIFRD-AL00; wv) AppleWebKit/537.36 (KHTML, like Gecko) Version/4.0 Chrome/53.0.2785.49 Mobile MQQBrowser/6.2 TBS/043602 Safari/537.36 MicroMessenger/6.5.16.1120 NetType/WIFI Language/zh_CN" "-"
180.125.17.186 - - [12/Dec/2019:19:33:29 +0100] "GET /aviso-legal/ HTTP/1.1" 200 58457 "-" "Mozilla/5.0 (Linux; Android 7.0; FRD-AL00 Build/HUAWEIFRD-AL00; wv) AppleWebKit/537.36 (KHTML, like Gecko) Version/4.0 Chrome/53.0.2785.49 Mobile MQQBrowser/6.2 TBS/043602 Safari/537.36 MicroMessenger/6.5.16.1120 NetType/WIFI Language/zh_CN" "wpfront-notification-bar-landingpage=1"
111.72.136.229 - - [12/Dec/2019:19:33:48 +0100] "GET /categoria-producto/accesorios/guantes HTTP/1.1" 301 3561 "-" "Mozilla/5.0(Linux;Android 5.1.1;OPPO A33 Build/LMY47V;wv) AppleWebKit/537.36(KHTML,link Gecko) Version/4.0 Chrome/42.0.2311.138 Mobile Safari/537.36 Mb2345Browser/9.0" "-"
111.72.136.229 - - [12/Dec/2019:19:33:53 +0100] "GET /categoria-producto/accesorios/guantes/ HTTP/1.1" 200 55037 "-" "Mozilla/5.0(Linux;Android 5.1.1;OPPO A33 Build/LMY47V;wv) AppleWebKit/537.36(KHTML,link Gecko) Version/4.0 Chrome/42.0.2311.138 Mobile Safari/537.36 Mb2345Browser/9.0" "wpfront-notification-bar-landingpage=1"
117.31.177.254 - - [12/Dec/2019:19:33:59 +0100] "GET /producto/camiseta-portero-futbol-manga-larga-2 HTTP/1.1" 301 3570 "-" "Mozilla/5.0 (Linux; Android 7.0; FRD-AL00 Build/HUAWEIFRD-AL00; wv) AppleWebKit/537.36 (KHTML, like Gecko) Version/4.0 Chrome/53.0.2785.49 Mobile MQQBrowser/6.2 TBS/043602 Safari/537.36 MicroMessenger/6.5.16.1120 NetType/WIFI Language/zh_CN" "-"
115.217.111.41 - - [12/Dec/2019:19:34:01 +0100] "GET /categoria-producto/seis HTTP/1.1" 301 3547 "-" "Mozilla/5.0(Linux;Android 5.1.1;OPPO A33 Build/LMY47V;wv) AppleWebKit/537.36(KHTML,link Gecko) Version/4.0 Chrome/43.0.2357.121 Mobile Safari/537.36 LieBaoFast/4.51.3" "-"
217.76.130.90 - - [12/Dec/2019:19:34:03 +0100] "POST /wp-cron.php?doing_wp_cron=1576175643.1797890663146972656250 HTTP/1.1" 200 3389 "https://amazingsportwear.com/wp-cron.php?doing_wp_cron=1576175643.1797890663146972656250" "WordPress/5.2.4; https://amazingsportwear.com" "-"
117.31.177.254 - - [12/Dec/2019:19:34:02 +0100] "GET /producto/camiseta-portero-futbol-manga-larga-2/ HTTP/1.1" 200 76178 "-" "Mozilla/5.0 (Linux; Android 7.0; FRD-AL00 Build/HUAWEIFRD-AL00; wv) AppleWebKit/537.36 (KHTML, like Gecko) Version/4.0 Chrome/53.0.2785.49 Mobile MQQBrowser/6.2 TBS/043602 Safari/537.36 MicroMessenger/6.5.16.1120 NetType/WIFI Language/zh_CN" "wpfront-notification-bar-landingpage=1"
114.232.105.56 - - [12/Dec/2019:19:34:08 +0100] "GET /producto/camiseta-portero-futbol-manga-larga HTTP/1.1" 301 3568 "-" "Mozilla/5.0(Linux;Android 5.1.1;OPPO A33 Build/LMY47V;wv) AppleWebKit/537.36(KHTML,link Gecko) Version/4.0 Chrome/42.0.2311.138 Mobile Safari/537.36 Mb2345Browser/9.0" "-"
115.217.111.41 - - [12/Dec/2019:19:34:09 +0100] "GET /categoria-producto/seis/ HTTP/1.1" 200 61176 "-" "Mozilla/5.0(Linux;Android 5.1.1;OPPO A33 Build/LMY47V;wv) AppleWebKit/537.36(KHTML,link Gecko) Version/4.0 Chrome/43.0.2357.121 Mobile Safari/537.36 LieBaoFast/4.51.3" "wpfront-notification-bar-landingpage=1"
114.232.105.56 - - [12/Dec/2019:19:34:20 +0100] "GET /producto/camiseta-portero-futbol-manga-larga/ HTTP/1.1" 200 92169 "-" "Mozilla/5.0(Linux;Android 5.1.1;OPPO A33 Build/LMY47V;wv) AppleWebKit/537.36(KHTML,link Gecko) Version/4.0 Chrome/42.0.2311.138 Mobile Safari/537.36 Mb2345Browser/9.0" "wpfront-notification-bar-landingpage=1"
217.76.130.90 - - [12/Dec/2019:19:35:05 +0100] "POST /wp-cron.php?doing_wp_cron=1576175705.5231380462646484375000 HTTP/1.1" 200 3389 "https://amazingsportwear.com/wp-cron.php?doing_wp_cron=1576175705.5231380462646484375000" "WordPress/5.2.4; https://amazingsportwear.com" "-"
117.69.145.219 - - [12/Dec/2019:19:35:04 +0100] "GET /categoria-producto/mujer/polostecnicos-mujer/ HTTP/1.1" 200 66799 "-" "Mozilla/5.0(Linux;Android 5.1.1;OPPO A33 Build/LMY47V;wv) AppleWebKit/537.36(KHTML,link Gecko) Version/4.0 Chrome/42.0.2311.138 Mobile Safari/537.36 Mb2345Browser/9.0" "-"
40.77.167.99 - - [12/Dec/2019:19:35:28 +0100] "GET /producto/gorra-sport/ HTTP/1.1" 200 102157 "-" "Mozilla/5.0 (compatible; bingbot/2.0; +http://www.bing.com/bingbot.htm)" "-"
207.46.13.120 - - [12/Dec/2019:19:38:19 +0100] "GET /wp-content/uploads/2019/04/VANDIX-NARANJA.png HTTP/1.1" 200 139945 "-" "Mozilla/5.0 (compatible; bingbot/2.0; +http://www.bing.com/bingbot.htm)" "-"
40.77.167.77 - - [12/Dec/2019:19:41:02 +0100] "GET /wp-content/uploads/2019/04/Bidon-boxter-4.png HTTP/1.1" 200 65696 "-" "Mozilla/5.0 (compatible; bingbot/2.0; +http://www.bing.com/bingbot.htm)" "-"
40.77.167.99 - - [12/Dec/2019:19:41:22 +0100] "GET /wp-content/uploads/2019/04/Bidon-boxter-1.png HTTP/1.1" 200 61155 "-" "Mozilla/5.0 (compatible; bingbot/2.0; +http://www.bing.com/bingbot.htm)" "-"
40.77.167.99 - - [12/Dec/2019:19:45:47 +0100] "GET /wp-content/uploads/2019/04/gorra-tecnica-rosa.png HTTP/1.1" 200 81554 "-" "Mozilla/5.0 (compatible; bingbot/2.0; +http://www.bing.com/bingbot.htm)" "-"
217.76.130.90 - - [12/Dec/2019:19:48:48 +0100] "POST /wp-cron.php?doing_wp_cron=1576176528.8952350616455078125000 HTTP/1.1" 200 164 "http://amazingsportwear.com/wp-cron.php?doing_wp_cron=1576176528.8952350616455078125000" "WordPress/5.2.4; https://amazingsportwear.com" "-"
40.77.167.99 - - [12/Dec/2019:19:48:46 +0100] "GET /img/cms/tallaje-camisetaABColor.jpg HTTP/1.1" 404 68092 "-" "Mozilla/5.0 (compatible; bingbot/2.0; +http://www.bing.com/bingbot.htm)" "-"
207.46.13.26 - - [12/Dec/2019:19:51:18 +0100] "GET /wp-content/uploads/2019/04/Mochila-keisy-2.png HTTP/1.1" 200 83184 "-" "Mozilla/5.0 (compatible; bingbot/2.0; +http://www.bing.com/bingbot.htm)" "-"
40.77.167.77 - - [12/Dec/2019:19:52:56 +0100] "GET /wp-content/uploads/2017/03/CAT-5248-21-300x300.jpg HTTP/1.1" 200 13692 "-" "Mozilla/5.0 (compatible; bingbot/2.0; +http://www.bing.com/bingbot.htm)" "-"
207.46.13.120 - - [12/Dec/2019:19:58:55 +0100] "GET /wp-content/uploads/2019/04/Mochila-keisy-1.png HTTP/1.1" 200 85160 "-" "Mozilla/5.0 (compatible; bingbot/2.0; +http://www.bing.com/bingbot.htm)" "-"
40.77.167.77 - - [12/Dec/2019:19:59:04 +0100] "GET /wp-content/uploads/2017/02/braga-cuello-futbol.jpg HTTP/1.1" 200 123298 "-" "Mozilla/5.0 (compatible; bingbot/2.0; +http://www.bing.com/bingbot.htm)" "-"
207.46.13.120 - - [12/Dec/2019:20:00:31 +0100] "GET /wp-content/uploads/2019/04/bidon-match-2.png HTTP/1.1" 200 134210 "-" "Mozilla/5.0 (compatible; bingbot/2.0; +http://www.bing.com/bingbot.htm)" "-"
217.76.130.90 - - [12/Dec/2019:20:21:51 +0100] "POST /wp-cron.php?doing_wp_cron=1576178511.2467091083526611328125 HTTP/1.1" 200 164 "http://amazingsportwear.com/wp-cron.php?doing_wp_cron=1576178511.2467091083526611328125" "WordPress/5.2.4; https://amazingsportwear.com" "-"
46.119.167.89 - - [12/Dec/2019:20:21:50 +0100] "GET /producto/camiseta-tecnica-manga-larga-sa-0415/ HTTP/1.1" 200 66592 "https://sudachitravel.com/" "Mozilla/4.0 (compatible; MSIE 5.5; Windows NT 5.0)" "-"
46.119.167.89 - - [12/Dec/2019:20:21:48 +0100] "GET /producto/camiseta-tecnica-manga-larga-sa-0415/ HTTP/1.1" 200 66592 "https://sudachitravel.com/" "Mozilla/4.0 (compatible; MSIE 5.5; Windows NT 5.0)" "-"
46.119.167.89 - - [12/Dec/2019:20:21:47 +0100] "GET /producto/camiseta-tecnica-manga-larga-sa-0415/ HTTP/1.1" 200 66592 "https://sudachitravel.com/" "Mozilla/4.0 (compatible; MSIE 5.5; Windows NT 5.0)" "-"
40.77.167.99 - - [12/Dec/2019:20:22:40 +0100] "GET /wp-content/uploads/2017/03/aq-crono-joven.jpg HTTP/1.1" 200 158209 "-" "Mozilla/5.0 (compatible; bingbot/2.0; +http://www.bing.com/bingbot.htm)" "-"
40.77.167.99 - - [12/Dec/2019:20:22:41 +0100] "GET /wp-content/uploads/2017/03/sa-0425_12-300x300.jpg HTTP/1.1" 200 25203 "-" "Mozilla/5.0 (compatible; bingbot/2.0; +http://www.bing.com/bingbot.htm)" "-"
207.46.13.120 - - [12/Dec/2019:20:26:38 +0100] "GET /wp-content/uploads/2017/03/eny-cubik-naranja.jpg HTTP/1.1" 200 20183 "-" "Mozilla/5.0 (compatible; bingbot/2.0; +http://www.bing.com/bingbot.htm)" "-"
217.76.130.90 - - [12/Dec/2019:20:27:40 +0100] "POST /wp-cron.php?doing_wp_cron=1576178860.7503430843353271484375 HTTP/1.1" 200 164 "http://amazingsportwear.com/wp-cron.php?doing_wp_cron=1576178860.7503430843353271484375" "WordPress/5.2.4; https://amazingsportwear.com" "-"
125.118.74.243 - - [12/Dec/2019:20:27:39 +0100] "GET /img/cms/tienda/aq-tandem-colores2.PNG HTTP/1.1" 404 68029 "-" "Mozilla/5.0(Linux;Android 5.1.1;OPPO A33 Build/LMY47V;wv) AppleWebKit/537.36(KHTML,link Gecko) Version/4.0 Chrome/42.0.2311.138 Mobile Safari/537.36 Mb2345Browser/9.0" "-"
117.93.177.101 - - [12/Dec/2019:20:27:54 +0100] "GET /wp-content/uploads/2018/02/SA-1029_gris.png HTTP/1.1" 200 214846 "-" "Mozilla/5.0(Linux;Android 5.1.1;OPPO A33 Build/LMY47V;wv) AppleWebKit/537.36(KHTML,link Gecko) Version/4.0 Chrome/42.0.2311.138 Mobile Safari/537.36 Mb2345Browser/9.0" "-"
217.76.130.90 - - [12/Dec/2019:20:28:06 +0100] "POST /wp-cron.php?doing_wp_cron=1576178886.7779650688171386718750 HTTP/1.1" 200 164 "http://amazingsportwear.com/wp-cron.php?doing_wp_cron=1576178886.7779650688171386718750" "WordPress/5.2.4; https://amazingsportwear.com" "-"
222.220.154.87 - - [12/Dec/2019:20:28:06 +0100] "GET /img/cms/tienda/pf-39085-colores.JPG HTTP/1.1" 404 68020 "-" "Mozilla/5.0(Linux;Android 5.1.1;OPPO A33 Build/LMY47V;wv) AppleWebKit/537.36(KHTML,link Gecko) Version/4.0 Chrome/42.0.2311.138 Mobile Safari/537.36 Mb2345Browser/9.0" "-"
111.72.137.190 - - [12/Dec/2019:20:28:15 +0100] "GET /img/cms/kit%20emergencia%20yardim.PNG HTTP/1.1" 404 72042 "-" "Mozilla/5.0(Linux;Android 5.1.1;OPPO A33 Build/LMY47V;wv) AppleWebKit/537.36(KHTML,link Gecko) Version/4.0 Chrome/43.0.2357.121 Mobile Safari/537.36 LieBaoFast/4.51.3" "-"
182.109.185.136 - - [12/Dec/2019:20:28:21 +0100] "GET /img/cms/tienda/CIF-T-611-colores.JPG HTTP/1.1" 404 68062 "-" "Mozilla/5.0(Linux;Android 5.1.1;OPPO A33 Build/LMY47V;wv) AppleWebKit/537.36(KHTML,link Gecko) Version/4.0 Chrome/43.0.2357.121 Mobile Safari/537.36 LieBaoFast/4.51.3" "-"
40.77.167.99 - - [12/Dec/2019:20:28:23 +0100] "GET /wp-content/uploads/2017/03/sa-6650_0160.jpg HTTP/1.1" 200 14953 "-" "Mozilla/5.0 (compatible; bingbot/2.0; +http://www.bing.com/bingbot.htm)" "-"
180.117.127.6 - - [12/Dec/2019:20:28:49 +0100] "GET /etiqueta-producto/camiseta-mujer HTTP/1.1" 301 3556 "-" "Mozilla/5.0(Linux;Android 5.1.1;OPPO A33 Build/LMY47V;wv) AppleWebKit/537.36(KHTML,link Gecko) Version/4.0 Chrome/43.0.2357.121 Mobile Safari/537.36 LieBaoFast/4.51.3" "-"
183.161.7.221 - - [12/Dec/2019:20:28:53 +0100] "GET /etiqueta-producto/bermuda HTTP/1.1" 301 3549 "-" "Mozilla/5.0(Linux;Android 5.1.1;OPPO A33 Build/LMY47V;wv) AppleWebKit/537.36(KHTML,link Gecko) Version/4.0 Chrome/43.0.2357.121 Mobile Safari/537.36 LieBaoFast/4.51.3" "-"
180.117.127.6 - - [12/Dec/2019:20:28:57 +0100] "GET /etiqueta-producto/camiseta-mujer/ HTTP/1.1" 200 75993 "-" "Mozilla/5.0(Linux;Android 5.1.1;OPPO A33 Build/LMY47V;wv) AppleWebKit/537.36(KHTML,link Gecko) Version/4.0 Chrome/43.0.2357.121 Mobile Safari/537.36 LieBaoFast/4.51.3" "wpfront-notification-bar-landingpage=1"
217.76.130.90 - - [12/Dec/2019:20:29:06 +0100] "POST /wp-cron.php?doing_wp_cron=1576178946.6405990123748779296875 HTTP/1.1" 200 3389 "https://amazingsportwear.com/wp-cron.php?doing_wp_cron=1576178946.6405990123748779296875" "WordPress/5.2.4; https://amazingsportwear.com" "-"
183.161.7.221 - - [12/Dec/2019:20:29:06 +0100] "GET /etiqueta-producto/bermuda/ HTTP/1.1" 200 53712 "-" "Mozilla/5.0(Linux;Android 5.1.1;OPPO A33 Build/LMY47V;wv) AppleWebKit/537.36(KHTML,link Gecko) Version/4.0 Chrome/43.0.2357.121 Mobile Safari/537.36 LieBaoFast/4.51.3" "wpfront-notification-bar-landingpage=1"
114.223.169.205 - - [12/Dec/2019:20:29:45 +0100] "GET /etiqueta-producto/braga HTTP/1.1" 301 3547 "-" "Mozilla/5.0(Linux;Android 5.1.1;OPPO A33 Build/LMY47V;wv) AppleWebKit/537.36(KHTML,link Gecko) Version/4.0 Chrome/42.0.2311.138 Mobile Safari/537.36 Mb2345Browser/9.0" "-"
119.85.7.206 - - [12/Dec/2019:20:29:48 +0100] "GET /categoria-producto/mujer/faldas HTTP/1.1" 301 3555 "-" "Mozilla/5.0(Linux;Android 5.1.1;OPPO A33 Build/LMY47V;wv) AppleWebKit/537.36(KHTML,link Gecko) Version/4.0 Chrome/43.0.2357.121 Mobile Safari/537.36 LieBaoFast/4.51.3" "-"
119.85.7.206 - - [12/Dec/2019:20:29:53 +0100] "GET /categoria-producto/mujer/faldas/ HTTP/1.1" 200 56784 "-" "Mozilla/5.0(Linux;Android 5.1.1;OPPO A33 Build/LMY47V;wv) AppleWebKit/537.36(KHTML,link Gecko) Version/4.0 Chrome/43.0.2357.121 Mobile Safari/537.36 LieBaoFast/4.51.3" "wpfront-notification-bar-landingpage=1"
42.59.109.122 - - [12/Dec/2019:20:29:55 +0100] "GET /producto/lavero-triumph/ HTTP/1.1" 200 94170 "-" "Mozilla/5.0(Linux;Android 5.1.1;OPPO A33 Build/LMY47V;wv) AppleWebKit/537.36(KHTML,link Gecko) Version/4.0 Chrome/43.0.2357.121 Mobile Safari/537.36 LieBaoFast/4.51.3" "-"
60.185.65.93 - - [12/Dec/2019:20:30:00 +0100] "GET /categoria-producto/deportes/futbol HTTP/1.1" 301 3558 "-" "Mozilla/5.0(Linux;U;Android 5.1.1;zh-CN;OPPO A33 Build/LMY47V) AppleWebKit/537.36(KHTML,like Gecko) Version/4.0 Chrome/40.0.2214.89 UCBrowser/11.7.0.953 Mobile Safari/537.36" "-"
42.242.11.39 - - [12/Dec/2019:20:30:00 +0100] "GET /producto/culoute-largo-ciclismo/ HTTP/1.1" 200 92014 "-" "Mozilla/5.0(Linux;Android 5.1.1;OPPO A33 Build/LMY47V;wv) AppleWebKit/537.36(KHTML,link Gecko) Version/4.0 Chrome/43.0.2357.121 Mobile Safari/537.36 LieBaoFast/4.51.3" "-"
217.76.130.90 - - [12/Dec/2019:20:30:12 +0100] "POST /wp-cron.php?doing_wp_cron=1576179012.2385408878326416015625 HTTP/1.1" 200 3389 "https://amazingsportwear.com/wp-cron.php?doing_wp_cron=1576179012.2385408878326416015625" "WordPress/5.2.4; https://amazingsportwear.com" "-"
60.185.65.93 - - [12/Dec/2019:20:30:11 +0100] "GET /categoria-producto/deportes/futbol/ HTTP/1.1" 200 66101 "-" "Mozilla/5.0(Linux;U;Android 5.1.1;zh-CN;OPPO A33 Build/LMY47V) AppleWebKit/537.36(KHTML,like Gecko) Version/4.0 Chrome/40.0.2214.89 UCBrowser/11.7.0.953 Mobile Safari/537.36" "wpfront-notification-bar-landingpage=1"
121.57.165.141 - - [12/Dec/2019:20:30:31 +0100] "GET /etiqueta-producto/guante-tactil HTTP/1.1" 301 3555 "-" "Mozilla/5.0 (Linux; Android 7.0; FRD-AL00 Build/HUAWEIFRD-AL00; wv) AppleWebKit/537.36 (KHTML, like Gecko) Version/4.0 Chrome/53.0.2785.49 Mobile MQQBrowser/6.2 TBS/043602 Safari/537.36 MicroMessenger/6.5.16.1120 NetType/WIFI Language/zh_CN" "-"
121.57.165.141 - - [12/Dec/2019:20:30:34 +0100] "GET /etiqueta-producto/guante-tactil/ HTTP/1.1" 200 53868 "-" "Mozilla/5.0 (Linux; Android 7.0; FRD-AL00 Build/HUAWEIFRD-AL00; wv) AppleWebKit/537.36 (KHTML, like Gecko) Version/4.0 Chrome/53.0.2785.49 Mobile MQQBrowser/6.2 TBS/043602 Safari/537.36 MicroMessenger/6.5.16.1120 NetType/WIFI Language/zh_CN" "wpfront-notification-bar-landingpage=1"
110.52.224.191 - - [12/Dec/2019:20:30:39 +0100] "GET /producto/braga-cuello-atletismo HTTP/1.1" 301 3555 "-" "Mozilla/5.0(Linux;U;Android 5.1.1;zh-CN;OPPO A33 Build/LMY47V) AppleWebKit/537.36(KHTML,like Gecko) Version/4.0 Chrome/40.0.2214.89 UCBrowser/11.7.0.953 Mobile Safari/537.36" "-"
110.52.224.191 - - [12/Dec/2019:20:30:41 +0100] "GET /producto/braga-cuello-atletismo/ HTTP/1.1" 200 96338 "-" "Mozilla/5.0(Linux;U;Android 5.1.1;zh-CN;OPPO A33 Build/LMY47V) AppleWebKit/537.36(KHTML,like Gecko) Version/4.0 Chrome/40.0.2214.89 UCBrowser/11.7.0.953 Mobile Safari/537.36" "wpfront-notification-bar-landingpage=1"
117.87.61.36 - - [12/Dec/2019:20:30:45 +0100] "GET /categoria-producto/inicio/ropa-amazing-sport-wear/futbol-ropa-amazing-sport-wear?add-to-cart=18682 HTTP/1.1" 301 4863 "-" "Mozilla/5.0(Linux;Android 5.1.1;OPPO A33 Build/LMY47V;wv) AppleWebKit/537.36(KHTML,link Gecko) Version/4.0 Chrome/43.0.2357.121 Mobile Safari/537.36 LieBaoFast/4.51.3" "-"
112.244.242.53 - - [12/Dec/2019:20:30:50 +0100] "GET /etiqueta-producto/camiseta-tecnica/page/2 HTTP/1.1" 301 3565 "-" "Mozilla/5.0(Linux;U;Android 5.1.1;zh-CN;OPPO A33 Build/LMY47V) AppleWebKit/537.36(KHTML,like Gecko) Version/4.0 Chrome/40.0.2214.89 UCBrowser/11.7.0.953 Mobile Safari/537.36" "-"
112.244.242.53 - - [12/Dec/2019:20:30:52 +0100] "GET /etiqueta-producto/camiseta-tecnica/page/2/ HTTP/1.1" 200 77197 "-" "Mozilla/5.0(Linux;U;Android 5.1.1;zh-CN;OPPO A33 Build/LMY47V) AppleWebKit/537.36(KHTML,like Gecko) Version/4.0 Chrome/40.0.2214.89 UCBrowser/11.7.0.953 Mobile Safari/537.36" "wpfront-notification-bar-landingpage=1"
117.57.39.180 - - [12/Dec/2019:20:31:01 +0100] "GET /politica-de-privacidad-rgpd-2018/ HTTP/1.1" 200 75181 "-" "Mozilla/5.0(Linux;U;Android 5.1.1;zh-CN;OPPO A33 Build/LMY47V) AppleWebKit/537.36(KHTML,like Gecko) Version/4.0 Chrome/40.0.2214.89 UCBrowser/11.7.0.953 Mobile Safari/537.36" "-"
191.98.137.71 - - [12/Dec/2019:20:42:47 +0100] "GET /wp-content/uploads/2019/04/Gorra-sport-10.png HTTP/1.1" 200 60426 "https://www.google.com/" "Mozilla/5.0 (Windows NT 10.0; Win64; x64) AppleWebKit/537.36 (KHTML, like Gecko) Chrome/77.0.3865.90 Safari/537.36" "-"
191.98.137.71 - - [12/Dec/2019:20:42:54 +0100] "GET /wp-content/uploads/2019/04/Gorra-sport-10.png HTTP/1.1" 200 60426 "-" "Mozilla/5.0 (compatible; MSIE 10.0; Windows NT 10.0; WOW64; Trident/7.0; ms-office; MSOffice 16)" "-"
217.76.130.90 - - [12/Dec/2019:20:45:03 +0100] "POST /wp-cron.php?doing_wp_cron=1576179903.4905989170074462890625 HTTP/1.1" 200 3389 "https://amazingsportwear.com/wp-cron.php?doing_wp_cron=1576179903.4905989170074462890625" "WordPress/5.2.4; https://amazingsportwear.com" "-"
84.78.26.2 - - [12/Dec/2019:20:45:01 +0100] "GET /producto/camiseta-tecnic-rox-cat-5247/ HTTP/1.1" 200 107974 "-" "Mozilla/5.0 (iPhone; CPU iPhone OS 13_1_3 like Mac OS X) AppleWebKit/605.1.15 (KHTML, like Gecko) Version/13.0.1 Mobile/15E148 Safari/604.1" "-"
84.78.26.2 - - [12/Dec/2019:20:45:04 +0100] "GET /wp-content/plugins/cookie-law-info/public/css/cookie-law-info-public.css?ver=1.7.6 HTTP/1.1" 200 3235 "https://amazingsportwear.com/producto/camiseta-tecnic-rox-cat-5247/" "Mozilla/5.0 (iPhone; CPU iPhone OS 13_1_3 like Mac OS X) AppleWebKit/605.1.15 (KHTML, like Gecko) Version/13.0.1 Mobile/15E148 Safari/604.1" "-"
84.78.26.2 - - [12/Dec/2019:20:45:04 +0100] "GET /wp-content/plugins/cookie-law-info/public/css/cookie-law-info-gdpr.css?ver=1.7.6 HTTP/1.1" 200 12445 "https://amazingsportwear.com/producto/camiseta-tecnic-rox-cat-5247/" "Mozilla/5.0 (iPhone; CPU iPhone OS 13_1_3 like Mac OS X) AppleWebKit/605.1.15 (KHTML, like Gecko) Version/13.0.1 Mobile/15E148 Safari/604.1" "-"
84.78.26.2 - - [12/Dec/2019:20:45:04 +0100] "GET /wp-content/plugins/woocommerce/assets/css/photoswipe/photoswipe.css?ver=3.6.4 HTTP/1.1" 200 4472 "https://amazingsportwear.com/producto/camiseta-tecnic-rox-cat-5247/" "Mozilla/5.0 (iPhone; CPU iPhone OS 13_1_3 like Mac OS X) AppleWebKit/605.1.15 (KHTML, like Gecko) Version/13.0.1 Mobile/15E148 Safari/604.1" "-"
84.78.26.2 - - [12/Dec/2019:20:45:04 +0100] "GET /wp-content/plugins/woocommerce/assets/css/photoswipe/default-skin/default-skin.css?ver=3.6.4 HTTP/1.1" 200 11943 "https://amazingsportwear.com/producto/camiseta-tecnic-rox-cat-5247/" "Mozilla/5.0 (iPhone; CPU iPhone OS 13_1_3 like Mac OS X) AppleWebKit/605.1.15 (KHTML, like Gecko) Version/13.0.1 Mobile/15E148 Safari/604.1" "-"
84.78.26.2 - - [12/Dec/2019:20:45:04 +0100] "GET /wp-includes/css/dist/block-library/style.min.css?ver=5.2.4 HTTP/1.1" 200 29798 "https://amazingsportwear.com/producto/camiseta-tecnic-rox-cat-5247/" "Mozilla/5.0 (iPhone; CPU iPhone OS 13_1_3 like Mac OS X) AppleWebKit/605.1.15 (KHTML, like Gecko) Version/13.0.1 Mobile/15E148 Safari/604.1" "-"
84.78.26.2 - - [12/Dec/2019:20:45:04 +0100] "GET /wp-content/plugins/wpfront-notification-bar/css/wpfront-notification-bar.css?ver=1.7.1 HTTP/1.1" 200 3663 "https://amazingsportwear.com/producto/camiseta-tecnic-rox-cat-5247/" "Mozilla/5.0 (iPhone; CPU iPhone OS 13_1_3 like Mac OS X) AppleWebKit/605.1.15 (KHTML, like Gecko) Version/13.0.1 Mobile/15E148 Safari/604.1" "-"
84.78.26.2 - - [12/Dec/2019:20:45:04 +0100] "GET /wp-content/plugins/woocommerce/assets/css/blocks/style.css?ver=3.6.4 HTTP/1.1" 200 9865 "https://amazingsportwear.com/producto/camiseta-tecnic-rox-cat-5247/" "Mozilla/5.0 (iPhone; CPU iPhone OS 13_1_3 like Mac OS X) AppleWebKit/605.1.15 (KHTML, like Gecko) Version/13.0.1 Mobile/15E148 Safari/604.1" "-"
84.78.26.2 - - [12/Dec/2019:20:45:04 +0100] "GET /wp-content/themes/shopper/style.css?ver=1.3.8 HTTP/1.1" 200 125315 "https://amazingsportwear.com/producto/camiseta-tecnic-rox-cat-5247/" "Mozilla/5.0 (iPhone; CPU iPhone OS 13_1_3 like Mac OS X) AppleWebKit/605.1.15 (KHTML, like Gecko) Version/13.0.1 Mobile/15E148 Safari/604.1" "-"
84.78.26.2 - - [12/Dec/2019:20:45:05 +0100] "GET /wp-content/plugins/simple-social-icons/css/style.css?ver=3.0.1 HTTP/1.1" 200 1562 "https://amazingsportwear.com/producto/camiseta-tecnic-rox-cat-5247/" "Mozilla/5.0 (iPhone; CPU iPhone OS 13_1_3 like Mac OS X) AppleWebKit/605.1.15 (KHTML, like Gecko) Version/13.0.1 Mobile/15E148 Safari/604.1" "-"
84.78.26.2 - - [12/Dec/2019:20:45:05 +0100] "GET /wp-includes/js/jquery/jquery.js?ver=1.12.4-wp HTTP/1.1" 200 97362 "https://amazingsportwear.com/producto/camiseta-tecnic-rox-cat-5247/" "Mozilla/5.0 (iPhone; CPU iPhone OS 13_1_3 like Mac OS X) AppleWebKit/605.1.15 (KHTML, like Gecko) Version/13.0.1 Mobile/15E148 Safari/604.1" "-"
84.78.26.2 - - [12/Dec/2019:20:45:05 +0100] "GET /wp-includes/js/jquery/jquery-migrate.min.js?ver=1.4.1 HTTP/1.1" 200 10399 "https://amazingsportwear.com/producto/camiseta-tecnic-rox-cat-5247/" "Mozilla/5.0 (iPhone; CPU iPhone OS 13_1_3 like Mac OS X) AppleWebKit/605.1.15 (KHTML, like Gecko) Version/13.0.1 Mobile/15E148 Safari/604.1" "-"
84.78.26.2 - - [12/Dec/2019:20:45:05 +0100] "GET /wp-content/plugins/cookie-law-info/public/js/cookie-law-info-public.js?ver=1.7.6 HTTP/1.1" 200 17076 "https://amazingsportwear.com/producto/camiseta-tecnic-rox-cat-5247/" "Mozilla/5.0 (iPhone; CPU iPhone OS 13_1_3 like Mac OS X) AppleWebKit/605.1.15 (KHTML, like Gecko) Version/13.0.1 Mobile/15E148 Safari/604.1" "-"
84.78.26.2 - - [12/Dec/2019:20:45:05 +0100] "GET /wp-content/themes/shopper/assets/sass/woocommerce/woocommerce.css?ver=5.2.4 HTTP/1.1" 200 83534 "https://amazingsportwear.com/producto/camiseta-tecnic-rox-cat-5247/" "Mozilla/5.0 (iPhone; CPU iPhone OS 13_1_3 like Mac OS X) AppleWebKit/605.1.15 (KHTML, like Gecko) Version/13.0.1 Mobile/15E148 Safari/604.1" "-"
84.78.26.2 - - [12/Dec/2019:20:45:05 +0100] "GET /wp-content/plugins/wpfront-notification-bar/jquery-plugins/jquery.c.js?ver=1.4.0 HTTP/1.1" 200 3437 "https://amazingsportwear.com/producto/camiseta-tecnic-rox-cat-5247/" "Mozilla/5.0 (iPhone; CPU iPhone OS 13_1_3 like Mac OS X) AppleWebKit/605.1.15 (KHTML, like Gecko) Version/13.0.1 Mobile/15E148 Safari/604.1" "-"
84.78.26.2 - - [12/Dec/2019:20:45:05 +0100] "GET /wp-content/plugins/wpfront-notification-bar/js/wpfront-notification-bar.js?ver=1.7.1 HTTP/1.1" 200 5662 "https://amazingsportwear.com/producto/camiseta-tecnic-rox-cat-5247/" "Mozilla/5.0 (iPhone; CPU iPhone OS 13_1_3 like Mac OS X) AppleWebKit/605.1.15 (KHTML, like Gecko) Version/13.0.1 Mobile/15E148 Safari/604.1" "-"
84.78.26.2 - - [12/Dec/2019:20:45:05 +0100] "GET /wp-content/plugins/simple-social-icons/svgxuse.js?ver=1.1.21 HTTP/1.1" 200 9580 "https://amazingsportwear.com/producto/camiseta-tecnic-rox-cat-5247/" "Mozilla/5.0 (iPhone; CPU iPhone OS 13_1_3 like Mac OS X) AppleWebKit/605.1.15 (KHTML, like Gecko) Version/13.0.1 Mobile/15E148 Safari/604.1" "-"
84.78.26.2 - - [12/Dec/2019:20:45:05 +0100] "GET /wp-includes/js/jquery/jquery.js HTTP/1.1" 200 97362 "https://amazingsportwear.com/producto/camiseta-tecnic-rox-cat-5247/" "Mozilla/5.0 (iPhone; CPU iPhone OS 13_1_3 like Mac OS X) AppleWebKit/605.1.15 (KHTML, like Gecko) Version/13.0.1 Mobile/15E148 Safari/604.1" "-"
84.78.26.2 - - [12/Dec/2019:20:45:05 +0100] "GET /wp-content/plugins/product-enquiry-for-woocommerce/css/wdm-jquery-ui.css?ver=5.2.4 HTTP/1.1" 200 27001 "https://amazingsportwear.com/producto/camiseta-tecnic-rox-cat-5247/" "Mozilla/5.0 (iPhone; CPU iPhone OS 13_1_3 like Mac OS X) AppleWebKit/605.1.15 (KHTML, like Gecko) Version/13.0.1 Mobile/15E148 Safari/604.1" "-"
84.78.26.2 - - [12/Dec/2019:20:45:05 +0100] "GET /wp-content/themes/shopper/assets/js/crm.js?ver=1561548510 HTTP/1.1" 200 874 "https://amazingsportwear.com/producto/camiseta-tecnic-rox-cat-5247/" "Mozilla/5.0 (iPhone; CPU iPhone OS 13_1_3 like Mac OS X) AppleWebKit/605.1.15 (KHTML, like Gecko) Version/13.0.1 Mobile/15E148 Safari/604.1" "-"
84.78.26.2 - - [12/Dec/2019:20:45:05 +0100] "GET /wp-includes/js/wp-emoji-release.min.js?ver=5.2.4 HTTP/1.1" 200 17351 "https://amazingsportwear.com/producto/camiseta-tecnic-rox-cat-5247/" "Mozilla/5.0 (iPhone; CPU iPhone OS 13_1_3 like Mac OS X) AppleWebKit/605.1.15 (KHTML, like Gecko) Version/13.0.1 Mobile/15E148 Safari/604.1" "-"
84.78.26.2 - - [12/Dec/2019:20:45:05 +0100] "GET /wp-content/plugins/woocommerce/assets/js/jquery-blockui/jquery.blockUI.min.js?ver=2.70 HTTP/1.1" 200 9908 "https://amazingsportwear.com/producto/camiseta-tecnic-rox-cat-5247/" "Mozilla/5.0 (iPhone; CPU iPhone OS 13_1_3 like Mac OS X) AppleWebKit/605.1.15 (KHTML, like Gecko) Version/13.0.1 Mobile/15E148 Safari/604.1" "-"
84.78.26.2 - - [12/Dec/2019:20:45:05 +0100] "GET /wp-content/plugins/woocommerce/assets/js/frontend/add-to-cart.min.js?ver=3.6.4 HTTP/1.1" 200 2983 "https://amazingsportwear.com/producto/camiseta-tecnic-rox-cat-5247/" "Mozilla/5.0 (iPhone; CPU iPhone OS 13_1_3 like Mac OS X) AppleWebKit/605.1.15 (KHTML, like Gecko) Version/13.0.1 Mobile/15E148 Safari/604.1" "-"
84.78.26.2 - - [12/Dec/2019:20:45:05 +0100] "GET /wp-content/plugins/woocommerce/assets/js/zoom/jquery.zoom.min.js?ver=1.7.21 HTTP/1.1" 200 2957 "https://amazingsportwear.com/producto/camiseta-tecnic-rox-cat-5247/" "Mozilla/5.0 (iPhone; CPU iPhone OS 13_1_3 like Mac OS X) AppleWebKit/605.1.15 (KHTML, like Gecko) Version/13.0.1 Mobile/15E148 Safari/604.1" "-"
84.78.26.2 - - [12/Dec/2019:20:45:05 +0100] "GET /wp-content/plugins/woocommerce/assets/js/photoswipe/photoswipe.min.js?ver=4.1.1 HTTP/1.1" 200 32276 "https://amazingsportwear.com/producto/camiseta-tecnic-rox-cat-5247/" "Mozilla/5.0 (iPhone; CPU iPhone OS 13_1_3 like Mac OS X) AppleWebKit/605.1.15 (KHTML, like Gecko) Version/13.0.1 Mobile/15E148 Safari/604.1" "-"
84.78.26.2 - - [12/Dec/2019:20:45:05 +0100] "GET /wp-content/plugins/woocommerce/assets/js/flexslider/jquery.flexslider.min.js?ver=2.7.2 HTTP/1.1" 200 23232 "https://amazingsportwear.com/producto/camiseta-tecnic-rox-cat-5247/" "Mozilla/5.0 (iPhone; CPU iPhone OS 13_1_3 like Mac OS X) AppleWebKit/605.1.15 (KHTML, like Gecko) Version/13.0.1 Mobile/15E148 Safari/604.1" "-"
84.78.26.2 - - [12/Dec/2019:20:45:06 +0100] "GET /wp-content/plugins/woocommerce/assets/js/photoswipe/photoswipe-ui-default.min.js?ver=4.1.1 HTTP/1.1" 200 10220 "https://amazingsportwear.com/producto/camiseta-tecnic-rox-cat-5247/" "Mozilla/5.0 (iPhone; CPU iPhone OS 13_1_3 like Mac OS X) AppleWebKit/605.1.15 (KHTML, like Gecko) Version/13.0.1 Mobile/15E148 Safari/604.1" "-"
84.78.26.2 - - [12/Dec/2019:20:45:06 +0100] "GET /wp-content/plugins/woocommerce/assets/js/frontend/single-product.min.js?ver=3.6.4 HTTP/1.1" 200 6693 "https://amazingsportwear.com/producto/camiseta-tecnic-rox-cat-5247/" "Mozilla/5.0 (iPhone; CPU iPhone OS 13_1_3 like Mac OS X) AppleWebKit/605.1.15 (KHTML, like Gecko) Version/13.0.1 Mobile/15E148 Safari/604.1" "-"
84.78.26.2 - - [12/Dec/2019:20:45:06 +0100] "GET /wp-content/plugins/woocommerce/assets/js/js-cookie/js.cookie.min.js?ver=2.1.4 HTTP/1.1" 200 2187 "https://amazingsportwear.com/producto/camiseta-tecnic-rox-cat-5247/" "Mozilla/5.0 (iPhone; CPU iPhone OS 13_1_3 like Mac OS X) AppleWebKit/605.1.15 (KHTML, like Gecko) Version/13.0.1 Mobile/15E148 Safari/604.1" "-"
84.78.26.2 - - [12/Dec/2019:20:45:06 +0100] "GET /wp-content/plugins/woocommerce/assets/js/frontend/woocommerce.min.js?ver=3.6.4 HTTP/1.1" 200 1813 "https://amazingsportwear.com/producto/camiseta-tecnic-rox-cat-5247/" "Mozilla/5.0 (iPhone; CPU iPhone OS 13_1_3 like Mac OS X) AppleWebKit/605.1.15 (KHTML, like Gecko) Version/13.0.1 Mobile/15E148 Safari/604.1" "-"
84.78.26.2 - - [12/Dec/2019:20:45:04 +0100] "GET /img/cms/tienda/cat-5247-COLORES.jpg HTTP/1.1" 404 68078 "-" "Mozilla/5.0 (iPhone; CPU iPhone OS 13_1_3 like Mac OS X) AppleWebKit/605.1.15 (KHTML, like Gecko) Version/13.0.1 Mobile/15E148 Safari/604.1" "-"
84.78.26.2 - - [12/Dec/2019:20:45:06 +0100] "GET /wp-content/themes/shopper/assets/js/shopper.min.js?ver=1.3.8 HTTP/1.1" 200 5994 "https://amazingsportwear.com/producto/camiseta-tecnic-rox-cat-5247/" "Mozilla/5.0 (iPhone; CPU iPhone OS 13_1_3 like Mac OS X) AppleWebKit/605.1.15 (KHTML, like Gecko) Version/13.0.1 Mobile/15E148 Safari/604.1" "-"
84.78.26.2 - - [12/Dec/2019:20:45:06 +0100] "GET /wp-content/plugins/woocommerce/assets/js/frontend/cart-fragments.min.js?ver=3.6.4 HTTP/1.1" 200 3281 "https://amazingsportwear.com/producto/camiseta-tecnic-rox-cat-5247/" "Mozilla/5.0 (iPhone; CPU iPhone OS 13_1_3 like Mac OS X) AppleWebKit/605.1.15 (KHTML, like Gecko) Version/13.0.1 Mobile/15E148 Safari/604.1" "-"
84.78.26.2 - - [12/Dec/2019:20:45:06 +0100] "GET /wp-content/themes/shopper/assets/js/skip-link-focus-fix.js?ver=1.3.8 HTTP/1.1" 200 1023 "https://amazingsportwear.com/producto/camiseta-tecnic-rox-cat-5247/" "Mozilla/5.0 (iPhone; CPU iPhone OS 13_1_3 like Mac OS X) AppleWebKit/605.1.15 (KHTML, like Gecko) Version/13.0.1 Mobile/15E148 Safari/604.1" "-"
84.78.26.2 - - [12/Dec/2019:20:45:06 +0100] "GET /wp-includes/js/comment-reply.min.js?ver=5.2.4 HTTP/1.1" 200 2575 "https://amazingsportwear.com/producto/camiseta-tecnic-rox-cat-5247/" "Mozilla/5.0 (iPhone; CPU iPhone OS 13_1_3 like Mac OS X) AppleWebKit/605.1.15 (KHTML, like Gecko) Version/13.0.1 Mobile/15E148 Safari/604.1" "-"
84.78.26.2 - - [12/Dec/2019:20:45:06 +0100] "GET /wp-content/themes/shopper/assets/js/woocommerce/header-cart.min.js?ver=1.3.8 HTTP/1.1" 200 972 "https://amazingsportwear.com/producto/camiseta-tecnic-rox-cat-5247/" "Mozilla/5.0 (iPhone; CPU iPhone OS 13_1_3 like Mac OS X) AppleWebKit/605.1.15 (KHTML, like Gecko) Version/13.0.1 Mobile/15E148 Safari/604.1" "-"
84.78.26.2 - - [12/Dec/2019:20:45:06 +0100] "GET /wp-includes/js/wp-util.min.js?ver=5.2.4 HTTP/1.1" 200 1387 "https://amazingsportwear.com/producto/camiseta-tecnic-rox-cat-5247/" "Mozilla/5.0 (iPhone; CPU iPhone OS 13_1_3 like Mac OS X) AppleWebKit/605.1.15 (KHTML, like Gecko) Version/13.0.1 Mobile/15E148 Safari/604.1" "-"
84.78.26.2 - - [12/Dec/2019:20:45:06 +0100] "GET /wp-includes/js/underscore.min.js?ver=1.8.3 HTTP/1.1" 200 16527 "https://amazingsportwear.com/producto/camiseta-tecnic-rox-cat-5247/" "Mozilla/5.0 (iPhone; CPU iPhone OS 13_1_3 like Mac OS X) AppleWebKit/605.1.15 (KHTML, like Gecko) Version/13.0.1 Mobile/15E148 Safari/604.1" "-"
84.78.26.2 - - [12/Dec/2019:20:45:06 +0100] "GET /wp-includes/js/wp-embed.min.js?ver=5.2.4 HTTP/1.1" 200 1744 "https://amazingsportwear.com/producto/camiseta-tecnic-rox-cat-5247/" "Mozilla/5.0 (iPhone; CPU iPhone OS 13_1_3 like Mac OS X) AppleWebKit/605.1.15 (KHTML, like Gecko) Version/13.0.1 Mobile/15E148 Safari/604.1" "-"
84.78.26.2 - - [12/Dec/2019:20:45:06 +0100] "GET /wp-content/plugins/woocommerce/assets/js/frontend/add-to-cart-variation.min.js?ver=3.6.4 HTTP/1.1" 200 13625 "https://amazingsportwear.com/producto/camiseta-tecnic-rox-cat-5247/" "Mozilla/5.0 (iPhone; CPU iPhone OS 13_1_3 like Mac OS X) AppleWebKit/605.1.15 (KHTML, like Gecko) Version/13.0.1 Mobile/15E148 Safari/604.1" "-"
84.78.26.2 - - [12/Dec/2019:20:45:06 +0100] "GET /wp-content/plugins/akismet/_inc/form.js?ver=4.1.2 HTTP/1.1" 200 1040 "https://amazingsportwear.com/producto/camiseta-tecnic-rox-cat-5247/" "Mozilla/5.0 (iPhone; CPU iPhone OS 13_1_3 like Mac OS X) AppleWebKit/605.1.15 (KHTML, like Gecko) Version/13.0.1 Mobile/15E148 Safari/604.1" "-"
84.78.26.2 - - [12/Dec/2019:20:45:06 +0100] "GET /wp-includes/js/jquery/ui/widget.min.js?ver=1.11.4 HTTP/1.1" 200 7250 "https://amazingsportwear.com/producto/camiseta-tecnic-rox-cat-5247/" "Mozilla/5.0 (iPhone; CPU iPhone OS 13_1_3 like Mac OS X) AppleWebKit/605.1.15 (KHTML, like Gecko) Version/13.0.1 Mobile/15E148 Safari/604.1" "-"
84.78.26.2 - - [12/Dec/2019:20:45:06 +0100] "GET /wp-includes/js/jquery/ui/mouse.min.js?ver=1.11.4 HTTP/1.1" 200 3489 "https://amazingsportwear.com/producto/camiseta-tecnic-rox-cat-5247/" "Mozilla/5.0 (iPhone; CPU iPhone OS 13_1_3 like Mac OS X) AppleWebKit/605.1.15 (KHTML, like Gecko) Version/13.0.1 Mobile/15E148 Safari/604.1" "-"
84.78.26.2 - - [12/Dec/2019:20:45:06 +0100] "GET /wp-includes/js/jquery/ui/core.min.js?ver=1.11.4 HTTP/1.1" 200 4341 "https://amazingsportwear.com/producto/camiseta-tecnic-rox-cat-5247/" "Mozilla/5.0 (iPhone; CPU iPhone OS 13_1_3 like Mac OS X) AppleWebKit/605.1.15 (KHTML, like Gecko) Version/13.0.1 Mobile/15E148 Safari/604.1" "-"
84.78.26.2 - - [12/Dec/2019:20:45:06 +0100] "GET /wp-includes/js/jquery/ui/draggable.min.js?ver=1.11.4 HTTP/1.1" 200 19277 "https://amazingsportwear.com/producto/camiseta-tecnic-rox-cat-5247/" "Mozilla/5.0 (iPhone; CPU iPhone OS 13_1_3 like Mac OS X) AppleWebKit/605.1.15 (KHTML, like Gecko) Version/13.0.1 Mobile/15E148 Safari/604.1" "-"
84.78.26.2 - - [12/Dec/2019:20:45:06 +0100] "GET /wp-includes/js/jquery/ui/button.min.js?ver=1.11.4 HTTP/1.1" 200 7578 "https://amazingsportwear.com/producto/camiseta-tecnic-rox-cat-5247/" "Mozilla/5.0 (iPhone; CPU iPhone OS 13_1_3 like Mac OS X) AppleWebKit/605.1.15 (KHTML, like Gecko) Version/13.0.1 Mobile/15E148 Safari/604.1" "-"
84.78.26.2 - - [12/Dec/2019:20:45:06 +0100] "GET /wp-includes/js/jquery/ui/position.min.js?ver=1.11.4 HTTP/1.1" 200 6869 "https://amazingsportwear.com/producto/camiseta-tecnic-rox-cat-5247/" "Mozilla/5.0 (iPhone; CPU iPhone OS 13_1_3 like Mac OS X) AppleWebKit/605.1.15 (KHTML, like Gecko) Version/13.0.1 Mobile/15E148 Safari/604.1" "-"
84.78.26.2 - - [12/Dec/2019:20:45:06 +0100] "GET /wp-includes/js/jquery/ui/resizable.min.js?ver=1.11.4 HTTP/1.1" 200 18798 "https://amazingsportwear.com/producto/camiseta-tecnic-rox-cat-5247/" "Mozilla/5.0 (iPhone; CPU iPhone OS 13_1_3 like Mac OS X) AppleWebKit/605.1.15 (KHTML, like Gecko) Version/13.0.1 Mobile/15E148 Safari/604.1" "-"
84.78.26.2 - - [12/Dec/2019:20:45:06 +0100] "GET /wp-includes/js/jquery/ui/dialog.min.js?ver=1.11.4 HTTP/1.1" 200 12482 "https://amazingsportwear.com/producto/camiseta-tecnic-rox-cat-5247/" "Mozilla/5.0 (iPhone; CPU iPhone OS 13_1_3 like Mac OS X) AppleWebKit/605.1.15 (KHTML, like Gecko) Version/13.0.1 Mobile/15E148 Safari/604.1" "-"
84.78.26.2 - - [12/Dec/2019:20:45:06 +0100] "GET /wp-content/plugins/product-enquiry-for-woocommerce/js/contact.js?ver=5.2.4 HTTP/1.1" 200 4681 "https://amazingsportwear.com/producto/camiseta-tecnic-rox-cat-5247/" "Mozilla/5.0 (iPhone; CPU iPhone OS 13_1_3 like Mac OS X) AppleWebKit/605.1.15 (KHTML, like Gecko) Version/13.0.1 Mobile/15E148 Safari/604.1" "-"
84.78.26.2 - - [12/Dec/2019:20:45:06 +0100] "GET /wp-content/themes/shopper/assets/fonts/fontawesome-webfont.woff2?v=4.7.0 HTTP/1.1" 200 77615 "https://amazingsportwear.com/producto/camiseta-tecnic-rox-cat-5247/" "Mozilla/5.0 (iPhone; CPU iPhone OS 13_1_3 like Mac OS X) AppleWebKit/605.1.15 (KHTML, like Gecko) Version/13.0.1 Mobile/15E148 Safari/604.1" "_ga=GA1.2.2139890336.1576179905; _gat_gtag_UA_91619287_1=1; _gid=GA1.2.1810679641.1576179905"
84.78.26.2 - - [12/Dec/2019:20:45:06 +0100] "GET /wp-content/plugins/product-enquiry-for-woocommerce/js/wdm_jquery.validate.min.js?ver=5.2.4 HTTP/1.1" 200 21818 "https://amazingsportwear.com/producto/camiseta-tecnic-rox-cat-5247/" "Mozilla/5.0 (iPhone; CPU iPhone OS 13_1_3 like Mac OS X) AppleWebKit/605.1.15 (KHTML, like Gecko) Version/13.0.1 Mobile/15E148 Safari/604.1" "-"
84.78.26.2 - - [12/Dec/2019:20:45:07 +0100] "GET /wp-content/uploads/2017/03/CAT-5247-19.jpg HTTP/1.1" 200 29422 "https://amazingsportwear.com/producto/camiseta-tecnic-rox-cat-5247/" "Mozilla/5.0 (iPhone; CPU iPhone OS 13_1_3 like Mac OS X) AppleWebKit/605.1.15 (KHTML, like Gecko) Version/13.0.1 Mobile/15E148 Safari/604.1" "-"
84.78.26.2 - - [12/Dec/2019:20:45:07 +0100] "GET /wp-content/uploads/2019/05/cropped-asw-white.png HTTP/1.1" 200 7500 "https://amazingsportwear.com/producto/camiseta-tecnic-rox-cat-5247/" "Mozilla/5.0 (iPhone; CPU iPhone OS 13_1_3 like Mac OS X) AppleWebKit/605.1.15 (KHTML, like Gecko) Version/13.0.1 Mobile/15E148 Safari/604.1" "-"
84.78.26.2 - - [12/Dec/2019:20:45:07 +0100] "GET /wp-content/uploads/2017/03/CAT-5247-04.jpg HTTP/1.1" 200 30071 "https://amazingsportwear.com/producto/camiseta-tecnic-rox-cat-5247/" "Mozilla/5.0 (iPhone; CPU iPhone OS 13_1_3 like Mac OS X) AppleWebKit/605.1.15 (KHTML, like Gecko) Version/13.0.1 Mobile/15E148 Safari/604.1" "-"
84.78.26.2 - - [12/Dec/2019:20:45:07 +0100] "GET /wp-content/uploads/2017/03/CAT-5247-05.jpg HTTP/1.1" 200 29249 "https://amazingsportwear.com/producto/camiseta-tecnic-rox-cat-5247/" "Mozilla/5.0 (iPhone; CPU iPhone OS 13_1_3 like Mac OS X) AppleWebKit/605.1.15 (KHTML, like Gecko) Version/13.0.1 Mobile/15E148 Safari/604.1" "-"
84.78.26.2 - - [12/Dec/2019:20:45:07 +0100] "GET /wp-content/uploads/2017/03/CAT-5247-01.jpg HTTP/1.1" 200 23804 "https://amazingsportwear.com/producto/camiseta-tecnic-rox-cat-5247/" "Mozilla/5.0 (iPhone; CPU iPhone OS 13_1_3 like Mac OS X) AppleWebKit/605.1.15 (KHTML, like Gecko) Version/13.0.1 Mobile/15E148 Safari/604.1" "-"
84.78.26.2 - - [12/Dec/2019:20:45:07 +0100] "GET /wp-content/uploads/2017/03/CAT-5247-265.jpg HTTP/1.1" 200 19958 "https://amazingsportwear.com/producto/camiseta-tecnic-rox-cat-5247/" "Mozilla/5.0 (iPhone; CPU iPhone OS 13_1_3 like Mac OS X) AppleWebKit/605.1.15 (KHTML, like Gecko) Version/13.0.1 Mobile/15E148 Safari/604.1" "-"
