152.207.147.58 - - [20/Nov/2019:16:34:57 +0100] "GET /wp-content/uploads/2019/07/carpa-criba-100x100.jpg HTTP/1.1" 200 16412 "https://amazingsportwear.com/producto/carpa-personalizada-modelo-3x3/" "Mozilla/5.0 (Linux; Android 8.0.0; moto g(6)) AppleWebKit/537.36 (KHTML, like Gecko) Chrome/72.0.3626.121 Mobile Safari/537.36" "_ga=GA1.2.743065731.1574264117; _gid=GA1.2.800841041.1574264117; _gat_gtag_UA_91619287_1=1"
152.207.147.58 - - [20/Nov/2019:16:34:57 +0100] "GET /wp-content/uploads/2019/07/carpa-montenevado-100x100.jpg HTTP/1.1" 200 14782 "https://amazingsportwear.com/producto/carpa-personalizada-modelo-3x3/" "Mozilla/5.0 (Linux; Android 8.0.0; moto g(6)) AppleWebKit/537.36 (KHTML, like Gecko) Chrome/72.0.3626.121 Mobile Safari/537.36" "_ga=GA1.2.743065731.1574264117; _gid=GA1.2.800841041.1574264117; _gat_gtag_UA_91619287_1=1"
152.207.147.58 - - [20/Nov/2019:16:34:56 +0100] "POST /?wc-ajax=get_refreshed_fragments HTTP/1.1" 200 1397 "https://amazingsportwear.com/producto/carpa-personalizada-modelo-3x3/" "Mozilla/5.0 (Linux; Android 8.0.0; moto g(6)) AppleWebKit/537.36 (KHTML, like Gecko) Chrome/72.0.3626.121 Mobile Safari/537.36" "_ga=GA1.2.743065731.1574264117; _gid=GA1.2.800841041.1574264117; _gat_gtag_UA_91619287_1=1"
152.207.147.58 - - [20/Nov/2019:16:34:58 +0100] "GET /wp-content/uploads/2019/05/cropped-favicon-nuevo-logo-amazinf-128px-192x192.png HTTP/1.1" 200 10880 "https://amazingsportwear.com/producto/carpa-personalizada-modelo-3x3/" "Mozilla/5.0 (Linux; Android 8.0.0; moto g(6)) AppleWebKit/537.36 (KHTML, like Gecko) Chrome/72.0.3626.121 Mobile Safari/537.36" "_ga=GA1.2.743065731.1574264117; _gid=GA1.2.800841041.1574264117; _gat_gtag_UA_91619287_1=1; wpfront-notification-bar-landingpage=1"
152.207.147.58 - - [20/Nov/2019:16:34:58 +0100] "GET /wp-content/uploads/2019/05/cropped-favicon-nuevo-logo-amazinf-128px-180x180.png HTTP/1.1" 200 10066 "https://amazingsportwear.com/producto/carpa-personalizada-modelo-3x3/" "Mozilla/5.0 (Linux; Android 8.0.0; moto g(6)) AppleWebKit/537.36 (KHTML, like Gecko) Chrome/72.0.3626.121 Mobile Safari/537.36" "_ga=GA1.2.743065731.1574264117; _gid=GA1.2.800841041.1574264117; _gat_gtag_UA_91619287_1=1; wpfront-notification-bar-landingpage=1"
217.76.130.90 - - [20/Nov/2019:16:37:02 +0100] "POST /wp-cron.php?doing_wp_cron=1574264222.8016579151153564453125 HTTP/1.1" 200 3389 "https://amazingsportwear.com/wp-cron.php?doing_wp_cron=1574264222.8016579151153564453125" "WordPress/5.2.4; https://amazingsportwear.com" "-"
152.207.147.58 - - [20/Nov/2019:16:37:00 +0100] "GET /?product_cat=&post_type=product&s=Forma+de+montaje+de+carpa+modelo+3%C3%97%C3%973 HTTP/1.1" 200 47852 "https://amazingsportwear.com/producto/carpa-personalizada-modelo-3x3/" "Mozilla/5.0 (Linux; Android 8.0.0; moto g(6)) AppleWebKit/537.36 (KHTML, like Gecko) Chrome/72.0.3626.121 Mobile Safari/537.36" "_ga=GA1.2.743065731.1574264117; _gid=GA1.2.800841041.1574264117; wpfront-notification-bar-landingpage=1"
152.207.147.58 - - [20/Nov/2019:16:37:03 +0100] "GET /?product_cat=&post_type=product&s=Forma+de+montaje+de+carpa+modelo+3%C3%97%C3%973 HTTP/1.1" 200 47832 "https://amazingsportwear.com/producto/carpa-personalizada-modelo-3x3/" "Mozilla/5.0 (Linux; Android 8.0.0; moto g(6)) AppleWebKit/537.36 (KHTML, like Gecko) Chrome/72.0.3626.121 Mobile Safari/537.36" "_ga=GA1.2.743065731.1574264117; _gid=GA1.2.800841041.1574264117; wpfront-notification-bar-landingpage=1"
217.76.130.90 - - [20/Nov/2019:16:38:27 +0100] "POST /wp-cron.php?doing_wp_cron=1574264307.5247740745544433593750 HTTP/1.1" 200 3389 "https://amazingsportwear.com/wp-cron.php?doing_wp_cron=1574264307.5247740745544433593750" "WordPress/5.2.4; https://amazingsportwear.com" "-"
152.207.147.58 - - [20/Nov/2019:16:38:26 +0100] "GET /producto/carpa-personalizada-modelo-3x45/ HTTP/1.1" 200 97152 "https://amazingsportwear.com/producto/carpa-personalizada-modelo-3x3/" "Mozilla/5.0 (Linux; Android 8.0.0; moto g(6)) AppleWebKit/537.36 (KHTML, like Gecko) Chrome/72.0.3626.121 Mobile Safari/537.36" "_ga=GA1.2.743065731.1574264117; _gid=GA1.2.800841041.1574264117; wpfront-notification-bar-landingpage=1"
152.207.147.58 - - [20/Nov/2019:16:38:28 +0100] "GET /wp-content/uploads/2019/07/IMAGEN-CARPA-3X45.jpg HTTP/1.1" 200 41618 "https://amazingsportwear.com/producto/carpa-personalizada-modelo-3x45/" "Mozilla/5.0 (Linux; Android 8.0.0; moto g(6)) AppleWebKit/537.36 (KHTML, like Gecko) Chrome/72.0.3626.121 Mobile Safari/537.36" "_ga=GA1.2.743065731.1574264117; _gid=GA1.2.800841041.1574264117; wpfront-notification-bar-landingpage=1; _gat_gtag_UA_91619287_1=1"
152.207.147.58 - - [20/Nov/2019:16:38:29 +0100] "GET /wp-content/uploads/2019/07/IMAGEN-PARED-CARPA-3X45.jpg HTTP/1.1" 200 35383 "https://amazingsportwear.com/producto/carpa-personalizada-modelo-3x45/" "Mozilla/5.0 (Linux; Android 8.0.0; moto g(6)) AppleWebKit/537.36 (KHTML, like Gecko) Chrome/72.0.3626.121 Mobile Safari/537.36" "_ga=GA1.2.743065731.1574264117; _gid=GA1.2.800841041.1574264117; wpfront-notification-bar-landingpage=1; _gat_gtag_UA_91619287_1=1"
90.160.14.4 - - [20/Nov/2019:16:39:02 +0100] "GET /wp-content/uploads/2019/04/bolsa-deporte-hale-2.png HTTP/1.1" 200 59564 "https://www.google.es/" "Mozilla/5.0 (Windows NT 10.0; Win64; x64) AppleWebKit/537.36 (KHTML, like Gecko) Chrome/71.0.3578.98 Safari/537.36 OPR/58.0.3135.132" "-"
170.51.55.172 - - [20/Nov/2019:16:46:22 +0100] "GET /wp-content/uploads/2019/04/gorra-bayon-6.png HTTP/1.1" 200 91841 "https://www.google.com/" "Mozilla/5.0 (Windows NT 10.0; Win64; x64) AppleWebKit/537.36 (KHTML, like Gecko) Chrome/78.0.3904.108 Safari/537.36" "-"
217.76.130.90 - - [20/Nov/2019:16:47:41 +0100] "POST /wp-cron.php?doing_wp_cron=1574264860.9699370861053466796875 HTTP/1.1" 200 3389 "https://amazingsportwear.com/wp-cron.php?doing_wp_cron=1574264860.9699370861053466796875" "WordPress/5.2.4; https://amazingsportwear.com" "-"
17.58.96.188 - - [20/Nov/2019:16:47:39 +0100] "GET /categoria-producto/deportes/baloncesto/ HTTP/1.1" 200 62762 "-" "Mozilla/5.0 (Macintosh; Intel Mac OS X 10_10_1) AppleWebKit/600.2.5 (KHTML, like Gecko) Version/8.0.2 Safari/600.2.5 (Applebot/0.1; +http://www.apple.com/go/applebot)" "-"
179.52.149.37 - - [20/Nov/2019:17:04:19 +0100] "GET /wp-content/uploads/2019/04/Gorra-sport-6.png HTTP/1.1" 200 44623 "https://www.google.com/" "Mozilla/5.0 (Windows NT 10.0; Win64; x64) AppleWebKit/537.36 (KHTML, like Gecko) Chrome/78.0.3904.97 Safari/537.36" "-"
179.52.149.37 - - [20/Nov/2019:17:05:12 +0100] "GET /wp-content/uploads/2019/04/Gorra-harum-2.png HTTP/1.1" 200 50290 "https://www.google.com/" "Mozilla/5.0 (Windows NT 10.0; Win64; x64) AppleWebKit/537.36 (KHTML, like Gecko) Chrome/78.0.3904.97 Safari/537.36" "-"
181.88.252.31 - - [20/Nov/2019:17:13:45 +0100] "GET /wp-content/uploads/2017/04/chaleco-sublimado-pecho.png HTTP/1.1" 200 60440 "https://www.google.com/" "Mozilla/5.0 (Windows NT 10.0; Win64; x64) AppleWebKit/537.36 (KHTML, like Gecko) Chrome/78.0.3904.108 Safari/537.36" "-"
147.96.61.123 - - [20/Nov/2019:17:15:03 +0100] "GET /wp-content/uploads/2019/04/Gorra-sport-6.png HTTP/1.1" 200 44623 "https://www.google.com/" "Mozilla/5.0 (Windows NT 10.0; Win64; x64) AppleWebKit/537.36 (KHTML, like Gecko) Chrome/76.0.3809.100 Safari/537.36" "-"
217.76.130.90 - - [20/Nov/2019:17:15:40 +0100] "POST /wp-cron.php?doing_wp_cron=1574266539.3065419197082519531250 HTTP/1.1" 200 164 "http://amazingsportwear.com/wp-cron.php?doing_wp_cron=1574266539.3065419197082519531250" "WordPress/5.2.4; https://amazingsportwear.com" "-"
85.136.137.217 - - [20/Nov/2019:17:15:37 +0100] "GET /img/cms/tienda/SA-6657-todos.png HTTP/1.1" 404 68037 "-" "Mozilla/5.0 (Windows NT 6.1; WOW64; Trident/7.0; rv:11.0) like Gecko" "-"
85.136.137.217 - - [20/Nov/2019:17:15:49 +0100] "GET /producto/camiseta-tecnica-suzuka-sa-6657/ HTTP/1.1" 200 100446 "https://www.google.es/url?sa=i&rct=j&q=&esrc=s&source=images&cd=&ved=2ahUKEwjFzOXtl_nlAhVLOBoKHVZeASUQjRx6BAgBEAQ&url=https%3A%2F%2Famazingsportwear.com%2Fproducto%2Fcamiseta-tecnica-suzuka-sa-6657%2F&psig=AOvVaw1NlnScAVDo9WTHmQh7EDI9&ust=1574352908657731" "Mozilla/5.0 (Windows NT 6.1; WOW64; Trident/7.0; rv:11.0) like Gecko" "-"
85.136.137.217 - - [20/Nov/2019:17:15:50 +0100] "GET /wp-includes/css/dist/block-library/style.min.css?ver=5.2.4 HTTP/1.1" 200 29660 "https://amazingsportwear.com/producto/camiseta-tecnica-suzuka-sa-6657/" "Mozilla/5.0 (Windows NT 6.1; WOW64; Trident/7.0; rv:11.0) like Gecko" "-"
85.136.137.217 - - [20/Nov/2019:17:15:50 +0100] "GET /wp-content/plugins/woocommerce/assets/css/blocks/style.css?ver=3.6.4 HTTP/1.1" 200 6697 "https://amazingsportwear.com/producto/camiseta-tecnica-suzuka-sa-6657/" "Mozilla/5.0 (Windows NT 6.1; WOW64; Trident/7.0; rv:11.0) like Gecko" "-"
85.136.137.217 - - [20/Nov/2019:17:15:50 +0100] "GET /wp-content/plugins/cookie-law-info/public/css/cookie-law-info-public.css?ver=1.7.6 HTTP/1.1" 200 6845 "https://amazingsportwear.com/producto/camiseta-tecnica-suzuka-sa-6657/" "Mozilla/5.0 (Windows NT 6.1; WOW64; Trident/7.0; rv:11.0) like Gecko" "-"
85.136.137.217 - - [20/Nov/2019:17:15:50 +0100] "GET /wp-content/plugins/cookie-law-info/public/css/cookie-law-info-gdpr.css?ver=1.7.6 HTTP/1.1" 200 16055 "https://amazingsportwear.com/producto/camiseta-tecnica-suzuka-sa-6657/" "Mozilla/5.0 (Windows NT 6.1; WOW64; Trident/7.0; rv:11.0) like Gecko" "-"
85.136.137.217 - - [20/Nov/2019:17:15:50 +0100] "GET /wp-content/plugins/woocommerce/assets/css/photoswipe/photoswipe.css?ver=3.6.4 HTTP/1.1" 200 8082 "https://amazingsportwear.com/producto/camiseta-tecnica-suzuka-sa-6657/" "Mozilla/5.0 (Windows NT 6.1; WOW64; Trident/7.0; rv:11.0) like Gecko" "-"
85.136.137.217 - - [20/Nov/2019:17:15:50 +0100] "GET /wp-includes/js/wp-emoji-release.min.js?ver=5.2.4 HTTP/1.1" 200 14183 "https://amazingsportwear.com/producto/camiseta-tecnica-suzuka-sa-6657/" "Mozilla/5.0 (Windows NT 6.1; WOW64; Trident/7.0; rv:11.0) like Gecko" "-"
85.136.137.217 - - [20/Nov/2019:17:15:51 +0100] "GET /wp-content/plugins/woocommerce/assets/css/photoswipe/default-skin/default-skin.css?ver=3.6.4 HTTP/1.1" 200 11943 "https://amazingsportwear.com/producto/camiseta-tecnica-suzuka-sa-6657/" "Mozilla/5.0 (Windows NT 6.1; WOW64; Trident/7.0; rv:11.0) like Gecko" "-"
85.136.137.217 - - [20/Nov/2019:17:15:51 +0100] "GET /wp-content/plugins/wpfront-notification-bar/css/wpfront-notification-bar.css?ver=1.7.1 HTTP/1.1" 200 3663 "https://amazingsportwear.com/producto/camiseta-tecnica-suzuka-sa-6657/" "Mozilla/5.0 (Windows NT 6.1; WOW64; Trident/7.0; rv:11.0) like Gecko" "-"
85.136.137.217 - - [20/Nov/2019:17:15:51 +0100] "GET /wp-content/plugins/simple-social-icons/css/style.css?ver=3.0.1 HTTP/1.1" 200 1562 "https://amazingsportwear.com/producto/camiseta-tecnica-suzuka-sa-6657/" "Mozilla/5.0 (Windows NT 6.1; WOW64; Trident/7.0; rv:11.0) like Gecko" "-"
85.136.137.217 - - [20/Nov/2019:17:15:51 +0100] "GET /wp-content/themes/shopper/style.css?ver=1.3.8 HTTP/1.1" 200 125315 "https://amazingsportwear.com/producto/camiseta-tecnica-suzuka-sa-6657/" "Mozilla/5.0 (Windows NT 6.1; WOW64; Trident/7.0; rv:11.0) like Gecko" "-"
85.136.137.217 - - [20/Nov/2019:17:15:51 +0100] "GET /wp-content/plugins/product-enquiry-for-woocommerce/css/wdm-jquery-ui.css?ver=5.2.4 HTTP/1.1" 200 27001 "https://amazingsportwear.com/producto/camiseta-tecnica-suzuka-sa-6657/" "Mozilla/5.0 (Windows NT 6.1; WOW64; Trident/7.0; rv:11.0) like Gecko" "-"
85.136.137.217 - - [20/Nov/2019:17:15:51 +0100] "GET /wp-content/themes/shopper/assets/sass/woocommerce/woocommerce.css?ver=5.2.4 HTTP/1.1" 200 83534 "https://amazingsportwear.com/producto/camiseta-tecnica-suzuka-sa-6657/" "Mozilla/5.0 (Windows NT 6.1; WOW64; Trident/7.0; rv:11.0) like Gecko" "-"
85.136.137.217 - - [20/Nov/2019:17:15:51 +0100] "GET /wp-includes/js/jquery/jquery.js?ver=1.12.4-wp HTTP/1.1" 200 97362 "https://amazingsportwear.com/producto/camiseta-tecnica-suzuka-sa-6657/" "Mozilla/5.0 (Windows NT 6.1; WOW64; Trident/7.0; rv:11.0) like Gecko" "-"
85.136.137.217 - - [20/Nov/2019:17:15:51 +0100] "GET /wp-includes/js/jquery/jquery-migrate.min.js?ver=1.4.1 HTTP/1.1" 200 10399 "https://amazingsportwear.com/producto/camiseta-tecnica-suzuka-sa-6657/" "Mozilla/5.0 (Windows NT 6.1; WOW64; Trident/7.0; rv:11.0) like Gecko" "-"
85.136.137.217 - - [20/Nov/2019:17:15:51 +0100] "GET /wp-content/plugins/cookie-law-info/public/js/cookie-law-info-public.js?ver=1.7.6 HTTP/1.1" 200 17076 "https://amazingsportwear.com/producto/camiseta-tecnica-suzuka-sa-6657/" "Mozilla/5.0 (Windows NT 6.1; WOW64; Trident/7.0; rv:11.0) like Gecko" "-"
85.136.137.217 - - [20/Nov/2019:17:15:51 +0100] "GET /wp-content/plugins/wpfront-notification-bar/jquery-plugins/jquery.c.js?ver=1.4.0 HTTP/1.1" 200 3437 "https://amazingsportwear.com/producto/camiseta-tecnica-suzuka-sa-6657/" "Mozilla/5.0 (Windows NT 6.1; WOW64; Trident/7.0; rv:11.0) like Gecko" "-"
85.136.137.217 - - [20/Nov/2019:17:15:51 +0100] "GET /wp-content/plugins/wpfront-notification-bar/js/wpfront-notification-bar.js?ver=1.7.1 HTTP/1.1" 200 5662 "https://amazingsportwear.com/producto/camiseta-tecnica-suzuka-sa-6657/" "Mozilla/5.0 (Windows NT 6.1; WOW64; Trident/7.0; rv:11.0) like Gecko" "-"
85.136.137.217 - - [20/Nov/2019:17:15:51 +0100] "GET /wp-content/plugins/simple-social-icons/svgxuse.js?ver=1.1.21 HTTP/1.1" 200 9580 "https://amazingsportwear.com/producto/camiseta-tecnica-suzuka-sa-6657/" "Mozilla/5.0 (Windows NT 6.1; WOW64; Trident/7.0; rv:11.0) like Gecko" "-"
85.136.137.217 - - [20/Nov/2019:17:15:51 +0100] "GET /wp-includes/js/jquery/jquery.js HTTP/1.1" 200 97362 "https://amazingsportwear.com/producto/camiseta-tecnica-suzuka-sa-6657/" "Mozilla/5.0 (Windows NT 6.1; WOW64; Trident/7.0; rv:11.0) like Gecko" "-"
85.136.137.217 - - [20/Nov/2019:17:15:51 +0100] "GET /wp-content/plugins/woocommerce/assets/js/jquery-blockui/jquery.blockUI.min.js?ver=2.70 HTTP/1.1" 200 9908 "https://amazingsportwear.com/producto/camiseta-tecnica-suzuka-sa-6657/" "Mozilla/5.0 (Windows NT 6.1; WOW64; Trident/7.0; rv:11.0) like Gecko" "-"
85.136.137.217 - - [20/Nov/2019:17:15:51 +0100] "GET /wp-content/themes/shopper/assets/js/crm.js?ver=1561548510 HTTP/1.1" 200 874 "https://amazingsportwear.com/producto/camiseta-tecnica-suzuka-sa-6657/" "Mozilla/5.0 (Windows NT 6.1; WOW64; Trident/7.0; rv:11.0) like Gecko" "-"
85.136.137.217 - - [20/Nov/2019:17:15:51 +0100] "GET /wp-content/plugins/woocommerce/assets/js/frontend/add-to-cart.min.js?ver=3.6.4 HTTP/1.1" 200 2983 "https://amazingsportwear.com/producto/camiseta-tecnica-suzuka-sa-6657/" "Mozilla/5.0 (Windows NT 6.1; WOW64; Trident/7.0; rv:11.0) like Gecko" "-"
85.136.137.217 - - [20/Nov/2019:17:15:51 +0100] "GET /wp-content/plugins/woocommerce/assets/js/zoom/jquery.zoom.min.js?ver=1.7.21 HTTP/1.1" 200 2957 "https://amazingsportwear.com/producto/camiseta-tecnica-suzuka-sa-6657/" "Mozilla/5.0 (Windows NT 6.1; WOW64; Trident/7.0; rv:11.0) like Gecko" "-"
85.136.137.217 - - [20/Nov/2019:17:15:51 +0100] "GET /wp-content/plugins/woocommerce/assets/js/flexslider/jquery.flexslider.min.js?ver=2.7.2 HTTP/1.1" 200 23232 "https://amazingsportwear.com/producto/camiseta-tecnica-suzuka-sa-6657/" "Mozilla/5.0 (Windows NT 6.1; WOW64; Trident/7.0; rv:11.0) like Gecko" "-"
85.136.137.217 - - [20/Nov/2019:17:15:51 +0100] "GET /wp-content/plugins/woocommerce/assets/js/photoswipe/photoswipe.min.js?ver=4.1.1 HTTP/1.1" 200 32276 "https://amazingsportwear.com/producto/camiseta-tecnica-suzuka-sa-6657/" "Mozilla/5.0 (Windows NT 6.1; WOW64; Trident/7.0; rv:11.0) like Gecko" "-"
85.136.137.217 - - [20/Nov/2019:17:15:51 +0100] "GET /wp-content/plugins/woocommerce/assets/js/frontend/single-product.min.js?ver=3.6.4 HTTP/1.1" 200 6693 "https://amazingsportwear.com/producto/camiseta-tecnica-suzuka-sa-6657/" "Mozilla/5.0 (Windows NT 6.1; WOW64; Trident/7.0; rv:11.0) like Gecko" "-"
85.136.137.217 - - [20/Nov/2019:17:15:51 +0100] "GET /wp-content/plugins/woocommerce/assets/js/photoswipe/photoswipe-ui-default.min.js?ver=4.1.1 HTTP/1.1" 200 10220 "https://amazingsportwear.com/producto/camiseta-tecnica-suzuka-sa-6657/" "Mozilla/5.0 (Windows NT 6.1; WOW64; Trident/7.0; rv:11.0) like Gecko" "-"
85.136.137.217 - - [20/Nov/2019:17:15:51 +0100] "GET /wp-content/themes/shopper/assets/fonts/fontawesome-webfont.eot? HTTP/1.1" 200 166391 "https://amazingsportwear.com/producto/camiseta-tecnica-suzuka-sa-6657/" "Mozilla/5.0 (Windows NT 6.1; WOW64; Trident/7.0; rv:11.0) like Gecko" "_ga=GA1.2.1423105046.1574266553; _gid=GA1.2.626989534.1574266553; _gat_gtag_UA_91619287_1=1"
85.136.137.217 - - [20/Nov/2019:17:15:51 +0100] "GET /wp-content/plugins/woocommerce/assets/js/js-cookie/js.cookie.min.js?ver=2.1.4 HTTP/1.1" 200 2187 "https://amazingsportwear.com/producto/camiseta-tecnica-suzuka-sa-6657/" "Mozilla/5.0 (Windows NT 6.1; WOW64; Trident/7.0; rv:11.0) like Gecko" "-"
85.136.137.217 - - [20/Nov/2019:17:15:51 +0100] "GET /wp-content/plugins/woocommerce/assets/js/frontend/woocommerce.min.js?ver=3.6.4 HTTP/1.1" 200 1813 "https://amazingsportwear.com/producto/camiseta-tecnica-suzuka-sa-6657/" "Mozilla/5.0 (Windows NT 6.1; WOW64; Trident/7.0; rv:11.0) like Gecko" "-"
85.136.137.217 - - [20/Nov/2019:17:15:51 +0100] "GET /wp-content/plugins/woocommerce/assets/js/frontend/cart-fragments.min.js?ver=3.6.4 HTTP/1.1" 200 3281 "https://amazingsportwear.com/producto/camiseta-tecnica-suzuka-sa-6657/" "Mozilla/5.0 (Windows NT 6.1; WOW64; Trident/7.0; rv:11.0) like Gecko" "-"
85.136.137.217 - - [20/Nov/2019:17:15:51 +0100] "GET /wp-content/themes/shopper/assets/js/skip-link-focus-fix.js?ver=1.3.8 HTTP/1.1" 200 1023 "https://amazingsportwear.com/producto/camiseta-tecnica-suzuka-sa-6657/" "Mozilla/5.0 (Windows NT 6.1; WOW64; Trident/7.0; rv:11.0) like Gecko" "-"
85.136.137.217 - - [20/Nov/2019:17:15:51 +0100] "GET /wp-content/themes/shopper/assets/js/shopper.min.js?ver=1.3.8 HTTP/1.1" 200 5994 "https://amazingsportwear.com/producto/camiseta-tecnica-suzuka-sa-6657/" "Mozilla/5.0 (Windows NT 6.1; WOW64; Trident/7.0; rv:11.0) like Gecko" "-"
85.136.137.217 - - [20/Nov/2019:17:15:51 +0100] "GET /wp-includes/js/comment-reply.min.js?ver=5.2.4 HTTP/1.1" 200 2575 "https://amazingsportwear.com/producto/camiseta-tecnica-suzuka-sa-6657/" "Mozilla/5.0 (Windows NT 6.1; WOW64; Trident/7.0; rv:11.0) like Gecko" "-"
85.136.137.217 - - [20/Nov/2019:17:15:51 +0100] "GET /wp-content/themes/shopper/assets/js/woocommerce/header-cart.min.js?ver=1.3.8 HTTP/1.1" 200 972 "https://amazingsportwear.com/producto/camiseta-tecnica-suzuka-sa-6657/" "Mozilla/5.0 (Windows NT 6.1; WOW64; Trident/7.0; rv:11.0) like Gecko" "-"
85.136.137.217 - - [20/Nov/2019:17:15:51 +0100] "GET /wp-includes/js/wp-embed.min.js?ver=5.2.4 HTTP/1.1" 200 1744 "https://amazingsportwear.com/producto/camiseta-tecnica-suzuka-sa-6657/" "Mozilla/5.0 (Windows NT 6.1; WOW64; Trident/7.0; rv:11.0) like Gecko" "-"
85.136.137.217 - - [20/Nov/2019:17:15:51 +0100] "GET /wp-content/plugins/wpfront-notification-bar/images/arrow_down.png HTTP/1.1" 200 2562 "https://amazingsportwear.com/producto/camiseta-tecnica-suzuka-sa-6657/" "Mozilla/5.0 (Windows NT 6.1; WOW64; Trident/7.0; rv:11.0) like Gecko" "_ga=GA1.2.1423105046.1574266553; _gid=GA1.2.626989534.1574266553; _gat_gtag_UA_91619287_1=1"
85.136.137.217 - - [20/Nov/2019:17:15:51 +0100] "GET /wp-includes/js/underscore.min.js?ver=1.8.3 HTTP/1.1" 200 16527 "https://amazingsportwear.com/producto/camiseta-tecnica-suzuka-sa-6657/" "Mozilla/5.0 (Windows NT 6.1; WOW64; Trident/7.0; rv:11.0) like Gecko" "-"
85.136.137.217 - - [20/Nov/2019:17:15:51 +0100] "GET /wp-includes/js/wp-util.min.js?ver=5.2.4 HTTP/1.1" 200 1387 "https://amazingsportwear.com/producto/camiseta-tecnica-suzuka-sa-6657/" "Mozilla/5.0 (Windows NT 6.1; WOW64; Trident/7.0; rv:11.0) like Gecko" "-"
85.136.137.217 - - [20/Nov/2019:17:15:51 +0100] "GET /wp-content/plugins/woocommerce/assets/js/frontend/add-to-cart-variation.min.js?ver=3.6.4 HTTP/1.1" 200 13625 "https://amazingsportwear.com/producto/camiseta-tecnica-suzuka-sa-6657/" "Mozilla/5.0 (Windows NT 6.1; WOW64; Trident/7.0; rv:11.0) like Gecko" "-"
85.136.137.217 - - [20/Nov/2019:17:15:51 +0100] "GET /wp-includes/js/jquery/ui/core.min.js?ver=1.11.4 HTTP/1.1" 200 4341 "https://amazingsportwear.com/producto/camiseta-tecnica-suzuka-sa-6657/" "Mozilla/5.0 (Windows NT 6.1; WOW64; Trident/7.0; rv:11.0) like Gecko" "-"
85.136.137.217 - - [20/Nov/2019:17:15:51 +0100] "GET /wp-includes/js/jquery/ui/widget.min.js?ver=1.11.4 HTTP/1.1" 200 7250 "https://amazingsportwear.com/producto/camiseta-tecnica-suzuka-sa-6657/" "Mozilla/5.0 (Windows NT 6.1; WOW64; Trident/7.0; rv:11.0) like Gecko" "-"
85.136.137.217 - - [20/Nov/2019:17:15:51 +0100] "GET /wp-includes/js/jquery/ui/mouse.min.js?ver=1.11.4 HTTP/1.1" 200 3489 "https://amazingsportwear.com/producto/camiseta-tecnica-suzuka-sa-6657/" "Mozilla/5.0 (Windows NT 6.1; WOW64; Trident/7.0; rv:11.0) like Gecko" "-"
85.136.137.217 - - [20/Nov/2019:17:15:51 +0100] "GET /wp-content/plugins/woocommerce/assets/css/photoswipe/default-skin/default-skin.png HTTP/1.1" 200 881 "https://amazingsportwear.com/producto/camiseta-tecnica-suzuka-sa-6657/" "Mozilla/5.0 (Windows NT 6.1; WOW64; Trident/7.0; rv:11.0) like Gecko" "_ga=GA1.2.1423105046.1574266553; _gid=GA1.2.626989534.1574266553; _gat_gtag_UA_91619287_1=1"
85.136.137.217 - - [20/Nov/2019:17:15:51 +0100] "GET /wp-includes/js/jquery/ui/resizable.min.js?ver=1.11.4 HTTP/1.1" 200 18798 "https://amazingsportwear.com/producto/camiseta-tecnica-suzuka-sa-6657/" "Mozilla/5.0 (Windows NT 6.1; WOW64; Trident/7.0; rv:11.0) like Gecko" "-"
85.136.137.217 - - [20/Nov/2019:17:15:51 +0100] "GET /wp-includes/js/jquery/ui/draggable.min.js?ver=1.11.4 HTTP/1.1" 200 19277 "https://amazingsportwear.com/producto/camiseta-tecnica-suzuka-sa-6657/" "Mozilla/5.0 (Windows NT 6.1; WOW64; Trident/7.0; rv:11.0) like Gecko" "-"
85.136.137.217 - - [20/Nov/2019:17:15:51 +0100] "GET /wp-includes/js/jquery/ui/position.min.js?ver=1.11.4 HTTP/1.1" 200 6869 "https://amazingsportwear.com/producto/camiseta-tecnica-suzuka-sa-6657/" "Mozilla/5.0 (Windows NT 6.1; WOW64; Trident/7.0; rv:11.0) like Gecko" "-"
85.136.137.217 - - [20/Nov/2019:17:15:51 +0100] "GET /wp-includes/js/jquery/ui/button.min.js?ver=1.11.4 HTTP/1.1" 200 7578 "https://amazingsportwear.com/producto/camiseta-tecnica-suzuka-sa-6657/" "Mozilla/5.0 (Windows NT 6.1; WOW64; Trident/7.0; rv:11.0) like Gecko" "-"
85.136.137.217 - - [20/Nov/2019:17:15:51 +0100] "GET /wp-includes/js/jquery/ui/dialog.min.js?ver=1.11.4 HTTP/1.1" 200 12482 "https://amazingsportwear.com/producto/camiseta-tecnica-suzuka-sa-6657/" "Mozilla/5.0 (Windows NT 6.1; WOW64; Trident/7.0; rv:11.0) like Gecko" "-"
85.136.137.217 - - [20/Nov/2019:17:15:51 +0100] "GET /wp-content/plugins/product-enquiry-for-woocommerce/js/contact.js?ver=5.2.4 HTTP/1.1" 200 4681 "https://amazingsportwear.com/producto/camiseta-tecnica-suzuka-sa-6657/" "Mozilla/5.0 (Windows NT 6.1; WOW64; Trident/7.0; rv:11.0) like Gecko" "-"
85.136.137.217 - - [20/Nov/2019:17:15:51 +0100] "GET /wp-content/plugins/product-enquiry-for-woocommerce/js/wdm_jquery.validate.min.js?ver=5.2.4 HTTP/1.1" 200 21818 "https://amazingsportwear.com/producto/camiseta-tecnica-suzuka-sa-6657/" "Mozilla/5.0 (Windows NT 6.1; WOW64; Trident/7.0; rv:11.0) like Gecko" "-"
85.136.137.217 - - [20/Nov/2019:17:15:51 +0100] "GET /wp-content/uploads/2019/05/cropped-asw-white.png HTTP/1.1" 200 7500 "https://amazingsportwear.com/producto/camiseta-tecnica-suzuka-sa-6657/" "Mozilla/5.0 (Windows NT 6.1; WOW64; Trident/7.0; rv:11.0) like Gecko" "-"
85.136.137.217 - - [20/Nov/2019:17:15:51 +0100] "GET /wp-content/uploads/2017/03/sa-0450_12-300x300.jpg HTTP/1.1" 200 22037 "https://amazingsportwear.com/producto/camiseta-tecnica-suzuka-sa-6657/" "Mozilla/5.0 (Windows NT 6.1; WOW64; Trident/7.0; rv:11.0) like Gecko" "-"
85.136.137.217 - - [20/Nov/2019:17:15:51 +0100] "GET /wp-content/uploads/2018/02/SA-6657-todos-1.png HTTP/1.1" 200 76692 "https://amazingsportwear.com/producto/camiseta-tecnica-suzuka-sa-6657/" "Mozilla/5.0 (Windows NT 6.1; WOW64; Trident/7.0; rv:11.0) like Gecko" "-"
85.136.137.217 - - [20/Nov/2019:17:15:51 +0100] "GET /wp-content/uploads/2018/02/SA-6657-azul-600x686.png HTTP/1.1" 200 292851 "https://amazingsportwear.com/producto/camiseta-tecnica-suzuka-sa-6657/" "Mozilla/5.0 (Windows NT 6.1; WOW64; Trident/7.0; rv:11.0) like Gecko" "-"
85.136.137.217 - - [20/Nov/2019:17:15:51 +0100] "GET /wp-content/uploads/2017/03/ENY-ARABIA-MUJER-783-300x300.jpg HTTP/1.1" 200 8840 "https://amazingsportwear.com/producto/camiseta-tecnica-suzuka-sa-6657/" "Mozilla/5.0 (Windows NT 6.1; WOW64; Trident/7.0; rv:11.0) like Gecko" "-"
85.136.137.217 - - [20/Nov/2019:17:15:51 +0100] "GET /wp-content/uploads/2017/03/sa-0423_223-300x300.jpg HTTP/1.1" 200 9287 "https://amazingsportwear.com/producto/camiseta-tecnica-suzuka-sa-6657/" "Mozilla/5.0 (Windows NT 6.1; WOW64; Trident/7.0; rv:11.0) like Gecko" "-"
85.136.137.217 - - [20/Nov/2019:17:15:51 +0100] "GET /wp-content/uploads/2019/05/asw-white-300x126.png HTTP/1.1" 200 12061 "https://amazingsportwear.com/producto/camiseta-tecnica-suzuka-sa-6657/" "Mozilla/5.0 (Windows NT 6.1; WOW64; Trident/7.0; rv:11.0) like Gecko" "-"
85.136.137.217 - - [20/Nov/2019:17:15:51 +0100] "GET /wp-content/plugins/product-enquiry-for-woocommerce/img/contact/loading.gif HTTP/1.1" 200 3834 "https://amazingsportwear.com/producto/camiseta-tecnica-suzuka-sa-6657/" "Mozilla/5.0 (Windows NT 6.1; WOW64; Trident/7.0; rv:11.0) like Gecko" "-"
85.136.137.217 - - [20/Nov/2019:17:15:51 +0100] "GET /wp-content/plugins/akismet/_inc/form.js?ver=4.1.2 HTTP/1.1" 200 1040 "https://amazingsportwear.com/producto/camiseta-tecnica-suzuka-sa-6657/" "Mozilla/5.0 (Windows NT 6.1; WOW64; Trident/7.0; rv:11.0) like Gecko" "-"
85.136.137.217 - - [20/Nov/2019:17:15:51 +0100] "GET /wp-content/uploads/2018/02/SA-6657-azul.png HTTP/1.1" 200 509363 "https://amazingsportwear.com/producto/camiseta-tecnica-suzuka-sa-6657/" "Mozilla/5.0 (Windows NT 6.1; WOW64; Trident/7.0; rv:11.0) like Gecko" "_ga=GA1.2.1423105046.1574266553; _gid=GA1.2.626989534.1574266553; _gat_gtag_UA_91619287_1=1"
85.136.137.217 - - [20/Nov/2019:17:15:51 +0100] "GET /img/cms/tienda/SA-6657-todos.png HTTP/1.1" 404 68082 "-" "Mozilla/5.0 (Windows NT 6.1; WOW64; Trident/7.0; rv:11.0) like Gecko" "-"
85.136.137.217 - - [20/Nov/2019:17:15:52 +0100] "GET /wp-content/plugins/simple-social-icons/symbol-defs.svg HTTP/1.1" 200 19699 "https://amazingsportwear.com/producto/camiseta-tecnica-suzuka-sa-6657/" "Mozilla/5.0 (Windows NT 6.1; WOW64; Trident/7.0; rv:11.0) like Gecko" "_ga=GA1.2.1423105046.1574266553; _gid=GA1.2.626989534.1574266553; _gat_gtag_UA_91619287_1=1"
85.136.137.217 - - [20/Nov/2019:17:15:51 +0100] "POST /?wc-ajax=get_refreshed_fragments HTTP/1.1" 200 1298 "https://amazingsportwear.com/producto/camiseta-tecnica-suzuka-sa-6657/" "Mozilla/5.0 (Windows NT 6.1; WOW64; Trident/7.0; rv:11.0) like Gecko" "_ga=GA1.2.1423105046.1574266553; _gid=GA1.2.626989534.1574266553; _gat_gtag_UA_91619287_1=1"
85.136.137.217 - - [20/Nov/2019:17:15:52 +0100] "GET /wp-content/uploads/2019/05/cropped-favicon-nuevo-logo-amazinf-128px-32x32.png HTTP/1.1" 200 4834 "-" "Mozilla/5.0 (Windows NT 6.1; Win64; x64; Trident/7.0; rv:11.0) like Gecko" "-"
181.66.198.168 - - [20/Nov/2019:17:19:50 +0100] "GET /wp-content/uploads/2019/04/Gorra-sport-6.png HTTP/1.1" 200 44623 "https://www.google.com/" "Mozilla/5.0 (Windows NT 6.1; Win64; x64) AppleWebKit/537.36 (KHTML, like Gecko) Chrome/78.0.3904.108 Safari/537.36" "-"
217.76.130.90 - - [20/Nov/2019:17:24:36 +0100] "POST /wp-cron.php?doing_wp_cron=1574267076.0909440517425537109375 HTTP/1.1" 200 3389 "https://amazingsportwear.com/wp-cron.php?doing_wp_cron=1574267076.0909440517425537109375" "WordPress/5.2.4; https://amazingsportwear.com" "-"
17.58.96.188 - - [20/Nov/2019:17:24:33 +0100] "GET /categoria-producto/hombre/cortavientos/ HTTP/1.1" 200 57099 "-" "Mozilla/5.0 (Macintosh; Intel Mac OS X 10_10_1) AppleWebKit/600.2.5 (KHTML, like Gecko) Version/8.0.2 Safari/600.2.5 (Applebot/0.1; +http://www.apple.com/go/applebot)" "-"
217.76.130.90 - - [20/Nov/2019:17:31:46 +0100] "POST /wp-cron.php?doing_wp_cron=1574267506.1987540721893310546875 HTTP/1.1" 200 3389 "https://amazingsportwear.com/wp-cron.php?doing_wp_cron=1574267506.1987540721893310546875" "WordPress/5.2.4; https://amazingsportwear.com" "-"
217.76.130.90 - - [20/Nov/2019:17:31:46 +0100] "POST /wp-cron.php?doing_wp_cron=1574267506.1988849639892578125000 HTTP/1.1" 200 3355 "https://amazingsportwear.com/wp-cron.php?doing_wp_cron=1574267506.1988849639892578125000" "WordPress/5.2.4; https://amazingsportwear.com" "-"
31.13.103.6 - - [20/Nov/2019:17:31:43 +0100] "GET / HTTP/1.1" 200 125550 "-" "facebookexternalhit/1.1 (+http://www.facebook.com/externalhit_uatext.php)" "-"
31.13.103.2 - - [20/Nov/2019:17:31:43 +0100] "GET / HTTP/1.1" 200 125560 "-" "facebookexternalhit/1.1 (+http://www.facebook.com/externalhit_uatext.php)" "-"
31.13.103.13 - - [20/Nov/2019:17:31:42 +0100] "GET / HTTP/1.1" 200 125555 "-" "facebookexternalhit/1.1 (+http://www.facebook.com/externalhit_uatext.php)" "-"
31.13.103.24 - - [20/Nov/2019:17:31:48 +0100] "GET /contacta-con-nosotros HTTP/1.1" 301 319 "-" "facebookexternalhit/1.1 (+http://www.facebook.com/externalhit_uatext.php)" "-"
31.13.103.2 - - [20/Nov/2019:17:31:48 +0100] "GET /contacta-con-nosotros HTTP/1.1" 301 319 "-" "facebookexternalhit/1.1 (+http://www.facebook.com/externalhit_uatext.php)" "-"
31.13.103.21 - - [20/Nov/2019:17:31:49 +0100] "GET /contacta-con-nosotros HTTP/1.1" 301 319 "-" "facebookexternalhit/1.1 (+http://www.facebook.com/externalhit_uatext.php)" "-"
31.13.103.24 - - [20/Nov/2019:17:31:49 +0100] "GET /contacta-con-nosotros/ HTTP/1.1" 200 58172 "-" "facebookexternalhit/1.1 (+http://www.facebook.com/externalhit_uatext.php)" "-"
31.13.103.2 - - [20/Nov/2019:17:31:49 +0100] "GET /contacta-con-nosotros/ HTTP/1.1" 200 58177 "-" "facebookexternalhit/1.1 (+http://www.facebook.com/externalhit_uatext.php)" "-"
31.13.103.21 - - [20/Nov/2019:17:31:49 +0100] "GET /contacta-con-nosotros/ HTTP/1.1" 200 58182 "-" "facebookexternalhit/1.1 (+http://www.facebook.com/externalhit_uatext.php)" "-"
31.13.103.21 - - [20/Nov/2019:17:31:55 +0100] "GET /contacta-con-nosotros HTTP/1.1" 301 319 "-" "facebookexternalhit/1.1 (+http://www.facebook.com/externalhit_uatext.php)" "-"
31.13.103.21 - - [20/Nov/2019:17:31:56 +0100] "GET /contacta-con-nosotros/ HTTP/1.1" 200 58202 "-" "facebookexternalhit/1.1 (+http://www.facebook.com/externalhit_uatext.php)" "-"
191.106.173.47 - - [20/Nov/2019:17:35:32 +0100] "GET /wp-content/uploads/2019/04/gorra-dowan-4.png HTTP/1.1" 200 76783 "https://www.google.com/" "Mozilla/5.0 (Linux; Android 9; ELE-L04) AppleWebKit/537.36 (KHTML, like Gecko) Chrome/78.0.3904.96 Mobile Safari/537.36" "-"
191.106.173.47 - - [20/Nov/2019:17:35:36 +0100] "GET /wp-content/uploads/2019/04/gorra-konlun-5.png HTTP/1.1" 200 79560 "https://www.google.com/" "Mozilla/5.0 (Linux; Android 9; ELE-L04) AppleWebKit/537.36 (KHTML, like Gecko) Chrome/78.0.3904.96 Mobile Safari/537.36" "-"
179.52.149.37 - - [20/Nov/2019:17:37:19 +0100] "GET /wp-content/uploads/2019/04/mochila-decath-3.png HTTP/1.1" 200 79673 "https://www.google.com/" "Mozilla/5.0 (Windows NT 10.0; Win64; x64) AppleWebKit/537.36 (KHTML, like Gecko) Chrome/78.0.3904.97 Safari/537.36" "-"
179.52.149.37 - - [20/Nov/2019:17:37:30 +0100] "GET /wp-content/uploads/2019/04/mochila-humus-3.png HTTP/1.1" 200 56083 "https://www.google.com/" "Mozilla/5.0 (Windows NT 10.0; Win64; x64) AppleWebKit/537.36 (KHTML, like Gecko) Chrome/78.0.3904.97 Safari/537.36" "-"
200.31.26.194 - - [20/Nov/2019:17:47:40 +0100] "GET /wp-content/uploads/2019/04/Gorra-sport-10.png HTTP/1.1" 200 60426 "https://www.google.com/" "Mozilla/5.0 (Macintosh; Intel Mac OS X 10_14_6) AppleWebKit/537.36 (KHTML, like Gecko) Chrome/78.0.3904.97 Safari/537.36" "-"
181.199.53.106 - - [20/Nov/2019:17:47:43 +0100] "GET /wp-content/uploads/2019/04/gorra-five-3.png HTTP/1.1" 200 84612 "https://www.google.com/" "Mozilla/5.0 (Windows NT 10.0; Win64; x64) AppleWebKit/537.36 (KHTML, like Gecko) Chrome/78.0.3904.108 Safari/537.36" "-"
181.199.53.106 - - [20/Nov/2019:17:47:54 +0100] "GET /wp-content/uploads/2019/04/gorra-bayon-6.png HTTP/1.1" 200 88478 "https://www.google.com/" "Mozilla/5.0 (Windows NT 10.0; Win64; x64) AppleWebKit/537.36 (KHTML, like Gecko) Chrome/78.0.3904.108 Safari/537.36" "-"
181.199.53.106 - - [20/Nov/2019:17:48:05 +0100] "GET /wp-content/uploads/2019/04/gorra-kisse-6.png HTTP/1.1" 200 86738 "https://www.google.com/" "Mozilla/5.0 (Windows NT 10.0; Win64; x64) AppleWebKit/537.36 (KHTML, like Gecko) Chrome/78.0.3904.108 Safari/537.36" "-"
181.199.53.106 - - [20/Nov/2019:17:50:28 +0100] "GET /wp-content/uploads/2019/04/gorra-five-3.png HTTP/1.1" 200 84607 "-" "Mozilla/4.0 (compatible; MSIE 7.0; Windows NT 10.0; Win64; x64; Trident/7.0; .NET4.0C; .NET4.0E; .NET CLR 2.0.50727; .NET CLR 3.0.30729; .NET CLR 3.5.30729; Zoom 3.6.0; ms-office; MSOffice 16)" "-"
217.76.130.90 - - [20/Nov/2019:17:57:07 +0100] "POST /wp-cron.php?doing_wp_cron=1574269027.5055899620056152343750 HTTP/1.1" 200 3389 "https://amazingsportwear.com/wp-cron.php?doing_wp_cron=1574269027.5055899620056152343750" "WordPress/5.2.4; https://amazingsportwear.com" "-"
17.58.96.188 - - [20/Nov/2019:17:57:04 +0100] "GET /carrito/ HTTP/1.1" 200 91471 "-" "Mozilla/5.0 (Macintosh; Intel Mac OS X 10_10_1) AppleWebKit/600.2.5 (KHTML, like Gecko) Version/8.0.2 Safari/600.2.5 (Applebot/0.1; +http://www.apple.com/go/applebot)" "-"
186.113.219.130 - - [20/Nov/2019:17:57:58 +0100] "GET /wp-content/uploads/2019/04/Gorra-sport-12.png HTTP/1.1" 200 95673 "https://www.google.com/" "Mozilla/5.0 (Windows NT 6.1; Win64; x64) AppleWebKit/537.36 (KHTML, like Gecko) Chrome/78.0.3904.97 Safari/537.36" "-"
200.69.71.50 - - [20/Nov/2019:18:05:46 +0100] "GET /wp-content/uploads/2019/04/Gorra-sport-10.png HTTP/1.1" 200 60426 "https://www.google.com/" "Mozilla/5.0 (Windows NT 6.1) AppleWebKit/537.36 (KHTML, like Gecko) Chrome/78.0.3904.97 Safari/537.36" "-"
217.76.130.90 - - [20/Nov/2019:18:50:02 +0100] "POST /wp-cron.php?doing_wp_cron=1574272202.6459379196166992187500 HTTP/1.1" 200 3389 "https://amazingsportwear.com/wp-cron.php?doing_wp_cron=1574272202.6459379196166992187500" "WordPress/5.2.4; https://amazingsportwear.com" "-"
40.77.167.24 - - [20/Nov/2019:18:49:59 +0100] "GET /etiqueta-producto/gorra-sport/ HTTP/1.1" 200 53940 "-" "Mozilla/5.0 (compatible; bingbot/2.0; +http://www.bing.com/bingbot.htm)" "-"
2.154.70.191 - - [20/Nov/2019:18:57:24 +0100] "GET /wp-content/uploads/2019/04/Gorra-sport-12.png HTTP/1.1" 200 95673 "https://www.google.com/" "Mozilla/5.0 (Windows NT 10.0; Win64; x64) AppleWebKit/537.36 (KHTML, like Gecko) Chrome/78.0.3904.97 Safari/537.36" "-"
217.76.130.90 - - [20/Nov/2019:19:09:33 +0100] "POST /wp-cron.php?doing_wp_cron=1574273373.4863259792327880859375 HTTP/1.1" 200 3389 "https://amazingsportwear.com/wp-cron.php?doing_wp_cron=1574273373.4863259792327880859375" "WordPress/5.2.4; https://amazingsportwear.com" "-"
17.58.96.188 - - [20/Nov/2019:19:09:30 +0100] "GET /aviso-legal/ HTTP/1.1" 200 58490 "-" "Mozilla/5.0 (Macintosh; Intel Mac OS X 10_10_1) AppleWebKit/600.2.5 (KHTML, like Gecko) Version/8.0.2 Safari/600.2.5 (Applebot/0.1; +http://www.apple.com/go/applebot)" "-"
217.76.130.90 - - [20/Nov/2019:19:12:42 +0100] "POST /wp-cron.php?doing_wp_cron=1574273561.9996480941772460937500 HTTP/1.1" 200 164 "http://amazingsportwear.com/wp-cron.php?doing_wp_cron=1574273561.9996480941772460937500" "WordPress/5.2.4; https://amazingsportwear.com" "-"
40.77.167.24 - - [20/Nov/2019:19:12:41 +0100] "GET /tienda/217-falda-patty-sa-0321.html HTTP/1.1" 404 68061 "-" "Mozilla/5.0 (compatible; bingbot/2.0; +http://www.bing.com/bingbot.htm)" "-"
177.236.83.116 - - [20/Nov/2019:19:16:35 +0100] "GET /wp-content/uploads/2019/04/Gorra-sport-6.png HTTP/1.1" 200 44623 "https://www.google.com/" "Mozilla/5.0 (Windows NT 10.0; Win64; x64) AppleWebKit/537.36 (KHTML, like Gecko) Chrome/78.0.3904.97 Safari/537.36" "-"
217.76.130.90 - - [20/Nov/2019:19:32:03 +0100] "POST /wp-cron.php?doing_wp_cron=1574274723.8703138828277587890625 HTTP/1.1" 200 3389 "https://amazingsportwear.com/wp-cron.php?doing_wp_cron=1574274723.8703138828277587890625" "WordPress/5.2.4; https://amazingsportwear.com" "-"
66.249.66.66 - - [20/Nov/2019:19:32:02 +0100] "GET /robots.txt HTTP/1.1" 200 3939 "-" "Mozilla/5.0 (compatible; Googlebot/2.1; +http://www.google.com/bot.html)" "-"
66.249.66.68 - - [20/Nov/2019:19:32:08 +0100] "GET /wp-includes/js/wp-emoji-release.min.js?ver=5.2.3 HTTP/1.1" 200 17546 "https://amazingsportwear.com/etiqueta-producto/camiseta-cyber/" "Mozilla/5.0 (Linux; Android 6.0.1; Nexus 5X Build/MMB29P) AppleWebKit/537.36 (KHTML, like Gecko) Chrome/41.0.2272.96 Mobile Safari/537.36 (compatible; Googlebot/2.1; +http://www.google.com/bot.html)" "-"
187.147.118.147 - - [20/Nov/2019:19:33:25 +0100] "GET /wp-content/uploads/2019/04/Gorra-harum-2.png HTTP/1.1" 200 53515 "https://www.google.com.mx/" "Mozilla/5.0 (Windows NT 10.0; Win64; x64) AppleWebKit/537.36 (KHTML, like Gecko) Chrome/78.0.3904.97 Safari/537.36" "-"
200.45.206.80 - - [20/Nov/2019:19:36:17 +0100] "GET /wp-content/uploads/2019/04/Gorra-sport-10.png HTTP/1.1" 200 60426 "https://www.google.com/" "Mozilla/5.0 (Linux; Android 7.0; Redmi Note 4) AppleWebKit/537.36 (KHTML, like Gecko) Chrome/78.0.3904.108 Mobile Safari/537.36" "-"
94.73.54.242 - - [20/Nov/2019:19:39:39 +0100] "GET /wp-content/uploads/2018/02/SA-0460-adultnino.png HTTP/1.1" 200 822507 "https://www.google.com/" "Mozilla/5.0 (Macintosh; Intel Mac OS X 10_10_5) AppleWebKit/537.36 (KHTML, like Gecko) Chrome/78.0.3904.97 Safari/537.36" "-"
186.90.204.8 - - [20/Nov/2019:19:43:56 +0100] "GET /wp-content/uploads/2019/07/carpa-1024x771.jpg HTTP/1.1" 200 92688 "https://www.google.com/" "Mozilla/5.0 (Windows NT 6.1) AppleWebKit/537.36 (KHTML, like Gecko) Chrome/78.0.3904.70 Safari/537.36" "-"
177.236.83.116 - - [20/Nov/2019:20:13:22 +0100] "GET /wp-content/uploads/2019/04/Gorra-sport-10.png HTTP/1.1" 200 60426 "https://www.google.com/" "Mozilla/5.0 (Windows NT 10.0; Win64; x64) AppleWebKit/537.36 (KHTML, like Gecko) Chrome/78.0.3904.97 Safari/537.36" "-"
138.186.28.4 - - [20/Nov/2019:20:20:46 +0100] "GET /wp-content/uploads/2019/04/Gorra-sport-10.png HTTP/1.1" 200 60426 "https://www.google.com/" "Mozilla/5.0 (Windows NT 6.3) AppleWebKit/537.36 (KHTML, like Gecko) Chrome/78.0.3904.108 Safari/537.36" "-"
200.11.216.225 - - [20/Nov/2019:20:21:53 +0100] "GET /wp-content/uploads/2019/04/Gorra-sport-10.png HTTP/1.1" 200 60426 "https://www.google.com/" "Mozilla/5.0 (Windows NT 6.1) AppleWebKit/537.36 (KHTML, like Gecko) Chrome/78.0.3904.97 Safari/537.36" "-"
181.206.25.39 - - [20/Nov/2019:20:24:34 +0100] "GET /wp-content/uploads/2019/04/Gorra-sport-6.png HTTP/1.1" 200 44623 "https://www.google.com/" "Mozilla/5.0 (Windows NT 6.1; Win64; x64) AppleWebKit/537.36 (KHTML, like Gecko) Chrome/78.0.3904.97 Safari/537.36" "-"
205.211.245.150 - - [20/Nov/2019:20:47:43 +0100] "GET /wp-content/uploads/2019/04/gorra-vorly-1.png HTTP/1.1" 200 85718 "https://www.google.com/" "Mozilla/5.0 (Linux; Android 6.0; HUAWEI CAM-L03 Build/HUAWEICAM-L03; wv) AppleWebKit/537.36 (KHTML, like Gecko) Version/4.0 Chrome/78.0.3904.108 Mobile Safari/537.36 GSA/10.84.19.21.arm64" "-"
217.76.130.90 - - [20/Nov/2019:20:51:12 +0100] "POST /wp-cron.php?doing_wp_cron=1574279472.5510909557342529296875 HTTP/1.1" 200 3389 "https://amazingsportwear.com/wp-cron.php?doing_wp_cron=1574279472.5510909557342529296875" "WordPress/5.2.4; https://amazingsportwear.com" "-"
198.199.66.93 - - [20/Nov/2019:20:51:06 +0100] "HEAD / HTTP/1.1" 301 303 "google.com" "Mozilla" "-"
66.249.66.68 - - [20/Nov/2019:20:51:07 +0100] "GET /categoria-producto/inicio/page/26/ HTTP/1.1" 404 72563 "-" "Mozilla/5.0 (Linux; Android 6.0.1; Nexus 5X Build/MMB29P) AppleWebKit/537.36 (KHTML, like Gecko) Chrome/41.0.2272.96 Mobile Safari/537.36 (compatible; Googlebot/2.1; +http://www.google.com/bot.html)" "-"
186.179.100.136 - - [20/Nov/2019:20:57:33 +0100] "GET /wp-content/uploads/2019/04/Gorra-sport-11.png HTTP/1.1" 200 131116 "https://www.google.com/" "Mozilla/5.0 (Windows NT 10.0; Win64; x64) AppleWebKit/537.36 (KHTML, like Gecko) Chrome/78.0.3904.97 Safari/537.36" "-"
190.165.164.116 - - [20/Nov/2019:21:01:33 +0100] "GET /wp-content/uploads/2019/04/Gorra-sport-6.png HTTP/1.1" 200 44623 "https://www.google.com/" "Mozilla/5.0 (Windows NT 10.0; Win64; x64; rv:67.0) Gecko/20100101 Firefox/67.0" "-"
217.76.130.90 - - [20/Nov/2019:21:12:01 +0100] "POST /wp-cron.php?doing_wp_cron=1574280721.5962460041046142578125 HTTP/1.1" 200 3389 "https://amazingsportwear.com/wp-cron.php?doing_wp_cron=1574280721.5962460041046142578125" "WordPress/5.2.4; https://amazingsportwear.com" "-"
66.249.66.68 - - [20/Nov/2019:21:11:57 +0100] "POST /?wc-ajax=get_refreshed_fragments HTTP/1.1" 200 4760 "https://amazingsportwear.com/etiqueta-producto/bugatti/" "Mozilla/5.0 (Linux; Android 6.0.1; Nexus 5X Build/MMB29P) AppleWebKit/537.36 (KHTML, like Gecko) Chrome/41.0.2272.96 Mobile Safari/537.36 (compatible; Googlebot/2.1; +http://www.google.com/bot.html)" "_ga=GA1.2.1884029788.1569024000; _gid=GA1.2.969013651.1569024000; _gat_gtag_UA_91619287_1=1"
41.141.144.35 - - [20/Nov/2019:21:14:02 +0100] "GET /wp-content/uploads/2019/04/gorra-lorenz-4.png HTTP/1.1" 200 77974 "https://www.google.co.ma/" "Mozilla/5.0 (Windows NT 10.0; Win64; x64) AppleWebKit/537.36 (KHTML, like Gecko) Chrome/77.0.3865.120 Safari/537.36 OPR/64.0.3417.92" "-"
187.144.63.34 - - [20/Nov/2019:21:16:43 +0100] "GET /wp-content/uploads/2019/04/Gorra-sport-10.png HTTP/1.1" 200 60426 "https://www.google.com/" "Mozilla/5.0 (Windows NT 10.0; Win64; x64) AppleWebKit/537.36 (KHTML, like Gecko) Chrome/78.0.3904.97 Safari/537.36" "-"
148.236.7.187 - - [20/Nov/2019:21:22:02 +0100] "GET /wp-content/uploads/2019/04/gorra-five-3.png HTTP/1.1" 200 84607 "https://www.google.com.mx/" "Mozilla/5.0 (Windows NT 10.0; Win64; x64) AppleWebKit/537.36 (KHTML, like Gecko) Chrome/78.0.3904.97 Safari/537.36" "-"
217.76.130.90 - - [20/Nov/2019:21:29:49 +0100] "POST /wp-cron.php?doing_wp_cron=1574281789.0948948860168457031250 HTTP/1.1" 200 164 "http://amazingsportwear.com/wp-cron.php?doing_wp_cron=1574281789.0948948860168457031250" "WordPress/5.2.4; https://amazingsportwear.com" "-"
66.249.66.159 - - [20/Nov/2019:21:29:43 +0100] "GET /robots.txt HTTP/1.1" 200 432 "-" "Mozilla/5.0 (compatible; Googlebot/2.1; +http://www.google.com/bot.html)" "-"
66.249.66.129 - - [20/Nov/2019:21:29:52 +0100] "GET /sitemap.xml HTTP/1.1" 301 453 "-" "Mozilla/5.0 (compatible; Googlebot/2.1; +http://www.google.com/bot.html)" "-"
66.249.66.86 - - [20/Nov/2019:21:29:54 +0100] "GET /sitemap.xml HTTP/1.1" 404 51653 "-" "Mozilla/5.0 (compatible; Googlebot/2.1; +http://www.google.com/bot.html)" "-"
217.76.130.90 - - [20/Nov/2019:21:46:14 +0100] "POST /wp-cron.php?doing_wp_cron=1574282774.6727559566497802734375 HTTP/1.1" 200 164 "http://amazingsportwear.com/wp-cron.php?doing_wp_cron=1574282774.6727559566497802734375" "WordPress/5.2.4; https://amazingsportwear.com" "-"
46.161.63.69 - - [20/Nov/2019:21:46:09 +0100] "GET / HTTP/1.1" 301 336 "https://easy-website-traffic.com/amazingsportwear.com" "Mozilla/5.0 (Windows NT 6.1; rv:24.0) Gecko/20100101 Firefox/24.0" "-"
46.161.63.69 - - [20/Nov/2019:21:46:16 +0100] "GET / HTTP/1.1" 200 125750 "https://easy-website-traffic.com/amazingsportwear.com" "Mozilla/5.0 (Windows NT 6.1; rv:24.0) Gecko/20100101 Firefox/24.0" "wpfront-notification-bar-landingpage=1"
46.161.63.69 - - [20/Nov/2019:21:46:22 +0100] "GET /wp-content/plugins/cookie-law-info/public/js/cookie-law-info-public.js?ver=1.7.6 HTTP/1.1" 200 17076 "https://amazingsportwear.com/" "Mozilla/5.0 (Windows NT 6.1; rv:24.0) Gecko/20100101 Firefox/24.0" "wpfront-notification-bar-landingpage=1"
46.161.63.69 - - [20/Nov/2019:21:46:23 +0100] "GET /wp-content/plugins/wpfront-notification-bar/js/wpfront-notification-bar.js?ver=1.7.1 HTTP/1.1" 200 5805 "https://amazingsportwear.com/" "Mozilla/5.0 (Windows NT 6.1; rv:24.0) Gecko/20100101 Firefox/24.0" "wpfront-notification-bar-landingpage=1"
46.161.63.69 - - [20/Nov/2019:21:46:23 +0100] "GET /wp-content/plugins/simple-social-icons/svgxuse.js?ver=1.1.21 HTTP/1.1" 200 9580 "https://amazingsportwear.com/" "Mozilla/5.0 (Windows NT 6.1; rv:24.0) Gecko/20100101 Firefox/24.0" "wpfront-notification-bar-landingpage=1"
46.161.63.69 - - [20/Nov/2019:21:46:23 +0100] "GET /wp-includes/js/wp-embed.min.js?ver=5.2.4 HTTP/1.1" 200 1887 "https://amazingsportwear.com/" "Mozilla/5.0 (Windows NT 6.1; rv:24.0) Gecko/20100101 Firefox/24.0" "wpfront-notification-bar-landingpage=1"
46.161.63.69 - - [20/Nov/2019:21:46:39 +0100] "GET /categoria-producto/accesorios/pulseras/ HTTP/1.1" 200 56557 "-" "Mozilla/5.0 (Windows NT 6.1; rv:24.0) Gecko/20100101 Firefox/24.0" "wpfront-notification-bar-landingpage=1; _ga=GA1.2.723461329.1574282780; _gid=GA1.2.470533468.1574282780; _gat_gtag_UA_91619287_1=1"
217.76.130.90 - - [20/Nov/2019:21:47:14 +0100] "POST /wp-cron.php?doing_wp_cron=1574282834.4127299785614013671875 HTTP/1.1" 200 3389 "https://amazingsportwear.com/wp-cron.php?doing_wp_cron=1574282834.4127299785614013671875" "WordPress/5.2.4; https://amazingsportwear.com" "-"
46.161.63.69 - - [20/Nov/2019:21:47:10 +0100] "GET /categoria-producto/hombre/polostecnicos/ HTTP/1.1" 200 73342 "-" "Mozilla/5.0 (Windows NT 6.1; rv:24.0) Gecko/20100101 Firefox/24.0" "wpfront-notification-bar-landingpage=1; _gat_gtag_UA_91619287_1=1; _ga=GA1.2.723461329.1574282780; _gid=GA1.2.470533468.1574282780"
5.188.219.13 - - [20/Nov/2019:21:47:51 +0100] "GET / HTTP/1.1" 301 336 "https://easy-website-traffic.com/amazingsportwear.com" "Mozilla/5.0 (Windows NT 6.1) AppleWebKit/537.31 (KHTML like Gecko) Chrome/26.0.1410.64 Safari/537.31" "-"
5.188.219.13 - - [20/Nov/2019:21:47:57 +0100] "GET / HTTP/1.1" 200 125765 "https://easy-website-traffic.com/amazingsportwear.com" "Mozilla/5.0 (Windows NT 6.1) AppleWebKit/537.31 (KHTML like Gecko) Chrome/26.0.1410.64 Safari/537.31" "wpfront-notification-bar-landingpage=1"
5.188.219.13 - - [20/Nov/2019:21:48:00 +0100] "GET /wp-content/plugins/cookie-law-info/public/js/cookie-law-info-public.js?ver=1.7.6 HTTP/1.1" 200 17076 "https://amazingsportwear.com/" "Mozilla/5.0 (Windows NT 6.1) AppleWebKit/537.31 (KHTML like Gecko) Chrome/26.0.1410.64 Safari/537.31" "wpfront-notification-bar-landingpage=1"
5.188.219.13 - - [20/Nov/2019:21:48:00 +0100] "GET /wp-content/plugins/wpfront-notification-bar/js/wpfront-notification-bar.js?ver=1.7.1 HTTP/1.1" 200 5805 "https://amazingsportwear.com/" "Mozilla/5.0 (Windows NT 6.1) AppleWebKit/537.31 (KHTML like Gecko) Chrome/26.0.1410.64 Safari/537.31" "wpfront-notification-bar-landingpage=1"
5.188.219.13 - - [20/Nov/2019:21:48:00 +0100] "GET /wp-includes/js/wp-embed.min.js?ver=5.2.4 HTTP/1.1" 200 1887 "https://amazingsportwear.com/" "Mozilla/5.0 (Windows NT 6.1) AppleWebKit/537.31 (KHTML like Gecko) Chrome/26.0.1410.64 Safari/537.31" "wpfront-notification-bar-landingpage=1"
5.188.219.13 - - [20/Nov/2019:21:48:00 +0100] "GET /wp-content/plugins/simple-social-icons/svgxuse.js?ver=1.1.21 HTTP/1.1" 200 9723 "https://amazingsportwear.com/" "Mozilla/5.0 (Windows NT 6.1) AppleWebKit/537.31 (KHTML like Gecko) Chrome/26.0.1410.64 Safari/537.31" "wpfront-notification-bar-landingpage=1"
217.76.130.90 - - [20/Nov/2019:21:48:26 +0100] "POST /wp-cron.php?doing_wp_cron=1574282906.8230938911437988281250 HTTP/1.1" 200 3389 "https://amazingsportwear.com/wp-cron.php?doing_wp_cron=1574282906.8230938911437988281250" "WordPress/5.2.4; https://amazingsportwear.com" "-"
5.188.219.13 - - [20/Nov/2019:21:48:22 +0100] "GET /ofertas/ HTTP/1.1" 200 70120 "-" "Mozilla/5.0 (Windows NT 6.1) AppleWebKit/537.31 (KHTML like Gecko) Chrome/26.0.1410.64 Safari/537.31" "wpfront-notification-bar-landingpage=1; _ga=GA1.2.1988742476.1574282878; _gid=GA1.2.483885741.1574282878; _gat_gtag_UA_91619287_1=1"
217.76.130.90 - - [20/Nov/2019:21:55:07 +0100] "POST /wp-cron.php?doing_wp_cron=1574283307.8610899448394775390625 HTTP/1.1" 200 164 "http://amazingsportwear.com/wp-cron.php?doing_wp_cron=1574283307.8610899448394775390625" "WordPress/5.2.4; https://amazingsportwear.com" "-"
95.85.69.107 - - [20/Nov/2019:21:54:58 +0100] "GET / HTTP/1.1" 301 336 "https://easy-website-traffic.com/amazingsportwear.com" "Mozilla/5.0 (Windows NT 5.1) AppleWebKit/537.1 (KHTML like Gecko) Chrome/21.0.1180.89 Safari/537.1" "-"
17.58.100.225 - - [20/Nov/2019:21:55:06 +0100] "GET /robots.txt HTTP/1.1" 200 3687 "-" "Mozilla/5.0 (Macintosh; Intel Mac OS X 10_10_1) AppleWebKit/600.2.5 (KHTML, like Gecko) Version/8.0.2 Safari/600.2.5 (Applebot/0.1; +http://www.apple.com/go/applebot)" "-"
17.58.96.188 - - [20/Nov/2019:21:55:09 +0100] "GET /categoria-producto/mujer/polostecnicos-mujer/ HTTP/1.1" 200 66748 "-" "Mozilla/5.0 (Macintosh; Intel Mac OS X 10_10_1) AppleWebKit/600.2.5 (KHTML, like Gecko) Version/8.0.2 Safari/600.2.5 (Applebot/0.1; +http://www.apple.com/go/applebot)" "-"
95.85.69.107 - - [20/Nov/2019:21:55:08 +0100] "GET / HTTP/1.1" 200 125766 "https://easy-website-traffic.com/amazingsportwear.com" "Mozilla/5.0 (Windows NT 5.1) AppleWebKit/537.1 (KHTML like Gecko) Chrome/21.0.1180.89 Safari/537.1" "wpfront-notification-bar-landingpage=1"
95.85.69.107 - - [20/Nov/2019:21:55:14 +0100] "GET /wp-content/plugins/cookie-law-info/public/js/cookie-law-info-public.js?ver=1.7.6 HTTP/1.1" 200 17076 "https://amazingsportwear.com/" "Mozilla/5.0 (Windows NT 5.1) AppleWebKit/537.1 (KHTML like Gecko) Chrome/21.0.1180.89 Safari/537.1" "wpfront-notification-bar-landingpage=1"
95.85.69.107 - - [20/Nov/2019:21:55:14 +0100] "GET /wp-content/plugins/simple-social-icons/svgxuse.js?ver=1.1.21 HTTP/1.1" 200 9723 "https://amazingsportwear.com/" "Mozilla/5.0 (Windows NT 5.1) AppleWebKit/537.1 (KHTML like Gecko) Chrome/21.0.1180.89 Safari/537.1" "wpfront-notification-bar-landingpage=1"
