77.26.12.4 - - [13/Dec/2019:14:32:06 +0100] "GET /wp-content/plugins/elementor/assets/js/frontend-modules.min.js?ver=2.5.16 HTTP/1.1" 200 14849 "https://amazingsportwear.com/" "Mozilla/5.0 (Windows NT 10.0; Win64; x64) AppleWebKit/537.36 (KHTML, like Gecko) Chrome/78.0.3904.108 Safari/537.36" "wpfront-notification-bar-landingpage=1"
77.26.12.4 - - [13/Dec/2019:14:32:06 +0100] "GET /wp-content/uploads/2019/07/polo-tecnico-300x124.jpg HTTP/1.1" 200 20902 "https://amazingsportwear.com/" "Mozilla/5.0 (Windows NT 10.0; Win64; x64) AppleWebKit/537.36 (KHTML, like Gecko) Chrome/78.0.3904.108 Safari/537.36" "wpfront-notification-bar-landingpage=1"
77.26.12.4 - - [13/Dec/2019:14:32:06 +0100] "GET /wp-content/uploads/2019/07/zapatillero-300x124.jpg HTTP/1.1" 200 19962 "https://amazingsportwear.com/" "Mozilla/5.0 (Windows NT 10.0; Win64; x64) AppleWebKit/537.36 (KHTML, like Gecko) Chrome/78.0.3904.108 Safari/537.36" "wpfront-notification-bar-landingpage=1"
77.26.12.4 - - [13/Dec/2019:14:32:06 +0100] "GET /wp-content/uploads/2019/07/cortavientos-300x124.jpg HTTP/1.1" 200 20457 "https://amazingsportwear.com/" "Mozilla/5.0 (Windows NT 10.0; Win64; x64) AppleWebKit/537.36 (KHTML, like Gecko) Chrome/78.0.3904.108 Safari/537.36" "wpfront-notification-bar-landingpage=1"
77.26.12.4 - - [13/Dec/2019:14:32:06 +0100] "GET /wp-content/uploads/2019/07/toalla-300x124.jpg HTTP/1.1" 200 20320 "https://amazingsportwear.com/" "Mozilla/5.0 (Windows NT 10.0; Win64; x64) AppleWebKit/537.36 (KHTML, like Gecko) Chrome/78.0.3904.108 Safari/537.36" "wpfront-notification-bar-landingpage=1"
77.26.12.4 - - [13/Dec/2019:14:32:06 +0100] "GET /wp-content/uploads/2019/07/gorra-tecnica-300x124.jpg HTTP/1.1" 200 20207 "https://amazingsportwear.com/" "Mozilla/5.0 (Windows NT 10.0; Win64; x64) AppleWebKit/537.36 (KHTML, like Gecko) Chrome/78.0.3904.108 Safari/537.36" "wpfront-notification-bar-landingpage=1"
77.26.12.4 - - [13/Dec/2019:14:32:06 +0100] "GET /wp-content/uploads/2019/07/mochila-saco-300x124.jpg HTTP/1.1" 200 20335 "https://amazingsportwear.com/" "Mozilla/5.0 (Windows NT 10.0; Win64; x64) AppleWebKit/537.36 (KHTML, like Gecko) Chrome/78.0.3904.108 Safari/537.36" "wpfront-notification-bar-landingpage=1"
77.26.12.4 - - [13/Dec/2019:14:32:06 +0100] "GET /wp-content/uploads/2019/07/slider1.jpg HTTP/1.1" 200 247936 "https://amazingsportwear.com/" "Mozilla/5.0 (Windows NT 10.0; Win64; x64) AppleWebKit/537.36 (KHTML, like Gecko) Chrome/78.0.3904.108 Safari/537.36" "wpfront-notification-bar-landingpage=1"
77.26.12.4 - - [13/Dec/2019:14:32:06 +0100] "GET /wp-content/uploads/2019/07/slider2.jpg HTTP/1.1" 200 253582 "https://amazingsportwear.com/" "Mozilla/5.0 (Windows NT 10.0; Win64; x64) AppleWebKit/537.36 (KHTML, like Gecko) Chrome/78.0.3904.108 Safari/537.36" "wpfront-notification-bar-landingpage=1"
77.26.12.4 - - [13/Dec/2019:14:32:06 +0100] "GET /wp-content/uploads/2019/07/carpa-1024x771.jpg HTTP/1.1" 200 92688 "https://amazingsportwear.com/" "Mozilla/5.0 (Windows NT 10.0; Win64; x64) AppleWebKit/537.36 (KHTML, like Gecko) Chrome/78.0.3904.108 Safari/537.36" "wpfront-notification-bar-landingpage=1"
77.26.12.4 - - [13/Dec/2019:14:32:06 +0100] "GET /wp-content/uploads/2019/07/slider3.jpg HTTP/1.1" 200 280344 "https://amazingsportwear.com/" "Mozilla/5.0 (Windows NT 10.0; Win64; x64) AppleWebKit/537.36 (KHTML, like Gecko) Chrome/78.0.3904.108 Safari/537.36" "wpfront-notification-bar-landingpage=1"
77.26.12.4 - - [13/Dec/2019:14:32:06 +0100] "GET /wp-content/uploads/2019/07/slider4.jpg HTTP/1.1" 200 373113 "https://amazingsportwear.com/" "Mozilla/5.0 (Windows NT 10.0; Win64; x64) AppleWebKit/537.36 (KHTML, like Gecko) Chrome/78.0.3904.108 Safari/537.36" "wpfront-notification-bar-landingpage=1"
77.26.12.4 - - [13/Dec/2019:14:32:07 +0100] "GET /wp-content/uploads/2019/04/Gorra-sport-12-300x300.png HTTP/1.1" 200 52757 "https://amazingsportwear.com/" "Mozilla/5.0 (Windows NT 10.0; Win64; x64) AppleWebKit/537.36 (KHTML, like Gecko) Chrome/78.0.3904.108 Safari/537.36" "wpfront-notification-bar-landingpage=1"
77.26.12.4 - - [13/Dec/2019:14:32:07 +0100] "GET /wp-content/uploads/2019/04/toalla-absorvente-gymnasio-7-300x300.png HTTP/1.1" 200 82027 "https://amazingsportwear.com/" "Mozilla/5.0 (Windows NT 10.0; Win64; x64) AppleWebKit/537.36 (KHTML, like Gecko) Chrome/78.0.3904.108 Safari/537.36" "wpfront-notification-bar-landingpage=1"
77.26.12.4 - - [13/Dec/2019:14:32:07 +0100] "GET /wp-content/uploads/2019/04/bolsa-deporte-young-1-300x300.png HTTP/1.1" 200 80698 "https://amazingsportwear.com/" "Mozilla/5.0 (Windows NT 10.0; Win64; x64) AppleWebKit/537.36 (KHTML, like Gecko) Chrome/78.0.3904.108 Safari/537.36" "wpfront-notification-bar-landingpage=1"
77.26.12.4 - - [13/Dec/2019:14:32:07 +0100] "GET /wp-content/uploads/2019/04/bidon-match-4-300x300.png HTTP/1.1" 200 75183 "https://amazingsportwear.com/" "Mozilla/5.0 (Windows NT 10.0; Win64; x64) AppleWebKit/537.36 (KHTML, like Gecko) Chrome/78.0.3904.108 Safari/537.36" "wpfront-notification-bar-landingpage=1"
77.26.12.4 - - [13/Dec/2019:14:32:07 +0100] "GET /wp-content/uploads/2019/04/mochila-decath-5-300x300.png HTTP/1.1" 200 67394 "https://amazingsportwear.com/" "Mozilla/5.0 (Windows NT 10.0; Win64; x64) AppleWebKit/537.36 (KHTML, like Gecko) Chrome/78.0.3904.108 Safari/537.36" "wpfront-notification-bar-landingpage=1"
77.26.12.4 - - [13/Dec/2019:14:32:07 +0100] "GET /wp-content/uploads/2018/05/cif-g221-2-300x300.jpg HTTP/1.1" 200 11657 "https://amazingsportwear.com/" "Mozilla/5.0 (Windows NT 10.0; Win64; x64) AppleWebKit/537.36 (KHTML, like Gecko) Chrome/78.0.3904.108 Safari/537.36" "wpfront-notification-bar-landingpage=1"
77.26.12.4 - - [13/Dec/2019:14:32:07 +0100] "GET /wp-content/uploads/2019/05/asw-white-300x126.png HTTP/1.1" 200 15424 "https://amazingsportwear.com/" "Mozilla/5.0 (Windows NT 10.0; Win64; x64) AppleWebKit/537.36 (KHTML, like Gecko) Chrome/78.0.3904.108 Safari/537.36" "wpfront-notification-bar-landingpage=1"
77.26.12.4 - - [13/Dec/2019:14:32:07 +0100] "GET /wp-content/uploads/2018/05/cat-3164-amarillo-300x300.png HTTP/1.1" 200 75773 "https://amazingsportwear.com/" "Mozilla/5.0 (Windows NT 10.0; Win64; x64) AppleWebKit/537.36 (KHTML, like Gecko) Chrome/78.0.3904.108 Safari/537.36" "wpfront-notification-bar-landingpage=1"
77.26.12.4 - - [13/Dec/2019:14:32:07 +0100] "GET /wp-content/uploads/2019/04/Llavero-triumph-1-300x300.png HTTP/1.1" 200 16218 "https://amazingsportwear.com/" "Mozilla/5.0 (Windows NT 10.0; Win64; x64) AppleWebKit/537.36 (KHTML, like Gecko) Chrome/78.0.3904.108 Safari/537.36" "wpfront-notification-bar-landingpage=1"
77.26.12.4 - - [13/Dec/2019:14:32:07 +0100] "GET /wp-content/uploads/2017/03/sa-0415_60-300x300.jpg HTTP/1.1" 200 18635 "https://amazingsportwear.com/" "Mozilla/5.0 (Windows NT 10.0; Win64; x64) AppleWebKit/537.36 (KHTML, like Gecko) Chrome/78.0.3904.108 Safari/537.36" "wpfront-notification-bar-landingpage=1"
77.26.12.4 - - [13/Dec/2019:14:32:07 +0100] "GET /wp-content/uploads/2018/06/sa-6502-naranja-300x300.jpg HTTP/1.1" 200 46019 "https://amazingsportwear.com/" "Mozilla/5.0 (Windows NT 10.0; Win64; x64) AppleWebKit/537.36 (KHTML, like Gecko) Chrome/78.0.3904.108 Safari/537.36" "wpfront-notification-bar-landingpage=1"
77.26.12.4 - - [13/Dec/2019:14:32:07 +0100] "GET /wp-content/uploads/2019/04/SA-6684-1-300x300.png HTTP/1.1" 200 98171 "https://amazingsportwear.com/" "Mozilla/5.0 (Windows NT 10.0; Win64; x64) AppleWebKit/537.36 (KHTML, like Gecko) Chrome/78.0.3904.108 Safari/537.36" "wpfront-notification-bar-landingpage=1"
77.26.12.4 - - [13/Dec/2019:14:32:07 +0100] "GET /wp-content/uploads/2018/05/cp-lycra-2.jpg HTTP/1.1" 200 17138 "https://amazingsportwear.com/" "Mozilla/5.0 (Windows NT 10.0; Win64; x64) AppleWebKit/537.36 (KHTML, like Gecko) Chrome/78.0.3904.108 Safari/537.36" "wpfront-notification-bar-landingpage=1"
77.26.12.4 - - [13/Dec/2019:14:32:07 +0100] "GET /wp-content/uploads/2019/06/compartir-300x300.jpg HTTP/1.1" 200 13503 "https://amazingsportwear.com/" "Mozilla/5.0 (Windows NT 10.0; Win64; x64) AppleWebKit/537.36 (KHTML, like Gecko) Chrome/78.0.3904.108 Safari/537.36" "wpfront-notification-bar-landingpage=1"
77.26.12.4 - - [13/Dec/2019:14:32:07 +0100] "GET /wp-content/uploads/2019/06/amistad3-300x300.jpg HTTP/1.1" 200 16107 "https://amazingsportwear.com/" "Mozilla/5.0 (Windows NT 10.0; Win64; x64) AppleWebKit/537.36 (KHTML, like Gecko) Chrome/78.0.3904.108 Safari/537.36" "wpfront-notification-bar-landingpage=1"
77.26.12.4 - - [13/Dec/2019:14:32:09 +0100] "GET /wp-content/plugins/simple-social-icons/symbol-defs.svg HTTP/1.1" 200 23062 "https://amazingsportwear.com/" "Mozilla/5.0 (Windows NT 10.0; Win64; x64) AppleWebKit/537.36 (KHTML, like Gecko) Chrome/78.0.3904.108 Safari/537.36" "wpfront-notification-bar-landingpage=1"
77.26.12.4 - - [13/Dec/2019:14:32:09 +0100] "GET /wp-content/plugins/wpfront-notification-bar/images/arrow_down.png HTTP/1.1" 200 5925 "https://amazingsportwear.com/wp-content/plugins/wpfront-notification-bar/css/wpfront-notification-bar.css?ver=1.7.1" "Mozilla/5.0 (Windows NT 10.0; Win64; x64) AppleWebKit/537.36 (KHTML, like Gecko) Chrome/78.0.3904.108 Safari/537.36" "wpfront-notification-bar-landingpage=1"
77.26.12.4 - - [13/Dec/2019:14:32:09 +0100] "GET /wp-content/plugins/elementor/assets/lib/font-awesome/fonts/fontawesome-webfont.woff2?v=4.7.0 HTTP/1.1" 200 80978 "https://amazingsportwear.com/wp-content/plugins/elementor/assets/lib/font-awesome/css/font-awesome.min.css?ver=4.7.0" "Mozilla/5.0 (Windows NT 10.0; Win64; x64) AppleWebKit/537.36 (KHTML, like Gecko) Chrome/78.0.3904.108 Safari/537.36" "wpfront-notification-bar-landingpage=1"
77.26.12.4 - - [13/Dec/2019:14:32:09 +0100] "GET /wp-content/plugins/elementor/assets/css/frontend-msie.min.css?2.5.16 HTTP/1.1" 200 12074 "https://amazingsportwear.com/" "Mozilla/5.0 (Windows NT 10.0; Win64; x64) AppleWebKit/537.36 (KHTML, like Gecko) Chrome/78.0.3904.108 Safari/537.36" "wpfront-notification-bar-landingpage=1"
217.76.130.90 - - [13/Dec/2019:14:32:10 +0100] "POST /wp-cron.php?doing_wp_cron=1576243930.6068220138549804687500 HTTP/1.1" 200 3389 "https://amazingsportwear.com/wp-cron.php?doing_wp_cron=1576243930.6068220138549804687500" "WordPress/5.2.5; https://amazingsportwear.com" "-"
77.26.12.4 - - [13/Dec/2019:14:32:09 +0100] "POST /?wc-ajax=get_refreshed_fragments HTTP/1.1" 200 4708 "https://amazingsportwear.com/" "Mozilla/5.0 (Windows NT 10.0; Win64; x64) AppleWebKit/537.36 (KHTML, like Gecko) Chrome/78.0.3904.108 Safari/537.36" "wpfront-notification-bar-landingpage=1"
77.26.12.4 - - [13/Dec/2019:14:32:11 +0100] "GET /wp-content/themes/shopper/assets/fonts/fontawesome-webfont.woff2?v=4.7.0 HTTP/1.1" 200 80978 "https://amazingsportwear.com/wp-content/themes/shopper/style.css?ver=1.3.8" "Mozilla/5.0 (Windows NT 10.0; Win64; x64) AppleWebKit/537.36 (KHTML, like Gecko) Chrome/78.0.3904.108 Safari/537.36" "wpfront-notification-bar-landingpage=1"
168.205.11.2 - - [13/Dec/2019:14:34:52 +0100] "GET /wp-content/uploads/2017/01/cam-ranglan3-maristas-300x300.jpg HTTP/1.1" 200 15662 "https://www.google.com/" "Mozilla/5.0 (Windows NT 6.1; Win64; x64) AppleWebKit/537.36 (KHTML, like Gecko) Chrome/78.0.3904.108 Safari/537.36" "-"
181.113.137.24 - - [13/Dec/2019:14:36:23 +0100] "GET /wp-content/uploads/2019/04/mochila-humus-3.png HTTP/1.1" 200 59308 "https://www.google.com/" "Mozilla/5.0 (Windows NT 10.0; Win64; x64) AppleWebKit/537.36 (KHTML, like Gecko) Chrome/79.0.3945.79 Safari/537.36" "-"
207.46.13.25 - - [13/Dec/2019:14:46:55 +0100] "GET /wp-content/uploads/2017/04/nath-sunset-colores1-1.png HTTP/1.1" 200 42925 "-" "Mozilla/5.0 (compatible; bingbot/2.0; +http://www.bing.com/bingbot.htm)" "-"
66.249.64.148 - - [13/Dec/2019:14:47:48 +0100] "GET /wp-content/uploads/2019/04/GORRA-LEDIEM-1-300x300.png HTTP/1.1" 304 3566 "-" "Googlebot-Image/1.0" "-"
217.76.130.90 - - [13/Dec/2019:14:48:05 +0100] "POST /wp-cron.php?doing_wp_cron=1576244885.0319890975952148437500 HTTP/1.1" 200 3389 "https://amazingsportwear.com/wp-cron.php?doing_wp_cron=1576244885.0319890975952148437500" "WordPress/5.2.5; https://amazingsportwear.com" "-"
66.249.64.148 - - [13/Dec/2019:14:48:03 +0100] "GET /producto/llavero-metalico-futbol/ HTTP/1.1" 200 94806 "-" "Mozilla/5.0 (Linux; Android 6.0.1; Nexus 5X Build/MMB29P) AppleWebKit/537.36 (KHTML, like Gecko) Chrome/41.0.2272.96 Mobile Safari/537.36 (compatible; Googlebot/2.1; +http://www.google.com/bot.html)" "-"
217.76.130.90 - - [13/Dec/2019:14:49:48 +0100] "POST /wp-cron.php?doing_wp_cron=1576244988.2899429798126220703125 HTTP/1.1" 200 3389 "https://amazingsportwear.com/wp-cron.php?doing_wp_cron=1576244988.2899429798126220703125" "WordPress/5.2.5; https://amazingsportwear.com" "-"
66.249.64.146 - - [13/Dec/2019:14:49:47 +0100] "GET /producto/sudadera-capucha/ HTTP/1.1" 200 101395 "-" "Mozilla/5.0 (Linux; Android 6.0.1; Nexus 5X Build/MMB29P) AppleWebKit/537.36 (KHTML, like Gecko) Chrome/41.0.2272.96 Mobile Safari/537.36 (compatible; Googlebot/2.1; +http://www.google.com/bot.html)" "-"
190.5.234.158 - - [13/Dec/2019:14:52:13 +0100] "GET /wp-content/uploads/2019/04/Gorra-sport-6.png HTTP/1.1" 200 44082 "https://www.google.com/" "Mozilla/5.0 (Windows NT 6.1) AppleWebKit/537.36 (KHTML, like Gecko) Chrome/78.0.3904.108 Safari/537.36" "-"
217.76.130.90 - - [13/Dec/2019:15:10:56 +0100] "POST /wp-cron.php?doing_wp_cron=1576246256.5962729454040527343750 HTTP/1.1" 200 3389 "https://amazingsportwear.com/wp-cron.php?doing_wp_cron=1576246256.5962729454040527343750" "WordPress/5.2.5; https://amazingsportwear.com" "-"
66.249.64.144 - - [13/Dec/2019:15:10:53 +0100] "GET /producto/llavero-metalico-futbol/ HTTP/1.1" 200 94623 "-" "Mozilla/5.0 (compatible; Googlebot/2.1; +http://www.google.com/bot.html)" "-"
167.61.50.174 - - [13/Dec/2019:15:11:34 +0100] "GET /wp-content/uploads/2019/04/Gorra-sport-11.png HTTP/1.1" 200 131116 "https://www.google.com/" "Mozilla/5.0 (Windows NT 6.3; Win64; x64) AppleWebKit/537.36 (KHTML, like Gecko) Chrome/79.0.3945.79 Safari/537.36" "-"
167.61.50.174 - - [13/Dec/2019:15:12:31 +0100] "GET /wp-content/uploads/2019/04/gorra-lorenz-4.png HTTP/1.1" 200 74749 "https://www.google.com/" "Mozilla/5.0 (Windows NT 6.3; Win64; x64) AppleWebKit/537.36 (KHTML, like Gecko) Chrome/79.0.3945.79 Safari/537.36" "-"
217.76.130.90 - - [13/Dec/2019:15:13:41 +0100] "POST /wp-cron.php?doing_wp_cron=1576246421.6122961044311523437500 HTTP/1.1" 200 3389 "https://amazingsportwear.com/wp-cron.php?doing_wp_cron=1576246421.6122961044311523437500" "WordPress/5.2.5; https://amazingsportwear.com" "-"
66.249.64.144 - - [13/Dec/2019:15:13:35 +0100] "GET /producto/falda-tecnica-padel-tenis/ HTTP/1.1" 200 96606 "-" "Mozilla/5.0 (Linux; Android 6.0.1; Nexus 5X Build/MMB29P) AppleWebKit/537.36 (KHTML, like Gecko) Chrome/41.0.2272.96 Mobile Safari/537.36 (compatible; Googlebot/2.1; +http://www.google.com/bot.html)" "-"
66.249.64.146 - - [13/Dec/2019:15:13:51 +0100] "GET /producto/mochila-blades/ HTTP/1.1" 200 103132 "-" "Mozilla/5.0 (Linux; Android 6.0.1; Nexus 5X Build/MMB29P) AppleWebKit/537.36 (KHTML, like Gecko) Chrome/41.0.2272.96 Mobile Safari/537.36 (compatible; Googlebot/2.1; +http://www.google.com/bot.html)" "-"
217.76.130.90 - - [13/Dec/2019:15:15:55 +0100] "POST /wp-cron.php?doing_wp_cron=1576246555.3291540145874023437500 HTTP/1.1" 200 3389 "https://amazingsportwear.com/wp-cron.php?doing_wp_cron=1576246555.3291540145874023437500" "WordPress/5.2.5; https://amazingsportwear.com" "-"
173.252.83.10 - - [13/Dec/2019:15:15:54 +0100] "GET / HTTP/1.1" 200 125545 "-" "facebookexternalhit/1.1 (+http://www.facebook.com/externalhit_uatext.php)" "-"
173.252.83.5 - - [13/Dec/2019:15:15:54 +0100] "GET / HTTP/1.1" 200 125555 "-" "facebookexternalhit/1.1 (+http://www.facebook.com/externalhit_uatext.php)" "-"
217.76.130.90 - - [13/Dec/2019:15:16:23 +0100] "POST /wp-cron.php?doing_wp_cron=1576246583.8099210262298583984375 HTTP/1.1" 200 164 "http://amazingsportwear.com/wp-cron.php?doing_wp_cron=1576246583.8099210262298583984375" "WordPress/5.2.5; https://amazingsportwear.com" "-"
207.46.13.23 - - [13/Dec/2019:15:16:23 +0100] "GET /18-ciclismo HTTP/1.1" 404 68032 "-" "Mozilla/5.0 (iPhone; CPU iPhone OS 7_0 like Mac OS X) AppleWebKit/537.51.1 (KHTML, like Gecko) Version/7.0 Mobile/11A465 Safari/9537.53 (compatible; bingbot/2.0; +http://www.bing.com/bingbot.htm)" "-"
217.76.130.90 - - [13/Dec/2019:15:17:43 +0100] "POST /wp-cron.php?doing_wp_cron=1576246663.7659449577331542968750 HTTP/1.1" 200 3389 "https://amazingsportwear.com/wp-cron.php?doing_wp_cron=1576246663.7659449577331542968750" "WordPress/5.2.5; https://amazingsportwear.com" "-"
66.249.64.148 - - [13/Dec/2019:15:17:43 +0100] "GET /producto/camiseta-tecnica-avus-sa-6658/ HTTP/1.1" 200 97282 "-" "Mozilla/5.0 (Linux; Android 6.0.1; Nexus 5X Build/MMB29P) AppleWebKit/537.36 (KHTML, like Gecko) Chrome/41.0.2272.96 Mobile Safari/537.36 (compatible; Googlebot/2.1; +http://www.google.com/bot.html)" "-"
66.249.64.144 - - [13/Dec/2019:15:17:48 +0100] "POST /?wc-ajax=get_refreshed_fragments HTTP/1.1" 200 4760 "https://amazingsportwear.com/producto/camiseta-tecnica-avus-sa-6658/" "Mozilla/5.0 (Linux; Android 6.0.1; Nexus 5X Build/MMB29P) AppleWebKit/537.36 (KHTML, like Gecko) Chrome/41.0.2272.96 Mobile Safari/537.36 (compatible; Googlebot/2.1; +http://www.google.com/bot.html)" "_ga=GA1.2.969013651.1576195200; _gid=GA1.2.1978218920.1576195200; _gat_gtag_UA_91619287_1=1"
217.76.130.90 - - [13/Dec/2019:15:22:11 +0100] "POST /wp-cron.php?doing_wp_cron=1576246931.9274139404296875000000 HTTP/1.1" 200 3389 "https://amazingsportwear.com/wp-cron.php?doing_wp_cron=1576246931.9274139404296875000000" "WordPress/5.2.5; https://amazingsportwear.com" "-"
66.249.64.148 - - [13/Dec/2019:15:22:09 +0100] "GET /producto/camiseta-basket-sin-costadillos/ HTTP/1.1" 200 94624 "-" "Mozilla/5.0 (Linux; Android 6.0.1; Nexus 5X Build/MMB29P) AppleWebKit/537.36 (KHTML, like Gecko) Chrome/41.0.2272.96 Mobile Safari/537.36 (compatible; Googlebot/2.1; +http://www.google.com/bot.html)" "-"
66.249.64.144 - - [13/Dec/2019:15:22:58 +0100] "GET /producto/camiseta-tecnica-boomer-aq-jaguar/ HTTP/1.1" 200 105211 "-" "Mozilla/5.0 (Linux; Android 6.0.1; Nexus 5X Build/MMB29P) AppleWebKit/537.36 (KHTML, like Gecko) Chrome/41.0.2272.96 Mobile Safari/537.36 (compatible; Googlebot/2.1; +http://www.google.com/bot.html)" "-"
59.63.16.252 - - [13/Dec/2019:15:32:45 +0100] "GET /wp-content/uploads/2019/04/mochila-humus-5-300x300.png HTTP/1.1" 200 62046 "-" "Mozilla/5.0 (Linux; Android 7.0; FRD-AL00 Build/HUAWEIFRD-AL00; wv) AppleWebKit/537.36 (KHTML, like Gecko) Version/4.0 Chrome/53.0.2785.49 Mobile MQQBrowser/6.2 TBS/043602 Safari/537.36 MicroMessenger/6.5.16.1120 NetType/WIFI Language/zh_CN" "-"
217.76.130.90 - - [13/Dec/2019:15:33:20 +0100] "POST /wp-cron.php?doing_wp_cron=1576247600.0314879417419433593750 HTTP/1.1" 200 3389 "https://amazingsportwear.com/wp-cron.php?doing_wp_cron=1576247600.0314879417419433593750" "WordPress/5.2.5; https://amazingsportwear.com" "-"
182.132.1.18 - - [13/Dec/2019:15:33:18 +0100] "GET /categoria-producto/inicio/ropa-amazing-sport-wear/tenis-padel HTTP/1.1" 301 3585 "-" "Mozilla/5.0 (Linux; Android 7.0; FRD-AL00 Build/HUAWEIFRD-AL00; wv) AppleWebKit/537.36 (KHTML, like Gecko) Version/4.0 Chrome/53.0.2785.49 Mobile MQQBrowser/6.2 TBS/043602 Safari/537.36 MicroMessenger/6.5.16.1120 NetType/WIFI Language/zh_CN" "-"
183.10.110.142 - - [13/Dec/2019:15:33:20 +0100] "GET /img/cms/tienda/aq-plo-master-colores.PNG HTTP/1.1" 404 68070 "-" "Mozilla/5.0(Linux;Android 5.1.1;OPPO A33 Build/LMY47V;wv) AppleWebKit/537.36(KHTML,link Gecko) Version/4.0 Chrome/43.0.2357.121 Mobile Safari/537.36 LieBaoFast/4.51.3" "-"
114.99.15.9 - - [13/Dec/2019:15:33:23 +0100] "GET /categoria-producto/inicio/page/4?add-to-cart=18702 HTTP/1.1" 301 4815 "-" "Mozilla/5.0 (Linux; Android 7.0; FRD-AL00 Build/HUAWEIFRD-AL00; wv) AppleWebKit/537.36 (KHTML, like Gecko) Version/4.0 Chrome/53.0.2785.49 Mobile MQQBrowser/6.2 TBS/043602 Safari/537.36 MicroMessenger/6.5.16.1120 NetType/WIFI Language/zh_CN" "-"
182.132.1.18 - - [13/Dec/2019:15:33:24 +0100] "GET /categoria-producto/inicio/ropa-amazing-sport-wear/tenis-padel/ HTTP/1.1" 200 58270 "-" "Mozilla/5.0 (Linux; Android 7.0; FRD-AL00 Build/HUAWEIFRD-AL00; wv) AppleWebKit/537.36 (KHTML, like Gecko) Version/4.0 Chrome/53.0.2785.49 Mobile MQQBrowser/6.2 TBS/043602 Safari/537.36 MicroMessenger/6.5.16.1120 NetType/WIFI Language/zh_CN" "wpfront-notification-bar-landingpage=1"
180.125.17.87 - - [13/Dec/2019:15:33:26 +0100] "GET /categoria-producto/inicio/page/3?add-to-cart=18691 HTTP/1.1" 301 4815 "-" "Mozilla/5.0(Linux;U;Android 5.1.1;zh-CN;OPPO A33 Build/LMY47V) AppleWebKit/537.36(KHTML,like Gecko) Version/4.0 Chrome/40.0.2214.89 UCBrowser/11.7.0.953 Mobile Safari/537.36" "-"
218.20.124.78 - - [13/Dec/2019:15:33:35 +0100] "GET /wp-content/uploads/2019/04/mochila-8000-1.png HTTP/1.1" 200 130259 "-" "Mozilla/5.0(Linux;U;Android 5.1.1;zh-CN;OPPO A33 Build/LMY47V) AppleWebKit/537.36(KHTML,like Gecko) Version/4.0 Chrome/40.0.2214.89 UCBrowser/11.7.0.953 Mobile Safari/537.36" "-"
114.99.15.9 - - [13/Dec/2019:15:33:42 +0100] "GET /categoria-producto/inicio/page/4/?add-to-cart=18702 HTTP/1.1" 200 78686 "-" "Mozilla/5.0 (Linux; Android 7.0; FRD-AL00 Build/HUAWEIFRD-AL00; wv) AppleWebKit/537.36 (KHTML, like Gecko) Version/4.0 Chrome/53.0.2785.49 Mobile MQQBrowser/6.2 TBS/043602 Safari/537.36 MicroMessenger/6.5.16.1120 NetType/WIFI Language/zh_CN" "woocommerce_cart_hash=7fbc6efae45c3f8b4970c0528e9bcb35; woocommerce_items_in_cart=1; wp_woocommerce_session_fb86dbb0e6335d960ea3e94e06b25287=f7832462dd5a31a26e4451403ef74193%7C%7C1576420404%7C%7C1576416804%7C%7Cc00c5c3545c9932a85cdfc5fa91382f1; wpfront-notification-bar-landingpage=1"
114.103.23.138 - - [13/Dec/2019:15:34:09 +0100] "GET /wp-content/uploads/2019/04/Llavero-triumph-1.png HTTP/1.1" 200 32969 "-" "Mozilla/5.0 (Linux; Android 7.0; FRD-AL00 Build/HUAWEIFRD-AL00; wv) AppleWebKit/537.36 (KHTML, like Gecko) Version/4.0 Chrome/53.0.2785.49 Mobile MQQBrowser/6.2 TBS/043602 Safari/537.36 MicroMessenger/6.5.16.1120 NetType/WIFI Language/zh_CN" "-"
217.76.130.90 - - [13/Dec/2019:15:44:53 +0100] "POST /wp-cron.php?doing_wp_cron=1576248293.6036410331726074218750 HTTP/1.1" 200 3389 "https://amazingsportwear.com/wp-cron.php?doing_wp_cron=1576248293.6036410331726074218750" "WordPress/5.2.5; https://amazingsportwear.com" "-"
66.249.64.148 - - [13/Dec/2019:15:44:52 +0100] "GET /producto/mochila-humus/ HTTP/1.1" 200 96980 "-" "Mozilla/5.0 (Linux; Android 6.0.1; Nexus 5X Build/MMB29P) AppleWebKit/537.36 (KHTML, like Gecko) Chrome/41.0.2272.96 Mobile Safari/537.36 (compatible; Googlebot/2.1; +http://www.google.com/bot.html)" "-"
157.55.39.47 - - [13/Dec/2019:15:49:10 +0100] "GET /wp-content/uploads/2017/03/eny-cubik-gris.jpg HTTP/1.1" 200 17417 "-" "Mozilla/5.0 (compatible; bingbot/2.0; +http://www.bing.com/bingbot.htm)" "-"
217.76.130.90 - - [13/Dec/2019:15:49:18 +0100] "POST /wp-cron.php?doing_wp_cron=1576248558.6228630542755126953125 HTTP/1.1" 200 3389 "https://amazingsportwear.com/wp-cron.php?doing_wp_cron=1576248558.6228630542755126953125" "WordPress/5.2.5; https://amazingsportwear.com" "-"
66.249.64.146 - - [13/Dec/2019:15:49:17 +0100] "GET /producto/camiseta-tecnica-aida-sa-6656/ HTTP/1.1" 200 97035 "-" "Mozilla/5.0 (Linux; Android 6.0.1; Nexus 5X Build/MMB29P) AppleWebKit/537.36 (KHTML, like Gecko) Chrome/41.0.2272.96 Mobile Safari/537.36 (compatible; Googlebot/2.1; +http://www.google.com/bot.html)" "-"
217.76.130.90 - - [13/Dec/2019:15:52:47 +0100] "POST /wp-cron.php?doing_wp_cron=1576248767.6347689628601074218750 HTTP/1.1" 200 3389 "https://amazingsportwear.com/wp-cron.php?doing_wp_cron=1576248767.6347689628601074218750" "WordPress/5.2.5; https://amazingsportwear.com" "-"
66.249.64.144 - - [13/Dec/2019:15:52:47 +0100] "GET /categoria-producto/carpas/ HTTP/1.1" 200 60486 "-" "Mozilla/5.0 (Linux; Android 6.0.1; Nexus 5X Build/MMB29P) AppleWebKit/537.36 (KHTML, like Gecko) Chrome/41.0.2272.96 Mobile Safari/537.36 (compatible; Googlebot/2.1; +http://www.google.com/bot.html)" "-"
217.76.130.90 - - [13/Dec/2019:15:53:16 +0100] "POST /wp-cron.php?doing_wp_cron=1576248796.1844820976257324218750 HTTP/1.1" 200 3389 "https://amazingsportwear.com/wp-cron.php?doing_wp_cron=1576248796.1844820976257324218750" "WordPress/5.2.5; https://amazingsportwear.com" "-"
66.249.64.146 - - [13/Dec/2019:15:53:15 +0100] "GET /producto/maillot-manga-larga-ciclismo/ HTTP/1.1" 200 93000 "-" "Mozilla/5.0 (Linux; Android 6.0.1; Nexus 5X Build/MMB29P) AppleWebKit/537.36 (KHTML, like Gecko) Chrome/41.0.2272.96 Mobile Safari/537.36 (compatible; Googlebot/2.1; +http://www.google.com/bot.html)" "-"
41.248.95.133 - - [13/Dec/2019:15:54:34 +0100] "GET /wp-content/uploads/2019/04/gorra-five-3.png HTTP/1.1" 200 84607 "https://www.google.com/" "Mozilla/5.0 (Macintosh; Intel Mac OS X 10_11_6) AppleWebKit/537.36 (KHTML, like Gecko) Chrome/79.0.3945.79 Safari/537.36" "-"
217.76.130.90 - - [13/Dec/2019:15:55:28 +0100] "POST /wp-cron.php?doing_wp_cron=1576248928.8731460571289062500000 HTTP/1.1" 200 3389 "https://amazingsportwear.com/wp-cron.php?doing_wp_cron=1576248928.8731460571289062500000" "WordPress/5.2.5; https://amazingsportwear.com" "-"
66.249.64.148 - - [13/Dec/2019:15:55:28 +0100] "GET /aviso-legal/ HTTP/1.1" 200 58762 "-" "Mozilla/5.0 (compatible; Googlebot/2.1; +http://www.google.com/bot.html)" "-"
217.76.130.90 - - [13/Dec/2019:16:14:47 +0100] "POST /wp-cron.php?doing_wp_cron=1576250087.7683680057525634765625 HTTP/1.1" 200 3389 "https://amazingsportwear.com/wp-cron.php?doing_wp_cron=1576250087.7683680057525634765625" "WordPress/5.2.5; https://amazingsportwear.com" "-"
66.220.149.40 - - [13/Dec/2019:16:14:45 +0100] "GET / HTTP/1.1" 200 125540 "-" "facebookexternalhit/1.1 (+http://www.facebook.com/externalhit_uatext.php)" "-"
66.220.149.7 - - [13/Dec/2019:16:14:50 +0100] "GET /contacta-con-nosotros HTTP/1.1" 301 319 "-" "facebookexternalhit/1.1 (+http://www.facebook.com/externalhit_uatext.php)" "-"
66.220.149.7 - - [13/Dec/2019:16:14:51 +0100] "GET /contacta-con-nosotros/ HTTP/1.1" 200 58199 "-" "facebookexternalhit/1.1 (+http://www.facebook.com/externalhit_uatext.php)" "-"
217.76.130.90 - - [13/Dec/2019:16:15:57 +0100] "POST /wp-cron.php?doing_wp_cron=1576250157.6444470882415771484375 HTTP/1.1" 200 3389 "https://amazingsportwear.com/wp-cron.php?doing_wp_cron=1576250157.6444470882415771484375" "WordPress/5.2.5; https://amazingsportwear.com" "-"
66.249.64.144 - - [13/Dec/2019:16:15:56 +0100] "GET /producto/bidon-iskan/ HTTP/1.1" 200 99452 "-" "Mozilla/5.0 (Linux; Android 6.0.1; Nexus 5X Build/MMB29P) AppleWebKit/537.36 (KHTML, like Gecko) Chrome/41.0.2272.96 Mobile Safari/537.36 (compatible; Googlebot/2.1; +http://www.google.com/bot.html)" "-"
217.76.130.90 - - [13/Dec/2019:16:20:14 +0100] "POST /wp-cron.php?doing_wp_cron=1576250414.6492879390716552734375 HTTP/1.1" 200 3389 "https://amazingsportwear.com/wp-cron.php?doing_wp_cron=1576250414.6492879390716552734375" "WordPress/5.2.5; https://amazingsportwear.com" "-"
66.249.64.146 - - [13/Dec/2019:16:20:13 +0100] "GET /producto/mochila-decath/ HTTP/1.1" 200 97128 "-" "Mozilla/5.0 (Linux; Android 6.0.1; Nexus 5X Build/MMB29P) AppleWebKit/537.36 (KHTML, like Gecko) Chrome/41.0.2272.96 Mobile Safari/537.36 (compatible; Googlebot/2.1; +http://www.google.com/bot.html)" "-"
217.76.130.90 - - [13/Dec/2019:16:22:43 +0100] "POST /wp-cron.php?doing_wp_cron=1576250562.9105439186096191406250 HTTP/1.1" 200 164 "http://amazingsportwear.com/wp-cron.php?doing_wp_cron=1576250562.9105439186096191406250" "WordPress/5.2.5; https://amazingsportwear.com" "-"
31.14.103.240 - - [13/Dec/2019:16:22:41 +0100] "GET /wp-admin/network/site-users.php HTTP/1.1" 302 405 "http://site.ru" "Mozilla/5.0 (Windows; U; Windows NT 5.1; en-US) AppleWebKit/533.4 (KHTML, like Gecko) Chrome/5.0.375.99 Safari/533.4" "-"
31.14.103.240 - - [13/Dec/2019:16:22:45 +0100] "GET /wp-admin/network/site-users.php HTTP/1.1" 302 3705 "http://site.ru" "Mozilla/5.0 (Windows; U; Windows NT 5.1; en-US) AppleWebKit/533.4 (KHTML, like Gecko) Chrome/5.0.375.99 Safari/533.4" "-"
31.14.103.240 - - [13/Dec/2019:16:22:45 +0100] "GET /wp-login.php?redirect_to=https%3A%2F%2Famazingsportwear.com%2Fwp-admin%2Fnetwork%2Fsite-users.php&reauth=1 HTTP/1.1" 200 6718 "http://site.ru" "Mozilla/5.0 (Windows; U; Windows NT 5.1; en-US) AppleWebKit/533.4 (KHTML, like Gecko) Chrome/5.0.375.99 Safari/533.4" "-"
217.76.130.90 - - [13/Dec/2019:16:25:23 +0100] "POST /wp-cron.php?doing_wp_cron=1576250723.8995718955993652343750 HTTP/1.1" 200 3389 "https://amazingsportwear.com/wp-cron.php?doing_wp_cron=1576250723.8995718955993652343750" "WordPress/5.2.5; https://amazingsportwear.com" "-"
195.57.190.10 - - [13/Dec/2019:16:25:22 +0100] "GET / HTTP/1.1" 200 125798 "-" "Mozilla/5.0 (Macintosh; Intel Mac OS X 10_15_1) AppleWebKit/537.36 (KHTML, like Gecko) Chrome/78.0.3904.108 Safari/537.36" "-"
217.76.130.90 - - [13/Dec/2019:16:26:25 +0100] "POST /wp-cron.php?doing_wp_cron=1576250785.6935210227966308593750 HTTP/1.1" 200 164 "http://amazingsportwear.com/wp-cron.php?doing_wp_cron=1576250785.6935210227966308593750" "WordPress/5.2.5; https://amazingsportwear.com" "-"
188.213.14.207 - - [13/Dec/2019:16:26:25 +0100] "GET /index.php? HTTP/1.1" 301 336 "-" "Mozilla/5.0 (Macintosh; Intel Mac OS X 10_14_5) AppleWebKit/605.1.15 (KHTML, like Gecko)" "-"
188.213.14.207 - - [13/Dec/2019:16:26:26 +0100] "GET / HTTP/1.1" 200 125608 "-" "Mozilla/5.0 (Macintosh; Intel Mac OS X 10_14_5) AppleWebKit/605.1.15 (KHTML, like Gecko)" "-"
188.213.14.207 - - [13/Dec/2019:16:26:27 +0100] "GET /wp-content/uploads/2019/05/cropped-favicon-nuevo-logo-amazinf-128px-180x180.png HTTP/1.1" 200 13234 "-" "Safari/14607.2.6.1.1 CFNetwork/978.0.7 Darwin/18.6.0 (x86_64)" "-"
217.76.130.90 - - [13/Dec/2019:16:33:15 +0100] "POST /wp-cron.php?doing_wp_cron=1576251195.4195940494537353515625 HTTP/1.1" 200 3389 "https://amazingsportwear.com/wp-cron.php?doing_wp_cron=1576251195.4195940494537353515625" "WordPress/5.2.5; https://amazingsportwear.com" "-"
66.249.64.144 - - [13/Dec/2019:16:33:14 +0100] "GET /categoria-producto/deportes/futbol/ HTTP/1.1" 200 66351 "-" "Mozilla/5.0 (Linux; Android 6.0.1; Nexus 5X Build/MMB29P) AppleWebKit/537.36 (KHTML, like Gecko) Chrome/41.0.2272.96 Mobile Safari/537.36 (compatible; Googlebot/2.1; +http://www.google.com/bot.html)" "-"
60.169.150.135 - - [13/Dec/2019:16:33:40 +0100] "GET /wp-content/uploads/2019/04/gorra-kisse-1-300x300.png HTTP/1.1" 200 49849 "-" "Mozilla/5.0(Linux;U;Android 5.1.1;zh-CN;OPPO A33 Build/LMY47V) AppleWebKit/537.36(KHTML,like Gecko) Version/4.0 Chrome/40.0.2214.89 UCBrowser/11.7.0.953 Mobile Safari/537.36" "-"
111.75.127.10 - - [13/Dec/2019:16:33:57 +0100] "GET /wp-content/uploads/2018/04/pf-39086-negro.jpg HTTP/1.1" 200 37756 "-" "Mozilla/5.0(Linux;Android 5.1.1;OPPO A33 Build/LMY47V;wv) AppleWebKit/537.36(KHTML,link Gecko) Version/4.0 Chrome/42.0.2311.138 Mobile Safari/537.36 Mb2345Browser/9.0" "-"
123.186.123.126 - - [13/Dec/2019:16:34:05 +0100] "GET /wp-content/uploads/2018/04/pf-39086-tejano-300x300.jpg HTTP/1.1" 200 24843 "-" "Mozilla/5.0 (Linux; Android 7.0; FRD-AL00 Build/HUAWEIFRD-AL00; wv) AppleWebKit/537.36 (KHTML, like Gecko) Version/4.0 Chrome/53.0.2785.49 Mobile MQQBrowser/6.2 TBS/043602 Safari/537.36 MicroMessenger/6.5.16.1120 NetType/WIFI Language/zh_CN" "-"
217.76.130.90 - - [13/Dec/2019:16:34:58 +0100] "POST /wp-cron.php?doing_wp_cron=1576251297.9923489093780517578125 HTTP/1.1" 200 3389 "https://amazingsportwear.com/wp-cron.php?doing_wp_cron=1576251297.9923489093780517578125" "WordPress/5.2.5; https://amazingsportwear.com" "-"
117.69.30.188 - - [13/Dec/2019:16:34:57 +0100] "GET /categoria-producto/mujer/ HTTP/1.1" 200 77280 "-" "Mozilla/5.0 (Linux; Android 7.0; FRD-AL00 Build/HUAWEIFRD-AL00; wv) AppleWebKit/537.36 (KHTML, like Gecko) Version/4.0 Chrome/53.0.2785.49 Mobile MQQBrowser/6.2 TBS/043602 Safari/537.36 MicroMessenger/6.5.16.1120 NetType/WIFI Language/zh_CN" "-"
217.76.130.90 - - [13/Dec/2019:16:45:23 +0100] "POST /wp-cron.php?doing_wp_cron=1576251923.1112210750579833984375 HTTP/1.1" 200 3389 "https://amazingsportwear.com/wp-cron.php?doing_wp_cron=1576251923.1112210750579833984375" "WordPress/5.2.5; https://amazingsportwear.com" "-"
157.55.39.47 - - [13/Dec/2019:16:45:20 +0100] "GET /producto/polo-tecnico-sol-palladium/ HTTP/1.1" 200 106012 "-" "Mozilla/5.0 (compatible; bingbot/2.0; +http://www.bing.com/bingbot.htm)" "-"
40.77.167.86 - - [13/Dec/2019:16:46:15 +0100] "GET /wp-content/plugins/woocommerce/assets/js/zoom/jquery.zoom.min.js?ver=1.7.21 HTTP/1.1" 200 6320 "-" "msnbot/2.0b (+http://search.msn.com/msnbot.htm)" "-"
40.77.167.86 - - [13/Dec/2019:16:46:15 +0100] "GET /wp-content/themes/shopper/assets/js/crm.js?ver=1561548510 HTTP/1.1" 200 874 "-" "msnbot/2.0b (+http://search.msn.com/msnbot.htm)" "-"
40.77.167.86 - - [13/Dec/2019:16:46:16 +0100] "GET /wp-includes/js/jquery/jquery.js HTTP/1.1" 200 97362 "-" "msnbot/2.0b (+http://search.msn.com/msnbot.htm)" "-"
40.77.167.86 - - [13/Dec/2019:16:46:16 +0100] "GET /wp-includes/js/wp-embed.min.js?ver=5.2.5 HTTP/1.1" 200 1744 "-" "msnbot/2.0b (+http://search.msn.com/msnbot.htm)" "-"
207.46.13.25 - - [13/Dec/2019:16:49:15 +0100] "GET /wp-content/plugins/woocommerce/assets/js/frontend/add-to-cart.min.js?ver=3.6.4 HTTP/1.1" 200 6346 "-" "msnbot/2.0b (+http://search.msn.com/msnbot.htm)" "-"
207.46.13.25 - - [13/Dec/2019:16:49:16 +0100] "GET /wp-content/themes/shopper/assets/js/shopper.min.js?ver=1.3.8 HTTP/1.1" 200 5994 "-" "msnbot/2.0b (+http://search.msn.com/msnbot.htm)" "-"
207.46.13.25 - - [13/Dec/2019:16:49:17 +0100] "GET /wp-includes/js/jquery/ui/button.min.js?ver=1.11.4 HTTP/1.1" 200 7578 "-" "msnbot/2.0b (+http://search.msn.com/msnbot.htm)" "-"
207.46.13.25 - - [13/Dec/2019:16:49:19 +0100] "GET /wp-includes/js/wp-util.min.js?ver=5.2.5 HTTP/1.1" 200 1387 "-" "msnbot/2.0b (+http://search.msn.com/msnbot.htm)" "-"
207.46.13.23 - - [13/Dec/2019:16:49:34 +0100] "GET /wp-content/plugins/product-enquiry-for-woocommerce/css/wdm-jquery-ui.css?ver=5.2.5 HTTP/1.1" 200 30364 "-" "msnbot/2.0b (+http://search.msn.com/msnbot.htm)" "-"
207.46.13.23 - - [13/Dec/2019:16:49:36 +0100] "GET /wp-includes/js/jquery/ui/widget.min.js?ver=1.11.4 HTTP/1.1" 200 7250 "-" "msnbot/2.0b (+http://search.msn.com/msnbot.htm)" "-"
217.76.130.90 - - [13/Dec/2019:16:49:55 +0100] "POST /wp-cron.php?doing_wp_cron=1576252195.9603970050811767578125 HTTP/1.1" 200 3389 "https://amazingsportwear.com/wp-cron.php?doing_wp_cron=1576252195.9603970050811767578125" "WordPress/5.2.5; https://amazingsportwear.com" "-"
66.249.64.144 - - [13/Dec/2019:16:49:54 +0100] "GET /producto/sudadera-capucha/ HTTP/1.1" 200 101634 "-" "Mozilla/5.0 (compatible; Googlebot/2.1; +http://www.google.com/bot.html)" "-"
185.217.206.54 - - [13/Dec/2019:16:50:47 +0100] "GET /wp-content/uploads/2019/04/Llavero-metalico-golf-3.png HTTP/1.1" 200 46821 "https://www.google.com/" "Mozilla/5.0 (Windows NT 10.0; Win64; x64) AppleWebKit/537.36 (KHTML, like Gecko) Chrome/78.0.3904.108 Safari/537.36" "-"
157.55.39.47 - - [13/Dec/2019:16:51:06 +0100] "GET /wp-content/plugins/product-enquiry-for-woocommerce/js/wdm_jquery.validate.min.js?ver=5.2.5 HTTP/1.1" 200 25181 "-" "msnbot/2.0b (+http://search.msn.com/msnbot.htm)" "-"
157.55.39.47 - - [13/Dec/2019:16:51:08 +0100] "GET /wp-includes/js/jquery/ui/core.min.js?ver=1.11.4 HTTP/1.1" 200 4341 "-" "msnbot/2.0b (+http://search.msn.com/msnbot.htm)" "-"
217.76.130.90 - - [13/Dec/2019:16:55:17 +0100] "POST /wp-cron.php?doing_wp_cron=1576252517.4936931133270263671875 HTTP/1.1" 200 3389 "https://amazingsportwear.com/wp-cron.php?doing_wp_cron=1576252517.4936931133270263671875" "WordPress/5.2.5; https://amazingsportwear.com" "-"
207.46.13.23 - - [13/Dec/2019:16:55:16 +0100] "GET /tienda/97-camiseta-tecnica-dryfresh-cif-t569.html HTTP/1.1" 301 3928 "-" "Mozilla/5.0 (compatible; bingbot/2.0; +http://www.bing.com/bingbot.htm)" "-"
217.76.130.90 - - [13/Dec/2019:16:57:26 +0100] "POST /wp-cron.php?doing_wp_cron=1576252646.2629749774932861328125 HTTP/1.1" 200 3389 "https://amazingsportwear.com/wp-cron.php?doing_wp_cron=1576252646.2629749774932861328125" "WordPress/5.2.5; https://amazingsportwear.com" "-"
125.106.231.97 - - [13/Dec/2019:16:57:25 +0100] "GET /etiqueta-producto/camiseta-pico HTTP/1.1" 301 3555 "-" "Mozilla/5.0(Linux;U;Android 5.1.1;zh-CN;OPPO A33 Build/LMY47V) AppleWebKit/537.36(KHTML,like Gecko) Version/4.0 Chrome/40.0.2214.89 UCBrowser/11.7.0.953 Mobile Safari/537.36" "-"
125.106.231.97 - - [13/Dec/2019:16:57:27 +0100] "GET /etiqueta-producto/camiseta-pico/ HTTP/1.1" 200 53815 "-" "Mozilla/5.0(Linux;U;Android 5.1.1;zh-CN;OPPO A33 Build/LMY47V) AppleWebKit/537.36(KHTML,like Gecko) Version/4.0 Chrome/40.0.2214.89 UCBrowser/11.7.0.953 Mobile Safari/537.36" "wpfront-notification-bar-landingpage=1"
125.92.107.51 - - [13/Dec/2019:16:57:33 +0100] "GET /wp-content/uploads/2019/04/bolsa-kinser-3.png HTTP/1.1" 200 107217 "-" "Mozilla/5.0 (Linux; Android 7.0; FRD-AL00 Build/HUAWEIFRD-AL00; wv) AppleWebKit/537.36 (KHTML, like Gecko) Version/4.0 Chrome/53.0.2785.49 Mobile MQQBrowser/6.2 TBS/043602 Safari/537.36 MicroMessenger/6.5.16.1120 NetType/WIFI Language/zh_CN" "-"
202.109.169.34 - - [13/Dec/2019:16:57:53 +0100] "GET /etiqueta-producto/llavero-futbol HTTP/1.1" 301 3556 "-" "Mozilla/5.0 (Linux; Android 7.0; FRD-AL00 Build/HUAWEIFRD-AL00; wv) AppleWebKit/537.36 (KHTML, like Gecko) Version/4.0 Chrome/53.0.2785.49 Mobile MQQBrowser/6.2 TBS/043602 Safari/537.36 MicroMessenger/6.5.16.1120 NetType/WIFI Language/zh_CN" "-"
202.109.169.34 - - [13/Dec/2019:16:57:56 +0100] "GET /etiqueta-producto/llavero-futbol/ HTTP/1.1" 200 53836 "-" "Mozilla/5.0 (Linux; Android 7.0; FRD-AL00 Build/HUAWEIFRD-AL00; wv) AppleWebKit/537.36 (KHTML, like Gecko) Version/4.0 Chrome/53.0.2785.49 Mobile MQQBrowser/6.2 TBS/043602 Safari/537.36 MicroMessenger/6.5.16.1120 NetType/WIFI Language/zh_CN" "wpfront-notification-bar-landingpage=1"
122.232.150.179 - - [13/Dec/2019:16:58:52 +0100] "GET /wp-content/uploads/2018/04/pf-39086-colores-1.jpg HTTP/1.1" 200 19647 "-" "Mozilla/5.0(Linux;Android 5.1.1;OPPO A33 Build/LMY47V;wv) AppleWebKit/537.36(KHTML,link Gecko) Version/4.0 Chrome/43.0.2357.121 Mobile Safari/537.36 LieBaoFast/4.51.3" "-"
207.46.13.23 - - [13/Dec/2019:16:59:36 +0100] "GET /wp-content/uploads/2019/04/kit-emergencia-abierto.png HTTP/1.1" 200 118389 "-" "Mozilla/5.0 (compatible; bingbot/2.0; +http://www.bing.com/bingbot.htm)" "-"
167.62.221.59 - - [13/Dec/2019:17:00:42 +0100] "GET /wp-content/uploads/2019/04/Gorra-sport-10.png HTTP/1.1" 200 60426 "https://www.google.com/blank.html" "Mozilla/5.0 (Windows NT 10.0; Win64; x64) AppleWebKit/537.36 (KHTML, like Gecko) Chrome/78.0.3904.108 Safari/537.36 OPR/65.0.3467.62" "-"
217.76.130.90 - - [13/Dec/2019:17:02:06 +0100] "POST /wp-cron.php?doing_wp_cron=1576252926.2905750274658203125000 HTTP/1.1" 200 164 "http://amazingsportwear.com/wp-cron.php?doing_wp_cron=1576252926.2905750274658203125000" "WordPress/5.2.5; https://amazingsportwear.com" "-"
157.55.39.47 - - [13/Dec/2019:17:02:03 +0100] "GET / HTTP/1.1" 301 336 "-" "Mozilla/5.0 (compatible; bingbot/2.0; +http://www.bing.com/bingbot.htm)" "-"
66.249.64.148 - - [13/Dec/2019:17:08:05 +0100] "GET /wp-content/uploads/2019/04/SA-1070-1.png HTTP/1.1" 304 3566 "-" "Googlebot-Image/1.0" "-"
191.95.60.70 - - [13/Dec/2019:17:17:57 +0100] "GET /wp-content/uploads/2017/03/CAT-5247-04.jpg HTTP/1.1" 200 33434 "https://www.google.com/" "Mozilla/5.0 (Windows NT 6.1) AppleWebKit/537.36 (KHTML, like Gecko) Chrome/78.0.3904.108 Safari/537.36" "-"
217.76.130.90 - - [13/Dec/2019:17:19:12 +0100] "POST /wp-cron.php?doing_wp_cron=1576253952.4298419952392578125000 HTTP/1.1" 200 3389 "https://amazingsportwear.com/wp-cron.php?doing_wp_cron=1576253952.4298419952392578125000" "WordPress/5.2.5; https://amazingsportwear.com" "-"
66.249.64.146 - - [13/Dec/2019:17:19:10 +0100] "GET /producto/bolsa-bici-rigon/ HTTP/1.1" 200 94639 "-" "Mozilla/5.0 (Linux; Android 6.0.1; Nexus 5X Build/MMB29P) AppleWebKit/537.36 (KHTML, like Gecko) Chrome/41.0.2272.96 Mobile Safari/537.36 (compatible; Googlebot/2.1; +http://www.google.com/bot.html)" "-"
66.249.64.146 - - [13/Dec/2019:17:19:24 +0100] "GET /categoria-producto/hombre/polostecnicos/ HTTP/1.1" 200 73245 "-" "Mozilla/5.0 (Linux; Android 6.0.1; Nexus 5X Build/MMB29P) AppleWebKit/537.36 (KHTML, like Gecko) Chrome/41.0.2272.96 Mobile Safari/537.36 (compatible; Googlebot/2.1; +http://www.google.com/bot.html)" "-"
217.76.130.90 - - [13/Dec/2019:17:21:55 +0100] "POST /wp-cron.php?doing_wp_cron=1576254115.6118988990783691406250 HTTP/1.1" 200 3389 "https://amazingsportwear.com/wp-cron.php?doing_wp_cron=1576254115.6118988990783691406250" "WordPress/5.2.5; https://amazingsportwear.com" "-"
185.189.14.213 - - [13/Dec/2019:17:21:54 +0100] "GET /inicio-sesion HTTP/1.1" 404 72003 "-" "-" "-"
66.249.64.148 - - [13/Dec/2019:17:37:23 +0100] "GET /wp-content/uploads/2017/03/sa-0425_12-300x300.jpg HTTP/1.1" 304 3565 "-" "Googlebot-Image/1.0" "-"
217.76.130.90 - - [13/Dec/2019:17:45:19 +0100] "POST /wp-cron.php?doing_wp_cron=1576255519.1810789108276367187500 HTTP/1.1" 200 3389 "https://amazingsportwear.com/wp-cron.php?doing_wp_cron=1576255519.1810789108276367187500" "WordPress/5.2.5; https://amazingsportwear.com" "-"
66.249.64.146 - - [13/Dec/2019:17:45:16 +0100] "GET /producto/camiseta-tecnica-bahrein/ HTTP/1.1" 200 102817 "-" "Mozilla/5.0 (Linux; Android 6.0.1; Nexus 5X Build/MMB29P) AppleWebKit/537.36 (KHTML, like Gecko) Chrome/41.0.2272.96 Mobile Safari/537.36 (compatible; Googlebot/2.1; +http://www.google.com/bot.html)" "-"
217.76.130.90 - - [13/Dec/2019:17:48:11 +0100] "POST /wp-cron.php?doing_wp_cron=1576255691.8311369419097900390625 HTTP/1.1" 200 3389 "https://amazingsportwear.com/wp-cron.php?doing_wp_cron=1576255691.8311369419097900390625" "WordPress/5.2.5; https://amazingsportwear.com" "-"
157.55.39.30 - - [13/Dec/2019:17:48:11 +0100] "GET /robots.txt HTTP/1.1" 200 2297 "-" "Mozilla/5.0 (compatible; bingbot/2.0; +http://www.bing.com/bingbot.htm)" "-"
157.55.39.30 - - [13/Dec/2019:17:48:12 +0100] "GET /robots.txt HTTP/1.1" 200 2297 "-" "Mozilla/5.0 (compatible; bingbot/2.0; +http://www.bing.com/bingbot.htm)" "-"
157.55.39.30 - - [13/Dec/2019:17:48:12 +0100] "GET /robots.txt HTTP/1.1" 200 3939 "-" "Mozilla/5.0 (compatible; bingbot/2.0; +http://www.bing.com/bingbot.htm)" "-"
157.55.39.30 - - [13/Dec/2019:17:48:13 +0100] "GET /robots.txt HTTP/1.1" 200 3939 "-" "Mozilla/5.0 (compatible; bingbot/2.0; +http://www.bing.com/bingbot.htm)" "-"
207.46.13.25 - - [13/Dec/2019:17:48:14 +0100] "GET /wp-content/plugins/woocommerce/assets/js/frontend/add-to-cart-variation.min.js?ver=3.6.4 HTTP/1.1" 200 16988 "-" "msnbot/2.0b (+http://search.msn.com/msnbot.htm)" "-"
40.77.167.86 - - [13/Dec/2019:17:48:18 +0100] "GET /wp-content/plugins/product-enquiry-for-woocommerce/js/contact.js?ver=5.2.5 HTTP/1.1" 200 8044 "-" "msnbot/2.0b (+http://search.msn.com/msnbot.htm)" "-"
157.55.39.47 - - [13/Dec/2019:17:50:10 +0100] "GET /wp-content/plugins/wpfront-notification-bar/js/wpfront-notification-bar.js?ver=1.7.1 HTTP/1.1" 200 9025 "-" "msnbot/2.0b (+http://search.msn.com/msnbot.htm)" "-"
200.60.90.2 - - [13/Dec/2019:17:53:33 +0100] "GET /wp-content/uploads/2019/03/VA-PARADE-6.png HTTP/1.1" 200 469548 "https://www.google.com/" "Mozilla/5.0 (Windows NT 6.2; Win64; x64) AppleWebKit/537.36 (KHTML, like Gecko) Chrome/78.0.3904.108 Safari/537.36" "-"
217.76.130.90 - - [13/Dec/2019:17:53:44 +0100] "POST /wp-cron.php?doing_wp_cron=1576256024.2530009746551513671875 HTTP/1.1" 200 3389 "https://amazingsportwear.com/wp-cron.php?doing_wp_cron=1576256024.2530009746551513671875" "WordPress/5.2.5; https://amazingsportwear.com" "-"
185.189.14.213 - - [13/Dec/2019:17:53:42 +0100] "GET /inicio-sesion HTTP/1.1" 404 72028 "-" "-" "-"
217.76.130.90 - - [13/Dec/2019:18:00:56 +0100] "POST /wp-cron.php?doing_wp_cron=1576256455.9821829795837402343750 HTTP/1.1" 200 164 "http://amazingsportwear.com/wp-cron.php?doing_wp_cron=1576256455.9821829795837402343750" "WordPress/5.2.5; https://amazingsportwear.com" "-"
24.225.8.13 - - [13/Dec/2019:18:00:53 +0100] "GET / HTTP/1.1" 301 298 "-" "Mozilla/5.0 (compatible; MSIE 10.0; Windows NT 6.1; WOW64; Trident/6.0)" "-"
24.225.8.13 - - [13/Dec/2019:18:00:56 +0100] "GET / HTTP/1.1" 200 124137 "amazingsportwear.com" "Opera/9.80 (X11; Linux x86_64; U; ru) Presto/2.10.289 Version/12.02" "-"
24.225.8.13 - - [13/Dec/2019:18:00:59 +0100] "GET / HTTP/1.1" 301 298 "https%3A%2F%2Famazingsportwear.com%2F&#038;format=xml" "Opera/9.80 (Windows NT 6.1; WOW64) Presto/2.12.388 Version/12.16" "-"
24.225.8.13 - - [13/Dec/2019:18:01:00 +0100] "GET / HTTP/1.1" 200 124127 "www.amazingsportwear.com" "Mozilla/5.0 (Windows NT 6.1; WOW64; rv:24.0) Gecko/20100101 Firefox/24.0" "-"
186.29.24.183 - - [13/Dec/2019:18:03:05 +0100] "GET /wp-content/uploads/2019/04/Gorra-sport-10.png HTTP/1.1" 200 60426 "https://www.google.com.co/" "Mozilla/5.0 (Windows NT 6.1) AppleWebKit/537.36 (KHTML, like Gecko) Chrome/78.0.3904.108 Safari/537.36 OPR/65.0.3467.62" "-"
217.76.130.90 - - [13/Dec/2019:18:05:46 +0100] "POST /wp-cron.php?doing_wp_cron=1576256746.0394470691680908203125 HTTP/1.1" 200 3389 "https://amazingsportwear.com/wp-cron.php?doing_wp_cron=1576256746.0394470691680908203125" "WordPress/5.2.5; https://amazingsportwear.com" "-"
66.249.64.148 - - [13/Dec/2019:18:05:45 +0100] "GET /producto/bidon-match/ HTTP/1.1" 200 96102 "-" "Mozilla/5.0 (Linux; Android 6.0.1; Nexus 5X Build/MMB29P) AppleWebKit/537.36 (KHTML, like Gecko) Chrome/41.0.2272.96 Mobile Safari/537.36 (compatible; Googlebot/2.1; +http://www.google.com/bot.html)" "-"
66.249.64.144 - - [13/Dec/2019:18:05:50 +0100] "POST /?wc-ajax=get_refreshed_fragments HTTP/1.1" 200 4760 "https://amazingsportwear.com/producto/bidon-match/" "Mozilla/5.0 (Linux; Android 6.0.1; Nexus 5X Build/MMB29P) AppleWebKit/537.36 (KHTML, like Gecko) Chrome/41.0.2272.96 Mobile Safari/537.36 (compatible; Googlebot/2.1; +http://www.google.com/bot.html)" "_ga=GA1.2.969013651.1576195200; _gid=GA1.2.1978218920.1576195200; _gat_gtag_UA_91619287_1=1"
217.76.130.90 - - [13/Dec/2019:18:06:13 +0100] "POST /wp-cron.php?doing_wp_cron=1576256773.4981000423431396484375 HTTP/1.1" 200 3389 "https://amazingsportwear.com/wp-cron.php?doing_wp_cron=1576256773.4981000423431396484375" "WordPress/5.2.5; https://amazingsportwear.com" "-"
66.249.64.148 - - [13/Dec/2019:18:06:12 +0100] "GET /categoria-producto/mujer/pantalones-y-mallas/ HTTP/1.1" 200 72261 "-" "Mozilla/5.0 (Linux; Android 6.0.1; Nexus 5X Build/MMB29P) AppleWebKit/537.36 (KHTML, like Gecko) Chrome/41.0.2272.96 Mobile Safari/537.36 (compatible; Googlebot/2.1; +http://www.google.com/bot.html)" "-"
181.199.39.216 - - [13/Dec/2019:18:07:24 +0100] "GET /wp-content/uploads/2019/04/Gorra-sport-7.png HTTP/1.1" 200 99912 "https://www.google.com/" "Mozilla/5.0 (Windows NT 6.3; Win64; x64) AppleWebKit/537.36 (KHTML, like Gecko) Chrome/78.0.3904.108 Safari/537.36" "-"
217.76.130.90 - - [13/Dec/2019:18:08:57 +0100] "POST /wp-cron.php?doing_wp_cron=1576256937.6341679096221923828125 HTTP/1.1" 200 3389 "https://amazingsportwear.com/wp-cron.php?doing_wp_cron=1576256937.6341679096221923828125" "WordPress/5.2.5; https://amazingsportwear.com" "-"
66.249.64.144 - - [13/Dec/2019:18:08:56 +0100] "GET /producto/sudadera-clasica/ HTTP/1.1" 200 101279 "-" "Mozilla/5.0 (Linux; Android 6.0.1; Nexus 5X Build/MMB29P) AppleWebKit/537.36 (KHTML, like Gecko) Chrome/41.0.2272.96 Mobile Safari/537.36 (compatible; Googlebot/2.1; +http://www.google.com/bot.html)" "-"
201.231.141.135 - - [13/Dec/2019:18:10:08 +0100] "GET /wp-content/uploads/2019/04/Gorra-sport-10.png HTTP/1.1" 200 60426 "https://www.google.com.ar/" "Mozilla/5.0 (Windows NT 10.0; Win64; x64; rv:71.0) Gecko/20100101 Firefox/71.0" "-"
217.76.130.90 - - [13/Dec/2019:18:12:06 +0100] "POST /wp-cron.php?doing_wp_cron=1576257126.1116240024566650390625 HTTP/1.1" 200 164 "http://amazingsportwear.com/wp-cron.php?doing_wp_cron=1576257126.1116240024566650390625" "WordPress/5.2.5; https://amazingsportwear.com" "-"
17.58.98.216 - - [13/Dec/2019:18:12:05 +0100] "GET /robots.txt HTTP/1.1" 200 375 "-" "Mozilla/5.0 (Macintosh; Intel Mac OS X 10_10_1) AppleWebKit/600.2.5 (KHTML, like Gecko) Version/8.0.2 Safari/600.2.5 (Applebot/0.1; +http://www.apple.com/go/applebot)" "-"
17.58.96.177 - - [13/Dec/2019:18:12:06 +0100] "GET / HTTP/1.1" 301 279 "-" "Mozilla/5.0 (Macintosh; Intel Mac OS X 10_10_1) AppleWebKit/600.2.5 (KHTML, like Gecko) Version/8.0.2 Safari/600.2.5 (Applebot/0.1; +http://www.apple.com/go/applebot)" "-"
17.58.100.225 - - [13/Dec/2019:18:12:08 +0100] "GET /robots.txt HTTP/1.1" 200 3687 "-" "Mozilla/5.0 (Macintosh; Intel Mac OS X 10_10_1) AppleWebKit/600.2.5 (KHTML, like Gecko) Version/8.0.2 Safari/600.2.5 (Applebot/0.1; +http://www.apple.com/go/applebot)" "-"
17.58.96.177 - - [13/Dec/2019:18:12:09 +0100] "GET / HTTP/1.1" 200 125521 "-" "Mozilla/5.0 (Macintosh; Intel Mac OS X 10_10_1) AppleWebKit/600.2.5 (KHTML, like Gecko) Version/8.0.2 Safari/600.2.5 (Applebot/0.1; +http://www.apple.com/go/applebot)" "-"
193.16.10.107 - - [13/Dec/2019:18:12:25 +0100] "GET / HTTP/1.1" 301 279 "http://amazingsportwear.com:80" "Mozilla/5.0 (Windows NT 10.0; Win64; x64) AppleWebKit/537.36 (KHTML, like Gecko) Chrome/65.0.3325.181 Safari/537.36" "-"
193.16.10.107 - - [13/Dec/2019:18:12:27 +0100] "GET / HTTP/1.1" 200 125550 "http://amazingsportwear.com:80" "Mozilla/5.0 (Windows NT 10.0; Win64; x64) AppleWebKit/537.36 (KHTML, like Gecko) Chrome/65.0.3325.181 Safari/537.36" "-"
217.76.130.90 - - [13/Dec/2019:18:14:49 +0100] "POST /wp-cron.php?doing_wp_cron=1576257289.5671830177307128906250 HTTP/1.1" 200 164 "http://amazingsportwear.com/wp-cron.php?doing_wp_cron=1576257289.5671830177307128906250" "WordPress/5.2.5; https://amazingsportwear.com" "-"
