66.249.64.144 - - [12/Dec/2019:07:10:35 +0100] "GET /etiqueta-producto/power-bank/ HTTP/1.1" 200 54016 "-" "Mozilla/5.0 (Linux; Android 6.0.1; Nexus 5X Build/MMB29P) AppleWebKit/537.36 (KHTML, like Gecko) Chrome/41.0.2272.96 Mobile Safari/537.36 (compatible; Googlebot/2.1; +http://www.google.com/bot.html)" "-"
66.249.64.144 - - [12/Dec/2019:07:10:41 +0100] "POST /?wc-ajax=get_refreshed_fragments HTTP/1.1" 200 1397 "https://amazingsportwear.com/etiqueta-producto/power-bank/" "Mozilla/5.0 (Linux; Android 6.0.1; Nexus 5X Build/MMB29P) AppleWebKit/537.36 (KHTML, like Gecko) Chrome/41.0.2272.96 Mobile Safari/537.36 (compatible; Googlebot/2.1; +http://www.google.com/bot.html)" "_ga=GA1.2.1884029788.1576108800; _gid=GA1.2.969013651.1576108800; _gat_gtag_UA_91619287_1=1"
217.76.130.90 - - [12/Dec/2019:07:15:42 +0100] "POST /wp-cron.php?doing_wp_cron=1576131342.7504079341888427734375 HTTP/1.1" 200 3389 "https://amazingsportwear.com/wp-cron.php?doing_wp_cron=1576131342.7504079341888427734375" "WordPress/5.2.4; https://amazingsportwear.com" "-"
66.249.64.144 - - [12/Dec/2019:07:15:42 +0100] "GET /producto/camiseta-tecnica-bahrein-woman/ HTTP/1.1" 200 103054 "-" "Mozilla/5.0 (Linux; Android 6.0.1; Nexus 5X Build/MMB29P) AppleWebKit/537.36 (KHTML, like Gecko) Chrome/41.0.2272.96 Mobile Safari/537.36 (compatible; Googlebot/2.1; +http://www.google.com/bot.html)" "-"
66.249.64.144 - - [12/Dec/2019:07:15:45 +0100] "POST /?wc-ajax=get_refreshed_fragments HTTP/1.1" 200 1397 "https://amazingsportwear.com/producto/camiseta-tecnica-bahrein-woman/" "Mozilla/5.0 (Linux; Android 6.0.1; Nexus 5X Build/MMB29P) AppleWebKit/537.36 (KHTML, like Gecko) Chrome/41.0.2272.96 Mobile Safari/537.36 (compatible; Googlebot/2.1; +http://www.google.com/bot.html)" "_ga=GA1.2.969013651.1576108800; _gid=GA1.2.1978218920.1576108800; _gat_gtag_UA_91619287_1=1"
217.76.130.90 - - [12/Dec/2019:07:18:16 +0100] "POST /wp-cron.php?doing_wp_cron=1576131496.0938758850097656250000 HTTP/1.1" 200 3389 "https://amazingsportwear.com/wp-cron.php?doing_wp_cron=1576131496.0938758850097656250000" "WordPress/5.2.4; https://amazingsportwear.com" "-"
66.249.64.146 - - [12/Dec/2019:07:18:15 +0100] "GET /producto/gorra-tecnica-dry-fit/ HTTP/1.1" 200 92866 "-" "Mozilla/5.0 (Linux; Android 6.0.1; Nexus 5X Build/MMB29P) AppleWebKit/537.36 (KHTML, like Gecko) Chrome/41.0.2272.96 Mobile Safari/537.36 (compatible; Googlebot/2.1; +http://www.google.com/bot.html)" "-"
40.77.167.20 - - [12/Dec/2019:07:19:30 +0100] "GET /wp-content/uploads/2017/03/nath-beat-mujer-300x300.jpg HTTP/1.1" 200 11181 "-" "Mozilla/5.0 (compatible; bingbot/2.0; +http://www.bing.com/bingbot.htm)" "-"
181.208.115.94 - - [12/Dec/2019:07:20:31 +0100] "GET /wp-content/uploads/2019/04/Gorra-sport-10.png HTTP/1.1" 200 60426 "https://www.google.com/" "Mozilla/5.0 (Windows NT 6.1; Win64; x64) AppleWebKit/537.36 (KHTML, like Gecko) Chrome/79.0.3945.79 Safari/537.36" "-"
181.208.115.94 - - [12/Dec/2019:07:20:36 +0100] "GET /wp-content/uploads/2019/04/Gorra-sport-10.png HTTP/1.1" 200 60426 "https://www.google.com/" "Mozilla/5.0 (Windows NT 6.1; Win64; x64) AppleWebKit/537.36 (KHTML, like Gecko) Chrome/79.0.3945.79 Safari/537.36" "-"
217.76.130.90 - - [12/Dec/2019:07:24:07 +0100] "POST /wp-cron.php?doing_wp_cron=1576131847.9021980762481689453125 HTTP/1.1" 200 3389 "https://amazingsportwear.com/wp-cron.php?doing_wp_cron=1576131847.9021980762481689453125" "WordPress/5.2.4; https://amazingsportwear.com" "-"
66.249.64.148 - - [12/Dec/2019:07:24:07 +0100] "GET /producto/llavero-metalico-golf/ HTTP/1.1" 200 94644 "-" "Mozilla/5.0 (Linux; Android 6.0.1; Nexus 5X Build/MMB29P) AppleWebKit/537.36 (KHTML, like Gecko) Chrome/41.0.2272.96 Mobile Safari/537.36 (compatible; Googlebot/2.1; +http://www.google.com/bot.html)" "-"
66.249.64.144 - - [12/Dec/2019:07:24:37 +0100] "GET /producto/gorra-konlun/ HTTP/1.1" 200 93321 "-" "Mozilla/5.0 (Linux; Android 6.0.1; Nexus 5X Build/MMB29P) AppleWebKit/537.36 (KHTML, like Gecko) Chrome/41.0.2272.96 Mobile Safari/537.36 (compatible; Googlebot/2.1; +http://www.google.com/bot.html)" "-"
217.76.130.90 - - [12/Dec/2019:07:26:50 +0100] "POST /wp-cron.php?doing_wp_cron=1576132010.3401210308074951171875 HTTP/1.1" 200 3389 "https://amazingsportwear.com/wp-cron.php?doing_wp_cron=1576132010.3401210308074951171875" "WordPress/5.2.4; https://amazingsportwear.com" "-"
40.77.167.55 - - [12/Dec/2019:07:26:49 +0100] "GET /categoria-producto/tres/ HTTP/1.1" 200 55740 "-" "Mozilla/5.0 (compatible; bingbot/2.0; +http://www.bing.com/bingbot.htm)" "-"
207.46.13.86 - - [12/Dec/2019:07:29:20 +0100] "GET /wp-content/uploads/2019/04/gorra-tecnica-amarilla.png HTTP/1.1" 200 83334 "-" "Mozilla/5.0 (compatible; bingbot/2.0; +http://www.bing.com/bingbot.htm)" "-"
217.76.130.90 - - [12/Dec/2019:07:29:59 +0100] "POST /wp-cron.php?doing_wp_cron=1576132199.8870038986206054687500 HTTP/1.1" 200 3389 "https://amazingsportwear.com/wp-cron.php?doing_wp_cron=1576132199.8870038986206054687500" "WordPress/5.2.4; https://amazingsportwear.com" "-"
66.249.64.146 - - [12/Dec/2019:07:29:59 +0100] "GET /producto/pantalon-corto-futbol/ HTTP/1.1" 200 91429 "-" "Mozilla/5.0 (Linux; Android 6.0.1; Nexus 5X Build/MMB29P) AppleWebKit/537.36 (KHTML, like Gecko) Chrome/41.0.2272.96 Mobile Safari/537.36 (compatible; Googlebot/2.1; +http://www.google.com/bot.html)" "-"
217.76.130.90 - - [12/Dec/2019:07:31:37 +0100] "POST /wp-cron.php?doing_wp_cron=1576132297.5280890464782714843750 HTTP/1.1" 200 3389 "https://amazingsportwear.com/wp-cron.php?doing_wp_cron=1576132297.5280890464782714843750" "WordPress/5.2.4; https://amazingsportwear.com" "-"
66.249.64.144 - - [12/Dec/2019:07:31:36 +0100] "POST /?wc-ajax=get_refreshed_fragments HTTP/1.1" 200 4760 "https://amazingsportwear.com/producto/pantalon-corto-futbol/" "Mozilla/5.0 (Linux; Android 6.0.1; Nexus 5X Build/MMB29P) AppleWebKit/537.36 (KHTML, like Gecko) Chrome/41.0.2272.96 Mobile Safari/537.36 (compatible; Googlebot/2.1; +http://www.google.com/bot.html)" "_ga=GA1.2.969013651.1576108800; _gid=GA1.2.1978218920.1576108800; _gat_gtag_UA_91619287_1=1"
216.244.66.250 - - [12/Dec/2019:07:35:56 +0100] "GET /robots.txt HTTP/1.1" 404 628 "-" "Mozilla/5.0 (compatible; DotBot/1.1; http://www.opensiteexplorer.org/dotbot, help@moz.com)" "-"
217.76.130.90 - - [12/Dec/2019:07:41:44 +0100] "POST /wp-cron.php?doing_wp_cron=1576132904.3128600120544433593750 HTTP/1.1" 200 3389 "https://amazingsportwear.com/wp-cron.php?doing_wp_cron=1576132904.3128600120544433593750" "WordPress/5.2.4; https://amazingsportwear.com" "-"
66.249.64.144 - - [12/Dec/2019:07:41:43 +0100] "GET /producto/camiseta-tecnica-manga-larga-sa-0415/ HTTP/1.1" 200 108524 "-" "Mozilla/5.0 (Linux; Android 6.0.1; Nexus 5X Build/MMB29P) AppleWebKit/537.36 (KHTML, like Gecko) Chrome/41.0.2272.96 Mobile Safari/537.36 (compatible; Googlebot/2.1; +http://www.google.com/bot.html)" "-"
217.76.130.90 - - [12/Dec/2019:07:47:51 +0100] "POST /wp-cron.php?doing_wp_cron=1576133271.5295219421386718750000 HTTP/1.1" 200 3389 "https://amazingsportwear.com/wp-cron.php?doing_wp_cron=1576133271.5295219421386718750000" "WordPress/5.2.4; https://amazingsportwear.com" "-"
66.249.64.148 - - [12/Dec/2019:07:47:50 +0100] "GET /producto/camiseta-tecnica-combinada-shangai-mujer/ HTTP/1.1" 200 111396 "-" "Mozilla/5.0 (Linux; Android 6.0.1; Nexus 5X Build/MMB29P) AppleWebKit/537.36 (KHTML, like Gecko) Chrome/41.0.2272.96 Mobile Safari/537.36 (compatible; Googlebot/2.1; +http://www.google.com/bot.html)" "-"
217.76.130.90 - - [12/Dec/2019:07:48:37 +0100] "POST /wp-cron.php?doing_wp_cron=1576133317.5572381019592285156250 HTTP/1.1" 200 3389 "https://amazingsportwear.com/wp-cron.php?doing_wp_cron=1576133317.5572381019592285156250" "WordPress/5.2.4; https://amazingsportwear.com" "-"
66.249.64.148 - - [12/Dec/2019:07:48:36 +0100] "GET /producto/braga-gorro-polar-cat-8016/ HTTP/1.1" 200 100270 "-" "Mozilla/5.0 (Linux; Android 6.0.1; Nexus 5X Build/MMB29P) AppleWebKit/537.36 (KHTML, like Gecko) Chrome/41.0.2272.96 Mobile Safari/537.36 (compatible; Googlebot/2.1; +http://www.google.com/bot.html)" "-"
40.77.167.20 - - [12/Dec/2019:07:52:08 +0100] "GET /wp-content/uploads/2019/04/Llavero-triumph-1.png HTTP/1.1" 200 33202 "-" "Mozilla/5.0 (compatible; bingbot/2.0; +http://www.bing.com/bingbot.htm)" "-"
217.76.130.90 - - [12/Dec/2019:07:59:43 +0100] "POST /wp-cron.php?doing_wp_cron=1576133983.3685550689697265625000 HTTP/1.1" 200 164 "http://amazingsportwear.com/wp-cron.php?doing_wp_cron=1576133983.3685550689697265625000" "WordPress/5.2.4; https://amazingsportwear.com" "-"
37.115.186.139 - - [12/Dec/2019:07:59:42 +0100] "GET /producto/camiseta-tecnica-manga-larga-sa-0415/ HTTP/1.1" 200 103452 "http://razvratnoe.com/" "Mozilla/4.0 (compatible; MSIE 6.0; Windows NT 5.1; MRA 4.3 (build 01218); .NET CLR 1.1.4322)" "-"
37.115.186.139 - - [12/Dec/2019:07:59:43 +0100] "GET /producto/camiseta-tecnica-manga-larga-sa-0415/ HTTP/1.1" 200 103615 "http://razvratnoe.com/" "Mozilla/4.0 (compatible; MSIE 6.0; Windows NT 5.1; MRA 4.3 (build 01218); .NET CLR 1.1.4322)" "-"
37.115.186.139 - - [12/Dec/2019:07:59:45 +0100] "GET /producto/camiseta-tecnica-manga-larga-sa-0415/ HTTP/1.1" 200 103899 "http://razvratnoe.com/" "Mozilla/4.0 (compatible; MSIE 6.0; Windows NT 5.1; MRA 4.3 (build 01218); .NET CLR 1.1.4322)" "-"
46.119.175.92 - - [12/Dec/2019:07:59:45 +0100] "GET /producto/camiseta-tecnica-manga-larga-sa-0415/ HTTP/1.1" 200 103948 "https://latestnewsmalta.com/" "Mozilla/4.0 (compatible; MSIE 6.0; Windows NT 5.1)" "-"
46.119.175.92 - - [12/Dec/2019:07:59:47 +0100] "GET /producto/camiseta-tecnica-manga-larga-sa-0415/ HTTP/1.1" 200 103860 "https://latestnewsmalta.com/" "Mozilla/4.0 (compatible; MSIE 6.0; Windows NT 5.1)" "-"
46.119.175.92 - - [12/Dec/2019:07:59:48 +0100] "GET /producto/camiseta-tecnica-manga-larga-sa-0415/ HTTP/1.1" 200 103935 "https://latestnewsmalta.com/" "Mozilla/4.0 (compatible; MSIE 6.0; Windows NT 5.1)" "-"
40.77.167.55 - - [12/Dec/2019:08:00:52 +0100] "GET /wp-content/uploads/2019/04/mochila-decath-8.png HTTP/1.1" 200 100019 "-" "Mozilla/5.0 (compatible; bingbot/2.0; +http://www.bing.com/bingbot.htm)" "-"
217.76.130.90 - - [12/Dec/2019:08:01:05 +0100] "POST /wp-cron.php?doing_wp_cron=1576134065.1985659599304199218750 HTTP/1.1" 200 3389 "https://amazingsportwear.com/wp-cron.php?doing_wp_cron=1576134065.1985659599304199218750" "WordPress/5.2.4; https://amazingsportwear.com" "-"
66.249.64.144 - - [12/Dec/2019:08:01:04 +0100] "GET / HTTP/1.1" 200 125788 "-" "Mozilla/5.0 (compatible; Googlebot/2.1; +http://www.google.com/bot.html)" "-"
66.249.64.148 - - [12/Dec/2019:08:01:08 +0100] "GET / HTTP/1.1" 200 125828 "-" "Mozilla/5.0 (Linux; Android 6.0.1; Nexus 5X Build/MMB29P) AppleWebKit/537.36 (KHTML, like Gecko) Chrome/41.0.2272.96 Mobile Safari/537.36 (compatible; Googlebot/2.1; +http://www.google.com/bot.html)" "-"
66.249.64.146 - - [12/Dec/2019:08:01:11 +0100] "POST /?wc-ajax=get_refreshed_fragments HTTP/1.1" 200 4708 "https://amazingsportwear.com/" "Mozilla/5.0 AppleWebKit/537.36 (KHTML, like Gecko; compatible; Googlebot/2.1; +http://www.google.com/bot.html) Safari/537.36" "wpfront-notification-bar-landingpage=1; _ga=GA1.2.2114912494.1576134000; _gid=GA1.2.931330593.1576134000; _gat_gtag_UA_91619287_1=1"
182.35.87.233 - - [12/Dec/2019:08:01:13 +0100] "GET /wp-content/uploads/2017/03/T-503.jpg HTTP/1.1" 200 23940 "-" "Mozilla/5.0(Linux;Android 5.1.1;OPPO A33 Build/LMY47V;wv) AppleWebKit/537.36(KHTML,link Gecko) Version/4.0 Chrome/42.0.2311.138 Mobile Safari/537.36 Mb2345Browser/9.0" "-"
66.249.64.144 - - [12/Dec/2019:08:01:15 +0100] "GET /favicon.ico HTTP/1.1" 200 259 "-" "Googlebot-Image/1.0" "-"
66.249.64.144 - - [12/Dec/2019:08:01:17 +0100] "POST /?wc-ajax=get_refreshed_fragments HTTP/1.1" 200 1345 "https://amazingsportwear.com/" "Mozilla/5.0 (Linux; Android 6.0.1; Nexus 5X Build/MMB29P) AppleWebKit/537.36 (KHTML, like Gecko) Chrome/41.0.2272.96 Mobile Safari/537.36 (compatible; Googlebot/2.1; +http://www.google.com/bot.html)" "wpfront-notification-bar-landingpage=1; _ga=GA1.2.1884029788.1576108800; _gid=GA1.2.969013651.1576108800; _gat_gtag_UA_91619287_1=1"
217.76.130.90 - - [12/Dec/2019:08:13:02 +0100] "POST /wp-cron.php?doing_wp_cron=1576134782.3309650421142578125000 HTTP/1.1" 200 3389 "https://amazingsportwear.com/wp-cron.php?doing_wp_cron=1576134782.3309650421142578125000" "WordPress/5.2.4; https://amazingsportwear.com" "-"
106.57.150.157 - - [12/Dec/2019:08:13:01 +0100] "GET /producto/polo-tecnico-mujer-cif-t621-623-625 HTTP/1.1" 301 3568 "-" "Mozilla/5.0(Linux;Android 5.1.1;OPPO A33 Build/LMY47V;wv) AppleWebKit/537.36(KHTML,link Gecko) Version/4.0 Chrome/42.0.2311.138 Mobile Safari/537.36 Mb2345Browser/9.0" "-"
217.76.130.90 - - [12/Dec/2019:08:13:09 +0100] "POST /wp-cron.php?doing_wp_cron=1576134789.0528008937835693359375 HTTP/1.1" 200 3389 "https://amazingsportwear.com/wp-cron.php?doing_wp_cron=1576134789.0528008937835693359375" "WordPress/5.2.4; https://amazingsportwear.com" "-"
106.57.150.157 - - [12/Dec/2019:08:13:08 +0100] "GET /producto/polo-tecnico-mujer-cif-t621-623-625/ HTTP/1.1" 200 102054 "-" "Mozilla/5.0(Linux;Android 5.1.1;OPPO A33 Build/LMY47V;wv) AppleWebKit/537.36(KHTML,link Gecko) Version/4.0 Chrome/42.0.2311.138 Mobile Safari/537.36 Mb2345Browser/9.0" "wpfront-notification-bar-landingpage=1"
217.76.130.90 - - [12/Dec/2019:08:17:38 +0100] "POST /wp-cron.php?doing_wp_cron=1576135058.8390479087829589843750 HTTP/1.1" 200 3389 "https://amazingsportwear.com/wp-cron.php?doing_wp_cron=1576135058.8390479087829589843750" "WordPress/5.2.4; https://amazingsportwear.com" "-"
125.120.207.135 - - [12/Dec/2019:08:17:38 +0100] "GET /336-large_default/camiseta-tecnica-combinada-shangai.jpg HTTP/1.1" 404 72089 "-" "Mozilla/5.0(Linux;Android 5.1.1;OPPO A33 Build/LMY47V;wv) AppleWebKit/537.36(KHTML,link Gecko) Version/4.0 Chrome/43.0.2357.121 Mobile Safari/537.36 LieBaoFast/4.51.3" "-"
217.76.130.90 - - [12/Dec/2019:08:21:33 +0100] "POST /wp-cron.php?doing_wp_cron=1576135293.1006519794464111328125 HTTP/1.1" 200 3389 "https://amazingsportwear.com/wp-cron.php?doing_wp_cron=1576135293.1006519794464111328125" "WordPress/5.2.4; https://amazingsportwear.com" "-"
207.46.13.86 - - [12/Dec/2019:08:21:32 +0100] "GET /content/19-politica-de-privacidad-rgpd-2018 HTTP/1.1" 404 72301 "-" "Mozilla/5.0 (compatible; bingbot/2.0; +http://www.bing.com/bingbot.htm)" "-"
40.77.167.55 - - [12/Dec/2019:08:21:44 +0100] "GET /wp-content/uploads/2017/03/aq-cosmic-morado.jpg HTTP/1.1" 200 331247 "-" "Mozilla/5.0 (compatible; bingbot/2.0; +http://www.bing.com/bingbot.htm)" "-"
217.76.130.90 - - [12/Dec/2019:08:25:37 +0100] "POST /wp-cron.php?doing_wp_cron=1576135537.1315340995788574218750 HTTP/1.1" 200 3389 "https://amazingsportwear.com/wp-cron.php?doing_wp_cron=1576135537.1315340995788574218750" "WordPress/5.2.4; https://amazingsportwear.com" "-"
66.249.64.148 - - [12/Dec/2019:08:25:36 +0100] "GET /producto/peto-reversible-deportivo/ HTTP/1.1" 200 96736 "-" "Mozilla/5.0 (Linux; Android 6.0.1; Nexus 5X Build/MMB29P) AppleWebKit/537.36 (KHTML, like Gecko) Chrome/41.0.2272.96 Mobile Safari/537.36 (compatible; Googlebot/2.1; +http://www.google.com/bot.html)" "-"
217.76.130.90 - - [12/Dec/2019:08:50:56 +0100] "POST /wp-cron.php?doing_wp_cron=1576137056.6781039237976074218750 HTTP/1.1" 200 164 "http://amazingsportwear.com/wp-cron.php?doing_wp_cron=1576137056.6781039237976074218750" "WordPress/5.2.4; https://amazingsportwear.com" "-"
217.76.130.90 - - [12/Dec/2019:08:50:56 +0100] "POST /wp-cron.php?doing_wp_cron=1576137056.6791360378265380859375 HTTP/1.1" 200 164 "http://amazingsportwear.com/wp-cron.php?doing_wp_cron=1576137056.6791360378265380859375" "WordPress/5.2.4; https://amazingsportwear.com" "-"
46.119.167.89 - - [12/Dec/2019:08:50:53 +0100] "GET /producto/camiseta-tecnica-manga-larga-sa-0415/ HTTP/1.1" 200 66592 "https://torrentred.games/" "Mozilla/4.0 (compatible; Powermarks/3.5; Windows 95/98/2000/NT)" "-"
46.119.167.89 - - [12/Dec/2019:08:50:55 +0100] "GET /producto/camiseta-tecnica-manga-larga-sa-0415/ HTTP/1.1" 200 66592 "https://torrentred.games/" "Mozilla/4.0 (compatible; Powermarks/3.5; Windows 95/98/2000/NT)" "-"
46.119.167.89 - - [12/Dec/2019:08:50:56 +0100] "GET /producto/camiseta-tecnica-manga-larga-sa-0415/ HTTP/1.1" 200 66592 "https://torrentred.games/" "Mozilla/4.0 (compatible; Powermarks/3.5; Windows 95/98/2000/NT)" "-"
207.46.13.86 - - [12/Dec/2019:08:51:37 +0100] "GET /wp-content/uploads/2019/04/bidon-camiseta-zablex-2.png HTTP/1.1" 200 109248 "-" "Mozilla/5.0 (compatible; bingbot/2.0; +http://www.bing.com/bingbot.htm)" "-"
217.76.130.90 - - [12/Dec/2019:08:54:57 +0100] "POST /wp-cron.php?doing_wp_cron=1576137297.7257850170135498046875 HTTP/1.1" 200 3389 "https://amazingsportwear.com/wp-cron.php?doing_wp_cron=1576137297.7257850170135498046875" "WordPress/5.2.4; https://amazingsportwear.com" "-"
66.249.64.148 - - [12/Dec/2019:08:54:57 +0100] "GET /producto/rinonera-wanel-cat-5311/ HTTP/1.1" 200 94127 "-" "Mozilla/5.0 (Linux; Android 6.0.1; Nexus 5X Build/MMB29P) AppleWebKit/537.36 (KHTML, like Gecko) Chrome/41.0.2272.96 Mobile Safari/537.36 (compatible; Googlebot/2.1; +http://www.google.com/bot.html)" "-"
217.76.130.90 - - [12/Dec/2019:08:55:04 +0100] "POST /wp-cron.php?doing_wp_cron=1576137304.7186191082000732421875 HTTP/1.1" 200 3389 "https://amazingsportwear.com/wp-cron.php?doing_wp_cron=1576137304.7186191082000732421875" "WordPress/5.2.4; https://amazingsportwear.com" "-"
66.249.64.146 - - [12/Dec/2019:08:55:04 +0100] "POST /?wc-ajax=get_refreshed_fragments HTTP/1.1" 200 4760 "https://amazingsportwear.com/producto/rinonera-wanel-cat-5311/" "Mozilla/5.0 (Linux; Android 6.0.1; Nexus 5X Build/MMB29P) AppleWebKit/537.36 (KHTML, like Gecko) Chrome/41.0.2272.96 Mobile Safari/537.36 (compatible; Googlebot/2.1; +http://www.google.com/bot.html)" "_ga=GA1.2.969013651.1576108800; _gid=GA1.2.1978218920.1576108800; _gat_gtag_UA_91619287_1=1"
217.76.130.90 - - [12/Dec/2019:09:14:55 +0100] "POST /wp-cron.php?doing_wp_cron=1576138495.9265429973602294921875 HTTP/1.1" 200 3389 "https://amazingsportwear.com/wp-cron.php?doing_wp_cron=1576138495.9265429973602294921875" "WordPress/5.2.4; https://amazingsportwear.com" "-"
66.249.64.148 - - [12/Dec/2019:09:14:51 +0100] "GET /producto/mochila-cobra/ HTTP/1.1" 200 97918 "-" "Mozilla/5.0 (Linux; Android 6.0.1; Nexus 5X Build/MMB29P) AppleWebKit/537.36 (KHTML, like Gecko) Chrome/41.0.2272.96 Mobile Safari/537.36 (compatible; Googlebot/2.1; +http://www.google.com/bot.html)" "-"
207.46.13.86 - - [12/Dec/2019:09:14:59 +0100] "GET /wp-content/uploads/2019/04/bolsa-deporte-hale-4.png HTTP/1.1" 200 117772 "-" "Mozilla/5.0 (compatible; bingbot/2.0; +http://www.bing.com/bingbot.htm)" "-"
40.77.167.20 - - [12/Dec/2019:09:16:12 +0100] "GET /wp-content/uploads/2019/04/Bidon-doger-5.png HTTP/1.1" 200 68304 "-" "Mozilla/5.0 (compatible; bingbot/2.0; +http://www.bing.com/bingbot.htm)" "-"
66.249.64.146 - - [12/Dec/2019:09:17:53 +0100] "GET /wp-content/uploads/2019/04/mento1-300x300.jpg HTTP/1.1" 304 3565 "-" "Googlebot-Image/1.0" "-"
217.76.130.90 - - [12/Dec/2019:09:25:21 +0100] "POST /wp-cron.php?doing_wp_cron=1576139121.0661211013793945312500 HTTP/1.1" 200 3389 "https://amazingsportwear.com/wp-cron.php?doing_wp_cron=1576139121.0661211013793945312500" "WordPress/5.2.4; https://amazingsportwear.com" "-"
66.249.64.148 - - [12/Dec/2019:09:25:18 +0100] "GET /producto/gorra-lorenz/ HTTP/1.1" 200 94244 "-" "Mozilla/5.0 (compatible; Googlebot/2.1; +http://www.google.com/bot.html)" "-"
69.171.251.7 - - [12/Dec/2019:09:25:24 +0100] "GET / HTTP/1.1" 200 125530 "-" "facebookexternalhit/1.1 (+http://www.facebook.com/externalhit_uatext.php)" "-"
69.171.251.43 - - [12/Dec/2019:09:25:24 +0100] "GET / HTTP/1.1" 200 125550 "-" "facebookexternalhit/1.1 (+http://www.facebook.com/externalhit_uatext.php)" "-"
69.171.251.21 - - [12/Dec/2019:09:25:25 +0100] "GET / HTTP/1.1" 200 125565 "-" "facebookexternalhit/1.1 (+http://www.facebook.com/externalhit_uatext.php)" "-"
69.171.251.24 - - [12/Dec/2019:09:25:28 +0100] "GET /contacta-con-nosotros HTTP/1.1" 301 319 "-" "facebookexternalhit/1.1 (+http://www.facebook.com/externalhit_uatext.php)" "-"
69.171.251.28 - - [12/Dec/2019:09:25:29 +0100] "GET /contacta-con-nosotros HTTP/1.1" 301 319 "-" "facebookexternalhit/1.1 (+http://www.facebook.com/externalhit_uatext.php)" "-"
69.171.251.10 - - [12/Dec/2019:09:25:29 +0100] "GET /contacta-con-nosotros HTTP/1.1" 301 319 "-" "facebookexternalhit/1.1 (+http://www.facebook.com/externalhit_uatext.php)" "-"
69.171.251.24 - - [12/Dec/2019:09:25:30 +0100] "GET /contacta-con-nosotros/ HTTP/1.1" 200 58176 "-" "facebookexternalhit/1.1 (+http://www.facebook.com/externalhit_uatext.php)" "-"
69.171.251.28 - - [12/Dec/2019:09:25:30 +0100] "GET /contacta-con-nosotros/ HTTP/1.1" 200 58201 "-" "facebookexternalhit/1.1 (+http://www.facebook.com/externalhit_uatext.php)" "-"
69.171.251.10 - - [12/Dec/2019:09:25:31 +0100] "GET /contacta-con-nosotros/ HTTP/1.1" 200 58176 "-" "facebookexternalhit/1.1 (+http://www.facebook.com/externalhit_uatext.php)" "-"
84.78.250.74 - - [12/Dec/2019:09:27:45 +0100] "GET /wp-content/uploads/2019/04/VANDIX-AZUL-DISE%C3%91O.png HTTP/1.1" 200 150994 "https://www.google.com/" "Mozilla/5.0 (Windows NT 10.0; Win64; x64) AppleWebKit/537.36 (KHTML, like Gecko) Chrome/78.0.3904.108 Safari/537.36" "-"
84.78.250.74 - - [12/Dec/2019:09:29:15 +0100] "GET /wp-content/uploads/2019/04/VANDIX-AZU%C3%91L.png HTTP/1.1" 200 120570 "https://www.google.com/" "Mozilla/5.0 (Windows NT 10.0; Win64; x64) AppleWebKit/537.36 (KHTML, like Gecko) Chrome/78.0.3904.108 Safari/537.36" "-"
217.76.130.90 - - [12/Dec/2019:09:31:57 +0100] "POST /wp-cron.php?doing_wp_cron=1576139517.5822429656982421875000 HTTP/1.1" 200 3389 "https://amazingsportwear.com/wp-cron.php?doing_wp_cron=1576139517.5822429656982421875000" "WordPress/5.2.4; https://amazingsportwear.com" "-"
66.249.64.144 - - [12/Dec/2019:09:31:56 +0100] "GET /producto/camiseta-tirantes-triatlon/ HTTP/1.1" 200 90739 "-" "Mozilla/5.0 (Linux; Android 6.0.1; Nexus 5X Build/MMB29P) AppleWebKit/537.36 (KHTML, like Gecko) Chrome/41.0.2272.96 Mobile Safari/537.36 (compatible; Googlebot/2.1; +http://www.google.com/bot.html)" "-"
102.78.3.81 - - [12/Dec/2019:09:41:06 +0100] "GET /wp-content/uploads/2019/04/gorra-dowan-4.png HTTP/1.1" 200 76783 "https://www.google.com/" "Mozilla/5.0 (Windows NT 6.1) AppleWebKit/537.36 (KHTML, like Gecko) Chrome/78.0.3904.108 Safari/537.36" "-"
40.77.167.20 - - [12/Dec/2019:09:52:25 +0100] "GET /wp-content/uploads/2019/04/VANDIX-ROJO.png HTTP/1.1" 200 130103 "-" "Mozilla/5.0 (compatible; bingbot/2.0; +http://www.bing.com/bingbot.htm)" "-"
217.76.130.90 - - [12/Dec/2019:10:04:11 +0100] "POST /wp-cron.php?doing_wp_cron=1576141451.0300719738006591796875 HTTP/1.1" 200 164 "http://amazingsportwear.com/wp-cron.php?doing_wp_cron=1576141451.0300719738006591796875" "WordPress/5.2.4; https://amazingsportwear.com" "-"
106.120.173.81 - - [12/Dec/2019:10:04:07 +0100] "GET /robots.txt HTTP/1.1" 200 394 "-" "Sogou web spider/4.0(+http://www.sogou.com/docs/help/webmasters.htm#07)" "-"
217.76.130.90 - - [12/Dec/2019:10:04:11 +0100] "POST /wp-admin/admin-ajax.php?action=wp_1_wc_privacy_cleanup&nonce=7a2dcc42f4 HTTP/1.1" 200 3707 "https://amazingsportwear.com/wp-admin/admin-ajax.php?action=wp_1_wc_privacy_cleanup&nonce=7a2dcc42f4" "WordPress/5.2.4; https://amazingsportwear.com" "-"
217.76.130.90 - - [12/Dec/2019:10:05:47 +0100] "POST /wp-cron.php?doing_wp_cron=1576141546.9753758907318115234375 HTTP/1.1" 200 164 "http://amazingsportwear.com/wp-cron.php?doing_wp_cron=1576141546.9753758907318115234375" "WordPress/5.2.4; https://amazingsportwear.com" "-"
106.120.173.81 - - [12/Dec/2019:10:05:43 +0100] "GET / HTTP/1.1" 301 298 "-" "Sogou web spider/4.0(+http://www.sogou.com/docs/help/webmasters.htm#07)" "-"
217.76.130.90 - - [12/Dec/2019:10:07:31 +0100] "POST /wp-cron.php?doing_wp_cron=1576141651.3320829868316650390625 HTTP/1.1" 200 3389 "https://amazingsportwear.com/wp-cron.php?doing_wp_cron=1576141651.3320829868316650390625" "WordPress/5.2.4; https://amazingsportwear.com" "-"
106.120.173.81 - - [12/Dec/2019:10:07:30 +0100] "GET / HTTP/1.1" 200 125728 "-" "Sogou web spider/4.0(+http://www.sogou.com/docs/help/webmasters.htm#07)" "wpfront-notification-bar-landingpage=1;"
217.76.130.90 - - [12/Dec/2019:10:08:22 +0100] "POST /wp-cron.php?doing_wp_cron=1576141702.7567861080169677734375 HTTP/1.1" 200 164 "http://amazingsportwear.com/wp-cron.php?doing_wp_cron=1576141702.7567861080169677734375" "WordPress/5.2.4; https://amazingsportwear.com" "-"
207.46.13.86 - - [12/Dec/2019:10:08:22 +0100] "GET /21-tenis-padel HTTP/1.1" 404 68028 "-" "Mozilla/5.0 (iPhone; CPU iPhone OS 7_0 like Mac OS X) AppleWebKit/537.51.1 (KHTML, like Gecko) Version/7.0 Mobile/11A465 Safari/9537.53 (compatible; bingbot/2.0; +http://www.bing.com/bingbot.htm)" "-"
157.55.39.12 - - [12/Dec/2019:10:08:28 +0100] "GET /wp-content/uploads/2019/04/gorra-tecnica-blanca-azul.png HTTP/1.1" 200 63762 "-" "Mozilla/5.0 (compatible; bingbot/2.0; +http://www.bing.com/bingbot.htm)" "-"
217.76.130.90 - - [12/Dec/2019:10:30:14 +0100] "POST /wp-cron.php?doing_wp_cron=1576143014.6575379371643066406250 HTTP/1.1" 200 3389 "https://amazingsportwear.com/wp-cron.php?doing_wp_cron=1576143014.6575379371643066406250" "WordPress/5.2.4; https://amazingsportwear.com" "-"
49.71.135.213 - - [12/Dec/2019:10:30:11 +0100] "GET /producto/cazadora-invierno-ciclismo-2 HTTP/1.1" 301 3561 "-" "Mozilla/5.0 (Linux; Android 7.0; FRD-AL00 Build/HUAWEIFRD-AL00; wv) AppleWebKit/537.36 (KHTML, like Gecko) Version/4.0 Chrome/53.0.2785.49 Mobile MQQBrowser/6.2 TBS/043602 Safari/537.36 MicroMessenger/6.5.16.1120 NetType/WIFI Language/zh_CN" "-"
207.46.13.86 - - [12/Dec/2019:10:30:15 +0100] "GET /producto/camiseta-tecnica-maurice/ HTTP/1.1" 200 103470 "-" "Mozilla/5.0 (compatible; bingbot/2.0; +http://www.bing.com/bingbot.htm)" "-"
49.71.135.213 - - [12/Dec/2019:10:30:18 +0100] "GET /producto/cazadora-invierno-ciclismo-2/ HTTP/1.1" 200 75455 "-" "Mozilla/5.0 (Linux; Android 7.0; FRD-AL00 Build/HUAWEIFRD-AL00; wv) AppleWebKit/537.36 (KHTML, like Gecko) Version/4.0 Chrome/53.0.2785.49 Mobile MQQBrowser/6.2 TBS/043602 Safari/537.36 MicroMessenger/6.5.16.1120 NetType/WIFI Language/zh_CN" "wpfront-notification-bar-landingpage=1"
207.46.13.86 - - [12/Dec/2019:10:30:20 +0100] "GET /wp-content/uploads/2019/04/Mochila-keisy-2.png HTTP/1.1" 200 83184 "-" "Mozilla/5.0 (compatible; bingbot/2.0; +http://www.bing.com/bingbot.htm)" "-"
116.29.58.132 - - [12/Dec/2019:10:30:49 +0100] "GET /producto/camiseta-tecnica-mujer-tirantes-aq-armour-aerobic HTTP/1.1" 301 3582 "-" "Mozilla/5.0 (Linux; Android 7.0; FRD-AL00 Build/HUAWEIFRD-AL00; wv) AppleWebKit/537.36 (KHTML, like Gecko) Version/4.0 Chrome/53.0.2785.49 Mobile MQQBrowser/6.2 TBS/043602 Safari/537.36 MicroMessenger/6.5.16.1120 NetType/WIFI Language/zh_CN" "-"
116.29.58.132 - - [12/Dec/2019:10:30:54 +0100] "GET /producto/camiseta-tecnica-mujer-tirantes-aq-armour-aerobic/ HTTP/1.1" 200 102343 "-" "Mozilla/5.0 (Linux; Android 7.0; FRD-AL00 Build/HUAWEIFRD-AL00; wv) AppleWebKit/537.36 (KHTML, like Gecko) Version/4.0 Chrome/53.0.2785.49 Mobile MQQBrowser/6.2 TBS/043602 Safari/537.36 MicroMessenger/6.5.16.1120 NetType/WIFI Language/zh_CN" "wpfront-notification-bar-landingpage=1"
217.76.130.90 - - [12/Dec/2019:10:33:53 +0100] "POST /wp-cron.php?doing_wp_cron=1576143233.4429869651794433593750 HTTP/1.1" 200 3389 "https://amazingsportwear.com/wp-cron.php?doing_wp_cron=1576143233.4429869651794433593750" "WordPress/5.2.4; https://amazingsportwear.com" "-"
185.228.120.240 - - [12/Dec/2019:10:33:50 +0100] "GET /producto/camiseta-tecnic-rox-cat-5247/ HTTP/1.1" 200 108313 "-" "Mozilla/5.0 (Windows NT 10.0; Win64; x64) AppleWebKit/537.36 (KHTML, like Gecko) Chrome/78.0.3904.108 Safari/537.36" "-"
217.76.130.90 - - [12/Dec/2019:10:41:16 +0100] "POST /wp-cron.php?doing_wp_cron=1576143676.9042880535125732421875 HTTP/1.1" 200 3389 "https://amazingsportwear.com/wp-cron.php?doing_wp_cron=1576143676.9042880535125732421875" "WordPress/5.2.4; https://amazingsportwear.com" "-"
185.228.120.240 - - [12/Dec/2019:10:41:14 +0100] "GET /producto/camiseta-tecnic-rox-cat-5247/ HTTP/1.1" 200 108243 "-" "Mozilla/5.0 (Windows NT 10.0; Win64; x64) AppleWebKit/537.36 (KHTML, like Gecko) Chrome/78.0.3904.108 Safari/537.36" "wpfront-notification-bar-landingpage=1"
217.76.130.90 - - [12/Dec/2019:10:42:41 +0100] "POST /wp-cron.php?doing_wp_cron=1576143761.6399600505828857421875 HTTP/1.1" 200 3389 "https://amazingsportwear.com/wp-cron.php?doing_wp_cron=1576143761.6399600505828857421875" "WordPress/5.2.4; https://amazingsportwear.com" "-"
66.249.64.144 - - [12/Dec/2019:10:42:40 +0100] "POST /?wc-ajax=get_refreshed_fragments HTTP/1.1" 200 4708 "https://amazingsportwear.com/" "Mozilla/5.0 (Linux; Android 6.0.1; Nexus 5X Build/MMB29P) AppleWebKit/537.36 (KHTML, like Gecko) Chrome/41.0.2272.96 Mobile Safari/537.36 (compatible; Googlebot/2.1; +http://www.google.com/bot.html)" "wpfront-notification-bar-landingpage=1; _ga=GA1.2.1884029788.1576108800; _gid=GA1.2.969013651.1576108800; _gat_gtag_UA_91619287_1=1"
40.77.167.20 - - [12/Dec/2019:10:44:29 +0100] "GET /wp-content/uploads/2017/03/aq-cosmic-colores-1.jpg HTTP/1.1" 200 17428 "-" "Mozilla/5.0 (compatible; bingbot/2.0; +http://www.bing.com/bingbot.htm)" "-"
217.76.130.90 - - [12/Dec/2019:10:46:29 +0100] "POST /wp-cron.php?doing_wp_cron=1576143988.9502160549163818359375 HTTP/1.1" 200 3389 "https://amazingsportwear.com/wp-cron.php?doing_wp_cron=1576143988.9502160549163818359375" "WordPress/5.2.4; https://amazingsportwear.com" "-"
66.249.64.18 - - [12/Dec/2019:10:46:27 +0100] "GET /robots.txt HTTP/1.1" 200 3955 "-" "Mozilla/5.0 (compatible; Googlebot/2.1; +http://www.google.com/bot.html)" "-"
66.249.64.19 - - [12/Dec/2019:10:46:30 +0100] "GET / HTTP/1.1" 301 3772 "-" "Mozilla/5.0 (Linux; Android 6.0.1; Nexus 5X Build/MMB29P) AppleWebKit/537.36 (KHTML, like Gecko) Chrome/41.0.2272.96 Mobile Safari/537.36 (compatible; Googlebot/2.1; +http://www.google.com/bot.html)" "-"
66.249.64.144 - - [12/Dec/2019:10:46:36 +0100] "POST /?wc-ajax=get_refreshed_fragments HTTP/1.1" 200 4708 "https://amazingsportwear.com/" "Mozilla/5.0 (Linux; Android 6.0.1; Nexus 5X Build/MMB29P) AppleWebKit/537.36 (KHTML, like Gecko) Chrome/41.0.2272.96 Mobile Safari/537.36 (compatible; Googlebot/2.1; +http://www.google.com/bot.html)" "wpfront-notification-bar-landingpage=1; _ga=GA1.2.1884029788.1576108800; _gid=GA1.2.969013651.1576108800; _gat_gtag_UA_91619287_1=1"
40.77.167.20 - - [12/Dec/2019:10:48:50 +0100] "GET /wp-content/uploads/2019/04/Bidon-doger-3.png HTTP/1.1" 200 31140 "-" "Mozilla/5.0 (compatible; bingbot/2.0; +http://www.bing.com/bingbot.htm)" "-"
217.76.130.90 - - [12/Dec/2019:10:53:06 +0100] "POST /wp-cron.php?doing_wp_cron=1576144386.5215480327606201171875 HTTP/1.1" 200 3389 "https://amazingsportwear.com/wp-cron.php?doing_wp_cron=1576144386.5215480327606201171875" "WordPress/5.2.4; https://amazingsportwear.com" "-"
66.249.64.146 - - [12/Dec/2019:10:53:04 +0100] "GET /producto/polo-monzha-tecnico-sa-0404/ HTTP/1.1" 200 109840 "-" "Mozilla/5.0 (Linux; Android 6.0.1; Nexus 5X Build/MMB29P) AppleWebKit/537.36 (KHTML, like Gecko) Chrome/41.0.2272.96 Mobile Safari/537.36 (compatible; Googlebot/2.1; +http://www.google.com/bot.html)" "-"
207.46.13.86 - - [12/Dec/2019:10:54:39 +0100] "GET /wp-content/uploads/2018/02/SA-6657-azul.png HTTP/1.1" 200 512726 "-" "Mozilla/5.0 (compatible; bingbot/2.0; +http://www.bing.com/bingbot.htm)" "-"
217.76.130.90 - - [12/Dec/2019:11:00:18 +0100] "POST /wp-cron.php?doing_wp_cron=1576144818.4440140724182128906250 HTTP/1.1" 200 3389 "https://amazingsportwear.com/wp-cron.php?doing_wp_cron=1576144818.4440140724182128906250" "WordPress/5.2.4; https://amazingsportwear.com" "-"
169.197.108.38 - - [12/Dec/2019:11:00:16 +0100] "GET / HTTP/1.1" 200 125550 "-" "Mozilla/5.0 (Windows NT 10.0; Win64; x64) AppleWebKit/537.36 (KHTML, like Gecko) Chrome/60.0.3112.113 Safari/537.36" "-"
217.76.130.90 - - [12/Dec/2019:11:01:16 +0100] "POST /wp-cron.php?doing_wp_cron=1576144876.0137269496917724609375 HTTP/1.1" 200 3389 "https://amazingsportwear.com/wp-cron.php?doing_wp_cron=1576144876.0137269496917724609375" "WordPress/5.2.4; https://amazingsportwear.com" "-"
66.249.64.146 - - [12/Dec/2019:11:01:14 +0100] "GET /producto/polo-tecnico-silverstone-sa-6639/ HTTP/1.1" 200 107436 "-" "Mozilla/5.0 (Linux; Android 6.0.1; Nexus 5X Build/MMB29P) AppleWebKit/537.36 (KHTML, like Gecko) Chrome/41.0.2272.96 Mobile Safari/537.36 (compatible; Googlebot/2.1; +http://www.google.com/bot.html)" "-"
66.249.64.146 - - [12/Dec/2019:11:01:22 +0100] "POST /?wc-ajax=get_refreshed_fragments HTTP/1.1" 200 1397 "https://amazingsportwear.com/producto/polo-tecnico-silverstone-sa-6639/" "Mozilla/5.0 (Linux; Android 6.0.1; Nexus 5X Build/MMB29P) AppleWebKit/537.36 (KHTML, like Gecko) Chrome/41.0.2272.96 Mobile Safari/537.36 (compatible; Googlebot/2.1; +http://www.google.com/bot.html)" "_ga=GA1.2.969013651.1576108800; _gid=GA1.2.1978218920.1576108800; _gat_gtag_UA_91619287_1=1"
217.76.130.90 - - [12/Dec/2019:11:04:19 +0100] "POST /wp-cron.php?doing_wp_cron=1576145059.2985689640045166015625 HTTP/1.1" 200 3389 "https://amazingsportwear.com/wp-cron.php?doing_wp_cron=1576145059.2985689640045166015625" "WordPress/5.2.4; https://amazingsportwear.com" "-"
66.249.64.148 - - [12/Dec/2019:11:04:18 +0100] "GET /producto/bidon-aluminio-mento/ HTTP/1.1" 200 99631 "-" "Mozilla/5.0 (Linux; Android 6.0.1; Nexus 5X Build/MMB29P) AppleWebKit/537.36 (KHTML, like Gecko) Chrome/41.0.2272.96 Mobile Safari/537.36 (compatible; Googlebot/2.1; +http://www.google.com/bot.html)" "-"
40.77.167.70 - - [12/Dec/2019:11:06:10 +0100] "GET /wp-content/uploads/2019/04/Mochila-keisy-3.png HTTP/1.1" 200 94374 "-" "Mozilla/5.0 (compatible; bingbot/2.0; +http://www.bing.com/bingbot.htm)" "-"
31.221.202.134 - - [12/Dec/2019:11:09:51 +0100] "GET /wp-content/uploads/2017/01/cam-portero1.jpg HTTP/1.1" 200 135718 "https://www.google.com/" "Mozilla/5.0 (Linux; Android 7.0; LG-M250 Build/NRD90U; wv) AppleWebKit/537.36 (KHTML, like Gecko) Version/4.0 Chrome/78.0.3904.96 Mobile Safari/537.36 GSA/10.83.10.21.arm" "-"
40.77.167.70 - - [12/Dec/2019:11:10:30 +0100] "GET /wp-content/uploads/2017/03/sa-6650_0160.jpg HTTP/1.1" 200 14953 "-" "Mozilla/5.0 (compatible; bingbot/2.0; +http://www.bing.com/bingbot.htm)" "-"
217.76.130.90 - - [12/Dec/2019:11:10:42 +0100] "POST /wp-cron.php?doing_wp_cron=1576145442.4203329086303710937500 HTTP/1.1" 200 3389 "https://amazingsportwear.com/wp-cron.php?doing_wp_cron=1576145442.4203329086303710937500" "WordPress/5.2.4; https://amazingsportwear.com" "-"
207.46.13.86 - - [12/Dec/2019:11:10:40 +0100] "GET /producto/camiseta-basket-con-costadillos/ HTTP/1.1" 200 95607 "-" "Mozilla/5.0 (compatible; bingbot/2.0; +http://www.bing.com/bingbot.htm)" "-"
217.76.130.90 - - [12/Dec/2019:11:21:10 +0100] "POST /wp-cron.php?doing_wp_cron=1576146070.3128468990325927734375 HTTP/1.1" 200 3389 "https://amazingsportwear.com/wp-cron.php?doing_wp_cron=1576146070.3128468990325927734375" "WordPress/5.2.4; https://amazingsportwear.com" "-"
207.46.13.86 - - [12/Dec/2019:11:21:04 +0100] "GET /categoria-producto/hombre/sudaderas/ HTTP/1.1" 200 60655 "-" "Mozilla/5.0 (compatible; bingbot/2.0; +http://www.bing.com/bingbot.htm)" "-"
217.76.130.90 - - [12/Dec/2019:11:23:32 +0100] "POST /wp-cron.php?doing_wp_cron=1576146212.6610920429229736328125 HTTP/1.1" 200 3389 "https://amazingsportwear.com/wp-cron.php?doing_wp_cron=1576146212.6610920429229736328125" "WordPress/5.2.4; https://amazingsportwear.com" "-"
40.77.167.20 - - [12/Dec/2019:11:23:31 +0100] "GET /etiqueta-producto/bolsa-tinsul/ HTTP/1.1" 200 53637 "-" "Mozilla/5.0 (compatible; bingbot/2.0; +http://www.bing.com/bingbot.htm)" "-"
207.46.13.86 - - [12/Dec/2019:11:23:37 +0100] "GET /wp-content/uploads/2017/03/sa-0425_01.jpg HTTP/1.1" 200 53632 "-" "Mozilla/5.0 (compatible; bingbot/2.0; +http://www.bing.com/bingbot.htm)" "-"
217.76.130.90 - - [12/Dec/2019:11:25:56 +0100] "POST /wp-cron.php?doing_wp_cron=1576146356.5231950283050537109375 HTTP/1.1" 200 3389 "https://amazingsportwear.com/wp-cron.php?doing_wp_cron=1576146356.5231950283050537109375" "WordPress/5.2.4; https://amazingsportwear.com" "-"
157.55.39.30 - - [12/Dec/2019:11:25:54 +0100] "GET /robots.txt HTTP/1.1" 200 2297 "-" "Mozilla/5.0 (compatible; bingbot/2.0; +http://www.bing.com/bingbot.htm)" "-"
157.55.39.30 - - [12/Dec/2019:11:25:57 +0100] "GET /robots.txt HTTP/1.1" 200 3955 "-" "Mozilla/5.0 (compatible; bingbot/2.0; +http://www.bing.com/bingbot.htm)" "-"
217.76.130.90 - - [12/Dec/2019:11:26:08 +0100] "POST /wp-cron.php?doing_wp_cron=1576146367.9584240913391113281250 HTTP/1.1" 200 3389 "https://amazingsportwear.com/wp-cron.php?doing_wp_cron=1576146367.9584240913391113281250" "WordPress/5.2.4; https://amazingsportwear.com" "-"
40.77.167.20 - - [12/Dec/2019:11:26:07 +0100] "GET /atletismo/index.php?controller=contact HTTP/1.1" 301 3908 "-" "Mozilla/5.0 (compatible; bingbot/2.0; +http://www.bing.com/bingbot.htm)" "-"
139.47.112.41 - - [12/Dec/2019:11:35:59 +0100] "GET /wp-content/uploads/2019/04/Bid%C3%B3n-Iskan-8.png HTTP/1.1" 200 72530 "https://www.google.com/" "Mozilla/5.0 (Windows NT 6.1; Win64; x64) AppleWebKit/537.36 (KHTML, like Gecko) Chrome/79.0.3945.79 Safari/537.36" "-"
40.77.188.116 - - [12/Dec/2019:11:41:39 +0100] "GET /wp-includes/js/wp-emoji-release.min.js?ver=5.2.4 HTTP/1.1" 200 17546 "-" "Mozilla/5.0 (Windows NT 6.1; WOW64) AppleWebKit/534+ (KHTML, like Gecko) BingPreview/1.0b" "-"
40.77.191.26 - - [12/Dec/2019:11:41:45 +0100] "GET /wp-content/plugins/woocommerce/assets/css/blocks/style.css?ver=3.6.4 HTTP/1.1" 200 10060 "-" "Mozilla/5.0 (Windows NT 6.1; WOW64) AppleWebKit/534+ (KHTML, like Gecko) BingPreview/1.0b" "-"
40.77.190.187 - - [12/Dec/2019:11:41:47 +0100] "GET /wp-content/themes/shopper/assets/sass/woocommerce/woocommerce.css?ver=5.2.4 HTTP/1.1" 200 86897 "-" "Mozilla/5.0 (Windows NT 6.1; WOW64) AppleWebKit/534+ (KHTML, like Gecko) BingPreview/1.0b" "-"
40.77.188.110 - - [12/Dec/2019:11:41:51 +0100] "GET /wp-includes/js/jquery/jquery-migrate.min.js?ver=1.4.1 HTTP/1.1" 200 13762 "-" "Mozilla/5.0 (Windows NT 6.1; WOW64) AppleWebKit/534+ (KHTML, like Gecko) BingPreview/1.0b" "-"
40.77.189.111 - - [12/Dec/2019:11:41:52 +0100] "GET /wp-content/plugins/cookie-law-info/public/js/cookie-law-info-public.js?ver=1.7.6 HTTP/1.1" 200 20439 "-" "Mozilla/5.0 (Windows NT 6.1; WOW64) AppleWebKit/534+ (KHTML, like Gecko) BingPreview/1.0b" "-"
40.77.190.202 - - [12/Dec/2019:11:41:55 +0100] "GET /wp-content/plugins/wpfront-notification-bar/js/wpfront-notification-bar.js?ver=1.7.1 HTTP/1.1" 200 9025 "-" "Mozilla/5.0 (Windows NT 6.1; WOW64) AppleWebKit/534+ (KHTML, like Gecko) BingPreview/1.0b" "-"
40.77.190.167 - - [12/Dec/2019:11:41:57 +0100] "GET /wp-content/themes/shopper/assets/js/crm.js?ver=1561548510 HTTP/1.1" 200 4237 "-" "Mozilla/5.0 (Windows NT 6.1; WOW64) AppleWebKit/534+ (KHTML, like Gecko) BingPreview/1.0b" "-"
40.77.188.231 - - [12/Dec/2019:11:41:59 +0100] "GET /wp-content/themes/shopper/assets/fonts/fontawesome-webfont.ttf?v=4.7.0 HTTP/1.1" 200 169541 "-" "Mozilla/5.0 (Windows NT 6.1; WOW64) AppleWebKit/534+ (KHTML, like Gecko) BingPreview/1.0b" "-"
40.77.188.233 - - [12/Dec/2019:11:42:00 +0100] "GET /wp-content/plugins/woocommerce/assets/js/frontend/add-to-cart.min.js?ver=3.6.4 HTTP/1.1" 200 6346 "-" "Mozilla/5.0 (Windows NT 6.1; WOW64) AppleWebKit/534+ (KHTML, like Gecko) BingPreview/1.0b" "-"
40.77.188.232 - - [12/Dec/2019:11:42:02 +0100] "GET /wp-content/plugins/woocommerce/assets/js/js-cookie/js.cookie.min.js?ver=2.1.4 HTTP/1.1" 200 5550 "-" "Mozilla/5.0 (Windows NT 6.1; WOW64) AppleWebKit/534+ (KHTML, like Gecko) BingPreview/1.0b" "-"
40.77.190.202 - - [12/Dec/2019:11:42:05 +0100] "GET /wp-content/themes/shopper/assets/js/shopper.min.js?ver=1.3.8 HTTP/1.1" 200 5994 "-" "Mozilla/5.0 (Windows NT 6.1; WOW64) AppleWebKit/534+ (KHTML, like Gecko) BingPreview/1.0b" "-"
40.77.188.110 - - [12/Dec/2019:11:42:05 +0100] "GET /wp-content/themes/shopper/assets/js/woocommerce/header-cart.min.js?ver=1.3.8 HTTP/1.1" 200 972 "-" "Mozilla/5.0 (Windows NT 6.1; WOW64) AppleWebKit/534+ (KHTML, like Gecko) BingPreview/1.0b" "-"
40.77.190.126 - - [12/Dec/2019:11:42:09 +0100] "GET /wp-content/themes/shopper/assets/fonts/fontawesome-webfont.svg?v=4.7.0 HTTP/1.1" 200 448868 "-" "Mozilla/5.0 (Windows NT 6.1; WOW64) AppleWebKit/534+ (KHTML, like Gecko) BingPreview/1.0b" "-"
217.76.130.90 - - [12/Dec/2019:11:42:10 +0100] "POST /wp-cron.php?doing_wp_cron=1576147330.5868558883666992187500 HTTP/1.1" 200 164 "http://amazingsportwear.com/wp-cron.php?doing_wp_cron=1576147330.5868558883666992187500" "WordPress/5.2.4; https://amazingsportwear.com" "-"
157.55.39.12 - - [12/Dec/2019:11:42:06 +0100] "GET /robots.txt HTTP/1.1" 200 432 "-" "msnbot/2.0b (+http://search.msn.com/msnbot.htm)" "-"
217.76.130.90 - - [12/Dec/2019:11:47:39 +0100] "POST /wp-cron.php?doing_wp_cron=1576147659.1981461048126220703125 HTTP/1.1" 200 164 "http://amazingsportwear.com/wp-cron.php?doing_wp_cron=1576147659.1981461048126220703125" "WordPress/5.2.4; https://amazingsportwear.com" "-"
31.13.103.6 - - [12/Dec/2019:11:47:38 +0100] "GET /233-large_default/camiseta-hombreras-atletismo.jpg HTTP/1.1" 404 68061 "-" "facebookexternalhit/1.1 (+http://www.facebook.com/externalhit_uatext.php)" "-"
217.76.130.90 - - [12/Dec/2019:12:05:06 +0100] "POST /wp-cron.php?doing_wp_cron=1576148706.7704029083251953125000 HTTP/1.1" 200 3389 "https://amazingsportwear.com/wp-cron.php?doing_wp_cron=1576148706.7704029083251953125000" "WordPress/5.2.4; https://amazingsportwear.com" "-"
66.249.64.144 - - [12/Dec/2019:12:05:01 +0100] "GET /categoria-producto/mujer/camisetas-mujer/ HTTP/1.1" 200 77739 "-" "Mozilla/5.0 (Linux; Android 6.0.1; Nexus 5X Build/MMB29P) AppleWebKit/537.36 (KHTML, like Gecko) Chrome/41.0.2272.96 Mobile Safari/537.36 (compatible; Googlebot/2.1; +http://www.google.com/bot.html)" "-"
217.76.130.90 - - [12/Dec/2019:12:06:25 +0100] "POST /wp-cron.php?doing_wp_cron=1576148785.1374549865722656250000 HTTP/1.1" 200 3389 "https://amazingsportwear.com/wp-cron.php?doing_wp_cron=1576148785.1374549865722656250000" "WordPress/5.2.4; https://amazingsportwear.com" "-"
66.249.64.148 - - [12/Dec/2019:12:06:22 +0100] "POST /?wc-ajax=get_refreshed_fragments HTTP/1.1" 200 4760 "https://amazingsportwear.com/categoria-producto/mujer/camisetas-mujer/" "Mozilla/5.0 (Linux; Android 6.0.1; Nexus 5X Build/MMB29P) AppleWebKit/537.36 (KHTML, like Gecko) Chrome/41.0.2272.96 Mobile Safari/537.36 (compatible; Googlebot/2.1; +http://www.google.com/bot.html)" "_ga=GA1.2.1884029788.1576108800; _gid=GA1.2.969013651.1576108800; _gat_gtag_UA_91619287_1=1"
217.76.130.90 - - [12/Dec/2019:12:10:10 +0100] "POST /wp-cron.php?doing_wp_cron=1576149010.5237369537353515625000 HTTP/1.1" 200 3389 "https://amazingsportwear.com/wp-cron.php?doing_wp_cron=1576149010.5237369537353515625000" "WordPress/5.2.4; https://amazingsportwear.com" "-"
66.249.64.146 - - [12/Dec/2019:12:10:07 +0100] "GET /producto/camiseta-tecnica-nath-action/ HTTP/1.1" 200 108579 "-" "Mozilla/5.0 (Linux; Android 6.0.1; Nexus 5X Build/MMB29P) AppleWebKit/537.36 (KHTML, like Gecko) Chrome/41.0.2272.96 Mobile Safari/537.36 (compatible; Googlebot/2.1; +http://www.google.com/bot.html)" "-"
217.76.130.90 - - [12/Dec/2019:12:12:25 +0100] "POST /wp-cron.php?doing_wp_cron=1576149145.2131578922271728515625 HTTP/1.1" 200 3389 "https://amazingsportwear.com/wp-cron.php?doing_wp_cron=1576149145.2131578922271728515625" "WordPress/5.2.4; https://amazingsportwear.com" "-"
66.249.64.144 - - [12/Dec/2019:12:12:23 +0100] "POST /?wc-ajax=get_refreshed_fragments HTTP/1.1" 200 4760 "https://amazingsportwear.com/producto/camiseta-tecnica-nath-action/" "Mozilla/5.0 (Linux; Android 6.0.1; Nexus 5X Build/MMB29P) AppleWebKit/537.36 (KHTML, like Gecko) Chrome/41.0.2272.96 Mobile Safari/537.36 (compatible; Googlebot/2.1; +http://www.google.com/bot.html)" "_ga=GA1.2.969013651.1576108800; _gid=GA1.2.1978218920.1576108800; _gat_gtag_UA_91619287_1=1"
217.76.130.90 - - [12/Dec/2019:12:17:19 +0100] "POST /wp-cron.php?doing_wp_cron=1576149439.0478949546813964843750 HTTP/1.1" 200 3389 "https://amazingsportwear.com/wp-cron.php?doing_wp_cron=1576149439.0478949546813964843750" "WordPress/5.2.4; https://amazingsportwear.com" "-"
66.249.64.146 - - [12/Dec/2019:12:17:16 +0100] "GET /producto/llavero-metalico-tenis/ HTTP/1.1" 200 94245 "-" "Mozilla/5.0 (Linux; Android 6.0.1; Nexus 5X Build/MMB29P) AppleWebKit/537.36 (KHTML, like Gecko) Chrome/41.0.2272.96 Mobile Safari/537.36 (compatible; Googlebot/2.1; +http://www.google.com/bot.html)" "-"
217.76.130.90 - - [12/Dec/2019:12:24:42 +0100] "POST /wp-cron.php?doing_wp_cron=1576149882.3293540477752685546875 HTTP/1.1" 200 3389 "https://amazingsportwear.com/wp-cron.php?doing_wp_cron=1576149882.3293540477752685546875" "WordPress/5.2.4; https://amazingsportwear.com" "-"
66.249.64.144 - - [12/Dec/2019:12:24:40 +0100] "GET /producto/camiseta-tecnica-dinamic-combi/ HTTP/1.1" 200 104153 "-" "Mozilla/5.0 (Linux; Android 6.0.1; Nexus 5X Build/MMB29P) AppleWebKit/537.36 (KHTML, like Gecko) Chrome/41.0.2272.96 Mobile Safari/537.36 (compatible; Googlebot/2.1; +http://www.google.com/bot.html)" "-"
207.46.13.86 - - [12/Dec/2019:12:31:25 +0100] "GET /wp-content/uploads/2019/04/mochila-decath-7.png HTTP/1.1" 200 106965 "-" "Mozilla/5.0 (compatible; bingbot/2.0; +http://www.bing.com/bingbot.htm)" "-"
217.76.130.90 - - [12/Dec/2019:12:32:57 +0100] "POST /wp-cron.php?doing_wp_cron=1576150377.9068720340728759765625 HTTP/1.1" 200 3389 "https://amazingsportwear.com/wp-cron.php?doing_wp_cron=1576150377.9068720340728759765625" "WordPress/5.2.4; https://amazingsportwear.com" "-"
66.249.64.148 - - [12/Dec/2019:12:32:55 +0100] "GET /producto/gorra-sport/ HTTP/1.1" 200 102359 "-" "Mozilla/5.0 (compatible; Googlebot/2.1; +http://www.google.com/bot.html)" "-"
217.76.130.90 - - [12/Dec/2019:12:36:22 +0100] "POST /wp-cron.php?doing_wp_cron=1576150582.5806529521942138671875 HTTP/1.1" 200 3389 "https://amazingsportwear.com/wp-cron.php?doing_wp_cron=1576150582.5806529521942138671875" "WordPress/5.2.4; https://amazingsportwear.com" "-"
17.58.100.225 - - [12/Dec/2019:12:36:20 +0100] "GET /robots.txt HTTP/1.1" 200 3687 "-" "Mozilla/5.0 (Macintosh; Intel Mac OS X 10_10_1) AppleWebKit/600.2.5 (KHTML, like Gecko) Version/8.0.2 Safari/600.2.5 (Applebot/0.1; +http://www.apple.com/go/applebot)" "-"
17.58.96.177 - - [12/Dec/2019:12:36:23 +0100] "GET /wp-content/uploads/2018/05/cat-3164-amarillo.png HTTP/1.1" 200 124554 "-" "Mozilla/5.0 (Macintosh; Intel Mac OS X 10_10_1) AppleWebKit/600.2.5 (KHTML, like Gecko) Version/8.0.2 Safari/600.2.5 (Applebot/0.1; +http://www.apple.com/go/applebot)" "-"
217.76.130.90 - - [12/Dec/2019:12:45:54 +0100] "POST /wp-cron.php?doing_wp_cron=1576151154.6652009487152099609375 HTTP/1.1" 200 3389 "https://amazingsportwear.com/wp-cron.php?doing_wp_cron=1576151154.6652009487152099609375" "WordPress/5.2.4; https://amazingsportwear.com" "-"
66.249.64.148 - - [12/Dec/2019:12:45:51 +0100] "GET /producto/polo-tecnico-cremallera/ HTTP/1.1" 200 98296 "-" "Mozilla/5.0 (Linux; Android 6.0.1; Nexus 5X Build/MMB29P) AppleWebKit/537.36 (KHTML, like Gecko) Chrome/41.0.2272.96 Mobile Safari/537.36 (compatible; Googlebot/2.1; +http://www.google.com/bot.html)" "-"
40.77.167.77 - - [12/Dec/2019:12:51:54 +0100] "GET /wp-content/uploads/2017/02/braga-cuello-futbol.jpg HTTP/1.1" 200 123298 "-" "Mozilla/5.0 (compatible; bingbot/2.0; +http://www.bing.com/bingbot.htm)" "-"
217.216.82.242 - - [12/Dec/2019:12:53:13 +0100] "GET /wp-content/uploads/2019/04/Gorra-sport-10.png HTTP/1.1" 200 60426 "https://www.google.com/" "Mozilla/5.0 (Macintosh; Intel Mac OS X 10_13_3) AppleWebKit/537.36 (KHTML, like Gecko) Chrome/78.0.3904.108 Safari/537.36" "-"
217.76.130.90 - - [12/Dec/2019:12:56:24 +0100] "POST /wp-cron.php?doing_wp_cron=1576151783.8952391147613525390625 HTTP/1.1" 200 164 "http://amazingsportwear.com/wp-cron.php?doing_wp_cron=1576151783.8952391147613525390625" "WordPress/5.2.4; https://amazingsportwear.com" "-"
173.252.127.32 - - [12/Dec/2019:12:56:20 +0100] "GET / HTTP/1.1" 301 298 "-" "facebookexternalhit/1.1 (+http://www.facebook.com/externalhit_uatext.php)" "-"
173.252.127.32 - - [12/Dec/2019:12:56:25 +0100] "GET / HTTP/1.1" 200 125565 "-" "facebookexternalhit/1.1 (+http://www.facebook.com/externalhit_uatext.php)" "-"
207.46.13.86 - - [12/Dec/2019:12:58:56 +0100] "GET /wp-content/uploads/2017/03/sa-0425-colore_abril-18-1.jpg HTTP/1.1" 200 57299 "-" "Mozilla/5.0 (compatible; bingbot/2.0; +http://www.bing.com/bingbot.htm)" "-"
217.76.130.90 - - [12/Dec/2019:13:12:08 +0100] "POST /wp-cron.php?doing_wp_cron=1576152727.9987919330596923828125 HTTP/1.1" 200 3389 "https://amazingsportwear.com/wp-cron.php?doing_wp_cron=1576152727.9987919330596923828125" "WordPress/5.2.4; https://amazingsportwear.com" "-"
207.46.13.86 - - [12/Dec/2019:13:12:05 +0100] "GET /categoria-producto/hombre/polostecnicos/ HTTP/1.1" 200 76598 "-" "Mozilla/5.0 (compatible; bingbot/2.0; +http://www.bing.com/bingbot.htm)" "-"
217.76.130.90 - - [12/Dec/2019:13:17:35 +0100] "POST /wp-cron.php?doing_wp_cron=1576153055.0039200782775878906250 HTTP/1.1" 200 3389 "https://amazingsportwear.com/wp-cron.php?doing_wp_cron=1576153055.0039200782775878906250" "WordPress/5.2.4; https://amazingsportwear.com" "-"
217.76.130.90 - - [12/Dec/2019:13:17:35 +0100] "POST /wp-cron.php?doing_wp_cron=1576153055.0057089328765869140625 HTTP/1.1" 200 3389 "https://amazingsportwear.com/wp-cron.php?doing_wp_cron=1576153055.0057089328765869140625" "WordPress/5.2.4; https://amazingsportwear.com" "-"
31.13.115.24 - - [12/Dec/2019:13:17:33 +0100] "GET / HTTP/1.1" 200 125535 "-" "facebookexternalhit/1.1 (+http://www.facebook.com/externalhit_uatext.php)" "-"
31.13.115.18 - - [12/Dec/2019:13:17:33 +0100] "GET / HTTP/1.1" 200 125570 "-" "facebookexternalhit/1.1 (+http://www.facebook.com/externalhit_uatext.php)" "-"
