31.13.103.4 - - [02/Dec/2019:14:11:27 +0100] "GET / HTTP/1.1" 200 125570 "-" "facebookexternalhit/1.1 (+http://www.facebook.com/externalhit_uatext.php)" "-"
31.13.103.22 - - [02/Dec/2019:14:11:28 +0100] "GET / HTTP/1.1" 200 125580 "-" "facebookexternalhit/1.1 (+http://www.facebook.com/externalhit_uatext.php)" "-"
31.13.103.20 - - [02/Dec/2019:14:11:29 +0100] "GET /contacta-con-nosotros HTTP/1.1" 301 319 "-" "facebookexternalhit/1.1 (+http://www.facebook.com/externalhit_uatext.php)" "-"
31.13.103.3 - - [02/Dec/2019:14:11:29 +0100] "GET /contacta-con-nosotros HTTP/1.1" 301 319 "-" "facebookexternalhit/1.1 (+http://www.facebook.com/externalhit_uatext.php)" "-"
31.13.103.9 - - [02/Dec/2019:14:11:29 +0100] "GET /contacta-con-nosotros HTTP/1.1" 301 319 "-" "facebookexternalhit/1.1 (+http://www.facebook.com/externalhit_uatext.php)" "-"
31.13.103.2 - - [02/Dec/2019:14:11:30 +0100] "GET /contacta-con-nosotros HTTP/1.1" 301 319 "-" "facebookexternalhit/1.1 (+http://www.facebook.com/externalhit_uatext.php)" "-"
31.13.103.20 - - [02/Dec/2019:14:11:30 +0100] "GET /contacta-con-nosotros/ HTTP/1.1" 200 58209 "-" "facebookexternalhit/1.1 (+http://www.facebook.com/externalhit_uatext.php)" "-"
31.13.103.3 - - [02/Dec/2019:14:11:30 +0100] "GET /contacta-con-nosotros/ HTTP/1.1" 200 58214 "-" "facebookexternalhit/1.1 (+http://www.facebook.com/externalhit_uatext.php)" "-"
31.13.103.9 - - [02/Dec/2019:14:11:30 +0100] "GET /contacta-con-nosotros/ HTTP/1.1" 200 58199 "-" "facebookexternalhit/1.1 (+http://www.facebook.com/externalhit_uatext.php)" "-"
31.13.103.2 - - [02/Dec/2019:14:11:31 +0100] "GET /contacta-con-nosotros/ HTTP/1.1" 200 58169 "-" "facebookexternalhit/1.1 (+http://www.facebook.com/externalhit_uatext.php)" "-"
217.76.130.90 - - [02/Dec/2019:14:17:50 +0100] "POST /wp-cron.php?doing_wp_cron=1575292670.1283049583435058593750 HTTP/1.1" 200 3389 "https://amazingsportwear.com/wp-cron.php?doing_wp_cron=1575292670.1283049583435058593750" "WordPress/5.2.4; https://amazingsportwear.com" "-"
66.249.66.70 - - [02/Dec/2019:14:17:48 +0100] "GET /producto/polo-tecnico-open-aq-open/ HTTP/1.1" 200 105224 "-" "Mozilla/5.0 (Linux; Android 6.0.1; Nexus 5X Build/MMB29P) AppleWebKit/537.36 (KHTML, like Gecko) Chrome/41.0.2272.96 Mobile Safari/537.36 (compatible; Googlebot/2.1; +http://www.google.com/bot.html)" "-"
217.76.130.90 - - [02/Dec/2019:14:25:58 +0100] "POST /wp-cron.php?doing_wp_cron=1575293158.0943729877471923828125 HTTP/1.1" 200 3389 "https://amazingsportwear.com/wp-cron.php?doing_wp_cron=1575293158.0943729877471923828125" "WordPress/5.2.4; https://amazingsportwear.com" "-"
207.46.13.80 - - [02/Dec/2019:14:25:56 +0100] "GET /index.php?id_category=16&controller=category HTTP/1.1" 301 3791 "-" "Mozilla/5.0 (compatible; bingbot/2.0; +http://www.bing.com/bingbot.htm)" "-"
190.151.172.177 - - [02/Dec/2019:14:32:05 +0100] "GET /wp-content/uploads/2019/04/Gorra-sport-10.png HTTP/1.1" 200 60426 "https://www.google.com/" "Mozilla/5.0 (Windows NT 6.3; Win64; x64) AppleWebKit/537.36 (KHTML, like Gecko) Chrome/78.0.3904.108 Safari/537.36" "-"
217.76.130.90 - - [02/Dec/2019:14:34:05 +0100] "POST /wp-cron.php?doing_wp_cron=1575293645.4326629638671875000000 HTTP/1.1" 200 164 "http://amazingsportwear.com/wp-cron.php?doing_wp_cron=1575293645.4326629638671875000000" "WordPress/5.2.4; https://amazingsportwear.com" "-"
207.46.13.13 - - [02/Dec/2019:14:34:04 +0100] "GET /tienda/176-pantalon-mujer-rocky-nath-rocky.html HTTP/1.1" 404 68085 "-" "Mozilla/5.0 (compatible; bingbot/2.0; +http://www.bing.com/bingbot.htm)" "-"
40.77.167.221 - - [02/Dec/2019:14:36:48 +0100] "GET /wp-content/uploads/2017/03/sa-0425_55.jpg HTTP/1.1" 200 79506 "-" "Mozilla/5.0 (compatible; bingbot/2.0; +http://www.bing.com/bingbot.htm)" "-"
207.46.13.13 - - [02/Dec/2019:14:38:21 +0100] "GET /wp-content/uploads/2019/04/gorra-tecnica-rosa.png HTTP/1.1" 200 81554 "-" "Mozilla/5.0 (compatible; bingbot/2.0; +http://www.bing.com/bingbot.htm)" "-"
217.76.130.90 - - [02/Dec/2019:14:45:14 +0100] "POST /wp-cron.php?doing_wp_cron=1575294314.1116919517517089843750 HTTP/1.1" 200 3389 "https://amazingsportwear.com/wp-cron.php?doing_wp_cron=1575294314.1116919517517089843750" "WordPress/5.2.4; https://amazingsportwear.com" "-"
40.77.167.221 - - [02/Dec/2019:14:45:12 +0100] "GET /quienes-somos/ HTTP/1.1" 200 60064 "-" "Mozilla/5.0 (compatible; bingbot/2.0; +http://www.bing.com/bingbot.htm)" "-"
40.77.190.5 - - [02/Dec/2019:14:45:16 +0100] "GET /wp-includes/js/wp-emoji-release.min.js?ver=5.2.4 HTTP/1.1" 200 17299 "https://amazingsportwear.com/quienes-somos/" "Mozilla/5.0 (Windows NT 6.1; WOW64) AppleWebKit/534+ (KHTML, like Gecko) BingPreview/1.0b" "-"
40.77.190.5 - - [02/Dec/2019:14:45:16 +0100] "GET /wp-includes/css/dist/block-library/style.min.css?ver=5.2.4 HTTP/1.1" 200 32776 "https://amazingsportwear.com/quienes-somos/" "Mozilla/5.0 (Windows NT 6.1; WOW64) AppleWebKit/534+ (KHTML, like Gecko) BingPreview/1.0b" "-"
40.77.190.5 - - [02/Dec/2019:14:45:16 +0100] "GET /wp-content/plugins/cookie-law-info/public/css/cookie-law-info-public.css?ver=1.7.6 HTTP/1.1" 200 6351 "https://amazingsportwear.com/quienes-somos/" "Mozilla/5.0 (Windows NT 6.1; WOW64) AppleWebKit/534+ (KHTML, like Gecko) BingPreview/1.0b" "-"
40.77.190.5 - - [02/Dec/2019:14:45:16 +0100] "GET /wp-content/plugins/woocommerce/assets/css/blocks/style.css?ver=3.6.4 HTTP/1.1" 200 9813 "https://amazingsportwear.com/quienes-somos/" "Mozilla/5.0 (Windows NT 6.1; WOW64) AppleWebKit/534+ (KHTML, like Gecko) BingPreview/1.0b" "-"
40.77.190.5 - - [02/Dec/2019:14:45:16 +0100] "GET /wp-content/plugins/wpfront-notification-bar/css/wpfront-notification-bar.css?ver=1.7.1 HTTP/1.1" 200 3607 "https://amazingsportwear.com/quienes-somos/" "Mozilla/5.0 (Windows NT 6.1; WOW64) AppleWebKit/534+ (KHTML, like Gecko) BingPreview/1.0b" "-"
40.77.190.5 - - [02/Dec/2019:14:45:16 +0100] "GET /wp-content/themes/shopper/style.css?ver=1.3.8 HTTP/1.1" 200 125259 "https://amazingsportwear.com/quienes-somos/" "Mozilla/5.0 (Windows NT 6.1; WOW64) AppleWebKit/534+ (KHTML, like Gecko) BingPreview/1.0b" "-"
40.77.190.5 - - [02/Dec/2019:14:45:16 +0100] "GET /wp-content/themes/shopper/assets/sass/woocommerce/woocommerce.css?ver=5.2.4 HTTP/1.1" 200 83478 "https://amazingsportwear.com/quienes-somos/" "Mozilla/5.0 (Windows NT 6.1; WOW64) AppleWebKit/534+ (KHTML, like Gecko) BingPreview/1.0b" "-"
40.77.190.5 - - [02/Dec/2019:14:45:17 +0100] "GET /wp-includes/js/jquery/jquery-migrate.min.js?ver=1.4.1 HTTP/1.1" 200 10343 "https://amazingsportwear.com/quienes-somos/" "Mozilla/5.0 (Windows NT 6.1; WOW64) AppleWebKit/534+ (KHTML, like Gecko) BingPreview/1.0b" "-"
40.77.190.5 - - [02/Dec/2019:14:45:17 +0100] "GET /wp-content/plugins/cookie-law-info/public/js/cookie-law-info-public.js?ver=1.7.6 HTTP/1.1" 200 17020 "https://amazingsportwear.com/quienes-somos/" "Mozilla/5.0 (Windows NT 6.1; WOW64) AppleWebKit/534+ (KHTML, like Gecko) BingPreview/1.0b" "-"
40.77.190.5 - - [02/Dec/2019:14:45:18 +0100] "GET /wp-content/plugins/wpfront-notification-bar/jquery-plugins/jquery.c.js?ver=1.4.0 HTTP/1.1" 200 3381 "https://amazingsportwear.com/quienes-somos/" "Mozilla/5.0 (Windows NT 6.1; WOW64) AppleWebKit/534+ (KHTML, like Gecko) BingPreview/1.0b" "-"
40.77.190.5 - - [02/Dec/2019:14:45:18 +0100] "GET /wp-content/plugins/wpfront-notification-bar/js/wpfront-notification-bar.js?ver=1.7.1 HTTP/1.1" 200 5606 "https://amazingsportwear.com/quienes-somos/" "Mozilla/5.0 (Windows NT 6.1; WOW64) AppleWebKit/534+ (KHTML, like Gecko) BingPreview/1.0b" "-"
40.77.190.5 - - [02/Dec/2019:14:45:19 +0100] "GET /wp-content/themes/shopper/assets/js/crm.js?ver=1561548510 HTTP/1.1" 200 818 "https://amazingsportwear.com/quienes-somos/" "Mozilla/5.0 (Windows NT 6.1; WOW64) AppleWebKit/534+ (KHTML, like Gecko) BingPreview/1.0b" "-"
40.77.190.5 - - [02/Dec/2019:14:45:19 +0100] "GET /wp-content/themes/shopper/assets/fonts/fontawesome-webfont.ttf?v=4.7.0 HTTP/1.1" 200 166122 "https://amazingsportwear.com/quienes-somos/" "Mozilla/5.0 (Windows NT 6.1; WOW64) AppleWebKit/534+ (KHTML, like Gecko) BingPreview/1.0b" "-"
40.77.190.5 - - [02/Dec/2019:14:45:19 +0100] "GET /wp-content/plugins/woocommerce/assets/js/jquery-blockui/jquery.blockUI.min.js?ver=2.70 HTTP/1.1" 200 9852 "https://amazingsportwear.com/quienes-somos/" "Mozilla/5.0 (Windows NT 6.1; WOW64) AppleWebKit/534+ (KHTML, like Gecko) BingPreview/1.0b" "-"
40.77.190.5 - - [02/Dec/2019:14:45:19 +0100] "GET /wp-content/plugins/woocommerce/assets/js/frontend/add-to-cart.min.js?ver=3.6.4 HTTP/1.1" 200 2927 "https://amazingsportwear.com/quienes-somos/" "Mozilla/5.0 (Windows NT 6.1; WOW64) AppleWebKit/534+ (KHTML, like Gecko) BingPreview/1.0b" "-"
40.77.190.5 - - [02/Dec/2019:14:45:19 +0100] "GET /wp-content/plugins/woocommerce/assets/js/js-cookie/js.cookie.min.js?ver=2.1.4 HTTP/1.1" 200 2131 "https://amazingsportwear.com/quienes-somos/" "Mozilla/5.0 (Windows NT 6.1; WOW64) AppleWebKit/534+ (KHTML, like Gecko) BingPreview/1.0b" "-"
40.77.190.5 - - [02/Dec/2019:14:45:20 +0100] "GET /wp-content/plugins/woocommerce/assets/js/frontend/cart-fragments.min.js?ver=3.6.4 HTTP/1.1" 200 3225 "https://amazingsportwear.com/quienes-somos/" "Mozilla/5.0 (Windows NT 6.1; WOW64) AppleWebKit/534+ (KHTML, like Gecko) BingPreview/1.0b" "-"
40.77.190.5 - - [02/Dec/2019:14:45:20 +0100] "GET /wp-content/themes/shopper/assets/js/skip-link-focus-fix.js?ver=1.3.8 HTTP/1.1" 200 967 "https://amazingsportwear.com/quienes-somos/" "Mozilla/5.0 (Windows NT 6.1; WOW64) AppleWebKit/534+ (KHTML, like Gecko) BingPreview/1.0b" "-"
40.77.190.5 - - [02/Dec/2019:14:45:20 +0100] "GET /wp-content/themes/shopper/assets/js/shopper.min.js?ver=1.3.8 HTTP/1.1" 200 5938 "https://amazingsportwear.com/quienes-somos/" "Mozilla/5.0 (Windows NT 6.1; WOW64) AppleWebKit/534+ (KHTML, like Gecko) BingPreview/1.0b" "-"
40.77.190.5 - - [02/Dec/2019:14:45:21 +0100] "GET /wp-content/themes/shopper/assets/js/woocommerce/header-cart.min.js?ver=1.3.8 HTTP/1.1" 200 916 "https://amazingsportwear.com/quienes-somos/" "Mozilla/5.0 (Windows NT 6.1; WOW64) AppleWebKit/534+ (KHTML, like Gecko) BingPreview/1.0b" "-"
40.77.190.5 - - [02/Dec/2019:14:45:21 +0100] "GET /wp-includes/js/wp-embed.min.js?ver=5.2.4 HTTP/1.1" 200 1688 "https://amazingsportwear.com/quienes-somos/" "Mozilla/5.0 (Windows NT 6.1; WOW64) AppleWebKit/534+ (KHTML, like Gecko) BingPreview/1.0b" "-"
157.55.39.250 - - [02/Dec/2019:14:45:20 +0100] "GET /robots.txt HTTP/1.1" 200 432 "-" "msnbot/2.0b (+http://search.msn.com/msnbot.htm)" "-"
40.77.190.5 - - [02/Dec/2019:14:45:21 +0100] "POST /?wc-ajax=get_refreshed_fragments HTTP/1.1" 200 1341 "https://amazingsportwear.com/quienes-somos/" "Mozilla/5.0 (Windows NT 6.1; WOW64) AppleWebKit/534+ (KHTML, like Gecko) BingPreview/1.0b" "-"
217.76.130.90 - - [02/Dec/2019:14:49:11 +0100] "POST /wp-cron.php?doing_wp_cron=1575294550.9566490650177001953125 HTTP/1.1" 200 3389 "https://amazingsportwear.com/wp-cron.php?doing_wp_cron=1575294550.9566490650177001953125" "WordPress/5.2.4; https://amazingsportwear.com" "-"
66.249.66.70 - - [02/Dec/2019:14:49:10 +0100] "GET /producto/pantalon-corto-futbol/ HTTP/1.1" 200 91301 "-" "Mozilla/5.0 (compatible; Googlebot/2.1; +http://www.google.com/bot.html)" "-"
217.76.130.90 - - [02/Dec/2019:14:52:04 +0100] "POST /wp-cron.php?doing_wp_cron=1575294724.6393549442291259765625 HTTP/1.1" 200 3389 "https://amazingsportwear.com/wp-cron.php?doing_wp_cron=1575294724.6393549442291259765625" "WordPress/5.2.4; https://amazingsportwear.com" "-"
66.249.66.70 - - [02/Dec/2019:14:52:04 +0100] "GET /producto/camiseta-hombre-dogo-premium/ HTTP/1.1" 200 100823 "-" "Mozilla/5.0 (Linux; Android 6.0.1; Nexus 5X Build/MMB29P) AppleWebKit/537.36 (KHTML, like Gecko) Chrome/41.0.2272.96 Mobile Safari/537.36 (compatible; Googlebot/2.1; +http://www.google.com/bot.html)" "-"
213.4.183.99 - - [02/Dec/2019:14:59:33 +0100] "GET /wp-content/uploads/2017/01/cam-basic2.png HTTP/1.1" 200 168035 "https://www.google.com/blank.html" "Mozilla/5.0 (Linux; Android 9; SM-G950F Build/PPR1.180610.011; wv) AppleWebKit/537.36 (KHTML, like Gecko) Version/4.0 Chrome/74.0.3729.157 Mobile Safari/537.36 GSA/9.88.7.21.arm64" "-"
40.77.167.221 - - [02/Dec/2019:15:13:28 +0100] "GET /wp-content/uploads/2017/03/sa-0425_55.jpg HTTP/1.1" 200 79506 "-" "Mozilla/5.0 (compatible; bingbot/2.0; +http://www.bing.com/bingbot.htm)" "-"
207.46.13.13 - - [02/Dec/2019:15:14:47 +0100] "GET /wp-content/uploads/2019/04/gorra-tecnica-rosa.png HTTP/1.1" 200 81554 "-" "Mozilla/5.0 (compatible; bingbot/2.0; +http://www.bing.com/bingbot.htm)" "-"
217.76.130.90 - - [02/Dec/2019:15:19:27 +0100] "POST /wp-cron.php?doing_wp_cron=1575296367.2467141151428222656250 HTTP/1.1" 200 3389 "https://amazingsportwear.com/wp-cron.php?doing_wp_cron=1575296367.2467141151428222656250" "WordPress/5.2.4; https://amazingsportwear.com" "-"
66.249.66.70 - - [02/Dec/2019:15:19:24 +0100] "GET /producto/camiseta-tecnica-manga-larga-sa-0415/ HTTP/1.1" 200 108569 "-" "Mozilla/5.0 (Linux; Android 6.0.1; Nexus 5X Build/MMB29P) AppleWebKit/537.36 (KHTML, like Gecko) Chrome/41.0.2272.96 Mobile Safari/537.36 (compatible; Googlebot/2.1; +http://www.google.com/bot.html)" "-"
190.253.27.229 - - [02/Dec/2019:15:20:03 +0100] "GET /wp-content/uploads/2019/04/Gorra-sport-11.png HTTP/1.1" 200 131116 "https://www.google.com/" "Mozilla/5.0 (Windows NT 10.0; Win64; x64) AppleWebKit/537.36 (KHTML, like Gecko) Chrome/78.0.3904.108 Safari/537.36" "-"
217.76.130.90 - - [02/Dec/2019:15:20:12 +0100] "POST /wp-cron.php?doing_wp_cron=1575296412.2786030769348144531250 HTTP/1.1" 200 3389 "https://amazingsportwear.com/wp-cron.php?doing_wp_cron=1575296412.2786030769348144531250" "WordPress/5.2.4; https://amazingsportwear.com" "-"
66.249.66.70 - - [02/Dec/2019:15:20:11 +0100] "GET /producto/mochila-keisy/ HTTP/1.1" 200 97048 "-" "Mozilla/5.0 (Linux; Android 6.0.1; Nexus 5X Build/MMB29P) AppleWebKit/537.36 (KHTML, like Gecko) Chrome/41.0.2272.96 Mobile Safari/537.36 (compatible; Googlebot/2.1; +http://www.google.com/bot.html)" "-"
89.140.177.133 - - [02/Dec/2019:15:28:52 +0100] "GET /wp-content/uploads/2019/04/Gorra-sport-12.png HTTP/1.1" 200 95478 "https://www.google.com/" "Mozilla/5.0 (iPhone; CPU iPhone OS 13_1 like Mac OS X) AppleWebKit/605.1.15 (KHTML, like Gecko) CriOS/78.0.3904.84 Mobile/15E148 Safari/604.1" "-"
217.76.130.90 - - [02/Dec/2019:15:30:16 +0100] "POST /wp-cron.php?doing_wp_cron=1575297016.6212821006774902343750 HTTP/1.1" 200 3389 "https://amazingsportwear.com/wp-cron.php?doing_wp_cron=1575297016.6212821006774902343750" "WordPress/5.2.4; https://amazingsportwear.com" "-"
66.249.66.68 - - [02/Dec/2019:15:30:13 +0100] "GET /producto/camiseta-tecnica-mujer-janis-aq-janis/ HTTP/1.1" 200 98631 "-" "Mozilla/5.0 (Linux; Android 6.0.1; Nexus 5X Build/MMB29P) AppleWebKit/537.36 (KHTML, like Gecko) Chrome/41.0.2272.96 Mobile Safari/537.36 (compatible; Googlebot/2.1; +http://www.google.com/bot.html)" "-"
66.249.66.66 - - [02/Dec/2019:15:30:24 +0100] "POST /?wc-ajax=get_refreshed_fragments HTTP/1.1" 200 4760 "https://amazingsportwear.com/producto/camiseta-tecnica-mujer-janis-aq-janis/" "Mozilla/5.0 (Linux; Android 6.0.1; Nexus 5X Build/MMB29P) AppleWebKit/537.36 (KHTML, like Gecko) Chrome/41.0.2272.96 Mobile Safari/537.36 (compatible; Googlebot/2.1; +http://www.google.com/bot.html)" "_ga=GA1.2.969013651.1575244800; _gid=GA1.2.1978218920.1575244800; _gat_gtag_UA_91619287_1=1"
217.76.130.90 - - [02/Dec/2019:15:33:03 +0100] "POST /wp-cron.php?doing_wp_cron=1575297183.9105930328369140625000 HTTP/1.1" 200 3389 "https://amazingsportwear.com/wp-cron.php?doing_wp_cron=1575297183.9105930328369140625000" "WordPress/5.2.4; https://amazingsportwear.com" "-"
66.249.66.70 - - [02/Dec/2019:15:33:03 +0100] "GET /producto/kit-emergencia-redcross/ HTTP/1.1" 200 91983 "-" "Mozilla/5.0 (Linux; Android 6.0.1; Nexus 5X Build/MMB29P) AppleWebKit/537.36 (KHTML, like Gecko) Chrome/41.0.2272.96 Mobile Safari/537.36 (compatible; Googlebot/2.1; +http://www.google.com/bot.html)" "-"
217.76.130.90 - - [02/Dec/2019:15:36:09 +0100] "POST /wp-cron.php?doing_wp_cron=1575297369.2877221107482910156250 HTTP/1.1" 200 3389 "https://amazingsportwear.com/wp-cron.php?doing_wp_cron=1575297369.2877221107482910156250" "WordPress/5.2.4; https://amazingsportwear.com" "-"
207.46.13.13 - - [02/Dec/2019:15:36:08 +0100] "GET /sitemap_index.xml HTTP/1.1" 200 5007 "-" "msnbot/2.0b (+http://search.msn.com/msnbot.htm)" "-"
207.46.13.13 - - [02/Dec/2019:15:36:54 +0100] "GET /sitemap_index.xml HTTP/1.1" 200 5007 "-" "msnbot/2.0b (+http://search.msn.com/msnbot.htm)" "-"
217.76.130.90 - - [02/Dec/2019:15:37:11 +0100] "POST /wp-cron.php?doing_wp_cron=1575297431.4056589603424072265625 HTTP/1.1" 200 164 "http://amazingsportwear.com/wp-cron.php?doing_wp_cron=1575297431.4056589603424072265625" "WordPress/5.2.4; https://amazingsportwear.com" "-"
40.77.167.221 - - [02/Dec/2019:15:37:10 +0100] "GET /img/cms/tienda/sa-0425-colore_abril-18.jpg HTTP/1.1" 404 68112 "-" "Mozilla/5.0 (compatible; bingbot/2.0; +http://www.bing.com/bingbot.htm)" "-"
194.179.45.124 - - [02/Dec/2019:15:39:14 +0100] "GET /wp-content/uploads/2019/04/Llavero-metalico-futbol-3.png HTTP/1.1" 200 46821 "https://www.google.com/" "Mozilla/5.0 (X11; CrOS x86_64 12499.66.0) AppleWebKit/537.36 (KHTML, like Gecko) Chrome/78.0.3904.106 Safari/537.36" "-"
194.179.45.124 - - [02/Dec/2019:15:39:14 +0100] "GET /wp-content/uploads/2019/04/Llavero-metalico-futbol-3.png HTTP/1.1" 200 46821 "https://www.google.com/" "Mozilla/5.0 (X11; CrOS x86_64 12499.66.0) AppleWebKit/537.36 (KHTML, like Gecko) Chrome/78.0.3904.106 Safari/537.36" "-"
194.179.45.124 - - [02/Dec/2019:15:42:38 +0100] "GET /wp-content/uploads/2019/04/Llavero-metalico-futbol-3.png HTTP/1.1" 200 46821 "https://www.google.com/" "Mozilla/5.0 (X11; CrOS x86_64 12499.51.0) AppleWebKit/537.36 (KHTML, like Gecko) Chrome/78.0.3904.92 Safari/537.36" "-"
207.46.13.13 - - [02/Dec/2019:15:47:43 +0100] "GET /wp-content/uploads/2019/04/gorra-tecnica-rosa.png HTTP/1.1" 200 81554 "-" "Mozilla/5.0 (compatible; bingbot/2.0; +http://www.bing.com/bingbot.htm)" "-"
40.77.167.221 - - [02/Dec/2019:15:50:35 +0100] "GET /wp-content/uploads/2019/04/mochila-decath-1.png HTTP/1.1" 200 104887 "-" "Mozilla/5.0 (compatible; bingbot/2.0; +http://www.bing.com/bingbot.htm)" "-"
217.76.130.90 - - [02/Dec/2019:15:50:48 +0100] "POST /wp-cron.php?doing_wp_cron=1575298248.4945709705352783203125 HTTP/1.1" 200 3389 "https://amazingsportwear.com/wp-cron.php?doing_wp_cron=1575298248.4945709705352783203125" "WordPress/5.2.4; https://amazingsportwear.com" "-"
66.249.66.66 - - [02/Dec/2019:15:50:44 +0100] "GET /producto/gorra-sport/ HTTP/1.1" 200 102494 "-" "Mozilla/5.0 (Linux; Android 6.0.1; Nexus 5X Build/MMB29P) AppleWebKit/537.36 (KHTML, like Gecko) Chrome/41.0.2272.96 Mobile Safari/537.36 (compatible; Googlebot/2.1; +http://www.google.com/bot.html)" "-"
177.249.168.85 - - [02/Dec/2019:15:58:57 +0100] "GET /wp-content/uploads/2019/04/SA-1070-2.png HTTP/1.1" 200 175956 "https://www.google.com/" "Mozilla/5.0 (Linux; Android 9; SM-A305G) AppleWebKit/537.36 (KHTML, like Gecko) Chrome/78.0.3904.108 Mobile Safari/537.36" "-"
217.76.130.90 - - [02/Dec/2019:16:01:17 +0100] "POST /wp-cron.php?doing_wp_cron=1575298877.7710049152374267578125 HTTP/1.1" 200 164 "http://amazingsportwear.com/wp-cron.php?doing_wp_cron=1575298877.7710049152374267578125" "WordPress/5.2.4; https://amazingsportwear.com" "-"
66.249.66.86 - - [02/Dec/2019:16:01:14 +0100] "GET / HTTP/1.1" 301 336 "-" "Mozilla/5.0 (Linux; Android 6.0.1; Nexus 5X Build/MMB29P) AppleWebKit/537.36 (KHTML, like Gecko) Chrome/41.0.2272.96 Mobile Safari/537.36 (compatible; Googlebot/2.1; +http://www.google.com/bot.html)" "-"
66.249.66.68 - - [02/Dec/2019:16:01:28 +0100] "GET / HTTP/1.1" 200 125726 "-" "Mozilla/5.0 (Linux; Android 6.0.1; Nexus 5X Build/MMB29P) AppleWebKit/537.36 (KHTML, like Gecko) Chrome/41.0.2272.96 Mobile Safari/537.36 (compatible; Googlebot/2.1; +http://www.google.com/bot.html)" "wpfront-notification-bar-landingpage=1"
217.76.130.90 - - [02/Dec/2019:16:09:54 +0100] "POST /wp-cron.php?doing_wp_cron=1575299394.2645740509033203125000 HTTP/1.1" 200 3389 "https://amazingsportwear.com/wp-cron.php?doing_wp_cron=1575299394.2645740509033203125000" "WordPress/5.2.4; https://amazingsportwear.com" "-"
66.249.66.68 - - [02/Dec/2019:16:09:50 +0100] "GET /producto/mochila-8000/ HTTP/1.1" 200 96866 "-" "Mozilla/5.0 (Linux; Android 6.0.1; Nexus 5X Build/MMB29P) AppleWebKit/537.36 (KHTML, like Gecko) Chrome/41.0.2272.96 Mobile Safari/537.36 (compatible; Googlebot/2.1; +http://www.google.com/bot.html)" "-"
217.76.130.90 - - [02/Dec/2019:16:11:18 +0100] "POST /wp-cron.php?doing_wp_cron=1575299478.4824190139770507812500 HTTP/1.1" 200 3389 "https://amazingsportwear.com/wp-cron.php?doing_wp_cron=1575299478.4824190139770507812500" "WordPress/5.2.4; https://amazingsportwear.com" "-"
66.249.66.66 - - [02/Dec/2019:16:11:16 +0100] "GET /producto/mochila-tipo-saco-cat-3164/ HTTP/1.1" 200 103534 "-" "Mozilla/5.0 (Linux; Android 6.0.1; Nexus 5X Build/MMB29P) AppleWebKit/537.36 (KHTML, like Gecko) Chrome/41.0.2272.96 Mobile Safari/537.36 (compatible; Googlebot/2.1; +http://www.google.com/bot.html)" "-"
157.55.39.250 - - [02/Dec/2019:16:16:23 +0100] "GET /wp-content/uploads/2019/04/mochila-decath-4.png HTTP/1.1" 200 104018 "-" "Mozilla/5.0 (compatible; bingbot/2.0; +http://www.bing.com/bingbot.htm)" "-"
66.249.66.68 - - [02/Dec/2019:16:20:05 +0100] "GET /wp-content/uploads/2017/01/pant-basket1-300x300.jpg HTTP/1.1" 304 3565 "-" "Googlebot-Image/1.0" "-"
217.76.130.90 - - [02/Dec/2019:16:21:24 +0100] "POST /wp-cron.php?doing_wp_cron=1575300084.5449099540710449218750 HTTP/1.1" 200 164 "http://amazingsportwear.com/wp-cron.php?doing_wp_cron=1575300084.5449099540710449218750" "WordPress/5.2.4; https://amazingsportwear.com" "-"
192.95.14.196 - - [02/Dec/2019:16:21:21 +0100] "GET / HTTP/1.1" 301 279 "-" "Go-http-client/1.1" "-"
192.95.14.196 - - [02/Dec/2019:16:21:26 +0100] "GET / HTTP/1.1" 200 125565 "http://amazingsportwear.com" "Go-http-client/1.1" "-"
192.95.14.196 - - [02/Dec/2019:16:21:29 +0100] "GET /wp-admin/admin-ajax.php?action=subscribe_email&cs_email=1@1 HTTP/1.1" 400 533 "-" "Mozilla/5.0 (Windows NT 6.1; Win64; x64; rv:64.0) Gecko/20100101 Firefox/64.0" "-"
192.95.14.196 - - [02/Dec/2019:16:21:34 +0100] "GET /wp-content/plugins/igniteup/includes/js/main.js HTTP/1.1" 404 68036 "-" "Mozilla/5.0 (Windows NT 6.1; Win64; x64; rv:64.0) Gecko/20100101 Firefox/64.0" "-"
192.95.14.196 - - [02/Dec/2019:16:21:36 +0100] "POST /wp-admin/wp-hook-ajax.php HTTP/1.1" 404 68003 "-" "Mozilla/5.0 (Windows NT 6.1; WOW64) AppleWebKit/537.36 (KHTML, like Gecko) Chrome/36.0.1985.143 Safari/537.36" "-"
192.95.14.196 - - [02/Dec/2019:16:21:39 +0100] "POST /wp-ajax-hook.php HTTP/1.1" 404 67974 "-" "Mozilla/5.0 (Windows NT 6.1; WOW64) AppleWebKit/537.36 (KHTML, like Gecko) Chrome/36.0.1985.143 Safari/537.36" "-"
192.95.14.196 - - [02/Dec/2019:16:21:43 +0100] "POST /wp-hook-ajax.php HTTP/1.1" 404 67999 "-" "Mozilla/5.0 (Windows NT 6.1; WOW64) AppleWebKit/537.36 (KHTML, like Gecko) Chrome/36.0.1985.143 Safari/537.36" "-"
192.95.14.196 - - [02/Dec/2019:16:21:46 +0100] "POST /?ithemes-sync-request=1 HTTP/1.1" 200 120958 "-" "Mozilla/5.0 (Windows NT 6.1; WOW64) AppleWebKit/537.36 (KHTML, like Gecko) Chrome/36.0.1985.143 Safari/537.36" "-"
192.95.14.196 - - [02/Dec/2019:16:21:50 +0100] "GET /wp-content/plugins/rich-reviews/css/rich-reviews.css HTTP/1.1" 404 68095 "-" "Mozilla/5.0 (Windows NT 6.1; Win64; x64; rv:64.0) Gecko/20100101 Firefox/64.0" "-"
217.76.130.90 - - [02/Dec/2019:16:30:03 +0100] "POST /wp-cron.php?doing_wp_cron=1575300603.4852859973907470703125 HTTP/1.1" 200 3389 "https://amazingsportwear.com/wp-cron.php?doing_wp_cron=1575300603.4852859973907470703125" "WordPress/5.2.4; https://amazingsportwear.com" "-"
66.249.66.68 - - [02/Dec/2019:16:30:01 +0100] "GET /producto/gorra-sport/ HTTP/1.1" 200 102676 "-" "Mozilla/5.0 (Linux; Android 6.0.1; Nexus 5X Build/MMB29P) AppleWebKit/537.36 (KHTML, like Gecko) Chrome/41.0.2272.96 Mobile Safari/537.36 (compatible; Googlebot/2.1; +http://www.google.com/bot.html)" "-"
66.249.66.68 - - [02/Dec/2019:16:30:12 +0100] "GET /wp-content/uploads/2019/04/gorra-konlun-2-100x100.png HTTP/1.1" 304 201 "-" "Googlebot-Image/1.0" "-"
181.36.206.165 - - [02/Dec/2019:16:32:08 +0100] "GET /wp-content/uploads/2019/04/gorra-konlun-5.png HTTP/1.1" 200 82923 "https://www.google.com/" "Mozilla/5.0 (Windows NT 6.1) AppleWebKit/537.36 (KHTML, like Gecko) Chrome/78.0.3904.108 Safari/537.36" "-"
217.76.130.90 - - [02/Dec/2019:16:35:35 +0100] "POST /wp-cron.php?doing_wp_cron=1575300935.5040090084075927734375 HTTP/1.1" 200 3389 "https://amazingsportwear.com/wp-cron.php?doing_wp_cron=1575300935.5040090084075927734375" "WordPress/5.2.4; https://amazingsportwear.com" "-"
137.226.113.28 - - [02/Dec/2019:16:35:33 +0100] "GET / HTTP/1.1" 301 3504 "-" "Mozilla/5.0 zgrab/0.x (compatible; Researchscan/t12ca; +http://researchscan.comsys.rwth-aachen.de)" "-"
217.76.130.90 - - [02/Dec/2019:16:39:43 +0100] "POST /wp-cron.php?doing_wp_cron=1575301183.9296979904174804687500 HTTP/1.1" 200 164 "http://amazingsportwear.com/wp-cron.php?doing_wp_cron=1575301183.9296979904174804687500" "WordPress/5.2.4; https://amazingsportwear.com" "-"
202.191.60.145 - - [02/Dec/2019:16:39:43 +0100] "GET /wp-admin/media-new.php HTTP/1.0" 302 382 "http://site.ru" "Mozilla/5.0 (Windows; U; Windows NT 5.1; en-US) AppleWebKit/533.4 (KHTML, like Gecko) Chrome/5.0.375.99 Safari/533.4" "-"
202.191.60.145 - - [02/Dec/2019:16:39:50 +0100] "GET /wp-admin/media-new.php HTTP/1.0" 302 382 "http://site.ru" "Mozilla/5.0 (Windows; U; Windows NT 5.1; en-US) AppleWebKit/533.4 (KHTML, like Gecko) Chrome/5.0.375.99 Safari/533.4" "-"
217.76.130.90 - - [02/Dec/2019:16:40:58 +0100] "POST /wp-cron.php?doing_wp_cron=1575301258.9267129898071289062500 HTTP/1.1" 200 3389 "https://amazingsportwear.com/wp-cron.php?doing_wp_cron=1575301258.9267129898071289062500" "WordPress/5.2.4; https://amazingsportwear.com" "-"
66.249.66.68 - - [02/Dec/2019:16:40:57 +0100] "GET /producto/camiseta-tecnica-tirantes-ribete-nath-beat/ HTTP/1.1" 200 103696 "-" "Mozilla/5.0 (Linux; Android 6.0.1; Nexus 5X Build/MMB29P) AppleWebKit/537.36 (KHTML, like Gecko) Chrome/41.0.2272.96 Mobile Safari/537.36 (compatible; Googlebot/2.1; +http://www.google.com/bot.html)" "-"
217.76.130.90 - - [02/Dec/2019:16:51:48 +0100] "POST /wp-cron.php?doing_wp_cron=1575301908.3686680793762207031250 HTTP/1.1" 200 3389 "https://amazingsportwear.com/wp-cron.php?doing_wp_cron=1575301908.3686680793762207031250" "WordPress/5.2.4; https://amazingsportwear.com" "-"
207.46.13.80 - - [02/Dec/2019:16:51:45 +0100] "GET /producto/camiseta-manga-corta-ranglan-futbol/ HTTP/1.1" 200 95694 "-" "Mozilla/5.0 (compatible; bingbot/2.0; +http://www.bing.com/bingbot.htm)" "-"
217.76.130.90 - - [02/Dec/2019:16:54:14 +0100] "POST /wp-cron.php?doing_wp_cron=1575302054.0102930068969726562500 HTTP/1.1" 200 3389 "https://amazingsportwear.com/wp-cron.php?doing_wp_cron=1575302054.0102930068969726562500" "WordPress/5.2.4; https://amazingsportwear.com" "-"
66.249.66.66 - - [02/Dec/2019:16:54:12 +0100] "GET /producto/chaleco-cortavientos-sublimado-asw/ HTTP/1.1" 200 90818 "-" "Mozilla/5.0 (Linux; Android 6.0.1; Nexus 5X Build/MMB29P) AppleWebKit/537.36 (KHTML, like Gecko) Chrome/41.0.2272.96 Mobile Safari/537.36 (compatible; Googlebot/2.1; +http://www.google.com/bot.html)" "-"
217.76.130.90 - - [02/Dec/2019:17:01:08 +0100] "POST /wp-cron.php?doing_wp_cron=1575302468.8571341037750244140625 HTTP/1.1" 200 3389 "https://amazingsportwear.com/wp-cron.php?doing_wp_cron=1575302468.8571341037750244140625" "WordPress/5.2.4; https://amazingsportwear.com" "-"
66.249.66.70 - - [02/Dec/2019:17:01:05 +0100] "GET /producto/camiseta-tecnica-tirantes-ribete-nath-beat/ HTTP/1.1" 200 104330 "-" "Mozilla/5.0 (compatible; Googlebot/2.1; +http://www.google.com/bot.html)" "-"
40.77.167.221 - - [02/Dec/2019:17:01:30 +0100] "GET /wp-content/uploads/2019/04/bolsa-deporte-young-1.png HTTP/1.1" 200 143773 "-" "Mozilla/5.0 (compatible; bingbot/2.0; +http://www.bing.com/bingbot.htm)" "-"
178.62.76.138 - - [02/Dec/2019:17:03:34 +0100] "GET /wp-login.php HTTP/1.1" 404 628 "-" "Mozilla/5.0 (X11; Ubuntu; Linux x86_64; rv:62.0) Gecko/20100101 Firefox/62.0" "-"
217.76.130.90 - - [02/Dec/2019:17:04:10 +0100] "POST /wp-cron.php?doing_wp_cron=1575302650.8920199871063232421875 HTTP/1.1" 200 3389 "https://amazingsportwear.com/wp-cron.php?doing_wp_cron=1575302650.8920199871063232421875" "WordPress/5.2.4; https://amazingsportwear.com" "-"
66.249.66.70 - - [02/Dec/2019:17:04:09 +0100] "GET /producto/camiseta-tecnica-nath-combi-2/ HTTP/1.1" 200 102682 "-" "Mozilla/5.0 (Linux; Android 6.0.1; Nexus 5X Build/MMB29P) AppleWebKit/537.36 (KHTML, like Gecko) Chrome/41.0.2272.96 Mobile Safari/537.36 (compatible; Googlebot/2.1; +http://www.google.com/bot.html)" "-"
193.146.172.141 - - [02/Dec/2019:17:06:14 +0100] "GET /wp-content/uploads/2019/04/Gorra-sport-6.png HTTP/1.1" 200 44623 "https://www.google.com/" "Mozilla/5.0 (Windows NT 10.0; Win64; x64) AppleWebKit/537.36 (KHTML, like Gecko) Chrome/78.0.3904.108 Safari/537.36" "-"
217.76.130.90 - - [02/Dec/2019:17:15:07 +0100] "POST /wp-cron.php?doing_wp_cron=1575303307.1691329479217529296875 HTTP/1.1" 200 164 "http://amazingsportwear.com/wp-cron.php?doing_wp_cron=1575303307.1691329479217529296875" "WordPress/5.2.4; https://amazingsportwear.com" "-"
5.248.253.178 - - [02/Dec/2019:17:15:04 +0100] "GET /25-camisetas-y-faldas-mujer/ HTTP/1.1" 404 68005 "http://www.tsatu.edu.ua/" "Opera/9.00 (Windows NT 5.1; U; ru)" "-"
5.248.253.178 - - [02/Dec/2019:17:15:06 +0100] "GET /25-camisetas-y-faldas-mujer/ HTTP/1.1" 404 67975 "http://www.tsatu.edu.ua/" "Opera/9.00 (Windows NT 5.1; U; ru)" "-"
217.76.130.90 - - [02/Dec/2019:17:15:07 +0100] "POST /wp-cron.php?doing_wp_cron=1575303307.1690819263458251953125 HTTP/1.1" 200 164 "http://amazingsportwear.com/wp-cron.php?doing_wp_cron=1575303307.1690819263458251953125" "WordPress/5.2.4; https://amazingsportwear.com" "-"
5.248.253.178 - - [02/Dec/2019:17:15:05 +0100] "GET /25-camisetas-y-faldas-mujer/ HTTP/1.1" 404 68010 "http://www.tsatu.edu.ua/" "Opera/9.00 (Windows NT 5.1; U; ru)" "-"
80.30.35.36 - - [02/Dec/2019:17:15:45 +0100] "GET /wp-content/uploads/2019/04/Bid%C3%B3n-Iskan-3.png HTTP/1.1" 200 44364 "https://www.google.com/" "Mozilla/5.0 (Macintosh; Intel Mac OS X 10_11_6) AppleWebKit/602.2.14 (KHTML, like Gecko) Version/10.0.1 Safari/602.2.14" "-"
148.255.224.119 - - [02/Dec/2019:17:23:40 +0100] "GET /wp-content/uploads/2019/04/Gorra-sport-6.png HTTP/1.1" 200 44623 "https://www.google.com/" "Mozilla/5.0 (Windows NT 10.0; Win64; x64) AppleWebKit/537.36 (KHTML, like Gecko) Chrome/78.0.3904.108 Safari/537.36" "-"
217.76.130.90 - - [02/Dec/2019:17:25:28 +0100] "POST /wp-cron.php?doing_wp_cron=1575303928.1905848979949951171875 HTTP/1.1" 200 164 "http://amazingsportwear.com/wp-cron.php?doing_wp_cron=1575303928.1905848979949951171875" "WordPress/5.2.4; https://amazingsportwear.com" "-"
104.222.33.54 - - [02/Dec/2019:17:25:25 +0100] "GET / HTTP/1.1" 301 336 "-" "Mozilla/5.0 (Windows NT 6.1; WOW64; rv:27.0) Gecko/20100101 Firefox/27.0" "-"
217.76.130.90 - - [02/Dec/2019:17:41:51 +0100] "POST /wp-cron.php?doing_wp_cron=1575304910.9682219028472900390625 HTTP/1.1" 200 3389 "https://amazingsportwear.com/wp-cron.php?doing_wp_cron=1575304910.9682219028472900390625" "WordPress/5.2.4; https://amazingsportwear.com" "-"
159.138.153.87 - - [02/Dec/2019:17:41:48 +0100] "GET / HTTP/1.1" 200 125569 "-" "Mozilla/5.0(Linux;Android 5.1.1;OPPO A33 Build/LMY47V;wv) AppleWebKit/537.36(KHTML,link Gecko) Version/4.0 Chrome/42.0.2311.138 Mobile Safari/537.36 Mb2345Browser/9.0" "-"
217.76.130.90 - - [02/Dec/2019:18:03:22 +0100] "POST /wp-cron.php?doing_wp_cron=1575306202.7305760383605957031250 HTTP/1.1" 200 3389 "https://amazingsportwear.com/wp-cron.php?doing_wp_cron=1575306202.7305760383605957031250" "WordPress/5.2.4; https://amazingsportwear.com" "-"
66.249.66.66 - - [02/Dec/2019:18:03:20 +0100] "GET /producto/gorra-kisse/ HTTP/1.1" 200 100127 "-" "Mozilla/5.0 (Linux; Android 6.0.1; Nexus 5X Build/MMB29P) AppleWebKit/537.36 (KHTML, like Gecko) Chrome/41.0.2272.96 Mobile Safari/537.36 (compatible; Googlebot/2.1; +http://www.google.com/bot.html)" "-"
66.249.66.68 - - [02/Dec/2019:18:03:44 +0100] "GET /producto/pantalon-corto-futbol/ HTTP/1.1" 200 91423 "-" "Mozilla/5.0 (Linux; Android 6.0.1; Nexus 5X Build/MMB29P) AppleWebKit/537.36 (KHTML, like Gecko) Chrome/41.0.2272.96 Mobile Safari/537.36 (compatible; Googlebot/2.1; +http://www.google.com/bot.html)" "-"
217.76.130.90 - - [02/Dec/2019:18:04:17 +0100] "POST /wp-cron.php?doing_wp_cron=1575306257.6368520259857177734375 HTTP/1.1" 200 3389 "https://amazingsportwear.com/wp-cron.php?doing_wp_cron=1575306257.6368520259857177734375" "WordPress/5.2.4; https://amazingsportwear.com" "-"
17.58.96.177 - - [02/Dec/2019:18:04:16 +0100] "GET /producto/mochila-decath/ HTTP/1.1" 200 96543 "-" "Mozilla/5.0 (Macintosh; Intel Mac OS X 10_10_1) AppleWebKit/600.2.5 (KHTML, like Gecko) Version/8.0.2 Safari/600.2.5 (Applebot/0.1; +http://www.apple.com/go/applebot)" "-"
217.76.130.90 - - [02/Dec/2019:18:14:39 +0100] "POST /wp-cron.php?doing_wp_cron=1575306879.5776410102844238281250 HTTP/1.1" 200 3389 "https://amazingsportwear.com/wp-cron.php?doing_wp_cron=1575306879.5776410102844238281250" "WordPress/5.2.4; https://amazingsportwear.com" "-"
66.249.66.68 - - [02/Dec/2019:18:14:36 +0100] "GET /producto/sudadera-capucha/ HTTP/1.1" 200 101648 "-" "Mozilla/5.0 (Linux; Android 6.0.1; Nexus 5X Build/MMB29P) AppleWebKit/537.36 (KHTML, like Gecko) Chrome/41.0.2272.96 Mobile Safari/537.36 (compatible; Googlebot/2.1; +http://www.google.com/bot.html)" "-"
190.236.197.63 - - [02/Dec/2019:18:15:37 +0100] "GET /wp-content/uploads/2019/04/Llavero-metalico-golf-3.png HTTP/1.1" 200 46821 "https://www.google.com/" "Mozilla/5.0 (Windows NT 10.0; Win64; x64) AppleWebKit/537.36 (KHTML, like Gecko) Chrome/78.0.3904.108 Safari/537.36" "-"
45.225.216.151 - - [02/Dec/2019:18:22:54 +0100] "GET /wp-content/uploads/2019/04/gorra-five-7.png HTTP/1.1" 200 86560 "https://www.google.com/" "Mozilla/5.0 (Linux; Android 7.0; LG-M250) AppleWebKit/537.36 (KHTML, like Gecko) Chrome/78.0.3904.108 Mobile Safari/537.36" "-"
217.76.130.90 - - [02/Dec/2019:18:22:57 +0100] "POST /wp-cron.php?doing_wp_cron=1575307377.8033869266510009765625 HTTP/1.1" 200 3389 "https://amazingsportwear.com/wp-cron.php?doing_wp_cron=1575307377.8033869266510009765625" "WordPress/5.2.4; https://amazingsportwear.com" "-"
157.55.39.19 - - [02/Dec/2019:18:22:55 +0100] "GET /robots.txt HTTP/1.1" 200 2297 "-" "Mozilla/5.0 (compatible; bingbot/2.0; +http://www.bing.com/bingbot.htm)" "-"
157.55.39.19 - - [02/Dec/2019:18:22:58 +0100] "GET /robots.txt HTTP/1.1" 200 3939 "-" "Mozilla/5.0 (compatible; bingbot/2.0; +http://www.bing.com/bingbot.htm)" "-"
45.225.216.151 - - [02/Dec/2019:18:23:01 +0100] "GET /wp-content/uploads/2019/04/Gorra-sport-12.png HTTP/1.1" 200 92310 "https://www.google.com/" "Mozilla/5.0 (Linux; Android 7.0; LG-M250) AppleWebKit/537.36 (KHTML, like Gecko) Chrome/78.0.3904.108 Mobile Safari/537.36" "-"
45.225.216.151 - - [02/Dec/2019:18:23:06 +0100] "GET /wp-content/uploads/2019/04/gorra-kisse-9.png HTTP/1.1" 200 85441 "https://www.google.com/" "Mozilla/5.0 (Linux; Android 7.0; LG-M250) AppleWebKit/537.36 (KHTML, like Gecko) Chrome/78.0.3904.108 Mobile Safari/537.36" "-"
40.77.167.221 - - [02/Dec/2019:18:23:18 +0100] "GET /wp-content/uploads/2019/04/Gorra-sport-7.png HTTP/1.1" 200 99912 "-" "Mozilla/5.0 (compatible; bingbot/2.0; +http://www.bing.com/bingbot.htm)" "-"
207.46.13.80 - - [02/Dec/2019:18:29:32 +0100] "GET /wp-content/uploads/2019/04/Gorra-sport-3.png HTTP/1.1" 200 91212 "-" "Mozilla/5.0 (compatible; bingbot/2.0; +http://www.bing.com/bingbot.htm)" "-"
217.76.130.90 - - [02/Dec/2019:18:37:27 +0100] "POST /wp-cron.php?doing_wp_cron=1575308247.0300099849700927734375 HTTP/1.1" 200 3389 "https://amazingsportwear.com/wp-cron.php?doing_wp_cron=1575308247.0300099849700927734375" "WordPress/5.2.4; https://amazingsportwear.com" "-"
157.55.39.19 - - [02/Dec/2019:18:37:24 +0100] "GET /robots.txt HTTP/1.1" 200 2297 "-" "Mozilla/5.0 (compatible; bingbot/2.0; +http://www.bing.com/bingbot.htm)" "-"
157.55.39.19 - - [02/Dec/2019:18:37:27 +0100] "GET /robots.txt HTTP/1.1" 200 3939 "-" "Mozilla/5.0 (compatible; bingbot/2.0; +http://www.bing.com/bingbot.htm)" "-"
207.46.13.13 - - [02/Dec/2019:18:37:58 +0100] "GET /wp-content/uploads/2018/04/aq-armour-aerobic-blanco-rojo.jpg HTTP/1.1" 200 62768 "-" "Mozilla/5.0 (compatible; bingbot/2.0; +http://www.bing.com/bingbot.htm)" "-"
187.243.255.18 - - [02/Dec/2019:18:42:45 +0100] "GET /wp-content/uploads/2019/04/Gorra-sport-10.png HTTP/1.1" 200 60426 "https://www.google.com.mx/" "Mozilla/5.0 (Windows NT 6.1; Win64; x64) AppleWebKit/537.36 (KHTML, like Gecko) Chrome/78.0.3904.108 Safari/537.36" "-"
217.76.130.90 - - [02/Dec/2019:18:43:07 +0100] "POST /wp-cron.php?doing_wp_cron=1575308587.3384540081024169921875 HTTP/1.1" 200 3389 "https://amazingsportwear.com/wp-cron.php?doing_wp_cron=1575308587.3384540081024169921875" "WordPress/5.2.4; https://amazingsportwear.com" "-"
31.13.103.13 - - [02/Dec/2019:18:43:06 +0100] "GET / HTTP/1.1" 200 125550 "-" "facebookexternalhit/1.1 (+http://www.facebook.com/externalhit_uatext.php)" "-"
31.13.103.3 - - [02/Dec/2019:18:43:06 +0100] "GET / HTTP/1.1" 200 125575 "-" "facebookexternalhit/1.1 (+http://www.facebook.com/externalhit_uatext.php)" "-"
31.13.103.9 - - [02/Dec/2019:18:43:06 +0100] "GET / HTTP/1.1" 200 125550 "-" "facebookexternalhit/1.1 (+http://www.facebook.com/externalhit_uatext.php)" "-"
31.13.103.18 - - [02/Dec/2019:18:43:10 +0100] "GET /contacta-con-nosotros HTTP/1.1" 301 319 "-" "facebookexternalhit/1.1 (+http://www.facebook.com/externalhit_uatext.php)" "-"
31.13.103.16 - - [02/Dec/2019:18:43:09 +0100] "GET /contacta-con-nosotros HTTP/1.1" 301 319 "-" "facebookexternalhit/1.1 (+http://www.facebook.com/externalhit_uatext.php)" "-"
31.13.103.4 - - [02/Dec/2019:18:43:09 +0100] "GET /contacta-con-nosotros HTTP/1.1" 301 319 "-" "facebookexternalhit/1.1 (+http://www.facebook.com/externalhit_uatext.php)" "-"
31.13.103.16 - - [02/Dec/2019:18:43:10 +0100] "GET /contacta-con-nosotros/ HTTP/1.1" 200 58194 "-" "facebookexternalhit/1.1 (+http://www.facebook.com/externalhit_uatext.php)" "-"
31.13.103.18 - - [02/Dec/2019:18:43:10 +0100] "GET /contacta-con-nosotros/ HTTP/1.1" 200 58199 "-" "facebookexternalhit/1.1 (+http://www.facebook.com/externalhit_uatext.php)" "-"
31.13.103.4 - - [02/Dec/2019:18:43:10 +0100] "GET /contacta-con-nosotros/ HTTP/1.1" 200 58189 "-" "facebookexternalhit/1.1 (+http://www.facebook.com/externalhit_uatext.php)" "-"
217.76.130.90 - - [02/Dec/2019:18:44:36 +0100] "POST /wp-cron.php?doing_wp_cron=1575308676.0076858997344970703125 HTTP/1.1" 200 164 "http://amazingsportwear.com/wp-cron.php?doing_wp_cron=1575308676.0076858997344970703125" "WordPress/5.2.4; https://amazingsportwear.com" "-"
207.46.13.13 - - [02/Dec/2019:18:44:35 +0100] "GET /15-atletismo HTTP/1.1" 404 68039 "-" "Mozilla/5.0 (compatible; bingbot/2.0; +http://www.bing.com/bingbot.htm)" "-"
217.76.130.90 - - [02/Dec/2019:18:56:16 +0100] "POST /wp-cron.php?doing_wp_cron=1575309376.1380879878997802734375 HTTP/1.1" 200 3389 "https://amazingsportwear.com/wp-cron.php?doing_wp_cron=1575309376.1380879878997802734375" "WordPress/5.2.4; https://amazingsportwear.com" "-"
66.249.66.66 - - [02/Dec/2019:18:56:14 +0100] "GET /ciclismo/83-culoute-corto-ciclismo.html HTTP/1.1" 404 72318 "-" "Mozilla/5.0 (Linux; Android 6.0.1; Nexus 5X Build/MMB29P) AppleWebKit/537.36 (KHTML, like Gecko) Chrome/41.0.2272.96 Mobile Safari/537.36 (compatible; Googlebot/2.1; +http://www.google.com/bot.html)" "-"
190.192.55.248 - - [02/Dec/2019:19:02:24 +0100] "GET /wp-content/uploads/2019/04/Gorra-sport-12.png HTTP/1.1" 200 95673 "https://www.google.com/" "Mozilla/5.0 (Windows NT 6.3; Win64; x64) AppleWebKit/537.36 (KHTML, like Gecko) Chrome/78.0.3904.108 Safari/537.36" "-"
85.87.123.167 - - [02/Dec/2019:19:05:23 +0100] "GET /wp-content/uploads/2019/03/VA-PARADE-4.png HTTP/1.1" 200 362296 "https://www.google.com/" "Mozilla/5.0 (Linux; Android 9; MAR-LX1A) AppleWebKit/537.36 (KHTML, like Gecko) Chrome/78.0.3904.108 Mobile Safari/537.36" "-"
187.190.158.106 - - [02/Dec/2019:19:05:31 +0100] "GET /wp-content/uploads/2019/04/Gorra-sport-6.png HTTP/1.1" 200 44623 "https://www.google.com/" "Mozilla/5.0 (Windows NT 6.3; Win64; x64) AppleWebKit/537.36 (KHTML, like Gecko) Chrome/78.0.3904.108 Safari/537.36" "-"
189.145.61.50 - - [02/Dec/2019:19:10:10 +0100] "GET /wp-content/uploads/2019/04/SA-1070-2.png HTTP/1.1" 200 175956 "https://www.google.com/" "Mozilla/5.0 (Windows NT 10.0; Win64; x64) AppleWebKit/537.36 (KHTML, like Gecko) Chrome/78.0.3904.108 Safari/537.36" "-"
200.7.197.26 - - [02/Dec/2019:19:12:24 +0100] "GET /wp-content/uploads/2017/03/CAT-5247-03.jpg HTTP/1.1" 200 34557 "https://www.google.com/" "Mozilla/5.0 (Windows NT 6.3; Win64; x64) AppleWebKit/537.36 (KHTML, like Gecko) Chrome/78.0.3904.108 Safari/537.36" "-"
217.76.130.90 - - [02/Dec/2019:19:24:01 +0100] "POST /wp-cron.php?doing_wp_cron=1575311041.2078790664672851562500 HTTP/1.1" 200 3389 "https://amazingsportwear.com/wp-cron.php?doing_wp_cron=1575311041.2078790664672851562500" "WordPress/5.2.4; https://amazingsportwear.com" "-"
217.76.130.90 - - [02/Dec/2019:19:24:01 +0100] "POST /wp-cron.php?doing_wp_cron=1575311041.2098329067230224609375 HTTP/1.1" 200 3389 "https://amazingsportwear.com/wp-cron.php?doing_wp_cron=1575311041.2098329067230224609375" "WordPress/5.2.4; https://amazingsportwear.com" "-"
157.55.39.19 - - [02/Dec/2019:19:23:59 +0100] "GET /robots.txt HTTP/1.1" 200 2297 "-" "Mozilla/5.0 (compatible; bingbot/2.0; +http://www.bing.com/bingbot.htm)" "-"
207.46.13.80 - - [02/Dec/2019:19:23:58 +0100] "GET /producto/bidon-vandix/ HTTP/1.1" 200 98922 "-" "Mozilla/5.0 (compatible; bingbot/2.0; +http://www.bing.com/bingbot.htm)" "-"
157.55.39.19 - - [02/Dec/2019:19:24:02 +0100] "GET /robots.txt HTTP/1.1" 200 3939 "-" "Mozilla/5.0 (compatible; bingbot/2.0; +http://www.bing.com/bingbot.htm)" "-"
186.167.242.22 - - [02/Dec/2019:19:39:34 +0100] "GET /wp-content/uploads/2019/04/Gorra-sport-12.png HTTP/1.1" 200 95673 "-" "com.google.android.apps.searchlite/144042 (Linux; U; Android 8.1.0; es_VE; SM-J260M; Build/M1AJB; Cronet/76.0.3809.111)" "-"
186.167.242.22 - - [02/Dec/2019:19:39:48 +0100] "GET /wp-content/uploads/2019/04/gorra-konlun-5.png HTTP/1.1" 200 79560 "-" "com.google.android.apps.searchlite/144042 (Linux; U; Android 8.1.0; es_VE; SM-J260M; Build/M1AJB; Cronet/76.0.3809.111)" "-"
66.249.66.70 - - [02/Dec/2019:19:42:11 +0100] "GET /wp-content/uploads/2019/04/gorra-konlun-1.png HTTP/1.1" 304 3566 "-" "Googlebot-Image/1.0" "-"
40.77.167.19 - - [02/Dec/2019:19:42:52 +0100] "GET /wp-content/uploads/2019/04/Gorra-sport-8.png HTTP/1.1" 200 88942 "-" "Mozilla/5.0 (compatible; bingbot/2.0; +http://www.bing.com/bingbot.htm)" "-"
186.112.40.61 - - [02/Dec/2019:19:46:39 +0100] "GET /wp-content/uploads/2019/04/Gorra-sport-10.png HTTP/1.1" 200 60426 "https://www.google.com/" "Mozilla/5.0 (Windows NT 6.1) AppleWebKit/537.36 (KHTML, like Gecko) Chrome/78.0.3904.108 Safari/537.36" "-"
50.201.57.158 - - [02/Dec/2019:19:48:11 +0100] "GET /wp-content/uploads/2019/04/Gorra-sport-12.png HTTP/1.1" 200 95673 "https://www.google.com/" "Mozilla/5.0 (Windows NT 6.1; Win64; x64) AppleWebKit/537.36 (KHTML, like Gecko) Chrome/78.0.3904.108 Safari/537.36" "-"
217.76.130.90 - - [02/Dec/2019:19:49:12 +0100] "POST /wp-cron.php?doing_wp_cron=1575312552.3588929176330566406250 HTTP/1.1" 200 3389 "https://amazingsportwear.com/wp-cron.php?doing_wp_cron=1575312552.3588929176330566406250" "WordPress/5.2.4; https://amazingsportwear.com" "-"
66.249.66.70 - - [02/Dec/2019:19:49:09 +0100] "GET /producto/llavero-metalico-futbol/ HTTP/1.1" 200 95071 "-" "Mozilla/5.0 (Linux; Android 6.0.1; Nexus 5X Build/MMB29P) AppleWebKit/537.36 (KHTML, like Gecko) Chrome/41.0.2272.96 Mobile Safari/537.36 (compatible; Googlebot/2.1; +http://www.google.com/bot.html)" "-"
190.148.209.103 - - [02/Dec/2019:19:51:15 +0100] "GET /wp-content/uploads/2019/04/SA-1070-2.png HTTP/1.1" 200 175956 "https://www.google.com/" "Mozilla/5.0 (Windows NT 6.3; Win64; x64) AppleWebKit/537.36 (KHTML, like Gecko) Chrome/78.0.3904.108 Safari/537.36" "-"
66.249.66.68 - - [02/Dec/2019:19:51:58 +0100] "GET /wp-content/uploads/2019/04/gorra-konlun-4-100x100.png HTTP/1.1" 304 3565 "-" "Googlebot-Image/1.0" "-"
81.42.214.35 - - [02/Dec/2019:19:55:13 +0100] "GET /wp-content/uploads/2017/03/CAT-5247-04.jpg HTTP/1.1" 200 33434 "https://www.google.com/" "Mozilla/5.0 (Macintosh; Intel Mac OS X 10_13_6) AppleWebKit/537.36 (KHTML, like Gecko) Chrome/78.0.3904.108 Safari/537.36" "-"
217.76.130.90 - - [02/Dec/2019:19:55:26 +0100] "POST /wp-cron.php?doing_wp_cron=1575312926.4626340866088867187500 HTTP/1.1" 200 3389 "https://amazingsportwear.com/wp-cron.php?doing_wp_cron=1575312926.4626340866088867187500" "WordPress/5.2.4; https://amazingsportwear.com" "-"
66.249.66.68 - - [02/Dec/2019:19:55:24 +0100] "GET /producto/camiseta-tecnica-cosmic-aq-cosmic/ HTTP/1.1" 200 103580 "-" "Mozilla/5.0 (Linux; Android 6.0.1; Nexus 5X Build/MMB29P) AppleWebKit/537.36 (KHTML, like Gecko) Chrome/41.0.2272.96 Mobile Safari/537.36 (compatible; Googlebot/2.1; +http://www.google.com/bot.html)" "-"
81.42.214.35 - - [02/Dec/2019:19:55:26 +0100] "GET /producto/camiseta-tecnic-rox-cat-5247/ HTTP/1.1" 200 104882 "https://www.google.com/" "Mozilla/5.0 (Macintosh; Intel Mac OS X 10_13_6) AppleWebKit/537.36 (KHTML, like Gecko) Chrome/78.0.3904.108 Safari/537.36" "-"
81.42.214.35 - - [02/Dec/2019:19:55:27 +0100] "GET /wp-includes/css/dist/block-library/style.min.css?ver=5.2.4 HTTP/1.1" 200 29660 "https://amazingsportwear.com/producto/camiseta-tecnic-rox-cat-5247/" "Mozilla/5.0 (Macintosh; Intel Mac OS X 10_13_6) AppleWebKit/537.36 (KHTML, like Gecko) Chrome/78.0.3904.108 Safari/537.36" "-"
187.161.114.202 - - [02/Dec/2019:19:55:27 +0100] "GET /wp-content/uploads/2019/04/SA-1070-2.png HTTP/1.1" 200 175956 "https://www.google.com/" "Mozilla/5.0 (Windows NT 6.1; Win64; x64) AppleWebKit/537.36 (KHTML, like Gecko) Chrome/78.0.3904.108 Safari/537.36" "-"
81.42.214.35 - - [02/Dec/2019:19:55:27 +0100] "GET /wp-content/plugins/woocommerce/assets/css/blocks/style.css?ver=3.6.4 HTTP/1.1" 200 6835 "https://amazingsportwear.com/producto/camiseta-tecnic-rox-cat-5247/" "Mozilla/5.0 (Macintosh; Intel Mac OS X 10_13_6) AppleWebKit/537.36 (KHTML, like Gecko) Chrome/78.0.3904.108 Safari/537.36" "-"
81.42.214.35 - - [02/Dec/2019:19:55:27 +0100] "GET /wp-content/plugins/cookie-law-info/public/css/cookie-law-info-public.css?ver=1.7.6 HTTP/1.1" 200 3235 "https://amazingsportwear.com/producto/camiseta-tecnic-rox-cat-5247/" "Mozilla/5.0 (Macintosh; Intel Mac OS X 10_13_6) AppleWebKit/537.36 (KHTML, like Gecko) Chrome/78.0.3904.108 Safari/537.36" "-"
81.42.214.35 - - [02/Dec/2019:19:55:27 +0100] "GET /wp-content/plugins/cookie-law-info/public/css/cookie-law-info-gdpr.css?ver=1.7.6 HTTP/1.1" 200 12583 "https://amazingsportwear.com/producto/camiseta-tecnic-rox-cat-5247/" "Mozilla/5.0 (Macintosh; Intel Mac OS X 10_13_6) AppleWebKit/537.36 (KHTML, like Gecko) Chrome/78.0.3904.108 Safari/537.36" "-"
81.42.214.35 - - [02/Dec/2019:19:55:27 +0100] "GET /wp-content/plugins/wpfront-notification-bar/css/wpfront-notification-bar.css?ver=1.7.1 HTTP/1.1" 200 3801 "https://amazingsportwear.com/producto/camiseta-tecnic-rox-cat-5247/" "Mozilla/5.0 (Macintosh; Intel Mac OS X 10_13_6) AppleWebKit/537.36 (KHTML, like Gecko) Chrome/78.0.3904.108 Safari/537.36" "-"
81.42.214.35 - - [02/Dec/2019:19:55:27 +0100] "GET /wp-content/plugins/woocommerce/assets/css/photoswipe/photoswipe.css?ver=3.6.4 HTTP/1.1" 200 4610 "https://amazingsportwear.com/producto/camiseta-tecnic-rox-cat-5247/" "Mozilla/5.0 (Macintosh; Intel Mac OS X 10_13_6) AppleWebKit/537.36 (KHTML, like Gecko) Chrome/78.0.3904.108 Safari/537.36" "-"
81.42.214.35 - - [02/Dec/2019:19:55:27 +0100] "GET /wp-content/plugins/simple-social-icons/css/style.css?ver=3.0.1 HTTP/1.1" 200 1562 "https://amazingsportwear.com/producto/camiseta-tecnic-rox-cat-5247/" "Mozilla/5.0 (Macintosh; Intel Mac OS X 10_13_6) AppleWebKit/537.36 (KHTML, like Gecko) Chrome/78.0.3904.108 Safari/537.36" "-"
81.42.214.35 - - [02/Dec/2019:19:55:27 +0100] "GET /wp-content/plugins/woocommerce/assets/css/photoswipe/default-skin/default-skin.css?ver=3.6.4 HTTP/1.1" 200 12081 "https://amazingsportwear.com/producto/camiseta-tecnic-rox-cat-5247/" "Mozilla/5.0 (Macintosh; Intel Mac OS X 10_13_6) AppleWebKit/537.36 (KHTML, like Gecko) Chrome/78.0.3904.108 Safari/537.36" "-"
81.42.214.35 - - [02/Dec/2019:19:55:27 +0100] "GET /wp-content/themes/shopper/style.css?ver=1.3.8 HTTP/1.1" 200 125315 "https://amazingsportwear.com/producto/camiseta-tecnic-rox-cat-5247/" "Mozilla/5.0 (Macintosh; Intel Mac OS X 10_13_6) AppleWebKit/537.36 (KHTML, like Gecko) Chrome/78.0.3904.108 Safari/537.36" "-"
81.42.214.35 - - [02/Dec/2019:19:55:27 +0100] "GET /wp-includes/js/jquery/jquery-migrate.min.js?ver=1.4.1 HTTP/1.1" 200 10399 "https://amazingsportwear.com/producto/camiseta-tecnic-rox-cat-5247/" "Mozilla/5.0 (Macintosh; Intel Mac OS X 10_13_6) AppleWebKit/537.36 (KHTML, like Gecko) Chrome/78.0.3904.108 Safari/537.36" "-"
81.42.214.35 - - [02/Dec/2019:19:55:27 +0100] "GET /wp-content/plugins/cookie-law-info/public/js/cookie-law-info-public.js?ver=1.7.6 HTTP/1.1" 200 17076 "https://amazingsportwear.com/producto/camiseta-tecnic-rox-cat-5247/" "Mozilla/5.0 (Macintosh; Intel Mac OS X 10_13_6) AppleWebKit/537.36 (KHTML, like Gecko) Chrome/78.0.3904.108 Safari/537.36" "-"
81.42.214.35 - - [02/Dec/2019:19:55:27 +0100] "GET /wp-includes/js/jquery/jquery.js?ver=1.12.4-wp HTTP/1.1" 200 97362 "https://amazingsportwear.com/producto/camiseta-tecnic-rox-cat-5247/" "Mozilla/5.0 (Macintosh; Intel Mac OS X 10_13_6) AppleWebKit/537.36 (KHTML, like Gecko) Chrome/78.0.3904.108 Safari/537.36" "-"
