177.226.248.39 - - [11/Dec/2019:00:05:37 +0100] "GET /wp-content/uploads/2019/04/Gorra-sport-6.png HTTP/1.1" 200 44623 "https://www.google.com/" "Mozilla/5.0 (Windows NT 6.1; Win64; x64) AppleWebKit/537.36 (KHTML, like Gecko) Chrome/78.0.3904.108 Safari/537.36" "-"
217.76.130.90 - - [11/Dec/2019:00:11:00 +0100] "POST /wp-cron.php?doing_wp_cron=1576019460.4812619686126708984375 HTTP/1.1" 200 3389 "https://amazingsportwear.com/wp-cron.php?doing_wp_cron=1576019460.4812619686126708984375" "WordPress/5.2.4; https://amazingsportwear.com" "-"
66.249.64.148 - - [11/Dec/2019:00:10:57 +0100] "GET /18-ciclismo?p=2 HTTP/1.1" 404 72244 "-" "Mozilla/5.0 (Linux; Android 6.0.1; Nexus 5X Build/MMB29P) AppleWebKit/537.36 (KHTML, like Gecko) Chrome/41.0.2272.96 Mobile Safari/537.36 (compatible; Googlebot/2.1; +http://www.google.com/bot.html)" "-"
201.97.241.108 - - [11/Dec/2019:00:26:50 +0100] "GET /wp-content/uploads/2019/04/Gorra-sport-12.png HTTP/1.1" 200 95673 "https://www.google.com/" "Mozilla/5.0 (Windows NT 6.1; Win64; x64) AppleWebKit/537.36 (KHTML, like Gecko) Chrome/78.0.3904.108 Safari/537.36" "-"
187.236.4.104 - - [11/Dec/2019:00:32:53 +0100] "GET /wp-content/uploads/2019/04/Gorra-sport-6.png HTTP/1.1" 200 44623 "https://www.google.com/" "Mozilla/5.0 (Windows NT 10.0; Win64; x64) AppleWebKit/537.36 (KHTML, like Gecko) Chrome/78.0.3904.108 Safari/537.36" "-"
181.51.34.87 - - [11/Dec/2019:00:44:39 +0100] "GET /wp-content/uploads/2019/04/Gorra-sport-10.png HTTP/1.1" 200 60426 "https://www.google.com/" "Mozilla/5.0 (Macintosh; Intel Mac OS X 10_14_6) AppleWebKit/537.36 (KHTML, like Gecko) Chrome/78.0.3904.108 Safari/537.36" "-"
217.76.130.90 - - [11/Dec/2019:00:53:29 +0100] "POST /wp-cron.php?doing_wp_cron=1576022009.4489150047302246093750 HTTP/1.1" 200 164 "http://amazingsportwear.com/wp-cron.php?doing_wp_cron=1576022009.4489150047302246093750" "WordPress/5.2.4; https://amazingsportwear.com" "-"
66.249.64.157 - - [11/Dec/2019:00:53:27 +0100] "GET /basket/79-camiseta-basket-con-costadillos.html HTTP/1.1" 404 68098 "-" "Mozilla/5.0 (Linux; Android 6.0.1; Nexus 5X Build/MMB29P) AppleWebKit/537.36 (KHTML, like Gecko) Chrome/41.0.2272.96 Mobile Safari/537.36 (compatible; Googlebot/2.1; +http://www.google.com/bot.html)" "-"
217.76.130.90 - - [11/Dec/2019:00:55:52 +0100] "POST /wp-cron.php?doing_wp_cron=1576022152.7782149314880371093750 HTTP/1.1" 200 3389 "https://amazingsportwear.com/wp-cron.php?doing_wp_cron=1576022152.7782149314880371093750" "WordPress/5.2.4; https://amazingsportwear.com" "-"
40.77.167.38 - - [11/Dec/2019:00:55:52 +0100] "GET /producto/camiseta-tecnic-plus-nino-cat-4185/ HTTP/1.1" 200 97838 "-" "Mozilla/5.0 (compatible; bingbot/2.0; +http://www.bing.com/bingbot.htm)" "-"
207.46.13.177 - - [11/Dec/2019:00:58:43 +0100] "GET /wp-content/uploads/2019/04/Gorra-sport-3.png HTTP/1.1" 200 91212 "-" "Mozilla/5.0 (compatible; bingbot/2.0; +http://www.bing.com/bingbot.htm)" "-"
217.76.130.90 - - [11/Dec/2019:01:06:16 +0100] "POST /wp-cron.php?doing_wp_cron=1576022776.6097800731658935546875 HTTP/1.1" 200 164 "http://amazingsportwear.com/wp-cron.php?doing_wp_cron=1576022776.6097800731658935546875" "WordPress/5.2.4; https://amazingsportwear.com" "-"
46.37.85.5 - - [11/Dec/2019:01:06:13 +0100] "GET /content/16-nuestros-trabajos HTTP/1.1" 404 68017 "http://www.google.com/url?sa=t&rct=j&q=&esrc=s&source=web&cd=1&ved=0CCAQFjAD&url=http%3A%2F%2Famazingsportwear.com%2Fcontent%2F16-nuestros-trabajos&ei=9TLwXfjnIY-UigPdoAE&usg=AFQjCNHIJT8rZihC6fH1lkb0dpQa24KQEA" "Mozilla/5.0 (iPhone; CPU iPhone OS 12_4_3 like Mac OS X) AppleWebKit/605.1.15 (KHTML, like Gecko) Version/12.1.2 Mobile/15E148 Safari/604.1" "-"
46.37.85.5 - - [11/Dec/2019:01:06:17 +0100] "GET /wp-content/plugins/wpfront-notification-bar/css/wpfront-notification-bar.css?ver=1.7.1 HTTP/1.1" 200 3606 "http://amazingsportwear.com/content/16-nuestros-trabajos" "Mozilla/5.0 (iPhone; CPU iPhone OS 12_4_3 like Mac OS X) AppleWebKit/605.1.15 (KHTML, like Gecko) Version/12.1.2 Mobile/15E148 Safari/604.1" "-"
46.37.85.5 - - [11/Dec/2019:01:06:17 +0100] "GET /wp-includes/css/dist/block-library/style.min.css?ver=5.2.4 HTTP/1.1" 200 29574 "http://amazingsportwear.com/content/16-nuestros-trabajos" "Mozilla/5.0 (iPhone; CPU iPhone OS 12_4_3 like Mac OS X) AppleWebKit/605.1.15 (KHTML, like Gecko) Version/12.1.2 Mobile/15E148 Safari/604.1" "-"
46.37.85.5 - - [11/Dec/2019:01:06:17 +0100] "GET /wp-content/themes/shopper/assets/js/shopper.min.js?ver=1.3.8 HTTP/1.1" 200 5937 "http://amazingsportwear.com/content/16-nuestros-trabajos" "Mozilla/5.0 (iPhone; CPU iPhone OS 12_4_3 like Mac OS X) AppleWebKit/605.1.15 (KHTML, like Gecko) Version/12.1.2 Mobile/15E148 Safari/604.1" "-"
46.37.85.5 - - [11/Dec/2019:01:06:17 +0100] "GET /wp-content/plugins/simple-social-icons/svgxuse.js?ver=1.1.21 HTTP/1.1" 200 9523 "http://amazingsportwear.com/content/16-nuestros-trabajos" "Mozilla/5.0 (iPhone; CPU iPhone OS 12_4_3 like Mac OS X) AppleWebKit/605.1.15 (KHTML, like Gecko) Version/12.1.2 Mobile/15E148 Safari/604.1" "-"
46.37.85.5 - - [11/Dec/2019:01:06:17 +0100] "GET /wp-content/themes/shopper/assets/sass/woocommerce/woocommerce.css?ver=5.2.4 HTTP/1.1" 200 83332 "http://amazingsportwear.com/content/16-nuestros-trabajos" "Mozilla/5.0 (iPhone; CPU iPhone OS 12_4_3 like Mac OS X) AppleWebKit/605.1.15 (KHTML, like Gecko) Version/12.1.2 Mobile/15E148 Safari/604.1" "-"
46.37.85.5 - - [11/Dec/2019:01:06:18 +0100] "GET /wp-content/plugins/woocommerce/assets/js/frontend/woocommerce.min.js?ver=3.6.4 HTTP/1.1" 200 1756 "http://amazingsportwear.com/content/16-nuestros-trabajos" "Mozilla/5.0 (iPhone; CPU iPhone OS 12_4_3 like Mac OS X) AppleWebKit/605.1.15 (KHTML, like Gecko) Version/12.1.2 Mobile/15E148 Safari/604.1" "-"
46.37.85.5 - - [11/Dec/2019:01:06:18 +0100] "GET /wp-content/plugins/woocommerce/assets/js/frontend/add-to-cart.min.js?ver=3.6.4 HTTP/1.1" 200 2926 "http://amazingsportwear.com/content/16-nuestros-trabajos" "Mozilla/5.0 (iPhone; CPU iPhone OS 12_4_3 like Mac OS X) AppleWebKit/605.1.15 (KHTML, like Gecko) Version/12.1.2 Mobile/15E148 Safari/604.1" "-"
46.37.85.5 - - [11/Dec/2019:01:06:18 +0100] "GET /wp-includes/js/wp-emoji-release.min.js?ver=5.2.4 HTTP/1.1" 200 14126 "http://amazingsportwear.com/content/16-nuestros-trabajos" "Mozilla/5.0 (iPhone; CPU iPhone OS 12_4_3 like Mac OS X) AppleWebKit/605.1.15 (KHTML, like Gecko) Version/12.1.2 Mobile/15E148 Safari/604.1" "-"
46.37.85.5 - - [11/Dec/2019:01:06:18 +0100] "GET /wp-content/plugins/woocommerce/assets/css/blocks/style.css?ver=3.6.4 HTTP/1.1" 200 6640 "http://amazingsportwear.com/content/16-nuestros-trabajos" "Mozilla/5.0 (iPhone; CPU iPhone OS 12_4_3 like Mac OS X) AppleWebKit/605.1.15 (KHTML, like Gecko) Version/12.1.2 Mobile/15E148 Safari/604.1" "-"
46.37.85.5 - - [11/Dec/2019:01:06:18 +0100] "GET /wp-content/themes/shopper/assets/js/crm.js?ver=1561548510 HTTP/1.1" 200 817 "http://amazingsportwear.com/content/16-nuestros-trabajos" "Mozilla/5.0 (iPhone; CPU iPhone OS 12_4_3 like Mac OS X) AppleWebKit/605.1.15 (KHTML, like Gecko) Version/12.1.2 Mobile/15E148 Safari/604.1" "-"
46.37.85.5 - - [11/Dec/2019:01:06:18 +0100] "GET /wp-content/plugins/wpfront-notification-bar/js/wpfront-notification-bar.js?ver=1.7.1 HTTP/1.1" 200 5605 "http://amazingsportwear.com/content/16-nuestros-trabajos" "Mozilla/5.0 (iPhone; CPU iPhone OS 12_4_3 like Mac OS X) AppleWebKit/605.1.15 (KHTML, like Gecko) Version/12.1.2 Mobile/15E148 Safari/604.1" "-"
46.37.85.5 - - [11/Dec/2019:01:06:18 +0100] "GET /wp-content/themes/shopper/assets/js/skip-link-focus-fix.js?ver=1.3.8 HTTP/1.1" 200 966 "http://amazingsportwear.com/content/16-nuestros-trabajos" "Mozilla/5.0 (iPhone; CPU iPhone OS 12_4_3 like Mac OS X) AppleWebKit/605.1.15 (KHTML, like Gecko) Version/12.1.2 Mobile/15E148 Safari/604.1" "-"
46.37.85.5 - - [11/Dec/2019:01:06:18 +0100] "GET /wp-includes/js/jquery/jquery-migrate.min.js?ver=1.4.1 HTTP/1.1" 200 10342 "http://amazingsportwear.com/content/16-nuestros-trabajos" "Mozilla/5.0 (iPhone; CPU iPhone OS 12_4_3 like Mac OS X) AppleWebKit/605.1.15 (KHTML, like Gecko) Version/12.1.2 Mobile/15E148 Safari/604.1" "-"
46.37.85.5 - - [11/Dec/2019:01:06:18 +0100] "GET /wp-content/plugins/simple-social-icons/css/style.css?ver=3.0.1 HTTP/1.1" 200 1505 "http://amazingsportwear.com/content/16-nuestros-trabajos" "Mozilla/5.0 (iPhone; CPU iPhone OS 12_4_3 like Mac OS X) AppleWebKit/605.1.15 (KHTML, like Gecko) Version/12.1.2 Mobile/15E148 Safari/604.1" "-"
46.37.85.5 - - [11/Dec/2019:01:06:18 +0100] "GET /wp-content/plugins/wpfront-notification-bar/jquery-plugins/jquery.c.js?ver=1.4.0 HTTP/1.1" 200 3380 "http://amazingsportwear.com/content/16-nuestros-trabajos" "Mozilla/5.0 (iPhone; CPU iPhone OS 12_4_3 like Mac OS X) AppleWebKit/605.1.15 (KHTML, like Gecko) Version/12.1.2 Mobile/15E148 Safari/604.1" "-"
46.37.85.5 - - [11/Dec/2019:01:06:18 +0100] "GET /wp-content/plugins/cookie-law-info/public/js/cookie-law-info-public.js?ver=1.7.6 HTTP/1.1" 200 16990 "http://amazingsportwear.com/content/16-nuestros-trabajos" "Mozilla/5.0 (iPhone; CPU iPhone OS 12_4_3 like Mac OS X) AppleWebKit/605.1.15 (KHTML, like Gecko) Version/12.1.2 Mobile/15E148 Safari/604.1" "-"
46.37.85.5 - - [11/Dec/2019:01:06:18 +0100] "GET /wp-content/plugins/woocommerce/assets/js/frontend/cart-fragments.min.js?ver=3.6.4 HTTP/1.1" 200 3224 "http://amazingsportwear.com/content/16-nuestros-trabajos" "Mozilla/5.0 (iPhone; CPU iPhone OS 12_4_3 like Mac OS X) AppleWebKit/605.1.15 (KHTML, like Gecko) Version/12.1.2 Mobile/15E148 Safari/604.1" "-"
46.37.85.5 - - [11/Dec/2019:01:06:18 +0100] "GET /wp-content/plugins/woocommerce/assets/js/jquery-blockui/jquery.blockUI.min.js?ver=2.70 HTTP/1.1" 200 9851 "http://amazingsportwear.com/content/16-nuestros-trabajos" "Mozilla/5.0 (iPhone; CPU iPhone OS 12_4_3 like Mac OS X) AppleWebKit/605.1.15 (KHTML, like Gecko) Version/12.1.2 Mobile/15E148 Safari/604.1" "-"
46.37.85.5 - - [11/Dec/2019:01:06:18 +0100] "GET /wp-content/plugins/woocommerce/assets/js/js-cookie/js.cookie.min.js?ver=2.1.4 HTTP/1.1" 200 2130 "http://amazingsportwear.com/content/16-nuestros-trabajos" "Mozilla/5.0 (iPhone; CPU iPhone OS 12_4_3 like Mac OS X) AppleWebKit/605.1.15 (KHTML, like Gecko) Version/12.1.2 Mobile/15E148 Safari/604.1" "-"
46.37.85.5 - - [11/Dec/2019:01:06:18 +0100] "GET /wp-content/themes/shopper/assets/js/woocommerce/header-cart.min.js?ver=1.3.8 HTTP/1.1" 200 915 "http://amazingsportwear.com/content/16-nuestros-trabajos" "Mozilla/5.0 (iPhone; CPU iPhone OS 12_4_3 like Mac OS X) AppleWebKit/605.1.15 (KHTML, like Gecko) Version/12.1.2 Mobile/15E148 Safari/604.1" "-"
46.37.85.5 - - [11/Dec/2019:01:06:18 +0100] "GET /wp-includes/js/wp-embed.min.js?ver=5.2.4 HTTP/1.1" 200 1687 "http://amazingsportwear.com/content/16-nuestros-trabajos" "Mozilla/5.0 (iPhone; CPU iPhone OS 12_4_3 like Mac OS X) AppleWebKit/605.1.15 (KHTML, like Gecko) Version/12.1.2 Mobile/15E148 Safari/604.1" "-"
46.37.85.5 - - [11/Dec/2019:01:06:18 +0100] "GET /wp-content/plugins/cookie-law-info/public/css/cookie-law-info-gdpr.css?ver=1.7.6 HTTP/1.1" 200 12388 "http://amazingsportwear.com/content/16-nuestros-trabajos" "Mozilla/5.0 (iPhone; CPU iPhone OS 12_4_3 like Mac OS X) AppleWebKit/605.1.15 (KHTML, like Gecko) Version/12.1.2 Mobile/15E148 Safari/604.1" "-"
46.37.85.5 - - [11/Dec/2019:01:06:18 +0100] "GET /wp-includes/js/jquery/jquery.js?ver=1.12.4-wp HTTP/1.1" 200 97160 "http://amazingsportwear.com/content/16-nuestros-trabajos" "Mozilla/5.0 (iPhone; CPU iPhone OS 12_4_3 like Mac OS X) AppleWebKit/605.1.15 (KHTML, like Gecko) Version/12.1.2 Mobile/15E148 Safari/604.1" "-"
46.37.85.5 - - [11/Dec/2019:01:06:18 +0100] "GET /wp-content/uploads/2019/04/Gorra-sport-12-300x300.png HTTP/1.1" 200 52757 "http://amazingsportwear.com/content/16-nuestros-trabajos" "Mozilla/5.0 (iPhone; CPU iPhone OS 12_4_3 like Mac OS X) AppleWebKit/605.1.15 (KHTML, like Gecko) Version/12.1.2 Mobile/15E148 Safari/604.1" "-"
46.37.85.5 - - [11/Dec/2019:01:06:18 +0100] "GET /wp-content/themes/shopper/style.css?ver=1.3.8 HTTP/1.1" 200 125055 "http://amazingsportwear.com/content/16-nuestros-trabajos" "Mozilla/5.0 (iPhone; CPU iPhone OS 12_4_3 like Mac OS X) AppleWebKit/605.1.15 (KHTML, like Gecko) Version/12.1.2 Mobile/15E148 Safari/604.1" "-"
46.37.85.5 - - [11/Dec/2019:01:06:18 +0100] "GET /wp-content/uploads/2017/03/CIF-T-527-300x300.jpg HTTP/1.1" 200 11243 "http://amazingsportwear.com/content/16-nuestros-trabajos" "Mozilla/5.0 (iPhone; CPU iPhone OS 12_4_3 like Mac OS X) AppleWebKit/605.1.15 (KHTML, like Gecko) Version/12.1.2 Mobile/15E148 Safari/604.1" "-"
46.37.85.5 - - [11/Dec/2019:01:06:18 +0100] "GET /wp-content/uploads/2017/01/motocr-300x300.png HTTP/1.1" 200 97947 "http://amazingsportwear.com/content/16-nuestros-trabajos" "Mozilla/5.0 (iPhone; CPU iPhone OS 12_4_3 like Mac OS X) AppleWebKit/605.1.15 (KHTML, like Gecko) Version/12.1.2 Mobile/15E148 Safari/604.1" "-"
46.37.85.5 - - [11/Dec/2019:01:06:18 +0100] "GET /wp-content/uploads/2019/04/toalla-absorvente-gymnasio-7-300x300.png HTTP/1.1" 200 82027 "http://amazingsportwear.com/content/16-nuestros-trabajos" "Mozilla/5.0 (iPhone; CPU iPhone OS 12_4_3 like Mac OS X) AppleWebKit/605.1.15 (KHTML, like Gecko) Version/12.1.2 Mobile/15E148 Safari/604.1" "-"
46.37.85.5 - - [11/Dec/2019:01:06:18 +0100] "GET /wp-content/uploads/2019/05/asw-white-300x126.png HTTP/1.1" 200 15424 "http://amazingsportwear.com/content/16-nuestros-trabajos" "Mozilla/5.0 (iPhone; CPU iPhone OS 12_4_3 like Mac OS X) AppleWebKit/605.1.15 (KHTML, like Gecko) Version/12.1.2 Mobile/15E148 Safari/604.1" "-"
46.37.85.5 - - [11/Dec/2019:01:06:18 +0100] "GET /wp-content/plugins/cookie-law-info/public/css/cookie-law-info-public.css?ver=1.7.6 HTTP/1.1" 200 3178 "http://amazingsportwear.com/content/16-nuestros-trabajos" "Mozilla/5.0 (iPhone; CPU iPhone OS 12_4_3 like Mac OS X) AppleWebKit/605.1.15 (KHTML, like Gecko) Version/12.1.2 Mobile/15E148 Safari/604.1" "-"
46.37.85.5 - - [11/Dec/2019:01:06:18 +0100] "GET /wp-content/uploads/2017/03/CAT-5247-04-300x300.jpg HTTP/1.1" 200 12556 "http://amazingsportwear.com/content/16-nuestros-trabajos" "Mozilla/5.0 (iPhone; CPU iPhone OS 12_4_3 like Mac OS X) AppleWebKit/605.1.15 (KHTML, like Gecko) Version/12.1.2 Mobile/15E148 Safari/604.1" "-"
46.37.85.5 - - [11/Dec/2019:01:06:19 +0100] "GET /wp-content/uploads/woocommerce-placeholder-300x300.png HTTP/1.1" 200 15469 "http://amazingsportwear.com/content/16-nuestros-trabajos" "Mozilla/5.0 (iPhone; CPU iPhone OS 12_4_3 like Mac OS X) AppleWebKit/605.1.15 (KHTML, like Gecko) Version/12.1.2 Mobile/15E148 Safari/604.1" "-"
46.37.85.5 - - [11/Dec/2019:01:06:19 +0100] "GET /wp-content/uploads/2019/05/cropped-asw-white.png HTTP/1.1" 200 10863 "http://amazingsportwear.com/content/16-nuestros-trabajos" "Mozilla/5.0 (iPhone; CPU iPhone OS 12_4_3 like Mac OS X) AppleWebKit/605.1.15 (KHTML, like Gecko) Version/12.1.2 Mobile/15E148 Safari/604.1" "-"
46.37.85.5 - - [11/Dec/2019:01:06:19 +0100] "GET /wp-content/plugins/simple-social-icons/symbol-defs.svg HTTP/1.1" 200 19613 "http://amazingsportwear.com/content/16-nuestros-trabajos" "Mozilla/5.0 (iPhone; CPU iPhone OS 12_4_3 like Mac OS X) AppleWebKit/605.1.15 (KHTML, like Gecko) Version/12.1.2 Mobile/15E148 Safari/604.1" "-"
46.37.85.5 - - [11/Dec/2019:01:06:19 +0100] "GET /wp-content/themes/shopper/assets/fonts/fontawesome-webfont.woff2?v=4.7.0 HTTP/1.1" 200 77442 "http://amazingsportwear.com/wp-content/themes/shopper/style.css?ver=1.3.8" "Mozilla/5.0 (iPhone; CPU iPhone OS 12_4_3 like Mac OS X) AppleWebKit/605.1.15 (KHTML, like Gecko) Version/12.1.2 Mobile/15E148 Safari/604.1" "-"
46.37.85.5 - - [11/Dec/2019:01:06:19 +0100] "GET /wp-content/plugins/wpfront-notification-bar/images/arrow_down.png HTTP/1.1" 200 2505 "http://amazingsportwear.com/wp-content/plugins/wpfront-notification-bar/css/wpfront-notification-bar.css?ver=1.7.1" "Mozilla/5.0 (iPhone; CPU iPhone OS 12_4_3 like Mac OS X) AppleWebKit/605.1.15 (KHTML, like Gecko) Version/12.1.2 Mobile/15E148 Safari/604.1" "-"
46.37.85.5 - - [11/Dec/2019:01:06:20 +0100] "POST /?wc-ajax=get_refreshed_fragments HTTP/1.1" 200 1252 "http://amazingsportwear.com/content/16-nuestros-trabajos" "Mozilla/5.0 (iPhone; CPU iPhone OS 12_4_3 like Mac OS X) AppleWebKit/605.1.15 (KHTML, like Gecko) Version/12.1.2 Mobile/15E148 Safari/604.1" "-"
212.89.24.6 - - [11/Dec/2019:01:06:23 +0100] "GET /content/16-nuestros-trabajos HTTP/1.1" 404 68042 "http://www.google.com/url?sa=t&rct=j&q=&esrc=s&source=web&cd=1&ved=0CFQQFjAD&url=http%3A%2F%2Famazingsportwear.com%2Fcontent%2F16-nuestros-trabajos&ei=-jLwXcSpJNaz3wK5IQ&usg=AFQjCNHIJT8rZihC6fH1lkb0dpQa24KQEA" "Mozilla/5.0 (Windows NT 6.1; WOW64; Trident/7.0; rv:11.0) like Gecko" "-"
212.89.24.6 - - [11/Dec/2019:01:06:24 +0100] "GET /wp-content/plugins/wpfront-notification-bar/css/wpfront-notification-bar.css?ver=1.7.1 HTTP/1.1" 200 3606 "http://amazingsportwear.com/content/16-nuestros-trabajos" "Mozilla/5.0 (Windows NT 6.1; WOW64; Trident/7.0; rv:11.0) like Gecko" "-"
212.89.24.6 - - [11/Dec/2019:01:06:24 +0100] "GET /wp-content/plugins/woocommerce/assets/css/blocks/style.css?ver=3.6.4 HTTP/1.1" 200 6640 "http://amazingsportwear.com/content/16-nuestros-trabajos" "Mozilla/5.0 (Windows NT 6.1; WOW64; Trident/7.0; rv:11.0) like Gecko" "-"
212.89.24.6 - - [11/Dec/2019:01:06:24 +0100] "GET /wp-includes/css/dist/block-library/style.min.css?ver=5.2.4 HTTP/1.1" 200 29574 "http://amazingsportwear.com/content/16-nuestros-trabajos" "Mozilla/5.0 (Windows NT 6.1; WOW64; Trident/7.0; rv:11.0) like Gecko" "-"
212.89.24.6 - - [11/Dec/2019:01:06:25 +0100] "GET /wp-content/plugins/cookie-law-info/public/css/cookie-law-info-gdpr.css?ver=1.7.6 HTTP/1.1" 200 12388 "http://amazingsportwear.com/content/16-nuestros-trabajos" "Mozilla/5.0 (Windows NT 6.1; WOW64; Trident/7.0; rv:11.0) like Gecko" "-"
212.89.24.6 - - [11/Dec/2019:01:06:25 +0100] "GET /wp-content/plugins/cookie-law-info/public/css/cookie-law-info-public.css?ver=1.7.6 HTTP/1.1" 200 3178 "http://amazingsportwear.com/content/16-nuestros-trabajos" "Mozilla/5.0 (Windows NT 6.1; WOW64; Trident/7.0; rv:11.0) like Gecko" "-"
212.89.24.6 - - [11/Dec/2019:01:06:25 +0100] "GET /wp-content/themes/shopper/style.css?ver=1.3.8 HTTP/1.1" 200 125055 "http://amazingsportwear.com/content/16-nuestros-trabajos" "Mozilla/5.0 (Windows NT 6.1; WOW64; Trident/7.0; rv:11.0) like Gecko" "-"
212.89.24.6 - - [11/Dec/2019:01:06:25 +0100] "GET /wp-includes/js/wp-emoji-release.min.js?ver=5.2.4 HTTP/1.1" 200 14126 "http://amazingsportwear.com/content/16-nuestros-trabajos" "Mozilla/5.0 (Windows NT 6.1; WOW64; Trident/7.0; rv:11.0) like Gecko" "-"
212.89.24.6 - - [11/Dec/2019:01:06:25 +0100] "GET /wp-content/plugins/simple-social-icons/css/style.css?ver=3.0.1 HTTP/1.1" 200 1505 "http://amazingsportwear.com/content/16-nuestros-trabajos" "Mozilla/5.0 (Windows NT 6.1; WOW64; Trident/7.0; rv:11.0) like Gecko" "-"
212.89.24.6 - - [11/Dec/2019:01:06:25 +0100] "GET /wp-includes/js/jquery/jquery.js?ver=1.12.4-wp HTTP/1.1" 200 97160 "http://amazingsportwear.com/content/16-nuestros-trabajos" "Mozilla/5.0 (Windows NT 6.1; WOW64; Trident/7.0; rv:11.0) like Gecko" "-"
212.89.24.6 - - [11/Dec/2019:01:06:25 +0100] "GET /wp-includes/js/jquery/jquery-migrate.min.js?ver=1.4.1 HTTP/1.1" 200 10342 "http://amazingsportwear.com/content/16-nuestros-trabajos" "Mozilla/5.0 (Windows NT 6.1; WOW64; Trident/7.0; rv:11.0) like Gecko" "-"
212.89.24.6 - - [11/Dec/2019:01:06:26 +0100] "GET /wp-content/plugins/wpfront-notification-bar/js/wpfront-notification-bar.js?ver=1.7.1 HTTP/1.1" 200 5605 "http://amazingsportwear.com/content/16-nuestros-trabajos" "Mozilla/5.0 (Windows NT 6.1; WOW64; Trident/7.0; rv:11.0) like Gecko" "-"
212.89.24.6 - - [11/Dec/2019:01:06:26 +0100] "GET /wp-content/themes/shopper/assets/sass/woocommerce/woocommerce.css?ver=5.2.4 HTTP/1.1" 200 83332 "http://amazingsportwear.com/content/16-nuestros-trabajos" "Mozilla/5.0 (Windows NT 6.1; WOW64; Trident/7.0; rv:11.0) like Gecko" "-"
212.89.24.6 - - [11/Dec/2019:01:06:26 +0100] "GET /wp-content/plugins/simple-social-icons/svgxuse.js?ver=1.1.21 HTTP/1.1" 200 9523 "http://amazingsportwear.com/content/16-nuestros-trabajos" "Mozilla/5.0 (Windows NT 6.1; WOW64; Trident/7.0; rv:11.0) like Gecko" "-"
212.89.24.6 - - [11/Dec/2019:01:06:26 +0100] "GET /wp-content/plugins/cookie-law-info/public/js/cookie-law-info-public.js?ver=1.7.6 HTTP/1.1" 200 16990 "http://amazingsportwear.com/content/16-nuestros-trabajos" "Mozilla/5.0 (Windows NT 6.1; WOW64; Trident/7.0; rv:11.0) like Gecko" "-"
212.89.24.6 - - [11/Dec/2019:01:06:26 +0100] "GET /wp-content/themes/shopper/assets/js/crm.js?ver=1561548510 HTTP/1.1" 200 817 "http://amazingsportwear.com/content/16-nuestros-trabajos" "Mozilla/5.0 (Windows NT 6.1; WOW64; Trident/7.0; rv:11.0) like Gecko" "-"
212.89.24.6 - - [11/Dec/2019:01:06:26 +0100] "GET /wp-content/plugins/woocommerce/assets/js/js-cookie/js.cookie.min.js?ver=2.1.4 HTTP/1.1" 200 2130 "http://amazingsportwear.com/content/16-nuestros-trabajos" "Mozilla/5.0 (Windows NT 6.1; WOW64; Trident/7.0; rv:11.0) like Gecko" "-"
212.89.24.6 - - [11/Dec/2019:01:06:26 +0100] "GET /wp-content/plugins/woocommerce/assets/js/jquery-blockui/jquery.blockUI.min.js?ver=2.70 HTTP/1.1" 200 9851 "http://amazingsportwear.com/content/16-nuestros-trabajos" "Mozilla/5.0 (Windows NT 6.1; WOW64; Trident/7.0; rv:11.0) like Gecko" "-"
212.89.24.6 - - [11/Dec/2019:01:06:27 +0100] "GET /wp-content/plugins/woocommerce/assets/js/frontend/woocommerce.min.js?ver=3.6.4 HTTP/1.1" 200 1756 "http://amazingsportwear.com/content/16-nuestros-trabajos" "Mozilla/5.0 (Windows NT 6.1; WOW64; Trident/7.0; rv:11.0) like Gecko" "-"
212.89.24.6 - - [11/Dec/2019:01:06:27 +0100] "GET /wp-content/plugins/woocommerce/assets/js/frontend/add-to-cart.min.js?ver=3.6.4 HTTP/1.1" 200 2926 "http://amazingsportwear.com/content/16-nuestros-trabajos" "Mozilla/5.0 (Windows NT 6.1; WOW64; Trident/7.0; rv:11.0) like Gecko" "-"
212.89.24.6 - - [11/Dec/2019:01:06:27 +0100] "GET /wp-content/plugins/woocommerce/assets/js/frontend/cart-fragments.min.js?ver=3.6.4 HTTP/1.1" 200 3224 "http://amazingsportwear.com/content/16-nuestros-trabajos" "Mozilla/5.0 (Windows NT 6.1; WOW64; Trident/7.0; rv:11.0) like Gecko" "-"
212.89.24.6 - - [11/Dec/2019:01:06:27 +0100] "GET /wp-content/themes/shopper/assets/js/skip-link-focus-fix.js?ver=1.3.8 HTTP/1.1" 200 966 "http://amazingsportwear.com/content/16-nuestros-trabajos" "Mozilla/5.0 (Windows NT 6.1; WOW64; Trident/7.0; rv:11.0) like Gecko" "-"
212.89.24.6 - - [11/Dec/2019:01:06:27 +0100] "GET /wp-content/themes/shopper/assets/js/shopper.min.js?ver=1.3.8 HTTP/1.1" 200 5937 "http://amazingsportwear.com/content/16-nuestros-trabajos" "Mozilla/5.0 (Windows NT 6.1; WOW64; Trident/7.0; rv:11.0) like Gecko" "-"
212.89.24.6 - - [11/Dec/2019:01:06:27 +0100] "GET /wp-content/plugins/wpfront-notification-bar/jquery-plugins/jquery.c.js?ver=1.4.0 HTTP/1.1" 200 3380 "http://amazingsportwear.com/content/16-nuestros-trabajos" "Mozilla/5.0 (Windows NT 6.1; WOW64; Trident/7.0; rv:11.0) like Gecko" "-"
212.89.24.6 - - [11/Dec/2019:01:06:27 +0100] "GET /wp-includes/js/wp-embed.min.js?ver=5.2.4 HTTP/1.1" 200 1687 "http://amazingsportwear.com/content/16-nuestros-trabajos" "Mozilla/5.0 (Windows NT 6.1; WOW64; Trident/7.0; rv:11.0) like Gecko" "-"
212.89.24.6 - - [11/Dec/2019:01:06:27 +0100] "GET /wp-content/themes/shopper/assets/js/woocommerce/header-cart.min.js?ver=1.3.8 HTTP/1.1" 200 915 "http://amazingsportwear.com/content/16-nuestros-trabajos" "Mozilla/5.0 (Windows NT 6.1; WOW64; Trident/7.0; rv:11.0) like Gecko" "-"
212.89.24.6 - - [11/Dec/2019:01:06:28 +0100] "GET /wp-content/uploads/2019/05/cropped-asw-white.png HTTP/1.1" 200 10863 "http://amazingsportwear.com/content/16-nuestros-trabajos" "Mozilla/5.0 (Windows NT 6.1; WOW64; Trident/7.0; rv:11.0) like Gecko" "-"
212.89.24.6 - - [11/Dec/2019:01:06:28 +0100] "GET /wp-content/uploads/2019/04/toalla-absorvente-gymnasio-7-300x300.png HTTP/1.1" 200 82027 "http://amazingsportwear.com/content/16-nuestros-trabajos" "Mozilla/5.0 (Windows NT 6.1; WOW64; Trident/7.0; rv:11.0) like Gecko" "-"
212.89.24.6 - - [11/Dec/2019:01:06:28 +0100] "GET /wp-content/uploads/2019/04/Gorra-sport-12-300x300.png HTTP/1.1" 200 52757 "http://amazingsportwear.com/content/16-nuestros-trabajos" "Mozilla/5.0 (Windows NT 6.1; WOW64; Trident/7.0; rv:11.0) like Gecko" "-"
212.89.24.6 - - [11/Dec/2019:01:06:28 +0100] "GET /wp-content/uploads/2017/03/CIF-T-527-300x300.jpg HTTP/1.1" 200 11243 "http://amazingsportwear.com/content/16-nuestros-trabajos" "Mozilla/5.0 (Windows NT 6.1; WOW64; Trident/7.0; rv:11.0) like Gecko" "-"
212.89.24.6 - - [11/Dec/2019:01:06:28 +0100] "GET /wp-content/themes/shopper/assets/fonts/fontawesome-webfont.eot? HTTP/1.1" 200 166044 "http://amazingsportwear.com/content/16-nuestros-trabajos" "Mozilla/5.0 (Windows NT 6.1; WOW64; Trident/7.0; rv:11.0) like Gecko" "_ga=GA1.2.1631608900.1576022784; _gid=GA1.2.1616607300.1576022784; _gat_gtag_UA_91619287_1=1"
212.89.24.6 - - [11/Dec/2019:01:06:29 +0100] "GET /wp-content/plugins/wpfront-notification-bar/images/arrow_down.png HTTP/1.1" 200 2505 "http://amazingsportwear.com/content/16-nuestros-trabajos" "Mozilla/5.0 (Windows NT 6.1; WOW64; Trident/7.0; rv:11.0) like Gecko" "_ga=GA1.2.1631608900.1576022784; _gid=GA1.2.1616607300.1576022784; _gat_gtag_UA_91619287_1=1"
212.89.24.6 - - [11/Dec/2019:01:06:29 +0100] "GET /wp-content/uploads/woocommerce-placeholder-300x300.png HTTP/1.1" 200 15469 "http://amazingsportwear.com/content/16-nuestros-trabajos" "Mozilla/5.0 (Windows NT 6.1; WOW64; Trident/7.0; rv:11.0) like Gecko" "-"
212.89.24.6 - - [11/Dec/2019:01:06:30 +0100] "GET /wp-content/uploads/2017/03/CAT-5247-04-300x300.jpg HTTP/1.1" 200 12556 "http://amazingsportwear.com/content/16-nuestros-trabajos" "Mozilla/5.0 (Windows NT 6.1; WOW64; Trident/7.0; rv:11.0) like Gecko" "-"
212.89.24.6 - - [11/Dec/2019:01:06:29 +0100] "POST /?wc-ajax=get_refreshed_fragments HTTP/1.1" 200 1154 "http://amazingsportwear.com/content/16-nuestros-trabajos" "Mozilla/5.0 (Windows NT 6.1; WOW64; Trident/7.0; rv:11.0) like Gecko" "_ga=GA1.2.1631608900.1576022784; _gid=GA1.2.1616607300.1576022784; _gat_gtag_UA_91619287_1=1"
212.89.24.6 - - [11/Dec/2019:01:06:30 +0100] "GET /wp-content/uploads/2017/01/motocr-300x300.png HTTP/1.1" 200 97947 "http://amazingsportwear.com/content/16-nuestros-trabajos" "Mozilla/5.0 (Windows NT 6.1; WOW64; Trident/7.0; rv:11.0) like Gecko" "-"
212.89.24.6 - - [11/Dec/2019:01:06:31 +0100] "GET /wp-content/uploads/2019/05/asw-white-300x126.png HTTP/1.1" 200 15424 "http://amazingsportwear.com/content/16-nuestros-trabajos" "Mozilla/5.0 (Windows NT 6.1; WOW64; Trident/7.0; rv:11.0) like Gecko" "-"
212.89.24.6 - - [11/Dec/2019:01:06:31 +0100] "GET /wp-content/plugins/simple-social-icons/symbol-defs.svg HTTP/1.1" 200 19613 "http://amazingsportwear.com/content/16-nuestros-trabajos" "Mozilla/5.0 (Windows NT 6.1; WOW64; Trident/7.0; rv:11.0) like Gecko" "_ga=GA1.2.1631608900.1576022784; _gid=GA1.2.1616607300.1576022784; _gat_gtag_UA_91619287_1=1; wpfront-notification-bar-landingpage=1"
217.76.130.90 - - [11/Dec/2019:01:07:24 +0100] "POST /wp-cron.php?doing_wp_cron=1576022844.3553359508514404296875 HTTP/1.1" 200 164 "http://amazingsportwear.com/wp-cron.php?doing_wp_cron=1576022844.3553359508514404296875" "WordPress/5.2.4; https://amazingsportwear.com" "-"
157.55.39.100 - - [11/Dec/2019:01:07:23 +0100] "GET /16-futbol HTTP/1.1" 404 68003 "-" "Mozilla/5.0 (iPhone; CPU iPhone OS 7_0 like Mac OS X) AppleWebKit/537.51.1 (KHTML, like Gecko) Version/7.0 Mobile/11A465 Safari/9537.53 (compatible; bingbot/2.0; +http://www.bing.com/bingbot.htm)" "-"
217.76.130.90 - - [11/Dec/2019:01:08:37 +0100] "POST /wp-cron.php?doing_wp_cron=1576022917.8444869518280029296875 HTTP/1.1" 200 3389 "https://amazingsportwear.com/wp-cron.php?doing_wp_cron=1576022917.8444869518280029296875" "WordPress/5.2.4; https://amazingsportwear.com" "-"
207.46.13.177 - - [11/Dec/2019:01:08:37 +0100] "GET /producto/camiseta-tecnica-dinamic/ HTTP/1.1" 200 102109 "-" "Mozilla/5.0 (compatible; bingbot/2.0; +http://www.bing.com/bingbot.htm)" "-"
181.28.89.49 - - [11/Dec/2019:01:11:12 +0100] "GET /wp-content/uploads/2019/04/Gorra-sport-6.png HTTP/1.1" 200 44623 "https://www.google.com.ar/" "Mozilla/5.0 (Windows NT 10.0; Win64; x64) AppleWebKit/537.36 (KHTML, like Gecko) Chrome/78.0.3904.108 Safari/537.36" "-"
217.76.130.90 - - [11/Dec/2019:01:17:13 +0100] "POST /wp-cron.php?doing_wp_cron=1576023433.6644589900970458984375 HTTP/1.1" 200 164 "http://amazingsportwear.com/wp-cron.php?doing_wp_cron=1576023433.6644589900970458984375" "WordPress/5.2.4; https://amazingsportwear.com" "-"
66.249.64.26 - - [11/Dec/2019:01:17:10 +0100] "GET /robots.txt HTTP/1.1" 200 432 "-" "Mozilla/5.0 (compatible; Googlebot/2.1; +http://www.google.com/bot.html)" "-"
66.249.64.27 - - [11/Dec/2019:01:17:14 +0100] "GET /sitemap.xml HTTP/1.1" 301 453 "-" "Mozilla/5.0 (compatible; Googlebot/2.1; +http://www.google.com/bot.html)" "-"
66.249.64.159 - - [11/Dec/2019:01:17:15 +0100] "GET /sitemap.xml HTTP/1.1" 404 51658 "-" "Mozilla/5.0 (compatible; Googlebot/2.1; +http://www.google.com/bot.html)" "-"
66.249.64.146 - - [11/Dec/2019:01:18:58 +0100] "GET /wp-content/uploads/2019/04/gorra-krox-1.png HTTP/1.1" 304 3566 "-" "Googlebot-Image/1.0" "-"
157.55.39.90 - - [11/Dec/2019:01:35:27 +0100] "GET /wp-content/uploads/2019/04/Bidon-doger-2.png HTTP/1.1" 200 69481 "-" "Mozilla/5.0 (compatible; bingbot/2.0; +http://www.bing.com/bingbot.htm)" "-"
217.76.130.90 - - [11/Dec/2019:01:37:02 +0100] "POST /wp-cron.php?doing_wp_cron=1576024622.8884379863739013671875 HTTP/1.1" 200 164 "http://amazingsportwear.com/wp-cron.php?doing_wp_cron=1576024622.8884379863739013671875" "WordPress/5.2.4; https://amazingsportwear.com" "-"
207.46.13.223 - - [11/Dec/2019:01:37:00 +0100] "GET /15-atletismo HTTP/1.1" 404 68054 "-" "Mozilla/5.0 (iPhone; CPU iPhone OS 7_0 like Mac OS X) AppleWebKit/537.51.1 (KHTML, like Gecko) Version/7.0 Mobile/11A465 Safari/9537.53 (compatible; bingbot/2.0; +http://www.bing.com/bingbot.htm)" "-"
157.55.39.90 - - [11/Dec/2019:01:44:57 +0100] "GET /wp-content/uploads/2019/04/Bidon-doger-4.png HTTP/1.1" 200 62607 "-" "Mozilla/5.0 (compatible; bingbot/2.0; +http://www.bing.com/bingbot.htm)" "-"
217.76.130.90 - - [11/Dec/2019:02:00:02 +0100] "POST /wp-cron.php?doing_wp_cron=1576026002.6410329341888427734375 HTTP/1.1" 200 164 "http://amazingsportwear.com/wp-cron.php?doing_wp_cron=1576026002.6410329341888427734375" "WordPress/5.2.4; https://amazingsportwear.com" "-"
66.249.64.128 - - [11/Dec/2019:02:00:02 +0100] "GET /tenis-padel/51-pantalon-corto-tenis-padel.html HTTP/1.1" 404 68083 "-" "Mozilla/5.0 (Linux; Android 6.0.1; Nexus 5X Build/MMB29P) AppleWebKit/537.36 (KHTML, like Gecko) Chrome/41.0.2272.96 Mobile Safari/537.36 (compatible; Googlebot/2.1; +http://www.google.com/bot.html)" "-"
217.76.130.90 - - [11/Dec/2019:02:01:43 +0100] "POST /wp-cron.php?doing_wp_cron=1576026103.3792641162872314453125 HTTP/1.1" 200 3389 "https://amazingsportwear.com/wp-cron.php?doing_wp_cron=1576026103.3792641162872314453125" "WordPress/5.2.4; https://amazingsportwear.com" "-"
40.77.167.38 - - [11/Dec/2019:02:01:42 +0100] "GET /producto/bidon-iskan/ HTTP/1.1" 200 99594 "-" "Mozilla/5.0 (compatible; bingbot/2.0; +http://www.bing.com/bingbot.htm)" "-"
217.76.130.90 - - [11/Dec/2019:02:02:07 +0100] "POST /wp-cron.php?doing_wp_cron=1576026127.8728380203247070312500 HTTP/1.1" 200 164 "http://amazingsportwear.com/wp-cron.php?doing_wp_cron=1576026127.8728380203247070312500" "WordPress/5.2.4; https://amazingsportwear.com" "-"
46.118.232.12 - - [11/Dec/2019:02:02:07 +0100] "GET /25-camisetas-y-faldas-mujer/ HTTP/1.1" 404 68005 "https://torrentred.games/" "Mozilla/4.0 (compatible; MSIE 6.0; Windows NT 5.1; Deepnet Explorer 1.5.0; .NET CLR 1.0.3705)" "-"
46.118.232.12 - - [11/Dec/2019:02:02:09 +0100] "GET /25-camisetas-y-faldas-mujer/ HTTP/1.1" 404 67980 "https://torrentred.games/" "Mozilla/4.0 (compatible; MSIE 6.0; Windows NT 5.1; Deepnet Explorer 1.5.0; .NET CLR 1.0.3705)" "-"
46.118.232.12 - - [11/Dec/2019:02:02:11 +0100] "GET /25-camisetas-y-faldas-mujer/ HTTP/1.1" 404 68010 "https://torrentred.games/" "Mozilla/4.0 (compatible; MSIE 6.0; Windows NT 5.1; Deepnet Explorer 1.5.0; .NET CLR 1.0.3705)" "-"
217.76.130.90 - - [11/Dec/2019:02:09:51 +0100] "POST /wp-cron.php?doing_wp_cron=1576026591.9077129364013671875000 HTTP/1.1" 200 3389 "https://amazingsportwear.com/wp-cron.php?doing_wp_cron=1576026591.9077129364013671875000" "WordPress/5.2.4; https://amazingsportwear.com" "-"
207.46.13.177 - - [11/Dec/2019:02:09:51 +0100] "GET /tienda/354-zapatilla-tram.html HTTP/1.1" 404 72315 "-" "Mozilla/5.0 (compatible; bingbot/2.0; +http://www.bing.com/bingbot.htm)" "-"
189.203.149.180 - - [11/Dec/2019:02:11:11 +0100] "GET /wp-content/uploads/2019/04/SA-1070-2.png HTTP/1.1" 200 175956 "https://www.google.com/" "Mozilla/5.0 (Windows NT 6.1; Win64; x64) AppleWebKit/537.36 (KHTML, like Gecko) Chrome/78.0.3904.108 Safari/537.36" "-"
217.76.130.90 - - [11/Dec/2019:02:13:38 +0100] "POST /wp-cron.php?doing_wp_cron=1576026818.8816010951995849609375 HTTP/1.1" 200 3389 "https://amazingsportwear.com/wp-cron.php?doing_wp_cron=1576026818.8816010951995849609375" "WordPress/5.2.4; https://amazingsportwear.com" "-"
17.58.96.177 - - [11/Dec/2019:02:13:38 +0100] "GET /producto/camiseta-hombre-dogo-premium/ HTTP/1.1" 200 100269 "-" "Mozilla/5.0 (Macintosh; Intel Mac OS X 10_10_1) AppleWebKit/600.2.5 (KHTML, like Gecko) Version/8.0.2 Safari/600.2.5 (Applebot/0.1; +http://www.apple.com/go/applebot)" "-"
217.76.130.90 - - [11/Dec/2019:02:15:19 +0100] "POST /wp-cron.php?doing_wp_cron=1576026919.4616739749908447265625 HTTP/1.1" 200 3389 "https://amazingsportwear.com/wp-cron.php?doing_wp_cron=1576026919.4616739749908447265625" "WordPress/5.2.4; https://amazingsportwear.com" "-"
157.55.39.90 - - [11/Dec/2019:02:15:18 +0100] "GET /tienda/255-calcetin-deportivo-lycra-cp-lycra.html HTTP/1.1" 404 72333 "-" "Mozilla/5.0 (compatible; bingbot/2.0; +http://www.bing.com/bingbot.htm)" "-"
157.55.39.90 - - [11/Dec/2019:02:15:21 +0100] "GET /wp-content/uploads/2019/04/bolsa-deporte-young-2.png HTTP/1.1" 200 129849 "-" "Mozilla/5.0 (compatible; bingbot/2.0; +http://www.bing.com/bingbot.htm)" "-"
181.64.223.138 - - [11/Dec/2019:02:15:22 +0100] "GET /wp-content/uploads/2019/04/Gorra-sport-6.png HTTP/1.1" 200 44623 "https://www.google.com.pe/" "Mozilla/5.0 (Windows NT 6.3; Win64; x64) AppleWebKit/537.36 (KHTML, like Gecko) Chrome/78.0.3904.108 Safari/537.36" "-"
66.249.64.144 - - [11/Dec/2019:02:20:18 +0100] "GET /wp-content/uploads/2018/05/ENY-SU13W-3-300x300.jpg HTTP/1.1" 304 3565 "-" "Googlebot-Image/1.0" "-"
217.76.130.90 - - [11/Dec/2019:02:35:08 +0100] "POST /wp-cron.php?doing_wp_cron=1576028108.7868549823760986328125 HTTP/1.1" 200 3389 "https://amazingsportwear.com/wp-cron.php?doing_wp_cron=1576028108.7868549823760986328125" "WordPress/5.2.4; https://amazingsportwear.com" "-"
207.46.13.177 - - [11/Dec/2019:02:35:08 +0100] "GET /producto/bidon-sumo/ HTTP/1.1" 200 96722 "-" "Mozilla/5.0 (compatible; bingbot/2.0; +http://www.bing.com/bingbot.htm)" "-"
217.76.130.90 - - [11/Dec/2019:02:41:57 +0100] "POST /wp-cron.php?doing_wp_cron=1576028517.6142110824584960937500 HTTP/1.1" 200 3389 "https://amazingsportwear.com/wp-cron.php?doing_wp_cron=1576028517.6142110824584960937500" "WordPress/5.2.4; https://amazingsportwear.com" "-"
173.252.127.34 - - [11/Dec/2019:02:41:56 +0100] "GET / HTTP/1.1" 200 125565 "-" "facebookexternalhit/1.1 (+http://www.facebook.com/externalhit_uatext.php)" "-"
173.252.127.19 - - [11/Dec/2019:02:42:01 +0100] "GET /contacta-con-nosotros HTTP/1.1" 301 319 "-" "facebookexternalhit/1.1 (+http://www.facebook.com/externalhit_uatext.php)" "-"
173.252.127.19 - - [11/Dec/2019:02:42:02 +0100] "GET /contacta-con-nosotros/ HTTP/1.1" 200 58197 "-" "facebookexternalhit/1.1 (+http://www.facebook.com/externalhit_uatext.php)" "-"
217.76.130.90 - - [11/Dec/2019:02:52:27 +0100] "POST /wp-cron.php?doing_wp_cron=1576029147.4233961105346679687500 HTTP/1.1" 200 164 "http://amazingsportwear.com/wp-cron.php?doing_wp_cron=1576029147.4233961105346679687500" "WordPress/5.2.4; https://amazingsportwear.com" "-"
66.249.64.128 - - [11/Dec/2019:02:52:26 +0100] "GET /futbol/32-sudadera-cuello-redondo-futbol.html HTTP/1.1" 404 68096 "-" "Mozilla/5.0 (Linux; Android 6.0.1; Nexus 5X Build/MMB29P) AppleWebKit/537.36 (KHTML, like Gecko) Chrome/41.0.2272.96 Mobile Safari/537.36 (compatible; Googlebot/2.1; +http://www.google.com/bot.html)" "-"
40.77.167.38 - - [11/Dec/2019:03:01:10 +0100] "GET /wp-content/uploads/2017/03/aq-cosmic-hombre-peq.jpg HTTP/1.1" 200 731387 "-" "Mozilla/5.0 (compatible; bingbot/2.0; +http://www.bing.com/bingbot.htm)" "-"
40.77.167.38 - - [11/Dec/2019:03:02:19 +0100] "GET /wp-content/uploads/2019/04/Brazalete-running-con-led-1.png HTTP/1.1" 200 74300 "-" "Mozilla/5.0 (compatible; bingbot/2.0; +http://www.bing.com/bingbot.htm)" "-"
177.225.109.63 - - [11/Dec/2019:03:03:49 +0100] "GET /wp-content/uploads/2019/04/Gorra-sport-10.png HTTP/1.1" 200 60426 "https://www.google.com/" "Mozilla/5.0 (Windows NT 10.0; Win64; x64) AppleWebKit/537.36 (KHTML, like Gecko) Chrome/78.0.3904.108 Safari/537.36" "-"
177.232.87.173 - - [11/Dec/2019:03:04:13 +0100] "GET /wp-content/uploads/2019/04/Gorra-sport-6.png HTTP/1.1" 200 44623 "https://www.google.com/" "Mozilla/5.0 (Windows NT 10.0; Win64; x64; rv:71.0) Gecko/20100101 Firefox/71.0" "-"
217.76.130.90 - - [11/Dec/2019:03:07:59 +0100] "POST /wp-cron.php?doing_wp_cron=1576030079.7264180183410644531250 HTTP/1.1" 200 3389 "https://amazingsportwear.com/wp-cron.php?doing_wp_cron=1576030079.7264180183410644531250" "WordPress/5.2.4; https://amazingsportwear.com" "-"
207.46.13.223 - - [11/Dec/2019:03:07:59 +0100] "GET /producto/camiseta-tecnica-arabia-mujer-eny-ar02-blanca/ HTTP/1.1" 200 104626 "-" "Mozilla/5.0 (compatible; bingbot/2.0; +http://www.bing.com/bingbot.htm)" "-"
207.46.13.177 - - [11/Dec/2019:03:08:16 +0100] "GET /wp-content/uploads/2019/04/Gorra-sport-3.png HTTP/1.1" 200 91212 "-" "Mozilla/5.0 (compatible; bingbot/2.0; +http://www.bing.com/bingbot.htm)" "-"
207.46.13.223 - - [11/Dec/2019:03:09:54 +0100] "GET /wp-content/uploads/2019/04/mochila-decath-6.png HTTP/1.1" 200 77899 "-" "Mozilla/5.0 (compatible; bingbot/2.0; +http://www.bing.com/bingbot.htm)" "-"
217.76.130.90 - - [11/Dec/2019:03:10:07 +0100] "POST /wp-cron.php?doing_wp_cron=1576030207.5788140296936035156250 HTTP/1.1" 200 3389 "https://amazingsportwear.com/wp-cron.php?doing_wp_cron=1576030207.5788140296936035156250" "WordPress/5.2.4; https://amazingsportwear.com" "-"
60.160.143.75 - - [11/Dec/2019:03:10:06 +0100] "GET /producto/mochila-decath/ HTTP/1.1" 200 97086 "-" "Mozilla/5.0(Linux;U;Android 5.1.1;zh-CN;OPPO A33 Build/LMY47V) AppleWebKit/537.36(KHTML,like Gecko) Version/4.0 Chrome/40.0.2214.89 UCBrowser/11.7.0.953 Mobile Safari/537.36" "-"
183.163.45.125 - - [11/Dec/2019:03:10:32 +0100] "GET /wp-content/uploads/2019/04/SA-1105-1.png HTTP/1.1" 200 176971 "-" "Mozilla/5.0 (Linux; Android 7.0; FRD-AL00 Build/HUAWEIFRD-AL00; wv) AppleWebKit/537.36 (KHTML, like Gecko) Version/4.0 Chrome/53.0.2785.49 Mobile MQQBrowser/6.2 TBS/043602 Safari/537.36 MicroMessenger/6.5.16.1120 NetType/WIFI Language/zh_CN" "-"
49.88.118.240 - - [11/Dec/2019:03:10:34 +0100] "GET /categoria-producto/inicio/page/20 HTTP/1.1" 301 3557 "-" "Mozilla/5.0(Linux;U;Android 5.1.1;zh-CN;OPPO A33 Build/LMY47V) AppleWebKit/537.36(KHTML,like Gecko) Version/4.0 Chrome/40.0.2214.89 UCBrowser/11.7.0.953 Mobile Safari/537.36" "-"
60.185.75.191 - - [11/Dec/2019:03:10:35 +0100] "GET /categoria-producto/hombre/page/7 HTTP/1.1" 301 3556 "-" "Mozilla/5.0(Linux;Android 5.1.1;OPPO A33 Build/LMY47V;wv) AppleWebKit/537.36(KHTML,link Gecko) Version/4.0 Chrome/42.0.2311.138 Mobile Safari/537.36 Mb2345Browser/9.0" "-"
1.194.86.161 - - [11/Dec/2019:03:10:34 +0100] "GET /wp-content/uploads/2019/04/toalla-absorvente-gymnasio-7.png HTTP/1.1" 200 151511 "-" "Mozilla/5.0(Linux;U;Android 5.1.1;zh-CN;OPPO A33 Build/LMY47V) AppleWebKit/537.36(KHTML,like Gecko) Version/4.0 Chrome/40.0.2214.89 UCBrowser/11.7.0.953 Mobile Safari/537.36" "-"
49.88.118.240 - - [11/Dec/2019:03:10:36 +0100] "GET /categoria-producto/inicio/page/20/ HTTP/1.1" 200 76756 "-" "Mozilla/5.0(Linux;U;Android 5.1.1;zh-CN;OPPO A33 Build/LMY47V) AppleWebKit/537.36(KHTML,like Gecko) Version/4.0 Chrome/40.0.2214.89 UCBrowser/11.7.0.953 Mobile Safari/537.36" "wpfront-notification-bar-landingpage=1"
60.185.75.191 - - [11/Dec/2019:03:10:37 +0100] "GET /categoria-producto/hombre/page/7/ HTTP/1.1" 200 77889 "-" "Mozilla/5.0(Linux;Android 5.1.1;OPPO A33 Build/LMY47V;wv) AppleWebKit/537.36(KHTML,link Gecko) Version/4.0 Chrome/42.0.2311.138 Mobile Safari/537.36 Mb2345Browser/9.0" "wpfront-notification-bar-landingpage=1"
175.173.221.53 - - [11/Dec/2019:03:10:43 +0100] "GET /wp-content/uploads/2017/03/aq-jaguar-562.jpg HTTP/1.1" 200 50258 "-" "Mozilla/5.0 (Linux; Android 7.0; FRD-AL00 Build/HUAWEIFRD-AL00; wv) AppleWebKit/537.36 (KHTML, like Gecko) Version/4.0 Chrome/53.0.2785.49 Mobile MQQBrowser/6.2 TBS/043602 Safari/537.36 MicroMessenger/6.5.16.1120 NetType/WIFI Language/zh_CN" "-"
114.236.162.187 - - [11/Dec/2019:03:10:43 +0100] "GET /etiqueta-producto/camiseta-tecnica-indianapolis HTTP/1.1" 301 3571 "-" "Mozilla/5.0(Linux;Android 5.1.1;OPPO A33 Build/LMY47V;wv) AppleWebKit/537.36(KHTML,link Gecko) Version/4.0 Chrome/43.0.2357.121 Mobile Safari/537.36 LieBaoFast/4.51.3" "-"
114.236.162.187 - - [11/Dec/2019:03:10:45 +0100] "GET /etiqueta-producto/camiseta-tecnica-indianapolis/ HTTP/1.1" 200 54150 "-" "Mozilla/5.0(Linux;Android 5.1.1;OPPO A33 Build/LMY47V;wv) AppleWebKit/537.36(KHTML,link Gecko) Version/4.0 Chrome/43.0.2357.121 Mobile Safari/537.36 LieBaoFast/4.51.3" "wpfront-notification-bar-landingpage=1"
217.76.130.90 - - [11/Dec/2019:03:11:07 +0100] "POST /wp-cron.php?doing_wp_cron=1576030267.3664140701293945312500 HTTP/1.1" 200 3389 "https://amazingsportwear.com/wp-cron.php?doing_wp_cron=1576030267.3664140701293945312500" "WordPress/5.2.4; https://amazingsportwear.com" "-"
223.244.152.68 - - [11/Dec/2019:03:11:06 +0100] "GET /producto/culoute-corto-ciclismo-3?add-to-cart=18698 HTTP/1.1" 301 4816 "-" "Mozilla/5.0 (Linux; Android 7.0; FRD-AL00 Build/HUAWEIFRD-AL00; wv) AppleWebKit/537.36 (KHTML, like Gecko) Version/4.0 Chrome/53.0.2785.49 Mobile MQQBrowser/6.2 TBS/043602 Safari/537.36 MicroMessenger/6.5.16.1120 NetType/WIFI Language/zh_CN" "-"
36.56.146.116 - - [11/Dec/2019:03:11:07 +0100] "GET /producto/culoute-corto-ciclismo HTTP/1.1" 301 3555 "-" "Mozilla/5.0(Linux;Android 5.1.1;OPPO A33 Build/LMY47V;wv) AppleWebKit/537.36(KHTML,link Gecko) Version/4.0 Chrome/42.0.2311.138 Mobile Safari/537.36 Mb2345Browser/9.0" "-"
223.244.152.68 - - [11/Dec/2019:03:11:08 +0100] "GET /producto/culoute-corto-ciclismo-3/?add-to-cart=18698 HTTP/1.1" 200 77394 "-" "Mozilla/5.0 (Linux; Android 7.0; FRD-AL00 Build/HUAWEIFRD-AL00; wv) AppleWebKit/537.36 (KHTML, like Gecko) Version/4.0 Chrome/53.0.2785.49 Mobile MQQBrowser/6.2 TBS/043602 Safari/537.36 MicroMessenger/6.5.16.1120 NetType/WIFI Language/zh_CN" "woocommerce_cart_hash=4675fb67b8b694e62541814e106fa3d9; woocommerce_items_in_cart=1; wp_woocommerce_session_fb86dbb0e6335d960ea3e94e06b25287=a2b786ee053f66c98c1f9a3d9ce9b097%7C%7C1576203067%7C%7C1576199467%7C%7Ca502cef18f29af0676da8d998c4965c0; wpfront-notification-bar-landingpage=1"
36.56.146.116 - - [11/Dec/2019:03:11:10 +0100] "GET /producto/culoute-corto-ciclismo/ HTTP/1.1" 200 91966 "-" "Mozilla/5.0(Linux;Android 5.1.1;OPPO A33 Build/LMY47V;wv) AppleWebKit/537.36(KHTML,link Gecko) Version/4.0 Chrome/42.0.2311.138 Mobile Safari/537.36 Mb2345Browser/9.0" "wpfront-notification-bar-landingpage=1"
14.106.106.72 - - [11/Dec/2019:03:11:30 +0100] "GET /etiqueta-producto/botella-aqua HTTP/1.1" 301 3554 "-" "Mozilla/5.0 (Linux; Android 7.0; FRD-AL00 Build/HUAWEIFRD-AL00; wv) AppleWebKit/537.36 (KHTML, like Gecko) Version/4.0 Chrome/53.0.2785.49 Mobile MQQBrowser/6.2 TBS/043602 Safari/537.36 MicroMessenger/6.5.16.1120 NetType/WIFI Language/zh_CN" "-"
14.106.106.72 - - [11/Dec/2019:03:11:34 +0100] "GET /etiqueta-producto/botella-aqua/ HTTP/1.1" 200 53815 "-" "Mozilla/5.0 (Linux; Android 7.0; FRD-AL00 Build/HUAWEIFRD-AL00; wv) AppleWebKit/537.36 (KHTML, like Gecko) Version/4.0 Chrome/53.0.2785.49 Mobile MQQBrowser/6.2 TBS/043602 Safari/537.36 MicroMessenger/6.5.16.1120 NetType/WIFI Language/zh_CN" "wpfront-notification-bar-landingpage=1"
122.232.219.162 - - [11/Dec/2019:03:11:43 +0100] "GET /categoria-producto/hombre/sudaderas HTTP/1.1" 301 3559 "-" "Mozilla/5.0(Linux;U;Android 5.1.1;zh-CN;OPPO A33 Build/LMY47V) AppleWebKit/537.36(KHTML,like Gecko) Version/4.0 Chrome/40.0.2214.89 UCBrowser/11.7.0.953 Mobile Safari/537.36" "-"
122.232.219.162 - - [11/Dec/2019:03:11:47 +0100] "GET /categoria-producto/hombre/sudaderas/ HTTP/1.1" 200 60384 "-" "Mozilla/5.0(Linux;U;Android 5.1.1;zh-CN;OPPO A33 Build/LMY47V) AppleWebKit/537.36(KHTML,like Gecko) Version/4.0 Chrome/40.0.2214.89 UCBrowser/11.7.0.953 Mobile Safari/537.36" "wpfront-notification-bar-landingpage=1"
49.85.28.230 - - [11/Dec/2019:03:11:54 +0100] "GET /producto/camiseta-manga-corta-ranglan-futbol-3?add-to-cart=18694 HTTP/1.1" 301 4829 "-" "Mozilla/5.0(Linux;Android 5.1.1;OPPO A33 Build/LMY47V;wv) AppleWebKit/537.36(KHTML,link Gecko) Version/4.0 Chrome/42.0.2311.138 Mobile Safari/537.36 Mb2345Browser/9.0" "-"
49.85.28.230 - - [11/Dec/2019:03:11:56 +0100] "GET /producto/camiseta-manga-corta-ranglan-futbol-3/?add-to-cart=18694 HTTP/1.1" 200 78157 "-" "Mozilla/5.0(Linux;Android 5.1.1;OPPO A33 Build/LMY47V;wv) AppleWebKit/537.36(KHTML,link Gecko) Version/4.0 Chrome/42.0.2311.138 Mobile Safari/537.36 Mb2345Browser/9.0" "woocommerce_cart_hash=4d788c9ba4af6a2039b521fb98911398; woocommerce_items_in_cart=1; wp_woocommerce_session_fb86dbb0e6335d960ea3e94e06b25287=45b07f4829ba9c287d906dcb29a3265a%7C%7C1576203115%7C%7C1576199515%7C%7Cb0d7422bc43214bd2d321ce7498d9ae1; wpfront-notification-bar-landingpage=1"
157.55.39.90 - - [11/Dec/2019:03:18:14 +0100] "GET /wp-content/uploads/2019/04/Bidon-doger-4.png HTTP/1.1" 200 62607 "-" "Mozilla/5.0 (compatible; bingbot/2.0; +http://www.bing.com/bingbot.htm)" "-"
217.76.130.90 - - [11/Dec/2019:03:20:41 +0100] "POST /wp-cron.php?doing_wp_cron=1576030841.3829638957977294921875 HTTP/1.1" 200 3389 "https://amazingsportwear.com/wp-cron.php?doing_wp_cron=1576030841.3829638957977294921875" "WordPress/5.2.4; https://amazingsportwear.com" "-"
66.102.8.148 - - [11/Dec/2019:03:20:40 +0100] "GET /producto/mochila-jeremy/ HTTP/1.1" 200 95882 "-" "Mozilla/5.0 (Linux; Android 4.2.1; en-us; Nexus 5 Build/JOP40D) AppleWebKit/535.19 (KHTML, like Gecko; googleweblight) Chrome/38.0.1025.166 Mobile Safari/535.19" "-"
66.102.8.148 - - [11/Dec/2019:03:20:42 +0100] "GET /wp-content/plugins/simple-social-icons/svgxuse.js?ver=1.1.21 HTTP/1.1" 200 9580 "https://amazingsportwear.com/producto/mochila-jeremy/" "Mozilla/5.0 (Linux; Android 4.2.1; en-us; Nexus 5 Build/JOP40D) AppleWebKit/535.19 (KHTML, like Gecko; googleweblight) Chrome/38.0.1025.166 Mobile Safari/535.19" "-"
66.102.8.148 - - [11/Dec/2019:03:20:42 +0100] "GET /wp-content/themes/shopper/assets/sass/woocommerce/woocommerce.css?ver=5.2.4 HTTP/1.1" 200 83534 "https://amazingsportwear.com/producto/mochila-jeremy/" "Mozilla/5.0 (Linux; Android 4.2.1; en-us; Nexus 5 Build/JOP40D) AppleWebKit/535.19 (KHTML, like Gecko; googleweblight) Chrome/38.0.1025.166 Mobile Safari/535.19" "-"
66.102.8.148 - - [11/Dec/2019:03:20:42 +0100] "GET /wp-includes/css/dist/block-library/style.min.css?ver=5.2.4 HTTP/1.1" 200 33023 "https://amazingsportwear.com/producto/mochila-jeremy/" "Mozilla/5.0 (Linux; Android 4.2.1; en-us; Nexus 5 Build/JOP40D) AppleWebKit/535.19 (KHTML, like Gecko; googleweblight) Chrome/38.0.1025.166 Mobile Safari/535.19" "-"
66.102.8.146 - - [11/Dec/2019:03:20:42 +0100] "GET /wp-content/plugins/woocommerce/assets/js/frontend/add-to-cart.min.js?ver=3.6.4 HTTP/1.1" 200 6346 "https://amazingsportwear.com/producto/mochila-jeremy/" "Mozilla/5.0 (Linux; Android 4.2.1; en-us; Nexus 5 Build/JOP40D) AppleWebKit/535.19 (KHTML, like Gecko; googleweblight) Chrome/38.0.1025.166 Mobile Safari/535.19" "-"
66.102.8.148 - - [11/Dec/2019:03:20:42 +0100] "GET /wp-content/plugins/woocommerce/assets/js/jquery-blockui/jquery.blockUI.min.js?ver=2.70 HTTP/1.1" 200 13271 "https://amazingsportwear.com/producto/mochila-jeremy/" "Mozilla/5.0 (Linux; Android 4.2.1; en-us; Nexus 5 Build/JOP40D) AppleWebKit/535.19 (KHTML, like Gecko; googleweblight) Chrome/38.0.1025.166 Mobile Safari/535.19" "-"
66.102.8.146 - - [11/Dec/2019:03:20:42 +0100] "GET /wp-includes/js/jquery/jquery-migrate.min.js?ver=1.4.1 HTTP/1.1" 200 13762 "https://amazingsportwear.com/producto/mochila-jeremy/" "Mozilla/5.0 (Linux; Android 4.2.1; en-us; Nexus 5 Build/JOP40D) AppleWebKit/535.19 (KHTML, like Gecko; googleweblight) Chrome/38.0.1025.166 Mobile Safari/535.19" "-"
66.102.8.144 - - [11/Dec/2019:03:20:42 +0100] "GET /wp-content/plugins/cookie-law-info/public/css/cookie-law-info-gdpr.css?ver=1.7.6 HTTP/1.1" 200 15808 "https://amazingsportwear.com/producto/mochila-jeremy/" "Mozilla/5.0 (Linux; Android 4.2.1; en-us; Nexus 5 Build/JOP40D) AppleWebKit/535.19 (KHTML, like Gecko; googleweblight) Chrome/38.0.1025.166 Mobile Safari/535.19" "-"
66.102.8.146 - - [11/Dec/2019:03:20:42 +0100] "GET /wp-content/plugins/cookie-law-info/public/css/cookie-law-info-public.css?ver=1.7.6 HTTP/1.1" 200 6598 "https://amazingsportwear.com/producto/mochila-jeremy/" "Mozilla/5.0 (Linux; Android 4.2.1; en-us; Nexus 5 Build/JOP40D) AppleWebKit/535.19 (KHTML, like Gecko; googleweblight) Chrome/38.0.1025.166 Mobile Safari/535.19" "-"
66.102.8.148 - - [11/Dec/2019:03:20:42 +0100] "GET /wp-content/plugins/wpfront-notification-bar/css/wpfront-notification-bar.css?ver=1.7.1 HTTP/1.1" 200 7026 "https://amazingsportwear.com/producto/mochila-jeremy/" "Mozilla/5.0 (Linux; Android 4.2.1; en-us; Nexus 5 Build/JOP40D) AppleWebKit/535.19 (KHTML, like Gecko; googleweblight) Chrome/38.0.1025.166 Mobile Safari/535.19" "-"
