81.37.143.102 - - [02/Dec/2019:20:42:14 +0100] "GET /wp-content/uploads/2018/05/cat-4520-amarillo-300x300.jpg HTTP/1.1" 200 10363 "https://amazingsportwear.com/producto/mochila-humus/" "Mozilla/5.0 (Macintosh; Intel Mac OS X 10.10; rv:70.0) Gecko/20100101 Firefox/70.0" "-"
81.37.143.102 - - [02/Dec/2019:20:42:14 +0100] "GET /wp-content/uploads/2019/04/mochila-humus-2.png HTTP/1.1" 200 126367 "https://amazingsportwear.com/producto/mochila-humus/" "Mozilla/5.0 (Macintosh; Intel Mac OS X 10.10; rv:70.0) Gecko/20100101 Firefox/70.0" "-"
81.37.143.102 - - [02/Dec/2019:20:42:14 +0100] "GET /wp-content/uploads/2019/05/asw-white-300x126.png HTTP/1.1" 200 12061 "https://amazingsportwear.com/producto/mochila-humus/" "Mozilla/5.0 (Macintosh; Intel Mac OS X 10.10; rv:70.0) Gecko/20100101 Firefox/70.0" "-"
81.37.143.102 - - [02/Dec/2019:20:42:14 +0100] "GET /wp-content/uploads/2019/04/mochila-humus-8.png HTTP/1.1" 200 123458 "https://amazingsportwear.com/producto/mochila-humus/" "Mozilla/5.0 (Macintosh; Intel Mac OS X 10.10; rv:70.0) Gecko/20100101 Firefox/70.0" "-"
81.37.143.102 - - [02/Dec/2019:20:42:14 +0100] "GET /wp-content/plugins/product-enquiry-for-woocommerce/img/contact/loading.gif HTTP/1.1" 200 3834 "https://amazingsportwear.com/producto/mochila-humus/" "Mozilla/5.0 (Macintosh; Intel Mac OS X 10.10; rv:70.0) Gecko/20100101 Firefox/70.0" "-"
81.37.143.102 - - [02/Dec/2019:20:42:14 +0100] "GET /wp-content/uploads/2019/04/mochila-jeremy-1-300x300.png HTTP/1.1" 200 44325 "https://amazingsportwear.com/producto/mochila-humus/" "Mozilla/5.0 (Macintosh; Intel Mac OS X 10.10; rv:70.0) Gecko/20100101 Firefox/70.0" "-"
81.37.143.102 - - [02/Dec/2019:20:42:15 +0100] "GET /wp-content/plugins/simple-social-icons/symbol-defs.svg HTTP/1.1" 200 19699 "https://amazingsportwear.com/producto/mochila-humus/" "Mozilla/5.0 (Macintosh; Intel Mac OS X 10.10; rv:70.0) Gecko/20100101 Firefox/70.0" "-"
81.37.143.102 - - [02/Dec/2019:20:42:15 +0100] "GET /wp-content/themes/shopper/assets/fonts/fontawesome-webfont.woff2?v=4.7.0 HTTP/1.1" 200 77615 "https://amazingsportwear.com/wp-content/themes/shopper/style.css?ver=1.3.8" "Mozilla/5.0 (Macintosh; Intel Mac OS X 10.10; rv:70.0) Gecko/20100101 Firefox/70.0" "-"
81.37.143.102 - - [02/Dec/2019:20:42:15 +0100] "GET /wp-content/uploads/2019/05/cropped-favicon-nuevo-logo-amazinf-128px-192x192.png HTTP/1.1" 200 10880 "-" "Mozilla/5.0 (Macintosh; Intel Mac OS X 10.10; rv:70.0) Gecko/20100101 Firefox/70.0" "-"
81.37.143.102 - - [02/Dec/2019:20:42:15 +0100] "GET /wp-content/uploads/2019/05/cropped-favicon-nuevo-logo-amazinf-128px-32x32.png HTTP/1.1" 200 1224 "-" "Mozilla/5.0 (Macintosh; Intel Mac OS X 10.10; rv:70.0) Gecko/20100101 Firefox/70.0" "-"
81.37.143.102 - - [02/Dec/2019:20:42:15 +0100] "GET /wp-content/uploads/2019/04/mochila-humus-4-100x100.png HTTP/1.1" 200 8214 "https://amazingsportwear.com/producto/mochila-humus/" "Mozilla/5.0 (Macintosh; Intel Mac OS X 10.10; rv:70.0) Gecko/20100101 Firefox/70.0" "-"
81.37.143.102 - - [02/Dec/2019:20:42:15 +0100] "GET /wp-content/uploads/2019/04/mochila-humus-5-100x100.png HTTP/1.1" 200 8543 "https://amazingsportwear.com/producto/mochila-humus/" "Mozilla/5.0 (Macintosh; Intel Mac OS X 10.10; rv:70.0) Gecko/20100101 Firefox/70.0" "-"
81.37.143.102 - - [02/Dec/2019:20:42:15 +0100] "GET /wp-content/uploads/2019/04/mochila-humus-6-100x100.png HTTP/1.1" 200 8810 "https://amazingsportwear.com/producto/mochila-humus/" "Mozilla/5.0 (Macintosh; Intel Mac OS X 10.10; rv:70.0) Gecko/20100101 Firefox/70.0" "-"
81.37.143.102 - - [02/Dec/2019:20:42:15 +0100] "GET /wp-content/uploads/2019/04/mochila-humus-7-100x100.png HTTP/1.1" 200 9161 "https://amazingsportwear.com/producto/mochila-humus/" "Mozilla/5.0 (Macintosh; Intel Mac OS X 10.10; rv:70.0) Gecko/20100101 Firefox/70.0" "-"
81.37.143.102 - - [02/Dec/2019:20:42:15 +0100] "GET /wp-content/uploads/2019/04/mochila-humus-8-100x100.png HTTP/1.1" 200 8902 "https://amazingsportwear.com/producto/mochila-humus/" "Mozilla/5.0 (Macintosh; Intel Mac OS X 10.10; rv:70.0) Gecko/20100101 Firefox/70.0" "-"
81.37.143.102 - - [02/Dec/2019:20:42:15 +0100] "GET /wp-content/uploads/2019/04/mochila-humus-3-100x100.png HTTP/1.1" 200 5738 "https://amazingsportwear.com/producto/mochila-humus/" "Mozilla/5.0 (Macintosh; Intel Mac OS X 10.10; rv:70.0) Gecko/20100101 Firefox/70.0" "-"
81.37.143.102 - - [02/Dec/2019:20:42:15 +0100] "GET /wp-content/uploads/2019/04/mochila-humus-1-100x100.png HTTP/1.1" 200 8257 "https://amazingsportwear.com/producto/mochila-humus/" "Mozilla/5.0 (Macintosh; Intel Mac OS X 10.10; rv:70.0) Gecko/20100101 Firefox/70.0" "-"
81.37.143.102 - - [02/Dec/2019:20:42:15 +0100] "GET /wp-content/uploads/2019/04/mochila-humus-2-100x100.png HTTP/1.1" 200 9124 "https://amazingsportwear.com/producto/mochila-humus/" "Mozilla/5.0 (Macintosh; Intel Mac OS X 10.10; rv:70.0) Gecko/20100101 Firefox/70.0" "-"
217.76.130.90 - - [02/Dec/2019:20:42:16 +0100] "POST /wp-cron.php?doing_wp_cron=1575315736.2581028938293457031250 HTTP/1.1" 200 3389 "https://amazingsportwear.com/wp-cron.php?doing_wp_cron=1575315736.2581028938293457031250" "WordPress/5.2.4; https://amazingsportwear.com" "-"
81.37.143.102 - - [02/Dec/2019:20:42:15 +0100] "POST /?wc-ajax=get_refreshed_fragments HTTP/1.1" 200 1397 "https://amazingsportwear.com/producto/mochila-humus/" "Mozilla/5.0 (Macintosh; Intel Mac OS X 10.10; rv:70.0) Gecko/20100101 Firefox/70.0" "-"
217.76.130.90 - - [02/Dec/2019:20:46:47 +0100] "POST /wp-cron.php?doing_wp_cron=1575316007.2930119037628173828125 HTTP/1.1" 200 3389 "https://amazingsportwear.com/wp-cron.php?doing_wp_cron=1575316007.2930119037628173828125" "WordPress/5.2.4; https://amazingsportwear.com" "-"
66.249.66.66 - - [02/Dec/2019:20:46:46 +0100] "GET /producto/gorra-bayon/ HTTP/1.1" 200 100237 "-" "Mozilla/5.0 (Linux; Android 6.0.1; Nexus 5X Build/MMB29P) AppleWebKit/537.36 (KHTML, like Gecko) Chrome/41.0.2272.96 Mobile Safari/537.36 (compatible; Googlebot/2.1; +http://www.google.com/bot.html)" "-"
207.46.13.80 - - [02/Dec/2019:20:48:01 +0100] "GET /wp-content/uploads/2017/03/CAT-5248-21-300x300.jpg HTTP/1.1" 200 13692 "-" "Mozilla/5.0 (compatible; bingbot/2.0; +http://www.bing.com/bingbot.htm)" "-"
217.76.130.90 - - [02/Dec/2019:20:48:24 +0100] "POST /wp-cron.php?doing_wp_cron=1575316104.8311929702758789062500 HTTP/1.1" 200 3389 "https://amazingsportwear.com/wp-cron.php?doing_wp_cron=1575316104.8311929702758789062500" "WordPress/5.2.4; https://amazingsportwear.com" "-"
31.13.103.4 - - [02/Dec/2019:20:48:24 +0100] "GET / HTTP/1.1" 200 125550 "-" "facebookexternalhit/1.1 (+http://www.facebook.com/externalhit_uatext.php)" "-"
31.13.103.2 - - [02/Dec/2019:20:48:26 +0100] "GET /contacta-con-nosotros HTTP/1.1" 301 319 "-" "facebookexternalhit/1.1 (+http://www.facebook.com/externalhit_uatext.php)" "-"
31.13.103.2 - - [02/Dec/2019:20:48:27 +0100] "GET /contacta-con-nosotros/ HTTP/1.1" 200 58204 "-" "facebookexternalhit/1.1 (+http://www.facebook.com/externalhit_uatext.php)" "-"
217.76.130.90 - - [02/Dec/2019:20:58:24 +0100] "POST /wp-cron.php?doing_wp_cron=1575316704.4199349880218505859375 HTTP/1.1" 200 3389 "https://amazingsportwear.com/wp-cron.php?doing_wp_cron=1575316704.4199349880218505859375" "WordPress/5.2.4; https://amazingsportwear.com" "-"
66.249.66.70 - - [02/Dec/2019:20:58:20 +0100] "POST /?wc-ajax=get_refreshed_fragments HTTP/1.1" 200 4760 "https://amazingsportwear.com/categoria-producto/hombre/pantalonesymallas/" "Mozilla/5.0 (Linux; Android 6.0.1; Nexus 5X Build/MMB29P) AppleWebKit/537.36 (KHTML, like Gecko) Chrome/41.0.2272.96 Mobile Safari/537.36 (compatible; Googlebot/2.1; +http://www.google.com/bot.html)" "_ga=GA1.2.1884029788.1575244800; _gid=GA1.2.969013651.1575244800; _gat_gtag_UA_91619287_1=1"
190.148.52.213 - - [02/Dec/2019:21:00:35 +0100] "GET /wp-content/uploads/2019/04/Llavero-metalico-golf-3.png HTTP/1.1" 200 46821 "https://www.google.com/" "Mozilla/5.0 (Windows NT 6.1) AppleWebKit/537.36 (KHTML, like Gecko) Chrome/78.0.3904.108 Safari/537.36" "-"
66.249.66.68 - - [02/Dec/2019:21:00:53 +0100] "GET /wp-content/uploads/2019/04/gorra-konlun-2.png HTTP/1.1" 304 3565 "-" "Googlebot-Image/1.0" "-"
207.46.13.80 - - [02/Dec/2019:21:03:11 +0100] "GET /wp-content/uploads/2019/04/gorra-tecnica-blanca-y-roja.png HTTP/1.1" 200 63810 "-" "Mozilla/5.0 (compatible; bingbot/2.0; +http://www.bing.com/bingbot.htm)" "-"
217.76.130.90 - - [02/Dec/2019:21:05:43 +0100] "POST /wp-cron.php?doing_wp_cron=1575317143.8478770256042480468750 HTTP/1.1" 200 3389 "https://amazingsportwear.com/wp-cron.php?doing_wp_cron=1575317143.8478770256042480468750" "WordPress/5.2.4; https://amazingsportwear.com" "-"
66.249.66.66 - - [02/Dec/2019:21:05:42 +0100] "GET /producto/gorra-bayon/ HTTP/1.1" 200 100328 "-" "Mozilla/5.0 (Linux; Android 6.0.1; Nexus 5X Build/MMB29P) AppleWebKit/537.36 (KHTML, like Gecko) Chrome/41.0.2272.96 Mobile Safari/537.36 (compatible; Googlebot/2.1; +http://www.google.com/bot.html)" "-"
40.77.167.92 - - [02/Dec/2019:21:23:41 +0100] "GET /wp-content/uploads/2017/01/cam-ranglan2.png HTTP/1.1" 200 186134 "-" "Mozilla/5.0 (compatible; bingbot/2.0; +http://www.bing.com/bingbot.htm)" "-"
40.77.167.92 - - [02/Dec/2019:21:25:17 +0100] "GET /wp-content/uploads/2017/03/sa-0425-colore_abril-18-1.jpg HTTP/1.1" 200 57299 "-" "Mozilla/5.0 (compatible; bingbot/2.0; +http://www.bing.com/bingbot.htm)" "-"
217.76.130.90 - - [02/Dec/2019:21:30:25 +0100] "POST /wp-cron.php?doing_wp_cron=1575318625.6240360736846923828125 HTTP/1.1" 200 3389 "https://amazingsportwear.com/wp-cron.php?doing_wp_cron=1575318625.6240360736846923828125" "WordPress/5.2.4; https://amazingsportwear.com" "-"
66.249.66.66 - - [02/Dec/2019:21:30:22 +0100] "GET /producto/llavero-metalico-golf/ HTTP/1.1" 200 94674 "-" "Mozilla/5.0 (Linux; Android 6.0.1; Nexus 5X Build/MMB29P) AppleWebKit/537.36 (KHTML, like Gecko) Chrome/41.0.2272.96 Mobile Safari/537.36 (compatible; Googlebot/2.1; +http://www.google.com/bot.html)" "-"
66.249.66.68 - - [02/Dec/2019:21:30:32 +0100] "GET /producto/mochila-blades/ HTTP/1.1" 200 102860 "-" "Mozilla/5.0 (Linux; Android 6.0.1; Nexus 5X Build/MMB29P) AppleWebKit/537.36 (KHTML, like Gecko) Chrome/41.0.2272.96 Mobile Safari/537.36 (compatible; Googlebot/2.1; +http://www.google.com/bot.html)" "-"
66.249.66.66 - - [02/Dec/2019:21:30:37 +0100] "GET /wp-content/plugins/cookie-law-info/public/css/cookie-law-info-public.css?ver=1.7.6 HTTP/1.1" 200 3235 "https://amazingsportwear.com/producto/mochila-blades/" "Mozilla/5.0 (Linux; Android 6.0.1; Nexus 5X Build/MMB29P) AppleWebKit/537.36 (KHTML, like Gecko) Chrome/41.0.2272.96 Mobile Safari/537.36 (compatible; Googlebot/2.1; +http://www.google.com/bot.html)" "-"
66.249.66.66 - - [02/Dec/2019:21:30:38 +0100] "GET /wp-content/plugins/woocommerce/assets/css/blocks/style.css?ver=3.6.4 HTTP/1.1" 200 6697 "https://amazingsportwear.com/producto/mochila-blades/" "Mozilla/5.0 (Linux; Android 6.0.1; Nexus 5X Build/MMB29P) AppleWebKit/537.36 (KHTML, like Gecko) Chrome/41.0.2272.96 Mobile Safari/537.36 (compatible; Googlebot/2.1; +http://www.google.com/bot.html)" "-"
66.249.66.66 - - [02/Dec/2019:21:30:40 +0100] "GET /wp-includes/js/jquery/jquery.js?ver=1.12.4-wp HTTP/1.1" 200 97362 "https://amazingsportwear.com/producto/mochila-blades/" "Mozilla/5.0 (Linux; Android 6.0.1; Nexus 5X Build/MMB29P) AppleWebKit/537.36 (KHTML, like Gecko) Chrome/41.0.2272.96 Mobile Safari/537.36 (compatible; Googlebot/2.1; +http://www.google.com/bot.html)" "-"
66.249.66.66 - - [02/Dec/2019:21:30:41 +0100] "GET /wp-content/plugins/wpfront-notification-bar/jquery-plugins/jquery.c.js?ver=1.4.0 HTTP/1.1" 200 3437 "https://amazingsportwear.com/producto/mochila-blades/" "Mozilla/5.0 (Linux; Android 6.0.1; Nexus 5X Build/MMB29P) AppleWebKit/537.36 (KHTML, like Gecko) Chrome/41.0.2272.96 Mobile Safari/537.36 (compatible; Googlebot/2.1; +http://www.google.com/bot.html)" "-"
66.249.66.66 - - [02/Dec/2019:21:30:42 +0100] "GET /wp-content/plugins/wpfront-notification-bar/css/wpfront-notification-bar.css?ver=1.7.1 HTTP/1.1" 200 3663 "https://amazingsportwear.com/producto/mochila-blades/" "Mozilla/5.0 (Linux; Android 6.0.1; Nexus 5X Build/MMB29P) AppleWebKit/537.36 (KHTML, like Gecko) Chrome/41.0.2272.96 Mobile Safari/537.36 (compatible; Googlebot/2.1; +http://www.google.com/bot.html)" "-"
66.249.66.66 - - [02/Dec/2019:21:30:43 +0100] "GET /wp-content/plugins/woocommerce/assets/js/frontend/add-to-cart.min.js?ver=3.6.4 HTTP/1.1" 200 2983 "https://amazingsportwear.com/producto/mochila-blades/" "Mozilla/5.0 (Linux; Android 6.0.1; Nexus 5X Build/MMB29P) AppleWebKit/537.36 (KHTML, like Gecko) Chrome/41.0.2272.96 Mobile Safari/537.36 (compatible; Googlebot/2.1; +http://www.google.com/bot.html)" "-"
66.249.66.66 - - [02/Dec/2019:21:30:44 +0100] "GET /wp-content/plugins/woocommerce/assets/js/js-cookie/js.cookie.min.js?ver=2.1.4 HTTP/1.1" 200 2187 "https://amazingsportwear.com/producto/mochila-blades/" "Mozilla/5.0 (Linux; Android 6.0.1; Nexus 5X Build/MMB29P) AppleWebKit/537.36 (KHTML, like Gecko) Chrome/41.0.2272.96 Mobile Safari/537.36 (compatible; Googlebot/2.1; +http://www.google.com/bot.html)" "-"
217.76.130.90 - - [02/Dec/2019:21:33:37 +0100] "POST /wp-cron.php?doing_wp_cron=1575318817.8556480407714843750000 HTTP/1.1" 200 3389 "https://amazingsportwear.com/wp-cron.php?doing_wp_cron=1575318817.8556480407714843750000" "WordPress/5.2.4; https://amazingsportwear.com" "-"
66.249.66.68 - - [02/Dec/2019:21:33:36 +0100] "GET /producto/rinonera-elastica-dorsal-cif-g221/ HTTP/1.1" 200 95382 "-" "Mozilla/5.0 (Linux; Android 6.0.1; Nexus 5X Build/MMB29P) AppleWebKit/537.36 (KHTML, like Gecko) Chrome/41.0.2272.96 Mobile Safari/537.36 (compatible; Googlebot/2.1; +http://www.google.com/bot.html)" "-"
66.249.66.68 - - [02/Dec/2019:21:33:43 +0100] "POST /?wc-ajax=get_refreshed_fragments HTTP/1.1" 200 1397 "https://amazingsportwear.com/producto/rinonera-elastica-dorsal-cif-g221/" "Mozilla/5.0 (Linux; Android 6.0.1; Nexus 5X Build/MMB29P) AppleWebKit/537.36 (KHTML, like Gecko) Chrome/41.0.2272.96 Mobile Safari/537.36 (compatible; Googlebot/2.1; +http://www.google.com/bot.html)" "_ga=GA1.2.969013651.1575244800; _gid=GA1.2.1978218920.1575244800; _gat_gtag_UA_91619287_1=1"
217.76.130.90 - - [02/Dec/2019:21:34:29 +0100] "POST /wp-cron.php?doing_wp_cron=1575318869.8958570957183837890625 HTTP/1.1" 200 3389 "https://amazingsportwear.com/wp-cron.php?doing_wp_cron=1575318869.8958570957183837890625" "WordPress/5.2.4; https://amazingsportwear.com" "-"
66.249.66.66 - - [02/Dec/2019:21:34:29 +0100] "GET /producto/gorra-sport/ HTTP/1.1" 200 102768 "-" "Mozilla/5.0 (Linux; Android 6.0.1; Nexus 5X Build/MMB29P) AppleWebKit/537.36 (KHTML, like Gecko) Chrome/41.0.2272.96 Mobile Safari/537.36 (compatible; Googlebot/2.1; +http://www.google.com/bot.html)" "-"
217.76.130.90 - - [02/Dec/2019:21:42:00 +0100] "POST /wp-cron.php?doing_wp_cron=1575319320.7374110221862792968750 HTTP/1.1" 200 3389 "https://amazingsportwear.com/wp-cron.php?doing_wp_cron=1575319320.7374110221862792968750" "WordPress/5.2.4; https://amazingsportwear.com" "-"
66.249.66.66 - - [02/Dec/2019:21:41:58 +0100] "GET /producto/gorra-tecnica-2/ HTTP/1.1" 200 96113 "-" "Mozilla/5.0 (Linux; Android 6.0.1; Nexus 5X Build/MMB29P) AppleWebKit/537.36 (KHTML, like Gecko) Chrome/41.0.2272.96 Mobile Safari/537.36 (compatible; Googlebot/2.1; +http://www.google.com/bot.html)" "-"
217.76.130.90 - - [02/Dec/2019:21:44:53 +0100] "POST /wp-cron.php?doing_wp_cron=1575319493.2369821071624755859375 HTTP/1.1" 200 3389 "https://amazingsportwear.com/wp-cron.php?doing_wp_cron=1575319493.2369821071624755859375" "WordPress/5.2.4; https://amazingsportwear.com" "-"
66.249.66.70 - - [02/Dec/2019:21:44:52 +0100] "GET /producto/peto-reversible-deportivo/ HTTP/1.1" 200 96638 "-" "Mozilla/5.0 (Linux; Android 6.0.1; Nexus 5X Build/MMB29P) AppleWebKit/537.36 (KHTML, like Gecko) Chrome/41.0.2272.96 Mobile Safari/537.36 (compatible; Googlebot/2.1; +http://www.google.com/bot.html)" "-"
66.249.66.66 - - [02/Dec/2019:21:44:59 +0100] "GET /wp-content/plugins/simple-social-icons/svgxuse.js?ver=1.1.21 HTTP/1.1" 200 12943 "https://amazingsportwear.com/producto/peto-reversible-deportivo/" "Mozilla/5.0 (Linux; Android 6.0.1; Nexus 5X Build/MMB29P) AppleWebKit/537.36 (KHTML, like Gecko) Chrome/41.0.2272.96 Mobile Safari/537.36 (compatible; Googlebot/2.1; +http://www.google.com/bot.html)" "-"
186.121.251.202 - - [02/Dec/2019:21:45:29 +0100] "GET /wp-content/uploads/2019/04/Gorra-sport-10.png HTTP/1.1" 200 60426 "https://www.google.com/" "Mozilla/5.0 (Macintosh; Intel Mac OS X 10.14; rv:66.0) Gecko/20100101 Firefox/66.0" "-"
217.76.130.90 - - [02/Dec/2019:21:47:00 +0100] "POST /wp-cron.php?doing_wp_cron=1575319620.3260710239410400390625 HTTP/1.1" 200 3389 "https://amazingsportwear.com/wp-cron.php?doing_wp_cron=1575319620.3260710239410400390625" "WordPress/5.2.4; https://amazingsportwear.com" "-"
66.249.66.68 - - [02/Dec/2019:21:46:59 +0100] "GET /producto/camiseta-tecnica-manga-corta-dream-eny-dream-mc/ HTTP/1.1" 200 103542 "-" "Mozilla/5.0 (compatible; Googlebot/2.1; +http://www.google.com/bot.html)" "-"
217.76.130.90 - - [02/Dec/2019:21:47:17 +0100] "POST /wp-cron.php?doing_wp_cron=1575319637.5083260536193847656250 HTTP/1.1" 200 164 "http://amazingsportwear.com/wp-cron.php?doing_wp_cron=1575319637.5083260536193847656250" "WordPress/5.2.4; https://amazingsportwear.com" "-"
66.102.8.158 - - [02/Dec/2019:21:47:16 +0100] "GET / HTTP/1.1" 301 336 "-" "Mozilla/5.0 (Windows NT 6.1) AppleWebKit/537.36 (KHTML, like Gecko) Chrome/78.0.3904.70 Safari/537.36" "-"
66.102.8.148 - - [02/Dec/2019:21:47:18 +0100] "GET / HTTP/1.1" 200 125755 "-" "Mozilla/5.0 (Windows NT 6.1) AppleWebKit/537.36 (KHTML, like Gecko) Chrome/78.0.3904.70 Safari/537.36" "wpfront-notification-bar-landingpage=1"
66.102.8.148 - - [02/Dec/2019:21:47:20 +0100] "GET /wp-content/plugins/cookie-law-info/public/css/cookie-law-info-gdpr.css?ver=1.7.6 HTTP/1.1" 200 12445 "https://amazingsportwear.com/" "Mozilla/5.0 (Windows NT 6.1) AppleWebKit/537.36 (KHTML, like Gecko) Chrome/78.0.3904.70 Safari/537.36" "wpfront-notification-bar-landingpage=1"
66.102.8.148 - - [02/Dec/2019:21:47:20 +0100] "GET /wp-content/plugins/elementor/assets/css/frontend.min.css?ver=2.5.16 HTTP/1.1" 200 95366 "https://amazingsportwear.com/" "Mozilla/5.0 (Windows NT 6.1) AppleWebKit/537.36 (KHTML, like Gecko) Chrome/78.0.3904.70 Safari/537.36" "wpfront-notification-bar-landingpage=1"
66.102.8.144 - - [02/Dec/2019:21:47:20 +0100] "GET /wp-content/plugins/simple-social-icons/css/style.css?ver=3.0.1 HTTP/1.1" 200 4925 "https://amazingsportwear.com/" "Mozilla/5.0 (Windows NT 6.1) AppleWebKit/537.36 (KHTML, like Gecko) Chrome/78.0.3904.70 Safari/537.36" "wpfront-notification-bar-landingpage=1"
66.102.8.144 - - [02/Dec/2019:21:47:20 +0100] "GET /wp-content/plugins/wpfront-notification-bar/css/wpfront-notification-bar.css?ver=1.7.1 HTTP/1.1" 200 7026 "https://amazingsportwear.com/" "Mozilla/5.0 (Windows NT 6.1) AppleWebKit/537.36 (KHTML, like Gecko) Chrome/78.0.3904.70 Safari/537.36" "wpfront-notification-bar-landingpage=1"
66.102.8.146 - - [02/Dec/2019:21:47:20 +0100] "GET /wp-includes/css/dist/block-library/style.min.css?ver=5.2.4 HTTP/1.1" 200 33023 "https://amazingsportwear.com/" "Mozilla/5.0 (Windows NT 6.1) AppleWebKit/537.36 (KHTML, like Gecko) Chrome/78.0.3904.70 Safari/537.36" "wpfront-notification-bar-landingpage=1"
66.102.8.148 - - [02/Dec/2019:21:47:20 +0100] "GET /wp-includes/js/jquery/jquery-migrate.min.js?ver=1.4.1 HTTP/1.1" 200 13762 "https://amazingsportwear.com/" "Mozilla/5.0 (Windows NT 6.1) AppleWebKit/537.36 (KHTML, like Gecko) Chrome/78.0.3904.70 Safari/537.36" "wpfront-notification-bar-landingpage=1"
66.102.8.148 - - [02/Dec/2019:21:47:20 +0100] "GET /wp-content/uploads/elementor/css/global.css?ver=1559638744 HTTP/1.1" 200 8499 "https://amazingsportwear.com/" "Mozilla/5.0 (Windows NT 6.1) AppleWebKit/537.36 (KHTML, like Gecko) Chrome/78.0.3904.70 Safari/537.36" "wpfront-notification-bar-landingpage=1"
66.102.8.148 - - [02/Dec/2019:21:47:20 +0100] "GET /wp-content/plugins/cookie-law-info/public/js/cookie-law-info-public.js?ver=1.7.6 HTTP/1.1" 200 20439 "https://amazingsportwear.com/" "Mozilla/5.0 (Windows NT 6.1) AppleWebKit/537.36 (KHTML, like Gecko) Chrome/78.0.3904.70 Safari/537.36" "wpfront-notification-bar-landingpage=1"
66.102.8.148 - - [02/Dec/2019:21:47:20 +0100] "GET /wp-content/plugins/smart-slider-3/library/media/smartslider.min.css?1559118093 HTTP/1.1" 200 23322 "https://amazingsportwear.com/" "Mozilla/5.0 (Windows NT 6.1) AppleWebKit/537.36 (KHTML, like Gecko) Chrome/78.0.3904.70 Safari/537.36" "wpfront-notification-bar-landingpage=1"
66.102.8.144 - - [02/Dec/2019:21:47:20 +0100] "GET /wp-content/themes/shopper/assets/js/crm.js?ver=1561548510 HTTP/1.1" 200 4237 "https://amazingsportwear.com/" "Mozilla/5.0 (Windows NT 6.1) AppleWebKit/537.36 (KHTML, like Gecko) Chrome/78.0.3904.70 Safari/537.36" "wpfront-notification-bar-landingpage=1"
66.102.8.144 - - [02/Dec/2019:21:47:20 +0100] "GET /wp-content/plugins/wpfront-notification-bar/js/wpfront-notification-bar.js?ver=1.7.1 HTTP/1.1" 200 9025 "https://amazingsportwear.com/" "Mozilla/5.0 (Windows NT 6.1) AppleWebKit/537.36 (KHTML, like Gecko) Chrome/78.0.3904.70 Safari/537.36" "wpfront-notification-bar-landingpage=1"
66.102.8.146 - - [02/Dec/2019:21:47:20 +0100] "GET /wp-content/plugins/woocommerce/assets/js/js-cookie/js.cookie.min.js?ver=2.1.4 HTTP/1.1" 200 5550 "https://amazingsportwear.com/" "Mozilla/5.0 (Windows NT 6.1) AppleWebKit/537.36 (KHTML, like Gecko) Chrome/78.0.3904.70 Safari/537.36" "wpfront-notification-bar-landingpage=1"
66.102.8.146 - - [02/Dec/2019:21:47:20 +0100] "GET /wp-content/plugins/cookie-law-info/public/css/cookie-law-info-public.css?ver=1.7.6 HTTP/1.1" 200 6598 "https://amazingsportwear.com/" "Mozilla/5.0 (Windows NT 6.1) AppleWebKit/537.36 (KHTML, like Gecko) Chrome/78.0.3904.70 Safari/537.36" "wpfront-notification-bar-landingpage=1"
66.102.8.144 - - [02/Dec/2019:21:47:20 +0100] "GET /wp-content/plugins/woocommerce/assets/js/frontend/woocommerce.min.js?ver=3.6.4 HTTP/1.1" 200 5176 "https://amazingsportwear.com/" "Mozilla/5.0 (Windows NT 6.1) AppleWebKit/537.36 (KHTML, like Gecko) Chrome/78.0.3904.70 Safari/537.36" "wpfront-notification-bar-landingpage=1"
66.102.8.148 - - [02/Dec/2019:21:47:20 +0100] "GET /wp-content/plugins/woocommerce/assets/js/frontend/add-to-cart.min.js?ver=3.6.4 HTTP/1.1" 200 6346 "https://amazingsportwear.com/" "Mozilla/5.0 (Windows NT 6.1) AppleWebKit/537.36 (KHTML, like Gecko) Chrome/78.0.3904.70 Safari/537.36" "wpfront-notification-bar-landingpage=1"
66.102.8.146 - - [02/Dec/2019:21:47:20 +0100] "GET /wp-content/plugins/smart-slider-3/library/media/plugins/type/simple/simple/dist/smartslider-simple-type-frontend.min.js?1559118093 HTTP/1.1" 200 22336 "https://amazingsportwear.com/" "Mozilla/5.0 (Windows NT 6.1) AppleWebKit/537.36 (KHTML, like Gecko) Chrome/78.0.3904.70 Safari/537.36" "wpfront-notification-bar-landingpage=1"
66.102.8.146 - - [02/Dec/2019:21:47:20 +0100] "GET /wp-content/plugins/woocommerce/assets/js/jquery-blockui/jquery.blockUI.min.js?ver=2.70 HTTP/1.1" 200 13271 "https://amazingsportwear.com/" "Mozilla/5.0 (Windows NT 6.1) AppleWebKit/537.36 (KHTML, like Gecko) Chrome/78.0.3904.70 Safari/537.36" "wpfront-notification-bar-landingpage=1"
66.102.8.146 - - [02/Dec/2019:21:47:20 +0100] "GET /wp-content/plugins/elementor/assets/lib/animations/animations.min.css?ver=2.5.16 HTTP/1.1" 200 22196 "https://amazingsportwear.com/" "Mozilla/5.0 (Windows NT 6.1) AppleWebKit/537.36 (KHTML, like Gecko) Chrome/78.0.3904.70 Safari/537.36" "wpfront-notification-bar-landingpage=1"
66.102.8.146 - - [02/Dec/2019:21:47:20 +0100] "GET /wp-content/plugins/wpfront-notification-bar/jquery-plugins/jquery.c.js?ver=1.4.0 HTTP/1.1" 200 6800 "https://amazingsportwear.com/" "Mozilla/5.0 (Windows NT 6.1) AppleWebKit/537.36 (KHTML, like Gecko) Chrome/78.0.3904.70 Safari/537.36" "wpfront-notification-bar-landingpage=1"
66.102.8.148 - - [02/Dec/2019:21:47:20 +0100] "GET /wp-content/plugins/elementor/assets/lib/eicons/css/elementor-icons.min.css?ver=4.3.0 HTTP/1.1" 200 15213 "https://amazingsportwear.com/" "Mozilla/5.0 (Windows NT 6.1) AppleWebKit/537.36 (KHTML, like Gecko) Chrome/78.0.3904.70 Safari/537.36" "wpfront-notification-bar-landingpage=1"
66.102.8.146 - - [02/Dec/2019:21:47:20 +0100] "GET /wp-content/themes/shopper/assets/sass/woocommerce/woocommerce.css?ver=5.2.4 HTTP/1.1" 200 86897 "https://amazingsportwear.com/" "Mozilla/5.0 (Windows NT 6.1) AppleWebKit/537.36 (KHTML, like Gecko) Chrome/78.0.3904.70 Safari/537.36" "wpfront-notification-bar-landingpage=1"
66.102.8.146 - - [02/Dec/2019:21:47:21 +0100] "GET /wp-content/plugins/simple-social-icons/svgxuse.js?ver=1.1.21 HTTP/1.1" 200 12943 "https://amazingsportwear.com/" "Mozilla/5.0 (Windows NT 6.1) AppleWebKit/537.36 (KHTML, like Gecko) Chrome/78.0.3904.70 Safari/537.36" "wpfront-notification-bar-landingpage=1"
66.102.8.148 - - [02/Dec/2019:21:47:20 +0100] "GET /wp-includes/js/jquery/jquery.js?ver=1.12.4-wp HTTP/1.1" 200 100725 "https://amazingsportwear.com/" "Mozilla/5.0 (Windows NT 6.1) AppleWebKit/537.36 (KHTML, like Gecko) Chrome/78.0.3904.70 Safari/537.36" "wpfront-notification-bar-landingpage=1"
66.102.8.144 - - [02/Dec/2019:21:47:21 +0100] "GET /wp-content/themes/shopper/assets/js/skip-link-focus-fix.js?ver=1.3.8 HTTP/1.1" 200 1023 "https://amazingsportwear.com/" "Mozilla/5.0 (Windows NT 6.1) AppleWebKit/537.36 (KHTML, like Gecko) Chrome/78.0.3904.70 Safari/537.36" "wpfront-notification-bar-landingpage=1"
66.102.8.148 - - [02/Dec/2019:21:47:21 +0100] "GET /wp-includes/js/jquery/ui/core.min.js?ver=1.11.4 HTTP/1.1" 200 4341 "https://amazingsportwear.com/" "Mozilla/5.0 (Windows NT 6.1) AppleWebKit/537.36 (KHTML, like Gecko) Chrome/78.0.3904.70 Safari/537.36" "wpfront-notification-bar-landingpage=1"
66.102.8.148 - - [02/Dec/2019:21:47:21 +0100] "GET /wp-content/plugins/elementor/assets/lib/waypoints/waypoints.min.js?ver=4.0.2 HTTP/1.1" 200 12541 "https://amazingsportwear.com/" "Mozilla/5.0 (Windows NT 6.1) AppleWebKit/537.36 (KHTML, like Gecko) Chrome/78.0.3904.70 Safari/537.36" "wpfront-notification-bar-landingpage=1"
66.102.8.148 - - [02/Dec/2019:21:47:21 +0100] "GET /wp-content/themes/shopper/assets/js/woocommerce/header-cart.min.js?ver=1.3.8 HTTP/1.1" 200 972 "https://amazingsportwear.com/" "Mozilla/5.0 (Windows NT 6.1) AppleWebKit/537.36 (KHTML, like Gecko) Chrome/78.0.3904.70 Safari/537.36" "wpfront-notification-bar-landingpage=1"
66.102.8.146 - - [02/Dec/2019:21:47:21 +0100] "GET /wp-includes/js/jquery/ui/position.min.js?ver=1.11.4 HTTP/1.1" 200 10232 "https://amazingsportwear.com/" "Mozilla/5.0 (Windows NT 6.1) AppleWebKit/537.36 (KHTML, like Gecko) Chrome/78.0.3904.70 Safari/537.36" "wpfront-notification-bar-landingpage=1"
66.102.8.148 - - [02/Dec/2019:21:47:21 +0100] "GET /wp-content/themes/shopper/assets/js/shopper.min.js?ver=1.3.8 HTTP/1.1" 200 5994 "https://amazingsportwear.com/" "Mozilla/5.0 (Windows NT 6.1) AppleWebKit/537.36 (KHTML, like Gecko) Chrome/78.0.3904.70 Safari/537.36" "wpfront-notification-bar-landingpage=1"
66.102.8.146 - - [02/Dec/2019:21:47:21 +0100] "GET /wp-includes/js/wp-embed.min.js?ver=5.2.4 HTTP/1.1" 200 1744 "https://amazingsportwear.com/" "Mozilla/5.0 (Windows NT 6.1) AppleWebKit/537.36 (KHTML, like Gecko) Chrome/78.0.3904.70 Safari/537.36" "wpfront-notification-bar-landingpage=1"
66.102.8.148 - - [02/Dec/2019:21:47:20 +0100] "GET /wp-content/plugins/smart-slider-3/library/media/dist/smartslider-frontend.min.js?1559118093 HTTP/1.1" 200 130656 "https://amazingsportwear.com/" "Mozilla/5.0 (Windows NT 6.1) AppleWebKit/537.36 (KHTML, like Gecko) Chrome/78.0.3904.70 Safari/537.36" "wpfront-notification-bar-landingpage=1"
66.102.8.146 - - [02/Dec/2019:21:47:21 +0100] "GET /wp-includes/js/wp-emoji-release.min.js?ver=5.2.4 HTTP/1.1" 200 14183 "https://amazingsportwear.com/" "Mozilla/5.0 (Windows NT 6.1) AppleWebKit/537.36 (KHTML, like Gecko) Chrome/78.0.3904.70 Safari/537.36" "wpfront-notification-bar-landingpage=1"
66.102.8.148 - - [02/Dec/2019:21:47:21 +0100] "GET /wp-content/uploads/2019/05/cropped-asw-white.png HTTP/1.1" 200 7500 "https://amazingsportwear.com/" "Mozilla/5.0 (Windows NT 6.1) AppleWebKit/537.36 (KHTML, like Gecko) Chrome/78.0.3904.70 Safari/537.36" "wpfront-notification-bar-landingpage=1"
66.102.8.144 - - [02/Dec/2019:21:47:21 +0100] "GET /wp-content/plugins/elementor/assets/lib/slick/slick.min.js?ver=1.8.1 HTTP/1.1" 200 43264 "https://amazingsportwear.com/" "Mozilla/5.0 (Windows NT 6.1) AppleWebKit/537.36 (KHTML, like Gecko) Chrome/78.0.3904.70 Safari/537.36" "wpfront-notification-bar-landingpage=1"
66.102.8.148 - - [02/Dec/2019:21:47:20 +0100] "GET /wp-content/themes/shopper/style.css?ver=1.3.8 HTTP/1.1" 200 128678 "https://amazingsportwear.com/" "Mozilla/5.0 (Windows NT 6.1) AppleWebKit/537.36 (KHTML, like Gecko) Chrome/78.0.3904.70 Safari/537.36" "wpfront-notification-bar-landingpage=1"
66.102.8.148 - - [02/Dec/2019:21:47:21 +0100] "GET /wp-content/plugins/woocommerce/assets/css/blocks/style.css?ver=3.6.4 HTTP/1.1" 200 10060 "https://amazingsportwear.com/" "Mozilla/5.0 (Windows NT 6.1) AppleWebKit/537.36 (KHTML, like Gecko) Chrome/78.0.3904.70 Safari/537.36" "wpfront-notification-bar-landingpage=1"
66.102.8.144 - - [02/Dec/2019:21:47:21 +0100] "GET /wp-content/plugins/elementor/assets/lib/swiper/swiper.min.js?ver=4.4.6 HTTP/1.1" 200 126126 "https://amazingsportwear.com/" "Mozilla/5.0 (Windows NT 6.1) AppleWebKit/537.36 (KHTML, like Gecko) Chrome/78.0.3904.70 Safari/537.36" "wpfront-notification-bar-landingpage=1"
66.102.8.148 - - [02/Dec/2019:21:47:21 +0100] "GET /wp-content/uploads/2019/07/buff-bandana-300x123.jpg HTTP/1.1" 200 15859 "https://amazingsportwear.com/" "Mozilla/5.0 (Windows NT 6.1) AppleWebKit/537.36 (KHTML, like Gecko) Chrome/78.0.3904.70 Safari/537.36" "wpfront-notification-bar-landingpage=1"
66.102.8.146 - - [02/Dec/2019:21:47:21 +0100] "GET /wp-content/uploads/2019/07/cortavientos-300x124.jpg HTTP/1.1" 200 17094 "https://amazingsportwear.com/" "Mozilla/5.0 (Windows NT 6.1) AppleWebKit/537.36 (KHTML, like Gecko) Chrome/78.0.3904.70 Safari/537.36" "wpfront-notification-bar-landingpage=1"
66.102.8.148 - - [02/Dec/2019:21:47:21 +0100] "GET /wp-content/uploads/2019/07/mochila-saco-300x124.jpg HTTP/1.1" 200 16972 "https://amazingsportwear.com/" "Mozilla/5.0 (Windows NT 6.1) AppleWebKit/537.36 (KHTML, like Gecko) Chrome/78.0.3904.70 Safari/537.36" "wpfront-notification-bar-landingpage=1"
66.102.8.144 - - [02/Dec/2019:21:47:21 +0100] "GET /wp-content/uploads/2019/07/camiseta-tecnica-unisex-300x124.jpg HTTP/1.1" 200 17090 "https://amazingsportwear.com/" "Mozilla/5.0 (Windows NT 6.1) AppleWebKit/537.36 (KHTML, like Gecko) Chrome/78.0.3904.70 Safari/537.36" "wpfront-notification-bar-landingpage=1"
66.102.8.144 - - [02/Dec/2019:21:47:21 +0100] "GET /wp-content/plugins/elementor/assets/lib/font-awesome/css/font-awesome.min.css?ver=4.7.0 HTTP/1.1" 200 34728 "https://amazingsportwear.com/" "Mozilla/5.0 (Windows NT 6.1) AppleWebKit/537.36 (KHTML, like Gecko) Chrome/78.0.3904.70 Safari/537.36" "wpfront-notification-bar-landingpage=1"
66.102.8.144 - - [02/Dec/2019:21:47:21 +0100] "GET /wp-content/plugins/smart-slider-3/nextend/media/dist/n2.min.js?1559118093 HTTP/1.1" 200 7199 "https://amazingsportwear.com/" "Mozilla/5.0 (Windows NT 6.1) AppleWebKit/537.36 (KHTML, like Gecko) Chrome/78.0.3904.70 Safari/537.36" "wpfront-notification-bar-landingpage=1"
66.102.8.144 - - [02/Dec/2019:21:47:21 +0100] "GET /wp-content/uploads/elementor/css/post-16241.css?ver=1562311573 HTTP/1.1" 200 8297 "https://amazingsportwear.com/" "Mozilla/5.0 (Windows NT 6.1) AppleWebKit/537.36 (KHTML, like Gecko) Chrome/78.0.3904.70 Safari/537.36" "wpfront-notification-bar-landingpage=1"
66.102.8.148 - - [02/Dec/2019:21:47:21 +0100] "GET /wp-content/uploads/2019/07/toalla-300x124.jpg HTTP/1.1" 200 16957 "https://amazingsportwear.com/" "Mozilla/5.0 (Windows NT 6.1) AppleWebKit/537.36 (KHTML, like Gecko) Chrome/78.0.3904.70 Safari/537.36" "wpfront-notification-bar-landingpage=1"
66.102.8.144 - - [02/Dec/2019:21:47:21 +0100] "GET /wp-content/uploads/2019/07/gorra-tecnica-300x124.jpg HTTP/1.1" 200 16844 "https://amazingsportwear.com/" "Mozilla/5.0 (Windows NT 6.1) AppleWebKit/537.36 (KHTML, like Gecko) Chrome/78.0.3904.70 Safari/537.36" "wpfront-notification-bar-landingpage=1"
66.102.8.148 - - [02/Dec/2019:21:47:21 +0100] "GET /wp-content/uploads/2019/07/polo-tecnico-300x124.jpg HTTP/1.1" 200 17539 "https://amazingsportwear.com/" "Mozilla/5.0 (Windows NT 6.1) AppleWebKit/537.36 (KHTML, like Gecko) Chrome/78.0.3904.70 Safari/537.36" "wpfront-notification-bar-landingpage=1"
66.102.8.146 - - [02/Dec/2019:21:47:21 +0100] "GET /wp-content/uploads/2019/07/camiseta-tecnica-mujer-300x124.jpg HTTP/1.1" 200 17320 "https://amazingsportwear.com/" "Mozilla/5.0 (Windows NT 6.1) AppleWebKit/537.36 (KHTML, like Gecko) Chrome/78.0.3904.70 Safari/537.36" "wpfront-notification-bar-landingpage=1"
66.102.8.146 - - [02/Dec/2019:21:47:21 +0100] "GET /wp-content/uploads/2019/07/carpa-1024x771.jpg HTTP/1.1" 200 89325 "https://amazingsportwear.com/" "Mozilla/5.0 (Windows NT 6.1) AppleWebKit/537.36 (KHTML, like Gecko) Chrome/78.0.3904.70 Safari/537.36" "wpfront-notification-bar-landingpage=1"
66.102.8.146 - - [02/Dec/2019:21:47:21 +0100] "GET /wp-content/plugins/smart-slider-3/nextend/media/dist/nextend-frontend.min.js?1559118093 HTTP/1.1" 200 89702 "https://amazingsportwear.com/" "Mozilla/5.0 (Windows NT 6.1) AppleWebKit/537.36 (KHTML, like Gecko) Chrome/78.0.3904.70 Safari/537.36" "wpfront-notification-bar-landingpage=1"
66.102.8.148 - - [02/Dec/2019:21:47:21 +0100] "GET /wp-content/uploads/2019/04/Gorra-sport-12-300x300.png HTTP/1.1" 200 49394 "https://amazingsportwear.com/" "Mozilla/5.0 (Windows NT 6.1) AppleWebKit/537.36 (KHTML, like Gecko) Chrome/78.0.3904.70 Safari/537.36" "wpfront-notification-bar-landingpage=1"
66.102.8.146 - - [02/Dec/2019:21:47:21 +0100] "GET /wp-content/uploads/2019/04/bidon-match-4-300x300.png HTTP/1.1" 200 71820 "https://amazingsportwear.com/" "Mozilla/5.0 (Windows NT 6.1) AppleWebKit/537.36 (KHTML, like Gecko) Chrome/78.0.3904.70 Safari/537.36" "wpfront-notification-bar-landingpage=1"
66.102.8.148 - - [02/Dec/2019:21:47:21 +0100] "GET /wp-content/uploads/2019/04/mochila-decath-5-300x300.png HTTP/1.1" 200 64031 "https://amazingsportwear.com/" "Mozilla/5.0 (Windows NT 6.1) AppleWebKit/537.36 (KHTML, like Gecko) Chrome/78.0.3904.70 Safari/537.36" "wpfront-notification-bar-landingpage=1"
66.102.8.146 - - [02/Dec/2019:21:47:21 +0100] "GET /wp-content/uploads/2019/04/Llavero-triumph-1-300x300.png HTTP/1.1" 200 12855 "https://amazingsportwear.com/" "Mozilla/5.0 (Windows NT 6.1) AppleWebKit/537.36 (KHTML, like Gecko) Chrome/78.0.3904.70 Safari/537.36" "wpfront-notification-bar-landingpage=1"
66.102.8.146 - - [02/Dec/2019:21:47:21 +0100] "GET /wp-content/uploads/2019/04/bolsa-deporte-young-1-300x300.png HTTP/1.1" 200 77335 "https://amazingsportwear.com/" "Mozilla/5.0 (Windows NT 6.1) AppleWebKit/537.36 (KHTML, like Gecko) Chrome/78.0.3904.70 Safari/537.36" "wpfront-notification-bar-landingpage=1"
66.102.8.146 - - [02/Dec/2019:21:47:21 +0100] "GET /wp-content/plugins/elementor/assets/lib/dialog/dialog.min.js?ver=4.7.1 HTTP/1.1" 200 14274 "https://amazingsportwear.com/" "Mozilla/5.0 (Windows NT 6.1) AppleWebKit/537.36 (KHTML, like Gecko) Chrome/78.0.3904.70 Safari/537.36" "wpfront-notification-bar-landingpage=1"
66.102.8.148 - - [02/Dec/2019:21:47:21 +0100] "GET /wp-content/uploads/2019/04/SA-6684-1-300x300.png HTTP/1.1" 200 94808 "https://amazingsportwear.com/" "Mozilla/5.0 (Windows NT 6.1) AppleWebKit/537.36 (KHTML, like Gecko) Chrome/78.0.3904.70 Safari/537.36" "wpfront-notification-bar-landingpage=1"
66.102.8.148 - - [02/Dec/2019:21:47:21 +0100] "GET /wp-content/plugins/woocommerce/assets/js/frontend/cart-fragments.min.js?ver=3.6.4 HTTP/1.1" 200 6644 "https://amazingsportwear.com/" "Mozilla/5.0 (Windows NT 6.1) AppleWebKit/537.36 (KHTML, like Gecko) Chrome/78.0.3904.70 Safari/537.36" "wpfront-notification-bar-landingpage=1"
66.102.8.144 - - [02/Dec/2019:21:47:21 +0100] "GET /wp-content/uploads/2018/06/sa-6502-naranja-300x300.jpg HTTP/1.1" 200 42656 "https://amazingsportwear.com/" "Mozilla/5.0 (Windows NT 6.1) AppleWebKit/537.36 (KHTML, like Gecko) Chrome/78.0.3904.70 Safari/537.36" "wpfront-notification-bar-landingpage=1"
66.102.8.144 - - [02/Dec/2019:21:47:21 +0100] "GET /wp-content/uploads/2018/05/cif-g221-2-300x300.jpg HTTP/1.1" 200 8294 "https://amazingsportwear.com/" "Mozilla/5.0 (Windows NT 6.1) AppleWebKit/537.36 (KHTML, like Gecko) Chrome/78.0.3904.70 Safari/537.36" "wpfront-notification-bar-landingpage=1"
66.102.8.146 - - [02/Dec/2019:21:47:21 +0100] "GET /wp-content/uploads/2018/05/cp-lycra-2.jpg HTTP/1.1" 200 13775 "https://amazingsportwear.com/" "Mozilla/5.0 (Windows NT 6.1) AppleWebKit/537.36 (KHTML, like Gecko) Chrome/78.0.3904.70 Safari/537.36" "wpfront-notification-bar-landingpage=1"
66.102.8.148 - - [02/Dec/2019:21:47:21 +0100] "GET /wp-content/plugins/si-contact-form/includes/fscf-scripts.js?ver=179 HTTP/1.1" 200 4396 "https://amazingsportwear.com/" "Mozilla/5.0 (Windows NT 6.1) AppleWebKit/537.36 (KHTML, like Gecko) Chrome/78.0.3904.70 Safari/537.36" "wpfront-notification-bar-landingpage=1"
66.102.8.146 - - [02/Dec/2019:21:47:21 +0100] "GET /wp-content/uploads/2019/07/slider2.jpg HTTP/1.1" 200 250219 "https://amazingsportwear.com/" "Mozilla/5.0 (Windows NT 6.1) AppleWebKit/537.36 (KHTML, like Gecko) Chrome/78.0.3904.70 Safari/537.36" "wpfront-notification-bar-landingpage=1"
66.102.8.146 - - [02/Dec/2019:21:47:21 +0100] "GET /wp-content/plugins/elementor/assets/js/frontend.min.js?ver=2.5.16 HTTP/1.1" 200 44704 "https://amazingsportwear.com/" "Mozilla/5.0 (Windows NT 6.1) AppleWebKit/537.36 (KHTML, like Gecko) Chrome/78.0.3904.70 Safari/537.36" "wpfront-notification-bar-landingpage=1"
66.102.8.148 - - [02/Dec/2019:21:47:21 +0100] "GET /wp-content/uploads/2019/06/amistad3-300x300.jpg HTTP/1.1" 200 12744 "https://amazingsportwear.com/" "Mozilla/5.0 (Windows NT 6.1) AppleWebKit/537.36 (KHTML, like Gecko) Chrome/78.0.3904.70 Safari/537.36" "wpfront-notification-bar-landingpage=1"
66.102.8.148 - - [02/Dec/2019:21:47:21 +0100] "GET /wp-content/uploads/2019/05/asw-white-300x126.png HTTP/1.1" 200 12061 "https://amazingsportwear.com/" "Mozilla/5.0 (Windows NT 6.1) AppleWebKit/537.36 (KHTML, like Gecko) Chrome/78.0.3904.70 Safari/537.36" "wpfront-notification-bar-landingpage=1"
66.102.8.148 - - [02/Dec/2019:21:47:21 +0100] "GET /wp-content/uploads/2019/06/compartir-300x300.jpg HTTP/1.1" 200 10140 "https://amazingsportwear.com/" "Mozilla/5.0 (Windows NT 6.1) AppleWebKit/537.36 (KHTML, like Gecko) Chrome/78.0.3904.70 Safari/537.36" "wpfront-notification-bar-landingpage=1"
66.102.8.148 - - [02/Dec/2019:21:47:21 +0100] "GET /wp-content/uploads/2019/07/slider1.jpg HTTP/1.1" 200 244573 "https://amazingsportwear.com/" "Mozilla/5.0 (Windows NT 6.1) AppleWebKit/537.36 (KHTML, like Gecko) Chrome/78.0.3904.70 Safari/537.36" "wpfront-notification-bar-landingpage=1"
66.102.8.146 - - [02/Dec/2019:21:47:21 +0100] "GET /wp-content/uploads/2017/03/sa-0415_60-300x300.jpg HTTP/1.1" 200 15272 "https://amazingsportwear.com/" "Mozilla/5.0 (Windows NT 6.1) AppleWebKit/537.36 (KHTML, like Gecko) Chrome/78.0.3904.70 Safari/537.36" "wpfront-notification-bar-landingpage=1"
66.102.8.144 - - [02/Dec/2019:21:47:21 +0100] "GET /wp-content/uploads/2019/07/slider3.jpg HTTP/1.1" 200 276981 "https://amazingsportwear.com/" "Mozilla/5.0 (Windows NT 6.1) AppleWebKit/537.36 (KHTML, like Gecko) Chrome/78.0.3904.70 Safari/537.36" "wpfront-notification-bar-landingpage=1"
66.102.8.144 - - [02/Dec/2019:21:47:21 +0100] "GET /wp-content/uploads/2018/05/cat-3164-amarillo-300x300.png HTTP/1.1" 200 72410 "https://amazingsportwear.com/" "Mozilla/5.0 (Windows NT 6.1) AppleWebKit/537.36 (KHTML, like Gecko) Chrome/78.0.3904.70 Safari/537.36" "wpfront-notification-bar-landingpage=1"
66.102.8.144 - - [02/Dec/2019:21:47:21 +0100] "GET /wp-content/plugins/elementor/assets/js/frontend-modules.min.js?ver=2.5.16 HTTP/1.1" 200 14849 "https://amazingsportwear.com/" "Mozilla/5.0 (Windows NT 6.1) AppleWebKit/537.36 (KHTML, like Gecko) Chrome/78.0.3904.70 Safari/537.36" "wpfront-notification-bar-landingpage=1"
66.102.8.144 - - [02/Dec/2019:21:47:21 +0100] "GET /wp-content/uploads/2019/07/zapatillero-300x124.jpg HTTP/1.1" 200 19962 "https://amazingsportwear.com/" "Mozilla/5.0 (Windows NT 6.1) AppleWebKit/537.36 (KHTML, like Gecko) Chrome/78.0.3904.70 Safari/537.36" "wpfront-notification-bar-landingpage=1"
66.102.8.144 - - [02/Dec/2019:21:47:21 +0100] "GET /wp-content/uploads/2019/04/toalla-absorvente-gymnasio-7-300x300.png HTTP/1.1" 200 82027 "https://amazingsportwear.com/" "Mozilla/5.0 (Windows NT 6.1) AppleWebKit/537.36 (KHTML, like Gecko) Chrome/78.0.3904.70 Safari/537.36" "wpfront-notification-bar-landingpage=1"
66.102.8.148 - - [02/Dec/2019:21:47:21 +0100] "GET /wp-content/plugins/simple-social-icons/symbol-defs.svg HTTP/1.1" 200 19699 "https://amazingsportwear.com/" "Mozilla/5.0 (Windows NT 6.1) AppleWebKit/537.36 (KHTML, like Gecko) Chrome/78.0.3904.70 Safari/537.36" "wpfront-notification-bar-landingpage=1"
66.102.8.144 - - [02/Dec/2019:21:47:21 +0100] "GET /wp-content/plugins/wpfront-notification-bar/images/arrow_down.png HTTP/1.1" 200 2562 "https://amazingsportwear.com/wp-content/plugins/wpfront-notification-bar/css/wpfront-notification-bar.css?ver=1.7.1" "Mozilla/5.0 (Windows NT 6.1) AppleWebKit/537.36 (KHTML, like Gecko) Chrome/78.0.3904.70 Safari/537.36" "wpfront-notification-bar-landingpage=1"
66.102.8.146 - - [02/Dec/2019:21:47:21 +0100] "GET /wp-content/plugins/elementor/assets/lib/font-awesome/fonts/fontawesome-webfont.woff2?v=4.7.0 HTTP/1.1" 200 77615 "https://amazingsportwear.com/wp-content/plugins/elementor/assets/lib/font-awesome/css/font-awesome.min.css?ver=4.7.0" "Mozilla/5.0 (Windows NT 6.1) AppleWebKit/537.36 (KHTML, like Gecko) Chrome/78.0.3904.70 Safari/537.36" "wpfront-notification-bar-landingpage=1"
66.102.8.144 - - [02/Dec/2019:21:47:21 +0100] "GET /wp-content/uploads/2019/07/slider4.jpg HTTP/1.1" 200 373113 "https://amazingsportwear.com/" "Mozilla/5.0 (Windows NT 6.1) AppleWebKit/537.36 (KHTML, like Gecko) Chrome/78.0.3904.70 Safari/537.36" "wpfront-notification-bar-landingpage=1"
66.102.8.148 - - [02/Dec/2019:21:47:22 +0100] "GET /wp-content/plugins/elementor/assets/css/frontend-msie.min.css?2.5.16 HTTP/1.1" 200 8711 "https://amazingsportwear.com/" "Mozilla/5.0 (Windows NT 6.1) AppleWebKit/537.36 (KHTML, like Gecko) Chrome/78.0.3904.70 Safari/537.36" "wpfront-notification-bar-landingpage=1"
66.102.8.146 - - [02/Dec/2019:21:47:22 +0100] "POST /?wc-ajax=get_refreshed_fragments HTTP/1.1" 200 1345 "https://amazingsportwear.com/" "Mozilla/5.0 (Windows NT 6.1) AppleWebKit/537.36 (KHTML, like Gecko) Chrome/78.0.3904.70 Safari/537.36" "wpfront-notification-bar-landingpage=1"
66.102.8.144 - - [02/Dec/2019:21:47:23 +0100] "GET /wp-content/themes/shopper/assets/fonts/fontawesome-webfont.woff2?v=4.7.0 HTTP/1.1" 200 77615 "https://amazingsportwear.com/wp-content/themes/shopper/style.css?ver=1.3.8" "Mozilla/5.0 (Windows NT 6.1) AppleWebKit/537.36 (KHTML, like Gecko) Chrome/78.0.3904.70 Safari/537.36" "wpfront-notification-bar-landingpage=1"
217.76.130.90 - - [02/Dec/2019:21:49:50 +0100] "POST /wp-cron.php?doing_wp_cron=1575319790.0461440086364746093750 HTTP/1.1" 200 3389 "https://amazingsportwear.com/wp-cron.php?doing_wp_cron=1575319790.0461440086364746093750" "WordPress/5.2.4; https://amazingsportwear.com" "-"
66.249.66.66 - - [02/Dec/2019:21:49:48 +0100] "GET /categoria-producto/accesorios/llaveros/ HTTP/1.1" 200 69228 "-" "Mozilla/5.0 (Linux; Android 6.0.1; Nexus 5X Build/MMB29P) AppleWebKit/537.36 (KHTML, like Gecko) Chrome/41.0.2272.96 Mobile Safari/537.36 (compatible; Googlebot/2.1; +http://www.google.com/bot.html)" "-"
190.57.171.3 - - [02/Dec/2019:21:55:35 +0100] "GET /wp-content/uploads/2019/04/Gorra-sport-7.png HTTP/1.1" 200 99917 "https://www.google.com.ec/" "Mozilla/5.0 (Windows NT 10.0; Win64; x64) AppleWebKit/537.36 (KHTML, like Gecko) Chrome/78.0.3904.108 Safari/537.36" "-"
217.76.130.90 - - [02/Dec/2019:21:55:43 +0100] "POST /wp-cron.php?doing_wp_cron=1575320143.5562880039215087890625 HTTP/1.1" 200 164 "http://amazingsportwear.com/wp-cron.php?doing_wp_cron=1575320143.5562880039215087890625" "WordPress/5.2.4; https://amazingsportwear.com" "-"
188.166.114.112 - - [02/Dec/2019:21:55:41 +0100] "GET / HTTP/1.1" 301 298 "-" "Mozilla/5.0 (Windows NT 10.0; Win64; x64) AppleWebKit/537.36 (KHTML, like Gecko) Chrome/78.0.3904.70 Safari/537.36" "-"
188.166.114.112 - - [02/Dec/2019:21:55:43 +0100] "GET / HTTP/1.1" 200 125614 "-" "Mozilla/5.0 (Windows NT 10.0; Win64; x64) AppleWebKit/537.36 (KHTML, like Gecko) Chrome/78.0.3904.70 Safari/537.36" "-"
217.76.130.90 - - [02/Dec/2019:21:56:11 +0100] "POST /wp-cron.php?doing_wp_cron=1575320171.2146320343017578125000 HTTP/1.1" 200 164 "http://amazingsportwear.com/wp-cron.php?doing_wp_cron=1575320171.2146320343017578125000" "WordPress/5.2.4; https://amazingsportwear.com" "-"
188.166.114.112 - - [02/Dec/2019:21:56:10 +0100] "GET /contacta-con-nosotros/ HTTP/1.1" 200 58219 "-" "Mozilla/5.0 (Windows NT 10.0; Win64; x64) AppleWebKit/537.36 (KHTML, like Gecko) Chrome/78.0.3904.70 Safari/537.36" "-"
66.249.66.66 - - [02/Dec/2019:21:56:25 +0100] "GET /producto/camiseta-manga-corta-ranglan-futbol/ HTTP/1.1" 200 95817 "-" "Mozilla/5.0 (Linux; Android 6.0.1; Nexus 5X Build/MMB29P) AppleWebKit/537.36 (KHTML, like Gecko) Chrome/41.0.2272.96 Mobile Safari/537.36 (compatible; Googlebot/2.1; +http://www.google.com/bot.html)" "-"
66.249.66.66 - - [02/Dec/2019:21:56:36 +0100] "GET /producto/camiseta-manga-corta-ranglan-futbol/ HTTP/1.1" 200 92291 "-" "Mozilla/5.0 (Linux; Android 6.0.1; Nexus 5X Build/MMB29P) AppleWebKit/537.36 (KHTML, like Gecko) Chrome/41.0.2272.96 Mobile Safari/537.36 (compatible; Googlebot/2.1; +http://www.google.com/bot.html)" "-"
217.76.130.90 - - [02/Dec/2019:21:59:07 +0100] "POST /wp-cron.php?doing_wp_cron=1575320347.1607201099395751953125 HTTP/1.1" 200 3389 "https://amazingsportwear.com/wp-cron.php?doing_wp_cron=1575320347.1607201099395751953125" "WordPress/5.2.4; https://amazingsportwear.com" "-"
31.13.115.6 - - [02/Dec/2019:21:59:06 +0100] "GET / HTTP/1.1" 200 125525 "-" "facebookexternalhit/1.1 (+http://www.facebook.com/externalhit_uatext.php)" "-"
31.13.115.9 - - [02/Dec/2019:21:59:06 +0100] "GET / HTTP/1.1" 200 125525 "-" "facebookexternalhit/1.1 (+http://www.facebook.com/externalhit_uatext.php)" "-"
217.76.130.90 - - [02/Dec/2019:22:01:25 +0100] "POST /wp-cron.php?doing_wp_cron=1575320484.9785959720611572265625 HTTP/1.1" 200 3389 "https://amazingsportwear.com/wp-cron.php?doing_wp_cron=1575320484.9785959720611572265625" "WordPress/5.2.4; https://amazingsportwear.com" "-"
66.249.66.66 - - [02/Dec/2019:22:01:24 +0100] "GET /producto/camiseta-tecnica-boomer-aq-jaguar/ HTTP/1.1" 200 105221 "-" "Mozilla/5.0 (Linux; Android 6.0.1; Nexus 5X Build/MMB29P) AppleWebKit/537.36 (KHTML, like Gecko) Chrome/41.0.2272.96 Mobile Safari/537.36 (compatible; Googlebot/2.1; +http://www.google.com/bot.html)" "-"
93.176.129.164 - - [02/Dec/2019:22:06:01 +0100] "GET /wp-content/uploads/2019/04/Gorra-sport-10.png HTTP/1.1" 200 60231 "https://www.google.com/" "Mozilla/5.0 (Macintosh; Intel Mac OS X 10_14_5) AppleWebKit/605.1.15 (KHTML, like Gecko) Version/12.1.1 Safari/605.1.15" "-"
190.148.209.152 - - [02/Dec/2019:22:07:32 +0100] "GET /wp-content/uploads/2019/04/SA-1070-4.png HTTP/1.1" 200 69427 "https://www.google.com/" "Mozilla/5.0 (Macintosh; Intel Mac OS X 10_14_6) AppleWebKit/537.36 (KHTML, like Gecko) Chrome/78.0.3904.97 Safari/537.36" "-"
217.76.130.90 - - [02/Dec/2019:22:10:15 +0100] "POST /wp-cron.php?doing_wp_cron=1575321015.8982849121093750000000 HTTP/1.1" 200 3389 "https://amazingsportwear.com/wp-cron.php?doing_wp_cron=1575321015.8982849121093750000000" "WordPress/5.2.4; https://amazingsportwear.com" "-"
66.249.66.70 - - [02/Dec/2019:22:10:14 +0100] "GET /producto/polo-tecnico-montmelo-sa-0421/ HTTP/1.1" 200 106876 "-" "Mozilla/5.0 (Linux; Android 6.0.1; Nexus 5X Build/MMB29P) AppleWebKit/537.36 (KHTML, like Gecko) Chrome/41.0.2272.96 Mobile Safari/537.36 (compatible; Googlebot/2.1; +http://www.google.com/bot.html)" "-"
217.76.130.90 - - [02/Dec/2019:22:12:17 +0100] "POST /wp-cron.php?doing_wp_cron=1575321137.3389410972595214843750 HTTP/1.1" 200 3389 "https://amazingsportwear.com/wp-cron.php?doing_wp_cron=1575321137.3389410972595214843750" "WordPress/5.2.4; https://amazingsportwear.com" "-"
66.249.66.66 - - [02/Dec/2019:22:12:16 +0100] "GET /categoria-producto/hombre/pantalonesymallas/ HTTP/1.1" 200 75603 "-" "Mozilla/5.0 (Linux; Android 6.0.1; Nexus 5X Build/MMB29P) AppleWebKit/537.36 (KHTML, like Gecko) Chrome/41.0.2272.96 Mobile Safari/537.36 (compatible; Googlebot/2.1; +http://www.google.com/bot.html)" "-"
66.249.66.68 - - [02/Dec/2019:22:12:50 +0100] "GET /wp-content/uploads/2017/03/aq-sprint-1148-300x300.jpg HTTP/1.1" 304 3565 "-" "Googlebot-Image/1.0" "-"
190.16.25.40 - - [02/Dec/2019:22:13:48 +0100] "GET /wp-content/uploads/2017/01/cam-basic4.png HTTP/1.1" 200 198950 "https://www.google.com/" "Mozilla/5.0 (Linux; Android 6.0.1; SM-J500M) AppleWebKit/537.36 (KHTML, like Gecko) Chrome/77.0.3865.116 Mobile Safari/537.36" "-"
217.76.130.90 - - [02/Dec/2019:22:14:20 +0100] "POST /wp-cron.php?doing_wp_cron=1575321260.2003660202026367187500 HTTP/1.1" 200 3389 "https://amazingsportwear.com/wp-cron.php?doing_wp_cron=1575321260.2003660202026367187500" "WordPress/5.2.4; https://amazingsportwear.com" "-"
66.249.66.68 - - [02/Dec/2019:22:14:19 +0100] "GET /producto/camiseta-manga-corta-futbol/ HTTP/1.1" 200 94873 "-" "Mozilla/5.0 (Linux; Android 6.0.1; Nexus 5X Build/MMB29P) AppleWebKit/537.36 (KHTML, like Gecko) Chrome/41.0.2272.96 Mobile Safari/537.36 (compatible; Googlebot/2.1; +http://www.google.com/bot.html)" "-"
