66.249.69.212 - - [30/Nov/2019:13:20:42 +0100] "GET /etiqueta-producto/running/ HTTP/1.1" 200 57394 "-" "Mozilla/5.0 (Linux; Android 6.0.1; Nexus 5X Build/MMB29P) AppleWebKit/537.36 (KHTML, like Gecko) Chrome/41.0.2272.96 Mobile Safari/537.36 (compatible; Googlebot/2.1; +http://www.google.com/bot.html)" "-"
217.76.130.90 - - [30/Nov/2019:13:21:36 +0100] "POST /wp-cron.php?doing_wp_cron=1575116496.7038910388946533203125 HTTP/1.1" 200 3389 "https://amazingsportwear.com/wp-cron.php?doing_wp_cron=1575116496.7038910388946533203125" "WordPress/5.2.4; https://amazingsportwear.com" "-"
13.66.139.1 - - [30/Nov/2019:13:21:36 +0100] "GET /robots.txt HTTP/1.1" 200 2297 "-" "Mozilla/5.0 (compatible; bingbot/2.0; +http://www.bing.com/bingbot.htm)" "-"
13.66.139.1 - - [30/Nov/2019:13:21:37 +0100] "GET /robots.txt HTTP/1.1" 200 3939 "-" "Mozilla/5.0 (compatible; bingbot/2.0; +http://www.bing.com/bingbot.htm)" "-"
13.66.139.0 - - [30/Nov/2019:13:21:41 +0100] "GET /tienda/147-camiseta-tecnica-boomer-aq-boomer.html HTTP/1.1" 404 72293 "-" "Mozilla/5.0 (compatible; bingbot/2.0; +http://www.bing.com/bingbot.htm)" "-"
217.76.130.90 - - [30/Nov/2019:13:31:54 +0100] "POST /wp-cron.php?doing_wp_cron=1575117114.9561719894409179687500 HTTP/1.1" 200 164 "http://amazingsportwear.com/wp-cron.php?doing_wp_cron=1575117114.9561719894409179687500" "WordPress/5.2.4; https://amazingsportwear.com" "-"
206.72.196.155 - - [30/Nov/2019:13:31:53 +0100] "GET /wp-admin/network/update-core.php HTTP/1.1" 302 406 "http://site.ru" "Mozilla/5.0 (Windows; U; Windows NT 5.1; en-US) AppleWebKit/533.4 (KHTML, like Gecko) Chrome/5.0.375.99 Safari/533.4" "-"
206.72.196.155 - - [30/Nov/2019:13:31:56 +0100] "GET /wp-admin/network/update-core.php HTTP/1.1" 302 3711 "http://site.ru" "Mozilla/5.0 (Windows; U; Windows NT 5.1; en-US) AppleWebKit/533.4 (KHTML, like Gecko) Chrome/5.0.375.99 Safari/533.4" "-"
206.72.196.155 - - [30/Nov/2019:13:31:57 +0100] "GET /wp-login.php?redirect_to=https%3A%2F%2Famazingsportwear.com%2Fwp-admin%2Fnetwork%2Fupdate-core.php&reauth=1 HTTP/1.1" 200 6719 "http://site.ru" "Mozilla/5.0 (Windows; U; Windows NT 5.1; en-US) AppleWebKit/533.4 (KHTML, like Gecko) Chrome/5.0.375.99 Safari/533.4" "-"
217.76.130.90 - - [30/Nov/2019:13:50:17 +0100] "POST /wp-cron.php?doing_wp_cron=1575118217.9578220844268798828125 HTTP/1.1" 200 164 "http://amazingsportwear.com/wp-cron.php?doing_wp_cron=1575118217.9578220844268798828125" "WordPress/5.2.4; https://amazingsportwear.com" "-"
192.81.210.176 - - [30/Nov/2019:13:50:15 +0100] "GET /administrator/index.php HTTP/1.1" 301 418 "-" "Mozilla/5.0 (X11; Ubuntu; Linux x86_64; rv:62.0) Gecko/20100101 Firefox/62.0" "-"
192.81.210.176 - - [30/Nov/2019:13:50:18 +0100] "GET /administrator/ HTTP/1.1" 404 68016 "http://amazingsportwear.com/administrator/index.php" "Mozilla/5.0 (X11; Ubuntu; Linux x86_64; rv:62.0) Gecko/20100101 Firefox/62.0" "-"
66.249.69.210 - - [30/Nov/2019:13:50:20 +0100] "GET /producto/gorra-konlun/ HTTP/1.1" 200 93222 "-" "Mozilla/5.0 (Linux; Android 6.0.1; Nexus 5X Build/MMB29P) AppleWebKit/537.36 (KHTML, like Gecko) Chrome/41.0.2272.96 Mobile Safari/537.36 (compatible; Googlebot/2.1; +http://www.google.com/bot.html)" "-"
66.249.69.208 - - [30/Nov/2019:13:50:35 +0100] "POST /?wc-ajax=get_refreshed_fragments HTTP/1.1" 200 4760 "https://amazingsportwear.com/producto/gorra-konlun/" "Mozilla/5.0 (Linux; Android 6.0.1; Nexus 5X Build/MMB29P) AppleWebKit/537.36 (KHTML, like Gecko) Chrome/41.0.2272.96 Mobile Safari/537.36 (compatible; Googlebot/2.1; +http://www.google.com/bot.html)" "_ga=GA1.2.969013651.1575072000; _gid=GA1.2.1978218920.1575072000; _gat_gtag_UA_91619287_1=1"
217.76.130.90 - - [30/Nov/2019:13:52:47 +0100] "POST /wp-cron.php?doing_wp_cron=1575118367.0654048919677734375000 HTTP/1.1" 200 3389 "https://amazingsportwear.com/wp-cron.php?doing_wp_cron=1575118367.0654048919677734375000" "WordPress/5.2.4; https://amazingsportwear.com" "-"
66.249.69.212 - - [30/Nov/2019:13:52:46 +0100] "GET /producto/camiseta-tecnica-aida-sa-6656/ HTTP/1.1" 200 97043 "-" "Mozilla/5.0 (Linux; Android 6.0.1; Nexus 5X Build/MMB29P) AppleWebKit/537.36 (KHTML, like Gecko) Chrome/41.0.2272.96 Mobile Safari/537.36 (compatible; Googlebot/2.1; +http://www.google.com/bot.html)" "-"
66.249.69.210 - - [30/Nov/2019:13:52:54 +0100] "POST /?wc-ajax=get_refreshed_fragments HTTP/1.1" 200 4760 "https://amazingsportwear.com/producto/camiseta-tecnica-aida-sa-6656/" "Mozilla/5.0 (Linux; Android 6.0.1; Nexus 5X Build/MMB29P) AppleWebKit/537.36 (KHTML, like Gecko) Chrome/41.0.2272.96 Mobile Safari/537.36 (compatible; Googlebot/2.1; +http://www.google.com/bot.html)" "_ga=GA1.2.969013651.1575072000; _gid=GA1.2.1978218920.1575072000; _gat_gtag_UA_91619287_1=1"
217.76.130.90 - - [30/Nov/2019:13:56:58 +0100] "POST /wp-cron.php?doing_wp_cron=1575118618.4627621173858642578125 HTTP/1.1" 200 3389 "https://amazingsportwear.com/wp-cron.php?doing_wp_cron=1575118618.4627621173858642578125" "WordPress/5.2.4; https://amazingsportwear.com" "-"
192.151.145.82 - - [30/Nov/2019:13:56:57 +0100] "GET /robots.txt HTTP/1.1" 200 3939 "-" "Mozilla/5.0 (compatible; MJ12bot/v1.4.8; http://mj12bot.com/)" "-"
192.151.145.82 - - [30/Nov/2019:13:57:04 +0100] "GET /wp-content/uploads/2019/04/AQUA-10043400-TRANSPARENTE-DISE%C3%91O.png HTTP/1.1" 200 106128 "-" "Mozilla/5.0 (compatible; MJ12bot/v1.4.8; http://mj12bot.com/)" "-"
192.151.145.82 - - [30/Nov/2019:13:57:13 +0100] "GET /wp-content/uploads/2019/04/BOTELLA-TRIT%C3%81N-DISE%C3%91O-1.png HTTP/1.1" 200 104722 "-" "Mozilla/5.0 (compatible; MJ12bot/v1.4.8; http://mj12bot.com/)" "-"
192.151.145.82 - - [30/Nov/2019:13:57:20 +0100] "GET /wp-content/uploads/2019/04/Bid%C3%B3n-Iskan-1.png HTTP/1.1" 200 51365 "-" "Mozilla/5.0 (compatible; MJ12bot/v1.4.8; http://mj12bot.com/)" "-"
192.151.145.82 - - [30/Nov/2019:13:57:27 +0100] "GET /wp-content/uploads/2019/04/Bid%C3%B3n-Iskan-2.png HTTP/1.1" 200 73304 "-" "Mozilla/5.0 (compatible; MJ12bot/v1.4.8; http://mj12bot.com/)" "-"
192.151.145.82 - - [30/Nov/2019:13:57:31 +0100] "GET /wp-content/uploads/2019/04/Bid%C3%B3n-Iskan-3.png HTTP/1.1" 200 44502 "-" "Mozilla/5.0 (compatible; MJ12bot/v1.4.8; http://mj12bot.com/)" "-"
192.151.145.82 - - [30/Nov/2019:13:57:41 +0100] "GET /wp-content/uploads/2019/04/Bid%C3%B3n-Iskan-4.png HTTP/1.1" 200 74092 "-" "Mozilla/5.0 (compatible; MJ12bot/v1.4.8; http://mj12bot.com/)" "-"
192.151.145.82 - - [30/Nov/2019:13:57:49 +0100] "GET /wp-content/uploads/2019/04/Bid%C3%B3n-Iskan-5.png HTTP/1.1" 200 74672 "-" "Mozilla/5.0 (compatible; MJ12bot/v1.4.8; http://mj12bot.com/)" "-"
192.151.145.82 - - [30/Nov/2019:13:57:56 +0100] "GET /wp-content/uploads/2019/04/Bid%C3%B3n-Iskan-6.png HTTP/1.1" 200 68718 "-" "Mozilla/5.0 (compatible; MJ12bot/v1.4.8; http://mj12bot.com/)" "-"
192.151.145.82 - - [30/Nov/2019:13:58:03 +0100] "GET /wp-content/uploads/2019/04/Bid%C3%B3n-Iskan-7.png HTTP/1.1" 200 71019 "-" "Mozilla/5.0 (compatible; MJ12bot/v1.4.8; http://mj12bot.com/)" "-"
192.151.145.82 - - [30/Nov/2019:13:58:15 +0100] "GET /wp-content/uploads/2019/04/Bid%C3%B3n-Iskan-8.png HTTP/1.1" 200 72473 "-" "Mozilla/5.0 (compatible; MJ12bot/v1.4.8; http://mj12bot.com/)" "-"
192.151.145.82 - - [30/Nov/2019:13:58:24 +0100] "GET /wp-content/uploads/2019/04/MU%C3%91EQUERA-BEKER-1.png HTTP/1.1" 200 159279 "-" "Mozilla/5.0 (compatible; MJ12bot/v1.4.8; http://mj12bot.com/)" "-"
192.151.145.82 - - [30/Nov/2019:13:58:31 +0100] "GET /wp-content/uploads/2019/04/MU%C3%91EQUERA-BEKER-2.png HTTP/1.1" 200 112422 "-" "Mozilla/5.0 (compatible; MJ12bot/v1.4.8; http://mj12bot.com/)" "-"
192.151.145.82 - - [30/Nov/2019:13:58:39 +0100] "GET /wp-content/uploads/2019/04/MU%C3%91EQUERA-BEKER-3.png HTTP/1.1" 200 163120 "-" "Mozilla/5.0 (compatible; MJ12bot/v1.4.8; http://mj12bot.com/)" "-"
192.151.145.82 - - [30/Nov/2019:13:58:55 +0100] "GET /wp-content/uploads/2019/04/MU%C3%91EQUERA-BEKER-4.png HTTP/1.1" 200 108481 "-" "Mozilla/5.0 (compatible; MJ12bot/v1.4.8; http://mj12bot.com/)" "-"
192.151.145.82 - - [30/Nov/2019:13:59:04 +0100] "GET /wp-content/uploads/2019/04/MU%C3%91EQUERA-BEKER-5.png HTTP/1.1" 200 145431 "-" "Mozilla/5.0 (compatible; MJ12bot/v1.4.8; http://mj12bot.com/)" "-"
192.151.145.82 - - [30/Nov/2019:13:59:14 +0100] "GET /wp-content/uploads/2019/04/Ri%C3%B1onera-gran-formato-1.png HTTP/1.1" 200 102945 "-" "Mozilla/5.0 (compatible; MJ12bot/v1.4.8; http://mj12bot.com/)" "-"
192.151.145.82 - - [30/Nov/2019:13:59:19 +0100] "GET /wp-content/uploads/2019/04/Ri%C3%B1onera-gran-formato-2.png HTTP/1.1" 200 72894 "-" "Mozilla/5.0 (compatible; MJ12bot/v1.4.8; http://mj12bot.com/)" "-"
192.151.145.82 - - [30/Nov/2019:13:59:24 +0100] "GET /wp-content/uploads/2019/04/Ri%C3%B1onera-gran-formato-3.png HTTP/1.1" 200 100831 "-" "Mozilla/5.0 (compatible; MJ12bot/v1.4.8; http://mj12bot.com/)" "-"
192.151.145.82 - - [30/Nov/2019:13:59:31 +0100] "GET /wp-content/uploads/2019/04/Ri%C3%B1onera-gran-formato-4.png HTTP/1.1" 200 76802 "-" "Mozilla/5.0 (compatible; MJ12bot/v1.4.8; http://mj12bot.com/)" "-"
192.151.145.82 - - [30/Nov/2019:13:59:39 +0100] "GET /wp-content/uploads/2019/04/SKY-TAPA-NEGRA-DISE%C3%91O-BOHO-PINK.jpg HTTP/1.1" 200 95327 "-" "Mozilla/5.0 (compatible; MJ12bot/v1.4.8; http://mj12bot.com/)" "-"
192.151.145.82 - - [30/Nov/2019:13:59:48 +0100] "GET /wp-content/uploads/2019/04/SUMO-TRANSPARENTE-DISE%C3%91O-CARDINALS.png HTTP/1.1" 200 206082 "-" "Mozilla/5.0 (compatible; MJ12bot/v1.4.8; http://mj12bot.com/)" "-"
192.151.145.82 - - [30/Nov/2019:13:59:56 +0100] "GET /wp-content/uploads/2019/04/VANDIX-AZUL-DISE%C3%91O.png HTTP/1.1" 200 150937 "-" "Mozilla/5.0 (compatible; MJ12bot/v1.4.8; http://mj12bot.com/)" "-"
192.151.145.82 - - [30/Nov/2019:14:00:05 +0100] "GET /wp-content/uploads/2019/04/VANDIX-AZU%C3%91L.png HTTP/1.1" 200 110514 "-" "Mozilla/5.0 (compatible; MJ12bot/v1.4.8; http://mj12bot.com/)" "-"
192.151.145.82 - - [30/Nov/2019:14:00:11 +0100] "GET /wp-content/uploads/2019/04/mu%C3%B1equera-oakley-1.png HTTP/1.1" 200 107042 "-" "Mozilla/5.0 (compatible; MJ12bot/v1.4.8; http://mj12bot.com/)" "-"
192.151.145.82 - - [30/Nov/2019:14:00:19 +0100] "GET /wp-content/uploads/2019/04/mu%C3%B1equera-oakley-2.png HTTP/1.1" 200 145799 "-" "Mozilla/5.0 (compatible; MJ12bot/v1.4.8; http://mj12bot.com/)" "-"
192.151.145.82 - - [30/Nov/2019:14:00:25 +0100] "GET /wp-content/uploads/2019/04/mu%C3%B1equera-oakley-3.png HTTP/1.1" 200 79629 "-" "Mozilla/5.0 (compatible; MJ12bot/v1.4.8; http://mj12bot.com/)" "-"
192.151.145.82 - - [30/Nov/2019:14:00:32 +0100] "GET /wp-content/uploads/2019/04/mu%C3%B1equera-oakley-4.png HTTP/1.1" 200 145881 "-" "Mozilla/5.0 (compatible; MJ12bot/v1.4.8; http://mj12bot.com/)" "-"
192.151.145.82 - - [30/Nov/2019:14:00:39 +0100] "GET /wp-content/uploads/2019/04/mu%C3%B1equera-oakley-5.png HTTP/1.1" 200 98550 "-" "Mozilla/5.0 (compatible; MJ12bot/v1.4.8; http://mj12bot.com/)" "-"
192.151.145.82 - - [30/Nov/2019:14:00:49 +0100] "GET /wp-content/uploads/2019/04/mu%C3%B1equera-oakley-6.png HTTP/1.1" 200 110514 "-" "Mozilla/5.0 (compatible; MJ12bot/v1.4.8; http://mj12bot.com/)" "-"
192.151.145.82 - - [30/Nov/2019:14:00:58 +0100] "GET /wp-content/uploads/2019/04/mu%C3%B1equera-oakley-7.png HTTP/1.1" 200 123351 "-" "Mozilla/5.0 (compatible; MJ12bot/v1.4.8; http://mj12bot.com/)" "-"
190.94.24.239 - - [30/Nov/2019:14:11:44 +0100] "GET /wp-content/uploads/2018/06/sa-6502-naranja.jpg HTTP/1.1" 200 68624 "https://www.google.com/" "Mozilla/5.0 (Windows NT 6.1) AppleWebKit/537.36 (KHTML, like Gecko) Chrome/75.0.3770.142 Safari/537.36" "-"
217.76.130.90 - - [30/Nov/2019:14:14:31 +0100] "POST /wp-cron.php?doing_wp_cron=1575119671.7266349792480468750000 HTTP/1.1" 200 3389 "https://amazingsportwear.com/wp-cron.php?doing_wp_cron=1575119671.7266349792480468750000" "WordPress/5.2.4; https://amazingsportwear.com" "-"
157.55.39.230 - - [30/Nov/2019:14:14:29 +0100] "GET /img/cms/camiseta_hands_trasera.jpg HTTP/1.1" 404 72279 "-" "Mozilla/5.0 (compatible; bingbot/2.0; +http://www.bing.com/bingbot.htm)" "-"
217.76.130.90 - - [30/Nov/2019:14:30:30 +0100] "POST /wp-cron.php?doing_wp_cron=1575120630.0517721176147460937500 HTTP/1.1" 200 3389 "https://amazingsportwear.com/wp-cron.php?doing_wp_cron=1575120630.0517721176147460937500" "WordPress/5.2.4; https://amazingsportwear.com" "-"
141.8.142.79 - - [30/Nov/2019:14:30:28 +0100] "GET /robots.txt HTTP/1.1" 200 3944 "-" "Mozilla/5.0 (compatible; YandexBot/3.0; +http://yandex.com/bots)" "-"
141.8.142.79 - - [30/Nov/2019:14:30:31 +0100] "GET /favicon.ico HTTP/1.1" 200 259 "-" "Mozilla/5.0 (compatible; YandexBot/3.0; +http://yandex.com/bots)" "-"
217.76.130.90 - - [30/Nov/2019:14:41:42 +0100] "POST /wp-cron.php?doing_wp_cron=1575121302.4366719722747802734375 HTTP/1.1" 200 3389 "https://amazingsportwear.com/wp-cron.php?doing_wp_cron=1575121302.4366719722747802734375" "WordPress/5.2.4; https://amazingsportwear.com" "-"
66.249.69.212 - - [30/Nov/2019:14:41:41 +0100] "GET /producto/camiseta-tecnica-dinamic-combi/ HTTP/1.1" 200 104140 "-" "Mozilla/5.0 (Linux; Android 6.0.1; Nexus 5X Build/MMB29P) AppleWebKit/537.36 (KHTML, like Gecko) Chrome/41.0.2272.96 Mobile Safari/537.36 (compatible; Googlebot/2.1; +http://www.google.com/bot.html)" "-"
217.76.130.90 - - [30/Nov/2019:14:43:13 +0100] "POST /wp-cron.php?doing_wp_cron=1575121393.2254109382629394531250 HTTP/1.1" 200 3389 "https://amazingsportwear.com/wp-cron.php?doing_wp_cron=1575121393.2254109382629394531250" "WordPress/5.2.4; https://amazingsportwear.com" "-"
66.249.69.210 - - [30/Nov/2019:14:43:12 +0100] "GET /producto/sudadera-capucha/ HTTP/1.1" 200 101738 "-" "Mozilla/5.0 (Linux; Android 6.0.1; Nexus 5X Build/MMB29P) AppleWebKit/537.36 (KHTML, like Gecko) Chrome/41.0.2272.96 Mobile Safari/537.36 (compatible; Googlebot/2.1; +http://www.google.com/bot.html)" "-"
181.115.131.243 - - [30/Nov/2019:14:48:32 +0100] "GET /wp-content/uploads/2019/04/Gorra-sport-6.png HTTP/1.1" 200 44623 "https://www.google.com/" "Mozilla/5.0 (Linux; Android 9; SM-J530G) AppleWebKit/537.36 (KHTML, like Gecko) Chrome/78.0.3904.108 Mobile Safari/537.36" "-"
217.76.130.90 - - [30/Nov/2019:14:51:18 +0100] "POST /wp-cron.php?doing_wp_cron=1575121878.1150140762329101562500 HTTP/1.1" 200 3389 "https://amazingsportwear.com/wp-cron.php?doing_wp_cron=1575121878.1150140762329101562500" "WordPress/5.2.4; https://amazingsportwear.com" "-"
66.249.69.212 - - [30/Nov/2019:14:51:17 +0100] "GET /producto/camiseta-tecnica-combinada-shangai-mujer/ HTTP/1.1" 200 111393 "-" "Mozilla/5.0 (Linux; Android 6.0.1; Nexus 5X Build/MMB29P) AppleWebKit/537.36 (KHTML, like Gecko) Chrome/41.0.2272.96 Mobile Safari/537.36 (compatible; Googlebot/2.1; +http://www.google.com/bot.html)" "-"
217.76.130.90 - - [30/Nov/2019:14:53:34 +0100] "POST /wp-cron.php?doing_wp_cron=1575122014.8968079090118408203125 HTTP/1.1" 200 3389 "https://amazingsportwear.com/wp-cron.php?doing_wp_cron=1575122014.8968079090118408203125" "WordPress/5.2.4; https://amazingsportwear.com" "-"
66.249.69.210 - - [30/Nov/2019:14:53:34 +0100] "GET / HTTP/1.1" 200 125803 "-" "Mozilla/5.0 (compatible; Googlebot/2.1; +http://www.google.com/bot.html)" "-"
66.249.69.210 - - [30/Nov/2019:14:53:41 +0100] "POST /?wc-ajax=get_refreshed_fragments HTTP/1.1" 200 1345 "https://amazingsportwear.com/" "Mozilla/5.0 AppleWebKit/537.36 (KHTML, like Gecko; compatible; Googlebot/2.1; +http://www.google.com/bot.html) Safari/537.36" "wpfront-notification-bar-landingpage=1; _ga=GA1.2.2114912494.1575072000; _gid=GA1.2.931330593.1575072000; _gat_gtag_UA_91619287_1=1"
81.40.204.192 - - [30/Nov/2019:15:04:42 +0100] "GET /wp-content/uploads/2019/03/SA-0405-1.png HTTP/1.1" 200 47840 "https://www.google.es/" "Mozilla/5.0 (Linux; Android 8.0.0; PRA-LX1) AppleWebKit/537.36 (KHTML, like Gecko) Chrome/78.0.3904.108 Mobile Safari/537.36" "-"
217.76.130.90 - - [30/Nov/2019:15:12:11 +0100] "POST /wp-cron.php?doing_wp_cron=1575123131.0996589660644531250000 HTTP/1.1" 200 3389 "https://amazingsportwear.com/wp-cron.php?doing_wp_cron=1575123131.0996589660644531250000" "WordPress/5.2.4; https://amazingsportwear.com" "-"
66.249.69.208 - - [30/Nov/2019:15:12:09 +0100] "GET /producto/gorra-dowan/ HTTP/1.1" 200 94904 "-" "Mozilla/5.0 (Linux; Android 6.0.1; Nexus 5X Build/MMB29P) AppleWebKit/537.36 (KHTML, like Gecko) Chrome/41.0.2272.96 Mobile Safari/537.36 (compatible; Googlebot/2.1; +http://www.google.com/bot.html)" "-"
66.249.69.210 - - [30/Nov/2019:15:12:28 +0100] "GET /producto/camiseta-tecnica-cosmic-aq-cosmic/ HTTP/1.1" 200 103932 "-" "Mozilla/5.0 (Linux; Android 6.0.1; Nexus 5X Build/MMB29P) AppleWebKit/537.36 (KHTML, like Gecko) Chrome/41.0.2272.96 Mobile Safari/537.36 (compatible; Googlebot/2.1; +http://www.google.com/bot.html)" "-"
91.106.199.104 - - [30/Nov/2019:15:20:25 +0100] "GET /wp-includes/css/dist/block-library/style.min.css HTTP/1.1" 200 29536 "-" "Mozilla/5.0 (compatible; tracemyfile/1.0)" "-"
217.76.130.90 - - [30/Nov/2019:15:24:05 +0100] "POST /wp-cron.php?doing_wp_cron=1575123845.5427920818328857421875 HTTP/1.1" 200 164 "http://amazingsportwear.com/wp-cron.php?doing_wp_cron=1575123845.5427920818328857421875" "WordPress/5.2.4; https://amazingsportwear.com" "-"
66.249.69.221 - - [30/Nov/2019:15:24:04 +0100] "GET / HTTP/1.1" 301 336 "-" "Mozilla/5.0 (Linux; Android 6.0.1; Nexus 5X Build/MMB29P) AppleWebKit/537.36 (KHTML, like Gecko) Chrome/41.0.2272.96 Mobile Safari/537.36 (compatible; Googlebot/2.1; +http://www.google.com/bot.html)" "-"
66.249.69.210 - - [30/Nov/2019:15:24:06 +0100] "GET / HTTP/1.1" 200 125766 "-" "Mozilla/5.0 (Linux; Android 6.0.1; Nexus 5X Build/MMB29P) AppleWebKit/537.36 (KHTML, like Gecko) Chrome/41.0.2272.96 Mobile Safari/537.36 (compatible; Googlebot/2.1; +http://www.google.com/bot.html)" "wpfront-notification-bar-landingpage=1"
217.76.130.90 - - [30/Nov/2019:15:25:39 +0100] "POST /wp-cron.php?doing_wp_cron=1575123939.9276049137115478515625 HTTP/1.1" 200 3389 "https://amazingsportwear.com/wp-cron.php?doing_wp_cron=1575123939.9276049137115478515625" "WordPress/5.2.4; https://amazingsportwear.com" "-"
66.249.69.210 - - [30/Nov/2019:15:25:38 +0100] "POST /?wc-ajax=get_refreshed_fragments HTTP/1.1" 200 4760 "https://amazingsportwear.com/" "Mozilla/5.0 (Linux; Android 6.0.1; Nexus 5X Build/MMB29P) AppleWebKit/537.36 (KHTML, like Gecko) Chrome/41.0.2272.96 Mobile Safari/537.36 (compatible; Googlebot/2.1; +http://www.google.com/bot.html)" "_ga=GA1.2.1951319036.1575072000; _gid=GA1.2.1036204339.1575072000; _gat_gtag_UA_91619287_1=1"
3.136.155.108 - - [30/Nov/2019:15:31:19 +0100] "GET / HTTP/1.1" 301 336 "-" "Mozilla/5.0 (X11; Linux x86_64) AppleWebKit/537.36 (KHTML, like Gecko) Chrome/75.0.3770.142 Safari/537.36" "-"
217.76.130.90 - - [30/Nov/2019:15:31:20 +0100] "POST /wp-cron.php?doing_wp_cron=1575124280.4543430805206298828125 HTTP/1.1" 200 164 "http://amazingsportwear.com/wp-cron.php?doing_wp_cron=1575124280.4543430805206298828125" "WordPress/5.2.4; https://amazingsportwear.com" "-"
3.136.155.108 - - [30/Nov/2019:15:31:19 +0100] "GET / HTTP/1.1" 301 336 "-" "Mozilla/5.0 (X11; Linux x86_64) AppleWebKit/537.36 (KHTML, like Gecko) Chrome/75.0.3770.142 Safari/537.36" "-"
3.136.155.108 - - [30/Nov/2019:15:31:20 +0100] "GET / HTTP/1.1" 301 3772 "-" "Mozilla/5.0 (X11; Linux x86_64) AppleWebKit/537.36 (KHTML, like Gecko) Chrome/75.0.3770.142 Safari/537.36" "-"
3.136.155.108 - - [30/Nov/2019:15:31:20 +0100] "GET / HTTP/1.1" 200 125802 "-" "Mozilla/5.0 (X11; Linux x86_64) AppleWebKit/537.36 (KHTML, like Gecko) Chrome/75.0.3770.142 Safari/537.36" "-"
3.136.155.108 - - [30/Nov/2019:15:31:22 +0100] "GET / HTTP/1.1" 200 125822 "-" "Mozilla/5.0 (X11; Linux x86_64) AppleWebKit/537.36 (KHTML, like Gecko) Chrome/75.0.3770.142 Safari/537.36" "-"
3.136.155.108 - - [30/Nov/2019:15:31:23 +0100] "GET /wp-includes/css/dist/block-library/style.min.css?ver=5.2.4 HTTP/1.1" 200 29798 "https://amazingsportwear.com/" "Mozilla/5.0 (X11; Linux x86_64) AppleWebKit/537.36 (KHTML, like Gecko) Chrome/75.0.3770.142 Safari/537.36" "wpfront-notification-bar-landingpage=1"
3.136.155.108 - - [30/Nov/2019:15:31:23 +0100] "GET /wp-content/plugins/woocommerce/assets/css/blocks/style.css?ver=3.6.4 HTTP/1.1" 200 6835 "https://amazingsportwear.com/" "Mozilla/5.0 (X11; Linux x86_64) AppleWebKit/537.36 (KHTML, like Gecko) Chrome/75.0.3770.142 Safari/537.36" "wpfront-notification-bar-landingpage=1"
3.136.155.108 - - [30/Nov/2019:15:31:23 +0100] "GET /wp-content/plugins/cookie-law-info/public/css/cookie-law-info-public.css?ver=1.7.6 HTTP/1.1" 200 3373 "https://amazingsportwear.com/" "Mozilla/5.0 (X11; Linux x86_64) AppleWebKit/537.36 (KHTML, like Gecko) Chrome/75.0.3770.142 Safari/537.36" "wpfront-notification-bar-landingpage=1"
3.136.155.108 - - [30/Nov/2019:15:31:23 +0100] "GET /wp-content/plugins/cookie-law-info/public/css/cookie-law-info-gdpr.css?ver=1.7.6 HTTP/1.1" 200 12583 "https://amazingsportwear.com/" "Mozilla/5.0 (X11; Linux x86_64) AppleWebKit/537.36 (KHTML, like Gecko) Chrome/75.0.3770.142 Safari/537.36" "wpfront-notification-bar-landingpage=1"
3.136.155.108 - - [30/Nov/2019:15:31:23 +0100] "GET /wp-content/plugins/wpfront-notification-bar/css/wpfront-notification-bar.css?ver=1.7.1 HTTP/1.1" 200 3801 "https://amazingsportwear.com/" "Mozilla/5.0 (X11; Linux x86_64) AppleWebKit/537.36 (KHTML, like Gecko) Chrome/75.0.3770.142 Safari/537.36" "wpfront-notification-bar-landingpage=1"
3.136.155.108 - - [30/Nov/2019:15:31:23 +0100] "GET /wp-content/themes/shopper/style.css?ver=1.3.8 HTTP/1.1" 200 125315 "https://amazingsportwear.com/" "Mozilla/5.0 (X11; Linux x86_64) AppleWebKit/537.36 (KHTML, like Gecko) Chrome/75.0.3770.142 Safari/537.36" "wpfront-notification-bar-landingpage=1"
3.136.155.108 - - [30/Nov/2019:15:31:23 +0100] "GET /wp-content/plugins/elementor/assets/lib/animations/animations.min.css?ver=2.5.16 HTTP/1.1" 200 18833 "https://amazingsportwear.com/" "Mozilla/5.0 (X11; Linux x86_64) AppleWebKit/537.36 (KHTML, like Gecko) Chrome/75.0.3770.142 Safari/537.36" "wpfront-notification-bar-landingpage=1; _ga=GA1.2.891732783.1575124283; _gid=GA1.2.900022311.1575124283; _gat_gtag_UA_91619287_1=1"
3.136.155.108 - - [30/Nov/2019:15:31:23 +0100] "GET /wp-content/plugins/simple-social-icons/css/style.css?ver=3.0.1 HTTP/1.1" 200 1562 "https://amazingsportwear.com/" "Mozilla/5.0 (X11; Linux x86_64) AppleWebKit/537.36 (KHTML, like Gecko) Chrome/75.0.3770.142 Safari/537.36" "wpfront-notification-bar-landingpage=1; _ga=GA1.2.891732783.1575124283; _gid=GA1.2.900022311.1575124283; _gat_gtag_UA_91619287_1=1"
3.136.155.108 - - [30/Nov/2019:15:31:23 +0100] "GET /wp-content/plugins/elementor/assets/lib/eicons/css/elementor-icons.min.css?ver=4.3.0 HTTP/1.1" 200 11850 "https://amazingsportwear.com/" "Mozilla/5.0 (X11; Linux x86_64) AppleWebKit/537.36 (KHTML, like Gecko) Chrome/75.0.3770.142 Safari/537.36" "wpfront-notification-bar-landingpage=1; _ga=GA1.2.891732783.1575124283; _gid=GA1.2.900022311.1575124283; _gat_gtag_UA_91619287_1=1"
3.136.155.108 - - [30/Nov/2019:15:31:23 +0100] "GET /wp-content/plugins/elementor/assets/lib/font-awesome/css/font-awesome.min.css?ver=4.7.0 HTTP/1.1" 200 31365 "https://amazingsportwear.com/" "Mozilla/5.0 (X11; Linux x86_64) AppleWebKit/537.36 (KHTML, like Gecko) Chrome/75.0.3770.142 Safari/537.36" "wpfront-notification-bar-landingpage=1; _ga=GA1.2.891732783.1575124283; _gid=GA1.2.900022311.1575124283; _gat_gtag_UA_91619287_1=1"
3.136.155.108 - - [30/Nov/2019:15:31:23 +0100] "GET /wp-content/plugins/elementor/assets/css/frontend.min.css?ver=2.5.16 HTTP/1.1" 200 95366 "https://amazingsportwear.com/" "Mozilla/5.0 (X11; Linux x86_64) AppleWebKit/537.36 (KHTML, like Gecko) Chrome/75.0.3770.142 Safari/537.36" "wpfront-notification-bar-landingpage=1; _ga=GA1.2.891732783.1575124283; _gid=GA1.2.900022311.1575124283; _gat_gtag_UA_91619287_1=1"
3.136.155.108 - - [30/Nov/2019:15:31:23 +0100] "GET /wp-content/uploads/elementor/css/global.css?ver=1559638744 HTTP/1.1" 200 5136 "https://amazingsportwear.com/" "Mozilla/5.0 (X11; Linux x86_64) AppleWebKit/537.36 (KHTML, like Gecko) Chrome/75.0.3770.142 Safari/537.36" "wpfront-notification-bar-landingpage=1; _ga=GA1.2.891732783.1575124283; _gid=GA1.2.900022311.1575124283; _gat_gtag_UA_91619287_1=1"
3.136.155.108 - - [30/Nov/2019:15:31:23 +0100] "GET /wp-content/uploads/elementor/css/post-16241.css?ver=1562311573 HTTP/1.1" 200 4934 "https://amazingsportwear.com/" "Mozilla/5.0 (X11; Linux x86_64) AppleWebKit/537.36 (KHTML, like Gecko) Chrome/75.0.3770.142 Safari/537.36" "wpfront-notification-bar-landingpage=1; _ga=GA1.2.891732783.1575124283; _gid=GA1.2.900022311.1575124283; _gat_gtag_UA_91619287_1=1"
3.136.155.108 - - [30/Nov/2019:15:31:23 +0100] "GET /wp-content/plugins/smart-slider-3/library/media/smartslider.min.css?1559118093 HTTP/1.1" 200 19959 "https://amazingsportwear.com/" "Mozilla/5.0 (X11; Linux x86_64) AppleWebKit/537.36 (KHTML, like Gecko) Chrome/75.0.3770.142 Safari/537.36" "wpfront-notification-bar-landingpage=1; _ga=GA1.2.891732783.1575124283; _gid=GA1.2.900022311.1575124283; _gat_gtag_UA_91619287_1=1"
3.136.155.108 - - [30/Nov/2019:15:31:23 +0100] "GET /wp-content/themes/shopper/assets/sass/woocommerce/woocommerce.css?ver=5.2.4 HTTP/1.1" 200 83534 "https://amazingsportwear.com/" "Mozilla/5.0 (X11; Linux x86_64) AppleWebKit/537.36 (KHTML, like Gecko) Chrome/75.0.3770.142 Safari/537.36" "wpfront-notification-bar-landingpage=1; _ga=GA1.2.891732783.1575124283; _gid=GA1.2.900022311.1575124283; _gat_gtag_UA_91619287_1=1"
3.136.155.108 - - [30/Nov/2019:15:31:24 +0100] "GET /wp-includes/js/jquery/jquery.js?ver=1.12.4-wp HTTP/1.1" 200 97362 "https://amazingsportwear.com/" "Mozilla/5.0 (X11; Linux x86_64) AppleWebKit/537.36 (KHTML, like Gecko) Chrome/75.0.3770.142 Safari/537.36" "wpfront-notification-bar-landingpage=1; _ga=GA1.2.891732783.1575124283; _gid=GA1.2.900022311.1575124283; _gat_gtag_UA_91619287_1=1"
3.136.155.108 - - [30/Nov/2019:15:31:24 +0100] "GET /wp-includes/js/jquery/jquery-migrate.min.js?ver=1.4.1 HTTP/1.1" 200 10399 "https://amazingsportwear.com/" "Mozilla/5.0 (X11; Linux x86_64) AppleWebKit/537.36 (KHTML, like Gecko) Chrome/75.0.3770.142 Safari/537.36" "wpfront-notification-bar-landingpage=1; _ga=GA1.2.891732783.1575124283; _gid=GA1.2.900022311.1575124283; _gat_gtag_UA_91619287_1=1"
3.136.155.108 - - [30/Nov/2019:15:31:24 +0100] "GET /wp-content/plugins/cookie-law-info/public/js/cookie-law-info-public.js?ver=1.7.6 HTTP/1.1" 200 17076 "https://amazingsportwear.com/" "Mozilla/5.0 (X11; Linux x86_64) AppleWebKit/537.36 (KHTML, like Gecko) Chrome/75.0.3770.142 Safari/537.36" "wpfront-notification-bar-landingpage=1; _ga=GA1.2.891732783.1575124283; _gid=GA1.2.900022311.1575124283; _gat_gtag_UA_91619287_1=1"
3.136.155.108 - - [30/Nov/2019:15:31:24 +0100] "GET /wp-content/plugins/wpfront-notification-bar/jquery-plugins/jquery.c.js?ver=1.4.0 HTTP/1.1" 200 3437 "https://amazingsportwear.com/" "Mozilla/5.0 (X11; Linux x86_64) AppleWebKit/537.36 (KHTML, like Gecko) Chrome/75.0.3770.142 Safari/537.36" "wpfront-notification-bar-landingpage=1; _ga=GA1.2.891732783.1575124283; _gid=GA1.2.900022311.1575124283; _gat_gtag_UA_91619287_1=1"
3.136.155.108 - - [30/Nov/2019:15:31:24 +0100] "GET /wp-content/plugins/wpfront-notification-bar/js/wpfront-notification-bar.js?ver=1.7.1 HTTP/1.1" 200 5662 "https://amazingsportwear.com/" "Mozilla/5.0 (X11; Linux x86_64) AppleWebKit/537.36 (KHTML, like Gecko) Chrome/75.0.3770.142 Safari/537.36" "wpfront-notification-bar-landingpage=1; _ga=GA1.2.891732783.1575124283; _gid=GA1.2.900022311.1575124283; _gat_gtag_UA_91619287_1=1"
3.136.155.108 - - [30/Nov/2019:15:31:24 +0100] "GET /wp-content/plugins/simple-social-icons/svgxuse.js?ver=1.1.21 HTTP/1.1" 200 9580 "https://amazingsportwear.com/" "Mozilla/5.0 (X11; Linux x86_64) AppleWebKit/537.36 (KHTML, like Gecko) Chrome/75.0.3770.142 Safari/537.36" "wpfront-notification-bar-landingpage=1; _ga=GA1.2.891732783.1575124283; _gid=GA1.2.900022311.1575124283; _gat_gtag_UA_91619287_1=1"
3.136.155.108 - - [30/Nov/2019:15:31:24 +0100] "GET /wp-content/plugins/smart-slider-3/nextend/media/dist/n2.min.js?1559118093 HTTP/1.1" 200 3836 "https://amazingsportwear.com/" "Mozilla/5.0 (X11; Linux x86_64) AppleWebKit/537.36 (KHTML, like Gecko) Chrome/75.0.3770.142 Safari/537.36" "wpfront-notification-bar-landingpage=1; _ga=GA1.2.891732783.1575124283; _gid=GA1.2.900022311.1575124283; _gat_gtag_UA_91619287_1=1"
3.136.155.108 - - [30/Nov/2019:15:31:24 +0100] "GET /wp-content/plugins/smart-slider-3/nextend/media/dist/nextend-frontend.min.js?1559118093 HTTP/1.1" 200 86339 "https://amazingsportwear.com/" "Mozilla/5.0 (X11; Linux x86_64) AppleWebKit/537.36 (KHTML, like Gecko) Chrome/75.0.3770.142 Safari/537.36" "wpfront-notification-bar-landingpage=1; _ga=GA1.2.891732783.1575124283; _gid=GA1.2.900022311.1575124283; _gat_gtag_UA_91619287_1=1"
3.136.155.108 - - [30/Nov/2019:15:31:24 +0100] "GET /wp-content/plugins/smart-slider-3/library/media/dist/smartslider-frontend.min.js?1559118093 HTTP/1.1" 200 127293 "https://amazingsportwear.com/" "Mozilla/5.0 (X11; Linux x86_64) AppleWebKit/537.36 (KHTML, like Gecko) Chrome/75.0.3770.142 Safari/537.36" "wpfront-notification-bar-landingpage=1; _ga=GA1.2.891732783.1575124283; _gid=GA1.2.900022311.1575124283; _gat_gtag_UA_91619287_1=1"
3.136.155.108 - - [30/Nov/2019:15:31:25 +0100] "GET /wp-content/plugins/smart-slider-3/library/media/plugins/type/simple/simple/dist/smartslider-simple-type-frontend.min.js?1559118093 HTTP/1.1" 200 18973 "https://amazingsportwear.com/" "Mozilla/5.0 (X11; Linux x86_64) AppleWebKit/537.36 (KHTML, like Gecko) Chrome/75.0.3770.142 Safari/537.36" "wpfront-notification-bar-landingpage=1; _ga=GA1.2.891732783.1575124283; _gid=GA1.2.900022311.1575124283; _gat_gtag_UA_91619287_1=1"
3.136.155.108 - - [30/Nov/2019:15:31:25 +0100] "GET /wp-content/themes/shopper/assets/js/crm.js?ver=1561548510 HTTP/1.1" 200 874 "https://amazingsportwear.com/" "Mozilla/5.0 (X11; Linux x86_64) AppleWebKit/537.36 (KHTML, like Gecko) Chrome/75.0.3770.142 Safari/537.36" "wpfront-notification-bar-landingpage=1; _ga=GA1.2.891732783.1575124283; _gid=GA1.2.900022311.1575124283; _gat_gtag_UA_91619287_1=1"
3.136.155.108 - - [30/Nov/2019:15:31:25 +0100] "GET /wp-content/plugins/woocommerce/assets/js/jquery-blockui/jquery.blockUI.min.js?ver=2.70 HTTP/1.1" 200 9908 "https://amazingsportwear.com/" "Mozilla/5.0 (X11; Linux x86_64) AppleWebKit/537.36 (KHTML, like Gecko) Chrome/75.0.3770.142 Safari/537.36" "wpfront-notification-bar-landingpage=1; _ga=GA1.2.891732783.1575124283; _gid=GA1.2.900022311.1575124283; _gat_gtag_UA_91619287_1=1"
3.136.155.108 - - [30/Nov/2019:15:31:25 +0100] "GET /wp-content/plugins/woocommerce/assets/js/frontend/add-to-cart.min.js?ver=3.6.4 HTTP/1.1" 200 2983 "https://amazingsportwear.com/" "Mozilla/5.0 (X11; Linux x86_64) AppleWebKit/537.36 (KHTML, like Gecko) Chrome/75.0.3770.142 Safari/537.36" "wpfront-notification-bar-landingpage=1; _ga=GA1.2.891732783.1575124283; _gid=GA1.2.900022311.1575124283; _gat_gtag_UA_91619287_1=1"
3.136.155.108 - - [30/Nov/2019:15:31:25 +0100] "GET /wp-content/plugins/woocommerce/assets/js/frontend/cart-fragments.min.js?ver=3.6.4 HTTP/1.1" 200 3281 "https://amazingsportwear.com/" "Mozilla/5.0 (X11; Linux x86_64) AppleWebKit/537.36 (KHTML, like Gecko) Chrome/75.0.3770.142 Safari/537.36" "wpfront-notification-bar-landingpage=1; _ga=GA1.2.891732783.1575124283; _gid=GA1.2.900022311.1575124283; _gat_gtag_UA_91619287_1=1"
3.136.155.108 - - [30/Nov/2019:15:31:25 +0100] "GET /wp-content/plugins/woocommerce/assets/js/js-cookie/js.cookie.min.js?ver=2.1.4 HTTP/1.1" 200 2187 "https://amazingsportwear.com/" "Mozilla/5.0 (X11; Linux x86_64) AppleWebKit/537.36 (KHTML, like Gecko) Chrome/75.0.3770.142 Safari/537.36" "wpfront-notification-bar-landingpage=1; _ga=GA1.2.891732783.1575124283; _gid=GA1.2.900022311.1575124283; _gat_gtag_UA_91619287_1=1"
3.136.155.108 - - [30/Nov/2019:15:31:25 +0100] "GET /wp-content/plugins/woocommerce/assets/js/frontend/woocommerce.min.js?ver=3.6.4 HTTP/1.1" 200 1813 "https://amazingsportwear.com/" "Mozilla/5.0 (X11; Linux x86_64) AppleWebKit/537.36 (KHTML, like Gecko) Chrome/75.0.3770.142 Safari/537.36" "wpfront-notification-bar-landingpage=1; _ga=GA1.2.891732783.1575124283; _gid=GA1.2.900022311.1575124283; _gat_gtag_UA_91619287_1=1"
3.136.155.108 - - [30/Nov/2019:15:31:25 +0100] "GET /wp-content/themes/shopper/assets/js/skip-link-focus-fix.js?ver=1.3.8 HTTP/1.1" 200 1023 "https://amazingsportwear.com/" "Mozilla/5.0 (X11; Linux x86_64) AppleWebKit/537.36 (KHTML, like Gecko) Chrome/75.0.3770.142 Safari/537.36" "wpfront-notification-bar-landingpage=1; _ga=GA1.2.891732783.1575124283; _gid=GA1.2.900022311.1575124283; _gat_gtag_UA_91619287_1=1"
3.136.155.108 - - [30/Nov/2019:15:31:25 +0100] "GET /wp-content/themes/shopper/assets/js/shopper.min.js?ver=1.3.8 HTTP/1.1" 200 5994 "https://amazingsportwear.com/" "Mozilla/5.0 (X11; Linux x86_64) AppleWebKit/537.36 (KHTML, like Gecko) Chrome/75.0.3770.142 Safari/537.36" "wpfront-notification-bar-landingpage=1; _ga=GA1.2.891732783.1575124283; _gid=GA1.2.900022311.1575124283; _gat_gtag_UA_91619287_1=1"
3.136.155.108 - - [30/Nov/2019:15:31:25 +0100] "GET /wp-includes/js/wp-embed.min.js?ver=5.2.4 HTTP/1.1" 200 1744 "https://amazingsportwear.com/" "Mozilla/5.0 (X11; Linux x86_64) AppleWebKit/537.36 (KHTML, like Gecko) Chrome/75.0.3770.142 Safari/537.36" "wpfront-notification-bar-landingpage=1; _ga=GA1.2.891732783.1575124283; _gid=GA1.2.900022311.1575124283; _gat_gtag_UA_91619287_1=1"
3.136.155.108 - - [30/Nov/2019:15:31:25 +0100] "GET /wp-content/plugins/elementor/assets/js/frontend-modules.min.js?ver=2.5.16 HTTP/1.1" 200 11486 "https://amazingsportwear.com/" "Mozilla/5.0 (X11; Linux x86_64) AppleWebKit/537.36 (KHTML, like Gecko) Chrome/75.0.3770.142 Safari/537.36" "wpfront-notification-bar-landingpage=1; _ga=GA1.2.891732783.1575124283; _gid=GA1.2.900022311.1575124283; _gat_gtag_UA_91619287_1=1"
3.136.155.108 - - [30/Nov/2019:15:31:25 +0100] "GET /wp-content/themes/shopper/assets/js/woocommerce/header-cart.min.js?ver=1.3.8 HTTP/1.1" 200 972 "https://amazingsportwear.com/" "Mozilla/5.0 (X11; Linux x86_64) AppleWebKit/537.36 (KHTML, like Gecko) Chrome/75.0.3770.142 Safari/537.36" "wpfront-notification-bar-landingpage=1; _ga=GA1.2.891732783.1575124283; _gid=GA1.2.900022311.1575124283; _gat_gtag_UA_91619287_1=1"
3.136.155.108 - - [30/Nov/2019:15:31:25 +0100] "GET /wp-content/plugins/elementor/assets/lib/slick/slick.min.js?ver=1.8.1 HTTP/1.1" 200 43264 "https://amazingsportwear.com/" "Mozilla/5.0 (X11; Linux x86_64) AppleWebKit/537.36 (KHTML, like Gecko) Chrome/75.0.3770.142 Safari/537.36" "wpfront-notification-bar-landingpage=1; _ga=GA1.2.891732783.1575124283; _gid=GA1.2.900022311.1575124283; _gat_gtag_UA_91619287_1=1"
3.136.155.108 - - [30/Nov/2019:15:31:25 +0100] "GET /wp-includes/js/jquery/ui/position.min.js?ver=1.11.4 HTTP/1.1" 200 6869 "https://amazingsportwear.com/" "Mozilla/5.0 (X11; Linux x86_64) AppleWebKit/537.36 (KHTML, like Gecko) Chrome/75.0.3770.142 Safari/537.36" "wpfront-notification-bar-landingpage=1; _ga=GA1.2.891732783.1575124283; _gid=GA1.2.900022311.1575124283; _gat_gtag_UA_91619287_1=1"
3.136.155.108 - - [30/Nov/2019:15:31:25 +0100] "GET /wp-content/plugins/elementor/assets/lib/waypoints/waypoints.min.js?ver=4.0.2 HTTP/1.1" 200 12541 "https://amazingsportwear.com/" "Mozilla/5.0 (X11; Linux x86_64) AppleWebKit/537.36 (KHTML, like Gecko) Chrome/75.0.3770.142 Safari/537.36" "wpfront-notification-bar-landingpage=1; _ga=GA1.2.891732783.1575124283; _gid=GA1.2.900022311.1575124283; _gat_gtag_UA_91619287_1=1"
3.136.155.108 - - [30/Nov/2019:15:31:25 +0100] "GET /wp-content/plugins/elementor/assets/js/frontend.min.js?ver=2.5.16 HTTP/1.1" 200 41341 "https://amazingsportwear.com/" "Mozilla/5.0 (X11; Linux x86_64) AppleWebKit/537.36 (KHTML, like Gecko) Chrome/75.0.3770.142 Safari/537.36" "wpfront-notification-bar-landingpage=1; _ga=GA1.2.891732783.1575124283; _gid=GA1.2.900022311.1575124283; _gat_gtag_UA_91619287_1=1"
3.136.155.108 - - [30/Nov/2019:15:31:25 +0100] "GET /wp-content/plugins/elementor/assets/lib/dialog/dialog.min.js?ver=4.7.1 HTTP/1.1" 200 10911 "https://amazingsportwear.com/" "Mozilla/5.0 (X11; Linux x86_64) AppleWebKit/537.36 (KHTML, like Gecko) Chrome/75.0.3770.142 Safari/537.36" "wpfront-notification-bar-landingpage=1; _ga=GA1.2.891732783.1575124283; _gid=GA1.2.900022311.1575124283; _gat_gtag_UA_91619287_1=1"
3.136.155.108 - - [30/Nov/2019:15:31:25 +0100] "GET /wp-includes/js/jquery/ui/core.min.js?ver=1.11.4 HTTP/1.1" 200 4341 "https://amazingsportwear.com/" "Mozilla/5.0 (X11; Linux x86_64) AppleWebKit/537.36 (KHTML, like Gecko) Chrome/75.0.3770.142 Safari/537.36" "wpfront-notification-bar-landingpage=1; _ga=GA1.2.891732783.1575124283; _gid=GA1.2.900022311.1575124283; _gat_gtag_UA_91619287_1=1"
3.136.155.108 - - [30/Nov/2019:15:31:25 +0100] "GET /wp-content/plugins/si-contact-form/includes/fscf-scripts.js?ver=179 HTTP/1.1" 200 1033 "https://amazingsportwear.com/" "Mozilla/5.0 (X11; Linux x86_64) AppleWebKit/537.36 (KHTML, like Gecko) Chrome/75.0.3770.142 Safari/537.36" "wpfront-notification-bar-landingpage=1; _ga=GA1.2.891732783.1575124283; _gid=GA1.2.900022311.1575124283; _gat_gtag_UA_91619287_1=1"
3.136.155.108 - - [30/Nov/2019:15:31:25 +0100] "GET /wp-content/plugins/simple-social-icons/symbol-defs.svg HTTP/1.1" 200 19699 "https://amazingsportwear.com/" "Mozilla/5.0 (X11; Linux x86_64) AppleWebKit/537.36 (KHTML, like Gecko) Chrome/75.0.3770.142 Safari/537.36" "wpfront-notification-bar-landingpage=1; _ga=GA1.2.891732783.1575124283; _gid=GA1.2.900022311.1575124283; _gat_gtag_UA_91619287_1=1"
3.136.155.108 - - [30/Nov/2019:15:31:25 +0100] "GET /wp-content/plugins/elementor/assets/lib/swiper/swiper.min.js?ver=4.4.6 HTTP/1.1" 200 126126 "https://amazingsportwear.com/" "Mozilla/5.0 (X11; Linux x86_64) AppleWebKit/537.36 (KHTML, like Gecko) Chrome/75.0.3770.142 Safari/537.36" "wpfront-notification-bar-landingpage=1; _ga=GA1.2.891732783.1575124283; _gid=GA1.2.900022311.1575124283; _gat_gtag_UA_91619287_1=1"
3.136.155.108 - - [30/Nov/2019:15:31:26 +0100] "POST /?wc-ajax=get_refreshed_fragments HTTP/1.1" 200 1345 "https://amazingsportwear.com/" "Mozilla/5.0 (X11; Linux x86_64) AppleWebKit/537.36 (KHTML, like Gecko) Chrome/75.0.3770.142 Safari/537.36" "wpfront-notification-bar-landingpage=1; _ga=GA1.2.891732783.1575124283; _gid=GA1.2.900022311.1575124283; _gat_gtag_UA_91619287_1=1"
3.136.155.108 - - [30/Nov/2019:15:31:30 +0100] "GET /wp-content/uploads/2019/05/cropped-favicon-nuevo-logo-amazinf-128px-32x32.png HTTP/1.1" 200 4587 "https://amazingsportwear.com/" "Mozilla/5.0 (X11; Linux x86_64) AppleWebKit/537.36 (KHTML, like Gecko) Chrome/75.0.3770.142 Safari/537.36" "-"
3.136.155.108 - - [30/Nov/2019:15:31:30 +0100] "GET /robots.txt HTTP/1.1" 200 3906 "-" "Python-urllib/3.7" "-"
3.136.155.108 - - [30/Nov/2019:15:31:31 +0100] "GET /contacta-con-nosotros/ HTTP/1.1" 200 58984 "-" "Mozilla/5.0 (X11; Linux x86_64) AppleWebKit/537.36 (KHTML, like Gecko) Chrome/75.0.3770.142 Safari/537.36" "wpfront-notification-bar-landingpage=1; _ga=GA1.2.891732783.1575124283; _gid=GA1.2.900022311.1575124283; _gat_gtag_UA_91619287_1=1"
3.136.155.108 - - [30/Nov/2019:15:31:33 +0100] "POST /?wc-ajax=get_refreshed_fragments HTTP/1.1" 200 1345 "https://amazingsportwear.com/contacta-con-nosotros/" "Mozilla/5.0 (X11; Linux x86_64) AppleWebKit/537.36 (KHTML, like Gecko) Chrome/75.0.3770.142 Safari/537.36" "wpfront-notification-bar-landingpage=1; _ga=GA1.2.891732783.1575124283; _gid=GA1.2.900022311.1575124283; _gat_gtag_UA_91619287_1=1"
217.76.130.90 - - [30/Nov/2019:15:34:46 +0100] "POST /wp-cron.php?doing_wp_cron=1575124486.9057819843292236328125 HTTP/1.1" 200 3389 "https://amazingsportwear.com/wp-cron.php?doing_wp_cron=1575124486.9057819843292236328125" "WordPress/5.2.4; https://amazingsportwear.com" "-"
173.252.87.46 - - [30/Nov/2019:15:34:46 +0100] "GET / HTTP/1.1" 200 125500 "-" "facebookexternalhit/1.1 (+http://www.facebook.com/externalhit_uatext.php)" "-"
173.252.87.46 - - [30/Nov/2019:15:34:49 +0100] "GET /contacta-con-nosotros HTTP/1.1" 301 319 "-" "facebookexternalhit/1.1 (+http://www.facebook.com/externalhit_uatext.php)" "-"
173.252.87.46 - - [30/Nov/2019:15:34:50 +0100] "GET /contacta-con-nosotros/ HTTP/1.1" 200 58207 "-" "facebookexternalhit/1.1 (+http://www.facebook.com/externalhit_uatext.php)" "-"
217.76.130.90 - - [30/Nov/2019:15:46:02 +0100] "POST /wp-cron.php?doing_wp_cron=1575125162.3652501106262207031250 HTTP/1.1" 200 164 "http://amazingsportwear.com/wp-cron.php?doing_wp_cron=1575125162.3652501106262207031250" "WordPress/5.2.4; https://amazingsportwear.com" "-"
40.77.167.127 - - [30/Nov/2019:15:46:01 +0100] "GET /ciclismo/88-manguito-brazo-ciclismo.html HTTP/1.1" 404 68071 "-" "Mozilla/5.0 (compatible; bingbot/2.0; +http://www.bing.com/bingbot.htm)" "-"
217.76.130.90 - - [30/Nov/2019:16:02:45 +0100] "POST /wp-cron.php?doing_wp_cron=1575126165.9257810115814208984375 HTTP/1.1" 200 3389 "https://amazingsportwear.com/wp-cron.php?doing_wp_cron=1575126165.9257810115814208984375" "WordPress/5.2.4; https://amazingsportwear.com" "-"
66.249.69.208 - - [30/Nov/2019:16:02:44 +0100] "GET /producto/camiseta-portero-futbol-manga-larga/ HTTP/1.1" 200 92330 "-" "Mozilla/5.0 (Linux; Android 6.0.1; Nexus 5X Build/MMB29P) AppleWebKit/537.36 (KHTML, like Gecko) Chrome/41.0.2272.96 Mobile Safari/537.36 (compatible; Googlebot/2.1; +http://www.google.com/bot.html)" "-"
66.249.69.210 - - [30/Nov/2019:16:02:59 +0100] "GET /producto/mallas-deportivas-mujer-carla/ HTTP/1.1" 200 103012 "-" "Mozilla/5.0 (Linux; Android 6.0.1; Nexus 5X Build/MMB29P) AppleWebKit/537.36 (KHTML, like Gecko) Chrome/41.0.2272.96 Mobile Safari/537.36 (compatible; Googlebot/2.1; +http://www.google.com/bot.html)" "-"
217.76.130.90 - - [30/Nov/2019:16:03:56 +0100] "POST /wp-cron.php?doing_wp_cron=1575126236.3587889671325683593750 HTTP/1.1" 200 3389 "https://amazingsportwear.com/wp-cron.php?doing_wp_cron=1575126236.3587889671325683593750" "WordPress/5.2.4; https://amazingsportwear.com" "-"
66.249.69.208 - - [30/Nov/2019:16:03:55 +0100] "GET / HTTP/1.1" 200 125808 "-" "Mozilla/5.0 (Linux; Android 6.0.1; Nexus 5X Build/MMB29P) AppleWebKit/537.36 (KHTML, like Gecko) Chrome/41.0.2272.96 Mobile Safari/537.36 (compatible; Googlebot/2.1; +http://www.google.com/bot.html)" "-"
92.190.194.64 - - [30/Nov/2019:16:17:59 +0100] "GET /wp-content/uploads/2019/04/Llavero-metalico-futbol-3.png HTTP/1.1" 200 46821 "https://www.google.com/" "Mozilla/5.0 (Windows NT 6.3; Win64; x64) AppleWebKit/537.36 (KHTML, like Gecko) Chrome/78.0.3904.108 Safari/537.36" "-"
217.76.130.90 - - [30/Nov/2019:16:22:51 +0100] "POST /wp-cron.php?doing_wp_cron=1575127371.3051450252532958984375 HTTP/1.1" 200 3389 "https://amazingsportwear.com/wp-cron.php?doing_wp_cron=1575127371.3051450252532958984375" "WordPress/5.2.4; https://amazingsportwear.com" "-"
66.249.69.212 - - [30/Nov/2019:16:22:49 +0100] "GET /producto/gorra-sport/ HTTP/1.1" 200 101878 "-" "Mozilla/5.0 (Linux; Android 6.0.1; Nexus 5X Build/MMB29P) AppleWebKit/537.36 (KHTML, like Gecko) Chrome/41.0.2272.96 Mobile Safari/537.36 (compatible; Googlebot/2.1; +http://www.google.com/bot.html)" "-"
217.76.130.90 - - [30/Nov/2019:16:26:24 +0100] "POST /wp-cron.php?doing_wp_cron=1575127584.7002799510955810546875 HTTP/1.1" 200 3389 "https://amazingsportwear.com/wp-cron.php?doing_wp_cron=1575127584.7002799510955810546875" "WordPress/5.2.4; https://amazingsportwear.com" "-"
157.55.39.230 - - [30/Nov/2019:16:26:23 +0100] "GET /etiqueta-producto/camiseta-plus/ HTTP/1.1" 200 54132 "-" "Mozilla/5.0 (compatible; bingbot/2.0; +http://www.bing.com/bingbot.htm)" "-"
217.76.130.90 - - [30/Nov/2019:16:33:49 +0100] "POST /wp-cron.php?doing_wp_cron=1575128029.7042179107666015625000 HTTP/1.1" 200 3389 "https://amazingsportwear.com/wp-cron.php?doing_wp_cron=1575128029.7042179107666015625000" "WordPress/5.2.4; https://amazingsportwear.com" "-"
66.249.69.208 - - [30/Nov/2019:16:33:48 +0100] "GET /producto/camiseta-tecnica-mujer-janis-aq-janis/ HTTP/1.1" 200 98834 "-" "Mozilla/5.0 (Linux; Android 6.0.1; Nexus 5X Build/MMB29P) AppleWebKit/537.36 (KHTML, like Gecko) Chrome/41.0.2272.96 Mobile Safari/537.36 (compatible; Googlebot/2.1; +http://www.google.com/bot.html)" "-"
217.76.130.90 - - [30/Nov/2019:16:34:03 +0100] "POST /wp-cron.php?doing_wp_cron=1575128043.0819630622863769531250 HTTP/1.1" 200 3389 "https://amazingsportwear.com/wp-cron.php?doing_wp_cron=1575128043.0819630622863769531250" "WordPress/5.2.4; https://amazingsportwear.com" "-"
66.249.69.208 - - [30/Nov/2019:16:34:02 +0100] "POST /?wc-ajax=get_refreshed_fragments HTTP/1.1" 200 1397 "https://amazingsportwear.com/producto/camiseta-tecnica-mujer-janis-aq-janis/" "Mozilla/5.0 (Linux; Android 6.0.1; Nexus 5X Build/MMB29P) AppleWebKit/537.36 (KHTML, like Gecko) Chrome/41.0.2272.96 Mobile Safari/537.36 (compatible; Googlebot/2.1; +http://www.google.com/bot.html)" "_ga=GA1.2.969013651.1575072000; _gid=GA1.2.1978218920.1575072000; _gat_gtag_UA_91619287_1=1"
148.103.211.243 - - [30/Nov/2019:16:39:10 +0100] "GET /wp-content/uploads/2019/04/gorra-krox-1.png HTTP/1.1" 200 109889 "https://www.google.com/" "Mozilla/5.0 (Windows NT 6.2; Win64; x64) AppleWebKit/537.36 (KHTML, like Gecko) Chrome/78.0.3904.108 Safari/537.36" "-"
217.76.130.90 - - [30/Nov/2019:16:45:31 +0100] "POST /wp-cron.php?doing_wp_cron=1575128731.8307189941406250000000 HTTP/1.1" 200 3389 "https://amazingsportwear.com/wp-cron.php?doing_wp_cron=1575128731.8307189941406250000000" "WordPress/5.2.4; https://amazingsportwear.com" "-"
66.249.69.212 - - [30/Nov/2019:16:45:31 +0100] "GET /producto/llavero-metalico-golf/ HTTP/1.1" 200 94648 "-" "Mozilla/5.0 (Linux; Android 6.0.1; Nexus 5X Build/MMB29P) AppleWebKit/537.36 (KHTML, like Gecko) Chrome/41.0.2272.96 Mobile Safari/537.36 (compatible; Googlebot/2.1; +http://www.google.com/bot.html)" "-"
217.76.130.90 - - [30/Nov/2019:16:54:58 +0100] "POST /wp-cron.php?doing_wp_cron=1575129298.6380739212036132812500 HTTP/1.1" 200 3389 "https://amazingsportwear.com/wp-cron.php?doing_wp_cron=1575129298.6380739212036132812500" "WordPress/5.2.4; https://amazingsportwear.com" "-"
66.249.69.212 - - [30/Nov/2019:16:54:57 +0100] "GET /producto/bandana-microfibra-tipo-buff/ HTTP/1.1" 200 92380 "-" "Mozilla/5.0 (Linux; Android 6.0.1; Nexus 5X Build/MMB29P) AppleWebKit/537.36 (KHTML, like Gecko) Chrome/41.0.2272.96 Mobile Safari/537.36 (compatible; Googlebot/2.1; +http://www.google.com/bot.html)" "-"
217.76.130.90 - - [30/Nov/2019:16:55:03 +0100] "POST /wp-cron.php?doing_wp_cron=1575129303.9410750865936279296875 HTTP/1.1" 200 3389 "https://amazingsportwear.com/wp-cron.php?doing_wp_cron=1575129303.9410750865936279296875" "WordPress/5.2.4; https://amazingsportwear.com" "-"
66.249.69.212 - - [30/Nov/2019:16:55:03 +0100] "POST /?wc-ajax=get_refreshed_fragments HTTP/1.1" 200 1397 "https://amazingsportwear.com/producto/bandana-microfibra-tipo-buff/" "Mozilla/5.0 (Linux; Android 6.0.1; Nexus 5X Build/MMB29P) AppleWebKit/537.36 (KHTML, like Gecko) Chrome/41.0.2272.96 Mobile Safari/537.36 (compatible; Googlebot/2.1; +http://www.google.com/bot.html)" "_ga=GA1.2.969013651.1575072000; _gid=GA1.2.1978218920.1575072000; _gat_gtag_UA_91619287_1=1"
217.76.130.90 - - [30/Nov/2019:16:56:31 +0100] "POST /wp-cron.php?doing_wp_cron=1575129391.1505990028381347656250 HTTP/1.1" 200 3389 "https://amazingsportwear.com/wp-cron.php?doing_wp_cron=1575129391.1505990028381347656250" "WordPress/5.2.4; https://amazingsportwear.com" "-"
66.249.69.212 - - [30/Nov/2019:16:56:30 +0100] "GET /producto/camiseta-tirantes-triatlon/ HTTP/1.1" 200 90755 "-" "Mozilla/5.0 (Linux; Android 6.0.1; Nexus 5X Build/MMB29P) AppleWebKit/537.36 (KHTML, like Gecko) Chrome/41.0.2272.96 Mobile Safari/537.36 (compatible; Googlebot/2.1; +http://www.google.com/bot.html)" "-"
213.4.179.55 - - [30/Nov/2019:17:25:00 +0100] "GET /wp-content/uploads/2017/01/camis-basket-costadillos1.jpg HTTP/1.1" 200 109606 "https://www.google.es/" "Mozilla/5.0 (iPhone; CPU iPhone OS 12_4_1 like Mac OS X) AppleWebKit/605.1.15 (KHTML, like Gecko) Version/12.1.2 Mobile/15E148 Safari/604.1" "-"
213.4.179.55 - - [30/Nov/2019:17:25:06 +0100] "GET /wp-content/uploads/2017/01/camis-basket1.jpg HTTP/1.1" 200 120343 "https://www.google.es/" "Mozilla/5.0 (iPhone; CPU iPhone OS 12_4_1 like Mac OS X) AppleWebKit/605.1.15 (KHTML, like Gecko) Version/12.1.2 Mobile/15E148 Safari/604.1" "-"
217.76.130.90 - - [30/Nov/2019:17:25:55 +0100] "POST /wp-cron.php?doing_wp_cron=1575131155.5863270759582519531250 HTTP/1.1" 200 3389 "https://amazingsportwear.com/wp-cron.php?doing_wp_cron=1575131155.5863270759582519531250" "WordPress/5.2.4; https://amazingsportwear.com" "-"
66.249.69.210 - - [30/Nov/2019:17:25:52 +0100] "GET /producto/polo-tecnico-open-aq-open/ HTTP/1.1" 200 104968 "-" "Mozilla/5.0 (Linux; Android 6.0.1; Nexus 5X Build/MMB29P) AppleWebKit/537.36 (KHTML, like Gecko) Chrome/41.0.2272.96 Mobile Safari/537.36 (compatible; Googlebot/2.1; +http://www.google.com/bot.html)" "-"
217.76.130.90 - - [30/Nov/2019:17:26:46 +0100] "POST /wp-cron.php?doing_wp_cron=1575131206.6781260967254638671875 HTTP/1.1" 200 164 "http://amazingsportwear.com/wp-cron.php?doing_wp_cron=1575131206.6781260967254638671875" "WordPress/5.2.4; https://amazingsportwear.com" "-"
157.55.39.152 - - [30/Nov/2019:17:26:45 +0100] "GET /robots.txt HTTP/1.1" 200 432 "-" "Mozilla/5.0 (compatible; bingbot/2.0; +http://www.bing.com/bingbot.htm)" "-"
40.77.167.127 - - [30/Nov/2019:17:26:50 +0100] "GET /tienda/179-chubasquero-plegable-nath-storm.html HTTP/1.1" 404 68085 "-" "Mozilla/5.0 (compatible; bingbot/2.0; +http://www.bing.com/bingbot.htm)" "-"
186.168.76.211 - - [30/Nov/2019:17:28:54 +0100] "GET /wp-content/uploads/2019/04/gorra-konlun-5.png HTTP/1.1" 200 82923 "https://www.google.com/" "Mozilla/5.0 (Windows NT 6.3; Win64; x64) AppleWebKit/537.36 (KHTML, like Gecko) Chrome/78.0.3904.108 Safari/537.36" "-"
181.161.76.250 - - [30/Nov/2019:17:42:30 +0100] "GET /wp-content/uploads/2019/04/Gorra-sport-12.png HTTP/1.1" 200 95673 "https://www.google.com/" "Mozilla/5.0 (Windows NT 10.0; Win64; x64) AppleWebKit/537.36 (KHTML, like Gecko) Chrome/78.0.3904.108 Safari/537.36" "-"
