188.76.6.25 - - [26/Nov/2019:16:04:59 +0100] "GET /wp-includes/js/jquery/ui/position.min.js?ver=1.11.4 HTTP/1.1" 200 6869 "https://amazingsportwear.com/producto/mochila-humus/" "Mozilla/5.0 (Macintosh; Intel Mac OS X 10_15) AppleWebKit/605.1.15 (KHTML, like Gecko) Version/13.0.1 Safari/605.1.15" "-"
188.76.6.25 - - [26/Nov/2019:16:04:59 +0100] "GET /wp-content/plugins/product-enquiry-for-woocommerce/js/wdm_jquery.validate.min.js?ver=5.2.4 HTTP/1.1" 200 21818 "https://amazingsportwear.com/producto/mochila-humus/" "Mozilla/5.0 (Macintosh; Intel Mac OS X 10_15) AppleWebKit/605.1.15 (KHTML, like Gecko) Version/13.0.1 Safari/605.1.15" "-"
188.76.6.25 - - [26/Nov/2019:16:04:59 +0100] "GET /wp-includes/js/jquery/ui/dialog.min.js?ver=1.11.4 HTTP/1.1" 200 12482 "https://amazingsportwear.com/producto/mochila-humus/" "Mozilla/5.0 (Macintosh; Intel Mac OS X 10_15) AppleWebKit/605.1.15 (KHTML, like Gecko) Version/13.0.1 Safari/605.1.15" "-"
188.76.6.25 - - [26/Nov/2019:16:04:59 +0100] "GET /wp-content/plugins/product-enquiry-for-woocommerce/js/contact.js?ver=5.2.4 HTTP/1.1" 200 4681 "https://amazingsportwear.com/producto/mochila-humus/" "Mozilla/5.0 (Macintosh; Intel Mac OS X 10_15) AppleWebKit/605.1.15 (KHTML, like Gecko) Version/13.0.1 Safari/605.1.15" "-"
188.76.6.25 - - [26/Nov/2019:16:04:59 +0100] "GET /wp-content/uploads/2019/05/cropped-asw-white.png HTTP/1.1" 200 7500 "https://amazingsportwear.com/producto/mochila-humus/" "Mozilla/5.0 (Macintosh; Intel Mac OS X 10_15) AppleWebKit/605.1.15 (KHTML, like Gecko) Version/13.0.1 Safari/605.1.15" "-"
188.76.6.25 - - [26/Nov/2019:16:04:59 +0100] "GET /wp-content/uploads/2019/04/mochila-humus-5.png HTTP/1.1" 200 117876 "https://amazingsportwear.com/producto/mochila-humus/" "Mozilla/5.0 (Macintosh; Intel Mac OS X 10_15) AppleWebKit/605.1.15 (KHTML, like Gecko) Version/13.0.1 Safari/605.1.15" "-"
188.76.6.25 - - [26/Nov/2019:16:04:59 +0100] "GET /wp-content/uploads/2019/04/mochila-humus-7.png HTTP/1.1" 200 104391 "https://amazingsportwear.com/producto/mochila-humus/" "Mozilla/5.0 (Macintosh; Intel Mac OS X 10_15) AppleWebKit/605.1.15 (KHTML, like Gecko) Version/13.0.1 Safari/605.1.15" "-"
188.76.6.25 - - [26/Nov/2019:16:05:00 +0100] "GET /wp-content/uploads/2019/04/mochila-humus-6.png HTTP/1.1" 200 110539 "https://amazingsportwear.com/producto/mochila-humus/" "Mozilla/5.0 (Macintosh; Intel Mac OS X 10_15) AppleWebKit/605.1.15 (KHTML, like Gecko) Version/13.0.1 Safari/605.1.15" "-"
188.76.6.25 - - [26/Nov/2019:16:05:00 +0100] "GET /wp-content/uploads/2019/04/mochila-humus-4.png HTTP/1.1" 200 113869 "https://amazingsportwear.com/producto/mochila-humus/" "Mozilla/5.0 (Macintosh; Intel Mac OS X 10_15) AppleWebKit/605.1.15 (KHTML, like Gecko) Version/13.0.1 Safari/605.1.15" "-"
188.76.6.25 - - [26/Nov/2019:16:04:59 +0100] "GET /wp-content/themes/shopper/assets/fonts/fontawesome-webfont.woff2?v=4.7.0 HTTP/1.1" 200 77615 "https://amazingsportwear.com/producto/mochila-humus/" "Mozilla/5.0 (Macintosh; Intel Mac OS X 10_15) AppleWebKit/605.1.15 (KHTML, like Gecko) Version/13.0.1 Safari/605.1.15" "_ga=GA1.2.1067047047.1574780700; _gat_gtag_UA_91619287_1=1; _gid=GA1.2.951934764.1574780700"
188.76.6.25 - - [26/Nov/2019:16:05:00 +0100] "GET /wp-content/uploads/2019/04/mochila-humus-3.png HTTP/1.1" 200 55945 "https://amazingsportwear.com/producto/mochila-humus/" "Mozilla/5.0 (Macintosh; Intel Mac OS X 10_15) AppleWebKit/605.1.15 (KHTML, like Gecko) Version/13.0.1 Safari/605.1.15" "-"
188.76.6.25 - - [26/Nov/2019:16:04:59 +0100] "GET /wp-content/uploads/2019/04/mochila-humus-8.png HTTP/1.1" 200 123458 "https://amazingsportwear.com/producto/mochila-humus/" "Mozilla/5.0 (Macintosh; Intel Mac OS X 10_15) AppleWebKit/605.1.15 (KHTML, like Gecko) Version/13.0.1 Safari/605.1.15" "-"
188.76.6.25 - - [26/Nov/2019:16:05:00 +0100] "GET /wp-content/uploads/2019/04/mochila-humus-2.png HTTP/1.1" 200 126367 "https://amazingsportwear.com/producto/mochila-humus/" "Mozilla/5.0 (Macintosh; Intel Mac OS X 10_15) AppleWebKit/605.1.15 (KHTML, like Gecko) Version/13.0.1 Safari/605.1.15" "-"
188.76.6.25 - - [26/Nov/2019:16:05:00 +0100] "GET /wp-content/uploads/2018/05/sa-7118-amarillo-300x300.jpg HTTP/1.1" 200 6483 "https://amazingsportwear.com/producto/mochila-humus/" "Mozilla/5.0 (Macintosh; Intel Mac OS X 10_15) AppleWebKit/605.1.15 (KHTML, like Gecko) Version/13.0.1 Safari/605.1.15" "-"
188.76.6.25 - - [26/Nov/2019:16:05:00 +0100] "GET /wp-content/uploads/2018/05/Pf-10031900-2-261x300.jpg HTTP/1.1" 200 12744 "https://amazingsportwear.com/producto/mochila-humus/" "Mozilla/5.0 (Macintosh; Intel Mac OS X 10_15) AppleWebKit/605.1.15 (KHTML, like Gecko) Version/13.0.1 Safari/605.1.15" "-"
188.76.6.25 - - [26/Nov/2019:16:05:00 +0100] "GET /wp-content/uploads/2019/04/Mochila-keisy-6.png HTTP/1.1" 200 84359 "https://amazingsportwear.com/producto/mochila-humus/" "Mozilla/5.0 (Macintosh; Intel Mac OS X 10_15) AppleWebKit/605.1.15 (KHTML, like Gecko) Version/13.0.1 Safari/605.1.15" "-"
188.76.6.25 - - [26/Nov/2019:16:05:00 +0100] "GET /wp-content/uploads/2019/04/mochila-humus-1.png HTTP/1.1" 200 116904 "https://amazingsportwear.com/producto/mochila-humus/" "Mozilla/5.0 (Macintosh; Intel Mac OS X 10_15) AppleWebKit/605.1.15 (KHTML, like Gecko) Version/13.0.1 Safari/605.1.15" "-"
188.76.6.25 - - [26/Nov/2019:16:05:00 +0100] "GET /wp-content/uploads/2019/05/asw-white-600x252.png HTTP/1.1" 200 29380 "https://amazingsportwear.com/producto/mochila-humus/" "Mozilla/5.0 (Macintosh; Intel Mac OS X 10_15) AppleWebKit/605.1.15 (KHTML, like Gecko) Version/13.0.1 Safari/605.1.15" "-"
188.76.6.25 - - [26/Nov/2019:16:05:00 +0100] "GET /wp-content/plugins/product-enquiry-for-woocommerce/img/contact/loading.gif HTTP/1.1" 200 3834 "https://amazingsportwear.com/producto/mochila-humus/" "Mozilla/5.0 (Macintosh; Intel Mac OS X 10_15) AppleWebKit/605.1.15 (KHTML, like Gecko) Version/13.0.1 Safari/605.1.15" "-"
188.76.6.25 - - [26/Nov/2019:16:05:00 +0100] "GET /wp-content/plugins/simple-social-icons/symbol-defs.svg HTTP/1.1" 200 19699 "https://amazingsportwear.com/producto/mochila-humus/" "Mozilla/5.0 (Macintosh; Intel Mac OS X 10_15) AppleWebKit/605.1.15 (KHTML, like Gecko) Version/13.0.1 Safari/605.1.15" "_ga=GA1.2.1067047047.1574780700; _gat_gtag_UA_91619287_1=1; _gid=GA1.2.951934764.1574780700"
188.76.6.25 - - [26/Nov/2019:16:05:00 +0100] "GET /wp-content/uploads/2019/04/mochila-humus-5-100x100.png HTTP/1.1" 200 8543 "https://amazingsportwear.com/producto/mochila-humus/" "Mozilla/5.0 (Macintosh; Intel Mac OS X 10_15) AppleWebKit/605.1.15 (KHTML, like Gecko) Version/13.0.1 Safari/605.1.15" "_ga=GA1.2.1067047047.1574780700; _gat_gtag_UA_91619287_1=1; _gid=GA1.2.951934764.1574780700"
188.76.6.25 - - [26/Nov/2019:16:05:00 +0100] "GET /wp-content/uploads/2019/04/mochila-humus-8-100x100.png HTTP/1.1" 200 8902 "https://amazingsportwear.com/producto/mochila-humus/" "Mozilla/5.0 (Macintosh; Intel Mac OS X 10_15) AppleWebKit/605.1.15 (KHTML, like Gecko) Version/13.0.1 Safari/605.1.15" "_ga=GA1.2.1067047047.1574780700; _gat_gtag_UA_91619287_1=1; _gid=GA1.2.951934764.1574780700"
188.76.6.25 - - [26/Nov/2019:16:05:00 +0100] "GET /wp-content/uploads/2019/04/mochila-humus-7-100x100.png HTTP/1.1" 200 9161 "https://amazingsportwear.com/producto/mochila-humus/" "Mozilla/5.0 (Macintosh; Intel Mac OS X 10_15) AppleWebKit/605.1.15 (KHTML, like Gecko) Version/13.0.1 Safari/605.1.15" "_ga=GA1.2.1067047047.1574780700; _gat_gtag_UA_91619287_1=1; _gid=GA1.2.951934764.1574780700"
188.76.6.25 - - [26/Nov/2019:16:05:00 +0100] "GET /wp-content/uploads/2019/04/mochila-humus-6-100x100.png HTTP/1.1" 200 8810 "https://amazingsportwear.com/producto/mochila-humus/" "Mozilla/5.0 (Macintosh; Intel Mac OS X 10_15) AppleWebKit/605.1.15 (KHTML, like Gecko) Version/13.0.1 Safari/605.1.15" "_ga=GA1.2.1067047047.1574780700; _gat_gtag_UA_91619287_1=1; _gid=GA1.2.951934764.1574780700"
188.76.6.25 - - [26/Nov/2019:16:05:00 +0100] "GET /wp-content/uploads/2019/04/mochila-humus-4-100x100.png HTTP/1.1" 200 8214 "https://amazingsportwear.com/producto/mochila-humus/" "Mozilla/5.0 (Macintosh; Intel Mac OS X 10_15) AppleWebKit/605.1.15 (KHTML, like Gecko) Version/13.0.1 Safari/605.1.15" "_ga=GA1.2.1067047047.1574780700; _gat_gtag_UA_91619287_1=1; _gid=GA1.2.951934764.1574780700"
188.76.6.25 - - [26/Nov/2019:16:05:00 +0100] "GET /wp-content/uploads/2019/04/mochila-humus-3-100x100.png HTTP/1.1" 200 5738 "https://amazingsportwear.com/producto/mochila-humus/" "Mozilla/5.0 (Macintosh; Intel Mac OS X 10_15) AppleWebKit/605.1.15 (KHTML, like Gecko) Version/13.0.1 Safari/605.1.15" "_ga=GA1.2.1067047047.1574780700; _gat_gtag_UA_91619287_1=1; _gid=GA1.2.951934764.1574780700"
188.76.6.25 - - [26/Nov/2019:16:05:00 +0100] "GET /wp-content/uploads/2019/04/mochila-humus-2-100x100.png HTTP/1.1" 200 9124 "https://amazingsportwear.com/producto/mochila-humus/" "Mozilla/5.0 (Macintosh; Intel Mac OS X 10_15) AppleWebKit/605.1.15 (KHTML, like Gecko) Version/13.0.1 Safari/605.1.15" "_ga=GA1.2.1067047047.1574780700; _gat_gtag_UA_91619287_1=1; _gid=GA1.2.951934764.1574780700"
188.76.6.25 - - [26/Nov/2019:16:05:00 +0100] "GET /wp-content/uploads/2019/04/mochila-humus-1-100x100.png HTTP/1.1" 200 8257 "https://amazingsportwear.com/producto/mochila-humus/" "Mozilla/5.0 (Macintosh; Intel Mac OS X 10_15) AppleWebKit/605.1.15 (KHTML, like Gecko) Version/13.0.1 Safari/605.1.15" "_ga=GA1.2.1067047047.1574780700; _gat_gtag_UA_91619287_1=1; _gid=GA1.2.951934764.1574780700"
188.76.6.25 - - [26/Nov/2019:16:05:00 +0100] "GET /wp-content/uploads/2019/05/cropped-favicon-nuevo-logo-amazinf-128px-192x192.png HTTP/1.1" 200 14048 "https://amazingsportwear.com/producto/mochila-humus/" "Mozilla/5.0 (Macintosh; Intel Mac OS X 10_15) AppleWebKit/605.1.15 (KHTML, like Gecko) Version/13.0.1 Safari/605.1.15" "_ga=GA1.2.1067047047.1574780700; _gat_gtag_UA_91619287_1=1; _gid=GA1.2.951934764.1574780700"
188.76.6.25 - - [26/Nov/2019:16:05:00 +0100] "GET /wp-content/uploads/2019/05/cropped-favicon-nuevo-logo-amazinf-128px-32x32.png HTTP/1.1" 200 1362 "https://amazingsportwear.com/producto/mochila-humus/" "Mozilla/5.0 (Macintosh; Intel Mac OS X 10_15) AppleWebKit/605.1.15 (KHTML, like Gecko) Version/13.0.1 Safari/605.1.15" "_ga=GA1.2.1067047047.1574780700; _gat_gtag_UA_91619287_1=1; _gid=GA1.2.951934764.1574780700"
188.76.6.25 - - [26/Nov/2019:16:05:00 +0100] "POST /?wc-ajax=get_refreshed_fragments HTTP/1.1" 200 1397 "https://amazingsportwear.com/producto/mochila-humus/" "Mozilla/5.0 (Macintosh; Intel Mac OS X 10_15) AppleWebKit/605.1.15 (KHTML, like Gecko) Version/13.0.1 Safari/605.1.15" "_ga=GA1.2.1067047047.1574780700; _gat_gtag_UA_91619287_1=1; _gid=GA1.2.951934764.1574780700"
217.76.130.90 - - [26/Nov/2019:16:06:27 +0100] "POST /wp-cron.php?doing_wp_cron=1574780787.6859049797058105468750 HTTP/1.1" 200 3389 "https://amazingsportwear.com/wp-cron.php?doing_wp_cron=1574780787.6859049797058105468750" "WordPress/5.2.4; https://amazingsportwear.com" "-"
66.249.64.148 - - [26/Nov/2019:16:06:26 +0100] "GET /producto/camiseta-tecnica-combinada-shangai/ HTTP/1.1" 200 110050 "-" "Mozilla/5.0 (Linux; Android 6.0.1; Nexus 5X Build/MMB29P) AppleWebKit/537.36 (KHTML, like Gecko) Chrome/41.0.2272.96 Mobile Safari/537.36 (compatible; Googlebot/2.1; +http://www.google.com/bot.html)" "-"
217.76.130.90 - - [26/Nov/2019:16:08:38 +0100] "POST /wp-cron.php?doing_wp_cron=1574780918.4502449035644531250000 HTTP/1.1" 200 164 "http://amazingsportwear.com/wp-cron.php?doing_wp_cron=1574780918.4502449035644531250000" "WordPress/5.2.4; https://amazingsportwear.com" "-"
3.210.174.98 - - [26/Nov/2019:16:08:37 +0100] "GET / HTTP/1.1" 301 336 "-" "Mozilla/5.0 (Windows NT 6.1; Trident/7.0; rv:11.0) like Gecko" "-"
3.210.174.98 - - [26/Nov/2019:16:08:39 +0100] "GET / HTTP/1.1" 200 125750 "-" "Mozilla/5.0 (Windows NT 6.1; Trident/7.0; rv:11.0) like Gecko" "wpfront-notification-bar-landingpage=1"
3.210.174.98 - - [26/Nov/2019:16:08:45 +0100] "GET / HTTP/1.1" 301 336 "-" "Mozilla/5.0 (Windows NT 10.0; Win64; x64) AppleWebKit/537.36 (KHTML, like Gecko) Chrome/73.0.3683.86 Safari/537.36" "-"
3.210.174.98 - - [26/Nov/2019:16:08:46 +0100] "GET / HTTP/1.1" 200 125745 "-" "Mozilla/5.0 (Windows NT 10.0; Win64; x64) AppleWebKit/537.36 (KHTML, like Gecko) Chrome/73.0.3683.86 Safari/537.36" "wpfront-notification-bar-landingpage=1"
3.210.174.98 - - [26/Nov/2019:16:08:48 +0100] "GET /wp-includes/css/dist/block-library/style.min.css?ver=5.2.4 HTTP/1.1" 200 29798 "https://amazingsportwear.com/" "Mozilla/5.0 (Windows NT 10.0; Win64; x64) AppleWebKit/537.36 (KHTML, like Gecko) Chrome/73.0.3683.86 Safari/537.36" "wpfront-notification-bar-landingpage=1"
3.210.174.98 - - [26/Nov/2019:16:08:48 +0100] "GET /wp-content/plugins/woocommerce/assets/css/blocks/style.css?ver=3.6.4 HTTP/1.1" 200 6835 "https://amazingsportwear.com/" "Mozilla/5.0 (Windows NT 10.0; Win64; x64) AppleWebKit/537.36 (KHTML, like Gecko) Chrome/73.0.3683.86 Safari/537.36" "wpfront-notification-bar-landingpage=1"
3.210.174.98 - - [26/Nov/2019:16:08:48 +0100] "GET /wp-content/plugins/cookie-law-info/public/css/cookie-law-info-public.css?ver=1.7.6 HTTP/1.1" 200 3235 "https://amazingsportwear.com/" "Mozilla/5.0 (Windows NT 10.0; Win64; x64) AppleWebKit/537.36 (KHTML, like Gecko) Chrome/73.0.3683.86 Safari/537.36" "wpfront-notification-bar-landingpage=1"
3.210.174.98 - - [26/Nov/2019:16:08:48 +0100] "GET /wp-content/plugins/cookie-law-info/public/css/cookie-law-info-gdpr.css?ver=1.7.6 HTTP/1.1" 200 12583 "https://amazingsportwear.com/" "Mozilla/5.0 (Windows NT 10.0; Win64; x64) AppleWebKit/537.36 (KHTML, like Gecko) Chrome/73.0.3683.86 Safari/537.36" "wpfront-notification-bar-landingpage=1"
3.210.174.98 - - [26/Nov/2019:16:08:48 +0100] "GET /wp-content/plugins/wpfront-notification-bar/css/wpfront-notification-bar.css?ver=1.7.1 HTTP/1.1" 200 3801 "https://amazingsportwear.com/" "Mozilla/5.0 (Windows NT 10.0; Win64; x64) AppleWebKit/537.36 (KHTML, like Gecko) Chrome/73.0.3683.86 Safari/537.36" "wpfront-notification-bar-landingpage=1"
3.210.174.98 - - [26/Nov/2019:16:08:48 +0100] "GET /wp-content/plugins/simple-social-icons/css/style.css?ver=3.0.1 HTTP/1.1" 200 1562 "https://amazingsportwear.com/" "Mozilla/5.0 (Windows NT 10.0; Win64; x64) AppleWebKit/537.36 (KHTML, like Gecko) Chrome/73.0.3683.86 Safari/537.36" "wpfront-notification-bar-landingpage=1"
3.210.174.98 - - [26/Nov/2019:16:08:48 +0100] "GET /wp-content/plugins/elementor/assets/lib/eicons/css/elementor-icons.min.css?ver=4.3.0 HTTP/1.1" 200 11850 "https://amazingsportwear.com/" "Mozilla/5.0 (Windows NT 10.0; Win64; x64) AppleWebKit/537.36 (KHTML, like Gecko) Chrome/73.0.3683.86 Safari/537.36" "wpfront-notification-bar-landingpage=1"
3.210.174.98 - - [26/Nov/2019:16:08:48 +0100] "GET /wp-content/plugins/elementor/assets/lib/font-awesome/css/font-awesome.min.css?ver=4.7.0 HTTP/1.1" 200 31365 "https://amazingsportwear.com/" "Mozilla/5.0 (Windows NT 10.0; Win64; x64) AppleWebKit/537.36 (KHTML, like Gecko) Chrome/73.0.3683.86 Safari/537.36" "wpfront-notification-bar-landingpage=1"
3.210.174.98 - - [26/Nov/2019:16:08:48 +0100] "GET /wp-content/plugins/elementor/assets/lib/animations/animations.min.css?ver=2.5.16 HTTP/1.1" 200 18833 "https://amazingsportwear.com/" "Mozilla/5.0 (Windows NT 10.0; Win64; x64) AppleWebKit/537.36 (KHTML, like Gecko) Chrome/73.0.3683.86 Safari/537.36" "wpfront-notification-bar-landingpage=1"
3.210.174.98 - - [26/Nov/2019:16:08:48 +0100] "GET /wp-content/uploads/elementor/css/global.css?ver=1559638744 HTTP/1.1" 200 5136 "https://amazingsportwear.com/" "Mozilla/5.0 (Windows NT 10.0; Win64; x64) AppleWebKit/537.36 (KHTML, like Gecko) Chrome/73.0.3683.86 Safari/537.36" "wpfront-notification-bar-landingpage=1"
3.210.174.98 - - [26/Nov/2019:16:08:48 +0100] "GET /wp-content/plugins/elementor/assets/css/frontend.min.css?ver=2.5.16 HTTP/1.1" 200 95366 "https://amazingsportwear.com/" "Mozilla/5.0 (Windows NT 10.0; Win64; x64) AppleWebKit/537.36 (KHTML, like Gecko) Chrome/73.0.3683.86 Safari/537.36" "wpfront-notification-bar-landingpage=1"
3.210.174.98 - - [26/Nov/2019:16:08:49 +0100] "GET /wp-content/uploads/elementor/css/post-16241.css?ver=1562311573 HTTP/1.1" 200 4934 "https://amazingsportwear.com/" "Mozilla/5.0 (Windows NT 10.0; Win64; x64) AppleWebKit/537.36 (KHTML, like Gecko) Chrome/73.0.3683.86 Safari/537.36" "wpfront-notification-bar-landingpage=1"
3.210.174.98 - - [26/Nov/2019:16:08:49 +0100] "GET /wp-content/themes/shopper/assets/sass/woocommerce/woocommerce.css?ver=5.2.4 HTTP/1.1" 200 83534 "https://amazingsportwear.com/" "Mozilla/5.0 (Windows NT 10.0; Win64; x64) AppleWebKit/537.36 (KHTML, like Gecko) Chrome/73.0.3683.86 Safari/537.36" "wpfront-notification-bar-landingpage=1"
3.210.174.98 - - [26/Nov/2019:16:08:49 +0100] "GET /wp-content/plugins/smart-slider-3/library/media/smartslider.min.css?1559118093 HTTP/1.1" 200 19959 "https://amazingsportwear.com/" "Mozilla/5.0 (Windows NT 10.0; Win64; x64) AppleWebKit/537.36 (KHTML, like Gecko) Chrome/73.0.3683.86 Safari/537.36" "wpfront-notification-bar-landingpage=1"
3.210.174.98 - - [26/Nov/2019:16:08:49 +0100] "GET /wp-includes/js/jquery/jquery.js?ver=1.12.4-wp HTTP/1.1" 200 97362 "https://amazingsportwear.com/" "Mozilla/5.0 (Windows NT 10.0; Win64; x64) AppleWebKit/537.36 (KHTML, like Gecko) Chrome/73.0.3683.86 Safari/537.36" "wpfront-notification-bar-landingpage=1"
3.210.174.98 - - [26/Nov/2019:16:08:49 +0100] "GET /wp-includes/js/jquery/jquery-migrate.min.js?ver=1.4.1 HTTP/1.1" 200 10399 "https://amazingsportwear.com/" "Mozilla/5.0 (Windows NT 10.0; Win64; x64) AppleWebKit/537.36 (KHTML, like Gecko) Chrome/73.0.3683.86 Safari/537.36" "wpfront-notification-bar-landingpage=1"
3.210.174.98 - - [26/Nov/2019:16:08:49 +0100] "GET /wp-content/plugins/cookie-law-info/public/js/cookie-law-info-public.js?ver=1.7.6 HTTP/1.1" 200 17076 "https://amazingsportwear.com/" "Mozilla/5.0 (Windows NT 10.0; Win64; x64) AppleWebKit/537.36 (KHTML, like Gecko) Chrome/73.0.3683.86 Safari/537.36" "wpfront-notification-bar-landingpage=1"
3.210.174.98 - - [26/Nov/2019:16:08:49 +0100] "GET /wp-content/plugins/wpfront-notification-bar/jquery-plugins/jquery.c.js?ver=1.4.0 HTTP/1.1" 200 3437 "https://amazingsportwear.com/" "Mozilla/5.0 (Windows NT 10.0; Win64; x64) AppleWebKit/537.36 (KHTML, like Gecko) Chrome/73.0.3683.86 Safari/537.36" "wpfront-notification-bar-landingpage=1"
3.210.174.98 - - [26/Nov/2019:16:08:49 +0100] "GET /wp-content/plugins/wpfront-notification-bar/js/wpfront-notification-bar.js?ver=1.7.1 HTTP/1.1" 200 5662 "https://amazingsportwear.com/" "Mozilla/5.0 (Windows NT 10.0; Win64; x64) AppleWebKit/537.36 (KHTML, like Gecko) Chrome/73.0.3683.86 Safari/537.36" "wpfront-notification-bar-landingpage=1"
3.210.174.98 - - [26/Nov/2019:16:08:49 +0100] "GET /wp-content/plugins/simple-social-icons/svgxuse.js?ver=1.1.21 HTTP/1.1" 200 9580 "https://amazingsportwear.com/" "Mozilla/5.0 (Windows NT 10.0; Win64; x64) AppleWebKit/537.36 (KHTML, like Gecko) Chrome/73.0.3683.86 Safari/537.36" "wpfront-notification-bar-landingpage=1"
3.210.174.98 - - [26/Nov/2019:16:08:49 +0100] "GET /wp-content/plugins/smart-slider-3/nextend/media/dist/n2.min.js?1559118093 HTTP/1.1" 200 3836 "https://amazingsportwear.com/" "Mozilla/5.0 (Windows NT 10.0; Win64; x64) AppleWebKit/537.36 (KHTML, like Gecko) Chrome/73.0.3683.86 Safari/537.36" "wpfront-notification-bar-landingpage=1"
3.210.174.98 - - [26/Nov/2019:16:08:49 +0100] "GET /wp-content/plugins/smart-slider-3/nextend/media/dist/nextend-frontend.min.js?1559118093 HTTP/1.1" 200 86339 "https://amazingsportwear.com/" "Mozilla/5.0 (Windows NT 10.0; Win64; x64) AppleWebKit/537.36 (KHTML, like Gecko) Chrome/73.0.3683.86 Safari/537.36" "wpfront-notification-bar-landingpage=1"
3.210.174.98 - - [26/Nov/2019:16:08:49 +0100] "GET /wp-content/plugins/smart-slider-3/library/media/dist/smartslider-frontend.min.js?1559118093 HTTP/1.1" 200 127293 "https://amazingsportwear.com/" "Mozilla/5.0 (Windows NT 10.0; Win64; x64) AppleWebKit/537.36 (KHTML, like Gecko) Chrome/73.0.3683.86 Safari/537.36" "wpfront-notification-bar-landingpage=1"
3.210.174.98 - - [26/Nov/2019:16:08:49 +0100] "GET /wp-content/plugins/smart-slider-3/library/media/plugins/type/simple/simple/dist/smartslider-simple-type-frontend.min.js?1559118093 HTTP/1.1" 200 18973 "https://amazingsportwear.com/" "Mozilla/5.0 (Windows NT 10.0; Win64; x64) AppleWebKit/537.36 (KHTML, like Gecko) Chrome/73.0.3683.86 Safari/537.36" "wpfront-notification-bar-landingpage=1"
3.210.174.98 - - [26/Nov/2019:16:08:49 +0100] "GET /wp-includes/js/wp-emoji-release.min.js?ver=5.2.4 HTTP/1.1" 200 14183 "https://amazingsportwear.com/" "Mozilla/5.0 (Windows NT 10.0; Win64; x64) AppleWebKit/537.36 (KHTML, like Gecko) Chrome/73.0.3683.86 Safari/537.36" "wpfront-notification-bar-landingpage=1"
3.210.174.98 - - [26/Nov/2019:16:08:49 +0100] "GET /wp-content/uploads/2019/05/cropped-asw-white.png HTTP/1.1" 200 7500 "https://amazingsportwear.com/" "Mozilla/5.0 (Windows NT 10.0; Win64; x64) AppleWebKit/537.36 (KHTML, like Gecko) Chrome/73.0.3683.86 Safari/537.36" "wpfront-notification-bar-landingpage=1"
3.210.174.98 - - [26/Nov/2019:16:08:49 +0100] "GET /wp-content/themes/shopper/assets/js/crm.js?ver=1561548510 HTTP/1.1" 200 874 "https://amazingsportwear.com/" "Mozilla/5.0 (Windows NT 10.0; Win64; x64) AppleWebKit/537.36 (KHTML, like Gecko) Chrome/73.0.3683.86 Safari/537.36" "wpfront-notification-bar-landingpage=1"
3.210.174.98 - - [26/Nov/2019:16:08:49 +0100] "GET /favicon.ico HTTP/1.1" 200 3622 "-" "Mozilla/5.0 (X11; Linux x86_64) AppleWebKit/537.36 (KHTML, like Gecko) Chrome/63.0.3239.108 Safari/537.36" "-"
3.210.174.98 - - [26/Nov/2019:16:08:49 +0100] "GET /wp-content/plugins/woocommerce/assets/js/jquery-blockui/jquery.blockUI.min.js?ver=2.70 HTTP/1.1" 200 9908 "https://amazingsportwear.com/" "Mozilla/5.0 (Windows NT 10.0; Win64; x64) AppleWebKit/537.36 (KHTML, like Gecko) Chrome/73.0.3683.86 Safari/537.36" "wpfront-notification-bar-landingpage=1"
3.210.174.98 - - [26/Nov/2019:16:08:49 +0100] "GET /wp-content/plugins/woocommerce/assets/js/frontend/add-to-cart.min.js?ver=3.6.4 HTTP/1.1" 200 2983 "https://amazingsportwear.com/" "Mozilla/5.0 (Windows NT 10.0; Win64; x64) AppleWebKit/537.36 (KHTML, like Gecko) Chrome/73.0.3683.86 Safari/537.36" "wpfront-notification-bar-landingpage=1"
3.210.174.98 - - [26/Nov/2019:16:08:48 +0100] "GET /wp-content/themes/shopper/style.css?ver=1.3.8 HTTP/1.1" 200 125453 "https://amazingsportwear.com/" "Mozilla/5.0 (Windows NT 10.0; Win64; x64) AppleWebKit/537.36 (KHTML, like Gecko) Chrome/73.0.3683.86 Safari/537.36" "wpfront-notification-bar-landingpage=1"
3.210.174.98 - - [26/Nov/2019:16:08:49 +0100] "GET /wp-content/plugins/woocommerce/assets/js/js-cookie/js.cookie.min.js?ver=2.1.4 HTTP/1.1" 200 2187 "https://amazingsportwear.com/" "Mozilla/5.0 (Windows NT 10.0; Win64; x64) AppleWebKit/537.36 (KHTML, like Gecko) Chrome/73.0.3683.86 Safari/537.36" "wpfront-notification-bar-landingpage=1"
3.210.174.98 - - [26/Nov/2019:16:08:49 +0100] "GET /wp-content/plugins/woocommerce/assets/js/frontend/woocommerce.min.js?ver=3.6.4 HTTP/1.1" 200 1813 "https://amazingsportwear.com/" "Mozilla/5.0 (Windows NT 10.0; Win64; x64) AppleWebKit/537.36 (KHTML, like Gecko) Chrome/73.0.3683.86 Safari/537.36" "wpfront-notification-bar-landingpage=1"
3.210.174.98 - - [26/Nov/2019:16:08:50 +0100] "GET /wp-content/plugins/woocommerce/assets/js/frontend/cart-fragments.min.js?ver=3.6.4 HTTP/1.1" 200 3281 "https://amazingsportwear.com/" "Mozilla/5.0 (Windows NT 10.0; Win64; x64) AppleWebKit/537.36 (KHTML, like Gecko) Chrome/73.0.3683.86 Safari/537.36" "wpfront-notification-bar-landingpage=1"
3.210.174.98 - - [26/Nov/2019:16:08:50 +0100] "GET /wp-content/themes/shopper/assets/js/skip-link-focus-fix.js?ver=1.3.8 HTTP/1.1" 200 1023 "https://amazingsportwear.com/" "Mozilla/5.0 (Windows NT 10.0; Win64; x64) AppleWebKit/537.36 (KHTML, like Gecko) Chrome/73.0.3683.86 Safari/537.36" "wpfront-notification-bar-landingpage=1"
3.210.174.98 - - [26/Nov/2019:16:08:50 +0100] "GET /wp-content/themes/shopper/assets/js/shopper.min.js?ver=1.3.8 HTTP/1.1" 200 5994 "https://amazingsportwear.com/" "Mozilla/5.0 (Windows NT 10.0; Win64; x64) AppleWebKit/537.36 (KHTML, like Gecko) Chrome/73.0.3683.86 Safari/537.36" "wpfront-notification-bar-landingpage=1"
3.210.174.98 - - [26/Nov/2019:16:08:50 +0100] "GET /wp-content/themes/shopper/assets/js/woocommerce/header-cart.min.js?ver=1.3.8 HTTP/1.1" 200 972 "https://amazingsportwear.com/" "Mozilla/5.0 (Windows NT 10.0; Win64; x64) AppleWebKit/537.36 (KHTML, like Gecko) Chrome/73.0.3683.86 Safari/537.36" "wpfront-notification-bar-landingpage=1"
3.210.174.98 - - [26/Nov/2019:16:08:50 +0100] "GET /wp-includes/js/wp-embed.min.js?ver=5.2.4 HTTP/1.1" 200 1744 "https://amazingsportwear.com/" "Mozilla/5.0 (Windows NT 10.0; Win64; x64) AppleWebKit/537.36 (KHTML, like Gecko) Chrome/73.0.3683.86 Safari/537.36" "wpfront-notification-bar-landingpage=1"
3.210.174.98 - - [26/Nov/2019:16:08:50 +0100] "GET /wp-content/plugins/elementor/assets/lib/slick/slick.min.js?ver=1.8.1 HTTP/1.1" 200 43264 "https://amazingsportwear.com/" "Mozilla/5.0 (Windows NT 10.0; Win64; x64) AppleWebKit/537.36 (KHTML, like Gecko) Chrome/73.0.3683.86 Safari/537.36" "wpfront-notification-bar-landingpage=1"
3.210.174.98 - - [26/Nov/2019:16:08:50 +0100] "GET /wp-content/plugins/elementor/assets/js/frontend-modules.min.js?ver=2.5.16 HTTP/1.1" 200 11486 "https://amazingsportwear.com/" "Mozilla/5.0 (Windows NT 10.0; Win64; x64) AppleWebKit/537.36 (KHTML, like Gecko) Chrome/73.0.3683.86 Safari/537.36" "wpfront-notification-bar-landingpage=1"
3.210.174.98 - - [26/Nov/2019:16:08:50 +0100] "GET /wp-includes/js/jquery/ui/position.min.js?ver=1.11.4 HTTP/1.1" 200 6869 "https://amazingsportwear.com/" "Mozilla/5.0 (Windows NT 10.0; Win64; x64) AppleWebKit/537.36 (KHTML, like Gecko) Chrome/73.0.3683.86 Safari/537.36" "wpfront-notification-bar-landingpage=1"
3.210.174.98 - - [26/Nov/2019:16:08:50 +0100] "GET /wp-content/plugins/elementor/assets/lib/dialog/dialog.min.js?ver=4.7.1 HTTP/1.1" 200 10911 "https://amazingsportwear.com/" "Mozilla/5.0 (Windows NT 10.0; Win64; x64) AppleWebKit/537.36 (KHTML, like Gecko) Chrome/73.0.3683.86 Safari/537.36" "wpfront-notification-bar-landingpage=1"
3.210.174.98 - - [26/Nov/2019:16:08:50 +0100] "GET /wp-content/plugins/elementor/assets/lib/waypoints/waypoints.min.js?ver=4.0.2 HTTP/1.1" 200 12541 "https://amazingsportwear.com/" "Mozilla/5.0 (Windows NT 10.0; Win64; x64) AppleWebKit/537.36 (KHTML, like Gecko) Chrome/73.0.3683.86 Safari/537.36" "wpfront-notification-bar-landingpage=1"
186.148.186.174 - - [26/Nov/2019:16:15:38 +0100] "GET /wp-content/uploads/2019/04/Gorra-sport-10.png HTTP/1.1" 200 60426 "https://www.google.com/" "Mozilla/5.0 (Windows NT 6.1; Win64; x64) AppleWebKit/537.36 (KHTML, like Gecko) Chrome/69.0.3497.100 Safari/537.36" "-"
217.76.130.90 - - [26/Nov/2019:16:15:53 +0100] "POST /wp-cron.php?doing_wp_cron=1574781352.9451460838317871093750 HTTP/1.1" 200 3389 "https://amazingsportwear.com/wp-cron.php?doing_wp_cron=1574781352.9451460838317871093750" "WordPress/5.2.4; https://amazingsportwear.com" "-"
66.249.64.148 - - [26/Nov/2019:16:15:51 +0100] "GET /etiqueta-producto/top-deportivo/ HTTP/1.1" 200 54113 "-" "Mozilla/5.0 (Linux; Android 6.0.1; Nexus 5X Build/MMB29P) AppleWebKit/537.36 (KHTML, like Gecko) Chrome/41.0.2272.96 Mobile Safari/537.36 (compatible; Googlebot/2.1; +http://www.google.com/bot.html)" "-"
66.249.64.144 - - [26/Nov/2019:16:15:59 +0100] "POST /?wc-ajax=get_refreshed_fragments HTTP/1.1" 200 4760 "https://amazingsportwear.com/etiqueta-producto/top-deportivo/" "Mozilla/5.0 (Linux; Android 6.0.1; Nexus 5X Build/MMB29P) AppleWebKit/537.36 (KHTML, like Gecko) Chrome/41.0.2272.96 Mobile Safari/537.36 (compatible; Googlebot/2.1; +http://www.google.com/bot.html)" "_ga=GA1.2.1884029788.1574726400; _gid=GA1.2.969013651.1574726400; _gat_gtag_UA_91619287_1=1"
189.172.205.191 - - [26/Nov/2019:16:29:51 +0100] "GET /wp-content/uploads/2019/04/SA-1070-2.png HTTP/1.1" 200 175956 "https://www.google.com/" "Mozilla/5.0 (Windows NT 10.0; WOW64) AppleWebKit/537.36 (KHTML, like Gecko) Chrome/78.0.3904.108 Safari/537.36" "-"
217.76.130.90 - - [26/Nov/2019:16:35:05 +0100] "POST /wp-cron.php?doing_wp_cron=1574782505.1786849498748779296875 HTTP/1.1" 200 3389 "https://amazingsportwear.com/wp-cron.php?doing_wp_cron=1574782505.1786849498748779296875" "WordPress/5.2.4; https://amazingsportwear.com" "-"
66.249.64.148 - - [26/Nov/2019:16:35:03 +0100] "GET /categoria-producto/hombre/page/10/ HTTP/1.1" 200 71864 "-" "Mozilla/5.0 (Linux; Android 6.0.1; Nexus 5X Build/MMB29P) AppleWebKit/537.36 (KHTML, like Gecko) Chrome/41.0.2272.96 Mobile Safari/537.36 (compatible; Googlebot/2.1; +http://www.google.com/bot.html)" "-"
190.235.14.80 - - [26/Nov/2019:16:49:03 +0100] "GET /wp-content/uploads/2019/04/Llavero-metalico-futbol-3.png HTTP/1.1" 200 46821 "https://www.google.com/" "Mozilla/5.0 (Windows NT 10.0; Win64; x64) AppleWebKit/537.36 (KHTML, like Gecko) Chrome/78.0.3904.108 Safari/537.36" "-"
189.133.5.136 - - [26/Nov/2019:16:49:19 +0100] "GET /wp-content/uploads/2019/04/Gorra-sport-10.png HTTP/1.1" 200 60426 "https://www.google.com/" "Mozilla/5.0 (Windows NT 6.1) AppleWebKit/537.36 (KHTML, like Gecko) Chrome/78.0.3904.108 Safari/537.36" "-"
185.124.28.45 - - [26/Nov/2019:16:51:42 +0100] "GET /wp-content/uploads/2017/03/nath-action-azul-naranja.jpg HTTP/1.1" 200 28906 "https://www.google.es/" "Mozilla/5.0 (iPhone; CPU iPhone OS 13_1_3 like Mac OS X) AppleWebKit/605.1.15 (KHTML, like Gecko) Version/13.0.1 Mobile/15E148 Safari/604.1" "-"
185.124.28.45 - - [26/Nov/2019:16:51:52 +0100] "GET /wp-content/uploads/2017/03/nath-action-azul-naranja.jpg HTTP/1.1" 200 25876 "-" "Mozilla/5.0 (iPhone; CPU iPhone OS 13_1_3 like Mac OS X) AppleWebKit/605.1.15 (KHTML, like Gecko) Version/13.0.1 Mobile/15E148 Safari/604.1" "-"
185.124.28.45 - - [26/Nov/2019:16:51:53 +0100] "GET /favicon.ico HTTP/1.1" 200 3427 "https://amazingsportwear.com/wp-content/uploads/2017/03/nath-action-azul-naranja.jpg" "Mozilla/5.0 (iPhone; CPU iPhone OS 13_1_3 like Mac OS X) AppleWebKit/605.1.15 (KHTML, like Gecko) Version/13.0.1 Mobile/15E148 Safari/604.1" "-"
185.124.28.45 - - [26/Nov/2019:16:51:57 +0100] "GET /wp-content/uploads/2017/03/nath-action-azul-naranja.jpg HTTP/1.1" 200 28906 "-" "Mozilla/5.0 (Macintosh; Intel Mac OS X 10_11_1) AppleWebKit/601.2.4 (KHTML, like Gecko) Version/9.0.1 Safari/601.2.4 facebookexternalhit/1.1 Facebot Twitterbot/1.0" "-"
185.124.28.45 - - [26/Nov/2019:16:51:57 +0100] "GET /wp-content/uploads/2017/03/nath-action-azul-naranja.jpg HTTP/1.1" 200 28906 "-" "Mozilla/5.0 (Macintosh; Intel Mac OS X 10_11_1) AppleWebKit/601.2.4 (KHTML, like Gecko) Version/9.0.1 Safari/601.2.4 facebookexternalhit/1.1 Facebot Twitterbot/1.0" "-"
185.124.28.45 - - [26/Nov/2019:16:52:01 +0100] "GET /wp-content/uploads/2017/03/nath-action-azul-naranja.jpg HTTP/1.1" 206 28955 "-" "WhatsApp/2.19.112 i" "-"
190.139.32.92 - - [26/Nov/2019:16:59:16 +0100] "GET /wp-content/uploads/2017/03/sa-6648_22302-600x600.jpg HTTP/1.1" 200 41381 "https://www.google.com/" "Mozilla/5.0 (Linux; Android 4.4.2; SM-G355M Build/KOT49H) AppleWebKit/537.36 (KHTML, like Gecko) Chrome/57.0.2987.132 Mobile Safari/537.36" "-"
148.204.109.20 - - [26/Nov/2019:17:05:42 +0100] "GET /wp-content/uploads/2019/04/Gorra-sport-6.png HTTP/1.1" 200 44623 "https://www.google.com/" "Mozilla/5.0 (Windows NT 6.3; Win64; x64) AppleWebKit/537.36 (KHTML, like Gecko) Chrome/78.0.3904.108 Safari/537.36" "-"
189.216.181.104 - - [26/Nov/2019:17:19:31 +0100] "GET /wp-content/uploads/2019/04/Gorra-sport-11.png HTTP/1.1" 200 130921 "https://www.google.com/" "Mozilla/5.0 (Macintosh; Intel Mac OS X 10_14_6) AppleWebKit/605.1.15 (KHTML, like Gecko) Version/12.1.2 Safari/605.1.15" "-"
217.76.130.90 - - [26/Nov/2019:17:29:55 +0100] "POST /wp-cron.php?doing_wp_cron=1574785795.4750890731811523437500 HTTP/1.1" 200 3389 "https://amazingsportwear.com/wp-cron.php?doing_wp_cron=1574785795.4750890731811523437500" "WordPress/5.2.4; https://amazingsportwear.com" "-"
66.249.64.144 - - [26/Nov/2019:17:29:53 +0100] "GET /categoria-producto/hombre/camisetas/page/5/ HTTP/1.1" 200 78243 "-" "Mozilla/5.0 (Linux; Android 6.0.1; Nexus 5X Build/MMB29P) AppleWebKit/537.36 (KHTML, like Gecko) Chrome/41.0.2272.96 Mobile Safari/537.36 (compatible; Googlebot/2.1; +http://www.google.com/bot.html)" "-"
217.76.130.90 - - [26/Nov/2019:17:30:04 +0100] "POST /wp-cron.php?doing_wp_cron=1574785804.9729220867156982421875 HTTP/1.1" 200 3389 "https://amazingsportwear.com/wp-cron.php?doing_wp_cron=1574785804.9729220867156982421875" "WordPress/5.2.4; https://amazingsportwear.com" "-"
66.249.64.148 - - [26/Nov/2019:17:30:04 +0100] "GET /categoria-producto/hombre/camisetas/page/5/ HTTP/1.1" 200 78188 "-" "Mozilla/5.0 (Linux; Android 6.0.1; Nexus 5X Build/MMB29P) AppleWebKit/537.36 (KHTML, like Gecko) Chrome/41.0.2272.96 Mobile Safari/537.36 (compatible; Googlebot/2.1; +http://www.google.com/bot.html)" "-"
79.225.235.177 - - [26/Nov/2019:17:30:24 +0100] "GET / HTTP/1.0" 301 265 "-" "Mozilla/5.0 (Windows NT 6.1; WOW64; rv:27.0) Gecko/20100101 Firefox/27.0" "-"
79.225.235.177 - - [26/Nov/2019:17:30:25 +0100] "GET / HTTP/1.1" 200 125525 "-" "Mozilla/5.0 (Windows NT 6.1; WOW64; rv:27.0) Gecko/20100101 Firefox/27.0" "wpfront-notification-bar-landingpage=1"
217.76.130.90 - - [26/Nov/2019:17:31:48 +0100] "POST /wp-cron.php?doing_wp_cron=1574785908.1531980037689208984375 HTTP/1.1" 200 164 "http://amazingsportwear.com/wp-cron.php?doing_wp_cron=1574785908.1531980037689208984375" "WordPress/5.2.4; https://amazingsportwear.com" "-"
79.225.235.177 - - [26/Nov/2019:17:31:46 +0100] "GET / HTTP/1.0" 301 265 "-" "Mozilla/5.0 (Windows NT 10.0; Win64; x64; rv:64.0) Gecko/20100101 Firefox/64.0" "-"
79.225.235.177 - - [26/Nov/2019:17:31:48 +0100] "GET / HTTP/1.1" 200 125530 "-" "Mozilla/5.0 (Windows NT 10.0; Win64; x64; rv:64.0) Gecko/20100101 Firefox/64.0" "wpfront-notification-bar-landingpage=1; APSERVER_ID=7c27a642305790c62d7acee93e824325c5638c0ac7a24745e96eb06f1123a8e5"
217.76.130.90 - - [26/Nov/2019:17:32:32 +0100] "POST /wp-cron.php?doing_wp_cron=1574785952.7490251064300537109375 HTTP/1.1" 200 164 "http://amazingsportwear.com/wp-cron.php?doing_wp_cron=1574785952.7490251064300537109375" "WordPress/5.2.4; https://amazingsportwear.com" "-"
94.134.129.82 - - [26/Nov/2019:17:32:31 +0100] "GET / HTTP/1.0" 301 265 "-" "Mozilla/5.0 (Windows NT 10.0; Win64; x64; rv:64.0) Gecko/20100101 Firefox/64.0" "-"
217.76.130.90 - - [26/Nov/2019:17:35:09 +0100] "POST /wp-cron.php?doing_wp_cron=1574786109.0318660736083984375000 HTTP/1.1" 200 3389 "https://amazingsportwear.com/wp-cron.php?doing_wp_cron=1574786109.0318660736083984375000" "WordPress/5.2.4; https://amazingsportwear.com" "-"
66.249.64.146 - - [26/Nov/2019:17:35:07 +0100] "GET /producto/sudadera-capucha/ HTTP/1.1" 200 101806 "-" "Mozilla/5.0 (compatible; Googlebot/2.1; +http://www.google.com/bot.html)" "-"
217.76.130.90 - - [26/Nov/2019:17:37:35 +0100] "POST /wp-cron.php?doing_wp_cron=1574786255.5962510108947753906250 HTTP/1.1" 200 3389 "https://amazingsportwear.com/wp-cron.php?doing_wp_cron=1574786255.5962510108947753906250" "WordPress/5.2.4; https://amazingsportwear.com" "-"
66.249.64.144 - - [26/Nov/2019:17:37:34 +0100] "GET /producto/camiseta-tecnica-reversible-aq-reversible/ HTTP/1.1" 200 101046 "-" "Mozilla/5.0 (Linux; Android 6.0.1; Nexus 5X Build/MMB29P) AppleWebKit/537.36 (KHTML, like Gecko) Chrome/41.0.2272.96 Mobile Safari/537.36 (compatible; Googlebot/2.1; +http://www.google.com/bot.html)" "-"
217.76.130.90 - - [26/Nov/2019:17:41:56 +0100] "POST /wp-cron.php?doing_wp_cron=1574786516.8322761058807373046875 HTTP/1.1" 200 3389 "https://amazingsportwear.com/wp-cron.php?doing_wp_cron=1574786516.8322761058807373046875" "WordPress/5.2.4; https://amazingsportwear.com" "-"
66.249.64.148 - - [26/Nov/2019:17:41:55 +0100] "GET /producto/camiseta-tecnica-spain/ HTTP/1.1" 200 100915 "-" "Mozilla/5.0 (Linux; Android 6.0.1; Nexus 5X Build/MMB29P) AppleWebKit/537.36 (KHTML, like Gecko) Chrome/41.0.2272.96 Mobile Safari/537.36 (compatible; Googlebot/2.1; +http://www.google.com/bot.html)" "-"
217.76.130.90 - - [26/Nov/2019:17:53:53 +0100] "POST /wp-cron.php?doing_wp_cron=1574787233.0045499801635742187500 HTTP/1.1" 200 3389 "https://amazingsportwear.com/wp-cron.php?doing_wp_cron=1574787233.0045499801635742187500" "WordPress/5.2.4; https://amazingsportwear.com" "-"
66.249.64.144 - - [26/Nov/2019:17:53:51 +0100] "GET /producto/sudadera-capucha/ HTTP/1.1" 200 101698 "-" "Mozilla/5.0 (compatible; Googlebot/2.1; +http://www.google.com/bot.html)" "-"
66.249.64.146 - - [26/Nov/2019:17:54:02 +0100] "POST /?wc-ajax=get_refreshed_fragments HTTP/1.1" 200 4760 "https://amazingsportwear.com/producto/sudadera-capucha/" "Mozilla/5.0 AppleWebKit/537.36 (KHTML, like Gecko; compatible; Googlebot/2.1; +http://www.google.com/bot.html) Safari/537.36" "_ga=GA1.2.931330593.1574726400; _gid=GA1.2.2074753562.1574726400; _gat_gtag_UA_91619287_1=1"
217.76.130.90 - - [26/Nov/2019:17:54:08 +0100] "POST /wp-cron.php?doing_wp_cron=1574787247.9618859291076660156250 HTTP/1.1" 200 3389 "https://amazingsportwear.com/wp-cron.php?doing_wp_cron=1574787247.9618859291076660156250" "WordPress/5.2.4; https://amazingsportwear.com" "-"
66.249.64.146 - - [26/Nov/2019:17:54:07 +0100] "GET /producto/sudadera-capucha/ HTTP/1.1" 200 98254 "-" "Mozilla/5.0 (compatible; Googlebot/2.1; +http://www.google.com/bot.html)" "-"
207.46.13.208 - - [26/Nov/2019:17:54:33 +0100] "GET /wp-content/uploads/2019/04/Gorra-sport-1.png HTTP/1.1" 200 93681 "-" "Mozilla/5.0 (compatible; bingbot/2.0; +http://www.bing.com/bingbot.htm)" "-"
66.249.64.144 - - [26/Nov/2019:17:54:42 +0100] "GET /producto/camiseta-tecnica-reversible-aq-reversible/ HTTP/1.1" 200 101418 "-" "Mozilla/5.0 (Linux; Android 6.0.1; Nexus 5X Build/MMB29P) AppleWebKit/537.36 (KHTML, like Gecko) Chrome/41.0.2272.96 Mobile Safari/537.36 (compatible; Googlebot/2.1; +http://www.google.com/bot.html)" "-"
189.250.184.81 - - [26/Nov/2019:17:55:04 +0100] "GET /wp-content/uploads/2019/04/Gorra-sport-6.png HTTP/1.1" 200 44623 "https://www.google.com/" "Mozilla/5.0 (Windows NT 10.0; Win64; x64) AppleWebKit/537.36 (KHTML, like Gecko) Chrome/78.0.3904.108 Safari/537.36" "-"
217.76.130.90 - - [26/Nov/2019:17:56:39 +0100] "POST /wp-cron.php?doing_wp_cron=1574787399.5332469940185546875000 HTTP/1.1" 200 3389 "https://amazingsportwear.com/wp-cron.php?doing_wp_cron=1574787399.5332469940185546875000" "WordPress/5.2.4; https://amazingsportwear.com" "-"
66.249.64.146 - - [26/Nov/2019:17:56:37 +0100] "GET /producto/camiseta-tecnica-spain/ HTTP/1.1" 200 100177 "-" "Mozilla/5.0 (Linux; Android 6.0.1; Nexus 5X Build/MMB29P) AppleWebKit/537.36 (KHTML, like Gecko) Chrome/41.0.2272.96 Mobile Safari/537.36 (compatible; Googlebot/2.1; +http://www.google.com/bot.html)" "-"
66.249.64.146 - - [26/Nov/2019:17:56:42 +0100] "POST /?wc-ajax=get_refreshed_fragments HTTP/1.1" 200 1397 "https://amazingsportwear.com/producto/camiseta-tecnica-spain/" "Mozilla/5.0 (Linux; Android 6.0.1; Nexus 5X Build/MMB29P) AppleWebKit/537.36 (KHTML, like Gecko) Chrome/41.0.2272.96 Mobile Safari/537.36 (compatible; Googlebot/2.1; +http://www.google.com/bot.html)" "_ga=GA1.2.969013651.1574726400; _gid=GA1.2.1978218920.1574726400; _gat_gtag_UA_91619287_1=1"
191.184.176.209 - - [26/Nov/2019:17:59:21 +0100] "GET /wp-content/uploads/2017/03/CAT-5247-04.jpg HTTP/1.1" 200 33434 "https://www.google.com/" "Mozilla/5.0 (Windows NT 6.1; Win64; x64) AppleWebKit/537.36 (KHTML, like Gecko) Chrome/78.0.3904.108 Safari/537.36" "-"
181.66.5.67 - - [26/Nov/2019:18:09:37 +0100] "GET /wp-content/uploads/2019/04/Gorra-sport-10.png HTTP/1.1" 200 60426 "https://www.google.com/" "Mozilla/5.0 (Windows NT 10.0; Win64; x64) AppleWebKit/537.36 (KHTML, like Gecko) Chrome/78.0.3904.108 Safari/537.36" "-"
186.145.224.109 - - [26/Nov/2019:18:11:50 +0100] "GET /wp-content/uploads/2019/03/VA-PARADE-6.png HTTP/1.1" 200 469548 "https://www.google.com/" "Mozilla/5.0 (Linux; Android 8.1.0; SM-J410G) AppleWebKit/537.36 (KHTML, like Gecko) Chrome/78.0.3904.96 Mobile Safari/537.36" "-"
217.76.130.90 - - [26/Nov/2019:18:13:46 +0100] "POST /wp-cron.php?doing_wp_cron=1574788426.5684649944305419921875 HTTP/1.1" 200 3389 "https://amazingsportwear.com/wp-cron.php?doing_wp_cron=1574788426.5684649944305419921875" "WordPress/5.2.4; https://amazingsportwear.com" "-"
66.249.64.144 - - [26/Nov/2019:18:13:44 +0100] "GET /categoria-producto/hombre/camisetas/page/5/ HTTP/1.1" 200 78218 "-" "Mozilla/5.0 (Linux; Android 6.0.1; Nexus 5X Build/MMB29P) AppleWebKit/537.36 (KHTML, like Gecko) Chrome/41.0.2272.96 Mobile Safari/537.36 (compatible; Googlebot/2.1; +http://www.google.com/bot.html)" "-"
217.76.130.90 - - [26/Nov/2019:18:31:27 +0100] "POST /wp-cron.php?doing_wp_cron=1574789487.5339400768280029296875 HTTP/1.1" 200 3389 "https://amazingsportwear.com/wp-cron.php?doing_wp_cron=1574789487.5339400768280029296875" "WordPress/5.2.4; https://amazingsportwear.com" "-"
17.58.100.225 - - [26/Nov/2019:18:31:26 +0100] "GET /robots.txt HTTP/1.1" 200 3687 "-" "Mozilla/5.0 (Macintosh; Intel Mac OS X 10_10_1) AppleWebKit/600.2.5 (KHTML, like Gecko) Version/8.0.2 Safari/600.2.5 (Applebot/0.1; +http://www.apple.com/go/applebot)" "-"
17.58.96.178 - - [26/Nov/2019:18:31:28 +0100] "GET /wp-content/uploads/2019/04/toalla-absorvente-gymnasio-7.png HTTP/1.1" 200 151492 "-" "Mozilla/5.0 (Macintosh; Intel Mac OS X 10_10_1) AppleWebKit/600.2.5 (KHTML, like Gecko) Version/8.0.2 Safari/600.2.5 (Applebot/0.1; +http://www.apple.com/go/applebot)" "-"
217.76.130.90 - - [26/Nov/2019:18:32:10 +0100] "POST /wp-cron.php?doing_wp_cron=1574789530.7104840278625488281250 HTTP/1.1" 200 3389 "https://amazingsportwear.com/wp-cron.php?doing_wp_cron=1574789530.7104840278625488281250" "WordPress/5.2.4; https://amazingsportwear.com" "-"
40.77.167.59 - - [26/Nov/2019:18:32:10 +0100] "GET /tienda/255-calcetin-deportivo-lycra-cp-lycra.html HTTP/1.1" 404 72353 "-" "Mozilla/5.0 (compatible; bingbot/2.0; +http://www.bing.com/bingbot.htm)" "-"
80.58.147.149 - - [26/Nov/2019:18:34:54 +0100] "GET /wp-content/uploads/2017/03/ENY-ARABIA-MUJER-783-600x639.jpg HTTP/1.1" 200 31427 "https://www.google.com/" "Mozilla/5.0 (Windows NT 10.0; Win64; x64) AppleWebKit/537.36 (KHTML, like Gecko) Chrome/78.0.3904.108 Safari/537.36" "-"
217.76.130.90 - - [26/Nov/2019:18:39:27 +0100] "POST /wp-cron.php?doing_wp_cron=1574789967.6698219776153564453125 HTTP/1.1" 200 3389 "https://amazingsportwear.com/wp-cron.php?doing_wp_cron=1574789967.6698219776153564453125" "WordPress/5.2.4; https://amazingsportwear.com" "-"
66.249.64.144 - - [26/Nov/2019:18:39:26 +0100] "GET /categoria-producto/hombre/camisetas/page/5/ HTTP/1.1" 200 78223 "-" "Mozilla/5.0 (Linux; Android 6.0.1; Nexus 5X Build/MMB29P) AppleWebKit/537.36 (KHTML, like Gecko) Chrome/41.0.2272.96 Mobile Safari/537.36 (compatible; Googlebot/2.1; +http://www.google.com/bot.html)" "-"
216.244.66.250 - - [26/Nov/2019:18:42:43 +0100] "GET /robots.txt HTTP/1.1" 404 628 "-" "Mozilla/5.0 (compatible; DotBot/1.1; http://www.opensiteexplorer.org/dotbot, help@moz.com)" "-"
200.125.249.253 - - [26/Nov/2019:18:47:51 +0100] "GET /wp-content/uploads/2018/05/bandanaBuff.jpg HTTP/1.1" 200 23756 "https://www.google.com/" "Mozilla/5.0 (Windows NT 6.3; Win64; x64; rv:70.0) Gecko/20100101 Firefox/70.0" "-"
190.219.237.124 - - [26/Nov/2019:18:48:34 +0100] "GET /wp-content/uploads/2019/04/gorra-dry-fit-1.png HTTP/1.1" 200 132130 "https://www.google.com/" "Mozilla/5.0 (Windows NT 10.0; Win64; x64) AppleWebKit/537.36 (KHTML, like Gecko) Chrome/78.0.3904.108 Safari/537.36" "-"
217.76.130.90 - - [26/Nov/2019:18:51:47 +0100] "POST /wp-cron.php?doing_wp_cron=1574790707.6371459960937500000000 HTTP/1.1" 200 3389 "https://amazingsportwear.com/wp-cron.php?doing_wp_cron=1574790707.6371459960937500000000" "WordPress/5.2.4; https://amazingsportwear.com" "-"
66.249.64.146 - - [26/Nov/2019:18:51:46 +0100] "GET /etiqueta-producto/botiquin/ HTTP/1.1" 200 57731 "-" "Mozilla/5.0 (Linux; Android 6.0.1; Nexus 5X Build/MMB29P) AppleWebKit/537.36 (KHTML, like Gecko) Chrome/41.0.2272.96 Mobile Safari/537.36 (compatible; Googlebot/2.1; +http://www.google.com/bot.html)" "-"
217.76.130.90 - - [26/Nov/2019:18:56:10 +0100] "POST /wp-cron.php?doing_wp_cron=1574790970.4056770801544189453125 HTTP/1.1" 200 3389 "https://amazingsportwear.com/wp-cron.php?doing_wp_cron=1574790970.4056770801544189453125" "WordPress/5.2.4; https://amazingsportwear.com" "-"
66.249.64.146 - - [26/Nov/2019:18:56:09 +0100] "GET /producto/gorra-sport/ HTTP/1.1" 200 102799 "-" "Mozilla/5.0 (Linux; Android 6.0.1; Nexus 5X Build/MMB29P) AppleWebKit/537.36 (KHTML, like Gecko) Chrome/41.0.2272.96 Mobile Safari/537.36 (compatible; Googlebot/2.1; +http://www.google.com/bot.html)" "-"
189.189.254.113 - - [26/Nov/2019:19:00:04 +0100] "GET /wp-content/uploads/2017/03/VA-CAVAMAUGB-4.jpg HTTP/1.1" 200 11361 "https://www.google.com/blank.html" "Mozilla/5.0 (Linux; Android 9; SM-A205G Build/PPR1.180610.011; wv) AppleWebKit/537.36 (KHTML, like Gecko) Version/4.0 Chrome/78.0.3904.108 Mobile Safari/537.36 GSA/10.85.11.21.arm64" "-"
217.76.130.90 - - [26/Nov/2019:19:00:56 +0100] "POST /wp-cron.php?doing_wp_cron=1574791256.6776359081268310546875 HTTP/1.1" 200 3389 "https://amazingsportwear.com/wp-cron.php?doing_wp_cron=1574791256.6776359081268310546875" "WordPress/5.2.4; https://amazingsportwear.com" "-"
69.171.251.38 - - [26/Nov/2019:19:00:55 +0100] "GET / HTTP/1.1" 200 125510 "-" "facebookexternalhit/1.1 (+http://www.facebook.com/externalhit_uatext.php)" "-"
69.171.251.7 - - [26/Nov/2019:19:00:55 +0100] "GET / HTTP/1.1" 200 125530 "-" "facebookexternalhit/1.1 (+http://www.facebook.com/externalhit_uatext.php)" "-"
69.171.251.39 - - [26/Nov/2019:19:01:00 +0100] "GET /contacta-con-nosotros HTTP/1.1" 301 319 "-" "facebookexternalhit/1.1 (+http://www.facebook.com/externalhit_uatext.php)" "-"
69.171.251.8 - - [26/Nov/2019:19:01:00 +0100] "GET /contacta-con-nosotros HTTP/1.1" 301 319 "-" "facebookexternalhit/1.1 (+http://www.facebook.com/externalhit_uatext.php)" "-"
69.171.251.39 - - [26/Nov/2019:19:01:01 +0100] "GET /contacta-con-nosotros/ HTTP/1.1" 200 58194 "-" "facebookexternalhit/1.1 (+http://www.facebook.com/externalhit_uatext.php)" "-"
69.171.251.8 - - [26/Nov/2019:19:01:01 +0100] "GET /contacta-con-nosotros/ HTTP/1.1" 200 58224 "-" "facebookexternalhit/1.1 (+http://www.facebook.com/externalhit_uatext.php)" "-"
217.76.130.90 - - [26/Nov/2019:19:10:10 +0100] "POST /wp-cron.php?doing_wp_cron=1574791810.0727319717407226562500 HTTP/1.1" 200 3389 "https://amazingsportwear.com/wp-cron.php?doing_wp_cron=1574791810.0727319717407226562500" "WordPress/5.2.4; https://amazingsportwear.com" "-"
79.151.247.164 - - [26/Nov/2019:19:10:08 +0100] "GET /producto/bidon-aluminio-mento/ HTTP/1.1" 200 99873 "https://www.google.es/" "Mozilla/5.0 (iPhone; CPU iPhone OS 13_1_3 like Mac OS X) AppleWebKit/605.1.15 (KHTML, like Gecko) Version/13.0.1 Mobile/15E148 Safari/604.1" "-"
79.151.247.164 - - [26/Nov/2019:19:10:10 +0100] "GET /wp-includes/js/wp-emoji-release.min.js?ver=5.2.4 HTTP/1.1" 200 14183 "https://amazingsportwear.com/producto/bidon-aluminio-mento/" "Mozilla/5.0 (iPhone; CPU iPhone OS 13_1_3 like Mac OS X) AppleWebKit/605.1.15 (KHTML, like Gecko) Version/13.0.1 Mobile/15E148 Safari/604.1" "-"
79.151.247.164 - - [26/Nov/2019:19:10:10 +0100] "GET /wp-content/plugins/cookie-law-info/public/css/cookie-law-info-public.css?ver=1.7.6 HTTP/1.1" 200 3373 "https://amazingsportwear.com/producto/bidon-aluminio-mento/" "Mozilla/5.0 (iPhone; CPU iPhone OS 13_1_3 like Mac OS X) AppleWebKit/605.1.15 (KHTML, like Gecko) Version/13.0.1 Mobile/15E148 Safari/604.1" "-"
79.151.247.164 - - [26/Nov/2019:19:10:10 +0100] "GET /wp-content/plugins/cookie-law-info/public/css/cookie-law-info-gdpr.css?ver=1.7.6 HTTP/1.1" 200 12445 "https://amazingsportwear.com/producto/bidon-aluminio-mento/" "Mozilla/5.0 (iPhone; CPU iPhone OS 13_1_3 like Mac OS X) AppleWebKit/605.1.15 (KHTML, like Gecko) Version/13.0.1 Mobile/15E148 Safari/604.1" "-"
79.151.247.164 - - [26/Nov/2019:19:10:11 +0100] "GET /wp-includes/css/dist/block-library/style.min.css?ver=5.2.4 HTTP/1.1" 200 32828 "https://amazingsportwear.com/producto/bidon-aluminio-mento/" "Mozilla/5.0 (iPhone; CPU iPhone OS 13_1_3 like Mac OS X) AppleWebKit/605.1.15 (KHTML, like Gecko) Version/13.0.1 Mobile/15E148 Safari/604.1" "-"
79.151.247.164 - - [26/Nov/2019:19:10:11 +0100] "GET /wp-content/plugins/woocommerce/assets/css/blocks/style.css?ver=3.6.4 HTTP/1.1" 200 9865 "https://amazingsportwear.com/producto/bidon-aluminio-mento/" "Mozilla/5.0 (iPhone; CPU iPhone OS 13_1_3 like Mac OS X) AppleWebKit/605.1.15 (KHTML, like Gecko) Version/13.0.1 Mobile/15E148 Safari/604.1" "-"
79.151.247.164 - - [26/Nov/2019:19:10:11 +0100] "GET /wp-content/plugins/woocommerce/assets/css/photoswipe/default-skin/default-skin.css?ver=3.6.4 HTTP/1.1" 200 11943 "https://amazingsportwear.com/producto/bidon-aluminio-mento/" "Mozilla/5.0 (iPhone; CPU iPhone OS 13_1_3 like Mac OS X) AppleWebKit/605.1.15 (KHTML, like Gecko) Version/13.0.1 Mobile/15E148 Safari/604.1" "-"
79.151.247.164 - - [26/Nov/2019:19:10:11 +0100] "GET /wp-content/plugins/woocommerce/assets/css/photoswipe/photoswipe.css?ver=3.6.4 HTTP/1.1" 200 4472 "https://amazingsportwear.com/producto/bidon-aluminio-mento/" "Mozilla/5.0 (iPhone; CPU iPhone OS 13_1_3 like Mac OS X) AppleWebKit/605.1.15 (KHTML, like Gecko) Version/13.0.1 Mobile/15E148 Safari/604.1" "-"
79.151.247.164 - - [26/Nov/2019:19:10:11 +0100] "GET /wp-content/plugins/wpfront-notification-bar/css/wpfront-notification-bar.css?ver=1.7.1 HTTP/1.1" 200 3663 "https://amazingsportwear.com/producto/bidon-aluminio-mento/" "Mozilla/5.0 (iPhone; CPU iPhone OS 13_1_3 like Mac OS X) AppleWebKit/605.1.15 (KHTML, like Gecko) Version/13.0.1 Mobile/15E148 Safari/604.1" "-"
