217.76.130.90 - - [24/Nov/2019:00:14:29 +0100] "POST /wp-cron.php?doing_wp_cron=1574550869.5018169879913330078125 HTTP/1.1" 200 164 "http://amazingsportwear.com/wp-cron.php?doing_wp_cron=1574550869.5018169879913330078125" "WordPress/5.2.4; https://amazingsportwear.com" "-"
157.55.39.155 - - [24/Nov/2019:00:14:27 +0100] "GET /22-tienda HTTP/1.1" 404 68033 "-" "Mozilla/5.0 (iPhone; CPU iPhone OS 7_0 like Mac OS X) AppleWebKit/537.51.1 (KHTML, like Gecko) Version/7.0 Mobile/11A465 Safari/9537.53 (compatible; bingbot/2.0; +http://www.bing.com/bingbot.htm)" "-"
66.249.66.70 - - [24/Nov/2019:00:16:34 +0100] "GET /wp-content/uploads/2017/01/cam-basic-gimnastica.jpg HTTP/1.1" 304 3566 "-" "Googlebot-Image/1.0" "-"
217.76.130.90 - - [24/Nov/2019:00:28:26 +0100] "POST /wp-cron.php?doing_wp_cron=1574551706.7621181011199951171875 HTTP/1.1" 200 3389 "https://amazingsportwear.com/wp-cron.php?doing_wp_cron=1574551706.7621181011199951171875" "WordPress/5.2.4; https://amazingsportwear.com" "-"
66.220.149.29 - - [24/Nov/2019:00:28:25 +0100] "GET / HTTP/1.1" 200 125500 "-" "facebookexternalhit/1.1 (+http://www.facebook.com/externalhit_uatext.php)" "-"
66.220.149.45 - - [24/Nov/2019:00:28:30 +0100] "GET /contacta-con-nosotros HTTP/1.1" 301 319 "-" "facebookexternalhit/1.1 (+http://www.facebook.com/externalhit_uatext.php)" "-"
66.220.149.45 - - [24/Nov/2019:00:28:31 +0100] "GET /contacta-con-nosotros/ HTTP/1.1" 200 58222 "-" "facebookexternalhit/1.1 (+http://www.facebook.com/externalhit_uatext.php)" "-"
217.76.130.90 - - [24/Nov/2019:00:29:19 +0100] "POST /wp-cron.php?doing_wp_cron=1574551759.7056419849395751953125 HTTP/1.1" 200 3389 "https://amazingsportwear.com/wp-cron.php?doing_wp_cron=1574551759.7056419849395751953125" "WordPress/5.2.4; https://amazingsportwear.com" "-"
66.249.66.66 - - [24/Nov/2019:00:29:19 +0100] "GET /producto/bidon-doger/ HTTP/1.1" 200 94738 "-" "Mozilla/5.0 (Linux; Android 6.0.1; Nexus 5X Build/MMB29P) AppleWebKit/537.36 (KHTML, like Gecko) Chrome/41.0.2272.96 Mobile Safari/537.36 (compatible; Googlebot/2.1; +http://www.google.com/bot.html)" "-"
217.76.130.90 - - [24/Nov/2019:00:32:55 +0100] "POST /wp-cron.php?doing_wp_cron=1574551975.7486789226531982421875 HTTP/1.1" 200 3389 "https://amazingsportwear.com/wp-cron.php?doing_wp_cron=1574551975.7486789226531982421875" "WordPress/5.2.4; https://amazingsportwear.com" "-"
115.213.97.9 - - [24/Nov/2019:00:32:54 +0100] "GET /categoria-producto/inicio/page/5 HTTP/1.1" 301 3556 "-" "Mozilla/5.0(Linux;Android 5.1.1;OPPO A33 Build/LMY47V;wv) AppleWebKit/537.36(KHTML,link Gecko) Version/4.0 Chrome/42.0.2311.138 Mobile Safari/537.36 Mb2345Browser/9.0" "-"
115.213.97.9 - - [24/Nov/2019:00:32:59 +0100] "GET /categoria-producto/inicio/page/5/ HTTP/1.1" 200 77383 "-" "Mozilla/5.0(Linux;Android 5.1.1;OPPO A33 Build/LMY47V;wv) AppleWebKit/537.36(KHTML,link Gecko) Version/4.0 Chrome/42.0.2311.138 Mobile Safari/537.36 Mb2345Browser/9.0" "wpfront-notification-bar-landingpage=1"
217.76.130.90 - - [24/Nov/2019:00:35:45 +0100] "POST /wp-cron.php?doing_wp_cron=1574552145.7788898944854736328125 HTTP/1.1" 200 3389 "https://amazingsportwear.com/wp-cron.php?doing_wp_cron=1574552145.7788898944854736328125" "WordPress/5.2.4; https://amazingsportwear.com" "-"
223.243.135.118 - - [24/Nov/2019:00:35:45 +0100] "GET /categoria-producto/hombre/page/1 HTTP/1.1" 301 3549 "-" "Mozilla/5.0(Linux;U;Android 5.1.1;zh-CN;OPPO A33 Build/LMY47V) AppleWebKit/537.36(KHTML,like Gecko) Version/4.0 Chrome/40.0.2214.89 UCBrowser/11.7.0.953 Mobile Safari/537.36" "-"
223.243.135.118 - - [24/Nov/2019:00:35:51 +0100] "GET /categoria-producto/hombre/ HTTP/1.1" 200 76922 "-" "Mozilla/5.0(Linux;U;Android 5.1.1;zh-CN;OPPO A33 Build/LMY47V) AppleWebKit/537.36(KHTML,like Gecko) Version/4.0 Chrome/40.0.2214.89 UCBrowser/11.7.0.953 Mobile Safari/537.36" "-"
186.178.110.127 - - [24/Nov/2019:00:40:25 +0100] "GET /wp-content/uploads/2018/02/SA-6658-azul.png HTTP/1.1" 200 300790 "https://www.google.com/" "Mozilla/5.0 (Linux; Android 9; ANE-LX3) AppleWebKit/537.36 (KHTML, like Gecko) Chrome/77.0.3865.92 Mobile Safari/537.36" "-"
217.76.130.90 - - [24/Nov/2019:00:42:39 +0100] "POST /wp-cron.php?doing_wp_cron=1574552559.4394130706787109375000 HTTP/1.1" 200 164 "http://amazingsportwear.com/wp-cron.php?doing_wp_cron=1574552559.4394130706787109375000" "WordPress/5.2.4; https://amazingsportwear.com" "-"
60.185.35.81 - - [24/Nov/2019:00:42:38 +0100] "GET /img/cms/tienda/ENY-DREAM-MC-COLORES.jpg HTTP/1.1" 404 68053 "-" "Mozilla/5.0 (Linux; Android 7.0; FRD-AL00 Build/HUAWEIFRD-AL00; wv) AppleWebKit/537.36 (KHTML, like Gecko) Version/4.0 Chrome/53.0.2785.49 Mobile MQQBrowser/6.2 TBS/043602 Safari/537.36 MicroMessenger/6.5.16.1120 NetType/WIFI Language/zh_CN" "-"
217.76.130.90 - - [24/Nov/2019:00:50:26 +0100] "POST /wp-cron.php?doing_wp_cron=1574553026.3809509277343750000000 HTTP/1.1" 200 164 "http://amazingsportwear.com/wp-cron.php?doing_wp_cron=1574553026.3809509277343750000000" "WordPress/5.2.4; https://amazingsportwear.com" "-"
207.46.13.6 - - [24/Nov/2019:00:50:24 +0100] "GET /tienda/176-pantalon-mujer-rocky-nath-rocky.html HTTP/1.1" 404 68075 "-" "Mozilla/5.0 (compatible; bingbot/2.0; +http://www.bing.com/bingbot.htm)" "-"
217.76.130.90 - - [24/Nov/2019:00:54:26 +0100] "POST /wp-cron.php?doing_wp_cron=1574553266.1633410453796386718750 HTTP/1.1" 200 3389 "https://amazingsportwear.com/wp-cron.php?doing_wp_cron=1574553266.1633410453796386718750" "WordPress/5.2.4; https://amazingsportwear.com" "-"
93.124.126.225 - - [24/Nov/2019:00:54:25 +0100] "GET / HTTP/1.0" 200 124717 "https://amazingsportwear.com/" "Mozilla/5.0 (Windows NT 10.0; Win64; x64) AppleWebKit/537.36 (KHTML, like Gecko) Chrome/67.0.3396.87 Safari/537.36 OPR/54.0.2952.71" "-"
93.124.126.225 - - [24/Nov/2019:00:54:27 +0100] "POST / HTTP/1.0" 200 125095 "https://amazingsportwear.com/" "Mozilla/5.0 (Windows NT 10.0; Win64; x64) AppleWebKit/537.36 (KHTML, like Gecko) Chrome/67.0.3396.87 Safari/537.36 OPR/54.0.2952.71" "wpfront-notification-bar-landingpage=1"
93.124.126.225 - - [24/Nov/2019:00:54:30 +0100] "GET /wp-login.php HTTP/1.0" 200 7877 "https://amazingsportwear.com/wp-login.php" "Mozilla/5.0 (Windows NT 10.0; Win64; x64) AppleWebKit/537.36 (KHTML, like Gecko) Chrome/67.0.3396.87 Safari/537.36 OPR/54.0.2952.71" "wpfront-notification-bar-landingpage=1"
93.124.126.225 - - [24/Nov/2019:00:54:31 +0100] "POST /wp-login.php HTTP/1.0" 200 8847 "https://amazingsportwear.com/wp-login.php" "Mozilla/5.0 (Windows NT 10.0; Win64; x64) AppleWebKit/537.36 (KHTML, like Gecko) Chrome/67.0.3396.87 Safari/537.36 OPR/54.0.2952.71" "wpfront-notification-bar-landingpage=1; wordpress_test_cookie=WP+Cookie+check"
93.124.126.225 - - [24/Nov/2019:00:54:32 +0100] "GET / HTTP/1.0" 301 213 "http://amazingsportwear.com/" "Mozilla/5.0 (Windows NT 10.0; Win64; x64) AppleWebKit/537.36 (KHTML, like Gecko) Chrome/67.0.3396.87 Safari/537.36 OPR/54.0.2952.71" "wpfront-notification-bar-landingpage=1; wordpress_test_cookie=WP+Cookie+check"
93.124.126.225 - - [24/Nov/2019:00:54:33 +0100] "GET /contacta-con-nosotros/ HTTP/1.0" 200 61750 "https://amazingsportwear.com/contacta-con-nosotros/" "Mozilla/5.0 (Windows NT 10.0; Win64; x64) AppleWebKit/537.36 (KHTML, like Gecko) Chrome/67.0.3396.87 Safari/537.36 OPR/54.0.2952.71" "wpfront-notification-bar-landingpage=1; wordpress_test_cookie=WP+Cookie+check"
93.124.126.225 - - [24/Nov/2019:00:54:34 +0100] "POST /contacta-con-nosotros/ HTTP/1.0" 200 63479 "https://amazingsportwear.com/contacta-con-nosotros/" "Mozilla/5.0 (Windows NT 10.0; Win64; x64) AppleWebKit/537.36 (KHTML, like Gecko) Chrome/67.0.3396.87 Safari/537.36 OPR/54.0.2952.71" "wpfront-notification-bar-landingpage=1; wordpress_test_cookie=WP+Cookie+check"
93.124.126.225 - - [24/Nov/2019:00:54:36 +0100] "GET /contacta-con-nosotros/ HTTP/1.0" 200 61710 "https://amazingsportwear.com/contacta-con-nosotros/" "Mozilla/5.0 (Windows NT 10.0; Win64; x64) AppleWebKit/537.36 (KHTML, like Gecko) Chrome/67.0.3396.87 Safari/537.36 OPR/54.0.2952.71" "wpfront-notification-bar-landingpage=1; wordpress_test_cookie=WP+Cookie+check"
93.124.126.225 - - [24/Nov/2019:00:54:37 +0100] "GET /contacta-con-nosotros/ HTTP/1.0" 200 61725 "https://amazingsportwear.com/contacta-con-nosotros/" "Mozilla/5.0 (Windows NT 10.0; Win64; x64) AppleWebKit/537.36 (KHTML, like Gecko) Chrome/67.0.3396.87 Safari/537.36 OPR/54.0.2952.71" "wpfront-notification-bar-landingpage=1; wordpress_test_cookie=WP+Cookie+check"
217.76.130.90 - - [24/Nov/2019:01:00:02 +0100] "POST /wp-cron.php?doing_wp_cron=1574553602.7434499263763427734375 HTTP/1.1" 200 3389 "https://amazingsportwear.com/wp-cron.php?doing_wp_cron=1574553602.7434499263763427734375" "WordPress/5.2.4; https://amazingsportwear.com" "-"
66.249.66.66 - - [24/Nov/2019:01:00:01 +0100] "GET /producto/calcetin-deportivo-lycra-cp-lycra/ HTTP/1.1" 200 93058 "-" "Mozilla/5.0 (compatible; Googlebot/2.1; +http://www.google.com/bot.html)" "-"
66.249.66.68 - - [24/Nov/2019:01:00:07 +0100] "GET /wp-content/plugins/woocommerce/assets/js/frontend/add-to-cart.min.js?ver=3.6.4 HTTP/1.1" 200 6346 "https://amazingsportwear.com/producto/calcetin-deportivo-lycra-cp-lycra/" "Mozilla/5.0 AppleWebKit/537.36 (KHTML, like Gecko; compatible; Googlebot/2.1; +http://www.google.com/bot.html) Safari/537.36" "-"
66.249.66.66 - - [24/Nov/2019:01:00:07 +0100] "POST /?wc-ajax=get_refreshed_fragments HTTP/1.1" 200 1397 "https://amazingsportwear.com/producto/calcetin-deportivo-lycra-cp-lycra/" "Mozilla/5.0 AppleWebKit/537.36 (KHTML, like Gecko; compatible; Googlebot/2.1; +http://www.google.com/bot.html) Safari/537.36" "_ga=GA1.2.931330593.1574553600; _gid=GA1.2.2074753562.1574553600; _gat_gtag_UA_91619287_1=1"
217.76.130.90 - - [24/Nov/2019:01:01:51 +0100] "POST /wp-cron.php?doing_wp_cron=1574553711.5276479721069335937500 HTTP/1.1" 200 3389 "https://amazingsportwear.com/wp-cron.php?doing_wp_cron=1574553711.5276479721069335937500" "WordPress/5.2.4; https://amazingsportwear.com" "-"
66.249.66.66 - - [24/Nov/2019:01:01:50 +0100] "GET /etiqueta-producto/dogo/ HTTP/1.1" 200 53980 "-" "Mozilla/5.0 (Linux; Android 6.0.1; Nexus 5X Build/MMB29P) AppleWebKit/537.36 (KHTML, like Gecko) Chrome/41.0.2272.96 Mobile Safari/537.36 (compatible; Googlebot/2.1; +http://www.google.com/bot.html)" "-"
66.249.66.66 - - [24/Nov/2019:01:01:54 +0100] "POST /?wc-ajax=get_refreshed_fragments HTTP/1.1" 200 1397 "https://amazingsportwear.com/etiqueta-producto/dogo/" "Mozilla/5.0 (Linux; Android 6.0.1; Nexus 5X Build/MMB29P) AppleWebKit/537.36 (KHTML, like Gecko) Chrome/41.0.2272.96 Mobile Safari/537.36 (compatible; Googlebot/2.1; +http://www.google.com/bot.html)" "_ga=GA1.2.1884029788.1574553600; _gid=GA1.2.969013651.1574553600; _gat_gtag_UA_91619287_1=1"
217.76.130.90 - - [24/Nov/2019:01:14:37 +0100] "POST /wp-cron.php?doing_wp_cron=1574554477.2297520637512207031250 HTTP/1.1" 200 3389 "https://amazingsportwear.com/wp-cron.php?doing_wp_cron=1574554477.2297520637512207031250" "WordPress/5.2.4; https://amazingsportwear.com" "-"
66.249.66.70 - - [24/Nov/2019:01:14:35 +0100] "GET /producto/bidon-vandix/ HTTP/1.1" 200 99181 "-" "Mozilla/5.0 (Linux; Android 6.0.1; Nexus 5X Build/MMB29P) AppleWebKit/537.36 (KHTML, like Gecko) Chrome/41.0.2272.96 Mobile Safari/537.36 (compatible; Googlebot/2.1; +http://www.google.com/bot.html)" "-"
66.249.66.66 - - [24/Nov/2019:01:14:42 +0100] "POST /?wc-ajax=get_refreshed_fragments HTTP/1.1" 200 4760 "https://amazingsportwear.com/producto/bidon-vandix/" "Mozilla/5.0 (Linux; Android 6.0.1; Nexus 5X Build/MMB29P) AppleWebKit/537.36 (KHTML, like Gecko) Chrome/41.0.2272.96 Mobile Safari/537.36 (compatible; Googlebot/2.1; +http://www.google.com/bot.html)" "_ga=GA1.2.969013651.1574553600; _gid=GA1.2.1978218920.1574553600; _gat_gtag_UA_91619287_1=1"
138.122.96.241 - - [24/Nov/2019:01:15:44 +0100] "GET /wp-content/uploads/2019/04/Gorra-sport-6.png HTTP/1.1" 200 44623 "https://www.google.com/" "Mozilla/5.0 (Windows NT 10.0; Win64; x64; rv:70.0) Gecko/20100101 Firefox/70.0" "-"
217.76.130.90 - - [24/Nov/2019:01:21:19 +0100] "POST /wp-cron.php?doing_wp_cron=1574554879.5729990005493164062500 HTTP/1.1" 200 164 "http://amazingsportwear.com/wp-cron.php?doing_wp_cron=1574554879.5729990005493164062500" "WordPress/5.2.4; https://amazingsportwear.com" "-"
106.120.173.81 - - [24/Nov/2019:01:21:18 +0100] "GET / HTTP/1.1" 301 298 "-" "Sogou web spider/4.0(+http://www.sogou.com/docs/help/webmasters.htm#07)" "-"
106.120.173.81 - - [24/Nov/2019:01:21:19 +0100] "GET /robots.txt HTTP/1.1" 200 394 "-" "Sogou web spider/4.0(+http://www.sogou.com/docs/help/webmasters.htm#07)" "-"
106.120.173.81 - - [24/Nov/2019:01:21:20 +0100] "GET / HTTP/1.1" 200 125728 "-" "Sogou web spider/4.0(+http://www.sogou.com/docs/help/webmasters.htm#07)" "wpfront-notification-bar-landingpage=1;"
66.249.66.68 - - [24/Nov/2019:01:21:36 +0100] "GET /tienda/page/6/?controller=contact HTTP/1.1" 200 78477 "-" "Mozilla/5.0 (Linux; Android 6.0.1; Nexus 5X Build/MMB29P) AppleWebKit/537.36 (KHTML, like Gecko) Chrome/41.0.2272.96 Mobile Safari/537.36 (compatible; Googlebot/2.1; +http://www.google.com/bot.html)" "-"
66.249.66.66 - - [24/Nov/2019:01:21:42 +0100] "POST /?wc-ajax=get_refreshed_fragments HTTP/1.1" 200 4760 "https://amazingsportwear.com/tienda/page/6/?controller=contact" "Mozilla/5.0 (Linux; Android 6.0.1; Nexus 5X Build/MMB29P) AppleWebKit/537.36 (KHTML, like Gecko) Chrome/41.0.2272.96 Mobile Safari/537.36 (compatible; Googlebot/2.1; +http://www.google.com/bot.html)" "_ga=GA1.2.1884029788.1574553600; _gid=GA1.2.969013651.1574553600; _gat_gtag_UA_91619287_1=1"
217.76.130.90 - - [24/Nov/2019:01:22:09 +0100] "POST /wp-cron.php?doing_wp_cron=1574554929.1366090774536132812500 HTTP/1.1" 200 3389 "https://amazingsportwear.com/wp-cron.php?doing_wp_cron=1574554929.1366090774536132812500" "WordPress/5.2.4; https://amazingsportwear.com" "-"
14.126.228.250 - - [24/Nov/2019:01:22:08 +0100] "GET /producto/camiseta-manga-corta-basket HTTP/1.1" 301 3560 "-" "Mozilla/5.0(Linux;U;Android 5.1.1;zh-CN;OPPO A33 Build/LMY47V) AppleWebKit/537.36(KHTML,like Gecko) Version/4.0 Chrome/40.0.2214.89 UCBrowser/11.7.0.953 Mobile Safari/537.36" "-"
14.126.228.250 - - [24/Nov/2019:01:22:11 +0100] "GET /producto/camiseta-manga-corta-basket/ HTTP/1.1" 200 92503 "-" "Mozilla/5.0(Linux;U;Android 5.1.1;zh-CN;OPPO A33 Build/LMY47V) AppleWebKit/537.36(KHTML,like Gecko) Version/4.0 Chrome/40.0.2214.89 UCBrowser/11.7.0.953 Mobile Safari/537.36" "wpfront-notification-bar-landingpage=1"
217.76.130.90 - - [24/Nov/2019:01:31:07 +0100] "POST /wp-cron.php?doing_wp_cron=1574555467.9321079254150390625000 HTTP/1.1" 200 3389 "https://amazingsportwear.com/wp-cron.php?doing_wp_cron=1574555467.9321079254150390625000" "WordPress/5.2.4; https://amazingsportwear.com" "-"
66.249.66.70 - - [24/Nov/2019:01:31:06 +0100] "GET /producto/camiseta-tecnica-dinamic-combi/ HTTP/1.1" 200 104178 "-" "Mozilla/5.0 (compatible; Googlebot/2.1; +http://www.google.com/bot.html)" "-"
66.249.66.66 - - [24/Nov/2019:01:31:15 +0100] "POST /?wc-ajax=get_refreshed_fragments HTTP/1.1" 200 4760 "https://amazingsportwear.com/producto/camiseta-tecnica-dinamic-combi/" "Mozilla/5.0 AppleWebKit/537.36 (KHTML, like Gecko; compatible; Googlebot/2.1; +http://www.google.com/bot.html) Safari/537.36" "_ga=GA1.2.931330593.1574553600; _gid=GA1.2.2074753562.1574553600; _gat_gtag_UA_91619287_1=1"
66.249.66.68 - - [24/Nov/2019:01:31:17 +0100] "GET /producto/camiseta-tecnica-dinamic-combi/ HTTP/1.1" 200 104258 "-" "Mozilla/5.0 (compatible; Googlebot/2.1; +http://www.google.com/bot.html)" "-"
66.249.66.66 - - [24/Nov/2019:01:31:23 +0100] "POST /?wc-ajax=get_refreshed_fragments HTTP/1.1" 200 1397 "https://amazingsportwear.com/producto/camiseta-tecnica-dinamic-combi/" "Mozilla/5.0 AppleWebKit/537.36 (KHTML, like Gecko; compatible; Googlebot/2.1; +http://www.google.com/bot.html) Safari/537.36" "_ga=GA1.2.931330593.1574553600; _gid=GA1.2.2074753562.1574553600; _gat_gtag_UA_91619287_1=1"
217.76.130.90 - - [24/Nov/2019:01:42:55 +0100] "POST /wp-cron.php?doing_wp_cron=1574556175.4352719783782958984375 HTTP/1.1" 200 3389 "https://amazingsportwear.com/wp-cron.php?doing_wp_cron=1574556175.4352719783782958984375" "WordPress/5.2.4; https://amazingsportwear.com" "-"
66.249.66.66 - - [24/Nov/2019:01:42:54 +0100] "GET /categoria-producto/hombre/page/3/ HTTP/1.1" 200 78098 "-" "Mozilla/5.0 (compatible; Googlebot/2.1; +http://www.google.com/bot.html)" "-"
66.249.66.66 - - [24/Nov/2019:01:42:58 +0100] "POST /?wc-ajax=get_refreshed_fragments HTTP/1.1" 200 1397 "https://amazingsportwear.com/categoria-producto/hombre/page/3/" "Mozilla/5.0 AppleWebKit/537.36 (KHTML, like Gecko; compatible; Googlebot/2.1; +http://www.google.com/bot.html) Safari/537.36" "_ga=GA1.2.2114912494.1574553600; _gid=GA1.2.931330593.1574553600; _gat_gtag_UA_91619287_1=1"
217.76.130.90 - - [24/Nov/2019:01:44:03 +0100] "POST /wp-cron.php?doing_wp_cron=1574556243.7123620510101318359375 HTTP/1.1" 200 3389 "https://amazingsportwear.com/wp-cron.php?doing_wp_cron=1574556243.7123620510101318359375" "WordPress/5.2.4; https://amazingsportwear.com" "-"
40.77.167.142 - - [24/Nov/2019:01:44:03 +0100] "GET /tienda/page/4/ HTTP/1.1" 200 77293 "-" "Mozilla/5.0 (compatible; bingbot/2.0; +http://www.bing.com/bingbot.htm)" "-"
66.249.66.70 - - [24/Nov/2019:01:44:11 +0100] "GET /producto/gorra-bayet/ HTTP/1.1" 200 94763 "-" "Mozilla/5.0 (Linux; Android 6.0.1; Nexus 5X Build/MMB29P) AppleWebKit/537.36 (KHTML, like Gecko) Chrome/41.0.2272.96 Mobile Safari/537.36 (compatible; Googlebot/2.1; +http://www.google.com/bot.html)" "-"
66.249.66.68 - - [24/Nov/2019:01:44:16 +0100] "POST /?wc-ajax=get_refreshed_fragments HTTP/1.1" 200 4760 "https://amazingsportwear.com/producto/gorra-bayet/" "Mozilla/5.0 (Linux; Android 6.0.1; Nexus 5X Build/MMB29P) AppleWebKit/537.36 (KHTML, like Gecko) Chrome/41.0.2272.96 Mobile Safari/537.36 (compatible; Googlebot/2.1; +http://www.google.com/bot.html)" "_ga=GA1.2.969013651.1574553600; _gid=GA1.2.1978218920.1574553600; _gat_gtag_UA_91619287_1=1"
217.76.130.90 - - [24/Nov/2019:02:01:12 +0100] "POST /wp-cron.php?doing_wp_cron=1574557272.7576999664306640625000 HTTP/1.1" 200 3389 "https://amazingsportwear.com/wp-cron.php?doing_wp_cron=1574557272.7576999664306640625000" "WordPress/5.2.4; https://amazingsportwear.com" "-"
207.46.13.6 - - [24/Nov/2019:02:01:11 +0100] "GET /etiqueta-producto/calcetin-coolmax/ HTTP/1.1" 200 54069 "-" "Mozilla/5.0 (compatible; bingbot/2.0; +http://www.bing.com/bingbot.htm)" "-"
66.249.66.68 - - [24/Nov/2019:02:01:16 +0100] "GET /guia-de-tallas/ HTTP/1.1" 200 84464 "-" "Mozilla/5.0 (Linux; Android 6.0.1; Nexus 5X Build/MMB29P) AppleWebKit/537.36 (KHTML, like Gecko) Chrome/41.0.2272.96 Mobile Safari/537.36 (compatible; Googlebot/2.1; +http://www.google.com/bot.html)" "-"
217.76.130.90 - - [24/Nov/2019:02:15:49 +0100] "POST /wp-cron.php?doing_wp_cron=1574558149.9194939136505126953125 HTTP/1.1" 200 3389 "https://amazingsportwear.com/wp-cron.php?doing_wp_cron=1574558149.9194939136505126953125" "WordPress/5.2.4; https://amazingsportwear.com" "-"
66.249.66.66 - - [24/Nov/2019:02:15:48 +0100] "GET /etiqueta-producto/camiseta-combinada/ HTTP/1.1" 200 63845 "-" "Mozilla/5.0 (Linux; Android 6.0.1; Nexus 5X Build/MMB29P) AppleWebKit/537.36 (KHTML, like Gecko) Chrome/41.0.2272.96 Mobile Safari/537.36 (compatible; Googlebot/2.1; +http://www.google.com/bot.html)" "-"
66.249.66.66 - - [24/Nov/2019:02:15:54 +0100] "POST /?wc-ajax=get_refreshed_fragments HTTP/1.1" 200 1397 "https://amazingsportwear.com/etiqueta-producto/camiseta-combinada/" "Mozilla/5.0 (Linux; Android 6.0.1; Nexus 5X Build/MMB29P) AppleWebKit/537.36 (KHTML, like Gecko) Chrome/41.0.2272.96 Mobile Safari/537.36 (compatible; Googlebot/2.1; +http://www.google.com/bot.html)" "_ga=GA1.2.1884029788.1574553600; _gid=GA1.2.969013651.1574553600; _gat_gtag_UA_91619287_1=1"
217.76.130.90 - - [24/Nov/2019:02:19:04 +0100] "POST /wp-cron.php?doing_wp_cron=1574558344.4209210872650146484375 HTTP/1.1" 200 3389 "https://amazingsportwear.com/wp-cron.php?doing_wp_cron=1574558344.4209210872650146484375" "WordPress/5.2.4; https://amazingsportwear.com" "-"
173.252.95.21 - - [24/Nov/2019:02:19:03 +0100] "GET / HTTP/1.1" 200 125580 "-" "facebookexternalhit/1.1 (+http://www.facebook.com/externalhit_uatext.php)" "-"
173.252.95.3 - - [24/Nov/2019:02:19:03 +0100] "GET / HTTP/1.1" 200 125545 "-" "facebookexternalhit/1.1 (+http://www.facebook.com/externalhit_uatext.php)" "-"
217.76.130.90 - - [24/Nov/2019:02:23:27 +0100] "POST /wp-cron.php?doing_wp_cron=1574558607.5933868885040283203125 HTTP/1.1" 200 3389 "https://amazingsportwear.com/wp-cron.php?doing_wp_cron=1574558607.5933868885040283203125" "WordPress/5.2.4; https://amazingsportwear.com" "-"
66.249.66.70 - - [24/Nov/2019:02:23:26 +0100] "GET /producto/camiseta-tecnica-titan-aq-titan/ HTTP/1.1" 200 99538 "-" "Mozilla/5.0 (Linux; Android 6.0.1; Nexus 5X Build/MMB29P) AppleWebKit/537.36 (KHTML, like Gecko) Chrome/41.0.2272.96 Mobile Safari/537.36 (compatible; Googlebot/2.1; +http://www.google.com/bot.html)" "-"
66.249.66.66 - - [24/Nov/2019:02:23:40 +0100] "POST /?wc-ajax=get_refreshed_fragments HTTP/1.1" 200 4760 "https://amazingsportwear.com/producto/camiseta-tecnica-titan-aq-titan/" "Mozilla/5.0 (Linux; Android 6.0.1; Nexus 5X Build/MMB29P) AppleWebKit/537.36 (KHTML, like Gecko) Chrome/41.0.2272.96 Mobile Safari/537.36 (compatible; Googlebot/2.1; +http://www.google.com/bot.html)" "_ga=GA1.2.969013651.1574553600; _gid=GA1.2.1978218920.1574553600; _gat_gtag_UA_91619287_1=1"
217.76.130.90 - - [24/Nov/2019:02:24:10 +0100] "POST /wp-cron.php?doing_wp_cron=1574558650.4600598812103271484375 HTTP/1.1" 200 3389 "https://amazingsportwear.com/wp-cron.php?doing_wp_cron=1574558650.4600598812103271484375" "WordPress/5.2.4; https://amazingsportwear.com" "-"
66.249.66.68 - - [24/Nov/2019:02:24:09 +0100] "GET /producto/camiseta-tecnica-combinada-atom-aq-atom/ HTTP/1.1" 200 104465 "-" "Mozilla/5.0 (Linux; Android 6.0.1; Nexus 5X Build/MMB29P) AppleWebKit/537.36 (KHTML, like Gecko) Chrome/41.0.2272.96 Mobile Safari/537.36 (compatible; Googlebot/2.1; +http://www.google.com/bot.html)" "-"
66.249.66.68 - - [24/Nov/2019:02:24:14 +0100] "POST /?wc-ajax=get_refreshed_fragments HTTP/1.1" 200 1397 "https://amazingsportwear.com/producto/camiseta-tecnica-combinada-atom-aq-atom/" "Mozilla/5.0 (Linux; Android 6.0.1; Nexus 5X Build/MMB29P) AppleWebKit/537.36 (KHTML, like Gecko) Chrome/41.0.2272.96 Mobile Safari/537.36 (compatible; Googlebot/2.1; +http://www.google.com/bot.html)" "_ga=GA1.2.969013651.1574553600; _gid=GA1.2.1978218920.1574553600; _gat_gtag_UA_91619287_1=1"
216.244.66.250 - - [24/Nov/2019:02:24:46 +0100] "GET /robots.txt HTTP/1.1" 404 628 "-" "Mozilla/5.0 (compatible; DotBot/1.1; http://www.opensiteexplorer.org/dotbot, help@moz.com)" "-"
181.176.161.185 - - [24/Nov/2019:02:35:21 +0100] "GET /wp-content/uploads/2017/01/mono-triatlon2-300x300.jpg HTTP/1.1" 200 17267 "https://www.google.com/" "Mozilla/5.0 (Windows NT 6.1; Win64; x64) AppleWebKit/537.36 (KHTML, like Gecko) Chrome/78.0.3904.108 Safari/537.36" "-"
217.76.130.90 - - [24/Nov/2019:02:39:51 +0100] "POST /wp-cron.php?doing_wp_cron=1574559591.1616899967193603515625 HTTP/1.1" 200 164 "http://amazingsportwear.com/wp-cron.php?doing_wp_cron=1574559591.1616899967193603515625" "WordPress/5.2.4; https://amazingsportwear.com" "-"
169.197.108.42 - - [24/Nov/2019:02:39:48 +0100] "GET / HTTP/1.1" 301 279 "-" "Mozilla/5.0 (Windows NT 10.0; Win64; x64) AppleWebKit/537.36 (KHTML, like Gecko) Chrome/60.0.3112.113 Safari/537.36" "-"
169.197.108.42 - - [24/Nov/2019:02:39:52 +0100] "GET / HTTP/1.1" 200 125520 "http://amazingsportwear.com/" "Mozilla/5.0 (Windows NT 10.0; Win64; x64) AppleWebKit/537.36 (KHTML, like Gecko) Chrome/60.0.3112.113 Safari/537.36" "-"
217.76.130.90 - - [24/Nov/2019:02:41:35 +0100] "POST /wp-cron.php?doing_wp_cron=1574559695.1018939018249511718750 HTTP/1.1" 200 3389 "https://amazingsportwear.com/wp-cron.php?doing_wp_cron=1574559695.1018939018249511718750" "WordPress/5.2.4; https://amazingsportwear.com" "-"
40.77.167.142 - - [24/Nov/2019:02:41:34 +0100] "GET /producto/producto-prueba/ HTTP/1.1" 200 76450 "-" "Mozilla/5.0 (compatible; bingbot/2.0; +http://www.bing.com/bingbot.htm)" "-"
217.76.130.90 - - [24/Nov/2019:02:42:40 +0100] "POST /wp-cron.php?doing_wp_cron=1574559760.7843561172485351562500 HTTP/1.1" 200 3389 "https://amazingsportwear.com/wp-cron.php?doing_wp_cron=1574559760.7843561172485351562500" "WordPress/5.2.4; https://amazingsportwear.com" "-"
40.77.167.142 - - [24/Nov/2019:02:42:39 +0100] "GET /ciclismo/82-maillot-manga-corta.html HTTP/1.1" 404 72302 "-" "Mozilla/5.0 (compatible; bingbot/2.0; +http://www.bing.com/bingbot.htm)" "-"
217.76.130.90 - - [24/Nov/2019:02:57:42 +0100] "POST /wp-cron.php?doing_wp_cron=1574560662.1896770000457763671875 HTTP/1.1" 200 164 "http://amazingsportwear.com/wp-cron.php?doing_wp_cron=1574560662.1896770000457763671875" "WordPress/5.2.4; https://amazingsportwear.com" "-"
14.142.64.3 - - [24/Nov/2019:02:57:40 +0100] "GET / HTTP/1.1" 301 336 "-" "Mozilla" "-"
217.76.130.90 - - [24/Nov/2019:02:58:55 +0100] "POST /wp-cron.php?doing_wp_cron=1574560735.7823669910430908203125 HTTP/1.1" 200 164 "http://amazingsportwear.com/wp-cron.php?doing_wp_cron=1574560735.7823669910430908203125" "WordPress/5.2.4; https://amazingsportwear.com" "-"
207.46.13.6 - - [24/Nov/2019:02:58:55 +0100] "GET /tienda/176-pantalon-mujer-rocky-nath-rocky.html HTTP/1.1" 404 68075 "-" "Mozilla/5.0 (iPhone; CPU iPhone OS 7_0 like Mac OS X) AppleWebKit/537.51.1 (KHTML, like Gecko) Version/7.0 Mobile/11A465 Safari/9537.53 (compatible; bingbot/2.0; +http://www.bing.com/bingbot.htm)" "-"
217.76.130.90 - - [24/Nov/2019:03:01:06 +0100] "POST /wp-cron.php?doing_wp_cron=1574560866.4027280807495117187500 HTTP/1.1" 200 3389 "https://amazingsportwear.com/wp-cron.php?doing_wp_cron=1574560866.4027280807495117187500" "WordPress/5.2.4; https://amazingsportwear.com" "-"
134.175.183.168 - - [24/Nov/2019:03:01:05 +0100] "GET /license.php HTTP/1.1" 301 3641 "-" "-" "-"
134.175.183.168 - - [24/Nov/2019:03:01:10 +0100] "GET /license.php HTTP/1.1" 404 72038 "-" "-" "-"
217.76.130.90 - - [24/Nov/2019:03:08:20 +0100] "POST /wp-cron.php?doing_wp_cron=1574561300.8067040443420410156250 HTTP/1.1" 200 3389 "https://amazingsportwear.com/wp-cron.php?doing_wp_cron=1574561300.8067040443420410156250" "WordPress/5.2.4; https://amazingsportwear.com" "-"
66.249.66.70 - - [24/Nov/2019:03:08:19 +0100] "GET /categoria-producto/mujer/camisetas-mujer/page/2/ HTTP/1.1" 200 77645 "-" "Mozilla/5.0 (Linux; Android 6.0.1; Nexus 5X Build/MMB29P) AppleWebKit/537.36 (KHTML, like Gecko) Chrome/41.0.2272.96 Mobile Safari/537.36 (compatible; Googlebot/2.1; +http://www.google.com/bot.html)" "-"
217.76.130.90 - - [24/Nov/2019:03:11:47 +0100] "POST /wp-cron.php?doing_wp_cron=1574561507.7566370964050292968750 HTTP/1.1" 200 3389 "https://amazingsportwear.com/wp-cron.php?doing_wp_cron=1574561507.7566370964050292968750" "WordPress/5.2.4; https://amazingsportwear.com" "-"
66.249.66.70 - - [24/Nov/2019:03:11:46 +0100] "GET /producto/polo-tecnico-bandera-star-cif-t-2021-2020-2024/ HTTP/1.1" 200 103590 "-" "Mozilla/5.0 (Linux; Android 6.0.1; Nexus 5X Build/MMB29P) AppleWebKit/537.36 (KHTML, like Gecko) Chrome/41.0.2272.96 Mobile Safari/537.36 (compatible; Googlebot/2.1; +http://www.google.com/bot.html)" "-"
217.76.130.90 - - [24/Nov/2019:03:18:20 +0100] "POST /wp-cron.php?doing_wp_cron=1574561900.1319069862365722656250 HTTP/1.1" 200 3389 "https://amazingsportwear.com/wp-cron.php?doing_wp_cron=1574561900.1319069862365722656250" "WordPress/5.2.4; https://amazingsportwear.com" "-"
66.249.66.68 - - [24/Nov/2019:03:18:19 +0100] "GET /etiqueta-producto/mallas-deportivas/ HTTP/1.1" 200 59736 "-" "Mozilla/5.0 (compatible; Googlebot/2.1; +http://www.google.com/bot.html)" "-"
217.76.130.90 - - [24/Nov/2019:03:19:14 +0100] "POST /wp-cron.php?doing_wp_cron=1574561954.3358359336853027343750 HTTP/1.1" 200 3389 "https://amazingsportwear.com/wp-cron.php?doing_wp_cron=1574561954.3358359336853027343750" "WordPress/5.2.4; https://amazingsportwear.com" "-"
66.249.66.68 - - [24/Nov/2019:03:19:13 +0100] "GET /producto/maillot-manga-larga-ciclismo-3/ HTTP/1.1" 200 76116 "-" "Mozilla/5.0 (Linux; Android 6.0.1; Nexus 5X Build/MMB29P) AppleWebKit/537.36 (KHTML, like Gecko) Chrome/41.0.2272.96 Mobile Safari/537.36 (compatible; Googlebot/2.1; +http://www.google.com/bot.html)" "-"
66.249.66.68 - - [24/Nov/2019:03:19:18 +0100] "POST /?wc-ajax=get_refreshed_fragments HTTP/1.1" 200 1397 "https://amazingsportwear.com/producto/maillot-manga-larga-ciclismo-3/" "Mozilla/5.0 (Linux; Android 6.0.1; Nexus 5X Build/MMB29P) AppleWebKit/537.36 (KHTML, like Gecko) Chrome/41.0.2272.96 Mobile Safari/537.36 (compatible; Googlebot/2.1; +http://www.google.com/bot.html)" "_ga=GA1.2.1884029788.1574553600; _gid=GA1.2.969013651.1574553600; _gat_gtag_UA_91619287_1=1"
157.55.39.101 - - [24/Nov/2019:03:19:26 +0100] "GET /atletismo/182-chaleco-cortavientos-sublimado-asw.html HTTP/1.1" 404 68067 "-" "Mozilla/5.0 (iPhone; CPU iPhone OS 7_0 like Mac OS X) AppleWebKit/537.51.1 (KHTML, like Gecko) Version/7.0 Mobile/11A465 Safari/9537.53 (compatible; bingbot/2.0; +http://www.bing.com/bingbot.htm)" "-"
217.76.130.90 - - [24/Nov/2019:03:30:04 +0100] "POST /wp-cron.php?doing_wp_cron=1574562604.2168281078338623046875 HTTP/1.1" 200 3389 "https://amazingsportwear.com/wp-cron.php?doing_wp_cron=1574562604.2168281078338623046875" "WordPress/5.2.4; https://amazingsportwear.com" "-"
40.77.167.142 - - [24/Nov/2019:03:30:03 +0100] "GET /etiqueta-producto/mochila-blades/ HTTP/1.1" 200 54052 "-" "Mozilla/5.0 (compatible; bingbot/2.0; +http://www.bing.com/bingbot.htm)" "-"
122.190.63.46 - - [24/Nov/2019:03:31:35 +0100] "GET /wp-content/uploads/2019/04/mochila-decath-5-300x300.png HTTP/1.1" 200 67161 "-" "Mozilla/5.0(Linux;Android 5.1.1;OPPO A33 Build/LMY47V;wv) AppleWebKit/537.36(KHTML,link Gecko) Version/4.0 Chrome/42.0.2311.138 Mobile Safari/537.36 Mb2345Browser/9.0" "-"
217.76.130.90 - - [24/Nov/2019:03:34:52 +0100] "POST /wp-cron.php?doing_wp_cron=1574562892.1219639778137207031250 HTTP/1.1" 200 3389 "https://amazingsportwear.com/wp-cron.php?doing_wp_cron=1574562892.1219639778137207031250" "WordPress/5.2.4; https://amazingsportwear.com" "-"
66.249.66.70 - - [24/Nov/2019:03:34:51 +0100] "GET /producto/sudadera-tecnica-running-melbourne-woman/ HTTP/1.1" 200 110940 "-" "Mozilla/5.0 (Linux; Android 6.0.1; Nexus 5X Build/MMB29P) AppleWebKit/537.36 (KHTML, like Gecko) Chrome/41.0.2272.96 Mobile Safari/537.36 (compatible; Googlebot/2.1; +http://www.google.com/bot.html)" "-"
217.76.130.90 - - [24/Nov/2019:03:39:33 +0100] "POST /wp-cron.php?doing_wp_cron=1574563173.0841419696807861328125 HTTP/1.1" 200 3389 "https://amazingsportwear.com/wp-cron.php?doing_wp_cron=1574563173.0841419696807861328125" "WordPress/5.2.4; https://amazingsportwear.com" "-"
40.77.167.142 - - [24/Nov/2019:03:39:32 +0100] "GET /tienda/354-zapatilla-tram.html HTTP/1.1" 404 72285 "-" "Mozilla/5.0 (compatible; bingbot/2.0; +http://www.bing.com/bingbot.htm)" "-"
201.229.162.66 - - [24/Nov/2019:03:42:52 +0100] "GET /wp-content/uploads/2018/05/sa-0421-azul-blanco.jpg HTTP/1.1" 200 91825 "https://www.google.com/blank.html" "Mozilla/5.0 (Linux; Android 7.1.1; 5058A Build/N6F26Q; wv) AppleWebKit/537.36 (KHTML, like Gecko) Version/4.0 Chrome/76.0.3809.132 Mobile Safari/537.36 GSA/10.49.11.21.arm64" "-"
217.76.130.90 - - [24/Nov/2019:03:42:53 +0100] "POST /wp-cron.php?doing_wp_cron=1574563373.1569828987121582031250 HTTP/1.1" 200 3389 "https://amazingsportwear.com/wp-cron.php?doing_wp_cron=1574563373.1569828987121582031250" "WordPress/5.2.4; https://amazingsportwear.com" "-"
138.246.253.5 - - [24/Nov/2019:03:42:52 +0100] "HEAD / HTTP/1.1" 301 3653 "-" "Mozilla/5.0 (Windows NT 6.1; Win64; x64) AppleWebKit/537.36 (KHTML, like Gecko) Chrome/40.0.2214.85 Safari/537.36" "-"
189.160.232.101 - - [24/Nov/2019:03:48:16 +0100] "GET /wp-content/uploads/2019/04/Gorra-sport-6.png HTTP/1.1" 200 44623 "https://www.google.com/" "Mozilla/5.0 (Macintosh; Intel Mac OS X 10_14_0) AppleWebKit/537.36 (KHTML, like Gecko) Chrome/78.0.3904.97 Safari/537.36" "-"
217.76.130.90 - - [24/Nov/2019:04:04:16 +0100] "POST /wp-cron.php?doing_wp_cron=1574564656.2874898910522460937500 HTTP/1.1" 200 3389 "https://amazingsportwear.com/wp-cron.php?doing_wp_cron=1574564656.2874898910522460937500" "WordPress/5.2.4; https://amazingsportwear.com" "-"
13.66.139.0 - - [24/Nov/2019:04:04:10 +0100] "GET /tienda/165-camiseta-tecnica-mujer-stella-aq-stella.html HTTP/1.1" 404 72325 "-" "Mozilla/5.0 (compatible; bingbot/2.0; +http://www.bing.com/bingbot.htm)" "-"
66.249.66.70 - - [24/Nov/2019:04:05:02 +0100] "GET /producto/chaqueta-triatlon/ HTTP/1.1" 200 90638 "-" "Mozilla/5.0 (Linux; Android 6.0.1; Nexus 5X Build/MMB29P) AppleWebKit/537.36 (KHTML, like Gecko) Chrome/41.0.2272.96 Mobile Safari/537.36 (compatible; Googlebot/2.1; +http://www.google.com/bot.html)" "-"
66.249.66.66 - - [24/Nov/2019:04:10:59 +0100] "GET /wp-content/uploads/2017/03/CA-0350_12.jpg HTTP/1.1" 304 3565 "-" "Googlebot-Image/1.0" "-"
217.76.130.90 - - [24/Nov/2019:04:11:41 +0100] "POST /wp-cron.php?doing_wp_cron=1574565101.4152729511260986328125 HTTP/1.1" 200 3389 "https://amazingsportwear.com/wp-cron.php?doing_wp_cron=1574565101.4152729511260986328125" "WordPress/5.2.4; https://amazingsportwear.com" "-"
66.249.66.68 - - [24/Nov/2019:04:11:38 +0100] "GET /producto/gorra-tecnica-lediem/ HTTP/1.1" 200 93909 "-" "Mozilla/5.0 (Linux; Android 6.0.1; Nexus 5X Build/MMB29P) AppleWebKit/537.36 (KHTML, like Gecko) Chrome/41.0.2272.96 Mobile Safari/537.36 (compatible; Googlebot/2.1; +http://www.google.com/bot.html)" "-"
217.76.130.90 - - [24/Nov/2019:04:35:33 +0100] "POST /wp-cron.php?doing_wp_cron=1574566532.4563798904418945312500 HTTP/1.1" 200 3389 "https://amazingsportwear.com/wp-cron.php?doing_wp_cron=1574566532.4563798904418945312500" "WordPress/5.2.4; https://amazingsportwear.com" "-"
207.46.13.6 - - [24/Nov/2019:04:35:25 +0100] "GET /pago-seguro/ HTTP/1.1" 200 60998 "-" "Mozilla/5.0 (compatible; bingbot/2.0; +http://www.bing.com/bingbot.htm)" "-"
217.76.130.90 - - [24/Nov/2019:04:43:08 +0100] "POST /wp-cron.php?doing_wp_cron=1574566988.2842459678649902343750 HTTP/1.1" 200 3389 "https://amazingsportwear.com/wp-cron.php?doing_wp_cron=1574566988.2842459678649902343750" "WordPress/5.2.4; https://amazingsportwear.com" "-"
66.249.66.70 - - [24/Nov/2019:04:43:00 +0100] "GET /516-thickbox_default/camiseta-tecnica-manga-larga-sa-0415.jpg HTTP/1.1" 404 72402 "-" "Googlebot-Image/1.0" "-"
66.249.66.70 - - [24/Nov/2019:04:44:10 +0100] "GET /wp-content/uploads/2017/01/cullote-largo1-300x300.jpg HTTP/1.1" 304 3565 "-" "Googlebot-Image/1.0" "-"
217.76.130.90 - - [24/Nov/2019:04:48:57 +0100] "POST /wp-cron.php?doing_wp_cron=1574567337.6639049053192138671875 HTTP/1.1" 200 164 "http://amazingsportwear.com/wp-cron.php?doing_wp_cron=1574567337.6639049053192138671875" "WordPress/5.2.4; https://amazingsportwear.com" "-"
198.251.65.155 - - [24/Nov/2019:04:48:53 +0100] "GET //vendor/phpunit/phpunit/LICENSE HTTP/1.1" 301 434 "-" "Mozilla/5.0 (X11; Linux x86_64; rv:52.0) Gecko/20100101 Firefox/52.0" "-"
198.251.65.155 - - [24/Nov/2019:04:48:59 +0100] "GET /vendor/phpunit/phpunit/LICENSE HTTP/1.1" 404 64824 "-" "Mozilla/5.0 (X11; Linux x86_64; rv:52.0) Gecko/20100101 Firefox/52.0" "-"
217.76.130.90 - - [24/Nov/2019:04:49:04 +0100] "POST /wp-cron.php?doing_wp_cron=1574567344.4191439151763916015625 HTTP/1.1" 200 164 "http://amazingsportwear.com/wp-cron.php?doing_wp_cron=1574567344.4191439151763916015625" "WordPress/5.2.4; https://amazingsportwear.com" "-"
198.251.65.155 - - [24/Nov/2019:04:49:03 +0100] "GET /api/vendor/phpunit/phpunit/LICENSE HTTP/1.1" 404 64863 "-" "Mozilla/5.0 (X11; Linux x86_64; rv:52.0) Gecko/20100101 Firefox/52.0" "-"
198.251.65.155 - - [24/Nov/2019:04:49:07 +0100] "GET /laravel/vendor/phpunit/phpunit/LICENSE HTTP/1.1" 404 64851 "-" "Mozilla/5.0 (X11; Linux x86_64; rv:52.0) Gecko/20100101 Firefox/52.0" "-"
198.251.65.155 - - [24/Nov/2019:04:49:11 +0100] "GET /old/vendor/phpunit/phpunit/LICENSE HTTP/1.1" 404 64823 "-" "Mozilla/5.0 (X11; Linux x86_64; rv:52.0) Gecko/20100101 Firefox/52.0" "-"
198.251.65.155 - - [24/Nov/2019:04:49:15 +0100] "GET /new/vendor/phpunit/phpunit/LICENSE HTTP/1.1" 404 64878 "-" "Mozilla/5.0 (X11; Linux x86_64; rv:52.0) Gecko/20100101 Firefox/52.0" "-"
198.251.65.155 - - [24/Nov/2019:04:49:19 +0100] "GET /test/vendor/phpunit/phpunit/LICENSE HTTP/1.1" 404 64855 "-" "Mozilla/5.0 (X11; Linux x86_64; rv:52.0) Gecko/20100101 Firefox/52.0" "-"
144.76.60.198 - - [24/Nov/2019:04:49:46 +0100] "GET /robots.txt HTTP/1.1" 200 432 "-" "Mozilla/5.0 (compatible; MJ12bot/v1.4.8; http://mj12bot.com/)" "-"
144.76.60.198 - - [24/Nov/2019:04:49:57 +0100] "GET / HTTP/1.1" 301 279 "-" "Mozilla/5.0 (compatible; MJ12bot/v1.4.8; http://mj12bot.com/)" "-"
217.76.130.90 - - [24/Nov/2019:04:50:10 +0100] "POST /wp-cron.php?doing_wp_cron=1574567410.6390509605407714843750 HTTP/1.1" 200 3389 "https://amazingsportwear.com/wp-cron.php?doing_wp_cron=1574567410.6390509605407714843750" "WordPress/5.2.4; https://amazingsportwear.com" "-"
144.76.60.198 - - [24/Nov/2019:04:50:10 +0100] "GET /robots.txt HTTP/1.1" 200 3939 "-" "Mozilla/5.0 (compatible; MJ12bot/v1.4.8; http://mj12bot.com/)" "-"
144.76.60.198 - - [24/Nov/2019:04:50:23 +0100] "GET / HTTP/1.1" 200 122404 "-" "Mozilla/5.0 (compatible; MJ12bot/v1.4.8; http://mj12bot.com/)" "-"
217.76.130.90 - - [24/Nov/2019:04:52:59 +0100] "POST /wp-cron.php?doing_wp_cron=1574567579.4504830837249755859375 HTTP/1.1" 200 3389 "https://amazingsportwear.com/wp-cron.php?doing_wp_cron=1574567579.4504830837249755859375" "WordPress/5.2.4; https://amazingsportwear.com" "-"
66.249.66.70 - - [24/Nov/2019:04:52:58 +0100] "GET /etiqueta-producto/camiseta-olimpia/ HTTP/1.1" 200 54156 "-" "Mozilla/5.0 (compatible; Googlebot/2.1; +http://www.google.com/bot.html)" "-"
217.76.130.90 - - [24/Nov/2019:04:55:55 +0100] "POST /wp-cron.php?doing_wp_cron=1574567755.6576740741729736328125 HTTP/1.1" 200 164 "http://amazingsportwear.com/wp-cron.php?doing_wp_cron=1574567755.6576740741729736328125" "WordPress/5.2.4; https://amazingsportwear.com" "-"
157.55.39.152 - - [24/Nov/2019:04:55:54 +0100] "GET /robots.txt HTTP/1.1" 200 432 "-" "Mozilla/5.0 (compatible; bingbot/2.0; +http://www.bing.com/bingbot.htm)" "-"
217.76.130.90 - - [24/Nov/2019:04:56:13 +0100] "POST /wp-cron.php?doing_wp_cron=1574567773.1168260574340820312500 HTTP/1.1" 200 3389 "https://amazingsportwear.com/wp-cron.php?doing_wp_cron=1574567773.1168260574340820312500" "WordPress/5.2.4; https://amazingsportwear.com" "-"
157.55.39.152 - - [24/Nov/2019:04:56:12 +0100] "GET /robots.txt HTTP/1.1" 200 2297 "-" "Mozilla/5.0 (compatible; bingbot/2.0; +http://www.bing.com/bingbot.htm)" "-"
157.55.39.152 - - [24/Nov/2019:04:56:18 +0100] "GET /robots.txt HTTP/1.1" 200 3939 "-" "Mozilla/5.0 (compatible; bingbot/2.0; +http://www.bing.com/bingbot.htm)" "-"
217.76.130.90 - - [24/Nov/2019:05:05:38 +0100] "POST /wp-cron.php?doing_wp_cron=1574568338.2728240489959716796875 HTTP/1.1" 200 3389 "https://amazingsportwear.com/wp-cron.php?doing_wp_cron=1574568338.2728240489959716796875" "WordPress/5.2.4; https://amazingsportwear.com" "-"
66.249.66.68 - - [24/Nov/2019:05:05:29 +0100] "GET /etiqueta-producto/camisdeta-tecnica/ HTTP/1.1" 200 59512 "-" "Mozilla/5.0 (Linux; Android 6.0.1; Nexus 5X Build/MMB29P) AppleWebKit/537.36 (KHTML, like Gecko) Chrome/41.0.2272.96 Mobile Safari/537.36 (compatible; Googlebot/2.1; +http://www.google.com/bot.html)" "-"
186.11.11.183 - - [24/Nov/2019:05:07:26 +0100] "GET /wp-content/uploads/2019/04/Gorra-sport-10.png HTTP/1.1" 200 60426 "https://www.google.com/" "Mozilla/5.0 (Linux; Android 9; SM-A750G) AppleWebKit/537.36 (KHTML, like Gecko) Chrome/78.0.3904.108 Mobile Safari/537.36" "-"
217.76.130.90 - - [24/Nov/2019:05:29:25 +0100] "POST /wp-cron.php?doing_wp_cron=1574569765.4095430374145507812500 HTTP/1.1" 200 164 "http://amazingsportwear.com/wp-cron.php?doing_wp_cron=1574569765.4095430374145507812500" "WordPress/5.2.4; https://amazingsportwear.com" "-"
207.46.13.6 - - [24/Nov/2019:05:29:17 +0100] "GET /tienda/105-camiseta-tecnica-bandera-cat-3581.html HTTP/1.1" 404 68104 "-" "Mozilla/5.0 (iPhone; CPU iPhone OS 7_0 like Mac OS X) AppleWebKit/537.51.1 (KHTML, like Gecko) Version/7.0 Mobile/11A465 Safari/9537.53 (compatible; bingbot/2.0; +http://www.bing.com/bingbot.htm)" "-"
217.76.130.90 - - [24/Nov/2019:05:35:05 +0100] "POST /wp-cron.php?doing_wp_cron=1574570105.6936399936676025390625 HTTP/1.1" 200 3389 "https://amazingsportwear.com/wp-cron.php?doing_wp_cron=1574570105.6936399936676025390625" "WordPress/5.2.4; https://amazingsportwear.com" "-"
157.55.39.169 - - [24/Nov/2019:05:35:05 +0100] "GET /tienda/291-mallas-deportivas-icaria.html HTTP/1.1" 404 72280 "-" "Mozilla/5.0 (compatible; bingbot/2.0; +http://www.bing.com/bingbot.htm)" "-"
66.249.66.70 - - [24/Nov/2019:05:35:52 +0100] "GET /categoria-producto/mujer/sudaderas-mujer/ HTTP/1.1" 200 55580 "-" "Mozilla/5.0 (compatible; Googlebot/2.1; +http://www.google.com/bot.html)" "-"
66.249.66.66 - - [24/Nov/2019:05:35:55 +0100] "POST /?wc-ajax=get_refreshed_fragments HTTP/1.1" 200 4760 "https://amazingsportwear.com/categoria-producto/mujer/sudaderas-mujer/" "Mozilla/5.0 AppleWebKit/537.36 (KHTML, like Gecko; compatible; Googlebot/2.1; +http://www.google.com/bot.html) Safari/537.36" "_ga=GA1.2.2114912494.1574553600; _gid=GA1.2.931330593.1574553600; _gat_gtag_UA_91619287_1=1"
160.153.147.153 - - [24/Nov/2019:06:01:48 +0100] "POST /xmlrpc.php HTTP/1.1" 400 3743 "-" "Mozilla/5.0 (Windows NT 10.0; Win64; x64) AppleWebKit/537.36 (KHTML, like Gecko) Chrome/60.0.3112.113 Safari/537.36" "-"
217.76.130.90 - - [24/Nov/2019:06:01:51 +0100] "POST /wp-cron.php?doing_wp_cron=1574571710.9792649745941162109375 HTTP/1.1" 200 3389 "https://amazingsportwear.com/wp-cron.php?doing_wp_cron=1574571710.9792649745941162109375" "WordPress/5.2.4; https://amazingsportwear.com" "-"
160.153.147.153 - - [24/Nov/2019:06:01:48 +0100] "POST /xmlrpc.php HTTP/1.1" 200 3954 "-" "Mozilla/5.0 (Windows NT 10.0; Win64; x64) AppleWebKit/537.36 (KHTML, like Gecko) Chrome/60.0.3112.113 Safari/537.36" "-"
217.76.130.90 - - [24/Nov/2019:06:02:39 +0100] "POST /wp-cron.php?doing_wp_cron=1574571759.6105599403381347656250 HTTP/1.1" 200 3389 "https://amazingsportwear.com/wp-cron.php?doing_wp_cron=1574571759.6105599403381347656250" "WordPress/5.2.4; https://amazingsportwear.com" "-"
160.153.153.31 - - [24/Nov/2019:06:02:38 +0100] "POST /xmlrpc.php HTTP/1.1" 200 3954 "-" "Mozilla/5.0 (Windows NT 10.0; Win64; x64) AppleWebKit/537.36 (KHTML, like Gecko) Chrome/60.0.3112.113 Safari/537.36" "-"
72.167.190.231 - - [24/Nov/2019:06:02:40 +0100] "POST /xmlrpc.php HTTP/1.1" 400 3743 "-" "Mozilla/5.0 (Windows NT 10.0; Win64; x64) AppleWebKit/537.36 (KHTML, like Gecko) Chrome/60.0.3112.113 Safari/537.36" "-"
72.167.190.231 - - [24/Nov/2019:06:02:40 +0100] "POST /xmlrpc.php HTTP/1.1" 200 3954 "-" "Mozilla/5.0 (Windows NT 10.0; Win64; x64) AppleWebKit/537.36 (KHTML, like Gecko) Chrome/60.0.3112.113 Safari/537.36" "-"
95.154.203.3 - - [24/Nov/2019:06:03:24 +0100] "POST /xmlrpc.php HTTP/1.1" 400 3743 "-" "Mozilla/5.0 (Windows NT 10.0; Win64; x64) AppleWebKit/537.36 (KHTML, like Gecko) Chrome/60.0.3112.113 Safari/537.36" "-"
50.28.33.173 - - [24/Nov/2019:06:03:25 +0100] "POST /xmlrpc.php HTTP/1.1" 400 3743 "-" "Mozilla/5.0 (Windows NT 10.0; Win64; x64) AppleWebKit/537.36 (KHTML, like Gecko) Chrome/60.0.3112.113 Safari/537.36" "-"
217.76.130.90 - - [24/Nov/2019:06:03:25 +0100] "POST /wp-cron.php?doing_wp_cron=1574571805.3383929729461669921875 HTTP/1.1" 200 3389 "https://amazingsportwear.com/wp-cron.php?doing_wp_cron=1574571805.3383929729461669921875" "WordPress/5.2.4; https://amazingsportwear.com" "-"
95.154.203.3 - - [24/Nov/2019:06:03:24 +0100] "POST /xmlrpc.php HTTP/1.1" 200 3954 "-" "Mozilla/5.0 (Windows NT 10.0; Win64; x64) AppleWebKit/537.36 (KHTML, like Gecko) Chrome/60.0.3112.113 Safari/537.36" "-"
50.28.33.173 - - [24/Nov/2019:06:03:25 +0100] "POST /xmlrpc.php HTTP/1.1" 200 3954 "-" "Mozilla/5.0 (Windows NT 10.0; Win64; x64) AppleWebKit/537.36 (KHTML, like Gecko) Chrome/60.0.3112.113 Safari/537.36" "-"
72.167.190.214 - - [24/Nov/2019:06:03:28 +0100] "POST /xmlrpc.php HTTP/1.1" 400 3743 "-" "Mozilla/5.0 (Windows NT 10.0; Win64; x64) AppleWebKit/537.36 (KHTML, like Gecko) Chrome/60.0.3112.113 Safari/537.36" "-"
72.167.190.214 - - [24/Nov/2019:06:03:28 +0100] "POST /xmlrpc.php HTTP/1.1" 200 3954 "-" "Mozilla/5.0 (Windows NT 10.0; Win64; x64) AppleWebKit/537.36 (KHTML, like Gecko) Chrome/60.0.3112.113 Safari/537.36" "-"
185.46.230.110 - - [24/Nov/2019:06:04:41 +0100] "POST /xmlrpc.php HTTP/1.1" 400 3743 "-" "Mozilla/5.0 (Windows NT 10.0; Win64; x64) AppleWebKit/537.36 (KHTML, like Gecko) Chrome/60.0.3112.113 Safari/537.36" "-"
217.76.130.90 - - [24/Nov/2019:06:04:42 +0100] "POST /wp-cron.php?doing_wp_cron=1574571882.3498079776763916015625 HTTP/1.1" 200 3389 "https://amazingsportwear.com/wp-cron.php?doing_wp_cron=1574571882.3498079776763916015625" "WordPress/5.2.4; https://amazingsportwear.com" "-"
185.46.230.110 - - [24/Nov/2019:06:04:41 +0100] "POST /xmlrpc.php HTTP/1.1" 200 3954 "-" "Mozilla/5.0 (Windows NT 10.0; Win64; x64) AppleWebKit/537.36 (KHTML, like Gecko) Chrome/60.0.3112.113 Safari/537.36" "-"
103.233.2.12 - - [24/Nov/2019:06:05:00 +0100] "POST /xmlrpc.php HTTP/1.1" 400 3743 "-" "Mozilla/5.0 (Windows NT 10.0; Win64; x64) AppleWebKit/537.36 (KHTML, like Gecko) Chrome/60.0.3112.113 Safari/537.36" "-"
103.233.2.12 - - [24/Nov/2019:06:05:00 +0100] "POST /xmlrpc.php HTTP/1.1" 200 3954 "-" "Mozilla/5.0 (Windows NT 10.0; Win64; x64) AppleWebKit/537.36 (KHTML, like Gecko) Chrome/60.0.3112.113 Safari/537.36" "-"
217.76.130.90 - - [24/Nov/2019:06:05:41 +0100] "POST /wp-cron.php?doing_wp_cron=1574571941.7480161190032958984375 HTTP/1.1" 200 3389 "https://amazingsportwear.com/wp-cron.php?doing_wp_cron=1574571941.7480161190032958984375" "WordPress/5.2.4; https://amazingsportwear.com" "-"
64.106.212.19 - - [24/Nov/2019:06:05:42 +0100] "POST /xmlrpc.php HTTP/1.1" 400 3743 "-" "Mozilla/5.0 (Windows NT 10.0; Win64; x64) AppleWebKit/537.36 (KHTML, like Gecko) Chrome/60.0.3112.113 Safari/537.36" "-"
66.249.66.66 - - [24/Nov/2019:06:05:40 +0100] "GET /producto/chaleco-tecnico-ligero-running-jnnu/ HTTP/1.1" 200 108438 "-" "Mozilla/5.0 (Linux; Android 6.0.1; Nexus 5X Build/MMB29P) AppleWebKit/537.36 (KHTML, like Gecko) Chrome/41.0.2272.96 Mobile Safari/537.36 (compatible; Googlebot/2.1; +http://www.google.com/bot.html)" "-"
64.106.212.19 - - [24/Nov/2019:06:05:42 +0100] "POST /xmlrpc.php HTTP/1.1" 200 3954 "-" "Mozilla/5.0 (Windows NT 10.0; Win64; x64) AppleWebKit/537.36 (KHTML, like Gecko) Chrome/60.0.3112.113 Safari/537.36" "-"
166.62.43.235 - - [24/Nov/2019:06:06:27 +0100] "POST /xmlrpc.php HTTP/1.1" 400 3743 "-" "Mozilla/5.0 (Windows NT 10.0; Win64; x64) AppleWebKit/537.36 (KHTML, like Gecko) Chrome/60.0.3112.113 Safari/537.36" "-"
217.76.130.90 - - [24/Nov/2019:06:06:28 +0100] "POST /wp-cron.php?doing_wp_cron=1574571988.7827060222625732421875 HTTP/1.1" 200 3389 "https://amazingsportwear.com/wp-cron.php?doing_wp_cron=1574571988.7827060222625732421875" "WordPress/5.2.4; https://amazingsportwear.com" "-"
166.62.43.235 - - [24/Nov/2019:06:06:27 +0100] "POST /xmlrpc.php HTTP/1.1" 200 3954 "-" "Mozilla/5.0 (Windows NT 10.0; Win64; x64) AppleWebKit/537.36 (KHTML, like Gecko) Chrome/60.0.3112.113 Safari/537.36" "-"
97.74.24.201 - - [24/Nov/2019:06:07:03 +0100] "POST /xmlrpc.php HTTP/1.1" 400 3743 "-" "Mozilla/5.0 (Windows NT 10.0; Win64; x64) AppleWebKit/537.36 (KHTML, like Gecko) Chrome/60.0.3112.113 Safari/537.36" "-"
217.76.130.90 - - [24/Nov/2019:06:07:03 +0100] "POST /wp-cron.php?doing_wp_cron=1574572023.4607319831848144531250 HTTP/1.1" 200 3389 "https://amazingsportwear.com/wp-cron.php?doing_wp_cron=1574572023.4607319831848144531250" "WordPress/5.2.4; https://amazingsportwear.com" "-"
75.98.175.100 - - [24/Nov/2019:06:07:02 +0100] "POST /xmlrpc.php HTTP/1.1" 200 3954 "-" "Mozilla/5.0 (Windows NT 10.0; Win64; x64) AppleWebKit/537.36 (KHTML, like Gecko) Chrome/60.0.3112.113 Safari/537.36" "-"
107.180.120.60 - - [24/Nov/2019:06:07:03 +0100] "POST /xmlrpc.php HTTP/1.1" 400 3743 "-" "Mozilla/5.0 (Windows NT 10.0; Win64; x64) AppleWebKit/537.36 (KHTML, like Gecko) Chrome/60.0.3112.113 Safari/537.36" "-"
107.180.120.60 - - [24/Nov/2019:06:07:03 +0100] "POST /xmlrpc.php HTTP/1.1" 200 3954 "-" "Mozilla/5.0 (Windows NT 10.0; Win64; x64) AppleWebKit/537.36 (KHTML, like Gecko) Chrome/60.0.3112.113 Safari/537.36" "-"
62.210.38.126 - - [24/Nov/2019:06:07:40 +0100] "POST /xmlrpc.php HTTP/1.1" 400 3738 "-" "Mozilla/5.0 (Windows NT 10.0; Win64; x64) AppleWebKit/537.36 (KHTML, like Gecko) Chrome/60.0.3112.113 Safari/537.36" "-"
62.210.38.126 - - [24/Nov/2019:06:07:40 +0100] "POST /xmlrpc.php HTTP/1.1" 200 3949 "-" "Mozilla/5.0 (Windows NT 10.0; Win64; x64) AppleWebKit/537.36 (KHTML, like Gecko) Chrome/60.0.3112.113 Safari/537.36" "-"
160.153.154.28 - - [24/Nov/2019:06:07:43 +0100] "POST /xmlrpc.php HTTP/1.1" 400 3743 "-" "Mozilla/5.0 (Windows NT 10.0; Win64; x64) AppleWebKit/537.36 (KHTML, like Gecko) Chrome/60.0.3112.113 Safari/537.36" "-"
160.153.154.28 - - [24/Nov/2019:06:07:43 +0100] "POST /xmlrpc.php HTTP/1.1" 200 3954 "-" "Mozilla/5.0 (Windows NT 10.0; Win64; x64) AppleWebKit/537.36 (KHTML, like Gecko) Chrome/60.0.3112.113 Safari/537.36" "-"
160.153.153.30 - - [24/Nov/2019:06:08:53 +0100] "POST /xmlrpc.php HTTP/1.1" 400 3743 "-" "Mozilla/5.0 (Windows NT 10.0; Win64; x64) AppleWebKit/537.36 (KHTML, like Gecko) Chrome/60.0.3112.113 Safari/537.36" "-"
217.76.130.90 - - [24/Nov/2019:06:08:54 +0100] "POST /wp-cron.php?doing_wp_cron=1574572134.1283209323883056640625 HTTP/1.1" 200 3389 "https://amazingsportwear.com/wp-cron.php?doing_wp_cron=1574572134.1283209323883056640625" "WordPress/5.2.4; https://amazingsportwear.com" "-"
