217.76.130.90 - - [30/Nov/2019:17:42:44 +0100] "POST /wp-cron.php?doing_wp_cron=1575132164.6724359989166259765625 HTTP/1.1" 200 3389 "https://amazingsportwear.com/wp-cron.php?doing_wp_cron=1575132164.6724359989166259765625" "WordPress/5.2.4; https://amazingsportwear.com" "-"
217.76.130.90 - - [30/Nov/2019:17:42:44 +0100] "POST /wp-cron.php?doing_wp_cron=1575132164.6727540493011474609375 HTTP/1.1" 200 3355 "https://amazingsportwear.com/wp-cron.php?doing_wp_cron=1575132164.6727540493011474609375" "WordPress/5.2.4; https://amazingsportwear.com" "-"
31.13.103.2 - - [30/Nov/2019:17:42:42 +0100] "GET / HTTP/1.1" 200 125565 "-" "facebookexternalhit/1.1 (+http://www.facebook.com/externalhit_uatext.php)" "-"
217.76.130.90 - - [30/Nov/2019:17:42:44 +0100] "POST /wp-cron.php?doing_wp_cron=1575132164.6724529266357421875000 HTTP/1.1" 200 3355 "https://amazingsportwear.com/wp-cron.php?doing_wp_cron=1575132164.6724529266357421875000" "WordPress/5.2.4; https://amazingsportwear.com" "-"
31.13.103.21 - - [30/Nov/2019:17:42:42 +0100] "GET / HTTP/1.1" 200 125555 "-" "facebookexternalhit/1.1 (+http://www.facebook.com/externalhit_uatext.php)" "-"
31.13.103.11 - - [30/Nov/2019:17:42:43 +0100] "GET / HTTP/1.1" 200 125530 "-" "facebookexternalhit/1.1 (+http://www.facebook.com/externalhit_uatext.php)" "-"
31.13.103.1 - - [30/Nov/2019:17:42:41 +0100] "GET / HTTP/1.1" 200 125565 "-" "facebookexternalhit/1.1 (+http://www.facebook.com/externalhit_uatext.php)" "-"
31.13.103.23 - - [30/Nov/2019:17:42:47 +0100] "GET /contacta-con-nosotros HTTP/1.1" 301 319 "-" "facebookexternalhit/1.1 (+http://www.facebook.com/externalhit_uatext.php)" "-"
31.13.103.19 - - [30/Nov/2019:17:42:47 +0100] "GET /contacta-con-nosotros HTTP/1.1" 301 319 "-" "facebookexternalhit/1.1 (+http://www.facebook.com/externalhit_uatext.php)" "-"
31.13.103.3 - - [30/Nov/2019:17:42:48 +0100] "GET /contacta-con-nosotros HTTP/1.1" 301 319 "-" "facebookexternalhit/1.1 (+http://www.facebook.com/externalhit_uatext.php)" "-"
31.13.103.16 - - [30/Nov/2019:17:42:48 +0100] "GET /contacta-con-nosotros HTTP/1.1" 301 319 "-" "facebookexternalhit/1.1 (+http://www.facebook.com/externalhit_uatext.php)" "-"
31.13.103.23 - - [30/Nov/2019:17:42:48 +0100] "GET /contacta-con-nosotros/ HTTP/1.1" 200 58202 "-" "facebookexternalhit/1.1 (+http://www.facebook.com/externalhit_uatext.php)" "-"
31.13.103.3 - - [30/Nov/2019:17:42:48 +0100] "GET /contacta-con-nosotros/ HTTP/1.1" 200 58172 "-" "facebookexternalhit/1.1 (+http://www.facebook.com/externalhit_uatext.php)" "-"
31.13.103.19 - - [30/Nov/2019:17:42:48 +0100] "GET /contacta-con-nosotros/ HTTP/1.1" 200 58207 "-" "facebookexternalhit/1.1 (+http://www.facebook.com/externalhit_uatext.php)" "-"
31.13.103.16 - - [30/Nov/2019:17:42:49 +0100] "GET /contacta-con-nosotros/ HTTP/1.1" 200 58212 "-" "facebookexternalhit/1.1 (+http://www.facebook.com/externalhit_uatext.php)" "-"
181.161.76.250 - - [30/Nov/2019:17:43:12 +0100] "GET /wp-content/uploads/2019/04/gorra-dowan-4.png HTTP/1.1" 200 73558 "https://www.google.com/" "Mozilla/5.0 (Windows NT 10.0; Win64; x64) AppleWebKit/537.36 (KHTML, like Gecko) Chrome/78.0.3904.108 Safari/537.36" "-"
181.161.76.250 - - [30/Nov/2019:17:44:52 +0100] "GET /wp-content/uploads/2019/04/gorra-konlun-5.png HTTP/1.1" 200 82923 "https://www.google.com/" "Mozilla/5.0 (Windows NT 10.0; Win64; x64) AppleWebKit/537.36 (KHTML, like Gecko) Chrome/78.0.3904.108 Safari/537.36" "-"
217.76.130.90 - - [30/Nov/2019:17:55:59 +0100] "POST /wp-cron.php?doing_wp_cron=1575132959.0904250144958496093750 HTTP/1.1" 200 3389 "https://amazingsportwear.com/wp-cron.php?doing_wp_cron=1575132959.0904250144958496093750" "WordPress/5.2.4; https://amazingsportwear.com" "-"
66.249.69.212 - - [30/Nov/2019:17:55:57 +0100] "GET /producto/gorra-dowan/ HTTP/1.1" 200 94219 "-" "Mozilla/5.0 (compatible; Googlebot/2.1; +http://www.google.com/bot.html)" "-"
189.250.109.25 - - [30/Nov/2019:17:59:38 +0100] "GET /wp-content/uploads/2019/04/gorra-lorenz-4.png HTTP/1.1" 200 77974 "https://www.google.com/" "Mozilla/5.0 (Windows NT 6.1) AppleWebKit/537.36 (KHTML, like Gecko) Chrome/78.0.3904.108 Safari/537.36" "-"
181.206.65.4 - - [30/Nov/2019:18:04:58 +0100] "GET /wp-content/uploads/2019/04/Gorra-sport-11.png HTTP/1.1" 200 131116 "https://www.google.com/" "Mozilla/5.0 (Windows NT 10.0; Win64; x64) AppleWebKit/537.36 (KHTML, like Gecko) Chrome/78.0.3904.108 Safari/537.36" "-"
187.161.145.85 - - [30/Nov/2019:18:06:48 +0100] "GET /wp-content/uploads/2019/04/Gorra-sport-11.png HTTP/1.1" 200 131116 "https://www.google.com/" "Mozilla/5.0 (Windows NT 10.0; Win64; x64) AppleWebKit/537.36 (KHTML, like Gecko) Chrome/78.0.3904.108 Safari/537.36" "-"
190.11.22.234 - - [30/Nov/2019:18:09:36 +0100] "GET /wp-content/uploads/2017/03/aq-cross-negra.jpg HTTP/1.1" 200 229163 "https://www.google.com/" "Mozilla/5.0 (Windows NT 10.0; Win64; x64) AppleWebKit/537.36 (KHTML, like Gecko) Chrome/78.0.3904.108 Safari/537.36" "-"
161.10.128.17 - - [30/Nov/2019:18:13:05 +0100] "GET /wp-content/uploads/2019/04/gorra-lorenz-4.png HTTP/1.1" 200 77974 "https://www.google.com/" "Mozilla/5.0 (Windows NT 10.0; Win64; x64) AppleWebKit/537.36 (KHTML, like Gecko) Chrome/78.0.3904.108 Safari/537.36" "-"
217.76.130.90 - - [30/Nov/2019:18:13:24 +0100] "POST /wp-cron.php?doing_wp_cron=1575134004.0454280376434326171875 HTTP/1.1" 200 3389 "https://amazingsportwear.com/wp-cron.php?doing_wp_cron=1575134004.0454280376434326171875" "WordPress/5.2.4; https://amazingsportwear.com" "-"
88.20.56.141 - - [30/Nov/2019:18:13:22 +0100] "GET / HTTP/1.1" 200 125603 "-" "Mozilla/5.0 (iPhone; CPU iPhone OS 13_1_3 like Mac OS X) AppleWebKit/605.1.15 (KHTML, like Gecko) Version/13.0.1 Mobile/15E148 Safari/604.1" "_ga=GA1.2.525385712.1574709375; viewed_cookie_policy=yes"
88.20.56.141 - - [30/Nov/2019:18:13:26 +0100] "GET /wp-includes/js/wp-emoji-release.min.js?ver=5.2.4 HTTP/1.1" 200 14183 "https://amazingsportwear.com/" "Mozilla/5.0 (iPhone; CPU iPhone OS 13_1_3 like Mac OS X) AppleWebKit/605.1.15 (KHTML, like Gecko) Version/13.0.1 Mobile/15E148 Safari/604.1" "wpfront-notification-bar-landingpage=1; _ga=GA1.2.525385712.1574709375; viewed_cookie_policy=yes"
217.76.130.90 - - [30/Nov/2019:18:23:11 +0100] "POST /wp-cron.php?doing_wp_cron=1575134591.8783628940582275390625 HTTP/1.1" 200 3389 "https://amazingsportwear.com/wp-cron.php?doing_wp_cron=1575134591.8783628940582275390625" "WordPress/5.2.4; https://amazingsportwear.com" "-"
181.161.76.250 - - [30/Nov/2019:18:23:10 +0100] "HEAD /https://amazingsportwear.com/ HTTP/1.1" 301 3772 "-" "Test Certificate Info" "-"
217.76.130.90 - - [30/Nov/2019:18:26:36 +0100] "POST /wp-cron.php?doing_wp_cron=1575134796.2244560718536376953125 HTTP/1.1" 200 3389 "https://amazingsportwear.com/wp-cron.php?doing_wp_cron=1575134796.2244560718536376953125" "WordPress/5.2.4; https://amazingsportwear.com" "-"
66.249.69.212 - - [30/Nov/2019:18:26:34 +0100] "GET /producto/gorra-kisse/ HTTP/1.1" 200 100134 "-" "Mozilla/5.0 (Linux; Android 6.0.1; Nexus 5X Build/MMB29P) AppleWebKit/537.36 (KHTML, like Gecko) Chrome/41.0.2272.96 Mobile Safari/537.36 (compatible; Googlebot/2.1; +http://www.google.com/bot.html)" "-"
66.249.69.210 - - [30/Nov/2019:18:26:42 +0100] "POST /?wc-ajax=get_refreshed_fragments HTTP/1.1" 200 4760 "https://amazingsportwear.com/producto/gorra-kisse/" "Mozilla/5.0 (Linux; Android 6.0.1; Nexus 5X Build/MMB29P) AppleWebKit/537.36 (KHTML, like Gecko) Chrome/41.0.2272.96 Mobile Safari/537.36 (compatible; Googlebot/2.1; +http://www.google.com/bot.html)" "_ga=GA1.2.969013651.1575072000; _gid=GA1.2.1978218920.1575072000; _gat_gtag_UA_91619287_1=1"
66.249.69.208 - - [30/Nov/2019:18:26:51 +0100] "GET /producto/camiseta-tecnica-manga-larga-sa-0415/ HTTP/1.1" 200 108747 "-" "Mozilla/5.0 (Linux; Android 6.0.1; Nexus 5X Build/MMB29P) AppleWebKit/537.36 (KHTML, like Gecko) Chrome/41.0.2272.96 Mobile Safari/537.36 (compatible; Googlebot/2.1; +http://www.google.com/bot.html)" "-"
216.244.66.250 - - [30/Nov/2019:18:33:45 +0100] "GET /robots.txt HTTP/1.1" 404 628 "-" "Mozilla/5.0 (compatible; DotBot/1.1; http://www.opensiteexplorer.org/dotbot, help@moz.com)" "-"
85.58.134.234 - - [30/Nov/2019:18:37:42 +0100] "GET /wp-content/uploads/2018/06/sa-6502-naranja.jpg HTTP/1.1" 200 68624 "https://www.google.es/" "Mozilla/5.0 (Windows NT 10.0; Win64; x64) AppleWebKit/537.36 (KHTML, like Gecko) Chrome/78.0.3904.108 Safari/537.36" "-"
217.76.130.90 - - [30/Nov/2019:18:38:35 +0100] "POST /wp-cron.php?doing_wp_cron=1575135515.4519059658050537109375 HTTP/1.1" 200 3389 "https://amazingsportwear.com/wp-cron.php?doing_wp_cron=1575135515.4519059658050537109375" "WordPress/5.2.4; https://amazingsportwear.com" "-"
66.249.69.212 - - [30/Nov/2019:18:38:33 +0100] "GET /producto/sudadera-clasica/ HTTP/1.1" 200 101303 "-" "Mozilla/5.0 (Linux; Android 6.0.1; Nexus 5X Build/MMB29P) AppleWebKit/537.36 (KHTML, like Gecko) Chrome/41.0.2272.96 Mobile Safari/537.36 (compatible; Googlebot/2.1; +http://www.google.com/bot.html)" "-"
217.76.130.90 - - [30/Nov/2019:19:01:25 +0100] "POST /wp-cron.php?doing_wp_cron=1575136885.8839070796966552734375 HTTP/1.1" 200 164 "http://amazingsportwear.com/wp-cron.php?doing_wp_cron=1575136885.8839070796966552734375" "WordPress/5.2.4; https://amazingsportwear.com" "-"
40.77.167.75 - - [30/Nov/2019:19:01:23 +0100] "GET /atletismo/181-chaleco-cortavientos-sublimado-asw.html HTTP/1.1" 404 68112 "-" "Mozilla/5.0 (iPhone; CPU iPhone OS 7_0 like Mac OS X) AppleWebKit/537.51.1 (KHTML, like Gecko) Version/7.0 Mobile/11A465 Safari/9537.53 (compatible; bingbot/2.0; +http://www.bing.com/bingbot.htm)" "-"
217.76.130.90 - - [30/Nov/2019:19:04:56 +0100] "POST /wp-cron.php?doing_wp_cron=1575137096.1589400768280029296875 HTTP/1.1" 200 164 "http://amazingsportwear.com/wp-cron.php?doing_wp_cron=1575137096.1589400768280029296875" "WordPress/5.2.4; https://amazingsportwear.com" "-"
192.185.2.121 - - [30/Nov/2019:19:04:55 +0100] "GET /wp-admin/network/about.php HTTP/1.1" 302 400 "http://site.ru" "Mozilla/5.0 (Windows; U; Windows NT 5.1; en-US) AppleWebKit/533.4 (KHTML, like Gecko) Chrome/5.0.375.99 Safari/533.4" "-"
192.185.2.121 - - [30/Nov/2019:19:04:58 +0100] "GET /wp-admin/network/about.php HTTP/1.1" 302 3700 "http://site.ru" "Mozilla/5.0 (Windows; U; Windows NT 5.1; en-US) AppleWebKit/533.4 (KHTML, like Gecko) Chrome/5.0.375.99 Safari/533.4" "-"
192.185.2.121 - - [30/Nov/2019:19:04:58 +0100] "GET /wp-login.php?redirect_to=https%3A%2F%2Famazingsportwear.com%2Fwp-admin%2Fnetwork%2Fabout.php&reauth=1 HTTP/1.1" 200 6713 "http://site.ru" "Mozilla/5.0 (Windows; U; Windows NT 5.1; en-US) AppleWebKit/533.4 (KHTML, like Gecko) Chrome/5.0.375.99 Safari/533.4" "-"
217.76.130.90 - - [30/Nov/2019:19:07:23 +0100] "POST /wp-cron.php?doing_wp_cron=1575137243.5127909183502197265625 HTTP/1.1" 200 3389 "https://amazingsportwear.com/wp-cron.php?doing_wp_cron=1575137243.5127909183502197265625" "WordPress/5.2.4; https://amazingsportwear.com" "-"
66.249.69.212 - - [30/Nov/2019:19:07:22 +0100] "GET /producto/pantalon-corto-tenis-padel/ HTTP/1.1" 200 90937 "-" "Mozilla/5.0 (Linux; Android 6.0.1; Nexus 5X Build/MMB29P) AppleWebKit/537.36 (KHTML, like Gecko) Chrome/41.0.2272.96 Mobile Safari/537.36 (compatible; Googlebot/2.1; +http://www.google.com/bot.html)" "-"
66.249.69.210 - - [30/Nov/2019:19:07:25 +0100] "GET /producto/bidon-camiseta-zablex/ HTTP/1.1" 200 95233 "-" "Mozilla/5.0 (Linux; Android 6.0.1; Nexus 5X Build/MMB29P) AppleWebKit/537.36 (KHTML, like Gecko) Chrome/41.0.2272.96 Mobile Safari/537.36 (compatible; Googlebot/2.1; +http://www.google.com/bot.html)" "-"
217.76.130.90 - - [30/Nov/2019:19:08:56 +0100] "POST /wp-cron.php?doing_wp_cron=1575137336.7324800491333007812500 HTTP/1.1" 200 3389 "https://amazingsportwear.com/wp-cron.php?doing_wp_cron=1575137336.7324800491333007812500" "WordPress/5.2.4; https://amazingsportwear.com" "-"
66.249.69.212 - - [30/Nov/2019:19:08:56 +0100] "GET /producto/mochila-8000/ HTTP/1.1" 200 96886 "-" "Mozilla/5.0 (Linux; Android 6.0.1; Nexus 5X Build/MMB29P) AppleWebKit/537.36 (KHTML, like Gecko) Chrome/41.0.2272.96 Mobile Safari/537.36 (compatible; Googlebot/2.1; +http://www.google.com/bot.html)" "-"
217.76.130.90 - - [30/Nov/2019:19:15:47 +0100] "POST /wp-cron.php?doing_wp_cron=1575137747.8370749950408935546875 HTTP/1.1" 200 3389 "https://amazingsportwear.com/wp-cron.php?doing_wp_cron=1575137747.8370749950408935546875" "WordPress/5.2.4; https://amazingsportwear.com" "-"
157.55.39.230 - - [30/Nov/2019:19:15:46 +0100] "GET /author/emarketing2/ HTTP/1.1" 200 64496 "-" "Mozilla/5.0 (compatible; bingbot/2.0; +http://www.bing.com/bingbot.htm)" "-"
190.186.182.44 - - [30/Nov/2019:19:18:52 +0100] "GET /wp-content/uploads/2019/04/Gorra-sport-10.png HTTP/1.1" 200 60426 "https://www.google.com/" "Mozilla/5.0 (Windows NT 10.0; WOW64) AppleWebKit/537.36 (KHTML, like Gecko) Chrome/78.0.3904.108 Safari/537.36" "-"
217.76.130.90 - - [30/Nov/2019:19:22:59 +0100] "POST /wp-cron.php?doing_wp_cron=1575138179.3098540306091308593750 HTTP/1.1" 200 3389 "https://amazingsportwear.com/wp-cron.php?doing_wp_cron=1575138179.3098540306091308593750" "WordPress/5.2.4; https://amazingsportwear.com" "-"
66.249.69.210 - - [30/Nov/2019:19:22:58 +0100] "GET /guia-de-tallas/ HTTP/1.1" 200 84429 "-" "Mozilla/5.0 (compatible; Googlebot/2.1; +http://www.google.com/bot.html)" "-"
217.76.130.90 - - [30/Nov/2019:19:27:16 +0100] "POST /wp-cron.php?doing_wp_cron=1575138436.5862910747528076171875 HTTP/1.1" 200 3389 "https://amazingsportwear.com/wp-cron.php?doing_wp_cron=1575138436.5862910747528076171875" "WordPress/5.2.4; https://amazingsportwear.com" "-"
40.77.167.75 - - [30/Nov/2019:19:27:15 +0100] "GET /etiqueta-producto/keisy/ HTTP/1.1" 200 53904 "-" "Mozilla/5.0 (compatible; bingbot/2.0; +http://www.bing.com/bingbot.htm)" "-"
201.141.95.10 - - [30/Nov/2019:19:31:28 +0100] "GET /wp-content/uploads/2019/04/Llavero-metalico-golf-3.png HTTP/1.1" 200 46821 "https://www.google.com/" "Mozilla/5.0 (Windows NT 6.3; Win64; x64; rv:70.0) Gecko/20100101 Firefox/70.0" "-"
217.76.130.90 - - [30/Nov/2019:19:31:29 +0100] "POST /wp-cron.php?doing_wp_cron=1575138689.8802070617675781250000 HTTP/1.1" 200 3389 "https://amazingsportwear.com/wp-cron.php?doing_wp_cron=1575138689.8802070617675781250000" "WordPress/5.2.4; https://amazingsportwear.com" "-"
201.141.95.10 - - [30/Nov/2019:19:31:29 +0100] "GET /producto/llavero-metalico-golf/ HTTP/1.1" 200 91210 "https://www.google.com/" "Mozilla/5.0 (Windows NT 6.3; Win64; x64; rv:70.0) Gecko/20100101 Firefox/70.0" "-"
201.141.95.10 - - [30/Nov/2019:19:31:30 +0100] "GET /wp-includes/css/dist/block-library/style.min.css?ver=5.2.4 HTTP/1.1" 200 29660 "https://amazingsportwear.com/producto/llavero-metalico-golf/" "Mozilla/5.0 (Windows NT 6.3; Win64; x64; rv:70.0) Gecko/20100101 Firefox/70.0" "-"
201.141.95.10 - - [30/Nov/2019:19:31:30 +0100] "GET /wp-content/plugins/wpfront-notification-bar/css/wpfront-notification-bar.css?ver=1.7.1 HTTP/1.1" 200 3663 "https://amazingsportwear.com/producto/llavero-metalico-golf/" "Mozilla/5.0 (Windows NT 6.3; Win64; x64; rv:70.0) Gecko/20100101 Firefox/70.0" "-"
201.141.95.10 - - [30/Nov/2019:19:31:31 +0100] "GET /wp-content/themes/shopper/style.css?ver=1.3.8 HTTP/1.1" 200 125315 "https://amazingsportwear.com/producto/llavero-metalico-golf/" "Mozilla/5.0 (Windows NT 6.3; Win64; x64; rv:70.0) Gecko/20100101 Firefox/70.0" "-"
201.141.95.10 - - [30/Nov/2019:19:31:31 +0100] "GET /wp-content/plugins/cookie-law-info/public/css/cookie-law-info-public.css?ver=1.7.6 HTTP/1.1" 200 6598 "https://amazingsportwear.com/producto/llavero-metalico-golf/" "Mozilla/5.0 (Windows NT 6.3; Win64; x64; rv:70.0) Gecko/20100101 Firefox/70.0" "-"
201.141.95.10 - - [30/Nov/2019:19:31:31 +0100] "GET /wp-content/plugins/cookie-law-info/public/css/cookie-law-info-gdpr.css?ver=1.7.6 HTTP/1.1" 200 15808 "https://amazingsportwear.com/producto/llavero-metalico-golf/" "Mozilla/5.0 (Windows NT 6.3; Win64; x64; rv:70.0) Gecko/20100101 Firefox/70.0" "-"
201.141.95.10 - - [30/Nov/2019:19:31:31 +0100] "GET /wp-content/plugins/woocommerce/assets/css/photoswipe/photoswipe.css?ver=3.6.4 HTTP/1.1" 200 7835 "https://amazingsportwear.com/producto/llavero-metalico-golf/" "Mozilla/5.0 (Windows NT 6.3; Win64; x64; rv:70.0) Gecko/20100101 Firefox/70.0" "-"
201.141.95.10 - - [30/Nov/2019:19:31:31 +0100] "GET /wp-content/plugins/woocommerce/assets/css/blocks/style.css?ver=3.6.4 HTTP/1.1" 200 10060 "https://amazingsportwear.com/producto/llavero-metalico-golf/" "Mozilla/5.0 (Windows NT 6.3; Win64; x64; rv:70.0) Gecko/20100101 Firefox/70.0" "-"
201.141.95.10 - - [30/Nov/2019:19:31:31 +0100] "GET /wp-content/plugins/woocommerce/assets/css/photoswipe/default-skin/default-skin.css?ver=3.6.4 HTTP/1.1" 200 15306 "https://amazingsportwear.com/producto/llavero-metalico-golf/" "Mozilla/5.0 (Windows NT 6.3; Win64; x64; rv:70.0) Gecko/20100101 Firefox/70.0" "-"
201.141.95.10 - - [30/Nov/2019:19:31:31 +0100] "GET /wp-content/plugins/cookie-law-info/public/js/cookie-law-info-public.js?ver=1.7.6 HTTP/1.1" 200 17076 "https://amazingsportwear.com/producto/llavero-metalico-golf/" "Mozilla/5.0 (Windows NT 6.3; Win64; x64; rv:70.0) Gecko/20100101 Firefox/70.0" "-"
201.141.95.10 - - [30/Nov/2019:19:31:31 +0100] "GET /wp-content/plugins/simple-social-icons/css/style.css?ver=3.0.1 HTTP/1.1" 200 1562 "https://amazingsportwear.com/producto/llavero-metalico-golf/" "Mozilla/5.0 (Windows NT 6.3; Win64; x64; rv:70.0) Gecko/20100101 Firefox/70.0" "-"
201.141.95.10 - - [30/Nov/2019:19:31:31 +0100] "GET /wp-includes/js/jquery/jquery-migrate.min.js?ver=1.4.1 HTTP/1.1" 200 10399 "https://amazingsportwear.com/producto/llavero-metalico-golf/" "Mozilla/5.0 (Windows NT 6.3; Win64; x64; rv:70.0) Gecko/20100101 Firefox/70.0" "-"
201.141.95.10 - - [30/Nov/2019:19:31:31 +0100] "GET /wp-includes/js/jquery/jquery.js?ver=1.12.4-wp HTTP/1.1" 200 97362 "https://amazingsportwear.com/producto/llavero-metalico-golf/" "Mozilla/5.0 (Windows NT 6.3; Win64; x64; rv:70.0) Gecko/20100101 Firefox/70.0" "-"
201.141.95.10 - - [30/Nov/2019:19:31:31 +0100] "GET /wp-content/themes/shopper/assets/sass/woocommerce/woocommerce.css?ver=5.2.4 HTTP/1.1" 200 83534 "https://amazingsportwear.com/producto/llavero-metalico-golf/" "Mozilla/5.0 (Windows NT 6.3; Win64; x64; rv:70.0) Gecko/20100101 Firefox/70.0" "-"
201.141.95.10 - - [30/Nov/2019:19:31:31 +0100] "GET /wp-content/plugins/wpfront-notification-bar/jquery-plugins/jquery.c.js?ver=1.4.0 HTTP/1.1" 200 3437 "https://amazingsportwear.com/producto/llavero-metalico-golf/" "Mozilla/5.0 (Windows NT 6.3; Win64; x64; rv:70.0) Gecko/20100101 Firefox/70.0" "-"
201.141.95.10 - - [30/Nov/2019:19:31:31 +0100] "GET /wp-content/plugins/wpfront-notification-bar/js/wpfront-notification-bar.js?ver=1.7.1 HTTP/1.1" 200 5662 "https://amazingsportwear.com/producto/llavero-metalico-golf/" "Mozilla/5.0 (Windows NT 6.3; Win64; x64; rv:70.0) Gecko/20100101 Firefox/70.0" "-"
201.141.95.10 - - [30/Nov/2019:19:31:31 +0100] "GET /wp-content/plugins/simple-social-icons/svgxuse.js?ver=1.1.21 HTTP/1.1" 200 9580 "https://amazingsportwear.com/producto/llavero-metalico-golf/" "Mozilla/5.0 (Windows NT 6.3; Win64; x64; rv:70.0) Gecko/20100101 Firefox/70.0" "-"
201.141.95.10 - - [30/Nov/2019:19:31:32 +0100] "GET /wp-includes/js/jquery/jquery.js HTTP/1.1" 200 97362 "https://amazingsportwear.com/producto/llavero-metalico-golf/" "Mozilla/5.0 (Windows NT 6.3; Win64; x64; rv:70.0) Gecko/20100101 Firefox/70.0" "-"
201.141.95.10 - - [30/Nov/2019:19:31:32 +0100] "GET /wp-content/plugins/product-enquiry-for-woocommerce/css/wdm-jquery-ui.css?ver=5.2.4 HTTP/1.1" 200 27001 "https://amazingsportwear.com/producto/llavero-metalico-golf/" "Mozilla/5.0 (Windows NT 6.3; Win64; x64; rv:70.0) Gecko/20100101 Firefox/70.0" "-"
201.141.95.10 - - [30/Nov/2019:19:31:32 +0100] "GET /wp-content/themes/shopper/assets/js/crm.js?ver=1561548510 HTTP/1.1" 200 874 "https://amazingsportwear.com/producto/llavero-metalico-golf/" "Mozilla/5.0 (Windows NT 6.3; Win64; x64; rv:70.0) Gecko/20100101 Firefox/70.0" "-"
201.141.95.10 - - [30/Nov/2019:19:31:32 +0100] "GET /wp-content/plugins/woocommerce/assets/js/jquery-blockui/jquery.blockUI.min.js?ver=2.70 HTTP/1.1" 200 9908 "https://amazingsportwear.com/producto/llavero-metalico-golf/" "Mozilla/5.0 (Windows NT 6.3; Win64; x64; rv:70.0) Gecko/20100101 Firefox/70.0" "-"
201.141.95.10 - - [30/Nov/2019:19:31:32 +0100] "GET /wp-content/plugins/woocommerce/assets/js/zoom/jquery.zoom.min.js?ver=1.7.21 HTTP/1.1" 200 2957 "https://amazingsportwear.com/producto/llavero-metalico-golf/" "Mozilla/5.0 (Windows NT 6.3; Win64; x64; rv:70.0) Gecko/20100101 Firefox/70.0" "-"
201.141.95.10 - - [30/Nov/2019:19:31:32 +0100] "GET /wp-content/plugins/woocommerce/assets/js/photoswipe/photoswipe.min.js?ver=4.1.1 HTTP/1.1" 200 32276 "https://amazingsportwear.com/producto/llavero-metalico-golf/" "Mozilla/5.0 (Windows NT 6.3; Win64; x64; rv:70.0) Gecko/20100101 Firefox/70.0" "-"
201.141.95.10 - - [30/Nov/2019:19:31:32 +0100] "GET /wp-content/plugins/woocommerce/assets/js/flexslider/jquery.flexslider.min.js?ver=2.7.2 HTTP/1.1" 200 23232 "https://amazingsportwear.com/producto/llavero-metalico-golf/" "Mozilla/5.0 (Windows NT 6.3; Win64; x64; rv:70.0) Gecko/20100101 Firefox/70.0" "-"
201.141.95.10 - - [30/Nov/2019:19:31:32 +0100] "GET /wp-content/plugins/woocommerce/assets/js/photoswipe/photoswipe-ui-default.min.js?ver=4.1.1 HTTP/1.1" 200 10220 "https://amazingsportwear.com/producto/llavero-metalico-golf/" "Mozilla/5.0 (Windows NT 6.3; Win64; x64; rv:70.0) Gecko/20100101 Firefox/70.0" "-"
201.141.95.10 - - [30/Nov/2019:19:31:32 +0100] "GET /wp-content/plugins/woocommerce/assets/js/frontend/add-to-cart.min.js?ver=3.6.4 HTTP/1.1" 200 2983 "https://amazingsportwear.com/producto/llavero-metalico-golf/" "Mozilla/5.0 (Windows NT 6.3; Win64; x64; rv:70.0) Gecko/20100101 Firefox/70.0" "-"
201.141.95.10 - - [30/Nov/2019:19:31:32 +0100] "GET /wp-content/plugins/woocommerce/assets/js/frontend/single-product.min.js?ver=3.6.4 HTTP/1.1" 200 6693 "https://amazingsportwear.com/producto/llavero-metalico-golf/" "Mozilla/5.0 (Windows NT 6.3; Win64; x64; rv:70.0) Gecko/20100101 Firefox/70.0" "-"
201.141.95.10 - - [30/Nov/2019:19:31:32 +0100] "GET /wp-content/plugins/woocommerce/assets/js/frontend/woocommerce.min.js?ver=3.6.4 HTTP/1.1" 200 1813 "https://amazingsportwear.com/producto/llavero-metalico-golf/" "Mozilla/5.0 (Windows NT 6.3; Win64; x64; rv:70.0) Gecko/20100101 Firefox/70.0" "-"
201.141.95.10 - - [30/Nov/2019:19:31:32 +0100] "GET /wp-content/plugins/woocommerce/assets/js/js-cookie/js.cookie.min.js?ver=2.1.4 HTTP/1.1" 200 2187 "https://amazingsportwear.com/producto/llavero-metalico-golf/" "Mozilla/5.0 (Windows NT 6.3; Win64; x64; rv:70.0) Gecko/20100101 Firefox/70.0" "-"
201.141.95.10 - - [30/Nov/2019:19:31:32 +0100] "GET /wp-content/plugins/woocommerce/assets/js/frontend/cart-fragments.min.js?ver=3.6.4 HTTP/1.1" 200 3281 "https://amazingsportwear.com/producto/llavero-metalico-golf/" "Mozilla/5.0 (Windows NT 6.3; Win64; x64; rv:70.0) Gecko/20100101 Firefox/70.0" "-"
201.141.95.10 - - [30/Nov/2019:19:31:32 +0100] "GET /wp-content/themes/shopper/assets/js/shopper.min.js?ver=1.3.8 HTTP/1.1" 200 5994 "https://amazingsportwear.com/producto/llavero-metalico-golf/" "Mozilla/5.0 (Windows NT 6.3; Win64; x64; rv:70.0) Gecko/20100101 Firefox/70.0" "-"
201.141.95.10 - - [30/Nov/2019:19:31:32 +0100] "GET /wp-content/themes/shopper/assets/js/woocommerce/header-cart.min.js?ver=1.3.8 HTTP/1.1" 200 972 "https://amazingsportwear.com/producto/llavero-metalico-golf/" "Mozilla/5.0 (Windows NT 6.3; Win64; x64; rv:70.0) Gecko/20100101 Firefox/70.0" "-"
201.141.95.10 - - [30/Nov/2019:19:31:32 +0100] "GET /wp-includes/js/comment-reply.min.js?ver=5.2.4 HTTP/1.1" 200 2575 "https://amazingsportwear.com/producto/llavero-metalico-golf/" "Mozilla/5.0 (Windows NT 6.3; Win64; x64; rv:70.0) Gecko/20100101 Firefox/70.0" "-"
201.141.95.10 - - [30/Nov/2019:19:31:32 +0100] "GET /wp-content/themes/shopper/assets/js/skip-link-focus-fix.js?ver=1.3.8 HTTP/1.1" 200 1023 "https://amazingsportwear.com/producto/llavero-metalico-golf/" "Mozilla/5.0 (Windows NT 6.3; Win64; x64; rv:70.0) Gecko/20100101 Firefox/70.0" "-"
201.141.95.10 - - [30/Nov/2019:19:31:32 +0100] "GET /wp-includes/js/wp-embed.min.js?ver=5.2.4 HTTP/1.1" 200 1744 "https://amazingsportwear.com/producto/llavero-metalico-golf/" "Mozilla/5.0 (Windows NT 6.3; Win64; x64; rv:70.0) Gecko/20100101 Firefox/70.0" "-"
201.141.95.10 - - [30/Nov/2019:19:31:33 +0100] "GET /wp-includes/js/underscore.min.js?ver=1.8.3 HTTP/1.1" 200 16527 "https://amazingsportwear.com/producto/llavero-metalico-golf/" "Mozilla/5.0 (Windows NT 6.3; Win64; x64; rv:70.0) Gecko/20100101 Firefox/70.0" "-"
201.141.95.10 - - [30/Nov/2019:19:31:33 +0100] "GET /wp-content/plugins/woocommerce/assets/js/frontend/add-to-cart-variation.min.js?ver=3.6.4 HTTP/1.1" 200 13625 "https://amazingsportwear.com/producto/llavero-metalico-golf/" "Mozilla/5.0 (Windows NT 6.3; Win64; x64; rv:70.0) Gecko/20100101 Firefox/70.0" "-"
201.141.95.10 - - [30/Nov/2019:19:31:33 +0100] "GET /wp-includes/js/wp-util.min.js?ver=5.2.4 HTTP/1.1" 200 1387 "https://amazingsportwear.com/producto/llavero-metalico-golf/" "Mozilla/5.0 (Windows NT 6.3; Win64; x64; rv:70.0) Gecko/20100101 Firefox/70.0" "-"
201.141.95.10 - - [30/Nov/2019:19:31:33 +0100] "GET /wp-includes/js/jquery/ui/core.min.js?ver=1.11.4 HTTP/1.1" 200 4341 "https://amazingsportwear.com/producto/llavero-metalico-golf/" "Mozilla/5.0 (Windows NT 6.3; Win64; x64; rv:70.0) Gecko/20100101 Firefox/70.0" "-"
201.141.95.10 - - [30/Nov/2019:19:31:33 +0100] "GET /wp-content/plugins/akismet/_inc/form.js?ver=4.1.2 HTTP/1.1" 200 1040 "https://amazingsportwear.com/producto/llavero-metalico-golf/" "Mozilla/5.0 (Windows NT 6.3; Win64; x64; rv:70.0) Gecko/20100101 Firefox/70.0" "-"
201.141.95.10 - - [30/Nov/2019:19:31:33 +0100] "GET /wp-includes/js/jquery/ui/draggable.min.js?ver=1.11.4 HTTP/1.1" 200 19277 "https://amazingsportwear.com/producto/llavero-metalico-golf/" "Mozilla/5.0 (Windows NT 6.3; Win64; x64; rv:70.0) Gecko/20100101 Firefox/70.0" "-"
201.141.95.10 - - [30/Nov/2019:19:31:33 +0100] "GET /wp-includes/js/jquery/ui/resizable.min.js?ver=1.11.4 HTTP/1.1" 200 18798 "https://amazingsportwear.com/producto/llavero-metalico-golf/" "Mozilla/5.0 (Windows NT 6.3; Win64; x64; rv:70.0) Gecko/20100101 Firefox/70.0" "-"
201.141.95.10 - - [30/Nov/2019:19:31:33 +0100] "GET /wp-includes/js/jquery/ui/mouse.min.js?ver=1.11.4 HTTP/1.1" 200 3489 "https://amazingsportwear.com/producto/llavero-metalico-golf/" "Mozilla/5.0 (Windows NT 6.3; Win64; x64; rv:70.0) Gecko/20100101 Firefox/70.0" "-"
201.141.95.10 - - [30/Nov/2019:19:31:33 +0100] "GET /wp-includes/js/jquery/ui/widget.min.js?ver=1.11.4 HTTP/1.1" 200 7250 "https://amazingsportwear.com/producto/llavero-metalico-golf/" "Mozilla/5.0 (Windows NT 6.3; Win64; x64; rv:70.0) Gecko/20100101 Firefox/70.0" "-"
201.141.95.10 - - [30/Nov/2019:19:31:33 +0100] "GET /wp-includes/js/jquery/ui/button.min.js?ver=1.11.4 HTTP/1.1" 200 7578 "https://amazingsportwear.com/producto/llavero-metalico-golf/" "Mozilla/5.0 (Windows NT 6.3; Win64; x64; rv:70.0) Gecko/20100101 Firefox/70.0" "-"
201.141.95.10 - - [30/Nov/2019:19:31:33 +0100] "GET /wp-includes/js/jquery/ui/position.min.js?ver=1.11.4 HTTP/1.1" 200 6869 "https://amazingsportwear.com/producto/llavero-metalico-golf/" "Mozilla/5.0 (Windows NT 6.3; Win64; x64; rv:70.0) Gecko/20100101 Firefox/70.0" "-"
201.141.95.10 - - [30/Nov/2019:19:31:33 +0100] "GET /wp-includes/js/jquery/ui/dialog.min.js?ver=1.11.4 HTTP/1.1" 200 12482 "https://amazingsportwear.com/producto/llavero-metalico-golf/" "Mozilla/5.0 (Windows NT 6.3; Win64; x64; rv:70.0) Gecko/20100101 Firefox/70.0" "-"
201.141.95.10 - - [30/Nov/2019:19:31:33 +0100] "GET /wp-content/plugins/product-enquiry-for-woocommerce/js/contact.js?ver=5.2.4 HTTP/1.1" 200 4681 "https://amazingsportwear.com/producto/llavero-metalico-golf/" "Mozilla/5.0 (Windows NT 6.3; Win64; x64; rv:70.0) Gecko/20100101 Firefox/70.0" "-"
201.141.95.10 - - [30/Nov/2019:19:31:33 +0100] "GET /wp-content/plugins/product-enquiry-for-woocommerce/js/wdm_jquery.validate.min.js?ver=5.2.4 HTTP/1.1" 200 21818 "https://amazingsportwear.com/producto/llavero-metalico-golf/" "Mozilla/5.0 (Windows NT 6.3; Win64; x64; rv:70.0) Gecko/20100101 Firefox/70.0" "-"
201.141.95.10 - - [30/Nov/2019:19:31:33 +0100] "GET /wp-includes/js/wp-emoji-release.min.js?ver=5.2.4 HTTP/1.1" 200 14183 "https://amazingsportwear.com/producto/llavero-metalico-golf/" "Mozilla/5.0 (Windows NT 6.3; Win64; x64; rv:70.0) Gecko/20100101 Firefox/70.0" "-"
201.141.95.10 - - [30/Nov/2019:19:31:33 +0100] "GET /wp-content/themes/shopper/assets/fonts/fontawesome-webfont.woff2?v=4.7.0 HTTP/1.1" 200 77615 "https://amazingsportwear.com/wp-content/themes/shopper/style.css?ver=1.3.8" "Mozilla/5.0 (Windows NT 6.3; Win64; x64; rv:70.0) Gecko/20100101 Firefox/70.0" "-"
201.141.95.10 - - [30/Nov/2019:19:31:33 +0100] "GET /wp-content/plugins/simple-social-icons/symbol-defs.svg HTTP/1.1" 200 19699 "https://amazingsportwear.com/producto/llavero-metalico-golf/" "Mozilla/5.0 (Windows NT 6.3; Win64; x64; rv:70.0) Gecko/20100101 Firefox/70.0" "-"
201.141.95.10 - - [30/Nov/2019:19:31:34 +0100] "GET /wp-content/uploads/2019/05/cropped-asw-white.png HTTP/1.1" 200 7500 "https://amazingsportwear.com/producto/llavero-metalico-golf/" "Mozilla/5.0 (Windows NT 6.3; Win64; x64; rv:70.0) Gecko/20100101 Firefox/70.0" "-"
201.141.95.10 - - [30/Nov/2019:19:31:34 +0100] "GET /wp-content/uploads/2019/04/Llavero-metalico-golf-2.png HTTP/1.1" 200 101641 "https://amazingsportwear.com/producto/llavero-metalico-golf/" "Mozilla/5.0 (Windows NT 6.3; Win64; x64; rv:70.0) Gecko/20100101 Firefox/70.0" "-"
201.141.95.10 - - [30/Nov/2019:19:31:34 +0100] "GET /wp-content/uploads/2019/04/Llavero-metalico-golf-1.png HTTP/1.1" 200 73075 "https://amazingsportwear.com/producto/llavero-metalico-golf/" "Mozilla/5.0 (Windows NT 6.3; Win64; x64; rv:70.0) Gecko/20100101 Firefox/70.0" "-"
201.141.95.10 - - [30/Nov/2019:19:31:34 +0100] "GET /wp-content/uploads/2018/05/ENY-SU13W-3-300x300.jpg HTTP/1.1" 200 9697 "https://amazingsportwear.com/producto/llavero-metalico-golf/" "Mozilla/5.0 (Windows NT 6.3; Win64; x64; rv:70.0) Gecko/20100101 Firefox/70.0" "-"
201.141.95.10 - - [30/Nov/2019:19:31:34 +0100] "GET /wp-content/uploads/2019/04/Llavero-Metalico-Tenis-1-300x300.png HTTP/1.1" 200 33066 "https://amazingsportwear.com/producto/llavero-metalico-golf/" "Mozilla/5.0 (Windows NT 6.3; Win64; x64; rv:70.0) Gecko/20100101 Firefox/70.0" "-"
201.141.95.10 - - [30/Nov/2019:19:31:34 +0100] "GET /wp-content/uploads/2019/05/asw-white-300x126.png HTTP/1.1" 200 12061 "https://amazingsportwear.com/producto/llavero-metalico-golf/" "Mozilla/5.0 (Windows NT 6.3; Win64; x64; rv:70.0) Gecko/20100101 Firefox/70.0" "-"
201.141.95.10 - - [30/Nov/2019:19:31:34 +0100] "GET /wp-content/uploads/2019/04/Llavero-metalico-baloncesto-1-300x300.png HTTP/1.1" 200 35206 "https://amazingsportwear.com/producto/llavero-metalico-golf/" "Mozilla/5.0 (Windows NT 6.3; Win64; x64; rv:70.0) Gecko/20100101 Firefox/70.0" "-"
201.141.95.10 - - [30/Nov/2019:19:31:34 +0100] "GET /wp-content/plugins/product-enquiry-for-woocommerce/img/contact/loading.gif HTTP/1.1" 200 3834 "https://amazingsportwear.com/producto/llavero-metalico-golf/" "Mozilla/5.0 (Windows NT 6.3; Win64; x64; rv:70.0) Gecko/20100101 Firefox/70.0" "-"
201.141.95.10 - - [30/Nov/2019:19:31:34 +0100] "GET /wp-content/uploads/2019/04/Llavero-metalico-golf-1-100x100.png HTTP/1.1" 200 6322 "https://amazingsportwear.com/producto/llavero-metalico-golf/" "Mozilla/5.0 (Windows NT 6.3; Win64; x64; rv:70.0) Gecko/20100101 Firefox/70.0" "-"
201.141.95.10 - - [30/Nov/2019:19:31:34 +0100] "GET /wp-content/uploads/2019/04/Llavero-metalico-golf-2-100x100.png HTTP/1.1" 200 9748 "https://amazingsportwear.com/producto/llavero-metalico-golf/" "Mozilla/5.0 (Windows NT 6.3; Win64; x64; rv:70.0) Gecko/20100101 Firefox/70.0" "-"
201.141.95.10 - - [30/Nov/2019:19:31:34 +0100] "GET /wp-content/uploads/2019/04/Llavero-metalico-golf-3-100x100.png HTTP/1.1" 200 4314 "https://amazingsportwear.com/producto/llavero-metalico-golf/" "Mozilla/5.0 (Windows NT 6.3; Win64; x64; rv:70.0) Gecko/20100101 Firefox/70.0" "-"
201.141.95.10 - - [30/Nov/2019:19:31:35 +0100] "GET /wp-content/uploads/2019/05/cropped-favicon-nuevo-logo-amazinf-128px-192x192.png HTTP/1.1" 200 10880 "-" "Mozilla/5.0 (Windows NT 6.3; Win64; x64; rv:70.0) Gecko/20100101 Firefox/70.0" "-"
201.141.95.10 - - [30/Nov/2019:19:31:35 +0100] "GET /wp-content/uploads/2019/05/cropped-favicon-nuevo-logo-amazinf-128px-32x32.png HTTP/1.1" 200 1224 "-" "Mozilla/5.0 (Windows NT 6.3; Win64; x64; rv:70.0) Gecko/20100101 Firefox/70.0" "-"
201.141.95.10 - - [30/Nov/2019:19:31:34 +0100] "POST /?wc-ajax=get_refreshed_fragments HTTP/1.1" 200 1397 "https://amazingsportwear.com/producto/llavero-metalico-golf/" "Mozilla/5.0 (Windows NT 6.3; Win64; x64; rv:70.0) Gecko/20100101 Firefox/70.0" "-"
201.141.95.10 - - [30/Nov/2019:19:32:52 +0100] "GET /wp-content/uploads/2019/04/Llavero-metalico-golf-1.png HTTP/1.1" 200 76438 "-" "Mozilla/5.0 (Windows NT 6.3; Win64; x64; rv:70.0) Gecko/20100101 Firefox/70.0" "-"
201.141.95.10 - - [30/Nov/2019:19:32:53 +0100] "GET /favicon.ico HTTP/1.1" 200 259 "-" "Mozilla/5.0 (Windows NT 6.3; Win64; x64; rv:70.0) Gecko/20100101 Firefox/70.0" "-"
217.76.130.90 - - [30/Nov/2019:19:35:49 +0100] "POST /wp-cron.php?doing_wp_cron=1575138949.3376839160919189453125 HTTP/1.1" 200 3389 "https://amazingsportwear.com/wp-cron.php?doing_wp_cron=1575138949.3376839160919189453125" "WordPress/5.2.4; https://amazingsportwear.com" "-"
66.249.69.208 - - [30/Nov/2019:19:35:48 +0100] "GET /img/cms/cortavientos%20angelo.png HTTP/1.1" 404 72337 "-" "Googlebot-Image/1.0" "-"
217.76.130.90 - - [30/Nov/2019:19:58:33 +0100] "POST /wp-cron.php?doing_wp_cron=1575140312.6016480922698974609375 HTTP/1.1" 200 3389 "https://amazingsportwear.com/wp-cron.php?doing_wp_cron=1575140312.6016480922698974609375" "WordPress/5.2.4; https://amazingsportwear.com" "-"
66.249.69.210 - - [30/Nov/2019:19:58:28 +0100] "GET /producto/pantalon-corto-futbol/ HTTP/1.1" 200 91357 "-" "Mozilla/5.0 (Linux; Android 6.0.1; Nexus 5X Build/MMB29P) AppleWebKit/537.36 (KHTML, like Gecko) Chrome/41.0.2272.96 Mobile Safari/537.36 (compatible; Googlebot/2.1; +http://www.google.com/bot.html)" "-"
217.76.130.90 - - [30/Nov/2019:20:08:27 +0100] "POST /wp-cron.php?doing_wp_cron=1575140907.6948869228363037109375 HTTP/1.1" 200 3389 "https://amazingsportwear.com/wp-cron.php?doing_wp_cron=1575140907.6948869228363037109375" "WordPress/5.2.4; https://amazingsportwear.com" "-"
66.249.69.208 - - [30/Nov/2019:20:08:26 +0100] "GET /img/ HTTP/1.1" 404 72218 "-" "Mozilla/5.0 (Linux; Android 6.0.1; Nexus 5X Build/MMB29P) AppleWebKit/537.36 (KHTML, like Gecko) Chrome/41.0.2272.96 Mobile Safari/537.36 (compatible; Googlebot/2.1; +http://www.google.com/bot.html)" "-"
88.29.4.4 - - [30/Nov/2019:20:12:16 +0100] "GET /wp-content/uploads/2019/04/Llavero-metalico-futbol-3.png HTTP/1.1" 200 46821 "https://www.google.com/" "Mozilla/5.0 (Windows NT 10.0; Win64; x64) AppleWebKit/537.36 (KHTML, like Gecko) Chrome/78.0.3904.108 Safari/537.36" "-"
217.76.130.90 - - [30/Nov/2019:20:15:15 +0100] "POST /wp-cron.php?doing_wp_cron=1575141315.2314169406890869140625 HTTP/1.1" 200 164 "http://amazingsportwear.com/wp-cron.php?doing_wp_cron=1575141315.2314169406890869140625" "WordPress/5.2.4; https://amazingsportwear.com" "-"
66.249.69.192 - - [30/Nov/2019:20:15:14 +0100] "GET /robots.txt HTTP/1.1" 200 432 "-" "Mozilla/5.0 (compatible; Googlebot/2.1; +http://www.google.com/bot.html)" "-"
66.249.69.223 - - [30/Nov/2019:20:15:17 +0100] "GET /img/cms/tienda/aq-plo-master-colores.PNG HTTP/1.1" 404 68108 "-" "Googlebot-Image/1.0" "-"
66.249.69.223 - - [30/Nov/2019:20:15:18 +0100] "GET /img/cms/tienda/sa-0349-colores.JPG HTTP/1.1" 404 68100 "-" "Googlebot-Image/1.0" "-"
66.249.69.223 - - [30/Nov/2019:20:15:19 +0100] "GET /img/cms/tienda/nath-beat-colores.JPG HTTP/1.1" 404 68059 "-" "Googlebot-Image/1.0" "-"
217.76.130.90 - - [30/Nov/2019:20:25:45 +0100] "POST /wp-cron.php?doing_wp_cron=1575141945.8398289680480957031250 HTTP/1.1" 200 3389 "https://amazingsportwear.com/wp-cron.php?doing_wp_cron=1575141945.8398289680480957031250" "WordPress/5.2.4; https://amazingsportwear.com" "-"
157.55.39.152 - - [30/Nov/2019:20:25:44 +0100] "GET /robots.txt HTTP/1.1" 200 2297 "-" "Mozilla/5.0 (compatible; bingbot/2.0; +http://www.bing.com/bingbot.htm)" "-"
157.55.39.152 - - [30/Nov/2019:20:25:46 +0100] "GET /robots.txt HTTP/1.1" 200 3939 "-" "Mozilla/5.0 (compatible; bingbot/2.0; +http://www.bing.com/bingbot.htm)" "-"
73.14.114.145 - - [30/Nov/2019:20:25:53 +0100] "GET /wp-content/uploads/2019/04/Gorra-sport-10.png HTTP/1.1" 200 60426 "https://www.google.com/" "Mozilla/5.0 (Linux; Android 9; LM-Q610(FGN) Build/PKQ1.190522.001; wv) AppleWebKit/537.36 (KHTML, like Gecko) Version/4.0 Chrome/78.0.3904.108 Mobile Safari/537.36 GSA/10.86.14.21.arm" "-"
217.76.130.90 - - [30/Nov/2019:20:26:08 +0100] "POST /wp-cron.php?doing_wp_cron=1575141968.5336329936981201171875 HTTP/1.1" 200 3389 "https://amazingsportwear.com/wp-cron.php?doing_wp_cron=1575141968.5336329936981201171875" "WordPress/5.2.4; https://amazingsportwear.com" "-"
40.77.167.75 - - [30/Nov/2019:20:26:07 +0100] "GET /feed/ HTTP/1.1" 200 73077 "-" "Mozilla/5.0 (compatible; bingbot/2.0; +http://www.bing.com/bingbot.htm)" "-"
85.48.248.251 - - [30/Nov/2019:20:44:28 +0100] "GET /wp-content/uploads/2018/05/cat-8016-04.jpg HTTP/1.1" 200 73064 "https://www.google.com/blank.html" "Mozilla/5.0 (Linux; Android 9; SM-J610FN Build/PPR1.180610.011; wv) AppleWebKit/537.36 (KHTML, like Gecko) Version/4.0 Chrome/76.0.3809.132 Mobile Safari/537.36 GSA/10.77.9.21.arm" "-"
189.239.181.156 - - [30/Nov/2019:20:51:35 +0100] "GET /wp-content/uploads/2019/04/Gorra-sport-6.png HTTP/1.1" 200 44428 "https://www.google.com/" "Mozilla/5.0 (Macintosh; Intel Mac OS X 10_13_6) AppleWebKit/605.1.15 (KHTML, like Gecko) Version/12.1.1 Safari/605.1.15" "-"
217.76.130.90 - - [30/Nov/2019:20:59:39 +0100] "POST /wp-cron.php?doing_wp_cron=1575143979.4007899761199951171875 HTTP/1.1" 200 3389 "https://amazingsportwear.com/wp-cron.php?doing_wp_cron=1575143979.4007899761199951171875" "WordPress/5.2.4; https://amazingsportwear.com" "-"
66.249.69.208 - - [30/Nov/2019:20:59:35 +0100] "GET /producto/mono-triatlon/ HTTP/1.1" 200 90895 "-" "Mozilla/5.0 (Linux; Android 6.0.1; Nexus 5X Build/MMB29P) AppleWebKit/537.36 (KHTML, like Gecko) Chrome/41.0.2272.96 Mobile Safari/537.36 (compatible; Googlebot/2.1; +http://www.google.com/bot.html)" "-"
217.76.130.90 - - [30/Nov/2019:21:03:00 +0100] "POST /wp-cron.php?doing_wp_cron=1575144180.1724998950958251953125 HTTP/1.1" 200 3389 "https://amazingsportwear.com/wp-cron.php?doing_wp_cron=1575144180.1724998950958251953125" "WordPress/5.2.4; https://amazingsportwear.com" "-"
66.249.69.208 - - [30/Nov/2019:21:02:59 +0100] "GET /producto/gorra-sport/ HTTP/1.1" 200 102566 "-" "Mozilla/5.0 (Linux; Android 6.0.1; Nexus 5X Build/MMB29P) AppleWebKit/537.36 (KHTML, like Gecko) Chrome/41.0.2272.96 Mobile Safari/537.36 (compatible; Googlebot/2.1; +http://www.google.com/bot.html)" "-"
217.76.130.90 - - [30/Nov/2019:21:04:06 +0100] "POST /wp-cron.php?doing_wp_cron=1575144246.1726469993591308593750 HTTP/1.1" 200 3389 "https://amazingsportwear.com/wp-cron.php?doing_wp_cron=1575144246.1726469993591308593750" "WordPress/5.2.4; https://amazingsportwear.com" "-"
66.249.69.208 - - [30/Nov/2019:21:04:05 +0100] "GET /producto/gorra-sport/ HTTP/1.1" 200 102592 "-" "Mozilla/5.0 (Linux; Android 6.0.1; Nexus 5X Build/MMB29P) AppleWebKit/537.36 (KHTML, like Gecko) Chrome/41.0.2272.96 Mobile Safari/537.36 (compatible; Googlebot/2.1; +http://www.google.com/bot.html)" "-"
177.228.80.214 - - [30/Nov/2019:21:44:39 +0100] "GET /wp-content/uploads/2019/04/Gorra-sport-10.png HTTP/1.1" 200 60426 "https://www.google.com.mx/" "Mozilla/5.0 (Windows NT 10.0; Win64; x64) AppleWebKit/537.36 (KHTML, like Gecko) Chrome/78.0.3904.108 Safari/537.36" "-"
217.76.130.90 - - [30/Nov/2019:21:52:28 +0100] "POST /wp-cron.php?doing_wp_cron=1575147148.4003388881683349609375 HTTP/1.1" 200 3389 "https://amazingsportwear.com/wp-cron.php?doing_wp_cron=1575147148.4003388881683349609375" "WordPress/5.2.4; https://amazingsportwear.com" "-"
66.249.69.210 - - [30/Nov/2019:21:52:25 +0100] "GET /producto/gorra-five/ HTTP/1.1" 200 97738 "-" "Mozilla/5.0 (Linux; Android 6.0.1; Nexus 5X Build/MMB29P) AppleWebKit/537.36 (KHTML, like Gecko) Chrome/41.0.2272.96 Mobile Safari/537.36 (compatible; Googlebot/2.1; +http://www.google.com/bot.html)" "-"
217.76.130.90 - - [30/Nov/2019:22:01:21 +0100] "POST /wp-cron.php?doing_wp_cron=1575147681.6015470027923583984375 HTTP/1.1" 200 3389 "https://amazingsportwear.com/wp-cron.php?doing_wp_cron=1575147681.6015470027923583984375" "WordPress/5.2.4; https://amazingsportwear.com" "-"
66.249.69.212 - - [30/Nov/2019:22:01:19 +0100] "GET /producto/pantalon-corto-futbol/ HTTP/1.1" 200 91467 "-" "Mozilla/5.0 (compatible; Googlebot/2.1; +http://www.google.com/bot.html)" "-"
217.76.130.90 - - [30/Nov/2019:22:03:20 +0100] "POST /wp-cron.php?doing_wp_cron=1575147800.2485299110412597656250 HTTP/1.1" 200 3389 "https://amazingsportwear.com/wp-cron.php?doing_wp_cron=1575147800.2485299110412597656250" "WordPress/5.2.4; https://amazingsportwear.com" "-"
66.249.69.212 - - [30/Nov/2019:22:03:18 +0100] "GET /producto/camiseta-tecnic-rox-cat-5247/ HTTP/1.1" 200 108303 "-" "Mozilla/5.0 (Linux; Android 6.0.1; Nexus 5X Build/MMB29P) AppleWebKit/537.36 (KHTML, like Gecko) Chrome/41.0.2272.96 Mobile Safari/537.36 (compatible; Googlebot/2.1; +http://www.google.com/bot.html)" "-"
66.249.69.208 - - [30/Nov/2019:22:03:48 +0100] "GET /wp-content/uploads/2018/05/cp-lycra-2.jpg HTTP/1.1" 304 3565 "-" "Googlebot-Image/1.0" "-"
157.55.39.140 - - [30/Nov/2019:22:06:15 +0100] "GET /wp-content/uploads/2019/04/mento3.jpg HTTP/1.1" 200 68117 "-" "Mozilla/5.0 (compatible; bingbot/2.0; +http://www.bing.com/bingbot.htm)" "-"
217.76.130.90 - - [30/Nov/2019:22:09:44 +0100] "POST /wp-cron.php?doing_wp_cron=1575148184.2472209930419921875000 HTTP/1.1" 200 164 "http://amazingsportwear.com/wp-cron.php?doing_wp_cron=1575148184.2472209930419921875000" "WordPress/5.2.4; https://amazingsportwear.com" "-"
178.128.214.35 - - [30/Nov/2019:22:09:41 +0100] "GET /wp-admin/user/user-edit.php HTTP/1.1" 302 401 "http://site.ru" "Mozilla/5.0 (Windows; U; Windows NT 5.1; en-US) AppleWebKit/533.4 (KHTML, like Gecko) Chrome/5.0.375.99 Safari/533.4" "-"
178.128.214.35 - - [30/Nov/2019:22:09:46 +0100] "GET /wp-admin/user/user-edit.php HTTP/1.1" 302 3701 "http://site.ru" "Mozilla/5.0 (Windows; U; Windows NT 5.1; en-US) AppleWebKit/533.4 (KHTML, like Gecko) Chrome/5.0.375.99 Safari/533.4" "-"
178.128.214.35 - - [30/Nov/2019:22:09:47 +0100] "GET /wp-login.php?redirect_to=https%3A%2F%2Famazingsportwear.com%2Fwp-admin%2Fuser%2Fuser-edit.php&reauth=1 HTTP/1.1" 200 6714 "http://site.ru" "Mozilla/5.0 (Windows; U; Windows NT 5.1; en-US) AppleWebKit/533.4 (KHTML, like Gecko) Chrome/5.0.375.99 Safari/533.4" "-"
185.192.74.111 - - [30/Nov/2019:22:32:09 +0100] "GET /wp-content/uploads/2019/04/Gorra-sport-6.png HTTP/1.1" 200 44428 "https://www.google.com/" "Mozilla/5.0 (Macintosh; Intel Mac OS X 10.13; rv:70.0) Gecko/20100101 Firefox/70.0" "-"
217.76.130.90 - - [30/Nov/2019:22:39:49 +0100] "POST /wp-cron.php?doing_wp_cron=1575149988.9917049407958984375000 HTTP/1.1" 200 3389 "https://amazingsportwear.com/wp-cron.php?doing_wp_cron=1575149988.9917049407958984375000" "WordPress/5.2.4; https://amazingsportwear.com" "-"
173.252.95.8 - - [30/Nov/2019:22:39:46 +0100] "GET / HTTP/1.1" 200 125525 "-" "facebookexternalhit/1.1 (+http://www.facebook.com/externalhit_uatext.php)" "-"
173.252.95.8 - - [30/Nov/2019:22:39:52 +0100] "GET /contacta-con-nosotros HTTP/1.1" 301 319 "-" "facebookexternalhit/1.1 (+http://www.facebook.com/externalhit_uatext.php)" "-"
173.252.95.8 - - [30/Nov/2019:22:39:53 +0100] "GET /contacta-con-nosotros/ HTTP/1.1" 200 58217 "-" "facebookexternalhit/1.1 (+http://www.facebook.com/externalhit_uatext.php)" "-"
217.76.130.90 - - [30/Nov/2019:22:44:21 +0100] "POST /wp-cron.php?doing_wp_cron=1575150261.0689771175384521484375 HTTP/1.1" 200 3389 "https://amazingsportwear.com/wp-cron.php?doing_wp_cron=1575150261.0689771175384521484375" "WordPress/5.2.4; https://amazingsportwear.com" "-"
66.249.69.208 - - [30/Nov/2019:22:44:19 +0100] "GET /producto/camiseta-tecnica-nath-combi-2/ HTTP/1.1" 200 102486 "-" "Mozilla/5.0 (Linux; Android 6.0.1; Nexus 5X Build/MMB29P) AppleWebKit/537.36 (KHTML, like Gecko) Chrome/41.0.2272.96 Mobile Safari/537.36 (compatible; Googlebot/2.1; +http://www.google.com/bot.html)" "-"
217.76.130.90 - - [30/Nov/2019:22:53:41 +0100] "POST /wp-cron.php?doing_wp_cron=1575150821.5424699783325195312500 HTTP/1.1" 200 3389 "https://amazingsportwear.com/wp-cron.php?doing_wp_cron=1575150821.5424699783325195312500" "WordPress/5.2.4; https://amazingsportwear.com" "-"
66.249.69.208 - - [30/Nov/2019:22:53:39 +0100] "GET /producto/peto-reversible-deportivo/ HTTP/1.1" 200 96870 "-" "Mozilla/5.0 (Linux; Android 6.0.1; Nexus 5X Build/MMB29P) AppleWebKit/537.36 (KHTML, like Gecko) Chrome/41.0.2272.96 Mobile Safari/537.36 (compatible; Googlebot/2.1; +http://www.google.com/bot.html)" "-"
217.76.130.90 - - [30/Nov/2019:23:04:30 +0100] "POST /wp-cron.php?doing_wp_cron=1575151470.7308540344238281250000 HTTP/1.1" 200 3389 "https://amazingsportwear.com/wp-cron.php?doing_wp_cron=1575151470.7308540344238281250000" "WordPress/5.2.4; https://amazingsportwear.com" "-"
66.249.69.212 - - [30/Nov/2019:23:04:28 +0100] "GET /producto/rinonera-wanel-cat-5311/ HTTP/1.1" 200 94447 "-" "Mozilla/5.0 (Linux; Android 6.0.1; Nexus 5X Build/MMB29P) AppleWebKit/537.36 (KHTML, like Gecko) Chrome/41.0.2272.96 Mobile Safari/537.36 (compatible; Googlebot/2.1; +http://www.google.com/bot.html)" "-"
217.76.130.90 - - [30/Nov/2019:23:06:34 +0100] "POST /wp-cron.php?doing_wp_cron=1575151594.3433949947357177734375 HTTP/1.1" 200 164 "http://amazingsportwear.com/wp-cron.php?doing_wp_cron=1575151594.3433949947357177734375" "WordPress/5.2.4; https://amazingsportwear.com" "-"
157.55.39.140 - - [30/Nov/2019:23:06:33 +0100] "GET /img/cms/camiseta_play2win.jpg HTTP/1.1" 404 68055 "-" "Mozilla/5.0 (compatible; bingbot/2.0; +http://www.bing.com/bingbot.htm)" "-"
217.76.130.90 - - [30/Nov/2019:23:07:40 +0100] "POST /wp-cron.php?doing_wp_cron=1575151660.1955358982086181640625 HTTP/1.1" 200 164 "http://amazingsportwear.com/wp-cron.php?doing_wp_cron=1575151660.1955358982086181640625" "WordPress/5.2.4; https://amazingsportwear.com" "-"
185.220.101.68 - - [30/Nov/2019:23:07:39 +0100] "POST /xmlrpc.php HTTP/1.1" 200 637 "-" "Mozilla/5.0 (Windows NT 10.0; Win64; x64; rv:68.0) Gecko/20100101 Firefox/68.0" "-"
181.115.131.42 - - [30/Nov/2019:23:08:56 +0100] "GET /wp-content/uploads/2018/05/sa-0421-azul-blanco.jpg HTTP/1.1" 200 91825 "https://www.google.com/" "Mozilla/5.0 (Linux; Android 9; SAMSUNG SM-A705MN Build/PPR1.180610.011) AppleWebKit/537.36 (KHTML, like Gecko) SamsungBrowser/9.0 Chrome/67.0.3396.87 Mobile Safari/537.36" "-"
217.76.130.90 - - [30/Nov/2019:23:12:33 +0100] "POST /wp-cron.php?doing_wp_cron=1575151953.5475258827209472656250 HTTP/1.1" 200 3389 "https://amazingsportwear.com/wp-cron.php?doing_wp_cron=1575151953.5475258827209472656250" "WordPress/5.2.4; https://amazingsportwear.com" "-"
66.249.69.212 - - [30/Nov/2019:23:12:32 +0100] "GET /producto/camiseta-tecnica-combinada-shangai-mujer/ HTTP/1.1" 200 111759 "-" "Mozilla/5.0 (Linux; Android 6.0.1; Nexus 5X Build/MMB29P) AppleWebKit/537.36 (KHTML, like Gecko) Chrome/41.0.2272.96 Mobile Safari/537.36 (compatible; Googlebot/2.1; +http://www.google.com/bot.html)" "-"
66.249.69.208 - - [30/Nov/2019:23:12:38 +0100] "POST /?wc-ajax=get_refreshed_fragments HTTP/1.1" 200 4760 "https://amazingsportwear.com/producto/camiseta-tecnica-combinada-shangai-mujer/" "Mozilla/5.0 (Linux; Android 6.0.1; Nexus 5X Build/MMB29P) AppleWebKit/537.36 (KHTML, like Gecko) Chrome/41.0.2272.96 Mobile Safari/537.36 (compatible; Googlebot/2.1; +http://www.google.com/bot.html)" "_ga=GA1.2.969013651.1575072000; _gid=GA1.2.1978218920.1575072000; _gat_gtag_UA_91619287_1=1"
181.231.58.156 - - [30/Nov/2019:23:13:21 +0100] "GET /wp-content/uploads/2019/04/gorra-dowan-2.png HTTP/1.1" 200 88550 "https://www.google.com/" "Mozilla/5.0 (Windows NT 10.0; Win64; x64) AppleWebKit/537.36 (KHTML, like Gecko) Chrome/78.0.3904.108 Safari/537.36" "-"
217.76.130.90 - - [30/Nov/2019:23:25:22 +0100] "POST /wp-cron.php?doing_wp_cron=1575152722.9409770965576171875000 HTTP/1.1" 200 3389 "https://amazingsportwear.com/wp-cron.php?doing_wp_cron=1575152722.9409770965576171875000" "WordPress/5.2.4; https://amazingsportwear.com" "-"
66.249.69.210 - - [30/Nov/2019:23:25:21 +0100] "GET /producto/camiseta-tecnica-dinamic-combi/ HTTP/1.1" 200 104167 "-" "Mozilla/5.0 (Linux; Android 6.0.1; Nexus 5X Build/MMB29P) AppleWebKit/537.36 (KHTML, like Gecko) Chrome/41.0.2272.96 Mobile Safari/537.36 (compatible; Googlebot/2.1; +http://www.google.com/bot.html)" "-"
217.76.130.90 - - [30/Nov/2019:23:31:15 +0100] "POST /wp-cron.php?doing_wp_cron=1575153074.6753430366516113281250 HTTP/1.1" 200 164 "http://amazingsportwear.com/wp-cron.php?doing_wp_cron=1575153074.6753430366516113281250" "WordPress/5.2.4; https://amazingsportwear.com" "-"
207.46.13.8 - - [30/Nov/2019:23:31:13 +0100] "GET /16-futbol HTTP/1.1" 404 68003 "-" "Mozilla/5.0 (iPhone; CPU iPhone OS 7_0 like Mac OS X) AppleWebKit/537.51.1 (KHTML, like Gecko) Version/7.0 Mobile/11A465 Safari/9537.53 (compatible; bingbot/2.0; +http://www.bing.com/bingbot.htm)" "-"
66.249.69.212 - - [30/Nov/2019:23:44:57 +0100] "GET /wp-content/uploads/2017/03/AQ-speed-1-300x300.jpg HTTP/1.1" 304 3565 "-" "Googlebot-Image/1.0" "-"
217.76.130.90 - - [30/Nov/2019:23:44:58 +0100] "POST /wp-cron.php?doing_wp_cron=1575153898.3068029880523681640625 HTTP/1.1" 200 3389 "https://amazingsportwear.com/wp-cron.php?doing_wp_cron=1575153898.3068029880523681640625" "WordPress/5.2.4; https://amazingsportwear.com" "-"
