217.76.130.90 - - [16/Dec/2019:00:11:24 +0100] "POST /wp-cron.php?doing_wp_cron=1576451484.6057078838348388671875 HTTP/1.1" 200 3389 "https://amazingsportwear.com/wp-cron.php?doing_wp_cron=1576451484.6057078838348388671875" "WordPress/5.2.5; https://amazingsportwear.com" "-"
54.36.148.25 - - [16/Dec/2019:00:11:22 +0100] "GET /robots.txt HTTP/1.1" 200 3692 "-" "Mozilla/5.0 (compatible; AhrefsBot/6.1; +http://ahrefs.com/robot/)" "-"
54.36.148.144 - - [16/Dec/2019:00:11:25 +0100] "GET / HTTP/1.1" 301 3504 "-" "Mozilla/5.0 (compatible; AhrefsBot/6.1; +http://ahrefs.com/robot/)" "-"
217.76.130.90 - - [16/Dec/2019:00:14:41 +0100] "POST /wp-cron.php?doing_wp_cron=1576451681.7891850471496582031250 HTTP/1.1" 200 3389 "https://amazingsportwear.com/wp-cron.php?doing_wp_cron=1576451681.7891850471496582031250" "WordPress/5.2.5; https://amazingsportwear.com" "-"
40.77.167.90 - - [16/Dec/2019:00:14:40 +0100] "GET /22-tienda?p=13 HTTP/1.1" 301 3870 "-" "Mozilla/5.0 (compatible; bingbot/2.0; +http://www.bing.com/bingbot.htm)" "-"
217.76.130.90 - - [16/Dec/2019:00:22:31 +0100] "POST /wp-cron.php?doing_wp_cron=1576452151.8357980251312255859375 HTTP/1.1" 200 3389 "https://amazingsportwear.com/wp-cron.php?doing_wp_cron=1576452151.8357980251312255859375" "WordPress/5.2.5; https://amazingsportwear.com" "-"
46.166.173.131 - - [16/Dec/2019:00:22:31 +0100] "GET /inicio-sesion HTTP/1.1" 404 72018 "-" "-" "-"
217.76.130.90 - - [16/Dec/2019:00:41:12 +0100] "POST /wp-cron.php?doing_wp_cron=1576453272.5430760383605957031250 HTTP/1.1" 200 164 "http://amazingsportwear.com/wp-cron.php?doing_wp_cron=1576453272.5430760383605957031250" "WordPress/5.2.5; https://amazingsportwear.com" "-"
217.76.130.90 - - [16/Dec/2019:00:41:12 +0100] "POST /wp-cron.php?doing_wp_cron=1576453272.5455489158630371093750 HTTP/1.1" 200 164 "http://amazingsportwear.com/wp-cron.php?doing_wp_cron=1576453272.5455489158630371093750" "WordPress/5.2.5; https://amazingsportwear.com" "-"
46.119.167.89 - - [16/Dec/2019:00:41:11 +0100] "GET /producto/camiseta-tecnica-manga-larga-sa-0415/ HTTP/1.1" 200 103811 "https://travel-semantics.com/" "Mozilla/4.0 (compatible; MSIE 6.0; AOL 9.0; Windows NT 5.1)" "-"
46.119.167.89 - - [16/Dec/2019:00:41:10 +0100] "GET /producto/camiseta-tecnica-manga-larga-sa-0415/ HTTP/1.1" 200 103908 "https://travel-semantics.com/" "Mozilla/4.0 (compatible; MSIE 6.0; AOL 9.0; Windows NT 5.1)" "-"
46.119.167.89 - - [16/Dec/2019:00:41:12 +0100] "GET /producto/camiseta-tecnica-manga-larga-sa-0415/ HTTP/1.1" 200 103570 "https://travel-semantics.com/" "Mozilla/4.0 (compatible; MSIE 6.0; AOL 9.0; Windows NT 5.1)" "-"
66.249.64.148 - - [16/Dec/2019:00:48:57 +0100] "GET /wp-includes/css/dist/block-library/style.min.css?ver=5.2.4 HTTP/1.1" 200 33023 "https://amazingsportwear.com/" "Mozilla/5.0 (Linux; Android 6.0.1; Nexus 5X Build/MMB29P) AppleWebKit/537.36 (KHTML, like Gecko) Chrome/41.0.2272.96 Mobile Safari/537.36 (compatible; Googlebot/2.1; +http://www.google.com/bot.html)" "-"
66.249.64.146 - - [16/Dec/2019:00:48:58 +0100] "GET /wp-includes/js/wp-embed.min.js?ver=5.2.4 HTTP/1.1" 200 5107 "https://amazingsportwear.com/" "Mozilla/5.0 (Linux; Android 6.0.1; Nexus 5X Build/MMB29P) AppleWebKit/537.36 (KHTML, like Gecko) Chrome/41.0.2272.96 Mobile Safari/537.36 (compatible; Googlebot/2.1; +http://www.google.com/bot.html)" "-"
66.249.64.146 - - [16/Dec/2019:00:48:59 +0100] "GET /wp-content/themes/shopper/assets/sass/woocommerce/woocommerce.css?ver=5.2.4 HTTP/1.1" 200 83534 "https://amazingsportwear.com/" "Mozilla/5.0 (Linux; Android 6.0.1; Nexus 5X Build/MMB29P) AppleWebKit/537.36 (KHTML, like Gecko) Chrome/41.0.2272.96 Mobile Safari/537.36 (compatible; Googlebot/2.1; +http://www.google.com/bot.html)" "-"
66.249.64.144 - - [16/Dec/2019:00:49:01 +0100] "GET /wp-includes/js/wp-emoji-release.min.js?ver=5.2.4 HTTP/1.1" 200 17546 "https://amazingsportwear.com/" "Mozilla/5.0 (Linux; Android 6.0.1; Nexus 5X Build/MMB29P) AppleWebKit/537.36 (KHTML, like Gecko) Chrome/41.0.2272.96 Mobile Safari/537.36 (compatible; Googlebot/2.1; +http://www.google.com/bot.html)" "-"
217.76.130.90 - - [16/Dec/2019:00:49:03 +0100] "POST /wp-cron.php?doing_wp_cron=1576453743.7869250774383544921875 HTTP/1.1" 200 3389 "https://amazingsportwear.com/wp-cron.php?doing_wp_cron=1576453743.7869250774383544921875" "WordPress/5.2.5; https://amazingsportwear.com" "-"
66.249.64.144 - - [16/Dec/2019:00:49:03 +0100] "POST /?wc-ajax=get_refreshed_fragments HTTP/1.1" 200 1397 "https://amazingsportwear.com/" "Mozilla/5.0 (Linux; Android 6.0.1; Nexus 5X Build/MMB29P) AppleWebKit/537.36 (KHTML, like Gecko) Chrome/41.0.2272.96 Mobile Safari/537.36 (compatible; Googlebot/2.1; +http://www.google.com/bot.html)" "_ga=GA1.2.1951319036.1575936000; _gid=GA1.2.1036204339.1575936000; _gat_gtag_UA_91619287_1=1"
217.76.130.90 - - [16/Dec/2019:00:51:45 +0100] "POST /wp-cron.php?doing_wp_cron=1576453905.4159820079803466796875 HTTP/1.1" 200 3389 "https://amazingsportwear.com/wp-cron.php?doing_wp_cron=1576453905.4159820079803466796875" "WordPress/5.2.5; https://amazingsportwear.com" "-"
173.245.202.58 - - [16/Dec/2019:00:51:44 +0100] "GET /producto/polo-tecnico-game-slazenger-hombre-pf-33108/ HTTP/1.1" 200 106863 "-" "Mozilla/5.0 (Windows NT 10.0; Win64; x64; rv:66.0) Gecko/20100101 Firefox/66.0" "-"
217.76.130.90 - - [16/Dec/2019:00:57:02 +0100] "POST /wp-cron.php?doing_wp_cron=1576454222.7606809139251708984375 HTTP/1.1" 200 3389 "https://amazingsportwear.com/wp-cron.php?doing_wp_cron=1576454222.7606809139251708984375" "WordPress/5.2.5; https://amazingsportwear.com" "-"
46.166.173.131 - - [16/Dec/2019:00:57:01 +0100] "GET /inicio-sesion HTTP/1.1" 404 72033 "-" "-" "-"
217.76.130.90 - - [16/Dec/2019:00:59:07 +0100] "POST /wp-cron.php?doing_wp_cron=1576454347.7921700477600097656250 HTTP/1.1" 200 164 "http://amazingsportwear.com/wp-cron.php?doing_wp_cron=1576454347.7921700477600097656250" "WordPress/5.2.5; https://amazingsportwear.com" "-"
207.46.13.109 - - [16/Dec/2019:00:59:07 +0100] "GET /22-tienda HTTP/1.1" 404 68008 "-" "Mozilla/5.0 (iPhone; CPU iPhone OS 7_0 like Mac OS X) AppleWebKit/537.51.1 (KHTML, like Gecko) Version/7.0 Mobile/11A465 Safari/9537.53 (compatible; bingbot/2.0; +http://www.bing.com/bingbot.htm)" "-"
217.76.130.90 - - [16/Dec/2019:01:05:32 +0100] "POST /wp-cron.php?doing_wp_cron=1576454732.3187699317932128906250 HTTP/1.1" 200 3389 "https://amazingsportwear.com/wp-cron.php?doing_wp_cron=1576454732.3187699317932128906250" "WordPress/5.2.5; https://amazingsportwear.com" "-"
207.46.13.109 - - [16/Dec/2019:01:05:29 +0100] "GET /producto/mochila-humus/ HTTP/1.1" 200 97398 "-" "Mozilla/5.0 (compatible; bingbot/2.0; +http://www.bing.com/bingbot.htm)" "-"
207.46.13.109 - - [16/Dec/2019:01:05:35 +0100] "GET /producto/camiseta-tecnica-dryfresh-cif-t569/ HTTP/1.1" 200 98037 "-" "Mozilla/5.0 (compatible; bingbot/2.0; +http://www.bing.com/bingbot.htm)" "-"
217.76.130.90 - - [16/Dec/2019:01:10:25 +0100] "POST /wp-cron.php?doing_wp_cron=1576455025.3664178848266601562500 HTTP/1.1" 200 3389 "https://amazingsportwear.com/wp-cron.php?doing_wp_cron=1576455025.3664178848266601562500" "WordPress/5.2.5; https://amazingsportwear.com" "-"
40.77.167.90 - - [16/Dec/2019:01:10:24 +0100] "GET /tienda/100-camiseta-tecnica-montecarlo-mujer-sa-0423.html HTTP/1.1" 404 72334 "-" "Mozilla/5.0 (compatible; bingbot/2.0; +http://www.bing.com/bingbot.htm)" "-"
217.76.130.90 - - [16/Dec/2019:01:11:15 +0100] "POST /wp-cron.php?doing_wp_cron=1576455075.7438919544219970703125 HTTP/1.1" 200 3389 "https://amazingsportwear.com/wp-cron.php?doing_wp_cron=1576455075.7438919544219970703125" "WordPress/5.2.5; https://amazingsportwear.com" "-"
17.58.96.177 - - [16/Dec/2019:01:11:14 +0100] "GET /categoria-producto/hombre/polostecnicos/ HTTP/1.1" 200 76366 "-" "Mozilla/5.0 (Macintosh; Intel Mac OS X 10_10_1) AppleWebKit/600.2.5 (KHTML, like Gecko) Version/8.0.2 Safari/600.2.5 (Applebot/0.1; +http://www.apple.com/go/applebot)" "-"
217.76.130.90 - - [16/Dec/2019:01:12:59 +0100] "POST /wp-cron.php?doing_wp_cron=1576455179.6528339385986328125000 HTTP/1.1" 200 3389 "https://amazingsportwear.com/wp-cron.php?doing_wp_cron=1576455179.6528339385986328125000" "WordPress/5.2.5; https://amazingsportwear.com" "-"
157.55.39.73 - - [16/Dec/2019:01:12:59 +0100] "GET /etiqueta-producto/bidon-vandix/ HTTP/1.1" 200 54035 "-" "Mozilla/5.0 (compatible; bingbot/2.0; +http://www.bing.com/bingbot.htm)" "-"
217.76.130.90 - - [16/Dec/2019:01:18:52 +0100] "POST /wp-cron.php?doing_wp_cron=1576455532.5586209297180175781250 HTTP/1.1" 200 164 "http://amazingsportwear.com/wp-cron.php?doing_wp_cron=1576455532.5586209297180175781250" "WordPress/5.2.5; https://amazingsportwear.com" "-"
217.76.130.90 - - [16/Dec/2019:01:18:52 +0100] "POST /wp-cron.php?doing_wp_cron=1576455532.5586280822753906250000 HTTP/1.1" 200 164 "http://amazingsportwear.com/wp-cron.php?doing_wp_cron=1576455532.5586280822753906250000" "WordPress/5.2.5; https://amazingsportwear.com" "-"
46.119.175.92 - - [16/Dec/2019:01:18:51 +0100] "GET /producto/camiseta-tecnica-manga-larga-sa-0415/ HTTP/1.1" 200 104096 "https://sexpornotales.net/" "Mozilla/4.0 (compatible; MSIE 6.0; Windows NT 5.1; SV1)" "-"
46.119.175.92 - - [16/Dec/2019:01:18:51 +0100] "GET /producto/camiseta-tecnica-manga-larga-sa-0415/ HTTP/1.1" 200 103618 "https://otopleniedomov.com/" "Mozilla/4.0 (compatible; MSIE 6.0; Windows NT 5.1; SV1; .NET CLR 1.1.4322)" "-"
46.119.175.92 - - [16/Dec/2019:01:18:53 +0100] "GET /producto/camiseta-tecnica-manga-larga-sa-0415/ HTTP/1.1" 200 103908 "https://otopleniedomov.com/" "Mozilla/4.0 (compatible; MSIE 6.0; Windows NT 5.1; SV1; .NET CLR 1.1.4322)" "-"
46.119.175.92 - - [16/Dec/2019:01:18:53 +0100] "GET /producto/camiseta-tecnica-manga-larga-sa-0415/ HTTP/1.1" 200 104087 "https://sexpornotales.net/" "Mozilla/4.0 (compatible; MSIE 6.0; Windows NT 5.1; SV1)" "-"
46.119.175.92 - - [16/Dec/2019:01:18:54 +0100] "GET /producto/camiseta-tecnica-manga-larga-sa-0415/ HTTP/1.1" 200 103829 "https://sexpornotales.net/" "Mozilla/4.0 (compatible; MSIE 6.0; Windows NT 5.1; SV1)" "-"
46.119.175.92 - - [16/Dec/2019:01:18:54 +0100] "GET /producto/camiseta-tecnica-manga-larga-sa-0415/ HTTP/1.1" 200 103894 "https://otopleniedomov.com/" "Mozilla/4.0 (compatible; MSIE 6.0; Windows NT 5.1; SV1; .NET CLR 1.1.4322)" "-"
217.76.130.90 - - [16/Dec/2019:01:48:39 +0100] "POST /wp-cron.php?doing_wp_cron=1576457319.2874898910522460937500 HTTP/1.1" 200 3389 "https://amazingsportwear.com/wp-cron.php?doing_wp_cron=1576457319.2874898910522460937500" "WordPress/5.2.5; https://amazingsportwear.com" "-"
40.77.167.90 - - [16/Dec/2019:01:48:36 +0100] "GET /tienda/page/3/ HTTP/1.1" 200 76683 "-" "Mozilla/5.0 (compatible; bingbot/2.0; +http://www.bing.com/bingbot.htm)" "-"
217.76.130.90 - - [16/Dec/2019:01:51:02 +0100] "POST /wp-cron.php?doing_wp_cron=1576457462.5217618942260742187500 HTTP/1.1" 200 3389 "https://amazingsportwear.com/wp-cron.php?doing_wp_cron=1576457462.5217618942260742187500" "WordPress/5.2.5; https://amazingsportwear.com" "-"
148.251.78.18 - - [16/Dec/2019:01:51:01 +0100] "GET /robots.txt HTTP/1.1" 200 3939 "-" "Mozilla/5.0 (compatible; MJ12bot/v1.4.8; http://mj12bot.com/)" "-"
148.251.78.18 - - [16/Dec/2019:01:51:04 +0100] "GET /wp-content/uploads/2019/04/AQUA-10043400-TRANSPARENTE-DISE%C3%91O.png HTTP/1.1" 200 92672 "-" "Mozilla/5.0 (compatible; MJ12bot/v1.4.8; http://mj12bot.com/)" "-"
148.251.78.18 - - [16/Dec/2019:01:51:06 +0100] "GET /wp-content/uploads/2019/04/BOTELLA-TRIT%C3%81N-DISE%C3%91O-1.png HTTP/1.1" 200 134920 "-" "Mozilla/5.0 (compatible; MJ12bot/v1.4.8; http://mj12bot.com/)" "-"
148.251.78.18 - - [16/Dec/2019:01:51:08 +0100] "GET /wp-content/uploads/2019/04/Bid%C3%B3n-Iskan-1.png HTTP/1.1" 200 51365 "-" "Mozilla/5.0 (compatible; MJ12bot/v1.4.8; http://mj12bot.com/)" "-"
148.251.78.18 - - [16/Dec/2019:01:51:10 +0100] "GET /wp-content/uploads/2019/04/Bid%C3%B3n-Iskan-2.png HTTP/1.1" 200 73304 "-" "Mozilla/5.0 (compatible; MJ12bot/v1.4.8; http://mj12bot.com/)" "-"
148.251.78.18 - - [16/Dec/2019:01:51:13 +0100] "GET /wp-content/uploads/2019/04/Bid%C3%B3n-Iskan-3.png HTTP/1.1" 200 44502 "-" "Mozilla/5.0 (compatible; MJ12bot/v1.4.8; http://mj12bot.com/)" "-"
148.251.78.18 - - [16/Dec/2019:01:51:17 +0100] "GET /wp-content/uploads/2019/04/Bid%C3%B3n-Iskan-4.png HTTP/1.1" 200 74092 "-" "Mozilla/5.0 (compatible; MJ12bot/v1.4.8; http://mj12bot.com/)" "-"
148.251.78.18 - - [16/Dec/2019:01:51:20 +0100] "GET /wp-content/uploads/2019/04/Bid%C3%B3n-Iskan-5.png HTTP/1.1" 200 74672 "-" "Mozilla/5.0 (compatible; MJ12bot/v1.4.8; http://mj12bot.com/)" "-"
148.251.78.18 - - [16/Dec/2019:01:51:22 +0100] "GET /wp-content/uploads/2019/04/Bid%C3%B3n-Iskan-6.png HTTP/1.1" 200 68718 "-" "Mozilla/5.0 (compatible; MJ12bot/v1.4.8; http://mj12bot.com/)" "-"
148.251.78.18 - - [16/Dec/2019:01:51:26 +0100] "GET /wp-content/uploads/2019/04/Bid%C3%B3n-Iskan-7.png HTTP/1.1" 200 71019 "-" "Mozilla/5.0 (compatible; MJ12bot/v1.4.8; http://mj12bot.com/)" "-"
148.251.78.18 - - [16/Dec/2019:01:51:29 +0100] "GET /wp-content/uploads/2019/04/Bid%C3%B3n-Iskan-8.png HTTP/1.1" 200 72473 "-" "Mozilla/5.0 (compatible; MJ12bot/v1.4.8; http://mj12bot.com/)" "-"
148.251.78.18 - - [16/Dec/2019:01:51:32 +0100] "GET /wp-content/uploads/2019/04/MU%C3%91EQUERA-BEKER-1.png HTTP/1.1" 200 159279 "-" "Mozilla/5.0 (compatible; MJ12bot/v1.4.8; http://mj12bot.com/)" "-"
148.251.78.18 - - [16/Dec/2019:01:51:34 +0100] "GET /wp-content/uploads/2019/04/MU%C3%91EQUERA-BEKER-2.png HTTP/1.1" 200 112422 "-" "Mozilla/5.0 (compatible; MJ12bot/v1.4.8; http://mj12bot.com/)" "-"
148.251.78.18 - - [16/Dec/2019:01:51:40 +0100] "GET /wp-content/uploads/2019/04/MU%C3%91EQUERA-BEKER-3.png HTTP/1.1" 200 134920 "-" "Mozilla/5.0 (compatible; MJ12bot/v1.4.8; http://mj12bot.com/)" "-"
148.251.78.18 - - [16/Dec/2019:01:51:43 +0100] "GET /wp-content/uploads/2019/04/MU%C3%91EQUERA-BEKER-4.png HTTP/1.1" 200 108481 "-" "Mozilla/5.0 (compatible; MJ12bot/v1.4.8; http://mj12bot.com/)" "-"
148.251.78.18 - - [16/Dec/2019:01:51:45 +0100] "GET /wp-content/uploads/2019/04/MU%C3%91EQUERA-BEKER-5.png HTTP/1.1" 200 145431 "-" "Mozilla/5.0 (compatible; MJ12bot/v1.4.8; http://mj12bot.com/)" "-"
148.251.78.18 - - [16/Dec/2019:01:51:51 +0100] "GET /wp-content/uploads/2019/04/Ri%C3%B1onera-gran-formato-1.png HTTP/1.1" 200 102945 "-" "Mozilla/5.0 (compatible; MJ12bot/v1.4.8; http://mj12bot.com/)" "-"
148.251.78.18 - - [16/Dec/2019:01:51:54 +0100] "GET /wp-content/uploads/2019/04/Ri%C3%B1onera-gran-formato-2.png HTTP/1.1" 200 72894 "-" "Mozilla/5.0 (compatible; MJ12bot/v1.4.8; http://mj12bot.com/)" "-"
148.251.78.18 - - [16/Dec/2019:01:51:56 +0100] "GET /wp-content/uploads/2019/04/Ri%C3%B1onera-gran-formato-3.png HTTP/1.1" 200 100831 "-" "Mozilla/5.0 (compatible; MJ12bot/v1.4.8; http://mj12bot.com/)" "-"
148.251.78.18 - - [16/Dec/2019:01:52:07 +0100] "GET /wp-content/uploads/2019/04/Ri%C3%B1onera-gran-formato-4.png HTTP/1.1" 200 76802 "-" "Mozilla/5.0 (compatible; MJ12bot/v1.4.8; http://mj12bot.com/)" "-"
148.251.78.18 - - [16/Dec/2019:01:52:09 +0100] "GET /wp-content/uploads/2019/04/SKY-TAPA-NEGRA-DISE%C3%91O-BOHO-PINK.jpg HTTP/1.1" 200 95327 "-" "Mozilla/5.0 (compatible; MJ12bot/v1.4.8; http://mj12bot.com/)" "-"
148.251.78.18 - - [16/Dec/2019:01:52:15 +0100] "GET /wp-content/uploads/2019/04/SUMO-TRANSPARENTE-DISE%C3%91O-CARDINALS.png HTTP/1.1" 200 134921 "-" "Mozilla/5.0 (compatible; MJ12bot/v1.4.8; http://mj12bot.com/)" "-"
148.251.78.18 - - [16/Dec/2019:01:52:18 +0100] "GET /wp-content/uploads/2019/04/VANDIX-AZUL-DISE%C3%91O.png HTTP/1.1" 200 150937 "-" "Mozilla/5.0 (compatible; MJ12bot/v1.4.8; http://mj12bot.com/)" "-"
148.251.78.18 - - [16/Dec/2019:01:52:20 +0100] "GET /wp-content/uploads/2019/04/VANDIX-AZU%C3%91L.png HTTP/1.1" 200 120513 "-" "Mozilla/5.0 (compatible; MJ12bot/v1.4.8; http://mj12bot.com/)" "-"
148.251.78.18 - - [16/Dec/2019:01:52:26 +0100] "GET /wp-content/uploads/2019/04/mu%C3%B1equera-oakley-1.png HTTP/1.1" 200 107042 "-" "Mozilla/5.0 (compatible; MJ12bot/v1.4.8; http://mj12bot.com/)" "-"
148.251.78.18 - - [16/Dec/2019:01:52:28 +0100] "GET /wp-content/uploads/2019/04/mu%C3%B1equera-oakley-2.png HTTP/1.1" 200 145799 "-" "Mozilla/5.0 (compatible; MJ12bot/v1.4.8; http://mj12bot.com/)" "-"
148.251.78.18 - - [16/Dec/2019:01:52:32 +0100] "GET /wp-content/uploads/2019/04/mu%C3%B1equera-oakley-3.png HTTP/1.1" 200 79629 "-" "Mozilla/5.0 (compatible; MJ12bot/v1.4.8; http://mj12bot.com/)" "-"
148.251.78.18 - - [16/Dec/2019:01:52:36 +0100] "GET /wp-content/uploads/2019/04/mu%C3%B1equera-oakley-4.png HTTP/1.1" 200 145881 "-" "Mozilla/5.0 (compatible; MJ12bot/v1.4.8; http://mj12bot.com/)" "-"
148.251.78.18 - - [16/Dec/2019:01:52:42 +0100] "GET /wp-content/uploads/2019/04/mu%C3%B1equera-oakley-5.png HTTP/1.1" 200 98550 "-" "Mozilla/5.0 (compatible; MJ12bot/v1.4.8; http://mj12bot.com/)" "-"
148.251.78.18 - - [16/Dec/2019:01:52:47 +0100] "GET /wp-content/uploads/2019/04/mu%C3%B1equera-oakley-6.png HTTP/1.1" 200 96034 "-" "Mozilla/5.0 (compatible; MJ12bot/v1.4.8; http://mj12bot.com/)" "-"
148.251.78.18 - - [16/Dec/2019:01:52:49 +0100] "GET /wp-content/uploads/2019/04/mu%C3%B1equera-oakley-7.png HTTP/1.1" 200 123351 "-" "Mozilla/5.0 (compatible; MJ12bot/v1.4.8; http://mj12bot.com/)" "-"
217.76.130.90 - - [16/Dec/2019:01:59:07 +0100] "POST /wp-cron.php?doing_wp_cron=1576457947.9243929386138916015625 HTTP/1.1" 200 164 "http://amazingsportwear.com/wp-cron.php?doing_wp_cron=1576457947.9243929386138916015625" "WordPress/5.2.5; https://amazingsportwear.com" "-"
40.77.167.52 - - [16/Dec/2019:01:59:07 +0100] "GET /tienda/176-pantalon-mujer-rocky-nath-rocky.html HTTP/1.1" 404 68115 "-" "Mozilla/5.0 (iPhone; CPU iPhone OS 7_0 like Mac OS X) AppleWebKit/537.51.1 (KHTML, like Gecko) Version/7.0 Mobile/11A465 Safari/9537.53 (compatible; bingbot/2.0; +http://www.bing.com/bingbot.htm)" "-"
217.76.130.90 - - [16/Dec/2019:02:05:55 +0100] "POST /wp-cron.php?doing_wp_cron=1576458355.6248939037322998046875 HTTP/1.1" 200 3389 "https://amazingsportwear.com/wp-cron.php?doing_wp_cron=1576458355.6248939037322998046875" "WordPress/5.2.5; https://amazingsportwear.com" "-"
183.21.119.10 - - [16/Dec/2019:02:05:53 +0100] "GET /etiqueta-producto/sky HTTP/1.1" 301 3545 "-" "Mozilla/5.0(Linux;Android 5.1.1;OPPO A33 Build/LMY47V;wv) AppleWebKit/537.36(KHTML,link Gecko) Version/4.0 Chrome/42.0.2311.138 Mobile Safari/537.36 Mb2345Browser/9.0" "-"
183.21.119.10 - - [16/Dec/2019:02:05:57 +0100] "GET /etiqueta-producto/sky/ HTTP/1.1" 200 53620 "-" "Mozilla/5.0(Linux;Android 5.1.1;OPPO A33 Build/LMY47V;wv) AppleWebKit/537.36(KHTML,link Gecko) Version/4.0 Chrome/42.0.2311.138 Mobile Safari/537.36 Mb2345Browser/9.0" "wpfront-notification-bar-landingpage=1"
59.42.184.177 - - [16/Dec/2019:02:05:59 +0100] "GET /producto/pantalon-corto-futbol-2 HTTP/1.1" 301 3556 "-" "Mozilla/5.0(Linux;Android 5.1.1;OPPO A33 Build/LMY47V;wv) AppleWebKit/537.36(KHTML,link Gecko) Version/4.0 Chrome/43.0.2357.121 Mobile Safari/537.36 LieBaoFast/4.51.3" "-"
106.59.35.16 - - [16/Dec/2019:02:06:00 +0100] "GET /producto/camiseta-basket-sin-costadillos-2?add-to-cart=18678 HTTP/1.1" 301 4825 "-" "Mozilla/5.0(Linux;Android 5.1.1;OPPO A33 Build/LMY47V;wv) AppleWebKit/537.36(KHTML,link Gecko) Version/4.0 Chrome/43.0.2357.121 Mobile Safari/537.36 LieBaoFast/4.51.3" "-"
217.76.130.90 - - [16/Dec/2019:02:06:03 +0100] "POST /wp-cron.php?doing_wp_cron=1576458363.0966138839721679687500 HTTP/1.1" 200 3389 "https://amazingsportwear.com/wp-cron.php?doing_wp_cron=1576458363.0966138839721679687500" "WordPress/5.2.5; https://amazingsportwear.com" "-"
59.42.184.177 - - [16/Dec/2019:02:06:02 +0100] "GET /producto/pantalon-corto-futbol-2/ HTTP/1.1" 200 91694 "-" "Mozilla/5.0(Linux;Android 5.1.1;OPPO A33 Build/LMY47V;wv) AppleWebKit/537.36(KHTML,link Gecko) Version/4.0 Chrome/43.0.2357.121 Mobile Safari/537.36 LieBaoFast/4.51.3" "wpfront-notification-bar-landingpage=1"
182.246.10.146 - - [16/Dec/2019:02:06:07 +0100] "GET /producto/camiseta-basket-sin-costadillos-3?add-to-cart=18689 HTTP/1.1" 301 4825 "-" "Mozilla/5.0(Linux;Android 5.1.1;OPPO A33 Build/LMY47V;wv) AppleWebKit/537.36(KHTML,link Gecko) Version/4.0 Chrome/42.0.2311.138 Mobile Safari/537.36 Mb2345Browser/9.0" "-"
182.246.10.146 - - [16/Dec/2019:02:06:12 +0100] "GET /producto/camiseta-basket-sin-costadillos-3/?add-to-cart=18689 HTTP/1.1" 200 78482 "-" "Mozilla/5.0(Linux;Android 5.1.1;OPPO A33 Build/LMY47V;wv) AppleWebKit/537.36(KHTML,link Gecko) Version/4.0 Chrome/42.0.2311.138 Mobile Safari/537.36 Mb2345Browser/9.0" "woocommerce_cart_hash=1138c57c52f9c78089b2bfc96eca19f8; woocommerce_items_in_cart=1; wp_woocommerce_session_fb86dbb0e6335d960ea3e94e06b25287=a061545c5c12da0acf96a5f17aa1ab36%7C%7C1576631168%7C%7C1576627568%7C%7C4f3d8a4f06619cf3f1903bf7bbb95edf; wpfront-notification-bar-landingpage=1"
106.59.35.16 - - [16/Dec/2019:02:06:13 +0100] "GET /producto/camiseta-basket-sin-costadillos-2/?add-to-cart=18678 HTTP/1.1" 200 78535 "-" "Mozilla/5.0(Linux;Android 5.1.1;OPPO A33 Build/LMY47V;wv) AppleWebKit/537.36(KHTML,link Gecko) Version/4.0 Chrome/43.0.2357.121 Mobile Safari/537.36 LieBaoFast/4.51.3" "woocommerce_cart_hash=4124c28410e9152fd0477c6fc589209e; woocommerce_items_in_cart=1; wp_woocommerce_session_fb86dbb0e6335d960ea3e94e06b25287=f14d1f682bceba4669b1f1cf22529d91%7C%7C1576631160%7C%7C1576627560%7C%7Ce0466942eba88ba691beb56c285f2383; wpfront-notification-bar-landingpage=1"
182.105.201.29 - - [16/Dec/2019:02:06:31 +0100] "GET /producto/golf-banner HTTP/1.1" 301 3544 "-" "Mozilla/5.0 (Linux; Android 7.0; FRD-AL00 Build/HUAWEIFRD-AL00; wv) AppleWebKit/537.36 (KHTML, like Gecko) Version/4.0 Chrome/53.0.2785.49 Mobile MQQBrowser/6.2 TBS/043602 Safari/537.36 MicroMessenger/6.5.16.1120 NetType/WIFI Language/zh_CN" "-"
112.113.118.228 - - [16/Dec/2019:02:06:32 +0100] "GET /etiqueta-producto/camiseta-tecnica/page/4 HTTP/1.1" 301 3565 "-" "Mozilla/5.0 (Linux; Android 7.0; FRD-AL00 Build/HUAWEIFRD-AL00; wv) AppleWebKit/537.36 (KHTML, like Gecko) Version/4.0 Chrome/53.0.2785.49 Mobile MQQBrowser/6.2 TBS/043602 Safari/537.36 MicroMessenger/6.5.16.1120 NetType/WIFI Language/zh_CN" "-"
182.105.201.29 - - [16/Dec/2019:02:06:34 +0100] "GET /producto/golf-banner/ HTTP/1.1" 200 89223 "-" "Mozilla/5.0 (Linux; Android 7.0; FRD-AL00 Build/HUAWEIFRD-AL00; wv) AppleWebKit/537.36 (KHTML, like Gecko) Version/4.0 Chrome/53.0.2785.49 Mobile MQQBrowser/6.2 TBS/043602 Safari/537.36 MicroMessenger/6.5.16.1120 NetType/WIFI Language/zh_CN" "wpfront-notification-bar-landingpage=1"
182.132.0.164 - - [16/Dec/2019:02:06:41 +0100] "GET /producto/maillot-manga-corta-2?add-to-cart=18690 HTTP/1.1" 301 4813 "-" "Mozilla/5.0(Linux;Android 5.1.1;OPPO A33 Build/LMY47V;wv) AppleWebKit/537.36(KHTML,link Gecko) Version/4.0 Chrome/43.0.2357.121 Mobile Safari/537.36 LieBaoFast/4.51.3" "-"
112.113.118.228 - - [16/Dec/2019:02:06:45 +0100] "GET /etiqueta-producto/camiseta-tecnica/page/4/ HTTP/1.1" 200 76232 "-" "Mozilla/5.0 (Linux; Android 7.0; FRD-AL00 Build/HUAWEIFRD-AL00; wv) AppleWebKit/537.36 (KHTML, like Gecko) Version/4.0 Chrome/53.0.2785.49 Mobile MQQBrowser/6.2 TBS/043602 Safari/537.36 MicroMessenger/6.5.16.1120 NetType/WIFI Language/zh_CN" "wpfront-notification-bar-landingpage=1"
182.132.0.164 - - [16/Dec/2019:02:06:58 +0100] "GET /producto/maillot-manga-corta-2/?add-to-cart=18690 HTTP/1.1" 200 76465 "-" "Mozilla/5.0(Linux;Android 5.1.1;OPPO A33 Build/LMY47V;wv) AppleWebKit/537.36(KHTML,link Gecko) Version/4.0 Chrome/43.0.2357.121 Mobile Safari/537.36 LieBaoFast/4.51.3" "woocommerce_cart_hash=bb9438cb389913c015c7d3b8b45f0bb6; woocommerce_items_in_cart=1; wp_woocommerce_session_fb86dbb0e6335d960ea3e94e06b25287=ea551d8b3caffab97ef716ef69ca6f15%7C%7C1576631202%7C%7C1576627602%7C%7C72edba3631da4ed2b3bf1681bc076130; wpfront-notification-bar-landingpage=1"
217.76.130.90 - - [16/Dec/2019:02:07:09 +0100] "POST /wp-cron.php?doing_wp_cron=1576458429.2579879760742187500000 HTTP/1.1" 200 3389 "https://amazingsportwear.com/wp-cron.php?doing_wp_cron=1576458429.2579879760742187500000" "WordPress/5.2.5; https://amazingsportwear.com" "-"
123.129.1.216 - - [16/Dec/2019:02:07:08 +0100] "GET /etiqueta-producto/moqueta HTTP/1.1" 301 3549 "-" "Mozilla/5.0(Linux;U;Android 5.1.1;zh-CN;OPPO A33 Build/LMY47V) AppleWebKit/537.36(KHTML,like Gecko) Version/4.0 Chrome/40.0.2214.89 UCBrowser/11.7.0.953 Mobile Safari/537.36" "-"
123.129.1.216 - - [16/Dec/2019:02:07:23 +0100] "GET /etiqueta-producto/moqueta/ HTTP/1.1" 200 53631 "-" "Mozilla/5.0(Linux;U;Android 5.1.1;zh-CN;OPPO A33 Build/LMY47V) AppleWebKit/537.36(KHTML,like Gecko) Version/4.0 Chrome/40.0.2214.89 UCBrowser/11.7.0.953 Mobile Safari/537.36" "wpfront-notification-bar-landingpage=1"
217.76.130.90 - - [16/Dec/2019:02:13:05 +0100] "POST /wp-cron.php?doing_wp_cron=1576458785.8584160804748535156250 HTTP/1.1" 200 3389 "https://amazingsportwear.com/wp-cron.php?doing_wp_cron=1576458785.8584160804748535156250" "WordPress/5.2.5; https://amazingsportwear.com" "-"
222.220.152.28 - - [16/Dec/2019:02:13:05 +0100] "GET /etiqueta-producto/camiseta-cubix HTTP/1.1" 301 3556 "-" "Mozilla/5.0(Linux;Android 5.1.1;OPPO A33 Build/LMY47V;wv) AppleWebKit/537.36(KHTML,link Gecko) Version/4.0 Chrome/43.0.2357.121 Mobile Safari/537.36 LieBaoFast/4.51.3" "-"
222.220.152.28 - - [16/Dec/2019:02:13:13 +0100] "GET /etiqueta-producto/camiseta-cubix/ HTTP/1.1" 200 53845 "-" "Mozilla/5.0(Linux;Android 5.1.1;OPPO A33 Build/LMY47V;wv) AppleWebKit/537.36(KHTML,link Gecko) Version/4.0 Chrome/43.0.2357.121 Mobile Safari/537.36 LieBaoFast/4.51.3" "wpfront-notification-bar-landingpage=1"
217.76.130.90 - - [16/Dec/2019:02:21:19 +0100] "POST /wp-cron.php?doing_wp_cron=1576459279.2640509605407714843750 HTTP/1.1" 200 3389 "https://amazingsportwear.com/wp-cron.php?doing_wp_cron=1576459279.2640509605407714843750" "WordPress/5.2.5; https://amazingsportwear.com" "-"
17.58.96.177 - - [16/Dec/2019:02:21:18 +0100] "GET /carrito/ HTTP/1.1" 200 91516 "-" "Mozilla/5.0 (Macintosh; Intel Mac OS X 10_10_1) AppleWebKit/600.2.5 (KHTML, like Gecko) Version/8.0.2 Safari/600.2.5 (Applebot/0.1; +http://www.apple.com/go/applebot)" "-"
217.76.130.90 - - [16/Dec/2019:02:25:05 +0100] "POST /wp-cron.php?doing_wp_cron=1576459505.7898809909820556640625 HTTP/1.1" 200 164 "http://amazingsportwear.com/wp-cron.php?doing_wp_cron=1576459505.7898809909820556640625" "WordPress/5.2.5; https://amazingsportwear.com" "-"
157.55.39.73 - - [16/Dec/2019:02:25:04 +0100] "GET /atletismo/182-chaleco-cortavientos-sublimado-asw.html HTTP/1.1" 404 68112 "-" "Mozilla/5.0 (iPhone; CPU iPhone OS 7_0 like Mac OS X) AppleWebKit/537.51.1 (KHTML, like Gecko) Version/7.0 Mobile/11A465 Safari/9537.53 (compatible; bingbot/2.0; +http://www.bing.com/bingbot.htm)" "-"
217.76.130.90 - - [16/Dec/2019:02:45:07 +0100] "POST /wp-cron.php?doing_wp_cron=1576460707.6437790393829345703125 HTTP/1.1" 200 3389 "https://amazingsportwear.com/wp-cron.php?doing_wp_cron=1576460707.6437790393829345703125" "WordPress/5.2.5; https://amazingsportwear.com" "-"
207.46.13.109 - - [16/Dec/2019:02:45:06 +0100] "GET /categoria-producto/carpas/ HTTP/1.1" 200 60446 "-" "Mozilla/5.0 (compatible; bingbot/2.0; +http://www.bing.com/bingbot.htm)" "-"
217.76.130.90 - - [16/Dec/2019:02:52:44 +0100] "POST /wp-cron.php?doing_wp_cron=1576461164.8685851097106933593750 HTTP/1.1" 200 3389 "https://amazingsportwear.com/wp-cron.php?doing_wp_cron=1576461164.8685851097106933593750" "WordPress/5.2.5; https://amazingsportwear.com" "-"
157.55.39.73 - - [16/Dec/2019:02:52:44 +0100] "GET /tienda/?controller=contact HTTP/1.1" 200 75383 "-" "Mozilla/5.0 (compatible; bingbot/2.0; +http://www.bing.com/bingbot.htm)" "-"
217.76.130.90 - - [16/Dec/2019:02:56:08 +0100] "POST /wp-cron.php?doing_wp_cron=1576461368.3016579151153564453125 HTTP/1.1" 200 3389 "https://amazingsportwear.com/wp-cron.php?doing_wp_cron=1576461368.3016579151153564453125" "WordPress/5.2.5; https://amazingsportwear.com" "-"
223.241.20.73 - - [16/Dec/2019:02:56:07 +0100] "GET /categoria-producto/s HTTP/1.1" 301 3544 "-" "Mozilla/5.0(Linux;Android 5.1.1;OPPO A33 Build/LMY47V;wv) AppleWebKit/537.36(KHTML,link Gecko) Version/4.0 Chrome/43.0.2357.121 Mobile Safari/537.36 LieBaoFast/4.51.3" "-"
175.173.222.71 - - [16/Dec/2019:02:56:21 +0100] "GET /categoria-producto/mujer/camisetas-mujer/ HTTP/1.1" 200 77521 "-" "Mozilla/5.0(Linux;Android 5.1.1;OPPO A33 Build/LMY47V;wv) AppleWebKit/537.36(KHTML,link Gecko) Version/4.0 Chrome/43.0.2357.121 Mobile Safari/537.36 LieBaoFast/4.51.3" "-"
113.138.138.186 - - [16/Dec/2019:02:56:34 +0100] "GET /producto/camiseta-motocross-2?add-to-cart=18697 HTTP/1.1" 301 4812 "-" "Mozilla/5.0(Linux;Android 5.1.1;OPPO A33 Build/LMY47V;wv) AppleWebKit/537.36(KHTML,link Gecko) Version/4.0 Chrome/43.0.2357.121 Mobile Safari/537.36 LieBaoFast/4.51.3" "-"
39.78.157.92 - - [16/Dec/2019:02:56:36 +0100] "GET /producto/camiseta-manga-corta-futbol-5 HTTP/1.1" 301 3562 "-" "Mozilla/5.0 (Linux; Android 7.0; FRD-AL00 Build/HUAWEIFRD-AL00; wv) AppleWebKit/537.36 (KHTML, like Gecko) Version/4.0 Chrome/53.0.2785.49 Mobile MQQBrowser/6.2 TBS/043602 Safari/537.36 MicroMessenger/6.5.16.1120 NetType/WIFI Language/zh_CN" "-"
115.153.164.231 - - [16/Dec/2019:02:56:38 +0100] "GET /wp-content/uploads/2018/04/aq-armour-aerobic-blanco-rojo.jpg HTTP/1.1" 200 62535 "-" "Mozilla/5.0 (Linux; Android 7.0; FRD-AL00 Build/HUAWEIFRD-AL00; wv) AppleWebKit/537.36 (KHTML, like Gecko) Version/4.0 Chrome/53.0.2785.49 Mobile MQQBrowser/6.2 TBS/043602 Safari/537.36 MicroMessenger/6.5.16.1120 NetType/WIFI Language/zh_CN" "-"
113.138.138.186 - - [16/Dec/2019:02:56:43 +0100] "GET /producto/camiseta-motocross-2/?add-to-cart=18697 HTTP/1.1" 200 76509 "-" "Mozilla/5.0(Linux;Android 5.1.1;OPPO A33 Build/LMY47V;wv) AppleWebKit/537.36(KHTML,link Gecko) Version/4.0 Chrome/43.0.2357.121 Mobile Safari/537.36 LieBaoFast/4.51.3" "woocommerce_cart_hash=6c31cde2fa295fd5928c5b26fb3c9409; woocommerce_items_in_cart=1; wp_woocommerce_session_fb86dbb0e6335d960ea3e94e06b25287=b383a8cc427ebe9380e96b30479cfd94%7C%7C1576634194%7C%7C1576630594%7C%7C6a38918f7266f0f50ef18bd4065b5ee2; wpfront-notification-bar-landingpage=1"
120.7.124.27 - - [16/Dec/2019:02:56:44 +0100] "GET /producto/camiseta-manga-corta-futbol-5/ HTTP/1.1" 200 77045 "-" "Mozilla/5.0 (Linux; Android 7.0; FRD-AL00 Build/HUAWEIFRD-AL00; wv) AppleWebKit/537.36 (KHTML, like Gecko) Version/4.0 Chrome/53.0.2785.49 Mobile MQQBrowser/6.2 TBS/043602 Safari/537.36 MicroMessenger/6.5.16.1120 NetType/WIFI Language/zh_CN" "wpfront-notification-bar-landingpage=1"
114.97.186.243 - - [16/Dec/2019:02:56:57 +0100] "GET /categoria-producto/inicio/page/13?add-to-cart=18693 HTTP/1.1" 301 4816 "-" "Mozilla/5.0(Linux;Android 5.1.1;OPPO A33 Build/LMY47V;wv) AppleWebKit/537.36(KHTML,link Gecko) Version/4.0 Chrome/43.0.2357.121 Mobile Safari/537.36 LieBaoFast/4.51.3" "-"
217.76.130.90 - - [16/Dec/2019:02:57:03 +0100] "POST /wp-cron.php?doing_wp_cron=1576461423.8231298923492431640625 HTTP/1.1" 200 3389 "https://amazingsportwear.com/wp-cron.php?doing_wp_cron=1576461423.8231298923492431640625" "WordPress/5.2.5; https://amazingsportwear.com" "-"
124.152.185.148 - - [16/Dec/2019:02:57:03 +0100] "GET /producto/camiseta-tecnica-mujer-olimpia-aq-olimpia HTTP/1.1" 301 3574 "-" "Mozilla/5.0(Linux;Android 5.1.1;OPPO A33 Build/LMY47V;wv) AppleWebKit/537.36(KHTML,link Gecko) Version/4.0 Chrome/43.0.2357.121 Mobile Safari/537.36 LieBaoFast/4.51.3" "-"
114.97.186.243 - - [16/Dec/2019:02:57:04 +0100] "GET /categoria-producto/inicio/page/13/?add-to-cart=18693 HTTP/1.1" 200 79306 "-" "Mozilla/5.0(Linux;Android 5.1.1;OPPO A33 Build/LMY47V;wv) AppleWebKit/537.36(KHTML,link Gecko) Version/4.0 Chrome/43.0.2357.121 Mobile Safari/537.36 LieBaoFast/4.51.3" "woocommerce_cart_hash=4f8e3f473cb595d56980526ad2041009; woocommerce_items_in_cart=1; wp_woocommerce_session_fb86dbb0e6335d960ea3e94e06b25287=8fcbd7074b6abc6552df81c6b1e55c8e%7C%7C1576634217%7C%7C1576630617%7C%7Ccc6991976abc44249ca7a885c6ca3b26; wpfront-notification-bar-landingpage=1"
124.152.185.148 - - [16/Dec/2019:02:57:08 +0100] "GET /producto/camiseta-tecnica-mujer-olimpia-aq-olimpia/ HTTP/1.1" 200 98367 "-" "Mozilla/5.0(Linux;Android 5.1.1;OPPO A33 Build/LMY47V;wv) AppleWebKit/537.36(KHTML,link Gecko) Version/4.0 Chrome/43.0.2357.121 Mobile Safari/537.36 LieBaoFast/4.51.3" "wpfront-notification-bar-landingpage=1"
207.46.13.109 - - [16/Dec/2019:03:08:04 +0100] "GET /wp-content/uploads/2017/03/aq-cross-hombre-290x300.jpg HTTP/1.1" 200 23188 "-" "Mozilla/5.0 (compatible; bingbot/2.0; +http://www.bing.com/bingbot.htm)" "-"
217.76.130.90 - - [16/Dec/2019:03:14:03 +0100] "POST /wp-cron.php?doing_wp_cron=1576462443.5791900157928466796875 HTTP/1.1" 200 3389 "https://amazingsportwear.com/wp-cron.php?doing_wp_cron=1576462443.5791900157928466796875" "WordPress/5.2.5; https://amazingsportwear.com" "-"
157.55.39.30 - - [16/Dec/2019:03:14:01 +0100] "GET /robots.txt HTTP/1.1" 200 2297 "-" "Mozilla/5.0 (compatible; bingbot/2.0; +http://www.bing.com/bingbot.htm)" "-"
157.55.39.30 - - [16/Dec/2019:03:14:04 +0100] "GET /robots.txt HTTP/1.1" 200 3955 "-" "Mozilla/5.0 (compatible; bingbot/2.0; +http://www.bing.com/bingbot.htm)" "-"
207.46.13.109 - - [16/Dec/2019:03:14:10 +0100] "GET /tienda/118-camiseta-tecnica-manga-larga-sa-0415.html HTTP/1.1" 301 3931 "-" "Mozilla/5.0 (compatible; bingbot/2.0; +http://www.bing.com/bingbot.htm)" "-"
147.75.118.30 - - [16/Dec/2019:03:14:24 +0100] "GET /wp-content/uploads/2019/04/Gorra-sport-6.png HTTP/1.1" 200 44623 "https://www.google.com/" "Mozilla/5.0 (Windows NT 10.0; Win64; x64) AppleWebKit/537.36 (KHTML, like Gecko) Chrome/79.0.3945.79 Safari/537.36" "-"
217.76.130.90 - - [16/Dec/2019:03:15:28 +0100] "POST /wp-cron.php?doing_wp_cron=1576462528.9401140213012695312500 HTTP/1.1" 200 3389 "https://amazingsportwear.com/wp-cron.php?doing_wp_cron=1576462528.9401140213012695312500" "WordPress/5.2.5; https://amazingsportwear.com" "-"
175.154.45.25 - - [16/Dec/2019:03:15:28 +0100] "GET /categoria-producto/deportes/page/2 HTTP/1.1" 301 3558 "-" "Mozilla/5.0(Linux;U;Android 5.1.1;zh-CN;OPPO A33 Build/LMY47V) AppleWebKit/537.36(KHTML,like Gecko) Version/4.0 Chrome/40.0.2214.89 UCBrowser/11.7.0.953 Mobile Safari/537.36" "-"
180.122.148.130 - - [16/Dec/2019:03:15:53 +0100] "GET /producto/pantalon-basket-2?add-to-cart=18679 HTTP/1.1" 301 4809 "-" "Mozilla/5.0(Linux;Android 5.1.1;OPPO A33 Build/LMY47V;wv) AppleWebKit/537.36(KHTML,link Gecko) Version/4.0 Chrome/42.0.2311.138 Mobile Safari/537.36 Mb2345Browser/9.0" "-"
217.76.130.90 - - [16/Dec/2019:03:16:03 +0100] "POST /wp-cron.php?doing_wp_cron=1576462563.2586419582366943359375 HTTP/1.1" 200 3389 "https://amazingsportwear.com/wp-cron.php?doing_wp_cron=1576462563.2586419582366943359375" "WordPress/5.2.5; https://amazingsportwear.com" "-"
180.122.148.130 - - [16/Dec/2019:03:16:02 +0100] "GET /producto/pantalon-basket-2/?add-to-cart=18679 HTTP/1.1" 200 76748 "-" "Mozilla/5.0(Linux;Android 5.1.1;OPPO A33 Build/LMY47V;wv) AppleWebKit/537.36(KHTML,link Gecko) Version/4.0 Chrome/42.0.2311.138 Mobile Safari/537.36 Mb2345Browser/9.0" "woocommerce_cart_hash=8f43e49a308e3f5d3ba9b30e41719602; woocommerce_items_in_cart=1; wp_woocommerce_session_fb86dbb0e6335d960ea3e94e06b25287=a9c135a27d11d1c3539d18892c4742b9%7C%7C1576635354%7C%7C1576631754%7C%7C581d6f94a0c7fcb489f8bc5bf2e7be0b; wpfront-notification-bar-landingpage=1"
217.76.130.90 - - [16/Dec/2019:03:35:21 +0100] "POST /wp-cron.php?doing_wp_cron=1576463721.8377180099487304687500 HTTP/1.1" 200 3389 "https://amazingsportwear.com/wp-cron.php?doing_wp_cron=1576463721.8377180099487304687500" "WordPress/5.2.5; https://amazingsportwear.com" "-"
180.122.226.68 - - [16/Dec/2019:03:35:19 +0100] "GET /producto/gorra-harum HTTP/1.1" 301 3544 "-" "Mozilla/5.0 (Linux; Android 7.0; FRD-AL00 Build/HUAWEIFRD-AL00; wv) AppleWebKit/537.36 (KHTML, like Gecko) Version/4.0 Chrome/53.0.2785.49 Mobile MQQBrowser/6.2 TBS/043602 Safari/537.36 MicroMessenger/6.5.16.1120 NetType/WIFI Language/zh_CN" "-"
180.122.226.68 - - [16/Dec/2019:03:35:26 +0100] "GET /producto/gorra-harum/ HTTP/1.1" 200 94261 "-" "Mozilla/5.0 (Linux; Android 7.0; FRD-AL00 Build/HUAWEIFRD-AL00; wv) AppleWebKit/537.36 (KHTML, like Gecko) Version/4.0 Chrome/53.0.2785.49 Mobile MQQBrowser/6.2 TBS/043602 Safari/537.36 MicroMessenger/6.5.16.1120 NetType/WIFI Language/zh_CN" "wpfront-notification-bar-landingpage=1"
117.57.32.14 - - [16/Dec/2019:03:35:35 +0100] "GET /categoria-producto/hombre/camisetas/page/1 HTTP/1.1" 301 3559 "-" "Mozilla/5.0(Linux;Android 5.1.1;OPPO A33 Build/LMY47V;wv) AppleWebKit/537.36(KHTML,link Gecko) Version/4.0 Chrome/42.0.2311.138 Mobile Safari/537.36 Mb2345Browser/9.0" "-"
117.57.32.14 - - [16/Dec/2019:03:35:39 +0100] "GET /categoria-producto/hombre/camisetas/ HTTP/1.1" 200 77070 "-" "Mozilla/5.0(Linux;Android 5.1.1;OPPO A33 Build/LMY47V;wv) AppleWebKit/537.36(KHTML,link Gecko) Version/4.0 Chrome/42.0.2311.138 Mobile Safari/537.36 Mb2345Browser/9.0" "-"
217.76.130.90 - - [16/Dec/2019:03:36:47 +0100] "POST /wp-cron.php?doing_wp_cron=1576463807.1730329990386962890625 HTTP/1.1" 200 3389 "https://amazingsportwear.com/wp-cron.php?doing_wp_cron=1576463807.1730329990386962890625" "WordPress/5.2.5; https://amazingsportwear.com" "-"
58.216.75.83 - - [16/Dec/2019:03:36:46 +0100] "GET /producto/toalla-absorvente-gymnasio HTTP/1.1" 301 3559 "-" "Mozilla/5.0(Linux;U;Android 5.1.1;zh-CN;OPPO A33 Build/LMY47V) AppleWebKit/537.36(KHTML,like Gecko) Version/4.0 Chrome/40.0.2214.89 UCBrowser/11.7.0.953 Mobile Safari/537.36" "-"
58.216.75.83 - - [16/Dec/2019:03:36:57 +0100] "GET /producto/toalla-absorvente-gymnasio/ HTTP/1.1" 200 103429 "-" "Mozilla/5.0(Linux;U;Android 5.1.1;zh-CN;OPPO A33 Build/LMY47V) AppleWebKit/537.36(KHTML,like Gecko) Version/4.0 Chrome/40.0.2214.89 UCBrowser/11.7.0.953 Mobile Safari/537.36" "wpfront-notification-bar-landingpage=1"
217.76.130.90 - - [16/Dec/2019:03:38:49 +0100] "POST /wp-cron.php?doing_wp_cron=1576463929.2350049018859863281250 HTTP/1.1" 200 3389 "https://amazingsportwear.com/wp-cron.php?doing_wp_cron=1576463929.2350049018859863281250" "WordPress/5.2.5; https://amazingsportwear.com" "-"
218.65.65.124 - - [16/Dec/2019:03:38:48 +0100] "GET /producto/bolsa-viaje-highline HTTP/1.1" 301 3553 "-" "Mozilla/5.0(Linux;Android 5.1.1;OPPO A33 Build/LMY47V;wv) AppleWebKit/537.36(KHTML,link Gecko) Version/4.0 Chrome/42.0.2311.138 Mobile Safari/537.36 Mb2345Browser/9.0" "-"
217.76.130.90 - - [16/Dec/2019:03:39:11 +0100] "POST /wp-cron.php?doing_wp_cron=1576463951.0367710590362548828125 HTTP/1.1" 200 3389 "https://amazingsportwear.com/wp-cron.php?doing_wp_cron=1576463951.0367710590362548828125" "WordPress/5.2.5; https://amazingsportwear.com" "-"
218.65.65.124 - - [16/Dec/2019:03:39:10 +0100] "GET /producto/bolsa-viaje-highline/ HTTP/1.1" 200 96583 "-" "Mozilla/5.0(Linux;Android 5.1.1;OPPO A33 Build/LMY47V;wv) AppleWebKit/537.36(KHTML,link Gecko) Version/4.0 Chrome/42.0.2311.138 Mobile Safari/537.36 Mb2345Browser/9.0" "wpfront-notification-bar-landingpage=1"
217.76.130.90 - - [16/Dec/2019:03:43:10 +0100] "POST /wp-cron.php?doing_wp_cron=1576464190.2771120071411132812500 HTTP/1.1" 200 3389 "https://amazingsportwear.com/wp-cron.php?doing_wp_cron=1576464190.2771120071411132812500" "WordPress/5.2.5; https://amazingsportwear.com" "-"
40.77.167.90 - - [16/Dec/2019:03:43:09 +0100] "GET /producto/polo-tecnico-master-aq-master/ HTTP/1.1" 200 100545 "-" "Mozilla/5.0 (compatible; bingbot/2.0; +http://www.bing.com/bingbot.htm)" "-"
40.77.190.14 - - [16/Dec/2019:03:43:12 +0100] "GET /wp-includes/css/dist/block-library/style.min.css?ver=5.2.5 HTTP/1.1" 200 33023 "-" "Mozilla/5.0 (Windows NT 6.1; WOW64) AppleWebKit/534+ (KHTML, like Gecko) BingPreview/1.0b" "-"
40.77.191.50 - - [16/Dec/2019:03:43:13 +0100] "GET /wp-content/plugins/woocommerce/assets/css/blocks/style.css?ver=3.6.4 HTTP/1.1" 200 10060 "-" "Mozilla/5.0 (Windows NT 6.1; WOW64) AppleWebKit/534+ (KHTML, like Gecko) BingPreview/1.0b" "-"
40.77.189.152 - - [16/Dec/2019:03:43:13 +0100] "GET /wp-content/plugins/cookie-law-info/public/css/cookie-law-info-gdpr.css?ver=1.7.6 HTTP/1.1" 200 15808 "-" "Mozilla/5.0 (Windows NT 6.1; WOW64) AppleWebKit/534+ (KHTML, like Gecko) BingPreview/1.0b" "-"
40.77.191.50 - - [16/Dec/2019:03:43:14 +0100] "GET /wp-content/plugins/woocommerce/assets/css/photoswipe/photoswipe.css?ver=3.6.4 HTTP/1.1" 200 4472 "-" "Mozilla/5.0 (Windows NT 6.1; WOW64) AppleWebKit/534+ (KHTML, like Gecko) BingPreview/1.0b" "-"
40.77.188.235 - - [16/Dec/2019:03:43:14 +0100] "GET /wp-content/plugins/woocommerce/assets/css/photoswipe/default-skin/default-skin.css?ver=3.6.4 HTTP/1.1" 200 15306 "-" "Mozilla/5.0 (Windows NT 6.1; WOW64) AppleWebKit/534+ (KHTML, like Gecko) BingPreview/1.0b" "-"
40.77.188.235 - - [16/Dec/2019:03:43:14 +0100] "GET /wp-content/plugins/wpfront-notification-bar/css/wpfront-notification-bar.css?ver=1.7.1 HTTP/1.1" 200 3663 "-" "Mozilla/5.0 (Windows NT 6.1; WOW64) AppleWebKit/534+ (KHTML, like Gecko) BingPreview/1.0b" "-"
40.77.188.235 - - [16/Dec/2019:03:43:15 +0100] "GET /wp-content/themes/shopper/style.css?ver=1.3.8 HTTP/1.1" 200 125315 "-" "Mozilla/5.0 (Windows NT 6.1; WOW64) AppleWebKit/534+ (KHTML, like Gecko) BingPreview/1.0b" "-"
207.46.13.109 - - [16/Dec/2019:03:43:15 +0100] "GET /robots.txt HTTP/1.1" 200 432 "-" "msnbot/2.0b (+http://search.msn.com/msnbot.htm)" "-"
40.77.189.88 - - [16/Dec/2019:03:43:16 +0100] "GET /wp-content/themes/shopper/assets/sass/woocommerce/woocommerce.css?ver=5.2.5 HTTP/1.1" 200 86897 "-" "Mozilla/5.0 (Windows NT 6.1; WOW64) AppleWebKit/534+ (KHTML, like Gecko) BingPreview/1.0b" "-"
40.77.189.88 - - [16/Dec/2019:03:43:16 +0100] "GET /wp-includes/js/jquery/jquery.js?ver=1.12.4-wp HTTP/1.1" 200 97362 "-" "Mozilla/5.0 (Windows NT 6.1; WOW64) AppleWebKit/534+ (KHTML, like Gecko) BingPreview/1.0b" "-"
207.46.13.109 - - [16/Dec/2019:03:43:16 +0100] "GET /robots.txt HTTP/1.1" 200 431 "-" "msnbot/2.0b (+http://search.msn.com/msnbot.htm)" "-"
40.77.188.235 - - [16/Dec/2019:03:43:16 +0100] "GET /wp-includes/js/jquery/jquery-migrate.min.js?ver=1.4.1 HTTP/1.1" 200 10399 "-" "Mozilla/5.0 (Windows NT 6.1; WOW64) AppleWebKit/534+ (KHTML, like Gecko) BingPreview/1.0b" "-"
40.77.188.235 - - [16/Dec/2019:03:43:17 +0100] "GET /wp-content/plugins/cookie-law-info/public/js/cookie-law-info-public.js?ver=1.7.6 HTTP/1.1" 200 17076 "-" "Mozilla/5.0 (Windows NT 6.1; WOW64) AppleWebKit/534+ (KHTML, like Gecko) BingPreview/1.0b" "-"
40.77.189.152 - - [16/Dec/2019:03:43:17 +0100] "GET /wp-content/plugins/wpfront-notification-bar/jquery-plugins/jquery.c.js?ver=1.4.0 HTTP/1.1" 200 3437 "-" "Mozilla/5.0 (Windows NT 6.1; WOW64) AppleWebKit/534+ (KHTML, like Gecko) BingPreview/1.0b" "-"
40.77.189.88 - - [16/Dec/2019:03:43:17 +0100] "GET /wp-content/plugins/wpfront-notification-bar/js/wpfront-notification-bar.js?ver=1.7.1 HTTP/1.1" 200 5662 "-" "Mozilla/5.0 (Windows NT 6.1; WOW64) AppleWebKit/534+ (KHTML, like Gecko) BingPreview/1.0b" "-"
40.77.188.235 - - [16/Dec/2019:03:43:17 +0100] "GET /wp-includes/js/jquery/jquery.js HTTP/1.1" 200 97362 "-" "Mozilla/5.0 (Windows NT 6.1; WOW64) AppleWebKit/534+ (KHTML, like Gecko) BingPreview/1.0b" "-"
40.77.188.235 - - [16/Dec/2019:03:43:18 +0100] "GET /wp-content/themes/shopper/assets/fonts/fontawesome-webfont.ttf?v=4.7.0 HTTP/1.1" 200 166178 "-" "Mozilla/5.0 (Windows NT 6.1; WOW64) AppleWebKit/534+ (KHTML, like Gecko) BingPreview/1.0b" "-"
40.77.189.152 - - [16/Dec/2019:03:43:19 +0100] "GET /wp-content/plugins/product-enquiry-for-woocommerce/css/wdm-jquery-ui.css?ver=5.2.5 HTTP/1.1" 200 27001 "-" "Mozilla/5.0 (Windows NT 6.1; WOW64) AppleWebKit/534+ (KHTML, like Gecko) BingPreview/1.0b" "-"
40.77.189.18 - - [16/Dec/2019:03:43:20 +0100] "GET /wp-content/themes/shopper/assets/js/crm.js?ver=1561548510 HTTP/1.1" 200 4237 "-" "Mozilla/5.0 (Windows NT 6.1; WOW64) AppleWebKit/534+ (KHTML, like Gecko) BingPreview/1.0b" "-"
40.77.189.152 - - [16/Dec/2019:03:43:20 +0100] "GET /wp-content/plugins/woocommerce/assets/js/frontend/add-to-cart.min.js?ver=3.6.4 HTTP/1.1" 200 2983 "-" "Mozilla/5.0 (Windows NT 6.1; WOW64) AppleWebKit/534+ (KHTML, like Gecko) BingPreview/1.0b" "-"
40.77.188.235 - - [16/Dec/2019:03:43:20 +0100] "GET /wp-content/plugins/woocommerce/assets/js/zoom/jquery.zoom.min.js?ver=1.7.21 HTTP/1.1" 200 2957 "-" "Mozilla/5.0 (Windows NT 6.1; WOW64) AppleWebKit/534+ (KHTML, like Gecko) BingPreview/1.0b" "-"
40.77.189.88 - - [16/Dec/2019:03:43:20 +0100] "GET /wp-content/plugins/woocommerce/assets/js/flexslider/jquery.flexslider.min.js?ver=2.7.2 HTTP/1.1" 200 23232 "-" "Mozilla/5.0 (Windows NT 6.1; WOW64) AppleWebKit/534+ (KHTML, like Gecko) BingPreview/1.0b" "-"
40.77.189.18 - - [16/Dec/2019:03:43:21 +0100] "GET /wp-content/plugins/woocommerce/assets/js/photoswipe/photoswipe.min.js?ver=4.1.1 HTTP/1.1" 200 32276 "-" "Mozilla/5.0 (Windows NT 6.1; WOW64) AppleWebKit/534+ (KHTML, like Gecko) BingPreview/1.0b" "-"
40.77.189.88 - - [16/Dec/2019:03:43:21 +0100] "GET /wp-content/plugins/woocommerce/assets/js/photoswipe/photoswipe-ui-default.min.js?ver=4.1.1 HTTP/1.1" 200 10220 "-" "Mozilla/5.0 (Windows NT 6.1; WOW64) AppleWebKit/534+ (KHTML, like Gecko) BingPreview/1.0b" "-"
40.77.189.18 - - [16/Dec/2019:03:43:21 +0100] "GET /wp-content/plugins/woocommerce/assets/js/frontend/single-product.min.js?ver=3.6.4 HTTP/1.1" 200 6693 "-" "Mozilla/5.0 (Windows NT 6.1; WOW64) AppleWebKit/534+ (KHTML, like Gecko) BingPreview/1.0b" "-"
40.77.189.152 - - [16/Dec/2019:03:43:22 +0100] "GET /wp-content/plugins/woocommerce/assets/js/js-cookie/js.cookie.min.js?ver=2.1.4 HTTP/1.1" 200 2187 "-" "Mozilla/5.0 (Windows NT 6.1; WOW64) AppleWebKit/534+ (KHTML, like Gecko) BingPreview/1.0b" "-"
40.77.189.88 - - [16/Dec/2019:03:43:22 +0100] "GET /wp-content/plugins/woocommerce/assets/js/frontend/woocommerce.min.js?ver=3.6.4 HTTP/1.1" 200 1813 "-" "Mozilla/5.0 (Windows NT 6.1; WOW64) AppleWebKit/534+ (KHTML, like Gecko) BingPreview/1.0b" "-"
40.77.189.152 - - [16/Dec/2019:03:43:22 +0100] "GET /wp-content/plugins/woocommerce/assets/js/frontend/cart-fragments.min.js?ver=3.6.4 HTTP/1.1" 200 3281 "-" "Mozilla/5.0 (Windows NT 6.1; WOW64) AppleWebKit/534+ (KHTML, like Gecko) BingPreview/1.0b" "-"
40.77.189.152 - - [16/Dec/2019:03:43:22 +0100] "GET /wp-content/themes/shopper/assets/js/skip-link-focus-fix.js?ver=1.3.8 HTTP/1.1" 200 1023 "-" "Mozilla/5.0 (Windows NT 6.1; WOW64) AppleWebKit/534+ (KHTML, like Gecko) BingPreview/1.0b" "-"
40.77.189.88 - - [16/Dec/2019:03:43:22 +0100] "GET /wp-content/themes/shopper/assets/js/shopper.min.js?ver=1.3.8 HTTP/1.1" 200 5994 "-" "Mozilla/5.0 (Windows NT 6.1; WOW64) AppleWebKit/534+ (KHTML, like Gecko) BingPreview/1.0b" "-"
40.77.189.152 - - [16/Dec/2019:03:43:22 +0100] "GET /wp-includes/js/comment-reply.min.js?ver=5.2.5 HTTP/1.1" 200 2575 "-" "Mozilla/5.0 (Windows NT 6.1; WOW64) AppleWebKit/534+ (KHTML, like Gecko) BingPreview/1.0b" "-"
40.77.188.235 - - [16/Dec/2019:03:43:23 +0100] "GET /wp-content/themes/shopper/assets/js/woocommerce/header-cart.min.js?ver=1.3.8 HTTP/1.1" 200 972 "-" "Mozilla/5.0 (Windows NT 6.1; WOW64) AppleWebKit/534+ (KHTML, like Gecko) BingPreview/1.0b" "-"
40.77.189.88 - - [16/Dec/2019:03:43:23 +0100] "GET /wp-includes/js/wp-embed.min.js?ver=5.2.5 HTTP/1.1" 200 1744 "-" "Mozilla/5.0 (Windows NT 6.1; WOW64) AppleWebKit/534+ (KHTML, like Gecko) BingPreview/1.0b" "-"
40.77.189.88 - - [16/Dec/2019:03:43:23 +0100] "GET /wp-includes/js/underscore.min.js?ver=1.8.3 HTTP/1.1" 200 16527 "-" "Mozilla/5.0 (Windows NT 6.1; WOW64) AppleWebKit/534+ (KHTML, like Gecko) BingPreview/1.0b" "-"
40.77.189.18 - - [16/Dec/2019:03:43:23 +0100] "GET /wp-includes/js/wp-util.min.js?ver=5.2.5 HTTP/1.1" 200 1387 "-" "Mozilla/5.0 (Windows NT 6.1; WOW64) AppleWebKit/534+ (KHTML, like Gecko) BingPreview/1.0b" "-"
40.77.189.152 - - [16/Dec/2019:03:43:23 +0100] "GET /wp-content/plugins/woocommerce/assets/js/frontend/add-to-cart-variation.min.js?ver=3.6.4 HTTP/1.1" 200 13625 "-" "Mozilla/5.0 (Windows NT 6.1; WOW64) AppleWebKit/534+ (KHTML, like Gecko) BingPreview/1.0b" "-"
40.77.189.88 - - [16/Dec/2019:03:43:24 +0100] "GET /wp-content/plugins/akismet/_inc/form.js?ver=4.1.2 HTTP/1.1" 200 1040 "-" "Mozilla/5.0 (Windows NT 6.1; WOW64) AppleWebKit/534+ (KHTML, like Gecko) BingPreview/1.0b" "-"
40.77.189.152 - - [16/Dec/2019:03:43:24 +0100] "GET /wp-includes/js/jquery/ui/core.min.js?ver=1.11.4 HTTP/1.1" 200 4341 "-" "Mozilla/5.0 (Windows NT 6.1; WOW64) AppleWebKit/534+ (KHTML, like Gecko) BingPreview/1.0b" "-"
40.77.189.18 - - [16/Dec/2019:03:43:24 +0100] "GET /wp-includes/js/jquery/ui/widget.min.js?ver=1.11.4 HTTP/1.1" 200 7250 "-" "Mozilla/5.0 (Windows NT 6.1; WOW64) AppleWebKit/534+ (KHTML, like Gecko) BingPreview/1.0b" "-"
40.77.188.235 - - [16/Dec/2019:03:43:25 +0100] "GET /wp-includes/js/jquery/ui/mouse.min.js?ver=1.11.4 HTTP/1.1" 200 3489 "-" "Mozilla/5.0 (Windows NT 6.1; WOW64) AppleWebKit/534+ (KHTML, like Gecko) BingPreview/1.0b" "-"
40.77.189.18 - - [16/Dec/2019:03:43:25 +0100] "GET /wp-includes/js/jquery/ui/resizable.min.js?ver=1.11.4 HTTP/1.1" 200 18798 "-" "Mozilla/5.0 (Windows NT 6.1; WOW64) AppleWebKit/534+ (KHTML, like Gecko) BingPreview/1.0b" "-"
40.77.189.18 - - [16/Dec/2019:03:43:25 +0100] "GET /wp-includes/js/jquery/ui/button.min.js?ver=1.11.4 HTTP/1.1" 200 7578 "-" "Mozilla/5.0 (Windows NT 6.1; WOW64) AppleWebKit/534+ (KHTML, like Gecko) BingPreview/1.0b" "-"
40.77.189.88 - - [16/Dec/2019:03:43:25 +0100] "GET /wp-includes/js/jquery/ui/dialog.min.js?ver=1.11.4 HTTP/1.1" 200 12482 "-" "Mozilla/5.0 (Windows NT 6.1; WOW64) AppleWebKit/534+ (KHTML, like Gecko) BingPreview/1.0b" "-"
40.77.188.235 - - [16/Dec/2019:03:43:25 +0100] "GET /wp-content/plugins/product-enquiry-for-woocommerce/js/wdm_jquery.validate.min.js?ver=5.2.5 HTTP/1.1" 200 21818 "-" "Mozilla/5.0 (Windows NT 6.1; WOW64) AppleWebKit/534+ (KHTML, like Gecko) BingPreview/1.0b" "-"
40.77.189.18 - - [16/Dec/2019:03:43:26 +0100] "GET /wp-content/plugins/product-enquiry-for-woocommerce/js/contact.js?ver=5.2.5 HTTP/1.1" 200 4681 "-" "Mozilla/5.0 (Windows NT 6.1; WOW64) AppleWebKit/534+ (KHTML, like Gecko) BingPreview/1.0b" "-"
