217.76.130.90 - - [28/Nov/2019:00:00:20 +0100] "POST /wp-cron.php?doing_wp_cron=1574895620.9454839229583740234375 HTTP/1.1" 200 3389 "https://amazingsportwear.com/wp-cron.php?doing_wp_cron=1574895620.9454839229583740234375" "WordPress/5.2.4; https://amazingsportwear.com" "-"
31.13.115.13 - - [28/Nov/2019:00:00:16 +0100] "GET / HTTP/1.1" 200 125555 "-" "facebookexternalhit/1.1 (+http://www.facebook.com/externalhit_uatext.php)" "-"
31.13.115.13 - - [28/Nov/2019:00:00:23 +0100] "GET /contacta-con-nosotros HTTP/1.1" 301 319 "-" "facebookexternalhit/1.1 (+http://www.facebook.com/externalhit_uatext.php)" "-"
31.13.115.13 - - [28/Nov/2019:00:00:24 +0100] "GET /contacta-con-nosotros/ HTTP/1.1" 200 58172 "-" "facebookexternalhit/1.1 (+http://www.facebook.com/externalhit_uatext.php)" "-"
217.76.130.90 - - [28/Nov/2019:00:05:16 +0100] "POST /wp-cron.php?doing_wp_cron=1574895915.9900510311126708984375 HTTP/1.1" 200 3389 "https://amazingsportwear.com/wp-cron.php?doing_wp_cron=1574895915.9900510311126708984375" "WordPress/5.2.4; https://amazingsportwear.com" "-"
157.55.39.152 - - [28/Nov/2019:00:05:14 +0100] "GET /robots.txt HTTP/1.1" 200 2297 "-" "Mozilla/5.0 (compatible; bingbot/2.0; +http://www.bing.com/bingbot.htm)" "-"
157.55.39.152 - - [28/Nov/2019:00:05:16 +0100] "GET /robots.txt HTTP/1.1" 200 3955 "-" "Mozilla/5.0 (compatible; bingbot/2.0; +http://www.bing.com/bingbot.htm)" "-"
157.55.39.236 - - [28/Nov/2019:00:05:23 +0100] "GET /atletismo/?controller=contact HTTP/1.1" 301 3908 "-" "Mozilla/5.0 (compatible; bingbot/2.0; +http://www.bing.com/bingbot.htm)" "-"
157.55.39.236 - - [28/Nov/2019:00:06:07 +0100] "GET /wp-content/uploads/2019/04/mochila-decath-4.png HTTP/1.1" 200 104018 "-" "Mozilla/5.0 (compatible; bingbot/2.0; +http://www.bing.com/bingbot.htm)" "-"
5.225.230.2 - - [28/Nov/2019:00:09:33 +0100] "GET /wp-content/uploads/2018/05/sa-0421-azul-blanco.jpg HTTP/1.1" 200 91825 "https://www.google.com/" "Mozilla/5.0 (Windows NT 6.1; Win64; x64; rv:70.0) Gecko/20100101 Firefox/70.0" "-"
217.76.130.90 - - [28/Nov/2019:00:16:40 +0100] "POST /wp-cron.php?doing_wp_cron=1574896600.3705370426177978515625 HTTP/1.1" 200 3389 "https://amazingsportwear.com/wp-cron.php?doing_wp_cron=1574896600.3705370426177978515625" "WordPress/5.2.4; https://amazingsportwear.com" "-"
66.249.64.146 - - [28/Nov/2019:00:16:37 +0100] "GET /etiqueta-producto/camiseta-media-cremallera/ HTTP/1.1" 200 54049 "-" "Mozilla/5.0 (Linux; Android 6.0.1; Nexus 5X Build/MMB29P) AppleWebKit/537.36 (KHTML, like Gecko) Chrome/41.0.2272.96 Mobile Safari/537.36 (compatible; Googlebot/2.1; +http://www.google.com/bot.html)" "-"
217.76.130.90 - - [28/Nov/2019:00:22:05 +0100] "POST /wp-cron.php?doing_wp_cron=1574896924.9978470802307128906250 HTTP/1.1" 200 3389 "https://amazingsportwear.com/wp-cron.php?doing_wp_cron=1574896924.9978470802307128906250" "WordPress/5.2.4; https://amazingsportwear.com" "-"
157.55.39.250 - - [28/Nov/2019:00:22:03 +0100] "GET /etiqueta-producto/bolsa-tinsul/ HTTP/1.1" 200 53627 "-" "Mozilla/5.0 (compatible; bingbot/2.0; +http://www.bing.com/bingbot.htm)" "-"
66.249.64.144 - - [28/Nov/2019:00:22:13 +0100] "GET /wp-content/uploads/2019/04/sudadera-capucha-1.png HTTP/1.1" 304 3566 "-" "Googlebot-Image/1.0" "-"
217.76.130.90 - - [28/Nov/2019:00:25:38 +0100] "POST /wp-cron.php?doing_wp_cron=1574897138.1944611072540283203125 HTTP/1.1" 200 3389 "https://amazingsportwear.com/wp-cron.php?doing_wp_cron=1574897138.1944611072540283203125" "WordPress/5.2.4; https://amazingsportwear.com" "-"
66.249.64.144 - - [28/Nov/2019:00:25:37 +0100] "GET /categoria-producto/inicio/page/27/ HTTP/1.1" 404 72513 "-" "Mozilla/5.0 (Linux; Android 6.0.1; Nexus 5X Build/MMB29P) AppleWebKit/537.36 (KHTML, like Gecko) Chrome/41.0.2272.96 Mobile Safari/537.36 (compatible; Googlebot/2.1; +http://www.google.com/bot.html)" "-"
217.76.130.90 - - [28/Nov/2019:00:33:06 +0100] "POST /wp-cron.php?doing_wp_cron=1574897586.1435248851776123046875 HTTP/1.1" 200 3389 "https://amazingsportwear.com/wp-cron.php?doing_wp_cron=1574897586.1435248851776123046875" "WordPress/5.2.4; https://amazingsportwear.com" "-"
66.249.64.144 - - [28/Nov/2019:00:33:03 +0100] "GET /etiqueta-producto/mallas-largas/ HTTP/1.1" 200 54161 "-" "Mozilla/5.0 (Linux; Android 6.0.1; Nexus 5X Build/MMB29P) AppleWebKit/537.36 (KHTML, like Gecko) Chrome/41.0.2272.96 Mobile Safari/537.36 (compatible; Googlebot/2.1; +http://www.google.com/bot.html)" "-"
217.76.130.90 - - [28/Nov/2019:00:39:38 +0100] "POST /wp-cron.php?doing_wp_cron=1574897978.5668849945068359375000 HTTP/1.1" 200 3389 "https://amazingsportwear.com/wp-cron.php?doing_wp_cron=1574897978.5668849945068359375000" "WordPress/5.2.4; https://amazingsportwear.com" "-"
201.248.141.236 - - [28/Nov/2019:00:39:37 +0100] "GET /img/cms/short%20padel%20woman.png HTTP/1.1" 404 72282 "-" "com.google.android.apps.searchlite/158624 (Linux; U; Android 8.1.0; es_US; SM-J410G; Build/M1AJB; Cronet/76.0.3809.111)" "-"
217.76.130.90 - - [28/Nov/2019:00:46:27 +0100] "POST /wp-cron.php?doing_wp_cron=1574898387.9460659027099609375000 HTTP/1.1" 200 164 "http://amazingsportwear.com/wp-cron.php?doing_wp_cron=1574898387.9460659027099609375000" "WordPress/5.2.4; https://amazingsportwear.com" "-"
106.120.173.81 - - [28/Nov/2019:00:46:27 +0100] "GET /robots.txt HTTP/1.1" 200 394 "-" "Sogou web spider/4.0(+http://www.sogou.com/docs/help/webmasters.htm#07)" "-"
106.120.173.81 - - [28/Nov/2019:00:46:28 +0100] "GET / HTTP/1.1" 301 298 "-" "Sogou web spider/4.0(+http://www.sogou.com/docs/help/webmasters.htm#07)" "-"
106.120.173.81 - - [28/Nov/2019:00:46:31 +0100] "GET / HTTP/1.1" 200 125693 "-" "Sogou web spider/4.0(+http://www.sogou.com/docs/help/webmasters.htm#07)" "wpfront-notification-bar-landingpage=1;"
217.76.130.90 - - [28/Nov/2019:00:50:44 +0100] "POST /wp-cron.php?doing_wp_cron=1574898644.3888299465179443359375 HTTP/1.1" 200 3389 "https://amazingsportwear.com/wp-cron.php?doing_wp_cron=1574898644.3888299465179443359375" "WordPress/5.2.4; https://amazingsportwear.com" "-"
66.249.64.146 - - [28/Nov/2019:00:50:41 +0100] "GET /producto/linterna-biddick/ HTTP/1.1" 200 96685 "-" "Mozilla/5.0 (Linux; Android 6.0.1; Nexus 5X Build/MMB29P) AppleWebKit/537.36 (KHTML, like Gecko) Chrome/41.0.2272.96 Mobile Safari/537.36 (compatible; Googlebot/2.1; +http://www.google.com/bot.html)" "-"
66.249.64.146 - - [28/Nov/2019:00:50:48 +0100] "POST /?wc-ajax=get_refreshed_fragments HTTP/1.1" 200 1397 "https://amazingsportwear.com/producto/linterna-biddick/" "Mozilla/5.0 (Linux; Android 6.0.1; Nexus 5X Build/MMB29P) AppleWebKit/537.36 (KHTML, like Gecko) Chrome/41.0.2272.96 Mobile Safari/537.36 (compatible; Googlebot/2.1; +http://www.google.com/bot.html)" "_ga=GA1.2.969013651.1574812800; _gid=GA1.2.1978218920.1574812800; _gat_gtag_UA_91619287_1=1"
217.76.130.90 - - [28/Nov/2019:00:56:26 +0100] "POST /wp-cron.php?doing_wp_cron=1574898986.6786680221557617187500 HTTP/1.1" 200 3389 "https://amazingsportwear.com/wp-cron.php?doing_wp_cron=1574898986.6786680221557617187500" "WordPress/5.2.4; https://amazingsportwear.com" "-"
157.55.39.250 - - [28/Nov/2019:00:56:24 +0100] "GET /etiqueta-producto/bidon-halmik/ HTTP/1.1" 200 53930 "-" "Mozilla/5.0 (compatible; bingbot/2.0; +http://www.bing.com/bingbot.htm)" "-"
217.76.130.90 - - [28/Nov/2019:00:57:10 +0100] "POST /wp-cron.php?doing_wp_cron=1574899030.5229079723358154296875 HTTP/1.1" 200 164 "http://amazingsportwear.com/wp-cron.php?doing_wp_cron=1574899030.5229079723358154296875" "WordPress/5.2.4; https://amazingsportwear.com" "-"
202.115.254.100 - - [28/Nov/2019:00:57:09 +0100] "GET / HTTP/1.1" 301 298 "-" "Mozilla/5.0 (Windows NT 6.1) AppleWebKit/537.1 (KHTML, like Gecko) Chrome/21.0.1180.89 Safari/537.1" "-"
202.115.254.100 - - [28/Nov/2019:00:57:15 +0100] "GET / HTTP/1.1" 200 125567 "-" "Mozilla/5.0 (Windows NT 6.1) AppleWebKit/537.1 (KHTML, like Gecko) Chrome/21.0.1180.89 Safari/537.1" "wpfront-notification-bar-landingpage=1"
66.249.80.52 - - [28/Nov/2019:00:57:23 +0100] "GET /producto/zapatilla-tram/ HTTP/1.1" 200 101038 "-" "Mozilla/5.0 (Linux; Android 4.2.1; en-us; Nexus 5 Build/JOP40D) AppleWebKit/535.19 (KHTML, like Gecko; googleweblight) Chrome/38.0.1025.166 Mobile Safari/535.19" "-"
66.249.80.52 - - [28/Nov/2019:00:57:25 +0100] "GET /wp-content/plugins/woocommerce/assets/css/photoswipe/default-skin/default-skin.css?ver=3.6.4 HTTP/1.1" 200 11943 "https://amazingsportwear.com/producto/zapatilla-tram/" "Mozilla/5.0 (Linux; Android 4.2.1; en-us; Nexus 5 Build/JOP40D) AppleWebKit/535.19 (KHTML, like Gecko; googleweblight) Chrome/38.0.1025.166 Mobile Safari/535.19" "-"
66.249.80.52 - - [28/Nov/2019:00:57:25 +0100] "GET /wp-content/plugins/woocommerce/assets/js/jquery-blockui/jquery.blockUI.min.js?ver=2.70 HTTP/1.1" 200 9908 "https://amazingsportwear.com/producto/zapatilla-tram/" "Mozilla/5.0 (Linux; Android 4.2.1; en-us; Nexus 5 Build/JOP40D) AppleWebKit/535.19 (KHTML, like Gecko; googleweblight) Chrome/38.0.1025.166 Mobile Safari/535.19" "-"
66.249.80.52 - - [28/Nov/2019:00:57:25 +0100] "GET /wp-content/plugins/wpfront-notification-bar/css/wpfront-notification-bar.css?ver=1.7.1 HTTP/1.1" 200 7026 "https://amazingsportwear.com/producto/zapatilla-tram/" "Mozilla/5.0 (Linux; Android 4.2.1; en-us; Nexus 5 Build/JOP40D) AppleWebKit/535.19 (KHTML, like Gecko; googleweblight) Chrome/38.0.1025.166 Mobile Safari/535.19" "-"
66.249.80.52 - - [28/Nov/2019:00:57:25 +0100] "GET /wp-content/plugins/cookie-law-info/public/js/cookie-law-info-public.js?ver=1.7.6 HTTP/1.1" 200 20439 "https://amazingsportwear.com/producto/zapatilla-tram/" "Mozilla/5.0 (Linux; Android 4.2.1; en-us; Nexus 5 Build/JOP40D) AppleWebKit/535.19 (KHTML, like Gecko; googleweblight) Chrome/38.0.1025.166 Mobile Safari/535.19" "-"
66.249.80.48 - - [28/Nov/2019:00:57:25 +0100] "GET /wp-content/plugins/woocommerce/assets/css/photoswipe/photoswipe.css?ver=3.6.4 HTTP/1.1" 200 7835 "https://amazingsportwear.com/producto/zapatilla-tram/" "Mozilla/5.0 (Linux; Android 4.2.1; en-us; Nexus 5 Build/JOP40D) AppleWebKit/535.19 (KHTML, like Gecko; googleweblight) Chrome/38.0.1025.166 Mobile Safari/535.19" "-"
66.249.80.48 - - [28/Nov/2019:00:57:25 +0100] "GET /wp-includes/js/jquery/jquery-migrate.min.js?ver=1.4.1 HTTP/1.1" 200 13762 "https://amazingsportwear.com/producto/zapatilla-tram/" "Mozilla/5.0 (Linux; Android 4.2.1; en-us; Nexus 5 Build/JOP40D) AppleWebKit/535.19 (KHTML, like Gecko; googleweblight) Chrome/38.0.1025.166 Mobile Safari/535.19" "-"
66.249.80.52 - - [28/Nov/2019:00:57:25 +0100] "GET /wp-content/plugins/woocommerce/assets/js/flexslider/jquery.flexslider.min.js?ver=2.7.2 HTTP/1.1" 200 23232 "https://amazingsportwear.com/producto/zapatilla-tram/" "Mozilla/5.0 (Linux; Android 4.2.1; en-us; Nexus 5 Build/JOP40D) AppleWebKit/535.19 (KHTML, like Gecko; googleweblight) Chrome/38.0.1025.166 Mobile Safari/535.19" "-"
66.249.80.48 - - [28/Nov/2019:00:57:25 +0100] "GET /wp-content/plugins/simple-social-icons/svgxuse.js?ver=1.1.21 HTTP/1.1" 200 12943 "https://amazingsportwear.com/producto/zapatilla-tram/" "Mozilla/5.0 (Linux; Android 4.2.1; en-us; Nexus 5 Build/JOP40D) AppleWebKit/535.19 (KHTML, like Gecko; googleweblight) Chrome/38.0.1025.166 Mobile Safari/535.19" "-"
66.249.80.50 - - [28/Nov/2019:00:57:25 +0100] "GET /wp-content/plugins/wpfront-notification-bar/jquery-plugins/jquery.c.js?ver=1.4.0 HTTP/1.1" 200 6800 "https://amazingsportwear.com/producto/zapatilla-tram/" "Mozilla/5.0 (Linux; Android 4.2.1; en-us; Nexus 5 Build/JOP40D) AppleWebKit/535.19 (KHTML, like Gecko; googleweblight) Chrome/38.0.1025.166 Mobile Safari/535.19" "-"
66.249.80.50 - - [28/Nov/2019:00:57:25 +0100] "GET /wp-content/plugins/cookie-law-info/public/css/cookie-law-info-gdpr.css?ver=1.7.6 HTTP/1.1" 200 15808 "https://amazingsportwear.com/producto/zapatilla-tram/" "Mozilla/5.0 (Linux; Android 4.2.1; en-us; Nexus 5 Build/JOP40D) AppleWebKit/535.19 (KHTML, like Gecko; googleweblight) Chrome/38.0.1025.166 Mobile Safari/535.19" "-"
66.249.80.50 - - [28/Nov/2019:00:57:25 +0100] "GET /wp-content/themes/shopper/assets/js/crm.js?ver=1561548510 HTTP/1.1" 200 4237 "https://amazingsportwear.com/producto/zapatilla-tram/" "Mozilla/5.0 (Linux; Android 4.2.1; en-us; Nexus 5 Build/JOP40D) AppleWebKit/535.19 (KHTML, like Gecko; googleweblight) Chrome/38.0.1025.166 Mobile Safari/535.19" "-"
66.249.80.48 - - [28/Nov/2019:00:57:25 +0100] "GET /wp-content/plugins/cookie-law-info/public/css/cookie-law-info-public.css?ver=1.7.6 HTTP/1.1" 200 6598 "https://amazingsportwear.com/producto/zapatilla-tram/" "Mozilla/5.0 (Linux; Android 4.2.1; en-us; Nexus 5 Build/JOP40D) AppleWebKit/535.19 (KHTML, like Gecko; googleweblight) Chrome/38.0.1025.166 Mobile Safari/535.19" "-"
66.249.80.52 - - [28/Nov/2019:00:57:25 +0100] "GET /wp-content/plugins/wpfront-notification-bar/js/wpfront-notification-bar.js?ver=1.7.1 HTTP/1.1" 200 9025 "https://amazingsportwear.com/producto/zapatilla-tram/" "Mozilla/5.0 (Linux; Android 4.2.1; en-us; Nexus 5 Build/JOP40D) AppleWebKit/535.19 (KHTML, like Gecko; googleweblight) Chrome/38.0.1025.166 Mobile Safari/535.19" "-"
66.249.80.50 - - [28/Nov/2019:00:57:25 +0100] "GET /wp-content/plugins/product-enquiry-for-woocommerce/css/wdm-jquery-ui.css?ver=5.2.4 HTTP/1.1" 200 30364 "https://amazingsportwear.com/producto/zapatilla-tram/" "Mozilla/5.0 (Linux; Android 4.2.1; en-us; Nexus 5 Build/JOP40D) AppleWebKit/535.19 (KHTML, like Gecko; googleweblight) Chrome/38.0.1025.166 Mobile Safari/535.19" "-"
66.249.80.50 - - [28/Nov/2019:00:57:25 +0100] "GET /wp-content/plugins/woocommerce/assets/js/frontend/add-to-cart.min.js?ver=3.6.4 HTTP/1.1" 200 6346 "https://amazingsportwear.com/producto/zapatilla-tram/" "Mozilla/5.0 (Linux; Android 4.2.1; en-us; Nexus 5 Build/JOP40D) AppleWebKit/535.19 (KHTML, like Gecko; googleweblight) Chrome/38.0.1025.166 Mobile Safari/535.19" "-"
66.249.80.52 - - [28/Nov/2019:00:57:25 +0100] "GET /wp-includes/css/dist/block-library/style.min.css?ver=5.2.4 HTTP/1.1" 200 33023 "https://amazingsportwear.com/producto/zapatilla-tram/" "Mozilla/5.0 (Linux; Android 4.2.1; en-us; Nexus 5 Build/JOP40D) AppleWebKit/535.19 (KHTML, like Gecko; googleweblight) Chrome/38.0.1025.166 Mobile Safari/535.19" "-"
66.249.80.52 - - [28/Nov/2019:00:57:25 +0100] "GET /wp-includes/js/jquery/jquery.js HTTP/1.1" 200 100725 "https://amazingsportwear.com/producto/zapatilla-tram/" "Mozilla/5.0 (Linux; Android 4.2.1; en-us; Nexus 5 Build/JOP40D) AppleWebKit/535.19 (KHTML, like Gecko; googleweblight) Chrome/38.0.1025.166 Mobile Safari/535.19" "-"
66.249.80.50 - - [28/Nov/2019:00:57:25 +0100] "GET /wp-content/plugins/woocommerce/assets/css/blocks/style.css?ver=3.6.4 HTTP/1.1" 200 10060 "https://amazingsportwear.com/producto/zapatilla-tram/" "Mozilla/5.0 (Linux; Android 4.2.1; en-us; Nexus 5 Build/JOP40D) AppleWebKit/535.19 (KHTML, like Gecko; googleweblight) Chrome/38.0.1025.166 Mobile Safari/535.19" "-"
66.249.80.48 - - [28/Nov/2019:00:57:25 +0100] "GET /wp-content/plugins/simple-social-icons/css/style.css?ver=3.0.1 HTTP/1.1" 200 4925 "https://amazingsportwear.com/producto/zapatilla-tram/" "Mozilla/5.0 (Linux; Android 4.2.1; en-us; Nexus 5 Build/JOP40D) AppleWebKit/535.19 (KHTML, like Gecko; googleweblight) Chrome/38.0.1025.166 Mobile Safari/535.19" "-"
66.249.80.52 - - [28/Nov/2019:00:57:25 +0100] "GET /wp-content/themes/shopper/assets/sass/woocommerce/woocommerce.css?ver=5.2.4 HTTP/1.1" 200 86897 "https://amazingsportwear.com/producto/zapatilla-tram/" "Mozilla/5.0 (Linux; Android 4.2.1; en-us; Nexus 5 Build/JOP40D) AppleWebKit/535.19 (KHTML, like Gecko; googleweblight) Chrome/38.0.1025.166 Mobile Safari/535.19" "-"
66.249.80.50 - - [28/Nov/2019:00:57:25 +0100] "GET /wp-content/themes/shopper/style.css?ver=1.3.8 HTTP/1.1" 200 128678 "https://amazingsportwear.com/producto/zapatilla-tram/" "Mozilla/5.0 (Linux; Android 4.2.1; en-us; Nexus 5 Build/JOP40D) AppleWebKit/535.19 (KHTML, like Gecko; googleweblight) Chrome/38.0.1025.166 Mobile Safari/535.19" "-"
66.249.80.52 - - [28/Nov/2019:00:57:25 +0100] "GET /wp-content/plugins/woocommerce/assets/js/frontend/single-product.min.js?ver=3.6.4 HTTP/1.1" 200 6693 "https://amazingsportwear.com/producto/zapatilla-tram/" "Mozilla/5.0 (Linux; Android 4.2.1; en-us; Nexus 5 Build/JOP40D) AppleWebKit/535.19 (KHTML, like Gecko; googleweblight) Chrome/38.0.1025.166 Mobile Safari/535.19" "-"
66.249.80.50 - - [28/Nov/2019:00:57:25 +0100] "GET /wp-content/plugins/woocommerce/assets/js/frontend/woocommerce.min.js?ver=3.6.4 HTTP/1.1" 200 1813 "https://amazingsportwear.com/producto/zapatilla-tram/" "Mozilla/5.0 (Linux; Android 4.2.1; en-us; Nexus 5 Build/JOP40D) AppleWebKit/535.19 (KHTML, like Gecko; googleweblight) Chrome/38.0.1025.166 Mobile Safari/535.19" "-"
66.249.80.50 - - [28/Nov/2019:00:57:25 +0100] "GET /wp-content/plugins/woocommerce/assets/js/frontend/cart-fragments.min.js?ver=3.6.4 HTTP/1.1" 200 3281 "https://amazingsportwear.com/producto/zapatilla-tram/" "Mozilla/5.0 (Linux; Android 4.2.1; en-us; Nexus 5 Build/JOP40D) AppleWebKit/535.19 (KHTML, like Gecko; googleweblight) Chrome/38.0.1025.166 Mobile Safari/535.19" "-"
66.249.80.48 - - [28/Nov/2019:00:57:25 +0100] "GET /wp-content/themes/shopper/assets/js/shopper.min.js?ver=1.3.8 HTTP/1.1" 200 5994 "https://amazingsportwear.com/producto/zapatilla-tram/" "Mozilla/5.0 (Linux; Android 4.2.1; en-us; Nexus 5 Build/JOP40D) AppleWebKit/535.19 (KHTML, like Gecko; googleweblight) Chrome/38.0.1025.166 Mobile Safari/535.19" "-"
66.249.80.50 - - [28/Nov/2019:00:57:25 +0100] "GET /wp-includes/js/comment-reply.min.js?ver=5.2.4 HTTP/1.1" 200 2575 "https://amazingsportwear.com/producto/zapatilla-tram/" "Mozilla/5.0 (Linux; Android 4.2.1; en-us; Nexus 5 Build/JOP40D) AppleWebKit/535.19 (KHTML, like Gecko; googleweblight) Chrome/38.0.1025.166 Mobile Safari/535.19" "-"
66.249.80.52 - - [28/Nov/2019:00:57:25 +0100] "GET /wp-content/themes/shopper/assets/js/skip-link-focus-fix.js?ver=1.3.8 HTTP/1.1" 200 1023 "https://amazingsportwear.com/producto/zapatilla-tram/" "Mozilla/5.0 (Linux; Android 4.2.1; en-us; Nexus 5 Build/JOP40D) AppleWebKit/535.19 (KHTML, like Gecko; googleweblight) Chrome/38.0.1025.166 Mobile Safari/535.19" "-"
66.249.80.52 - - [28/Nov/2019:00:57:25 +0100] "GET /wp-content/plugins/woocommerce/assets/js/js-cookie/js.cookie.min.js?ver=2.1.4 HTTP/1.1" 200 2187 "https://amazingsportwear.com/producto/zapatilla-tram/" "Mozilla/5.0 (Linux; Android 4.2.1; en-us; Nexus 5 Build/JOP40D) AppleWebKit/535.19 (KHTML, like Gecko; googleweblight) Chrome/38.0.1025.166 Mobile Safari/535.19" "-"
66.249.80.48 - - [28/Nov/2019:00:57:25 +0100] "GET /wp-includes/js/jquery/jquery.js?ver=1.12.4-wp HTTP/1.1" 200 100725 "https://amazingsportwear.com/producto/zapatilla-tram/" "Mozilla/5.0 (Linux; Android 4.2.1; en-us; Nexus 5 Build/JOP40D) AppleWebKit/535.19 (KHTML, like Gecko; googleweblight) Chrome/38.0.1025.166 Mobile Safari/535.19" "-"
66.249.80.48 - - [28/Nov/2019:00:57:25 +0100] "GET /wp-includes/js/underscore.min.js?ver=1.8.3 HTTP/1.1" 200 16527 "https://amazingsportwear.com/producto/zapatilla-tram/" "Mozilla/5.0 (Linux; Android 4.2.1; en-us; Nexus 5 Build/JOP40D) AppleWebKit/535.19 (KHTML, like Gecko; googleweblight) Chrome/38.0.1025.166 Mobile Safari/535.19" "-"
66.249.80.50 - - [28/Nov/2019:00:57:25 +0100] "GET /wp-includes/js/wp-util.min.js?ver=5.2.4 HTTP/1.1" 200 1387 "https://amazingsportwear.com/producto/zapatilla-tram/" "Mozilla/5.0 (Linux; Android 4.2.1; en-us; Nexus 5 Build/JOP40D) AppleWebKit/535.19 (KHTML, like Gecko; googleweblight) Chrome/38.0.1025.166 Mobile Safari/535.19" "-"
66.249.80.52 - - [28/Nov/2019:00:57:25 +0100] "GET /wp-content/plugins/woocommerce/assets/js/frontend/add-to-cart-variation.min.js?ver=3.6.4 HTTP/1.1" 200 13625 "https://amazingsportwear.com/producto/zapatilla-tram/" "Mozilla/5.0 (Linux; Android 4.2.1; en-us; Nexus 5 Build/JOP40D) AppleWebKit/535.19 (KHTML, like Gecko; googleweblight) Chrome/38.0.1025.166 Mobile Safari/535.19" "-"
66.249.80.48 - - [28/Nov/2019:00:57:25 +0100] "GET /wp-content/plugins/woocommerce/assets/js/zoom/jquery.zoom.min.js?ver=1.7.21 HTTP/1.1" 200 6320 "https://amazingsportwear.com/producto/zapatilla-tram/" "Mozilla/5.0 (Linux; Android 4.2.1; en-us; Nexus 5 Build/JOP40D) AppleWebKit/535.19 (KHTML, like Gecko; googleweblight) Chrome/38.0.1025.166 Mobile Safari/535.19" "-"
66.249.80.52 - - [28/Nov/2019:00:57:25 +0100] "GET /wp-includes/js/jquery/ui/mouse.min.js?ver=1.11.4 HTTP/1.1" 200 3489 "https://amazingsportwear.com/producto/zapatilla-tram/" "Mozilla/5.0 (Linux; Android 4.2.1; en-us; Nexus 5 Build/JOP40D) AppleWebKit/535.19 (KHTML, like Gecko; googleweblight) Chrome/38.0.1025.166 Mobile Safari/535.19" "-"
66.249.80.52 - - [28/Nov/2019:00:57:25 +0100] "GET /wp-includes/js/jquery/ui/core.min.js?ver=1.11.4 HTTP/1.1" 200 4341 "https://amazingsportwear.com/producto/zapatilla-tram/" "Mozilla/5.0 (Linux; Android 4.2.1; en-us; Nexus 5 Build/JOP40D) AppleWebKit/535.19 (KHTML, like Gecko; googleweblight) Chrome/38.0.1025.166 Mobile Safari/535.19" "-"
66.249.80.50 - - [28/Nov/2019:00:57:25 +0100] "GET /wp-includes/js/jquery/ui/widget.min.js?ver=1.11.4 HTTP/1.1" 200 7250 "https://amazingsportwear.com/producto/zapatilla-tram/" "Mozilla/5.0 (Linux; Android 4.2.1; en-us; Nexus 5 Build/JOP40D) AppleWebKit/535.19 (KHTML, like Gecko; googleweblight) Chrome/38.0.1025.166 Mobile Safari/535.19" "-"
66.249.80.48 - - [28/Nov/2019:00:57:25 +0100] "GET /wp-includes/js/jquery/ui/draggable.min.js?ver=1.11.4 HTTP/1.1" 200 19277 "https://amazingsportwear.com/producto/zapatilla-tram/" "Mozilla/5.0 (Linux; Android 4.2.1; en-us; Nexus 5 Build/JOP40D) AppleWebKit/535.19 (KHTML, like Gecko; googleweblight) Chrome/38.0.1025.166 Mobile Safari/535.19" "-"
66.249.80.50 - - [28/Nov/2019:00:57:25 +0100] "GET /wp-includes/js/jquery/ui/button.min.js?ver=1.11.4 HTTP/1.1" 200 7578 "https://amazingsportwear.com/producto/zapatilla-tram/" "Mozilla/5.0 (Linux; Android 4.2.1; en-us; Nexus 5 Build/JOP40D) AppleWebKit/535.19 (KHTML, like Gecko; googleweblight) Chrome/38.0.1025.166 Mobile Safari/535.19" "-"
66.249.80.50 - - [28/Nov/2019:00:57:25 +0100] "GET /wp-includes/js/jquery/ui/resizable.min.js?ver=1.11.4 HTTP/1.1" 200 18798 "https://amazingsportwear.com/producto/zapatilla-tram/" "Mozilla/5.0 (Linux; Android 4.2.1; en-us; Nexus 5 Build/JOP40D) AppleWebKit/535.19 (KHTML, like Gecko; googleweblight) Chrome/38.0.1025.166 Mobile Safari/535.19" "-"
66.249.80.52 - - [28/Nov/2019:00:57:26 +0100] "GET /wp-content/plugins/product-enquiry-for-woocommerce/js/wdm_jquery.validate.min.js?ver=5.2.4 HTTP/1.1" 200 21818 "https://amazingsportwear.com/producto/zapatilla-tram/" "Mozilla/5.0 (Linux; Android 4.2.1; en-us; Nexus 5 Build/JOP40D) AppleWebKit/535.19 (KHTML, like Gecko; googleweblight) Chrome/38.0.1025.166 Mobile Safari/535.19" "-"
66.249.80.50 - - [28/Nov/2019:00:57:26 +0100] "GET /wp-content/themes/shopper/assets/js/woocommerce/header-cart.min.js?ver=1.3.8 HTTP/1.1" 200 972 "https://amazingsportwear.com/producto/zapatilla-tram/" "Mozilla/5.0 (Linux; Android 4.2.1; en-us; Nexus 5 Build/JOP40D) AppleWebKit/535.19 (KHTML, like Gecko; googleweblight) Chrome/38.0.1025.166 Mobile Safari/535.19" "-"
66.249.80.50 - - [28/Nov/2019:00:57:26 +0100] "GET /wp-includes/js/jquery/ui/position.min.js?ver=1.11.4 HTTP/1.1" 200 6869 "https://amazingsportwear.com/producto/zapatilla-tram/" "Mozilla/5.0 (Linux; Android 4.2.1; en-us; Nexus 5 Build/JOP40D) AppleWebKit/535.19 (KHTML, like Gecko; googleweblight) Chrome/38.0.1025.166 Mobile Safari/535.19" "-"
66.249.80.52 - - [28/Nov/2019:00:57:26 +0100] "GET /wp-includes/js/jquery/ui/dialog.min.js?ver=1.11.4 HTTP/1.1" 200 12482 "https://amazingsportwear.com/producto/zapatilla-tram/" "Mozilla/5.0 (Linux; Android 4.2.1; en-us; Nexus 5 Build/JOP40D) AppleWebKit/535.19 (KHTML, like Gecko; googleweblight) Chrome/38.0.1025.166 Mobile Safari/535.19" "-"
66.249.80.48 - - [28/Nov/2019:00:57:26 +0100] "GET /wp-content/plugins/product-enquiry-for-woocommerce/js/contact.js?ver=5.2.4 HTTP/1.1" 200 4681 "https://amazingsportwear.com/producto/zapatilla-tram/" "Mozilla/5.0 (Linux; Android 4.2.1; en-us; Nexus 5 Build/JOP40D) AppleWebKit/535.19 (KHTML, like Gecko; googleweblight) Chrome/38.0.1025.166 Mobile Safari/535.19" "-"
66.249.80.52 - - [28/Nov/2019:00:57:26 +0100] "GET /wp-content/uploads/2019/04/zapatillero-tram-7.png HTTP/1.1" 200 50309 "https://amazingsportwear.com/producto/zapatilla-tram/" "Mozilla/5.0 (Linux; Android 4.2.1; en-us; Nexus 5 Build/JOP40D) AppleWebKit/535.19 (KHTML, like Gecko; googleweblight) Chrome/38.0.1025.166 Mobile Safari/535.19" "-"
66.249.80.52 - - [28/Nov/2019:00:57:26 +0100] "GET /wp-content/plugins/akismet/_inc/form.js?ver=4.1.2 HTTP/1.1" 200 1040 "https://amazingsportwear.com/producto/zapatilla-tram/" "Mozilla/5.0 (Linux; Android 4.2.1; en-us; Nexus 5 Build/JOP40D) AppleWebKit/535.19 (KHTML, like Gecko; googleweblight) Chrome/38.0.1025.166 Mobile Safari/535.19" "-"
66.249.80.48 - - [28/Nov/2019:00:57:26 +0100] "GET /wp-content/uploads/2019/04/zapatillero-tram-5.png HTTP/1.1" 200 38388 "https://amazingsportwear.com/producto/zapatilla-tram/" "Mozilla/5.0 (Linux; Android 4.2.1; en-us; Nexus 5 Build/JOP40D) AppleWebKit/535.19 (KHTML, like Gecko; googleweblight) Chrome/38.0.1025.166 Mobile Safari/535.19" "-"
66.249.80.48 - - [28/Nov/2019:00:57:26 +0100] "GET /wp-content/uploads/2019/04/zapatillero-tram-3.png HTTP/1.1" 200 58728 "https://amazingsportwear.com/producto/zapatilla-tram/" "Mozilla/5.0 (Linux; Android 4.2.1; en-us; Nexus 5 Build/JOP40D) AppleWebKit/535.19 (KHTML, like Gecko; googleweblight) Chrome/38.0.1025.166 Mobile Safari/535.19" "-"
66.249.80.52 - - [28/Nov/2019:00:57:26 +0100] "GET /wp-content/uploads/2019/04/zapatillero-tram-6.png HTTP/1.1" 200 46839 "https://amazingsportwear.com/producto/zapatilla-tram/" "Mozilla/5.0 (Linux; Android 4.2.1; en-us; Nexus 5 Build/JOP40D) AppleWebKit/535.19 (KHTML, like Gecko; googleweblight) Chrome/38.0.1025.166 Mobile Safari/535.19" "-"
66.249.80.48 - - [28/Nov/2019:00:57:26 +0100] "GET /wp-content/uploads/2019/05/cropped-asw-white.png HTTP/1.1" 200 7500 "https://amazingsportwear.com/producto/zapatilla-tram/" "Mozilla/5.0 (Linux; Android 4.2.1; en-us; Nexus 5 Build/JOP40D) AppleWebKit/535.19 (KHTML, like Gecko; googleweblight) Chrome/38.0.1025.166 Mobile Safari/535.19" "-"
66.249.80.50 - - [28/Nov/2019:00:57:26 +0100] "GET /wp-content/uploads/2018/05/cat-4520-amarillo-300x300.jpg HTTP/1.1" 200 10363 "https://amazingsportwear.com/producto/zapatilla-tram/" "Mozilla/5.0 (Linux; Android 4.2.1; en-us; Nexus 5 Build/JOP40D) AppleWebKit/535.19 (KHTML, like Gecko; googleweblight) Chrome/38.0.1025.166 Mobile Safari/535.19" "-"
66.249.80.52 - - [28/Nov/2019:00:57:26 +0100] "GET /wp-content/uploads/2019/04/zapatillero-tram-1.png HTTP/1.1" 200 106871 "https://amazingsportwear.com/producto/zapatilla-tram/" "Mozilla/5.0 (Linux; Android 4.2.1; en-us; Nexus 5 Build/JOP40D) AppleWebKit/535.19 (KHTML, like Gecko; googleweblight) Chrome/38.0.1025.166 Mobile Safari/535.19" "-"
66.249.80.52 - - [28/Nov/2019:00:57:26 +0100] "GET /wp-content/uploads/2018/05/Pf-10031900-2-261x300.jpg HTTP/1.1" 200 12744 "https://amazingsportwear.com/producto/zapatilla-tram/" "Mozilla/5.0 (Linux; Android 4.2.1; en-us; Nexus 5 Build/JOP40D) AppleWebKit/535.19 (KHTML, like Gecko; googleweblight) Chrome/38.0.1025.166 Mobile Safari/535.19" "-"
66.249.80.48 - - [28/Nov/2019:00:57:26 +0100] "GET /wp-content/uploads/2018/05/ENY-NI11G-1-300x274.jpg HTTP/1.1" 200 6517 "https://amazingsportwear.com/producto/zapatilla-tram/" "Mozilla/5.0 (Linux; Android 4.2.1; en-us; Nexus 5 Build/JOP40D) AppleWebKit/535.19 (KHTML, like Gecko; googleweblight) Chrome/38.0.1025.166 Mobile Safari/535.19" "-"
66.249.80.48 - - [28/Nov/2019:00:57:26 +0100] "GET /wp-content/uploads/2019/05/asw-white-300x126.png HTTP/1.1" 200 12061 "https://amazingsportwear.com/producto/zapatilla-tram/" "Mozilla/5.0 (Linux; Android 4.2.1; en-us; Nexus 5 Build/JOP40D) AppleWebKit/535.19 (KHTML, like Gecko; googleweblight) Chrome/38.0.1025.166 Mobile Safari/535.19" "-"
66.249.80.50 - - [28/Nov/2019:00:57:26 +0100] "GET /wp-content/plugins/woocommerce/assets/js/photoswipe/photoswipe.min.js?ver=4.1.1 HTTP/1.1" 200 35639 "https://amazingsportwear.com/producto/zapatilla-tram/" "Mozilla/5.0 (Linux; Android 4.2.1; en-us; Nexus 5 Build/JOP40D) AppleWebKit/535.19 (KHTML, like Gecko; googleweblight) Chrome/38.0.1025.166 Mobile Safari/535.19" "-"
66.249.80.50 - - [28/Nov/2019:00:57:26 +0100] "GET /wp-content/plugins/woocommerce/assets/js/photoswipe/photoswipe-ui-default.min.js?ver=4.1.1 HTTP/1.1" 200 13583 "https://amazingsportwear.com/producto/zapatilla-tram/" "Mozilla/5.0 (Linux; Android 4.2.1; en-us; Nexus 5 Build/JOP40D) AppleWebKit/535.19 (KHTML, like Gecko; googleweblight) Chrome/38.0.1025.166 Mobile Safari/535.19" "-"
66.249.80.50 - - [28/Nov/2019:00:57:26 +0100] "GET /wp-content/plugins/product-enquiry-for-woocommerce/img/contact/loading.gif HTTP/1.1" 200 3834 "https://amazingsportwear.com/producto/zapatilla-tram/" "Mozilla/5.0 (Linux; Android 4.2.1; en-us; Nexus 5 Build/JOP40D) AppleWebKit/535.19 (KHTML, like Gecko; googleweblight) Chrome/38.0.1025.166 Mobile Safari/535.19" "-"
66.249.80.50 - - [28/Nov/2019:00:57:26 +0100] "GET /wp-includes/js/wp-embed.min.js?ver=5.2.4 HTTP/1.1" 200 5107 "https://amazingsportwear.com/producto/zapatilla-tram/" "Mozilla/5.0 (Linux; Android 4.2.1; en-us; Nexus 5 Build/JOP40D) AppleWebKit/535.19 (KHTML, like Gecko; googleweblight) Chrome/38.0.1025.166 Mobile Safari/535.19" "-"
66.249.80.48 - - [28/Nov/2019:00:57:26 +0100] "GET /wp-content/plugins/wpfront-notification-bar/images/arrow_down.png HTTP/1.1" 200 2562 "https://amazingsportwear.com/wp-content/plugins/wpfront-notification-bar/css/wpfront-notification-bar.css?ver=1.7.1" "Mozilla/5.0 (Linux; Android 4.2.1; en-us; Nexus 5 Build/JOP40D) AppleWebKit/535.19 (KHTML, like Gecko; googleweblight) Chrome/38.0.1025.166 Mobile Safari/535.19" "-"
66.249.80.50 - - [28/Nov/2019:00:57:26 +0100] "GET /wp-content/plugins/simple-social-icons/symbol-defs.svg HTTP/1.1" 200 19699 "https://amazingsportwear.com/producto/zapatilla-tram/" "Mozilla/5.0 (Linux; Android 4.2.1; en-us; Nexus 5 Build/JOP40D) AppleWebKit/535.19 (KHTML, like Gecko; googleweblight) Chrome/38.0.1025.166 Mobile Safari/535.19" "-"
66.249.80.52 - - [28/Nov/2019:00:57:26 +0100] "GET /wp-includes/js/wp-emoji-release.min.js?ver=5.2.4 HTTP/1.1" 200 17546 "https://amazingsportwear.com/producto/zapatilla-tram/" "Mozilla/5.0 (Linux; Android 4.2.1; en-us; Nexus 5 Build/JOP40D) AppleWebKit/535.19 (KHTML, like Gecko; googleweblight) Chrome/38.0.1025.166 Mobile Safari/535.19" "-"
66.249.80.52 - - [28/Nov/2019:00:57:26 +0100] "GET /wp-content/uploads/2019/04/zapatillero-tram-2.png HTTP/1.1" 200 61877 "https://amazingsportwear.com/producto/zapatilla-tram/" "Mozilla/5.0 (Linux; Android 4.2.1; en-us; Nexus 5 Build/JOP40D) AppleWebKit/535.19 (KHTML, like Gecko; googleweblight) Chrome/38.0.1025.166 Mobile Safari/535.19" "-"
66.249.80.52 - - [28/Nov/2019:00:57:26 +0100] "GET /wp-content/uploads/2019/04/zapatillero-tram-4.png HTTP/1.1" 200 52423 "https://amazingsportwear.com/producto/zapatilla-tram/" "Mozilla/5.0 (Linux; Android 4.2.1; en-us; Nexus 5 Build/JOP40D) AppleWebKit/535.19 (KHTML, like Gecko; googleweblight) Chrome/38.0.1025.166 Mobile Safari/535.19" "-"
66.249.80.48 - - [28/Nov/2019:00:57:26 +0100] "GET /wp-content/uploads/2019/04/zapatillero-tram-7-100x100.png HTTP/1.1" 200 4028 "https://amazingsportwear.com/producto/zapatilla-tram/" "Mozilla/5.0 (Linux; Android 4.2.1; en-us; Nexus 5 Build/JOP40D) AppleWebKit/535.19 (KHTML, like Gecko; googleweblight) Chrome/38.0.1025.166 Mobile Safari/535.19" "-"
66.249.80.50 - - [28/Nov/2019:00:57:26 +0100] "GET /wp-content/uploads/2019/04/zapatillero-tram-2-100x100.png HTTP/1.1" 200 5092 "https://amazingsportwear.com/producto/zapatilla-tram/" "Mozilla/5.0 (Linux; Android 4.2.1; en-us; Nexus 5 Build/JOP40D) AppleWebKit/535.19 (KHTML, like Gecko; googleweblight) Chrome/38.0.1025.166 Mobile Safari/535.19" "-"
66.249.80.48 - - [28/Nov/2019:00:57:26 +0100] "GET /wp-content/uploads/2019/04/zapatillero-tram-6-100x100.png HTTP/1.1" 200 3769 "https://amazingsportwear.com/producto/zapatilla-tram/" "Mozilla/5.0 (Linux; Android 4.2.1; en-us; Nexus 5 Build/JOP40D) AppleWebKit/535.19 (KHTML, like Gecko; googleweblight) Chrome/38.0.1025.166 Mobile Safari/535.19" "-"
66.249.80.52 - - [28/Nov/2019:00:57:26 +0100] "GET /wp-content/uploads/2019/04/zapatillero-tram-5-100x100.png HTTP/1.1" 200 2940 "https://amazingsportwear.com/producto/zapatilla-tram/" "Mozilla/5.0 (Linux; Android 4.2.1; en-us; Nexus 5 Build/JOP40D) AppleWebKit/535.19 (KHTML, like Gecko; googleweblight) Chrome/38.0.1025.166 Mobile Safari/535.19" "-"
66.249.80.50 - - [28/Nov/2019:00:57:26 +0100] "GET /wp-content/uploads/2019/04/zapatillero-tram-4-100x100.png HTTP/1.1" 200 3608 "https://amazingsportwear.com/producto/zapatilla-tram/" "Mozilla/5.0 (Linux; Android 4.2.1; en-us; Nexus 5 Build/JOP40D) AppleWebKit/535.19 (KHTML, like Gecko; googleweblight) Chrome/38.0.1025.166 Mobile Safari/535.19" "-"
66.249.80.48 - - [28/Nov/2019:00:57:26 +0100] "GET /wp-content/uploads/2019/04/zapatillero-tram-1-100x100.png HTTP/1.1" 200 8170 "https://amazingsportwear.com/producto/zapatilla-tram/" "Mozilla/5.0 (Linux; Android 4.2.1; en-us; Nexus 5 Build/JOP40D) AppleWebKit/535.19 (KHTML, like Gecko; googleweblight) Chrome/38.0.1025.166 Mobile Safari/535.19" "-"
66.249.80.48 - - [28/Nov/2019:00:57:26 +0100] "GET /wp-content/uploads/2019/04/zapatillero-tram-3-100x100.png HTTP/1.1" 200 3632 "https://amazingsportwear.com/producto/zapatilla-tram/" "Mozilla/5.0 (Linux; Android 4.2.1; en-us; Nexus 5 Build/JOP40D) AppleWebKit/535.19 (KHTML, like Gecko; googleweblight) Chrome/38.0.1025.166 Mobile Safari/535.19" "-"
66.249.80.48 - - [28/Nov/2019:00:57:26 +0100] "POST /?wc-ajax=get_refreshed_fragments HTTP/1.1" 200 1397 "https://amazingsportwear.com/producto/zapatilla-tram/" "Mozilla/5.0 (Linux; Android 4.2.1; en-us; Nexus 5 Build/JOP40D) AppleWebKit/535.19 (KHTML, like Gecko; googleweblight) Chrome/38.0.1025.166 Mobile Safari/535.19" "-"
189.214.1.155 - - [28/Nov/2019:00:57:34 +0100] "GET /wp-content/uploads/2019/04/SA-1087-5.png HTTP/1.1" 200 81039 "https://www.google.com.mx/" "Mozilla/5.0 (Windows NT 10.0; Win64; x64) AppleWebKit/537.36 (KHTML, like Gecko) Chrome/78.0.3904.108 Safari/537.36" "-"
189.214.1.155 - - [28/Nov/2019:00:58:03 +0100] "GET /wp-content/uploads/2019/04/SA-1070-4.png HTTP/1.1" 200 66202 "https://www.google.com.mx/" "Mozilla/5.0 (Windows NT 10.0; Win64; x64) AppleWebKit/537.36 (KHTML, like Gecko) Chrome/78.0.3904.108 Safari/537.36" "-"
189.250.219.119 - - [28/Nov/2019:01:02:42 +0100] "GET /wp-content/uploads/2019/04/gorra-dowan-2.png HTTP/1.1" 200 88550 "https://www.google.com/" "Mozilla/5.0 (Windows NT 10.0) AppleWebKit/537.36 (KHTML, like Gecko) Chrome/78.0.3904.108 Safari/537.36" "-"
217.76.130.90 - - [28/Nov/2019:01:16:20 +0100] "POST /wp-cron.php?doing_wp_cron=1574900180.6423079967498779296875 HTTP/1.1" 200 3389 "https://amazingsportwear.com/wp-cron.php?doing_wp_cron=1574900180.6423079967498779296875" "WordPress/5.2.4; https://amazingsportwear.com" "-"
17.58.100.225 - - [28/Nov/2019:01:16:16 +0100] "GET /robots.txt HTTP/1.1" 200 3687 "-" "Mozilla/5.0 (Macintosh; Intel Mac OS X 10_10_1) AppleWebKit/600.2.5 (KHTML, like Gecko) Version/8.0.2 Safari/600.2.5 (Applebot/0.1; +http://www.apple.com/go/applebot)" "-"
17.58.96.178 - - [28/Nov/2019:01:16:21 +0100] "GET /categoria-producto/hombre/chubasqueros/ HTTP/1.1" 200 56872 "-" "Mozilla/5.0 (Macintosh; Intel Mac OS X 10_10_1) AppleWebKit/600.2.5 (KHTML, like Gecko) Version/8.0.2 Safari/600.2.5 (Applebot/0.1; +http://www.apple.com/go/applebot)" "-"
217.76.130.90 - - [28/Nov/2019:01:23:05 +0100] "POST /wp-cron.php?doing_wp_cron=1574900584.9362161159515380859375 HTTP/1.1" 200 3389 "https://amazingsportwear.com/wp-cron.php?doing_wp_cron=1574900584.9362161159515380859375" "WordPress/5.2.4; https://amazingsportwear.com" "-"
77.222.96.144 - - [28/Nov/2019:01:23:03 +0100] "GET / HTTP/1.1" 200 126044 "-" "Mozilla/5.0 (Windows NT 6.1; WOW64; rv:54.0) Gecko/20100101 Firefox/54.0" "-"
157.55.39.186 - - [28/Nov/2019:01:24:02 +0100] "GET /wp-content/uploads/2017/03/sa-6650_22155.jpg HTTP/1.1" 200 14650 "-" "Mozilla/5.0 (compatible; bingbot/2.0; +http://www.bing.com/bingbot.htm)" "-"
217.76.130.90 - - [28/Nov/2019:01:36:23 +0100] "POST /wp-cron.php?doing_wp_cron=1574901383.9159998893737792968750 HTTP/1.1" 200 3389 "https://amazingsportwear.com/wp-cron.php?doing_wp_cron=1574901383.9159998893737792968750" "WordPress/5.2.4; https://amazingsportwear.com" "-"
66.249.64.144 - - [28/Nov/2019:01:36:20 +0100] "GET /categoria-producto/diez/ HTTP/1.1" 200 53780 "-" "Mozilla/5.0 (Linux; Android 6.0.1; Nexus 5X Build/MMB29P) AppleWebKit/537.36 (KHTML, like Gecko) Chrome/41.0.2272.96 Mobile Safari/537.36 (compatible; Googlebot/2.1; +http://www.google.com/bot.html)" "-"
66.249.64.146 - - [28/Nov/2019:01:36:33 +0100] "POST /?wc-ajax=get_refreshed_fragments HTTP/1.1" 200 4760 "https://amazingsportwear.com/categoria-producto/diez/" "Mozilla/5.0 (Linux; Android 6.0.1; Nexus 5X Build/MMB29P) AppleWebKit/537.36 (KHTML, like Gecko) Chrome/41.0.2272.96 Mobile Safari/537.36 (compatible; Googlebot/2.1; +http://www.google.com/bot.html)" "_ga=GA1.2.1884029788.1574899200; _gid=GA1.2.969013651.1574899200; _gat_gtag_UA_91619287_1=1"
181.120.75.121 - - [28/Nov/2019:01:38:48 +0100] "GET /wp-content/uploads/2019/04/Gorra-sport-6.png HTTP/1.1" 200 44623 "https://www.google.com/" "Mozilla/5.0 (Macintosh; Intel Mac OS X 10_13_6) AppleWebKit/537.36 (KHTML, like Gecko) Chrome/78.0.3904.108 Safari/537.36" "-"
181.120.75.121 - - [28/Nov/2019:01:40:55 +0100] "GET /wp-content/uploads/2019/04/Gorra-harum-2.png HTTP/1.1" 200 50290 "https://www.google.com/" "Mozilla/5.0 (Macintosh; Intel Mac OS X 10_13_6) AppleWebKit/537.36 (KHTML, like Gecko) Chrome/78.0.3904.108 Safari/537.36" "-"
217.76.130.90 - - [28/Nov/2019:01:46:15 +0100] "POST /wp-cron.php?doing_wp_cron=1574901975.2472550868988037109375 HTTP/1.1" 200 3389 "https://amazingsportwear.com/wp-cron.php?doing_wp_cron=1574901975.2472550868988037109375" "WordPress/5.2.4; https://amazingsportwear.com" "-"
66.249.64.148 - - [28/Nov/2019:01:46:12 +0100] "GET /etiqueta-producto/young/ HTTP/1.1" 200 55760 "-" "Mozilla/5.0 (Linux; Android 6.0.1; Nexus 5X Build/MMB29P) AppleWebKit/537.36 (KHTML, like Gecko) Chrome/41.0.2272.96 Mobile Safari/537.36 (compatible; Googlebot/2.1; +http://www.google.com/bot.html)" "-"
66.249.64.146 - - [28/Nov/2019:01:46:20 +0100] "POST /?wc-ajax=get_refreshed_fragments HTTP/1.1" 200 4760 "https://amazingsportwear.com/etiqueta-producto/young/" "Mozilla/5.0 (Linux; Android 6.0.1; Nexus 5X Build/MMB29P) AppleWebKit/537.36 (KHTML, like Gecko) Chrome/41.0.2272.96 Mobile Safari/537.36 (compatible; Googlebot/2.1; +http://www.google.com/bot.html)" "_ga=GA1.2.1884029788.1574899200; _gid=GA1.2.969013651.1574899200; _gat_gtag_UA_91619287_1=1"
217.76.130.90 - - [28/Nov/2019:01:48:37 +0100] "POST /wp-cron.php?doing_wp_cron=1574902117.9461359977722167968750 HTTP/1.1" 200 3389 "https://amazingsportwear.com/wp-cron.php?doing_wp_cron=1574902117.9461359977722167968750" "WordPress/5.2.4; https://amazingsportwear.com" "-"
66.249.64.144 - - [28/Nov/2019:01:48:36 +0100] "GET /producto/culoute-corto-triatlon/ HTTP/1.1" 200 91239 "-" "Mozilla/5.0 (Linux; Android 6.0.1; Nexus 5X Build/MMB29P) AppleWebKit/537.36 (KHTML, like Gecko) Chrome/41.0.2272.96 Mobile Safari/537.36 (compatible; Googlebot/2.1; +http://www.google.com/bot.html)" "-"
66.249.64.146 - - [28/Nov/2019:01:48:47 +0100] "GET /producto/culoute-corto-triatlon/ HTTP/1.1" 200 91256 "-" "Mozilla/5.0 (Linux; Android 6.0.1; Nexus 5X Build/MMB29P) AppleWebKit/537.36 (KHTML, like Gecko) Chrome/41.0.2272.96 Mobile Safari/537.36 (compatible; Googlebot/2.1; +http://www.google.com/bot.html)" "-"
66.249.64.146 - - [28/Nov/2019:01:48:49 +0100] "POST /?wc-ajax=get_refreshed_fragments HTTP/1.1" 200 1397 "https://amazingsportwear.com/producto/culoute-corto-triatlon/" "Mozilla/5.0 (Linux; Android 6.0.1; Nexus 5X Build/MMB29P) AppleWebKit/537.36 (KHTML, like Gecko) Chrome/41.0.2272.96 Mobile Safari/537.36 (compatible; Googlebot/2.1; +http://www.google.com/bot.html)" "_ga=GA1.2.969013651.1574899200; _gid=GA1.2.1978218920.1574899200; _gat_gtag_UA_91619287_1=1"
66.249.64.144 - - [28/Nov/2019:01:52:53 +0100] "GET /wp-content/uploads/2019/04/Llavero-metalico-futbol-3-100x100.png HTTP/1.1" 304 3564 "-" "Googlebot-Image/1.0" "-"
90.166.209.166 - - [28/Nov/2019:01:57:43 +0100] "GET /wp-content/uploads/2017/03/nath-beat-negro.jpg HTTP/1.1" 200 18886 "https://www.google.es/" "Mozilla/5.0 (iPhone; CPU iPhone OS 13_2_3 like Mac OS X) AppleWebKit/605.1.15 (KHTML, like Gecko) Version/13.0.3 Mobile/15E148 Safari/604.1" "-"
90.166.209.166 - - [28/Nov/2019:01:59:47 +0100] "GET /wp-content/uploads/2017/03/nath-beat-colores-1.jpg HTTP/1.1" 200 18846 "https://www.google.es/" "Mozilla/5.0 (iPhone; CPU iPhone OS 13_1_3 like Mac OS X) AppleWebKit/605.1.15 (KHTML, like Gecko) Version/13.0.1 Mobile/15E148 Safari/604.1" "-"
217.76.130.90 - - [28/Nov/2019:01:59:53 +0100] "POST /wp-cron.php?doing_wp_cron=1574902793.8601779937744140625000 HTTP/1.1" 200 3389 "https://amazingsportwear.com/wp-cron.php?doing_wp_cron=1574902793.8601779937744140625000" "WordPress/5.2.4; https://amazingsportwear.com" "-"
66.249.64.148 - - [28/Nov/2019:01:59:51 +0100] "GET /producto/golf-banner/ HTTP/1.1" 200 89486 "-" "Mozilla/5.0 (Linux; Android 6.0.1; Nexus 5X Build/MMB29P) AppleWebKit/537.36 (KHTML, like Gecko) Chrome/41.0.2272.96 Mobile Safari/537.36 (compatible; Googlebot/2.1; +http://www.google.com/bot.html)" "-"
217.76.130.90 - - [28/Nov/2019:02:00:03 +0100] "POST /wp-cron.php?doing_wp_cron=1574902803.8933908939361572265625 HTTP/1.1" 200 3389 "https://amazingsportwear.com/wp-cron.php?doing_wp_cron=1574902803.8933908939361572265625" "WordPress/5.2.4; https://amazingsportwear.com" "-"
66.249.64.148 - - [28/Nov/2019:02:00:03 +0100] "POST /?wc-ajax=get_refreshed_fragments HTTP/1.1" 200 1397 "https://amazingsportwear.com/producto/golf-banner/" "Mozilla/5.0 (Linux; Android 6.0.1; Nexus 5X Build/MMB29P) AppleWebKit/537.36 (KHTML, like Gecko) Chrome/41.0.2272.96 Mobile Safari/537.36 (compatible; Googlebot/2.1; +http://www.google.com/bot.html)" "_ga=GA1.2.969013651.1574899200; _gid=GA1.2.1978218920.1574899200; _gat_gtag_UA_91619287_1=1"
90.166.209.166 - - [28/Nov/2019:02:01:49 +0100] "GET /wp-content/uploads/2017/03/nath-beat-colores-1.jpg HTTP/1.1" 200 15816 "-" "Mozilla/5.0 (iPhone; CPU iPhone OS 13_1_3 like Mac OS X) AppleWebKit/605.1.15 (KHTML, like Gecko) Version/13.0.1 Mobile/15E148 Safari/604.1" "-"
90.166.209.166 - - [28/Nov/2019:02:01:50 +0100] "GET /favicon.ico HTTP/1.1" 200 3427 "https://amazingsportwear.com/wp-content/uploads/2017/03/nath-beat-colores-1.jpg" "Mozilla/5.0 (iPhone; CPU iPhone OS 13_1_3 like Mac OS X) AppleWebKit/605.1.15 (KHTML, like Gecko) Version/13.0.1 Mobile/15E148 Safari/604.1" "-"
90.166.209.166 - - [28/Nov/2019:02:02:20 +0100] "GET /wp-content/uploads/2017/03/nath-beat-rosa.jpg HTTP/1.1" 200 25782 "https://www.google.es/" "Mozilla/5.0 (iPhone; CPU iPhone OS 13_2_3 like Mac OS X) AppleWebKit/605.1.15 (KHTML, like Gecko) Version/13.0.3 Mobile/15E148 Safari/604.1" "-"
40.77.167.56 - - [28/Nov/2019:02:02:21 +0100] "GET /wp-content/uploads/2019/04/HALMIK-ROSA.png HTTP/1.1" 200 111683 "-" "Mozilla/5.0 (compatible; bingbot/2.0; +http://www.bing.com/bingbot.htm)" "-"
90.166.209.166 - - [28/Nov/2019:02:02:34 +0100] "GET /wp-content/uploads/2017/03/nath-beat-colores-1.jpg HTTP/1.1" 200 18846 "-" "Mozilla/5.0 (Macintosh; Intel Mac OS X 10_11_1) AppleWebKit/601.2.4 (KHTML, like Gecko) Version/9.0.1 Safari/601.2.4 facebookexternalhit/1.1 Facebot Twitterbot/1.0" "-"
90.166.209.166 - - [28/Nov/2019:02:02:34 +0100] "GET /wp-content/uploads/2017/03/nath-beat-colores-1.jpg HTTP/1.1" 200 18846 "-" "Mozilla/5.0 (Macintosh; Intel Mac OS X 10_11_1) AppleWebKit/601.2.4 (KHTML, like Gecko) Version/9.0.1 Safari/601.2.4 facebookexternalhit/1.1 Facebot Twitterbot/1.0" "-"
90.166.209.166 - - [28/Nov/2019:02:02:38 +0100] "GET /wp-content/uploads/2017/03/nath-beat-colores-1.jpg HTTP/1.1" 206 18895 "-" "WhatsApp/2.19.112 i" "-"
90.166.209.166 - - [28/Nov/2019:02:02:50 +0100] "GET /wp-content/uploads/2017/03/nath-beat-colores-1.jpg HTTP/1.1" 200 18846 "-" "Mozilla/5.0 (iPhone; CPU iPhone OS 13_2_3 like Mac OS X) AppleWebKit/605.1.15 (KHTML, like Gecko) Version/13.0.3 Mobile/15E148 Safari/604.1" "-"
90.166.209.166 - - [28/Nov/2019:02:02:51 +0100] "GET /favicon.ico HTTP/1.1" 200 3427 "https://amazingsportwear.com/wp-content/uploads/2017/03/nath-beat-colores-1.jpg" "Mozilla/5.0 (iPhone; CPU iPhone OS 13_2_3 like Mac OS X) AppleWebKit/605.1.15 (KHTML, like Gecko) Version/13.0.3 Mobile/15E148 Safari/604.1" "-"
217.76.130.90 - - [28/Nov/2019:02:02:59 +0100] "POST /wp-cron.php?doing_wp_cron=1574902978.9628429412841796875000 HTTP/1.1" 200 3389 "https://amazingsportwear.com/wp-cron.php?doing_wp_cron=1574902978.9628429412841796875000" "WordPress/5.2.4; https://amazingsportwear.com" "-"
66.249.64.144 - - [28/Nov/2019:02:02:58 +0100] "GET /etiqueta-producto/zapatillero-pirlo/ HTTP/1.1" 200 54056 "-" "Mozilla/5.0 (Linux; Android 6.0.1; Nexus 5X Build/MMB29P) AppleWebKit/537.36 (KHTML, like Gecko) Chrome/41.0.2272.96 Mobile Safari/537.36 (compatible; Googlebot/2.1; +http://www.google.com/bot.html)" "-"
217.76.130.90 - - [28/Nov/2019:02:03:07 +0100] "POST /wp-cron.php?doing_wp_cron=1574902987.0364360809326171875000 HTTP/1.1" 200 3389 "https://amazingsportwear.com/wp-cron.php?doing_wp_cron=1574902987.0364360809326171875000" "WordPress/5.2.4; https://amazingsportwear.com" "-"
66.249.64.144 - - [28/Nov/2019:02:03:06 +0100] "POST /?wc-ajax=get_refreshed_fragments HTTP/1.1" 200 1397 "https://amazingsportwear.com/etiqueta-producto/zapatillero-pirlo/" "Mozilla/5.0 (Linux; Android 6.0.1; Nexus 5X Build/MMB29P) AppleWebKit/537.36 (KHTML, like Gecko) Chrome/41.0.2272.96 Mobile Safari/537.36 (compatible; Googlebot/2.1; +http://www.google.com/bot.html)" "_ga=GA1.2.1884029788.1574899200; _gid=GA1.2.969013651.1574899200; _gat_gtag_UA_91619287_1=1"
207.46.13.60 - - [28/Nov/2019:02:09:28 +0100] "GET /wp-content/uploads/2017/03/sa-0425_03.jpg HTTP/1.1" 200 83559 "-" "Mozilla/5.0 (compatible; bingbot/2.0; +http://www.bing.com/bingbot.htm)" "-"
201.176.210.167 - - [28/Nov/2019:02:10:37 +0100] "GET /wp-content/uploads/2019/04/Gorra-sport-10.png HTTP/1.1" 200 60426 "https://www.google.com/" "Mozilla/5.0 (Linux; Android 6.0.1; SM-G532M) AppleWebKit/537.36 (KHTML, like Gecko) Chrome/78.0.3904.108 Mobile Safari/537.36" "-"
217.76.130.90 - - [28/Nov/2019:02:13:02 +0100] "POST /wp-cron.php?doing_wp_cron=1574903582.8110759258270263671875 HTTP/1.1" 200 3389 "https://amazingsportwear.com/wp-cron.php?doing_wp_cron=1574903582.8110759258270263671875" "WordPress/5.2.4; https://amazingsportwear.com" "-"
66.249.64.148 - - [28/Nov/2019:02:12:59 +0100] "GET /etiqueta-producto/camiseta-hombre-shangai/ HTTP/1.1" 200 54307 "-" "Mozilla/5.0 (Linux; Android 6.0.1; Nexus 5X Build/MMB29P) AppleWebKit/537.36 (KHTML, like Gecko) Chrome/41.0.2272.96 Mobile Safari/537.36 (compatible; Googlebot/2.1; +http://www.google.com/bot.html)" "-"
40.77.167.56 - - [28/Nov/2019:02:19:34 +0100] "GET /wp-content/uploads/2019/04/Mochila-keisy-2.png HTTP/1.1" 200 83184 "-" "Mozilla/5.0 (compatible; bingbot/2.0; +http://www.bing.com/bingbot.htm)" "-"
189.175.140.238 - - [28/Nov/2019:02:27:19 +0100] "GET /wp-content/uploads/2019/04/Gorra-sport-6.png HTTP/1.1" 200 44623 "https://www.google.com/" "Mozilla/5.0 (Windows NT 10.0; Win64; x64) AppleWebKit/537.36 (KHTML, like Gecko) Chrome/78.0.3904.108 Safari/537.36" "-"
189.175.140.238 - - [28/Nov/2019:02:27:27 +0100] "GET /wp-content/uploads/2019/04/Gorra-harum-2.png HTTP/1.1" 200 50152 "https://www.google.com/" "Mozilla/5.0 (Windows NT 10.0; Win64; x64) AppleWebKit/537.36 (KHTML, like Gecko) Chrome/78.0.3904.108 Safari/537.36" "-"
217.76.130.90 - - [28/Nov/2019:02:35:48 +0100] "POST /wp-cron.php?doing_wp_cron=1574904948.0707030296325683593750 HTTP/1.1" 200 3389 "https://amazingsportwear.com/wp-cron.php?doing_wp_cron=1574904948.0707030296325683593750" "WordPress/5.2.4; https://amazingsportwear.com" "-"
66.249.64.144 - - [28/Nov/2019:02:35:45 +0100] "GET /categoria-producto/hombre/page/4/ HTTP/1.1" 200 77887 "-" "Mozilla/5.0 (Linux; Android 6.0.1; Nexus 5X Build/MMB29P) AppleWebKit/537.36 (KHTML, like Gecko) Chrome/41.0.2272.96 Mobile Safari/537.36 (compatible; Googlebot/2.1; +http://www.google.com/bot.html)" "-"
217.76.130.90 - - [28/Nov/2019:02:37:23 +0100] "POST /wp-cron.php?doing_wp_cron=1574905043.7779319286346435546875 HTTP/1.1" 200 3389 "https://amazingsportwear.com/wp-cron.php?doing_wp_cron=1574905043.7779319286346435546875" "WordPress/5.2.4; https://amazingsportwear.com" "-"
66.249.64.146 - - [28/Nov/2019:02:37:22 +0100] "GET /etiqueta-producto/camiseta-running/ HTTP/1.1" 200 54208 "-" "Mozilla/5.0 (Linux; Android 6.0.1; Nexus 5X Build/MMB29P) AppleWebKit/537.36 (KHTML, like Gecko) Chrome/41.0.2272.96 Mobile Safari/537.36 (compatible; Googlebot/2.1; +http://www.google.com/bot.html)" "-"
217.76.130.90 - - [28/Nov/2019:02:38:58 +0100] "POST /wp-cron.php?doing_wp_cron=1574905138.1318700313568115234375 HTTP/1.1" 200 164 "http://amazingsportwear.com/wp-cron.php?doing_wp_cron=1574905138.1318700313568115234375" "WordPress/5.2.4; https://amazingsportwear.com" "-"
167.172.26.229 - - [28/Nov/2019:02:38:57 +0100] "GET / HTTP/1.1" 301 336 "-" "Mozilla/5.0 (Macintosh; Intel Mac OS X 10_10_5) AppleWebKit/537.36 (KHTML, like Gecko) Chrome/45.0.2454.101 Safari/537.36" "-"
167.172.233.143 - - [28/Nov/2019:02:38:59 +0100] "GET / HTTP/1.1" 200 90163 "-" "Mozilla/5.0 (Macintosh; Intel Mac OS X 10_10_5) AppleWebKit/537.36 (KHTML, like Gecko) Chrome/45.0.2454.101 Safari/537.36" "wpfront-notification-bar-landingpage=1"
