199.127.56.236 - - [27/Nov/2019:11:11:28 +0100] "GET /wp-content/plugins/smart-slider-3/nextend/media/dist/n2.min.js?1559118093 HTTP/1.1" 200 3836 "https://amazingsportwear.com/" "Mozilla/5.0 (Windows NT 10.0; Win64; x64) AppleWebKit/537.36 (KHTML, like Gecko) Chrome/78.0.3904.108 Safari/537.36" "wpfront-notification-bar-landingpage=1"
199.127.56.236 - - [27/Nov/2019:11:11:28 +0100] "GET /wp-content/plugins/smart-slider-3/library/media/plugins/type/simple/simple/dist/smartslider-simple-type-frontend.min.js?1559118093 HTTP/1.1" 200 18973 "https://amazingsportwear.com/" "Mozilla/5.0 (Windows NT 10.0; Win64; x64) AppleWebKit/537.36 (KHTML, like Gecko) Chrome/78.0.3904.108 Safari/537.36" "wpfront-notification-bar-landingpage=1"
199.127.56.236 - - [27/Nov/2019:11:11:28 +0100] "GET /wp-includes/js/wp-emoji-release.min.js?ver=5.2.4 HTTP/1.1" 200 14183 "https://amazingsportwear.com/" "Mozilla/5.0 (Windows NT 10.0; Win64; x64) AppleWebKit/537.36 (KHTML, like Gecko) Chrome/78.0.3904.108 Safari/537.36" "wpfront-notification-bar-landingpage=1; _ga=GA1.2.223870846.1574849488; _gid=GA1.2.1027187096.1574849488; _gat_gtag_UA_91619287_1=1"
199.127.56.236 - - [27/Nov/2019:11:11:28 +0100] "GET /wp-content/uploads/2019/05/cropped-asw-white.png HTTP/1.1" 200 7500 "https://amazingsportwear.com/" "Mozilla/5.0 (Windows NT 10.0; Win64; x64) AppleWebKit/537.36 (KHTML, like Gecko) Chrome/78.0.3904.108 Safari/537.36" "wpfront-notification-bar-landingpage=1; _ga=GA1.2.223870846.1574849488; _gid=GA1.2.1027187096.1574849488; _gat_gtag_UA_91619287_1=1"
199.127.56.236 - - [27/Nov/2019:11:11:28 +0100] "GET /wp-content/plugins/smart-slider-3/nextend/media/dist/nextend-frontend.min.js?1559118093 HTTP/1.1" 200 86339 "https://amazingsportwear.com/" "Mozilla/5.0 (Windows NT 10.0; Win64; x64) AppleWebKit/537.36 (KHTML, like Gecko) Chrome/78.0.3904.108 Safari/537.36" "wpfront-notification-bar-landingpage=1"
199.127.56.236 - - [27/Nov/2019:11:11:28 +0100] "GET /wp-content/plugins/smart-slider-3/library/media/dist/smartslider-frontend.min.js?1559118093 HTTP/1.1" 200 127293 "https://amazingsportwear.com/" "Mozilla/5.0 (Windows NT 10.0; Win64; x64) AppleWebKit/537.36 (KHTML, like Gecko) Chrome/78.0.3904.108 Safari/537.36" "wpfront-notification-bar-landingpage=1"
199.127.56.236 - - [27/Nov/2019:11:11:28 +0100] "GET /wp-content/themes/shopper/assets/js/crm.js?ver=1561548510 HTTP/1.1" 200 874 "https://amazingsportwear.com/" "Mozilla/5.0 (Windows NT 10.0; Win64; x64) AppleWebKit/537.36 (KHTML, like Gecko) Chrome/78.0.3904.108 Safari/537.36" "wpfront-notification-bar-landingpage=1; _ga=GA1.2.223870846.1574849488; _gid=GA1.2.1027187096.1574849488; _gat_gtag_UA_91619287_1=1"
199.127.56.236 - - [27/Nov/2019:11:11:28 +0100] "GET /wp-content/plugins/woocommerce/assets/js/jquery-blockui/jquery.blockUI.min.js?ver=2.70 HTTP/1.1" 200 9908 "https://amazingsportwear.com/" "Mozilla/5.0 (Windows NT 10.0; Win64; x64) AppleWebKit/537.36 (KHTML, like Gecko) Chrome/78.0.3904.108 Safari/537.36" "wpfront-notification-bar-landingpage=1; _ga=GA1.2.223870846.1574849488; _gid=GA1.2.1027187096.1574849488; _gat_gtag_UA_91619287_1=1"
199.127.56.236 - - [27/Nov/2019:11:11:29 +0100] "GET /wp-content/plugins/woocommerce/assets/js/js-cookie/js.cookie.min.js?ver=2.1.4 HTTP/1.1" 200 2187 "https://amazingsportwear.com/" "Mozilla/5.0 (Windows NT 10.0; Win64; x64) AppleWebKit/537.36 (KHTML, like Gecko) Chrome/78.0.3904.108 Safari/537.36" "wpfront-notification-bar-landingpage=1; _ga=GA1.2.223870846.1574849488; _gid=GA1.2.1027187096.1574849488; _gat_gtag_UA_91619287_1=1"
199.127.56.236 - - [27/Nov/2019:11:11:29 +0100] "GET /wp-content/plugins/woocommerce/assets/js/frontend/add-to-cart.min.js?ver=3.6.4 HTTP/1.1" 200 2983 "https://amazingsportwear.com/" "Mozilla/5.0 (Windows NT 10.0; Win64; x64) AppleWebKit/537.36 (KHTML, like Gecko) Chrome/78.0.3904.108 Safari/537.36" "wpfront-notification-bar-landingpage=1; _ga=GA1.2.223870846.1574849488; _gid=GA1.2.1027187096.1574849488; _gat_gtag_UA_91619287_1=1"
199.127.56.236 - - [27/Nov/2019:11:11:29 +0100] "GET /wp-content/plugins/woocommerce/assets/js/frontend/woocommerce.min.js?ver=3.6.4 HTTP/1.1" 200 1813 "https://amazingsportwear.com/" "Mozilla/5.0 (Windows NT 10.0; Win64; x64) AppleWebKit/537.36 (KHTML, like Gecko) Chrome/78.0.3904.108 Safari/537.36" "wpfront-notification-bar-landingpage=1; _ga=GA1.2.223870846.1574849488; _gid=GA1.2.1027187096.1574849488; _gat_gtag_UA_91619287_1=1"
199.127.56.236 - - [27/Nov/2019:11:11:29 +0100] "GET /wp-content/themes/shopper/assets/js/skip-link-focus-fix.js?ver=1.3.8 HTTP/1.1" 200 1023 "https://amazingsportwear.com/" "Mozilla/5.0 (Windows NT 10.0; Win64; x64) AppleWebKit/537.36 (KHTML, like Gecko) Chrome/78.0.3904.108 Safari/537.36" "wpfront-notification-bar-landingpage=1; _ga=GA1.2.223870846.1574849488; _gid=GA1.2.1027187096.1574849488; _gat_gtag_UA_91619287_1=1"
199.127.56.236 - - [27/Nov/2019:11:11:29 +0100] "GET /wp-content/themes/shopper/assets/js/shopper.min.js?ver=1.3.8 HTTP/1.1" 200 5994 "https://amazingsportwear.com/" "Mozilla/5.0 (Windows NT 10.0; Win64; x64) AppleWebKit/537.36 (KHTML, like Gecko) Chrome/78.0.3904.108 Safari/537.36" "wpfront-notification-bar-landingpage=1; _ga=GA1.2.223870846.1574849488; _gid=GA1.2.1027187096.1574849488; _gat_gtag_UA_91619287_1=1"
199.127.56.236 - - [27/Nov/2019:11:11:29 +0100] "GET /wp-content/plugins/woocommerce/assets/js/frontend/cart-fragments.min.js?ver=3.6.4 HTTP/1.1" 200 3281 "https://amazingsportwear.com/" "Mozilla/5.0 (Windows NT 10.0; Win64; x64) AppleWebKit/537.36 (KHTML, like Gecko) Chrome/78.0.3904.108 Safari/537.36" "wpfront-notification-bar-landingpage=1; _ga=GA1.2.223870846.1574849488; _gid=GA1.2.1027187096.1574849488; _gat_gtag_UA_91619287_1=1"
199.127.56.236 - - [27/Nov/2019:11:11:29 +0100] "GET /wp-content/themes/shopper/assets/js/woocommerce/header-cart.min.js?ver=1.3.8 HTTP/1.1" 200 972 "https://amazingsportwear.com/" "Mozilla/5.0 (Windows NT 10.0; Win64; x64) AppleWebKit/537.36 (KHTML, like Gecko) Chrome/78.0.3904.108 Safari/537.36" "wpfront-notification-bar-landingpage=1; _ga=GA1.2.223870846.1574849488; _gid=GA1.2.1027187096.1574849488; _gat_gtag_UA_91619287_1=1"
199.127.56.236 - - [27/Nov/2019:11:11:29 +0100] "GET /wp-includes/js/wp-embed.min.js?ver=5.2.4 HTTP/1.1" 200 1744 "https://amazingsportwear.com/" "Mozilla/5.0 (Windows NT 10.0; Win64; x64) AppleWebKit/537.36 (KHTML, like Gecko) Chrome/78.0.3904.108 Safari/537.36" "wpfront-notification-bar-landingpage=1; _ga=GA1.2.223870846.1574849488; _gid=GA1.2.1027187096.1574849488; _gat_gtag_UA_91619287_1=1"
199.127.56.236 - - [27/Nov/2019:11:11:29 +0100] "GET /wp-includes/js/jquery/ui/position.min.js?ver=1.11.4 HTTP/1.1" 200 6869 "https://amazingsportwear.com/" "Mozilla/5.0 (Windows NT 10.0; Win64; x64) AppleWebKit/537.36 (KHTML, like Gecko) Chrome/78.0.3904.108 Safari/537.36" "wpfront-notification-bar-landingpage=1; _ga=GA1.2.223870846.1574849488; _gid=GA1.2.1027187096.1574849488; _gat_gtag_UA_91619287_1=1"
199.127.56.236 - - [27/Nov/2019:11:11:29 +0100] "GET /wp-content/plugins/elementor/assets/lib/dialog/dialog.min.js?ver=4.7.1 HTTP/1.1" 200 10911 "https://amazingsportwear.com/" "Mozilla/5.0 (Windows NT 10.0; Win64; x64) AppleWebKit/537.36 (KHTML, like Gecko) Chrome/78.0.3904.108 Safari/537.36" "wpfront-notification-bar-landingpage=1; _ga=GA1.2.223870846.1574849488; _gid=GA1.2.1027187096.1574849488; _gat_gtag_UA_91619287_1=1"
199.127.56.236 - - [27/Nov/2019:11:11:29 +0100] "GET /wp-content/plugins/elementor/assets/lib/slick/slick.min.js?ver=1.8.1 HTTP/1.1" 200 43264 "https://amazingsportwear.com/" "Mozilla/5.0 (Windows NT 10.0; Win64; x64) AppleWebKit/537.36 (KHTML, like Gecko) Chrome/78.0.3904.108 Safari/537.36" "wpfront-notification-bar-landingpage=1; _ga=GA1.2.223870846.1574849488; _gid=GA1.2.1027187096.1574849488; _gat_gtag_UA_91619287_1=1"
199.127.56.236 - - [27/Nov/2019:11:11:29 +0100] "GET /wp-content/plugins/elementor/assets/js/frontend-modules.min.js?ver=2.5.16 HTTP/1.1" 200 11486 "https://amazingsportwear.com/" "Mozilla/5.0 (Windows NT 10.0; Win64; x64) AppleWebKit/537.36 (KHTML, like Gecko) Chrome/78.0.3904.108 Safari/537.36" "wpfront-notification-bar-landingpage=1; _ga=GA1.2.223870846.1574849488; _gid=GA1.2.1027187096.1574849488; _gat_gtag_UA_91619287_1=1"
199.127.56.236 - - [27/Nov/2019:11:11:29 +0100] "GET /wp-content/plugins/elementor/assets/lib/waypoints/waypoints.min.js?ver=4.0.2 HTTP/1.1" 200 12541 "https://amazingsportwear.com/" "Mozilla/5.0 (Windows NT 10.0; Win64; x64) AppleWebKit/537.36 (KHTML, like Gecko) Chrome/78.0.3904.108 Safari/537.36" "wpfront-notification-bar-landingpage=1; _ga=GA1.2.223870846.1574849488; _gid=GA1.2.1027187096.1574849488; _gat_gtag_UA_91619287_1=1"
199.127.56.236 - - [27/Nov/2019:11:11:29 +0100] "GET /wp-content/plugins/elementor/assets/lib/font-awesome/fonts/fontawesome-webfont.woff2?v=4.7.0 HTTP/1.1" 200 77615 "https://amazingsportwear.com/wp-content/plugins/elementor/assets/lib/font-awesome/css/font-awesome.min.css?ver=4.7.0" "Mozilla/5.0 (Windows NT 10.0; Win64; x64) AppleWebKit/537.36 (KHTML, like Gecko) Chrome/78.0.3904.108 Safari/537.36" "wpfront-notification-bar-landingpage=1; _ga=GA1.2.223870846.1574849488; _gid=GA1.2.1027187096.1574849488; _gat_gtag_UA_91619287_1=1"
199.127.56.236 - - [27/Nov/2019:11:11:29 +0100] "GET /wp-content/plugins/elementor/assets/lib/swiper/swiper.min.js?ver=4.4.6 HTTP/1.1" 200 126126 "https://amazingsportwear.com/" "Mozilla/5.0 (Windows NT 10.0; Win64; x64) AppleWebKit/537.36 (KHTML, like Gecko) Chrome/78.0.3904.108 Safari/537.36" "wpfront-notification-bar-landingpage=1; _ga=GA1.2.223870846.1574849488; _gid=GA1.2.1027187096.1574849488; _gat_gtag_UA_91619287_1=1"
199.127.56.236 - - [27/Nov/2019:11:11:29 +0100] "GET /wp-includes/js/jquery/ui/core.min.js?ver=1.11.4 HTTP/1.1" 200 4341 "https://amazingsportwear.com/" "Mozilla/5.0 (Windows NT 10.0; Win64; x64) AppleWebKit/537.36 (KHTML, like Gecko) Chrome/78.0.3904.108 Safari/537.36" "wpfront-notification-bar-landingpage=1; _ga=GA1.2.223870846.1574849488; _gid=GA1.2.1027187096.1574849488; _gat_gtag_UA_91619287_1=1"
199.127.56.236 - - [27/Nov/2019:11:11:29 +0100] "GET /wp-content/plugins/elementor/assets/js/frontend.min.js?ver=2.5.16 HTTP/1.1" 200 41341 "https://amazingsportwear.com/" "Mozilla/5.0 (Windows NT 10.0; Win64; x64) AppleWebKit/537.36 (KHTML, like Gecko) Chrome/78.0.3904.108 Safari/537.36" "wpfront-notification-bar-landingpage=1; _ga=GA1.2.223870846.1574849488; _gid=GA1.2.1027187096.1574849488; _gat_gtag_UA_91619287_1=1"
199.127.56.236 - - [27/Nov/2019:11:11:29 +0100] "GET /wp-content/plugins/si-contact-form/includes/fscf-scripts.js?ver=179 HTTP/1.1" 200 1033 "https://amazingsportwear.com/" "Mozilla/5.0 (Windows NT 10.0; Win64; x64) AppleWebKit/537.36 (KHTML, like Gecko) Chrome/78.0.3904.108 Safari/537.36" "wpfront-notification-bar-landingpage=1; _ga=GA1.2.223870846.1574849488; _gid=GA1.2.1027187096.1574849488; _gat_gtag_UA_91619287_1=1"
199.127.56.236 - - [27/Nov/2019:11:11:29 +0100] "GET /wp-content/uploads/2019/07/buff-bandana-300x123.jpg HTTP/1.1" 200 15859 "https://amazingsportwear.com/" "Mozilla/5.0 (Windows NT 10.0; Win64; x64) AppleWebKit/537.36 (KHTML, like Gecko) Chrome/78.0.3904.108 Safari/537.36" "wpfront-notification-bar-landingpage=1; _ga=GA1.2.223870846.1574849488; _gid=GA1.2.1027187096.1574849488; _gat_gtag_UA_91619287_1=1"
199.127.56.236 - - [27/Nov/2019:11:11:29 +0100] "GET /wp-content/uploads/2019/07/camiseta-tecnica-mujer-300x124.jpg HTTP/1.1" 200 17320 "https://amazingsportwear.com/" "Mozilla/5.0 (Windows NT 10.0; Win64; x64) AppleWebKit/537.36 (KHTML, like Gecko) Chrome/78.0.3904.108 Safari/537.36" "wpfront-notification-bar-landingpage=1; _ga=GA1.2.223870846.1574849488; _gid=GA1.2.1027187096.1574849488; _gat_gtag_UA_91619287_1=1"
199.127.56.236 - - [27/Nov/2019:11:11:29 +0100] "GET /wp-content/uploads/2019/07/camiseta-tecnica-unisex-300x124.jpg HTTP/1.1" 200 17090 "https://amazingsportwear.com/" "Mozilla/5.0 (Windows NT 10.0; Win64; x64) AppleWebKit/537.36 (KHTML, like Gecko) Chrome/78.0.3904.108 Safari/537.36" "wpfront-notification-bar-landingpage=1; _ga=GA1.2.223870846.1574849488; _gid=GA1.2.1027187096.1574849488; _gat_gtag_UA_91619287_1=1"
199.127.56.236 - - [27/Nov/2019:11:11:29 +0100] "GET /wp-content/uploads/2019/07/cortavientos-300x124.jpg HTTP/1.1" 200 17094 "https://amazingsportwear.com/" "Mozilla/5.0 (Windows NT 10.0; Win64; x64) AppleWebKit/537.36 (KHTML, like Gecko) Chrome/78.0.3904.108 Safari/537.36" "wpfront-notification-bar-landingpage=1; _ga=GA1.2.223870846.1574849488; _gid=GA1.2.1027187096.1574849488; _gat_gtag_UA_91619287_1=1"
199.127.56.236 - - [27/Nov/2019:11:11:29 +0100] "GET /wp-content/uploads/2019/07/mochila-saco-300x124.jpg HTTP/1.1" 200 16972 "https://amazingsportwear.com/" "Mozilla/5.0 (Windows NT 10.0; Win64; x64) AppleWebKit/537.36 (KHTML, like Gecko) Chrome/78.0.3904.108 Safari/537.36" "wpfront-notification-bar-landingpage=1; _ga=GA1.2.223870846.1574849488; _gid=GA1.2.1027187096.1574849488; _gat_gtag_UA_91619287_1=1"
199.127.56.236 - - [27/Nov/2019:11:11:29 +0100] "GET /wp-content/uploads/2019/07/gorra-tecnica-300x124.jpg HTTP/1.1" 200 16844 "https://amazingsportwear.com/" "Mozilla/5.0 (Windows NT 10.0; Win64; x64) AppleWebKit/537.36 (KHTML, like Gecko) Chrome/78.0.3904.108 Safari/537.36" "wpfront-notification-bar-landingpage=1; _ga=GA1.2.223870846.1574849488; _gid=GA1.2.1027187096.1574849488; _gat_gtag_UA_91619287_1=1"
199.127.56.236 - - [27/Nov/2019:11:11:29 +0100] "GET /wp-content/themes/shopper/assets/fonts/fontawesome-webfont.woff2?v=4.7.0 HTTP/1.1" 200 77615 "https://amazingsportwear.com/wp-content/themes/shopper/style.css?ver=1.3.8" "Mozilla/5.0 (Windows NT 10.0; Win64; x64) AppleWebKit/537.36 (KHTML, like Gecko) Chrome/78.0.3904.108 Safari/537.36" "wpfront-notification-bar-landingpage=1; _ga=GA1.2.223870846.1574849488; _gid=GA1.2.1027187096.1574849488; _gat_gtag_UA_91619287_1=1"
199.127.56.236 - - [27/Nov/2019:11:11:29 +0100] "GET /wp-content/uploads/2019/07/polo-tecnico-300x124.jpg HTTP/1.1" 200 17539 "https://amazingsportwear.com/" "Mozilla/5.0 (Windows NT 10.0; Win64; x64) AppleWebKit/537.36 (KHTML, like Gecko) Chrome/78.0.3904.108 Safari/537.36" "wpfront-notification-bar-landingpage=1; _ga=GA1.2.223870846.1574849488; _gid=GA1.2.1027187096.1574849488; _gat_gtag_UA_91619287_1=1"
199.127.56.236 - - [27/Nov/2019:11:11:29 +0100] "GET /wp-content/uploads/2019/07/toalla-300x124.jpg HTTP/1.1" 200 16957 "https://amazingsportwear.com/" "Mozilla/5.0 (Windows NT 10.0; Win64; x64) AppleWebKit/537.36 (KHTML, like Gecko) Chrome/78.0.3904.108 Safari/537.36" "wpfront-notification-bar-landingpage=1; _ga=GA1.2.223870846.1574849488; _gid=GA1.2.1027187096.1574849488; _gat_gtag_UA_91619287_1=1"
199.127.56.236 - - [27/Nov/2019:11:11:29 +0100] "GET /wp-content/uploads/2019/07/zapatillero-300x124.jpg HTTP/1.1" 200 16599 "https://amazingsportwear.com/" "Mozilla/5.0 (Windows NT 10.0; Win64; x64) AppleWebKit/537.36 (KHTML, like Gecko) Chrome/78.0.3904.108 Safari/537.36" "wpfront-notification-bar-landingpage=1; _ga=GA1.2.223870846.1574849488; _gid=GA1.2.1027187096.1574849488; _gat_gtag_UA_91619287_1=1"
199.127.56.236 - - [27/Nov/2019:11:11:29 +0100] "GET /wp-content/uploads/2019/07/slider1.jpg HTTP/1.1" 200 244573 "https://amazingsportwear.com/" "Mozilla/5.0 (Windows NT 10.0; Win64; x64) AppleWebKit/537.36 (KHTML, like Gecko) Chrome/78.0.3904.108 Safari/537.36" "wpfront-notification-bar-landingpage=1; _ga=GA1.2.223870846.1574849488; _gid=GA1.2.1027187096.1574849488; _gat_gtag_UA_91619287_1=1"
199.127.56.236 - - [27/Nov/2019:11:11:29 +0100] "GET /wp-content/uploads/2019/07/slider4.jpg HTTP/1.1" 200 369750 "https://amazingsportwear.com/" "Mozilla/5.0 (Windows NT 10.0; Win64; x64) AppleWebKit/537.36 (KHTML, like Gecko) Chrome/78.0.3904.108 Safari/537.36" "wpfront-notification-bar-landingpage=1; _ga=GA1.2.223870846.1574849488; _gid=GA1.2.1027187096.1574849488; _gat_gtag_UA_91619287_1=1"
199.127.56.236 - - [27/Nov/2019:11:11:30 +0100] "GET /wp-content/uploads/2019/07/carpa-1024x771.jpg HTTP/1.1" 200 89325 "https://amazingsportwear.com/" "Mozilla/5.0 (Windows NT 10.0; Win64; x64) AppleWebKit/537.36 (KHTML, like Gecko) Chrome/78.0.3904.108 Safari/537.36" "wpfront-notification-bar-landingpage=1; _ga=GA1.2.223870846.1574849488; _gid=GA1.2.1027187096.1574849488; _gat_gtag_UA_91619287_1=1"
199.127.56.236 - - [27/Nov/2019:11:11:29 +0100] "GET /wp-content/uploads/2019/07/slider3.jpg HTTP/1.1" 200 276981 "https://amazingsportwear.com/" "Mozilla/5.0 (Windows NT 10.0; Win64; x64) AppleWebKit/537.36 (KHTML, like Gecko) Chrome/78.0.3904.108 Safari/537.36" "wpfront-notification-bar-landingpage=1; _ga=GA1.2.223870846.1574849488; _gid=GA1.2.1027187096.1574849488; _gat_gtag_UA_91619287_1=1"
199.127.56.236 - - [27/Nov/2019:11:11:30 +0100] "GET /wp-content/uploads/2019/04/toalla-absorvente-gymnasio-7-300x300.png HTTP/1.1" 200 78664 "https://amazingsportwear.com/" "Mozilla/5.0 (Windows NT 10.0; Win64; x64) AppleWebKit/537.36 (KHTML, like Gecko) Chrome/78.0.3904.108 Safari/537.36" "wpfront-notification-bar-landingpage=1; _ga=GA1.2.223870846.1574849488; _gid=GA1.2.1027187096.1574849488; _gat_gtag_UA_91619287_1=1"
199.127.56.236 - - [27/Nov/2019:11:11:30 +0100] "GET /wp-content/uploads/2019/07/slider2.jpg HTTP/1.1" 200 250219 "https://amazingsportwear.com/" "Mozilla/5.0 (Windows NT 10.0; Win64; x64) AppleWebKit/537.36 (KHTML, like Gecko) Chrome/78.0.3904.108 Safari/537.36" "wpfront-notification-bar-landingpage=1; _ga=GA1.2.223870846.1574849488; _gid=GA1.2.1027187096.1574849488; _gat_gtag_UA_91619287_1=1"
199.127.56.236 - - [27/Nov/2019:11:11:30 +0100] "GET /wp-content/uploads/2019/04/Gorra-sport-12-300x300.png HTTP/1.1" 200 49394 "https://amazingsportwear.com/" "Mozilla/5.0 (Windows NT 10.0; Win64; x64) AppleWebKit/537.36 (KHTML, like Gecko) Chrome/78.0.3904.108 Safari/537.36" "wpfront-notification-bar-landingpage=1; _ga=GA1.2.223870846.1574849488; _gid=GA1.2.1027187096.1574849488; _gat_gtag_UA_91619287_1=1"
199.127.56.236 - - [27/Nov/2019:11:11:30 +0100] "GET /wp-content/uploads/2019/04/bidon-match-4-300x300.png HTTP/1.1" 200 71820 "https://amazingsportwear.com/" "Mozilla/5.0 (Windows NT 10.0; Win64; x64) AppleWebKit/537.36 (KHTML, like Gecko) Chrome/78.0.3904.108 Safari/537.36" "wpfront-notification-bar-landingpage=1; _ga=GA1.2.223870846.1574849488; _gid=GA1.2.1027187096.1574849488; _gat_gtag_UA_91619287_1=1"
199.127.56.236 - - [27/Nov/2019:11:11:30 +0100] "GET /wp-content/uploads/2019/04/bolsa-deporte-young-1-300x300.png HTTP/1.1" 200 77335 "https://amazingsportwear.com/" "Mozilla/5.0 (Windows NT 10.0; Win64; x64) AppleWebKit/537.36 (KHTML, like Gecko) Chrome/78.0.3904.108 Safari/537.36" "wpfront-notification-bar-landingpage=1; _ga=GA1.2.223870846.1574849488; _gid=GA1.2.1027187096.1574849488; _gat_gtag_UA_91619287_1=1"
199.127.56.236 - - [27/Nov/2019:11:11:30 +0100] "GET /wp-content/uploads/2019/04/mochila-decath-5-300x300.png HTTP/1.1" 200 64031 "https://amazingsportwear.com/" "Mozilla/5.0 (Windows NT 10.0; Win64; x64) AppleWebKit/537.36 (KHTML, like Gecko) Chrome/78.0.3904.108 Safari/537.36" "wpfront-notification-bar-landingpage=1; _ga=GA1.2.223870846.1574849488; _gid=GA1.2.1027187096.1574849488; _gat_gtag_UA_91619287_1=1"
199.127.56.236 - - [27/Nov/2019:11:11:29 +0100] "POST /?wc-ajax=get_refreshed_fragments HTTP/1.1" 200 1345 "https://amazingsportwear.com/" "Mozilla/5.0 (Windows NT 10.0; Win64; x64) AppleWebKit/537.36 (KHTML, like Gecko) Chrome/78.0.3904.108 Safari/537.36" "wpfront-notification-bar-landingpage=1; _ga=GA1.2.223870846.1574849488; _gid=GA1.2.1027187096.1574849488; _gat_gtag_UA_91619287_1=1"
199.127.56.236 - - [27/Nov/2019:11:11:30 +0100] "GET /wp-content/uploads/2019/04/Llavero-triumph-1-300x300.png HTTP/1.1" 200 12855 "https://amazingsportwear.com/" "Mozilla/5.0 (Windows NT 10.0; Win64; x64) AppleWebKit/537.36 (KHTML, like Gecko) Chrome/78.0.3904.108 Safari/537.36" "wpfront-notification-bar-landingpage=1; _ga=GA1.2.223870846.1574849488; _gid=GA1.2.1027187096.1574849488; _gat_gtag_UA_91619287_1=1"
199.127.56.236 - - [27/Nov/2019:11:11:30 +0100] "GET /wp-content/uploads/2019/04/SA-6684-1-300x300.png HTTP/1.1" 200 94808 "https://amazingsportwear.com/" "Mozilla/5.0 (Windows NT 10.0; Win64; x64) AppleWebKit/537.36 (KHTML, like Gecko) Chrome/78.0.3904.108 Safari/537.36" "wpfront-notification-bar-landingpage=1; _ga=GA1.2.223870846.1574849488; _gid=GA1.2.1027187096.1574849488; _gat_gtag_UA_91619287_1=1"
199.127.56.236 - - [27/Nov/2019:11:11:30 +0100] "GET /wp-content/uploads/2018/05/cif-g221-2-300x300.jpg HTTP/1.1" 200 8294 "https://amazingsportwear.com/" "Mozilla/5.0 (Windows NT 10.0; Win64; x64) AppleWebKit/537.36 (KHTML, like Gecko) Chrome/78.0.3904.108 Safari/537.36" "wpfront-notification-bar-landingpage=1; _ga=GA1.2.223870846.1574849488; _gid=GA1.2.1027187096.1574849488; _gat_gtag_UA_91619287_1=1"
199.127.56.236 - - [27/Nov/2019:11:11:30 +0100] "GET /wp-content/uploads/2018/05/cp-lycra-2.jpg HTTP/1.1" 200 13775 "https://amazingsportwear.com/" "Mozilla/5.0 (Windows NT 10.0; Win64; x64) AppleWebKit/537.36 (KHTML, like Gecko) Chrome/78.0.3904.108 Safari/537.36" "wpfront-notification-bar-landingpage=1; _ga=GA1.2.223870846.1574849488; _gid=GA1.2.1027187096.1574849488; _gat_gtag_UA_91619287_1=1"
199.127.56.236 - - [27/Nov/2019:11:11:30 +0100] "GET /wp-content/uploads/2018/06/sa-6502-naranja-300x300.jpg HTTP/1.1" 200 42656 "https://amazingsportwear.com/" "Mozilla/5.0 (Windows NT 10.0; Win64; x64) AppleWebKit/537.36 (KHTML, like Gecko) Chrome/78.0.3904.108 Safari/537.36" "wpfront-notification-bar-landingpage=1; _ga=GA1.2.223870846.1574849488; _gid=GA1.2.1027187096.1574849488; _gat_gtag_UA_91619287_1=1"
199.127.56.236 - - [27/Nov/2019:11:11:30 +0100] "GET /wp-content/uploads/2018/05/cat-3164-amarillo-300x300.png HTTP/1.1" 200 72410 "https://amazingsportwear.com/" "Mozilla/5.0 (Windows NT 10.0; Win64; x64) AppleWebKit/537.36 (KHTML, like Gecko) Chrome/78.0.3904.108 Safari/537.36" "wpfront-notification-bar-landingpage=1; _ga=GA1.2.223870846.1574849488; _gid=GA1.2.1027187096.1574849488; _gat_gtag_UA_91619287_1=1"
199.127.56.236 - - [27/Nov/2019:11:11:30 +0100] "GET /wp-content/uploads/2019/06/amistad3-300x300.jpg HTTP/1.1" 200 12744 "https://amazingsportwear.com/" "Mozilla/5.0 (Windows NT 10.0; Win64; x64) AppleWebKit/537.36 (KHTML, like Gecko) Chrome/78.0.3904.108 Safari/537.36" "wpfront-notification-bar-landingpage=1; _ga=GA1.2.223870846.1574849488; _gid=GA1.2.1027187096.1574849488; _gat_gtag_UA_91619287_1=1"
199.127.56.236 - - [27/Nov/2019:11:11:30 +0100] "GET /wp-content/uploads/2017/03/sa-0415_60-300x300.jpg HTTP/1.1" 200 15272 "https://amazingsportwear.com/" "Mozilla/5.0 (Windows NT 10.0; Win64; x64) AppleWebKit/537.36 (KHTML, like Gecko) Chrome/78.0.3904.108 Safari/537.36" "wpfront-notification-bar-landingpage=1; _ga=GA1.2.223870846.1574849488; _gid=GA1.2.1027187096.1574849488; _gat_gtag_UA_91619287_1=1"
199.127.56.236 - - [27/Nov/2019:11:11:30 +0100] "GET /wp-content/uploads/2019/05/asw-white-300x126.png HTTP/1.1" 200 12061 "https://amazingsportwear.com/" "Mozilla/5.0 (Windows NT 10.0; Win64; x64) AppleWebKit/537.36 (KHTML, like Gecko) Chrome/78.0.3904.108 Safari/537.36" "wpfront-notification-bar-landingpage=1; _ga=GA1.2.223870846.1574849488; _gid=GA1.2.1027187096.1574849488; _gat_gtag_UA_91619287_1=1"
199.127.56.236 - - [27/Nov/2019:11:11:30 +0100] "GET /wp-content/uploads/2019/06/compartir-300x300.jpg HTTP/1.1" 200 10140 "https://amazingsportwear.com/" "Mozilla/5.0 (Windows NT 10.0; Win64; x64) AppleWebKit/537.36 (KHTML, like Gecko) Chrome/78.0.3904.108 Safari/537.36" "wpfront-notification-bar-landingpage=1; _ga=GA1.2.223870846.1574849488; _gid=GA1.2.1027187096.1574849488; _gat_gtag_UA_91619287_1=1"
199.127.56.236 - - [27/Nov/2019:11:11:31 +0100] "GET /wp-content/plugins/simple-social-icons/symbol-defs.svg HTTP/1.1" 200 19699 "https://amazingsportwear.com/" "Mozilla/5.0 (Windows NT 10.0; Win64; x64) AppleWebKit/537.36 (KHTML, like Gecko) Chrome/78.0.3904.108 Safari/537.36" "wpfront-notification-bar-landingpage=1; _ga=GA1.2.223870846.1574849488; _gid=GA1.2.1027187096.1574849488; _gat_gtag_UA_91619287_1=1"
199.127.56.236 - - [27/Nov/2019:11:11:31 +0100] "GET /wp-content/plugins/wpfront-notification-bar/images/arrow_down.png HTTP/1.1" 200 2562 "https://amazingsportwear.com/wp-content/plugins/wpfront-notification-bar/css/wpfront-notification-bar.css?ver=1.7.1" "Mozilla/5.0 (Windows NT 10.0; Win64; x64) AppleWebKit/537.36 (KHTML, like Gecko) Chrome/78.0.3904.108 Safari/537.36" "wpfront-notification-bar-landingpage=1; _ga=GA1.2.223870846.1574849488; _gid=GA1.2.1027187096.1574849488; _gat_gtag_UA_91619287_1=1"
217.76.130.90 - - [27/Nov/2019:11:15:00 +0100] "POST /wp-cron.php?doing_wp_cron=1574849700.5799849033355712890625 HTTP/1.1" 200 3389 "https://amazingsportwear.com/wp-cron.php?doing_wp_cron=1574849700.5799849033355712890625" "WordPress/5.2.4; https://amazingsportwear.com" "-"
66.249.64.144 - - [27/Nov/2019:11:14:59 +0100] "GET /producto/llavero-metalico-baloncesto/ HTTP/1.1" 200 96165 "-" "Mozilla/5.0 (Linux; Android 6.0.1; Nexus 5X Build/MMB29P) AppleWebKit/537.36 (KHTML, like Gecko) Chrome/41.0.2272.96 Mobile Safari/537.36 (compatible; Googlebot/2.1; +http://www.google.com/bot.html)" "-"
217.76.130.90 - - [27/Nov/2019:11:15:08 +0100] "POST /wp-cron.php?doing_wp_cron=1574849708.4760189056396484375000 HTTP/1.1" 200 3389 "https://amazingsportwear.com/wp-cron.php?doing_wp_cron=1574849708.4760189056396484375000" "WordPress/5.2.4; https://amazingsportwear.com" "-"
66.249.64.144 - - [27/Nov/2019:11:15:07 +0100] "POST /?wc-ajax=get_refreshed_fragments HTTP/1.1" 200 1397 "https://amazingsportwear.com/producto/llavero-metalico-baloncesto/" "Mozilla/5.0 (Linux; Android 6.0.1; Nexus 5X Build/MMB29P) AppleWebKit/537.36 (KHTML, like Gecko) Chrome/41.0.2272.96 Mobile Safari/537.36 (compatible; Googlebot/2.1; +http://www.google.com/bot.html)" "_ga=GA1.2.969013651.1574812800; _gid=GA1.2.1978218920.1574812800; _gat_gtag_UA_91619287_1=1"
40.77.167.208 - - [27/Nov/2019:11:15:49 +0100] "GET /wp-content/uploads/2017/04/nath-sunset-rojo.jpg HTTP/1.1" 200 13773 "-" "Mozilla/5.0 (compatible; bingbot/2.0; +http://www.bing.com/bingbot.htm)" "-"
217.76.130.90 - - [27/Nov/2019:11:23:01 +0100] "POST /wp-cron.php?doing_wp_cron=1574850181.2777290344238281250000 HTTP/1.1" 200 3389 "https://amazingsportwear.com/wp-cron.php?doing_wp_cron=1574850181.2777290344238281250000" "WordPress/5.2.4; https://amazingsportwear.com" "-"
66.249.64.144 - - [27/Nov/2019:11:22:57 +0100] "GET /etiqueta-producto/camiseta-janis/ HTTP/1.1" 200 54135 "-" "Mozilla/5.0 (Linux; Android 6.0.1; Nexus 5X Build/MMB29P) AppleWebKit/537.36 (KHTML, like Gecko) Chrome/41.0.2272.96 Mobile Safari/537.36 (compatible; Googlebot/2.1; +http://www.google.com/bot.html)" "-"
217.76.130.90 - - [27/Nov/2019:11:25:07 +0100] "POST /wp-cron.php?doing_wp_cron=1574850307.6888539791107177734375 HTTP/1.1" 200 3389 "https://amazingsportwear.com/wp-cron.php?doing_wp_cron=1574850307.6888539791107177734375" "WordPress/5.2.4; https://amazingsportwear.com" "-"
106.57.151.49 - - [27/Nov/2019:11:25:06 +0100] "GET /categoria-producto/mujer/camisetas-mujer/page/2 HTTP/1.1" 301 3571 "-" "Mozilla/5.0(Linux;Android 5.1.1;OPPO A33 Build/LMY47V;wv) AppleWebKit/537.36(KHTML,link Gecko) Version/4.0 Chrome/43.0.2357.121 Mobile Safari/537.36 LieBaoFast/4.51.3" "-"
106.57.151.49 - - [27/Nov/2019:11:25:14 +0100] "GET /categoria-producto/mujer/camisetas-mujer/page/2/ HTTP/1.1" 200 77355 "-" "Mozilla/5.0(Linux;Android 5.1.1;OPPO A33 Build/LMY47V;wv) AppleWebKit/537.36(KHTML,link Gecko) Version/4.0 Chrome/43.0.2357.121 Mobile Safari/537.36 LieBaoFast/4.51.3" "wpfront-notification-bar-landingpage=1"
106.56.90.111 - - [27/Nov/2019:11:25:25 +0100] "GET /categoria-producto/inicio/page/6 HTTP/1.1" 301 3556 "-" "Mozilla/5.0(Linux;Android 5.1.1;OPPO A33 Build/LMY47V;wv) AppleWebKit/537.36(KHTML,link Gecko) Version/4.0 Chrome/42.0.2311.138 Mobile Safari/537.36 Mb2345Browser/9.0" "-"
124.152.185.118 - - [27/Nov/2019:11:25:32 +0100] "GET /categoria-producto/inicio/page/4?add-to-cart=18680 HTTP/1.1" 301 4815 "-" "Mozilla/5.0(Linux;Android 5.1.1;OPPO A33 Build/LMY47V;wv) AppleWebKit/537.36(KHTML,link Gecko) Version/4.0 Chrome/43.0.2357.121 Mobile Safari/537.36 LieBaoFast/4.51.3" "-"
106.56.90.111 - - [27/Nov/2019:11:25:32 +0100] "GET /categoria-producto/inicio/page/6/ HTTP/1.1" 200 77981 "-" "Mozilla/5.0(Linux;Android 5.1.1;OPPO A33 Build/LMY47V;wv) AppleWebKit/537.36(KHTML,link Gecko) Version/4.0 Chrome/42.0.2311.138 Mobile Safari/537.36 Mb2345Browser/9.0" "wpfront-notification-bar-landingpage=1"
124.152.185.118 - - [27/Nov/2019:11:25:35 +0100] "GET /categoria-producto/inicio/page/4/?add-to-cart=18680 HTTP/1.1" 200 78699 "-" "Mozilla/5.0(Linux;Android 5.1.1;OPPO A33 Build/LMY47V;wv) AppleWebKit/537.36(KHTML,link Gecko) Version/4.0 Chrome/43.0.2357.121 Mobile Safari/537.36 LieBaoFast/4.51.3" "woocommerce_cart_hash=99cecf6e1a243ccb613ee4228d899501; woocommerce_items_in_cart=1; wp_woocommerce_session_fb86dbb0e6335d960ea3e94e06b25287=1c83878e7ada9729338a713cf249150f%7C%7C1575023132%7C%7C1575019532%7C%7Ce357874ea8c0e8b1191f7ace5baf1b10; wpfront-notification-bar-landingpage=1"
58.198.250.23 - - [27/Nov/2019:11:25:38 +0100] "GET /producto/camiseta-tecnica-manga-larga-dream-eny-dream-ml HTTP/1.1" 301 3580 "-" "Mozilla/5.0(Linux;U;Android 5.1.1;zh-CN;OPPO A33 Build/LMY47V) AppleWebKit/537.36(KHTML,like Gecko) Version/4.0 Chrome/40.0.2214.89 UCBrowser/11.7.0.953 Mobile Safari/537.36" "-"
58.198.250.23 - - [27/Nov/2019:11:25:45 +0100] "GET /producto/camiseta-tecnica-manga-larga-dream-eny-dream-ml/ HTTP/1.1" 200 97017 "-" "Mozilla/5.0(Linux;U;Android 5.1.1;zh-CN;OPPO A33 Build/LMY47V) AppleWebKit/537.36(KHTML,like Gecko) Version/4.0 Chrome/40.0.2214.89 UCBrowser/11.7.0.953 Mobile Safari/537.36" "wpfront-notification-bar-landingpage=1"
116.249.10.222 - - [27/Nov/2019:11:25:50 +0100] "GET /categoria-producto/inicio/page/23 HTTP/1.1" 301 3557 "-" "Mozilla/5.0(Linux;Android 5.1.1;OPPO A33 Build/LMY47V;wv) AppleWebKit/537.36(KHTML,link Gecko) Version/4.0 Chrome/43.0.2357.121 Mobile Safari/537.36 LieBaoFast/4.51.3" "-"
116.249.10.222 - - [27/Nov/2019:11:25:52 +0100] "GET /categoria-producto/inicio/page/23/ HTTP/1.1" 200 77311 "-" "Mozilla/5.0(Linux;Android 5.1.1;OPPO A33 Build/LMY47V;wv) AppleWebKit/537.36(KHTML,link Gecko) Version/4.0 Chrome/43.0.2357.121 Mobile Safari/537.36 LieBaoFast/4.51.3" "wpfront-notification-bar-landingpage=1"
217.76.130.90 - - [27/Nov/2019:11:26:03 +0100] "POST /wp-cron.php?doing_wp_cron=1574850363.5958490371704101562500 HTTP/1.1" 200 3389 "https://amazingsportwear.com/wp-cron.php?doing_wp_cron=1574850363.5958490371704101562500" "WordPress/5.2.4; https://amazingsportwear.com" "-"
101.65.235.121 - - [27/Nov/2019:11:26:02 +0100] "GET /producto/camiseta-manga-corta-basket-2?add-to-cart=18679 HTTP/1.1" 301 4821 "-" "Mozilla/5.0 (Linux; Android 7.0; FRD-AL00 Build/HUAWEIFRD-AL00; wv) AppleWebKit/537.36 (KHTML, like Gecko) Version/4.0 Chrome/53.0.2785.49 Mobile MQQBrowser/6.2 TBS/043602 Safari/537.36 MicroMessenger/6.5.16.1120 NetType/WIFI Language/zh_CN" "-"
123.10.118.172 - - [27/Nov/2019:11:26:25 +0100] "GET /producto/camiseta-manga-corta-basket-2/?add-to-cart=18679 HTTP/1.1" 200 77899 "-" "Mozilla/5.0 (Linux; Android 7.0; FRD-AL00 Build/HUAWEIFRD-AL00; wv) AppleWebKit/537.36 (KHTML, like Gecko) Version/4.0 Chrome/53.0.2785.49 Mobile MQQBrowser/6.2 TBS/043602 Safari/537.36 MicroMessenger/6.5.16.1120 NetType/WIFI Language/zh_CN" "woocommerce_cart_hash=8f43e49a308e3f5d3ba9b30e41719602; woocommerce_items_in_cart=1; wp_woocommerce_session_fb86dbb0e6335d960ea3e94e06b25287=0d2fcd3eeccb6cb3095372372ff2018b%7C%7C1575023163%7C%7C1575019563%7C%7C22cf7a4e307d2d53ca333d9923c792b5; wpfront-notification-bar-landingpage=1"
217.76.130.90 - - [27/Nov/2019:11:28:52 +0100] "POST /wp-cron.php?doing_wp_cron=1574850532.3086431026458740234375 HTTP/1.1" 200 3389 "https://amazingsportwear.com/wp-cron.php?doing_wp_cron=1574850532.3086431026458740234375" "WordPress/5.2.4; https://amazingsportwear.com" "-"
66.249.64.144 - - [27/Nov/2019:11:28:51 +0100] "GET /etiqueta-producto/potenza/ HTTP/1.1" 200 54015 "-" "Mozilla/5.0 (Linux; Android 6.0.1; Nexus 5X Build/MMB29P) AppleWebKit/537.36 (KHTML, like Gecko) Chrome/41.0.2272.96 Mobile Safari/537.36 (compatible; Googlebot/2.1; +http://www.google.com/bot.html)" "-"
217.76.130.90 - - [27/Nov/2019:11:36:23 +0100] "POST /wp-cron.php?doing_wp_cron=1574850983.5013830661773681640625 HTTP/1.1" 200 164 "http://amazingsportwear.com/wp-cron.php?doing_wp_cron=1574850983.5013830661773681640625" "WordPress/5.2.4; https://amazingsportwear.com" "-"
217.76.130.90 - - [27/Nov/2019:11:36:23 +0100] "POST /wp-cron.php?doing_wp_cron=1574850983.5009920597076416015625 HTTP/1.1" 200 3389 "https://amazingsportwear.com/wp-cron.php?doing_wp_cron=1574850983.5009920597076416015625" "WordPress/5.2.4; https://amazingsportwear.com" "-"
60.181.32.65 - - [27/Nov/2019:11:36:20 +0100] "GET /categoria-producto/hombre/camisetas/page/6 HTTP/1.1" 301 3566 "-" "Mozilla/5.0(Linux;U;Android 5.1.1;zh-CN;OPPO A33 Build/LMY47V) AppleWebKit/537.36(KHTML,like Gecko) Version/4.0 Chrome/40.0.2214.89 UCBrowser/11.7.0.953 Mobile Safari/537.36" "-"
223.243.135.10 - - [27/Nov/2019:11:36:20 +0100] "GET /img/cms/tienda/SA-6651-todos.png HTTP/1.1" 404 68029 "-" "Mozilla/5.0(Linux;U;Android 5.1.1;zh-CN;OPPO A33 Build/LMY47V) AppleWebKit/537.36(KHTML,like Gecko) Version/4.0 Chrome/40.0.2214.89 UCBrowser/11.7.0.953 Mobile Safari/537.36" "-"
60.181.32.65 - - [27/Nov/2019:11:36:30 +0100] "GET /categoria-producto/hombre/camisetas/page/6/ HTTP/1.1" 200 78491 "-" "Mozilla/5.0(Linux;U;Android 5.1.1;zh-CN;OPPO A33 Build/LMY47V) AppleWebKit/537.36(KHTML,like Gecko) Version/4.0 Chrome/40.0.2214.89 UCBrowser/11.7.0.953 Mobile Safari/537.36" "wpfront-notification-bar-landingpage=1"
111.78.66.94 - - [27/Nov/2019:11:36:39 +0100] "GET /categoria-producto/accesorios/toallas HTTP/1.1" 301 3561 "-" "Mozilla/5.0(Linux;Android 5.1.1;OPPO A33 Build/LMY47V;wv) AppleWebKit/537.36(KHTML,link Gecko) Version/4.0 Chrome/43.0.2357.121 Mobile Safari/537.36 LieBaoFast/4.51.3" "-"
111.78.66.94 - - [27/Nov/2019:11:36:44 +0100] "GET /categoria-producto/accesorios/toallas/ HTTP/1.1" 200 59588 "-" "Mozilla/5.0(Linux;Android 5.1.1;OPPO A33 Build/LMY47V;wv) AppleWebKit/537.36(KHTML,link Gecko) Version/4.0 Chrome/43.0.2357.121 Mobile Safari/537.36 LieBaoFast/4.51.3" "wpfront-notification-bar-landingpage=1"
36.32.44.150 - - [27/Nov/2019:11:36:46 +0100] "GET /producto/camiseta-basket-sin-costadillos-2 HTTP/1.1" 301 3566 "-" "Mozilla/5.0(Linux;Android 5.1.1;OPPO A33 Build/LMY47V;wv) AppleWebKit/537.36(KHTML,link Gecko) Version/4.0 Chrome/42.0.2311.138 Mobile Safari/537.36 Mb2345Browser/9.0" "-"
36.32.44.150 - - [27/Nov/2019:11:36:58 +0100] "GET /producto/camiseta-basket-sin-costadillos-2/ HTTP/1.1" 200 77648 "-" "Mozilla/5.0(Linux;Android 5.1.1;OPPO A33 Build/LMY47V;wv) AppleWebKit/537.36(KHTML,link Gecko) Version/4.0 Chrome/42.0.2311.138 Mobile Safari/537.36 Mb2345Browser/9.0" "wpfront-notification-bar-landingpage=1"
88.22.149.240 - - [27/Nov/2019:11:41:56 +0100] "GET /wp-content/uploads/2019/04/mochila-humus-8.png HTTP/1.1" 200 126821 "https://www.google.com/" "Mozilla/5.0 (Windows NT 10.0) AppleWebKit/537.36 (KHTML, like Gecko) Chrome/78.0.3904.108 Safari/537.36" "-"
207.46.13.20 - - [27/Nov/2019:11:44:45 +0100] "GET /wp-content/uploads/2018/06/sa-6502-naranja.jpg HTTP/1.1" 200 68624 "-" "Mozilla/5.0 (compatible; bingbot/2.0; +http://www.bing.com/bingbot.htm)" "-"
157.55.39.236 - - [27/Nov/2019:11:48:45 +0100] "GET /wp-content/uploads/2017/03/eny-cubik-negra.jpg HTTP/1.1" 200 19489 "-" "Mozilla/5.0 (compatible; bingbot/2.0; +http://www.bing.com/bingbot.htm)" "-"
217.76.130.90 - - [27/Nov/2019:11:50:16 +0100] "POST /wp-cron.php?doing_wp_cron=1574851816.4242110252380371093750 HTTP/1.1" 200 3389 "https://amazingsportwear.com/wp-cron.php?doing_wp_cron=1574851816.4242110252380371093750" "WordPress/5.2.4; https://amazingsportwear.com" "-"
17.58.96.178 - - [27/Nov/2019:11:50:03 +0100] "GET /nuestros-trabajos/ HTTP/1.1" 200 68643 "-" "Mozilla/5.0 (Macintosh; Intel Mac OS X 10_10_1) AppleWebKit/600.2.5 (KHTML, like Gecko) Version/8.0.2 Safari/600.2.5 (Applebot/0.1; +http://www.apple.com/go/applebot)" "-"
23.226.211.18 - - [27/Nov/2019:11:50:49 +0100] "GET / HTTP/1.1" 301 336 "-" "Mozilla/5.0 (Windows NT 6.1; WOW64; rv:27.0) Gecko/20100101 Firefox/27.0" "-"
217.76.130.90 - - [27/Nov/2019:11:56:11 +0100] "POST /wp-cron.php?doing_wp_cron=1574852171.2531480789184570312500 HTTP/1.1" 200 3389 "https://amazingsportwear.com/wp-cron.php?doing_wp_cron=1574852171.2531480789184570312500" "WordPress/5.2.4; https://amazingsportwear.com" "-"
31.13.103.1 - - [27/Nov/2019:11:56:04 +0100] "GET / HTTP/1.1" 200 125560 "-" "facebookexternalhit/1.1 (+http://www.facebook.com/externalhit_uatext.php)" "-"
31.13.103.24 - - [27/Nov/2019:11:56:04 +0100] "GET / HTTP/1.1" 200 125530 "-" "facebookexternalhit/1.1 (+http://www.facebook.com/externalhit_uatext.php)" "-"
31.13.103.13 - - [27/Nov/2019:11:56:13 +0100] "GET /contacta-con-nosotros HTTP/1.1" 301 319 "-" "facebookexternalhit/1.1 (+http://www.facebook.com/externalhit_uatext.php)" "-"
31.13.103.22 - - [27/Nov/2019:11:56:14 +0100] "GET /contacta-con-nosotros HTTP/1.1" 301 319 "-" "facebookexternalhit/1.1 (+http://www.facebook.com/externalhit_uatext.php)" "-"
31.13.103.13 - - [27/Nov/2019:11:56:14 +0100] "GET /contacta-con-nosotros/ HTTP/1.1" 200 58152 "-" "facebookexternalhit/1.1 (+http://www.facebook.com/externalhit_uatext.php)" "-"
31.13.103.22 - - [27/Nov/2019:11:56:15 +0100] "GET /contacta-con-nosotros/ HTTP/1.1" 200 58182 "-" "facebookexternalhit/1.1 (+http://www.facebook.com/externalhit_uatext.php)" "-"
2.137.85.179 - - [27/Nov/2019:11:59:15 +0100] "GET /wp-content/uploads/2019/04/SA-1070-2.png HTTP/1.1" 200 175956 "https://www.google.com/" "Mozilla/5.0 (Macintosh; Intel Mac OS X 10_14_6) AppleWebKit/537.36 (KHTML, like Gecko) Chrome/78.0.3904.97 Safari/537.36" "-"
217.76.130.90 - - [27/Nov/2019:12:02:05 +0100] "POST /wp-cron.php?doing_wp_cron=1574852525.8477170467376708984375 HTTP/1.1" 200 3389 "https://amazingsportwear.com/wp-cron.php?doing_wp_cron=1574852525.8477170467376708984375" "WordPress/5.2.4; https://amazingsportwear.com" "-"
66.249.64.146 - - [27/Nov/2019:12:02:04 +0100] "GET /etiqueta-producto/camiseta-cubix/ HTTP/1.1" 200 54145 "-" "Mozilla/5.0 (Linux; Android 6.0.1; Nexus 5X Build/MMB29P) AppleWebKit/537.36 (KHTML, like Gecko) Chrome/41.0.2272.96 Mobile Safari/537.36 (compatible; Googlebot/2.1; +http://www.google.com/bot.html)" "-"
217.76.130.90 - - [27/Nov/2019:12:04:51 +0100] "POST /wp-cron.php?doing_wp_cron=1574852691.7608740329742431640625 HTTP/1.1" 200 3389 "https://amazingsportwear.com/wp-cron.php?doing_wp_cron=1574852691.7608740329742431640625" "WordPress/5.2.4; https://amazingsportwear.com" "-"
40.77.167.208 - - [27/Nov/2019:12:04:51 +0100] "GET /etiqueta-producto/bidon-match/ HTTP/1.1" 200 53937 "-" "Mozilla/5.0 (compatible; bingbot/2.0; +http://www.bing.com/bingbot.htm)" "-"
217.76.130.90 - - [27/Nov/2019:12:05:33 +0100] "POST /wp-cron.php?doing_wp_cron=1574852733.0474779605865478515625 HTTP/1.1" 200 3389 "https://amazingsportwear.com/wp-cron.php?doing_wp_cron=1574852733.0474779605865478515625" "WordPress/5.2.4; https://amazingsportwear.com" "-"
157.55.39.236 - - [27/Nov/2019:12:05:32 +0100] "GET /etiqueta-producto/bidon-boxter/ HTTP/1.1" 200 53959 "-" "Mozilla/5.0 (compatible; bingbot/2.0; +http://www.bing.com/bingbot.htm)" "-"
217.76.130.90 - - [27/Nov/2019:12:08:57 +0100] "POST /wp-cron.php?doing_wp_cron=1574852937.2801249027252197265625 HTTP/1.1" 200 3389 "https://amazingsportwear.com/wp-cron.php?doing_wp_cron=1574852937.2801249027252197265625" "WordPress/5.2.4; https://amazingsportwear.com" "-"
66.249.64.144 - - [27/Nov/2019:12:08:56 +0100] "GET /producto/short-tecnico-padel-tenis/ HTTP/1.1" 200 98414 "-" "Mozilla/5.0 (Linux; Android 6.0.1; Nexus 5X Build/MMB29P) AppleWebKit/537.36 (KHTML, like Gecko) Chrome/41.0.2272.96 Mobile Safari/537.36 (compatible; Googlebot/2.1; +http://www.google.com/bot.html)" "-"
66.249.64.146 - - [27/Nov/2019:12:09:01 +0100] "GET /wp-content/plugins/simple-social-icons/css/style.css?ver=3.0.1 HTTP/1.1" 200 4925 "https://amazingsportwear.com/producto/short-tecnico-padel-tenis/" "Mozilla/5.0 (Linux; Android 6.0.1; Nexus 5X Build/MMB29P) AppleWebKit/537.36 (KHTML, like Gecko) Chrome/41.0.2272.96 Mobile Safari/537.36 (compatible; Googlebot/2.1; +http://www.google.com/bot.html)" "-"
66.249.64.144 - - [27/Nov/2019:12:09:02 +0100] "POST /?wc-ajax=get_refreshed_fragments HTTP/1.1" 200 1397 "https://amazingsportwear.com/producto/short-tecnico-padel-tenis/" "Mozilla/5.0 (Linux; Android 6.0.1; Nexus 5X Build/MMB29P) AppleWebKit/537.36 (KHTML, like Gecko) Chrome/41.0.2272.96 Mobile Safari/537.36 (compatible; Googlebot/2.1; +http://www.google.com/bot.html)" "_ga=GA1.2.969013651.1574812800; _gid=GA1.2.1978218920.1574812800; _gat_gtag_UA_91619287_1=1"
217.76.130.90 - - [27/Nov/2019:12:11:01 +0100] "POST /wp-cron.php?doing_wp_cron=1574853061.8558468818664550781250 HTTP/1.1" 200 3389 "https://amazingsportwear.com/wp-cron.php?doing_wp_cron=1574853061.8558468818664550781250" "WordPress/5.2.4; https://amazingsportwear.com" "-"
66.249.64.148 - - [27/Nov/2019:12:11:01 +0100] "GET /producto/camiseta-tecnica-aida-sa-6656/ HTTP/1.1" 200 97176 "-" "Mozilla/5.0 (Linux; Android 6.0.1; Nexus 5X Build/MMB29P) AppleWebKit/537.36 (KHTML, like Gecko) Chrome/41.0.2272.96 Mobile Safari/537.36 (compatible; Googlebot/2.1; +http://www.google.com/bot.html)" "-"
217.76.130.90 - - [27/Nov/2019:12:11:15 +0100] "POST /wp-cron.php?doing_wp_cron=1574853075.0691928863525390625000 HTTP/1.1" 200 3389 "https://amazingsportwear.com/wp-cron.php?doing_wp_cron=1574853075.0691928863525390625000" "WordPress/5.2.4; https://amazingsportwear.com" "-"
66.249.64.144 - - [27/Nov/2019:12:11:14 +0100] "POST /?wc-ajax=get_refreshed_fragments HTTP/1.1" 200 4760 "https://amazingsportwear.com/producto/camiseta-tecnica-aida-sa-6656/" "Mozilla/5.0 (Linux; Android 6.0.1; Nexus 5X Build/MMB29P) AppleWebKit/537.36 (KHTML, like Gecko) Chrome/41.0.2272.96 Mobile Safari/537.36 (compatible; Googlebot/2.1; +http://www.google.com/bot.html)" "_ga=GA1.2.969013651.1574812800; _gid=GA1.2.1978218920.1574812800; _gat_gtag_UA_91619287_1=1"
217.76.130.90 - - [27/Nov/2019:12:12:49 +0100] "POST /wp-cron.php?doing_wp_cron=1574853169.2269489765167236328125 HTTP/1.1" 200 164 "http://amazingsportwear.com/wp-cron.php?doing_wp_cron=1574853169.2269489765167236328125" "WordPress/5.2.4; https://amazingsportwear.com" "-"
104.222.43.70 - - [27/Nov/2019:12:12:48 +0100] "GET / HTTP/1.1" 301 336 "-" "Mozilla/5.0 (Windows NT 10.0; Win64; x64; rv:64.0) Gecko/20100101 Firefox/64.0" "-"
104.222.33.19 - - [27/Nov/2019:12:12:50 +0100] "GET / HTTP/1.1" 200 125565 "-" "Mozilla/5.0 (Windows NT 10.0; Win64; x64; rv:64.0) Gecko/20100101 Firefox/64.0" "wpfront-notification-bar-landingpage=1; APSERVER_ID=4ee1437bc662f06e6f45c5ee9caca34c38ddde1fbc4dadb053610977e092e4d3"
104.222.43.180 - - [27/Nov/2019:12:12:57 +0100] "GET /wp-content/uploads/2019/05/cropped-favicon-nuevo-logo-amazinf-128px-32x32.png HTTP/1.1" 200 4392 "-" "Mozilla/5.0 (Windows NT 10.0; Win64; x64; rv:64.0) Gecko/20100101 Firefox/64.0" "-"
217.76.130.90 - - [27/Nov/2019:12:24:01 +0100] "POST /wp-cron.php?doing_wp_cron=1574853841.1021831035614013671875 HTTP/1.1" 200 3389 "https://amazingsportwear.com/wp-cron.php?doing_wp_cron=1574853841.1021831035614013671875" "WordPress/5.2.4; https://amazingsportwear.com" "-"
66.249.64.148 - - [27/Nov/2019:12:23:59 +0100] "GET /guia-de-tallas/ HTTP/1.1" 200 84449 "-" "Mozilla/5.0 (Linux; Android 6.0.1; Nexus 5X Build/MMB29P) AppleWebKit/537.36 (KHTML, like Gecko) Chrome/41.0.2272.96 Mobile Safari/537.36 (compatible; Googlebot/2.1; +http://www.google.com/bot.html)" "-"
90.160.63.66 - - [27/Nov/2019:12:36:49 +0100] "GET /wp-content/uploads/2019/04/SA-1070-2.png HTTP/1.1" 200 175956 "https://www.google.com/" "Mozilla/5.0 (Windows NT 6.1) AppleWebKit/537.36 (KHTML, like Gecko) Chrome/78.0.3904.108 Safari/537.36" "-"
217.76.130.90 - - [27/Nov/2019:12:41:08 +0100] "POST /wp-cron.php?doing_wp_cron=1574854868.4645459651947021484375 HTTP/1.1" 200 3389 "https://amazingsportwear.com/wp-cron.php?doing_wp_cron=1574854868.4645459651947021484375" "WordPress/5.2.4; https://amazingsportwear.com" "-"
66.249.64.144 - - [27/Nov/2019:12:41:06 +0100] "GET /etiqueta-producto/manga-corta/ HTTP/1.1" 200 56019 "-" "Mozilla/5.0 (Linux; Android 6.0.1; Nexus 5X Build/MMB29P) AppleWebKit/537.36 (KHTML, like Gecko) Chrome/41.0.2272.96 Mobile Safari/537.36 (compatible; Googlebot/2.1; +http://www.google.com/bot.html)" "-"
66.249.64.144 - - [27/Nov/2019:12:41:16 +0100] "GET /etiqueta-producto/camiseta-color/ HTTP/1.1" 200 50816 "-" "Mozilla/5.0 (Linux; Android 6.0.1; Nexus 5X Build/MMB29P) AppleWebKit/537.36 (KHTML, like Gecko) Chrome/41.0.2272.96 Mobile Safari/537.36 (compatible; Googlebot/2.1; +http://www.google.com/bot.html)" "-"
66.249.64.144 - - [27/Nov/2019:12:50:57 +0100] "GET /wp-content/uploads/2019/04/SA-1087-5-100x100.png HTTP/1.1" 304 3565 "-" "Googlebot-Image/1.0" "-"
217.76.130.90 - - [27/Nov/2019:12:54:59 +0100] "POST /wp-cron.php?doing_wp_cron=1574855698.9783430099487304687500 HTTP/1.1" 200 3389 "https://amazingsportwear.com/wp-cron.php?doing_wp_cron=1574855698.9783430099487304687500" "WordPress/5.2.4; https://amazingsportwear.com" "-"
66.249.64.144 - - [27/Nov/2019:12:54:56 +0100] "GET /producto/camiseta-tecnica-aida-sa-6656/ HTTP/1.1" 200 97103 "-" "Mozilla/5.0 (compatible; Googlebot/2.1; +http://www.google.com/bot.html)" "-"
217.76.130.90 - - [27/Nov/2019:12:55:06 +0100] "POST /wp-cron.php?doing_wp_cron=1574855706.4859728813171386718750 HTTP/1.1" 200 3389 "https://amazingsportwear.com/wp-cron.php?doing_wp_cron=1574855706.4859728813171386718750" "WordPress/5.2.4; https://amazingsportwear.com" "-"
66.249.64.146 - - [27/Nov/2019:12:55:05 +0100] "POST /?wc-ajax=get_refreshed_fragments HTTP/1.1" 200 4760 "https://amazingsportwear.com/producto/camiseta-tecnica-aida-sa-6656/" "Mozilla/5.0 AppleWebKit/537.36 (KHTML, like Gecko; compatible; Googlebot/2.1; +http://www.google.com/bot.html) Safari/537.36" "_ga=GA1.2.931330593.1574812800; _gid=GA1.2.2074753562.1574812800; _gat_gtag_UA_91619287_1=1"
217.76.130.90 - - [27/Nov/2019:12:56:40 +0100] "POST /wp-cron.php?doing_wp_cron=1574855800.8880839347839355468750 HTTP/1.1" 200 3389 "https://amazingsportwear.com/wp-cron.php?doing_wp_cron=1574855800.8880839347839355468750" "WordPress/5.2.4; https://amazingsportwear.com" "-"
66.249.64.148 - - [27/Nov/2019:12:56:40 +0100] "GET /producto/short-tecnico-padel-tenis/ HTTP/1.1" 200 98471 "-" "Mozilla/5.0 (compatible; Googlebot/2.1; +http://www.google.com/bot.html)" "-"
217.76.130.90 - - [27/Nov/2019:12:58:21 +0100] "POST /wp-cron.php?doing_wp_cron=1574855901.4376740455627441406250 HTTP/1.1" 200 3389 "https://amazingsportwear.com/wp-cron.php?doing_wp_cron=1574855901.4376740455627441406250" "WordPress/5.2.4; https://amazingsportwear.com" "-"
66.249.64.146 - - [27/Nov/2019:12:58:20 +0100] "GET /nuestros-trabajos/ HTTP/1.1" 200 68869 "-" "Mozilla/5.0 (compatible; Googlebot/2.1; +http://www.google.com/bot.html)" "-"
207.46.13.20 - - [27/Nov/2019:13:05:35 +0100] "GET /wp-content/uploads/2019/04/Mochila-keisy-4.png HTTP/1.1" 200 55457 "-" "Mozilla/5.0 (compatible; bingbot/2.0; +http://www.bing.com/bingbot.htm)" "-"
217.76.130.90 - - [27/Nov/2019:13:21:49 +0100] "POST /wp-cron.php?doing_wp_cron=1574857309.5728209018707275390625 HTTP/1.1" 200 164 "http://amazingsportwear.com/wp-cron.php?doing_wp_cron=1574857309.5728209018707275390625" "WordPress/5.2.4; https://amazingsportwear.com" "-"
188.213.14.207 - - [27/Nov/2019:13:21:46 +0100] "GET /index.php? HTTP/1.1" 301 336 "-" "Mozilla/5.0 (Macintosh; Intel Mac OS X 10_14_5) AppleWebKit/605.1.15 (KHTML, like Gecko)" "-"
188.213.14.207 - - [27/Nov/2019:13:21:49 +0100] "GET / HTTP/1.1" 200 125608 "-" "Mozilla/5.0 (Macintosh; Intel Mac OS X 10_14_5) AppleWebKit/605.1.15 (KHTML, like Gecko)" "-"
188.213.14.207 - - [27/Nov/2019:13:21:52 +0100] "GET /wp-content/uploads/2019/05/cropped-favicon-nuevo-logo-amazinf-128px-180x180.png HTTP/1.1" 200 13234 "-" "Safari/14607.2.6.1.1 CFNetwork/978.0.7 Darwin/18.6.0 (x86_64)" "-"
217.76.130.90 - - [27/Nov/2019:13:27:57 +0100] "POST /wp-cron.php?doing_wp_cron=1574857677.6166279315948486328125 HTTP/1.1" 200 3389 "https://amazingsportwear.com/wp-cron.php?doing_wp_cron=1574857677.6166279315948486328125" "WordPress/5.2.4; https://amazingsportwear.com" "-"
165.225.72.231 - - [27/Nov/2019:13:27:56 +0100] "GET /producto/camiseta-tecnica-manga-corta-delta-eny-delta/ HTTP/1.1" 200 97322 "https://www.google.com/" "Mozilla/5.0 (Windows NT 10.0; WOW64) AppleWebKit/537.36 (KHTML, like Gecko) Chrome/78.0.3904.108 Safari/537.36" "-"
165.225.72.231 - - [27/Nov/2019:13:27:58 +0100] "GET /wp-includes/css/dist/block-library/style.min.css?ver=5.2.4 HTTP/1.1" 200 29660 "https://amazingsportwear.com/producto/camiseta-tecnica-manga-corta-delta-eny-delta/" "Mozilla/5.0 (Windows NT 10.0; WOW64) AppleWebKit/537.36 (KHTML, like Gecko) Chrome/78.0.3904.108 Safari/537.36" "-"
165.225.72.231 - - [27/Nov/2019:13:27:58 +0100] "GET /wp-content/plugins/woocommerce/assets/css/blocks/style.css?ver=3.6.4 HTTP/1.1" 200 6697 "https://amazingsportwear.com/producto/camiseta-tecnica-manga-corta-delta-eny-delta/" "Mozilla/5.0 (Windows NT 10.0; WOW64) AppleWebKit/537.36 (KHTML, like Gecko) Chrome/78.0.3904.108 Safari/537.36" "-"
165.225.72.231 - - [27/Nov/2019:13:27:59 +0100] "GET /wp-content/plugins/cookie-law-info/public/css/cookie-law-info-public.css?ver=1.7.6 HTTP/1.1" 200 3373 "https://amazingsportwear.com/producto/camiseta-tecnica-manga-corta-delta-eny-delta/" "Mozilla/5.0 (Windows NT 10.0; WOW64) AppleWebKit/537.36 (KHTML, like Gecko) Chrome/78.0.3904.108 Safari/537.36" "-"
