176.32.50.117 - - [24/Nov/2019:17:42:17 +0100] "GET /wp-content/plugins/wpfront-notification-bar/jquery-plugins/jquery.c.js?ver=1.4.0 HTTP/1.1" 200 3437 "https://amazingsportwear.com/producto/chaleco-cortavientos-sublimado-asw/" "Mozilla/5.0 (iPad; CPU OS 12_4 like Mac OS X) AppleWebKit/605.1.15 (KHTML, like Gecko) GSA/87.0.279142407 Mobile/15E148 Safari/605.1" "-"
176.32.50.117 - - [24/Nov/2019:17:42:17 +0100] "GET /wp-content/plugins/wpfront-notification-bar/js/wpfront-notification-bar.js?ver=1.7.1 HTTP/1.1" 200 5662 "https://amazingsportwear.com/producto/chaleco-cortavientos-sublimado-asw/" "Mozilla/5.0 (iPad; CPU OS 12_4 like Mac OS X) AppleWebKit/605.1.15 (KHTML, like Gecko) GSA/87.0.279142407 Mobile/15E148 Safari/605.1" "-"
176.32.50.117 - - [24/Nov/2019:17:42:17 +0100] "GET /wp-includes/js/jquery/jquery.js HTTP/1.1" 200 97362 "https://amazingsportwear.com/producto/chaleco-cortavientos-sublimado-asw/" "Mozilla/5.0 (iPad; CPU OS 12_4 like Mac OS X) AppleWebKit/605.1.15 (KHTML, like Gecko) GSA/87.0.279142407 Mobile/15E148 Safari/605.1" "-"
176.32.50.117 - - [24/Nov/2019:17:42:17 +0100] "GET /wp-content/plugins/simple-social-icons/svgxuse.js?ver=1.1.21 HTTP/1.1" 200 9580 "https://amazingsportwear.com/producto/chaleco-cortavientos-sublimado-asw/" "Mozilla/5.0 (iPad; CPU OS 12_4 like Mac OS X) AppleWebKit/605.1.15 (KHTML, like Gecko) GSA/87.0.279142407 Mobile/15E148 Safari/605.1" "-"
176.32.50.117 - - [24/Nov/2019:17:42:17 +0100] "GET /wp-content/themes/shopper/assets/js/crm.js?ver=1561548510 HTTP/1.1" 200 874 "https://amazingsportwear.com/producto/chaleco-cortavientos-sublimado-asw/" "Mozilla/5.0 (iPad; CPU OS 12_4 like Mac OS X) AppleWebKit/605.1.15 (KHTML, like Gecko) GSA/87.0.279142407 Mobile/15E148 Safari/605.1" "-"
176.32.50.117 - - [24/Nov/2019:17:42:17 +0100] "GET /wp-content/plugins/product-enquiry-for-woocommerce/css/wdm-jquery-ui.css?ver=5.2.4 HTTP/1.1" 200 27001 "https://amazingsportwear.com/producto/chaleco-cortavientos-sublimado-asw/" "Mozilla/5.0 (iPad; CPU OS 12_4 like Mac OS X) AppleWebKit/605.1.15 (KHTML, like Gecko) GSA/87.0.279142407 Mobile/15E148 Safari/605.1" "-"
176.32.50.117 - - [24/Nov/2019:17:42:17 +0100] "GET /wp-content/plugins/woocommerce/assets/js/jquery-blockui/jquery.blockUI.min.js?ver=2.70 HTTP/1.1" 200 9908 "https://amazingsportwear.com/producto/chaleco-cortavientos-sublimado-asw/" "Mozilla/5.0 (iPad; CPU OS 12_4 like Mac OS X) AppleWebKit/605.1.15 (KHTML, like Gecko) GSA/87.0.279142407 Mobile/15E148 Safari/605.1" "-"
176.32.50.117 - - [24/Nov/2019:17:42:17 +0100] "GET /wp-content/plugins/woocommerce/assets/js/frontend/add-to-cart.min.js?ver=3.6.4 HTTP/1.1" 200 2983 "https://amazingsportwear.com/producto/chaleco-cortavientos-sublimado-asw/" "Mozilla/5.0 (iPad; CPU OS 12_4 like Mac OS X) AppleWebKit/605.1.15 (KHTML, like Gecko) GSA/87.0.279142407 Mobile/15E148 Safari/605.1" "-"
176.32.50.117 - - [24/Nov/2019:17:42:17 +0100] "GET /wp-content/plugins/woocommerce/assets/js/zoom/jquery.zoom.min.js?ver=1.7.21 HTTP/1.1" 200 2957 "https://amazingsportwear.com/producto/chaleco-cortavientos-sublimado-asw/" "Mozilla/5.0 (iPad; CPU OS 12_4 like Mac OS X) AppleWebKit/605.1.15 (KHTML, like Gecko) GSA/87.0.279142407 Mobile/15E148 Safari/605.1" "-"
176.32.50.117 - - [24/Nov/2019:17:42:17 +0100] "GET /wp-content/plugins/woocommerce/assets/js/flexslider/jquery.flexslider.min.js?ver=2.7.2 HTTP/1.1" 200 23232 "https://amazingsportwear.com/producto/chaleco-cortavientos-sublimado-asw/" "Mozilla/5.0 (iPad; CPU OS 12_4 like Mac OS X) AppleWebKit/605.1.15 (KHTML, like Gecko) GSA/87.0.279142407 Mobile/15E148 Safari/605.1" "-"
176.32.50.117 - - [24/Nov/2019:17:42:17 +0100] "GET /wp-content/plugins/woocommerce/assets/js/frontend/single-product.min.js?ver=3.6.4 HTTP/1.1" 200 6693 "https://amazingsportwear.com/producto/chaleco-cortavientos-sublimado-asw/" "Mozilla/5.0 (iPad; CPU OS 12_4 like Mac OS X) AppleWebKit/605.1.15 (KHTML, like Gecko) GSA/87.0.279142407 Mobile/15E148 Safari/605.1" "-"
176.32.50.117 - - [24/Nov/2019:17:42:17 +0100] "GET /wp-content/plugins/woocommerce/assets/js/photoswipe/photoswipe-ui-default.min.js?ver=4.1.1 HTTP/1.1" 200 10220 "https://amazingsportwear.com/producto/chaleco-cortavientos-sublimado-asw/" "Mozilla/5.0 (iPad; CPU OS 12_4 like Mac OS X) AppleWebKit/605.1.15 (KHTML, like Gecko) GSA/87.0.279142407 Mobile/15E148 Safari/605.1" "-"
176.32.50.117 - - [24/Nov/2019:17:42:17 +0100] "GET /wp-content/plugins/woocommerce/assets/js/photoswipe/photoswipe.min.js?ver=4.1.1 HTTP/1.1" 200 32276 "https://amazingsportwear.com/producto/chaleco-cortavientos-sublimado-asw/" "Mozilla/5.0 (iPad; CPU OS 12_4 like Mac OS X) AppleWebKit/605.1.15 (KHTML, like Gecko) GSA/87.0.279142407 Mobile/15E148 Safari/605.1" "-"
176.32.50.117 - - [24/Nov/2019:17:42:17 +0100] "GET /wp-content/plugins/woocommerce/assets/js/frontend/woocommerce.min.js?ver=3.6.4 HTTP/1.1" 200 1813 "https://amazingsportwear.com/producto/chaleco-cortavientos-sublimado-asw/" "Mozilla/5.0 (iPad; CPU OS 12_4 like Mac OS X) AppleWebKit/605.1.15 (KHTML, like Gecko) GSA/87.0.279142407 Mobile/15E148 Safari/605.1" "-"
176.32.50.117 - - [24/Nov/2019:17:42:17 +0100] "GET /wp-content/plugins/woocommerce/assets/js/frontend/cart-fragments.min.js?ver=3.6.4 HTTP/1.1" 200 3281 "https://amazingsportwear.com/producto/chaleco-cortavientos-sublimado-asw/" "Mozilla/5.0 (iPad; CPU OS 12_4 like Mac OS X) AppleWebKit/605.1.15 (KHTML, like Gecko) GSA/87.0.279142407 Mobile/15E148 Safari/605.1" "-"
176.32.50.117 - - [24/Nov/2019:17:42:17 +0100] "GET /wp-content/plugins/woocommerce/assets/js/js-cookie/js.cookie.min.js?ver=2.1.4 HTTP/1.1" 200 2187 "https://amazingsportwear.com/producto/chaleco-cortavientos-sublimado-asw/" "Mozilla/5.0 (iPad; CPU OS 12_4 like Mac OS X) AppleWebKit/605.1.15 (KHTML, like Gecko) GSA/87.0.279142407 Mobile/15E148 Safari/605.1" "-"
176.32.50.117 - - [24/Nov/2019:17:42:17 +0100] "GET /wp-content/themes/shopper/assets/js/skip-link-focus-fix.js?ver=1.3.8 HTTP/1.1" 200 1023 "https://amazingsportwear.com/producto/chaleco-cortavientos-sublimado-asw/" "Mozilla/5.0 (iPad; CPU OS 12_4 like Mac OS X) AppleWebKit/605.1.15 (KHTML, like Gecko) GSA/87.0.279142407 Mobile/15E148 Safari/605.1" "-"
176.32.50.117 - - [24/Nov/2019:17:42:17 +0100] "GET /wp-content/themes/shopper/assets/js/shopper.min.js?ver=1.3.8 HTTP/1.1" 200 5994 "https://amazingsportwear.com/producto/chaleco-cortavientos-sublimado-asw/" "Mozilla/5.0 (iPad; CPU OS 12_4 like Mac OS X) AppleWebKit/605.1.15 (KHTML, like Gecko) GSA/87.0.279142407 Mobile/15E148 Safari/605.1" "-"
176.32.50.117 - - [24/Nov/2019:17:42:17 +0100] "GET /wp-includes/js/comment-reply.min.js?ver=5.2.4 HTTP/1.1" 200 2575 "https://amazingsportwear.com/producto/chaleco-cortavientos-sublimado-asw/" "Mozilla/5.0 (iPad; CPU OS 12_4 like Mac OS X) AppleWebKit/605.1.15 (KHTML, like Gecko) GSA/87.0.279142407 Mobile/15E148 Safari/605.1" "-"
176.32.50.117 - - [24/Nov/2019:17:42:17 +0100] "GET /wp-content/themes/shopper/assets/js/woocommerce/header-cart.min.js?ver=1.3.8 HTTP/1.1" 200 972 "https://amazingsportwear.com/producto/chaleco-cortavientos-sublimado-asw/" "Mozilla/5.0 (iPad; CPU OS 12_4 like Mac OS X) AppleWebKit/605.1.15 (KHTML, like Gecko) GSA/87.0.279142407 Mobile/15E148 Safari/605.1" "-"
176.32.50.117 - - [24/Nov/2019:17:42:17 +0100] "GET /wp-includes/js/wp-embed.min.js?ver=5.2.4 HTTP/1.1" 200 1744 "https://amazingsportwear.com/producto/chaleco-cortavientos-sublimado-asw/" "Mozilla/5.0 (iPad; CPU OS 12_4 like Mac OS X) AppleWebKit/605.1.15 (KHTML, like Gecko) GSA/87.0.279142407 Mobile/15E148 Safari/605.1" "-"
176.32.50.117 - - [24/Nov/2019:17:42:17 +0100] "GET /wp-includes/js/underscore.min.js?ver=1.8.3 HTTP/1.1" 200 16527 "https://amazingsportwear.com/producto/chaleco-cortavientos-sublimado-asw/" "Mozilla/5.0 (iPad; CPU OS 12_4 like Mac OS X) AppleWebKit/605.1.15 (KHTML, like Gecko) GSA/87.0.279142407 Mobile/15E148 Safari/605.1" "-"
176.32.50.117 - - [24/Nov/2019:17:42:17 +0100] "GET /wp-includes/js/wp-util.min.js?ver=5.2.4 HTTP/1.1" 200 1387 "https://amazingsportwear.com/producto/chaleco-cortavientos-sublimado-asw/" "Mozilla/5.0 (iPad; CPU OS 12_4 like Mac OS X) AppleWebKit/605.1.15 (KHTML, like Gecko) GSA/87.0.279142407 Mobile/15E148 Safari/605.1" "-"
176.32.50.117 - - [24/Nov/2019:17:42:17 +0100] "GET /wp-content/plugins/woocommerce/assets/js/frontend/add-to-cart-variation.min.js?ver=3.6.4 HTTP/1.1" 200 13625 "https://amazingsportwear.com/producto/chaleco-cortavientos-sublimado-asw/" "Mozilla/5.0 (iPad; CPU OS 12_4 like Mac OS X) AppleWebKit/605.1.15 (KHTML, like Gecko) GSA/87.0.279142407 Mobile/15E148 Safari/605.1" "-"
176.32.50.117 - - [24/Nov/2019:17:42:17 +0100] "GET /wp-includes/js/jquery/ui/core.min.js?ver=1.11.4 HTTP/1.1" 200 4341 "https://amazingsportwear.com/producto/chaleco-cortavientos-sublimado-asw/" "Mozilla/5.0 (iPad; CPU OS 12_4 like Mac OS X) AppleWebKit/605.1.15 (KHTML, like Gecko) GSA/87.0.279142407 Mobile/15E148 Safari/605.1" "-"
176.32.50.117 - - [24/Nov/2019:17:42:17 +0100] "GET /wp-content/plugins/akismet/_inc/form.js?ver=4.1.2 HTTP/1.1" 200 1040 "https://amazingsportwear.com/producto/chaleco-cortavientos-sublimado-asw/" "Mozilla/5.0 (iPad; CPU OS 12_4 like Mac OS X) AppleWebKit/605.1.15 (KHTML, like Gecko) GSA/87.0.279142407 Mobile/15E148 Safari/605.1" "-"
176.32.50.117 - - [24/Nov/2019:17:42:17 +0100] "GET /wp-includes/js/jquery/ui/widget.min.js?ver=1.11.4 HTTP/1.1" 200 7250 "https://amazingsportwear.com/producto/chaleco-cortavientos-sublimado-asw/" "Mozilla/5.0 (iPad; CPU OS 12_4 like Mac OS X) AppleWebKit/605.1.15 (KHTML, like Gecko) GSA/87.0.279142407 Mobile/15E148 Safari/605.1" "-"
176.32.50.117 - - [24/Nov/2019:17:42:17 +0100] "GET /wp-includes/js/jquery/ui/draggable.min.js?ver=1.11.4 HTTP/1.1" 200 19277 "https://amazingsportwear.com/producto/chaleco-cortavientos-sublimado-asw/" "Mozilla/5.0 (iPad; CPU OS 12_4 like Mac OS X) AppleWebKit/605.1.15 (KHTML, like Gecko) GSA/87.0.279142407 Mobile/15E148 Safari/605.1" "-"
176.32.50.117 - - [24/Nov/2019:17:42:17 +0100] "GET /wp-includes/js/jquery/ui/resizable.min.js?ver=1.11.4 HTTP/1.1" 200 18798 "https://amazingsportwear.com/producto/chaleco-cortavientos-sublimado-asw/" "Mozilla/5.0 (iPad; CPU OS 12_4 like Mac OS X) AppleWebKit/605.1.15 (KHTML, like Gecko) GSA/87.0.279142407 Mobile/15E148 Safari/605.1" "-"
176.32.50.117 - - [24/Nov/2019:17:42:17 +0100] "GET /wp-includes/js/jquery/ui/mouse.min.js?ver=1.11.4 HTTP/1.1" 200 3489 "https://amazingsportwear.com/producto/chaleco-cortavientos-sublimado-asw/" "Mozilla/5.0 (iPad; CPU OS 12_4 like Mac OS X) AppleWebKit/605.1.15 (KHTML, like Gecko) GSA/87.0.279142407 Mobile/15E148 Safari/605.1" "-"
176.32.50.117 - - [24/Nov/2019:17:42:17 +0100] "GET /wp-includes/js/jquery/ui/position.min.js?ver=1.11.4 HTTP/1.1" 200 6869 "https://amazingsportwear.com/producto/chaleco-cortavientos-sublimado-asw/" "Mozilla/5.0 (iPad; CPU OS 12_4 like Mac OS X) AppleWebKit/605.1.15 (KHTML, like Gecko) GSA/87.0.279142407 Mobile/15E148 Safari/605.1" "-"
176.32.50.117 - - [24/Nov/2019:17:42:17 +0100] "GET /wp-includes/js/jquery/ui/button.min.js?ver=1.11.4 HTTP/1.1" 200 7578 "https://amazingsportwear.com/producto/chaleco-cortavientos-sublimado-asw/" "Mozilla/5.0 (iPad; CPU OS 12_4 like Mac OS X) AppleWebKit/605.1.15 (KHTML, like Gecko) GSA/87.0.279142407 Mobile/15E148 Safari/605.1" "-"
176.32.50.117 - - [24/Nov/2019:17:42:17 +0100] "GET /wp-includes/js/jquery/ui/dialog.min.js?ver=1.11.4 HTTP/1.1" 200 12482 "https://amazingsportwear.com/producto/chaleco-cortavientos-sublimado-asw/" "Mozilla/5.0 (iPad; CPU OS 12_4 like Mac OS X) AppleWebKit/605.1.15 (KHTML, like Gecko) GSA/87.0.279142407 Mobile/15E148 Safari/605.1" "-"
176.32.50.117 - - [24/Nov/2019:17:42:17 +0100] "GET /wp-content/plugins/product-enquiry-for-woocommerce/js/wdm_jquery.validate.min.js?ver=5.2.4 HTTP/1.1" 200 21818 "https://amazingsportwear.com/producto/chaleco-cortavientos-sublimado-asw/" "Mozilla/5.0 (iPad; CPU OS 12_4 like Mac OS X) AppleWebKit/605.1.15 (KHTML, like Gecko) GSA/87.0.279142407 Mobile/15E148 Safari/605.1" "-"
176.32.50.117 - - [24/Nov/2019:17:42:17 +0100] "GET /wp-content/plugins/product-enquiry-for-woocommerce/js/contact.js?ver=5.2.4 HTTP/1.1" 200 4681 "https://amazingsportwear.com/producto/chaleco-cortavientos-sublimado-asw/" "Mozilla/5.0 (iPad; CPU OS 12_4 like Mac OS X) AppleWebKit/605.1.15 (KHTML, like Gecko) GSA/87.0.279142407 Mobile/15E148 Safari/605.1" "-"
176.32.50.117 - - [24/Nov/2019:17:42:17 +0100] "GET /wp-content/uploads/2019/05/cropped-asw-white.png HTTP/1.1" 200 7500 "https://amazingsportwear.com/producto/chaleco-cortavientos-sublimado-asw/" "Mozilla/5.0 (iPad; CPU OS 12_4 like Mac OS X) AppleWebKit/605.1.15 (KHTML, like Gecko) GSA/87.0.279142407 Mobile/15E148 Safari/605.1" "-"
176.32.50.117 - - [24/Nov/2019:17:42:17 +0100] "GET /wp-content/uploads/2017/04/chaleco-sublimado-espalda.png HTTP/1.1" 200 72359 "https://amazingsportwear.com/producto/chaleco-cortavientos-sublimado-asw/" "Mozilla/5.0 (iPad; CPU OS 12_4 like Mac OS X) AppleWebKit/605.1.15 (KHTML, like Gecko) GSA/87.0.279142407 Mobile/15E148 Safari/605.1" "-"
176.32.50.117 - - [24/Nov/2019:17:42:17 +0100] "GET /wp-content/uploads/2017/04/chaleco-sublimado-pecho.png HTTP/1.1" 200 57077 "https://amazingsportwear.com/producto/chaleco-cortavientos-sublimado-asw/" "Mozilla/5.0 (iPad; CPU OS 12_4 like Mac OS X) AppleWebKit/605.1.15 (KHTML, like Gecko) GSA/87.0.279142407 Mobile/15E148 Safari/605.1" "-"
176.32.50.117 - - [24/Nov/2019:17:42:17 +0100] "GET /wp-content/uploads/2017/01/manguitos-ciclismo1-300x300.jpg HTTP/1.1" 200 16342 "https://amazingsportwear.com/producto/chaleco-cortavientos-sublimado-asw/" "Mozilla/5.0 (iPad; CPU OS 12_4 like Mac OS X) AppleWebKit/605.1.15 (KHTML, like Gecko) GSA/87.0.279142407 Mobile/15E148 Safari/605.1" "-"
176.32.50.117 - - [24/Nov/2019:17:42:17 +0100] "GET /wp-content/uploads/2017/01/braga-cuello-motocross-300x300.jpg HTTP/1.1" 200 18145 "https://amazingsportwear.com/producto/chaleco-cortavientos-sublimado-asw/" "Mozilla/5.0 (iPad; CPU OS 12_4 like Mac OS X) AppleWebKit/605.1.15 (KHTML, like Gecko) GSA/87.0.279142407 Mobile/15E148 Safari/605.1" "-"
176.32.50.117 - - [24/Nov/2019:17:42:17 +0100] "GET /wp-content/uploads/2017/01/pant-basket1-300x300.jpg HTTP/1.1" 200 11073 "https://amazingsportwear.com/producto/chaleco-cortavientos-sublimado-asw/" "Mozilla/5.0 (iPad; CPU OS 12_4 like Mac OS X) AppleWebKit/605.1.15 (KHTML, like Gecko) GSA/87.0.279142407 Mobile/15E148 Safari/605.1" "-"
176.32.50.117 - - [24/Nov/2019:17:42:18 +0100] "GET /wp-content/uploads/2019/05/asw-white-600x252.png HTTP/1.1" 200 29380 "https://amazingsportwear.com/producto/chaleco-cortavientos-sublimado-asw/" "Mozilla/5.0 (iPad; CPU OS 12_4 like Mac OS X) AppleWebKit/605.1.15 (KHTML, like Gecko) GSA/87.0.279142407 Mobile/15E148 Safari/605.1" "-"
176.32.50.117 - - [24/Nov/2019:17:42:18 +0100] "GET /wp-content/plugins/simple-social-icons/symbol-defs.svg HTTP/1.1" 200 19699 "https://amazingsportwear.com/producto/chaleco-cortavientos-sublimado-asw/" "Mozilla/5.0 (iPad; CPU OS 12_4 like Mac OS X) AppleWebKit/605.1.15 (KHTML, like Gecko) GSA/87.0.279142407 Mobile/15E148 Safari/605.1" "_ga=GA1.2.722490646.1574613737; _gat_gtag_UA_91619287_1=1; _gid=GA1.2.1767743065.1574613737"
176.32.50.117 - - [24/Nov/2019:17:42:18 +0100] "GET /wp-content/plugins/product-enquiry-for-woocommerce/img/contact/loading.gif HTTP/1.1" 200 3834 "https://amazingsportwear.com/producto/chaleco-cortavientos-sublimado-asw/" "Mozilla/5.0 (iPad; CPU OS 12_4 like Mac OS X) AppleWebKit/605.1.15 (KHTML, like Gecko) GSA/87.0.279142407 Mobile/15E148 Safari/605.1" "-"
176.32.50.117 - - [24/Nov/2019:17:42:18 +0100] "GET /wp-content/themes/shopper/assets/fonts/fontawesome-webfont.woff2?v=4.7.0 HTTP/1.1" 200 77615 "https://amazingsportwear.com/producto/chaleco-cortavientos-sublimado-asw/" "Mozilla/5.0 (iPad; CPU OS 12_4 like Mac OS X) AppleWebKit/605.1.15 (KHTML, like Gecko) GSA/87.0.279142407 Mobile/15E148 Safari/605.1" "_ga=GA1.2.722490646.1574613737; _gat_gtag_UA_91619287_1=1; _gid=GA1.2.1767743065.1574613737"
176.32.50.117 - - [24/Nov/2019:17:42:19 +0100] "GET /wp-content/uploads/2017/04/chaleco-sublimado-pecho-100x100.png HTTP/1.1" 200 13069 "https://amazingsportwear.com/producto/chaleco-cortavientos-sublimado-asw/" "Mozilla/5.0 (iPad; CPU OS 12_4 like Mac OS X) AppleWebKit/605.1.15 (KHTML, like Gecko) GSA/87.0.279142407 Mobile/15E148 Safari/605.1" "_ga=GA1.2.722490646.1574613737; _gat_gtag_UA_91619287_1=1; _gid=GA1.2.1767743065.1574613737"
176.32.50.117 - - [24/Nov/2019:17:42:19 +0100] "GET /wp-content/uploads/2017/04/chaleco-sublimado-espalda-100x100.png HTTP/1.1" 200 13367 "https://amazingsportwear.com/producto/chaleco-cortavientos-sublimado-asw/" "Mozilla/5.0 (iPad; CPU OS 12_4 like Mac OS X) AppleWebKit/605.1.15 (KHTML, like Gecko) GSA/87.0.279142407 Mobile/15E148 Safari/605.1" "_ga=GA1.2.722490646.1574613737; _gat_gtag_UA_91619287_1=1; _gid=GA1.2.1767743065.1574613737"
176.32.50.117 - - [24/Nov/2019:17:42:19 +0100] "POST /?wc-ajax=get_refreshed_fragments HTTP/1.1" 200 1397 "https://amazingsportwear.com/producto/chaleco-cortavientos-sublimado-asw/" "Mozilla/5.0 (iPad; CPU OS 12_4 like Mac OS X) AppleWebKit/605.1.15 (KHTML, like Gecko) GSA/87.0.279142407 Mobile/15E148 Safari/605.1" "_ga=GA1.2.722490646.1574613737; _gat_gtag_UA_91619287_1=1; _gid=GA1.2.1767743065.1574613737"
176.32.50.117 - - [24/Nov/2019:17:42:40 +0100] "GET /categoria-producto/deportes/triathlon/ HTTP/1.1" 200 55950 "https://amazingsportwear.com/producto/chaleco-cortavientos-sublimado-asw/" "Mozilla/5.0 (iPad; CPU OS 12_4 like Mac OS X) AppleWebKit/605.1.15 (KHTML, like Gecko) GSA/87.0.279142407 Mobile/15E148 Safari/605.1" "wpfront-notification-bar-landingpage=1; _ga=GA1.2.722490646.1574613737; _gat_gtag_UA_91619287_1=1; _gid=GA1.2.1767743065.1574613737"
176.32.50.117 - - [24/Nov/2019:17:42:42 +0100] "GET /wp-content/uploads/2017/01/camiseta-triatlon-300x300.jpg HTTP/1.1" 200 18027 "https://amazingsportwear.com/categoria-producto/deportes/triathlon/" "Mozilla/5.0 (iPad; CPU OS 12_4 like Mac OS X) AppleWebKit/605.1.15 (KHTML, like Gecko) GSA/87.0.279142407 Mobile/15E148 Safari/605.1" "wpfront-notification-bar-landingpage=1; _ga=GA1.2.722490646.1574613737; _gat_gtag_UA_91619287_1=1; _gid=GA1.2.1767743065.1574613737"
176.32.50.117 - - [24/Nov/2019:17:42:42 +0100] "GET /wp-content/uploads/2017/01/chaqueta-triatlon-300x300.jpg HTTP/1.1" 200 14687 "https://amazingsportwear.com/categoria-producto/deportes/triathlon/" "Mozilla/5.0 (iPad; CPU OS 12_4 like Mac OS X) AppleWebKit/605.1.15 (KHTML, like Gecko) GSA/87.0.279142407 Mobile/15E148 Safari/605.1" "wpfront-notification-bar-landingpage=1; _ga=GA1.2.722490646.1574613737; _gat_gtag_UA_91619287_1=1; _gid=GA1.2.1767743065.1574613737"
176.32.50.117 - - [24/Nov/2019:17:42:42 +0100] "GET /wp-content/uploads/2017/01/mono-triatlon2-300x300.jpg HTTP/1.1" 200 14042 "https://amazingsportwear.com/categoria-producto/deportes/triathlon/" "Mozilla/5.0 (iPad; CPU OS 12_4 like Mac OS X) AppleWebKit/605.1.15 (KHTML, like Gecko) GSA/87.0.279142407 Mobile/15E148 Safari/605.1" "wpfront-notification-bar-landingpage=1; _ga=GA1.2.722490646.1574613737; _gat_gtag_UA_91619287_1=1; _gid=GA1.2.1767743065.1574613737"
176.32.50.117 - - [24/Nov/2019:17:42:42 +0100] "GET /wp-content/uploads/2017/01/culote-corto-triatlon-300x300.jpg HTTP/1.1" 200 10239 "https://amazingsportwear.com/categoria-producto/deportes/triathlon/" "Mozilla/5.0 (iPad; CPU OS 12_4 like Mac OS X) AppleWebKit/605.1.15 (KHTML, like Gecko) GSA/87.0.279142407 Mobile/15E148 Safari/605.1" "wpfront-notification-bar-landingpage=1; _ga=GA1.2.722490646.1574613737; _gat_gtag_UA_91619287_1=1; _gid=GA1.2.1767743065.1574613737"
176.32.50.117 - - [24/Nov/2019:17:42:57 +0100] "POST /?wc-ajax=get_refreshed_fragments HTTP/1.1" 200 1483 "https://amazingsportwear.com/producto/chaleco-cortavientos-sublimado-asw/" "Mozilla/5.0 (iPad; CPU OS 12_4 like Mac OS X) AppleWebKit/605.1.15 (KHTML, like Gecko) GSA/87.0.279142407 Mobile/15E148 Safari/605.1" "_ga=GA1.2.722490646.1574613737; _gid=GA1.2.1767743065.1574613737; wpfront-notification-bar-landingpage=1; _gat_gtag_UA_91619287_1=1"
217.76.130.90 - - [24/Nov/2019:17:43:34 +0100] "POST /wp-cron.php?doing_wp_cron=1574613813.5676848888397216796875 HTTP/1.1" 200 3389 "https://amazingsportwear.com/wp-cron.php?doing_wp_cron=1574613813.5676848888397216796875" "WordPress/5.2.4; https://amazingsportwear.com" "-"
40.77.167.151 - - [24/Nov/2019:17:43:33 +0100] "GET /producto/camiseta-tecnica-maurice/ HTTP/1.1" 200 103171 "-" "Mozilla/5.0 (compatible; bingbot/2.0; +http://www.bing.com/bingbot.htm)" "-"
217.76.130.90 - - [24/Nov/2019:17:48:09 +0100] "POST /wp-cron.php?doing_wp_cron=1574614089.7376179695129394531250 HTTP/1.1" 200 3389 "https://amazingsportwear.com/wp-cron.php?doing_wp_cron=1574614089.7376179695129394531250" "WordPress/5.2.4; https://amazingsportwear.com" "-"
66.249.66.66 - - [24/Nov/2019:17:48:08 +0100] "GET /categoria-producto/hombre/polostecnicos/ HTTP/1.1" 200 76593 "-" "Mozilla/5.0 (Linux; Android 6.0.1; Nexus 5X Build/MMB29P) AppleWebKit/537.36 (KHTML, like Gecko) Chrome/41.0.2272.96 Mobile Safari/537.36 (compatible; Googlebot/2.1; +http://www.google.com/bot.html)" "-"
157.55.39.235 - - [24/Nov/2019:17:48:55 +0100] "GET /producto/linterna-biddick/ HTTP/1.1" 200 97039 "-" "Mozilla/5.0 (compatible; bingbot/2.0; +http://www.bing.com/bingbot.htm)" "-"
217.76.130.90 - - [24/Nov/2019:17:50:22 +0100] "POST /wp-cron.php?doing_wp_cron=1574614222.7267870903015136718750 HTTP/1.1" 200 3389 "https://amazingsportwear.com/wp-cron.php?doing_wp_cron=1574614222.7267870903015136718750" "WordPress/5.2.4; https://amazingsportwear.com" "-"
49.86.176.191 - - [24/Nov/2019:17:50:21 +0100] "GET /producto/camiseta-tirantes-triatlon HTTP/1.1" 301 3559 "-" "Mozilla/5.0 (Linux; Android 7.0; FRD-AL00 Build/HUAWEIFRD-AL00; wv) AppleWebKit/537.36 (KHTML, like Gecko) Version/4.0 Chrome/53.0.2785.49 Mobile MQQBrowser/6.2 TBS/043602 Safari/537.36 MicroMessenger/6.5.16.1120 NetType/WIFI Language/zh_CN" "-"
49.86.176.191 - - [24/Nov/2019:17:50:28 +0100] "GET /producto/camiseta-tirantes-triatlon/ HTTP/1.1" 200 90566 "-" "Mozilla/5.0 (Linux; Android 7.0; FRD-AL00 Build/HUAWEIFRD-AL00; wv) AppleWebKit/537.36 (KHTML, like Gecko) Version/4.0 Chrome/53.0.2785.49 Mobile MQQBrowser/6.2 TBS/043602 Safari/537.36 MicroMessenger/6.5.16.1120 NetType/WIFI Language/zh_CN" "wpfront-notification-bar-landingpage=1"
66.249.66.68 - - [24/Nov/2019:17:53:05 +0100] "GET /wp-content/uploads/2017/03/CIF-T-1052-300x300.jpg HTTP/1.1" 304 3565 "-" "Googlebot-Image/1.0" "-"
217.76.130.90 - - [24/Nov/2019:17:54:51 +0100] "POST /wp-cron.php?doing_wp_cron=1574614491.3189399242401123046875 HTTP/1.1" 200 3389 "https://amazingsportwear.com/wp-cron.php?doing_wp_cron=1574614491.3189399242401123046875" "WordPress/5.2.4; https://amazingsportwear.com" "-"
170.130.125.22 - - [24/Nov/2019:17:54:50 +0100] "GET / HTTP/1.0" 200 124723 "https://amazingsportwear.com" "Mozilla/5.0 (Windows NT 6.1; WOW64) AppleWebKit/537.36 (KHTML, like Gecko) Chrome/34.0.1847.131 Safari/537.36" "-"
217.76.130.90 - - [24/Nov/2019:17:56:49 +0100] "POST /wp-cron.php?doing_wp_cron=1574614609.9287240505218505859375 HTTP/1.1" 200 3389 "https://amazingsportwear.com/wp-cron.php?doing_wp_cron=1574614609.9287240505218505859375" "WordPress/5.2.4; https://amazingsportwear.com" "-"
117.57.37.168 - - [24/Nov/2019:17:56:49 +0100] "GET /producto/polo-tecnico-game-slazenger-mujer-pf-33109 HTTP/1.1" 301 3575 "-" "Mozilla/5.0 (Linux; Android 7.0; FRD-AL00 Build/HUAWEIFRD-AL00; wv) AppleWebKit/537.36 (KHTML, like Gecko) Version/4.0 Chrome/53.0.2785.49 Mobile MQQBrowser/6.2 TBS/043602 Safari/537.36 MicroMessenger/6.5.16.1120 NetType/WIFI Language/zh_CN" "-"
117.57.37.168 - - [24/Nov/2019:17:56:59 +0100] "GET /producto/polo-tecnico-game-slazenger-mujer-pf-33109/ HTTP/1.1" 200 107593 "-" "Mozilla/5.0 (Linux; Android 7.0; FRD-AL00 Build/HUAWEIFRD-AL00; wv) AppleWebKit/537.36 (KHTML, like Gecko) Version/4.0 Chrome/53.0.2785.49 Mobile MQQBrowser/6.2 TBS/043602 Safari/537.36 MicroMessenger/6.5.16.1120 NetType/WIFI Language/zh_CN" "wpfront-notification-bar-landingpage=1"
157.55.39.160 - - [24/Nov/2019:18:00:25 +0100] "GET /wp-content/uploads/2019/07/IMG_1572-1024x1024.jpg HTTP/1.1" 200 169494 "-" "Mozilla/5.0 (compatible; bingbot/2.0; +http://www.bing.com/bingbot.htm)" "-"
217.76.130.90 - - [24/Nov/2019:18:12:05 +0100] "POST /wp-cron.php?doing_wp_cron=1574615525.6810889244079589843750 HTTP/1.1" 200 3389 "https://amazingsportwear.com/wp-cron.php?doing_wp_cron=1574615525.6810889244079589843750" "WordPress/5.2.4; https://amazingsportwear.com" "-"
40.77.167.151 - - [24/Nov/2019:18:12:03 +0100] "GET /tienda/216-pantalon-largo-adelpho-sa-1174.html HTTP/1.1" 404 72327 "-" "Mozilla/5.0 (compatible; bingbot/2.0; +http://www.bing.com/bingbot.htm)" "-"
217.76.130.90 - - [24/Nov/2019:18:19:35 +0100] "POST /wp-cron.php?doing_wp_cron=1574615975.8822600841522216796875 HTTP/1.1" 200 3389 "https://amazingsportwear.com/wp-cron.php?doing_wp_cron=1574615975.8822600841522216796875" "WordPress/5.2.4; https://amazingsportwear.com" "-"
66.249.66.66 - - [24/Nov/2019:18:19:35 +0100] "GET /producto/cortavientos-angelo/ HTTP/1.1" 200 101857 "-" "Mozilla/5.0 (Linux; Android 6.0.1; Nexus 5X Build/MMB29P) AppleWebKit/537.36 (KHTML, like Gecko) Chrome/41.0.2272.96 Mobile Safari/537.36 (compatible; Googlebot/2.1; +http://www.google.com/bot.html)" "-"
61.158.146.46 - - [24/Nov/2019:18:32:27 +0100] "GET /wp-content/uploads/2018/05/cif-g221-2-300x300.jpg HTTP/1.1" 200 11424 "-" "Mozilla/5.0(Linux;U;Android 5.1.1;zh-CN;OPPO A33 Build/LMY47V) AppleWebKit/537.36(KHTML,like Gecko) Version/4.0 Chrome/40.0.2214.89 UCBrowser/11.7.0.953 Mobile Safari/537.36" "-"
217.76.130.90 - - [24/Nov/2019:18:35:07 +0100] "POST /wp-cron.php?doing_wp_cron=1574616907.7544069290161132812500 HTTP/1.1" 200 3389 "https://amazingsportwear.com/wp-cron.php?doing_wp_cron=1574616907.7544069290161132812500" "WordPress/5.2.4; https://amazingsportwear.com" "-"
17.58.96.178 - - [24/Nov/2019:18:35:06 +0100] "GET /producto/calcetin-deportivo-lycra-cp-lycra/ HTTP/1.1" 200 92842 "-" "Mozilla/5.0 (Macintosh; Intel Mac OS X 10_10_1) AppleWebKit/600.2.5 (KHTML, like Gecko) Version/8.0.2 Safari/600.2.5 (Applebot/0.1; +http://www.apple.com/go/applebot)" "-"
217.76.130.90 - - [24/Nov/2019:18:37:02 +0100] "POST /wp-cron.php?doing_wp_cron=1574617022.7539169788360595703125 HTTP/1.1" 200 3389 "https://amazingsportwear.com/wp-cron.php?doing_wp_cron=1574617022.7539169788360595703125" "WordPress/5.2.4; https://amazingsportwear.com" "-"
66.249.66.68 - - [24/Nov/2019:18:37:01 +0100] "GET /producto/kit-emergencia-yardim/ HTTP/1.1" 200 91277 "-" "Mozilla/5.0 (Linux; Android 6.0.1; Nexus 5X Build/MMB29P) AppleWebKit/537.36 (KHTML, like Gecko) Chrome/41.0.2272.96 Mobile Safari/537.36 (compatible; Googlebot/2.1; +http://www.google.com/bot.html)" "-"
217.76.130.90 - - [24/Nov/2019:18:38:29 +0100] "POST /wp-cron.php?doing_wp_cron=1574617109.5572960376739501953125 HTTP/1.1" 200 3389 "https://amazingsportwear.com/wp-cron.php?doing_wp_cron=1574617109.5572960376739501953125" "WordPress/5.2.4; https://amazingsportwear.com" "-"
66.249.66.70 - - [24/Nov/2019:18:38:29 +0100] "GET /producto/manta-termica/ HTTP/1.1" 200 90007 "-" "Mozilla/5.0 (compatible; Googlebot/2.1; +http://www.google.com/bot.html)" "-"
217.76.130.90 - - [24/Nov/2019:18:42:43 +0100] "POST /wp-cron.php?doing_wp_cron=1574617363.4816029071807861328125 HTTP/1.1" 200 3389 "https://amazingsportwear.com/wp-cron.php?doing_wp_cron=1574617363.4816029071807861328125" "WordPress/5.2.4; https://amazingsportwear.com" "-"
14.223.187.207 - - [24/Nov/2019:18:42:42 +0100] "GET /producto/camiseta-manga-corta-tenis-pade-2 HTTP/1.1" 301 3566 "-" "Mozilla/5.0(Linux;Android 5.1.1;OPPO A33 Build/LMY47V;wv) AppleWebKit/537.36(KHTML,link Gecko) Version/4.0 Chrome/42.0.2311.138 Mobile Safari/537.36 Mb2345Browser/9.0" "-"
14.223.187.207 - - [24/Nov/2019:18:42:45 +0100] "GET /producto/camiseta-manga-corta-tenis-pade-2/ HTTP/1.1" 200 77214 "-" "Mozilla/5.0(Linux;Android 5.1.1;OPPO A33 Build/LMY47V;wv) AppleWebKit/537.36(KHTML,link Gecko) Version/4.0 Chrome/42.0.2311.138 Mobile Safari/537.36 Mb2345Browser/9.0" "wpfront-notification-bar-landingpage=1"
217.76.130.90 - - [24/Nov/2019:18:45:43 +0100] "POST /wp-cron.php?doing_wp_cron=1574617543.5390870571136474609375 HTTP/1.1" 200 164 "http://amazingsportwear.com/wp-cron.php?doing_wp_cron=1574617543.5390870571136474609375" "WordPress/5.2.4; https://amazingsportwear.com" "-"
185.220.101.3 - - [24/Nov/2019:18:45:42 +0100] "GET / HTTP/1.1" 301 336 "-" "Mozilla/5.0 (Windows NT 10.0; Win64; x64; rv:68.0) Gecko/20100101 Firefox/68.0" "-"
185.220.101.3 - - [24/Nov/2019:18:45:56 +0100] "GET / HTTP/1.1" 200 125602 "-" "Mozilla/5.0 (Windows NT 10.0; Win64; x64; rv:68.0) Gecko/20100101 Firefox/68.0" "-"
217.76.130.90 - - [24/Nov/2019:18:46:08 +0100] "POST /wp-cron.php?doing_wp_cron=1574617568.7648079395294189453125 HTTP/1.1" 200 3389 "https://amazingsportwear.com/wp-cron.php?doing_wp_cron=1574617568.7648079395294189453125" "WordPress/5.2.4; https://amazingsportwear.com" "-"
185.220.101.3 - - [24/Nov/2019:18:46:08 +0100] "GET /?author=1 HTTP/1.1" 301 412 "-" "Mozilla/5.0 (Windows NT 10.0; Win64; x64; rv:68.0) Gecko/20100101 Firefox/68.0" "-"
18.27.197.252 - - [24/Nov/2019:18:46:12 +0100] "GET /author/emarketing2/ HTTP/1.1" 200 64311 "-" "Mozilla/5.0 (Windows NT 10.0; Win64; x64; rv:68.0) Gecko/20100101 Firefox/68.0" "-"
18.27.197.252 - - [24/Nov/2019:18:46:13 +0100] "GET /?author=2 HTTP/1.1" 302 49889 "-" "Mozilla/5.0 (Windows NT 10.0; Win64; x64; rv:68.0) Gecko/20100101 Firefox/68.0" "-"
18.27.197.252 - - [24/Nov/2019:18:46:16 +0100] "GET /tienda/ HTTP/1.1" 200 74797 "-" "Mozilla/5.0 (Windows NT 10.0; Win64; x64; rv:68.0) Gecko/20100101 Firefox/68.0" "-"
18.27.197.252 - - [24/Nov/2019:18:46:19 +0100] "GET /?author=3 HTTP/1.1" 404 68879 "-" "Mozilla/5.0 (Windows NT 10.0; Win64; x64; rv:68.0) Gecko/20100101 Firefox/68.0" "-"
18.27.197.252 - - [24/Nov/2019:18:46:20 +0100] "GET /?author=4 HTTP/1.1" 404 68919 "-" "Mozilla/5.0 (Windows NT 10.0; Win64; x64; rv:68.0) Gecko/20100101 Firefox/68.0" "-"
18.27.197.252 - - [24/Nov/2019:18:46:22 +0100] "GET /?author=5 HTTP/1.1" 404 68884 "-" "Mozilla/5.0 (Windows NT 10.0; Win64; x64; rv:68.0) Gecko/20100101 Firefox/68.0" "-"
18.27.197.252 - - [24/Nov/2019:18:46:23 +0100] "GET /?author=6 HTTP/1.1" 404 68899 "-" "Mozilla/5.0 (Windows NT 10.0; Win64; x64; rv:68.0) Gecko/20100101 Firefox/68.0" "-"
18.27.197.252 - - [24/Nov/2019:18:46:24 +0100] "GET /?author=7 HTTP/1.1" 404 68909 "-" "Mozilla/5.0 (Windows NT 10.0; Win64; x64; rv:68.0) Gecko/20100101 Firefox/68.0" "-"
18.27.197.252 - - [24/Nov/2019:18:46:26 +0100] "GET /?author=8 HTTP/1.1" 404 68874 "-" "Mozilla/5.0 (Windows NT 10.0; Win64; x64; rv:68.0) Gecko/20100101 Firefox/68.0" "-"
18.27.197.252 - - [24/Nov/2019:18:46:27 +0100] "GET /?author=9 HTTP/1.1" 404 68884 "-" "Mozilla/5.0 (Windows NT 10.0; Win64; x64; rv:68.0) Gecko/20100101 Firefox/68.0" "-"
18.27.197.252 - - [24/Nov/2019:18:46:29 +0100] "GET /?author=10 HTTP/1.1" 404 68881 "-" "Mozilla/5.0 (Windows NT 10.0; Win64; x64; rv:68.0) Gecko/20100101 Firefox/68.0" "-"
18.27.197.252 - - [24/Nov/2019:18:46:30 +0100] "GET /wp-json/wp/v2/users/1 HTTP/1.1" 200 1300 "-" "Mozilla/5.0 (Windows NT 10.0; Win64; x64; rv:68.0) Gecko/20100101 Firefox/68.0" "-"
18.27.197.252 - - [24/Nov/2019:18:46:32 +0100] "GET /wp-json/wp/v2/users/2 HTTP/1.1" 401 801 "-" "Mozilla/5.0 (Windows NT 10.0; Win64; x64; rv:68.0) Gecko/20100101 Firefox/68.0" "-"
18.27.197.252 - - [24/Nov/2019:18:46:33 +0100] "GET /wp-json/wp/v2/users/3 HTTP/1.1" 404 775 "-" "Mozilla/5.0 (Windows NT 10.0; Win64; x64; rv:68.0) Gecko/20100101 Firefox/68.0" "-"
18.27.197.252 - - [24/Nov/2019:18:46:34 +0100] "GET /wp-json/wp/v2/users/4 HTTP/1.1" 404 775 "-" "Mozilla/5.0 (Windows NT 10.0; Win64; x64; rv:68.0) Gecko/20100101 Firefox/68.0" "-"
18.27.197.252 - - [24/Nov/2019:18:46:35 +0100] "GET /wp-json/wp/v2/users/5 HTTP/1.1" 404 775 "-" "Mozilla/5.0 (Windows NT 10.0; Win64; x64; rv:68.0) Gecko/20100101 Firefox/68.0" "-"
18.27.197.252 - - [24/Nov/2019:18:46:36 +0100] "GET /wp-json/wp/v2/users/6 HTTP/1.1" 404 775 "-" "Mozilla/5.0 (Windows NT 10.0; Win64; x64; rv:68.0) Gecko/20100101 Firefox/68.0" "-"
18.27.197.252 - - [24/Nov/2019:18:46:37 +0100] "GET /wp-json/wp/v2/users/7 HTTP/1.1" 404 775 "-" "Mozilla/5.0 (Windows NT 10.0; Win64; x64; rv:68.0) Gecko/20100101 Firefox/68.0" "-"
18.27.197.252 - - [24/Nov/2019:18:46:39 +0100] "GET /wp-json/wp/v2/users/8 HTTP/1.1" 404 775 "-" "Mozilla/5.0 (Windows NT 10.0; Win64; x64; rv:68.0) Gecko/20100101 Firefox/68.0" "-"
18.27.197.252 - - [24/Nov/2019:18:46:40 +0100] "GET /wp-json/wp/v2/users/9 HTTP/1.1" 404 738 "-" "Mozilla/5.0 (Windows NT 10.0; Win64; x64; rv:68.0) Gecko/20100101 Firefox/68.0" "-"
217.76.130.90 - - [24/Nov/2019:18:47:26 +0100] "POST /wp-cron.php?doing_wp_cron=1574617646.3059749603271484375000 HTTP/1.1" 200 3389 "https://amazingsportwear.com/wp-cron.php?doing_wp_cron=1574617646.3059749603271484375000" "WordPress/5.2.4; https://amazingsportwear.com" "-"
185.220.101.27 - - [24/Nov/2019:18:47:25 +0100] "GET /wp-json/wp/v2/users/10 HTTP/1.1" 404 3943 "-" "Mozilla/5.0 (Windows NT 10.0; Win64; x64; rv:68.0) Gecko/20100101 Firefox/68.0" "-"
217.76.130.90 - - [24/Nov/2019:18:51:13 +0100] "POST /wp-cron.php?doing_wp_cron=1574617873.0403809547424316406250 HTTP/1.1" 200 3389 "https://amazingsportwear.com/wp-cron.php?doing_wp_cron=1574617873.0403809547424316406250" "WordPress/5.2.4; https://amazingsportwear.com" "-"
66.249.66.66 - - [24/Nov/2019:18:51:12 +0100] "GET /producto/camiseta-tecnica-maurice/ HTTP/1.1" 200 103176 "-" "Mozilla/5.0 (compatible; Googlebot/2.1; +http://www.google.com/bot.html)" "-"
217.76.130.90 - - [24/Nov/2019:18:52:29 +0100] "POST /wp-cron.php?doing_wp_cron=1574617949.4573700428009033203125 HTTP/1.1" 200 3389 "https://amazingsportwear.com/wp-cron.php?doing_wp_cron=1574617949.4573700428009033203125" "WordPress/5.2.4; https://amazingsportwear.com" "-"
66.249.66.70 - - [24/Nov/2019:18:52:28 +0100] "GET /producto/maillot-manga-corta-2/ HTTP/1.1" 200 76044 "-" "Mozilla/5.0 (Linux; Android 6.0.1; Nexus 5X Build/MMB29P) AppleWebKit/537.36 (KHTML, like Gecko) Chrome/41.0.2272.96 Mobile Safari/537.36 (compatible; Googlebot/2.1; +http://www.google.com/bot.html)" "-"
66.249.66.66 - - [24/Nov/2019:18:52:54 +0100] "POST /?wc-ajax=get_refreshed_fragments HTTP/1.1" 200 4760 "https://amazingsportwear.com/producto/maillot-manga-corta-2/" "Mozilla/5.0 (Linux; Android 6.0.1; Nexus 5X Build/MMB29P) AppleWebKit/537.36 (KHTML, like Gecko) Chrome/41.0.2272.96 Mobile Safari/537.36 (compatible; Googlebot/2.1; +http://www.google.com/bot.html)" "_ga=GA1.2.1884029788.1574553600; _gid=GA1.2.969013651.1574553600; _gat_gtag_UA_91619287_1=1"
217.76.130.90 - - [24/Nov/2019:18:57:57 +0100] "POST /wp-cron.php?doing_wp_cron=1574618277.8060278892517089843750 HTTP/1.1" 200 3389 "https://amazingsportwear.com/wp-cron.php?doing_wp_cron=1574618277.8060278892517089843750" "WordPress/5.2.4; https://amazingsportwear.com" "-"
66.249.66.70 - - [24/Nov/2019:18:57:55 +0100] "GET /producto/camiseta-tecnica-nath-combi/ HTTP/1.1" 200 107742 "-" "Mozilla/5.0 (compatible; Googlebot/2.1; +http://www.google.com/bot.html)" "-"
66.249.66.66 - - [24/Nov/2019:18:58:01 +0100] "POST /?wc-ajax=get_refreshed_fragments HTTP/1.1" 200 4760 "https://amazingsportwear.com/producto/camiseta-tecnica-nath-combi/" "Mozilla/5.0 AppleWebKit/537.36 (KHTML, like Gecko; compatible; Googlebot/2.1; +http://www.google.com/bot.html) Safari/537.36" "_ga=GA1.2.931330593.1574553600; _gid=GA1.2.2074753562.1574553600; _gat_gtag_UA_91619287_1=1"
217.76.130.90 - - [24/Nov/2019:18:58:19 +0100] "POST /wp-cron.php?doing_wp_cron=1574618299.6146519184112548828125 HTTP/1.1" 200 3389 "https://amazingsportwear.com/wp-cron.php?doing_wp_cron=1574618299.6146519184112548828125" "WordPress/5.2.4; https://amazingsportwear.com" "-"
112.64.53.40 - - [24/Nov/2019:18:58:19 +0100] "GET /producto/gorra-five HTTP/1.1" 301 3543 "-" "Mozilla/5.0(Linux;Android 5.1.1;OPPO A33 Build/LMY47V;wv) AppleWebKit/537.36(KHTML,link Gecko) Version/4.0 Chrome/42.0.2311.138 Mobile Safari/537.36 Mb2345Browser/9.0" "-"
112.64.53.40 - - [24/Nov/2019:18:58:24 +0100] "GET /producto/gorra-five/ HTTP/1.1" 200 97595 "-" "Mozilla/5.0(Linux;Android 5.1.1;OPPO A33 Build/LMY47V;wv) AppleWebKit/537.36(KHTML,link Gecko) Version/4.0 Chrome/42.0.2311.138 Mobile Safari/537.36 Mb2345Browser/9.0" "wpfront-notification-bar-landingpage=1"
111.203.186.206 - - [24/Nov/2019:18:58:41 +0100] "GET /wp-content/uploads/2019/03/AQ-EPIC-1.png HTTP/1.1" 200 120744 "-" "Mozilla/5.0(Linux;Android 5.1.1;OPPO A33 Build/LMY47V;wv) AppleWebKit/537.36(KHTML,link Gecko) Version/4.0 Chrome/43.0.2357.121 Mobile Safari/537.36 LieBaoFast/4.51.3" "-"
217.76.130.90 - - [24/Nov/2019:18:59:06 +0100] "POST /wp-cron.php?doing_wp_cron=1574618346.2371389865875244140625 HTTP/1.1" 200 3389 "https://amazingsportwear.com/wp-cron.php?doing_wp_cron=1574618346.2371389865875244140625" "WordPress/5.2.4; https://amazingsportwear.com" "-"
115.151.19.95 - - [24/Nov/2019:18:59:05 +0100] "GET /producto/camiseta-manga-corta-futbol-5?add-to-cart=18686 HTTP/1.1" 301 4821 "-" "Mozilla/5.0(Linux;U;Android 5.1.1;zh-CN;OPPO A33 Build/LMY47V) AppleWebKit/537.36(KHTML,like Gecko) Version/4.0 Chrome/40.0.2214.89 UCBrowser/11.7.0.953 Mobile Safari/537.36" "-"
115.151.19.95 - - [24/Nov/2019:18:59:09 +0100] "GET /producto/camiseta-manga-corta-futbol-5/?add-to-cart=18686 HTTP/1.1" 200 77903 "-" "Mozilla/5.0(Linux;U;Android 5.1.1;zh-CN;OPPO A33 Build/LMY47V) AppleWebKit/537.36(KHTML,like Gecko) Version/4.0 Chrome/40.0.2214.89 UCBrowser/11.7.0.953 Mobile Safari/537.36" "woocommerce_cart_hash=3db2afe3bce99d26c0802845928236e8; woocommerce_items_in_cart=1; wp_woocommerce_session_fb86dbb0e6335d960ea3e94e06b25287=d973dab7a431eacd3f8e11129a93ba18%7C%7C1574791146%7C%7C1574787546%7C%7C23c02a5e2d9423e517a3be5edc392597; wpfront-notification-bar-landingpage=1"
217.76.130.90 - - [24/Nov/2019:19:01:53 +0100] "POST /wp-cron.php?doing_wp_cron=1574618513.4442479610443115234375 HTTP/1.1" 200 3389 "https://amazingsportwear.com/wp-cron.php?doing_wp_cron=1574618513.4442479610443115234375" "WordPress/5.2.4; https://amazingsportwear.com" "-"
220.180.4.52 - - [24/Nov/2019:19:01:51 +0100] "GET /etiqueta-producto/kit-primeros-auxilios HTTP/1.1" 301 3563 "-" "Mozilla/5.0(Linux;U;Android 5.1.1;zh-CN;OPPO A33 Build/LMY47V) AppleWebKit/537.36(KHTML,like Gecko) Version/4.0 Chrome/40.0.2214.89 UCBrowser/11.7.0.953 Mobile Safari/537.36" "-"
217.76.130.90 - - [24/Nov/2019:19:02:05 +0100] "POST /wp-cron.php?doing_wp_cron=1574618525.0861310958862304687500 HTTP/1.1" 200 3389 "https://amazingsportwear.com/wp-cron.php?doing_wp_cron=1574618525.0861310958862304687500" "WordPress/5.2.4; https://amazingsportwear.com" "-"
122.188.53.40 - - [24/Nov/2019:19:02:04 +0100] "GET /etiqueta-producto/kit-emergencia HTTP/1.1" 301 3556 "-" "Mozilla/5.0 (Linux; Android 7.0; FRD-AL00 Build/HUAWEIFRD-AL00; wv) AppleWebKit/537.36 (KHTML, like Gecko) Version/4.0 Chrome/53.0.2785.49 Mobile MQQBrowser/6.2 TBS/043602 Safari/537.36 MicroMessenger/6.5.16.1120 NetType/WIFI Language/zh_CN" "-"
122.188.53.40 - - [24/Nov/2019:19:02:13 +0100] "GET /etiqueta-producto/kit-emergencia/ HTTP/1.1" 200 55719 "-" "Mozilla/5.0 (Linux; Android 7.0; FRD-AL00 Build/HUAWEIFRD-AL00; wv) AppleWebKit/537.36 (KHTML, like Gecko) Version/4.0 Chrome/53.0.2785.49 Mobile MQQBrowser/6.2 TBS/043602 Safari/537.36 MicroMessenger/6.5.16.1120 NetType/WIFI Language/zh_CN" "wpfront-notification-bar-landingpage=1"
220.180.4.52 - - [24/Nov/2019:19:02:06 +0100] "GET /etiqueta-producto/kit-primeros-auxilios/ HTTP/1.1" 200 55747 "-" "Mozilla/5.0(Linux;U;Android 5.1.1;zh-CN;OPPO A33 Build/LMY47V) AppleWebKit/537.36(KHTML,like Gecko) Version/4.0 Chrome/40.0.2214.89 UCBrowser/11.7.0.953 Mobile Safari/537.36" "wpfront-notification-bar-landingpage=1"
106.57.150.28 - - [24/Nov/2019:19:02:26 +0100] "GET /producto/camiseta-tecnica-tirantes-shura-sa-0349 HTTP/1.1" 301 3572 "-" "Mozilla/5.0(Linux;U;Android 5.1.1;zh-CN;OPPO A33 Build/LMY47V) AppleWebKit/537.36(KHTML,like Gecko) Version/4.0 Chrome/40.0.2214.89 UCBrowser/11.7.0.953 Mobile Safari/537.36" "-"
106.57.150.28 - - [24/Nov/2019:19:02:31 +0100] "GET /producto/camiseta-tecnica-tirantes-shura-sa-0349/ HTTP/1.1" 200 109973 "-" "Mozilla/5.0(Linux;U;Android 5.1.1;zh-CN;OPPO A33 Build/LMY47V) AppleWebKit/537.36(KHTML,like Gecko) Version/4.0 Chrome/40.0.2214.89 UCBrowser/11.7.0.953 Mobile Safari/537.36" "wpfront-notification-bar-landingpage=1"
217.76.130.90 - - [24/Nov/2019:19:07:57 +0100] "POST /wp-cron.php?doing_wp_cron=1574618877.7193269729614257812500 HTTP/1.1" 200 3389 "https://amazingsportwear.com/wp-cron.php?doing_wp_cron=1574618877.7193269729614257812500" "WordPress/5.2.4; https://amazingsportwear.com" "-"
157.55.39.60 - - [24/Nov/2019:19:07:55 +0100] "GET /etiqueta-producto/bidon-match/ HTTP/1.1" 200 53997 "-" "Mozilla/5.0 (compatible; bingbot/2.0; +http://www.bing.com/bingbot.htm)" "-"
217.76.130.90 - - [24/Nov/2019:19:11:58 +0100] "POST /wp-cron.php?doing_wp_cron=1574619118.6208779811859130859375 HTTP/1.1" 200 3389 "https://amazingsportwear.com/wp-cron.php?doing_wp_cron=1574619118.6208779811859130859375" "WordPress/5.2.4; https://amazingsportwear.com" "-"
66.249.66.66 - - [24/Nov/2019:19:11:56 +0100] "GET /producto/cordon-gafas-de-sol-pf-10041102/ HTTP/1.1" 200 93965 "-" "Mozilla/5.0 (Linux; Android 6.0.1; Nexus 5X Build/MMB29P) AppleWebKit/537.36 (KHTML, like Gecko) Chrome/41.0.2272.96 Mobile Safari/537.36 (compatible; Googlebot/2.1; +http://www.google.com/bot.html)" "-"
217.76.130.90 - - [24/Nov/2019:19:35:50 +0100] "POST /wp-cron.php?doing_wp_cron=1574620550.3199219703674316406250 HTTP/1.1" 200 3389 "https://amazingsportwear.com/wp-cron.php?doing_wp_cron=1574620550.3199219703674316406250" "WordPress/5.2.4; https://amazingsportwear.com" "-"
113.103.89.90 - - [24/Nov/2019:19:35:48 +0100] "GET /etiqueta-producto/gafas-corredor HTTP/1.1" 301 3556 "-" "Mozilla/5.0 (Linux; Android 7.0; FRD-AL00 Build/HUAWEIFRD-AL00; wv) AppleWebKit/537.36 (KHTML, like Gecko) Version/4.0 Chrome/53.0.2785.49 Mobile MQQBrowser/6.2 TBS/043602 Safari/537.36 MicroMessenger/6.5.16.1120 NetType/WIFI Language/zh_CN" "-"
125.87.97.26 - - [24/Nov/2019:19:35:51 +0100] "GET /wp-content/uploads/2019/04/kit-emergencia-cerrado.png HTTP/1.1" 200 118458 "-" "Mozilla/5.0(Linux;Android 5.1.1;OPPO A33 Build/LMY47V;wv) AppleWebKit/537.36(KHTML,link Gecko) Version/4.0 Chrome/43.0.2357.121 Mobile Safari/537.36 LieBaoFast/4.51.3" "-"
113.103.89.90 - - [24/Nov/2019:19:35:54 +0100] "GET /etiqueta-producto/gafas-corredor/ HTTP/1.1" 200 53389 "-" "Mozilla/5.0 (Linux; Android 7.0; FRD-AL00 Build/HUAWEIFRD-AL00; wv) AppleWebKit/537.36 (KHTML, like Gecko) Version/4.0 Chrome/53.0.2785.49 Mobile MQQBrowser/6.2 TBS/043602 Safari/537.36 MicroMessenger/6.5.16.1120 NetType/WIFI Language/zh_CN" "wpfront-notification-bar-landingpage=1"
217.76.130.90 - - [24/Nov/2019:19:36:03 +0100] "POST /wp-cron.php?doing_wp_cron=1574620563.1278250217437744140625 HTTP/1.1" 200 3389 "https://amazingsportwear.com/wp-cron.php?doing_wp_cron=1574620563.1278250217437744140625" "WordPress/5.2.4; https://amazingsportwear.com" "-"
122.244.242.131 - - [24/Nov/2019:19:36:02 +0100] "GET /etiqueta-producto/camiseta-tecnica/page/5 HTTP/1.1" 301 3565 "-" "Mozilla/5.0(Linux;U;Android 5.1.1;zh-CN;OPPO A33 Build/LMY47V) AppleWebKit/537.36(KHTML,like Gecko) Version/4.0 Chrome/40.0.2214.89 UCBrowser/11.7.0.953 Mobile Safari/537.36" "-"
122.244.242.131 - - [24/Nov/2019:19:36:08 +0100] "GET /etiqueta-producto/camiseta-tecnica/page/5/ HTTP/1.1" 200 77064 "-" "Mozilla/5.0(Linux;U;Android 5.1.1;zh-CN;OPPO A33 Build/LMY47V) AppleWebKit/537.36(KHTML,like Gecko) Version/4.0 Chrome/40.0.2214.89 UCBrowser/11.7.0.953 Mobile Safari/537.36" "wpfront-notification-bar-landingpage=1"
112.245.193.87 - - [24/Nov/2019:19:36:36 +0100] "GET /wp-content/uploads/2019/03/spain-1.png HTTP/1.1" 200 272035 "-" "Mozilla/5.0(Linux;Android 5.1.1;OPPO A33 Build/LMY47V;wv) AppleWebKit/537.36(KHTML,link Gecko) Version/4.0 Chrome/43.0.2357.121 Mobile Safari/537.36 LieBaoFast/4.51.3" "-"
181.55.85.115 - - [24/Nov/2019:19:39:35 +0100] "GET /wp-content/uploads/2017/03/CAT-4184-naranja.jpg HTTP/1.1" 200 74446 "https://www.google.com/blank.html" "Mozilla/5.0 (Linux; Android 9; SM-A505G Build/PPR1.180610.011; wv) AppleWebKit/537.36 (KHTML, like Gecko) Version/4.0 Chrome/78.0.3904.108 Mobile Safari/537.36 GSA/10.85.11.21.arm64" "-"
217.76.130.90 - - [24/Nov/2019:19:40:56 +0100] "POST /wp-cron.php?doing_wp_cron=1574620856.9163761138916015625000 HTTP/1.1" 200 3389 "https://amazingsportwear.com/wp-cron.php?doing_wp_cron=1574620856.9163761138916015625000" "WordPress/5.2.4; https://amazingsportwear.com" "-"
66.249.66.66 - - [24/Nov/2019:19:40:56 +0100] "GET /producto/camiseta-tecnica-nath-combi/ HTTP/1.1" 200 107128 "-" "Mozilla/5.0 (compatible; Googlebot/2.1; +http://www.google.com/bot.html)" "-"
217.76.130.90 - - [24/Nov/2019:19:41:07 +0100] "POST /wp-cron.php?doing_wp_cron=1574620867.5833270549774169921875 HTTP/1.1" 200 3389 "https://amazingsportwear.com/wp-cron.php?doing_wp_cron=1574620867.5833270549774169921875" "WordPress/5.2.4; https://amazingsportwear.com" "-"
66.249.66.70 - - [24/Nov/2019:19:41:07 +0100] "POST /?wc-ajax=get_refreshed_fragments HTTP/1.1" 200 4760 "https://amazingsportwear.com/producto/camiseta-tecnica-nath-combi/" "Mozilla/5.0 AppleWebKit/537.36 (KHTML, like Gecko; compatible; Googlebot/2.1; +http://www.google.com/bot.html) Safari/537.36" "_ga=GA1.2.931330593.1574553600; _gid=GA1.2.2074753562.1574553600; _gat_gtag_UA_91619287_1=1"
47.63.23.18 - - [24/Nov/2019:19:42:01 +0100] "GET /wp-content/uploads/2019/04/toalla-absorvente-kefan-6.png HTTP/1.1" 200 90957 "https://www.google.com/" "Mozilla/5.0 (Windows NT 6.1; Win64; x64) AppleWebKit/537.36 (KHTML, like Gecko) Chrome/78.0.3904.108 Safari/537.36" "-"
47.63.23.18 - - [24/Nov/2019:19:42:01 +0100] "GET /wp-content/uploads/2019/04/toalla-absorvente-kefan-7.png HTTP/1.1" 200 88659 "https://www.google.com/" "Mozilla/5.0 (Windows NT 6.1; Win64; x64) AppleWebKit/537.36 (KHTML, like Gecko) Chrome/78.0.3904.108 Safari/537.36" "-"
217.76.130.90 - - [24/Nov/2019:19:46:02 +0100] "POST /wp-cron.php?doing_wp_cron=1574621162.8223030567169189453125 HTTP/1.1" 200 3389 "https://amazingsportwear.com/wp-cron.php?doing_wp_cron=1574621162.8223030567169189453125" "WordPress/5.2.4; https://amazingsportwear.com" "-"
110.73.160.186 - - [24/Nov/2019:19:46:01 +0100] "GET /producto/llavero-equipe HTTP/1.1" 301 3547 "-" "Mozilla/5.0 (Linux; Android 7.0; FRD-AL00 Build/HUAWEIFRD-AL00; wv) AppleWebKit/537.36 (KHTML, like Gecko) Version/4.0 Chrome/53.0.2785.49 Mobile MQQBrowser/6.2 TBS/043602 Safari/537.36 MicroMessenger/6.5.16.1120 NetType/WIFI Language/zh_CN" "-"
110.73.160.186 - - [24/Nov/2019:19:46:05 +0100] "GET /producto/llavero-equipe/ HTTP/1.1" 200 92634 "-" "Mozilla/5.0 (Linux; Android 7.0; FRD-AL00 Build/HUAWEIFRD-AL00; wv) AppleWebKit/537.36 (KHTML, like Gecko) Version/4.0 Chrome/53.0.2785.49 Mobile MQQBrowser/6.2 TBS/043602 Safari/537.36 MicroMessenger/6.5.16.1120 NetType/WIFI Language/zh_CN" "wpfront-notification-bar-landingpage=1"
217.76.130.90 - - [24/Nov/2019:19:49:23 +0100] "POST /wp-cron.php?doing_wp_cron=1574621363.5616860389709472656250 HTTP/1.1" 200 3389 "https://amazingsportwear.com/wp-cron.php?doing_wp_cron=1574621363.5616860389709472656250" "WordPress/5.2.4; https://amazingsportwear.com" "-"
66.249.66.66 - - [24/Nov/2019:19:49:22 +0100] "GET /producto/cordon-gafas-de-sol-pf-10041102/ HTTP/1.1" 200 94058 "-" "Mozilla/5.0 (Linux; Android 6.0.1; Nexus 5X Build/MMB29P) AppleWebKit/537.36 (KHTML, like Gecko) Chrome/41.0.2272.96 Mobile Safari/537.36 (compatible; Googlebot/2.1; +http://www.google.com/bot.html)" "-"
217.76.130.90 - - [24/Nov/2019:20:02:15 +0100] "POST /wp-cron.php?doing_wp_cron=1574622135.1271679401397705078125 HTTP/1.1" 200 3389 "https://amazingsportwear.com/wp-cron.php?doing_wp_cron=1574622135.1271679401397705078125" "WordPress/5.2.4; https://amazingsportwear.com" "-"
117.92.28.146 - - [24/Nov/2019:20:02:13 +0100] "GET /categoria-producto/mujer/page/3 HTTP/1.1" 301 3555 "-" "Mozilla/5.0(Linux;U;Android 5.1.1;zh-CN;OPPO A33 Build/LMY47V) AppleWebKit/537.36(KHTML,like Gecko) Version/4.0 Chrome/40.0.2214.89 UCBrowser/11.7.0.953 Mobile Safari/537.36" "-"
110.52.224.206 - - [24/Nov/2019:20:02:36 +0100] "GET /producto/camiseta-tecnica-epic HTTP/1.1" 301 3554 "-" "Mozilla/5.0 (Linux; Android 7.0; FRD-AL00 Build/HUAWEIFRD-AL00; wv) AppleWebKit/537.36 (KHTML, like Gecko) Version/4.0 Chrome/53.0.2785.49 Mobile MQQBrowser/6.2 TBS/043602 Safari/537.36 MicroMessenger/6.5.16.1120 NetType/WIFI Language/zh_CN" "-"
110.52.224.206 - - [24/Nov/2019:20:02:39 +0100] "GET /producto/camiseta-tecnica-epic/ HTTP/1.1" 200 97922 "-" "Mozilla/5.0 (Linux; Android 7.0; FRD-AL00 Build/HUAWEIFRD-AL00; wv) AppleWebKit/537.36 (KHTML, like Gecko) Version/4.0 Chrome/53.0.2785.49 Mobile MQQBrowser/6.2 TBS/043602 Safari/537.36 MicroMessenger/6.5.16.1120 NetType/WIFI Language/zh_CN" "wpfront-notification-bar-landingpage=1"
223.247.169.179 - - [24/Nov/2019:20:02:43 +0100] "GET /wp-content/uploads/2017/01/chaqueta-triatlon.jpg HTTP/1.1" 200 89834 "-" "Mozilla/5.0(Linux;Android 5.1.1;OPPO A33 Build/LMY47V;wv) AppleWebKit/537.36(KHTML,link Gecko) Version/4.0 Chrome/42.0.2311.138 Mobile Safari/537.36 Mb2345Browser/9.0" "-"
60.189.148.61 - - [24/Nov/2019:20:02:45 +0100] "GET /etiqueta-producto/rinonera-movil HTTP/1.1" 301 3556 "-" "Mozilla/5.0 (Linux; Android 7.0; FRD-AL00 Build/HUAWEIFRD-AL00; wv) AppleWebKit/537.36 (KHTML, like Gecko) Version/4.0 Chrome/53.0.2785.49 Mobile MQQBrowser/6.2 TBS/043602 Safari/537.36 MicroMessenger/6.5.16.1120 NetType/WIFI Language/zh_CN" "-"
