217.76.130.90 - - [08/Dec/2019:00:04:39 +0100] "POST /wp-cron.php?doing_wp_cron=1575759879.3893849849700927734375 HTTP/1.1" 200 3389 "https://amazingsportwear.com/wp-cron.php?doing_wp_cron=1575759879.3893849849700927734375" "WordPress/5.2.4; https://amazingsportwear.com" "-"
66.249.64.146 - - [08/Dec/2019:00:04:34 +0100] "GET /producto/gorra-five/ HTTP/1.1" 200 97760 "-" "Mozilla/5.0 (Linux; Android 6.0.1; Nexus 5X Build/MMB29P) AppleWebKit/537.36 (KHTML, like Gecko) Chrome/41.0.2272.96 Mobile Safari/537.36 (compatible; Googlebot/2.1; +http://www.google.com/bot.html)" "-"
217.76.130.90 - - [08/Dec/2019:00:05:57 +0100] "POST /wp-cron.php?doing_wp_cron=1575759957.1160058975219726562500 HTTP/1.1" 200 164 "http://amazingsportwear.com/wp-cron.php?doing_wp_cron=1575759957.1160058975219726562500" "WordPress/5.2.4; https://amazingsportwear.com" "-"
37.187.72.67 - - [08/Dec/2019:00:05:56 +0100] "GET /index.php?xxxxxxxxxxxx_loads=true HTTP/1.1" 301 322 "amazingsportwear.com" "Mozilla/5.1 (Windows NT 6.0; WOW64) AppleWebKit/533.36 (KHTML, like Gecko) Chrome/46.0.2754.75 Safari/533.36" "-"
37.187.72.67 - - [08/Dec/2019:00:05:57 +0100] "GET /?xxxxxxxxxxxx_loads=true HTTP/1.1" 200 124146 "amazingsportwear.com" "Mozilla/5.1 (Windows NT 6.0; WOW64) AppleWebKit/533.36 (KHTML, like Gecko) Chrome/46.0.2754.75 Safari/533.36" "-"
217.76.130.90 - - [08/Dec/2019:00:07:22 +0100] "POST /wp-cron.php?doing_wp_cron=1575760042.3071050643920898437500 HTTP/1.1" 200 3389 "https://amazingsportwear.com/wp-cron.php?doing_wp_cron=1575760042.3071050643920898437500" "WordPress/5.2.4; https://amazingsportwear.com" "-"
157.55.39.136 - - [08/Dec/2019:00:07:21 +0100] "GET /producto/camiseta-tecnica-manga-larga-dream-eny-dream-ml/ HTTP/1.1" 200 97088 "-" "Mozilla/5.0 (compatible; bingbot/2.0; +http://www.bing.com/bingbot.htm)" "-"
217.76.130.90 - - [08/Dec/2019:00:08:23 +0100] "POST /wp-cron.php?doing_wp_cron=1575760102.9506349563598632812500 HTTP/1.1" 200 3389 "https://amazingsportwear.com/wp-cron.php?doing_wp_cron=1575760102.9506349563598632812500" "WordPress/5.2.4; https://amazingsportwear.com" "-"
66.249.64.148 - - [08/Dec/2019:00:08:22 +0100] "GET /producto/braga-cuello-asw-c07/ HTTP/1.1" 200 96849 "-" "Mozilla/5.0 (Linux; Android 6.0.1; Nexus 5X Build/MMB29P) AppleWebKit/537.36 (KHTML, like Gecko) Chrome/41.0.2272.96 Mobile Safari/537.36 (compatible; Googlebot/2.1; +http://www.google.com/bot.html)" "-"
66.249.64.146 - - [08/Dec/2019:00:08:28 +0100] "GET /producto/braga-cuello-asw-c07/ HTTP/1.1" 200 96905 "-" "Mozilla/5.0 (Linux; Android 6.0.1; Nexus 5X Build/MMB29P) AppleWebKit/537.36 (KHTML, like Gecko) Chrome/41.0.2272.96 Mobile Safari/537.36 (compatible; Googlebot/2.1; +http://www.google.com/bot.html)" "-"
217.76.130.90 - - [08/Dec/2019:00:11:00 +0100] "POST /wp-cron.php?doing_wp_cron=1575760260.6115210056304931640625 HTTP/1.1" 200 3389 "https://amazingsportwear.com/wp-cron.php?doing_wp_cron=1575760260.6115210056304931640625" "WordPress/5.2.4; https://amazingsportwear.com" "-"
207.46.13.55 - - [08/Dec/2019:00:10:59 +0100] "GET /producto/bolsa-tinsul/ HTTP/1.1" 200 77585 "-" "Mozilla/5.0 (compatible; bingbot/2.0; +http://www.bing.com/bingbot.htm)" "-"
217.76.130.90 - - [08/Dec/2019:00:12:30 +0100] "POST /wp-cron.php?doing_wp_cron=1575760350.1835820674896240234375 HTTP/1.1" 200 3389 "https://amazingsportwear.com/wp-cron.php?doing_wp_cron=1575760350.1835820674896240234375" "WordPress/5.2.4; https://amazingsportwear.com" "-"
207.46.13.184 - - [08/Dec/2019:00:12:29 +0100] "GET /tienda/176-pantalon-mujer-rocky-nath-rocky.html HTTP/1.1" 404 72324 "-" "Mozilla/5.0 (compatible; bingbot/2.0; +http://www.bing.com/bingbot.htm)" "-"
207.46.13.184 - - [08/Dec/2019:00:12:32 +0100] "GET /tienda/105-camiseta-tecnica-bandera-cat-3581.html HTTP/1.1" 404 68104 "-" "Mozilla/5.0 (iPhone; CPU iPhone OS 7_0 like Mac OS X) AppleWebKit/537.51.1 (KHTML, like Gecko) Version/7.0 Mobile/11A465 Safari/9537.53 (compatible; bingbot/2.0; +http://www.bing.com/bingbot.htm)" "-"
217.76.130.90 - - [08/Dec/2019:00:18:07 +0100] "POST /wp-cron.php?doing_wp_cron=1575760686.9969770908355712890625 HTTP/1.1" 200 3389 "https://amazingsportwear.com/wp-cron.php?doing_wp_cron=1575760686.9969770908355712890625" "WordPress/5.2.4; https://amazingsportwear.com" "-"
66.249.64.146 - - [08/Dec/2019:00:18:06 +0100] "GET /author/emarketing2/ HTTP/1.1" 200 64516 "-" "Mozilla/5.0 (compatible; Googlebot/2.1; +http://www.google.com/bot.html)" "-"
217.76.130.90 - - [08/Dec/2019:00:19:27 +0100] "POST /wp-cron.php?doing_wp_cron=1575760767.7980620861053466796875 HTTP/1.1" 200 3389 "https://amazingsportwear.com/wp-cron.php?doing_wp_cron=1575760767.7980620861053466796875" "WordPress/5.2.4; https://amazingsportwear.com" "-"
66.249.64.148 - - [08/Dec/2019:00:19:27 +0100] "GET /producto/camiseta-basket-sin-costadillos/ HTTP/1.1" 200 94556 "-" "Mozilla/5.0 (compatible; Googlebot/2.1; +http://www.google.com/bot.html)" "-"
217.76.130.90 - - [08/Dec/2019:00:20:06 +0100] "POST /wp-cron.php?doing_wp_cron=1575760806.8446960449218750000000 HTTP/1.1" 200 3389 "https://amazingsportwear.com/wp-cron.php?doing_wp_cron=1575760806.8446960449218750000000" "WordPress/5.2.4; https://amazingsportwear.com" "-"
66.249.64.146 - - [08/Dec/2019:00:20:06 +0100] "GET /producto/camiseta-tecnic-rox-nino-cat-5249/ HTTP/1.1" 200 105966 "-" "Mozilla/5.0 (Linux; Android 6.0.1; Nexus 5X Build/MMB29P) AppleWebKit/537.36 (KHTML, like Gecko) Chrome/41.0.2272.96 Mobile Safari/537.36 (compatible; Googlebot/2.1; +http://www.google.com/bot.html)" "-"
189.168.49.251 - - [08/Dec/2019:00:29:35 +0100] "GET /wp-content/uploads/2019/04/Gorra-sport-6.png HTTP/1.1" 200 44623 "https://www.google.com.mx/" "Mozilla/5.0 (Windows NT 6.1) AppleWebKit/537.36 (KHTML, like Gecko) Chrome/78.0.3904.108 Safari/537.36" "-"
189.240.201.66 - - [08/Dec/2019:00:34:30 +0100] "GET /wp-content/uploads/2019/04/Gorra-sport-11.png HTTP/1.1" 200 131116 "https://www.google.com/" "Mozilla/5.0 (Windows NT 10.0; Win64; x64) AppleWebKit/537.36 (KHTML, like Gecko) Chrome/78.0.3904.108 Safari/537.36" "-"
157.55.39.136 - - [08/Dec/2019:00:34:47 +0100] "GET /wp-content/uploads/2019/04/Llavero-triumph-1.png HTTP/1.1" 200 33202 "-" "Mozilla/5.0 (compatible; bingbot/2.0; +http://www.bing.com/bingbot.htm)" "-"
217.76.130.90 - - [08/Dec/2019:00:35:15 +0100] "POST /wp-cron.php?doing_wp_cron=1575761715.6737279891967773437500 HTTP/1.1" 200 3389 "https://amazingsportwear.com/wp-cron.php?doing_wp_cron=1575761715.6737279891967773437500" "WordPress/5.2.4; https://amazingsportwear.com" "-"
66.249.64.148 - - [08/Dec/2019:00:35:12 +0100] "GET /producto/rinonera-elastica-dorsal-cif-g221/ HTTP/1.1" 200 95651 "-" "Mozilla/5.0 (compatible; Googlebot/2.1; +http://www.google.com/bot.html)" "-"
217.76.130.90 - - [08/Dec/2019:00:40:26 +0100] "POST /wp-cron.php?doing_wp_cron=1575762025.9037261009216308593750 HTTP/1.1" 200 3389 "https://amazingsportwear.com/wp-cron.php?doing_wp_cron=1575762025.9037261009216308593750" "WordPress/5.2.4; https://amazingsportwear.com" "-"
66.249.64.146 - - [08/Dec/2019:00:40:25 +0100] "GET /politica-de-privacidad-rgpd-2018/ HTTP/1.1" 200 75429 "-" "Mozilla/5.0 (Linux; Android 6.0.1; Nexus 5X Build/MMB29P) AppleWebKit/537.36 (KHTML, like Gecko) Chrome/41.0.2272.96 Mobile Safari/537.36 (compatible; Googlebot/2.1; +http://www.google.com/bot.html)" "-"
217.76.130.90 - - [08/Dec/2019:00:41:38 +0100] "POST /wp-cron.php?doing_wp_cron=1575762098.7385900020599365234375 HTTP/1.1" 200 3389 "https://amazingsportwear.com/wp-cron.php?doing_wp_cron=1575762098.7385900020599365234375" "WordPress/5.2.4; https://amazingsportwear.com" "-"
66.249.64.148 - - [08/Dec/2019:00:41:38 +0100] "GET /politica-de-calidad/ HTTP/1.1" 200 57963 "-" "Mozilla/5.0 (Linux; Android 6.0.1; Nexus 5X Build/MMB29P) AppleWebKit/537.36 (KHTML, like Gecko) Chrome/41.0.2272.96 Mobile Safari/537.36 (compatible; Googlebot/2.1; +http://www.google.com/bot.html)" "-"
217.76.130.90 - - [08/Dec/2019:00:45:53 +0100] "POST /wp-cron.php?doing_wp_cron=1575762353.1148869991302490234375 HTTP/1.1" 200 3389 "https://amazingsportwear.com/wp-cron.php?doing_wp_cron=1575762353.1148869991302490234375" "WordPress/5.2.4; https://amazingsportwear.com" "-"
66.249.64.144 - - [08/Dec/2019:00:45:52 +0100] "GET /etiqueta-producto/cordon-gafas-de-sol/ HTTP/1.1" 200 54119 "-" "Mozilla/5.0 (Linux; Android 6.0.1; Nexus 5X Build/MMB29P) AppleWebKit/537.36 (KHTML, like Gecko) Chrome/41.0.2272.96 Mobile Safari/537.36 (compatible; Googlebot/2.1; +http://www.google.com/bot.html)" "-"
217.76.130.90 - - [08/Dec/2019:00:46:50 +0100] "POST /wp-cron.php?doing_wp_cron=1575762410.1656959056854248046875 HTTP/1.1" 200 3389 "https://amazingsportwear.com/wp-cron.php?doing_wp_cron=1575762410.1656959056854248046875" "WordPress/5.2.4; https://amazingsportwear.com" "-"
66.249.64.148 - - [08/Dec/2019:00:46:49 +0100] "GET /producto/camiseta-tecnica-boomer-aq-jaguar/ HTTP/1.1" 200 105711 "-" "Mozilla/5.0 (compatible; Googlebot/2.1; +http://www.google.com/bot.html)" "-"
217.76.130.90 - - [08/Dec/2019:00:58:06 +0100] "POST /wp-cron.php?doing_wp_cron=1575763086.5706028938293457031250 HTTP/1.1" 200 3389 "https://amazingsportwear.com/wp-cron.php?doing_wp_cron=1575763086.5706028938293457031250" "WordPress/5.2.4; https://amazingsportwear.com" "-"
157.55.39.31 - - [08/Dec/2019:00:58:05 +0100] "GET /robots.txt HTTP/1.1" 200 2297 "-" "Mozilla/5.0 (compatible; bingbot/2.0; +http://www.bing.com/bingbot.htm)" "-"
157.55.39.31 - - [08/Dec/2019:00:58:07 +0100] "GET /robots.txt HTTP/1.1" 200 3939 "-" "Mozilla/5.0 (compatible; bingbot/2.0; +http://www.bing.com/bingbot.htm)" "-"
207.46.13.184 - - [08/Dec/2019:00:58:39 +0100] "GET /producto/lavero-triumph/ HTTP/1.1" 200 94157 "-" "Mozilla/5.0 (compatible; bingbot/2.0; +http://www.bing.com/bingbot.htm)" "-"
177.228.69.161 - - [08/Dec/2019:01:02:29 +0100] "GET /wp-content/uploads/2019/04/Llavero-Metalico-Tenis-3.png HTTP/1.1" 200 46821 "https://www.google.com/" "Mozilla/5.0 (Linux; Android 8.0.0; moto g(6) play) AppleWebKit/537.36 (KHTML, like Gecko) Chrome/78.0.3904.108 Mobile Safari/537.36" "-"
88.1.70.82 - - [08/Dec/2019:01:04:27 +0100] "GET /wp-content/uploads/2018/05/cat-3164-amarillo.png HTTP/1.1" 200 124806 "https://www.google.com/" "Mozilla/5.0 (Linux; Android 9; Mi A2 Lite) AppleWebKit/537.36 (KHTML, like Gecko) Chrome/78.0.3904.108 Mobile Safari/537.36" "-"
217.76.130.90 - - [08/Dec/2019:01:05:34 +0100] "POST /wp-cron.php?doing_wp_cron=1575763534.4901239871978759765625 HTTP/1.1" 200 3389 "https://amazingsportwear.com/wp-cron.php?doing_wp_cron=1575763534.4901239871978759765625" "WordPress/5.2.4; https://amazingsportwear.com" "-"
66.249.64.148 - - [08/Dec/2019:01:05:33 +0100] "GET /producto/sudadera-capucha/ HTTP/1.1" 200 101732 "-" "Mozilla/5.0 (Linux; Android 6.0.1; Nexus 5X Build/MMB29P) AppleWebKit/537.36 (KHTML, like Gecko) Chrome/41.0.2272.96 Mobile Safari/537.36 (compatible; Googlebot/2.1; +http://www.google.com/bot.html)" "-"
66.249.64.144 - - [08/Dec/2019:01:05:48 +0100] "POST /?wc-ajax=get_refreshed_fragments HTTP/1.1" 200 4760 "https://amazingsportwear.com/producto/sudadera-capucha/" "Mozilla/5.0 (Linux; Android 6.0.1; Nexus 5X Build/MMB29P) AppleWebKit/537.36 (KHTML, like Gecko) Chrome/41.0.2272.96 Mobile Safari/537.36 (compatible; Googlebot/2.1; +http://www.google.com/bot.html)" "_ga=GA1.2.969013651.1575763200; _gid=GA1.2.1978218920.1575763200; _gat_gtag_UA_91619287_1=1"
217.76.130.90 - - [08/Dec/2019:01:07:03 +0100] "POST /wp-cron.php?doing_wp_cron=1575763623.5378808975219726562500 HTTP/1.1" 200 3389 "https://amazingsportwear.com/wp-cron.php?doing_wp_cron=1575763623.5378808975219726562500" "WordPress/5.2.4; https://amazingsportwear.com" "-"
66.249.64.144 - - [08/Dec/2019:01:07:01 +0100] "GET /etiqueta-producto/cordon-gafas-de-sol/ HTTP/1.1" 200 54079 "-" "Mozilla/5.0 (Linux; Android 6.0.1; Nexus 5X Build/MMB29P) AppleWebKit/537.36 (KHTML, like Gecko) Chrome/41.0.2272.96 Mobile Safari/537.36 (compatible; Googlebot/2.1; +http://www.google.com/bot.html)" "-"
66.249.64.146 - - [08/Dec/2019:01:07:10 +0100] "POST /?wc-ajax=get_refreshed_fragments HTTP/1.1" 200 4760 "https://amazingsportwear.com/etiqueta-producto/cordon-gafas-de-sol/" "Mozilla/5.0 (Linux; Android 6.0.1; Nexus 5X Build/MMB29P) AppleWebKit/537.36 (KHTML, like Gecko) Chrome/41.0.2272.96 Mobile Safari/537.36 (compatible; Googlebot/2.1; +http://www.google.com/bot.html)" "_ga=GA1.2.1884029788.1575763200; _gid=GA1.2.969013651.1575763200; _gat_gtag_UA_91619287_1=1"
66.249.64.144 - - [08/Dec/2019:01:07:47 +0100] "GET /etiqueta-producto/rinonera-movil/ HTTP/1.1" 200 53722 "-" "Mozilla/5.0 (Linux; Android 6.0.1; Nexus 5X Build/MMB29P) AppleWebKit/537.36 (KHTML, like Gecko) Chrome/41.0.2272.96 Mobile Safari/537.36 (compatible; Googlebot/2.1; +http://www.google.com/bot.html)" "-"
66.249.64.144 - - [08/Dec/2019:01:07:56 +0100] "POST /?wc-ajax=get_refreshed_fragments HTTP/1.1" 200 1397 "https://amazingsportwear.com/etiqueta-producto/rinonera-movil/" "Mozilla/5.0 (Linux; Android 6.0.1; Nexus 5X Build/MMB29P) AppleWebKit/537.36 (KHTML, like Gecko) Chrome/41.0.2272.96 Mobile Safari/537.36 (compatible; Googlebot/2.1; +http://www.google.com/bot.html)" "_ga=GA1.2.1884029788.1575763200; _gid=GA1.2.969013651.1575763200; _gat_gtag_UA_91619287_1=1"
217.76.130.90 - - [08/Dec/2019:01:15:05 +0100] "POST /wp-cron.php?doing_wp_cron=1575764104.9229030609130859375000 HTTP/1.1" 200 3389 "https://amazingsportwear.com/wp-cron.php?doing_wp_cron=1575764104.9229030609130859375000" "WordPress/5.2.4; https://amazingsportwear.com" "-"
66.249.64.144 - - [08/Dec/2019:01:15:04 +0100] "GET /producto/llavero-metalico-futbol/ HTTP/1.1" 200 94444 "-" "Mozilla/5.0 (Linux; Android 6.0.1; Nexus 5X Build/MMB29P) AppleWebKit/537.36 (KHTML, like Gecko) Chrome/41.0.2272.96 Mobile Safari/537.36 (compatible; Googlebot/2.1; +http://www.google.com/bot.html)" "-"
66.249.64.146 - - [08/Dec/2019:01:15:09 +0100] "GET /wp-includes/js/jquery/ui/dialog.min.js?ver=1.11.4 HTTP/1.1" 200 15845 "https://amazingsportwear.com/producto/llavero-metalico-futbol/" "Mozilla/5.0 (Linux; Android 6.0.1; Nexus 5X Build/MMB29P) AppleWebKit/537.36 (KHTML, like Gecko) Chrome/41.0.2272.96 Mobile Safari/537.36 (compatible; Googlebot/2.1; +http://www.google.com/bot.html)" "-"
66.249.64.146 - - [08/Dec/2019:01:15:10 +0100] "POST /?wc-ajax=get_refreshed_fragments HTTP/1.1" 200 1397 "https://amazingsportwear.com/producto/llavero-metalico-futbol/" "Mozilla/5.0 (Linux; Android 6.0.1; Nexus 5X Build/MMB29P) AppleWebKit/537.36 (KHTML, like Gecko) Chrome/41.0.2272.96 Mobile Safari/537.36 (compatible; Googlebot/2.1; +http://www.google.com/bot.html)" "_ga=GA1.2.969013651.1575763200; _gid=GA1.2.1978218920.1575763200; _gat_gtag_UA_91619287_1=1"
157.55.39.238 - - [08/Dec/2019:01:15:49 +0100] "GET /producto/mochila-decath/ HTTP/1.1" 200 97392 "-" "Mozilla/5.0 (compatible; bingbot/2.0; +http://www.bing.com/bingbot.htm)" "-"
217.76.130.90 - - [08/Dec/2019:01:21:23 +0100] "POST /wp-cron.php?doing_wp_cron=1575764483.1508800983428955078125 HTTP/1.1" 200 3389 "https://amazingsportwear.com/wp-cron.php?doing_wp_cron=1575764483.1508800983428955078125" "WordPress/5.2.4; https://amazingsportwear.com" "-"
66.249.64.148 - - [08/Dec/2019:01:21:22 +0100] "GET /etiqueta-producto/decath/ HTTP/1.1" 200 53942 "-" "Mozilla/5.0 (Linux; Android 6.0.1; Nexus 5X Build/MMB29P) AppleWebKit/537.36 (KHTML, like Gecko) Chrome/41.0.2272.96 Mobile Safari/537.36 (compatible; Googlebot/2.1; +http://www.google.com/bot.html)" "-"
217.76.130.90 - - [08/Dec/2019:01:30:25 +0100] "POST /wp-cron.php?doing_wp_cron=1575765024.9794120788574218750000 HTTP/1.1" 200 3389 "https://amazingsportwear.com/wp-cron.php?doing_wp_cron=1575765024.9794120788574218750000" "WordPress/5.2.4; https://amazingsportwear.com" "-"
66.249.64.146 - - [08/Dec/2019:01:30:23 +0100] "GET /producto/bidon-vandix/ HTTP/1.1" 200 98947 "-" "Mozilla/5.0 (Linux; Android 6.0.1; Nexus 5X Build/MMB29P) AppleWebKit/537.36 (KHTML, like Gecko) Chrome/41.0.2272.96 Mobile Safari/537.36 (compatible; Googlebot/2.1; +http://www.google.com/bot.html)" "-"
66.249.64.146 - - [08/Dec/2019:01:30:42 +0100] "GET /producto/pantalon-corto-futbol-2/ HTTP/1.1" 200 92009 "-" "Mozilla/5.0 (compatible; Googlebot/2.1; +http://www.google.com/bot.html)" "-"
66.249.64.144 - - [08/Dec/2019:01:31:02 +0100] "GET /producto/pantalon-corto-futbol-2/ HTTP/1.1" 200 91933 "-" "Mozilla/5.0 (compatible; Googlebot/2.1; +http://www.google.com/bot.html)" "-"
217.76.130.90 - - [08/Dec/2019:01:31:07 +0100] "POST /wp-cron.php?doing_wp_cron=1575765067.5891649723052978515625 HTTP/1.1" 200 3389 "https://amazingsportwear.com/wp-cron.php?doing_wp_cron=1575765067.5891649723052978515625" "WordPress/5.2.4; https://amazingsportwear.com" "-"
66.249.64.144 - - [08/Dec/2019:01:31:06 +0100] "POST /?wc-ajax=get_refreshed_fragments HTTP/1.1" 200 1397 "https://amazingsportwear.com/producto/pantalon-corto-futbol-2/" "Mozilla/5.0 AppleWebKit/537.36 (KHTML, like Gecko; compatible; Googlebot/2.1; +http://www.google.com/bot.html) Safari/537.36" "_ga=GA1.2.931330593.1575763200; _gid=GA1.2.2074753562.1575763200; _gat_gtag_UA_91619287_1=1"
78.85.255.128 - - [08/Dec/2019:01:31:19 +0100] "GET /installer.php HTTP/1.1" 404 67973 "-" "Mozilla/5.0 (Windows NT 10.0; WOW64) AppleWebKit/537.36 (KHTML, like Gecko) Chrome/74.0.3729.169 Safari/537.36" "-"
200.88.232.98 - - [08/Dec/2019:01:39:17 +0100] "GET /wp-content/uploads/2019/04/gorra-dowan-4.png HTTP/1.1" 200 76783 "https://www.google.com/" "Mozilla/5.0 (Linux; Android 7.0; LG-M250 Build/NRD90U; wv) AppleWebKit/537.36 (KHTML, like Gecko) Version/4.0 Chrome/78.0.3904.96 Mobile Safari/537.36 GSA/10.84.19.21.arm" "-"
200.88.232.98 - - [08/Dec/2019:01:40:35 +0100] "GET /wp-content/uploads/2019/04/gorra-dowan-4.png HTTP/1.1" 200 76783 "https://www.google.com/" "Mozilla/5.0 (Linux; Android 7.0; LG-M250 Build/NRD90U; wv) AppleWebKit/537.36 (KHTML, like Gecko) Version/4.0 Chrome/78.0.3904.96 Mobile Safari/537.36" "-"
217.76.130.90 - - [08/Dec/2019:01:41:00 +0100] "POST /wp-cron.php?doing_wp_cron=1575765659.9897909164428710937500 HTTP/1.1" 200 164 "http://amazingsportwear.com/wp-cron.php?doing_wp_cron=1575765659.9897909164428710937500" "WordPress/5.2.4; https://amazingsportwear.com" "-"
35.232.23.240 - - [08/Dec/2019:01:40:59 +0100] "GET / HTTP/1.0" 301 265 "-" "-" "-"
35.232.23.240 - - [08/Dec/2019:01:40:59 +0100] "GET /mysql.php HTTP/1.0" 404 39424 "-" "-" "-"
35.232.23.240 - - [08/Dec/2019:01:41:00 +0100] "GET /test/adminer.php HTTP/1.0" 404 39424 "-" "-" "-"
35.232.23.240 - - [08/Dec/2019:01:41:01 +0100] "GET /adminer.php HTTP/1.0" 404 39424 "-" "-" "-"
35.232.23.240 - - [08/Dec/2019:01:41:01 +0100] "GET /dev/adminer.php HTTP/1.0" 404 39424 "-" "-" "-"
35.232.23.240 - - [08/Dec/2019:01:41:02 +0100] "GET /adminer/index.php HTTP/1.0" 301 379 "-" "-" "-"
217.76.130.90 - - [08/Dec/2019:01:41:03 +0100] "POST /wp-cron.php?doing_wp_cron=1575765663.5509788990020751953125 HTTP/1.1" 200 164 "http://amazingsportwear.com/wp-cron.php?doing_wp_cron=1575765663.5509788990020751953125" "WordPress/5.2.4; https://amazingsportwear.com" "-"
35.232.23.240 - - [08/Dec/2019:01:41:02 +0100] "GET /oc_adminer.php HTTP/1.0" 404 39424 "-" "-" "-"
35.232.23.240 - - [08/Dec/2019:01:41:03 +0100] "GET /db.php HTTP/1.0" 404 39424 "-" "-" "-"
35.232.23.240 - - [08/Dec/2019:01:41:04 +0100] "GET /miniphp.php HTTP/1.0" 404 39424 "-" "-" "-"
35.232.23.240 - - [08/Dec/2019:01:41:04 +0100] "GET /myadmin.php HTTP/1.0" 404 39424 "-" "-" "-"
35.232.23.240 - - [08/Dec/2019:01:41:05 +0100] "GET /sql.php HTTP/1.0" 404 39424 "-" "-" "-"
35.232.23.240 - - [08/Dec/2019:01:41:06 +0100] "GET /test/sql.php HTTP/1.0" 404 39424 "-" "-" "-"
35.232.23.240 - - [08/Dec/2019:01:41:06 +0100] "GET /dev/sql.php HTTP/1.0" 404 39424 "-" "-" "-"
35.232.23.240 - - [08/Dec/2019:01:41:07 +0100] "GET /sql/Adminer/adminer.php HTTP/1.0" 404 39424 "-" "-" "-"
35.232.23.240 - - [08/Dec/2019:01:41:08 +0100] "GET /php.php HTTP/1.0" 404 39424 "-" "-" "-"
35.232.23.240 - - [08/Dec/2019:01:41:08 +0100] "GET /scripts/adminer.php HTTP/1.0" 404 39424 "-" "-" "-"
35.232.23.240 - - [08/Dec/2019:01:41:09 +0100] "GET /padminer.php HTTP/1.0" 404 39424 "-" "-" "-"
35.232.23.240 - - [08/Dec/2019:01:41:10 +0100] "GET /phpadminer.php HTTP/1.0" 404 39424 "-" "-" "-"
35.232.23.240 - - [08/Dec/2019:01:41:10 +0100] "GET /_adminer.php HTTP/1.0" 404 39424 "-" "-" "-"
35.232.23.240 - - [08/Dec/2019:01:41:11 +0100] "GET /dev/_adminer.php HTTP/1.0" 404 39424 "-" "-" "-"
35.232.23.240 - - [08/Dec/2019:01:41:11 +0100] "GET /test/_adminer.php HTTP/1.0" 404 39424 "-" "-" "-"
35.232.23.240 - - [08/Dec/2019:01:41:12 +0100] "GET /~adminer.php HTTP/1.0" 404 39424 "-" "-" "-"
35.232.23.240 - - [08/Dec/2019:01:41:13 +0100] "GET /ad.php HTTP/1.0" 404 39424 "-" "-" "-"
35.232.23.240 - - [08/Dec/2019:01:41:13 +0100] "GET /adm.php HTTP/1.0" 404 39424 "-" "-" "-"
35.232.23.240 - - [08/Dec/2019:01:41:14 +0100] "GET /bd.php HTTP/1.0" 404 39424 "-" "-" "-"
35.232.23.240 - - [08/Dec/2019:01:41:15 +0100] "GET /adminer1.php HTTP/1.0" 404 39424 "-" "-" "-"
35.232.23.240 - - [08/Dec/2019:01:41:15 +0100] "GET /a.php HTTP/1.0" 404 39424 "-" "-" "-"
35.232.23.240 - - [08/Dec/2019:01:41:16 +0100] "GET /admin.php HTTP/1.0" 404 39424 "-" "-" "-"
35.232.23.240 - - [08/Dec/2019:01:41:17 +0100] "GET /pma.php HTTP/1.0" 404 39424 "-" "-" "-"
35.232.23.240 - - [08/Dec/2019:01:41:17 +0100] "GET /adminmysql.php HTTP/1.0" 404 39424 "-" "-" "-"
35.232.23.240 - - [08/Dec/2019:01:41:18 +0100] "GET /mysql-adminer.php HTTP/1.0" 404 39424 "-" "-" "-"
35.232.23.240 - - [08/Dec/2019:01:41:18 +0100] "GET /admindb.php HTTP/1.0" 404 39424 "-" "-" "-"
35.232.23.240 - - [08/Dec/2019:01:41:19 +0100] "GET /m_admin_mysql.php HTTP/1.0" 404 39424 "-" "-" "-"
35.232.23.240 - - [08/Dec/2019:01:41:20 +0100] "GET /database.php HTTP/1.0" 404 39424 "-" "-" "-"
35.232.23.240 - - [08/Dec/2019:01:41:20 +0100] "GET /phpadmin.php HTTP/1.0" 404 39424 "-" "-" "-"
35.232.23.240 - - [08/Dec/2019:01:41:21 +0100] "GET /phpmyadmin.php HTTP/1.0" 404 39424 "-" "-" "-"
35.232.23.240 - - [08/Dec/2019:01:41:22 +0100] "GET /adminer/adminer.php HTTP/1.0" 404 39424 "-" "-" "-"
35.232.23.240 - - [08/Dec/2019:01:41:22 +0100] "GET /adminer/mysql.php HTTP/1.0" 404 39424 "-" "-" "-"
35.232.23.240 - - [08/Dec/2019:01:41:23 +0100] "GET /adminer/admin.php HTTP/1.0" 404 39424 "-" "-" "-"
35.232.23.240 - - [08/Dec/2019:01:41:24 +0100] "GET /connector.php HTTP/1.0" 404 39424 "-" "-" "-"
35.232.23.240 - - [08/Dec/2019:01:41:24 +0100] "GET /bd/adminer.php HTTP/1.0" 404 39424 "-" "-" "-"
35.232.23.240 - - [08/Dec/2019:01:41:25 +0100] "GET /wp/adminer.php HTTP/1.0" 404 39424 "-" "-" "-"
35.232.23.240 - - [08/Dec/2019:01:41:26 +0100] "GET /wordpress/adminer.php HTTP/1.0" 404 39424 "-" "-" "-"
35.232.23.240 - - [08/Dec/2019:01:41:26 +0100] "GET /development/adminer.php HTTP/1.0" 404 39424 "-" "-" "-"
35.232.23.240 - - [08/Dec/2019:01:41:27 +0100] "GET /sql/adminer.php HTTP/1.0" 404 39424 "-" "-" "-"
35.232.23.240 - - [08/Dec/2019:01:41:27 +0100] "GET /store/adminer.php HTTP/1.0" 404 39424 "-" "-" "-"
35.232.23.240 - - [08/Dec/2019:01:41:28 +0100] "GET /mysql/adminer.php HTTP/1.0" 404 39424 "-" "-" "-"
35.232.23.240 - - [08/Dec/2019:01:41:29 +0100] "GET /myadmin/adminer.php HTTP/1.0" 404 39424 "-" "-" "-"
35.232.23.240 - - [08/Dec/2019:01:41:29 +0100] "GET /my.php HTTP/1.0" 404 39424 "-" "-" "-"
35.232.23.240 - - [08/Dec/2019:01:41:30 +0100] "GET /adminer_.php HTTP/1.0" 404 39424 "-" "-" "-"
35.232.23.240 - - [08/Dec/2019:01:41:31 +0100] "GET /data.php HTTP/1.0" 404 39424 "-" "-" "-"
35.232.23.240 - - [08/Dec/2019:01:41:31 +0100] "GET /adminer-4.6.2.php HTTP/1.0" 404 39424 "-" "-" "-"
35.232.23.240 - - [08/Dec/2019:01:41:32 +0100] "GET /adminer-4.6.1.php HTTP/1.0" 404 39424 "-" "-" "-"
35.232.23.240 - - [08/Dec/2019:01:41:33 +0100] "GET /adminer-4.6.0.php HTTP/1.0" 404 39424 "-" "-" "-"
35.232.23.240 - - [08/Dec/2019:01:41:33 +0100] "GET /adminer-4.5.0.php HTTP/1.0" 404 39424 "-" "-" "-"
35.232.23.240 - - [08/Dec/2019:01:41:34 +0100] "GET /adminer-4.4.0.php HTTP/1.0" 404 39424 "-" "-" "-"
35.232.23.240 - - [08/Dec/2019:01:41:34 +0100] "GET /adminer-4.3.0.php HTTP/1.0" 404 39424 "-" "-" "-"
35.232.23.240 - - [08/Dec/2019:01:41:35 +0100] "GET /adminer-4.3.1.php HTTP/1.0" 404 39424 "-" "-" "-"
35.232.23.240 - - [08/Dec/2019:01:41:36 +0100] "GET /adminer-4.2.5.php HTTP/1.0" 404 39424 "-" "-" "-"
35.232.23.240 - - [08/Dec/2019:01:41:36 +0100] "GET /adminer-4.2.3.php HTTP/1.0" 404 39424 "-" "-" "-"
35.232.23.240 - - [08/Dec/2019:01:41:37 +0100] "GET /adminer-4.2.1.php HTTP/1.0" 404 39424 "-" "-" "-"
35.232.23.240 - - [08/Dec/2019:01:41:38 +0100] "GET /adminer-4.2.2.php HTTP/1.0" 404 39424 "-" "-" "-"
35.232.23.240 - - [08/Dec/2019:01:41:38 +0100] "GET /adminer-4.2.4.php HTTP/1.0" 404 39424 "-" "-" "-"
35.232.23.240 - - [08/Dec/2019:01:41:39 +0100] "GET /adminer-4.2.0.php HTTP/1.0" 404 39424 "-" "-" "-"
35.232.23.240 - - [08/Dec/2019:01:41:40 +0100] "GET /adminer-4.1.0.php HTTP/1.0" 404 39424 "-" "-" "-"
35.232.23.240 - - [08/Dec/2019:01:41:40 +0100] "GET /adminer-4.0.2.php HTTP/1.0" 404 39424 "-" "-" "-"
35.232.23.240 - - [08/Dec/2019:01:41:41 +0100] "GET /adminer-4.0.0.php HTTP/1.0" 404 39424 "-" "-" "-"
35.232.23.240 - - [08/Dec/2019:01:41:42 +0100] "GET /adminer-4.0.3.php HTTP/1.0" 404 39424 "-" "-" "-"
35.232.23.240 - - [08/Dec/2019:01:41:42 +0100] "GET /adminer-4.0.1.php HTTP/1.0" 404 39424 "-" "-" "-"
35.232.23.240 - - [08/Dec/2019:01:41:43 +0100] "GET /adminer-3.6.3.php HTTP/1.0" 404 39424 "-" "-" "-"
35.232.23.240 - - [08/Dec/2019:01:41:43 +0100] "GET /adminer-3.7.1.php HTTP/1.0" 404 39424 "-" "-" "-"
35.232.23.240 - - [08/Dec/2019:01:41:44 +0100] "GET /adminer-3.7.0.php HTTP/1.0" 404 39424 "-" "-" "-"
35.232.23.240 - - [08/Dec/2019:01:41:45 +0100] "GET /adminer-3.6.4.php HTTP/1.0" 404 39424 "-" "-" "-"
35.232.23.240 - - [08/Dec/2019:01:41:45 +0100] "GET /adminer-3.6.2.php HTTP/1.0" 404 39424 "-" "-" "-"
35.232.23.240 - - [08/Dec/2019:01:41:46 +0100] "GET /adminer-3.6.1.php HTTP/1.0" 404 39424 "-" "-" "-"
35.232.23.240 - - [08/Dec/2019:01:41:47 +0100] "GET /adminer-3.6.0.php HTTP/1.0" 404 39424 "-" "-" "-"
35.232.23.240 - - [08/Dec/2019:01:41:47 +0100] "GET /adminer-3.3.2.php HTTP/1.0" 404 39424 "-" "-" "-"
35.232.23.240 - - [08/Dec/2019:01:41:48 +0100] "GET /adminer-3.5.1.php HTTP/1.0" 404 39424 "-" "-" "-"
35.232.23.240 - - [08/Dec/2019:01:41:49 +0100] "GET /adminer-3.5.0.php HTTP/1.0" 404 39424 "-" "-" "-"
35.232.23.240 - - [08/Dec/2019:01:41:49 +0100] "GET /adminer-3.4.0.php HTTP/1.0" 404 39424 "-" "-" "-"
35.232.23.240 - - [08/Dec/2019:01:41:50 +0100] "GET /adminer-3.3.3.php HTTP/1.0" 404 39424 "-" "-" "-"
35.232.23.240 - - [08/Dec/2019:01:41:50 +0100] "GET /adminer-3.3.4.php HTTP/1.0" 404 39424 "-" "-" "-"
35.232.23.240 - - [08/Dec/2019:01:41:51 +0100] "GET /adminer-3.2.0.php HTTP/1.0" 404 39424 "-" "-" "-"
35.232.23.240 - - [08/Dec/2019:01:41:52 +0100] "GET /adminer-3.1.0.php HTTP/1.0" 404 39424 "-" "-" "-"
35.232.23.240 - - [08/Dec/2019:01:41:52 +0100] "GET /adminer-3.3.1.php HTTP/1.0" 404 39424 "-" "-" "-"
35.232.23.240 - - [08/Dec/2019:01:41:53 +0100] "GET /adminer-3.2.2.php HTTP/1.0" 404 39424 "-" "-" "-"
35.232.23.240 - - [08/Dec/2019:01:41:54 +0100] "GET /adminer-3.3.0.php HTTP/1.0" 404 39424 "-" "-" "-"
35.232.23.240 - - [08/Dec/2019:01:41:54 +0100] "GET /adminer-3.0.0.php HTTP/1.0" 404 39424 "-" "-" "-"
35.232.23.240 - - [08/Dec/2019:01:41:55 +0100] "GET /adminer-3.2.1.php HTTP/1.0" 404 39424 "-" "-" "-"
35.232.23.240 - - [08/Dec/2019:01:41:56 +0100] "GET /adminer-3.0.1.php HTTP/1.0" 404 39424 "-" "-" "-"
35.232.23.240 - - [08/Dec/2019:01:41:56 +0100] "GET /adminer-4.6.3-en.php HTTP/1.0" 404 39424 "-" "-" "-"
35.232.23.240 - - [08/Dec/2019:01:41:57 +0100] "GET /adminer-4.6.2-en.php HTTP/1.0" 404 39424 "-" "-" "-"
35.232.23.240 - - [08/Dec/2019:01:41:58 +0100] "GET /adminer-4.6.1-en.php HTTP/1.0" 404 39424 "-" "-" "-"
35.232.23.240 - - [08/Dec/2019:01:41:58 +0100] "GET /adminer-4.6.0-en.php HTTP/1.0" 404 39424 "-" "-" "-"
35.232.23.240 - - [08/Dec/2019:01:41:59 +0100] "GET /adminer-4.5.0-en.php HTTP/1.0" 404 39424 "-" "-" "-"
35.232.23.240 - - [08/Dec/2019:01:41:59 +0100] "GET /adminer-4.4.0-en.php HTTP/1.0" 404 39424 "-" "-" "-"
35.232.23.240 - - [08/Dec/2019:01:42:00 +0100] "GET /adminer-4.3.0-en.php HTTP/1.0" 404 39424 "-" "-" "-"
35.232.23.240 - - [08/Dec/2019:01:42:01 +0100] "GET /adminer-4.3.1-en.php HTTP/1.0" 404 39424 "-" "-" "-"
35.232.23.240 - - [08/Dec/2019:01:42:01 +0100] "GET /adminer-4.2.5-en.php HTTP/1.0" 404 39424 "-" "-" "-"
35.232.23.240 - - [08/Dec/2019:01:42:02 +0100] "GET /adminer-4.2.3-en.php HTTP/1.0" 404 39424 "-" "-" "-"
217.76.130.90 - - [08/Dec/2019:01:42:03 +0100] "POST /wp-cron.php?doing_wp_cron=1575765723.6525108814239501953125 HTTP/1.1" 200 164 "http://amazingsportwear.com/wp-cron.php?doing_wp_cron=1575765723.6525108814239501953125" "WordPress/5.2.4; https://amazingsportwear.com" "-"
35.232.23.240 - - [08/Dec/2019:01:42:03 +0100] "GET /adminer-4.2.1-en.php HTTP/1.0" 404 39424 "-" "-" "-"
35.232.23.240 - - [08/Dec/2019:01:42:03 +0100] "GET /adminer-4.2.2-en.php HTTP/1.0" 404 39424 "-" "-" "-"
35.232.23.240 - - [08/Dec/2019:01:42:04 +0100] "GET /adminer-4.2.4-en.php HTTP/1.0" 404 39424 "-" "-" "-"
35.232.23.240 - - [08/Dec/2019:01:42:05 +0100] "GET /adminer-4.2.0-en.php HTTP/1.0" 404 39424 "-" "-" "-"
35.232.23.240 - - [08/Dec/2019:01:42:05 +0100] "GET /adminer-4.1.0-en.php HTTP/1.0" 404 39424 "-" "-" "-"
35.232.23.240 - - [08/Dec/2019:01:42:06 +0100] "GET /adminer-4.0.2-en.php HTTP/1.0" 404 39424 "-" "-" "-"
35.232.23.240 - - [08/Dec/2019:01:42:06 +0100] "GET /adminer-4.0.0-en.php HTTP/1.0" 404 39424 "-" "-" "-"
35.232.23.240 - - [08/Dec/2019:01:42:07 +0100] "GET /adminer-4.0.3-en.php HTTP/1.0" 404 39424 "-" "-" "-"
35.232.23.240 - - [08/Dec/2019:01:42:08 +0100] "GET /adminer-4.0.1-en.php HTTP/1.0" 404 39424 "-" "-" "-"
35.232.23.240 - - [08/Dec/2019:01:42:08 +0100] "GET /adminer-3.6.3-en.php HTTP/1.0" 404 39424 "-" "-" "-"
35.232.23.240 - - [08/Dec/2019:01:42:09 +0100] "GET /adminer-3.7.1-en.php HTTP/1.0" 404 39424 "-" "-" "-"
35.232.23.240 - - [08/Dec/2019:01:42:10 +0100] "GET /adminer-3.7.0-en.php HTTP/1.0" 404 39424 "-" "-" "-"
35.232.23.240 - - [08/Dec/2019:01:42:10 +0100] "GET /adminer-3.6.4-en.php HTTP/1.0" 404 39424 "-" "-" "-"
35.232.23.240 - - [08/Dec/2019:01:42:11 +0100] "GET /adminer-3.6.2-en.php HTTP/1.0" 404 39424 "-" "-" "-"
35.232.23.240 - - [08/Dec/2019:01:42:12 +0100] "GET /adminer-3.6.1-en.php HTTP/1.0" 404 39424 "-" "-" "-"
35.232.23.240 - - [08/Dec/2019:01:42:12 +0100] "GET /adminer-3.6.0-en.php HTTP/1.0" 404 39424 "-" "-" "-"
35.232.23.240 - - [08/Dec/2019:01:42:13 +0100] "GET /adminer-3.3.2-en.php HTTP/1.0" 404 39424 "-" "-" "-"
35.232.23.240 - - [08/Dec/2019:01:42:14 +0100] "GET /adminer-3.5.1-en.php HTTP/1.0" 404 39424 "-" "-" "-"
35.232.23.240 - - [08/Dec/2019:01:42:14 +0100] "GET /adminer-3.5.0-en.php HTTP/1.0" 404 39424 "-" "-" "-"
35.232.23.240 - - [08/Dec/2019:01:42:15 +0100] "GET /adminer-3.4.0-en.php HTTP/1.0" 404 39424 "-" "-" "-"
35.232.23.240 - - [08/Dec/2019:01:42:15 +0100] "GET /adminer-3.3.3-en.php HTTP/1.0" 404 39424 "-" "-" "-"
35.232.23.240 - - [08/Dec/2019:01:42:16 +0100] "GET /adminer-3.3.4-en.php HTTP/1.0" 404 39424 "-" "-" "-"
35.232.23.240 - - [08/Dec/2019:01:42:17 +0100] "GET /adminer-3.2.0-en.php HTTP/1.0" 404 39424 "-" "-" "-"
35.232.23.240 - - [08/Dec/2019:01:42:17 +0100] "GET /adminer-3.1.0-en.php HTTP/1.0" 404 39424 "-" "-" "-"
35.232.23.240 - - [08/Dec/2019:01:42:18 +0100] "GET /adminer-3.3.1-en.php HTTP/1.0" 404 39424 "-" "-" "-"
35.232.23.240 - - [08/Dec/2019:01:42:19 +0100] "GET /adminer-3.2.2-en.php HTTP/1.0" 404 39424 "-" "-" "-"
35.232.23.240 - - [08/Dec/2019:01:42:19 +0100] "GET /adminer-3.3.0-en.php HTTP/1.0" 404 39424 "-" "-" "-"
35.232.23.240 - - [08/Dec/2019:01:42:20 +0100] "GET /adminer-3.0.0-en.php HTTP/1.0" 404 39424 "-" "-" "-"
35.232.23.240 - - [08/Dec/2019:01:42:21 +0100] "GET /adminer-3.2.1-en.php HTTP/1.0" 404 39424 "-" "-" "-"
35.232.23.240 - - [08/Dec/2019:01:42:21 +0100] "GET /adminer-3.0.1-en.php HTTP/1.0" 404 39424 "-" "-" "-"
46.32.240.35 - - [08/Dec/2019:01:42:37 +0100] "GET /uploads.php HTTP/1.1" 404 67945 "http://site.ru" "Mozilla/5.0 (Windows; U; Windows NT 5.1; en-US) AppleWebKit/533.4 (KHTML, like Gecko) Chrome/5.0.375.99 Safari/533.4" "-"
200.88.232.98 - - [08/Dec/2019:01:45:06 +0100] "GET /wp-content/uploads/2019/04/gorra-dowan-4.png HTTP/1.1" 200 73558 "https://www.google.com/" "Mozilla/5.0 (Linux; Android 7.0; LG-M250) AppleWebKit/537.36 (KHTML, like Gecko) Chrome/78.0.3904.96 Mobile Safari/537.36" "-"
200.88.232.98 - - [08/Dec/2019:01:45:19 +0100] "GET /wp-content/uploads/2019/04/gorra-dowan-4.png HTTP/1.1" 200 76783 "-" "WhatsApp/2.19.230 A" "-"
217.76.130.90 - - [08/Dec/2019:02:02:15 +0100] "POST /wp-cron.php?doing_wp_cron=1575766935.8077189922332763671875 HTTP/1.1" 200 3389 "https://amazingsportwear.com/wp-cron.php?doing_wp_cron=1575766935.8077189922332763671875" "WordPress/5.2.4; https://amazingsportwear.com" "-"
217.76.130.90 - - [08/Dec/2019:02:02:16 +0100] "POST /wp-cron.php?doing_wp_cron=1575766935.8094890117645263671875 HTTP/1.1" 200 3389 "https://amazingsportwear.com/wp-cron.php?doing_wp_cron=1575766935.8094890117645263671875" "WordPress/5.2.4; https://amazingsportwear.com" "-"
66.249.64.144 - - [08/Dec/2019:02:02:13 +0100] "GET /robots.txt HTTP/1.1" 200 3939 "-" "Mozilla/5.0 (compatible; Googlebot/2.1; +http://www.google.com/bot.html)" "-"
66.249.64.148 - - [08/Dec/2019:02:02:13 +0100] "GET /producto/falda-tecnica-padel-tenis/ HTTP/1.1" 200 96484 "-" "Mozilla/5.0 (Linux; Android 6.0.1; Nexus 5X Build/MMB29P) AppleWebKit/537.36 (KHTML, like Gecko) Chrome/41.0.2272.96 Mobile Safari/537.36 (compatible; Googlebot/2.1; +http://www.google.com/bot.html)" "-"
217.76.130.90 - - [08/Dec/2019:02:04:51 +0100] "POST /wp-cron.php?doing_wp_cron=1575767091.3264200687408447265625 HTTP/1.1" 200 164 "http://amazingsportwear.com/wp-cron.php?doing_wp_cron=1575767091.3264200687408447265625" "WordPress/5.2.4; https://amazingsportwear.com" "-"
207.46.13.143 - - [08/Dec/2019:02:04:50 +0100] "GET /22-tienda HTTP/1.1" 404 68003 "-" "Mozilla/5.0 (iPhone; CPU iPhone OS 7_0 like Mac OS X) AppleWebKit/537.51.1 (KHTML, like Gecko) Version/7.0 Mobile/11A465 Safari/9537.53 (compatible; bingbot/2.0; +http://www.bing.com/bingbot.htm)" "-"
217.76.130.90 - - [08/Dec/2019:02:07:07 +0100] "POST /wp-cron.php?doing_wp_cron=1575767227.7037520408630371093750 HTTP/1.1" 200 3389 "https://amazingsportwear.com/wp-cron.php?doing_wp_cron=1575767227.7037520408630371093750" "WordPress/5.2.4; https://amazingsportwear.com" "-"
66.249.64.148 - - [08/Dec/2019:02:07:06 +0100] "GET /producto/gorra-tecnica-2/ HTTP/1.1" 200 95797 "-" "Mozilla/5.0 (Linux; Android 6.0.1; Nexus 5X Build/MMB29P) AppleWebKit/537.36 (KHTML, like Gecko) Chrome/41.0.2272.96 Mobile Safari/537.36 (compatible; Googlebot/2.1; +http://www.google.com/bot.html)" "-"
66.249.64.146 - - [08/Dec/2019:02:07:15 +0100] "POST /?wc-ajax=get_refreshed_fragments HTTP/1.1" 200 4760 "https://amazingsportwear.com/producto/gorra-tecnica-2/" "Mozilla/5.0 (Linux; Android 6.0.1; Nexus 5X Build/MMB29P) AppleWebKit/537.36 (KHTML, like Gecko) Chrome/41.0.2272.96 Mobile Safari/537.36 (compatible; Googlebot/2.1; +http://www.google.com/bot.html)" "_ga=GA1.2.969013651.1575763200; _gid=GA1.2.1978218920.1575763200; _gat_gtag_UA_91619287_1=1"
217.76.130.90 - - [08/Dec/2019:02:12:41 +0100] "POST /wp-cron.php?doing_wp_cron=1575767561.5241549015045166015625 HTTP/1.1" 200 3389 "https://amazingsportwear.com/wp-cron.php?doing_wp_cron=1575767561.5241549015045166015625" "WordPress/5.2.4; https://amazingsportwear.com" "-"
66.249.64.146 - - [08/Dec/2019:02:12:40 +0100] "GET /producto/mochila-blades/ HTTP/1.1" 200 102722 "-" "Mozilla/5.0 (Linux; Android 6.0.1; Nexus 5X Build/MMB29P) AppleWebKit/537.36 (KHTML, like Gecko) Chrome/41.0.2272.96 Mobile Safari/537.36 (compatible; Googlebot/2.1; +http://www.google.com/bot.html)" "-"
217.76.130.90 - - [08/Dec/2019:02:21:01 +0100] "POST /wp-cron.php?doing_wp_cron=1575768061.4770669937133789062500 HTTP/1.1" 200 164 "http://amazingsportwear.com/wp-cron.php?doing_wp_cron=1575768061.4770669937133789062500" "WordPress/5.2.4; https://amazingsportwear.com" "-"
207.46.13.184 - - [08/Dec/2019:02:21:00 +0100] "GET /tienda/176-pantalon-mujer-rocky-nath-rocky.html HTTP/1.1" 404 68085 "-" "Mozilla/5.0 (iPhone; CPU iPhone OS 7_0 like Mac OS X) AppleWebKit/537.51.1 (KHTML, like Gecko) Version/7.0 Mobile/11A465 Safari/9537.53 (compatible; bingbot/2.0; +http://www.bing.com/bingbot.htm)" "-"
157.55.39.137 - - [08/Dec/2019:02:22:03 +0100] "GET /wp-content/uploads/2019/04/Bolsa-deporte-athlete-3.png HTTP/1.1" 200 82239 "-" "Mozilla/5.0 (compatible; bingbot/2.0; +http://www.bing.com/bingbot.htm)" "-"
217.76.130.90 - - [08/Dec/2019:02:29:49 +0100] "POST /wp-cron.php?doing_wp_cron=1575768589.6772060394287109375000 HTTP/1.1" 200 3389 "https://amazingsportwear.com/wp-cron.php?doing_wp_cron=1575768589.6772060394287109375000" "WordPress/5.2.4; https://amazingsportwear.com" "-"
66.249.64.144 - - [08/Dec/2019:02:29:48 +0100] "GET /producto/camiseta-tecnica-boomer-aq-jaguar/ HTTP/1.1" 200 105245 "-" "Mozilla/5.0 (Linux; Android 6.0.1; Nexus 5X Build/MMB29P) AppleWebKit/537.36 (KHTML, like Gecko) Chrome/41.0.2272.96 Mobile Safari/537.36 (compatible; Googlebot/2.1; +http://www.google.com/bot.html)" "-"
66.249.64.144 - - [08/Dec/2019:02:29:56 +0100] "POST /?wc-ajax=get_refreshed_fragments HTTP/1.1" 200 1397 "https://amazingsportwear.com/producto/camiseta-tecnica-boomer-aq-jaguar/" "Mozilla/5.0 (Linux; Android 6.0.1; Nexus 5X Build/MMB29P) AppleWebKit/537.36 (KHTML, like Gecko) Chrome/41.0.2272.96 Mobile Safari/537.36 (compatible; Googlebot/2.1; +http://www.google.com/bot.html)" "_ga=GA1.2.969013651.1575763200; _gid=GA1.2.1978218920.1575763200; _gat_gtag_UA_91619287_1=1"
217.76.130.90 - - [08/Dec/2019:02:30:29 +0100] "POST /wp-cron.php?doing_wp_cron=1575768629.3994209766387939453125 HTTP/1.1" 200 3389 "https://amazingsportwear.com/wp-cron.php?doing_wp_cron=1575768629.3994209766387939453125" "WordPress/5.2.4; https://amazingsportwear.com" "-"
66.249.64.144 - - [08/Dec/2019:02:30:28 +0100] "GET /producto/camiseta-basket-sin-costadillos/ HTTP/1.1" 200 94631 "-" "Mozilla/5.0 (Linux; Android 6.0.1; Nexus 5X Build/MMB29P) AppleWebKit/537.36 (KHTML, like Gecko) Chrome/41.0.2272.96 Mobile Safari/537.36 (compatible; Googlebot/2.1; +http://www.google.com/bot.html)" "-"
66.249.64.144 - - [08/Dec/2019:02:30:42 +0100] "POST /?wc-ajax=get_refreshed_fragments HTTP/1.1" 200 1397 "https://amazingsportwear.com/producto/camiseta-basket-sin-costadillos/" "Mozilla/5.0 (Linux; Android 6.0.1; Nexus 5X Build/MMB29P) AppleWebKit/537.36 (KHTML, like Gecko) Chrome/41.0.2272.96 Mobile Safari/537.36 (compatible; Googlebot/2.1; +http://www.google.com/bot.html)" "_ga=GA1.2.969013651.1575763200; _gid=GA1.2.1978218920.1575763200; _gat_gtag_UA_91619287_1=1"
217.76.130.90 - - [08/Dec/2019:02:32:54 +0100] "POST /wp-cron.php?doing_wp_cron=1575768774.0548338890075683593750 HTTP/1.1" 200 3389 "https://amazingsportwear.com/wp-cron.php?doing_wp_cron=1575768774.0548338890075683593750" "WordPress/5.2.4; https://amazingsportwear.com" "-"
66.249.64.148 - - [08/Dec/2019:02:32:53 +0100] "GET /producto/camiseta-tecnica-avus-sa-6658/ HTTP/1.1" 200 97204 "-" "Mozilla/5.0 (Linux; Android 6.0.1; Nexus 5X Build/MMB29P) AppleWebKit/537.36 (KHTML, like Gecko) Chrome/41.0.2272.96 Mobile Safari/537.36 (compatible; Googlebot/2.1; +http://www.google.com/bot.html)" "-"
66.249.64.144 - - [08/Dec/2019:02:33:01 +0100] "POST /?wc-ajax=get_refreshed_fragments HTTP/1.1" 200 4760 "https://amazingsportwear.com/producto/camiseta-tecnica-avus-sa-6658/" "Mozilla/5.0 (Linux; Android 6.0.1; Nexus 5X Build/MMB29P) AppleWebKit/537.36 (KHTML, like Gecko) Chrome/41.0.2272.96 Mobile Safari/537.36 (compatible; Googlebot/2.1; +http://www.google.com/bot.html)" "_ga=GA1.2.969013651.1575763200; _gid=GA1.2.1978218920.1575763200; _gat_gtag_UA_91619287_1=1"
217.76.130.90 - - [08/Dec/2019:02:37:49 +0100] "POST /wp-cron.php?doing_wp_cron=1575769069.2658050060272216796875 HTTP/1.1" 200 164 "http://amazingsportwear.com/wp-cron.php?doing_wp_cron=1575769069.2658050060272216796875" "WordPress/5.2.4; https://amazingsportwear.com" "-"
169.197.108.42 - - [08/Dec/2019:02:37:48 +0100] "GET / HTTP/1.1" 301 279 "-" "Mozilla/5.0 (Windows NT 10.0; Win64; x64) AppleWebKit/537.36 (KHTML, like Gecko) Chrome/60.0.3112.113 Safari/537.36" "-"
169.197.108.42 - - [08/Dec/2019:02:37:49 +0100] "GET / HTTP/1.1" 200 125575 "http://amazingsportwear.com/" "Mozilla/5.0 (Windows NT 10.0; Win64; x64) AppleWebKit/537.36 (KHTML, like Gecko) Chrome/60.0.3112.113 Safari/537.36" "-"
207.46.13.184 - - [08/Dec/2019:02:41:07 +0100] "GET /wp-content/uploads/2019/07/foto-raquel.jpg HTTP/1.1" 200 93409 "-" "Mozilla/5.0 (compatible; bingbot/2.0; +http://www.bing.com/bingbot.htm)" "-"
217.76.130.90 - - [08/Dec/2019:02:48:38 +0100] "POST /wp-cron.php?doing_wp_cron=1575769718.2223310470581054687500 HTTP/1.1" 200 3389 "https://amazingsportwear.com/wp-cron.php?doing_wp_cron=1575769718.2223310470581054687500" "WordPress/5.2.4; https://amazingsportwear.com" "-"
66.249.64.148 - - [08/Dec/2019:02:48:36 +0100] "GET / HTTP/1.1" 200 125793 "-" "Mozilla/5.0 (compatible; Googlebot/2.1; +http://www.google.com/bot.html)" "-"
66.249.64.146 - - [08/Dec/2019:02:48:46 +0100] "POST /?wc-ajax=get_refreshed_fragments HTTP/1.1" 200 4708 "https://amazingsportwear.com/" "Mozilla/5.0 AppleWebKit/537.36 (KHTML, like Gecko; compatible; Googlebot/2.1; +http://www.google.com/bot.html) Safari/537.36" "wpfront-notification-bar-landingpage=1; _ga=GA1.2.2114912494.1575763200; _gid=GA1.2.931330593.1575763200; _gat_gtag_UA_91619287_1=1"
217.76.130.90 - - [08/Dec/2019:02:49:42 +0100] "POST /wp-cron.php?doing_wp_cron=1575769782.2066869735717773437500 HTTP/1.1" 200 3389 "https://amazingsportwear.com/wp-cron.php?doing_wp_cron=1575769782.2066869735717773437500" "WordPress/5.2.4; https://amazingsportwear.com" "-"
66.249.64.144 - - [08/Dec/2019:02:49:41 +0100] "GET /producto/camiseta-tecnica-aida-sa-6656/ HTTP/1.1" 200 97015 "-" "Mozilla/5.0 (Linux; Android 6.0.1; Nexus 5X Build/MMB29P) AppleWebKit/537.36 (KHTML, like Gecko) Chrome/41.0.2272.96 Mobile Safari/537.36 (compatible; Googlebot/2.1; +http://www.google.com/bot.html)" "-"
66.249.64.144 - - [08/Dec/2019:02:49:48 +0100] "POST /?wc-ajax=get_refreshed_fragments HTTP/1.1" 200 1397 "https://amazingsportwear.com/producto/camiseta-tecnica-aida-sa-6656/" "Mozilla/5.0 (Linux; Android 6.0.1; Nexus 5X Build/MMB29P) AppleWebKit/537.36 (KHTML, like Gecko) Chrome/41.0.2272.96 Mobile Safari/537.36 (compatible; Googlebot/2.1; +http://www.google.com/bot.html)" "_ga=GA1.2.969013651.1575763200; _gid=GA1.2.1978218920.1575763200; _gat_gtag_UA_91619287_1=1"
207.46.13.184 - - [08/Dec/2019:02:51:21 +0100] "GET /wp-content/uploads/2019/04/SUMO-NEGRO.png HTTP/1.1" 200 135487 "-" "Mozilla/5.0 (compatible; bingbot/2.0; +http://www.bing.com/bingbot.htm)" "-"
217.76.130.90 - - [08/Dec/2019:02:56:40 +0100] "POST /wp-cron.php?doing_wp_cron=1575770200.5669069290161132812500 HTTP/1.1" 200 3389 "https://amazingsportwear.com/wp-cron.php?doing_wp_cron=1575770200.5669069290161132812500" "WordPress/5.2.4; https://amazingsportwear.com" "-"
157.55.39.31 - - [08/Dec/2019:02:56:39 +0100] "GET /robots.txt HTTP/1.1" 200 2297 "-" "Mozilla/5.0 (compatible; bingbot/2.0; +http://www.bing.com/bingbot.htm)" "-"
157.55.39.31 - - [08/Dec/2019:02:56:41 +0100] "GET /robots.txt HTTP/1.1" 200 3939 "-" "Mozilla/5.0 (compatible; bingbot/2.0; +http://www.bing.com/bingbot.htm)" "-"
157.55.39.137 - - [08/Dec/2019:02:57:10 +0100] "GET /wp-content/uploads/2019/04/Llavero-triumph-1.png HTTP/1.1" 200 33202 "-" "Mozilla/5.0 (compatible; bingbot/2.0; +http://www.bing.com/bingbot.htm)" "-"
217.76.130.90 - - [08/Dec/2019:02:59:38 +0100] "POST /wp-cron.php?doing_wp_cron=1575770378.1539130210876464843750 HTTP/1.1" 200 3389 "https://amazingsportwear.com/wp-cron.php?doing_wp_cron=1575770378.1539130210876464843750" "WordPress/5.2.4; https://amazingsportwear.com" "-"
66.249.64.146 - - [08/Dec/2019:02:59:37 +0100] "GET /producto/llavero-metalico-futbol/ HTTP/1.1" 200 94611 "-" "Mozilla/5.0 (compatible; Googlebot/2.1; +http://www.google.com/bot.html)" "-"
217.76.130.90 - - [08/Dec/2019:03:00:05 +0100] "POST /wp-cron.php?doing_wp_cron=1575770405.6503369808197021484375 HTTP/1.1" 200 3389 "https://amazingsportwear.com/wp-cron.php?doing_wp_cron=1575770405.6503369808197021484375" "WordPress/5.2.4; https://amazingsportwear.com" "-"
66.249.64.148 - - [08/Dec/2019:03:00:04 +0100] "GET /producto/camiseta-tecnica-aida-sa-6656/ HTTP/1.1" 200 96716 "-" "Mozilla/5.0 (Linux; Android 6.0.1; Nexus 5X Build/MMB29P) AppleWebKit/537.36 (KHTML, like Gecko) Chrome/41.0.2272.96 Mobile Safari/537.36 (compatible; Googlebot/2.1; +http://www.google.com/bot.html)" "-"
66.249.64.144 - - [08/Dec/2019:03:00:16 +0100] "POST /?wc-ajax=get_refreshed_fragments HTTP/1.1" 200 4760 "https://amazingsportwear.com/producto/camiseta-tecnica-aida-sa-6656/" "Mozilla/5.0 (Linux; Android 6.0.1; Nexus 5X Build/MMB29P) AppleWebKit/537.36 (KHTML, like Gecko) Chrome/41.0.2272.96 Mobile Safari/537.36 (compatible; Googlebot/2.1; +http://www.google.com/bot.html)" "_ga=GA1.2.969013651.1575763200; _gid=GA1.2.1978218920.1575763200; _gat_gtag_UA_91619287_1=1"
66.249.64.144 - - [08/Dec/2019:03:00:40 +0100] "GET /producto/calcetin-deportivo-sublimado-bp-38040/ HTTP/1.1" 200 94457 "-" "Mozilla/5.0 (Linux; Android 6.0.1; Nexus 5X Build/MMB29P) AppleWebKit/537.36 (KHTML, like Gecko) Chrome/41.0.2272.96 Mobile Safari/537.36 (compatible; Googlebot/2.1; +http://www.google.com/bot.html)" "-"
66.249.64.144 - - [08/Dec/2019:03:01:02 +0100] "GET /categoria-producto/carpas/ HTTP/1.1" 200 60481 "-" "Mozilla/5.0 (Linux; Android 6.0.1; Nexus 5X Build/MMB29P) AppleWebKit/537.36 (KHTML, like Gecko) Chrome/41.0.2272.96 Mobile Safari/537.36 (compatible; Googlebot/2.1; +http://www.google.com/bot.html)" "-"
217.76.130.90 - - [08/Dec/2019:03:01:17 +0100] "POST /wp-cron.php?doing_wp_cron=1575770477.3185729980468750000000 HTTP/1.1" 200 3389 "https://amazingsportwear.com/wp-cron.php?doing_wp_cron=1575770477.3185729980468750000000" "WordPress/5.2.4; https://amazingsportwear.com" "-"
66.249.64.146 - - [08/Dec/2019:03:01:16 +0100] "POST /?wc-ajax=get_refreshed_fragments HTTP/1.1" 200 4760 "https://amazingsportwear.com/categoria-producto/carpas/" "Mozilla/5.0 (Linux; Android 6.0.1; Nexus 5X Build/MMB29P) AppleWebKit/537.36 (KHTML, like Gecko) Chrome/41.0.2272.96 Mobile Safari/537.36 (compatible; Googlebot/2.1; +http://www.google.com/bot.html)" "_ga=GA1.2.1884029788.1575763200; _gid=GA1.2.969013651.1575763200; _gat_gtag_UA_91619287_1=1"
217.76.130.90 - - [08/Dec/2019:03:02:11 +0100] "POST /wp-cron.php?doing_wp_cron=1575770531.4663920402526855468750 HTTP/1.1" 200 3389 "https://amazingsportwear.com/wp-cron.php?doing_wp_cron=1575770531.4663920402526855468750" "WordPress/5.2.4; https://amazingsportwear.com" "-"
66.249.64.148 - - [08/Dec/2019:03:02:10 +0100] "GET /producto/maillot-manga-larga-ciclismo/ HTTP/1.1" 200 92963 "-" "Mozilla/5.0 (Linux; Android 6.0.1; Nexus 5X Build/MMB29P) AppleWebKit/537.36 (KHTML, like Gecko) Chrome/41.0.2272.96 Mobile Safari/537.36 (compatible; Googlebot/2.1; +http://www.google.com/bot.html)" "-"
66.249.64.146 - - [08/Dec/2019:03:02:43 +0100] "GET /producto/mochila-humus/ HTTP/1.1" 200 96953 "-" "Mozilla/5.0 (Linux; Android 6.0.1; Nexus 5X Build/MMB29P) AppleWebKit/537.36 (KHTML, like Gecko) Chrome/41.0.2272.96 Mobile Safari/537.36 (compatible; Googlebot/2.1; +http://www.google.com/bot.html)" "-"
217.76.130.90 - - [08/Dec/2019:03:05:13 +0100] "POST /wp-cron.php?doing_wp_cron=1575770713.9288809299468994140625 HTTP/1.1" 200 3389 "https://amazingsportwear.com/wp-cron.php?doing_wp_cron=1575770713.9288809299468994140625" "WordPress/5.2.4; https://amazingsportwear.com" "-"
66.249.64.148 - - [08/Dec/2019:03:05:13 +0100] "GET /categoria-producto/deportes/atletismo/ HTTP/1.1" 200 61578 "-" "Mozilla/5.0 (Linux; Android 6.0.1; Nexus 5X Build/MMB29P) AppleWebKit/537.36 (KHTML, like Gecko) Chrome/41.0.2272.96 Mobile Safari/537.36 (compatible; Googlebot/2.1; +http://www.google.com/bot.html)" "-"
217.76.130.90 - - [08/Dec/2019:03:06:38 +0100] "POST /wp-cron.php?doing_wp_cron=1575770797.9701459407806396484375 HTTP/1.1" 200 3389 "https://amazingsportwear.com/wp-cron.php?doing_wp_cron=1575770797.9701459407806396484375" "WordPress/5.2.4; https://amazingsportwear.com" "-"
104.129.48.24 - - [08/Dec/2019:03:06:37 +0100] "GET /contacta-con-nosotros/ HTTP/1.0" 200 61761 "-" "Mozilla/5.0 (X11; Linux x86_64) AppleWebKit/537.36 (KHTML, like Gecko) SamsungBrowser/6.4 Chrome/56.0.2924.87 Safari/537.36" "-"
104.129.48.24 - - [08/Dec/2019:03:06:39 +0100] "GET /xmlrpc.php?rsd HTTP/1.0" 200 4441 "https://amazingsportwear.com/contacta-con-nosotros/" "Mozilla/5.0 (X11; Linux x86_64) AppleWebKit/537.36 (KHTML, like Gecko) SamsungBrowser/6.4 Chrome/56.0.2924.87 Safari/537.36" "-"
104.129.48.24 - - [08/Dec/2019:03:06:41 +0100] "GET /wp-json/oembed/1.0/embed?url=https%3A%2F%2Famazingsportwear.com%2Fcontacta-con-nosotros%2F& HTTP/1.0" 200 6245 "https://amazingsportwear.com/contacta-con-nosotros/" "Mozilla/5.0 (X11; Linux x86_64) AppleWebKit/537.36 (KHTML, like Gecko) SamsungBrowser/6.4 Chrome/56.0.2924.87 Safari/537.36" "wpfront-notification-bar-landingpage=1"
104.129.48.24 - - [08/Dec/2019:03:06:44 +0100] "GET /wp-json/oembed/1.0/embed?url=https%3A%2F%2Famazingsportwear.com%2Fcontacta-con-nosotros%2F HTTP/1.0" 200 6245 "https://amazingsportwear.com/contacta-con-nosotros/" "Mozilla/5.0 (X11; Linux x86_64) AppleWebKit/537.36 (KHTML, like Gecko) SamsungBrowser/6.4 Chrome/56.0.2924.87 Safari/537.36" "wpfront-notification-bar-landingpage=1"
104.129.48.24 - - [08/Dec/2019:03:06:45 +0100] "GET /wp-json/ HTTP/1.0" 200 611913 "https://amazingsportwear.com/contacta-con-nosotros/" "Mozilla/5.0 (X11; Linux x86_64) AppleWebKit/537.36 (KHTML, like Gecko) SamsungBrowser/6.4 Chrome/56.0.2924.87 Safari/537.36" "wpfront-notification-bar-landingpage=1"
