217.76.130.90 - - [06/Dec/2019:21:18:13 +0100] "POST /wp-cron.php?doing_wp_cron=1575663493.7516438961029052734375 HTTP/1.1" 200 3389 "https://amazingsportwear.com/wp-cron.php?doing_wp_cron=1575663493.7516438961029052734375" "WordPress/5.2.4; https://amazingsportwear.com" "-"
116.55.140.64 - - [06/Dec/2019:21:18:13 +0100] "GET /producto/camiseta-manga-corta-tenis-pade-2?add-to-cart=18683 HTTP/1.1" 301 4825 "-" "Mozilla/5.0(Linux;Android 5.1.1;OPPO A33 Build/LMY47V;wv) AppleWebKit/537.36(KHTML,link Gecko) Version/4.0 Chrome/42.0.2311.138 Mobile Safari/537.36 Mb2345Browser/9.0" "-"
116.55.140.64 - - [06/Dec/2019:21:18:15 +0100] "GET /producto/camiseta-manga-corta-tenis-pade-2/?add-to-cart=18683 HTTP/1.1" 200 77983 "-" "Mozilla/5.0(Linux;Android 5.1.1;OPPO A33 Build/LMY47V;wv) AppleWebKit/537.36(KHTML,link Gecko) Version/4.0 Chrome/42.0.2311.138 Mobile Safari/537.36 Mb2345Browser/9.0" "woocommerce_cart_hash=f4a4486237b2f8800edc6d65bb29c680; woocommerce_items_in_cart=1; wp_woocommerce_session_fb86dbb0e6335d960ea3e94e06b25287=dd6d9d65bf869d5b5753df528631f2fc%7C%7C1575836293%7C%7C1575832693%7C%7Cb33d1efdcb1cd2875377209d40c23b19; wpfront-notification-bar-landingpage=1"
223.90.54.29 - - [06/Dec/2019:21:18:26 +0100] "GET /producto/polo-tecnico-prescott-mujer-pf-39087 HTTP/1.1" 301 3569 "-" "Mozilla/5.0(Linux;Android 5.1.1;OPPO A33 Build/LMY47V;wv) AppleWebKit/537.36(KHTML,link Gecko) Version/4.0 Chrome/42.0.2311.138 Mobile Safari/537.36 Mb2345Browser/9.0" "-"
223.90.54.29 - - [06/Dec/2019:21:18:29 +0100] "GET /producto/polo-tecnico-prescott-mujer-pf-39087/ HTTP/1.1" 200 104779 "-" "Mozilla/5.0(Linux;Android 5.1.1;OPPO A33 Build/LMY47V;wv) AppleWebKit/537.36(KHTML,link Gecko) Version/4.0 Chrome/42.0.2311.138 Mobile Safari/537.36 Mb2345Browser/9.0" "wpfront-notification-bar-landingpage=1"
110.52.224.50 - - [06/Dec/2019:21:18:36 +0100] "GET /categoria-producto/inicio/ropa-amazing-sport-wear/ciclismo-ropa-amazing-sport-wear?add-to-cart=18695 HTTP/1.1" 301 4865 "-" "Mozilla/5.0(Linux;Android 5.1.1;OPPO A33 Build/LMY47V;wv) AppleWebKit/537.36(KHTML,link Gecko) Version/4.0 Chrome/42.0.2311.138 Mobile Safari/537.36 Mb2345Browser/9.0" "-"
110.52.224.50 - - [06/Dec/2019:21:18:41 +0100] "GET /categoria-producto/inicio/ropa-amazing-sport-wear/ciclismo-ropa-amazing-sport-wear/?add-to-cart=18695 HTTP/1.1" 200 71045 "-" "Mozilla/5.0(Linux;Android 5.1.1;OPPO A33 Build/LMY47V;wv) AppleWebKit/537.36(KHTML,link Gecko) Version/4.0 Chrome/42.0.2311.138 Mobile Safari/537.36 Mb2345Browser/9.0" "woocommerce_cart_hash=52dd3778dd6ccd3f19e7ff55099f17ea; woocommerce_items_in_cart=1; wp_woocommerce_session_fb86dbb0e6335d960ea3e94e06b25287=535b580f9d9458e8a39e592f3b7e492f%7C%7C1575836317%7C%7C1575832717%7C%7Cc184190c442850ea187bdf9920eed4f0; wpfront-notification-bar-landingpage=1"
113.76.205.59 - - [06/Dec/2019:21:18:45 +0100] "GET /etiqueta-producto/munequera-beker HTTP/1.1" 301 3557 "-" "Mozilla/5.0(Linux;U;Android 5.1.1;zh-CN;OPPO A33 Build/LMY47V) AppleWebKit/537.36(KHTML,like Gecko) Version/4.0 Chrome/40.0.2214.89 UCBrowser/11.7.0.953 Mobile Safari/537.36" "-"
113.76.205.59 - - [06/Dec/2019:21:18:48 +0100] "GET /etiqueta-producto/munequera-beker/ HTTP/1.1" 200 53797 "-" "Mozilla/5.0(Linux;U;Android 5.1.1;zh-CN;OPPO A33 Build/LMY47V) AppleWebKit/537.36(KHTML,like Gecko) Version/4.0 Chrome/40.0.2214.89 UCBrowser/11.7.0.953 Mobile Safari/537.36" "wpfront-notification-bar-landingpage=1"
217.76.130.90 - - [06/Dec/2019:21:23:37 +0100] "POST /wp-cron.php?doing_wp_cron=1575663817.3934528827667236328125 HTTP/1.1" 200 3389 "https://amazingsportwear.com/wp-cron.php?doing_wp_cron=1575663817.3934528827667236328125" "WordPress/5.2.4; https://amazingsportwear.com" "-"
185.188.182.170 - - [06/Dec/2019:21:23:35 +0100] "GET /inicio-sesion HTTP/1.1" 404 71973 "-" "-" "-"
49.87.135.68 - - [06/Dec/2019:21:24:38 +0100] "GET /wp-content/uploads/2017/03/sa-0415_223.jpg HTTP/1.1" 200 103996 "-" "Mozilla/5.0(Linux;Android 5.1.1;OPPO A33 Build/LMY47V;wv) AppleWebKit/537.36(KHTML,link Gecko) Version/4.0 Chrome/42.0.2311.138 Mobile Safari/537.36 Mb2345Browser/9.0" "-"
157.55.39.255 - - [06/Dec/2019:21:25:11 +0100] "GET /wp-content/uploads/2019/04/bidon-camiseta-zablex-5.png HTTP/1.1" 200 107631 "-" "Mozilla/5.0 (compatible; bingbot/2.0; +http://www.bing.com/bingbot.htm)" "-"
217.76.130.90 - - [06/Dec/2019:21:25:37 +0100] "POST /wp-cron.php?doing_wp_cron=1575663937.2818779945373535156250 HTTP/1.1" 200 3389 "https://amazingsportwear.com/wp-cron.php?doing_wp_cron=1575663937.2818779945373535156250" "WordPress/5.2.4; https://amazingsportwear.com" "-"
113.65.103.27 - - [06/Dec/2019:21:25:36 +0100] "GET /etiqueta-producto/gorra-iberia HTTP/1.1" 301 3554 "-" "Mozilla/5.0(Linux;Android 5.1.1;OPPO A33 Build/LMY47V;wv) AppleWebKit/537.36(KHTML,link Gecko) Version/4.0 Chrome/42.0.2311.138 Mobile Safari/537.36 Mb2345Browser/9.0" "-"
113.65.103.27 - - [06/Dec/2019:21:25:39 +0100] "GET /etiqueta-producto/gorra-iberia/ HTTP/1.1" 200 53681 "-" "Mozilla/5.0(Linux;Android 5.1.1;OPPO A33 Build/LMY47V;wv) AppleWebKit/537.36(KHTML,link Gecko) Version/4.0 Chrome/42.0.2311.138 Mobile Safari/537.36 Mb2345Browser/9.0" "wpfront-notification-bar-landingpage=1"
66.249.64.146 - - [06/Dec/2019:21:28:06 +0100] "GET /wp-content/uploads/2019/04/Gorra-sport-5-100x100.png HTTP/1.1" 304 3565 "-" "Googlebot-Image/1.0" "-"
217.76.130.90 - - [06/Dec/2019:21:37:15 +0100] "POST /wp-cron.php?doing_wp_cron=1575664635.6128370761871337890625 HTTP/1.1" 200 3389 "https://amazingsportwear.com/wp-cron.php?doing_wp_cron=1575664635.6128370761871337890625" "WordPress/5.2.4; https://amazingsportwear.com" "-"
157.55.39.234 - - [06/Dec/2019:21:37:12 +0100] "GET /producto/bolsa-deporte-young/ HTTP/1.1" 200 97765 "-" "Mozilla/5.0 (compatible; bingbot/2.0; +http://www.bing.com/bingbot.htm)" "-"
45.230.217.250 - - [06/Dec/2019:21:39:20 +0100] "GET /wp-content/uploads/2019/04/Gorra-sport-6.png HTTP/1.1" 200 44623 "https://www.google.com/" "Mozilla/5.0 (Windows NT 10.0; Win64; x64) AppleWebKit/537.36 (KHTML, like Gecko) Chrome/78.0.3904.108 Safari/537.36" "-"
217.76.130.90 - - [06/Dec/2019:21:39:34 +0100] "POST /wp-cron.php?doing_wp_cron=1575664774.4433660507202148437500 HTTP/1.1" 200 3389 "https://amazingsportwear.com/wp-cron.php?doing_wp_cron=1575664774.4433660507202148437500" "WordPress/5.2.4; https://amazingsportwear.com" "-"
66.249.64.148 - - [06/Dec/2019:21:39:32 +0100] "POST /?wc-ajax=get_refreshed_fragments HTTP/1.1" 200 4760 "https://amazingsportwear.com/categoria-producto/deportes/futbol/" "Mozilla/5.0 (Linux; Android 6.0.1; Nexus 5X Build/MMB29P) AppleWebKit/537.36 (KHTML, like Gecko) Chrome/41.0.2272.96 Mobile Safari/537.36 (compatible; Googlebot/2.1; +http://www.google.com/bot.html)" "_ga=GA1.2.1884029788.1575590400; _gid=GA1.2.969013651.1575590400; _gat_gtag_UA_91619287_1=1"
217.76.130.90 - - [06/Dec/2019:21:42:52 +0100] "POST /wp-cron.php?doing_wp_cron=1575664972.0256090164184570312500 HTTP/1.1" 200 3389 "https://amazingsportwear.com/wp-cron.php?doing_wp_cron=1575664972.0256090164184570312500" "WordPress/5.2.4; https://amazingsportwear.com" "-"
173.252.87.48 - - [06/Dec/2019:21:42:50 +0100] "GET / HTTP/1.1" 200 125550 "-" "facebookexternalhit/1.1 (+http://www.facebook.com/externalhit_uatext.php)" "-"
173.252.87.34 - - [06/Dec/2019:21:42:54 +0100] "GET /contacta-con-nosotros HTTP/1.1" 301 319 "-" "facebookexternalhit/1.1 (+http://www.facebook.com/externalhit_uatext.php)" "-"
173.252.87.34 - - [06/Dec/2019:21:42:55 +0100] "GET /contacta-con-nosotros/ HTTP/1.1" 200 58184 "-" "facebookexternalhit/1.1 (+http://www.facebook.com/externalhit_uatext.php)" "-"
217.76.130.90 - - [06/Dec/2019:21:55:07 +0100] "POST /wp-cron.php?doing_wp_cron=1575665707.2048079967498779296875 HTTP/1.1" 200 164 "http://amazingsportwear.com/wp-cron.php?doing_wp_cron=1575665707.2048079967498779296875" "WordPress/5.2.4; https://amazingsportwear.com" "-"
207.46.13.111 - - [06/Dec/2019:21:55:05 +0100] "GET /ciclismo/88-manguito-brazo-ciclismo.html HTTP/1.1" 404 68066 "-" "Mozilla/5.0 (compatible; bingbot/2.0; +http://www.bing.com/bingbot.htm)" "-"
217.76.130.90 - - [06/Dec/2019:21:56:07 +0100] "POST /wp-cron.php?doing_wp_cron=1575665767.6196100711822509765625 HTTP/1.1" 200 164 "http://amazingsportwear.com/wp-cron.php?doing_wp_cron=1575665767.6196100711822509765625" "WordPress/5.2.4; https://amazingsportwear.com" "-"
183.50.99.102 - - [06/Dec/2019:21:56:06 +0100] "GET /img/cms/tienda/aq-power-colores.JPG HTTP/1.1" 404 68020 "-" "Mozilla/5.0(Linux;Android 5.1.1;OPPO A33 Build/LMY47V;wv) AppleWebKit/537.36(KHTML,link Gecko) Version/4.0 Chrome/43.0.2357.121 Mobile Safari/537.36 LieBaoFast/4.51.3" "-"
113.67.9.142 - - [06/Dec/2019:21:56:21 +0100] "GET /wp-content/uploads/2019/04/Llavero-equipe-1.png HTTP/1.1" 200 41449 "-" "Mozilla/5.0(Linux;Android 5.1.1;OPPO A33 Build/LMY47V;wv) AppleWebKit/537.36(KHTML,link Gecko) Version/4.0 Chrome/42.0.2311.138 Mobile Safari/537.36 Mb2345Browser/9.0" "-"
106.57.151.232 - - [06/Dec/2019:21:56:21 +0100] "GET /categoria-producto/inicio/page/17?add-to-cart=18796 HTTP/1.1" 301 4816 "-" "Mozilla/5.0(Linux;Android 5.1.1;OPPO A33 Build/LMY47V;wv) AppleWebKit/537.36(KHTML,link Gecko) Version/4.0 Chrome/42.0.2311.138 Mobile Safari/537.36 Mb2345Browser/9.0" "-"
120.194.147.41 - - [06/Dec/2019:21:56:26 +0100] "GET /etiqueta-producto/tram HTTP/1.1" 301 3546 "-" "Mozilla/5.0(Linux;U;Android 5.1.1;zh-CN;OPPO A33 Build/LMY47V) AppleWebKit/537.36(KHTML,like Gecko) Version/4.0 Chrome/40.0.2214.89 UCBrowser/11.7.0.953 Mobile Safari/537.36" "-"
120.194.147.41 - - [06/Dec/2019:21:56:28 +0100] "GET /etiqueta-producto/tram/ HTTP/1.1" 200 53698 "-" "Mozilla/5.0(Linux;U;Android 5.1.1;zh-CN;OPPO A33 Build/LMY47V) AppleWebKit/537.36(KHTML,like Gecko) Version/4.0 Chrome/40.0.2214.89 UCBrowser/11.7.0.953 Mobile Safari/537.36" "wpfront-notification-bar-landingpage=1"
106.57.151.232 - - [06/Dec/2019:21:56:33 +0100] "GET /categoria-producto/inicio/page/17/?add-to-cart=18796 HTTP/1.1" 200 79130 "-" "Mozilla/5.0(Linux;Android 5.1.1;OPPO A33 Build/LMY47V;wv) AppleWebKit/537.36(KHTML,link Gecko) Version/4.0 Chrome/42.0.2311.138 Mobile Safari/537.36 Mb2345Browser/9.0" "woocommerce_cart_hash=3a50e73a87e06e644408d5e9a5286ff0; woocommerce_items_in_cart=1; wp_woocommerce_session_fb86dbb0e6335d960ea3e94e06b25287=fa7b9879f44de0d546cf881d5d4d0427%7C%7C1575838581%7C%7C1575834981%7C%7C5f97ef70d789a427df72535ba2c939d9; wpfront-notification-bar-landingpage=1"
36.154.81.38 - - [06/Dec/2019:21:56:51 +0100] "GET /wp-content/uploads/2017/04/AQ-TANDEM-mujer-300x300.jpg HTTP/1.1" 200 25816 "-" "Mozilla/5.0 (Linux; Android 7.0; FRD-AL00 Build/HUAWEIFRD-AL00; wv) AppleWebKit/537.36 (KHTML, like Gecko) Version/4.0 Chrome/53.0.2785.49 Mobile MQQBrowser/6.2 TBS/043602 Safari/537.36 MicroMessenger/6.5.16.1120 NetType/WIFI Language/zh_CN" "-"
60.160.57.252 - - [06/Dec/2019:21:57:01 +0100] "GET /wp-content/uploads/2019/04/SA-5074-4.png HTTP/1.1" 200 135889 "-" "Mozilla/5.0(Linux;Android 5.1.1;OPPO A33 Build/LMY47V;wv) AppleWebKit/537.36(KHTML,link Gecko) Version/4.0 Chrome/42.0.2311.138 Mobile Safari/537.36 Mb2345Browser/9.0" "-"
217.76.130.90 - - [06/Dec/2019:21:57:17 +0100] "POST /wp-cron.php?doing_wp_cron=1575665837.8331120014190673828125 HTTP/1.1" 200 3389 "https://amazingsportwear.com/wp-cron.php?doing_wp_cron=1575665837.8331120014190673828125" "WordPress/5.2.4; https://amazingsportwear.com" "-"
110.177.242.202 - - [06/Dec/2019:21:57:17 +0100] "GET /producto/camiseta-tecnica-combinada-shangai HTTP/1.1" 301 3567 "-" "Mozilla/5.0(Linux;Android 5.1.1;OPPO A33 Build/LMY47V;wv) AppleWebKit/537.36(KHTML,link Gecko) Version/4.0 Chrome/42.0.2311.138 Mobile Safari/537.36 Mb2345Browser/9.0" "-"
110.177.242.202 - - [06/Dec/2019:21:57:19 +0100] "GET /producto/camiseta-tecnica-combinada-shangai/ HTTP/1.1" 200 109868 "-" "Mozilla/5.0(Linux;Android 5.1.1;OPPO A33 Build/LMY47V;wv) AppleWebKit/537.36(KHTML,link Gecko) Version/4.0 Chrome/42.0.2311.138 Mobile Safari/537.36 Mb2345Browser/9.0" "wpfront-notification-bar-landingpage=1"
157.55.39.255 - - [06/Dec/2019:21:58:59 +0100] "GET /wp-content/uploads/2017/03/aq-reverse-amarillo.jpg HTTP/1.1" 200 198860 "-" "Mozilla/5.0 (compatible; bingbot/2.0; +http://www.bing.com/bingbot.htm)" "-"
157.55.39.255 - - [06/Dec/2019:21:59:01 +0100] "GET /wp-content/uploads/2019/04/VANDIX-AZUL-DISE%C3%91O.png HTTP/1.1" 200 150994 "-" "Mozilla/5.0 (compatible; bingbot/2.0; +http://www.bing.com/bingbot.htm)" "-"
66.249.64.146 - - [06/Dec/2019:22:05:29 +0100] "GET /wp-content/uploads/2019/04/Gorra-sport-7.png HTTP/1.1" 304 3566 "-" "Googlebot-Image/1.0" "-"
181.61.250.160 - - [06/Dec/2019:22:10:39 +0100] "GET /wp-content/uploads/2019/04/Llavero-Metalico-Tenis-3.png HTTP/1.1" 200 46821 "https://www.google.com/" "Mozilla/5.0 (Windows NT 10.0; Win64; x64; rv:71.0) Gecko/20100101 Firefox/71.0" "-"
181.115.131.202 - - [06/Dec/2019:22:15:21 +0100] "GET /wp-content/uploads/2017/01/cam-basic4.png HTTP/1.1" 200 198950 "https://www.google.com/blank.html" "Mozilla/5.0 (Linux; Android 7.0; TRT-LX3 Build/HUAWEITRT-LX3; wv) AppleWebKit/537.36 (KHTML, like Gecko) Version/4.0 Chrome/77.0.3865.116 Mobile Safari/537.36 GSA/7.17.28.21.arm" "-"
217.76.130.90 - - [06/Dec/2019:22:18:02 +0100] "POST /wp-cron.php?doing_wp_cron=1575667081.9578890800476074218750 HTTP/1.1" 200 3389 "https://amazingsportwear.com/wp-cron.php?doing_wp_cron=1575667081.9578890800476074218750" "WordPress/5.2.4; https://amazingsportwear.com" "-"
185.188.182.170 - - [06/Dec/2019:22:17:59 +0100] "GET /inicio-sesion HTTP/1.1" 404 72018 "-" "-" "-"
201.132.119.131 - - [06/Dec/2019:22:18:37 +0100] "GET /wp-content/uploads/2019/04/Gorra-sport-6.png HTTP/1.1" 200 44623 "https://www.google.com/" "Mozilla/5.0 (Macintosh; Intel Mac OS X 10.10; rv:71.0) Gecko/20100101 Firefox/71.0" "-"
182.132.0.167 - - [06/Dec/2019:22:22:36 +0100] "GET /wp-content/uploads/2019/04/Bidon-doger-1-300x300.png HTTP/1.1" 200 33883 "-" "Mozilla/5.0 (Linux; Android 7.0; FRD-AL00 Build/HUAWEIFRD-AL00; wv) AppleWebKit/537.36 (KHTML, like Gecko) Version/4.0 Chrome/53.0.2785.49 Mobile MQQBrowser/6.2 TBS/043602 Safari/537.36 MicroMessenger/6.5.16.1120 NetType/WIFI Language/zh_CN" "-"
217.76.130.90 - - [06/Dec/2019:22:22:39 +0100] "POST /wp-cron.php?doing_wp_cron=1575667359.1735370159149169921875 HTTP/1.1" 200 3389 "https://amazingsportwear.com/wp-cron.php?doing_wp_cron=1575667359.1735370159149169921875" "WordPress/5.2.4; https://amazingsportwear.com" "-"
125.111.144.201 - - [06/Dec/2019:22:22:38 +0100] "GET /etiqueta-producto/primeros-auxilios HTTP/1.1" 301 3559 "-" "Mozilla/5.0(Linux;Android 5.1.1;OPPO A33 Build/LMY47V;wv) AppleWebKit/537.36(KHTML,link Gecko) Version/4.0 Chrome/43.0.2357.121 Mobile Safari/537.36 LieBaoFast/4.51.3" "-"
125.111.144.201 - - [06/Dec/2019:22:22:41 +0100] "GET /etiqueta-producto/primeros-auxilios/ HTTP/1.1" 200 53936 "-" "Mozilla/5.0(Linux;Android 5.1.1;OPPO A33 Build/LMY47V;wv) AppleWebKit/537.36(KHTML,link Gecko) Version/4.0 Chrome/43.0.2357.121 Mobile Safari/537.36 LieBaoFast/4.51.3" "wpfront-notification-bar-landingpage=1"
106.57.150.231 - - [06/Dec/2019:22:23:00 +0100] "GET /etiqueta-producto/bolsa-impermeable HTTP/1.1" 301 3559 "-" "Mozilla/5.0(Linux;U;Android 5.1.1;zh-CN;OPPO A33 Build/LMY47V) AppleWebKit/537.36(KHTML,like Gecko) Version/4.0 Chrome/40.0.2214.89 UCBrowser/11.7.0.953 Mobile Safari/537.36" "-"
217.76.130.90 - - [06/Dec/2019:22:23:05 +0100] "POST /wp-cron.php?doing_wp_cron=1575667385.0783181190490722656250 HTTP/1.1" 200 3389 "https://amazingsportwear.com/wp-cron.php?doing_wp_cron=1575667385.0783181190490722656250" "WordPress/5.2.4; https://amazingsportwear.com" "-"
106.57.150.231 - - [06/Dec/2019:22:23:04 +0100] "GET /etiqueta-producto/bolsa-impermeable/ HTTP/1.1" 200 53427 "-" "Mozilla/5.0(Linux;U;Android 5.1.1;zh-CN;OPPO A33 Build/LMY47V) AppleWebKit/537.36(KHTML,like Gecko) Version/4.0 Chrome/40.0.2214.89 UCBrowser/11.7.0.953 Mobile Safari/537.36" "wpfront-notification-bar-landingpage=1"
14.106.107.59 - - [06/Dec/2019:22:23:07 +0100] "GET /wp-content/uploads/2017/03/aq-cross-hombre-290x300.jpg HTTP/1.1" 200 22955 "-" "Mozilla/5.0 (Linux; Android 7.0; FRD-AL00 Build/HUAWEIFRD-AL00; wv) AppleWebKit/537.36 (KHTML, like Gecko) Version/4.0 Chrome/53.0.2785.49 Mobile MQQBrowser/6.2 TBS/043602 Safari/537.36 MicroMessenger/6.5.16.1120 NetType/WIFI Language/zh_CN" "-"
124.131.29.94 - - [06/Dec/2019:22:23:20 +0100] "GET /wp-content/uploads/2018/04/pf-39085-blanco.jpg HTTP/1.1" 200 32848 "-" "Mozilla/5.0(Linux;Android 5.1.1;OPPO A33 Build/LMY47V;wv) AppleWebKit/537.36(KHTML,link Gecko) Version/4.0 Chrome/42.0.2311.138 Mobile Safari/537.36 Mb2345Browser/9.0" "-"
175.172.81.165 - - [06/Dec/2019:22:23:21 +0100] "GET /producto/braga-cuello-motocross HTTP/1.1" 301 3555 "-" "Mozilla/5.0(Linux;Android 5.1.1;OPPO A33 Build/LMY47V;wv) AppleWebKit/537.36(KHTML,link Gecko) Version/4.0 Chrome/42.0.2311.138 Mobile Safari/537.36 Mb2345Browser/9.0" "-"
125.114.147.85 - - [06/Dec/2019:22:23:23 +0100] "GET /producto/camiseta-manga-corta-futbol-4?add-to-cart=18690 HTTP/1.1" 301 4821 "-" "Mozilla/5.0(Linux;Android 5.1.1;OPPO A33 Build/LMY47V;wv) AppleWebKit/537.36(KHTML,link Gecko) Version/4.0 Chrome/42.0.2311.138 Mobile Safari/537.36 Mb2345Browser/9.0" "-"
175.172.81.165 - - [06/Dec/2019:22:23:23 +0100] "GET /producto/braga-cuello-motocross/ HTTP/1.1" 200 96863 "-" "Mozilla/5.0(Linux;Android 5.1.1;OPPO A33 Build/LMY47V;wv) AppleWebKit/537.36(KHTML,link Gecko) Version/4.0 Chrome/42.0.2311.138 Mobile Safari/537.36 Mb2345Browser/9.0" "wpfront-notification-bar-landingpage=1"
125.114.147.85 - - [06/Dec/2019:22:23:25 +0100] "GET /producto/camiseta-manga-corta-futbol-4/?add-to-cart=18690 HTTP/1.1" 200 77858 "-" "Mozilla/5.0(Linux;Android 5.1.1;OPPO A33 Build/LMY47V;wv) AppleWebKit/537.36(KHTML,link Gecko) Version/4.0 Chrome/42.0.2311.138 Mobile Safari/537.36 Mb2345Browser/9.0" "woocommerce_cart_hash=bb9438cb389913c015c7d3b8b45f0bb6; woocommerce_items_in_cart=1; wp_woocommerce_session_fb86dbb0e6335d960ea3e94e06b25287=ca26e1d9a36f6d1dd1a3efab2b4c9558%7C%7C1575840203%7C%7C1575836603%7C%7C32243481252466ac4144ac42148a55d8; wpfront-notification-bar-landingpage=1"
42.248.3.98 - - [06/Dec/2019:22:23:29 +0100] "GET /producto/polo-tecnico-bandera-star-cif-t-2021-2020-2024 HTTP/1.1" 301 3579 "-" "Mozilla/5.0(Linux;Android 5.1.1;OPPO A33 Build/LMY47V;wv) AppleWebKit/537.36(KHTML,link Gecko) Version/4.0 Chrome/43.0.2357.121 Mobile Safari/537.36 LieBaoFast/4.51.3" "-"
42.248.3.98 - - [06/Dec/2019:22:23:31 +0100] "GET /producto/polo-tecnico-bandera-star-cif-t-2021-2020-2024/ HTTP/1.1" 200 103377 "-" "Mozilla/5.0(Linux;Android 5.1.1;OPPO A33 Build/LMY47V;wv) AppleWebKit/537.36(KHTML,link Gecko) Version/4.0 Chrome/43.0.2357.121 Mobile Safari/537.36 LieBaoFast/4.51.3" "wpfront-notification-bar-landingpage=1"
110.189.211.62 - - [06/Dec/2019:22:23:32 +0100] "GET /producto/camiseta-manga-corta-basket-2 HTTP/1.1" 301 3562 "-" "Mozilla/5.0 (Linux; Android 7.0; FRD-AL00 Build/HUAWEIFRD-AL00; wv) AppleWebKit/537.36 (KHTML, like Gecko) Version/4.0 Chrome/53.0.2785.49 Mobile MQQBrowser/6.2 TBS/043602 Safari/537.36 MicroMessenger/6.5.16.1120 NetType/WIFI Language/zh_CN" "-"
125.106.80.134 - - [06/Dec/2019:22:23:34 +0100] "GET /wp-content/uploads/2017/03/Sa-0351-colores-1.jpg HTTP/1.1" 200 15016 "-" "Mozilla/5.0 (Linux; Android 7.0; FRD-AL00 Build/HUAWEIFRD-AL00; wv) AppleWebKit/537.36 (KHTML, like Gecko) Version/4.0 Chrome/53.0.2785.49 Mobile MQQBrowser/6.2 TBS/043602 Safari/537.36 MicroMessenger/6.5.16.1120 NetType/WIFI Language/zh_CN" "-"
171.8.69.13 - - [06/Dec/2019:22:23:35 +0100] "GET /wp-content/uploads/2017/01/camiseta-triatlon-300x300.jpg HTTP/1.1" 200 21157 "-" "Mozilla/5.0(Linux;Android 5.1.1;OPPO A33 Build/LMY47V;wv) AppleWebKit/537.36(KHTML,link Gecko) Version/4.0 Chrome/43.0.2357.121 Mobile Safari/537.36 LieBaoFast/4.51.3" "-"
110.189.211.62 - - [06/Dec/2019:22:23:35 +0100] "GET /producto/camiseta-manga-corta-basket-2/ HTTP/1.1" 200 77136 "-" "Mozilla/5.0 (Linux; Android 7.0; FRD-AL00 Build/HUAWEIFRD-AL00; wv) AppleWebKit/537.36 (KHTML, like Gecko) Version/4.0 Chrome/53.0.2785.49 Mobile MQQBrowser/6.2 TBS/043602 Safari/537.36 MicroMessenger/6.5.16.1120 NetType/WIFI Language/zh_CN" "wpfront-notification-bar-landingpage=1"
122.188.245.137 - - [06/Dec/2019:22:23:45 +0100] "GET /producto/camiseta-manga-corta-ranglan-futbol-3?add-to-cart=18679 HTTP/1.1" 301 4829 "-" "Mozilla/5.0(Linux;U;Android 5.1.1;zh-CN;OPPO A33 Build/LMY47V) AppleWebKit/537.36(KHTML,like Gecko) Version/4.0 Chrome/40.0.2214.89 UCBrowser/11.7.0.953 Mobile Safari/537.36" "-"
122.188.245.137 - - [06/Dec/2019:22:23:48 +0100] "GET /producto/camiseta-manga-corta-ranglan-futbol-3/?add-to-cart=18679 HTTP/1.1" 200 78140 "-" "Mozilla/5.0(Linux;U;Android 5.1.1;zh-CN;OPPO A33 Build/LMY47V) AppleWebKit/537.36(KHTML,like Gecko) Version/4.0 Chrome/40.0.2214.89 UCBrowser/11.7.0.953 Mobile Safari/537.36" "woocommerce_cart_hash=8f43e49a308e3f5d3ba9b30e41719602; woocommerce_items_in_cart=1; wp_woocommerce_session_fb86dbb0e6335d960ea3e94e06b25287=6508decf6fabe446d02dbe1f64695896%7C%7C1575840226%7C%7C1575836626%7C%7C69218c93b08674c3d9905fe42b64c8af; wpfront-notification-bar-landingpage=1"
217.76.130.90 - - [06/Dec/2019:22:24:03 +0100] "POST /wp-cron.php?doing_wp_cron=1575667443.7286560535430908203125 HTTP/1.1" 200 3389 "https://amazingsportwear.com/wp-cron.php?doing_wp_cron=1575667443.7286560535430908203125" "WordPress/5.2.4; https://amazingsportwear.com" "-"
125.106.230.79 - - [06/Dec/2019:22:24:02 +0100] "GET /producto/camiseta-basket-con-costadillos-2?add-to-cart=18700 HTTP/1.1" 301 4825 "-" "Mozilla/5.0(Linux;U;Android 5.1.1;zh-CN;OPPO A33 Build/LMY47V) AppleWebKit/537.36(KHTML,like Gecko) Version/4.0 Chrome/40.0.2214.89 UCBrowser/11.7.0.953 Mobile Safari/537.36" "-"
125.106.230.79 - - [06/Dec/2019:22:24:05 +0100] "GET /producto/camiseta-basket-con-costadillos-2/?add-to-cart=18700 HTTP/1.1" 200 78471 "-" "Mozilla/5.0(Linux;U;Android 5.1.1;zh-CN;OPPO A33 Build/LMY47V) AppleWebKit/537.36(KHTML,like Gecko) Version/4.0 Chrome/40.0.2214.89 UCBrowser/11.7.0.953 Mobile Safari/537.36" "woocommerce_cart_hash=4eac563cd4310c0355057436dea0a742; woocommerce_items_in_cart=1; wp_woocommerce_session_fb86dbb0e6335d960ea3e94e06b25287=2fe016f8df7e8a7cdaced6b940f8304f%7C%7C1575840243%7C%7C1575836643%7C%7C4c43e879bd0738e604cf1e2040972201; wpfront-notification-bar-landingpage=1"
112.0.15.171 - - [06/Dec/2019:22:24:43 +0100] "GET /etiqueta-producto/decath HTTP/1.1" 301 3548 "-" "Mozilla/5.0(Linux;U;Android 5.1.1;zh-CN;OPPO A33 Build/LMY47V) AppleWebKit/537.36(KHTML,like Gecko) Version/4.0 Chrome/40.0.2214.89 UCBrowser/11.7.0.953 Mobile Safari/537.36" "-"
112.0.15.171 - - [06/Dec/2019:22:24:45 +0100] "GET /etiqueta-producto/decath/ HTTP/1.1" 200 53677 "-" "Mozilla/5.0(Linux;U;Android 5.1.1;zh-CN;OPPO A33 Build/LMY47V) AppleWebKit/537.36(KHTML,like Gecko) Version/4.0 Chrome/40.0.2214.89 UCBrowser/11.7.0.953 Mobile Safari/537.36" "wpfront-notification-bar-landingpage=1"
66.249.64.148 - - [06/Dec/2019:22:29:17 +0100] "GET /wp-content/uploads/2019/04/Gorra-sport-1.png HTTP/1.1" 304 3566 "-" "Googlebot-Image/1.0" "-"
217.76.130.90 - - [06/Dec/2019:22:29:18 +0100] "POST /wp-cron.php?doing_wp_cron=1575667758.4468789100646972656250 HTTP/1.1" 200 3389 "https://amazingsportwear.com/wp-cron.php?doing_wp_cron=1575667758.4468789100646972656250" "WordPress/5.2.4; https://amazingsportwear.com" "-"
69.171.251.23 - - [06/Dec/2019:22:29:17 +0100] "GET / HTTP/1.1" 200 125590 "-" "facebookexternalhit/1.1 (+http://www.facebook.com/externalhit_uatext.php)" "-"
66.220.149.33 - - [06/Dec/2019:22:29:18 +0100] "GET /?fbclid=IwAR1jvy9fzSXPi-PZ-ZPNo96drjfk0e3AfzgFk25x6tqs9LN05Rxuu98lchA HTTP/1.1" 200 125921 "-" "Mozilla/5.0 (iPhone; CPU iPhone OS 13_1_2 like Mac OS X) AppleWebKit/605.1.15 (KHTML, like Gecko) Version/13.0.1 Mobile/15E148 Safari/604.1" "-"
66.220.149.19 - - [06/Dec/2019:22:29:20 +0100] "GET /wp-includes/css/dist/block-library/style.min.css?ver=5.2.4 HTTP/1.1" 200 33023 "-" "Mozilla/5.0 (iPhone; CPU iPhone OS 13_1_2 like Mac OS X) AppleWebKit/605.1.15 (KHTML, like Gecko) Version/13.0.1 Mobile/15E148 Safari/604.1" "wpfront-notification-bar-landingpage=1"
66.220.149.51 - - [06/Dec/2019:22:29:20 +0100] "GET /wp-content/plugins/woocommerce/assets/css/blocks/style.css?ver=3.6.4 HTTP/1.1" 200 10060 "-" "Mozilla/5.0 (iPhone; CPU iPhone OS 13_1_2 like Mac OS X) AppleWebKit/605.1.15 (KHTML, like Gecko) Version/13.0.1 Mobile/15E148 Safari/604.1" "wpfront-notification-bar-landingpage=1"
66.220.149.19 - - [06/Dec/2019:22:29:21 +0100] "GET /wp-content/plugins/cookie-law-info/public/css/cookie-law-info-public.css?ver=1.7.6 HTTP/1.1" 200 6598 "-" "Mozilla/5.0 (iPhone; CPU iPhone OS 13_1_2 like Mac OS X) AppleWebKit/605.1.15 (KHTML, like Gecko) Version/13.0.1 Mobile/15E148 Safari/604.1" "wpfront-notification-bar-landingpage=1"
66.220.149.51 - - [06/Dec/2019:22:29:21 +0100] "GET /wp-content/plugins/cookie-law-info/public/css/cookie-law-info-gdpr.css?ver=1.7.6 HTTP/1.1" 200 15808 "-" "Mozilla/5.0 (iPhone; CPU iPhone OS 13_1_2 like Mac OS X) AppleWebKit/605.1.15 (KHTML, like Gecko) Version/13.0.1 Mobile/15E148 Safari/604.1" "wpfront-notification-bar-landingpage=1"
66.220.149.19 - - [06/Dec/2019:22:29:22 +0100] "GET /wp-content/plugins/wpfront-notification-bar/css/wpfront-notification-bar.css?ver=1.7.1 HTTP/1.1" 200 7026 "-" "Mozilla/5.0 (iPhone; CPU iPhone OS 13_1_2 like Mac OS X) AppleWebKit/605.1.15 (KHTML, like Gecko) Version/13.0.1 Mobile/15E148 Safari/604.1" "wpfront-notification-bar-landingpage=1"
66.220.149.51 - - [06/Dec/2019:22:29:22 +0100] "GET /wp-content/themes/shopper/style.css?ver=1.3.8 HTTP/1.1" 200 128678 "-" "Mozilla/5.0 (iPhone; CPU iPhone OS 13_1_2 like Mac OS X) AppleWebKit/605.1.15 (KHTML, like Gecko) Version/13.0.1 Mobile/15E148 Safari/604.1" "wpfront-notification-bar-landingpage=1"
66.220.149.19 - - [06/Dec/2019:22:29:22 +0100] "GET /wp-content/plugins/simple-social-icons/css/style.css?ver=3.0.1 HTTP/1.1" 200 4925 "-" "Mozilla/5.0 (iPhone; CPU iPhone OS 13_1_2 like Mac OS X) AppleWebKit/605.1.15 (KHTML, like Gecko) Version/13.0.1 Mobile/15E148 Safari/604.1" "wpfront-notification-bar-landingpage=1"
66.220.149.51 - - [06/Dec/2019:22:29:23 +0100] "GET /wp-content/plugins/elementor/assets/lib/eicons/css/elementor-icons.min.css?ver=4.3.0 HTTP/1.1" 200 15213 "-" "Mozilla/5.0 (iPhone; CPU iPhone OS 13_1_2 like Mac OS X) AppleWebKit/605.1.15 (KHTML, like Gecko) Version/13.0.1 Mobile/15E148 Safari/604.1" "wpfront-notification-bar-landingpage=1"
66.220.149.19 - - [06/Dec/2019:22:29:23 +0100] "GET /wp-content/plugins/elementor/assets/lib/font-awesome/css/font-awesome.min.css?ver=4.7.0 HTTP/1.1" 200 34728 "-" "Mozilla/5.0 (iPhone; CPU iPhone OS 13_1_2 like Mac OS X) AppleWebKit/605.1.15 (KHTML, like Gecko) Version/13.0.1 Mobile/15E148 Safari/604.1" "wpfront-notification-bar-landingpage=1"
66.220.149.51 - - [06/Dec/2019:22:29:23 +0100] "GET /wp-content/plugins/elementor/assets/lib/animations/animations.min.css?ver=2.5.16 HTTP/1.1" 200 22196 "-" "Mozilla/5.0 (iPhone; CPU iPhone OS 13_1_2 like Mac OS X) AppleWebKit/605.1.15 (KHTML, like Gecko) Version/13.0.1 Mobile/15E148 Safari/604.1" "wpfront-notification-bar-landingpage=1"
66.220.149.19 - - [06/Dec/2019:22:29:24 +0100] "GET /wp-content/plugins/elementor/assets/css/frontend.min.css?ver=2.5.16 HTTP/1.1" 200 98729 "-" "Mozilla/5.0 (iPhone; CPU iPhone OS 13_1_2 like Mac OS X) AppleWebKit/605.1.15 (KHTML, like Gecko) Version/13.0.1 Mobile/15E148 Safari/604.1" "wpfront-notification-bar-landingpage=1"
66.220.149.51 - - [06/Dec/2019:22:29:24 +0100] "GET /wp-content/uploads/elementor/css/global.css?ver=1559638744 HTTP/1.1" 200 8499 "-" "Mozilla/5.0 (iPhone; CPU iPhone OS 13_1_2 like Mac OS X) AppleWebKit/605.1.15 (KHTML, like Gecko) Version/13.0.1 Mobile/15E148 Safari/604.1" "wpfront-notification-bar-landingpage=1"
66.220.149.19 - - [06/Dec/2019:22:29:25 +0100] "GET /wp-includes/js/jquery/jquery-migrate.min.js?ver=1.4.1 HTTP/1.1" 200 13762 "-" "Mozilla/5.0 (iPhone; CPU iPhone OS 13_1_2 like Mac OS X) AppleWebKit/605.1.15 (KHTML, like Gecko) Version/13.0.1 Mobile/15E148 Safari/604.1" "wpfront-notification-bar-landingpage=1"
66.220.149.51 - - [06/Dec/2019:22:29:25 +0100] "GET /wp-content/plugins/cookie-law-info/public/js/cookie-law-info-public.js?ver=1.7.6 HTTP/1.1" 200 20439 "-" "Mozilla/5.0 (iPhone; CPU iPhone OS 13_1_2 like Mac OS X) AppleWebKit/605.1.15 (KHTML, like Gecko) Version/13.0.1 Mobile/15E148 Safari/604.1" "wpfront-notification-bar-landingpage=1"
66.220.149.13 - - [06/Dec/2019:22:29:25 +0100] "GET /wp-content/plugins/smart-slider-3/library/media/smartslider.min.css?1559118093 HTTP/1.1" 200 23322 "-" "Mozilla/5.0 (iPhone; CPU iPhone OS 13_1_2 like Mac OS X) AppleWebKit/605.1.15 (KHTML, like Gecko) Version/13.0.1 Mobile/15E148 Safari/604.1" "wpfront-notification-bar-landingpage=1"
66.220.149.28 - - [06/Dec/2019:22:29:25 +0100] "GET /wp-content/uploads/elementor/css/post-16241.css?ver=1562311573 HTTP/1.1" 200 8297 "-" "Mozilla/5.0 (iPhone; CPU iPhone OS 13_1_2 like Mac OS X) AppleWebKit/605.1.15 (KHTML, like Gecko) Version/13.0.1 Mobile/15E148 Safari/604.1" "wpfront-notification-bar-landingpage=1"
66.220.149.7 - - [06/Dec/2019:22:29:25 +0100] "GET /wp-includes/js/jquery/jquery.js?ver=1.12.4-wp HTTP/1.1" 200 100725 "-" "Mozilla/5.0 (iPhone; CPU iPhone OS 13_1_2 like Mac OS X) AppleWebKit/605.1.15 (KHTML, like Gecko) Version/13.0.1 Mobile/15E148 Safari/604.1" "wpfront-notification-bar-landingpage=1"
66.220.149.50 - - [06/Dec/2019:22:29:25 +0100] "GET /wp-content/themes/shopper/assets/sass/woocommerce/woocommerce.css?ver=5.2.4 HTTP/1.1" 200 86897 "-" "Mozilla/5.0 (iPhone; CPU iPhone OS 13_1_2 like Mac OS X) AppleWebKit/605.1.15 (KHTML, like Gecko) Version/13.0.1 Mobile/15E148 Safari/604.1" "wpfront-notification-bar-landingpage=1"
66.220.149.19 - - [06/Dec/2019:22:29:25 +0100] "GET /wp-content/plugins/wpfront-notification-bar/jquery-plugins/jquery.c.js?ver=1.4.0 HTTP/1.1" 200 6800 "-" "Mozilla/5.0 (iPhone; CPU iPhone OS 13_1_2 like Mac OS X) AppleWebKit/605.1.15 (KHTML, like Gecko) Version/13.0.1 Mobile/15E148 Safari/604.1" "wpfront-notification-bar-landingpage=1"
66.220.149.51 - - [06/Dec/2019:22:29:26 +0100] "GET /wp-content/plugins/wpfront-notification-bar/js/wpfront-notification-bar.js?ver=1.7.1 HTTP/1.1" 200 9025 "-" "Mozilla/5.0 (iPhone; CPU iPhone OS 13_1_2 like Mac OS X) AppleWebKit/605.1.15 (KHTML, like Gecko) Version/13.0.1 Mobile/15E148 Safari/604.1" "wpfront-notification-bar-landingpage=1"
66.220.149.28 - - [06/Dec/2019:22:29:26 +0100] "GET /wp-content/plugins/simple-social-icons/svgxuse.js?ver=1.1.21 HTTP/1.1" 200 12943 "-" "Mozilla/5.0 (iPhone; CPU iPhone OS 13_1_2 like Mac OS X) AppleWebKit/605.1.15 (KHTML, like Gecko) Version/13.0.1 Mobile/15E148 Safari/604.1" "wpfront-notification-bar-landingpage=1"
66.220.149.13 - - [06/Dec/2019:22:29:26 +0100] "GET /wp-content/plugins/smart-slider-3/nextend/media/dist/n2.min.js?1559118093 HTTP/1.1" 200 7199 "-" "Mozilla/5.0 (iPhone; CPU iPhone OS 13_1_2 like Mac OS X) AppleWebKit/605.1.15 (KHTML, like Gecko) Version/13.0.1 Mobile/15E148 Safari/604.1" "wpfront-notification-bar-landingpage=1"
66.220.149.50 - - [06/Dec/2019:22:29:26 +0100] "GET /wp-content/plugins/smart-slider-3/library/media/plugins/type/simple/simple/dist/smartslider-simple-type-frontend.min.js?1559118093 HTTP/1.1" 200 22336 "-" "Mozilla/5.0 (iPhone; CPU iPhone OS 13_1_2 like Mac OS X) AppleWebKit/605.1.15 (KHTML, like Gecko) Version/13.0.1 Mobile/15E148 Safari/604.1" "wpfront-notification-bar-landingpage=1"
66.220.149.19 - - [06/Dec/2019:22:29:26 +0100] "GET /wp-content/plugins/smart-slider-3/library/media/dist/smartslider-frontend.min.js?1559118093 HTTP/1.1" 200 130656 "-" "Mozilla/5.0 (iPhone; CPU iPhone OS 13_1_2 like Mac OS X) AppleWebKit/605.1.15 (KHTML, like Gecko) Version/13.0.1 Mobile/15E148 Safari/604.1" "wpfront-notification-bar-landingpage=1"
66.220.149.7 - - [06/Dec/2019:22:29:26 +0100] "GET /wp-content/plugins/smart-slider-3/nextend/media/dist/nextend-frontend.min.js?1559118093 HTTP/1.1" 200 89702 "-" "Mozilla/5.0 (iPhone; CPU iPhone OS 13_1_2 like Mac OS X) AppleWebKit/605.1.15 (KHTML, like Gecko) Version/13.0.1 Mobile/15E148 Safari/604.1" "wpfront-notification-bar-landingpage=1"
66.220.149.7 - - [06/Dec/2019:22:29:27 +0100] "GET /wp-content/themes/shopper/assets/js/crm.js?ver=1561548510 HTTP/1.1" 200 4237 "-" "Mozilla/5.0 (iPhone; CPU iPhone OS 13_1_2 like Mac OS X) AppleWebKit/605.1.15 (KHTML, like Gecko) Version/13.0.1 Mobile/15E148 Safari/604.1" "wpfront-notification-bar-landingpage=1"
66.220.149.19 - - [06/Dec/2019:22:29:28 +0100] "GET /wp-content/plugins/woocommerce/assets/js/jquery-blockui/jquery.blockUI.min.js?ver=2.70 HTTP/1.1" 200 13271 "-" "Mozilla/5.0 (iPhone; CPU iPhone OS 13_1_2 like Mac OS X) AppleWebKit/605.1.15 (KHTML, like Gecko) Version/13.0.1 Mobile/15E148 Safari/604.1" "wpfront-notification-bar-landingpage=1"
66.220.149.51 - - [06/Dec/2019:22:29:28 +0100] "GET /wp-content/themes/shopper/assets/js/skip-link-focus-fix.js?ver=1.3.8 HTTP/1.1" 200 4386 "-" "Mozilla/5.0 (iPhone; CPU iPhone OS 13_1_2 like Mac OS X) AppleWebKit/605.1.15 (KHTML, like Gecko) Version/13.0.1 Mobile/15E148 Safari/604.1" "wpfront-notification-bar-landingpage=1"
66.220.149.13 - - [06/Dec/2019:22:29:28 +0100] "GET /wp-content/plugins/woocommerce/assets/js/frontend/woocommerce.min.js?ver=3.6.4 HTTP/1.1" 200 5176 "-" "Mozilla/5.0 (iPhone; CPU iPhone OS 13_1_2 like Mac OS X) AppleWebKit/605.1.15 (KHTML, like Gecko) Version/13.0.1 Mobile/15E148 Safari/604.1" "wpfront-notification-bar-landingpage=1"
66.220.149.28 - - [06/Dec/2019:22:29:28 +0100] "GET /wp-content/plugins/woocommerce/assets/js/frontend/cart-fragments.min.js?ver=3.6.4 HTTP/1.1" 200 6644 "-" "Mozilla/5.0 (iPhone; CPU iPhone OS 13_1_2 like Mac OS X) AppleWebKit/605.1.15 (KHTML, like Gecko) Version/13.0.1 Mobile/15E148 Safari/604.1" "wpfront-notification-bar-landingpage=1"
66.220.149.7 - - [06/Dec/2019:22:29:28 +0100] "GET /wp-content/plugins/woocommerce/assets/js/frontend/add-to-cart.min.js?ver=3.6.4 HTTP/1.1" 200 6346 "-" "Mozilla/5.0 (iPhone; CPU iPhone OS 13_1_2 like Mac OS X) AppleWebKit/605.1.15 (KHTML, like Gecko) Version/13.0.1 Mobile/15E148 Safari/604.1" "wpfront-notification-bar-landingpage=1"
66.220.149.50 - - [06/Dec/2019:22:29:28 +0100] "GET /wp-content/plugins/woocommerce/assets/js/js-cookie/js.cookie.min.js?ver=2.1.4 HTTP/1.1" 200 5550 "-" "Mozilla/5.0 (iPhone; CPU iPhone OS 13_1_2 like Mac OS X) AppleWebKit/605.1.15 (KHTML, like Gecko) Version/13.0.1 Mobile/15E148 Safari/604.1" "wpfront-notification-bar-landingpage=1"
66.220.149.19 - - [06/Dec/2019:22:29:28 +0100] "GET /wp-content/plugins/elementor/assets/lib/font-awesome/fonts/fontawesome-webfont.woff2?v=4.7.0 HTTP/1.1" 200 80978 "-" "Mozilla/5.0 (iPhone; CPU iPhone OS 13_1_2 like Mac OS X) AppleWebKit/605.1.15 (KHTML, like Gecko) Version/13.0.1 Mobile/15E148 Safari/604.1" "wpfront-notification-bar-landingpage=1"
66.220.149.51 - - [06/Dec/2019:22:29:29 +0100] "GET /wp-content/themes/shopper/assets/js/woocommerce/header-cart.min.js?ver=1.3.8 HTTP/1.1" 200 4335 "-" "Mozilla/5.0 (iPhone; CPU iPhone OS 13_1_2 like Mac OS X) AppleWebKit/605.1.15 (KHTML, like Gecko) Version/13.0.1 Mobile/15E148 Safari/604.1" "wpfront-notification-bar-landingpage=1; _ga=GA1.2.1458010906.1575667768; _gid=GA1.2.1720120629.1575667768; _gat_gtag_UA_91619287_1=1"
66.220.149.28 - - [06/Dec/2019:22:29:29 +0100] "GET /wp-content/themes/shopper/assets/js/shopper.min.js?ver=1.3.8 HTTP/1.1" 200 9357 "-" "Mozilla/5.0 (iPhone; CPU iPhone OS 13_1_2 like Mac OS X) AppleWebKit/605.1.15 (KHTML, like Gecko) Version/13.0.1 Mobile/15E148 Safari/604.1" "wpfront-notification-bar-landingpage=1; _ga=GA1.2.1458010906.1575667768; _gid=GA1.2.1720120629.1575667768; _gat_gtag_UA_91619287_1=1"
66.220.149.13 - - [06/Dec/2019:22:29:29 +0100] "GET /wp-includes/js/wp-embed.min.js?ver=5.2.4 HTTP/1.1" 200 5107 "-" "Mozilla/5.0 (iPhone; CPU iPhone OS 13_1_2 like Mac OS X) AppleWebKit/605.1.15 (KHTML, like Gecko) Version/13.0.1 Mobile/15E148 Safari/604.1" "wpfront-notification-bar-landingpage=1; _ga=GA1.2.1458010906.1575667768; _gid=GA1.2.1720120629.1575667768; _gat_gtag_UA_91619287_1=1"
66.220.149.7 - - [06/Dec/2019:22:29:29 +0100] "GET /wp-content/plugins/elementor/assets/lib/slick/slick.min.js?ver=1.8.1 HTTP/1.1" 200 46627 "-" "Mozilla/5.0 (iPhone; CPU iPhone OS 13_1_2 like Mac OS X) AppleWebKit/605.1.15 (KHTML, like Gecko) Version/13.0.1 Mobile/15E148 Safari/604.1" "wpfront-notification-bar-landingpage=1; _ga=GA1.2.1458010906.1575667768; _gid=GA1.2.1720120629.1575667768; _gat_gtag_UA_91619287_1=1"
66.220.149.48 - - [06/Dec/2019:22:29:29 +0100] "GET /wp-content/plugins/elementor/assets/js/frontend-modules.min.js?ver=2.5.16 HTTP/1.1" 200 14849 "-" "Mozilla/5.0 (iPhone; CPU iPhone OS 13_1_2 like Mac OS X) AppleWebKit/605.1.15 (KHTML, like Gecko) Version/13.0.1 Mobile/15E148 Safari/604.1" "wpfront-notification-bar-landingpage=1; _ga=GA1.2.1458010906.1575667768; _gid=GA1.2.1720120629.1575667768; _gat_gtag_UA_91619287_1=1"
66.220.149.51 - - [06/Dec/2019:22:29:29 +0100] "GET /wp-includes/js/jquery/ui/position.min.js?ver=1.11.4 HTTP/1.1" 200 10232 "-" "Mozilla/5.0 (iPhone; CPU iPhone OS 13_1_2 like Mac OS X) AppleWebKit/605.1.15 (KHTML, like Gecko) Version/13.0.1 Mobile/15E148 Safari/604.1" "wpfront-notification-bar-landingpage=1; _ga=GA1.2.1458010906.1575667768; _gid=GA1.2.1720120629.1575667768; _gat_gtag_UA_91619287_1=1"
66.220.149.13 - - [06/Dec/2019:22:29:29 +0100] "GET /wp-content/plugins/elementor/assets/lib/waypoints/waypoints.min.js?ver=4.0.2 HTTP/1.1" 200 15904 "-" "Mozilla/5.0 (iPhone; CPU iPhone OS 13_1_2 like Mac OS X) AppleWebKit/605.1.15 (KHTML, like Gecko) Version/13.0.1 Mobile/15E148 Safari/604.1" "wpfront-notification-bar-landingpage=1; _ga=GA1.2.1458010906.1575667768; _gid=GA1.2.1720120629.1575667768; _gat_gtag_UA_91619287_1=1"
66.220.149.28 - - [06/Dec/2019:22:29:29 +0100] "GET /wp-content/plugins/elementor/assets/lib/dialog/dialog.min.js?ver=4.7.1 HTTP/1.1" 200 14274 "-" "Mozilla/5.0 (iPhone; CPU iPhone OS 13_1_2 like Mac OS X) AppleWebKit/605.1.15 (KHTML, like Gecko) Version/13.0.1 Mobile/15E148 Safari/604.1" "wpfront-notification-bar-landingpage=1; _ga=GA1.2.1458010906.1575667768; _gid=GA1.2.1720120629.1575667768; _gat_gtag_UA_91619287_1=1"
66.220.149.7 - - [06/Dec/2019:22:29:30 +0100] "GET /wp-content/plugins/elementor/assets/js/frontend.min.js?ver=2.5.16 HTTP/1.1" 200 44704 "-" "Mozilla/5.0 (iPhone; CPU iPhone OS 13_1_2 like Mac OS X) AppleWebKit/605.1.15 (KHTML, like Gecko) Version/13.0.1 Mobile/15E148 Safari/604.1" "wpfront-notification-bar-landingpage=1; _ga=GA1.2.1458010906.1575667768; _gid=GA1.2.1720120629.1575667768; _gat_gtag_UA_91619287_1=1"
66.220.149.19 - - [06/Dec/2019:22:29:29 +0100] "GET /wp-content/plugins/elementor/assets/lib/swiper/swiper.min.js?ver=4.4.6 HTTP/1.1" 200 129489 "-" "Mozilla/5.0 (iPhone; CPU iPhone OS 13_1_2 like Mac OS X) AppleWebKit/605.1.15 (KHTML, like Gecko) Version/13.0.1 Mobile/15E148 Safari/604.1" "wpfront-notification-bar-landingpage=1; _ga=GA1.2.1458010906.1575667768; _gid=GA1.2.1720120629.1575667768; _gat_gtag_UA_91619287_1=1"
66.220.149.48 - - [06/Dec/2019:22:29:30 +0100] "GET /wp-content/themes/shopper/assets/fonts/fontawesome-webfont.woff2?v=4.7.0 HTTP/1.1" 200 80978 "-" "Mozilla/5.0 (iPhone; CPU iPhone OS 13_1_2 like Mac OS X) AppleWebKit/605.1.15 (KHTML, like Gecko) Version/13.0.1 Mobile/15E148 Safari/604.1" "wpfront-notification-bar-landingpage=1; _ga=GA1.2.1458010906.1575667768; _gid=GA1.2.1720120629.1575667768; _gat_gtag_UA_91619287_1=1"
66.220.149.28 - - [06/Dec/2019:22:29:30 +0100] "GET /wp-includes/js/wp-emoji-release.min.js?ver=5.2.4 HTTP/1.1" 200 17546 "-" "Mozilla/5.0 (iPhone; CPU iPhone OS 13_1_2 like Mac OS X) AppleWebKit/605.1.15 (KHTML, like Gecko) Version/13.0.1 Mobile/15E148 Safari/604.1" "wpfront-notification-bar-landingpage=1; _ga=GA1.2.1458010906.1575667768; _gid=GA1.2.1720120629.1575667768; _gat_gtag_UA_91619287_1=1"
66.220.149.13 - - [06/Dec/2019:22:29:30 +0100] "GET /wp-content/plugins/si-contact-form/includes/fscf-scripts.js?ver=179 HTTP/1.1" 200 4396 "-" "Mozilla/5.0 (iPhone; CPU iPhone OS 13_1_2 like Mac OS X) AppleWebKit/605.1.15 (KHTML, like Gecko) Version/13.0.1 Mobile/15E148 Safari/604.1" "wpfront-notification-bar-landingpage=1; _ga=GA1.2.1458010906.1575667768; _gid=GA1.2.1720120629.1575667768; _gat_gtag_UA_91619287_1=1"
66.220.149.51 - - [06/Dec/2019:22:29:30 +0100] "GET /wp-includes/js/jquery/ui/core.min.js?ver=1.11.4 HTTP/1.1" 200 7704 "-" "Mozilla/5.0 (iPhone; CPU iPhone OS 13_1_2 like Mac OS X) AppleWebKit/605.1.15 (KHTML, like Gecko) Version/13.0.1 Mobile/15E148 Safari/604.1" "wpfront-notification-bar-landingpage=1; _ga=GA1.2.1458010906.1575667768; _gid=GA1.2.1720120629.1575667768; _gat_gtag_UA_91619287_1=1"
66.220.149.7 - - [06/Dec/2019:22:29:30 +0100] "GET /wp-content/uploads/2019/05/cropped-asw-white.png HTTP/1.1" 200 10863 "-" "Mozilla/5.0 (iPhone; CPU iPhone OS 13_1_2 like Mac OS X) AppleWebKit/605.1.15 (KHTML, like Gecko) Version/13.0.1 Mobile/15E148 Safari/604.1" "wpfront-notification-bar-landingpage=1; _ga=GA1.2.1458010906.1575667768; _gid=GA1.2.1720120629.1575667768; _gat_gtag_UA_91619287_1=1"
66.220.149.19 - - [06/Dec/2019:22:29:31 +0100] "GET /wp-content/uploads/2019/07/buff-bandana-300x123.jpg HTTP/1.1" 200 19222 "-" "Mozilla/5.0 (iPhone; CPU iPhone OS 13_1_2 like Mac OS X) AppleWebKit/605.1.15 (KHTML, like Gecko) Version/13.0.1 Mobile/15E148 Safari/604.1" "wpfront-notification-bar-landingpage=1; _ga=GA1.2.1458010906.1575667768; _gid=GA1.2.1720120629.1575667768; _gat_gtag_UA_91619287_1=1"
66.220.149.51 - - [06/Dec/2019:22:29:31 +0100] "GET /wp-content/uploads/2019/07/cortavientos-300x124.jpg HTTP/1.1" 200 20457 "-" "Mozilla/5.0 (iPhone; CPU iPhone OS 13_1_2 like Mac OS X) AppleWebKit/605.1.15 (KHTML, like Gecko) Version/13.0.1 Mobile/15E148 Safari/604.1" "wpfront-notification-bar-landingpage=1; _ga=GA1.2.1458010906.1575667768; _gid=GA1.2.1720120629.1575667768; _gat_gtag_UA_91619287_1=1"
66.220.149.28 - - [06/Dec/2019:22:29:31 +0100] "GET /wp-content/uploads/2019/07/camiseta-tecnica-mujer-300x124.jpg HTTP/1.1" 200 20683 "-" "Mozilla/5.0 (iPhone; CPU iPhone OS 13_1_2 like Mac OS X) AppleWebKit/605.1.15 (KHTML, like Gecko) Version/13.0.1 Mobile/15E148 Safari/604.1" "wpfront-notification-bar-landingpage=1; _ga=GA1.2.1458010906.1575667768; _gid=GA1.2.1720120629.1575667768; _gat_gtag_UA_91619287_1=1"
66.220.149.13 - - [06/Dec/2019:22:29:31 +0100] "GET /wp-content/uploads/2019/07/camiseta-tecnica-unisex-300x124.jpg HTTP/1.1" 200 20453 "-" "Mozilla/5.0 (iPhone; CPU iPhone OS 13_1_2 like Mac OS X) AppleWebKit/605.1.15 (KHTML, like Gecko) Version/13.0.1 Mobile/15E148 Safari/604.1" "wpfront-notification-bar-landingpage=1; _ga=GA1.2.1458010906.1575667768; _gid=GA1.2.1720120629.1575667768; _gat_gtag_UA_91619287_1=1"
66.220.149.7 - - [06/Dec/2019:22:29:31 +0100] "GET /wp-content/uploads/2019/07/polo-tecnico-300x124.jpg HTTP/1.1" 200 20902 "-" "Mozilla/5.0 (iPhone; CPU iPhone OS 13_1_2 like Mac OS X) AppleWebKit/605.1.15 (KHTML, like Gecko) Version/13.0.1 Mobile/15E148 Safari/604.1" "wpfront-notification-bar-landingpage=1; _ga=GA1.2.1458010906.1575667768; _gid=GA1.2.1720120629.1575667768; _gat_gtag_UA_91619287_1=1"
66.220.149.48 - - [06/Dec/2019:22:29:31 +0100] "POST /?wc-ajax=get_refreshed_fragments HTTP/1.1" 200 4708 "https://amazingsportwear.com/?fbclid=IwAR1jvy9fzSXPi-PZ-ZPNo96drjfk0e3AfzgFk25x6tqs9LN05Rxuu98lchA" "Mozilla/5.0 (iPhone; CPU iPhone OS 13_1_2 like Mac OS X) AppleWebKit/605.1.15 (KHTML, like Gecko) Version/13.0.1 Mobile/15E148 Safari/604.1" "wpfront-notification-bar-landingpage=1; _ga=GA1.2.1458010906.1575667768; _gid=GA1.2.1720120629.1575667768; _gat_gtag_UA_91619287_1=1"
66.220.149.13 - - [06/Dec/2019:22:29:32 +0100] "GET /wp-content/uploads/2019/07/slider2.jpg HTTP/1.1" 200 253582 "-" "Mozilla/5.0 (iPhone; CPU iPhone OS 13_1_2 like Mac OS X) AppleWebKit/605.1.15 (KHTML, like Gecko) Version/13.0.1 Mobile/15E148 Safari/604.1" "wpfront-notification-bar-landingpage=1; _ga=GA1.2.1458010906.1575667768; _gid=GA1.2.1720120629.1575667768; _gat_gtag_UA_91619287_1=1"
66.220.149.28 - - [06/Dec/2019:22:29:32 +0100] "GET /wp-content/uploads/2019/07/slider3.jpg HTTP/1.1" 200 280344 "-" "Mozilla/5.0 (iPhone; CPU iPhone OS 13_1_2 like Mac OS X) AppleWebKit/605.1.15 (KHTML, like Gecko) Version/13.0.1 Mobile/15E148 Safari/604.1" "wpfront-notification-bar-landingpage=1; _ga=GA1.2.1458010906.1575667768; _gid=GA1.2.1720120629.1575667768; _gat_gtag_UA_91619287_1=1"
66.220.149.19 - - [06/Dec/2019:22:29:32 +0100] "GET /wp-content/uploads/2019/07/slider1.jpg HTTP/1.1" 200 247936 "-" "Mozilla/5.0 (iPhone; CPU iPhone OS 13_1_2 like Mac OS X) AppleWebKit/605.1.15 (KHTML, like Gecko) Version/13.0.1 Mobile/15E148 Safari/604.1" "wpfront-notification-bar-landingpage=1; _ga=GA1.2.1458010906.1575667768; _gid=GA1.2.1720120629.1575667768; _gat_gtag_UA_91619287_1=1"
66.220.149.7 - - [06/Dec/2019:22:29:32 +0100] "GET /wp-content/uploads/2019/07/zapatillero-300x124.jpg HTTP/1.1" 200 19962 "-" "Mozilla/5.0 (iPhone; CPU iPhone OS 13_1_2 like Mac OS X) AppleWebKit/605.1.15 (KHTML, like Gecko) Version/13.0.1 Mobile/15E148 Safari/604.1" "wpfront-notification-bar-landingpage=1; _ga=GA1.2.1458010906.1575667768; _gid=GA1.2.1720120629.1575667768; _gat_gtag_UA_91619287_1=1"
66.220.149.51 - - [06/Dec/2019:22:29:32 +0100] "GET /wp-content/uploads/2019/07/slider4.jpg HTTP/1.1" 200 373113 "-" "Mozilla/5.0 (iPhone; CPU iPhone OS 13_1_2 like Mac OS X) AppleWebKit/605.1.15 (KHTML, like Gecko) Version/13.0.1 Mobile/15E148 Safari/604.1" "wpfront-notification-bar-landingpage=1; _ga=GA1.2.1458010906.1575667768; _gid=GA1.2.1720120629.1575667768; _gat_gtag_UA_91619287_1=1"
66.220.149.48 - - [06/Dec/2019:22:29:32 +0100] "GET /wp-content/uploads/2019/07/toalla-300x124.jpg HTTP/1.1" 200 20320 "-" "Mozilla/5.0 (iPhone; CPU iPhone OS 13_1_2 like Mac OS X) AppleWebKit/605.1.15 (KHTML, like Gecko) Version/13.0.1 Mobile/15E148 Safari/604.1" "wpfront-notification-bar-landingpage=1; _ga=GA1.2.1458010906.1575667768; _gid=GA1.2.1720120629.1575667768; _gat_gtag_UA_91619287_1=1"
66.220.149.7 - - [06/Dec/2019:22:29:33 +0100] "GET /wp-content/uploads/2019/07/gorra-tecnica-300x124.jpg HTTP/1.1" 200 20207 "-" "Mozilla/5.0 (iPhone; CPU iPhone OS 13_1_2 like Mac OS X) AppleWebKit/605.1.15 (KHTML, like Gecko) Version/13.0.1 Mobile/15E148 Safari/604.1" "wpfront-notification-bar-landingpage=1; _ga=GA1.2.1458010906.1575667768; _gid=GA1.2.1720120629.1575667768; _gat_gtag_UA_91619287_1=1"
66.220.149.13 - - [06/Dec/2019:22:29:33 +0100] "GET /wp-content/uploads/2019/07/mochila-saco-300x124.jpg HTTP/1.1" 200 20335 "-" "Mozilla/5.0 (iPhone; CPU iPhone OS 13_1_2 like Mac OS X) AppleWebKit/605.1.15 (KHTML, like Gecko) Version/13.0.1 Mobile/15E148 Safari/604.1" "wpfront-notification-bar-landingpage=1; _ga=GA1.2.1458010906.1575667768; _gid=GA1.2.1720120629.1575667768; _gat_gtag_UA_91619287_1=1"
66.220.149.19 - - [06/Dec/2019:22:29:33 +0100] "GET /wp-content/uploads/2019/04/toalla-absorvente-gymnasio-7-300x300.png HTTP/1.1" 200 82027 "-" "Mozilla/5.0 (iPhone; CPU iPhone OS 13_1_2 like Mac OS X) AppleWebKit/605.1.15 (KHTML, like Gecko) Version/13.0.1 Mobile/15E148 Safari/604.1" "wpfront-notification-bar-landingpage=1; _ga=GA1.2.1458010906.1575667768; _gid=GA1.2.1720120629.1575667768; _gat_gtag_UA_91619287_1=1"
66.220.149.28 - - [06/Dec/2019:22:29:33 +0100] "GET /wp-content/uploads/2019/04/Gorra-sport-12-300x300.png HTTP/1.1" 200 52757 "-" "Mozilla/5.0 (iPhone; CPU iPhone OS 13_1_2 like Mac OS X) AppleWebKit/605.1.15 (KHTML, like Gecko) Version/13.0.1 Mobile/15E148 Safari/604.1" "wpfront-notification-bar-landingpage=1; _ga=GA1.2.1458010906.1575667768; _gid=GA1.2.1720120629.1575667768; _gat_gtag_UA_91619287_1=1"
66.220.149.48 - - [06/Dec/2019:22:29:33 +0100] "GET /wp-content/uploads/2019/04/bidon-match-4-300x300.png HTTP/1.1" 200 75183 "-" "Mozilla/5.0 (iPhone; CPU iPhone OS 13_1_2 like Mac OS X) AppleWebKit/605.1.15 (KHTML, like Gecko) Version/13.0.1 Mobile/15E148 Safari/604.1" "wpfront-notification-bar-landingpage=1; _ga=GA1.2.1458010906.1575667768; _gid=GA1.2.1720120629.1575667768; _gat_gtag_UA_91619287_1=1"
66.220.149.51 - - [06/Dec/2019:22:29:33 +0100] "GET /wp-content/uploads/2019/07/carpa-1024x771.jpg HTTP/1.1" 200 92688 "-" "Mozilla/5.0 (iPhone; CPU iPhone OS 13_1_2 like Mac OS X) AppleWebKit/605.1.15 (KHTML, like Gecko) Version/13.0.1 Mobile/15E148 Safari/604.1" "wpfront-notification-bar-landingpage=1; _ga=GA1.2.1458010906.1575667768; _gid=GA1.2.1720120629.1575667768; _gat_gtag_UA_91619287_1=1"
66.220.149.7 - - [06/Dec/2019:22:29:34 +0100] "GET /wp-content/uploads/2019/04/bolsa-deporte-young-1-300x300.png HTTP/1.1" 200 80698 "-" "Mozilla/5.0 (iPhone; CPU iPhone OS 13_1_2 like Mac OS X) AppleWebKit/605.1.15 (KHTML, like Gecko) Version/13.0.1 Mobile/15E148 Safari/604.1" "wpfront-notification-bar-landingpage=1; _ga=GA1.2.1458010906.1575667768; _gid=GA1.2.1720120629.1575667768; _gat_gtag_UA_91619287_1=1"
66.220.149.19 - - [06/Dec/2019:22:29:34 +0100] "GET /wp-content/uploads/2019/04/Llavero-triumph-1-300x300.png HTTP/1.1" 200 16218 "-" "Mozilla/5.0 (iPhone; CPU iPhone OS 13_1_2 like Mac OS X) AppleWebKit/605.1.15 (KHTML, like Gecko) Version/13.0.1 Mobile/15E148 Safari/604.1" "wpfront-notification-bar-landingpage=1; _ga=GA1.2.1458010906.1575667768; _gid=GA1.2.1720120629.1575667768; _gat_gtag_UA_91619287_1=1"
66.220.149.13 - - [06/Dec/2019:22:29:34 +0100] "GET /wp-content/uploads/2019/04/mochila-decath-5-300x300.png HTTP/1.1" 200 67394 "-" "Mozilla/5.0 (iPhone; CPU iPhone OS 13_1_2 like Mac OS X) AppleWebKit/605.1.15 (KHTML, like Gecko) Version/13.0.1 Mobile/15E148 Safari/604.1" "wpfront-notification-bar-landingpage=1; _ga=GA1.2.1458010906.1575667768; _gid=GA1.2.1720120629.1575667768; _gat_gtag_UA_91619287_1=1"
