207.46.13.25 - - [13/Dec/2019:18:14:47 +0100] "GET /tienda/179-chubasquero-plegable-nath-storm.html HTTP/1.1" 404 68070 "-" "Mozilla/5.0 (iPhone; CPU iPhone OS 7_0 like Mac OS X) AppleWebKit/537.51.1 (KHTML, like Gecko) Version/7.0 Mobile/11A465 Safari/9537.53 (compatible; bingbot/2.0; +http://www.bing.com/bingbot.htm)" "-"
66.249.64.148 - - [13/Dec/2019:18:14:47 +0100] "GET /producto/mochila-blades/ HTTP/1.1" 200 102873 "-" "Mozilla/5.0 (compatible; Googlebot/2.1; +http://www.google.com/bot.html)" "-"
45.71.38.117 - - [13/Dec/2019:18:15:02 +0100] "GET /wp-content/uploads/2017/01/cam-ranglan3-maristas.jpg HTTP/1.1" 200 83269 "https://www.google.com/" "Mozilla/5.0 (Windows NT 10.0; Win64; x64) AppleWebKit/537.36 (KHTML, like Gecko) Chrome/78.0.3904.108 Safari/537.36" "-"
207.46.13.23 - - [13/Dec/2019:18:16:47 +0100] "GET /wp-content/uploads/2019/04/kit-emergencia-abierto.png HTTP/1.1" 200 118389 "-" "Mozilla/5.0 (compatible; bingbot/2.0; +http://www.bing.com/bingbot.htm)" "-"
217.76.130.90 - - [13/Dec/2019:18:18:55 +0100] "POST /wp-cron.php?doing_wp_cron=1576257535.2579550743103027343750 HTTP/1.1" 200 3389 "https://amazingsportwear.com/wp-cron.php?doing_wp_cron=1576257535.2579550743103027343750" "WordPress/5.2.5; https://amazingsportwear.com" "-"
66.249.64.146 - - [13/Dec/2019:18:18:54 +0100] "GET /producto/llavero-metalico-tenis/ HTTP/1.1" 200 94671 "-" "Mozilla/5.0 (compatible; Googlebot/2.1; +http://www.google.com/bot.html)" "-"
207.46.13.25 - - [13/Dec/2019:18:22:12 +0100] "GET /wp-content/uploads/2019/04/HALMIK-NARANJA.png HTTP/1.1" 200 114861 "-" "Mozilla/5.0 (compatible; bingbot/2.0; +http://www.bing.com/bingbot.htm)" "-"
186.178.104.219 - - [13/Dec/2019:18:22:45 +0100] "GET /wp-content/uploads/2017/01/cam-ranglan3-maristas.jpg HTTP/1.1" 200 83269 "https://www.google.com/" "Mozilla/5.0 (Linux; Android 4.4.4; GT-I9195I Build/KTU84P) AppleWebKit/537.36 (KHTML, like Gecko) Version/4.0 Chrome/33.0.0.0 Mobile Safari/537.36 GSA/9.94.7.16.arm" "-"
40.77.167.86 - - [13/Dec/2019:18:23:54 +0100] "GET /wp-content/uploads/2017/03/sa-0425_60.jpg HTTP/1.1" 200 77942 "-" "Mozilla/5.0 (compatible; bingbot/2.0; +http://www.bing.com/bingbot.htm)" "-"
217.76.130.90 - - [13/Dec/2019:18:27:11 +0100] "POST /wp-cron.php?doing_wp_cron=1576258031.0238580703735351562500 HTTP/1.1" 200 3389 "https://amazingsportwear.com/wp-cron.php?doing_wp_cron=1576258031.0238580703735351562500" "WordPress/5.2.5; https://amazingsportwear.com" "-"
66.249.64.148 - - [13/Dec/2019:18:27:09 +0100] "GET /categoria-producto/hombre/pantalonesymallas/ HTTP/1.1" 200 75713 "-" "Mozilla/5.0 (Linux; Android 6.0.1; Nexus 5X Build/MMB29P) AppleWebKit/537.36 (KHTML, like Gecko) Chrome/41.0.2272.96 Mobile Safari/537.36 (compatible; Googlebot/2.1; +http://www.google.com/bot.html)" "-"
217.76.130.90 - - [13/Dec/2019:18:33:40 +0100] "POST /wp-cron.php?doing_wp_cron=1576258420.6734850406646728515625 HTTP/1.1" 200 3389 "https://amazingsportwear.com/wp-cron.php?doing_wp_cron=1576258420.6734850406646728515625" "WordPress/5.2.5; https://amazingsportwear.com" "-"
66.249.64.146 - - [13/Dec/2019:18:33:39 +0100] "GET /producto/gorra-mision/ HTTP/1.1" 200 93660 "-" "Mozilla/5.0 (Linux; Android 6.0.1; Nexus 5X Build/MMB29P) AppleWebKit/537.36 (KHTML, like Gecko) Chrome/41.0.2272.96 Mobile Safari/537.36 (compatible; Googlebot/2.1; +http://www.google.com/bot.html)" "-"
217.76.130.90 - - [13/Dec/2019:18:34:18 +0100] "POST /wp-cron.php?doing_wp_cron=1576258458.5998198986053466796875 HTTP/1.1" 200 3389 "https://amazingsportwear.com/wp-cron.php?doing_wp_cron=1576258458.5998198986053466796875" "WordPress/5.2.5; https://amazingsportwear.com" "-"
66.249.64.144 - - [13/Dec/2019:18:34:17 +0100] "GET /producto/camiseta-tecnica-manga-corta-delta-eny-delta/ HTTP/1.1" 200 97258 "-" "Mozilla/5.0 (Linux; Android 6.0.1; Nexus 5X Build/MMB29P) AppleWebKit/537.36 (KHTML, like Gecko) Chrome/41.0.2272.96 Mobile Safari/537.36 (compatible; Googlebot/2.1; +http://www.google.com/bot.html)" "-"
217.76.130.90 - - [13/Dec/2019:18:36:12 +0100] "POST /wp-cron.php?doing_wp_cron=1576258572.8112080097198486328125 HTTP/1.1" 200 3389 "https://amazingsportwear.com/wp-cron.php?doing_wp_cron=1576258572.8112080097198486328125" "WordPress/5.2.5; https://amazingsportwear.com" "-"
66.249.64.146 - - [13/Dec/2019:18:36:12 +0100] "GET /producto/camiseta-tecnica-arabia-mujer-eny-ar02-blanca/ HTTP/1.1" 200 104619 "-" "Mozilla/5.0 (Linux; Android 6.0.1; Nexus 5X Build/MMB29P) AppleWebKit/537.36 (KHTML, like Gecko) Chrome/41.0.2272.96 Mobile Safari/537.36 (compatible; Googlebot/2.1; +http://www.google.com/bot.html)" "-"
45.125.221.22 - - [13/Dec/2019:18:36:49 +0100] "GET /wp-content/uploads/2017/03/nath-combi-colores-1.jpg HTTP/1.1" 200 27399 "https://www.google.com/" "Mozilla/5.0 (Linux; Android 4.4.4; SM-G360H Build/KTU84P) AppleWebKit/537.36 (KHTML, like Gecko) Version/4.0 Chrome/33.0.0.0 Mobile Safari/537.36 GSA/9.94.7.16.arm" "-"
45.125.221.22 - - [13/Dec/2019:18:36:53 +0100] "GET /producto/camiseta-tecnica-nath-combi/ HTTP/1.1" 200 107618 "-" "Mozilla/5.0 (Linux; Android 4.4.4; SM-G360H) AppleWebKit/537.36 (KHTML, like Gecko) Chrome/78.0.3904.108 Mobile Safari/537.36" "-"
45.125.221.22 - - [13/Dec/2019:18:36:55 +0100] "GET /wp-includes/css/dist/block-library/style.min.css?ver=5.2.5 HTTP/1.1" 200 29660 "https://amazingsportwear.com/producto/camiseta-tecnica-nath-combi/" "Mozilla/5.0 (Linux; Android 4.4.4; SM-G360H) AppleWebKit/537.36 (KHTML, like Gecko) Chrome/78.0.3904.108 Mobile Safari/537.36" "-"
45.125.221.22 - - [13/Dec/2019:18:36:55 +0100] "GET /wp-content/plugins/woocommerce/assets/css/blocks/style.css?ver=3.6.4 HTTP/1.1" 200 10060 "https://amazingsportwear.com/producto/camiseta-tecnica-nath-combi/" "Mozilla/5.0 (Linux; Android 4.4.4; SM-G360H) AppleWebKit/537.36 (KHTML, like Gecko) Chrome/78.0.3904.108 Mobile Safari/537.36" "-"
45.125.221.22 - - [13/Dec/2019:18:36:55 +0100] "GET /wp-content/plugins/cookie-law-info/public/css/cookie-law-info-public.css?ver=1.7.6 HTTP/1.1" 200 6598 "https://amazingsportwear.com/producto/camiseta-tecnica-nath-combi/" "Mozilla/5.0 (Linux; Android 4.4.4; SM-G360H) AppleWebKit/537.36 (KHTML, like Gecko) Chrome/78.0.3904.108 Mobile Safari/537.36" "-"
45.125.221.22 - - [13/Dec/2019:18:36:56 +0100] "GET /wp-content/plugins/cookie-law-info/public/css/cookie-law-info-gdpr.css?ver=1.7.6 HTTP/1.1" 200 12445 "https://amazingsportwear.com/producto/camiseta-tecnica-nath-combi/" "Mozilla/5.0 (Linux; Android 4.4.4; SM-G360H) AppleWebKit/537.36 (KHTML, like Gecko) Chrome/78.0.3904.108 Mobile Safari/537.36" "-"
45.125.221.22 - - [13/Dec/2019:18:36:56 +0100] "GET /wp-content/plugins/woocommerce/assets/css/photoswipe/photoswipe.css?ver=3.6.4 HTTP/1.1" 200 4472 "https://amazingsportwear.com/producto/camiseta-tecnica-nath-combi/" "Mozilla/5.0 (Linux; Android 4.4.4; SM-G360H) AppleWebKit/537.36 (KHTML, like Gecko) Chrome/78.0.3904.108 Mobile Safari/537.36" "-"
45.125.221.22 - - [13/Dec/2019:18:36:57 +0100] "GET /wp-content/plugins/wpfront-notification-bar/css/wpfront-notification-bar.css?ver=1.7.1 HTTP/1.1" 200 3663 "https://amazingsportwear.com/producto/camiseta-tecnica-nath-combi/" "Mozilla/5.0 (Linux; Android 4.4.4; SM-G360H) AppleWebKit/537.36 (KHTML, like Gecko) Chrome/78.0.3904.108 Mobile Safari/537.36" "-"
45.125.221.22 - - [13/Dec/2019:18:36:57 +0100] "GET /wp-content/plugins/simple-social-icons/css/style.css?ver=3.0.1 HTTP/1.1" 200 1700 "https://amazingsportwear.com/producto/camiseta-tecnica-nath-combi/" "Mozilla/5.0 (Linux; Android 4.4.4; SM-G360H) AppleWebKit/537.36 (KHTML, like Gecko) Chrome/78.0.3904.108 Mobile Safari/537.36" "-"
45.125.221.22 - - [13/Dec/2019:18:36:57 +0100] "GET /wp-includes/js/jquery/jquery-migrate.min.js?ver=1.4.1 HTTP/1.1" 200 10399 "https://amazingsportwear.com/producto/camiseta-tecnica-nath-combi/" "Mozilla/5.0 (Linux; Android 4.4.4; SM-G360H) AppleWebKit/537.36 (KHTML, like Gecko) Chrome/78.0.3904.108 Mobile Safari/537.36" "-"
45.125.221.22 - - [13/Dec/2019:18:36:57 +0100] "GET /wp-content/plugins/cookie-law-info/public/js/cookie-law-info-public.js?ver=1.7.6 HTTP/1.1" 200 17076 "https://amazingsportwear.com/producto/camiseta-tecnica-nath-combi/" "Mozilla/5.0 (Linux; Android 4.4.4; SM-G360H) AppleWebKit/537.36 (KHTML, like Gecko) Chrome/78.0.3904.108 Mobile Safari/537.36" "-"
45.125.221.22 - - [13/Dec/2019:18:36:57 +0100] "GET /wp-includes/js/jquery/jquery.js?ver=1.12.4-wp HTTP/1.1" 200 97500 "https://amazingsportwear.com/producto/camiseta-tecnica-nath-combi/" "Mozilla/5.0 (Linux; Android 4.4.4; SM-G360H) AppleWebKit/537.36 (KHTML, like Gecko) Chrome/78.0.3904.108 Mobile Safari/537.36" "-"
45.125.221.22 - - [13/Dec/2019:18:36:57 +0100] "GET /wp-content/themes/shopper/assets/sass/woocommerce/woocommerce.css?ver=5.2.5 HTTP/1.1" 200 83672 "https://amazingsportwear.com/producto/camiseta-tecnica-nath-combi/" "Mozilla/5.0 (Linux; Android 4.4.4; SM-G360H) AppleWebKit/537.36 (KHTML, like Gecko) Chrome/78.0.3904.108 Mobile Safari/537.36" "-"
45.125.221.22 - - [13/Dec/2019:18:36:57 +0100] "GET /wp-content/themes/shopper/style.css?ver=1.3.8 HTTP/1.1" 200 125315 "https://amazingsportwear.com/producto/camiseta-tecnica-nath-combi/" "Mozilla/5.0 (Linux; Android 4.4.4; SM-G360H) AppleWebKit/537.36 (KHTML, like Gecko) Chrome/78.0.3904.108 Mobile Safari/537.36" "-"
45.125.221.22 - - [13/Dec/2019:18:36:57 +0100] "GET /wp-content/plugins/product-enquiry-for-woocommerce/css/wdm-jquery-ui.css?ver=5.2.5 HTTP/1.1" 200 27001 "https://amazingsportwear.com/producto/camiseta-tecnica-nath-combi/" "Mozilla/5.0 (Linux; Android 4.4.4; SM-G360H) AppleWebKit/537.36 (KHTML, like Gecko) Chrome/78.0.3904.108 Mobile Safari/537.36" "-"
45.125.221.22 - - [13/Dec/2019:18:36:58 +0100] "GET /wp-content/plugins/wpfront-notification-bar/jquery-plugins/jquery.c.js?ver=1.4.0 HTTP/1.1" 200 3437 "https://amazingsportwear.com/producto/camiseta-tecnica-nath-combi/" "Mozilla/5.0 (Linux; Android 4.4.4; SM-G360H) AppleWebKit/537.36 (KHTML, like Gecko) Chrome/78.0.3904.108 Mobile Safari/537.36" "-"
45.125.221.22 - - [13/Dec/2019:18:36:58 +0100] "GET /wp-content/plugins/wpfront-notification-bar/js/wpfront-notification-bar.js?ver=1.7.1 HTTP/1.1" 200 5662 "https://amazingsportwear.com/producto/camiseta-tecnica-nath-combi/" "Mozilla/5.0 (Linux; Android 4.4.4; SM-G360H) AppleWebKit/537.36 (KHTML, like Gecko) Chrome/78.0.3904.108 Mobile Safari/537.36" "-"
45.125.221.22 - - [13/Dec/2019:18:36:58 +0100] "GET /wp-content/plugins/simple-social-icons/svgxuse.js?ver=1.1.21 HTTP/1.1" 200 9580 "https://amazingsportwear.com/producto/camiseta-tecnica-nath-combi/" "Mozilla/5.0 (Linux; Android 4.4.4; SM-G360H) AppleWebKit/537.36 (KHTML, like Gecko) Chrome/78.0.3904.108 Mobile Safari/537.36" "-"
45.125.221.22 - - [13/Dec/2019:18:36:58 +0100] "GET /wp-includes/js/jquery/jquery.js HTTP/1.1" 200 97362 "https://amazingsportwear.com/producto/camiseta-tecnica-nath-combi/" "Mozilla/5.0 (Linux; Android 4.4.4; SM-G360H) AppleWebKit/537.36 (KHTML, like Gecko) Chrome/78.0.3904.108 Mobile Safari/537.36" "-"
45.125.221.22 - - [13/Dec/2019:18:36:58 +0100] "GET /wp-content/themes/shopper/assets/js/crm.js?ver=1561548510 HTTP/1.1" 200 874 "https://amazingsportwear.com/producto/camiseta-tecnica-nath-combi/" "Mozilla/5.0 (Linux; Android 4.4.4; SM-G360H) AppleWebKit/537.36 (KHTML, like Gecko) Chrome/78.0.3904.108 Mobile Safari/537.36" "-"
45.125.221.22 - - [13/Dec/2019:18:36:58 +0100] "GET /wp-content/plugins/woocommerce/assets/js/jquery-blockui/jquery.blockUI.min.js?ver=2.70 HTTP/1.1" 200 9908 "https://amazingsportwear.com/producto/camiseta-tecnica-nath-combi/" "Mozilla/5.0 (Linux; Android 4.4.4; SM-G360H) AppleWebKit/537.36 (KHTML, like Gecko) Chrome/78.0.3904.108 Mobile Safari/537.36" "-"
45.125.221.22 - - [13/Dec/2019:18:36:58 +0100] "GET /wp-content/plugins/woocommerce/assets/css/photoswipe/default-skin/default-skin.css?ver=3.6.4 HTTP/1.1" 200 11943 "https://amazingsportwear.com/producto/camiseta-tecnica-nath-combi/" "Mozilla/5.0 (Linux; Android 4.4.4; SM-G360H) AppleWebKit/537.36 (KHTML, like Gecko) Chrome/78.0.3904.108 Mobile Safari/537.36" "-"
45.125.221.22 - - [13/Dec/2019:18:36:58 +0100] "GET /wp-content/plugins/woocommerce/assets/js/frontend/add-to-cart.min.js?ver=3.6.4 HTTP/1.1" 200 2983 "https://amazingsportwear.com/producto/camiseta-tecnica-nath-combi/" "Mozilla/5.0 (Linux; Android 4.4.4; SM-G360H) AppleWebKit/537.36 (KHTML, like Gecko) Chrome/78.0.3904.108 Mobile Safari/537.36" "-"
45.125.221.22 - - [13/Dec/2019:18:36:58 +0100] "GET /wp-content/plugins/woocommerce/assets/js/zoom/jquery.zoom.min.js?ver=1.7.21 HTTP/1.1" 200 2957 "https://amazingsportwear.com/producto/camiseta-tecnica-nath-combi/" "Mozilla/5.0 (Linux; Android 4.4.4; SM-G360H) AppleWebKit/537.36 (KHTML, like Gecko) Chrome/78.0.3904.108 Mobile Safari/537.36" "-"
45.125.221.22 - - [13/Dec/2019:18:36:59 +0100] "GET /wp-content/plugins/woocommerce/assets/js/flexslider/jquery.flexslider.min.js?ver=2.7.2 HTTP/1.1" 200 23232 "https://amazingsportwear.com/producto/camiseta-tecnica-nath-combi/" "Mozilla/5.0 (Linux; Android 4.4.4; SM-G360H) AppleWebKit/537.36 (KHTML, like Gecko) Chrome/78.0.3904.108 Mobile Safari/537.36" "-"
45.125.221.22 - - [13/Dec/2019:18:36:59 +0100] "GET /wp-content/plugins/woocommerce/assets/js/photoswipe/photoswipe.min.js?ver=4.1.1 HTTP/1.1" 200 32276 "https://amazingsportwear.com/producto/camiseta-tecnica-nath-combi/" "Mozilla/5.0 (Linux; Android 4.4.4; SM-G360H) AppleWebKit/537.36 (KHTML, like Gecko) Chrome/78.0.3904.108 Mobile Safari/537.36" "-"
45.125.221.22 - - [13/Dec/2019:18:36:59 +0100] "GET /wp-content/plugins/woocommerce/assets/js/frontend/single-product.min.js?ver=3.6.4 HTTP/1.1" 200 6693 "https://amazingsportwear.com/producto/camiseta-tecnica-nath-combi/" "Mozilla/5.0 (Linux; Android 4.4.4; SM-G360H) AppleWebKit/537.36 (KHTML, like Gecko) Chrome/78.0.3904.108 Mobile Safari/537.36" "-"
45.125.221.22 - - [13/Dec/2019:18:36:59 +0100] "GET /wp-content/plugins/woocommerce/assets/js/photoswipe/photoswipe-ui-default.min.js?ver=4.1.1 HTTP/1.1" 200 10220 "https://amazingsportwear.com/producto/camiseta-tecnica-nath-combi/" "Mozilla/5.0 (Linux; Android 4.4.4; SM-G360H) AppleWebKit/537.36 (KHTML, like Gecko) Chrome/78.0.3904.108 Mobile Safari/537.36" "-"
45.125.221.22 - - [13/Dec/2019:18:36:59 +0100] "GET /wp-content/plugins/woocommerce/assets/js/js-cookie/js.cookie.min.js?ver=2.1.4 HTTP/1.1" 200 2187 "https://amazingsportwear.com/producto/camiseta-tecnica-nath-combi/" "Mozilla/5.0 (Linux; Android 4.4.4; SM-G360H) AppleWebKit/537.36 (KHTML, like Gecko) Chrome/78.0.3904.108 Mobile Safari/537.36" "-"
45.125.221.22 - - [13/Dec/2019:18:36:59 +0100] "GET /wp-content/plugins/woocommerce/assets/js/frontend/cart-fragments.min.js?ver=3.6.4 HTTP/1.1" 200 3281 "https://amazingsportwear.com/producto/camiseta-tecnica-nath-combi/" "Mozilla/5.0 (Linux; Android 4.4.4; SM-G360H) AppleWebKit/537.36 (KHTML, like Gecko) Chrome/78.0.3904.108 Mobile Safari/537.36" "-"
45.125.221.22 - - [13/Dec/2019:18:36:59 +0100] "GET /wp-content/plugins/woocommerce/assets/js/frontend/woocommerce.min.js?ver=3.6.4 HTTP/1.1" 200 1813 "https://amazingsportwear.com/producto/camiseta-tecnica-nath-combi/" "Mozilla/5.0 (Linux; Android 4.4.4; SM-G360H) AppleWebKit/537.36 (KHTML, like Gecko) Chrome/78.0.3904.108 Mobile Safari/537.36" "-"
45.125.221.22 - - [13/Dec/2019:18:36:59 +0100] "GET /wp-content/themes/shopper/assets/js/skip-link-focus-fix.js?ver=1.3.8 HTTP/1.1" 200 1023 "https://amazingsportwear.com/producto/camiseta-tecnica-nath-combi/" "Mozilla/5.0 (Linux; Android 4.4.4; SM-G360H) AppleWebKit/537.36 (KHTML, like Gecko) Chrome/78.0.3904.108 Mobile Safari/537.36" "-"
45.125.221.22 - - [13/Dec/2019:18:36:59 +0100] "GET /wp-content/themes/shopper/assets/js/shopper.min.js?ver=1.3.8 HTTP/1.1" 200 5994 "https://amazingsportwear.com/producto/camiseta-tecnica-nath-combi/" "Mozilla/5.0 (Linux; Android 4.4.4; SM-G360H) AppleWebKit/537.36 (KHTML, like Gecko) Chrome/78.0.3904.108 Mobile Safari/537.36" "-"
45.125.221.22 - - [13/Dec/2019:18:36:59 +0100] "GET /wp-includes/js/comment-reply.min.js?ver=5.2.5 HTTP/1.1" 200 2575 "https://amazingsportwear.com/producto/camiseta-tecnica-nath-combi/" "Mozilla/5.0 (Linux; Android 4.4.4; SM-G360H) AppleWebKit/537.36 (KHTML, like Gecko) Chrome/78.0.3904.108 Mobile Safari/537.36" "-"
45.125.221.22 - - [13/Dec/2019:18:36:59 +0100] "GET /wp-content/themes/shopper/assets/js/woocommerce/header-cart.min.js?ver=1.3.8 HTTP/1.1" 200 972 "https://amazingsportwear.com/producto/camiseta-tecnica-nath-combi/" "Mozilla/5.0 (Linux; Android 4.4.4; SM-G360H) AppleWebKit/537.36 (KHTML, like Gecko) Chrome/78.0.3904.108 Mobile Safari/537.36" "-"
45.125.221.22 - - [13/Dec/2019:18:36:59 +0100] "GET /wp-includes/js/wp-embed.min.js?ver=5.2.5 HTTP/1.1" 200 1744 "https://amazingsportwear.com/producto/camiseta-tecnica-nath-combi/" "Mozilla/5.0 (Linux; Android 4.4.4; SM-G360H) AppleWebKit/537.36 (KHTML, like Gecko) Chrome/78.0.3904.108 Mobile Safari/537.36" "-"
45.125.221.22 - - [13/Dec/2019:18:36:59 +0100] "GET /wp-includes/js/underscore.min.js?ver=1.8.3 HTTP/1.1" 200 16527 "https://amazingsportwear.com/producto/camiseta-tecnica-nath-combi/" "Mozilla/5.0 (Linux; Android 4.4.4; SM-G360H) AppleWebKit/537.36 (KHTML, like Gecko) Chrome/78.0.3904.108 Mobile Safari/537.36" "-"
45.125.221.22 - - [13/Dec/2019:18:36:59 +0100] "GET /wp-includes/js/wp-util.min.js?ver=5.2.5 HTTP/1.1" 200 1387 "https://amazingsportwear.com/producto/camiseta-tecnica-nath-combi/" "Mozilla/5.0 (Linux; Android 4.4.4; SM-G360H) AppleWebKit/537.36 (KHTML, like Gecko) Chrome/78.0.3904.108 Mobile Safari/537.36" "-"
45.125.221.22 - - [13/Dec/2019:18:37:00 +0100] "GET /wp-content/plugins/woocommerce/assets/js/frontend/add-to-cart-variation.min.js?ver=3.6.4 HTTP/1.1" 200 13625 "https://amazingsportwear.com/producto/camiseta-tecnica-nath-combi/" "Mozilla/5.0 (Linux; Android 4.4.4; SM-G360H) AppleWebKit/537.36 (KHTML, like Gecko) Chrome/78.0.3904.108 Mobile Safari/537.36" "-"
45.125.221.22 - - [13/Dec/2019:18:37:00 +0100] "GET /wp-includes/js/jquery/ui/core.min.js?ver=1.11.4 HTTP/1.1" 200 4341 "https://amazingsportwear.com/producto/camiseta-tecnica-nath-combi/" "Mozilla/5.0 (Linux; Android 4.4.4; SM-G360H) AppleWebKit/537.36 (KHTML, like Gecko) Chrome/78.0.3904.108 Mobile Safari/537.36" "-"
45.125.221.22 - - [13/Dec/2019:18:37:00 +0100] "GET /wp-includes/js/jquery/ui/mouse.min.js?ver=1.11.4 HTTP/1.1" 200 3489 "https://amazingsportwear.com/producto/camiseta-tecnica-nath-combi/" "Mozilla/5.0 (Linux; Android 4.4.4; SM-G360H) AppleWebKit/537.36 (KHTML, like Gecko) Chrome/78.0.3904.108 Mobile Safari/537.36" "-"
45.125.221.22 - - [13/Dec/2019:18:37:00 +0100] "GET /wp-includes/js/jquery/ui/widget.min.js?ver=1.11.4 HTTP/1.1" 200 7250 "https://amazingsportwear.com/producto/camiseta-tecnica-nath-combi/" "Mozilla/5.0 (Linux; Android 4.4.4; SM-G360H) AppleWebKit/537.36 (KHTML, like Gecko) Chrome/78.0.3904.108 Mobile Safari/537.36" "-"
45.125.221.22 - - [13/Dec/2019:18:37:00 +0100] "GET /wp-content/themes/shopper/assets/fonts/fontawesome-webfont.woff2?v=4.7.0 HTTP/1.1" 200 77615 "https://amazingsportwear.com/wp-content/themes/shopper/style.css?ver=1.3.8" "Mozilla/5.0 (Linux; Android 4.4.4; SM-G360H) AppleWebKit/537.36 (KHTML, like Gecko) Chrome/78.0.3904.108 Mobile Safari/537.36" "-"
45.125.221.22 - - [13/Dec/2019:18:37:00 +0100] "GET /wp-includes/js/jquery/ui/resizable.min.js?ver=1.11.4 HTTP/1.1" 200 18798 "https://amazingsportwear.com/producto/camiseta-tecnica-nath-combi/" "Mozilla/5.0 (Linux; Android 4.4.4; SM-G360H) AppleWebKit/537.36 (KHTML, like Gecko) Chrome/78.0.3904.108 Mobile Safari/537.36" "-"
45.125.221.22 - - [13/Dec/2019:18:37:00 +0100] "GET /wp-includes/js/jquery/ui/draggable.min.js?ver=1.11.4 HTTP/1.1" 200 19277 "https://amazingsportwear.com/producto/camiseta-tecnica-nath-combi/" "Mozilla/5.0 (Linux; Android 4.4.4; SM-G360H) AppleWebKit/537.36 (KHTML, like Gecko) Chrome/78.0.3904.108 Mobile Safari/537.36" "-"
45.125.221.22 - - [13/Dec/2019:18:37:00 +0100] "GET /wp-includes/js/jquery/ui/button.min.js?ver=1.11.4 HTTP/1.1" 200 7578 "https://amazingsportwear.com/producto/camiseta-tecnica-nath-combi/" "Mozilla/5.0 (Linux; Android 4.4.4; SM-G360H) AppleWebKit/537.36 (KHTML, like Gecko) Chrome/78.0.3904.108 Mobile Safari/537.36" "-"
45.125.221.22 - - [13/Dec/2019:18:37:00 +0100] "GET /wp-includes/js/jquery/ui/position.min.js?ver=1.11.4 HTTP/1.1" 200 6869 "https://amazingsportwear.com/producto/camiseta-tecnica-nath-combi/" "Mozilla/5.0 (Linux; Android 4.4.4; SM-G360H) AppleWebKit/537.36 (KHTML, like Gecko) Chrome/78.0.3904.108 Mobile Safari/537.36" "-"
45.125.221.22 - - [13/Dec/2019:18:37:00 +0100] "GET /wp-includes/js/jquery/ui/dialog.min.js?ver=1.11.4 HTTP/1.1" 200 12482 "https://amazingsportwear.com/producto/camiseta-tecnica-nath-combi/" "Mozilla/5.0 (Linux; Android 4.4.4; SM-G360H) AppleWebKit/537.36 (KHTML, like Gecko) Chrome/78.0.3904.108 Mobile Safari/537.36" "-"
45.125.221.22 - - [13/Dec/2019:18:37:00 +0100] "GET /wp-content/plugins/product-enquiry-for-woocommerce/js/wdm_jquery.validate.min.js?ver=5.2.5 HTTP/1.1" 200 21818 "https://amazingsportwear.com/producto/camiseta-tecnica-nath-combi/" "Mozilla/5.0 (Linux; Android 4.4.4; SM-G360H) AppleWebKit/537.36 (KHTML, like Gecko) Chrome/78.0.3904.108 Mobile Safari/537.36" "-"
45.125.221.22 - - [13/Dec/2019:18:37:00 +0100] "GET /wp-content/plugins/product-enquiry-for-woocommerce/js/contact.js?ver=5.2.5 HTTP/1.1" 200 4681 "https://amazingsportwear.com/producto/camiseta-tecnica-nath-combi/" "Mozilla/5.0 (Linux; Android 4.4.4; SM-G360H) AppleWebKit/537.36 (KHTML, like Gecko) Chrome/78.0.3904.108 Mobile Safari/537.36" "-"
45.125.221.22 - - [13/Dec/2019:18:37:00 +0100] "GET /wp-includes/js/wp-emoji-release.min.js?ver=5.2.5 HTTP/1.1" 200 14183 "https://amazingsportwear.com/producto/camiseta-tecnica-nath-combi/" "Mozilla/5.0 (Linux; Android 4.4.4; SM-G360H) AppleWebKit/537.36 (KHTML, like Gecko) Chrome/78.0.3904.108 Mobile Safari/537.36" "-"
45.125.221.22 - - [13/Dec/2019:18:37:00 +0100] "GET /wp-content/plugins/akismet/_inc/form.js?ver=4.1.2 HTTP/1.1" 200 1040 "https://amazingsportwear.com/producto/camiseta-tecnica-nath-combi/" "Mozilla/5.0 (Linux; Android 4.4.4; SM-G360H) AppleWebKit/537.36 (KHTML, like Gecko) Chrome/78.0.3904.108 Mobile Safari/537.36" "-"
45.125.221.22 - - [13/Dec/2019:18:37:00 +0100] "GET /wp-content/plugins/simple-social-icons/symbol-defs.svg HTTP/1.1" 200 19699 "https://amazingsportwear.com/producto/camiseta-tecnica-nath-combi/" "Mozilla/5.0 (Linux; Android 4.4.4; SM-G360H) AppleWebKit/537.36 (KHTML, like Gecko) Chrome/78.0.3904.108 Mobile Safari/537.36" "-"
45.125.221.22 - - [13/Dec/2019:18:37:00 +0100] "GET /wp-content/uploads/2019/05/cropped-asw-white.png HTTP/1.1" 200 7500 "https://amazingsportwear.com/producto/camiseta-tecnica-nath-combi/" "Mozilla/5.0 (Linux; Android 4.4.4; SM-G360H) AppleWebKit/537.36 (KHTML, like Gecko) Chrome/78.0.3904.108 Mobile Safari/537.36" "-"
45.125.221.22 - - [13/Dec/2019:18:37:00 +0100] "GET /wp-content/uploads/2017/03/nath-combi-hombre.jpg HTTP/1.1" 200 22287 "https://amazingsportwear.com/producto/camiseta-tecnica-nath-combi/" "Mozilla/5.0 (Linux; Android 4.4.4; SM-G360H) AppleWebKit/537.36 (KHTML, like Gecko) Chrome/78.0.3904.108 Mobile Safari/537.36" "-"
45.125.221.22 - - [13/Dec/2019:18:37:01 +0100] "GET /wp-content/uploads/2017/03/nath-combi-1.jpg HTTP/1.1" 200 10350 "https://amazingsportwear.com/producto/camiseta-tecnica-nath-combi/" "Mozilla/5.0 (Linux; Android 4.4.4; SM-G360H) AppleWebKit/537.36 (KHTML, like Gecko) Chrome/78.0.3904.108 Mobile Safari/537.36" "-"
45.125.221.22 - - [13/Dec/2019:18:37:01 +0100] "GET /wp-content/uploads/2017/03/nath-combi-2.jpg HTTP/1.1" 200 11181 "https://amazingsportwear.com/producto/camiseta-tecnica-nath-combi/" "Mozilla/5.0 (Linux; Android 4.4.4; SM-G360H) AppleWebKit/537.36 (KHTML, like Gecko) Chrome/78.0.3904.108 Mobile Safari/537.36" "-"
45.125.221.22 - - [13/Dec/2019:18:37:01 +0100] "GET /wp-content/uploads/2017/03/nath-combi-3.jpg HTTP/1.1" 200 16132 "https://amazingsportwear.com/producto/camiseta-tecnica-nath-combi/" "Mozilla/5.0 (Linux; Android 4.4.4; SM-G360H) AppleWebKit/537.36 (KHTML, like Gecko) Chrome/78.0.3904.108 Mobile Safari/537.36" "-"
45.125.221.22 - - [13/Dec/2019:18:37:01 +0100] "GET /wp-content/uploads/2017/03/nath-combi-6.jpg HTTP/1.1" 200 7605 "https://amazingsportwear.com/producto/camiseta-tecnica-nath-combi/" "Mozilla/5.0 (Linux; Android 4.4.4; SM-G360H) AppleWebKit/537.36 (KHTML, like Gecko) Chrome/78.0.3904.108 Mobile Safari/537.36" "-"
45.125.221.22 - - [13/Dec/2019:18:37:01 +0100] "GET /wp-content/uploads/2017/03/nath-combi-5.jpg HTTP/1.1" 200 6940 "https://amazingsportwear.com/producto/camiseta-tecnica-nath-combi/" "Mozilla/5.0 (Linux; Android 4.4.4; SM-G360H) AppleWebKit/537.36 (KHTML, like Gecko) Chrome/78.0.3904.108 Mobile Safari/537.36" "-"
45.125.221.22 - - [13/Dec/2019:18:37:01 +0100] "GET /wp-content/uploads/2017/03/nath-combi-4.jpg HTTP/1.1" 200 11251 "https://amazingsportwear.com/producto/camiseta-tecnica-nath-combi/" "Mozilla/5.0 (Linux; Android 4.4.4; SM-G360H) AppleWebKit/537.36 (KHTML, like Gecko) Chrome/78.0.3904.108 Mobile Safari/537.36" "-"
45.125.221.22 - - [13/Dec/2019:18:37:01 +0100] "GET /wp-content/uploads/2017/03/nath-combi-7.jpg HTTP/1.1" 200 7314 "https://amazingsportwear.com/producto/camiseta-tecnica-nath-combi/" "Mozilla/5.0 (Linux; Android 4.4.4; SM-G360H) AppleWebKit/537.36 (KHTML, like Gecko) Chrome/78.0.3904.108 Mobile Safari/537.36" "-"
45.125.221.22 - - [13/Dec/2019:18:37:01 +0100] "GET /wp-content/uploads/2017/03/nath-combi-8.jpg HTTP/1.1" 200 11714 "https://amazingsportwear.com/producto/camiseta-tecnica-nath-combi/" "Mozilla/5.0 (Linux; Android 4.4.4; SM-G360H) AppleWebKit/537.36 (KHTML, like Gecko) Chrome/78.0.3904.108 Mobile Safari/537.36" "-"
45.125.221.22 - - [13/Dec/2019:18:37:01 +0100] "GET /wp-content/plugins/product-enquiry-for-woocommerce/img/contact/loading.gif HTTP/1.1" 200 3834 "https://amazingsportwear.com/producto/camiseta-tecnica-nath-combi/" "Mozilla/5.0 (Linux; Android 4.4.4; SM-G360H) AppleWebKit/537.36 (KHTML, like Gecko) Chrome/78.0.3904.108 Mobile Safari/537.36" "-"
45.125.221.22 - - [13/Dec/2019:18:37:04 +0100] "GET /wp-content/uploads/2017/03/nath-combi-hombre-100x100.jpg HTTP/1.1" 200 5169 "https://amazingsportwear.com/producto/camiseta-tecnica-nath-combi/" "Mozilla/5.0 (Linux; Android 4.4.4; SM-G360H) AppleWebKit/537.36 (KHTML, like Gecko) Chrome/78.0.3904.108 Mobile Safari/537.36" "_ga=GA1.2.587136080.1576258579; _gid=GA1.2.146828735.1576258579; _gat_gtag_UA_91619287_1=1"
45.125.221.22 - - [13/Dec/2019:18:37:04 +0100] "GET /wp-content/uploads/2017/03/nath-combi-1-100x100.jpg HTTP/1.1" 200 1478 "https://amazingsportwear.com/producto/camiseta-tecnica-nath-combi/" "Mozilla/5.0 (Linux; Android 4.4.4; SM-G360H) AppleWebKit/537.36 (KHTML, like Gecko) Chrome/78.0.3904.108 Mobile Safari/537.36" "_ga=GA1.2.587136080.1576258579; _gid=GA1.2.146828735.1576258579; _gat_gtag_UA_91619287_1=1"
45.125.221.22 - - [13/Dec/2019:18:37:04 +0100] "GET /wp-content/uploads/2017/03/nath-combi-2-100x100.jpg HTTP/1.1" 200 1637 "https://amazingsportwear.com/producto/camiseta-tecnica-nath-combi/" "Mozilla/5.0 (Linux; Android 4.4.4; SM-G360H) AppleWebKit/537.36 (KHTML, like Gecko) Chrome/78.0.3904.108 Mobile Safari/537.36" "_ga=GA1.2.587136080.1576258579; _gid=GA1.2.146828735.1576258579; _gat_gtag_UA_91619287_1=1"
45.125.221.22 - - [13/Dec/2019:18:37:04 +0100] "GET /wp-content/uploads/2017/03/nath-combi-4-100x100.jpg HTTP/1.1" 200 1738 "https://amazingsportwear.com/producto/camiseta-tecnica-nath-combi/" "Mozilla/5.0 (Linux; Android 4.4.4; SM-G360H) AppleWebKit/537.36 (KHTML, like Gecko) Chrome/78.0.3904.108 Mobile Safari/537.36" "_ga=GA1.2.587136080.1576258579; _gid=GA1.2.146828735.1576258579; _gat_gtag_UA_91619287_1=1"
45.125.221.22 - - [13/Dec/2019:18:37:04 +0100] "GET /wp-content/uploads/2017/03/nath-combi-3-100x100.jpg HTTP/1.1" 200 2132 "https://amazingsportwear.com/producto/camiseta-tecnica-nath-combi/" "Mozilla/5.0 (Linux; Android 4.4.4; SM-G360H) AppleWebKit/537.36 (KHTML, like Gecko) Chrome/78.0.3904.108 Mobile Safari/537.36" "_ga=GA1.2.587136080.1576258579; _gid=GA1.2.146828735.1576258579; _gat_gtag_UA_91619287_1=1"
217.76.130.90 - - [13/Dec/2019:18:37:04 +0100] "POST /wp-cron.php?doing_wp_cron=1576258624.6914238929748535156250 HTTP/1.1" 200 3389 "https://amazingsportwear.com/wp-cron.php?doing_wp_cron=1576258624.6914238929748535156250" "WordPress/5.2.5; https://amazingsportwear.com" "-"
45.125.221.22 - - [13/Dec/2019:18:37:04 +0100] "POST /?wc-ajax=get_refreshed_fragments HTTP/1.1" 200 1397 "https://amazingsportwear.com/producto/camiseta-tecnica-nath-combi/" "Mozilla/5.0 (Linux; Android 4.4.4; SM-G360H) AppleWebKit/537.36 (KHTML, like Gecko) Chrome/78.0.3904.108 Mobile Safari/537.36" "_ga=GA1.2.587136080.1576258579; _gid=GA1.2.146828735.1576258579; _gat_gtag_UA_91619287_1=1"
45.125.221.22 - - [13/Dec/2019:18:37:04 +0100] "GET /wp-content/uploads/2017/03/nath-combi-5-100x100.jpg HTTP/1.1" 200 1189 "https://amazingsportwear.com/producto/camiseta-tecnica-nath-combi/" "Mozilla/5.0 (Linux; Android 4.4.4; SM-G360H) AppleWebKit/537.36 (KHTML, like Gecko) Chrome/78.0.3904.108 Mobile Safari/537.36" "_ga=GA1.2.587136080.1576258579; _gid=GA1.2.146828735.1576258579; _gat_gtag_UA_91619287_1=1"
45.125.221.22 - - [13/Dec/2019:18:37:04 +0100] "GET /wp-content/uploads/2017/03/nath-combi-6-100x100.jpg HTTP/1.1" 200 1235 "https://amazingsportwear.com/producto/camiseta-tecnica-nath-combi/" "Mozilla/5.0 (Linux; Android 4.4.4; SM-G360H) AppleWebKit/537.36 (KHTML, like Gecko) Chrome/78.0.3904.108 Mobile Safari/537.36" "_ga=GA1.2.587136080.1576258579; _gid=GA1.2.146828735.1576258579; _gat_gtag_UA_91619287_1=1"
45.125.221.22 - - [13/Dec/2019:18:37:04 +0100] "GET /wp-content/uploads/2017/03/nath-combi-7-100x100.jpg HTTP/1.1" 200 1203 "https://amazingsportwear.com/producto/camiseta-tecnica-nath-combi/" "Mozilla/5.0 (Linux; Android 4.4.4; SM-G360H) AppleWebKit/537.36 (KHTML, like Gecko) Chrome/78.0.3904.108 Mobile Safari/537.36" "_ga=GA1.2.587136080.1576258579; _gid=GA1.2.146828735.1576258579; _gat_gtag_UA_91619287_1=1"
45.125.221.22 - - [13/Dec/2019:18:37:04 +0100] "GET /wp-content/uploads/2017/03/nath-combi-8-100x100.jpg HTTP/1.1" 200 1613 "https://amazingsportwear.com/producto/camiseta-tecnica-nath-combi/" "Mozilla/5.0 (Linux; Android 4.4.4; SM-G360H) AppleWebKit/537.36 (KHTML, like Gecko) Chrome/78.0.3904.108 Mobile Safari/537.36" "_ga=GA1.2.587136080.1576258579; _gid=GA1.2.146828735.1576258579; _gat_gtag_UA_91619287_1=1"
45.125.221.22 - - [13/Dec/2019:18:37:05 +0100] "GET /wp-content/uploads/2017/03/nath-combi-colores-1.jpg HTTP/1.1" 200 24036 "https://amazingsportwear.com/producto/camiseta-tecnica-nath-combi/" "Mozilla/5.0 (Linux; Android 4.4.4; SM-G360H) AppleWebKit/537.36 (KHTML, like Gecko) Chrome/78.0.3904.108 Mobile Safari/537.36" "_ga=GA1.2.587136080.1576258579; _gid=GA1.2.146828735.1576258579; _gat_gtag_UA_91619287_1=1; wpfront-notification-bar-landingpage=1"
45.125.221.22 - - [13/Dec/2019:18:37:05 +0100] "GET /wp-content/uploads/2017/03/aq-power-hombre-300x300.jpg HTTP/1.1" 200 70100 "https://amazingsportwear.com/producto/camiseta-tecnica-nath-combi/" "Mozilla/5.0 (Linux; Android 4.4.4; SM-G360H) AppleWebKit/537.36 (KHTML, like Gecko) Chrome/78.0.3904.108 Mobile Safari/537.36" "_ga=GA1.2.587136080.1576258579; _gid=GA1.2.146828735.1576258579; _gat_gtag_UA_91619287_1=1; wpfront-notification-bar-landingpage=1"
45.125.221.22 - - [13/Dec/2019:18:37:05 +0100] "GET /wp-content/uploads/2017/03/CAT-4473-03.jpg HTTP/1.1" 200 114389 "https://amazingsportwear.com/producto/camiseta-tecnica-nath-combi/" "Mozilla/5.0 (Linux; Android 4.4.4; SM-G360H) AppleWebKit/537.36 (KHTML, like Gecko) Chrome/78.0.3904.108 Mobile Safari/537.36" "_ga=GA1.2.587136080.1576258579; _gid=GA1.2.146828735.1576258579; _gat_gtag_UA_91619287_1=1; wpfront-notification-bar-landingpage=1"
64.233.173.62 - - [13/Dec/2019:18:37:06 +0100] "GET /img/cms/tienda/nath-combi-colores.JPG HTTP/1.1" 404 68020 "-" "Mozilla/5.0 (Linux; Android 4.4.4; SM-G360H) AppleWebKit/537.36 (KHTML, like Gecko) Chrome/78.0.3904.108 Mobile Safari/537.36" "_ga=GA1.2.587136080.1576258579; _gid=GA1.2.146828735.1576258579; _gat_gtag_UA_91619287_1=1; wpfront-notification-bar-landingpage=1"
45.125.221.22 - - [13/Dec/2019:18:37:07 +0100] "GET /wp-content/uploads/2019/05/cropped-favicon-nuevo-logo-amazinf-128px-192x192.png HTTP/1.1" 200 10880 "https://amazingsportwear.com/producto/camiseta-tecnica-nath-combi/" "Mozilla/5.0 (Linux; Android 4.4.4; SM-G360H) AppleWebKit/537.36 (KHTML, like Gecko) Chrome/78.0.3904.108 Mobile Safari/537.36" "_ga=GA1.2.587136080.1576258579; _gid=GA1.2.146828735.1576258579; _gat_gtag_UA_91619287_1=1; wpfront-notification-bar-landingpage=1"
45.125.221.22 - - [13/Dec/2019:18:37:07 +0100] "GET /wp-content/uploads/2019/05/cropped-favicon-nuevo-logo-amazinf-128px-180x180.png HTTP/1.1" 200 10066 "https://amazingsportwear.com/producto/camiseta-tecnica-nath-combi/" "Mozilla/5.0 (Linux; Android 4.4.4; SM-G360H) AppleWebKit/537.36 (KHTML, like Gecko) Chrome/78.0.3904.108 Mobile Safari/537.36" "_ga=GA1.2.587136080.1576258579; _gid=GA1.2.146828735.1576258579; _gat_gtag_UA_91619287_1=1; wpfront-notification-bar-landingpage=1"
64.233.173.62 - - [13/Dec/2019:18:37:07 +0100] "GET /img/cms/tienda/nath-combi-colores.JPG HTTP/1.1" 404 68050 "-" "Mozilla/5.0 (Linux; Android 4.4.4; SM-G360H) AppleWebKit/537.36 (KHTML, like Gecko) Chrome/78.0.3904.108 Mobile Safari/537.36" "_ga=GA1.2.587136080.1576258579; _gid=GA1.2.146828735.1576258579; _gat_gtag_UA_91619287_1=1; wpfront-notification-bar-landingpage=1"
45.125.221.22 - - [13/Dec/2019:18:37:12 +0100] "GET /wp-content/uploads/2017/03/aq-cosmic-hombre-300x300.jpg HTTP/1.1" 200 63855 "https://amazingsportwear.com/producto/camiseta-tecnica-nath-combi/" "Mozilla/5.0 (Linux; Android 4.4.4; SM-G360H) AppleWebKit/537.36 (KHTML, like Gecko) Chrome/78.0.3904.108 Mobile Safari/537.36" "_ga=GA1.2.587136080.1576258579; _gid=GA1.2.146828735.1576258579; _gat_gtag_UA_91619287_1=1; wpfront-notification-bar-landingpage=1"
45.125.221.22 - - [13/Dec/2019:18:37:29 +0100] "GET /wp-content/uploads/2019/05/asw-white-600x252.png HTTP/1.1" 200 29518 "https://amazingsportwear.com/producto/camiseta-tecnica-nath-combi/" "Mozilla/5.0 (Linux; Android 4.4.4; SM-G360H) AppleWebKit/537.36 (KHTML, like Gecko) Chrome/78.0.3904.108 Mobile Safari/537.36" "_ga=GA1.2.587136080.1576258579; _gid=GA1.2.146828735.1576258579; _gat_gtag_UA_91619287_1=1; wpfront-notification-bar-landingpage=1"
189.218.29.243 - - [13/Dec/2019:18:37:43 +0100] "GET /wp-content/uploads/2019/04/SA-1070-2.png HTTP/1.1" 200 175961 "https://www.google.com.mx/" "Mozilla/5.0 (Windows NT 6.1; Win64; x64) AppleWebKit/537.36 (KHTML, like Gecko) Chrome/78.0.3904.108 Safari/537.36" "-"
45.125.221.22 - - [13/Dec/2019:18:37:51 +0100] "GET /wp-content/plugins/woocommerce/assets/css/photoswipe/default-skin/default-skin.svg HTTP/1.1" 200 5256 "https://amazingsportwear.com/wp-content/plugins/woocommerce/assets/css/photoswipe/default-skin/default-skin.css?ver=3.6.4" "Mozilla/5.0 (Linux; Android 4.4.4; SM-G360H) AppleWebKit/537.36 (KHTML, like Gecko) Chrome/78.0.3904.108 Mobile Safari/537.36" "_ga=GA1.2.587136080.1576258579; _gid=GA1.2.146828735.1576258579; _gat_gtag_UA_91619287_1=1; wpfront-notification-bar-landingpage=1"
217.76.130.90 - - [13/Dec/2019:18:43:02 +0100] "POST /wp-cron.php?doing_wp_cron=1576258982.1563150882720947265625 HTTP/1.1" 200 3389 "https://amazingsportwear.com/wp-cron.php?doing_wp_cron=1576258982.1563150882720947265625" "WordPress/5.2.5; https://amazingsportwear.com" "-"
66.249.64.148 - - [13/Dec/2019:18:43:01 +0100] "GET /quienes-somos/ HTTP/1.1" 200 60079 "-" "Mozilla/5.0 (Linux; Android 6.0.1; Nexus 5X Build/MMB29P) AppleWebKit/537.36 (KHTML, like Gecko) Chrome/41.0.2272.96 Mobile Safari/537.36 (compatible; Googlebot/2.1; +http://www.google.com/bot.html)" "-"
217.76.130.90 - - [13/Dec/2019:18:48:16 +0100] "POST /wp-cron.php?doing_wp_cron=1576259296.4364678859710693359375 HTTP/1.1" 200 3389 "https://amazingsportwear.com/wp-cron.php?doing_wp_cron=1576259296.4364678859710693359375" "WordPress/5.2.5; https://amazingsportwear.com" "-"
66.249.64.148 - - [13/Dec/2019:18:48:15 +0100] "GET /categoria-producto/accesorios/gorrasygorros/ HTTP/1.1" 200 75770 "-" "Mozilla/5.0 (Linux; Android 6.0.1; Nexus 5X Build/MMB29P) AppleWebKit/537.36 (KHTML, like Gecko) Chrome/41.0.2272.96 Mobile Safari/537.36 (compatible; Googlebot/2.1; +http://www.google.com/bot.html)" "-"
217.76.130.90 - - [13/Dec/2019:18:49:32 +0100] "POST /wp-cron.php?doing_wp_cron=1576259372.5181438922882080078125 HTTP/1.1" 200 3389 "https://amazingsportwear.com/wp-cron.php?doing_wp_cron=1576259372.5181438922882080078125" "WordPress/5.2.5; https://amazingsportwear.com" "-"
66.249.64.146 - - [13/Dec/2019:18:49:31 +0100] "GET /categoria-producto/hombre/sudaderas/ HTTP/1.1" 200 60675 "-" "Mozilla/5.0 (Linux; Android 6.0.1; Nexus 5X Build/MMB29P) AppleWebKit/537.36 (KHTML, like Gecko) Chrome/41.0.2272.96 Mobile Safari/537.36 (compatible; Googlebot/2.1; +http://www.google.com/bot.html)" "-"
217.76.130.90 - - [13/Dec/2019:18:50:10 +0100] "POST /wp-cron.php?doing_wp_cron=1576259410.6952810287475585937500 HTTP/1.1" 200 3389 "https://amazingsportwear.com/wp-cron.php?doing_wp_cron=1576259410.6952810287475585937500" "WordPress/5.2.5; https://amazingsportwear.com" "-"
66.249.64.144 - - [13/Dec/2019:18:50:09 +0100] "GET /producto/camiseta-tecnic-rox-nino-cat-5249/ HTTP/1.1" 200 105821 "-" "Mozilla/5.0 (Linux; Android 6.0.1; Nexus 5X Build/MMB29P) AppleWebKit/537.36 (KHTML, like Gecko) Chrome/41.0.2272.96 Mobile Safari/537.36 (compatible; Googlebot/2.1; +http://www.google.com/bot.html)" "-"
217.76.130.90 - - [13/Dec/2019:18:51:57 +0100] "POST /wp-cron.php?doing_wp_cron=1576259517.5795381069183349609375 HTTP/1.1" 200 3389 "https://amazingsportwear.com/wp-cron.php?doing_wp_cron=1576259517.5795381069183349609375" "WordPress/5.2.5; https://amazingsportwear.com" "-"
199.16.157.181 - - [13/Dec/2019:18:51:56 +0100] "GET /robots.txt HTTP/1.1" 200 3687 "-" "Twitterbot/1.0" "-"
199.59.150.181 - - [13/Dec/2019:18:51:57 +0100] "GET /robots.txt HTTP/1.1" 200 3687 "-" "Twitterbot/1.0" "-"
199.16.157.181 - - [13/Dec/2019:18:51:57 +0100] "GET / HTTP/1.1" 200 122389 "-" "Twitterbot/1.0" "-"
199.59.150.181 - - [13/Dec/2019:18:51:57 +0100] "GET / HTTP/1.1" 200 122394 "-" "Twitterbot/1.0" "-"
217.76.130.90 - - [13/Dec/2019:19:11:31 +0100] "POST /wp-cron.php?doing_wp_cron=1576260691.4116730690002441406250 HTTP/1.1" 200 3389 "https://amazingsportwear.com/wp-cron.php?doing_wp_cron=1576260691.4116730690002441406250" "WordPress/5.2.5; https://amazingsportwear.com" "-"
199.16.157.180 - - [13/Dec/2019:19:11:28 +0100] "GET /robots.txt HTTP/1.1" 200 3687 "-" "Twitterbot/1.0" "-"
199.16.157.180 - - [13/Dec/2019:19:11:31 +0100] "GET /wp-content/uploads/2019/07/buff-bandana-300x123.jpg HTTP/1.1" 200 15803 "-" "Twitterbot/1.0" "-"
217.76.130.90 - - [13/Dec/2019:19:13:39 +0100] "POST /wp-cron.php?doing_wp_cron=1576260819.6287059783935546875000 HTTP/1.1" 200 3389 "https://amazingsportwear.com/wp-cron.php?doing_wp_cron=1576260819.6287059783935546875000" "WordPress/5.2.5; https://amazingsportwear.com" "-"
66.249.64.148 - - [13/Dec/2019:19:13:39 +0100] "GET /categoria-producto/mujer/faldas/ HTTP/1.1" 200 57080 "-" "Mozilla/5.0 (Linux; Android 6.0.1; Nexus 5X Build/MMB29P) AppleWebKit/537.36 (KHTML, like Gecko) Chrome/41.0.2272.96 Mobile Safari/537.36 (compatible; Googlebot/2.1; +http://www.google.com/bot.html)" "-"
46.102.161.70 - - [13/Dec/2019:19:16:55 +0100] "GET /wp-content/uploads/2019/04/Gorra-sport-10.png HTTP/1.1" 200 60426 "https://www.google.com/" "Mozilla/5.0 (Windows NT 10.0; Win64; x64) AppleWebKit/537.36 (KHTML, like Gecko) Chrome/78.0.3904.108 Safari/537.36" "-"
217.76.130.90 - - [13/Dec/2019:19:17:00 +0100] "POST /wp-cron.php?doing_wp_cron=1576261020.3239259719848632812500 HTTP/1.1" 200 3389 "https://amazingsportwear.com/wp-cron.php?doing_wp_cron=1576261020.3239259719848632812500" "WordPress/5.2.5; https://amazingsportwear.com" "-"
66.249.64.144 - - [13/Dec/2019:19:16:58 +0100] "GET /categoria-producto/accesorios/toallas/ HTTP/1.1" 200 59853 "-" "Mozilla/5.0 (Linux; Android 6.0.1; Nexus 5X Build/MMB29P) AppleWebKit/537.36 (KHTML, like Gecko) Chrome/41.0.2272.96 Mobile Safari/537.36 (compatible; Googlebot/2.1; +http://www.google.com/bot.html)" "-"
207.46.13.33 - - [13/Dec/2019:19:20:57 +0100] "GET /wp-content/uploads/2017/03/aq-reverse-amarillo.jpg HTTP/1.1" 200 198860 "-" "Mozilla/5.0 (compatible; bingbot/2.0; +http://www.bing.com/bingbot.htm)" "-"
217.76.130.90 - - [13/Dec/2019:19:21:47 +0100] "POST /wp-cron.php?doing_wp_cron=1576261307.2700150012969970703125 HTTP/1.1" 200 3389 "https://amazingsportwear.com/wp-cron.php?doing_wp_cron=1576261307.2700150012969970703125" "WordPress/5.2.5; https://amazingsportwear.com" "-"
66.249.64.146 - - [13/Dec/2019:19:21:46 +0100] "GET /categoria-producto/accesorios/pulseras/ HTTP/1.1" 200 59819 "-" "Mozilla/5.0 (Linux; Android 6.0.1; Nexus 5X Build/MMB29P) AppleWebKit/537.36 (KHTML, like Gecko) Chrome/41.0.2272.96 Mobile Safari/537.36 (compatible; Googlebot/2.1; +http://www.google.com/bot.html)" "-"
66.249.64.148 - - [13/Dec/2019:19:23:09 +0100] "GET /wp-content/uploads/2018/05/cif-s-004-RO-300x300.jpg HTTP/1.1" 304 3565 "-" "Googlebot-Image/1.0" "-"
217.76.130.90 - - [13/Dec/2019:19:23:14 +0100] "POST /wp-cron.php?doing_wp_cron=1576261394.0032820701599121093750 HTTP/1.1" 200 3389 "https://amazingsportwear.com/wp-cron.php?doing_wp_cron=1576261394.0032820701599121093750" "WordPress/5.2.5; https://amazingsportwear.com" "-"
176.56.237.147 - - [13/Dec/2019:19:23:13 +0100] "GET / HTTP/1.1" 200 125575 "https://amazingsportwear.com:443" "Mozilla/5.0 (Windows NT 10.0; Win64; x64) AppleWebKit/537.36 (KHTML, like Gecko) Chrome/65.0.3325.181 Safari/537.36" "-"
167.172.229.170 - - [13/Dec/2019:19:23:38 +0100] "GET /wp-content/plugins/woocommerce-square/assets/js/wc-square-payments.js HTTP/1.1" 404 68118 "-" "Mozilla/5.0 (Macintosh; Intel Mac OS X 10_9_5) AppleWebKit/537.36 (KHTML, like Gecko) Chrome/56.0.2924.87 Safari/537.36" "-"
66.249.64.144 - - [13/Dec/2019:19:23:57 +0100] "GET /producto/camiseta-tecnica-boomer-aq-jaguar/ HTTP/1.1" 200 105761 "-" "Mozilla/5.0 (compatible; Googlebot/2.1; +http://www.google.com/bot.html)" "-"
217.76.130.90 - - [13/Dec/2019:19:25:34 +0100] "POST /wp-cron.php?doing_wp_cron=1576261534.3154580593109130859375 HTTP/1.1" 200 3389 "https://amazingsportwear.com/wp-cron.php?doing_wp_cron=1576261534.3154580593109130859375" "WordPress/5.2.5; https://amazingsportwear.com" "-"
66.249.64.146 - - [13/Dec/2019:19:25:32 +0100] "GET /producto/camiseta-basket-sin-costadillos/ HTTP/1.1" 200 94654 "-" "Mozilla/5.0 (compatible; Googlebot/2.1; +http://www.google.com/bot.html)" "-"
45.64.96.18 - - [13/Dec/2019:19:30:26 +0100] "GET /wp-login.php HTTP/1.1" 404 628 "-" "Mozilla/5.0 (X11; Ubuntu; Linux x86_64; rv:62.0) Gecko/20100101 Firefox/62.0" "-"
157.55.39.174 - - [13/Dec/2019:19:34:35 +0100] "GET /wp-content/uploads/2019/04/bidon-camiseta-zablex-1.png HTTP/1.1" 200 106216 "-" "Mozilla/5.0 (compatible; bingbot/2.0; +http://www.bing.com/bingbot.htm)" "-"
167.56.178.184 - - [13/Dec/2019:19:38:49 +0100] "GET /wp-content/uploads/2019/04/Gorra-sport-6.png HTTP/1.1" 200 44623 "https://www.google.com/" "Mozilla/5.0 (Windows NT 10.0; Win64; x64) AppleWebKit/537.36 (KHTML, like Gecko) Chrome/78.0.3904.108 Safari/537.36" "-"
217.76.130.90 - - [13/Dec/2019:19:40:10 +0100] "POST /wp-cron.php?doing_wp_cron=1576262410.7789199352264404296875 HTTP/1.1" 200 3389 "https://amazingsportwear.com/wp-cron.php?doing_wp_cron=1576262410.7789199352264404296875" "WordPress/5.2.5; https://amazingsportwear.com" "-"
66.249.64.148 - - [13/Dec/2019:19:40:08 +0100] "GET /producto/maillot-manga-larga-ciclismo/ HTTP/1.1" 200 93126 "-" "Mozilla/5.0 (compatible; Googlebot/2.1; +http://www.google.com/bot.html)" "-"
217.76.130.90 - - [13/Dec/2019:19:41:24 +0100] "POST /wp-cron.php?doing_wp_cron=1576262484.6225879192352294921875 HTTP/1.1" 200 3389 "https://amazingsportwear.com/wp-cron.php?doing_wp_cron=1576262484.6225879192352294921875" "WordPress/5.2.5; https://amazingsportwear.com" "-"
69.171.251.29 - - [13/Dec/2019:19:41:24 +0100] "GET / HTTP/1.1" 200 125575 "-" "facebookexternalhit/1.1 (+http://www.facebook.com/externalhit_uatext.php)" "-"
69.171.251.39 - - [13/Dec/2019:19:41:27 +0100] "GET /contacta-con-nosotros HTTP/1.1" 301 319 "-" "facebookexternalhit/1.1 (+http://www.facebook.com/externalhit_uatext.php)" "-"
69.171.251.44 - - [13/Dec/2019:19:41:27 +0100] "GET /contacta-con-nosotros HTTP/1.1" 301 319 "-" "facebookexternalhit/1.1 (+http://www.facebook.com/externalhit_uatext.php)" "-"
69.171.251.32 - - [13/Dec/2019:19:41:26 +0100] "GET / HTTP/1.1" 200 125575 "-" "facebookexternalhit/1.1 (+http://www.facebook.com/externalhit_uatext.php)" "-"
69.171.251.39 - - [13/Dec/2019:19:41:27 +0100] "GET /contacta-con-nosotros/ HTTP/1.1" 200 58174 "-" "facebookexternalhit/1.1 (+http://www.facebook.com/externalhit_uatext.php)" "-"
69.171.251.44 - - [13/Dec/2019:19:41:28 +0100] "GET /contacta-con-nosotros/ HTTP/1.1" 200 58184 "-" "facebookexternalhit/1.1 (+http://www.facebook.com/externalhit_uatext.php)" "-"
69.171.251.43 - - [13/Dec/2019:19:41:29 +0100] "GET /contacta-con-nosotros HTTP/1.1" 301 319 "-" "facebookexternalhit/1.1 (+http://www.facebook.com/externalhit_uatext.php)" "-"
69.171.251.43 - - [13/Dec/2019:19:41:29 +0100] "GET /contacta-con-nosotros/ HTTP/1.1" 200 58164 "-" "facebookexternalhit/1.1 (+http://www.facebook.com/externalhit_uatext.php)" "-"
66.249.64.146 - - [13/Dec/2019:19:41:34 +0100] "GET /producto/pantalon-corto-futbol/ HTTP/1.1" 200 91378 "-" "Mozilla/5.0 (compatible; Googlebot/2.1; +http://www.google.com/bot.html)" "-"
157.55.39.174 - - [13/Dec/2019:19:44:54 +0100] "GET /wp-content/uploads/2017/04/nath-sunset-blanco.jpg HTTP/1.1" 200 10103 "-" "Mozilla/5.0 (compatible; bingbot/2.0; +http://www.bing.com/bingbot.htm)" "-"
217.76.130.90 - - [13/Dec/2019:19:54:37 +0100] "POST /wp-cron.php?doing_wp_cron=1576263277.3172860145568847656250 HTTP/1.1" 200 3389 "https://amazingsportwear.com/wp-cron.php?doing_wp_cron=1576263277.3172860145568847656250" "WordPress/5.2.5; https://amazingsportwear.com" "-"
66.249.64.146 - - [13/Dec/2019:19:54:35 +0100] "GET /producto/zapatilla-tram/ HTTP/1.1" 200 101369 "-" "Mozilla/5.0 (Linux; Android 6.0.1; Nexus 5X Build/MMB29P) AppleWebKit/537.36 (KHTML, like Gecko) Chrome/41.0.2272.96 Mobile Safari/537.36 (compatible; Googlebot/2.1; +http://www.google.com/bot.html)" "-"
217.76.130.90 - - [13/Dec/2019:19:55:14 +0100] "POST /wp-cron.php?doing_wp_cron=1576263314.1941869258880615234375 HTTP/1.1" 200 3389 "https://amazingsportwear.com/wp-cron.php?doing_wp_cron=1576263314.1941869258880615234375" "WordPress/5.2.5; https://amazingsportwear.com" "-"
66.249.64.148 - - [13/Dec/2019:19:55:13 +0100] "GET /categoria-producto/deportes/triathlon/ HTTP/1.1" 200 59227 "-" "Mozilla/5.0 (Linux; Android 6.0.1; Nexus 5X Build/MMB29P) AppleWebKit/537.36 (KHTML, like Gecko) Chrome/41.0.2272.96 Mobile Safari/537.36 (compatible; Googlebot/2.1; +http://www.google.com/bot.html)" "-"
217.76.130.90 - - [13/Dec/2019:19:58:52 +0100] "POST /wp-cron.php?doing_wp_cron=1576263532.4395871162414550781250 HTTP/1.1" 200 3389 "https://amazingsportwear.com/wp-cron.php?doing_wp_cron=1576263532.4395871162414550781250" "WordPress/5.2.5; https://amazingsportwear.com" "-"
66.249.64.148 - - [13/Dec/2019:19:58:51 +0100] "GET /categoria-producto/hombre/camisetas/page/2/ HTTP/1.1" 200 78291 "-" "Mozilla/5.0 (Linux; Android 6.0.1; Nexus 5X Build/MMB29P) AppleWebKit/537.36 (KHTML, like Gecko) Chrome/41.0.2272.96 Mobile Safari/537.36 (compatible; Googlebot/2.1; +http://www.google.com/bot.html)" "-"
66.249.64.146 - - [13/Dec/2019:20:11:29 +0100] "GET /wp-content/uploads/2018/05/sa-0404_chico-300x300.jpg HTTP/1.1" 304 3565 "-" "Googlebot-Image/1.0" "-"
217.76.130.90 - - [13/Dec/2019:20:17:10 +0100] "POST /wp-cron.php?doing_wp_cron=1576264629.9955399036407470703125 HTTP/1.1" 200 3389 "https://amazingsportwear.com/wp-cron.php?doing_wp_cron=1576264629.9955399036407470703125" "WordPress/5.2.5; https://amazingsportwear.com" "-"
66.249.64.144 - - [13/Dec/2019:20:17:06 +0100] "GET /producto/cortavientos-angelo/ HTTP/1.1" 200 102031 "-" "Mozilla/5.0 (Linux; Android 6.0.1; Nexus 5X Build/MMB29P) AppleWebKit/537.36 (KHTML, like Gecko) Chrome/41.0.2272.96 Mobile Safari/537.36 (compatible; Googlebot/2.1; +http://www.google.com/bot.html)" "-"
217.76.130.90 - - [13/Dec/2019:20:20:27 +0100] "POST /wp-cron.php?doing_wp_cron=1576264827.2282900810241699218750 HTTP/1.1" 200 3389 "https://amazingsportwear.com/wp-cron.php?doing_wp_cron=1576264827.2282900810241699218750" "WordPress/5.2.5; https://amazingsportwear.com" "-"
66.249.64.146 - - [13/Dec/2019:20:20:26 +0100] "GET /guia-de-tallas/ HTTP/1.1" 200 84468 "-" "Mozilla/5.0 (Linux; Android 6.0.1; Nexus 5X Build/MMB29P) AppleWebKit/537.36 (KHTML, like Gecko) Chrome/41.0.2272.96 Mobile Safari/537.36 (compatible; Googlebot/2.1; +http://www.google.com/bot.html)" "-"
186.120.237.87 - - [13/Dec/2019:20:23:25 +0100] "GET /wp-content/uploads/2019/04/Gorra-sport-6.png HTTP/1.1" 200 44623 "https://www.google.com/" "Mozilla/5.0 (Windows NT 10.0; Win64; x64) AppleWebKit/537.36 (KHTML, like Gecko) Chrome/78.0.3904.108 Safari/537.36" "-"
201.105.187.125 - - [13/Dec/2019:20:30:49 +0100] "GET /wp-content/uploads/2019/04/Gorra-sport-10.png HTTP/1.1" 200 60426 "https://www.google.com/" "Mozilla/5.0 (Linux; Android 7.0; 5011A) AppleWebKit/537.36 (KHTML, like Gecko) Chrome/78.0.3904.108 Mobile Safari/537.36" "-"
217.76.130.90 - - [13/Dec/2019:20:35:11 +0100] "POST /wp-cron.php?doing_wp_cron=1576265711.7802391052246093750000 HTTP/1.1" 200 3389 "https://amazingsportwear.com/wp-cron.php?doing_wp_cron=1576265711.7802391052246093750000" "WordPress/5.2.5; https://amazingsportwear.com" "-"
157.55.39.30 - - [13/Dec/2019:20:35:09 +0100] "GET /robots.txt HTTP/1.1" 200 2297 "-" "Mozilla/5.0 (compatible; bingbot/2.0; +http://www.bing.com/bingbot.htm)" "-"
