93.176.148.111 - - [12/Dec/2019:17:56:23 +0100] "GET /wp-content/plugins/simple-social-icons/css/style.css?ver=3.0.1 HTTP/1.1" 200 1562 "https://amazingsportwear.com/producto/camiseta-tecnica-tirantes-sa-0563/" "Mozilla/5.0 (Macintosh; Intel Mac OS X 10_14_6) AppleWebKit/537.36 (KHTML, like Gecko) Chrome/78.0.3904.108 Safari/537.36" "-"
93.176.148.111 - - [12/Dec/2019:17:56:23 +0100] "GET /wp-content/themes/shopper/style.css?ver=1.3.8 HTTP/1.1" 200 125315 "https://amazingsportwear.com/producto/camiseta-tecnica-tirantes-sa-0563/" "Mozilla/5.0 (Macintosh; Intel Mac OS X 10_14_6) AppleWebKit/537.36 (KHTML, like Gecko) Chrome/78.0.3904.108 Safari/537.36" "-"
93.176.148.111 - - [12/Dec/2019:17:56:23 +0100] "GET /wp-content/themes/shopper/assets/sass/woocommerce/woocommerce.css?ver=5.2.4 HTTP/1.1" 200 83534 "https://amazingsportwear.com/producto/camiseta-tecnica-tirantes-sa-0563/" "Mozilla/5.0 (Macintosh; Intel Mac OS X 10_14_6) AppleWebKit/537.36 (KHTML, like Gecko) Chrome/78.0.3904.108 Safari/537.36" "-"
93.176.148.111 - - [12/Dec/2019:17:56:23 +0100] "GET /wp-content/plugins/woocommerce/assets/css/photoswipe/default-skin/default-skin.css?ver=3.6.4 HTTP/1.1" 200 12081 "https://amazingsportwear.com/producto/camiseta-tecnica-tirantes-sa-0563/" "Mozilla/5.0 (Macintosh; Intel Mac OS X 10_14_6) AppleWebKit/537.36 (KHTML, like Gecko) Chrome/78.0.3904.108 Safari/537.36" "-"
93.176.148.111 - - [12/Dec/2019:17:56:23 +0100] "GET /wp-includes/js/wp-emoji-release.min.js?ver=5.2.4 HTTP/1.1" 200 14183 "https://amazingsportwear.com/producto/camiseta-tecnica-tirantes-sa-0563/" "Mozilla/5.0 (Macintosh; Intel Mac OS X 10_14_6) AppleWebKit/537.36 (KHTML, like Gecko) Chrome/78.0.3904.108 Safari/537.36" "-"
93.176.148.111 - - [12/Dec/2019:17:56:23 +0100] "GET /wp-includes/js/jquery/jquery-migrate.min.js?ver=1.4.1 HTTP/1.1" 200 10399 "https://amazingsportwear.com/producto/camiseta-tecnica-tirantes-sa-0563/" "Mozilla/5.0 (Macintosh; Intel Mac OS X 10_14_6) AppleWebKit/537.36 (KHTML, like Gecko) Chrome/78.0.3904.108 Safari/537.36" "-"
93.176.148.111 - - [12/Dec/2019:17:56:23 +0100] "GET /wp-includes/js/jquery/jquery.js?ver=1.12.4-wp HTTP/1.1" 200 97362 "https://amazingsportwear.com/producto/camiseta-tecnica-tirantes-sa-0563/" "Mozilla/5.0 (Macintosh; Intel Mac OS X 10_14_6) AppleWebKit/537.36 (KHTML, like Gecko) Chrome/78.0.3904.108 Safari/537.36" "-"
93.176.148.111 - - [12/Dec/2019:17:56:23 +0100] "GET /wp-content/plugins/wpfront-notification-bar/js/wpfront-notification-bar.js?ver=1.7.1 HTTP/1.1" 200 5662 "https://amazingsportwear.com/producto/camiseta-tecnica-tirantes-sa-0563/" "Mozilla/5.0 (Macintosh; Intel Mac OS X 10_14_6) AppleWebKit/537.36 (KHTML, like Gecko) Chrome/78.0.3904.108 Safari/537.36" "-"
93.176.148.111 - - [12/Dec/2019:17:56:23 +0100] "GET /wp-content/plugins/wpfront-notification-bar/jquery-plugins/jquery.c.js?ver=1.4.0 HTTP/1.1" 200 3437 "https://amazingsportwear.com/producto/camiseta-tecnica-tirantes-sa-0563/" "Mozilla/5.0 (Macintosh; Intel Mac OS X 10_14_6) AppleWebKit/537.36 (KHTML, like Gecko) Chrome/78.0.3904.108 Safari/537.36" "-"
93.176.148.111 - - [12/Dec/2019:17:56:23 +0100] "GET /wp-content/plugins/simple-social-icons/svgxuse.js?ver=1.1.21 HTTP/1.1" 200 9580 "https://amazingsportwear.com/producto/camiseta-tecnica-tirantes-sa-0563/" "Mozilla/5.0 (Macintosh; Intel Mac OS X 10_14_6) AppleWebKit/537.36 (KHTML, like Gecko) Chrome/78.0.3904.108 Safari/537.36" "-"
93.176.148.111 - - [12/Dec/2019:17:56:23 +0100] "GET /wp-content/plugins/cookie-law-info/public/js/cookie-law-info-public.js?ver=1.7.6 HTTP/1.1" 200 17076 "https://amazingsportwear.com/producto/camiseta-tecnica-tirantes-sa-0563/" "Mozilla/5.0 (Macintosh; Intel Mac OS X 10_14_6) AppleWebKit/537.36 (KHTML, like Gecko) Chrome/78.0.3904.108 Safari/537.36" "-"
93.176.148.111 - - [12/Dec/2019:17:56:23 +0100] "GET /wp-includes/js/jquery/jquery.js HTTP/1.1" 200 97362 "https://amazingsportwear.com/producto/camiseta-tecnica-tirantes-sa-0563/" "Mozilla/5.0 (Macintosh; Intel Mac OS X 10_14_6) AppleWebKit/537.36 (KHTML, like Gecko) Chrome/78.0.3904.108 Safari/537.36" "-"
93.176.148.111 - - [12/Dec/2019:17:56:23 +0100] "GET /wp-content/themes/shopper/assets/js/crm.js?ver=1561548510 HTTP/1.1" 200 874 "https://amazingsportwear.com/producto/camiseta-tecnica-tirantes-sa-0563/" "Mozilla/5.0 (Macintosh; Intel Mac OS X 10_14_6) AppleWebKit/537.36 (KHTML, like Gecko) Chrome/78.0.3904.108 Safari/537.36" "-"
93.176.148.111 - - [12/Dec/2019:17:56:23 +0100] "GET /wp-content/plugins/woocommerce/assets/js/jquery-blockui/jquery.blockUI.min.js?ver=2.70 HTTP/1.1" 200 9908 "https://amazingsportwear.com/producto/camiseta-tecnica-tirantes-sa-0563/" "Mozilla/5.0 (Macintosh; Intel Mac OS X 10_14_6) AppleWebKit/537.36 (KHTML, like Gecko) Chrome/78.0.3904.108 Safari/537.36" "-"
93.176.148.111 - - [12/Dec/2019:17:56:23 +0100] "GET /wp-content/plugins/woocommerce/assets/js/frontend/add-to-cart.min.js?ver=3.6.4 HTTP/1.1" 200 2983 "https://amazingsportwear.com/producto/camiseta-tecnica-tirantes-sa-0563/" "Mozilla/5.0 (Macintosh; Intel Mac OS X 10_14_6) AppleWebKit/537.36 (KHTML, like Gecko) Chrome/78.0.3904.108 Safari/537.36" "-"
93.176.148.111 - - [12/Dec/2019:17:56:23 +0100] "GET /wp-content/plugins/woocommerce/assets/js/zoom/jquery.zoom.min.js?ver=1.7.21 HTTP/1.1" 200 2957 "https://amazingsportwear.com/producto/camiseta-tecnica-tirantes-sa-0563/" "Mozilla/5.0 (Macintosh; Intel Mac OS X 10_14_6) AppleWebKit/537.36 (KHTML, like Gecko) Chrome/78.0.3904.108 Safari/537.36" "-"
93.176.148.111 - - [12/Dec/2019:17:56:23 +0100] "GET /wp-content/plugins/woocommerce/assets/js/flexslider/jquery.flexslider.min.js?ver=2.7.2 HTTP/1.1" 200 23232 "https://amazingsportwear.com/producto/camiseta-tecnica-tirantes-sa-0563/" "Mozilla/5.0 (Macintosh; Intel Mac OS X 10_14_6) AppleWebKit/537.36 (KHTML, like Gecko) Chrome/78.0.3904.108 Safari/537.36" "-"
93.176.148.111 - - [12/Dec/2019:17:56:23 +0100] "GET /wp-content/plugins/product-enquiry-for-woocommerce/css/wdm-jquery-ui.css?ver=5.2.4 HTTP/1.1" 200 27001 "https://amazingsportwear.com/producto/camiseta-tecnica-tirantes-sa-0563/" "Mozilla/5.0 (Macintosh; Intel Mac OS X 10_14_6) AppleWebKit/537.36 (KHTML, like Gecko) Chrome/78.0.3904.108 Safari/537.36" "-"
93.176.148.111 - - [12/Dec/2019:17:56:23 +0100] "GET /wp-content/plugins/woocommerce/assets/js/frontend/single-product.min.js?ver=3.6.4 HTTP/1.1" 200 6693 "https://amazingsportwear.com/producto/camiseta-tecnica-tirantes-sa-0563/" "Mozilla/5.0 (Macintosh; Intel Mac OS X 10_14_6) AppleWebKit/537.36 (KHTML, like Gecko) Chrome/78.0.3904.108 Safari/537.36" "-"
93.176.148.111 - - [12/Dec/2019:17:56:23 +0100] "GET /wp-content/plugins/woocommerce/assets/js/photoswipe/photoswipe.min.js?ver=4.1.1 HTTP/1.1" 200 32276 "https://amazingsportwear.com/producto/camiseta-tecnica-tirantes-sa-0563/" "Mozilla/5.0 (Macintosh; Intel Mac OS X 10_14_6) AppleWebKit/537.36 (KHTML, like Gecko) Chrome/78.0.3904.108 Safari/537.36" "-"
93.176.148.111 - - [12/Dec/2019:17:56:23 +0100] "GET /wp-content/plugins/woocommerce/assets/js/photoswipe/photoswipe-ui-default.min.js?ver=4.1.1 HTTP/1.1" 200 10220 "https://amazingsportwear.com/producto/camiseta-tecnica-tirantes-sa-0563/" "Mozilla/5.0 (Macintosh; Intel Mac OS X 10_14_6) AppleWebKit/537.36 (KHTML, like Gecko) Chrome/78.0.3904.108 Safari/537.36" "-"
93.176.148.111 - - [12/Dec/2019:17:56:23 +0100] "GET /wp-content/themes/shopper/assets/fonts/fontawesome-webfont.woff2?v=4.7.0 HTTP/1.1" 200 77615 "https://amazingsportwear.com/wp-content/themes/shopper/style.css?ver=1.3.8" "Mozilla/5.0 (Macintosh; Intel Mac OS X 10_14_6) AppleWebKit/537.36 (KHTML, like Gecko) Chrome/78.0.3904.108 Safari/537.36" "-"
93.176.148.111 - - [12/Dec/2019:17:56:23 +0100] "GET /wp-content/uploads/2017/03/sa-0563_222.jpg HTTP/1.1" 200 41460 "https://amazingsportwear.com/producto/camiseta-tecnica-tirantes-sa-0563/" "Mozilla/5.0 (Macintosh; Intel Mac OS X 10_14_6) AppleWebKit/537.36 (KHTML, like Gecko) Chrome/78.0.3904.108 Safari/537.36" "-"
93.176.148.111 - - [12/Dec/2019:17:56:23 +0100] "GET /wp-content/uploads/2017/03/sa-0563_02.jpg HTTP/1.1" 200 42998 "https://amazingsportwear.com/producto/camiseta-tecnica-tirantes-sa-0563/" "Mozilla/5.0 (Macintosh; Intel Mac OS X 10_14_6) AppleWebKit/537.36 (KHTML, like Gecko) Chrome/78.0.3904.108 Safari/537.36" "-"
93.176.148.111 - - [12/Dec/2019:17:56:23 +0100] "GET /wp-content/uploads/2017/03/SA-0563-colores-1.jpg HTTP/1.1" 200 16780 "https://amazingsportwear.com/producto/camiseta-tecnica-tirantes-sa-0563/" "Mozilla/5.0 (Macintosh; Intel Mac OS X 10_14_6) AppleWebKit/537.36 (KHTML, like Gecko) Chrome/78.0.3904.108 Safari/537.36" "-"
93.176.148.111 - - [12/Dec/2019:17:56:23 +0100] "GET /wp-content/uploads/2017/03/sa-0563_60.jpg HTTP/1.1" 200 36509 "https://amazingsportwear.com/producto/camiseta-tecnica-tirantes-sa-0563/" "Mozilla/5.0 (Macintosh; Intel Mac OS X 10_14_6) AppleWebKit/537.36 (KHTML, like Gecko) Chrome/78.0.3904.108 Safari/537.36" "-"
93.176.148.111 - - [12/Dec/2019:17:56:23 +0100] "GET /wp-content/uploads/2017/03/sa-0563_01.jpg HTTP/1.1" 200 30878 "https://amazingsportwear.com/producto/camiseta-tecnica-tirantes-sa-0563/" "Mozilla/5.0 (Macintosh; Intel Mac OS X 10_14_6) AppleWebKit/537.36 (KHTML, like Gecko) Chrome/78.0.3904.108 Safari/537.36" "-"
93.176.148.111 - - [12/Dec/2019:17:56:23 +0100] "GET /wp-content/uploads/2019/05/cropped-asw-white.png HTTP/1.1" 200 7500 "https://amazingsportwear.com/producto/camiseta-tecnica-tirantes-sa-0563/" "Mozilla/5.0 (Macintosh; Intel Mac OS X 10_14_6) AppleWebKit/537.36 (KHTML, like Gecko) Chrome/78.0.3904.108 Safari/537.36" "-"
93.176.148.111 - - [12/Dec/2019:17:56:23 +0100] "GET /wp-content/uploads/2017/03/sa-0563_221.jpg HTTP/1.1" 200 30953 "https://amazingsportwear.com/producto/camiseta-tecnica-tirantes-sa-0563/" "Mozilla/5.0 (Macintosh; Intel Mac OS X 10_14_6) AppleWebKit/537.36 (KHTML, like Gecko) Chrome/78.0.3904.108 Safari/537.36" "-"
93.176.148.111 - - [12/Dec/2019:17:56:23 +0100] "GET /wp-content/uploads/2017/03/sa-0563_71.jpg HTTP/1.1" 200 35688 "https://amazingsportwear.com/producto/camiseta-tecnica-tirantes-sa-0563/" "Mozilla/5.0 (Macintosh; Intel Mac OS X 10_14_6) AppleWebKit/537.36 (KHTML, like Gecko) Chrome/78.0.3904.108 Safari/537.36" "-"
93.176.148.111 - - [12/Dec/2019:17:56:23 +0100] "GET /wp-content/plugins/woocommerce/assets/js/frontend/woocommerce.min.js?ver=3.6.4 HTTP/1.1" 200 1813 "https://amazingsportwear.com/producto/camiseta-tecnica-tirantes-sa-0563/" "Mozilla/5.0 (Macintosh; Intel Mac OS X 10_14_6) AppleWebKit/537.36 (KHTML, like Gecko) Chrome/78.0.3904.108 Safari/537.36" "_ga=GA1.2.445581119.1576169784; _gid=GA1.2.1424340603.1576169784; _gat_gtag_UA_91619287_1=1"
93.176.148.111 - - [12/Dec/2019:17:56:23 +0100] "GET /wp-content/plugins/woocommerce/assets/js/js-cookie/js.cookie.min.js?ver=2.1.4 HTTP/1.1" 200 2187 "https://amazingsportwear.com/producto/camiseta-tecnica-tirantes-sa-0563/" "Mozilla/5.0 (Macintosh; Intel Mac OS X 10_14_6) AppleWebKit/537.36 (KHTML, like Gecko) Chrome/78.0.3904.108 Safari/537.36" "_ga=GA1.2.445581119.1576169784; _gid=GA1.2.1424340603.1576169784; _gat_gtag_UA_91619287_1=1"
93.176.148.111 - - [12/Dec/2019:17:56:23 +0100] "GET /wp-content/plugins/woocommerce/assets/js/frontend/cart-fragments.min.js?ver=3.6.4 HTTP/1.1" 200 3281 "https://amazingsportwear.com/producto/camiseta-tecnica-tirantes-sa-0563/" "Mozilla/5.0 (Macintosh; Intel Mac OS X 10_14_6) AppleWebKit/537.36 (KHTML, like Gecko) Chrome/78.0.3904.108 Safari/537.36" "_ga=GA1.2.445581119.1576169784; _gid=GA1.2.1424340603.1576169784; _gat_gtag_UA_91619287_1=1"
93.176.148.111 - - [12/Dec/2019:17:56:23 +0100] "GET /wp-content/themes/shopper/assets/js/skip-link-focus-fix.js?ver=1.3.8 HTTP/1.1" 200 1023 "https://amazingsportwear.com/producto/camiseta-tecnica-tirantes-sa-0563/" "Mozilla/5.0 (Macintosh; Intel Mac OS X 10_14_6) AppleWebKit/537.36 (KHTML, like Gecko) Chrome/78.0.3904.108 Safari/537.36" "_ga=GA1.2.445581119.1576169784; _gid=GA1.2.1424340603.1576169784; _gat_gtag_UA_91619287_1=1"
93.176.148.111 - - [12/Dec/2019:17:56:23 +0100] "GET /wp-content/themes/shopper/assets/js/shopper.min.js?ver=1.3.8 HTTP/1.1" 200 5994 "https://amazingsportwear.com/producto/camiseta-tecnica-tirantes-sa-0563/" "Mozilla/5.0 (Macintosh; Intel Mac OS X 10_14_6) AppleWebKit/537.36 (KHTML, like Gecko) Chrome/78.0.3904.108 Safari/537.36" "_ga=GA1.2.445581119.1576169784; _gid=GA1.2.1424340603.1576169784; _gat_gtag_UA_91619287_1=1"
93.176.148.111 - - [12/Dec/2019:17:56:23 +0100] "GET /wp-content/themes/shopper/assets/js/woocommerce/header-cart.min.js?ver=1.3.8 HTTP/1.1" 200 972 "https://amazingsportwear.com/producto/camiseta-tecnica-tirantes-sa-0563/" "Mozilla/5.0 (Macintosh; Intel Mac OS X 10_14_6) AppleWebKit/537.36 (KHTML, like Gecko) Chrome/78.0.3904.108 Safari/537.36" "_ga=GA1.2.445581119.1576169784; _gid=GA1.2.1424340603.1576169784; _gat_gtag_UA_91619287_1=1"
93.176.148.111 - - [12/Dec/2019:17:56:23 +0100] "GET /wp-includes/js/wp-embed.min.js?ver=5.2.4 HTTP/1.1" 200 1744 "https://amazingsportwear.com/producto/camiseta-tecnica-tirantes-sa-0563/" "Mozilla/5.0 (Macintosh; Intel Mac OS X 10_14_6) AppleWebKit/537.36 (KHTML, like Gecko) Chrome/78.0.3904.108 Safari/537.36" "_ga=GA1.2.445581119.1576169784; _gid=GA1.2.1424340603.1576169784; _gat_gtag_UA_91619287_1=1"
93.176.148.111 - - [12/Dec/2019:17:56:23 +0100] "GET /wp-includes/js/underscore.min.js?ver=1.8.3 HTTP/1.1" 200 16527 "https://amazingsportwear.com/producto/camiseta-tecnica-tirantes-sa-0563/" "Mozilla/5.0 (Macintosh; Intel Mac OS X 10_14_6) AppleWebKit/537.36 (KHTML, like Gecko) Chrome/78.0.3904.108 Safari/537.36" "_ga=GA1.2.445581119.1576169784; _gid=GA1.2.1424340603.1576169784; _gat_gtag_UA_91619287_1=1"
93.176.148.111 - - [12/Dec/2019:17:56:23 +0100] "GET /wp-content/plugins/woocommerce/assets/js/frontend/add-to-cart-variation.min.js?ver=3.6.4 HTTP/1.1" 200 13625 "https://amazingsportwear.com/producto/camiseta-tecnica-tirantes-sa-0563/" "Mozilla/5.0 (Macintosh; Intel Mac OS X 10_14_6) AppleWebKit/537.36 (KHTML, like Gecko) Chrome/78.0.3904.108 Safari/537.36" "_ga=GA1.2.445581119.1576169784; _gid=GA1.2.1424340603.1576169784; _gat_gtag_UA_91619287_1=1"
93.176.148.111 - - [12/Dec/2019:17:56:23 +0100] "GET /wp-includes/js/comment-reply.min.js?ver=5.2.4 HTTP/1.1" 200 2575 "https://amazingsportwear.com/producto/camiseta-tecnica-tirantes-sa-0563/" "Mozilla/5.0 (Macintosh; Intel Mac OS X 10_14_6) AppleWebKit/537.36 (KHTML, like Gecko) Chrome/78.0.3904.108 Safari/537.36" "_ga=GA1.2.445581119.1576169784; _gid=GA1.2.1424340603.1576169784; _gat_gtag_UA_91619287_1=1"
93.176.148.111 - - [12/Dec/2019:17:56:23 +0100] "GET /wp-includes/js/wp-util.min.js?ver=5.2.4 HTTP/1.1" 200 1387 "https://amazingsportwear.com/producto/camiseta-tecnica-tirantes-sa-0563/" "Mozilla/5.0 (Macintosh; Intel Mac OS X 10_14_6) AppleWebKit/537.36 (KHTML, like Gecko) Chrome/78.0.3904.108 Safari/537.36" "_ga=GA1.2.445581119.1576169784; _gid=GA1.2.1424340603.1576169784; _gat_gtag_UA_91619287_1=1"
93.176.148.111 - - [12/Dec/2019:17:56:23 +0100] "GET /wp-includes/js/jquery/ui/core.min.js?ver=1.11.4 HTTP/1.1" 200 4341 "https://amazingsportwear.com/producto/camiseta-tecnica-tirantes-sa-0563/" "Mozilla/5.0 (Macintosh; Intel Mac OS X 10_14_6) AppleWebKit/537.36 (KHTML, like Gecko) Chrome/78.0.3904.108 Safari/537.36" "_ga=GA1.2.445581119.1576169784; _gid=GA1.2.1424340603.1576169784; _gat_gtag_UA_91619287_1=1"
93.176.148.111 - - [12/Dec/2019:17:56:23 +0100] "GET /wp-includes/js/jquery/ui/resizable.min.js?ver=1.11.4 HTTP/1.1" 200 18798 "https://amazingsportwear.com/producto/camiseta-tecnica-tirantes-sa-0563/" "Mozilla/5.0 (Macintosh; Intel Mac OS X 10_14_6) AppleWebKit/537.36 (KHTML, like Gecko) Chrome/78.0.3904.108 Safari/537.36" "_ga=GA1.2.445581119.1576169784; _gid=GA1.2.1424340603.1576169784; _gat_gtag_UA_91619287_1=1"
93.176.148.111 - - [12/Dec/2019:17:56:23 +0100] "GET /wp-includes/js/jquery/ui/draggable.min.js?ver=1.11.4 HTTP/1.1" 200 19277 "https://amazingsportwear.com/producto/camiseta-tecnica-tirantes-sa-0563/" "Mozilla/5.0 (Macintosh; Intel Mac OS X 10_14_6) AppleWebKit/537.36 (KHTML, like Gecko) Chrome/78.0.3904.108 Safari/537.36" "_ga=GA1.2.445581119.1576169784; _gid=GA1.2.1424340603.1576169784; _gat_gtag_UA_91619287_1=1"
93.176.148.111 - - [12/Dec/2019:17:56:23 +0100] "GET /wp-includes/js/jquery/ui/mouse.min.js?ver=1.11.4 HTTP/1.1" 200 3489 "https://amazingsportwear.com/producto/camiseta-tecnica-tirantes-sa-0563/" "Mozilla/5.0 (Macintosh; Intel Mac OS X 10_14_6) AppleWebKit/537.36 (KHTML, like Gecko) Chrome/78.0.3904.108 Safari/537.36" "_ga=GA1.2.445581119.1576169784; _gid=GA1.2.1424340603.1576169784; _gat_gtag_UA_91619287_1=1"
93.176.148.111 - - [12/Dec/2019:17:56:23 +0100] "GET /wp-includes/js/jquery/ui/button.min.js?ver=1.11.4 HTTP/1.1" 200 7578 "https://amazingsportwear.com/producto/camiseta-tecnica-tirantes-sa-0563/" "Mozilla/5.0 (Macintosh; Intel Mac OS X 10_14_6) AppleWebKit/537.36 (KHTML, like Gecko) Chrome/78.0.3904.108 Safari/537.36" "_ga=GA1.2.445581119.1576169784; _gid=GA1.2.1424340603.1576169784; _gat_gtag_UA_91619287_1=1"
93.176.148.111 - - [12/Dec/2019:17:56:23 +0100] "GET /wp-includes/js/jquery/ui/widget.min.js?ver=1.11.4 HTTP/1.1" 200 7250 "https://amazingsportwear.com/producto/camiseta-tecnica-tirantes-sa-0563/" "Mozilla/5.0 (Macintosh; Intel Mac OS X 10_14_6) AppleWebKit/537.36 (KHTML, like Gecko) Chrome/78.0.3904.108 Safari/537.36" "_ga=GA1.2.445581119.1576169784; _gid=GA1.2.1424340603.1576169784; _gat_gtag_UA_91619287_1=1"
93.176.148.111 - - [12/Dec/2019:17:56:23 +0100] "GET /wp-includes/js/jquery/ui/dialog.min.js?ver=1.11.4 HTTP/1.1" 200 12482 "https://amazingsportwear.com/producto/camiseta-tecnica-tirantes-sa-0563/" "Mozilla/5.0 (Macintosh; Intel Mac OS X 10_14_6) AppleWebKit/537.36 (KHTML, like Gecko) Chrome/78.0.3904.108 Safari/537.36" "_ga=GA1.2.445581119.1576169784; _gid=GA1.2.1424340603.1576169784; _gat_gtag_UA_91619287_1=1"
93.176.148.111 - - [12/Dec/2019:17:56:23 +0100] "GET /wp-includes/js/jquery/ui/position.min.js?ver=1.11.4 HTTP/1.1" 200 6869 "https://amazingsportwear.com/producto/camiseta-tecnica-tirantes-sa-0563/" "Mozilla/5.0 (Macintosh; Intel Mac OS X 10_14_6) AppleWebKit/537.36 (KHTML, like Gecko) Chrome/78.0.3904.108 Safari/537.36" "_ga=GA1.2.445581119.1576169784; _gid=GA1.2.1424340603.1576169784; _gat_gtag_UA_91619287_1=1"
93.176.148.111 - - [12/Dec/2019:17:56:23 +0100] "GET /wp-content/uploads/2017/03/nath-only-mujer.jpg HTTP/1.1" 200 17186 "https://amazingsportwear.com/producto/camiseta-tecnica-tirantes-sa-0563/" "Mozilla/5.0 (Macintosh; Intel Mac OS X 10_14_6) AppleWebKit/537.36 (KHTML, like Gecko) Chrome/78.0.3904.108 Safari/537.36" "_ga=GA1.2.445581119.1576169784; _gid=GA1.2.1424340603.1576169784; _gat_gtag_UA_91619287_1=1"
93.176.148.111 - - [12/Dec/2019:17:56:23 +0100] "GET /wp-content/uploads/2017/03/aq-cyber-joven-300x300.jpg HTTP/1.1" 200 73400 "https://amazingsportwear.com/producto/camiseta-tecnica-tirantes-sa-0563/" "Mozilla/5.0 (Macintosh; Intel Mac OS X 10_14_6) AppleWebKit/537.36 (KHTML, like Gecko) Chrome/78.0.3904.108 Safari/537.36" "_ga=GA1.2.445581119.1576169784; _gid=GA1.2.1424340603.1576169784; _gat_gtag_UA_91619287_1=1"
93.176.148.111 - - [12/Dec/2019:17:56:23 +0100] "GET /wp-content/uploads/2017/03/sa-0415_60.jpg HTTP/1.1" 200 93721 "https://amazingsportwear.com/producto/camiseta-tecnica-tirantes-sa-0563/" "Mozilla/5.0 (Macintosh; Intel Mac OS X 10_14_6) AppleWebKit/537.36 (KHTML, like Gecko) Chrome/78.0.3904.108 Safari/537.36" "_ga=GA1.2.445581119.1576169784; _gid=GA1.2.1424340603.1576169784; _gat_gtag_UA_91619287_1=1"
93.176.148.111 - - [12/Dec/2019:17:56:23 +0100] "GET /wp-content/plugins/product-enquiry-for-woocommerce/img/contact/loading.gif HTTP/1.1" 200 3834 "https://amazingsportwear.com/producto/camiseta-tecnica-tirantes-sa-0563/" "Mozilla/5.0 (Macintosh; Intel Mac OS X 10_14_6) AppleWebKit/537.36 (KHTML, like Gecko) Chrome/78.0.3904.108 Safari/537.36" "_ga=GA1.2.445581119.1576169784; _gid=GA1.2.1424340603.1576169784; _gat_gtag_UA_91619287_1=1"
93.176.148.111 - - [12/Dec/2019:17:56:23 +0100] "GET /wp-content/plugins/product-enquiry-for-woocommerce/js/wdm_jquery.validate.min.js?ver=5.2.4 HTTP/1.1" 200 21818 "https://amazingsportwear.com/producto/camiseta-tecnica-tirantes-sa-0563/" "Mozilla/5.0 (Macintosh; Intel Mac OS X 10_14_6) AppleWebKit/537.36 (KHTML, like Gecko) Chrome/78.0.3904.108 Safari/537.36" "_ga=GA1.2.445581119.1576169784; _gid=GA1.2.1424340603.1576169784; _gat_gtag_UA_91619287_1=1"
93.176.148.111 - - [12/Dec/2019:17:56:23 +0100] "GET /wp-content/plugins/product-enquiry-for-woocommerce/js/contact.js?ver=5.2.4 HTTP/1.1" 200 4681 "https://amazingsportwear.com/producto/camiseta-tecnica-tirantes-sa-0563/" "Mozilla/5.0 (Macintosh; Intel Mac OS X 10_14_6) AppleWebKit/537.36 (KHTML, like Gecko) Chrome/78.0.3904.108 Safari/537.36" "_ga=GA1.2.445581119.1576169784; _gid=GA1.2.1424340603.1576169784; _gat_gtag_UA_91619287_1=1"
93.176.148.111 - - [12/Dec/2019:17:56:23 +0100] "GET /wp-content/uploads/2019/05/asw-white-600x252.png HTTP/1.1" 200 29380 "https://amazingsportwear.com/producto/camiseta-tecnica-tirantes-sa-0563/" "Mozilla/5.0 (Macintosh; Intel Mac OS X 10_14_6) AppleWebKit/537.36 (KHTML, like Gecko) Chrome/78.0.3904.108 Safari/537.36" "_ga=GA1.2.445581119.1576169784; _gid=GA1.2.1424340603.1576169784; _gat_gtag_UA_91619287_1=1"
93.176.148.111 - - [12/Dec/2019:17:56:23 +0100] "GET /wp-content/plugins/simple-social-icons/symbol-defs.svg HTTP/1.1" 200 19699 "https://amazingsportwear.com/producto/camiseta-tecnica-tirantes-sa-0563/" "Mozilla/5.0 (Macintosh; Intel Mac OS X 10_14_6) AppleWebKit/537.36 (KHTML, like Gecko) Chrome/78.0.3904.108 Safari/537.36" "_ga=GA1.2.445581119.1576169784; _gid=GA1.2.1424340603.1576169784; _gat_gtag_UA_91619287_1=1"
93.176.148.111 - - [12/Dec/2019:17:56:23 +0100] "GET /wp-content/plugins/wpfront-notification-bar/images/arrow_down.png HTTP/1.1" 200 2562 "https://amazingsportwear.com/wp-content/plugins/wpfront-notification-bar/css/wpfront-notification-bar.css?ver=1.7.1" "Mozilla/5.0 (Macintosh; Intel Mac OS X 10_14_6) AppleWebKit/537.36 (KHTML, like Gecko) Chrome/78.0.3904.108 Safari/537.36" "_ga=GA1.2.445581119.1576169784; _gid=GA1.2.1424340603.1576169784; _gat_gtag_UA_91619287_1=1"
93.176.148.111 - - [12/Dec/2019:17:56:23 +0100] "GET /wp-content/plugins/akismet/_inc/form.js?ver=4.1.2 HTTP/1.1" 200 1040 "https://amazingsportwear.com/producto/camiseta-tecnica-tirantes-sa-0563/" "Mozilla/5.0 (Macintosh; Intel Mac OS X 10_14_6) AppleWebKit/537.36 (KHTML, like Gecko) Chrome/78.0.3904.108 Safari/537.36" "_ga=GA1.2.445581119.1576169784; _gid=GA1.2.1424340603.1576169784; _gat_gtag_UA_91619287_1=1"
93.176.148.111 - - [12/Dec/2019:17:56:23 +0100] "GET /wp-content/uploads/2017/03/sa-0563-hombre-100x100.jpg HTTP/1.1" 200 3456 "https://amazingsportwear.com/producto/camiseta-tecnica-tirantes-sa-0563/" "Mozilla/5.0 (Macintosh; Intel Mac OS X 10_14_6) AppleWebKit/537.36 (KHTML, like Gecko) Chrome/78.0.3904.108 Safari/537.36" "_ga=GA1.2.445581119.1576169784; _gid=GA1.2.1424340603.1576169784; _gat_gtag_UA_91619287_1=1"
93.176.148.111 - - [12/Dec/2019:17:56:23 +0100] "GET /wp-content/uploads/2017/03/sa-0563_01-100x100.jpg HTTP/1.1" 200 15024 "https://amazingsportwear.com/producto/camiseta-tecnica-tirantes-sa-0563/" "Mozilla/5.0 (Macintosh; Intel Mac OS X 10_14_6) AppleWebKit/537.36 (KHTML, like Gecko) Chrome/78.0.3904.108 Safari/537.36" "_ga=GA1.2.445581119.1576169784; _gid=GA1.2.1424340603.1576169784; _gat_gtag_UA_91619287_1=1"
93.176.148.111 - - [12/Dec/2019:17:56:23 +0100] "GET /wp-content/uploads/2017/03/sa-0563_221-100x100.jpg HTTP/1.1" 200 16442 "https://amazingsportwear.com/producto/camiseta-tecnica-tirantes-sa-0563/" "Mozilla/5.0 (Macintosh; Intel Mac OS X 10_14_6) AppleWebKit/537.36 (KHTML, like Gecko) Chrome/78.0.3904.108 Safari/537.36" "_ga=GA1.2.445581119.1576169784; _gid=GA1.2.1424340603.1576169784; _gat_gtag_UA_91619287_1=1"
93.176.148.111 - - [12/Dec/2019:17:56:23 +0100] "GET /wp-content/uploads/2017/03/sa-0563_02-100x100.jpg HTTP/1.1" 200 13485 "https://amazingsportwear.com/producto/camiseta-tecnica-tirantes-sa-0563/" "Mozilla/5.0 (Macintosh; Intel Mac OS X 10_14_6) AppleWebKit/537.36 (KHTML, like Gecko) Chrome/78.0.3904.108 Safari/537.36" "_ga=GA1.2.445581119.1576169784; _gid=GA1.2.1424340603.1576169784; _gat_gtag_UA_91619287_1=1"
93.176.148.111 - - [12/Dec/2019:17:56:23 +0100] "GET /wp-content/uploads/2017/03/sa-0563_222-100x100.jpg HTTP/1.1" 200 17036 "https://amazingsportwear.com/producto/camiseta-tecnica-tirantes-sa-0563/" "Mozilla/5.0 (Macintosh; Intel Mac OS X 10_14_6) AppleWebKit/537.36 (KHTML, like Gecko) Chrome/78.0.3904.108 Safari/537.36" "_ga=GA1.2.445581119.1576169784; _gid=GA1.2.1424340603.1576169784; _gat_gtag_UA_91619287_1=1"
93.176.148.111 - - [12/Dec/2019:17:56:23 +0100] "GET /wp-content/uploads/2017/03/sa-0563_71-100x100.jpg HTTP/1.1" 200 16841 "https://amazingsportwear.com/producto/camiseta-tecnica-tirantes-sa-0563/" "Mozilla/5.0 (Macintosh; Intel Mac OS X 10_14_6) AppleWebKit/537.36 (KHTML, like Gecko) Chrome/78.0.3904.108 Safari/537.36" "_ga=GA1.2.445581119.1576169784; _gid=GA1.2.1424340603.1576169784; _gat_gtag_UA_91619287_1=1"
93.176.148.111 - - [12/Dec/2019:17:56:23 +0100] "GET /wp-content/uploads/2017/03/sa-0563_60-100x100.jpg HTTP/1.1" 200 17066 "https://amazingsportwear.com/producto/camiseta-tecnica-tirantes-sa-0563/" "Mozilla/5.0 (Macintosh; Intel Mac OS X 10_14_6) AppleWebKit/537.36 (KHTML, like Gecko) Chrome/78.0.3904.108 Safari/537.36" "_ga=GA1.2.445581119.1576169784; _gid=GA1.2.1424340603.1576169784; _gat_gtag_UA_91619287_1=1"
93.176.148.111 - - [12/Dec/2019:17:56:23 +0100] "POST /?wc-ajax=get_refreshed_fragments HTTP/1.1" 200 1397 "https://amazingsportwear.com/producto/camiseta-tecnica-tirantes-sa-0563/" "Mozilla/5.0 (Macintosh; Intel Mac OS X 10_14_6) AppleWebKit/537.36 (KHTML, like Gecko) Chrome/78.0.3904.108 Safari/537.36" "_ga=GA1.2.445581119.1576169784; _gid=GA1.2.1424340603.1576169784; _gat_gtag_UA_91619287_1=1"
93.176.148.111 - - [12/Dec/2019:17:56:23 +0100] "GET /img/cms/tienda/SA-0563-colores.JPG HTTP/1.1" 404 68096 "-" "Mozilla/5.0 (Macintosh; Intel Mac OS X 10_14_6) AppleWebKit/537.36 (KHTML, like Gecko) Chrome/78.0.3904.108 Safari/537.36" "-"
93.176.148.111 - - [12/Dec/2019:17:56:25 +0100] "GET /wp-content/uploads/2019/05/cropped-favicon-nuevo-logo-amazinf-128px-32x32.png HTTP/1.1" 200 1224 "https://amazingsportwear.com/producto/camiseta-tecnica-tirantes-sa-0563/" "Mozilla/5.0 (Macintosh; Intel Mac OS X 10_14_6) AppleWebKit/537.36 (KHTML, like Gecko) Chrome/78.0.3904.108 Safari/537.36" "_ga=GA1.2.445581119.1576169784; _gid=GA1.2.1424340603.1576169784; _gat_gtag_UA_91619287_1=1; wpfront-notification-bar-landingpage=1"
213.27.252.126 - - [12/Dec/2019:17:58:40 +0100] "GET /wp-content/uploads/2019/04/gorra-five-3.png HTTP/1.1" 200 84607 "https://www.google.com/" "Mozilla/5.0 (Windows NT 10.0; Win64; x64) AppleWebKit/537.36 (KHTML, like Gecko) Chrome/78.0.3904.108 Safari/537.36" "-"
80.29.28.189 - - [12/Dec/2019:18:02:26 +0100] "GET /wp-content/uploads/2017/03/nath-action-balnco.jpg HTTP/1.1" 200 23464 "https://www.google.com/" "Mozilla/5.0 (iPhone; CPU iPhone OS 13_1_2 like Mac OS X) AppleWebKit/605.1.15 (KHTML, like Gecko) GSA/87.0.279142407 Mobile/17A860 Safari/604.1" "-"
189.210.195.238 - - [12/Dec/2019:18:09:05 +0100] "GET /wp-content/uploads/2019/04/gorra-konlun-5.png HTTP/1.1" 200 82728 "https://www.google.com/" "Mozilla/5.0 (Macintosh; Intel Mac OS X 10_14_6) AppleWebKit/605.1.15 (KHTML, like Gecko) Version/13.0.3 Safari/605.1.15" "-"
217.76.130.90 - - [12/Dec/2019:18:13:15 +0100] "POST /wp-cron.php?doing_wp_cron=1576170795.8622050285339355468750 HTTP/1.1" 200 3389 "https://amazingsportwear.com/wp-cron.php?doing_wp_cron=1576170795.8622050285339355468750" "WordPress/5.2.4; https://amazingsportwear.com" "-"
66.249.64.144 - - [12/Dec/2019:18:13:13 +0100] "GET /producto/linterna-frontal/ HTTP/1.1" 200 92244 "-" "Mozilla/5.0 (Linux; Android 6.0.1; Nexus 5X Build/MMB29P) AppleWebKit/537.36 (KHTML, like Gecko) Chrome/41.0.2272.96 Mobile Safari/537.36 (compatible; Googlebot/2.1; +http://www.google.com/bot.html)" "-"
217.76.130.90 - - [12/Dec/2019:18:24:17 +0100] "POST /wp-cron.php?doing_wp_cron=1576171457.3858170509338378906250 HTTP/1.1" 200 3389 "https://amazingsportwear.com/wp-cron.php?doing_wp_cron=1576171457.3858170509338378906250" "WordPress/5.2.4; https://amazingsportwear.com" "-"
66.249.64.146 - - [12/Dec/2019:18:24:15 +0100] "GET /producto/camiseta-tecnica-tirantes-sa-0563/ HTTP/1.1" 200 106909 "-" "Mozilla/5.0 (Linux; Android 6.0.1; Nexus 5X Build/MMB29P) AppleWebKit/537.36 (KHTML, like Gecko) Chrome/41.0.2272.96 Mobile Safari/537.36 (compatible; Googlebot/2.1; +http://www.google.com/bot.html)" "-"
40.77.167.70 - - [12/Dec/2019:18:35:01 +0100] "GET /wp-content/uploads/2017/03/eny-cubik-azul.jpg HTTP/1.1" 200 23714 "-" "Mozilla/5.0 (compatible; bingbot/2.0; +http://www.bing.com/bingbot.htm)" "-"
217.76.130.90 - - [12/Dec/2019:18:42:31 +0100] "POST /wp-cron.php?doing_wp_cron=1576172551.4673500061035156250000 HTTP/1.1" 200 164 "http://amazingsportwear.com/wp-cron.php?doing_wp_cron=1576172551.4673500061035156250000" "WordPress/5.2.4; https://amazingsportwear.com" "-"
207.180.243.20 - - [12/Dec/2019:18:42:29 +0100] "GET /wp-admin/widgets.php HTTP/1.1" 302 394 "http://site.ru" "Mozilla/5.0 (Windows; U; Windows NT 5.1; en-US) AppleWebKit/533.4 (KHTML, like Gecko) Chrome/5.0.375.99 Safari/533.4" "-"
207.180.243.20 - - [12/Dec/2019:18:42:32 +0100] "GET /wp-admin/widgets.php HTTP/1.1" 302 3692 "http://site.ru" "Mozilla/5.0 (Windows; U; Windows NT 5.1; en-US) AppleWebKit/533.4 (KHTML, like Gecko) Chrome/5.0.375.99 Safari/533.4" "-"
207.180.243.20 - - [12/Dec/2019:18:42:35 +0100] "GET /wp-admin/widgets.php HTTP/1.1" 302 394 "http://site.ru" "Mozilla/5.0 (Windows; U; Windows NT 5.1; en-US) AppleWebKit/533.4 (KHTML, like Gecko) Chrome/5.0.375.99 Safari/533.4" "-"
207.180.243.20 - - [12/Dec/2019:18:42:33 +0100] "GET /wp-login.php?redirect_to=https%3A%2F%2Famazingsportwear.com%2Fwp-admin%2Fwidgets.php&reauth=1 HTTP/1.1" 200 6707 "http://site.ru" "Mozilla/5.0 (Windows; U; Windows NT 5.1; en-US) AppleWebKit/533.4 (KHTML, like Gecko) Chrome/5.0.375.99 Safari/533.4" "-"
207.180.243.20 - - [12/Dec/2019:18:42:38 +0100] "GET /wp-admin/widgets.php HTTP/1.1" 302 3692 "http://site.ru" "Mozilla/5.0 (Windows; U; Windows NT 5.1; en-US) AppleWebKit/533.4 (KHTML, like Gecko) Chrome/5.0.375.99 Safari/533.4" "-"
207.180.243.20 - - [12/Dec/2019:18:42:39 +0100] "GET /wp-login.php?redirect_to=https%3A%2F%2Famazingsportwear.com%2Fwp-admin%2Fwidgets.php&reauth=1 HTTP/1.1" 200 6707 "http://site.ru" "Mozilla/5.0 (Windows; U; Windows NT 5.1; en-US) AppleWebKit/533.4 (KHTML, like Gecko) Chrome/5.0.375.99 Safari/533.4" "-"
157.55.39.30 - - [12/Dec/2019:18:48:40 +0100] "GET /robots.txt HTTP/1.1" 200 2297 "-" "Mozilla/5.0 (compatible; bingbot/2.0; +http://www.bing.com/bingbot.htm)" "-"
157.55.39.30 - - [12/Dec/2019:18:48:43 +0100] "GET /robots.txt HTTP/1.1" 200 3939 "-" "Mozilla/5.0 (compatible; bingbot/2.0; +http://www.bing.com/bingbot.htm)" "-"
217.76.130.90 - - [12/Dec/2019:18:50:11 +0100] "POST /wp-cron.php?doing_wp_cron=1576173011.8328399658203125000000 HTTP/1.1" 200 164 "http://amazingsportwear.com/wp-cron.php?doing_wp_cron=1576173011.8328399658203125000000" "WordPress/5.2.4; https://amazingsportwear.com" "-"
117.63.131.211 - - [12/Dec/2019:18:50:10 +0100] "GET /img/cms/tienda/CIF-T-2030-colores.jpg HTTP/1.1" 404 68029 "-" "Mozilla/5.0(Linux;U;Android 5.1.1;zh-CN;OPPO A33 Build/LMY47V) AppleWebKit/537.36(KHTML,like Gecko) Version/4.0 Chrome/40.0.2214.89 UCBrowser/11.7.0.953 Mobile Safari/537.36" "-"
113.109.207.98 - - [12/Dec/2019:18:50:15 +0100] "GET /wp-content/uploads/2017/03/CIF-T-1052.jpg HTTP/1.1" 200 60915 "-" "Mozilla/5.0(Linux;Android 5.1.1;OPPO A33 Build/LMY47V;wv) AppleWebKit/537.36(KHTML,link Gecko) Version/4.0 Chrome/42.0.2311.138 Mobile Safari/537.36 Mb2345Browser/9.0" "-"
111.72.136.106 - - [12/Dec/2019:18:50:29 +0100] "GET /wp-content/uploads/2017/04/chaleco-rejilla.jpg HTTP/1.1" 200 119205 "-" "Mozilla/5.0(Linux;Android 5.1.1;OPPO A33 Build/LMY47V;wv) AppleWebKit/537.36(KHTML,link Gecko) Version/4.0 Chrome/43.0.2357.121 Mobile Safari/537.36 LieBaoFast/4.51.3" "-"
27.209.166.164 - - [12/Dec/2019:18:50:35 +0100] "GET /wp-content/uploads/2017/04/aq-woman-negro.jpg HTTP/1.1" 200 20216 "-" "Mozilla/5.0(Linux;U;Android 5.1.1;zh-CN;OPPO A33 Build/LMY47V) AppleWebKit/537.36(KHTML,like Gecko) Version/4.0 Chrome/40.0.2214.89 UCBrowser/11.7.0.953 Mobile Safari/537.36" "-"
182.109.184.44 - - [12/Dec/2019:18:50:38 +0100] "GET /wp-content/uploads/2018/02/SA-6658-azul.png HTTP/1.1" 200 300557 "-" "Mozilla/5.0(Linux;Android 5.1.1;OPPO A33 Build/LMY47V;wv) AppleWebKit/537.36(KHTML,link Gecko) Version/4.0 Chrome/43.0.2357.121 Mobile Safari/537.36 LieBaoFast/4.51.3" "-"
183.52.130.224 - - [12/Dec/2019:18:50:35 +0100] "GET /wp-content/uploads/2018/02/SA-6653-rojo.png HTTP/1.1" 200 151204 "-" "Mozilla/5.0(Linux;Android 5.1.1;OPPO A33 Build/LMY47V;wv) AppleWebKit/537.36(KHTML,link Gecko) Version/4.0 Chrome/42.0.2311.138 Mobile Safari/537.36 Mb2345Browser/9.0" "-"
106.46.162.96 - - [12/Dec/2019:18:50:51 +0100] "GET /img/cms/tienda/SA-6657-todos.png HTTP/1.1" 404 68024 "-" "Mozilla/5.0(Linux;Android 5.1.1;OPPO A33 Build/LMY47V;wv) AppleWebKit/537.36(KHTML,link Gecko) Version/4.0 Chrome/42.0.2311.138 Mobile Safari/537.36 Mb2345Browser/9.0" "-"
111.172.27.174 - - [12/Dec/2019:18:51:11 +0100] "GET /wp-content/uploads/2017/03/nath-instinct-colores-1.jpg HTTP/1.1" 200 51784 "-" "Mozilla/5.0(Linux;U;Android 5.1.1;zh-CN;OPPO A33 Build/LMY47V) AppleWebKit/537.36(KHTML,like Gecko) Version/4.0 Chrome/40.0.2214.89 UCBrowser/11.7.0.953 Mobile Safari/537.36" "-"
217.76.130.90 - - [12/Dec/2019:18:51:13 +0100] "POST /wp-cron.php?doing_wp_cron=1576173073.2968320846557617187500 HTTP/1.1" 200 164 "http://amazingsportwear.com/wp-cron.php?doing_wp_cron=1576173073.2968320846557617187500" "WordPress/5.2.4; https://amazingsportwear.com" "-"
220.163.175.155 - - [12/Dec/2019:18:51:12 +0100] "GET /img/cms/tienda/aq-giro-woman-colores.JPG HTTP/1.1" 404 68035 "-" "Mozilla/5.0(Linux;U;Android 5.1.1;zh-CN;OPPO A33 Build/LMY47V) AppleWebKit/537.36(KHTML,like Gecko) Version/4.0 Chrome/40.0.2214.89 UCBrowser/11.7.0.953 Mobile Safari/537.36" "-"
113.78.64.121 - - [12/Dec/2019:18:51:35 +0100] "GET /img/cms/bidon%20aluminio%20mento.png HTTP/1.1" 404 72085 "-" "Mozilla/5.0(Linux;Android 5.1.1;OPPO A33 Build/LMY47V;wv) AppleWebKit/537.36(KHTML,link Gecko) Version/4.0 Chrome/43.0.2357.121 Mobile Safari/537.36 LieBaoFast/4.51.3" "-"
171.11.227.106 - - [12/Dec/2019:18:51:21 +0100] "GET /wp-content/uploads/2019/04/cortavientos-angelo-1.png HTTP/1.1" 200 246909 "-" "Mozilla/5.0 (Linux; Android 7.0; FRD-AL00 Build/HUAWEIFRD-AL00; wv) AppleWebKit/537.36 (KHTML, like Gecko) Version/4.0 Chrome/53.0.2785.49 Mobile MQQBrowser/6.2 TBS/043602 Safari/537.36 MicroMessenger/6.5.16.1120 NetType/WIFI Language/zh_CN" "-"
59.175.200.2 - - [12/Dec/2019:18:51:56 +0100] "GET /wp-content/uploads/2018/05/ENY-FL14W-1-300x300.jpg HTTP/1.1" 200 21205 "-" "Mozilla/5.0(Linux;Android 5.1.1;OPPO A33 Build/LMY47V;wv) AppleWebKit/537.36(KHTML,link Gecko) Version/4.0 Chrome/42.0.2311.138 Mobile Safari/537.36 Mb2345Browser/9.0" "-"
112.244.18.52 - - [12/Dec/2019:18:51:05 +0100] "GET /wp-content/uploads/2019/03/bahrein-woman-1.png HTTP/1.1" 200 443123 "-" "Mozilla/5.0(Linux;U;Android 5.1.1;zh-CN;OPPO A33 Build/LMY47V) AppleWebKit/537.36(KHTML,like Gecko) Version/4.0 Chrome/40.0.2214.89 UCBrowser/11.7.0.953 Mobile Safari/537.36" "-"
217.76.130.90 - - [12/Dec/2019:18:52:07 +0100] "POST /wp-cron.php?doing_wp_cron=1576173127.7048020362854003906250 HTTP/1.1" 200 3389 "https://amazingsportwear.com/wp-cron.php?doing_wp_cron=1576173127.7048020362854003906250" "WordPress/5.2.4; https://amazingsportwear.com" "-"
125.118.79.25 - - [12/Dec/2019:18:52:07 +0100] "GET /etiqueta-producto/leggins HTTP/1.1" 301 3549 "-" "Mozilla/5.0(Linux;U;Android 5.1.1;zh-CN;OPPO A33 Build/LMY47V) AppleWebKit/537.36(KHTML,like Gecko) Version/4.0 Chrome/40.0.2214.89 UCBrowser/11.7.0.953 Mobile Safari/537.36" "-"
125.118.79.25 - - [12/Dec/2019:18:52:11 +0100] "GET /etiqueta-producto/leggins/ HTTP/1.1" 200 53782 "-" "Mozilla/5.0(Linux;U;Android 5.1.1;zh-CN;OPPO A33 Build/LMY47V) AppleWebKit/537.36(KHTML,like Gecko) Version/4.0 Chrome/40.0.2214.89 UCBrowser/11.7.0.953 Mobile Safari/537.36" "wpfront-notification-bar-landingpage=1"
40.77.167.92 - - [12/Dec/2019:18:52:34 +0100] "GET /wp-content/uploads/2019/04/Llavero-triumph-2.png HTTP/1.1" 200 27952 "-" "Mozilla/5.0 (compatible; bingbot/2.0; +http://www.bing.com/bingbot.htm)" "-"
217.76.130.90 - - [12/Dec/2019:18:53:04 +0100] "POST /wp-cron.php?doing_wp_cron=1576173184.7606739997863769531250 HTTP/1.1" 200 3389 "https://amazingsportwear.com/wp-cron.php?doing_wp_cron=1576173184.7606739997863769531250" "WordPress/5.2.4; https://amazingsportwear.com" "-"
113.239.247.11 - - [12/Dec/2019:18:53:04 +0100] "GET /etiqueta-producto/gorro HTTP/1.1" 301 3547 "-" "Mozilla/5.0(Linux;U;Android 5.1.1;zh-CN;OPPO A33 Build/LMY47V) AppleWebKit/537.36(KHTML,like Gecko) Version/4.0 Chrome/40.0.2214.89 UCBrowser/11.7.0.953 Mobile Safari/537.36" "-"
110.82.250.177 - - [12/Dec/2019:18:53:05 +0100] "GET /etiqueta-producto/camiseta-electro HTTP/1.1" 301 3558 "-" "Mozilla/5.0(Linux;Android 5.1.1;OPPO A33 Build/LMY47V;wv) AppleWebKit/537.36(KHTML,link Gecko) Version/4.0 Chrome/42.0.2311.138 Mobile Safari/537.36 Mb2345Browser/9.0" "-"
110.82.250.177 - - [12/Dec/2019:18:53:08 +0100] "GET /etiqueta-producto/camiseta-electro/ HTTP/1.1" 200 53926 "-" "Mozilla/5.0(Linux;Android 5.1.1;OPPO A33 Build/LMY47V;wv) AppleWebKit/537.36(KHTML,link Gecko) Version/4.0 Chrome/42.0.2311.138 Mobile Safari/537.36 Mb2345Browser/9.0" "wpfront-notification-bar-landingpage=1"
112.113.154.156 - - [12/Dec/2019:18:53:15 +0100] "GET /categoria-producto/inicio/page/14 HTTP/1.1" 301 3557 "-" "Mozilla/5.0(Linux;Android 5.1.1;OPPO A33 Build/LMY47V;wv) AppleWebKit/537.36(KHTML,link Gecko) Version/4.0 Chrome/42.0.2311.138 Mobile Safari/537.36 Mb2345Browser/9.0" "-"
112.113.154.156 - - [12/Dec/2019:18:53:20 +0100] "GET /categoria-producto/inicio/page/14/ HTTP/1.1" 200 76591 "-" "Mozilla/5.0(Linux;Android 5.1.1;OPPO A33 Build/LMY47V;wv) AppleWebKit/537.36(KHTML,link Gecko) Version/4.0 Chrome/42.0.2311.138 Mobile Safari/537.36 Mb2345Browser/9.0" "wpfront-notification-bar-landingpage=1"
27.40.111.166 - - [12/Dec/2019:18:53:34 +0100] "GET /categoria-producto/inicio/page/4?add-to-cart=18682 HTTP/1.1" 301 4815 "-" "Mozilla/5.0(Linux;Android 5.1.1;OPPO A33 Build/LMY47V;wv) AppleWebKit/537.36(KHTML,link Gecko) Version/4.0 Chrome/43.0.2357.121 Mobile Safari/537.36 LieBaoFast/4.51.3" "-"
27.40.111.166 - - [12/Dec/2019:18:53:39 +0100] "GET /categoria-producto/inicio/page/4/?add-to-cart=18682 HTTP/1.1" 200 78745 "-" "Mozilla/5.0(Linux;Android 5.1.1;OPPO A33 Build/LMY47V;wv) AppleWebKit/537.36(KHTML,link Gecko) Version/4.0 Chrome/43.0.2357.121 Mobile Safari/537.36 LieBaoFast/4.51.3" "woocommerce_cart_hash=dc0e41c68075f36ce2a0569417e8b6ac; woocommerce_items_in_cart=1; wp_woocommerce_session_fb86dbb0e6335d960ea3e94e06b25287=df0989245c2b74bd3cb97a470eb4d311%7C%7C1576346014%7C%7C1576342414%7C%7Ccdf145da698cbaf1ae35b4bd285fa7ae; wpfront-notification-bar-landingpage=1"
180.105.38.39 - - [12/Dec/2019:18:53:48 +0100] "GET /categoria-producto/deportes/atletismo HTTP/1.1" 301 3561 "-" "Mozilla/5.0 (Linux; Android 7.0; FRD-AL00 Build/HUAWEIFRD-AL00; wv) AppleWebKit/537.36 (KHTML, like Gecko) Version/4.0 Chrome/53.0.2785.49 Mobile MQQBrowser/6.2 TBS/043602 Safari/537.36 MicroMessenger/6.5.16.1120 NetType/WIFI Language/zh_CN" "-"
180.105.38.39 - - [12/Dec/2019:18:53:52 +0100] "GET /categoria-producto/deportes/atletismo/ HTTP/1.1" 200 61287 "-" "Mozilla/5.0 (Linux; Android 7.0; FRD-AL00 Build/HUAWEIFRD-AL00; wv) AppleWebKit/537.36 (KHTML, like Gecko) Version/4.0 Chrome/53.0.2785.49 Mobile MQQBrowser/6.2 TBS/043602 Safari/537.36 MicroMessenger/6.5.16.1120 NetType/WIFI Language/zh_CN" "wpfront-notification-bar-landingpage=1"
217.76.130.90 - - [12/Dec/2019:18:54:03 +0100] "POST /wp-cron.php?doing_wp_cron=1576173243.3471031188964843750000 HTTP/1.1" 200 3389 "https://amazingsportwear.com/wp-cron.php?doing_wp_cron=1576173243.3471031188964843750000" "WordPress/5.2.4; https://amazingsportwear.com" "-"
112.114.156.158 - - [12/Dec/2019:18:54:02 +0100] "GET /producto/camiseta-tecnica-bandera-cif-t500 HTTP/1.1" 301 3566 "-" "Mozilla/5.0 (Linux; Android 7.0; FRD-AL00 Build/HUAWEIFRD-AL00; wv) AppleWebKit/537.36 (KHTML, like Gecko) Version/4.0 Chrome/53.0.2785.49 Mobile MQQBrowser/6.2 TBS/043602 Safari/537.36 MicroMessenger/6.5.16.1120 NetType/WIFI Language/zh_CN" "-"
183.51.190.47 - - [12/Dec/2019:18:54:07 +0100] "GET /producto/gorra-bayon HTTP/1.1" 301 3544 "-" "Mozilla/5.0(Linux;Android 5.1.1;OPPO A33 Build/LMY47V;wv) AppleWebKit/537.36(KHTML,link Gecko) Version/4.0 Chrome/42.0.2311.138 Mobile Safari/537.36 Mb2345Browser/9.0" "-"
121.57.167.145 - - [12/Dec/2019:18:54:12 +0100] "GET /categoria-producto/hombre/camisetas/page/2 HTTP/1.1" 301 3566 "-" "Mozilla/5.0(Linux;Android 5.1.1;OPPO A33 Build/LMY47V;wv) AppleWebKit/537.36(KHTML,link Gecko) Version/4.0 Chrome/43.0.2357.121 Mobile Safari/537.36 LieBaoFast/4.51.3" "-"
183.51.190.47 - - [12/Dec/2019:18:54:12 +0100] "GET /producto/gorra-bayon/ HTTP/1.1" 200 100045 "-" "Mozilla/5.0(Linux;Android 5.1.1;OPPO A33 Build/LMY47V;wv) AppleWebKit/537.36(KHTML,link Gecko) Version/4.0 Chrome/42.0.2311.138 Mobile Safari/537.36 Mb2345Browser/9.0" "wpfront-notification-bar-landingpage=1"
121.57.167.145 - - [12/Dec/2019:18:54:14 +0100] "GET /categoria-producto/hombre/camisetas/page/2/ HTTP/1.1" 200 78016 "-" "Mozilla/5.0(Linux;Android 5.1.1;OPPO A33 Build/LMY47V;wv) AppleWebKit/537.36(KHTML,link Gecko) Version/4.0 Chrome/43.0.2357.121 Mobile Safari/537.36 LieBaoFast/4.51.3" "wpfront-notification-bar-landingpage=1"
60.172.85.11 - - [12/Dec/2019:18:54:20 +0100] "GET /etiqueta-producto/camiseta-crono HTTP/1.1" 301 3556 "-" "Mozilla/5.0 (Linux; Android 7.0; FRD-AL00 Build/HUAWEIFRD-AL00; wv) AppleWebKit/537.36 (KHTML, like Gecko) Version/4.0 Chrome/53.0.2785.49 Mobile MQQBrowser/6.2 TBS/043602 Safari/537.36 MicroMessenger/6.5.16.1120 NetType/WIFI Language/zh_CN" "-"
112.123.40.53 - - [12/Dec/2019:18:54:21 +0100] "GET /categoria-producto/accesorios/mochilas/page/2 HTTP/1.1" 301 3569 "-" "Mozilla/5.0(Linux;U;Android 5.1.1;zh-CN;OPPO A33 Build/LMY47V) AppleWebKit/537.36(KHTML,like Gecko) Version/4.0 Chrome/40.0.2214.89 UCBrowser/11.7.0.953 Mobile Safari/537.36" "-"
60.172.85.11 - - [12/Dec/2019:18:54:31 +0100] "GET /etiqueta-producto/camiseta-crono/ HTTP/1.1" 200 53804 "-" "Mozilla/5.0 (Linux; Android 7.0; FRD-AL00 Build/HUAWEIFRD-AL00; wv) AppleWebKit/537.36 (KHTML, like Gecko) Version/4.0 Chrome/53.0.2785.49 Mobile MQQBrowser/6.2 TBS/043602 Safari/537.36 MicroMessenger/6.5.16.1120 NetType/WIFI Language/zh_CN" "wpfront-notification-bar-landingpage=1"
124.112.94.178 - - [12/Dec/2019:18:54:33 +0100] "GET /categoria-producto/inicio/page/4?add-to-cart=18686 HTTP/1.1" 301 4815 "-" "Mozilla/5.0 (Linux; Android 7.0; FRD-AL00 Build/HUAWEIFRD-AL00; wv) AppleWebKit/537.36 (KHTML, like Gecko) Version/4.0 Chrome/53.0.2785.49 Mobile MQQBrowser/6.2 TBS/043602 Safari/537.36 MicroMessenger/6.5.16.1120 NetType/WIFI Language/zh_CN" "-"
112.114.156.158 - - [12/Dec/2019:18:54:30 +0100] "GET /producto/camiseta-tecnica-bandera-cif-t500/ HTTP/1.1" 200 102436 "-" "Mozilla/5.0 (Linux; Android 7.0; FRD-AL00 Build/HUAWEIFRD-AL00; wv) AppleWebKit/537.36 (KHTML, like Gecko) Version/4.0 Chrome/53.0.2785.49 Mobile MQQBrowser/6.2 TBS/043602 Safari/537.36 MicroMessenger/6.5.16.1120 NetType/WIFI Language/zh_CN" "wpfront-notification-bar-landingpage=1"
124.112.94.178 - - [12/Dec/2019:18:54:41 +0100] "GET /categoria-producto/inicio/page/4/?add-to-cart=18686 HTTP/1.1" 200 78717 "-" "Mozilla/5.0 (Linux; Android 7.0; FRD-AL00 Build/HUAWEIFRD-AL00; wv) AppleWebKit/537.36 (KHTML, like Gecko) Version/4.0 Chrome/53.0.2785.49 Mobile MQQBrowser/6.2 TBS/043602 Safari/537.36 MicroMessenger/6.5.16.1120 NetType/WIFI Language/zh_CN" "woocommerce_cart_hash=3db2afe3bce99d26c0802845928236e8; woocommerce_items_in_cart=1; wp_woocommerce_session_fb86dbb0e6335d960ea3e94e06b25287=071ee75b9c874d607075831cbcfb1af0%7C%7C1576346073%7C%7C1576342473%7C%7C844e967dcf03e10ce2c90f9af0fd9baf; wpfront-notification-bar-landingpage=1"
217.76.130.90 - - [12/Dec/2019:18:55:05 +0100] "POST /wp-cron.php?doing_wp_cron=1576173305.0600440502166748046875 HTTP/1.1" 200 3389 "https://amazingsportwear.com/wp-cron.php?doing_wp_cron=1576173305.0600440502166748046875" "WordPress/5.2.4; https://amazingsportwear.com" "-"
140.255.59.118 - - [12/Dec/2019:18:55:04 +0100] "GET /categoria-producto/deportes/ HTTP/1.1" 200 74128 "-" "Mozilla/5.0(Linux;Android 5.1.1;OPPO A33 Build/LMY47V;wv) AppleWebKit/537.36(KHTML,link Gecko) Version/4.0 Chrome/42.0.2311.138 Mobile Safari/537.36 Mb2345Browser/9.0" "-"
117.95.110.88 - - [12/Dec/2019:18:55:05 +0100] "GET /producto/maillot-manga-corta-2?add-to-cart=18697 HTTP/1.1" 301 4813 "-" "Mozilla/5.0(Linux;U;Android 5.1.1;zh-CN;OPPO A33 Build/LMY47V) AppleWebKit/537.36(KHTML,like Gecko) Version/4.0 Chrome/40.0.2214.89 UCBrowser/11.7.0.953 Mobile Safari/537.36" "-"
117.95.110.88 - - [12/Dec/2019:18:55:11 +0100] "GET /producto/maillot-manga-corta-2/?add-to-cart=18697 HTTP/1.1" 200 76424 "-" "Mozilla/5.0(Linux;U;Android 5.1.1;zh-CN;OPPO A33 Build/LMY47V) AppleWebKit/537.36(KHTML,like Gecko) Version/4.0 Chrome/40.0.2214.89 UCBrowser/11.7.0.953 Mobile Safari/537.36" "woocommerce_cart_hash=6c31cde2fa295fd5928c5b26fb3c9409; woocommerce_items_in_cart=1; wp_woocommerce_session_fb86dbb0e6335d960ea3e94e06b25287=fb870bf1f3a76db3525e60c6931a2e3b%7C%7C1576346106%7C%7C1576342506%7C%7C0c6c762e2497b4270209205a32f71231; wpfront-notification-bar-landingpage=1"
116.7.28.134 - - [12/Dec/2019:18:55:16 +0100] "GET /etiqueta-producto/brazalete-luz HTTP/1.1" 301 3555 "-" "Mozilla/5.0(Linux;Android 5.1.1;OPPO A33 Build/LMY47V;wv) AppleWebKit/537.36(KHTML,link Gecko) Version/4.0 Chrome/42.0.2311.138 Mobile Safari/537.36 Mb2345Browser/9.0" "-"
46.119.171.176 - - [12/Dec/2019:18:55:20 +0100] "GET /producto/camiseta-tecnica-manga-larga-sa-0415/ HTTP/1.1" 200 103558 "http://avtomoika23.ru/" "Mozilla/4.0 (compatible; MSIE 6.0; MSIE 5.5; Windows NT 4.0) Opera 7.0 [en]" "-"
46.119.171.176 - - [12/Dec/2019:18:55:21 +0100] "GET /producto/camiseta-tecnica-manga-larga-sa-0415/ HTTP/1.1" 200 103929 "http://avtomoika23.ru/" "Mozilla/4.0 (compatible; MSIE 6.0; MSIE 5.5; Windows NT 4.0) Opera 7.0 [en]" "-"
116.7.28.134 - - [12/Dec/2019:18:55:22 +0100] "GET /etiqueta-producto/brazalete-luz/ HTTP/1.1" 200 53734 "-" "Mozilla/5.0(Linux;Android 5.1.1;OPPO A33 Build/LMY47V;wv) AppleWebKit/537.36(KHTML,link Gecko) Version/4.0 Chrome/42.0.2311.138 Mobile Safari/537.36 Mb2345Browser/9.0" "wpfront-notification-bar-landingpage=1"
46.119.171.176 - - [12/Dec/2019:18:55:22 +0100] "GET /producto/camiseta-tecnica-manga-larga-sa-0415/ HTTP/1.1" 200 103619 "http://avtomoika23.ru/" "Mozilla/4.0 (compatible; MSIE 6.0; MSIE 5.5; Windows NT 4.0) Opera 7.0 [en]" "-"
217.76.130.90 - - [12/Dec/2019:18:56:05 +0100] "POST /wp-cron.php?doing_wp_cron=1576173365.0121150016784667968750 HTTP/1.1" 200 3389 "https://amazingsportwear.com/wp-cron.php?doing_wp_cron=1576173365.0121150016784667968750" "WordPress/5.2.4; https://amazingsportwear.com" "-"
222.90.44.127 - - [12/Dec/2019:18:56:04 +0100] "GET /categoria-producto/inicio/page/21 HTTP/1.1" 301 3557 "-" "Mozilla/5.0(Linux;Android 5.1.1;OPPO A33 Build/LMY47V;wv) AppleWebKit/537.36(KHTML,link Gecko) Version/4.0 Chrome/43.0.2357.121 Mobile Safari/537.36 LieBaoFast/4.51.3" "-"
222.90.44.127 - - [12/Dec/2019:18:56:08 +0100] "GET /categoria-producto/inicio/page/21/ HTTP/1.1" 200 77347 "-" "Mozilla/5.0(Linux;Android 5.1.1;OPPO A33 Build/LMY47V;wv) AppleWebKit/537.36(KHTML,link Gecko) Version/4.0 Chrome/43.0.2357.121 Mobile Safari/537.36 LieBaoFast/4.51.3" "wpfront-notification-bar-landingpage=1"
217.76.130.90 - - [12/Dec/2019:18:58:45 +0100] "POST /wp-cron.php?doing_wp_cron=1576173525.7143709659576416015625 HTTP/1.1" 200 3389 "https://amazingsportwear.com/wp-cron.php?doing_wp_cron=1576173525.7143709659576416015625" "WordPress/5.2.4; https://amazingsportwear.com" "-"
207.46.13.120 - - [12/Dec/2019:18:58:45 +0100] "GET /categoria-producto/tres/ HTTP/1.1" 200 55765 "-" "Mozilla/5.0 (compatible; bingbot/2.0; +http://www.bing.com/bingbot.htm)" "-"
217.76.130.90 - - [12/Dec/2019:18:59:07 +0100] "POST /wp-cron.php?doing_wp_cron=1576173547.6176009178161621093750 HTTP/1.1" 200 3389 "https://amazingsportwear.com/wp-cron.php?doing_wp_cron=1576173547.6176009178161621093750" "WordPress/5.2.4; https://amazingsportwear.com" "-"
66.249.64.144 - - [12/Dec/2019:18:59:07 +0100] "GET /producto/toalla-absorvente-kefan/ HTTP/1.1" 200 102591 "-" "Mozilla/5.0 (Linux; Android 6.0.1; Nexus 5X Build/MMB29P) AppleWebKit/537.36 (KHTML, like Gecko) Chrome/41.0.2272.96 Mobile Safari/537.36 (compatible; Googlebot/2.1; +http://www.google.com/bot.html)" "-"
92.186.8.32 - - [12/Dec/2019:18:59:47 +0100] "GET /wp-content/uploads/2019/04/SA-1087-5.png HTTP/1.1" 200 81039 "https://www.google.com/" "Mozilla/5.0 (Windows NT 6.1; Win64; x64; rv:71.0) Gecko/20100101 Firefox/71.0" "-"
200.68.176.138 - - [12/Dec/2019:19:00:36 +0100] "GET /wp-content/uploads/2019/04/Llavero-Metalico-Tenis-3.png HTTP/1.1" 200 46821 "https://www.google.com/" "Mozilla/5.0 (Windows NT 6.1; Win64; x64) AppleWebKit/537.36 (KHTML, like Gecko) Chrome/78.0.3904.108 Safari/537.36" "-"
217.76.130.90 - - [12/Dec/2019:19:01:25 +0100] "POST /wp-cron.php?doing_wp_cron=1576173685.4870920181274414062500 HTTP/1.1" 200 3389 "https://amazingsportwear.com/wp-cron.php?doing_wp_cron=1576173685.4870920181274414062500" "WordPress/5.2.4; https://amazingsportwear.com" "-"
