212.106.241.107 - - [17/Dec/2019:08:58:26 +0100] "GET /wp-content/themes/shopper/assets/js/crm.js?ver=1561548510 HTTP/1.1" 200 874 "https://amazingsportwear.com/producto/chaleco-cortavientos-sublimado-asw/" "Mozilla/5.0 (Macintosh; Intel Mac OS X 10_14_6) AppleWebKit/537.36 (KHTML, like Gecko) Chrome/78.0.3904.87 Safari/537.36" "-"
212.106.241.107 - - [17/Dec/2019:08:58:26 +0100] "GET /wp-content/plugins/woocommerce/assets/js/frontend/add-to-cart.min.js?ver=3.6.4 HTTP/1.1" 200 2983 "https://amazingsportwear.com/producto/chaleco-cortavientos-sublimado-asw/" "Mozilla/5.0 (Macintosh; Intel Mac OS X 10_14_6) AppleWebKit/537.36 (KHTML, like Gecko) Chrome/78.0.3904.87 Safari/537.36" "-"
212.106.241.107 - - [17/Dec/2019:08:58:26 +0100] "GET /wp-content/plugins/woocommerce/assets/js/photoswipe/photoswipe.min.js?ver=4.1.1 HTTP/1.1" 200 32276 "https://amazingsportwear.com/producto/chaleco-cortavientos-sublimado-asw/" "Mozilla/5.0 (Macintosh; Intel Mac OS X 10_14_6) AppleWebKit/537.36 (KHTML, like Gecko) Chrome/78.0.3904.87 Safari/537.36" "-"
212.106.241.107 - - [17/Dec/2019:08:58:26 +0100] "GET /wp-content/plugins/woocommerce/assets/js/flexslider/jquery.flexslider.min.js?ver=2.7.2 HTTP/1.1" 200 23232 "https://amazingsportwear.com/producto/chaleco-cortavientos-sublimado-asw/" "Mozilla/5.0 (Macintosh; Intel Mac OS X 10_14_6) AppleWebKit/537.36 (KHTML, like Gecko) Chrome/78.0.3904.87 Safari/537.36" "-"
212.106.241.107 - - [17/Dec/2019:08:58:26 +0100] "GET /wp-content/plugins/woocommerce/assets/js/jquery-blockui/jquery.blockUI.min.js?ver=2.70 HTTP/1.1" 200 9908 "https://amazingsportwear.com/producto/chaleco-cortavientos-sublimado-asw/" "Mozilla/5.0 (Macintosh; Intel Mac OS X 10_14_6) AppleWebKit/537.36 (KHTML, like Gecko) Chrome/78.0.3904.87 Safari/537.36" "-"
212.106.241.107 - - [17/Dec/2019:08:58:26 +0100] "GET /wp-content/plugins/woocommerce/assets/js/zoom/jquery.zoom.min.js?ver=1.7.21 HTTP/1.1" 200 2957 "https://amazingsportwear.com/producto/chaleco-cortavientos-sublimado-asw/" "Mozilla/5.0 (Macintosh; Intel Mac OS X 10_14_6) AppleWebKit/537.36 (KHTML, like Gecko) Chrome/78.0.3904.87 Safari/537.36" "-"
212.106.241.107 - - [17/Dec/2019:08:58:26 +0100] "GET /wp-content/plugins/woocommerce/assets/js/photoswipe/photoswipe-ui-default.min.js?ver=4.1.1 HTTP/1.1" 200 10220 "https://amazingsportwear.com/producto/chaleco-cortavientos-sublimado-asw/" "Mozilla/5.0 (Macintosh; Intel Mac OS X 10_14_6) AppleWebKit/537.36 (KHTML, like Gecko) Chrome/78.0.3904.87 Safari/537.36" "-"
212.106.241.107 - - [17/Dec/2019:08:58:26 +0100] "GET /wp-content/plugins/woocommerce/assets/js/frontend/single-product.min.js?ver=3.6.4 HTTP/1.1" 200 6693 "https://amazingsportwear.com/producto/chaleco-cortavientos-sublimado-asw/" "Mozilla/5.0 (Macintosh; Intel Mac OS X 10_14_6) AppleWebKit/537.36 (KHTML, like Gecko) Chrome/78.0.3904.87 Safari/537.36" "-"
212.106.241.107 - - [17/Dec/2019:08:58:26 +0100] "GET /wp-content/plugins/woocommerce/assets/js/frontend/cart-fragments.min.js?ver=3.6.4 HTTP/1.1" 200 3281 "https://amazingsportwear.com/producto/chaleco-cortavientos-sublimado-asw/" "Mozilla/5.0 (Macintosh; Intel Mac OS X 10_14_6) AppleWebKit/537.36 (KHTML, like Gecko) Chrome/78.0.3904.87 Safari/537.36" "-"
212.106.241.107 - - [17/Dec/2019:08:58:26 +0100] "GET /wp-content/plugins/woocommerce/assets/js/frontend/woocommerce.min.js?ver=3.6.4 HTTP/1.1" 200 1813 "https://amazingsportwear.com/producto/chaleco-cortavientos-sublimado-asw/" "Mozilla/5.0 (Macintosh; Intel Mac OS X 10_14_6) AppleWebKit/537.36 (KHTML, like Gecko) Chrome/78.0.3904.87 Safari/537.36" "-"
212.106.241.107 - - [17/Dec/2019:08:58:26 +0100] "GET /wp-content/themes/shopper/assets/js/skip-link-focus-fix.js?ver=1.3.8 HTTP/1.1" 200 1023 "https://amazingsportwear.com/producto/chaleco-cortavientos-sublimado-asw/" "Mozilla/5.0 (Macintosh; Intel Mac OS X 10_14_6) AppleWebKit/537.36 (KHTML, like Gecko) Chrome/78.0.3904.87 Safari/537.36" "-"
212.106.241.107 - - [17/Dec/2019:08:58:26 +0100] "GET /wp-content/plugins/woocommerce/assets/js/js-cookie/js.cookie.min.js?ver=2.1.4 HTTP/1.1" 200 2187 "https://amazingsportwear.com/producto/chaleco-cortavientos-sublimado-asw/" "Mozilla/5.0 (Macintosh; Intel Mac OS X 10_14_6) AppleWebKit/537.36 (KHTML, like Gecko) Chrome/78.0.3904.87 Safari/537.36" "-"
212.106.241.107 - - [17/Dec/2019:08:58:26 +0100] "GET /wp-content/themes/shopper/assets/js/shopper.min.js?ver=1.3.8 HTTP/1.1" 200 5994 "https://amazingsportwear.com/producto/chaleco-cortavientos-sublimado-asw/" "Mozilla/5.0 (Macintosh; Intel Mac OS X 10_14_6) AppleWebKit/537.36 (KHTML, like Gecko) Chrome/78.0.3904.87 Safari/537.36" "-"
212.106.241.107 - - [17/Dec/2019:08:58:26 +0100] "GET /wp-includes/js/comment-reply.min.js?ver=5.2.5 HTTP/1.1" 200 2575 "https://amazingsportwear.com/producto/chaleco-cortavientos-sublimado-asw/" "Mozilla/5.0 (Macintosh; Intel Mac OS X 10_14_6) AppleWebKit/537.36 (KHTML, like Gecko) Chrome/78.0.3904.87 Safari/537.36" "-"
212.106.241.107 - - [17/Dec/2019:08:58:26 +0100] "GET /wp-content/themes/shopper/assets/js/woocommerce/header-cart.min.js?ver=1.3.8 HTTP/1.1" 200 972 "https://amazingsportwear.com/producto/chaleco-cortavientos-sublimado-asw/" "Mozilla/5.0 (Macintosh; Intel Mac OS X 10_14_6) AppleWebKit/537.36 (KHTML, like Gecko) Chrome/78.0.3904.87 Safari/537.36" "-"
212.106.241.107 - - [17/Dec/2019:08:58:26 +0100] "GET /wp-includes/js/wp-embed.min.js?ver=5.2.5 HTTP/1.1" 200 1744 "https://amazingsportwear.com/producto/chaleco-cortavientos-sublimado-asw/" "Mozilla/5.0 (Macintosh; Intel Mac OS X 10_14_6) AppleWebKit/537.36 (KHTML, like Gecko) Chrome/78.0.3904.87 Safari/537.36" "-"
212.106.241.107 - - [17/Dec/2019:08:58:26 +0100] "GET /wp-includes/js/underscore.min.js?ver=1.8.3 HTTP/1.1" 200 16527 "https://amazingsportwear.com/producto/chaleco-cortavientos-sublimado-asw/" "Mozilla/5.0 (Macintosh; Intel Mac OS X 10_14_6) AppleWebKit/537.36 (KHTML, like Gecko) Chrome/78.0.3904.87 Safari/537.36" "-"
212.106.241.107 - - [17/Dec/2019:08:58:26 +0100] "GET /wp-includes/js/wp-util.min.js?ver=5.2.5 HTTP/1.1" 200 1387 "https://amazingsportwear.com/producto/chaleco-cortavientos-sublimado-asw/" "Mozilla/5.0 (Macintosh; Intel Mac OS X 10_14_6) AppleWebKit/537.36 (KHTML, like Gecko) Chrome/78.0.3904.87 Safari/537.36" "-"
212.106.241.107 - - [17/Dec/2019:08:58:26 +0100] "GET /wp-content/plugins/woocommerce/assets/js/frontend/add-to-cart-variation.min.js?ver=3.6.4 HTTP/1.1" 200 13625 "https://amazingsportwear.com/producto/chaleco-cortavientos-sublimado-asw/" "Mozilla/5.0 (Macintosh; Intel Mac OS X 10_14_6) AppleWebKit/537.36 (KHTML, like Gecko) Chrome/78.0.3904.87 Safari/537.36" "-"
212.106.241.107 - - [17/Dec/2019:08:58:26 +0100] "GET /wp-includes/js/jquery/ui/mouse.min.js?ver=1.11.4 HTTP/1.1" 200 3489 "https://amazingsportwear.com/producto/chaleco-cortavientos-sublimado-asw/" "Mozilla/5.0 (Macintosh; Intel Mac OS X 10_14_6) AppleWebKit/537.36 (KHTML, like Gecko) Chrome/78.0.3904.87 Safari/537.36" "-"
212.106.241.107 - - [17/Dec/2019:08:58:26 +0100] "GET /wp-includes/js/jquery/ui/widget.min.js?ver=1.11.4 HTTP/1.1" 200 7250 "https://amazingsportwear.com/producto/chaleco-cortavientos-sublimado-asw/" "Mozilla/5.0 (Macintosh; Intel Mac OS X 10_14_6) AppleWebKit/537.36 (KHTML, like Gecko) Chrome/78.0.3904.87 Safari/537.36" "-"
212.106.241.107 - - [17/Dec/2019:08:58:26 +0100] "GET /wp-includes/js/jquery/ui/core.min.js?ver=1.11.4 HTTP/1.1" 200 4341 "https://amazingsportwear.com/producto/chaleco-cortavientos-sublimado-asw/" "Mozilla/5.0 (Macintosh; Intel Mac OS X 10_14_6) AppleWebKit/537.36 (KHTML, like Gecko) Chrome/78.0.3904.87 Safari/537.36" "-"
212.106.241.107 - - [17/Dec/2019:08:58:26 +0100] "GET /wp-includes/js/jquery/ui/resizable.min.js?ver=1.11.4 HTTP/1.1" 200 18798 "https://amazingsportwear.com/producto/chaleco-cortavientos-sublimado-asw/" "Mozilla/5.0 (Macintosh; Intel Mac OS X 10_14_6) AppleWebKit/537.36 (KHTML, like Gecko) Chrome/78.0.3904.87 Safari/537.36" "-"
212.106.241.107 - - [17/Dec/2019:08:58:26 +0100] "GET /wp-includes/js/jquery/ui/draggable.min.js?ver=1.11.4 HTTP/1.1" 200 19277 "https://amazingsportwear.com/producto/chaleco-cortavientos-sublimado-asw/" "Mozilla/5.0 (Macintosh; Intel Mac OS X 10_14_6) AppleWebKit/537.36 (KHTML, like Gecko) Chrome/78.0.3904.87 Safari/537.36" "-"
212.106.241.107 - - [17/Dec/2019:08:58:26 +0100] "GET /wp-includes/js/jquery/ui/button.min.js?ver=1.11.4 HTTP/1.1" 200 7578 "https://amazingsportwear.com/producto/chaleco-cortavientos-sublimado-asw/" "Mozilla/5.0 (Macintosh; Intel Mac OS X 10_14_6) AppleWebKit/537.36 (KHTML, like Gecko) Chrome/78.0.3904.87 Safari/537.36" "-"
212.106.241.107 - - [17/Dec/2019:08:58:26 +0100] "GET /wp-includes/js/jquery/ui/position.min.js?ver=1.11.4 HTTP/1.1" 200 6869 "https://amazingsportwear.com/producto/chaleco-cortavientos-sublimado-asw/" "Mozilla/5.0 (Macintosh; Intel Mac OS X 10_14_6) AppleWebKit/537.36 (KHTML, like Gecko) Chrome/78.0.3904.87 Safari/537.36" "-"
212.106.241.107 - - [17/Dec/2019:08:58:26 +0100] "GET /wp-includes/js/jquery/ui/dialog.min.js?ver=1.11.4 HTTP/1.1" 200 12482 "https://amazingsportwear.com/producto/chaleco-cortavientos-sublimado-asw/" "Mozilla/5.0 (Macintosh; Intel Mac OS X 10_14_6) AppleWebKit/537.36 (KHTML, like Gecko) Chrome/78.0.3904.87 Safari/537.36" "-"
212.106.241.107 - - [17/Dec/2019:08:58:26 +0100] "GET /wp-content/plugins/product-enquiry-for-woocommerce/js/wdm_jquery.validate.min.js?ver=5.2.5 HTTP/1.1" 200 21818 "https://amazingsportwear.com/producto/chaleco-cortavientos-sublimado-asw/" "Mozilla/5.0 (Macintosh; Intel Mac OS X 10_14_6) AppleWebKit/537.36 (KHTML, like Gecko) Chrome/78.0.3904.87 Safari/537.36" "-"
212.106.241.107 - - [17/Dec/2019:08:58:26 +0100] "GET /wp-content/plugins/product-enquiry-for-woocommerce/js/contact.js?ver=5.2.5 HTTP/1.1" 200 4681 "https://amazingsportwear.com/producto/chaleco-cortavientos-sublimado-asw/" "Mozilla/5.0 (Macintosh; Intel Mac OS X 10_14_6) AppleWebKit/537.36 (KHTML, like Gecko) Chrome/78.0.3904.87 Safari/537.36" "-"
212.106.241.107 - - [17/Dec/2019:08:58:26 +0100] "GET /wp-content/uploads/2017/04/chaleco-sublimado-espalda.png HTTP/1.1" 200 72359 "https://amazingsportwear.com/producto/chaleco-cortavientos-sublimado-asw/" "Mozilla/5.0 (Macintosh; Intel Mac OS X 10_14_6) AppleWebKit/537.36 (KHTML, like Gecko) Chrome/78.0.3904.87 Safari/537.36" "-"
212.106.241.107 - - [17/Dec/2019:08:58:26 +0100] "GET /wp-content/uploads/2017/01/culote-corto-triatlon-300x300.jpg HTTP/1.1" 200 10101 "https://amazingsportwear.com/producto/chaleco-cortavientos-sublimado-asw/" "Mozilla/5.0 (Macintosh; Intel Mac OS X 10_14_6) AppleWebKit/537.36 (KHTML, like Gecko) Chrome/78.0.3904.87 Safari/537.36" "-"
212.106.241.107 - - [17/Dec/2019:08:58:26 +0100] "GET /wp-content/uploads/2017/01/camiseta-triatlon-300x300.jpg HTTP/1.1" 200 18027 "https://amazingsportwear.com/producto/chaleco-cortavientos-sublimado-asw/" "Mozilla/5.0 (Macintosh; Intel Mac OS X 10_14_6) AppleWebKit/537.36 (KHTML, like Gecko) Chrome/78.0.3904.87 Safari/537.36" "-"
212.106.241.107 - - [17/Dec/2019:08:58:26 +0100] "GET /wp-content/uploads/2017/01/braga-cuello-motocross-300x300.jpg HTTP/1.1" 200 18145 "https://amazingsportwear.com/producto/chaleco-cortavientos-sublimado-asw/" "Mozilla/5.0 (Macintosh; Intel Mac OS X 10_14_6) AppleWebKit/537.36 (KHTML, like Gecko) Chrome/78.0.3904.87 Safari/537.36" "-"
212.106.241.107 - - [17/Dec/2019:08:58:26 +0100] "GET /wp-content/uploads/2019/05/asw-white-600x252.png HTTP/1.1" 200 29380 "https://amazingsportwear.com/producto/chaleco-cortavientos-sublimado-asw/" "Mozilla/5.0 (Macintosh; Intel Mac OS X 10_14_6) AppleWebKit/537.36 (KHTML, like Gecko) Chrome/78.0.3904.87 Safari/537.36" "-"
212.106.241.107 - - [17/Dec/2019:08:58:26 +0100] "GET /wp-includes/js/wp-emoji-release.min.js?ver=5.2.5 HTTP/1.1" 200 14183 "https://amazingsportwear.com/producto/chaleco-cortavientos-sublimado-asw/" "Mozilla/5.0 (Macintosh; Intel Mac OS X 10_14_6) AppleWebKit/537.36 (KHTML, like Gecko) Chrome/78.0.3904.87 Safari/537.36" "-"
212.106.241.107 - - [17/Dec/2019:08:58:26 +0100] "GET /wp-content/plugins/akismet/_inc/form.js?ver=4.1.2 HTTP/1.1" 200 1040 "https://amazingsportwear.com/producto/chaleco-cortavientos-sublimado-asw/" "Mozilla/5.0 (Macintosh; Intel Mac OS X 10_14_6) AppleWebKit/537.36 (KHTML, like Gecko) Chrome/78.0.3904.87 Safari/537.36" "-"
212.106.241.107 - - [17/Dec/2019:08:58:26 +0100] "GET /wp-content/plugins/product-enquiry-for-woocommerce/img/contact/loading.gif HTTP/1.1" 200 3834 "https://amazingsportwear.com/producto/chaleco-cortavientos-sublimado-asw/" "Mozilla/5.0 (Macintosh; Intel Mac OS X 10_14_6) AppleWebKit/537.36 (KHTML, like Gecko) Chrome/78.0.3904.87 Safari/537.36" "-"
212.106.241.107 - - [17/Dec/2019:08:58:26 +0100] "GET /wp-content/plugins/simple-social-icons/symbol-defs.svg HTTP/1.1" 200 19699 "https://amazingsportwear.com/producto/chaleco-cortavientos-sublimado-asw/" "Mozilla/5.0 (Macintosh; Intel Mac OS X 10_14_6) AppleWebKit/537.36 (KHTML, like Gecko) Chrome/78.0.3904.87 Safari/537.36" "-"
212.106.241.107 - - [17/Dec/2019:08:58:26 +0100] "GET /wp-content/themes/shopper/assets/fonts/fontawesome-webfont.woff2?v=4.7.0 HTTP/1.1" 200 77615 "https://amazingsportwear.com/wp-content/themes/shopper/style.css?ver=1.3.8" "Mozilla/5.0 (Macintosh; Intel Mac OS X 10_14_6) AppleWebKit/537.36 (KHTML, like Gecko) Chrome/78.0.3904.87 Safari/537.36" "-"
212.106.241.107 - - [17/Dec/2019:08:58:26 +0100] "GET /wp-content/plugins/wpfront-notification-bar/images/arrow_down.png HTTP/1.1" 200 2562 "https://amazingsportwear.com/wp-content/plugins/wpfront-notification-bar/css/wpfront-notification-bar.css?ver=1.7.1" "Mozilla/5.0 (Macintosh; Intel Mac OS X 10_14_6) AppleWebKit/537.36 (KHTML, like Gecko) Chrome/78.0.3904.87 Safari/537.36" "-"
212.106.241.107 - - [17/Dec/2019:08:58:26 +0100] "GET /wp-content/uploads/2017/04/chaleco-sublimado-pecho-100x100.png HTTP/1.1" 200 13069 "https://amazingsportwear.com/producto/chaleco-cortavientos-sublimado-asw/" "Mozilla/5.0 (Macintosh; Intel Mac OS X 10_14_6) AppleWebKit/537.36 (KHTML, like Gecko) Chrome/78.0.3904.87 Safari/537.36" "-"
212.106.241.107 - - [17/Dec/2019:08:58:26 +0100] "GET /wp-content/uploads/2017/04/chaleco-sublimado-espalda-100x100.png HTTP/1.1" 200 13367 "https://amazingsportwear.com/producto/chaleco-cortavientos-sublimado-asw/" "Mozilla/5.0 (Macintosh; Intel Mac OS X 10_14_6) AppleWebKit/537.36 (KHTML, like Gecko) Chrome/78.0.3904.87 Safari/537.36" "-"
212.106.241.107 - - [17/Dec/2019:08:58:27 +0100] "GET /wp-content/uploads/2019/05/cropped-favicon-nuevo-logo-amazinf-128px-32x32.png HTTP/1.1" 200 1224 "https://amazingsportwear.com/producto/chaleco-cortavientos-sublimado-asw/" "Mozilla/5.0 (Macintosh; Intel Mac OS X 10_14_6) AppleWebKit/537.36 (KHTML, like Gecko) Chrome/78.0.3904.87 Safari/537.36" "_ga=GA1.2.1025539458.1576569457; _gid=GA1.2.1678131775.1576569457; _gat_gtag_UA_91619287_1=1"
212.106.241.107 - - [17/Dec/2019:08:58:26 +0100] "POST /?wc-ajax=get_refreshed_fragments HTTP/1.1" 200 1397 "https://amazingsportwear.com/producto/chaleco-cortavientos-sublimado-asw/" "Mozilla/5.0 (Macintosh; Intel Mac OS X 10_14_6) AppleWebKit/537.36 (KHTML, like Gecko) Chrome/78.0.3904.87 Safari/537.36" "-"
212.106.241.107 - - [17/Dec/2019:08:58:33 +0100] "GET /categoria-producto/accesorios/ HTTP/1.1" 200 72949 "https://amazingsportwear.com/producto/chaleco-cortavientos-sublimado-asw/" "Mozilla/5.0 (Macintosh; Intel Mac OS X 10_14_6) AppleWebKit/537.36 (KHTML, like Gecko) Chrome/78.0.3904.87 Safari/537.36" "_ga=GA1.2.1025539458.1576569457; _gid=GA1.2.1678131775.1576569457; _gat_gtag_UA_91619287_1=1; wpfront-notification-bar-landingpage=1"
212.106.241.107 - - [17/Dec/2019:08:58:34 +0100] "GET /wp-content/uploads/2018/05/bandanaBuff_comoqueda.jpg HTTP/1.1" 200 5936 "https://amazingsportwear.com/categoria-producto/accesorios/" "Mozilla/5.0 (Macintosh; Intel Mac OS X 10_14_6) AppleWebKit/537.36 (KHTML, like Gecko) Chrome/78.0.3904.87 Safari/537.36" "_ga=GA1.2.1025539458.1576569457; _gid=GA1.2.1678131775.1576569457; _gat_gtag_UA_91619287_1=1; wpfront-notification-bar-landingpage=1"
212.106.241.107 - - [17/Dec/2019:08:58:34 +0100] "GET /wp-content/uploads/2019/04/baston-luz-con-zappe-5-300x272.png HTTP/1.1" 200 132934 "https://amazingsportwear.com/categoria-producto/accesorios/" "Mozilla/5.0 (Macintosh; Intel Mac OS X 10_14_6) AppleWebKit/537.36 (KHTML, like Gecko) Chrome/78.0.3904.87 Safari/537.36" "_ga=GA1.2.1025539458.1576569457; _gid=GA1.2.1678131775.1576569457; _gat_gtag_UA_91619287_1=1; wpfront-notification-bar-landingpage=1"
212.106.241.107 - - [17/Dec/2019:08:58:34 +0100] "GET /wp-content/uploads/2019/04/Bidon-boxter-1.png HTTP/1.1" 200 57792 "https://amazingsportwear.com/categoria-producto/accesorios/" "Mozilla/5.0 (Macintosh; Intel Mac OS X 10_14_6) AppleWebKit/537.36 (KHTML, like Gecko) Chrome/78.0.3904.87 Safari/537.36" "_ga=GA1.2.1025539458.1576569457; _gid=GA1.2.1678131775.1576569457; _gat_gtag_UA_91619287_1=1; wpfront-notification-bar-landingpage=1"
212.106.241.107 - - [17/Dec/2019:08:58:34 +0100] "GET /wp-content/uploads/2019/04/Bidon-doger-1.png HTTP/1.1" 200 53511 "https://amazingsportwear.com/categoria-producto/accesorios/" "Mozilla/5.0 (Macintosh; Intel Mac OS X 10_14_6) AppleWebKit/537.36 (KHTML, like Gecko) Chrome/78.0.3904.87 Safari/537.36" "_ga=GA1.2.1025539458.1576569457; _gid=GA1.2.1678131775.1576569457; _gat_gtag_UA_91619287_1=1; wpfront-notification-bar-landingpage=1"
212.106.241.107 - - [17/Dec/2019:08:58:34 +0100] "GET /wp-content/uploads/2019/04/mento1-600x600.jpg HTTP/1.1" 200 29420 "https://amazingsportwear.com/categoria-producto/accesorios/" "Mozilla/5.0 (Macintosh; Intel Mac OS X 10_14_6) AppleWebKit/537.36 (KHTML, like Gecko) Chrome/78.0.3904.87 Safari/537.36" "_ga=GA1.2.1025539458.1576569457; _gid=GA1.2.1678131775.1576569457; _gat_gtag_UA_91619287_1=1; wpfront-notification-bar-landingpage=1"
212.106.241.107 - - [17/Dec/2019:08:58:34 +0100] "GET /wp-content/uploads/2019/04/HALMIK-VERDE-300x300.png HTTP/1.1" 200 37296 "https://amazingsportwear.com/categoria-producto/accesorios/" "Mozilla/5.0 (Macintosh; Intel Mac OS X 10_14_6) AppleWebKit/537.36 (KHTML, like Gecko) Chrome/78.0.3904.87 Safari/537.36" "_ga=GA1.2.1025539458.1576569457; _gid=GA1.2.1678131775.1576569457; _gat_gtag_UA_91619287_1=1; wpfront-notification-bar-landingpage=1"
212.106.241.107 - - [17/Dec/2019:08:58:34 +0100] "GET /wp-content/uploads/2019/04/bidon-camiseta-zablex-1.png HTTP/1.1" 200 102853 "https://amazingsportwear.com/categoria-producto/accesorios/" "Mozilla/5.0 (Macintosh; Intel Mac OS X 10_14_6) AppleWebKit/537.36 (KHTML, like Gecko) Chrome/78.0.3904.87 Safari/537.36" "_ga=GA1.2.1025539458.1576569457; _gid=GA1.2.1678131775.1576569457; _gat_gtag_UA_91619287_1=1; wpfront-notification-bar-landingpage=1"
212.106.241.107 - - [17/Dec/2019:08:58:34 +0100] "GET /wp-content/uploads/2019/04/Bid%C3%B3n-Iskan-1.png HTTP/1.1" 200 48059 "https://amazingsportwear.com/categoria-producto/accesorios/" "Mozilla/5.0 (Macintosh; Intel Mac OS X 10_14_6) AppleWebKit/537.36 (KHTML, like Gecko) Chrome/78.0.3904.87 Safari/537.36" "_ga=GA1.2.1025539458.1576569457; _gid=GA1.2.1678131775.1576569457; _gat_gtag_UA_91619287_1=1; wpfront-notification-bar-landingpage=1"
212.106.241.107 - - [17/Dec/2019:08:58:34 +0100] "GET /wp-content/uploads/2019/04/VANDIX-AZUL-DISE%C3%91O.png HTTP/1.1" 200 147631 "https://amazingsportwear.com/categoria-producto/accesorios/" "Mozilla/5.0 (Macintosh; Intel Mac OS X 10_14_6) AppleWebKit/537.36 (KHTML, like Gecko) Chrome/78.0.3904.87 Safari/537.36" "_ga=GA1.2.1025539458.1576569457; _gid=GA1.2.1678131775.1576569457; _gat_gtag_UA_91619287_1=1; wpfront-notification-bar-landingpage=1"
212.106.241.107 - - [17/Dec/2019:08:58:34 +0100] "GET /wp-content/uploads/2019/04/bidon-match-4.png HTTP/1.1" 200 130221 "https://amazingsportwear.com/categoria-producto/accesorios/" "Mozilla/5.0 (Macintosh; Intel Mac OS X 10_14_6) AppleWebKit/537.36 (KHTML, like Gecko) Chrome/78.0.3904.87 Safari/537.36" "_ga=GA1.2.1025539458.1576569457; _gid=GA1.2.1678131775.1576569457; _gat_gtag_UA_91619287_1=1; wpfront-notification-bar-landingpage=1"
212.106.241.107 - - [17/Dec/2019:08:58:34 +0100] "GET /wp-content/uploads/2019/04/SUMO-ROJO-300x300.png HTTP/1.1" 200 69987 "https://amazingsportwear.com/categoria-producto/accesorios/" "Mozilla/5.0 (Macintosh; Intel Mac OS X 10_14_6) AppleWebKit/537.36 (KHTML, like Gecko) Chrome/78.0.3904.87 Safari/537.36" "_ga=GA1.2.1025539458.1576569457; _gid=GA1.2.1678131775.1576569457; _gat_gtag_UA_91619287_1=1; wpfront-notification-bar-landingpage=1"
212.106.241.107 - - [17/Dec/2019:08:58:34 +0100] "GET /wp-content/uploads/2019/04/Bolsa-bici-rigon-1.png HTTP/1.1" 200 160492 "https://amazingsportwear.com/categoria-producto/accesorios/" "Mozilla/5.0 (Macintosh; Intel Mac OS X 10_14_6) AppleWebKit/537.36 (KHTML, like Gecko) Chrome/78.0.3904.87 Safari/537.36" "_ga=GA1.2.1025539458.1576569457; _gid=GA1.2.1678131775.1576569457; _gat_gtag_UA_91619287_1=1; wpfront-notification-bar-landingpage=1"
212.106.241.107 - - [17/Dec/2019:08:58:43 +0100] "GET /categoria-producto/hombre/chubasqueros/ HTTP/1.1" 200 53754 "https://amazingsportwear.com/categoria-producto/accesorios/" "Mozilla/5.0 (Macintosh; Intel Mac OS X 10_14_6) AppleWebKit/537.36 (KHTML, like Gecko) Chrome/78.0.3904.87 Safari/537.36" "_ga=GA1.2.1025539458.1576569457; _gid=GA1.2.1678131775.1576569457; _gat_gtag_UA_91619287_1=1; wpfront-notification-bar-landingpage=1"
212.106.241.107 - - [17/Dec/2019:08:58:44 +0100] "GET /wp-content/uploads/2019/04/SA-5074-4.png HTTP/1.1" 200 132759 "https://amazingsportwear.com/categoria-producto/hombre/chubasqueros/" "Mozilla/5.0 (Macintosh; Intel Mac OS X 10_14_6) AppleWebKit/537.36 (KHTML, like Gecko) Chrome/78.0.3904.87 Safari/537.36" "_ga=GA1.2.1025539458.1576569457; _gid=GA1.2.1678131775.1576569457; _gat_gtag_UA_91619287_1=1; wpfront-notification-bar-landingpage=1"
212.106.241.107 - - [17/Dec/2019:08:58:44 +0100] "GET /wp-content/uploads/2017/04/nath-storm-hombre.jpg HTTP/1.1" 200 22460 "https://amazingsportwear.com/categoria-producto/hombre/chubasqueros/" "Mozilla/5.0 (Macintosh; Intel Mac OS X 10_14_6) AppleWebKit/537.36 (KHTML, like Gecko) Chrome/78.0.3904.87 Safari/537.36" "_ga=GA1.2.1025539458.1576569457; _gid=GA1.2.1678131775.1576569457; _gat_gtag_UA_91619287_1=1; wpfront-notification-bar-landingpage=1"
212.106.241.107 - - [17/Dec/2019:08:58:48 +0100] "GET /producto/chubasquero-plegable-nath-storm/ HTTP/1.1" 200 104220 "https://amazingsportwear.com/categoria-producto/hombre/chubasqueros/" "Mozilla/5.0 (Macintosh; Intel Mac OS X 10_14_6) AppleWebKit/537.36 (KHTML, like Gecko) Chrome/78.0.3904.87 Safari/537.36" "_ga=GA1.2.1025539458.1576569457; _gid=GA1.2.1678131775.1576569457; _gat_gtag_UA_91619287_1=1; wpfront-notification-bar-landingpage=1"
212.106.241.107 - - [17/Dec/2019:08:58:50 +0100] "GET /wp-content/uploads/2017/04/nath-storm-negro.jpg HTTP/1.1" 200 11084 "https://amazingsportwear.com/producto/chubasquero-plegable-nath-storm/" "Mozilla/5.0 (Macintosh; Intel Mac OS X 10_14_6) AppleWebKit/537.36 (KHTML, like Gecko) Chrome/78.0.3904.87 Safari/537.36" "_ga=GA1.2.1025539458.1576569457; _gid=GA1.2.1678131775.1576569457; _gat_gtag_UA_91619287_1=1; wpfront-notification-bar-landingpage=1"
212.106.241.107 - - [17/Dec/2019:08:58:50 +0100] "GET /wp-content/uploads/2017/04/nath-storm-blanco.jpg HTTP/1.1" 200 7526 "https://amazingsportwear.com/producto/chubasquero-plegable-nath-storm/" "Mozilla/5.0 (Macintosh; Intel Mac OS X 10_14_6) AppleWebKit/537.36 (KHTML, like Gecko) Chrome/78.0.3904.87 Safari/537.36" "_ga=GA1.2.1025539458.1576569457; _gid=GA1.2.1678131775.1576569457; _gat_gtag_UA_91619287_1=1; wpfront-notification-bar-landingpage=1"
212.106.241.107 - - [17/Dec/2019:08:58:50 +0100] "GET /wp-content/uploads/2017/04/nath-storm-amarillo.jpg HTTP/1.1" 200 11429 "https://amazingsportwear.com/producto/chubasquero-plegable-nath-storm/" "Mozilla/5.0 (Macintosh; Intel Mac OS X 10_14_6) AppleWebKit/537.36 (KHTML, like Gecko) Chrome/78.0.3904.87 Safari/537.36" "_ga=GA1.2.1025539458.1576569457; _gid=GA1.2.1678131775.1576569457; _gat_gtag_UA_91619287_1=1; wpfront-notification-bar-landingpage=1"
212.106.241.107 - - [17/Dec/2019:08:58:50 +0100] "GET /wp-content/uploads/2017/04/nath-storm-rojo.jpg HTTP/1.1" 200 11602 "https://amazingsportwear.com/producto/chubasquero-plegable-nath-storm/" "Mozilla/5.0 (Macintosh; Intel Mac OS X 10_14_6) AppleWebKit/537.36 (KHTML, like Gecko) Chrome/78.0.3904.87 Safari/537.36" "_ga=GA1.2.1025539458.1576569457; _gid=GA1.2.1678131775.1576569457; _gat_gtag_UA_91619287_1=1; wpfront-notification-bar-landingpage=1"
212.106.241.107 - - [17/Dec/2019:08:58:50 +0100] "GET /wp-content/uploads/2017/04/nath-storm-azul.jpg HTTP/1.1" 200 12041 "https://amazingsportwear.com/producto/chubasquero-plegable-nath-storm/" "Mozilla/5.0 (Macintosh; Intel Mac OS X 10_14_6) AppleWebKit/537.36 (KHTML, like Gecko) Chrome/78.0.3904.87 Safari/537.36" "_ga=GA1.2.1025539458.1576569457; _gid=GA1.2.1678131775.1576569457; _gat_gtag_UA_91619287_1=1; wpfront-notification-bar-landingpage=1"
212.106.241.107 - - [17/Dec/2019:08:58:50 +0100] "GET /wp-content/uploads/2017/03/sa-6595.jpg HTTP/1.1" 200 67560 "https://amazingsportwear.com/producto/chubasquero-plegable-nath-storm/" "Mozilla/5.0 (Macintosh; Intel Mac OS X 10_14_6) AppleWebKit/537.36 (KHTML, like Gecko) Chrome/78.0.3904.87 Safari/537.36" "_ga=GA1.2.1025539458.1576569457; _gid=GA1.2.1678131775.1576569457; _gat_gtag_UA_91619287_1=1; wpfront-notification-bar-landingpage=1"
212.106.241.107 - - [17/Dec/2019:08:58:50 +0100] "GET /wp-content/uploads/2017/03/T-569.jpg HTTP/1.1" 200 68501 "https://amazingsportwear.com/producto/chubasquero-plegable-nath-storm/" "Mozilla/5.0 (Macintosh; Intel Mac OS X 10_14_6) AppleWebKit/537.36 (KHTML, like Gecko) Chrome/78.0.3904.87 Safari/537.36" "_ga=GA1.2.1025539458.1576569457; _gid=GA1.2.1678131775.1576569457; _gat_gtag_UA_91619287_1=1; wpfront-notification-bar-landingpage=1"
212.106.241.107 - - [17/Dec/2019:08:58:50 +0100] "GET /wp-content/uploads/2017/04/nath-storm-colores-1.png HTTP/1.1" 200 56168 "https://amazingsportwear.com/producto/chubasquero-plegable-nath-storm/" "Mozilla/5.0 (Macintosh; Intel Mac OS X 10_14_6) AppleWebKit/537.36 (KHTML, like Gecko) Chrome/78.0.3904.87 Safari/537.36" "_ga=GA1.2.1025539458.1576569457; _gid=GA1.2.1678131775.1576569457; _gat_gtag_UA_91619287_1=1; wpfront-notification-bar-landingpage=1"
212.106.241.107 - - [17/Dec/2019:08:58:50 +0100] "GET /wp-content/uploads/2017/03/sa-0415_60.jpg HTTP/1.1" 200 93859 "https://amazingsportwear.com/producto/chubasquero-plegable-nath-storm/" "Mozilla/5.0 (Macintosh; Intel Mac OS X 10_14_6) AppleWebKit/537.36 (KHTML, like Gecko) Chrome/78.0.3904.87 Safari/537.36" "_ga=GA1.2.1025539458.1576569457; _gid=GA1.2.1678131775.1576569457; _gat_gtag_UA_91619287_1=1; wpfront-notification-bar-landingpage=1"
212.106.241.107 - - [17/Dec/2019:08:58:50 +0100] "GET /wp-content/uploads/2017/04/nath-storm-blanco-100x100.jpg HTTP/1.1" 200 1143 "https://amazingsportwear.com/producto/chubasquero-plegable-nath-storm/" "Mozilla/5.0 (Macintosh; Intel Mac OS X 10_14_6) AppleWebKit/537.36 (KHTML, like Gecko) Chrome/78.0.3904.87 Safari/537.36" "_ga=GA1.2.1025539458.1576569457; _gid=GA1.2.1678131775.1576569457; _gat_gtag_UA_91619287_1=1; wpfront-notification-bar-landingpage=1"
212.106.241.107 - - [17/Dec/2019:08:58:50 +0100] "GET /wp-content/uploads/2017/04/nath-storm-amarillo-100x100.jpg HTTP/1.1" 200 1517 "https://amazingsportwear.com/producto/chubasquero-plegable-nath-storm/" "Mozilla/5.0 (Macintosh; Intel Mac OS X 10_14_6) AppleWebKit/537.36 (KHTML, like Gecko) Chrome/78.0.3904.87 Safari/537.36" "_ga=GA1.2.1025539458.1576569457; _gid=GA1.2.1678131775.1576569457; _gat_gtag_UA_91619287_1=1; wpfront-notification-bar-landingpage=1"
212.106.241.107 - - [17/Dec/2019:08:58:50 +0100] "GET /wp-content/uploads/2017/04/nath-storm-azul-100x100.jpg HTTP/1.1" 200 1660 "https://amazingsportwear.com/producto/chubasquero-plegable-nath-storm/" "Mozilla/5.0 (Macintosh; Intel Mac OS X 10_14_6) AppleWebKit/537.36 (KHTML, like Gecko) Chrome/78.0.3904.87 Safari/537.36" "_ga=GA1.2.1025539458.1576569457; _gid=GA1.2.1678131775.1576569457; _gat_gtag_UA_91619287_1=1; wpfront-notification-bar-landingpage=1"
212.106.241.107 - - [17/Dec/2019:08:58:50 +0100] "GET /wp-content/uploads/2017/04/nath-storm-negro-100x100.jpg HTTP/1.1" 200 1555 "https://amazingsportwear.com/producto/chubasquero-plegable-nath-storm/" "Mozilla/5.0 (Macintosh; Intel Mac OS X 10_14_6) AppleWebKit/537.36 (KHTML, like Gecko) Chrome/78.0.3904.87 Safari/537.36" "_ga=GA1.2.1025539458.1576569457; _gid=GA1.2.1678131775.1576569457; _gat_gtag_UA_91619287_1=1; wpfront-notification-bar-landingpage=1"
212.106.241.107 - - [17/Dec/2019:08:58:50 +0100] "GET /wp-content/uploads/2017/04/nath-storm-rojo-100x100.jpg HTTP/1.1" 200 1872 "https://amazingsportwear.com/producto/chubasquero-plegable-nath-storm/" "Mozilla/5.0 (Macintosh; Intel Mac OS X 10_14_6) AppleWebKit/537.36 (KHTML, like Gecko) Chrome/78.0.3904.87 Safari/537.36" "_ga=GA1.2.1025539458.1576569457; _gid=GA1.2.1678131775.1576569457; _gat_gtag_UA_91619287_1=1; wpfront-notification-bar-landingpage=1"
212.106.241.107 - - [17/Dec/2019:08:58:50 +0100] "GET /wp-content/uploads/2017/04/nath-storm-hombre-100x100.jpg HTTP/1.1" 200 2242 "https://amazingsportwear.com/producto/chubasquero-plegable-nath-storm/" "Mozilla/5.0 (Macintosh; Intel Mac OS X 10_14_6) AppleWebKit/537.36 (KHTML, like Gecko) Chrome/78.0.3904.87 Safari/537.36" "_ga=GA1.2.1025539458.1576569457; _gid=GA1.2.1678131775.1576569457; _gat_gtag_UA_91619287_1=1; wpfront-notification-bar-landingpage=1"
212.106.241.107 - - [17/Dec/2019:08:58:50 +0100] "GET /img/cms/tienda/nath-storm-colores.PNG HTTP/1.1" 404 68025 "-" "Mozilla/5.0 (Macintosh; Intel Mac OS X 10_14_6) AppleWebKit/537.36 (KHTML, like Gecko) Chrome/78.0.3904.87 Safari/537.36" "_ga=GA1.2.1025539458.1576569457; _gid=GA1.2.1678131775.1576569457; _gat_gtag_UA_91619287_1=1; wpfront-notification-bar-landingpage=1"
212.106.241.107 - - [17/Dec/2019:08:58:57 +0100] "GET /categoria-producto/hombre/sudaderas/ HTTP/1.1" 200 57225 "https://amazingsportwear.com/producto/chubasquero-plegable-nath-storm/" "Mozilla/5.0 (Macintosh; Intel Mac OS X 10_14_6) AppleWebKit/537.36 (KHTML, like Gecko) Chrome/78.0.3904.87 Safari/537.36" "_ga=GA1.2.1025539458.1576569457; _gid=GA1.2.1678131775.1576569457; _gat_gtag_UA_91619287_1=1; wpfront-notification-bar-landingpage=1"
212.106.241.107 - - [17/Dec/2019:08:58:58 +0100] "GET /wp-content/uploads/2019/04/SA-1070-1-300x300.png HTTP/1.1" 200 73751 "https://amazingsportwear.com/categoria-producto/hombre/sudaderas/" "Mozilla/5.0 (Macintosh; Intel Mac OS X 10_14_6) AppleWebKit/537.36 (KHTML, like Gecko) Chrome/78.0.3904.87 Safari/537.36" "_ga=GA1.2.1025539458.1576569457; _gid=GA1.2.1678131775.1576569457; _gat_gtag_UA_91619287_1=1; wpfront-notification-bar-landingpage=1"
212.106.241.107 - - [17/Dec/2019:08:58:58 +0100] "GET /wp-content/uploads/2019/03/SA-1113-1.png HTTP/1.1" 200 143364 "https://amazingsportwear.com/categoria-producto/hombre/sudaderas/" "Mozilla/5.0 (Macintosh; Intel Mac OS X 10_14_6) AppleWebKit/537.36 (KHTML, like Gecko) Chrome/78.0.3904.87 Safari/537.36" "_ga=GA1.2.1025539458.1576569457; _gid=GA1.2.1678131775.1576569457; _gat_gtag_UA_91619287_1=1; wpfront-notification-bar-landingpage=1"
212.106.241.107 - - [17/Dec/2019:08:58:58 +0100] "GET /wp-content/uploads/2019/04/SA-1105-1.png HTTP/1.1" 200 173841 "https://amazingsportwear.com/categoria-producto/hombre/sudaderas/" "Mozilla/5.0 (Macintosh; Intel Mac OS X 10_14_6) AppleWebKit/537.36 (KHTML, like Gecko) Chrome/78.0.3904.87 Safari/537.36" "_ga=GA1.2.1025539458.1576569457; _gid=GA1.2.1678131775.1576569457; _gat_gtag_UA_91619287_1=1; wpfront-notification-bar-landingpage=1"
212.106.241.107 - - [17/Dec/2019:08:58:58 +0100] "GET /wp-content/uploads/2019/04/SA-1087-1.png HTTP/1.1" 200 155939 "https://amazingsportwear.com/categoria-producto/hombre/sudaderas/" "Mozilla/5.0 (Macintosh; Intel Mac OS X 10_14_6) AppleWebKit/537.36 (KHTML, like Gecko) Chrome/78.0.3904.87 Safari/537.36" "_ga=GA1.2.1025539458.1576569457; _gid=GA1.2.1678131775.1576569457; _gat_gtag_UA_91619287_1=1; wpfront-notification-bar-landingpage=1"
217.76.130.90 - - [17/Dec/2019:09:33:05 +0100] "POST /wp-cron.php?doing_wp_cron=1576571585.0143749713897705078125 HTTP/1.1" 200 3389 "https://amazingsportwear.com/wp-cron.php?doing_wp_cron=1576571585.0143749713897705078125" "WordPress/5.2.5; https://amazingsportwear.com" "-"
54.38.90.228 - - [17/Dec/2019:09:33:01 +0100] "GET /img/amazing-logo-1485426812.png HTTP/1.1" 404 72270 "-" "-" "-"
54.38.90.228 - - [17/Dec/2019:09:33:05 +0100] "GET /img/amazing-logo-1526972892.jpg HTTP/1.1" 404 72255 "-" "-" "-"
54.38.90.228 - - [17/Dec/2019:09:33:07 +0100] "GET /227-large_default/chaqueta-triatlon.jpg HTTP/1.1" 404 72236 "-" "-" "-"
217.76.130.90 - - [17/Dec/2019:09:39:10 +0100] "POST /wp-cron.php?doing_wp_cron=1576571950.2675750255584716796875 HTTP/1.1" 200 3389 "https://amazingsportwear.com/wp-cron.php?doing_wp_cron=1576571950.2675750255584716796875" "WordPress/5.2.5; https://amazingsportwear.com" "-"
209.17.96.242 - - [17/Dec/2019:09:39:09 +0100] "GET / HTTP/1.1" 200 125546 "-" "Mozilla/5.0 (compatible; Nimbostratus-Bot/v1.3.2; http://cloudsystemnetworks.com)" "-"
217.76.130.90 - - [17/Dec/2019:09:39:10 +0100] "POST /wp-admin/admin-ajax.php?action=wp_1_wc_privacy_cleanup&nonce=53fe5f542d HTTP/1.1" 200 3711 "https://amazingsportwear.com/wp-admin/admin-ajax.php?action=wp_1_wc_privacy_cleanup&nonce=53fe5f542d" "WordPress/5.2.5; https://amazingsportwear.com" "-"
217.76.130.90 - - [17/Dec/2019:10:11:24 +0100] "POST /wp-cron.php?doing_wp_cron=1576573884.5245099067687988281250 HTTP/1.1" 200 3389 "https://amazingsportwear.com/wp-cron.php?doing_wp_cron=1576573884.5245099067687988281250" "WordPress/5.2.5; https://amazingsportwear.com" "-"
157.55.39.13 - - [17/Dec/2019:10:11:24 +0100] "GET /robots.txt HTTP/1.1" 200 432 "-" "Mozilla/5.0 (compatible; bingbot/2.0; +http://www.bing.com/bingbot.htm)" "-"
207.46.13.196 - - [17/Dec/2019:10:11:20 +0100] "GET /producto/camiseta-tecnica-manga-larga-sa-0415/ HTTP/1.1" 200 108451 "-" "Mozilla/5.0 (compatible; bingbot/2.0; +http://www.bing.com/bingbot.htm)" "-"
217.76.130.90 - - [17/Dec/2019:10:14:46 +0100] "POST /wp-cron.php?doing_wp_cron=1576574086.6961829662322998046875 HTTP/1.1" 200 3389 "https://amazingsportwear.com/wp-cron.php?doing_wp_cron=1576574086.6961829662322998046875" "WordPress/5.2.5; https://amazingsportwear.com" "-"
157.55.39.124 - - [17/Dec/2019:10:14:45 +0100] "GET /producto/braga-gorro-polar-cat-8016/ HTTP/1.1" 200 100273 "-" "Mozilla/5.0 (compatible; bingbot/2.0; +http://www.bing.com/bingbot.htm)" "-"
66.249.66.66 - - [17/Dec/2019:10:19:13 +0100] "GET /wp-content/uploads/2019/07/carpa-cas-300x300.jpg HTTP/1.1" 304 3566 "-" "Googlebot-Image/1.0" "-"
106.56.245.76 - - [17/Dec/2019:10:25:44 +0100] "GET /wp-content/uploads/2019/04/MU%C3%91EQUERA-BEKER-1.png HTTP/1.1" 200 159103 "-" "Mozilla/5.0(Linux;U;Android 5.1.1;zh-CN;OPPO A33 Build/LMY47V) AppleWebKit/537.36(KHTML,like Gecko) Version/4.0 Chrome/40.0.2214.89 UCBrowser/11.7.0.953 Mobile Safari/537.36" "-"
1.50.253.168 - - [17/Dec/2019:10:26:05 +0100] "GET /wp-content/uploads/2019/04/MU%C3%91EQUERA-BEKER-2.png HTTP/1.1" 200 112246 "-" "Mozilla/5.0(Linux;U;Android 5.1.1;zh-CN;OPPO A33 Build/LMY47V) AppleWebKit/537.36(KHTML,like Gecko) Version/4.0 Chrome/40.0.2214.89 UCBrowser/11.7.0.953 Mobile Safari/537.36" "-"
111.121.13.112 - - [17/Dec/2019:10:26:19 +0100] "GET /wp-content/uploads/2019/04/gorra-bayet-3.png HTTP/1.1" 200 143798 "-" "Mozilla/5.0 (Linux; Android 7.0; FRD-AL00 Build/HUAWEIFRD-AL00; wv) AppleWebKit/537.36 (KHTML, like Gecko) Version/4.0 Chrome/53.0.2785.49 Mobile MQQBrowser/6.2 TBS/043602 Safari/537.36 MicroMessenger/6.5.16.1120 NetType/WIFI Language/zh_CN" "-"
217.76.130.90 - - [17/Dec/2019:10:26:31 +0100] "POST /wp-cron.php?doing_wp_cron=1576574791.8438220024108886718750 HTTP/1.1" 200 3389 "https://amazingsportwear.com/wp-cron.php?doing_wp_cron=1576574791.8438220024108886718750" "WordPress/5.2.5; https://amazingsportwear.com" "-"
60.185.69.114 - - [17/Dec/2019:10:26:29 +0100] "GET /nuestros-trabajos/ HTTP/1.1" 200 68627 "-" "Mozilla/5.0(Linux;Android 5.1.1;OPPO A33 Build/LMY47V;wv) AppleWebKit/537.36(KHTML,link Gecko) Version/4.0 Chrome/42.0.2311.138 Mobile Safari/537.36 Mb2345Browser/9.0" "-"
106.59.35.2 - - [17/Dec/2019:10:26:33 +0100] "GET /etiqueta-producto/university HTTP/1.1" 301 3552 "-" "Mozilla/5.0(Linux;U;Android 5.1.1;zh-CN;OPPO A33 Build/LMY47V) AppleWebKit/537.36(KHTML,like Gecko) Version/4.0 Chrome/40.0.2214.89 UCBrowser/11.7.0.953 Mobile Safari/537.36" "-"
114.220.160.82 - - [17/Dec/2019:10:26:35 +0100] "GET /producto/gorra-mision HTTP/1.1" 301 3545 "-" "Mozilla/5.0(Linux;Android 5.1.1;OPPO A33 Build/LMY47V;wv) AppleWebKit/537.36(KHTML,link Gecko) Version/4.0 Chrome/42.0.2311.138 Mobile Safari/537.36 Mb2345Browser/9.0" "-"
106.59.35.2 - - [17/Dec/2019:10:26:40 +0100] "GET /etiqueta-producto/university/ HTTP/1.1" 200 53789 "-" "Mozilla/5.0(Linux;U;Android 5.1.1;zh-CN;OPPO A33 Build/LMY47V) AppleWebKit/537.36(KHTML,like Gecko) Version/4.0 Chrome/40.0.2214.89 UCBrowser/11.7.0.953 Mobile Safari/537.36" "wpfront-notification-bar-landingpage=1"
222.180.68.42 - - [17/Dec/2019:10:26:39 +0100] "GET /wp-content/uploads/2017/03/aq-rever-494.jpg HTTP/1.1" 200 98188 "-" "Mozilla/5.0(Linux;Android 5.1.1;OPPO A33 Build/LMY47V;wv) AppleWebKit/537.36(KHTML,link Gecko) Version/4.0 Chrome/43.0.2357.121 Mobile Safari/537.36 LieBaoFast/4.51.3" "-"
120.244.154.113 - - [17/Dec/2019:10:26:50 +0100] "GET /etiqueta-producto/bici HTTP/1.1" 301 3546 "-" "Mozilla/5.0(Linux;Android 5.1.1;OPPO A33 Build/LMY47V;wv) AppleWebKit/537.36(KHTML,link Gecko) Version/4.0 Chrome/43.0.2357.121 Mobile Safari/537.36 LieBaoFast/4.51.3" "-"
223.247.18.53 - - [17/Dec/2019:10:26:51 +0100] "GET /img/cms/BAHREIN.png HTTP/1.1" 404 72006 "-" "Mozilla/5.0(Linux;Android 5.1.1;OPPO A33 Build/LMY47V;wv) AppleWebKit/537.36(KHTML,link Gecko) Version/4.0 Chrome/43.0.2357.121 Mobile Safari/537.36 LieBaoFast/4.51.3" "-"
120.244.154.113 - - [17/Dec/2019:10:26:52 +0100] "GET /etiqueta-producto/bici/ HTTP/1.1" 200 53622 "-" "Mozilla/5.0(Linux;Android 5.1.1;OPPO A33 Build/LMY47V;wv) AppleWebKit/537.36(KHTML,link Gecko) Version/4.0 Chrome/43.0.2357.121 Mobile Safari/537.36 LieBaoFast/4.51.3" "wpfront-notification-bar-landingpage=1"
217.76.130.90 - - [17/Dec/2019:10:27:05 +0100] "POST /wp-cron.php?doing_wp_cron=1576574825.6608970165252685546875 HTTP/1.1" 200 3389 "https://amazingsportwear.com/wp-cron.php?doing_wp_cron=1576574825.6608970165252685546875" "WordPress/5.2.5; https://amazingsportwear.com" "-"
117.85.80.194 - - [17/Dec/2019:10:27:05 +0100] "GET /producto/camiseta-basket-sin-costadillos-3?add-to-cart=18702 HTTP/1.1" 301 4825 "-" "Mozilla/5.0(Linux;Android 5.1.1;OPPO A33 Build/LMY47V;wv) AppleWebKit/537.36(KHTML,link Gecko) Version/4.0 Chrome/42.0.2311.138 Mobile Safari/537.36 Mb2345Browser/9.0" "-"
122.238.187.178 - - [17/Dec/2019:10:26:37 +0100] "GET /wp-content/uploads/2019/03/Dynamic-Woman-1.png HTTP/1.1" 200 133115 "-" "Mozilla/5.0 (Linux; Android 7.0; FRD-AL00 Build/HUAWEIFRD-AL00; wv) AppleWebKit/537.36 (KHTML, like Gecko) Version/4.0 Chrome/53.0.2785.49 Mobile MQQBrowser/6.2 TBS/043602 Safari/537.36 MicroMessenger/6.5.16.1120 NetType/WIFI Language/zh_CN" "-"
116.248.187.56 - - [17/Dec/2019:10:26:56 +0100] "GET /wp-content/uploads/2019/04/HALMIK-ROSA.png HTTP/1.1" 200 111450 "-" "Mozilla/5.0(Linux;U;Android 5.1.1;zh-CN;OPPO A33 Build/LMY47V) AppleWebKit/537.36(KHTML,like Gecko) Version/4.0 Chrome/40.0.2214.89 UCBrowser/11.7.0.953 Mobile Safari/537.36" "-"
222.189.189.112 - - [17/Dec/2019:10:27:24 +0100] "GET /etiqueta-producto/bidon HTTP/1.1" 301 3547 "-" "Mozilla/5.0(Linux;U;Android 5.1.1;zh-CN;OPPO A33 Build/LMY47V) AppleWebKit/537.36(KHTML,like Gecko) Version/4.0 Chrome/40.0.2214.89 UCBrowser/11.7.0.953 Mobile Safari/537.36" "-"
119.86.125.152 - - [17/Dec/2019:10:27:26 +0100] "GET /producto/camiseta-basket-con-costadillos-2 HTTP/1.1" 301 3566 "-" "Mozilla/5.0(Linux;Android 5.1.1;OPPO A33 Build/LMY47V;wv) AppleWebKit/537.36(KHTML,link Gecko) Version/4.0 Chrome/43.0.2357.121 Mobile Safari/537.36 LieBaoFast/4.51.3" "-"
106.57.151.48 - - [17/Dec/2019:10:27:29 +0100] "GET /producto/botella-para-deporte-aqua HTTP/1.1" 301 3558 "-" "Mozilla/5.0(Linux;Android 5.1.1;OPPO A33 Build/LMY47V;wv) AppleWebKit/537.36(KHTML,link Gecko) Version/4.0 Chrome/42.0.2311.138 Mobile Safari/537.36 Mb2345Browser/9.0" "-"
119.86.125.152 - - [17/Dec/2019:10:27:29 +0100] "GET /producto/camiseta-basket-con-costadillos-2/ HTTP/1.1" 200 77557 "-" "Mozilla/5.0(Linux;Android 5.1.1;OPPO A33 Build/LMY47V;wv) AppleWebKit/537.36(KHTML,link Gecko) Version/4.0 Chrome/43.0.2357.121 Mobile Safari/537.36 LieBaoFast/4.51.3" "wpfront-notification-bar-landingpage=1"
175.173.220.185 - - [17/Dec/2019:10:27:41 +0100] "GET /etiqueta-producto/bidon-doger HTTP/1.1" 301 3553 "-" "Mozilla/5.0(Linux;U;Android 5.1.1;zh-CN;OPPO A33 Build/LMY47V) AppleWebKit/537.36(KHTML,like Gecko) Version/4.0 Chrome/40.0.2214.89 UCBrowser/11.7.0.953 Mobile Safari/537.36" "-"
106.57.151.48 - - [17/Dec/2019:10:27:41 +0100] "GET /producto/botella-para-deporte-aqua/ HTTP/1.1" 200 99427 "-" "Mozilla/5.0(Linux;Android 5.1.1;OPPO A33 Build/LMY47V;wv) AppleWebKit/537.36(KHTML,link Gecko) Version/4.0 Chrome/42.0.2311.138 Mobile Safari/537.36 Mb2345Browser/9.0" "wpfront-notification-bar-landingpage=1"
27.46.128.244 - - [17/Dec/2019:10:27:38 +0100] "GET /categoria-producto/hombre/camisetas/ HTTP/1.1" 200 77070 "-" "Mozilla/5.0(Linux;Android 5.1.1;OPPO A33 Build/LMY47V;wv) AppleWebKit/537.36(KHTML,link Gecko) Version/4.0 Chrome/43.0.2357.121 Mobile Safari/537.36 LieBaoFast/4.51.3" "-"
125.118.99.206 - - [17/Dec/2019:10:27:10 +0100] "GET /wp-content/uploads/2017/03/aq-indoor-gris.jpg HTTP/1.1" 200 46939 "-" "Mozilla/5.0(Linux;U;Android 5.1.1;zh-CN;OPPO A33 Build/LMY47V) AppleWebKit/537.36(KHTML,like Gecko) Version/4.0 Chrome/40.0.2214.89 UCBrowser/11.7.0.953 Mobile Safari/537.36" "-"
175.173.220.185 - - [17/Dec/2019:10:27:47 +0100] "GET /etiqueta-producto/bidon-doger/ HTTP/1.1" 200 53727 "-" "Mozilla/5.0(Linux;U;Android 5.1.1;zh-CN;OPPO A33 Build/LMY47V) AppleWebKit/537.36(KHTML,like Gecko) Version/4.0 Chrome/40.0.2214.89 UCBrowser/11.7.0.953 Mobile Safari/537.36" "wpfront-notification-bar-landingpage=1"
140.240.241.207 - - [17/Dec/2019:10:27:56 +0100] "GET /etiqueta-producto/linterna-biddick HTTP/1.1" 301 3558 "-" "Mozilla/5.0(Linux;U;Android 5.1.1;zh-CN;OPPO A33 Build/LMY47V) AppleWebKit/537.36(KHTML,like Gecko) Version/4.0 Chrome/40.0.2214.89 UCBrowser/11.7.0.953 Mobile Safari/537.36" "-"
140.240.241.207 - - [17/Dec/2019:10:27:59 +0100] "GET /etiqueta-producto/linterna-biddick/ HTTP/1.1" 200 53813 "-" "Mozilla/5.0(Linux;U;Android 5.1.1;zh-CN;OPPO A33 Build/LMY47V) AppleWebKit/537.36(KHTML,like Gecko) Version/4.0 Chrome/40.0.2214.89 UCBrowser/11.7.0.953 Mobile Safari/537.36" "wpfront-notification-bar-landingpage=1"
217.76.130.90 - - [17/Dec/2019:10:34:45 +0100] "POST /wp-cron.php?doing_wp_cron=1576575285.7556169033050537109375 HTTP/1.1" 200 3389 "https://amazingsportwear.com/wp-cron.php?doing_wp_cron=1576575285.7556169033050537109375" "WordPress/5.2.5; https://amazingsportwear.com" "-"
157.55.39.124 - - [17/Dec/2019:10:34:43 +0100] "GET /carrito/ HTTP/1.1" 200 91718 "-" "Mozilla/5.0 (compatible; bingbot/2.0; +http://www.bing.com/bingbot.htm)" "-"
217.76.130.90 - - [17/Dec/2019:10:44:37 +0100] "POST /wp-cron.php?doing_wp_cron=1576575877.7955820560455322265625 HTTP/1.1" 200 3389 "https://amazingsportwear.com/wp-cron.php?doing_wp_cron=1576575877.7955820560455322265625" "WordPress/5.2.5; https://amazingsportwear.com" "-"
218.62.221.52 - - [17/Dec/2019:10:44:35 +0100] "GET /etiqueta-producto/keisy HTTP/1.1" 301 3547 "-" "Mozilla/5.0(Linux;Android 5.1.1;OPPO A33 Build/LMY47V;wv) AppleWebKit/537.36(KHTML,link Gecko) Version/4.0 Chrome/43.0.2357.121 Mobile Safari/537.36 LieBaoFast/4.51.3" "-"
218.62.221.52 - - [17/Dec/2019:10:44:39 +0100] "GET /etiqueta-producto/keisy/ HTTP/1.1" 200 53599 "-" "Mozilla/5.0(Linux;Android 5.1.1;OPPO A33 Build/LMY47V;wv) AppleWebKit/537.36(KHTML,link Gecko) Version/4.0 Chrome/43.0.2357.121 Mobile Safari/537.36 LieBaoFast/4.51.3" "wpfront-notification-bar-landingpage=1"
106.57.150.86 - - [17/Dec/2019:10:44:57 +0100] "GET /wp-content/uploads/2017/03/eny-delta-naranja.jpg HTTP/1.1" 200 17647 "-" "Mozilla/5.0(Linux;U;Android 5.1.1;zh-CN;OPPO A33 Build/LMY47V) AppleWebKit/537.36(KHTML,like Gecko) Version/4.0 Chrome/40.0.2214.89 UCBrowser/11.7.0.953 Mobile Safari/537.36" "-"
171.11.227.26 - - [17/Dec/2019:10:44:55 +0100] "GET /wp-content/uploads/2017/03/aq-rever-495.jpg HTTP/1.1" 200 161444 "-" "Mozilla/5.0(Linux;Android 5.1.1;OPPO A33 Build/LMY47V;wv) AppleWebKit/537.36(KHTML,link Gecko) Version/4.0 Chrome/42.0.2311.138 Mobile Safari/537.36 Mb2345Browser/9.0" "-"
217.76.130.90 - - [17/Dec/2019:10:45:03 +0100] "POST /wp-cron.php?doing_wp_cron=1576575903.4533059597015380859375 HTTP/1.1" 200 3389 "https://amazingsportwear.com/wp-cron.php?doing_wp_cron=1576575903.4533059597015380859375" "WordPress/5.2.5; https://amazingsportwear.com" "-"
49.82.224.83 - - [17/Dec/2019:10:45:02 +0100] "GET /category/inicio HTTP/1.1" 301 3539 "-" "Mozilla/5.0(Linux;Android 5.1.1;OPPO A33 Build/LMY47V;wv) AppleWebKit/537.36(KHTML,link Gecko) Version/4.0 Chrome/42.0.2311.138 Mobile Safari/537.36 Mb2345Browser/9.0" "-"
59.63.74.4 - - [17/Dec/2019:10:45:09 +0100] "GET /etiqueta-producto/camiseta-olimpia HTTP/1.1" 301 3558 "-" "Mozilla/5.0(Linux;Android 5.1.1;OPPO A33 Build/LMY47V;wv) AppleWebKit/537.36(KHTML,link Gecko) Version/4.0 Chrome/43.0.2357.121 Mobile Safari/537.36 LieBaoFast/4.51.3" "-"
180.122.226.148 - - [17/Dec/2019:10:45:10 +0100] "GET /etiqueta-producto/guante-acrilico HTTP/1.1" 301 3557 "-" "Mozilla/5.0(Linux;Android 5.1.1;OPPO A33 Build/LMY47V;wv) AppleWebKit/537.36(KHTML,link Gecko) Version/4.0 Chrome/43.0.2357.121 Mobile Safari/537.36 LieBaoFast/4.51.3" "-"
59.63.74.4 - - [17/Dec/2019:10:45:12 +0100] "GET /etiqueta-producto/camiseta-olimpia/ HTTP/1.1" 200 53906 "-" "Mozilla/5.0(Linux;Android 5.1.1;OPPO A33 Build/LMY47V;wv) AppleWebKit/537.36(KHTML,link Gecko) Version/4.0 Chrome/43.0.2357.121 Mobile Safari/537.36 LieBaoFast/4.51.3" "wpfront-notification-bar-landingpage=1"
180.122.226.148 - - [17/Dec/2019:10:45:15 +0100] "GET /etiqueta-producto/guante-acrilico/ HTTP/1.1" 200 53881 "-" "Mozilla/5.0(Linux;Android 5.1.1;OPPO A33 Build/LMY47V;wv) AppleWebKit/537.36(KHTML,link Gecko) Version/4.0 Chrome/43.0.2357.121 Mobile Safari/537.36 LieBaoFast/4.51.3" "wpfront-notification-bar-landingpage=1"
113.64.142.34 - - [17/Dec/2019:10:45:24 +0100] "GET /etiqueta-producto/bolsa-deporte HTTP/1.1" 301 3555 "-" "Mozilla/5.0(Linux;Android 5.1.1;OPPO A33 Build/LMY47V;wv) AppleWebKit/537.36(KHTML,link Gecko) Version/4.0 Chrome/43.0.2357.121 Mobile Safari/537.36 LieBaoFast/4.51.3" "-"
113.64.142.34 - - [17/Dec/2019:10:45:28 +0100] "GET /etiqueta-producto/bolsa-deporte/ HTTP/1.1" 200 57450 "-" "Mozilla/5.0(Linux;Android 5.1.1;OPPO A33 Build/LMY47V;wv) AppleWebKit/537.36(KHTML,link Gecko) Version/4.0 Chrome/43.0.2357.121 Mobile Safari/537.36 LieBaoFast/4.51.3" "wpfront-notification-bar-landingpage=1"
183.21.190.58 - - [17/Dec/2019:10:45:30 +0100] "GET /etiqueta-producto/polo-mujer HTTP/1.1" 301 3552 "-" "Mozilla/5.0(Linux;U;Android 5.1.1;zh-CN;OPPO A33 Build/LMY47V) AppleWebKit/537.36(KHTML,like Gecko) Version/4.0 Chrome/40.0.2214.89 UCBrowser/11.7.0.953 Mobile Safari/537.36" "-"
117.94.233.213 - - [17/Dec/2019:10:45:31 +0100] "GET /producto/bidon-match HTTP/1.1" 301 3544 "-" "Mozilla/5.0(Linux;Android 5.1.1;OPPO A33 Build/LMY47V;wv) AppleWebKit/537.36(KHTML,link Gecko) Version/4.0 Chrome/43.0.2357.121 Mobile Safari/537.36 LieBaoFast/4.51.3" "-"
60.216.119.210 - - [17/Dec/2019:10:45:32 +0100] "GET /etiqueta-producto/camiseta-reversible HTTP/1.1" 301 3561 "-" "Mozilla/5.0 (Linux; Android 7.0; FRD-AL00 Build/HUAWEIFRD-AL00; wv) AppleWebKit/537.36 (KHTML, like Gecko) Version/4.0 Chrome/53.0.2785.49 Mobile MQQBrowser/6.2 TBS/043602 Safari/537.36 MicroMessenger/6.5.16.1120 NetType/WIFI Language/zh_CN" "-"
183.21.190.58 - - [17/Dec/2019:10:45:32 +0100] "GET /etiqueta-producto/polo-mujer/ HTTP/1.1" 200 59483 "-" "Mozilla/5.0(Linux;U;Android 5.1.1;zh-CN;OPPO A33 Build/LMY47V) AppleWebKit/537.36(KHTML,like Gecko) Version/4.0 Chrome/40.0.2214.89 UCBrowser/11.7.0.953 Mobile Safari/537.36" "wpfront-notification-bar-landingpage=1"
60.216.119.210 - - [17/Dec/2019:10:45:34 +0100] "GET /etiqueta-producto/camiseta-reversible/ HTTP/1.1" 200 53852 "-" "Mozilla/5.0 (Linux; Android 7.0; FRD-AL00 Build/HUAWEIFRD-AL00; wv) AppleWebKit/537.36 (KHTML, like Gecko) Version/4.0 Chrome/53.0.2785.49 Mobile MQQBrowser/6.2 TBS/043602 Safari/537.36 MicroMessenger/6.5.16.1120 NetType/WIFI Language/zh_CN" "wpfront-notification-bar-landingpage=1"
23.239.180.127 - - [17/Dec/2019:10:45:38 +0100] "GET / HTTP/1.1" 301 336 "-" "Mozilla/5.0 (Windows NT 6.1; WOW64; rv:27.0) Gecko/20100101 Firefox/27.0" "-"
117.94.233.213 - - [17/Dec/2019:10:45:36 +0100] "GET /producto/bidon-match/ HTTP/1.1" 200 96321 "-" "Mozilla/5.0(Linux;Android 5.1.1;OPPO A33 Build/LMY47V;wv) AppleWebKit/537.36(KHTML,link Gecko) Version/4.0 Chrome/43.0.2357.121 Mobile Safari/537.36 LieBaoFast/4.51.3" "wpfront-notification-bar-landingpage=1"
114.235.185.227 - - [17/Dec/2019:10:45:43 +0100] "GET /etiqueta-producto/camiseta-star HTTP/1.1" 301 3555 "-" "Mozilla/5.0(Linux;Android 5.1.1;OPPO A33 Build/LMY47V;wv) AppleWebKit/537.36(KHTML,link Gecko) Version/4.0 Chrome/42.0.2311.138 Mobile Safari/537.36 Mb2345Browser/9.0" "-"
114.235.185.227 - - [17/Dec/2019:10:45:47 +0100] "GET /etiqueta-producto/camiseta-star/ HTTP/1.1" 200 53830 "-" "Mozilla/5.0(Linux;Android 5.1.1;OPPO A33 Build/LMY47V;wv) AppleWebKit/537.36(KHTML,link Gecko) Version/4.0 Chrome/42.0.2311.138 Mobile Safari/537.36 Mb2345Browser/9.0" "wpfront-notification-bar-landingpage=1"
