107.77.204.101 - - [18/Nov/2019:17:09:57 +0100] "GET /wp-content/uploads/2018/05/cat-3164-01.jpg HTTP/1.1" 200 30180 "https://amazingsportwear.com/producto/mochila-tipo-saco-cat-3164/" "Mozilla/5.0 (iPhone; CPU iPhone OS 13_2_2 like Mac OS X) AppleWebKit/605.1.15 (KHTML, like Gecko) Version/13.0.3 Mobile/15E148 Safari/604.1" "-"
107.77.204.101 - - [18/Nov/2019:17:09:56 +0100] "POST /?wc-ajax=get_refreshed_fragments HTTP/1.1" 200 1397 "https://amazingsportwear.com/producto/mochila-tipo-saco-cat-3164/" "Mozilla/5.0 (iPhone; CPU iPhone OS 13_2_2 like Mac OS X) AppleWebKit/605.1.15 (KHTML, like Gecko) Version/13.0.3 Mobile/15E148 Safari/604.1" "_ga=GA1.2.589707432.1574093387; _gat_gtag_UA_91619287_1=1; _gid=GA1.2.584804444.1574093387"
107.77.204.101 - - [18/Nov/2019:17:09:58 +0100] "GET /wp-content/uploads/2018/05/cat-3164-11.jpg HTTP/1.1" 200 62010 "https://amazingsportwear.com/producto/mochila-tipo-saco-cat-3164/" "Mozilla/5.0 (iPhone; CPU iPhone OS 13_2_2 like Mac OS X) AppleWebKit/605.1.15 (KHTML, like Gecko) Version/13.0.3 Mobile/15E148 Safari/604.1" "-"
107.77.204.101 - - [18/Nov/2019:17:09:58 +0100] "GET /wp-content/uploads/2018/05/cat-3164-06.jpg HTTP/1.1" 200 25857 "https://amazingsportwear.com/producto/mochila-tipo-saco-cat-3164/" "Mozilla/5.0 (iPhone; CPU iPhone OS 13_2_2 like Mac OS X) AppleWebKit/605.1.15 (KHTML, like Gecko) Version/13.0.3 Mobile/15E148 Safari/604.1" "-"
107.77.204.101 - - [18/Nov/2019:17:09:59 +0100] "GET /wp-content/uploads/2018/05/cat-3164-07.jpg HTTP/1.1" 200 59978 "https://amazingsportwear.com/producto/mochila-tipo-saco-cat-3164/" "Mozilla/5.0 (iPhone; CPU iPhone OS 13_2_2 like Mac OS X) AppleWebKit/605.1.15 (KHTML, like Gecko) Version/13.0.3 Mobile/15E148 Safari/604.1" "-"
107.77.204.101 - - [18/Nov/2019:17:10:00 +0100] "GET /wp-content/uploads/2018/05/cat-3164-03.jpg HTTP/1.1" 200 64481 "https://amazingsportwear.com/producto/mochila-tipo-saco-cat-3164/" "Mozilla/5.0 (iPhone; CPU iPhone OS 13_2_2 like Mac OS X) AppleWebKit/605.1.15 (KHTML, like Gecko) Version/13.0.3 Mobile/15E148 Safari/604.1" "-"
107.77.204.101 - - [18/Nov/2019:17:10:00 +0100] "GET /wp-content/uploads/2018/05/cat-3164-02.jpg HTTP/1.1" 200 57739 "https://amazingsportwear.com/producto/mochila-tipo-saco-cat-3164/" "Mozilla/5.0 (iPhone; CPU iPhone OS 13_2_2 like Mac OS X) AppleWebKit/605.1.15 (KHTML, like Gecko) Version/13.0.3 Mobile/15E148 Safari/604.1" "-"
107.77.204.101 - - [18/Nov/2019:17:10:00 +0100] "GET /wp-content/uploads/2018/05/cat-3164-22.jpg HTTP/1.1" 200 23345 "https://amazingsportwear.com/producto/mochila-tipo-saco-cat-3164/" "Mozilla/5.0 (iPhone; CPU iPhone OS 13_2_2 like Mac OS X) AppleWebKit/605.1.15 (KHTML, like Gecko) Version/13.0.3 Mobile/15E148 Safari/604.1" "-"
107.77.204.101 - - [18/Nov/2019:17:10:00 +0100] "GET /wp-content/uploads/2018/05/cat-3164-279.jpg HTTP/1.1" 200 23056 "https://amazingsportwear.com/producto/mochila-tipo-saco-cat-3164/" "Mozilla/5.0 (iPhone; CPU iPhone OS 13_2_2 like Mac OS X) AppleWebKit/605.1.15 (KHTML, like Gecko) Version/13.0.3 Mobile/15E148 Safari/604.1" "-"
107.77.204.101 - - [18/Nov/2019:17:10:01 +0100] "GET /wp-content/uploads/2018/05/cat-3164-04.jpg HTTP/1.1" 200 53625 "https://amazingsportwear.com/producto/mochila-tipo-saco-cat-3164/" "Mozilla/5.0 (iPhone; CPU iPhone OS 13_2_2 like Mac OS X) AppleWebKit/605.1.15 (KHTML, like Gecko) Version/13.0.3 Mobile/15E148 Safari/604.1" "-"
107.77.204.101 - - [18/Nov/2019:17:10:02 +0100] "GET /wp-content/uploads/2018/05/ENY-SU13W-3-300x300.jpg HTTP/1.1" 200 9697 "https://amazingsportwear.com/producto/mochila-tipo-saco-cat-3164/" "Mozilla/5.0 (iPhone; CPU iPhone OS 13_2_2 like Mac OS X) AppleWebKit/605.1.15 (KHTML, like Gecko) Version/13.0.3 Mobile/15E148 Safari/604.1" "-"
107.77.204.101 - - [18/Nov/2019:17:10:02 +0100] "GET /wp-content/uploads/2018/05/CIF-Z281-1-300x300.jpg HTTP/1.1" 200 10474 "https://amazingsportwear.com/producto/mochila-tipo-saco-cat-3164/" "Mozilla/5.0 (iPhone; CPU iPhone OS 13_2_2 like Mac OS X) AppleWebKit/605.1.15 (KHTML, like Gecko) Version/13.0.3 Mobile/15E148 Safari/604.1" "-"
107.77.204.101 - - [18/Nov/2019:17:10:02 +0100] "GET /wp-content/uploads/2018/05/cat-3164-colores-1.png HTTP/1.1" 200 78479 "https://amazingsportwear.com/producto/mochila-tipo-saco-cat-3164/" "Mozilla/5.0 (iPhone; CPU iPhone OS 13_2_2 like Mac OS X) AppleWebKit/605.1.15 (KHTML, like Gecko) Version/13.0.3 Mobile/15E148 Safari/604.1" "-"
107.77.204.101 - - [18/Nov/2019:17:10:03 +0100] "GET /wp-content/uploads/2018/05/Pf-10031900-2-261x300.jpg HTTP/1.1" 200 12744 "https://amazingsportwear.com/producto/mochila-tipo-saco-cat-3164/" "Mozilla/5.0 (iPhone; CPU iPhone OS 13_2_2 like Mac OS X) AppleWebKit/605.1.15 (KHTML, like Gecko) Version/13.0.3 Mobile/15E148 Safari/604.1" "-"
107.77.204.101 - - [18/Nov/2019:17:10:03 +0100] "GET /wp-content/uploads/2019/05/asw-white-1024x430.png HTTP/1.1" 200 55939 "https://amazingsportwear.com/producto/mochila-tipo-saco-cat-3164/" "Mozilla/5.0 (iPhone; CPU iPhone OS 13_2_2 like Mac OS X) AppleWebKit/605.1.15 (KHTML, like Gecko) Version/13.0.3 Mobile/15E148 Safari/604.1" "-"
107.77.204.101 - - [18/Nov/2019:17:10:03 +0100] "GET /wp-content/plugins/product-enquiry-for-woocommerce/img/contact/loading.gif HTTP/1.1" 200 3834 "https://amazingsportwear.com/producto/mochila-tipo-saco-cat-3164/" "Mozilla/5.0 (iPhone; CPU iPhone OS 13_2_2 like Mac OS X) AppleWebKit/605.1.15 (KHTML, like Gecko) Version/13.0.3 Mobile/15E148 Safari/604.1" "-"
107.77.204.101 - - [18/Nov/2019:17:10:03 +0100] "GET /wp-content/plugins/simple-social-icons/symbol-defs.svg HTTP/1.1" 200 19699 "https://amazingsportwear.com/producto/mochila-tipo-saco-cat-3164/" "Mozilla/5.0 (iPhone; CPU iPhone OS 13_2_2 like Mac OS X) AppleWebKit/605.1.15 (KHTML, like Gecko) Version/13.0.3 Mobile/15E148 Safari/604.1" "_ga=GA1.2.589707432.1574093387; _gat_gtag_UA_91619287_1=1; _gid=GA1.2.584804444.1574093387"
107.77.204.101 - - [18/Nov/2019:17:10:03 +0100] "GET /wp-content/uploads/2018/05/cat-3164-amarillo-100x100.png HTTP/1.1" 200 12350 "https://amazingsportwear.com/producto/mochila-tipo-saco-cat-3164/" "Mozilla/5.0 (iPhone; CPU iPhone OS 13_2_2 like Mac OS X) AppleWebKit/605.1.15 (KHTML, like Gecko) Version/13.0.3 Mobile/15E148 Safari/604.1" "_ga=GA1.2.589707432.1574093387; _gat_gtag_UA_91619287_1=1; _gid=GA1.2.584804444.1574093387"
107.77.204.101 - - [18/Nov/2019:17:10:04 +0100] "GET /wp-content/uploads/2018/05/cat-3164-21-100x100.jpg HTTP/1.1" 200 3059 "https://amazingsportwear.com/producto/mochila-tipo-saco-cat-3164/" "Mozilla/5.0 (iPhone; CPU iPhone OS 13_2_2 like Mac OS X) AppleWebKit/605.1.15 (KHTML, like Gecko) Version/13.0.3 Mobile/15E148 Safari/604.1" "_ga=GA1.2.589707432.1574093387; _gat_gtag_UA_91619287_1=1; _gid=GA1.2.584804444.1574093387"
107.77.204.101 - - [18/Nov/2019:17:10:04 +0100] "GET /wp-content/uploads/2018/05/cat-3164-19-100x100.jpg HTTP/1.1" 200 19910 "https://amazingsportwear.com/producto/mochila-tipo-saco-cat-3164/" "Mozilla/5.0 (iPhone; CPU iPhone OS 13_2_2 like Mac OS X) AppleWebKit/605.1.15 (KHTML, like Gecko) Version/13.0.3 Mobile/15E148 Safari/604.1" "_ga=GA1.2.589707432.1574093387; _gat_gtag_UA_91619287_1=1; _gid=GA1.2.584804444.1574093387"
107.77.204.101 - - [18/Nov/2019:17:10:04 +0100] "GET /wp-content/uploads/2018/05/cat-3164-01-100x100.jpg HTTP/1.1" 200 7693 "https://amazingsportwear.com/producto/mochila-tipo-saco-cat-3164/" "Mozilla/5.0 (iPhone; CPU iPhone OS 13_2_2 like Mac OS X) AppleWebKit/605.1.15 (KHTML, like Gecko) Version/13.0.3 Mobile/15E148 Safari/604.1" "_ga=GA1.2.589707432.1574093387; _gat_gtag_UA_91619287_1=1; _gid=GA1.2.584804444.1574093387"
107.77.204.101 - - [18/Nov/2019:17:10:05 +0100] "GET /wp-content/uploads/2018/05/cat-3164-07-100x100.jpg HTTP/1.1" 200 19063 "https://amazingsportwear.com/producto/mochila-tipo-saco-cat-3164/" "Mozilla/5.0 (iPhone; CPU iPhone OS 13_2_2 like Mac OS X) AppleWebKit/605.1.15 (KHTML, like Gecko) Version/13.0.3 Mobile/15E148 Safari/604.1" "_ga=GA1.2.589707432.1574093387; _gat_gtag_UA_91619287_1=1; _gid=GA1.2.584804444.1574093387"
107.77.204.101 - - [18/Nov/2019:17:10:05 +0100] "GET /wp-content/uploads/2018/05/cat-3164-02-100x100.jpg HTTP/1.1" 200 18413 "https://amazingsportwear.com/producto/mochila-tipo-saco-cat-3164/" "Mozilla/5.0 (iPhone; CPU iPhone OS 13_2_2 like Mac OS X) AppleWebKit/605.1.15 (KHTML, like Gecko) Version/13.0.3 Mobile/15E148 Safari/604.1" "_ga=GA1.2.589707432.1574093387; _gat_gtag_UA_91619287_1=1; _gid=GA1.2.584804444.1574093387"
107.77.204.101 - - [18/Nov/2019:17:10:06 +0100] "GET /wp-content/uploads/2018/05/cat-3164-03-100x100.jpg HTTP/1.1" 200 19238 "https://amazingsportwear.com/producto/mochila-tipo-saco-cat-3164/" "Mozilla/5.0 (iPhone; CPU iPhone OS 13_2_2 like Mac OS X) AppleWebKit/605.1.15 (KHTML, like Gecko) Version/13.0.3 Mobile/15E148 Safari/604.1" "_ga=GA1.2.589707432.1574093387; _gat_gtag_UA_91619287_1=1; _gid=GA1.2.584804444.1574093387"
107.77.204.101 - - [18/Nov/2019:17:10:06 +0100] "GET /wp-content/uploads/2018/05/cat-3164-22-100x100.jpg HTTP/1.1" 200 2974 "https://amazingsportwear.com/producto/mochila-tipo-saco-cat-3164/" "Mozilla/5.0 (iPhone; CPU iPhone OS 13_2_2 like Mac OS X) AppleWebKit/605.1.15 (KHTML, like Gecko) Version/13.0.3 Mobile/15E148 Safari/604.1" "_ga=GA1.2.589707432.1574093387; _gat_gtag_UA_91619287_1=1; _gid=GA1.2.584804444.1574093387"
107.77.204.101 - - [18/Nov/2019:17:10:06 +0100] "GET /wp-content/uploads/2018/05/cat-3164-06-100x100.jpg HTTP/1.1" 200 3053 "https://amazingsportwear.com/producto/mochila-tipo-saco-cat-3164/" "Mozilla/5.0 (iPhone; CPU iPhone OS 13_2_2 like Mac OS X) AppleWebKit/605.1.15 (KHTML, like Gecko) Version/13.0.3 Mobile/15E148 Safari/604.1" "_ga=GA1.2.589707432.1574093387; _gat_gtag_UA_91619287_1=1; _gid=GA1.2.584804444.1574093387"
107.77.204.101 - - [18/Nov/2019:17:10:06 +0100] "GET /wp-content/uploads/2018/05/cat-3164-11-100x100.jpg HTTP/1.1" 200 20188 "https://amazingsportwear.com/producto/mochila-tipo-saco-cat-3164/" "Mozilla/5.0 (iPhone; CPU iPhone OS 13_2_2 like Mac OS X) AppleWebKit/605.1.15 (KHTML, like Gecko) Version/13.0.3 Mobile/15E148 Safari/604.1" "_ga=GA1.2.589707432.1574093387; _gat_gtag_UA_91619287_1=1; _gid=GA1.2.584804444.1574093387"
107.77.204.101 - - [18/Nov/2019:17:10:06 +0100] "GET /wp-content/uploads/2018/05/cat-3164-279-100x100.jpg HTTP/1.1" 200 2988 "https://amazingsportwear.com/producto/mochila-tipo-saco-cat-3164/" "Mozilla/5.0 (iPhone; CPU iPhone OS 13_2_2 like Mac OS X) AppleWebKit/605.1.15 (KHTML, like Gecko) Version/13.0.3 Mobile/15E148 Safari/604.1" "_ga=GA1.2.589707432.1574093387; _gat_gtag_UA_91619287_1=1; _gid=GA1.2.584804444.1574093387"
107.77.204.101 - - [18/Nov/2019:17:10:06 +0100] "GET /wp-content/uploads/2018/05/cat-3164-04-100x100.jpg HTTP/1.1" 200 18799 "https://amazingsportwear.com/producto/mochila-tipo-saco-cat-3164/" "Mozilla/5.0 (iPhone; CPU iPhone OS 13_2_2 like Mac OS X) AppleWebKit/605.1.15 (KHTML, like Gecko) Version/13.0.3 Mobile/15E148 Safari/604.1" "_ga=GA1.2.589707432.1574093387; _gat_gtag_UA_91619287_1=1; _gid=GA1.2.584804444.1574093387"
107.77.204.101 - - [18/Nov/2019:17:10:08 +0100] "GET /wp-content/uploads/2019/05/cropped-favicon-nuevo-logo-amazinf-128px-192x192.png HTTP/1.1" 200 14048 "https://amazingsportwear.com/producto/mochila-tipo-saco-cat-3164/" "Mozilla/5.0 (iPhone; CPU iPhone OS 13_2_2 like Mac OS X) AppleWebKit/605.1.15 (KHTML, like Gecko) Version/13.0.3 Mobile/15E148 Safari/604.1" "wpfront-notification-bar-landingpage=1; _ga=GA1.2.589707432.1574093387; _gat_gtag_UA_91619287_1=1; _gid=GA1.2.584804444.1574093387"
107.77.204.101 - - [18/Nov/2019:17:10:09 +0100] "GET /wp-content/uploads/2019/05/cropped-favicon-nuevo-logo-amazinf-128px-32x32.png HTTP/1.1" 200 1362 "https://amazingsportwear.com/producto/mochila-tipo-saco-cat-3164/" "Mozilla/5.0 (iPhone; CPU iPhone OS 13_2_2 like Mac OS X) AppleWebKit/605.1.15 (KHTML, like Gecko) Version/13.0.3 Mobile/15E148 Safari/604.1" "wpfront-notification-bar-landingpage=1; _ga=GA1.2.589707432.1574093387; _gat_gtag_UA_91619287_1=1; _gid=GA1.2.584804444.1574093387"
217.76.130.90 - - [18/Nov/2019:17:12:06 +0100] "POST /wp-cron.php?doing_wp_cron=1574093526.8020029067993164062500 HTTP/1.1" 200 3389 "https://amazingsportwear.com/wp-cron.php?doing_wp_cron=1574093526.8020029067993164062500" "WordPress/5.2.4; https://amazingsportwear.com" "-"
17.58.96.188 - - [18/Nov/2019:17:12:05 +0100] "GET /categoria-producto/deportes/ HTTP/1.1" 200 74109 "-" "Mozilla/5.0 (Macintosh; Intel Mac OS X 10_10_1) AppleWebKit/600.2.5 (KHTML, like Gecko) Version/8.0.2 Safari/600.2.5 (Applebot/0.1; +http://www.apple.com/go/applebot)" "-"
186.178.18.195 - - [18/Nov/2019:17:13:40 +0100] "GET /wp-content/uploads/2019/04/gorra-five-3.png HTTP/1.1" 200 84607 "https://www.google.com/" "Mozilla/5.0 (Linux; Android 8.0.0; WAS-LX3) AppleWebKit/537.36 (KHTML, like Gecko) Chrome/78.0.3904.96 Mobile Safari/537.36" "-"
217.76.130.90 - - [18/Nov/2019:17:16:46 +0100] "POST /wp-cron.php?doing_wp_cron=1574093806.4790918827056884765625 HTTP/1.1" 200 3389 "https://amazingsportwear.com/wp-cron.php?doing_wp_cron=1574093806.4790918827056884765625" "WordPress/5.2.4; https://amazingsportwear.com" "-"
207.46.13.210 - - [18/Nov/2019:17:16:45 +0100] "GET /aviso-legal/ HTTP/1.1" 200 58792 "-" "Mozilla/5.0 (compatible; bingbot/2.0; +http://www.bing.com/bingbot.htm)" "-"
217.76.130.90 - - [18/Nov/2019:17:20:01 +0100] "POST /wp-cron.php?doing_wp_cron=1574094001.3288769721984863281250 HTTP/1.1" 200 3389 "https://amazingsportwear.com/wp-cron.php?doing_wp_cron=1574094001.3288769721984863281250" "WordPress/5.2.4; https://amazingsportwear.com" "-"
157.55.39.247 - - [18/Nov/2019:17:20:00 +0100] "GET /tienda/241-polo-tecnico-game-slazenger-mujer-pf-33109.html HTTP/1.1" 404 72366 "-" "Mozilla/5.0 (compatible; bingbot/2.0; +http://www.bing.com/bingbot.htm)" "-"
85.192.81.130 - - [18/Nov/2019:17:25:44 +0100] "GET /wp-content/uploads/2019/04/Llavero-metalico-futbol-3.png HTTP/1.1" 200 46821 "https://www.google.com/" "Mozilla/5.0 (Windows NT 6.1) AppleWebKit/537.36 (KHTML, like Gecko) Chrome/78.0.3904.97 Safari/537.36" "-"
179.7.49.157 - - [18/Nov/2019:17:26:46 +0100] "GET /wp-content/uploads/2019/04/Llavero-metalico-futbol-3.png HTTP/1.1" 200 46821 "https://www.google.com/" "Mozilla/5.0 (Linux; Android 9; SM-A805F) AppleWebKit/537.36 (KHTML, like Gecko) Chrome/78.0.3904.96 Mobile Safari/537.36" "-"
217.76.130.90 - - [18/Nov/2019:17:40:52 +0100] "POST /wp-cron.php?doing_wp_cron=1574095252.9658350944519042968750 HTTP/1.1" 200 3389 "https://amazingsportwear.com/wp-cron.php?doing_wp_cron=1574095252.9658350944519042968750" "WordPress/5.2.4; https://amazingsportwear.com" "-"
66.249.66.68 - - [18/Nov/2019:17:40:49 +0100] "GET /robots.txt HTTP/1.1" 200 3939 "-" "Mozilla/5.0 (compatible; Googlebot/2.1; +http://www.google.com/bot.html)" "-"
66.249.66.68 - - [18/Nov/2019:17:40:53 +0100] "POST /?wc-ajax=get_refreshed_fragments HTTP/1.1" 200 1397 "https://amazingsportwear.com/etiqueta-producto/camiseta-rebel/" "Mozilla/5.0 (Linux; Android 6.0.1; Nexus 5X Build/MMB29P) AppleWebKit/537.36 (KHTML, like Gecko) Chrome/41.0.2272.96 Mobile Safari/537.36 (compatible; Googlebot/2.1; +http://www.google.com/bot.html)" "_ga=GA1.2.1884029788.1569110400; _gid=GA1.2.969013651.1569110400; _gat_gtag_UA_91619287_1=1"
190.232.143.72 - - [18/Nov/2019:17:44:10 +0100] "GET /wp-content/uploads/2019/04/Gorra-sport-10.png HTTP/1.1" 200 60426 "https://www.google.com/" "Mozilla/5.0 (Windows NT 6.1; Win64; x64) AppleWebKit/537.36 (KHTML, like Gecko) Chrome/78.0.3904.97 Safari/537.36" "-"
217.76.130.90 - - [18/Nov/2019:17:48:03 +0100] "POST /wp-cron.php?doing_wp_cron=1574095683.3532850742340087890625 HTTP/1.1" 200 3389 "https://amazingsportwear.com/wp-cron.php?doing_wp_cron=1574095683.3532850742340087890625" "WordPress/5.2.4; https://amazingsportwear.com" "-"
157.55.39.247 - - [18/Nov/2019:17:48:02 +0100] "GET /producto/soporte-monedero-donic/ HTTP/1.1" 200 99441 "-" "Mozilla/5.0 (compatible; bingbot/2.0; +http://www.bing.com/bingbot.htm)" "-"
157.55.39.247 - - [18/Nov/2019:17:48:04 +0100] "GET /producto/camiseta-tecnica-maurice/ HTTP/1.1" 200 99842 "-" "Mozilla/5.0 (compatible; bingbot/2.0; +http://www.bing.com/bingbot.htm)" "-"
157.55.39.205 - - [18/Nov/2019:17:48:07 +0100] "GET /producto/parche-termico-pikur/ HTTP/1.1" 200 98463 "-" "Mozilla/5.0 (compatible; bingbot/2.0; +http://www.bing.com/bingbot.htm)" "-"
157.55.39.46 - - [18/Nov/2019:17:48:12 +0100] "GET /producto/linterna-biddick/ HTTP/1.1" 200 96397 "-" "Mozilla/5.0 (compatible; bingbot/2.0; +http://www.bing.com/bingbot.htm)" "-"
157.55.39.46 - - [18/Nov/2019:17:48:13 +0100] "GET /producto/sudadera-capucha/ HTTP/1.1" 200 98069 "-" "Mozilla/5.0 (compatible; bingbot/2.0; +http://www.bing.com/bingbot.htm)" "-"
66.249.66.70 - - [18/Nov/2019:17:48:30 +0100] "GET /producto/falda-tecnica-padel-tenis/ HTTP/1.1" 200 96727 "-" "Mozilla/5.0 (Linux; Android 6.0.1; Nexus 5X Build/MMB29P) AppleWebKit/537.36 (KHTML, like Gecko) Chrome/41.0.2272.96 Mobile Safari/537.36 (compatible; Googlebot/2.1; +http://www.google.com/bot.html)" "-"
200.119.46.194 - - [18/Nov/2019:17:56:48 +0100] "GET /wp-content/uploads/2019/04/gorra-lorenz-4.png HTTP/1.1" 200 77974 "https://www.google.com/" "Mozilla/5.0 (Windows NT 10.0; Win64; x64) AppleWebKit/537.36 (KHTML, like Gecko) Chrome/78.0.3904.97 Safari/537.36" "-"
217.76.130.90 - - [18/Nov/2019:17:59:46 +0100] "POST /wp-cron.php?doing_wp_cron=1574096386.8927628993988037109375 HTTP/1.1" 200 3389 "https://amazingsportwear.com/wp-cron.php?doing_wp_cron=1574096386.8927628993988037109375" "WordPress/5.2.4; https://amazingsportwear.com" "-"
157.55.39.205 - - [18/Nov/2019:17:59:45 +0100] "GET /producto/gorra-tecnica-2/ HTTP/1.1" 200 95678 "-" "Mozilla/5.0 (compatible; bingbot/2.0; +http://www.bing.com/bingbot.htm)" "-"
152.0.106.108 - - [18/Nov/2019:18:00:17 +0100] "GET /wp-content/uploads/2019/04/Gorra-sport-6.png HTTP/1.1" 200 44623 "https://www.google.com/" "Mozilla/5.0 (Windows NT 10.0; Win64; x64) AppleWebKit/537.36 (KHTML, like Gecko) Chrome/78.0.3904.97 Safari/537.36" "-"
152.0.106.108 - - [18/Nov/2019:18:03:06 +0100] "GET /wp-content/uploads/2019/04/Gorra-sport-10.png HTTP/1.1" 200 57201 "https://www.google.com/" "Mozilla/5.0 (Windows NT 10.0; Win64; x64) AppleWebKit/537.36 (KHTML, like Gecko) Chrome/78.0.3904.97 Safari/537.36" "-"
217.76.130.90 - - [18/Nov/2019:18:06:40 +0100] "POST /wp-cron.php?doing_wp_cron=1574096800.5462191104888916015625 HTTP/1.1" 200 3389 "https://amazingsportwear.com/wp-cron.php?doing_wp_cron=1574096800.5462191104888916015625" "WordPress/5.2.4; https://amazingsportwear.com" "-"
66.249.66.66 - - [18/Nov/2019:18:06:39 +0100] "GET /etiqueta-producto/camiseta-tecnica-combi/ HTTP/1.1" 200 54248 "-" "Mozilla/5.0 (Linux; Android 6.0.1; Nexus 5X Build/MMB29P) AppleWebKit/537.36 (KHTML, like Gecko) Chrome/41.0.2272.96 Mobile Safari/537.36 (compatible; Googlebot/2.1; +http://www.google.com/bot.html)" "-"
217.76.130.90 - - [18/Nov/2019:18:11:43 +0100] "POST /wp-cron.php?doing_wp_cron=1574097103.5849440097808837890625 HTTP/1.1" 200 164 "http://amazingsportwear.com/wp-cron.php?doing_wp_cron=1574097103.5849440097808837890625" "WordPress/5.2.4; https://amazingsportwear.com" "-"
23.239.180.201 - - [18/Nov/2019:18:11:42 +0100] "GET / HTTP/1.1" 301 336 "-" "Mozilla/5.0 (Windows NT 6.1; WOW64; rv:27.0) Gecko/20100101 Firefox/27.0" "-"
217.76.130.90 - - [18/Nov/2019:18:17:20 +0100] "POST /wp-cron.php?doing_wp_cron=1574097440.7737519741058349609375 HTTP/1.1" 200 3389 "https://amazingsportwear.com/wp-cron.php?doing_wp_cron=1574097440.7737519741058349609375" "WordPress/5.2.4; https://amazingsportwear.com" "-"
137.226.113.27 - - [18/Nov/2019:18:17:20 +0100] "GET / HTTP/1.1" 301 3523 "-" "Mozilla/5.0 zgrab/0.x (compatible; Researchscan/t12ca; +http://researchscan.comsys.rwth-aachen.de)" "-"
217.76.130.90 - - [18/Nov/2019:18:22:14 +0100] "POST /wp-cron.php?doing_wp_cron=1574097733.9639708995819091796875 HTTP/1.1" 200 3389 "https://amazingsportwear.com/wp-cron.php?doing_wp_cron=1574097733.9639708995819091796875" "WordPress/5.2.4; https://amazingsportwear.com" "-"
157.55.39.46 - - [18/Nov/2019:18:22:13 +0100] "GET /futbol/75-camiseta-portero-futbol-manga-larga.html HTTP/1.1" 404 72320 "-" "Mozilla/5.0 (compatible; bingbot/2.0; +http://www.bing.com/bingbot.htm)" "-"
217.76.130.90 - - [18/Nov/2019:18:23:05 +0100] "POST /wp-cron.php?doing_wp_cron=1574097785.5210590362548828125000 HTTP/1.1" 200 164 "http://amazingsportwear.com/wp-cron.php?doing_wp_cron=1574097785.5210590362548828125000" "WordPress/5.2.4; https://amazingsportwear.com" "-"
104.222.33.119 - - [18/Nov/2019:18:23:04 +0100] "GET / HTTP/1.1" 301 336 "-" "Mozilla/5.0 (Windows NT 6.1; WOW64; rv:27.0) Gecko/20100101 Firefox/27.0" "-"
181.199.33.251 - - [18/Nov/2019:18:23:43 +0100] "GET /wp-content/uploads/2019/04/SA-1070-2.png HTTP/1.1" 200 175956 "https://www.google.com/" "Mozilla/5.0 (Windows NT 10.0; Win64; x64) AppleWebKit/537.36 (KHTML, like Gecko) Chrome/78.0.3904.97 Safari/537.36" "-"
190.41.254.126 - - [18/Nov/2019:18:27:35 +0100] "GET /wp-content/uploads/2019/04/mochila-blades-7.png HTTP/1.1" 200 130325 "https://www.google.com/" "Mozilla/5.0 (Windows NT 6.1) AppleWebKit/537.36 (KHTML, like Gecko) Chrome/78.0.3904.97 Safari/537.36" "-"
217.76.130.90 - - [18/Nov/2019:18:31:04 +0100] "POST /wp-cron.php?doing_wp_cron=1574098264.1587090492248535156250 HTTP/1.1" 200 164 "http://amazingsportwear.com/wp-cron.php?doing_wp_cron=1574098264.1587090492248535156250" "WordPress/5.2.4; https://amazingsportwear.com" "-"
51.77.246.199 - - [18/Nov/2019:18:31:03 +0100] "GET / HTTP/1.1" 301 336 "-" "Mozilla/5.0 (compatible; Dataprovider.com)" "-"
51.77.246.199 - - [18/Nov/2019:18:31:04 +0100] "GET / HTTP/1.1" 200 125802 "-" "Mozilla/5.0 (compatible; Dataprovider.com)" "-"
51.77.246.199 - - [18/Nov/2019:18:31:07 +0100] "GET /wp-content/plugins/wpfront-notification-bar/css/wpfront-notification-bar.css?ver=1.7.1 HTTP/1.1" 200 3801 "https://amazingsportwear.com/" "Mozilla/5.0 (compatible; Dataprovider.com)" "wpfront-notification-bar-landingpage=1"
51.77.246.199 - - [18/Nov/2019:18:31:07 +0100] "GET /wp-content/plugins/cookie-law-info/public/css/cookie-law-info-public.css?ver=1.7.6 HTTP/1.1" 200 3373 "https://amazingsportwear.com/" "Mozilla/5.0 (compatible; Dataprovider.com)" "wpfront-notification-bar-landingpage=1"
51.77.246.199 - - [18/Nov/2019:18:31:07 +0100] "GET /wp-content/plugins/cookie-law-info/public/css/cookie-law-info-gdpr.css?ver=1.7.6 HTTP/1.1" 200 12445 "https://amazingsportwear.com/" "Mozilla/5.0 (compatible; Dataprovider.com)" "wpfront-notification-bar-landingpage=1"
51.77.246.199 - - [18/Nov/2019:18:31:07 +0100] "GET /wp-includes/css/dist/block-library/style.min.css?ver=5.2.4 HTTP/1.1" 200 29798 "https://amazingsportwear.com/" "Mozilla/5.0 (compatible; Dataprovider.com)" "wpfront-notification-bar-landingpage=1"
51.77.246.199 - - [18/Nov/2019:18:31:07 +0100] "GET /wp-content/plugins/woocommerce/assets/css/blocks/style.css?ver=3.6.4 HTTP/1.1" 200 6835 "https://amazingsportwear.com/" "Mozilla/5.0 (compatible; Dataprovider.com)" "wpfront-notification-bar-landingpage=1"
51.77.246.199 - - [18/Nov/2019:18:31:07 +0100] "GET /wp-content/plugins/simple-social-icons/css/style.css?ver=3.0.1 HTTP/1.1" 200 1562 "https://amazingsportwear.com/" "Mozilla/5.0 (compatible; Dataprovider.com)" "wpfront-notification-bar-landingpage=1"
51.77.246.199 - - [18/Nov/2019:18:31:07 +0100] "GET /wp-includes/js/wp-emoji-release.min.js?ver=5.2.4 HTTP/1.1" 200 14183 "https://amazingsportwear.com/" "Mozilla/5.0 (compatible; Dataprovider.com)" "wpfront-notification-bar-landingpage=1"
51.77.246.199 - - [18/Nov/2019:18:31:07 +0100] "GET /wp-content/themes/shopper/style.css?ver=1.3.8 HTTP/1.1" 200 125453 "https://amazingsportwear.com/" "Mozilla/5.0 (compatible; Dataprovider.com)" "wpfront-notification-bar-landingpage=1"
51.77.246.199 - - [18/Nov/2019:18:31:07 +0100] "GET /wp-content/plugins/elementor/assets/lib/eicons/css/elementor-icons.min.css?ver=4.3.0 HTTP/1.1" 200 11850 "https://amazingsportwear.com/" "Mozilla/5.0 (compatible; Dataprovider.com)" "wpfront-notification-bar-landingpage=1"
51.77.246.199 - - [18/Nov/2019:18:31:07 +0100] "GET /wp-content/plugins/elementor/assets/lib/font-awesome/css/font-awesome.min.css?ver=4.7.0 HTTP/1.1" 200 31365 "https://amazingsportwear.com/" "Mozilla/5.0 (compatible; Dataprovider.com)" "wpfront-notification-bar-landingpage=1"
51.77.246.199 - - [18/Nov/2019:18:31:07 +0100] "GET /wp-content/plugins/elementor/assets/lib/animations/animations.min.css?ver=2.5.16 HTTP/1.1" 200 18833 "https://amazingsportwear.com/" "Mozilla/5.0 (compatible; Dataprovider.com)" "wpfront-notification-bar-landingpage=1"
51.77.246.199 - - [18/Nov/2019:18:31:07 +0100] "GET /wp-content/plugins/elementor/assets/css/frontend.min.css?ver=2.5.16 HTTP/1.1" 200 95366 "https://amazingsportwear.com/" "Mozilla/5.0 (compatible; Dataprovider.com)" "wpfront-notification-bar-landingpage=1"
51.77.246.199 - - [18/Nov/2019:18:31:07 +0100] "GET /wp-content/uploads/elementor/css/global.css?ver=1559638744 HTTP/1.1" 200 5136 "https://amazingsportwear.com/" "Mozilla/5.0 (compatible; Dataprovider.com)" "wpfront-notification-bar-landingpage=1"
51.77.246.199 - - [18/Nov/2019:18:31:07 +0100] "GET /wp-content/uploads/elementor/css/post-16241.css?ver=1562311573 HTTP/1.1" 200 4934 "https://amazingsportwear.com/" "Mozilla/5.0 (compatible; Dataprovider.com)" "wpfront-notification-bar-landingpage=1"
51.77.246.199 - - [18/Nov/2019:18:31:07 +0100] "GET /wp-content/themes/shopper/assets/sass/woocommerce/woocommerce.css?ver=5.2.4 HTTP/1.1" 200 83534 "https://amazingsportwear.com/" "Mozilla/5.0 (compatible; Dataprovider.com)" "wpfront-notification-bar-landingpage=1"
51.77.246.199 - - [18/Nov/2019:18:31:07 +0100] "GET /wp-content/plugins/smart-slider-3/library/media/smartslider.min.css?1559118093 HTTP/1.1" 200 19959 "https://amazingsportwear.com/" "Mozilla/5.0 (compatible; Dataprovider.com)" "wpfront-notification-bar-landingpage=1"
51.77.246.199 - - [18/Nov/2019:18:31:07 +0100] "GET /wp-content/plugins/cookie-law-info/public/js/cookie-law-info-public.js?ver=1.7.6 HTTP/1.1" 200 17076 "https://amazingsportwear.com/" "Mozilla/5.0 (compatible; Dataprovider.com)" "wpfront-notification-bar-landingpage=1"
51.77.246.199 - - [18/Nov/2019:18:31:07 +0100] "GET /wp-includes/js/jquery/jquery.js?ver=1.12.4-wp HTTP/1.1" 200 97362 "https://amazingsportwear.com/" "Mozilla/5.0 (compatible; Dataprovider.com)" "wpfront-notification-bar-landingpage=1"
51.77.246.199 - - [18/Nov/2019:18:31:07 +0100] "GET /wp-includes/js/jquery/jquery-migrate.min.js?ver=1.4.1 HTTP/1.1" 200 10399 "https://amazingsportwear.com/" "Mozilla/5.0 (compatible; Dataprovider.com)" "wpfront-notification-bar-landingpage=1"
51.77.246.199 - - [18/Nov/2019:18:31:07 +0100] "GET /wp-content/plugins/simple-social-icons/svgxuse.js?ver=1.1.21 HTTP/1.1" 200 9580 "https://amazingsportwear.com/" "Mozilla/5.0 (compatible; Dataprovider.com)" "wpfront-notification-bar-landingpage=1"
51.77.246.199 - - [18/Nov/2019:18:31:07 +0100] "GET /wp-content/plugins/wpfront-notification-bar/jquery-plugins/jquery.c.js?ver=1.4.0 HTTP/1.1" 200 3437 "https://amazingsportwear.com/" "Mozilla/5.0 (compatible; Dataprovider.com)" "wpfront-notification-bar-landingpage=1"
51.77.246.199 - - [18/Nov/2019:18:31:07 +0100] "GET /wp-content/plugins/wpfront-notification-bar/js/wpfront-notification-bar.js?ver=1.7.1 HTTP/1.1" 200 5662 "https://amazingsportwear.com/" "Mozilla/5.0 (compatible; Dataprovider.com)" "wpfront-notification-bar-landingpage=1"
51.77.246.199 - - [18/Nov/2019:18:31:07 +0100] "GET /wp-content/plugins/smart-slider-3/nextend/media/dist/n2.min.js?1559118093 HTTP/1.1" 200 3836 "https://amazingsportwear.com/" "Mozilla/5.0 (compatible; Dataprovider.com)" "wpfront-notification-bar-landingpage=1"
51.77.246.199 - - [18/Nov/2019:18:31:07 +0100] "GET /wp-content/plugins/smart-slider-3/library/media/plugins/type/simple/simple/dist/smartslider-simple-type-frontend.min.js?1559118093 HTTP/1.1" 200 18973 "https://amazingsportwear.com/" "Mozilla/5.0 (compatible; Dataprovider.com)" "wpfront-notification-bar-landingpage=1"
51.77.246.199 - - [18/Nov/2019:18:31:07 +0100] "GET /wp-content/uploads/2019/05/cropped-asw-white.png HTTP/1.1" 200 7500 "https://amazingsportwear.com/" "Mozilla/5.0 (compatible; Dataprovider.com)" "wpfront-notification-bar-landingpage=1"
51.77.246.199 - - [18/Nov/2019:18:31:07 +0100] "GET /wp-content/plugins/smart-slider-3/nextend/media/dist/nextend-frontend.min.js?1559118093 HTTP/1.1" 200 86339 "https://amazingsportwear.com/" "Mozilla/5.0 (compatible; Dataprovider.com)" "wpfront-notification-bar-landingpage=1"
51.77.246.199 - - [18/Nov/2019:18:31:07 +0100] "GET /wp-content/plugins/smart-slider-3/library/media/dist/smartslider-frontend.min.js?1559118093 HTTP/1.1" 200 127293 "https://amazingsportwear.com/" "Mozilla/5.0 (compatible; Dataprovider.com)" "wpfront-notification-bar-landingpage=1"
51.77.246.199 - - [18/Nov/2019:18:31:07 +0100] "GET /wp-content/plugins/woocommerce/assets/js/jquery-blockui/jquery.blockUI.min.js?ver=2.70 HTTP/1.1" 200 9908 "https://amazingsportwear.com/" "Mozilla/5.0 (compatible; Dataprovider.com)" "wpfront-notification-bar-landingpage=1"
51.77.246.199 - - [18/Nov/2019:18:31:07 +0100] "GET /wp-content/themes/shopper/assets/js/crm.js?ver=1561548510 HTTP/1.1" 200 874 "https://amazingsportwear.com/" "Mozilla/5.0 (compatible; Dataprovider.com)" "wpfront-notification-bar-landingpage=1"
51.77.246.199 - - [18/Nov/2019:18:31:07 +0100] "GET /wp-content/plugins/woocommerce/assets/js/js-cookie/js.cookie.min.js?ver=2.1.4 HTTP/1.1" 200 2187 "https://amazingsportwear.com/" "Mozilla/5.0 (compatible; Dataprovider.com)" "wpfront-notification-bar-landingpage=1"
51.77.246.199 - - [18/Nov/2019:18:31:07 +0100] "GET /wp-content/plugins/woocommerce/assets/js/frontend/add-to-cart.min.js?ver=3.6.4 HTTP/1.1" 200 2983 "https://amazingsportwear.com/" "Mozilla/5.0 (compatible; Dataprovider.com)" "wpfront-notification-bar-landingpage=1"
51.77.246.199 - - [18/Nov/2019:18:31:07 +0100] "GET /wp-content/plugins/woocommerce/assets/js/frontend/woocommerce.min.js?ver=3.6.4 HTTP/1.1" 200 1813 "https://amazingsportwear.com/" "Mozilla/5.0 (compatible; Dataprovider.com)" "wpfront-notification-bar-landingpage=1"
51.77.246.199 - - [18/Nov/2019:18:31:07 +0100] "GET /wp-content/plugins/woocommerce/assets/js/frontend/cart-fragments.min.js?ver=3.6.4 HTTP/1.1" 200 3281 "https://amazingsportwear.com/" "Mozilla/5.0 (compatible; Dataprovider.com)" "wpfront-notification-bar-landingpage=1"
51.77.246.199 - - [18/Nov/2019:18:31:07 +0100] "GET /wp-content/themes/shopper/assets/js/shopper.min.js?ver=1.3.8 HTTP/1.1" 200 5994 "https://amazingsportwear.com/" "Mozilla/5.0 (compatible; Dataprovider.com)" "wpfront-notification-bar-landingpage=1"
51.77.246.199 - - [18/Nov/2019:18:31:07 +0100] "GET /wp-content/themes/shopper/assets/js/skip-link-focus-fix.js?ver=1.3.8 HTTP/1.1" 200 1023 "https://amazingsportwear.com/" "Mozilla/5.0 (compatible; Dataprovider.com)" "wpfront-notification-bar-landingpage=1"
51.77.246.199 - - [18/Nov/2019:18:31:07 +0100] "GET /wp-content/themes/shopper/assets/js/woocommerce/header-cart.min.js?ver=1.3.8 HTTP/1.1" 200 972 "https://amazingsportwear.com/" "Mozilla/5.0 (compatible; Dataprovider.com)" "wpfront-notification-bar-landingpage=1"
51.77.246.199 - - [18/Nov/2019:18:31:07 +0100] "GET /wp-includes/js/wp-embed.min.js?ver=5.2.4 HTTP/1.1" 200 1744 "https://amazingsportwear.com/" "Mozilla/5.0 (compatible; Dataprovider.com)" "wpfront-notification-bar-landingpage=1"
51.77.246.199 - - [18/Nov/2019:18:31:07 +0100] "GET /wp-content/plugins/elementor/assets/lib/slick/slick.min.js?ver=1.8.1 HTTP/1.1" 200 43264 "https://amazingsportwear.com/" "Mozilla/5.0 (compatible; Dataprovider.com)" "wpfront-notification-bar-landingpage=1"
51.77.246.199 - - [18/Nov/2019:18:31:07 +0100] "GET /wp-content/plugins/elementor/assets/lib/dialog/dialog.min.js?ver=4.7.1 HTTP/1.1" 200 10911 "https://amazingsportwear.com/" "Mozilla/5.0 (compatible; Dataprovider.com)" "wpfront-notification-bar-landingpage=1"
51.77.246.199 - - [18/Nov/2019:18:31:07 +0100] "GET /wp-content/plugins/elementor/assets/js/frontend-modules.min.js?ver=2.5.16 HTTP/1.1" 200 11486 "https://amazingsportwear.com/" "Mozilla/5.0 (compatible; Dataprovider.com)" "wpfront-notification-bar-landingpage=1"
51.77.246.199 - - [18/Nov/2019:18:31:07 +0100] "GET /wp-content/plugins/elementor/assets/lib/waypoints/waypoints.min.js?ver=4.0.2 HTTP/1.1" 200 12541 "https://amazingsportwear.com/" "Mozilla/5.0 (compatible; Dataprovider.com)" "wpfront-notification-bar-landingpage=1"
51.77.246.199 - - [18/Nov/2019:18:31:07 +0100] "GET /wp-content/plugins/elementor/assets/lib/swiper/swiper.min.js?ver=4.4.6 HTTP/1.1" 200 126126 "https://amazingsportwear.com/" "Mozilla/5.0 (compatible; Dataprovider.com)" "wpfront-notification-bar-landingpage=1"
51.77.246.199 - - [18/Nov/2019:18:31:07 +0100] "GET /wp-includes/js/jquery/ui/position.min.js?ver=1.11.4 HTTP/1.1" 200 6869 "https://amazingsportwear.com/" "Mozilla/5.0 (compatible; Dataprovider.com)" "wpfront-notification-bar-landingpage=1"
51.77.246.199 - - [18/Nov/2019:18:31:07 +0100] "GET /wp-content/plugins/elementor/assets/js/frontend.min.js?ver=2.5.16 HTTP/1.1" 200 41341 "https://amazingsportwear.com/" "Mozilla/5.0 (compatible; Dataprovider.com)" "wpfront-notification-bar-landingpage=1"
51.77.246.199 - - [18/Nov/2019:18:31:07 +0100] "GET /wp-includes/js/jquery/ui/core.min.js?ver=1.11.4 HTTP/1.1" 200 4341 "https://amazingsportwear.com/" "Mozilla/5.0 (compatible; Dataprovider.com)" "wpfront-notification-bar-landingpage=1"
51.77.246.199 - - [18/Nov/2019:18:31:07 +0100] "GET /wp-content/plugins/si-contact-form/includes/fscf-scripts.js?ver=179 HTTP/1.1" 200 1033 "https://amazingsportwear.com/" "Mozilla/5.0 (compatible; Dataprovider.com)" "wpfront-notification-bar-landingpage=1"
51.77.246.199 - - [18/Nov/2019:18:31:07 +0100] "GET /wp-content/uploads/2019/07/camiseta-tecnica-mujer-300x124.jpg HTTP/1.1" 200 17320 "https://amazingsportwear.com/" "Mozilla/5.0 (compatible; Dataprovider.com)" "wpfront-notification-bar-landingpage=1"
51.77.246.199 - - [18/Nov/2019:18:31:07 +0100] "GET /wp-content/uploads/2019/07/buff-bandana-300x123.jpg HTTP/1.1" 200 15859 "https://amazingsportwear.com/" "Mozilla/5.0 (compatible; Dataprovider.com)" "wpfront-notification-bar-landingpage=1"
51.77.246.199 - - [18/Nov/2019:18:31:07 +0100] "GET /wp-content/uploads/2019/07/mochila-saco-300x124.jpg HTTP/1.1" 200 16972 "https://amazingsportwear.com/" "Mozilla/5.0 (compatible; Dataprovider.com)" "wpfront-notification-bar-landingpage=1"
51.77.246.199 - - [18/Nov/2019:18:31:07 +0100] "GET /wp-content/uploads/2019/07/cortavientos-300x124.jpg HTTP/1.1" 200 17094 "https://amazingsportwear.com/" "Mozilla/5.0 (compatible; Dataprovider.com)" "wpfront-notification-bar-landingpage=1"
51.77.246.199 - - [18/Nov/2019:18:31:07 +0100] "GET /wp-content/uploads/2019/07/gorra-tecnica-300x124.jpg HTTP/1.1" 200 16844 "https://amazingsportwear.com/" "Mozilla/5.0 (compatible; Dataprovider.com)" "wpfront-notification-bar-landingpage=1"
51.77.246.199 - - [18/Nov/2019:18:31:07 +0100] "GET /wp-content/uploads/2019/07/camiseta-tecnica-unisex-300x124.jpg HTTP/1.1" 200 17090 "https://amazingsportwear.com/" "Mozilla/5.0 (compatible; Dataprovider.com)" "wpfront-notification-bar-landingpage=1"
51.77.246.199 - - [18/Nov/2019:18:31:07 +0100] "GET /wp-content/uploads/2019/07/carpa-1024x771.jpg HTTP/1.1" 200 89325 "https://amazingsportwear.com/" "Mozilla/5.0 (compatible; Dataprovider.com)" "wpfront-notification-bar-landingpage=1"
51.77.246.199 - - [18/Nov/2019:18:31:07 +0100] "GET /wp-content/uploads/2019/07/polo-tecnico-300x124.jpg HTTP/1.1" 200 17539 "https://amazingsportwear.com/" "Mozilla/5.0 (compatible; Dataprovider.com)" "wpfront-notification-bar-landingpage=1"
51.77.246.199 - - [18/Nov/2019:18:31:07 +0100] "GET /wp-content/uploads/2019/07/zapatillero-300x124.jpg HTTP/1.1" 200 16599 "https://amazingsportwear.com/" "Mozilla/5.0 (compatible; Dataprovider.com)" "wpfront-notification-bar-landingpage=1"
51.77.246.199 - - [18/Nov/2019:18:31:07 +0100] "GET /wp-content/uploads/2019/07/toalla-300x124.jpg HTTP/1.1" 200 16957 "https://amazingsportwear.com/" "Mozilla/5.0 (compatible; Dataprovider.com)" "wpfront-notification-bar-landingpage=1"
51.77.246.199 - - [18/Nov/2019:18:31:07 +0100] "GET /wp-content/uploads/2019/07/slider1.jpg HTTP/1.1" 200 244573 "https://amazingsportwear.com/" "Mozilla/5.0 (compatible; Dataprovider.com)" "wpfront-notification-bar-landingpage=1"
51.77.246.199 - - [18/Nov/2019:18:31:07 +0100] "GET /wp-content/uploads/2019/07/slider2.jpg HTTP/1.1" 200 250219 "https://amazingsportwear.com/" "Mozilla/5.0 (compatible; Dataprovider.com)" "wpfront-notification-bar-landingpage=1"
51.77.246.199 - - [18/Nov/2019:18:31:08 +0100] "GET /wp-content/plugins/elementor/assets/lib/font-awesome/fonts/fontawesome-webfont.woff2?v=4.7.0 HTTP/1.1" 200 77615 "https://amazingsportwear.com/wp-content/plugins/elementor/assets/lib/font-awesome/css/font-awesome.min.css?ver=4.7.0" "Mozilla/5.0 (compatible; Dataprovider.com)" "wpfront-notification-bar-landingpage=1"
51.77.246.199 - - [18/Nov/2019:18:31:08 +0100] "GET /wp-content/uploads/2019/04/toalla-absorvente-gymnasio-7-300x300.png HTTP/1.1" 200 78664 "https://amazingsportwear.com/" "Mozilla/5.0 (compatible; Dataprovider.com)" "wpfront-notification-bar-landingpage=1"
51.77.246.199 - - [18/Nov/2019:18:31:08 +0100] "GET /wp-content/uploads/2019/04/Gorra-sport-12-300x300.png HTTP/1.1" 200 49394 "https://amazingsportwear.com/" "Mozilla/5.0 (compatible; Dataprovider.com)" "wpfront-notification-bar-landingpage=1; _ga=GA1.2.1129180928.1574098268; _gid=GA1.2.292794747.1574098268"
51.77.246.199 - - [18/Nov/2019:18:31:08 +0100] "GET /wp-content/uploads/2019/07/slider3.jpg HTTP/1.1" 200 276981 "https://amazingsportwear.com/" "Mozilla/5.0 (compatible; Dataprovider.com)" "wpfront-notification-bar-landingpage=1"
51.77.246.199 - - [18/Nov/2019:18:31:08 +0100] "GET /wp-content/uploads/2019/04/mochila-decath-5-300x300.png HTTP/1.1" 200 64031 "https://amazingsportwear.com/" "Mozilla/5.0 (compatible; Dataprovider.com)" "wpfront-notification-bar-landingpage=1; _ga=GA1.2.1129180928.1574098268; _gid=GA1.2.292794747.1574098268; _gat_gtag_UA_91619287_1=1"
51.77.246.199 - - [18/Nov/2019:18:31:08 +0100] "GET /wp-content/uploads/2019/04/bolsa-deporte-young-1-300x300.png HTTP/1.1" 200 77335 "https://amazingsportwear.com/" "Mozilla/5.0 (compatible; Dataprovider.com)" "wpfront-notification-bar-landingpage=1; _ga=GA1.2.1129180928.1574098268; _gid=GA1.2.292794747.1574098268; _gat_gtag_UA_91619287_1=1"
51.77.246.199 - - [18/Nov/2019:18:31:08 +0100] "GET /wp-content/uploads/2019/04/bidon-match-4-300x300.png HTTP/1.1" 200 71820 "https://amazingsportwear.com/" "Mozilla/5.0 (compatible; Dataprovider.com)" "wpfront-notification-bar-landingpage=1; _ga=GA1.2.1129180928.1574098268; _gid=GA1.2.292794747.1574098268; _gat_gtag_UA_91619287_1=1"
51.77.246.199 - - [18/Nov/2019:18:31:08 +0100] "GET /wp-content/uploads/2018/06/sa-6502-naranja-300x300.jpg HTTP/1.1" 200 42656 "https://amazingsportwear.com/" "Mozilla/5.0 (compatible; Dataprovider.com)" "wpfront-notification-bar-landingpage=1; _ga=GA1.2.1129180928.1574098268; _gid=GA1.2.292794747.1574098268; _gat_gtag_UA_91619287_1=1"
51.77.246.199 - - [18/Nov/2019:18:31:08 +0100] "GET /wp-content/uploads/2018/05/cif-g221-2-300x300.jpg HTTP/1.1" 200 8294 "https://amazingsportwear.com/" "Mozilla/5.0 (compatible; Dataprovider.com)" "wpfront-notification-bar-landingpage=1; _ga=GA1.2.1129180928.1574098268; _gid=GA1.2.292794747.1574098268; _gat_gtag_UA_91619287_1=1"
51.77.246.199 - - [18/Nov/2019:18:31:08 +0100] "GET /wp-content/uploads/2019/04/Llavero-triumph-1-300x300.png HTTP/1.1" 200 12855 "https://amazingsportwear.com/" "Mozilla/5.0 (compatible; Dataprovider.com)" "wpfront-notification-bar-landingpage=1; _ga=GA1.2.1129180928.1574098268; _gid=GA1.2.292794747.1574098268; _gat_gtag_UA_91619287_1=1"
51.77.246.199 - - [18/Nov/2019:18:31:08 +0100] "GET /wp-content/uploads/2018/05/cp-lycra-2.jpg HTTP/1.1" 200 13775 "https://amazingsportwear.com/" "Mozilla/5.0 (compatible; Dataprovider.com)" "wpfront-notification-bar-landingpage=1; _ga=GA1.2.1129180928.1574098268; _gid=GA1.2.292794747.1574098268; _gat_gtag_UA_91619287_1=1"
51.77.246.199 - - [18/Nov/2019:18:31:08 +0100] "GET /wp-content/uploads/2019/04/SA-6684-1-300x300.png HTTP/1.1" 200 94808 "https://amazingsportwear.com/" "Mozilla/5.0 (compatible; Dataprovider.com)" "wpfront-notification-bar-landingpage=1; _ga=GA1.2.1129180928.1574098268; _gid=GA1.2.292794747.1574098268; _gat_gtag_UA_91619287_1=1"
51.77.246.199 - - [18/Nov/2019:18:31:08 +0100] "GET /wp-content/uploads/2019/06/compartir-300x300.jpg HTTP/1.1" 200 10140 "https://amazingsportwear.com/" "Mozilla/5.0 (compatible; Dataprovider.com)" "wpfront-notification-bar-landingpage=1; _ga=GA1.2.1129180928.1574098268; _gid=GA1.2.292794747.1574098268; _gat_gtag_UA_91619287_1=1"
51.77.246.199 - - [18/Nov/2019:18:31:08 +0100] "GET /wp-content/uploads/2019/06/amistad3-300x300.jpg HTTP/1.1" 200 12744 "https://amazingsportwear.com/" "Mozilla/5.0 (compatible; Dataprovider.com)" "wpfront-notification-bar-landingpage=1; _ga=GA1.2.1129180928.1574098268; _gid=GA1.2.292794747.1574098268; _gat_gtag_UA_91619287_1=1"
51.77.246.199 - - [18/Nov/2019:18:31:08 +0100] "GET /wp-content/uploads/2017/03/sa-0415_60-300x300.jpg HTTP/1.1" 200 15272 "https://amazingsportwear.com/" "Mozilla/5.0 (compatible; Dataprovider.com)" "wpfront-notification-bar-landingpage=1; _ga=GA1.2.1129180928.1574098268; _gid=GA1.2.292794747.1574098268; _gat_gtag_UA_91619287_1=1"
51.77.246.199 - - [18/Nov/2019:18:31:08 +0100] "GET /wp-content/uploads/2019/05/asw-white-300x126.png HTTP/1.1" 200 12061 "https://amazingsportwear.com/" "Mozilla/5.0 (compatible; Dataprovider.com)" "wpfront-notification-bar-landingpage=1; _ga=GA1.2.1129180928.1574098268; _gid=GA1.2.292794747.1574098268; _gat_gtag_UA_91619287_1=1"
51.77.246.199 - - [18/Nov/2019:18:31:08 +0100] "GET /wp-content/uploads/2018/05/cat-3164-amarillo-300x300.png HTTP/1.1" 200 72410 "https://amazingsportwear.com/" "Mozilla/5.0 (compatible; Dataprovider.com)" "wpfront-notification-bar-landingpage=1; _ga=GA1.2.1129180928.1574098268; _gid=GA1.2.292794747.1574098268; _gat_gtag_UA_91619287_1=1"
51.77.246.199 - - [18/Nov/2019:18:31:08 +0100] "GET /wp-content/plugins/simple-social-icons/symbol-defs.svg HTTP/1.1" 200 19699 "https://amazingsportwear.com/" "Mozilla/5.0 (compatible; Dataprovider.com)" "wpfront-notification-bar-landingpage=1; _ga=GA1.2.1129180928.1574098268; _gid=GA1.2.292794747.1574098268; _gat_gtag_UA_91619287_1=1"
51.77.246.199 - - [18/Nov/2019:18:31:08 +0100] "GET /wp-content/plugins/wpfront-notification-bar/images/arrow_down.png HTTP/1.1" 200 2562 "https://amazingsportwear.com/wp-content/plugins/wpfront-notification-bar/css/wpfront-notification-bar.css?ver=1.7.1" "Mozilla/5.0 (compatible; Dataprovider.com)" "wpfront-notification-bar-landingpage=1; _ga=GA1.2.1129180928.1574098268; _gid=GA1.2.292794747.1574098268; _gat_gtag_UA_91619287_1=1"
51.77.246.199 - - [18/Nov/2019:18:31:08 +0100] "GET /wp-content/themes/shopper/assets/fonts/fontawesome-webfont.woff2?v=4.7.0 HTTP/1.1" 200 77615 "https://amazingsportwear.com/wp-content/themes/shopper/style.css?ver=1.3.8" "Mozilla/5.0 (compatible; Dataprovider.com)" "wpfront-notification-bar-landingpage=1; _ga=GA1.2.1129180928.1574098268; _gid=GA1.2.292794747.1574098268; _gat_gtag_UA_91619287_1=1"
51.77.246.199 - - [18/Nov/2019:18:31:08 +0100] "GET /wp-content/uploads/2019/07/slider4.jpg HTTP/1.1" 200 369750 "https://amazingsportwear.com/" "Mozilla/5.0 (compatible; Dataprovider.com)" "wpfront-notification-bar-landingpage=1"
51.77.246.199 - - [18/Nov/2019:18:31:09 +0100] "POST /?wc-ajax=get_refreshed_fragments HTTP/1.1" 200 1345 "https://amazingsportwear.com/" "Mozilla/5.0 (compatible; Dataprovider.com)" "wpfront-notification-bar-landingpage=1; _ga=GA1.2.1129180928.1574098268; _gid=GA1.2.292794747.1574098268; _gat_gtag_UA_91619287_1=1"
181.199.182.29 - - [18/Nov/2019:18:34:48 +0100] "GET /wp-content/uploads/2019/04/mochila-decath-5.png HTTP/1.1" 200 131041 "https://www.google.com/" "Mozilla/5.0 (Windows NT 10.0; Win64; x64) AppleWebKit/537.36 (KHTML, like Gecko) Chrome/78.0.3904.97 Safari/537.36" "-"
217.76.130.90 - - [18/Nov/2019:18:50:22 +0100] "POST /wp-cron.php?doing_wp_cron=1574099422.2272639274597167968750 HTTP/1.1" 200 164 "http://amazingsportwear.com/wp-cron.php?doing_wp_cron=1574099422.2272639274597167968750" "WordPress/5.2.4; https://amazingsportwear.com" "-"
184.168.193.16 - - [18/Nov/2019:18:50:21 +0100] "GET /models.php HTTP/1.1" 404 67958 "http://site.ru" "Mozilla/5.0 (Windows; U; Windows NT 5.1; en-US) AppleWebKit/533.4 (KHTML, like Gecko) Chrome/5.0.375.99 Safari/533.4" "-"
217.76.130.90 - - [18/Nov/2019:18:51:46 +0100] "POST /wp-cron.php?doing_wp_cron=1574099506.8087759017944335937500 HTTP/1.1" 200 3389 "https://amazingsportwear.com/wp-cron.php?doing_wp_cron=1574099506.8087759017944335937500" "WordPress/5.2.4; https://amazingsportwear.com" "-"
66.249.66.66 - - [18/Nov/2019:18:51:46 +0100] "GET /producto/gorra-sport/ HTTP/1.1" 200 102258 "-" "Mozilla/5.0 (compatible; Googlebot/2.1; +http://www.google.com/bot.html)" "-"
113.87.47.89 - - [18/Nov/2019:18:53:00 +0100] "GET /wp-content/uploads/2018/05/CIF-T-621-marino-300x300.jpg HTTP/1.1" 200 11719 "-" "Mozilla/5.0(Linux;Android 5.1.1;OPPO A33 Build/LMY47V;wv) AppleWebKit/537.36(KHTML,link Gecko) Version/4.0 Chrome/42.0.2311.138 Mobile Safari/537.36 Mb2345Browser/9.0" "-"
217.76.130.90 - - [18/Nov/2019:18:53:31 +0100] "POST /wp-cron.php?doing_wp_cron=1574099611.7466371059417724609375 HTTP/1.1" 200 3389 "https://amazingsportwear.com/wp-cron.php?doing_wp_cron=1574099611.7466371059417724609375" "WordPress/5.2.4; https://amazingsportwear.com" "-"
219.148.86.108 - - [18/Nov/2019:18:53:30 +0100] "GET /producto/gorra-konlun HTTP/1.1" 301 3545 "-" "Mozilla/5.0 (Linux; Android 7.0; FRD-AL00 Build/HUAWEIFRD-AL00; wv) AppleWebKit/537.36 (KHTML, like Gecko) Version/4.0 Chrome/53.0.2785.49 Mobile MQQBrowser/6.2 TBS/043602 Safari/537.36 MicroMessenger/6.5.16.1120 NetType/WIFI Language/zh_CN" "-"
219.148.86.108 - - [18/Nov/2019:18:53:33 +0100] "GET /producto/gorra-konlun/ HTTP/1.1" 200 92751 "-" "Mozilla/5.0 (Linux; Android 7.0; FRD-AL00 Build/HUAWEIFRD-AL00; wv) AppleWebKit/537.36 (KHTML, like Gecko) Version/4.0 Chrome/53.0.2785.49 Mobile MQQBrowser/6.2 TBS/043602 Safari/537.36 MicroMessenger/6.5.16.1120 NetType/WIFI Language/zh_CN" "wpfront-notification-bar-landingpage=1"
183.150.70.144 - - [18/Nov/2019:18:53:41 +0100] "GET /categoria-producto/accesorios/page/8 HTTP/1.1" 301 3560 "-" "Mozilla/5.0 (Linux; Android 7.0; FRD-AL00 Build/HUAWEIFRD-AL00; wv) AppleWebKit/537.36 (KHTML, like Gecko) Version/4.0 Chrome/53.0.2785.49 Mobile MQQBrowser/6.2 TBS/043602 Safari/537.36 MicroMessenger/6.5.16.1120 NetType/WIFI Language/zh_CN" "-"
14.117.181.244 - - [18/Nov/2019:18:53:51 +0100] "GET /wp-content/uploads/2017/03/aq-sprint-1147-600x641.jpg HTTP/1.1" 200 33723 "-" "Mozilla/5.0(Linux;Android 5.1.1;OPPO A33 Build/LMY47V;wv) AppleWebKit/537.36(KHTML,link Gecko) Version/4.0 Chrome/43.0.2357.121 Mobile Safari/537.36 LieBaoFast/4.51.3" "-"
183.150.70.144 - - [18/Nov/2019:18:53:50 +0100] "GET /categoria-producto/accesorios/page/8/ HTTP/1.1" 200 77195 "-" "Mozilla/5.0 (Linux; Android 7.0; FRD-AL00 Build/HUAWEIFRD-AL00; wv) AppleWebKit/537.36 (KHTML, like Gecko) Version/4.0 Chrome/53.0.2785.49 Mobile MQQBrowser/6.2 TBS/043602 Safari/537.36 MicroMessenger/6.5.16.1120 NetType/WIFI Language/zh_CN" "wpfront-notification-bar-landingpage=1"
217.76.130.90 - - [18/Nov/2019:19:04:36 +0100] "POST /wp-cron.php?doing_wp_cron=1574100276.0870199203491210937500 HTTP/1.1" 200 3389 "https://amazingsportwear.com/wp-cron.php?doing_wp_cron=1574100276.0870199203491210937500" "WordPress/5.2.4; https://amazingsportwear.com" "-"
119.128.121.24 - - [18/Nov/2019:19:04:35 +0100] "GET /contacta-con-nosotros/ HTTP/1.1" 200 62153 "-" "Mozilla/5.0(Linux;Android 5.1.1;OPPO A33 Build/LMY47V;wv) AppleWebKit/537.36(KHTML,link Gecko) Version/4.0 Chrome/43.0.2357.121 Mobile Safari/537.36 LieBaoFast/4.51.3" "-"
183.166.87.222 - - [18/Nov/2019:19:04:47 +0100] "GET /wp-content/uploads/2018/02/SA-1029_gris.png HTTP/1.1" 200 214846 "-" "Mozilla/5.0(Linux;Android 5.1.1;OPPO A33 Build/LMY47V;wv) AppleWebKit/537.36(KHTML,link Gecko) Version/4.0 Chrome/43.0.2357.121 Mobile Safari/537.36 LieBaoFast/4.51.3" "-"
183.0.224.48 - - [18/Nov/2019:19:04:50 +0100] "GET /wp-content/uploads/2018/04/pf-39084-colores-1.jpg HTTP/1.1" 200 27128 "-" "Mozilla/5.0(Linux;Android 5.1.1;OPPO A33 Build/LMY47V;wv) AppleWebKit/537.36(KHTML,link Gecko) Version/4.0 Chrome/43.0.2357.121 Mobile Safari/537.36 LieBaoFast/4.51.3" "-"
220.189.98.185 - - [18/Nov/2019:19:04:52 +0100] "GET /etiqueta-producto/camiseta-electro HTTP/1.1" 301 3558 "-" "Mozilla/5.0(Linux;Android 5.1.1;OPPO A33 Build/LMY47V;wv) AppleWebKit/537.36(KHTML,link Gecko) Version/4.0 Chrome/42.0.2311.138 Mobile Safari/537.36 Mb2345Browser/9.0" "-"
113.109.127.102 - - [18/Nov/2019:19:04:54 +0100] "GET /etiqueta-producto/sudadera-tecnica HTTP/1.1" 301 3558 "-" "Mozilla/5.0(Linux;Android 5.1.1;OPPO A33 Build/LMY47V;wv) AppleWebKit/537.36(KHTML,link Gecko) Version/4.0 Chrome/43.0.2357.121 Mobile Safari/537.36 LieBaoFast/4.51.3" "-"
220.189.98.185 - - [18/Nov/2019:19:04:55 +0100] "GET /etiqueta-producto/camiseta-electro/ HTTP/1.1" 200 53886 "-" "Mozilla/5.0(Linux;Android 5.1.1;OPPO A33 Build/LMY47V;wv) AppleWebKit/537.36(KHTML,link Gecko) Version/4.0 Chrome/42.0.2311.138 Mobile Safari/537.36 Mb2345Browser/9.0" "wpfront-notification-bar-landingpage=1"
113.109.127.102 - - [18/Nov/2019:19:04:57 +0100] "GET /etiqueta-producto/sudadera-tecnica/ HTTP/1.1" 200 55867 "-" "Mozilla/5.0(Linux;Android 5.1.1;OPPO A33 Build/LMY47V;wv) AppleWebKit/537.36(KHTML,link Gecko) Version/4.0 Chrome/43.0.2357.121 Mobile Safari/537.36 LieBaoFast/4.51.3" "wpfront-notification-bar-landingpage=1"
