217.76.130.90 - - [15/Dec/2019:00:02:11 +0100] "POST /wp-cron.php?doing_wp_cron=1576364531.3484599590301513671875 HTTP/1.1" 200 3389 "https://amazingsportwear.com/wp-cron.php?doing_wp_cron=1576364531.3484599590301513671875" "WordPress/5.2.5; https://amazingsportwear.com" "-"
157.55.39.80 - - [15/Dec/2019:00:02:10 +0100] "GET /20-triatlon HTTP/1.1" 404 72241 "-" "Mozilla/5.0 (compatible; bingbot/2.0; +http://www.bing.com/bingbot.htm)" "-"
66.249.64.146 - - [15/Dec/2019:00:20:02 +0100] "GET /wp-content/uploads/2019/04/Gorra-sport-6.png HTTP/1.1" 304 3565 "-" "Googlebot-Image/1.0" "-"
217.76.130.90 - - [15/Dec/2019:00:40:27 +0100] "POST /wp-cron.php?doing_wp_cron=1576366827.4107880592346191406250 HTTP/1.1" 200 3389 "https://amazingsportwear.com/wp-cron.php?doing_wp_cron=1576366827.4107880592346191406250" "WordPress/5.2.5; https://amazingsportwear.com" "-"
66.249.64.148 - - [15/Dec/2019:00:40:24 +0100] "GET /ofertas/ HTTP/1.1" 200 73413 "-" "Mozilla/5.0 (compatible; Googlebot/2.1; +http://www.google.com/bot.html)" "-"
216.244.66.250 - - [15/Dec/2019:01:15:19 +0100] "GET /robots.txt HTTP/1.1" 404 628 "-" "Mozilla/5.0 (compatible; DotBot/1.1; http://www.opensiteexplorer.org/dotbot, help@moz.com)" "-"
46.119.167.89 - - [15/Dec/2019:01:52:12 +0100] "GET /producto/camiseta-tecnica-manga-larga-sa-0415/ HTTP/1.1" 200 103645 "https://sauna-kursk.ru/" "Mozilla/4.0 (compatible; MSIE 6.0; Windows NT 5.1; SV1; .NET CLR 1.1.4322) NS8/0.9.6" "-"
46.119.167.89 - - [15/Dec/2019:01:52:11 +0100] "GET /producto/camiseta-tecnica-manga-larga-sa-0415/ HTTP/1.1" 200 103836 "https://sauna-kursk.ru/" "Mozilla/4.0 (compatible; MSIE 6.0; Windows NT 5.1; SV1; .NET CLR 1.1.4322) NS8/0.9.6" "-"
217.76.130.90 - - [15/Dec/2019:01:52:13 +0100] "POST /wp-cron.php?doing_wp_cron=1576371133.3917989730834960937500 HTTP/1.1" 200 159 "http://amazingsportwear.com/wp-cron.php?doing_wp_cron=1576371133.3917989730834960937500" "WordPress/5.2.5; https://amazingsportwear.com" "-"
37.115.186.139 - - [15/Dec/2019:01:52:10 +0100] "GET /producto/camiseta-tecnica-manga-larga-sa-0415/ HTTP/1.1" 200 103687 "https://vchulkah.net/" "Mozilla/4.0 (compatible; MSIE 6.0; Windows 98; Win 9x 4.90)" "-"
217.76.130.90 - - [15/Dec/2019:01:52:13 +0100] "POST /wp-cron.php?doing_wp_cron=1576371133.3914940357208251953125 HTTP/1.1" 200 159 "http://amazingsportwear.com/wp-cron.php?doing_wp_cron=1576371133.3914940357208251953125" "WordPress/5.2.5; https://amazingsportwear.com" "-"
37.115.186.139 - - [15/Dec/2019:01:52:11 +0100] "GET /producto/camiseta-tecnica-manga-larga-sa-0415/ HTTP/1.1" 200 104002 "https://vchulkah.net/" "Mozilla/4.0 (compatible; MSIE 6.0; Windows 98; Win 9x 4.90)" "-"
217.76.130.90 - - [15/Dec/2019:01:52:13 +0100] "POST /wp-cron.php?doing_wp_cron=1576371133.3935511112213134765625 HTTP/1.1" 200 159 "http://amazingsportwear.com/wp-cron.php?doing_wp_cron=1576371133.3935511112213134765625" "WordPress/5.2.5; https://amazingsportwear.com" "-"
46.119.167.89 - - [15/Dec/2019:01:52:10 +0100] "GET /producto/camiseta-tecnica-manga-larga-sa-0415/ HTTP/1.1" 200 103832 "https://sauna-kursk.ru/" "Mozilla/4.0 (compatible; MSIE 6.0; Windows NT 5.1; SV1; .NET CLR 1.1.4322) NS8/0.9.6" "-"
217.76.130.90 - - [15/Dec/2019:01:52:13 +0100] "POST /wp-cron.php?doing_wp_cron=1576371133.3931939601898193359375 HTTP/1.1" 200 159 "http://amazingsportwear.com/wp-cron.php?doing_wp_cron=1576371133.3931939601898193359375" "WordPress/5.2.5; https://amazingsportwear.com" "-"
37.115.186.139 - - [15/Dec/2019:01:52:12 +0100] "GET /producto/camiseta-tecnica-manga-larga-sa-0415/ HTTP/1.1" 200 103367 "https://vchulkah.net/" "Mozilla/4.0 (compatible; MSIE 6.0; Windows 98; Win 9x 4.90)" "-"
217.76.130.90 - - [15/Dec/2019:02:02:46 +0100] "POST /wp-cron.php?doing_wp_cron=1576371766.5223059654235839843750 HTTP/1.1" 200 3389 "https://amazingsportwear.com/wp-cron.php?doing_wp_cron=1576371766.5223059654235839843750" "WordPress/5.2.5; https://amazingsportwear.com" "-"
207.46.13.13 - - [15/Dec/2019:02:02:44 +0100] "GET /producto/camiseta-tecnica-tirantes-sa-0350/ HTTP/1.1" 200 105523 "-" "Mozilla/5.0 (compatible; bingbot/2.0; +http://www.bing.com/bingbot.htm)" "-"
217.76.130.90 - - [15/Dec/2019:02:03:38 +0100] "POST /wp-cron.php?doing_wp_cron=1576371818.2645440101623535156250 HTTP/1.1" 200 164 "http://amazingsportwear.com/wp-cron.php?doing_wp_cron=1576371818.2645440101623535156250" "WordPress/5.2.5; https://amazingsportwear.com" "-"
81.169.144.135 - - [15/Dec/2019:02:03:36 +0100] "GET /wp-admin/user/index.php HTTP/1.1" 302 397 "http://site.ru" "Mozilla/5.0 (Windows; U; Windows NT 5.1; en-US) AppleWebKit/533.4 (KHTML, like Gecko) Chrome/5.0.375.99 Safari/533.4" "-"
81.169.144.135 - - [15/Dec/2019:02:03:38 +0100] "GET /wp-admin/user/index.php HTTP/1.1" 302 397 "http://site.ru" "Mozilla/5.0 (Windows; U; Windows NT 5.1; en-US) AppleWebKit/533.4 (KHTML, like Gecko) Chrome/5.0.375.99 Safari/533.4" "-"
217.76.130.90 - - [15/Dec/2019:02:11:14 +0100] "POST /wp-cron.php?doing_wp_cron=1576372274.6912539005279541015625 HTTP/1.1" 200 164 "http://amazingsportwear.com/wp-cron.php?doing_wp_cron=1576372274.6912539005279541015625" "WordPress/5.2.5; https://amazingsportwear.com" "-"
217.76.130.90 - - [15/Dec/2019:02:11:14 +0100] "POST /wp-cron.php?doing_wp_cron=1576372274.6917209625244140625000 HTTP/1.1" 200 164 "http://amazingsportwear.com/wp-cron.php?doing_wp_cron=1576372274.6917209625244140625000" "WordPress/5.2.5; https://amazingsportwear.com" "-"
46.119.175.92 - - [15/Dec/2019:02:11:12 +0100] "GET /producto/camiseta-tecnica-manga-larga-sa-0415/ HTTP/1.1" 200 104013 "https://maltanewsplus.com/" "Mozilla/4.0 (compatible; MSIE 5.5; Windows NT 4.0)" "-"
217.76.130.90 - - [15/Dec/2019:02:11:14 +0100] "POST /wp-cron.php?doing_wp_cron=1576372274.6919341087341308593750 HTTP/1.1" 200 164 "http://amazingsportwear.com/wp-cron.php?doing_wp_cron=1576372274.6919341087341308593750" "WordPress/5.2.5; https://amazingsportwear.com" "-"
46.119.175.92 - - [15/Dec/2019:02:11:11 +0100] "GET /producto/camiseta-tecnica-manga-larga-sa-0415/ HTTP/1.1" 200 103719 "https://maltanewsplus.com/" "Mozilla/4.0 (compatible; MSIE 5.5; Windows NT 4.0)" "-"
46.119.175.92 - - [15/Dec/2019:02:11:13 +0100] "GET /producto/camiseta-tecnica-manga-larga-sa-0415/ HTTP/1.1" 200 103807 "https://maltanewsplus.com/" "Mozilla/4.0 (compatible; MSIE 5.5; Windows NT 4.0)" "-"
217.76.130.90 - - [15/Dec/2019:02:15:47 +0100] "POST /wp-cron.php?doing_wp_cron=1576372546.9730870723724365234375 HTTP/1.1" 200 3389 "https://amazingsportwear.com/wp-cron.php?doing_wp_cron=1576372546.9730870723724365234375" "WordPress/5.2.5; https://amazingsportwear.com" "-"
40.77.167.39 - - [15/Dec/2019:02:15:46 +0100] "GET /tienda/176-pantalon-mujer-rocky-nath-rocky.html HTTP/1.1" 404 72354 "-" "Mozilla/5.0 (compatible; bingbot/2.0; +http://www.bing.com/bingbot.htm)" "-"
217.76.130.90 - - [15/Dec/2019:02:42:49 +0100] "POST /wp-cron.php?doing_wp_cron=1576374169.0989980697631835937500 HTTP/1.1" 200 3389 "https://amazingsportwear.com/wp-cron.php?doing_wp_cron=1576374169.0989980697631835937500" "WordPress/5.2.5; https://amazingsportwear.com" "-"
157.55.39.80 - - [15/Dec/2019:02:42:46 +0100] "GET /producto/bidon-doger/ HTTP/1.1" 200 94061 "-" "Mozilla/5.0 (compatible; bingbot/2.0; +http://www.bing.com/bingbot.htm)" "-"
181.188.160.203 - - [15/Dec/2019:02:44:22 +0100] "GET /wp-content/uploads/2019/04/SA-1087-3.png HTTP/1.1" 200 117007 "https://www.google.com/" "Mozilla/5.0 (Linux; Android 9; JKM-LX3) AppleWebKit/537.36 (KHTML, like Gecko) Chrome/79.0.3945.79 Mobile Safari/537.36" "-"
181.84.243.207 - - [15/Dec/2019:02:45:38 +0100] "GET /wp-content/uploads/2019/04/gorra-lorenz-4.png HTTP/1.1" 200 77974 "https://www.google.com/" "Mozilla/5.0 (Windows NT 10.0; Win64; x64) AppleWebKit/537.36 (KHTML, like Gecko) Chrome/79.0.3945.79 Safari/537.36" "-"
217.76.130.90 - - [15/Dec/2019:02:47:20 +0100] "POST /wp-cron.php?doing_wp_cron=1576374439.9763250350952148437500 HTTP/1.1" 200 3389 "https://amazingsportwear.com/wp-cron.php?doing_wp_cron=1576374439.9763250350952148437500" "WordPress/5.2.5; https://amazingsportwear.com" "-"
66.249.64.144 - - [15/Dec/2019:02:47:19 +0100] "GET /tienda/239-polo-tecnico-open-aq-open.html HTTP/1.1" 404 72357 "-" "Mozilla/5.0 (Linux; Android 6.0.1; Nexus 5X Build/MMB29P) AppleWebKit/537.36 (KHTML, like Gecko) Chrome/41.0.2272.96 Mobile Safari/537.36 (compatible; Googlebot/2.1; +http://www.google.com/bot.html)" "-"
217.76.130.90 - - [15/Dec/2019:02:56:12 +0100] "POST /wp-cron.php?doing_wp_cron=1576374972.1590940952301025390625 HTTP/1.1" 200 3389 "https://amazingsportwear.com/wp-cron.php?doing_wp_cron=1576374972.1590940952301025390625" "WordPress/5.2.5; https://amazingsportwear.com" "-"
17.58.96.177 - - [15/Dec/2019:02:56:11 +0100] "GET /politica-de-privacidad-rgpd-2018/ HTTP/1.1" 200 75156 "-" "Mozilla/5.0 (Macintosh; Intel Mac OS X 10_10_1) AppleWebKit/600.2.5 (KHTML, like Gecko) Version/8.0.2 Safari/600.2.5 (Applebot/0.1; +http://www.apple.com/go/applebot)" "-"
217.76.130.90 - - [15/Dec/2019:03:35:46 +0100] "POST /wp-cron.php?doing_wp_cron=1576377346.1020379066467285156250 HTTP/1.1" 200 164 "http://amazingsportwear.com/wp-cron.php?doing_wp_cron=1576377346.1020379066467285156250" "WordPress/5.2.5; https://amazingsportwear.com" "-"
66.249.64.157 - - [15/Dec/2019:03:35:43 +0100] "GET /ofertas/189-maillot-manga-corta.html HTTP/1.1" 404 68073 "-" "Mozilla/5.0 (Linux; Android 6.0.1; Nexus 5X Build/MMB29P) AppleWebKit/537.36 (KHTML, like Gecko) Chrome/41.0.2272.96 Mobile Safari/537.36 (compatible; Googlebot/2.1; +http://www.google.com/bot.html)" "-"
217.76.130.90 - - [15/Dec/2019:03:38:54 +0100] "POST /wp-cron.php?doing_wp_cron=1576377534.8911418914794921875000 HTTP/1.1" 200 164 "http://amazingsportwear.com/wp-cron.php?doing_wp_cron=1576377534.8911418914794921875000" "WordPress/5.2.5; https://amazingsportwear.com" "-"
17.58.100.225 - - [15/Dec/2019:03:38:54 +0100] "GET /robots.txt HTTP/1.1" 200 375 "-" "Mozilla/5.0 (Macintosh; Intel Mac OS X 10_10_1) AppleWebKit/600.2.5 (KHTML, like Gecko) Version/8.0.2 Safari/600.2.5 (Applebot/0.1; +http://www.apple.com/go/applebot)" "-"
17.58.96.177 - - [15/Dec/2019:03:38:55 +0100] "GET /18-ciclismo HTTP/1.1" 404 67940 "-" "Mozilla/5.0 (Macintosh; Intel Mac OS X 10_10_1) AppleWebKit/600.2.5 (KHTML, like Gecko) Version/8.0.2 Safari/600.2.5 (Applebot/0.1; +http://www.apple.com/go/applebot)" "-"
217.76.130.90 - - [15/Dec/2019:03:39:16 +0100] "POST /wp-cron.php?doing_wp_cron=1576377556.0260989665985107421875 HTTP/1.1" 200 3389 "https://amazingsportwear.com/wp-cron.php?doing_wp_cron=1576377556.0260989665985107421875" "WordPress/5.2.5; https://amazingsportwear.com" "-"
117.90.231.23 - - [15/Dec/2019:03:39:15 +0100] "GET /categoria-producto/mujer/sudaderas-mujer HTTP/1.1" 301 3564 "-" "Mozilla/5.0(Linux;U;Android 5.1.1;zh-CN;OPPO A33 Build/LMY47V) AppleWebKit/537.36(KHTML,like Gecko) Version/4.0 Chrome/40.0.2214.89 UCBrowser/11.7.0.953 Mobile Safari/537.36" "-"
117.90.231.23 - - [15/Dec/2019:03:39:17 +0100] "GET /categoria-producto/mujer/sudaderas-mujer/ HTTP/1.1" 200 55270 "-" "Mozilla/5.0(Linux;U;Android 5.1.1;zh-CN;OPPO A33 Build/LMY47V) AppleWebKit/537.36(KHTML,like Gecko) Version/4.0 Chrome/40.0.2214.89 UCBrowser/11.7.0.953 Mobile Safari/537.36" "wpfront-notification-bar-landingpage=1"
217.76.130.90 - - [15/Dec/2019:03:41:22 +0100] "POST /wp-cron.php?doing_wp_cron=1576377682.4499289989471435546875 HTTP/1.1" 200 164 "http://amazingsportwear.com/wp-cron.php?doing_wp_cron=1576377682.4499289989471435546875" "WordPress/5.2.5; https://amazingsportwear.com" "-"
158.69.26.125 - - [15/Dec/2019:03:41:21 +0100] "GET / HTTP/1.1" 301 298 "-" "Mozilla/5.0 (compatible; Dataprovider.com)" "-"
158.69.26.125 - - [15/Dec/2019:03:41:23 +0100] "GET / HTTP/1.1" 200 126241 "-" "Mozilla/5.0 (compatible; Dataprovider.com)" "-"
158.69.26.125 - - [15/Dec/2019:03:41:30 +0100] "GET /robots.txt HTTP/1.1" 200 4343 "-" "Mozilla/5.0 (compatible; Dataprovider.com)" "-"
158.69.26.125 - - [15/Dec/2019:03:41:31 +0100] "GET /sitemap.xml HTTP/1.1" 301 4284 "-" "Mozilla/5.0 (compatible; Dataprovider.com)" "-"
158.69.26.125 - - [15/Dec/2019:03:41:32 +0100] "GET / HTTP/1.1" 200 126174 "-" "Mozilla/5.0 (compatible; Dataprovider.com)" "wpfront-notification-bar-landingpage=1"
158.69.26.125 - - [15/Dec/2019:03:41:36 +0100] "GET /contacta-con-nosotros/ HTTP/1.1" 200 62720 "-" "Mozilla/5.0 (compatible; Dataprovider.com)" "wpfront-notification-bar-landingpage=1"
158.69.26.125 - - [15/Dec/2019:03:41:38 +0100] "GET /politica-de-privacidad-rgpd-2018/ HTTP/1.1" 200 75796 "-" "Mozilla/5.0 (compatible; Dataprovider.com)" "wpfront-notification-bar-landingpage=1"
158.69.26.125 - - [15/Dec/2019:03:41:42 +0100] "GET /politica-de-privacidad/ HTTP/1.1" 200 70168 "-" "Mozilla/5.0 (compatible; Dataprovider.com)" "wpfront-notification-bar-landingpage=1"
158.69.26.125 - - [15/Dec/2019:03:41:45 +0100] "GET /aviso-legal/ HTTP/1.1" 200 59119 "-" "Mozilla/5.0 (compatible; Dataprovider.com)" "wpfront-notification-bar-landingpage=1"
158.69.26.125 - - [15/Dec/2019:03:41:47 +0100] "GET /pago-seguro/ HTTP/1.1" 200 61333 "-" "Mozilla/5.0 (compatible; Dataprovider.com)" "wpfront-notification-bar-landingpage=1"
158.69.26.125 - - [15/Dec/2019:03:41:50 +0100] "GET /quienes-somos/ HTTP/1.1" 200 60401 "-" "Mozilla/5.0 (compatible; Dataprovider.com)" "wpfront-notification-bar-landingpage=1"
158.69.26.125 - - [15/Dec/2019:03:41:52 +0100] "GET /carrito/ HTTP/1.1" 200 92100 "-" "Mozilla/5.0 (compatible; Dataprovider.com)" "wpfront-notification-bar-landingpage=1"
158.69.26.125 - - [15/Dec/2019:03:41:55 +0100] "GET /wp-login.php HTTP/1.1" 200 8442 "-" "Mozilla/5.0 (compatible; Dataprovider.com)" "wpfront-notification-bar-landingpage=1"
158.69.26.125 - - [15/Dec/2019:03:41:58 +0100] "GET /categoria-producto/accesorios/llaveros/ HTTP/1.1" 200 69630 "-" "Mozilla/5.0 (compatible; Dataprovider.com)" "wpfront-notification-bar-landingpage=1; wordpress_test_cookie=WP+Cookie+check"
158.69.26.125 - - [15/Dec/2019:03:42:00 +0100] "GET /ads.txt HTTP/1.1" 404 72662 "-" "Mozilla/5.0 (compatible; Dataprovider.com)" "-"
158.69.26.125 - - [15/Dec/2019:03:42:02 +0100] "GET / HTTP/1.1" 200 126211 "-" "Mozilla/5.0 (Linux; Android 5.1.1; SM-G925F Build/LMY47X) AppleWebKit/537.36 (KHTML, like Gecko) Chrome/45.0.2454.94 Mobile Safari/537.36" "-"
217.76.130.90 - - [15/Dec/2019:03:42:13 +0100] "POST /wp-cron.php?doing_wp_cron=1576377733.4773778915405273437500 HTTP/1.1" 200 164 "http://amazingsportwear.com/wp-cron.php?doing_wp_cron=1576377733.4773778915405273437500" "WordPress/5.2.5; https://amazingsportwear.com" "-"
51.91.218.49 - - [15/Dec/2019:03:42:12 +0100] "GET / HTTP/1.1" 301 336 "-" "Mozilla/5.0 (compatible; Dataprovider.com)" "-"
51.91.218.49 - - [15/Dec/2019:03:42:13 +0100] "GET / HTTP/1.1" 200 125832 "-" "Mozilla/5.0 (compatible; Dataprovider.com)" "-"
51.91.218.49 - - [15/Dec/2019:03:42:15 +0100] "GET /wp-includes/css/dist/block-library/style.min.css?ver=5.2.5 HTTP/1.1" 200 29660 "https://amazingsportwear.com/" "Mozilla/5.0 (compatible; Dataprovider.com)" "wpfront-notification-bar-landingpage=1"
51.91.218.49 - - [15/Dec/2019:03:42:15 +0100] "GET /wp-content/plugins/cookie-law-info/public/css/cookie-law-info-gdpr.css?ver=1.7.6 HTTP/1.1" 200 12583 "https://amazingsportwear.com/" "Mozilla/5.0 (compatible; Dataprovider.com)" "wpfront-notification-bar-landingpage=1"
51.91.218.49 - - [15/Dec/2019:03:42:15 +0100] "GET /wp-content/plugins/wpfront-notification-bar/css/wpfront-notification-bar.css?ver=1.7.1 HTTP/1.1" 200 3801 "https://amazingsportwear.com/" "Mozilla/5.0 (compatible; Dataprovider.com)" "wpfront-notification-bar-landingpage=1"
51.91.218.49 - - [15/Dec/2019:03:42:15 +0100] "GET /wp-content/plugins/cookie-law-info/public/css/cookie-law-info-public.css?ver=1.7.6 HTTP/1.1" 200 3373 "https://amazingsportwear.com/" "Mozilla/5.0 (compatible; Dataprovider.com)" "wpfront-notification-bar-landingpage=1"
51.91.218.49 - - [15/Dec/2019:03:42:15 +0100] "GET /wp-content/plugins/simple-social-icons/css/style.css?ver=3.0.1 HTTP/1.1" 200 1562 "https://amazingsportwear.com/" "Mozilla/5.0 (compatible; Dataprovider.com)" "wpfront-notification-bar-landingpage=1"
51.91.218.49 - - [15/Dec/2019:03:42:15 +0100] "GET /wp-content/plugins/woocommerce/assets/css/blocks/style.css?ver=3.6.4 HTTP/1.1" 200 6835 "https://amazingsportwear.com/" "Mozilla/5.0 (compatible; Dataprovider.com)" "wpfront-notification-bar-landingpage=1"
51.91.218.49 - - [15/Dec/2019:03:42:15 +0100] "GET /wp-content/plugins/elementor/assets/lib/font-awesome/css/font-awesome.min.css?ver=4.7.0 HTTP/1.1" 200 31365 "https://amazingsportwear.com/" "Mozilla/5.0 (compatible; Dataprovider.com)" "wpfront-notification-bar-landingpage=1"
51.91.218.49 - - [15/Dec/2019:03:42:15 +0100] "GET /wp-content/plugins/elementor/assets/lib/eicons/css/elementor-icons.min.css?ver=4.3.0 HTTP/1.1" 200 11850 "https://amazingsportwear.com/" "Mozilla/5.0 (compatible; Dataprovider.com)" "wpfront-notification-bar-landingpage=1"
51.91.218.49 - - [15/Dec/2019:03:42:15 +0100] "GET /wp-content/plugins/elementor/assets/lib/animations/animations.min.css?ver=2.5.16 HTTP/1.1" 200 18833 "https://amazingsportwear.com/" "Mozilla/5.0 (compatible; Dataprovider.com)" "wpfront-notification-bar-landingpage=1"
51.91.218.49 - - [15/Dec/2019:03:42:15 +0100] "GET /wp-content/themes/shopper/style.css?ver=1.3.8 HTTP/1.1" 200 125453 "https://amazingsportwear.com/" "Mozilla/5.0 (compatible; Dataprovider.com)" "wpfront-notification-bar-landingpage=1"
51.91.218.49 - - [15/Dec/2019:03:42:15 +0100] "GET /wp-content/uploads/elementor/css/global.css?ver=1559638744 HTTP/1.1" 200 5136 "https://amazingsportwear.com/" "Mozilla/5.0 (compatible; Dataprovider.com)" "wpfront-notification-bar-landingpage=1"
51.91.218.49 - - [15/Dec/2019:03:42:15 +0100] "GET /wp-content/plugins/elementor/assets/css/frontend.min.css?ver=2.5.16 HTTP/1.1" 200 95366 "https://amazingsportwear.com/" "Mozilla/5.0 (compatible; Dataprovider.com)" "wpfront-notification-bar-landingpage=1"
51.91.218.49 - - [15/Dec/2019:03:42:15 +0100] "GET /wp-content/uploads/elementor/css/post-16241.css?ver=1562311573 HTTP/1.1" 200 4934 "https://amazingsportwear.com/" "Mozilla/5.0 (compatible; Dataprovider.com)" "wpfront-notification-bar-landingpage=1"
51.91.218.49 - - [15/Dec/2019:03:42:15 +0100] "GET /wp-content/plugins/smart-slider-3/library/media/smartslider.min.css?1559118093 HTTP/1.1" 200 19959 "https://amazingsportwear.com/" "Mozilla/5.0 (compatible; Dataprovider.com)" "wpfront-notification-bar-landingpage=1"
51.91.218.49 - - [15/Dec/2019:03:42:15 +0100] "GET /wp-includes/js/jquery/jquery-migrate.min.js?ver=1.4.1 HTTP/1.1" 200 10399 "https://amazingsportwear.com/" "Mozilla/5.0 (compatible; Dataprovider.com)" "wpfront-notification-bar-landingpage=1"
51.91.218.49 - - [15/Dec/2019:03:42:15 +0100] "GET /wp-content/plugins/cookie-law-info/public/js/cookie-law-info-public.js?ver=1.7.6 HTTP/1.1" 200 17076 "https://amazingsportwear.com/" "Mozilla/5.0 (compatible; Dataprovider.com)" "wpfront-notification-bar-landingpage=1"
51.91.218.49 - - [15/Dec/2019:03:42:15 +0100] "GET /wp-includes/js/jquery/jquery.js?ver=1.12.4-wp HTTP/1.1" 200 97362 "https://amazingsportwear.com/" "Mozilla/5.0 (compatible; Dataprovider.com)" "wpfront-notification-bar-landingpage=1"
51.91.218.49 - - [15/Dec/2019:03:42:15 +0100] "GET /wp-content/plugins/wpfront-notification-bar/jquery-plugins/jquery.c.js?ver=1.4.0 HTTP/1.1" 200 3437 "https://amazingsportwear.com/" "Mozilla/5.0 (compatible; Dataprovider.com)" "wpfront-notification-bar-landingpage=1"
51.91.218.49 - - [15/Dec/2019:03:42:15 +0100] "GET /wp-content/plugins/wpfront-notification-bar/js/wpfront-notification-bar.js?ver=1.7.1 HTTP/1.1" 200 5662 "https://amazingsportwear.com/" "Mozilla/5.0 (compatible; Dataprovider.com)" "wpfront-notification-bar-landingpage=1"
51.91.218.49 - - [15/Dec/2019:03:42:15 +0100] "GET /wp-content/plugins/smart-slider-3/nextend/media/dist/n2.min.js?1559118093 HTTP/1.1" 200 3836 "https://amazingsportwear.com/" "Mozilla/5.0 (compatible; Dataprovider.com)" "wpfront-notification-bar-landingpage=1"
51.91.218.49 - - [15/Dec/2019:03:42:15 +0100] "GET /wp-content/plugins/simple-social-icons/svgxuse.js?ver=1.1.21 HTTP/1.1" 200 9580 "https://amazingsportwear.com/" "Mozilla/5.0 (compatible; Dataprovider.com)" "wpfront-notification-bar-landingpage=1"
51.91.218.49 - - [15/Dec/2019:03:42:15 +0100] "GET /wp-content/plugins/smart-slider-3/nextend/media/dist/nextend-frontend.min.js?1559118093 HTTP/1.1" 200 86339 "https://amazingsportwear.com/" "Mozilla/5.0 (compatible; Dataprovider.com)" "wpfront-notification-bar-landingpage=1"
51.91.218.49 - - [15/Dec/2019:03:42:15 +0100] "GET /wp-content/themes/shopper/assets/sass/woocommerce/woocommerce.css?ver=5.2.5 HTTP/1.1" 200 83534 "https://amazingsportwear.com/" "Mozilla/5.0 (compatible; Dataprovider.com)" "wpfront-notification-bar-landingpage=1"
51.91.218.49 - - [15/Dec/2019:03:42:15 +0100] "GET /wp-content/plugins/smart-slider-3/library/media/plugins/type/simple/simple/dist/smartslider-simple-type-frontend.min.js?1559118093 HTTP/1.1" 200 18973 "https://amazingsportwear.com/" "Mozilla/5.0 (compatible; Dataprovider.com)" "wpfront-notification-bar-landingpage=1"
51.91.218.49 - - [15/Dec/2019:03:42:15 +0100] "GET /wp-content/plugins/smart-slider-3/library/media/dist/smartslider-frontend.min.js?1559118093 HTTP/1.1" 200 127293 "https://amazingsportwear.com/" "Mozilla/5.0 (compatible; Dataprovider.com)" "wpfront-notification-bar-landingpage=1"
51.91.218.49 - - [15/Dec/2019:03:42:15 +0100] "GET /wp-includes/js/wp-emoji-release.min.js?ver=5.2.5 HTTP/1.1" 200 14183 "https://amazingsportwear.com/" "Mozilla/5.0 (compatible; Dataprovider.com)" "wpfront-notification-bar-landingpage=1"
51.91.218.49 - - [15/Dec/2019:03:42:15 +0100] "GET /wp-content/uploads/2019/05/cropped-asw-white.png HTTP/1.1" 200 7500 "https://amazingsportwear.com/" "Mozilla/5.0 (compatible; Dataprovider.com)" "wpfront-notification-bar-landingpage=1"
51.91.218.49 - - [15/Dec/2019:03:42:15 +0100] "GET /wp-content/themes/shopper/assets/js/crm.js?ver=1561548510 HTTP/1.1" 200 874 "https://amazingsportwear.com/" "Mozilla/5.0 (compatible; Dataprovider.com)" "wpfront-notification-bar-landingpage=1"
51.91.218.49 - - [15/Dec/2019:03:42:15 +0100] "GET /wp-content/plugins/woocommerce/assets/js/jquery-blockui/jquery.blockUI.min.js?ver=2.70 HTTP/1.1" 200 9908 "https://amazingsportwear.com/" "Mozilla/5.0 (compatible; Dataprovider.com)" "wpfront-notification-bar-landingpage=1"
51.91.218.49 - - [15/Dec/2019:03:42:15 +0100] "GET /wp-content/plugins/woocommerce/assets/js/frontend/add-to-cart.min.js?ver=3.6.4 HTTP/1.1" 200 2983 "https://amazingsportwear.com/" "Mozilla/5.0 (compatible; Dataprovider.com)" "wpfront-notification-bar-landingpage=1"
51.91.218.49 - - [15/Dec/2019:03:42:15 +0100] "GET /wp-content/plugins/woocommerce/assets/js/js-cookie/js.cookie.min.js?ver=2.1.4 HTTP/1.1" 200 2187 "https://amazingsportwear.com/" "Mozilla/5.0 (compatible; Dataprovider.com)" "wpfront-notification-bar-landingpage=1"
51.91.218.49 - - [15/Dec/2019:03:42:15 +0100] "GET /wp-content/themes/shopper/assets/js/skip-link-focus-fix.js?ver=1.3.8 HTTP/1.1" 200 1023 "https://amazingsportwear.com/" "Mozilla/5.0 (compatible; Dataprovider.com)" "wpfront-notification-bar-landingpage=1"
51.91.218.49 - - [15/Dec/2019:03:42:15 +0100] "GET /wp-content/plugins/woocommerce/assets/js/frontend/cart-fragments.min.js?ver=3.6.4 HTTP/1.1" 200 3281 "https://amazingsportwear.com/" "Mozilla/5.0 (compatible; Dataprovider.com)" "wpfront-notification-bar-landingpage=1"
51.91.218.49 - - [15/Dec/2019:03:42:15 +0100] "GET /wp-content/themes/shopper/assets/js/shopper.min.js?ver=1.3.8 HTTP/1.1" 200 5994 "https://amazingsportwear.com/" "Mozilla/5.0 (compatible; Dataprovider.com)" "wpfront-notification-bar-landingpage=1"
51.91.218.49 - - [15/Dec/2019:03:42:15 +0100] "GET /wp-content/plugins/woocommerce/assets/js/frontend/woocommerce.min.js?ver=3.6.4 HTTP/1.1" 200 1813 "https://amazingsportwear.com/" "Mozilla/5.0 (compatible; Dataprovider.com)" "wpfront-notification-bar-landingpage=1"
51.91.218.49 - - [15/Dec/2019:03:42:15 +0100] "GET /wp-includes/js/wp-embed.min.js?ver=5.2.5 HTTP/1.1" 200 1744 "https://amazingsportwear.com/" "Mozilla/5.0 (compatible; Dataprovider.com)" "wpfront-notification-bar-landingpage=1"
51.91.218.49 - - [15/Dec/2019:03:42:15 +0100] "GET /wp-content/themes/shopper/assets/js/woocommerce/header-cart.min.js?ver=1.3.8 HTTP/1.1" 200 972 "https://amazingsportwear.com/" "Mozilla/5.0 (compatible; Dataprovider.com)" "wpfront-notification-bar-landingpage=1"
51.91.218.49 - - [15/Dec/2019:03:42:15 +0100] "GET /wp-includes/js/jquery/ui/position.min.js?ver=1.11.4 HTTP/1.1" 200 6869 "https://amazingsportwear.com/" "Mozilla/5.0 (compatible; Dataprovider.com)" "wpfront-notification-bar-landingpage=1"
51.91.218.49 - - [15/Dec/2019:03:42:15 +0100] "GET /wp-content/plugins/elementor/assets/lib/dialog/dialog.min.js?ver=4.7.1 HTTP/1.1" 200 10911 "https://amazingsportwear.com/" "Mozilla/5.0 (compatible; Dataprovider.com)" "wpfront-notification-bar-landingpage=1"
51.91.218.49 - - [15/Dec/2019:03:42:15 +0100] "GET /wp-content/plugins/elementor/assets/js/frontend-modules.min.js?ver=2.5.16 HTTP/1.1" 200 11486 "https://amazingsportwear.com/" "Mozilla/5.0 (compatible; Dataprovider.com)" "wpfront-notification-bar-landingpage=1"
51.91.218.49 - - [15/Dec/2019:03:42:15 +0100] "GET /wp-content/plugins/elementor/assets/lib/slick/slick.min.js?ver=1.8.1 HTTP/1.1" 200 43264 "https://amazingsportwear.com/" "Mozilla/5.0 (compatible; Dataprovider.com)" "wpfront-notification-bar-landingpage=1"
51.91.218.49 - - [15/Dec/2019:03:42:15 +0100] "GET /wp-content/plugins/elementor/assets/js/frontend.min.js?ver=2.5.16 HTTP/1.1" 200 41341 "https://amazingsportwear.com/" "Mozilla/5.0 (compatible; Dataprovider.com)" "wpfront-notification-bar-landingpage=1"
51.91.218.49 - - [15/Dec/2019:03:42:15 +0100] "GET /wp-content/plugins/si-contact-form/includes/fscf-scripts.js?ver=179 HTTP/1.1" 200 1033 "https://amazingsportwear.com/" "Mozilla/5.0 (compatible; Dataprovider.com)" "wpfront-notification-bar-landingpage=1"
51.91.218.49 - - [15/Dec/2019:03:42:15 +0100] "GET /wp-content/plugins/elementor/assets/lib/waypoints/waypoints.min.js?ver=4.0.2 HTTP/1.1" 200 12541 "https://amazingsportwear.com/" "Mozilla/5.0 (compatible; Dataprovider.com)" "wpfront-notification-bar-landingpage=1"
51.91.218.49 - - [15/Dec/2019:03:42:15 +0100] "GET /wp-content/uploads/2019/07/camiseta-tecnica-mujer-300x124.jpg HTTP/1.1" 200 17320 "https://amazingsportwear.com/" "Mozilla/5.0 (compatible; Dataprovider.com)" "wpfront-notification-bar-landingpage=1"
51.91.218.49 - - [15/Dec/2019:03:42:15 +0100] "GET /wp-includes/js/jquery/ui/core.min.js?ver=1.11.4 HTTP/1.1" 200 4341 "https://amazingsportwear.com/" "Mozilla/5.0 (compatible; Dataprovider.com)" "wpfront-notification-bar-landingpage=1"
51.91.218.49 - - [15/Dec/2019:03:42:15 +0100] "GET /wp-content/uploads/2019/07/carpa-1024x771.jpg HTTP/1.1" 200 89325 "https://amazingsportwear.com/" "Mozilla/5.0 (compatible; Dataprovider.com)" "wpfront-notification-bar-landingpage=1"
51.91.218.49 - - [15/Dec/2019:03:42:15 +0100] "GET /wp-content/uploads/2019/07/buff-bandana-300x123.jpg HTTP/1.1" 200 15859 "https://amazingsportwear.com/" "Mozilla/5.0 (compatible; Dataprovider.com)" "wpfront-notification-bar-landingpage=1"
51.91.218.49 - - [15/Dec/2019:03:42:15 +0100] "GET /wp-content/uploads/2019/07/cortavientos-300x124.jpg HTTP/1.1" 200 17094 "https://amazingsportwear.com/" "Mozilla/5.0 (compatible; Dataprovider.com)" "wpfront-notification-bar-landingpage=1"
51.91.218.49 - - [15/Dec/2019:03:42:15 +0100] "GET /wp-content/plugins/elementor/assets/lib/swiper/swiper.min.js?ver=4.4.6 HTTP/1.1" 200 126126 "https://amazingsportwear.com/" "Mozilla/5.0 (compatible; Dataprovider.com)" "wpfront-notification-bar-landingpage=1"
51.91.218.49 - - [15/Dec/2019:03:42:15 +0100] "GET /wp-content/plugins/elementor/assets/lib/font-awesome/fonts/fontawesome-webfont.woff2?v=4.7.0 HTTP/1.1" 200 77615 "https://amazingsportwear.com/wp-content/plugins/elementor/assets/lib/font-awesome/css/font-awesome.min.css?ver=4.7.0" "Mozilla/5.0 (compatible; Dataprovider.com)" "wpfront-notification-bar-landingpage=1"
51.91.218.49 - - [15/Dec/2019:03:42:15 +0100] "GET /wp-content/uploads/2019/07/camiseta-tecnica-unisex-300x124.jpg HTTP/1.1" 200 17090 "https://amazingsportwear.com/" "Mozilla/5.0 (compatible; Dataprovider.com)" "wpfront-notification-bar-landingpage=1"
51.91.218.49 - - [15/Dec/2019:03:42:15 +0100] "GET /wp-content/uploads/2019/07/mochila-saco-300x124.jpg HTTP/1.1" 200 16972 "https://amazingsportwear.com/" "Mozilla/5.0 (compatible; Dataprovider.com)" "wpfront-notification-bar-landingpage=1; _ga=GA1.2.2004294305.1576377736; _gid=GA1.2.964322125.1576377736; _gat_gtag_UA_91619287_1=1"
51.91.218.49 - - [15/Dec/2019:03:42:15 +0100] "GET /wp-content/uploads/2019/07/gorra-tecnica-300x124.jpg HTTP/1.1" 200 16844 "https://amazingsportwear.com/" "Mozilla/5.0 (compatible; Dataprovider.com)" "wpfront-notification-bar-landingpage=1"
51.91.218.49 - - [15/Dec/2019:03:42:15 +0100] "GET /wp-content/uploads/2019/07/polo-tecnico-300x124.jpg HTTP/1.1" 200 17539 "https://amazingsportwear.com/" "Mozilla/5.0 (compatible; Dataprovider.com)" "wpfront-notification-bar-landingpage=1; _ga=GA1.2.2004294305.1576377736; _gid=GA1.2.964322125.1576377736; _gat_gtag_UA_91619287_1=1"
51.91.218.49 - - [15/Dec/2019:03:42:15 +0100] "GET /wp-content/uploads/2019/07/zapatillero-300x124.jpg HTTP/1.1" 200 16599 "https://amazingsportwear.com/" "Mozilla/5.0 (compatible; Dataprovider.com)" "wpfront-notification-bar-landingpage=1; _ga=GA1.2.2004294305.1576377736; _gid=GA1.2.964322125.1576377736; _gat_gtag_UA_91619287_1=1"
51.91.218.49 - - [15/Dec/2019:03:42:15 +0100] "GET /wp-content/uploads/2019/07/toalla-300x124.jpg HTTP/1.1" 200 16957 "https://amazingsportwear.com/" "Mozilla/5.0 (compatible; Dataprovider.com)" "wpfront-notification-bar-landingpage=1; _ga=GA1.2.2004294305.1576377736; _gid=GA1.2.964322125.1576377736; _gat_gtag_UA_91619287_1=1"
51.91.218.49 - - [15/Dec/2019:03:42:16 +0100] "GET /wp-content/uploads/2019/07/slider2.jpg HTTP/1.1" 200 250219 "https://amazingsportwear.com/" "Mozilla/5.0 (compatible; Dataprovider.com)" "wpfront-notification-bar-landingpage=1; _ga=GA1.2.2004294305.1576377736; _gid=GA1.2.964322125.1576377736; _gat_gtag_UA_91619287_1=1"
51.91.218.49 - - [15/Dec/2019:03:42:16 +0100] "GET /wp-content/uploads/2019/04/toalla-absorvente-gymnasio-7-300x300.png HTTP/1.1" 200 78664 "https://amazingsportwear.com/" "Mozilla/5.0 (compatible; Dataprovider.com)" "wpfront-notification-bar-landingpage=1; _ga=GA1.2.2004294305.1576377736; _gid=GA1.2.964322125.1576377736; _gat_gtag_UA_91619287_1=1"
51.91.218.49 - - [15/Dec/2019:03:42:16 +0100] "GET /wp-content/uploads/2019/04/Gorra-sport-12-300x300.png HTTP/1.1" 200 49394 "https://amazingsportwear.com/" "Mozilla/5.0 (compatible; Dataprovider.com)" "wpfront-notification-bar-landingpage=1; _ga=GA1.2.2004294305.1576377736; _gid=GA1.2.964322125.1576377736; _gat_gtag_UA_91619287_1=1"
51.91.218.49 - - [15/Dec/2019:03:42:15 +0100] "GET /wp-content/uploads/2019/07/slider1.jpg HTTP/1.1" 200 244573 "https://amazingsportwear.com/" "Mozilla/5.0 (compatible; Dataprovider.com)" "wpfront-notification-bar-landingpage=1; _ga=GA1.2.2004294305.1576377736; _gid=GA1.2.964322125.1576377736; _gat_gtag_UA_91619287_1=1"
51.91.218.49 - - [15/Dec/2019:03:42:16 +0100] "GET /wp-content/uploads/2019/07/slider4.jpg HTTP/1.1" 200 369750 "https://amazingsportwear.com/" "Mozilla/5.0 (compatible; Dataprovider.com)" "wpfront-notification-bar-landingpage=1; _ga=GA1.2.2004294305.1576377736; _gid=GA1.2.964322125.1576377736; _gat_gtag_UA_91619287_1=1"
51.91.218.49 - - [15/Dec/2019:03:42:16 +0100] "GET /wp-content/uploads/2019/07/slider3.jpg HTTP/1.1" 200 276981 "https://amazingsportwear.com/" "Mozilla/5.0 (compatible; Dataprovider.com)" "wpfront-notification-bar-landingpage=1; _ga=GA1.2.2004294305.1576377736; _gid=GA1.2.964322125.1576377736; _gat_gtag_UA_91619287_1=1"
51.91.218.49 - - [15/Dec/2019:03:42:16 +0100] "GET /wp-content/uploads/2019/04/bolsa-deporte-young-1-300x300.png HTTP/1.1" 200 77335 "https://amazingsportwear.com/" "Mozilla/5.0 (compatible; Dataprovider.com)" "wpfront-notification-bar-landingpage=1; _ga=GA1.2.2004294305.1576377736; _gid=GA1.2.964322125.1576377736; _gat_gtag_UA_91619287_1=1"
51.91.218.49 - - [15/Dec/2019:03:42:16 +0100] "GET /wp-content/uploads/2019/04/bidon-match-4-300x300.png HTTP/1.1" 200 71820 "https://amazingsportwear.com/" "Mozilla/5.0 (compatible; Dataprovider.com)" "wpfront-notification-bar-landingpage=1; _ga=GA1.2.2004294305.1576377736; _gid=GA1.2.964322125.1576377736; _gat_gtag_UA_91619287_1=1"
51.91.218.49 - - [15/Dec/2019:03:42:16 +0100] "GET /wp-content/uploads/2019/04/SA-6684-1-300x300.png HTTP/1.1" 200 94808 "https://amazingsportwear.com/" "Mozilla/5.0 (compatible; Dataprovider.com)" "wpfront-notification-bar-landingpage=1; _ga=GA1.2.2004294305.1576377736; _gid=GA1.2.964322125.1576377736; _gat_gtag_UA_91619287_1=1"
51.91.218.49 - - [15/Dec/2019:03:42:16 +0100] "GET /wp-content/uploads/2019/04/mochila-decath-5-300x300.png HTTP/1.1" 200 64031 "https://amazingsportwear.com/" "Mozilla/5.0 (compatible; Dataprovider.com)" "wpfront-notification-bar-landingpage=1; _ga=GA1.2.2004294305.1576377736; _gid=GA1.2.964322125.1576377736; _gat_gtag_UA_91619287_1=1"
51.91.218.49 - - [15/Dec/2019:03:42:16 +0100] "GET /wp-content/uploads/2018/06/sa-6502-naranja-300x300.jpg HTTP/1.1" 200 42656 "https://amazingsportwear.com/" "Mozilla/5.0 (compatible; Dataprovider.com)" "wpfront-notification-bar-landingpage=1; _ga=GA1.2.2004294305.1576377736; _gid=GA1.2.964322125.1576377736; _gat_gtag_UA_91619287_1=1"
51.91.218.49 - - [15/Dec/2019:03:42:16 +0100] "GET /wp-content/uploads/2018/05/cp-lycra-2.jpg HTTP/1.1" 200 13775 "https://amazingsportwear.com/" "Mozilla/5.0 (compatible; Dataprovider.com)" "wpfront-notification-bar-landingpage=1; _ga=GA1.2.2004294305.1576377736; _gid=GA1.2.964322125.1576377736; _gat_gtag_UA_91619287_1=1"
51.91.218.49 - - [15/Dec/2019:03:42:16 +0100] "GET /wp-content/uploads/2018/05/cif-g221-2-300x300.jpg HTTP/1.1" 200 8294 "https://amazingsportwear.com/" "Mozilla/5.0 (compatible; Dataprovider.com)" "wpfront-notification-bar-landingpage=1; _ga=GA1.2.2004294305.1576377736; _gid=GA1.2.964322125.1576377736; _gat_gtag_UA_91619287_1=1"
51.91.218.49 - - [15/Dec/2019:03:42:16 +0100] "GET /wp-content/uploads/2018/05/cat-3164-amarillo-300x300.png HTTP/1.1" 200 72410 "https://amazingsportwear.com/" "Mozilla/5.0 (compatible; Dataprovider.com)" "wpfront-notification-bar-landingpage=1; _ga=GA1.2.2004294305.1576377736; _gid=GA1.2.964322125.1576377736; _gat_gtag_UA_91619287_1=1"
51.91.218.49 - - [15/Dec/2019:03:42:16 +0100] "GET /wp-content/uploads/2017/03/sa-0415_60-300x300.jpg HTTP/1.1" 200 15272 "https://amazingsportwear.com/" "Mozilla/5.0 (compatible; Dataprovider.com)" "wpfront-notification-bar-landingpage=1; _ga=GA1.2.2004294305.1576377736; _gid=GA1.2.964322125.1576377736; _gat_gtag_UA_91619287_1=1"
51.91.218.49 - - [15/Dec/2019:03:42:16 +0100] "GET /wp-content/uploads/2019/04/Llavero-triumph-1-300x300.png HTTP/1.1" 200 12855 "https://amazingsportwear.com/" "Mozilla/5.0 (compatible; Dataprovider.com)" "wpfront-notification-bar-landingpage=1; _ga=GA1.2.2004294305.1576377736; _gid=GA1.2.964322125.1576377736; _gat_gtag_UA_91619287_1=1"
51.91.218.49 - - [15/Dec/2019:03:42:16 +0100] "GET /wp-content/uploads/2019/06/amistad3-300x300.jpg HTTP/1.1" 200 12744 "https://amazingsportwear.com/" "Mozilla/5.0 (compatible; Dataprovider.com)" "wpfront-notification-bar-landingpage=1; _ga=GA1.2.2004294305.1576377736; _gid=GA1.2.964322125.1576377736; _gat_gtag_UA_91619287_1=1"
51.91.218.49 - - [15/Dec/2019:03:42:16 +0100] "GET /wp-content/themes/shopper/assets/fonts/fontawesome-webfont.woff2?v=4.7.0 HTTP/1.1" 200 77615 "https://amazingsportwear.com/wp-content/themes/shopper/style.css?ver=1.3.8" "Mozilla/5.0 (compatible; Dataprovider.com)" "wpfront-notification-bar-landingpage=1; _ga=GA1.2.2004294305.1576377736; _gid=GA1.2.964322125.1576377736; _gat_gtag_UA_91619287_1=1"
51.91.218.49 - - [15/Dec/2019:03:42:16 +0100] "GET /wp-content/plugins/wpfront-notification-bar/images/arrow_down.png HTTP/1.1" 200 2562 "https://amazingsportwear.com/wp-content/plugins/wpfront-notification-bar/css/wpfront-notification-bar.css?ver=1.7.1" "Mozilla/5.0 (compatible; Dataprovider.com)" "wpfront-notification-bar-landingpage=1; _ga=GA1.2.2004294305.1576377736; _gid=GA1.2.964322125.1576377736; _gat_gtag_UA_91619287_1=1"
51.91.218.49 - - [15/Dec/2019:03:42:16 +0100] "GET /wp-content/uploads/2019/06/compartir-300x300.jpg HTTP/1.1" 200 10140 "https://amazingsportwear.com/" "Mozilla/5.0 (compatible; Dataprovider.com)" "wpfront-notification-bar-landingpage=1; _ga=GA1.2.2004294305.1576377736; _gid=GA1.2.964322125.1576377736; _gat_gtag_UA_91619287_1=1"
51.91.218.49 - - [15/Dec/2019:03:42:16 +0100] "GET /wp-content/plugins/simple-social-icons/symbol-defs.svg HTTP/1.1" 200 19699 "https://amazingsportwear.com/" "Mozilla/5.0 (compatible; Dataprovider.com)" "wpfront-notification-bar-landingpage=1; _ga=GA1.2.2004294305.1576377736; _gid=GA1.2.964322125.1576377736; _gat_gtag_UA_91619287_1=1"
51.91.218.49 - - [15/Dec/2019:03:42:16 +0100] "GET /wp-content/uploads/2019/05/asw-white-300x126.png HTTP/1.1" 200 12061 "https://amazingsportwear.com/" "Mozilla/5.0 (compatible; Dataprovider.com)" "wpfront-notification-bar-landingpage=1; _ga=GA1.2.2004294305.1576377736; _gid=GA1.2.964322125.1576377736; _gat_gtag_UA_91619287_1=1"
51.91.218.49 - - [15/Dec/2019:03:42:17 +0100] "POST /?wc-ajax=get_refreshed_fragments HTTP/1.1" 200 1345 "https://amazingsportwear.com/" "Mozilla/5.0 (compatible; Dataprovider.com)" "wpfront-notification-bar-landingpage=1; _ga=GA1.2.2004294305.1576377736; _gid=GA1.2.964322125.1576377736; _gat_gtag_UA_91619287_1=1"
217.76.130.90 - - [15/Dec/2019:03:52:46 +0100] "POST /wp-cron.php?doing_wp_cron=1576378366.4194700717926025390625 HTTP/1.1" 200 3389 "https://amazingsportwear.com/wp-cron.php?doing_wp_cron=1576378366.4194700717926025390625" "WordPress/5.2.5; https://amazingsportwear.com" "-"
157.55.39.80 - - [15/Dec/2019:03:52:43 +0100] "GET /producto/bidon-doger/ HTTP/1.1" 200 94623 "-" "Mozilla/5.0 (compatible; bingbot/2.0; +http://www.bing.com/bingbot.htm)" "-"
217.76.130.90 - - [15/Dec/2019:03:58:08 +0100] "POST /wp-cron.php?doing_wp_cron=1576378688.6936728954315185546875 HTTP/1.1" 200 3389 "https://amazingsportwear.com/wp-cron.php?doing_wp_cron=1576378688.6936728954315185546875" "WordPress/5.2.5; https://amazingsportwear.com" "-"
157.55.39.80 - - [15/Dec/2019:03:58:05 +0100] "GET /tienda/page/3/ HTTP/1.1" 200 76653 "-" "Mozilla/5.0 (compatible; bingbot/2.0; +http://www.bing.com/bingbot.htm)" "-"
217.76.130.90 - - [15/Dec/2019:04:01:48 +0100] "POST /wp-cron.php?doing_wp_cron=1576378908.0648620128631591796875 HTTP/1.1" 200 3389 "https://amazingsportwear.com/wp-cron.php?doing_wp_cron=1576378908.0648620128631591796875" "WordPress/5.2.5; https://amazingsportwear.com" "-"
66.249.64.144 - - [15/Dec/2019:04:01:44 +0100] "GET /producto/camiseta-tecnica-manga-larga-sa-0415/ HTTP/1.1" 200 108528 "-" "Mozilla/5.0 (Linux; Android 6.0.1; Nexus 5X Build/MMB29P) AppleWebKit/537.36 (KHTML, like Gecko) Chrome/41.0.2272.96 Mobile Safari/537.36 (compatible; Googlebot/2.1; +http://www.google.com/bot.html)" "-"
217.76.130.90 - - [15/Dec/2019:04:02:05 +0100] "POST /wp-cron.php?doing_wp_cron=1576378925.4367940425872802734375 HTTP/1.1" 200 3389 "https://amazingsportwear.com/wp-cron.php?doing_wp_cron=1576378925.4367940425872802734375" "WordPress/5.2.5; https://amazingsportwear.com" "-"
66.249.64.146 - - [15/Dec/2019:04:02:03 +0100] "POST /?wc-ajax=get_refreshed_fragments HTTP/1.1" 200 4760 "https://amazingsportwear.com/producto/camiseta-tecnica-manga-larga-sa-0415/" "Mozilla/5.0 (Linux; Android 6.0.1; Nexus 5X Build/MMB29P) AppleWebKit/537.36 (KHTML, like Gecko) Chrome/41.0.2272.96 Mobile Safari/537.36 (compatible; Googlebot/2.1; +http://www.google.com/bot.html)" "_ga=GA1.2.969013651.1576368000; _gid=GA1.2.1978218920.1576368000; _gat_gtag_UA_91619287_1=1"
217.76.130.90 - - [15/Dec/2019:04:11:09 +0100] "POST /wp-cron.php?doing_wp_cron=1576379469.2201070785522460937500 HTTP/1.1" 200 3389 "https://amazingsportwear.com/wp-cron.php?doing_wp_cron=1576379469.2201070785522460937500" "WordPress/5.2.5; https://amazingsportwear.com" "-"
207.46.13.13 - - [15/Dec/2019:04:11:01 +0100] "GET /producto/bidon-match/ HTTP/1.1" 200 96356 "-" "Mozilla/5.0 (compatible; bingbot/2.0; +http://www.bing.com/bingbot.htm)" "-"
207.46.13.13 - - [15/Dec/2019:04:11:17 +0100] "GET /23-ofertas HTTP/1.1" 404 72279 "-" "Mozilla/5.0 (compatible; bingbot/2.0; +http://www.bing.com/bingbot.htm)" "-"
190.152.233.174 - - [15/Dec/2019:04:12:45 +0100] "GET /wp-content/uploads/2019/04/Gorra-sport-6.png HTTP/1.1" 200 44623 "https://www.google.com/" "Mozilla/5.0 (Windows NT 10.0; Win64; x64) AppleWebKit/537.36 (KHTML, like Gecko) Chrome/78.0.3904.108 Safari/537.36" "-"
66.249.64.144 - - [15/Dec/2019:04:17:58 +0100] "GET /wp-content/uploads/2018/05/cat-8016-02-300x300.jpg HTTP/1.1" 304 3565 "-" "Googlebot-Image/1.0" "-"
217.76.130.90 - - [15/Dec/2019:04:33:56 +0100] "POST /wp-cron.php?doing_wp_cron=1576380835.8722660541534423828125 HTTP/1.1" 200 3389 "https://amazingsportwear.com/wp-cron.php?doing_wp_cron=1576380835.8722660541534423828125" "WordPress/5.2.5; https://amazingsportwear.com" "-"
178.213.191.199 - - [15/Dec/2019:04:33:40 +0100] "GET /wp-content/plugins/google-document-embedder/libs/pdf.php?fn=lol.pdf&file=../../../../wp-config.php HTTP/1.1" 404 72260 "-" "Mozilla/4.0 (compatible; MSIE 6.0; Windows NT 5.1; SV1)" "-"
157.55.39.252 - - [15/Dec/2019:04:33:32 +0100] "GET /categoria-producto/hombre/sudaderas/ HTTP/1.1" 200 60625 "-" "Mozilla/5.0 (compatible; bingbot/2.0; +http://www.bing.com/bingbot.htm)" "-"
40.77.189.151 - - [15/Dec/2019:04:37:04 +0100] "GET /wp-includes/css/dist/block-library/style.min.css?ver=5.2.5 HTTP/1.1" 200 33023 "-" "Mozilla/5.0 (Windows NT 6.1; WOW64) AppleWebKit/534+ (KHTML, like Gecko) BingPreview/1.0b" "-"
40.77.189.52 - - [15/Dec/2019:04:37:05 +0100] "GET /wp-content/plugins/woocommerce/assets/css/blocks/style.css?ver=3.6.4 HTTP/1.1" 200 10060 "-" "Mozilla/5.0 (Windows NT 6.1; WOW64) AppleWebKit/534+ (KHTML, like Gecko) BingPreview/1.0b" "-"
40.77.189.196 - - [15/Dec/2019:04:37:07 +0100] "GET /wp-content/plugins/cookie-law-info/public/css/cookie-law-info-public.css?ver=1.7.6 HTTP/1.1" 200 6598 "-" "Mozilla/5.0 (Windows NT 6.1; WOW64) AppleWebKit/534+ (KHTML, like Gecko) BingPreview/1.0b" "-"
40.77.188.189 - - [15/Dec/2019:04:37:10 +0100] "GET /wp-content/themes/shopper/assets/sass/woocommerce/woocommerce.css?ver=5.2.5 HTTP/1.1" 200 86897 "-" "Mozilla/5.0 (Windows NT 6.1; WOW64) AppleWebKit/534+ (KHTML, like Gecko) BingPreview/1.0b" "-"
40.77.188.199 - - [15/Dec/2019:04:37:17 +0100] "GET /wp-includes/js/jquery/jquery-migrate.min.js?ver=1.4.1 HTTP/1.1" 200 13762 "-" "Mozilla/5.0 (Windows NT 6.1; WOW64) AppleWebKit/534+ (KHTML, like Gecko) BingPreview/1.0b" "-"
40.77.189.22 - - [15/Dec/2019:04:37:21 +0100] "GET /wp-content/plugins/wpfront-notification-bar/js/wpfront-notification-bar.js?ver=1.7.1 HTTP/1.1" 200 9025 "-" "Mozilla/5.0 (Windows NT 6.1; WOW64) AppleWebKit/534+ (KHTML, like Gecko) BingPreview/1.0b" "-"
40.77.188.45 - - [15/Dec/2019:04:37:23 +0100] "GET /wp-content/themes/shopper/assets/js/crm.js?ver=1561548510 HTTP/1.1" 200 4237 "-" "Mozilla/5.0 (Windows NT 6.1; WOW64) AppleWebKit/534+ (KHTML, like Gecko) BingPreview/1.0b" "-"
40.77.188.240 - - [15/Dec/2019:04:37:25 +0100] "GET /wp-content/themes/shopper/assets/fonts/fontawesome-webfont.ttf?v=4.7.0 HTTP/1.1" 200 169541 "-" "Mozilla/5.0 (Windows NT 6.1; WOW64) AppleWebKit/534+ (KHTML, like Gecko) BingPreview/1.0b" "-"
40.77.191.50 - - [15/Dec/2019:04:37:27 +0100] "GET /wp-content/plugins/woocommerce/assets/js/jquery-blockui/jquery.blockUI.min.js?ver=2.70 HTTP/1.1" 200 13271 "-" "Mozilla/5.0 (Windows NT 6.1; WOW64) AppleWebKit/534+ (KHTML, like Gecko) BingPreview/1.0b" "-"
40.77.188.162 - - [15/Dec/2019:04:37:28 +0100] "GET /wp-content/plugins/woocommerce/assets/js/frontend/add-to-cart.min.js?ver=3.6.4 HTTP/1.1" 200 6346 "-" "Mozilla/5.0 (Windows NT 6.1; WOW64) AppleWebKit/534+ (KHTML, like Gecko) BingPreview/1.0b" "-"
40.77.189.169 - - [15/Dec/2019:04:37:29 +0100] "GET /wp-content/plugins/woocommerce/assets/js/js-cookie/js.cookie.min.js?ver=2.1.4 HTTP/1.1" 200 5550 "-" "Mozilla/5.0 (Windows NT 6.1; WOW64) AppleWebKit/534+ (KHTML, like Gecko) BingPreview/1.0b" "-"
40.77.188.199 - - [15/Dec/2019:04:37:32 +0100] "GET /wp-content/plugins/woocommerce/assets/js/frontend/woocommerce.min.js?ver=3.6.4 HTTP/1.1" 200 1813 "-" "Mozilla/5.0 (Windows NT 6.1; WOW64) AppleWebKit/534+ (KHTML, like Gecko) BingPreview/1.0b" "-"
40.77.189.77 - - [15/Dec/2019:04:37:35 +0100] "GET /wp-content/themes/shopper/assets/js/shopper.min.js?ver=1.3.8 HTTP/1.1" 200 9357 "-" "Mozilla/5.0 (Windows NT 6.1; WOW64) AppleWebKit/534+ (KHTML, like Gecko) BingPreview/1.0b" "-"
40.77.189.137 - - [15/Dec/2019:04:37:37 +0100] "GET /wp-content/themes/shopper/assets/js/woocommerce/header-cart.min.js?ver=1.3.8 HTTP/1.1" 200 4335 "-" "Mozilla/5.0 (Windows NT 6.1; WOW64) AppleWebKit/534+ (KHTML, like Gecko) BingPreview/1.0b" "-"
40.77.189.122 - - [15/Dec/2019:04:37:40 +0100] "GET /wp-includes/js/wp-embed.min.js?ver=5.2.5 HTTP/1.1" 200 5107 "-" "Mozilla/5.0 (Windows NT 6.1; WOW64) AppleWebKit/534+ (KHTML, like Gecko) BingPreview/1.0b" "-"
217.76.130.90 - - [15/Dec/2019:04:37:56 +0100] "POST /wp-cron.php?doing_wp_cron=1576381075.9090549945831298828125 HTTP/1.1" 200 3389 "https://amazingsportwear.com/wp-cron.php?doing_wp_cron=1576381075.9090549945831298828125" "WordPress/5.2.5; https://amazingsportwear.com" "-"
40.77.189.169 - - [15/Dec/2019:04:37:41 +0100] "GET /?wc-ajax=get_refreshed_fragments HTTP/1.1" 200 1298 "-" "Mozilla/5.0 (Windows NT 6.1; WOW64) AppleWebKit/534+ (KHTML, like Gecko) BingPreview/1.0b" "-"
217.76.130.90 - - [15/Dec/2019:04:53:05 +0100] "POST /wp-cron.php?doing_wp_cron=1576381985.6876070499420166015625 HTTP/1.1" 200 164 "http://amazingsportwear.com/wp-cron.php?doing_wp_cron=1576381985.6876070499420166015625" "WordPress/5.2.5; https://amazingsportwear.com" "-"
136.243.70.151 - - [15/Dec/2019:04:52:59 +0100] "GET /robots.txt HTTP/1.1" 200 432 "-" "Mozilla/5.0 (compatible; MJ12bot/v1.4.8; http://mj12bot.com/)" "-"
136.243.70.151 - - [15/Dec/2019:04:53:07 +0100] "GET / HTTP/1.1" 301 279 "-" "Mozilla/5.0 (compatible; MJ12bot/v1.4.8; http://mj12bot.com/)" "-"
136.243.70.151 - - [15/Dec/2019:04:53:08 +0100] "GET /robots.txt HTTP/1.1" 200 3939 "-" "Mozilla/5.0 (compatible; MJ12bot/v1.4.8; http://mj12bot.com/)" "-"
136.243.70.151 - - [15/Dec/2019:04:53:11 +0100] "GET / HTTP/1.1" 200 122389 "-" "Mozilla/5.0 (compatible; MJ12bot/v1.4.8; http://mj12bot.com/)" "-"
217.76.130.90 - - [15/Dec/2019:04:58:22 +0100] "POST /wp-cron.php?doing_wp_cron=1576382302.4210240840911865234375 HTTP/1.1" 200 3389 "https://amazingsportwear.com/wp-cron.php?doing_wp_cron=1576382302.4210240840911865234375" "WordPress/5.2.5; https://amazingsportwear.com" "-"
157.55.39.80 - - [15/Dec/2019:04:58:19 +0100] "GET /producto/botella-transparente-sky/ HTTP/1.1" 200 99724 "-" "Mozilla/5.0 (compatible; bingbot/2.0; +http://www.bing.com/bingbot.htm)" "-"
217.76.130.90 - - [15/Dec/2019:04:59:59 +0100] "POST /wp-cron.php?doing_wp_cron=1576382399.8766739368438720703125 HTTP/1.1" 200 3389 "https://amazingsportwear.com/wp-cron.php?doing_wp_cron=1576382399.8766739368438720703125" "WordPress/5.2.5; https://amazingsportwear.com" "-"
17.58.96.177 - - [15/Dec/2019:04:59:59 +0100] "GET /producto/calcetin-deportivo-lycra-cp-lycra/ HTTP/1.1" 200 92065 "-" "Mozilla/5.0 (Macintosh; Intel Mac OS X 10_10_1) AppleWebKit/600.2.5 (KHTML, like Gecko) Version/8.0.2 Safari/600.2.5 (Applebot/0.1; +http://www.apple.com/go/applebot)" "-"
157.55.39.80 - - [15/Dec/2019:05:03:59 +0100] "GET /wp-content/plugins/product-enquiry-for-woocommerce/js/wdm_jquery.validate.min.js?ver=5.2.5 HTTP/1.1" 200 25181 "-" "msnbot/2.0b (+http://search.msn.com/msnbot.htm)" "-"
157.55.39.80 - - [15/Dec/2019:05:04:01 +0100] "GET /wp-content/plugins/woocommerce/assets/css/photoswipe/photoswipe.css?ver=3.6.4 HTTP/1.1" 200 4472 "-" "msnbot/2.0b (+http://search.msn.com/msnbot.htm)" "-"
157.55.39.80 - - [15/Dec/2019:05:04:02 +0100] "GET /wp-content/plugins/woocommerce/assets/js/flexslider/jquery.flexslider.min.js?ver=2.7.2 HTTP/1.1" 200 23232 "-" "msnbot/2.0b (+http://search.msn.com/msnbot.htm)" "-"
157.55.39.80 - - [15/Dec/2019:05:04:04 +0100] "GET /wp-content/plugins/woocommerce/assets/js/photoswipe/photoswipe.min.js?ver=4.1.1 HTTP/1.1" 200 32276 "-" "msnbot/2.0b (+http://search.msn.com/msnbot.htm)" "-"
157.55.39.80 - - [15/Dec/2019:05:04:05 +0100] "GET /wp-includes/js/jquery/ui/core.min.js?ver=1.11.4 HTTP/1.1" 200 4341 "-" "msnbot/2.0b (+http://search.msn.com/msnbot.htm)" "-"
207.46.13.13 - - [15/Dec/2019:05:04:14 +0100] "GET /wp-content/plugins/akismet/_inc/form.js?ver=4.1.2 HTTP/1.1" 200 4403 "-" "msnbot/2.0b (+http://search.msn.com/msnbot.htm)" "-"
207.46.13.13 - - [15/Dec/2019:05:04:16 +0100] "GET /wp-content/plugins/woocommerce/assets/js/frontend/add-to-cart-variation.min.js?ver=3.6.4 HTTP/1.1" 200 13625 "-" "msnbot/2.0b (+http://search.msn.com/msnbot.htm)" "-"
207.46.13.13 - - [15/Dec/2019:05:04:18 +0100] "GET /wp-content/plugins/woocommerce/assets/js/photoswipe/photoswipe-ui-default.min.js?ver=4.1.1 HTTP/1.1" 200 10220 "-" "msnbot/2.0b (+http://search.msn.com/msnbot.htm)" "-"
207.46.13.13 - - [15/Dec/2019:05:04:19 +0100] "GET /wp-includes/js/jquery/ui/button.min.js?ver=1.11.4 HTTP/1.1" 200 7578 "-" "msnbot/2.0b (+http://search.msn.com/msnbot.htm)" "-"
207.46.13.13 - - [15/Dec/2019:05:04:20 +0100] "GET /wp-includes/js/wp-util.min.js?ver=5.2.5 HTTP/1.1" 200 1387 "-" "msnbot/2.0b (+http://search.msn.com/msnbot.htm)" "-"
