18.191.168.17 - - [04/Dec/2019:08:01:37 +0100] "GET /wp-includes/js/jquery/jquery-migrate.min.js?ver=1.4.1 HTTP/1.1" 200 10399 "https://amazingsportwear.com/" "Mozilla/5.0 (X11; Linux x86_64) AppleWebKit/537.36 (KHTML, like Gecko) Chrome/75.0.3770.142 Safari/537.36" "wpfront-notification-bar-landingpage=1"
18.191.168.17 - - [04/Dec/2019:08:01:37 +0100] "GET /wp-content/plugins/wpfront-notification-bar/jquery-plugins/jquery.c.js?ver=1.4.0 HTTP/1.1" 200 3437 "https://amazingsportwear.com/" "Mozilla/5.0 (X11; Linux x86_64) AppleWebKit/537.36 (KHTML, like Gecko) Chrome/75.0.3770.142 Safari/537.36" "wpfront-notification-bar-landingpage=1"
18.191.168.17 - - [04/Dec/2019:08:01:37 +0100] "GET /wp-content/plugins/cookie-law-info/public/js/cookie-law-info-public.js?ver=1.7.6 HTTP/1.1" 200 17076 "https://amazingsportwear.com/" "Mozilla/5.0 (X11; Linux x86_64) AppleWebKit/537.36 (KHTML, like Gecko) Chrome/75.0.3770.142 Safari/537.36" "wpfront-notification-bar-landingpage=1"
18.191.168.17 - - [04/Dec/2019:08:01:37 +0100] "GET /wp-includes/js/jquery/jquery.js?ver=1.12.4-wp HTTP/1.1" 200 97362 "https://amazingsportwear.com/" "Mozilla/5.0 (X11; Linux x86_64) AppleWebKit/537.36 (KHTML, like Gecko) Chrome/75.0.3770.142 Safari/537.36" "wpfront-notification-bar-landingpage=1"
18.191.168.17 - - [04/Dec/2019:08:01:37 +0100] "GET /wp-content/plugins/wpfront-notification-bar/js/wpfront-notification-bar.js?ver=1.7.1 HTTP/1.1" 200 5662 "https://amazingsportwear.com/" "Mozilla/5.0 (X11; Linux x86_64) AppleWebKit/537.36 (KHTML, like Gecko) Chrome/75.0.3770.142 Safari/537.36" "wpfront-notification-bar-landingpage=1"
18.191.168.17 - - [04/Dec/2019:08:01:37 +0100] "GET /wp-content/plugins/simple-social-icons/svgxuse.js?ver=1.1.21 HTTP/1.1" 200 9580 "https://amazingsportwear.com/" "Mozilla/5.0 (X11; Linux x86_64) AppleWebKit/537.36 (KHTML, like Gecko) Chrome/75.0.3770.142 Safari/537.36" "wpfront-notification-bar-landingpage=1"
18.191.168.17 - - [04/Dec/2019:08:01:37 +0100] "GET /wp-content/plugins/smart-slider-3/nextend/media/dist/n2.min.js?1559118093 HTTP/1.1" 200 3836 "https://amazingsportwear.com/" "Mozilla/5.0 (X11; Linux x86_64) AppleWebKit/537.36 (KHTML, like Gecko) Chrome/75.0.3770.142 Safari/537.36" "wpfront-notification-bar-landingpage=1"
18.191.168.17 - - [04/Dec/2019:08:01:37 +0100] "GET /wp-content/plugins/smart-slider-3/nextend/media/dist/nextend-frontend.min.js?1559118093 HTTP/1.1" 200 86339 "https://amazingsportwear.com/" "Mozilla/5.0 (X11; Linux x86_64) AppleWebKit/537.36 (KHTML, like Gecko) Chrome/75.0.3770.142 Safari/537.36" "wpfront-notification-bar-landingpage=1"
18.191.168.17 - - [04/Dec/2019:08:01:37 +0100] "GET /wp-content/plugins/smart-slider-3/library/media/plugins/type/simple/simple/dist/smartslider-simple-type-frontend.min.js?1559118093 HTTP/1.1" 200 18973 "https://amazingsportwear.com/" "Mozilla/5.0 (X11; Linux x86_64) AppleWebKit/537.36 (KHTML, like Gecko) Chrome/75.0.3770.142 Safari/537.36" "wpfront-notification-bar-landingpage=1"
18.191.168.17 - - [04/Dec/2019:08:01:37 +0100] "GET /wp-content/themes/shopper/assets/js/crm.js?ver=1561548510 HTTP/1.1" 200 874 "https://amazingsportwear.com/" "Mozilla/5.0 (X11; Linux x86_64) AppleWebKit/537.36 (KHTML, like Gecko) Chrome/75.0.3770.142 Safari/537.36" "wpfront-notification-bar-landingpage=1; _ga=GA1.2.255140924.1575442897; _gid=GA1.2.1833876378.1575442897; _gat_gtag_UA_91619287_1=1"
18.191.168.17 - - [04/Dec/2019:08:01:37 +0100] "GET /wp-content/plugins/woocommerce/assets/js/jquery-blockui/jquery.blockUI.min.js?ver=2.70 HTTP/1.1" 200 9908 "https://amazingsportwear.com/" "Mozilla/5.0 (X11; Linux x86_64) AppleWebKit/537.36 (KHTML, like Gecko) Chrome/75.0.3770.142 Safari/537.36" "wpfront-notification-bar-landingpage=1; _ga=GA1.2.255140924.1575442897; _gid=GA1.2.1833876378.1575442897; _gat_gtag_UA_91619287_1=1"
18.191.168.17 - - [04/Dec/2019:08:01:37 +0100] "GET /wp-content/plugins/smart-slider-3/library/media/dist/smartslider-frontend.min.js?1559118093 HTTP/1.1" 200 127293 "https://amazingsportwear.com/" "Mozilla/5.0 (X11; Linux x86_64) AppleWebKit/537.36 (KHTML, like Gecko) Chrome/75.0.3770.142 Safari/537.36" "wpfront-notification-bar-landingpage=1"
18.191.168.17 - - [04/Dec/2019:08:01:37 +0100] "GET /wp-content/plugins/woocommerce/assets/js/frontend/add-to-cart.min.js?ver=3.6.4 HTTP/1.1" 200 2983 "https://amazingsportwear.com/" "Mozilla/5.0 (X11; Linux x86_64) AppleWebKit/537.36 (KHTML, like Gecko) Chrome/75.0.3770.142 Safari/537.36" "wpfront-notification-bar-landingpage=1; _ga=GA1.2.255140924.1575442897; _gid=GA1.2.1833876378.1575442897; _gat_gtag_UA_91619287_1=1"
18.191.168.17 - - [04/Dec/2019:08:01:37 +0100] "GET /wp-content/plugins/woocommerce/assets/js/js-cookie/js.cookie.min.js?ver=2.1.4 HTTP/1.1" 200 2187 "https://amazingsportwear.com/" "Mozilla/5.0 (X11; Linux x86_64) AppleWebKit/537.36 (KHTML, like Gecko) Chrome/75.0.3770.142 Safari/537.36" "wpfront-notification-bar-landingpage=1; _ga=GA1.2.255140924.1575442897; _gid=GA1.2.1833876378.1575442897; _gat_gtag_UA_91619287_1=1"
18.191.168.17 - - [04/Dec/2019:08:01:37 +0100] "GET /wp-content/themes/shopper/assets/js/skip-link-focus-fix.js?ver=1.3.8 HTTP/1.1" 200 1023 "https://amazingsportwear.com/" "Mozilla/5.0 (X11; Linux x86_64) AppleWebKit/537.36 (KHTML, like Gecko) Chrome/75.0.3770.142 Safari/537.36" "wpfront-notification-bar-landingpage=1; _ga=GA1.2.255140924.1575442897; _gid=GA1.2.1833876378.1575442897; _gat_gtag_UA_91619287_1=1"
18.191.168.17 - - [04/Dec/2019:08:01:37 +0100] "GET /wp-content/plugins/woocommerce/assets/js/frontend/cart-fragments.min.js?ver=3.6.4 HTTP/1.1" 200 3281 "https://amazingsportwear.com/" "Mozilla/5.0 (X11; Linux x86_64) AppleWebKit/537.36 (KHTML, like Gecko) Chrome/75.0.3770.142 Safari/537.36" "wpfront-notification-bar-landingpage=1; _ga=GA1.2.255140924.1575442897; _gid=GA1.2.1833876378.1575442897; _gat_gtag_UA_91619287_1=1"
18.191.168.17 - - [04/Dec/2019:08:01:37 +0100] "GET /wp-content/plugins/woocommerce/assets/js/frontend/woocommerce.min.js?ver=3.6.4 HTTP/1.1" 200 1813 "https://amazingsportwear.com/" "Mozilla/5.0 (X11; Linux x86_64) AppleWebKit/537.36 (KHTML, like Gecko) Chrome/75.0.3770.142 Safari/537.36" "wpfront-notification-bar-landingpage=1; _ga=GA1.2.255140924.1575442897; _gid=GA1.2.1833876378.1575442897; _gat_gtag_UA_91619287_1=1"
18.191.168.17 - - [04/Dec/2019:08:01:37 +0100] "GET /wp-content/themes/shopper/assets/js/shopper.min.js?ver=1.3.8 HTTP/1.1" 200 5994 "https://amazingsportwear.com/" "Mozilla/5.0 (X11; Linux x86_64) AppleWebKit/537.36 (KHTML, like Gecko) Chrome/75.0.3770.142 Safari/537.36" "wpfront-notification-bar-landingpage=1; _ga=GA1.2.255140924.1575442897; _gid=GA1.2.1833876378.1575442897; _gat_gtag_UA_91619287_1=1"
18.191.168.17 - - [04/Dec/2019:08:01:38 +0100] "GET /wp-content/themes/shopper/assets/js/woocommerce/header-cart.min.js?ver=1.3.8 HTTP/1.1" 200 972 "https://amazingsportwear.com/" "Mozilla/5.0 (X11; Linux x86_64) AppleWebKit/537.36 (KHTML, like Gecko) Chrome/75.0.3770.142 Safari/537.36" "wpfront-notification-bar-landingpage=1; _ga=GA1.2.255140924.1575442897; _gid=GA1.2.1833876378.1575442897; _gat_gtag_UA_91619287_1=1"
18.191.168.17 - - [04/Dec/2019:08:01:38 +0100] "GET /wp-includes/js/wp-embed.min.js?ver=5.2.4 HTTP/1.1" 200 1744 "https://amazingsportwear.com/" "Mozilla/5.0 (X11; Linux x86_64) AppleWebKit/537.36 (KHTML, like Gecko) Chrome/75.0.3770.142 Safari/537.36" "wpfront-notification-bar-landingpage=1; _ga=GA1.2.255140924.1575442897; _gid=GA1.2.1833876378.1575442897; _gat_gtag_UA_91619287_1=1"
18.191.168.17 - - [04/Dec/2019:08:01:38 +0100] "GET /wp-content/plugins/elementor/assets/lib/slick/slick.min.js?ver=1.8.1 HTTP/1.1" 200 43264 "https://amazingsportwear.com/" "Mozilla/5.0 (X11; Linux x86_64) AppleWebKit/537.36 (KHTML, like Gecko) Chrome/75.0.3770.142 Safari/537.36" "wpfront-notification-bar-landingpage=1; _ga=GA1.2.255140924.1575442897; _gid=GA1.2.1833876378.1575442897; _gat_gtag_UA_91619287_1=1"
18.191.168.17 - - [04/Dec/2019:08:01:38 +0100] "GET /wp-content/plugins/elementor/assets/js/frontend-modules.min.js?ver=2.5.16 HTTP/1.1" 200 11486 "https://amazingsportwear.com/" "Mozilla/5.0 (X11; Linux x86_64) AppleWebKit/537.36 (KHTML, like Gecko) Chrome/75.0.3770.142 Safari/537.36" "wpfront-notification-bar-landingpage=1; _ga=GA1.2.255140924.1575442897; _gid=GA1.2.1833876378.1575442897; _gat_gtag_UA_91619287_1=1"
18.191.168.17 - - [04/Dec/2019:08:01:38 +0100] "GET /wp-includes/js/jquery/ui/position.min.js?ver=1.11.4 HTTP/1.1" 200 6869 "https://amazingsportwear.com/" "Mozilla/5.0 (X11; Linux x86_64) AppleWebKit/537.36 (KHTML, like Gecko) Chrome/75.0.3770.142 Safari/537.36" "wpfront-notification-bar-landingpage=1; _ga=GA1.2.255140924.1575442897; _gid=GA1.2.1833876378.1575442897; _gat_gtag_UA_91619287_1=1"
18.191.168.17 - - [04/Dec/2019:08:01:38 +0100] "GET /wp-content/plugins/elementor/assets/lib/dialog/dialog.min.js?ver=4.7.1 HTTP/1.1" 200 10911 "https://amazingsportwear.com/" "Mozilla/5.0 (X11; Linux x86_64) AppleWebKit/537.36 (KHTML, like Gecko) Chrome/75.0.3770.142 Safari/537.36" "wpfront-notification-bar-landingpage=1; _ga=GA1.2.255140924.1575442897; _gid=GA1.2.1833876378.1575442897; _gat_gtag_UA_91619287_1=1"
18.191.168.17 - - [04/Dec/2019:08:01:38 +0100] "GET /wp-content/plugins/elementor/assets/lib/waypoints/waypoints.min.js?ver=4.0.2 HTTP/1.1" 200 12541 "https://amazingsportwear.com/" "Mozilla/5.0 (X11; Linux x86_64) AppleWebKit/537.36 (KHTML, like Gecko) Chrome/75.0.3770.142 Safari/537.36" "wpfront-notification-bar-landingpage=1; _ga=GA1.2.255140924.1575442897; _gid=GA1.2.1833876378.1575442897; _gat_gtag_UA_91619287_1=1"
18.191.168.17 - - [04/Dec/2019:08:01:38 +0100] "GET /wp-includes/js/jquery/ui/core.min.js?ver=1.11.4 HTTP/1.1" 200 4341 "https://amazingsportwear.com/" "Mozilla/5.0 (X11; Linux x86_64) AppleWebKit/537.36 (KHTML, like Gecko) Chrome/75.0.3770.142 Safari/537.36" "wpfront-notification-bar-landingpage=1; _ga=GA1.2.255140924.1575442897; _gid=GA1.2.1833876378.1575442897; _gat_gtag_UA_91619287_1=1"
18.191.168.17 - - [04/Dec/2019:08:01:38 +0100] "GET /wp-content/plugins/elementor/assets/js/frontend.min.js?ver=2.5.16 HTTP/1.1" 200 41341 "https://amazingsportwear.com/" "Mozilla/5.0 (X11; Linux x86_64) AppleWebKit/537.36 (KHTML, like Gecko) Chrome/75.0.3770.142 Safari/537.36" "wpfront-notification-bar-landingpage=1; _ga=GA1.2.255140924.1575442897; _gid=GA1.2.1833876378.1575442897; _gat_gtag_UA_91619287_1=1"
18.191.168.17 - - [04/Dec/2019:08:01:38 +0100] "GET /wp-content/plugins/elementor/assets/lib/swiper/swiper.min.js?ver=4.4.6 HTTP/1.1" 200 126126 "https://amazingsportwear.com/" "Mozilla/5.0 (X11; Linux x86_64) AppleWebKit/537.36 (KHTML, like Gecko) Chrome/75.0.3770.142 Safari/537.36" "wpfront-notification-bar-landingpage=1; _ga=GA1.2.255140924.1575442897; _gid=GA1.2.1833876378.1575442897; _gat_gtag_UA_91619287_1=1"
18.191.168.17 - - [04/Dec/2019:08:01:38 +0100] "GET /wp-content/plugins/si-contact-form/includes/fscf-scripts.js?ver=179 HTTP/1.1" 200 1033 "https://amazingsportwear.com/" "Mozilla/5.0 (X11; Linux x86_64) AppleWebKit/537.36 (KHTML, like Gecko) Chrome/75.0.3770.142 Safari/537.36" "wpfront-notification-bar-landingpage=1; _ga=GA1.2.255140924.1575442897; _gid=GA1.2.1833876378.1575442897; _gat_gtag_UA_91619287_1=1"
18.191.168.17 - - [04/Dec/2019:08:01:38 +0100] "GET /wp-content/plugins/simple-social-icons/symbol-defs.svg HTTP/1.1" 200 19699 "https://amazingsportwear.com/" "Mozilla/5.0 (X11; Linux x86_64) AppleWebKit/537.36 (KHTML, like Gecko) Chrome/75.0.3770.142 Safari/537.36" "wpfront-notification-bar-landingpage=1; _ga=GA1.2.255140924.1575442897; _gid=GA1.2.1833876378.1575442897; _gat_gtag_UA_91619287_1=1"
18.191.168.17 - - [04/Dec/2019:08:01:39 +0100] "POST /?wc-ajax=get_refreshed_fragments HTTP/1.1" 200 1345 "https://amazingsportwear.com/" "Mozilla/5.0 (X11; Linux x86_64) AppleWebKit/537.36 (KHTML, like Gecko) Chrome/75.0.3770.142 Safari/537.36" "wpfront-notification-bar-landingpage=1; _ga=GA1.2.255140924.1575442897; _gid=GA1.2.1833876378.1575442897; _gat_gtag_UA_91619287_1=1"
18.191.168.17 - - [04/Dec/2019:08:01:44 +0100] "GET /wp-content/uploads/2019/05/cropped-favicon-nuevo-logo-amazinf-128px-32x32.png HTTP/1.1" 200 4587 "https://amazingsportwear.com/" "Mozilla/5.0 (X11; Linux x86_64) AppleWebKit/537.36 (KHTML, like Gecko) Chrome/75.0.3770.142 Safari/537.36" "-"
18.191.168.17 - - [04/Dec/2019:08:01:45 +0100] "GET /robots.txt HTTP/1.1" 200 3906 "-" "Python-urllib/3.7" "-"
18.191.168.17 - - [04/Dec/2019:08:01:46 +0100] "GET /contacta-con-nosotros/ HTTP/1.1" 200 58959 "-" "Mozilla/5.0 (X11; Linux x86_64) AppleWebKit/537.36 (KHTML, like Gecko) Chrome/75.0.3770.142 Safari/537.36" "wpfront-notification-bar-landingpage=1; _ga=GA1.2.255140924.1575442897; _gid=GA1.2.1833876378.1575442897; _gat_gtag_UA_91619287_1=1"
18.191.168.17 - - [04/Dec/2019:08:01:48 +0100] "POST /?wc-ajax=get_refreshed_fragments HTTP/1.1" 200 1345 "https://amazingsportwear.com/contacta-con-nosotros/" "Mozilla/5.0 (X11; Linux x86_64) AppleWebKit/537.36 (KHTML, like Gecko) Chrome/75.0.3770.142 Safari/537.36" "wpfront-notification-bar-landingpage=1; _ga=GA1.2.255140924.1575442897; _gid=GA1.2.1833876378.1575442897; _gat_gtag_UA_91619287_1=1"
217.76.130.90 - - [04/Dec/2019:08:02:05 +0100] "POST /wp-cron.php?doing_wp_cron=1575442925.1016550064086914062500 HTTP/1.1" 200 164 "http://amazingsportwear.com/wp-cron.php?doing_wp_cron=1575442925.1016550064086914062500" "WordPress/5.2.4; https://amazingsportwear.com" "-"
51.68.11.191 - - [04/Dec/2019:08:02:04 +0100] "GET /wp-admin/user/mide.php HTTP/1.1" 404 67979 "http://site.ru" "Mozilla/5.0 (Windows; U; Windows NT 5.1; en-US) AppleWebKit/533.4 (KHTML, like Gecko) Chrome/5.0.375.99 Safari/533.4" "-"
217.76.130.90 - - [04/Dec/2019:08:08:03 +0100] "POST /wp-cron.php?doing_wp_cron=1575443283.8142399787902832031250 HTTP/1.1" 200 3389 "https://amazingsportwear.com/wp-cron.php?doing_wp_cron=1575443283.8142399787902832031250" "WordPress/5.2.4; https://amazingsportwear.com" "-"
66.249.66.66 - - [04/Dec/2019:08:08:00 +0100] "GET /producto/gorra-sport/ HTTP/1.1" 200 102807 "-" "Mozilla/5.0 (Linux; Android 6.0.1; Nexus 5X Build/MMB29P) AppleWebKit/537.36 (KHTML, like Gecko) Chrome/41.0.2272.96 Mobile Safari/537.36 (compatible; Googlebot/2.1; +http://www.google.com/bot.html)" "-"
217.76.130.90 - - [04/Dec/2019:08:09:52 +0100] "POST /wp-cron.php?doing_wp_cron=1575443392.0392138957977294921875 HTTP/1.1" 200 3389 "https://amazingsportwear.com/wp-cron.php?doing_wp_cron=1575443392.0392138957977294921875" "WordPress/5.2.4; https://amazingsportwear.com" "-"
157.55.39.19 - - [04/Dec/2019:08:09:51 +0100] "GET /robots.txt HTTP/1.1" 200 2297 "-" "Mozilla/5.0 (compatible; bingbot/2.0; +http://www.bing.com/bingbot.htm)" "-"
157.55.39.19 - - [04/Dec/2019:08:09:52 +0100] "GET /robots.txt HTTP/1.1" 200 3939 "-" "Mozilla/5.0 (compatible; bingbot/2.0; +http://www.bing.com/bingbot.htm)" "-"
217.76.130.90 - - [04/Dec/2019:08:10:34 +0100] "POST /wp-cron.php?doing_wp_cron=1575443434.8832778930664062500000 HTTP/1.1" 200 3389 "https://amazingsportwear.com/wp-cron.php?doing_wp_cron=1575443434.8832778930664062500000" "WordPress/5.2.4; https://amazingsportwear.com" "-"
40.77.167.49 - - [04/Dec/2019:08:10:34 +0100] "GET /etiqueta-producto/bidon-halmik/ HTTP/1.1" 200 53880 "-" "Mozilla/5.0 (compatible; bingbot/2.0; +http://www.bing.com/bingbot.htm)" "-"
217.76.130.90 - - [04/Dec/2019:08:19:13 +0100] "POST /wp-cron.php?doing_wp_cron=1575443953.1096279621124267578125 HTTP/1.1" 200 3389 "https://amazingsportwear.com/wp-cron.php?doing_wp_cron=1575443953.1096279621124267578125" "WordPress/5.2.4; https://amazingsportwear.com" "-"
66.249.66.66 - - [04/Dec/2019:08:19:12 +0100] "GET /producto/bidon-camiseta-zablex/ HTTP/1.1" 200 94554 "-" "Mozilla/5.0 (Linux; Android 6.0.1; Nexus 5X Build/MMB29P) AppleWebKit/537.36 (KHTML, like Gecko) Chrome/41.0.2272.96 Mobile Safari/537.36 (compatible; Googlebot/2.1; +http://www.google.com/bot.html)" "-"
66.249.66.66 - - [04/Dec/2019:08:19:22 +0100] "POST /?wc-ajax=get_refreshed_fragments HTTP/1.1" 200 1397 "https://amazingsportwear.com/producto/bidon-camiseta-zablex/" "Mozilla/5.0 (Linux; Android 6.0.1; Nexus 5X Build/MMB29P) AppleWebKit/537.36 (KHTML, like Gecko) Chrome/41.0.2272.96 Mobile Safari/537.36 (compatible; Googlebot/2.1; +http://www.google.com/bot.html)" "_ga=GA1.2.969013651.1575417600; _gid=GA1.2.1978218920.1575417600; _gat_gtag_UA_91619287_1=1"
217.76.130.90 - - [04/Dec/2019:08:38:44 +0100] "POST /wp-cron.php?doing_wp_cron=1575445124.8183588981628417968750 HTTP/1.1" 200 164 "http://amazingsportwear.com/wp-cron.php?doing_wp_cron=1575445124.8183588981628417968750" "WordPress/5.2.4; https://amazingsportwear.com" "-"
157.55.39.19 - - [04/Dec/2019:08:38:41 +0100] "GET /robots.txt HTTP/1.1" 200 432 "-" "Mozilla/5.0 (compatible; bingbot/2.0; +http://www.bing.com/bingbot.htm)" "-"
157.55.39.121 - - [04/Dec/2019:08:38:45 +0100] "GET /wp-content/uploads/2017/03/aq-cosmic-morado.jpg HTTP/1.1" 200 331247 "-" "Mozilla/5.0 (compatible; bingbot/2.0; +http://www.bing.com/bingbot.htm)" "-"
157.55.39.121 - - [04/Dec/2019:08:39:05 +0100] "GET /wp-content/uploads/2018/06/sa-6502-colores-1.jpg HTTP/1.1" 200 47018 "-" "Mozilla/5.0 (compatible; bingbot/2.0; +http://www.bing.com/bingbot.htm)" "-"
157.55.39.184 - - [04/Dec/2019:08:48:29 +0100] "GET /wp-content/uploads/2019/04/gorra-tecnica-amarilla.png HTTP/1.1" 200 83334 "-" "Mozilla/5.0 (compatible; bingbot/2.0; +http://www.bing.com/bingbot.htm)" "-"
207.46.13.51 - - [04/Dec/2019:08:58:10 +0100] "GET /wp-content/uploads/2017/03/aq-cosmic-hombre.jpg HTTP/1.1" 200 734735 "-" "Mozilla/5.0 (compatible; bingbot/2.0; +http://www.bing.com/bingbot.htm)" "-"
165.225.92.144 - - [04/Dec/2019:08:59:31 +0100] "GET /wp-content/uploads/2019/04/SUMO-ROJO.png HTTP/1.1" 200 161345 "https://www.google.com/" "Mozilla/5.0 (Windows NT 10.0; Win64; x64) AppleWebKit/537.36 (KHTML, like Gecko) Chrome/78.0.3904.108 Safari/537.36" "-"
217.76.130.90 - - [04/Dec/2019:09:06:50 +0100] "POST /wp-cron.php?doing_wp_cron=1575446810.4855411052703857421875 HTTP/1.1" 200 164 "http://amazingsportwear.com/wp-cron.php?doing_wp_cron=1575446810.4855411052703857421875" "WordPress/5.2.4; https://amazingsportwear.com" "-"
66.249.66.86 - - [04/Dec/2019:09:06:48 +0100] "GET /atletismo/67-sudadera-cuello-redondo.html HTTP/1.1" 404 68103 "-" "Mozilla/5.0 (Linux; Android 6.0.1; Nexus 5X Build/MMB29P) AppleWebKit/537.36 (KHTML, like Gecko) Chrome/41.0.2272.96 Mobile Safari/537.36 (compatible; Googlebot/2.1; +http://www.google.com/bot.html)" "-"
84.126.246.79 - - [04/Dec/2019:09:09:26 +0100] "GET /wp-content/uploads/2017/03/CAT-5247-04.jpg HTTP/1.1" 200 33239 "https://www.google.com/" "Mozilla/5.0 (Macintosh; Intel Mac OS X 10_15_1) AppleWebKit/605.1.15 (KHTML, like Gecko) Version/13.0.3 Safari/605.1.15" "-"
59.153.238.79 - - [04/Dec/2019:09:10:30 +0100] "GET /wp-content/uploads/2019/04/mochila-humus-1.png HTTP/1.1" 200 120267 "https://www.google.com/" "Mozilla/5.0 (Linux; Android 9; SM-N975F) AppleWebKit/537.36 (KHTML, like Gecko) Chrome/78.0.3904.108 Mobile Safari/537.36" "-"
157.55.39.121 - - [04/Dec/2019:09:14:04 +0100] "GET /wp-content/uploads/2019/04/gorra-tecnica-blanca-azul.png HTTP/1.1" 200 63762 "-" "Mozilla/5.0 (compatible; bingbot/2.0; +http://www.bing.com/bingbot.htm)" "-"
217.76.130.90 - - [04/Dec/2019:09:19:02 +0100] "POST /wp-cron.php?doing_wp_cron=1575447542.4021039009094238281250 HTTP/1.1" 200 3389 "https://amazingsportwear.com/wp-cron.php?doing_wp_cron=1575447542.4021039009094238281250" "WordPress/5.2.4; https://amazingsportwear.com" "-"
69.171.251.41 - - [04/Dec/2019:09:18:59 +0100] "GET / HTTP/1.1" 200 125550 "-" "facebookexternalhit/1.1 (+http://www.facebook.com/externalhit_uatext.php)" "-"
69.171.251.58 - - [04/Dec/2019:09:19:05 +0100] "GET /contacta-con-nosotros HTTP/1.1" 301 319 "-" "facebookexternalhit/1.1 (+http://www.facebook.com/externalhit_uatext.php)" "-"
69.171.251.58 - - [04/Dec/2019:09:19:06 +0100] "GET /contacta-con-nosotros/ HTTP/1.1" 200 58162 "-" "facebookexternalhit/1.1 (+http://www.facebook.com/externalhit_uatext.php)" "-"
217.76.130.90 - - [04/Dec/2019:09:21:25 +0100] "POST /wp-cron.php?doing_wp_cron=1575447685.8308649063110351562500 HTTP/1.1" 200 164 "http://amazingsportwear.com/wp-cron.php?doing_wp_cron=1575447685.8308649063110351562500" "WordPress/5.2.4; https://amazingsportwear.com" "-"
113.11.255.24 - - [04/Dec/2019:09:21:24 +0100] "GET /wp-content/themes/scaffold/footer.php HTTP/1.1" 404 67995 "http://site.ru" "Mozilla/5.0 (Windows; U; Windows NT 5.1; en-US) AppleWebKit/533.4 (KHTML, like Gecko) Chrome/5.0.375.99 Safari/533.4" "-"
217.76.130.90 - - [04/Dec/2019:09:26:48 +0100] "POST /wp-cron.php?doing_wp_cron=1575448008.1682090759277343750000 HTTP/1.1" 200 164 "http://amazingsportwear.com/wp-cron.php?doing_wp_cron=1575448008.1682090759277343750000" "WordPress/5.2.4; https://amazingsportwear.com" "-"
157.55.39.184 - - [04/Dec/2019:09:26:47 +0100] "GET /21-tenis-padel HTTP/1.1" 404 68013 "-" "Mozilla/5.0 (iPhone; CPU iPhone OS 7_0 like Mac OS X) AppleWebKit/537.51.1 (KHTML, like Gecko) Version/7.0 Mobile/11A465 Safari/9537.53 (compatible; bingbot/2.0; +http://www.bing.com/bingbot.htm)" "-"
40.77.167.49 - - [04/Dec/2019:09:28:28 +0100] "GET /wp-content/uploads/2017/03/aq-rever-blanco.jpg HTTP/1.1" 200 105599 "-" "Mozilla/5.0 (compatible; bingbot/2.0; +http://www.bing.com/bingbot.htm)" "-"
217.76.130.90 - - [04/Dec/2019:09:35:36 +0100] "POST /wp-cron.php?doing_wp_cron=1575448536.1412830352783203125000 HTTP/1.1" 200 3389 "https://amazingsportwear.com/wp-cron.php?doing_wp_cron=1575448536.1412830352783203125000" "WordPress/5.2.4; https://amazingsportwear.com" "-"
66.249.66.66 - - [04/Dec/2019:09:35:34 +0100] "GET /producto/gorra-kisse/ HTTP/1.1" 200 100112 "-" "Mozilla/5.0 (Linux; Android 6.0.1; Nexus 5X Build/MMB29P) AppleWebKit/537.36 (KHTML, like Gecko) Chrome/41.0.2272.96 Mobile Safari/537.36 (compatible; Googlebot/2.1; +http://www.google.com/bot.html)" "-"
66.249.66.66 - - [04/Dec/2019:09:35:42 +0100] "POST /?wc-ajax=get_refreshed_fragments HTTP/1.1" 200 1397 "https://amazingsportwear.com/producto/gorra-kisse/" "Mozilla/5.0 (Linux; Android 6.0.1; Nexus 5X Build/MMB29P) AppleWebKit/537.36 (KHTML, like Gecko) Chrome/41.0.2272.96 Mobile Safari/537.36 (compatible; Googlebot/2.1; +http://www.google.com/bot.html)" "_ga=GA1.2.969013651.1575417600; _gid=GA1.2.1978218920.1575417600; _gat_gtag_UA_91619287_1=1"
157.55.39.184 - - [04/Dec/2019:09:36:17 +0100] "GET /wp-content/uploads/2019/04/mochila-decath-1.png HTTP/1.1" 200 104887 "-" "Mozilla/5.0 (compatible; bingbot/2.0; +http://www.bing.com/bingbot.htm)" "-"
81.37.143.102 - - [04/Dec/2019:09:38:22 +0100] "GET /wp-content/uploads/2019/04/mochila-humus-5.png HTTP/1.1" 200 121239 "-" "Mozilla/5.0 (Macintosh; Intel Mac OS X 10.10; rv:70.0) Gecko/20100101 Firefox/70.0" "-"
81.37.143.102 - - [04/Dec/2019:09:38:25 +0100] "GET /favicon.ico HTTP/1.1" 200 259 "-" "Mozilla/5.0 (Macintosh; Intel Mac OS X 10.10; rv:70.0) Gecko/20100101 Firefox/70.0" "-"
217.76.130.90 - - [04/Dec/2019:09:40:41 +0100] "POST /wp-cron.php?doing_wp_cron=1575448841.9364600181579589843750 HTTP/1.1" 200 164 "http://amazingsportwear.com/wp-cron.php?doing_wp_cron=1575448841.9364600181579589843750" "WordPress/5.2.4; https://amazingsportwear.com" "-"
34.219.145.165 - - [04/Dec/2019:09:40:41 +0100] "GET / HTTP/1.1" 301 336 "-" "-" "-"
217.76.130.90 - - [04/Dec/2019:09:40:42 +0100] "POST /wp-admin/admin-ajax.php?action=wp_1_wc_privacy_cleanup&nonce=af39f3c8d1 HTTP/1.1" 200 3711 "https://amazingsportwear.com/wp-admin/admin-ajax.php?action=wp_1_wc_privacy_cleanup&nonce=af39f3c8d1" "WordPress/5.2.4; https://amazingsportwear.com" "-"
207.46.13.51 - - [04/Dec/2019:09:42:17 +0100] "GET /wp-content/uploads/2017/04/nath-sunset-rojo.jpg HTTP/1.1" 200 13773 "-" "Mozilla/5.0 (compatible; bingbot/2.0; +http://www.bing.com/bingbot.htm)" "-"
217.76.130.90 - - [04/Dec/2019:09:42:54 +0100] "POST /wp-cron.php?doing_wp_cron=1575448974.8929159641265869140625 HTTP/1.1" 200 3389 "https://amazingsportwear.com/wp-cron.php?doing_wp_cron=1575448974.8929159641265869140625" "WordPress/5.2.4; https://amazingsportwear.com" "-"
17.58.100.225 - - [04/Dec/2019:09:42:54 +0100] "GET /robots.txt HTTP/1.1" 200 3687 "-" "Mozilla/5.0 (Macintosh; Intel Mac OS X 10_10_1) AppleWebKit/600.2.5 (KHTML, like Gecko) Version/8.0.2 Safari/600.2.5 (Applebot/0.1; +http://www.apple.com/go/applebot)" "-"
17.58.96.177 - - [04/Dec/2019:09:42:55 +0100] "GET /categoria-producto/hombre/polostecnicos/ HTTP/1.1" 200 76326 "-" "Mozilla/5.0 (Macintosh; Intel Mac OS X 10_10_1) AppleWebKit/600.2.5 (KHTML, like Gecko) Version/8.0.2 Safari/600.2.5 (Applebot/0.1; +http://www.apple.com/go/applebot)" "-"
217.76.130.90 - - [04/Dec/2019:09:44:47 +0100] "POST /wp-cron.php?doing_wp_cron=1575449087.0831789970397949218750 HTTP/1.1" 200 164 "http://amazingsportwear.com/wp-cron.php?doing_wp_cron=1575449087.0831789970397949218750" "WordPress/5.2.4; https://amazingsportwear.com" "-"
157.55.39.121 - - [04/Dec/2019:09:44:46 +0100] "GET /atletismo/181-chaleco-cortavientos-sublimado-asw.html HTTP/1.1" 404 68107 "-" "Mozilla/5.0 (iPhone; CPU iPhone OS 7_0 like Mac OS X) AppleWebKit/537.51.1 (KHTML, like Gecko) Version/7.0 Mobile/11A465 Safari/9537.53 (compatible; bingbot/2.0; +http://www.bing.com/bingbot.htm)" "-"
217.76.130.90 - - [04/Dec/2019:09:48:18 +0100] "POST /wp-cron.php?doing_wp_cron=1575449298.2518799304962158203125 HTTP/1.1" 200 3389 "https://amazingsportwear.com/wp-cron.php?doing_wp_cron=1575449298.2518799304962158203125" "WordPress/5.2.4; https://amazingsportwear.com" "-"
185.230.124.53 - - [04/Dec/2019:09:48:16 +0100] "GET /admin/ HTTP/1.1" 302 4041 "-" "Mozilla/5.0 (X11; Ubuntu; Linux x86_64; rv:62.0) Gecko/20100101 Firefox/62.0" "-"
185.230.124.53 - - [04/Dec/2019:09:48:18 +0100] "GET /wp-admin/ HTTP/1.1" 302 586 "-" "Mozilla/5.0 (X11; Ubuntu; Linux x86_64; rv:62.0) Gecko/20100101 Firefox/62.0" "-"
185.230.124.53 - - [04/Dec/2019:09:48:20 +0100] "GET /wp-login.php?redirect_to=https%3A%2F%2Famazingsportwear.com%2Fwp-admin%2F&reauth=1 HTTP/1.1" 404 746 "-" "Mozilla/5.0 (X11; Ubuntu; Linux x86_64; rv:62.0) Gecko/20100101 Firefox/62.0" "-"
185.230.124.53 - - [04/Dec/2019:09:48:20 +0100] "GET /shop/admin/ HTTP/1.1" 404 73376 "-" "Mozilla/5.0 (X11; Ubuntu; Linux x86_64; rv:62.0) Gecko/20100101 Firefox/62.0" "-"
185.230.124.53 - - [04/Dec/2019:09:48:22 +0100] "GET /store/admin/ HTTP/1.1" 404 73360 "-" "Mozilla/5.0 (X11; Ubuntu; Linux x86_64; rv:62.0) Gecko/20100101 Firefox/62.0" "-"
185.230.124.53 - - [04/Dec/2019:09:48:23 +0100] "GET /magento/admin/ HTTP/1.1" 404 73392 "-" "Mozilla/5.0 (X11; Ubuntu; Linux x86_64; rv:62.0) Gecko/20100101 Firefox/62.0" "-"
185.230.124.53 - - [04/Dec/2019:09:48:25 +0100] "GET /magento2/admin/ HTTP/1.1" 404 73392 "-" "Mozilla/5.0 (X11; Ubuntu; Linux x86_64; rv:62.0) Gecko/20100101 Firefox/62.0" "-"
157.55.39.184 - - [04/Dec/2019:09:48:22 +0100] "GET /wp-content/uploads/2018/02/SA-6657-azul.png HTTP/1.1" 200 512726 "-" "Mozilla/5.0 (compatible; bingbot/2.0; +http://www.bing.com/bingbot.htm)" "-"
185.230.124.53 - - [04/Dec/2019:09:48:26 +0100] "GET /pub/errors/503.php HTTP/1.1" 404 73392 "-" "Mozilla/5.0 (X11; Ubuntu; Linux x86_64; rv:62.0) Gecko/20100101 Firefox/62.0" "-"
185.230.124.53 - - [04/Dec/2019:09:48:27 +0100] "GET /shop/pub/errors/503.php HTTP/1.1" 404 73424 "-" "Mozilla/5.0 (X11; Ubuntu; Linux x86_64; rv:62.0) Gecko/20100101 Firefox/62.0" "-"
185.230.124.53 - - [04/Dec/2019:09:48:28 +0100] "GET /store/pub/errors/503.php HTTP/1.1" 404 73408 "-" "Mozilla/5.0 (X11; Ubuntu; Linux x86_64; rv:62.0) Gecko/20100101 Firefox/62.0" "-"
185.230.124.53 - - [04/Dec/2019:09:48:34 +0100] "GET /magento/pub/errors/503.php HTTP/1.1" 404 73408 "-" "Mozilla/5.0 (X11; Ubuntu; Linux x86_64; rv:62.0) Gecko/20100101 Firefox/62.0" "-"
185.230.124.53 - - [04/Dec/2019:09:48:36 +0100] "GET /magento2/pub/errors/503.php HTTP/1.1" 404 73408 "-" "Mozilla/5.0 (X11; Ubuntu; Linux x86_64; rv:62.0) Gecko/20100101 Firefox/62.0" "-"
185.230.124.53 - - [04/Dec/2019:09:48:37 +0100] "GET / HTTP/1.1" 200 127594 "-" "Mozilla/5.0 (X11; Ubuntu; Linux x86_64; rv:62.0) Gecko/20100101 Firefox/62.0" "-"
185.230.124.53 - - [04/Dec/2019:09:48:38 +0100] "GET /shop/ HTTP/1.1" 404 73328 "-" "Mozilla/5.0 (X11; Ubuntu; Linux x86_64; rv:62.0) Gecko/20100101 Firefox/62.0" "-"
185.230.124.53 - - [04/Dec/2019:09:48:39 +0100] "GET /store/ HTTP/1.1" 404 73392 "-" "Mozilla/5.0 (X11; Ubuntu; Linux x86_64; rv:62.0) Gecko/20100101 Firefox/62.0" "-"
185.230.124.53 - - [04/Dec/2019:09:48:41 +0100] "GET /magento/ HTTP/1.1" 404 73344 "-" "Mozilla/5.0 (X11; Ubuntu; Linux x86_64; rv:62.0) Gecko/20100101 Firefox/62.0" "-"
185.230.124.53 - - [04/Dec/2019:09:48:42 +0100] "GET /magento2/ HTTP/1.1" 404 73328 "-" "Mozilla/5.0 (X11; Ubuntu; Linux x86_64; rv:62.0) Gecko/20100101 Firefox/62.0" "-"
217.76.130.90 - - [04/Dec/2019:09:49:56 +0100] "POST /wp-cron.php?doing_wp_cron=1575449396.2060739994049072265625 HTTP/1.1" 200 3389 "https://amazingsportwear.com/wp-cron.php?doing_wp_cron=1575449396.2060739994049072265625" "WordPress/5.2.4; https://amazingsportwear.com" "-"
66.249.66.68 - - [04/Dec/2019:09:49:55 +0100] "GET /producto/camiseta-tecnica-nath-combi-2/ HTTP/1.1" 200 102436 "-" "Mozilla/5.0 (Linux; Android 6.0.1; Nexus 5X Build/MMB29P) AppleWebKit/537.36 (KHTML, like Gecko) Chrome/41.0.2272.96 Mobile Safari/537.36 (compatible; Googlebot/2.1; +http://www.google.com/bot.html)" "-"
217.76.130.90 - - [04/Dec/2019:09:55:54 +0100] "POST /wp-cron.php?doing_wp_cron=1575449754.0387461185455322265625 HTTP/1.1" 200 3389 "https://amazingsportwear.com/wp-cron.php?doing_wp_cron=1575449754.0387461185455322265625" "WordPress/5.2.4; https://amazingsportwear.com" "-"
40.77.167.49 - - [04/Dec/2019:09:55:52 +0100] "GET /producto/polo-tecnico-open-aq-open/ HTTP/1.1" 200 104746 "-" "Mozilla/5.0 (compatible; bingbot/2.0; +http://www.bing.com/bingbot.htm)" "-"
217.76.130.90 - - [04/Dec/2019:09:58:16 +0100] "POST /wp-cron.php?doing_wp_cron=1575449896.2813279628753662109375 HTTP/1.1" 200 3389 "https://amazingsportwear.com/wp-cron.php?doing_wp_cron=1575449896.2813279628753662109375" "WordPress/5.2.4; https://amazingsportwear.com" "-"
66.249.66.66 - - [04/Dec/2019:09:58:15 +0100] "GET /producto/mochila-tipo-saco-cat-3164/ HTTP/1.1" 200 103032 "-" "Mozilla/5.0 (Linux; Android 6.0.1; Nexus 5X Build/MMB29P) AppleWebKit/537.36 (KHTML, like Gecko) Chrome/41.0.2272.96 Mobile Safari/537.36 (compatible; Googlebot/2.1; +http://www.google.com/bot.html)" "-"
157.55.39.121 - - [04/Dec/2019:10:10:33 +0100] "GET /wp-content/uploads/2017/03/aq-cosmic-rojo.jpg HTTP/1.1" 200 328107 "-" "Mozilla/5.0 (compatible; bingbot/2.0; +http://www.bing.com/bingbot.htm)" "-"
217.76.130.90 - - [04/Dec/2019:10:11:14 +0100] "POST /wp-cron.php?doing_wp_cron=1575450674.3108000755310058593750 HTTP/1.1" 200 164 "http://amazingsportwear.com/wp-cron.php?doing_wp_cron=1575450674.3108000755310058593750" "WordPress/5.2.4; https://amazingsportwear.com" "-"
188.213.14.207 - - [04/Dec/2019:10:11:11 +0100] "GET /index.php? HTTP/1.1" 301 336 "-" "Mozilla/5.0 (Macintosh; Intel Mac OS X 10_14_5) AppleWebKit/605.1.15 (KHTML, like Gecko)" "-"
188.213.14.207 - - [04/Dec/2019:10:11:14 +0100] "GET / HTTP/1.1" 200 125608 "-" "Mozilla/5.0 (Macintosh; Intel Mac OS X 10_14_5) AppleWebKit/605.1.15 (KHTML, like Gecko)" "-"
188.213.14.207 - - [04/Dec/2019:10:11:16 +0100] "GET /wp-content/uploads/2019/05/cropped-favicon-nuevo-logo-amazinf-128px-180x180.png HTTP/1.1" 200 13234 "-" "Safari/14607.2.6.1.1 CFNetwork/978.0.7 Darwin/18.6.0 (x86_64)" "-"
216.244.66.250 - - [04/Dec/2019:10:11:38 +0100] "GET /robots.txt HTTP/1.1" 404 628 "-" "Mozilla/5.0 (compatible; DotBot/1.1; http://www.opensiteexplorer.org/dotbot, help@moz.com)" "-"
40.77.167.49 - - [04/Dec/2019:10:17:59 +0100] "GET /wp-content/uploads/2017/03/aq-rever-blanco.jpg HTTP/1.1" 200 105599 "-" "Mozilla/5.0 (compatible; bingbot/2.0; +http://www.bing.com/bingbot.htm)" "-"
217.76.130.90 - - [04/Dec/2019:10:19:48 +0100] "POST /wp-cron.php?doing_wp_cron=1575451188.3914411067962646484375 HTTP/1.1" 200 3389 "https://amazingsportwear.com/wp-cron.php?doing_wp_cron=1575451188.3914411067962646484375" "WordPress/5.2.4; https://amazingsportwear.com" "-"
66.249.66.68 - - [04/Dec/2019:10:19:46 +0100] "GET /producto/gorra-five/ HTTP/1.1" 200 97789 "-" "Mozilla/5.0 (compatible; Googlebot/2.1; +http://www.google.com/bot.html)" "-"
217.76.130.90 - - [04/Dec/2019:10:23:49 +0100] "POST /wp-cron.php?doing_wp_cron=1575451429.7804400920867919921875 HTTP/1.1" 200 3389 "https://amazingsportwear.com/wp-cron.php?doing_wp_cron=1575451429.7804400920867919921875" "WordPress/5.2.4; https://amazingsportwear.com" "-"
66.249.66.66 - - [04/Dec/2019:10:23:47 +0100] "GET /producto/camiseta-tecnic-rox-cat-5247/ HTTP/1.1" 200 108303 "-" "Mozilla/5.0 (Linux; Android 6.0.1; Nexus 5X Build/MMB29P) AppleWebKit/537.36 (KHTML, like Gecko) Chrome/41.0.2272.96 Mobile Safari/537.36 (compatible; Googlebot/2.1; +http://www.google.com/bot.html)" "-"
217.76.130.90 - - [04/Dec/2019:10:32:33 +0100] "POST /wp-cron.php?doing_wp_cron=1575451953.2251300811767578125000 HTTP/1.1" 200 164 "http://amazingsportwear.com/wp-cron.php?doing_wp_cron=1575451953.2251300811767578125000" "WordPress/5.2.4; https://amazingsportwear.com" "-"
108.62.9.152 - - [04/Dec/2019:10:32:30 +0100] "GET / HTTP/1.1" 301 336 "-" "Mozilla/5.0 (Windows NT 10.0; Win64; x64) AppleWebKit/537.36 (KHTML, like Gecko) Chrome/76.0.3809.132 Safari/537.36" "-"
108.62.9.152 - - [04/Dec/2019:10:32:34 +0100] "GET / HTTP/1.1" 200 125782 "-" "Mozilla/5.0 (Windows NT 10.0; Win64; x64) AppleWebKit/537.36 (KHTML, like Gecko) Chrome/76.0.3809.132 Safari/537.36" "-"
217.76.130.90 - - [04/Dec/2019:10:38:09 +0100] "POST /wp-cron.php?doing_wp_cron=1575452289.8198189735412597656250 HTTP/1.1" 200 3389 "https://amazingsportwear.com/wp-cron.php?doing_wp_cron=1575452289.8198189735412597656250" "WordPress/5.2.4; https://amazingsportwear.com" "-"
66.249.66.68 - - [04/Dec/2019:10:38:09 +0100] "GET /producto/camiseta-tecnica-tirantes-ribete-nath-beat/ HTTP/1.1" 200 103902 "-" "Mozilla/5.0 (Linux; Android 6.0.1; Nexus 5X Build/MMB29P) AppleWebKit/537.36 (KHTML, like Gecko) Chrome/41.0.2272.96 Mobile Safari/537.36 (compatible; Googlebot/2.1; +http://www.google.com/bot.html)" "-"
66.249.66.68 - - [04/Dec/2019:10:38:20 +0100] "GET /wp-content/plugins/woocommerce/assets/css/photoswipe/default-skin/default-skin.css?ver=3.6.4 HTTP/1.1" 200 11943 "https://amazingsportwear.com/producto/camiseta-tecnica-tirantes-ribete-nath-beat/" "Mozilla/5.0 (Linux; Android 6.0.1; Nexus 5X Build/MMB29P) AppleWebKit/537.36 (KHTML, like Gecko) Chrome/41.0.2272.96 Mobile Safari/537.36 (compatible; Googlebot/2.1; +http://www.google.com/bot.html)" "-"
66.249.66.68 - - [04/Dec/2019:10:38:21 +0100] "GET /wp-content/plugins/woocommerce/assets/css/photoswipe/photoswipe.css?ver=3.6.4 HTTP/1.1" 200 4472 "https://amazingsportwear.com/producto/camiseta-tecnica-tirantes-ribete-nath-beat/" "Mozilla/5.0 (Linux; Android 6.0.1; Nexus 5X Build/MMB29P) AppleWebKit/537.36 (KHTML, like Gecko) Chrome/41.0.2272.96 Mobile Safari/537.36 (compatible; Googlebot/2.1; +http://www.google.com/bot.html)" "-"
66.249.66.66 - - [04/Dec/2019:10:38:23 +0100] "GET /wp-content/plugins/woocommerce/assets/js/zoom/jquery.zoom.min.js?ver=1.7.21 HTTP/1.1" 200 6320 "https://amazingsportwear.com/producto/camiseta-tecnica-tirantes-ribete-nath-beat/" "Mozilla/5.0 (Linux; Android 6.0.1; Nexus 5X Build/MMB29P) AppleWebKit/537.36 (KHTML, like Gecko) Chrome/41.0.2272.96 Mobile Safari/537.36 (compatible; Googlebot/2.1; +http://www.google.com/bot.html)" "-"
66.249.66.66 - - [04/Dec/2019:10:38:24 +0100] "GET /wp-content/plugins/woocommerce/assets/js/flexslider/jquery.flexslider.min.js?ver=2.7.2 HTTP/1.1" 200 23232 "https://amazingsportwear.com/producto/camiseta-tecnica-tirantes-ribete-nath-beat/" "Mozilla/5.0 (Linux; Android 6.0.1; Nexus 5X Build/MMB29P) AppleWebKit/537.36 (KHTML, like Gecko) Chrome/41.0.2272.96 Mobile Safari/537.36 (compatible; Googlebot/2.1; +http://www.google.com/bot.html)" "-"
66.249.66.66 - - [04/Dec/2019:10:38:25 +0100] "GET /wp-includes/js/underscore.min.js?ver=1.8.3 HTTP/1.1" 200 16527 "https://amazingsportwear.com/producto/camiseta-tecnica-tirantes-ribete-nath-beat/" "Mozilla/5.0 (Linux; Android 6.0.1; Nexus 5X Build/MMB29P) AppleWebKit/537.36 (KHTML, like Gecko) Chrome/41.0.2272.96 Mobile Safari/537.36 (compatible; Googlebot/2.1; +http://www.google.com/bot.html)" "-"
66.249.66.66 - - [04/Dec/2019:10:38:26 +0100] "GET /wp-content/plugins/woocommerce/assets/js/frontend/add-to-cart-variation.min.js?ver=3.6.4 HTTP/1.1" 200 13625 "https://amazingsportwear.com/producto/camiseta-tecnica-tirantes-ribete-nath-beat/" "Mozilla/5.0 (Linux; Android 6.0.1; Nexus 5X Build/MMB29P) AppleWebKit/537.36 (KHTML, like Gecko) Chrome/41.0.2272.96 Mobile Safari/537.36 (compatible; Googlebot/2.1; +http://www.google.com/bot.html)" "-"
217.76.130.90 - - [04/Dec/2019:10:45:16 +0100] "POST /wp-cron.php?doing_wp_cron=1575452716.0694448947906494140625 HTTP/1.1" 200 3389 "https://amazingsportwear.com/wp-cron.php?doing_wp_cron=1575452716.0694448947906494140625" "WordPress/5.2.4; https://amazingsportwear.com" "-"
17.58.96.177 - - [04/Dec/2019:10:45:15 +0100] "GET /carrito/ HTTP/1.1" 200 91486 "-" "Mozilla/5.0 (Macintosh; Intel Mac OS X 10_10_1) AppleWebKit/600.2.5 (KHTML, like Gecko) Version/8.0.2 Safari/600.2.5 (Applebot/0.1; +http://www.apple.com/go/applebot)" "-"
217.76.130.90 - - [04/Dec/2019:10:47:08 +0100] "POST /wp-cron.php?doing_wp_cron=1575452828.2873849868774414062500 HTTP/1.1" 200 3389 "https://amazingsportwear.com/wp-cron.php?doing_wp_cron=1575452828.2873849868774414062500" "WordPress/5.2.4; https://amazingsportwear.com" "-"
5.188.210.242 - - [04/Dec/2019:10:47:07 +0100] "GET /guia-de-tallas/ HTTP/1.0" 200 83719 "https://amazingsportwear.com/guia-de-tallas/" "Mozilla/5.0 (Windows NT 6.1) AppleWebKit/537.36 (KHTML, like Gecko) Chrome/68.0.3440.106 Safari/537.36" "-"
5.188.210.242 - - [04/Dec/2019:10:47:09 +0100] "POST /wp-comments-post.php HTTP/1.0" 404 4053 "https://amazingsportwear.com/guia-de-tallas/" "Mozilla/5.0 (Windows NT 6.1) AppleWebKit/537.36 (KHTML, like Gecko) Chrome/68.0.3440.106 Safari/537.36" "wpfront-notification-bar-landingpage=1"
5.188.210.242 - - [04/Dec/2019:10:47:35 +0100] "GET /guia-de-tallas/ HTTP/1.1" 200 84237 "-" "Mozilla/5.0 (Windows NT 6.1; Win64; x64; rv:62.0) Gecko/20100101 Firefox/62.0" "-"
207.46.13.51 - - [04/Dec/2019:10:48:38 +0100] "GET /wp-content/uploads/2017/03/sa-6650_0160.jpg HTTP/1.1" 200 14953 "-" "Mozilla/5.0 (compatible; bingbot/2.0; +http://www.bing.com/bingbot.htm)" "-"
217.76.130.90 - - [04/Dec/2019:10:53:57 +0100] "POST /wp-cron.php?doing_wp_cron=1575453237.5257689952850341796875 HTTP/1.1" 200 3389 "https://amazingsportwear.com/wp-cron.php?doing_wp_cron=1575453237.5257689952850341796875" "WordPress/5.2.4; https://amazingsportwear.com" "-"
66.249.66.68 - - [04/Dec/2019:10:53:56 +0100] "GET /producto/gorra-sport/ HTTP/1.1" 200 102369 "-" "Mozilla/5.0 (compatible; Googlebot/2.1; +http://www.google.com/bot.html)" "-"
217.76.130.90 - - [04/Dec/2019:10:54:03 +0100] "POST /wp-cron.php?doing_wp_cron=1575453243.2624449729919433593750 HTTP/1.1" 200 3389 "https://amazingsportwear.com/wp-cron.php?doing_wp_cron=1575453243.2624449729919433593750" "WordPress/5.2.4; https://amazingsportwear.com" "-"
66.249.66.66 - - [04/Dec/2019:10:54:02 +0100] "POST /?wc-ajax=get_refreshed_fragments HTTP/1.1" 200 4760 "https://amazingsportwear.com/producto/gorra-sport/" "Mozilla/5.0 AppleWebKit/537.36 (KHTML, like Gecko; compatible; Googlebot/2.1; +http://www.google.com/bot.html) Safari/537.36" "_ga=GA1.2.931330593.1575417600; _gid=GA1.2.2074753562.1575417600; _gat_gtag_UA_91619287_1=1"
157.55.39.121 - - [04/Dec/2019:10:54:57 +0100] "GET /categoria-producto/dos/ HTTP/1.1" 200 63628 "-" "Mozilla/5.0 (compatible; bingbot/2.0; +http://www.bing.com/bingbot.htm)" "-"
217.76.130.90 - - [04/Dec/2019:10:55:51 +0100] "POST /wp-cron.php?doing_wp_cron=1575453351.3758370876312255859375 HTTP/1.1" 200 3389 "https://amazingsportwear.com/wp-cron.php?doing_wp_cron=1575453351.3758370876312255859375" "WordPress/5.2.4; https://amazingsportwear.com" "-"
157.55.39.184 - - [04/Dec/2019:10:55:50 +0100] "GET /sobre-nosotros/ HTTP/1.1" 200 64011 "-" "Mozilla/5.0 (compatible; bingbot/2.0; +http://www.bing.com/bingbot.htm)" "-"
207.46.13.51 - - [04/Dec/2019:10:57:05 +0100] "GET /wp-content/uploads/2017/03/T-1043-300x300.jpg HTTP/1.1" 200 15110 "-" "Mozilla/5.0 (compatible; bingbot/2.0; +http://www.bing.com/bingbot.htm)" "-"
217.76.130.90 - - [04/Dec/2019:11:16:24 +0100] "POST /wp-cron.php?doing_wp_cron=1575454584.4996359348297119140625 HTTP/1.1" 200 3389 "https://amazingsportwear.com/wp-cron.php?doing_wp_cron=1575454584.4996359348297119140625" "WordPress/5.2.4; https://amazingsportwear.com" "-"
66.249.66.66 - - [04/Dec/2019:11:16:20 +0100] "GET /producto/gorra-bayon/ HTTP/1.1" 200 99962 "-" "Mozilla/5.0 (Linux; Android 6.0.1; Nexus 5X Build/MMB29P) AppleWebKit/537.36 (KHTML, like Gecko) Chrome/41.0.2272.96 Mobile Safari/537.36 (compatible; Googlebot/2.1; +http://www.google.com/bot.html)" "-"
217.76.130.90 - - [04/Dec/2019:11:20:29 +0100] "POST /wp-cron.php?doing_wp_cron=1575454829.8727450370788574218750 HTTP/1.1" 200 3389 "https://amazingsportwear.com/wp-cron.php?doing_wp_cron=1575454829.8727450370788574218750" "WordPress/5.2.4; https://amazingsportwear.com" "-"
173.252.87.28 - - [04/Dec/2019:11:20:24 +0100] "GET / HTTP/1.1" 200 125570 "-" "facebookexternalhit/1.1 (+http://www.facebook.com/externalhit_uatext.php)" "-"
173.252.87.33 - - [04/Dec/2019:11:20:24 +0100] "GET / HTTP/1.1" 200 125545 "-" "facebookexternalhit/1.1 (+http://www.facebook.com/externalhit_uatext.php)" "-"
173.252.87.24 - - [04/Dec/2019:11:20:24 +0100] "GET / HTTP/1.1" 200 125545 "-" "facebookexternalhit/1.1 (+http://www.facebook.com/externalhit_uatext.php)" "-"
173.252.87.33 - - [04/Dec/2019:11:20:24 +0100] "GET / HTTP/1.1" 200 125550 "-" "facebookexternalhit/1.1 (+http://www.facebook.com/externalhit_uatext.php)" "-"
217.76.130.90 - - [04/Dec/2019:11:31:13 +0100] "POST /wp-cron.php?doing_wp_cron=1575455473.2573330402374267578125 HTTP/1.1" 200 164 "http://amazingsportwear.com/wp-cron.php?doing_wp_cron=1575455473.2573330402374267578125" "WordPress/5.2.4; https://amazingsportwear.com" "-"
104.222.43.232 - - [04/Dec/2019:11:31:06 +0100] "GET / HTTP/1.1" 301 336 "-" "Mozilla/5.0 (Windows NT 6.1; WOW64; rv:27.0) Gecko/20100101 Firefox/27.0" "-"
217.76.130.90 - - [04/Dec/2019:11:32:05 +0100] "POST /wp-cron.php?doing_wp_cron=1575455524.9286029338836669921875 HTTP/1.1" 200 3389 "https://amazingsportwear.com/wp-cron.php?doing_wp_cron=1575455524.9286029338836669921875" "WordPress/5.2.4; https://amazingsportwear.com" "-"
66.249.66.70 - - [04/Dec/2019:11:32:03 +0100] "GET /categoria-producto/inicio/tienda/ HTTP/1.1" 200 59815 "-" "Mozilla/5.0 (compatible; Googlebot/2.1; +http://www.google.com/bot.html)" "-"
66.249.66.68 - - [04/Dec/2019:11:32:21 +0100] "GET /producto/falda-tecnica-padel-tenis/ HTTP/1.1" 200 96799 "-" "Mozilla/5.0 (Linux; Android 6.0.1; Nexus 5X Build/MMB29P) AppleWebKit/537.36 (KHTML, like Gecko) Chrome/41.0.2272.96 Mobile Safari/537.36 (compatible; Googlebot/2.1; +http://www.google.com/bot.html)" "-"
217.76.130.90 - - [04/Dec/2019:11:37:17 +0100] "POST /wp-cron.php?doing_wp_cron=1575455837.5575819015502929687500 HTTP/1.1" 200 3389 "https://amazingsportwear.com/wp-cron.php?doing_wp_cron=1575455837.5575819015502929687500" "WordPress/5.2.4; https://amazingsportwear.com" "-"
66.249.66.70 - - [04/Dec/2019:11:37:16 +0100] "GET /producto/bolsa-deporte-young/ HTTP/1.1" 200 97041 "-" "Mozilla/5.0 (Linux; Android 6.0.1; Nexus 5X Build/MMB29P) AppleWebKit/537.36 (KHTML, like Gecko) Chrome/41.0.2272.96 Mobile Safari/537.36 (compatible; Googlebot/2.1; +http://www.google.com/bot.html)" "-"
217.76.130.90 - - [04/Dec/2019:11:45:29 +0100] "POST /wp-cron.php?doing_wp_cron=1575456329.4532699584960937500000 HTTP/1.1" 200 164 "http://amazingsportwear.com/wp-cron.php?doing_wp_cron=1575456329.4532699584960937500000" "WordPress/5.2.4; https://amazingsportwear.com" "-"
54.189.187.188 - - [04/Dec/2019:11:45:24 +0100] "GET / HTTP/1.1" 301 279 "-" "Mozilla/5.0 (Windows NT 6.1; Win64; x64) AppleWebKit/537.36 (KHTML, like Gecko) Chrome/72.0.3626.109 Safari/537.36" "-"
54.189.187.188 - - [04/Dec/2019:11:45:30 +0100] "GET / HTTP/1.1" 200 125513 "-" "Mozilla/5.0 (Windows NT 6.1; Win64; x64) AppleWebKit/537.36 (KHTML, like Gecko) Chrome/72.0.3626.109 Safari/537.36" "wpfront-notification-bar-landingpage=1"
217.76.130.90 - - [04/Dec/2019:11:55:27 +0100] "POST /wp-cron.php?doing_wp_cron=1575456927.7893650531768798828125 HTTP/1.1" 200 3389 "https://amazingsportwear.com/wp-cron.php?doing_wp_cron=1575456927.7893650531768798828125" "WordPress/5.2.4; https://amazingsportwear.com" "-"
66.249.66.66 - - [04/Dec/2019:11:55:24 +0100] "GET /producto/mochila-keisy/ HTTP/1.1" 200 97920 "-" "Mozilla/5.0 (Linux; Android 6.0.1; Nexus 5X Build/MMB29P) AppleWebKit/537.36 (KHTML, like Gecko) Chrome/41.0.2272.96 Mobile Safari/537.36 (compatible; Googlebot/2.1; +http://www.google.com/bot.html)" "-"
66.249.66.70 - - [04/Dec/2019:11:57:52 +0100] "GET /wp-content/uploads/2018/05/cat-4010-04-300x300.jpg HTTP/1.1" 304 3565 "-" "Googlebot-Image/1.0" "-"
217.76.130.90 - - [04/Dec/2019:11:59:24 +0100] "POST /wp-cron.php?doing_wp_cron=1575457164.7546620368957519531250 HTTP/1.1" 200 3389 "https://amazingsportwear.com/wp-cron.php?doing_wp_cron=1575457164.7546620368957519531250" "WordPress/5.2.4; https://amazingsportwear.com" "-"
66.249.66.66 - - [04/Dec/2019:11:59:24 +0100] "GET /producto/rinonera-wanel-cat-5311/ HTTP/1.1" 200 94459 "-" "Mozilla/5.0 (Linux; Android 6.0.1; Nexus 5X Build/MMB29P) AppleWebKit/537.36 (KHTML, like Gecko) Chrome/41.0.2272.96 Mobile Safari/537.36 (compatible; Googlebot/2.1; +http://www.google.com/bot.html)" "-"
217.76.130.90 - - [04/Dec/2019:12:05:58 +0100] "POST /wp-cron.php?doing_wp_cron=1575457558.9753661155700683593750 HTTP/1.1" 200 164 "http://amazingsportwear.com/wp-cron.php?doing_wp_cron=1575457558.9753661155700683593750" "WordPress/5.2.4; https://amazingsportwear.com" "-"
106.120.173.81 - - [04/Dec/2019:12:05:57 +0100] "GET /robots.txt HTTP/1.1" 200 394 "-" "Sogou web spider/4.0(+http://www.sogou.com/docs/help/webmasters.htm#07)" "-"
137.101.182.182 - - [04/Dec/2019:12:07:03 +0100] "GET /wp-content/uploads/2019/04/Gorra-sport-5.png HTTP/1.1" 200 52770 "https://www.google.com/" "Mozilla/5.0 (X11; CrOS aarch64 12499.66.0) AppleWebKit/537.36 (KHTML, like Gecko) Chrome/78.0.3904.106 Safari/537.36" "-"
40.77.167.49 - - [04/Dec/2019:12:28:45 +0100] "GET /wp-content/uploads/2019/04/Brazalete-running-con-led-5.png HTTP/1.1" 200 74300 "-" "Mozilla/5.0 (compatible; bingbot/2.0; +http://www.bing.com/bingbot.htm)" "-"
217.76.130.90 - - [04/Dec/2019:12:43:02 +0100] "POST /wp-cron.php?doing_wp_cron=1575459782.9439940452575683593750 HTTP/1.1" 200 3389 "https://amazingsportwear.com/wp-cron.php?doing_wp_cron=1575459782.9439940452575683593750" "WordPress/5.2.4; https://amazingsportwear.com" "-"
66.249.66.68 - - [04/Dec/2019:12:42:59 +0100] "GET /producto/gorra-lorenz/ HTTP/1.1" 200 94947 "-" "Mozilla/5.0 (compatible; Googlebot/2.1; +http://www.google.com/bot.html)" "-"
217.76.130.90 - - [04/Dec/2019:12:49:37 +0100] "POST /wp-cron.php?doing_wp_cron=1575460177.4360570907592773437500 HTTP/1.1" 200 3389 "https://amazingsportwear.com/wp-cron.php?doing_wp_cron=1575460177.4360570907592773437500" "WordPress/5.2.4; https://amazingsportwear.com" "-"
114.223.167.217 - - [04/Dec/2019:12:49:35 +0100] "GET /producto/braga-gorro-polar-cat-8016 HTTP/1.1" 301 3559 "-" "Mozilla/5.0(Linux;U;Android 5.1.1;zh-CN;OPPO A33 Build/LMY47V) AppleWebKit/537.36(KHTML,like Gecko) Version/4.0 Chrome/40.0.2214.89 UCBrowser/11.7.0.953 Mobile Safari/537.36" "-"
114.223.167.217 - - [04/Dec/2019:12:49:44 +0100] "GET /producto/braga-gorro-polar-cat-8016/ HTTP/1.1" 200 99776 "-" "Mozilla/5.0(Linux;U;Android 5.1.1;zh-CN;OPPO A33 Build/LMY47V) AppleWebKit/537.36(KHTML,like Gecko) Version/4.0 Chrome/40.0.2214.89 UCBrowser/11.7.0.953 Mobile Safari/537.36" "wpfront-notification-bar-landingpage=1"
114.104.239.82 - - [04/Dec/2019:12:49:57 +0100] "GET /producto/botella-para-deporte-aqua/ HTTP/1.1" 200 99575 "-" "Mozilla/5.0(Linux;Android 5.1.1;OPPO A33 Build/LMY47V;wv) AppleWebKit/537.36(KHTML,link Gecko) Version/4.0 Chrome/42.0.2311.138 Mobile Safari/537.36 Mb2345Browser/9.0" "-"
217.76.130.90 - - [04/Dec/2019:12:57:19 +0100] "POST /wp-cron.php?doing_wp_cron=1575460639.8501729965209960937500 HTTP/1.1" 200 164 "http://amazingsportwear.com/wp-cron.php?doing_wp_cron=1575460639.8501729965209960937500" "WordPress/5.2.4; https://amazingsportwear.com" "-"
88.8.135.116 - - [04/Dec/2019:12:57:18 +0100] "GET /img/cms/tienda/CIF-T1040-43.jpg HTTP/1.1" 404 68080 "https://www.google.com/" "Mozilla/5.0 (Windows NT 10.0; Win64; x64) AppleWebKit/537.36 (KHTML, like Gecko) Chrome/78.0.3904.108 Safari/537.36" "-"
88.8.135.116 - - [04/Dec/2019:12:57:25 +0100] "GET /wp-content/uploads/2018/02/SA-6653-rojo-300x300.png HTTP/1.1" 200 58360 "https://www.google.com/" "Mozilla/5.0 (Windows NT 10.0; Win64; x64) AppleWebKit/537.36 (KHTML, like Gecko) Chrome/78.0.3904.108 Safari/537.36" "-"
88.8.135.116 - - [04/Dec/2019:12:57:44 +0100] "GET /wp-content/uploads/2017/03/aq-cosmic-hombre-600x894.jpg HTTP/1.1" 200 131436 "https://www.google.com/" "Mozilla/5.0 (Windows NT 10.0; Win64; x64) AppleWebKit/537.36 (KHTML, like Gecko) Chrome/78.0.3904.108 Safari/537.36" "-"
88.8.135.116 - - [04/Dec/2019:12:58:08 +0100] "GET /wp-content/uploads/2017/03/aq-cosmic-morado.jpg HTTP/1.1" 200 328022 "https://www.google.com/" "Mozilla/5.0 (Windows NT 10.0; Win64; x64) AppleWebKit/537.36 (KHTML, like Gecko) Chrome/78.0.3904.108 Safari/537.36" "-"
217.76.130.90 - - [04/Dec/2019:13:01:26 +0100] "POST /wp-cron.php?doing_wp_cron=1575460886.1049499511718750000000 HTTP/1.1" 200 3389 "https://amazingsportwear.com/wp-cron.php?doing_wp_cron=1575460886.1049499511718750000000" "WordPress/5.2.4; https://amazingsportwear.com" "-"
