186.86.52.25 - - [26/Nov/2019:04:52:53 +0100] "GET /wp-content/plugins/elementor/assets/lib/eicons/css/elementor-icons.min.css?ver=4.3.0 HTTP/1.1" 200 11850 "https://amazingsportwear.com/" "Mozilla/5.0 (iPhone; CPU iPhone OS 13_2 like Mac OS X) AppleWebKit/605.1.15 (KHTML, like Gecko) Version/13.0.3 Mobile/15E148 Safari/604.1" "wpfront-notification-bar-landingpage=1"
186.86.52.25 - - [26/Nov/2019:04:52:53 +0100] "GET /wp-content/plugins/elementor/assets/lib/animations/animations.min.css?ver=2.5.16 HTTP/1.1" 200 18833 "https://amazingsportwear.com/" "Mozilla/5.0 (iPhone; CPU iPhone OS 13_2 like Mac OS X) AppleWebKit/605.1.15 (KHTML, like Gecko) Version/13.0.3 Mobile/15E148 Safari/604.1" "wpfront-notification-bar-landingpage=1"
186.86.52.25 - - [26/Nov/2019:04:52:53 +0100] "GET /wp-content/plugins/elementor/assets/lib/font-awesome/css/font-awesome.min.css?ver=4.7.0 HTTP/1.1" 200 31365 "https://amazingsportwear.com/" "Mozilla/5.0 (iPhone; CPU iPhone OS 13_2 like Mac OS X) AppleWebKit/605.1.15 (KHTML, like Gecko) Version/13.0.3 Mobile/15E148 Safari/604.1" "wpfront-notification-bar-landingpage=1"
186.86.52.25 - - [26/Nov/2019:04:52:53 +0100] "GET /wp-content/uploads/elementor/css/global.css?ver=1559638744 HTTP/1.1" 200 5136 "https://amazingsportwear.com/" "Mozilla/5.0 (iPhone; CPU iPhone OS 13_2 like Mac OS X) AppleWebKit/605.1.15 (KHTML, like Gecko) Version/13.0.3 Mobile/15E148 Safari/604.1" "wpfront-notification-bar-landingpage=1"
186.86.52.25 - - [26/Nov/2019:04:52:53 +0100] "GET /wp-content/plugins/elementor/assets/css/frontend.min.css?ver=2.5.16 HTTP/1.1" 200 95366 "https://amazingsportwear.com/" "Mozilla/5.0 (iPhone; CPU iPhone OS 13_2 like Mac OS X) AppleWebKit/605.1.15 (KHTML, like Gecko) Version/13.0.3 Mobile/15E148 Safari/604.1" "wpfront-notification-bar-landingpage=1"
186.86.52.25 - - [26/Nov/2019:04:52:53 +0100] "GET /wp-content/uploads/elementor/css/post-16241.css?ver=1562311573 HTTP/1.1" 200 4934 "https://amazingsportwear.com/" "Mozilla/5.0 (iPhone; CPU iPhone OS 13_2 like Mac OS X) AppleWebKit/605.1.15 (KHTML, like Gecko) Version/13.0.3 Mobile/15E148 Safari/604.1" "wpfront-notification-bar-landingpage=1"
186.86.52.25 - - [26/Nov/2019:04:52:53 +0100] "GET /wp-content/themes/shopper/assets/sass/woocommerce/woocommerce.css?ver=5.2.4 HTTP/1.1" 200 83534 "https://amazingsportwear.com/" "Mozilla/5.0 (iPhone; CPU iPhone OS 13_2 like Mac OS X) AppleWebKit/605.1.15 (KHTML, like Gecko) Version/13.0.3 Mobile/15E148 Safari/604.1" "wpfront-notification-bar-landingpage=1"
186.86.52.25 - - [26/Nov/2019:04:52:53 +0100] "GET /wp-content/plugins/smart-slider-3/library/media/smartslider.min.css?1559118093 HTTP/1.1" 200 19959 "https://amazingsportwear.com/" "Mozilla/5.0 (iPhone; CPU iPhone OS 13_2 like Mac OS X) AppleWebKit/605.1.15 (KHTML, like Gecko) Version/13.0.3 Mobile/15E148 Safari/604.1" "wpfront-notification-bar-landingpage=1"
186.86.52.25 - - [26/Nov/2019:04:52:53 +0100] "GET /wp-includes/js/jquery/jquery.js?ver=1.12.4-wp HTTP/1.1" 200 97362 "https://amazingsportwear.com/" "Mozilla/5.0 (iPhone; CPU iPhone OS 13_2 like Mac OS X) AppleWebKit/605.1.15 (KHTML, like Gecko) Version/13.0.3 Mobile/15E148 Safari/604.1" "wpfront-notification-bar-landingpage=1"
186.86.52.25 - - [26/Nov/2019:04:52:53 +0100] "GET /wp-includes/js/jquery/jquery-migrate.min.js?ver=1.4.1 HTTP/1.1" 200 10399 "https://amazingsportwear.com/" "Mozilla/5.0 (iPhone; CPU iPhone OS 13_2 like Mac OS X) AppleWebKit/605.1.15 (KHTML, like Gecko) Version/13.0.3 Mobile/15E148 Safari/604.1" "wpfront-notification-bar-landingpage=1"
186.86.52.25 - - [26/Nov/2019:04:52:53 +0100] "GET /wp-content/plugins/cookie-law-info/public/js/cookie-law-info-public.js?ver=1.7.6 HTTP/1.1" 200 17076 "https://amazingsportwear.com/" "Mozilla/5.0 (iPhone; CPU iPhone OS 13_2 like Mac OS X) AppleWebKit/605.1.15 (KHTML, like Gecko) Version/13.0.3 Mobile/15E148 Safari/604.1" "wpfront-notification-bar-landingpage=1"
186.86.52.25 - - [26/Nov/2019:04:52:54 +0100] "GET /wp-content/plugins/wpfront-notification-bar/jquery-plugins/jquery.c.js?ver=1.4.0 HTTP/1.1" 200 3437 "https://amazingsportwear.com/" "Mozilla/5.0 (iPhone; CPU iPhone OS 13_2 like Mac OS X) AppleWebKit/605.1.15 (KHTML, like Gecko) Version/13.0.3 Mobile/15E148 Safari/604.1" "wpfront-notification-bar-landingpage=1"
186.86.52.25 - - [26/Nov/2019:04:52:54 +0100] "GET /wp-content/plugins/wpfront-notification-bar/js/wpfront-notification-bar.js?ver=1.7.1 HTTP/1.1" 200 5662 "https://amazingsportwear.com/" "Mozilla/5.0 (iPhone; CPU iPhone OS 13_2 like Mac OS X) AppleWebKit/605.1.15 (KHTML, like Gecko) Version/13.0.3 Mobile/15E148 Safari/604.1" "wpfront-notification-bar-landingpage=1"
186.86.52.25 - - [26/Nov/2019:04:52:54 +0100] "GET /wp-content/plugins/simple-social-icons/svgxuse.js?ver=1.1.21 HTTP/1.1" 200 9580 "https://amazingsportwear.com/" "Mozilla/5.0 (iPhone; CPU iPhone OS 13_2 like Mac OS X) AppleWebKit/605.1.15 (KHTML, like Gecko) Version/13.0.3 Mobile/15E148 Safari/604.1" "wpfront-notification-bar-landingpage=1"
186.86.52.25 - - [26/Nov/2019:04:52:54 +0100] "GET /wp-content/plugins/smart-slider-3/nextend/media/dist/n2.min.js?1559118093 HTTP/1.1" 200 3836 "https://amazingsportwear.com/" "Mozilla/5.0 (iPhone; CPU iPhone OS 13_2 like Mac OS X) AppleWebKit/605.1.15 (KHTML, like Gecko) Version/13.0.3 Mobile/15E148 Safari/604.1" "wpfront-notification-bar-landingpage=1"
186.86.52.25 - - [26/Nov/2019:04:52:54 +0100] "GET /wp-content/plugins/smart-slider-3/nextend/media/dist/nextend-frontend.min.js?1559118093 HTTP/1.1" 200 86339 "https://amazingsportwear.com/" "Mozilla/5.0 (iPhone; CPU iPhone OS 13_2 like Mac OS X) AppleWebKit/605.1.15 (KHTML, like Gecko) Version/13.0.3 Mobile/15E148 Safari/604.1" "wpfront-notification-bar-landingpage=1"
186.86.52.25 - - [26/Nov/2019:04:52:54 +0100] "GET /wp-content/plugins/smart-slider-3/library/media/plugins/type/simple/simple/dist/smartslider-simple-type-frontend.min.js?1559118093 HTTP/1.1" 200 18973 "https://amazingsportwear.com/" "Mozilla/5.0 (iPhone; CPU iPhone OS 13_2 like Mac OS X) AppleWebKit/605.1.15 (KHTML, like Gecko) Version/13.0.3 Mobile/15E148 Safari/604.1" "wpfront-notification-bar-landingpage=1"
186.86.52.25 - - [26/Nov/2019:04:52:54 +0100] "GET /wp-content/plugins/smart-slider-3/library/media/dist/smartslider-frontend.min.js?1559118093 HTTP/1.1" 200 127293 "https://amazingsportwear.com/" "Mozilla/5.0 (iPhone; CPU iPhone OS 13_2 like Mac OS X) AppleWebKit/605.1.15 (KHTML, like Gecko) Version/13.0.3 Mobile/15E148 Safari/604.1" "wpfront-notification-bar-landingpage=1"
186.86.52.25 - - [26/Nov/2019:04:52:54 +0100] "GET /wp-content/themes/shopper/assets/js/crm.js?ver=1561548510 HTTP/1.1" 200 874 "https://amazingsportwear.com/" "Mozilla/5.0 (iPhone; CPU iPhone OS 13_2 like Mac OS X) AppleWebKit/605.1.15 (KHTML, like Gecko) Version/13.0.3 Mobile/15E148 Safari/604.1" "_ga=GA1.2.1913215935.1574740373; _gat_gtag_UA_91619287_1=1; _gid=GA1.2.398472020.1574740373; wpfront-notification-bar-landingpage=1"
186.86.52.25 - - [26/Nov/2019:04:52:54 +0100] "GET /wp-content/plugins/woocommerce/assets/js/frontend/add-to-cart.min.js?ver=3.6.4 HTTP/1.1" 200 2983 "https://amazingsportwear.com/" "Mozilla/5.0 (iPhone; CPU iPhone OS 13_2 like Mac OS X) AppleWebKit/605.1.15 (KHTML, like Gecko) Version/13.0.3 Mobile/15E148 Safari/604.1" "_ga=GA1.2.1913215935.1574740373; _gat_gtag_UA_91619287_1=1; _gid=GA1.2.398472020.1574740373; wpfront-notification-bar-landingpage=1"
186.86.52.25 - - [26/Nov/2019:04:52:54 +0100] "GET /wp-content/plugins/woocommerce/assets/js/jquery-blockui/jquery.blockUI.min.js?ver=2.70 HTTP/1.1" 200 9908 "https://amazingsportwear.com/" "Mozilla/5.0 (iPhone; CPU iPhone OS 13_2 like Mac OS X) AppleWebKit/605.1.15 (KHTML, like Gecko) Version/13.0.3 Mobile/15E148 Safari/604.1" "_ga=GA1.2.1913215935.1574740373; _gat_gtag_UA_91619287_1=1; _gid=GA1.2.398472020.1574740373; wpfront-notification-bar-landingpage=1"
186.86.52.25 - - [26/Nov/2019:04:52:54 +0100] "GET /wp-content/plugins/woocommerce/assets/js/js-cookie/js.cookie.min.js?ver=2.1.4 HTTP/1.1" 200 2187 "https://amazingsportwear.com/" "Mozilla/5.0 (iPhone; CPU iPhone OS 13_2 like Mac OS X) AppleWebKit/605.1.15 (KHTML, like Gecko) Version/13.0.3 Mobile/15E148 Safari/604.1" "_ga=GA1.2.1913215935.1574740373; _gat_gtag_UA_91619287_1=1; _gid=GA1.2.398472020.1574740373; wpfront-notification-bar-landingpage=1"
186.86.52.25 - - [26/Nov/2019:04:52:54 +0100] "GET /wp-content/plugins/woocommerce/assets/js/frontend/woocommerce.min.js?ver=3.6.4 HTTP/1.1" 200 1813 "https://amazingsportwear.com/" "Mozilla/5.0 (iPhone; CPU iPhone OS 13_2 like Mac OS X) AppleWebKit/605.1.15 (KHTML, like Gecko) Version/13.0.3 Mobile/15E148 Safari/604.1" "_ga=GA1.2.1913215935.1574740373; _gat_gtag_UA_91619287_1=1; _gid=GA1.2.398472020.1574740373; wpfront-notification-bar-landingpage=1"
186.86.52.25 - - [26/Nov/2019:04:52:54 +0100] "GET /wp-content/plugins/woocommerce/assets/js/frontend/cart-fragments.min.js?ver=3.6.4 HTTP/1.1" 200 3281 "https://amazingsportwear.com/" "Mozilla/5.0 (iPhone; CPU iPhone OS 13_2 like Mac OS X) AppleWebKit/605.1.15 (KHTML, like Gecko) Version/13.0.3 Mobile/15E148 Safari/604.1" "_ga=GA1.2.1913215935.1574740373; _gat_gtag_UA_91619287_1=1; _gid=GA1.2.398472020.1574740373; wpfront-notification-bar-landingpage=1"
186.86.52.25 - - [26/Nov/2019:04:52:54 +0100] "GET /wp-content/themes/shopper/assets/js/skip-link-focus-fix.js?ver=1.3.8 HTTP/1.1" 200 1023 "https://amazingsportwear.com/" "Mozilla/5.0 (iPhone; CPU iPhone OS 13_2 like Mac OS X) AppleWebKit/605.1.15 (KHTML, like Gecko) Version/13.0.3 Mobile/15E148 Safari/604.1" "_ga=GA1.2.1913215935.1574740373; _gat_gtag_UA_91619287_1=1; _gid=GA1.2.398472020.1574740373; wpfront-notification-bar-landingpage=1"
186.86.52.25 - - [26/Nov/2019:04:52:54 +0100] "GET /wp-content/themes/shopper/assets/js/shopper.min.js?ver=1.3.8 HTTP/1.1" 200 5994 "https://amazingsportwear.com/" "Mozilla/5.0 (iPhone; CPU iPhone OS 13_2 like Mac OS X) AppleWebKit/605.1.15 (KHTML, like Gecko) Version/13.0.3 Mobile/15E148 Safari/604.1" "_ga=GA1.2.1913215935.1574740373; _gat_gtag_UA_91619287_1=1; _gid=GA1.2.398472020.1574740373; wpfront-notification-bar-landingpage=1"
186.86.52.25 - - [26/Nov/2019:04:52:55 +0100] "GET /wp-includes/js/wp-embed.min.js?ver=5.2.4 HTTP/1.1" 200 1744 "https://amazingsportwear.com/" "Mozilla/5.0 (iPhone; CPU iPhone OS 13_2 like Mac OS X) AppleWebKit/605.1.15 (KHTML, like Gecko) Version/13.0.3 Mobile/15E148 Safari/604.1" "_ga=GA1.2.1913215935.1574740373; _gat_gtag_UA_91619287_1=1; _gid=GA1.2.398472020.1574740373; wpfront-notification-bar-landingpage=1"
186.86.52.25 - - [26/Nov/2019:04:52:55 +0100] "GET /wp-content/themes/shopper/assets/js/woocommerce/header-cart.min.js?ver=1.3.8 HTTP/1.1" 200 972 "https://amazingsportwear.com/" "Mozilla/5.0 (iPhone; CPU iPhone OS 13_2 like Mac OS X) AppleWebKit/605.1.15 (KHTML, like Gecko) Version/13.0.3 Mobile/15E148 Safari/604.1" "_ga=GA1.2.1913215935.1574740373; _gat_gtag_UA_91619287_1=1; _gid=GA1.2.398472020.1574740373; wpfront-notification-bar-landingpage=1"
186.86.52.25 - - [26/Nov/2019:04:52:55 +0100] "GET /wp-content/plugins/elementor/assets/js/frontend-modules.min.js?ver=2.5.16 HTTP/1.1" 200 11486 "https://amazingsportwear.com/" "Mozilla/5.0 (iPhone; CPU iPhone OS 13_2 like Mac OS X) AppleWebKit/605.1.15 (KHTML, like Gecko) Version/13.0.3 Mobile/15E148 Safari/604.1" "_ga=GA1.2.1913215935.1574740373; _gat_gtag_UA_91619287_1=1; _gid=GA1.2.398472020.1574740373; wpfront-notification-bar-landingpage=1"
186.86.52.25 - - [26/Nov/2019:04:52:55 +0100] "GET /wp-content/plugins/elementor/assets/lib/slick/slick.min.js?ver=1.8.1 HTTP/1.1" 200 43264 "https://amazingsportwear.com/" "Mozilla/5.0 (iPhone; CPU iPhone OS 13_2 like Mac OS X) AppleWebKit/605.1.15 (KHTML, like Gecko) Version/13.0.3 Mobile/15E148 Safari/604.1" "_ga=GA1.2.1913215935.1574740373; _gat_gtag_UA_91619287_1=1; _gid=GA1.2.398472020.1574740373; wpfront-notification-bar-landingpage=1"
186.86.52.25 - - [26/Nov/2019:04:52:55 +0100] "GET /wp-content/plugins/elementor/assets/lib/dialog/dialog.min.js?ver=4.7.1 HTTP/1.1" 200 10911 "https://amazingsportwear.com/" "Mozilla/5.0 (iPhone; CPU iPhone OS 13_2 like Mac OS X) AppleWebKit/605.1.15 (KHTML, like Gecko) Version/13.0.3 Mobile/15E148 Safari/604.1" "_ga=GA1.2.1913215935.1574740373; _gat_gtag_UA_91619287_1=1; _gid=GA1.2.398472020.1574740373; wpfront-notification-bar-landingpage=1"
186.86.52.25 - - [26/Nov/2019:04:52:55 +0100] "GET /wp-content/plugins/elementor/assets/lib/waypoints/waypoints.min.js?ver=4.0.2 HTTP/1.1" 200 12541 "https://amazingsportwear.com/" "Mozilla/5.0 (iPhone; CPU iPhone OS 13_2 like Mac OS X) AppleWebKit/605.1.15 (KHTML, like Gecko) Version/13.0.3 Mobile/15E148 Safari/604.1" "_ga=GA1.2.1913215935.1574740373; _gat_gtag_UA_91619287_1=1; _gid=GA1.2.398472020.1574740373; wpfront-notification-bar-landingpage=1"
186.86.52.25 - - [26/Nov/2019:04:52:55 +0100] "GET /wp-includes/js/jquery/ui/position.min.js?ver=1.11.4 HTTP/1.1" 200 6869 "https://amazingsportwear.com/" "Mozilla/5.0 (iPhone; CPU iPhone OS 13_2 like Mac OS X) AppleWebKit/605.1.15 (KHTML, like Gecko) Version/13.0.3 Mobile/15E148 Safari/604.1" "_ga=GA1.2.1913215935.1574740373; _gat_gtag_UA_91619287_1=1; _gid=GA1.2.398472020.1574740373; wpfront-notification-bar-landingpage=1"
186.86.52.25 - - [26/Nov/2019:04:52:55 +0100] "GET /wp-content/plugins/elementor/assets/lib/swiper/swiper.min.js?ver=4.4.6 HTTP/1.1" 200 126126 "https://amazingsportwear.com/" "Mozilla/5.0 (iPhone; CPU iPhone OS 13_2 like Mac OS X) AppleWebKit/605.1.15 (KHTML, like Gecko) Version/13.0.3 Mobile/15E148 Safari/604.1" "_ga=GA1.2.1913215935.1574740373; _gat_gtag_UA_91619287_1=1; _gid=GA1.2.398472020.1574740373; wpfront-notification-bar-landingpage=1"
186.86.52.25 - - [26/Nov/2019:04:52:55 +0100] "GET /wp-content/plugins/elementor/assets/js/frontend.min.js?ver=2.5.16 HTTP/1.1" 200 41341 "https://amazingsportwear.com/" "Mozilla/5.0 (iPhone; CPU iPhone OS 13_2 like Mac OS X) AppleWebKit/605.1.15 (KHTML, like Gecko) Version/13.0.3 Mobile/15E148 Safari/604.1" "_ga=GA1.2.1913215935.1574740373; _gat_gtag_UA_91619287_1=1; _gid=GA1.2.398472020.1574740373; wpfront-notification-bar-landingpage=1"
186.86.52.25 - - [26/Nov/2019:04:52:55 +0100] "GET /wp-includes/js/jquery/ui/core.min.js?ver=1.11.4 HTTP/1.1" 200 4341 "https://amazingsportwear.com/" "Mozilla/5.0 (iPhone; CPU iPhone OS 13_2 like Mac OS X) AppleWebKit/605.1.15 (KHTML, like Gecko) Version/13.0.3 Mobile/15E148 Safari/604.1" "_ga=GA1.2.1913215935.1574740373; _gat_gtag_UA_91619287_1=1; _gid=GA1.2.398472020.1574740373; wpfront-notification-bar-landingpage=1"
186.86.52.25 - - [26/Nov/2019:04:52:55 +0100] "GET /wp-content/plugins/si-contact-form/includes/fscf-scripts.js?ver=179 HTTP/1.1" 200 1033 "https://amazingsportwear.com/" "Mozilla/5.0 (iPhone; CPU iPhone OS 13_2 like Mac OS X) AppleWebKit/605.1.15 (KHTML, like Gecko) Version/13.0.3 Mobile/15E148 Safari/604.1" "_ga=GA1.2.1913215935.1574740373; _gat_gtag_UA_91619287_1=1; _gid=GA1.2.398472020.1574740373; wpfront-notification-bar-landingpage=1"
186.86.52.25 - - [26/Nov/2019:04:52:55 +0100] "GET /wp-content/plugins/elementor/assets/lib/font-awesome/fonts/fontawesome-webfont.woff2?v=4.7.0 HTTP/1.1" 200 77615 "https://amazingsportwear.com/" "Mozilla/5.0 (iPhone; CPU iPhone OS 13_2 like Mac OS X) AppleWebKit/605.1.15 (KHTML, like Gecko) Version/13.0.3 Mobile/15E148 Safari/604.1" "_ga=GA1.2.1913215935.1574740373; _gat_gtag_UA_91619287_1=1; _gid=GA1.2.398472020.1574740373; wpfront-notification-bar-landingpage=1"
186.86.52.25 - - [26/Nov/2019:04:52:55 +0100] "GET /wp-content/uploads/2019/05/cropped-asw-white.png HTTP/1.1" 200 7500 "https://amazingsportwear.com/" "Mozilla/5.0 (iPhone; CPU iPhone OS 13_2 like Mac OS X) AppleWebKit/605.1.15 (KHTML, like Gecko) Version/13.0.3 Mobile/15E148 Safari/604.1" "wpfront-notification-bar-landingpage=1"
186.86.52.25 - - [26/Nov/2019:04:52:55 +0100] "GET /wp-content/uploads/2019/07/buff-bandana-300x123.jpg HTTP/1.1" 200 15859 "https://amazingsportwear.com/" "Mozilla/5.0 (iPhone; CPU iPhone OS 13_2 like Mac OS X) AppleWebKit/605.1.15 (KHTML, like Gecko) Version/13.0.3 Mobile/15E148 Safari/604.1" "wpfront-notification-bar-landingpage=1"
186.86.52.25 - - [26/Nov/2019:04:52:55 +0100] "GET /wp-content/uploads/2019/07/camiseta-tecnica-mujer-300x124.jpg HTTP/1.1" 200 17320 "https://amazingsportwear.com/" "Mozilla/5.0 (iPhone; CPU iPhone OS 13_2 like Mac OS X) AppleWebKit/605.1.15 (KHTML, like Gecko) Version/13.0.3 Mobile/15E148 Safari/604.1" "wpfront-notification-bar-landingpage=1"
186.86.52.25 - - [26/Nov/2019:04:52:56 +0100] "GET /wp-content/uploads/2019/07/camiseta-tecnica-unisex-300x124.jpg HTTP/1.1" 200 17090 "https://amazingsportwear.com/" "Mozilla/5.0 (iPhone; CPU iPhone OS 13_2 like Mac OS X) AppleWebKit/605.1.15 (KHTML, like Gecko) Version/13.0.3 Mobile/15E148 Safari/604.1" "wpfront-notification-bar-landingpage=1"
186.86.52.25 - - [26/Nov/2019:04:52:56 +0100] "GET /wp-content/themes/shopper/assets/fonts/fontawesome-webfont.woff2?v=4.7.0 HTTP/1.1" 200 77615 "https://amazingsportwear.com/" "Mozilla/5.0 (iPhone; CPU iPhone OS 13_2 like Mac OS X) AppleWebKit/605.1.15 (KHTML, like Gecko) Version/13.0.3 Mobile/15E148 Safari/604.1" "_ga=GA1.2.1913215935.1574740373; _gat_gtag_UA_91619287_1=1; _gid=GA1.2.398472020.1574740373; wpfront-notification-bar-landingpage=1"
186.86.52.25 - - [26/Nov/2019:04:52:56 +0100] "GET /wp-content/uploads/2019/07/cortavientos-300x124.jpg HTTP/1.1" 200 17094 "https://amazingsportwear.com/" "Mozilla/5.0 (iPhone; CPU iPhone OS 13_2 like Mac OS X) AppleWebKit/605.1.15 (KHTML, like Gecko) Version/13.0.3 Mobile/15E148 Safari/604.1" "wpfront-notification-bar-landingpage=1"
186.86.52.25 - - [26/Nov/2019:04:52:56 +0100] "GET /wp-content/uploads/2019/07/gorra-tecnica-300x124.jpg HTTP/1.1" 200 16844 "https://amazingsportwear.com/" "Mozilla/5.0 (iPhone; CPU iPhone OS 13_2 like Mac OS X) AppleWebKit/605.1.15 (KHTML, like Gecko) Version/13.0.3 Mobile/15E148 Safari/604.1" "wpfront-notification-bar-landingpage=1"
186.86.52.25 - - [26/Nov/2019:04:52:56 +0100] "GET /wp-content/uploads/2019/07/mochila-saco-300x124.jpg HTTP/1.1" 200 16972 "https://amazingsportwear.com/" "Mozilla/5.0 (iPhone; CPU iPhone OS 13_2 like Mac OS X) AppleWebKit/605.1.15 (KHTML, like Gecko) Version/13.0.3 Mobile/15E148 Safari/604.1" "wpfront-notification-bar-landingpage=1"
186.86.52.25 - - [26/Nov/2019:04:52:56 +0100] "GET /wp-content/uploads/2019/07/polo-tecnico-300x124.jpg HTTP/1.1" 200 17539 "https://amazingsportwear.com/" "Mozilla/5.0 (iPhone; CPU iPhone OS 13_2 like Mac OS X) AppleWebKit/605.1.15 (KHTML, like Gecko) Version/13.0.3 Mobile/15E148 Safari/604.1" "wpfront-notification-bar-landingpage=1"
186.86.52.25 - - [26/Nov/2019:04:52:56 +0100] "GET /wp-content/uploads/2019/07/toalla-300x124.jpg HTTP/1.1" 200 16957 "https://amazingsportwear.com/" "Mozilla/5.0 (iPhone; CPU iPhone OS 13_2 like Mac OS X) AppleWebKit/605.1.15 (KHTML, like Gecko) Version/13.0.3 Mobile/15E148 Safari/604.1" "wpfront-notification-bar-landingpage=1"
186.86.52.25 - - [26/Nov/2019:04:52:56 +0100] "GET /wp-content/uploads/2019/07/zapatillero-300x124.jpg HTTP/1.1" 200 16599 "https://amazingsportwear.com/" "Mozilla/5.0 (iPhone; CPU iPhone OS 13_2 like Mac OS X) AppleWebKit/605.1.15 (KHTML, like Gecko) Version/13.0.3 Mobile/15E148 Safari/604.1" "wpfront-notification-bar-landingpage=1"
186.86.52.25 - - [26/Nov/2019:04:52:56 +0100] "POST /?wc-ajax=get_refreshed_fragments HTTP/1.1" 200 1345 "https://amazingsportwear.com/" "Mozilla/5.0 (iPhone; CPU iPhone OS 13_2 like Mac OS X) AppleWebKit/605.1.15 (KHTML, like Gecko) Version/13.0.3 Mobile/15E148 Safari/604.1" "_ga=GA1.2.1913215935.1574740373; _gat_gtag_UA_91619287_1=1; _gid=GA1.2.398472020.1574740373; wpfront-notification-bar-landingpage=1"
186.86.52.25 - - [26/Nov/2019:04:52:56 +0100] "GET /wp-content/uploads/2019/07/slider2.jpg HTTP/1.1" 200 250219 "https://amazingsportwear.com/" "Mozilla/5.0 (iPhone; CPU iPhone OS 13_2 like Mac OS X) AppleWebKit/605.1.15 (KHTML, like Gecko) Version/13.0.3 Mobile/15E148 Safari/604.1" "wpfront-notification-bar-landingpage=1"
186.86.52.25 - - [26/Nov/2019:04:52:56 +0100] "GET /wp-content/uploads/2019/07/slider1.jpg HTTP/1.1" 200 244573 "https://amazingsportwear.com/" "Mozilla/5.0 (iPhone; CPU iPhone OS 13_2 like Mac OS X) AppleWebKit/605.1.15 (KHTML, like Gecko) Version/13.0.3 Mobile/15E148 Safari/604.1" "wpfront-notification-bar-landingpage=1"
186.86.52.25 - - [26/Nov/2019:04:52:57 +0100] "GET /wp-content/uploads/2019/07/slider3.jpg HTTP/1.1" 200 276981 "https://amazingsportwear.com/" "Mozilla/5.0 (iPhone; CPU iPhone OS 13_2 like Mac OS X) AppleWebKit/605.1.15 (KHTML, like Gecko) Version/13.0.3 Mobile/15E148 Safari/604.1" "wpfront-notification-bar-landingpage=1"
186.86.52.25 - - [26/Nov/2019:04:52:57 +0100] "GET /wp-content/uploads/2019/07/slider4.jpg HTTP/1.1" 200 369750 "https://amazingsportwear.com/" "Mozilla/5.0 (iPhone; CPU iPhone OS 13_2 like Mac OS X) AppleWebKit/605.1.15 (KHTML, like Gecko) Version/13.0.3 Mobile/15E148 Safari/604.1" "wpfront-notification-bar-landingpage=1"
186.86.52.25 - - [26/Nov/2019:04:52:57 +0100] "GET /wp-content/uploads/2019/07/carpa-768x578.jpg HTTP/1.1" 200 62578 "https://amazingsportwear.com/" "Mozilla/5.0 (iPhone; CPU iPhone OS 13_2 like Mac OS X) AppleWebKit/605.1.15 (KHTML, like Gecko) Version/13.0.3 Mobile/15E148 Safari/604.1" "wpfront-notification-bar-landingpage=1"
186.86.52.25 - - [26/Nov/2019:04:52:57 +0100] "GET /wp-content/uploads/2019/04/Gorra-sport-12.png HTTP/1.1" 200 92310 "https://amazingsportwear.com/" "Mozilla/5.0 (iPhone; CPU iPhone OS 13_2 like Mac OS X) AppleWebKit/605.1.15 (KHTML, like Gecko) Version/13.0.3 Mobile/15E148 Safari/604.1" "wpfront-notification-bar-landingpage=1"
186.86.52.25 - - [26/Nov/2019:04:52:57 +0100] "GET /wp-content/uploads/2019/04/toalla-absorvente-gymnasio-7.png HTTP/1.1" 200 148381 "https://amazingsportwear.com/" "Mozilla/5.0 (iPhone; CPU iPhone OS 13_2 like Mac OS X) AppleWebKit/605.1.15 (KHTML, like Gecko) Version/13.0.3 Mobile/15E148 Safari/604.1" "wpfront-notification-bar-landingpage=1"
186.86.52.25 - - [26/Nov/2019:04:52:57 +0100] "GET /wp-content/uploads/2019/04/bidon-match-4.png HTTP/1.1" 200 130221 "https://amazingsportwear.com/" "Mozilla/5.0 (iPhone; CPU iPhone OS 13_2 like Mac OS X) AppleWebKit/605.1.15 (KHTML, like Gecko) Version/13.0.3 Mobile/15E148 Safari/604.1" "wpfront-notification-bar-landingpage=1"
186.86.52.25 - - [26/Nov/2019:04:52:57 +0100] "GET /wp-content/uploads/2019/04/bolsa-deporte-young-1.png HTTP/1.1" 200 140410 "https://amazingsportwear.com/" "Mozilla/5.0 (iPhone; CPU iPhone OS 13_2 like Mac OS X) AppleWebKit/605.1.15 (KHTML, like Gecko) Version/13.0.3 Mobile/15E148 Safari/604.1" "wpfront-notification-bar-landingpage=1"
186.86.52.25 - - [26/Nov/2019:04:52:58 +0100] "GET /wp-content/uploads/2019/04/mochila-decath-5.png HTTP/1.1" 200 127678 "https://amazingsportwear.com/" "Mozilla/5.0 (iPhone; CPU iPhone OS 13_2 like Mac OS X) AppleWebKit/605.1.15 (KHTML, like Gecko) Version/13.0.3 Mobile/15E148 Safari/604.1" "wpfront-notification-bar-landingpage=1"
186.86.52.25 - - [26/Nov/2019:04:52:58 +0100] "GET /wp-content/uploads/2019/04/Llavero-triumph-1.png HTTP/1.1" 200 29839 "https://amazingsportwear.com/" "Mozilla/5.0 (iPhone; CPU iPhone OS 13_2 like Mac OS X) AppleWebKit/605.1.15 (KHTML, like Gecko) Version/13.0.3 Mobile/15E148 Safari/604.1" "wpfront-notification-bar-landingpage=1"
186.86.52.25 - - [26/Nov/2019:04:52:58 +0100] "GET /wp-content/uploads/2018/06/sa-6502-naranja.jpg HTTP/1.1" 200 65261 "https://amazingsportwear.com/" "Mozilla/5.0 (iPhone; CPU iPhone OS 13_2 like Mac OS X) AppleWebKit/605.1.15 (KHTML, like Gecko) Version/13.0.3 Mobile/15E148 Safari/604.1" "wpfront-notification-bar-landingpage=1"
186.86.52.25 - - [26/Nov/2019:04:52:58 +0100] "GET /wp-content/uploads/2019/04/SA-6684-1.png HTTP/1.1" 200 173182 "https://amazingsportwear.com/" "Mozilla/5.0 (iPhone; CPU iPhone OS 13_2 like Mac OS X) AppleWebKit/605.1.15 (KHTML, like Gecko) Version/13.0.3 Mobile/15E148 Safari/604.1" "wpfront-notification-bar-landingpage=1"
186.86.52.25 - - [26/Nov/2019:04:52:58 +0100] "GET /wp-content/uploads/2018/05/cif-g221-2.jpg HTTP/1.1" 200 55476 "https://amazingsportwear.com/" "Mozilla/5.0 (iPhone; CPU iPhone OS 13_2 like Mac OS X) AppleWebKit/605.1.15 (KHTML, like Gecko) Version/13.0.3 Mobile/15E148 Safari/604.1" "wpfront-notification-bar-landingpage=1"
186.86.52.25 - - [26/Nov/2019:04:52:58 +0100] "GET /wp-content/uploads/2018/05/cp-lycra-2.jpg HTTP/1.1" 200 13775 "https://amazingsportwear.com/" "Mozilla/5.0 (iPhone; CPU iPhone OS 13_2 like Mac OS X) AppleWebKit/605.1.15 (KHTML, like Gecko) Version/13.0.3 Mobile/15E148 Safari/604.1" "wpfront-notification-bar-landingpage=1"
186.86.52.25 - - [26/Nov/2019:04:52:58 +0100] "GET /wp-content/uploads/2018/05/cat-3164-amarillo-300x300.png HTTP/1.1" 200 72410 "https://amazingsportwear.com/" "Mozilla/5.0 (iPhone; CPU iPhone OS 13_2 like Mac OS X) AppleWebKit/605.1.15 (KHTML, like Gecko) Version/13.0.3 Mobile/15E148 Safari/604.1" "wpfront-notification-bar-landingpage=1"
186.86.52.25 - - [26/Nov/2019:04:52:58 +0100] "GET /wp-content/uploads/2017/03/sa-0415_60.jpg HTTP/1.1" 200 93721 "https://amazingsportwear.com/" "Mozilla/5.0 (iPhone; CPU iPhone OS 13_2 like Mac OS X) AppleWebKit/605.1.15 (KHTML, like Gecko) Version/13.0.3 Mobile/15E148 Safari/604.1" "wpfront-notification-bar-landingpage=1"
186.86.52.25 - - [26/Nov/2019:04:52:58 +0100] "GET /wp-content/uploads/2019/06/compartir.jpg HTTP/1.1" 200 14349 "https://amazingsportwear.com/" "Mozilla/5.0 (iPhone; CPU iPhone OS 13_2 like Mac OS X) AppleWebKit/605.1.15 (KHTML, like Gecko) Version/13.0.3 Mobile/15E148 Safari/604.1" "_ga=GA1.2.1913215935.1574740373; _gat_gtag_UA_91619287_1=1; _gid=GA1.2.398472020.1574740373; wpfront-notification-bar-landingpage=1"
186.86.52.25 - - [26/Nov/2019:04:52:58 +0100] "GET /wp-content/uploads/2019/06/amistad3-300x300.jpg HTTP/1.1" 200 12744 "https://amazingsportwear.com/" "Mozilla/5.0 (iPhone; CPU iPhone OS 13_2 like Mac OS X) AppleWebKit/605.1.15 (KHTML, like Gecko) Version/13.0.3 Mobile/15E148 Safari/604.1" "wpfront-notification-bar-landingpage=1"
186.86.52.25 - - [26/Nov/2019:04:52:58 +0100] "GET /wp-content/uploads/2019/05/asw-white-600x252.png HTTP/1.1" 200 29380 "https://amazingsportwear.com/" "Mozilla/5.0 (iPhone; CPU iPhone OS 13_2 like Mac OS X) AppleWebKit/605.1.15 (KHTML, like Gecko) Version/13.0.3 Mobile/15E148 Safari/604.1" "_ga=GA1.2.1913215935.1574740373; _gat_gtag_UA_91619287_1=1; _gid=GA1.2.398472020.1574740373; wpfront-notification-bar-landingpage=1"
186.86.52.25 - - [26/Nov/2019:04:52:58 +0100] "GET /wp-content/plugins/simple-social-icons/symbol-defs.svg HTTP/1.1" 200 19699 "https://amazingsportwear.com/" "Mozilla/5.0 (iPhone; CPU iPhone OS 13_2 like Mac OS X) AppleWebKit/605.1.15 (KHTML, like Gecko) Version/13.0.3 Mobile/15E148 Safari/604.1" "_ga=GA1.2.1913215935.1574740373; _gat_gtag_UA_91619287_1=1; _gid=GA1.2.398472020.1574740373; wpfront-notification-bar-landingpage=1"
186.86.52.25 - - [26/Nov/2019:04:52:59 +0100] "GET /wp-content/uploads/2019/05/cropped-favicon-nuevo-logo-amazinf-128px-192x192.png HTTP/1.1" 200 14048 "https://amazingsportwear.com/" "Mozilla/5.0 (iPhone; CPU iPhone OS 13_2 like Mac OS X) AppleWebKit/605.1.15 (KHTML, like Gecko) Version/13.0.3 Mobile/15E148 Safari/604.1" "_ga=GA1.2.1913215935.1574740373; _gat_gtag_UA_91619287_1=1; _gid=GA1.2.398472020.1574740373; wpfront-notification-bar-landingpage=1"
186.86.52.25 - - [26/Nov/2019:04:53:00 +0100] "GET /wp-content/uploads/2019/05/cropped-favicon-nuevo-logo-amazinf-128px-32x32.png HTTP/1.1" 200 1362 "https://amazingsportwear.com/" "Mozilla/5.0 (iPhone; CPU iPhone OS 13_2 like Mac OS X) AppleWebKit/605.1.15 (KHTML, like Gecko) Version/13.0.3 Mobile/15E148 Safari/604.1" "_ga=GA1.2.1913215935.1574740373; _gat_gtag_UA_91619287_1=1; _gid=GA1.2.398472020.1574740373; wpfront-notification-bar-landingpage=1"
189.210.101.190 - - [26/Nov/2019:04:54:19 +0100] "GET /wp-content/uploads/2019/04/gorra-bayon-6.png HTTP/1.1" 200 91841 "https://www.google.com/" "Mozilla/5.0 (Windows NT 10.0; Win64; x64) AppleWebKit/537.36 (KHTML, like Gecko) Chrome/78.0.3904.108 Safari/537.36" "-"
91.106.199.104 - - [26/Nov/2019:04:55:07 +0100] "GET /wp-content/themes/shopper/assets/sass/woocommerce/woocommerce.css HTTP/1.1" 200 83294 "-" "Mozilla/5.0 (compatible; tracemyfile/1.0)" "-"
177.247.111.75 - - [26/Nov/2019:05:03:26 +0100] "GET /wp-content/uploads/2019/04/Gorra-sport-12.png HTTP/1.1" 200 95678 "https://www.google.com/" "Mozilla/5.0 (Windows NT 6.3; Win64; x64) AppleWebKit/537.36 (KHTML, like Gecko) Chrome/78.0.3904.108 Safari/537.36" "-"
177.247.111.75 - - [26/Nov/2019:05:03:36 +0100] "GET /wp-content/uploads/2019/04/Gorra-sport-12.png HTTP/1.1" 200 96115 "-" "Mozilla/4.0 (compatible; MSIE 7.0; Windows NT 6.2; WOW64; Trident/7.0; .NET4.0E; .NET4.0C; InfoPath.3; ms-office; MSOffice 15)" "-"
217.76.130.90 - - [26/Nov/2019:05:08:09 +0100] "POST /wp-cron.php?doing_wp_cron=1574741289.1185319423675537109375 HTTP/1.1" 200 3389 "https://amazingsportwear.com/wp-cron.php?doing_wp_cron=1574741289.1185319423675537109375" "WordPress/5.2.4; https://amazingsportwear.com" "-"
137.226.113.28 - - [26/Nov/2019:05:08:06 +0100] "GET / HTTP/1.1" 301 3504 "-" "Mozilla/5.0 zgrab/0.x (compatible; Researchscan/t12sns; +http://researchscan.comsys.rwth-aachen.de)" "-"
66.249.66.66 - - [26/Nov/2019:05:08:57 +0100] "GET /producto/gorra-kisse/ HTTP/1.1" 200 99762 "-" "Mozilla/5.0 (compatible; Googlebot/2.1; +http://www.google.com/bot.html)" "-"
217.76.130.90 - - [26/Nov/2019:05:09:16 +0100] "POST /wp-cron.php?doing_wp_cron=1574741356.7963790893554687500000 HTTP/1.1" 200 3389 "https://amazingsportwear.com/wp-cron.php?doing_wp_cron=1574741356.7963790893554687500000" "WordPress/5.2.4; https://amazingsportwear.com" "-"
66.249.66.68 - - [26/Nov/2019:05:09:16 +0100] "POST /?wc-ajax=get_refreshed_fragments HTTP/1.1" 200 4760 "https://amazingsportwear.com/producto/gorra-kisse/" "Mozilla/5.0 AppleWebKit/537.36 (KHTML, like Gecko; compatible; Googlebot/2.1; +http://www.google.com/bot.html) Safari/537.36" "_ga=GA1.2.931330593.1574726400; _gid=GA1.2.2074753562.1574726400; _gat_gtag_UA_91619287_1=1"
217.76.130.90 - - [26/Nov/2019:05:10:11 +0100] "POST /wp-cron.php?doing_wp_cron=1574741411.3477649688720703125000 HTTP/1.1" 200 164 "http://amazingsportwear.com/wp-cron.php?doing_wp_cron=1574741411.3477649688720703125000" "WordPress/5.2.4; https://amazingsportwear.com" "-"
207.46.13.215 - - [26/Nov/2019:05:10:10 +0100] "GET /index.php?id_category=18&controller=category HTTP/1.1" 301 371 "-" "Mozilla/5.0 (compatible; bingbot/2.0; +http://www.bing.com/bingbot.htm)" "-"
217.76.130.90 - - [26/Nov/2019:05:31:39 +0100] "POST /wp-cron.php?doing_wp_cron=1574742699.8159489631652832031250 HTTP/1.1" 200 3389 "https://amazingsportwear.com/wp-cron.php?doing_wp_cron=1574742699.8159489631652832031250" "WordPress/5.2.4; https://amazingsportwear.com" "-"
207.46.13.215 - - [26/Nov/2019:05:31:36 +0100] "GET /tienda/?controller=contact HTTP/1.1" 200 75348 "-" "Mozilla/5.0 (compatible; bingbot/2.0; +http://www.bing.com/bingbot.htm)" "-"
217.76.130.90 - - [26/Nov/2019:05:35:08 +0100] "POST /wp-cron.php?doing_wp_cron=1574742908.3176989555358886718750 HTTP/1.1" 200 3389 "https://amazingsportwear.com/wp-cron.php?doing_wp_cron=1574742908.3176989555358886718750" "WordPress/5.2.4; https://amazingsportwear.com" "-"
157.55.39.68 - - [26/Nov/2019:05:35:07 +0100] "GET /mapa-web HTTP/1.1" 404 72220 "-" "Mozilla/5.0 (compatible; bingbot/2.0; +http://www.bing.com/bingbot.htm)" "-"
177.228.135.15 - - [26/Nov/2019:05:46:03 +0100] "GET /wp-content/uploads/2019/04/Gorra-sport-6.png HTTP/1.1" 200 44623 "https://www.google.com/" "Mozilla/5.0 (Windows NT 10.0; Win64; x64) AppleWebKit/537.36 (KHTML, like Gecko) Chrome/78.0.3904.108 Safari/537.36" "-"
217.76.130.90 - - [26/Nov/2019:05:52:48 +0100] "POST /wp-cron.php?doing_wp_cron=1574743968.1154079437255859375000 HTTP/1.1" 200 3389 "https://amazingsportwear.com/wp-cron.php?doing_wp_cron=1574743968.1154079437255859375000" "WordPress/5.2.4; https://amazingsportwear.com" "-"
66.249.66.68 - - [26/Nov/2019:05:52:45 +0100] "GET /producto/camiseta-tecnica-tirantes-dream-eny-dream-ti/ HTTP/1.1" 200 102708 "-" "Mozilla/5.0 (compatible; Googlebot/2.1; +http://www.google.com/bot.html)" "-"
66.249.66.66 - - [26/Nov/2019:05:52:52 +0100] "POST /?wc-ajax=get_refreshed_fragments HTTP/1.1" 200 4760 "https://amazingsportwear.com/producto/camiseta-tecnica-tirantes-dream-eny-dream-ti/" "Mozilla/5.0 AppleWebKit/537.36 (KHTML, like Gecko; compatible; Googlebot/2.1; +http://www.google.com/bot.html) Safari/537.36" "_ga=GA1.2.931330593.1574726400; _gid=GA1.2.2074753562.1574726400; _gat_gtag_UA_91619287_1=1"
217.76.130.90 - - [26/Nov/2019:05:54:11 +0100] "POST /wp-cron.php?doing_wp_cron=1574744051.7464520931243896484375 HTTP/1.1" 200 164 "http://amazingsportwear.com/wp-cron.php?doing_wp_cron=1574744051.7464520931243896484375" "WordPress/5.2.4; https://amazingsportwear.com" "-"
207.46.13.215 - - [26/Nov/2019:05:54:11 +0100] "GET /atletismo/182-chaleco-cortavientos-sublimado-asw.html HTTP/1.1" 404 68112 "-" "Mozilla/5.0 (iPhone; CPU iPhone OS 7_0 like Mac OS X) AppleWebKit/537.51.1 (KHTML, like Gecko) Version/7.0 Mobile/11A465 Safari/9537.53 (compatible; bingbot/2.0; +http://www.bing.com/bingbot.htm)" "-"
217.76.130.90 - - [26/Nov/2019:05:59:35 +0100] "POST /wp-cron.php?doing_wp_cron=1574744375.8155539035797119140625 HTTP/1.1" 200 164 "http://amazingsportwear.com/wp-cron.php?doing_wp_cron=1574744375.8155539035797119140625" "WordPress/5.2.4; https://amazingsportwear.com" "-"
54.69.27.114 - - [26/Nov/2019:05:59:34 +0100] "GET / HTTP/1.1" 301 279 "-" "Go-http-client/1.1" "-"
217.76.130.90 - - [26/Nov/2019:06:22:48 +0100] "POST /wp-cron.php?doing_wp_cron=1574745768.3551208972930908203125 HTTP/1.1" 200 3389 "https://amazingsportwear.com/wp-cron.php?doing_wp_cron=1574745768.3551208972930908203125" "WordPress/5.2.4; https://amazingsportwear.com" "-"
66.249.66.70 - - [26/Nov/2019:06:22:46 +0100] "GET /producto/polo-tecnico-master-aq-master/ HTTP/1.1" 200 100918 "-" "Mozilla/5.0 (compatible; Googlebot/2.1; +http://www.google.com/bot.html)" "-"
217.76.130.90 - - [26/Nov/2019:06:31:47 +0100] "POST /wp-cron.php?doing_wp_cron=1574746307.1024980545043945312500 HTTP/1.1" 200 164 "http://amazingsportwear.com/wp-cron.php?doing_wp_cron=1574746307.1024980545043945312500" "WordPress/5.2.4; https://amazingsportwear.com" "-"
93.124.126.225 - - [26/Nov/2019:06:31:46 +0100] "GET / HTTP/1.0" 301 265 "http://amazingsportwear.com/" "Mozilla/5.0 (Windows NT 10.0; Win64; x64) AppleWebKit/537.36 (KHTML, like Gecko) Chrome/68.0.3440.106 Safari/537.36" "-"
93.124.126.225 - - [26/Nov/2019:06:31:47 +0100] "GET / HTTP/1.0" 200 124705 "https://amazingsportwear.com/" "Mozilla/5.0 (Windows NT 10.0; Win64; x64) AppleWebKit/537.36 (KHTML, like Gecko) Chrome/68.0.3440.106 Safari/537.36" "wpfront-notification-bar-landingpage=1"
93.124.126.225 - - [26/Nov/2019:06:31:53 +0100] "POST / HTTP/1.0" 200 125045 "https://amazingsportwear.com/" "Mozilla/5.0 (Windows NT 10.0; Win64; x64) AppleWebKit/537.36 (KHTML, like Gecko) Chrome/68.0.3440.106 Safari/537.36" "wpfront-notification-bar-landingpage=1"
93.124.126.225 - - [26/Nov/2019:06:31:58 +0100] "GET /wp-login.php HTTP/1.0" 200 7877 "https://amazingsportwear.com/wp-login.php" "Mozilla/5.0 (Windows NT 10.0; Win64; x64) AppleWebKit/537.36 (KHTML, like Gecko) Chrome/68.0.3440.106 Safari/537.36" "wpfront-notification-bar-landingpage=1"
93.124.126.225 - - [26/Nov/2019:06:31:59 +0100] "POST /wp-login.php HTTP/1.0" 200 8847 "https://amazingsportwear.com/wp-login.php" "Mozilla/5.0 (Windows NT 10.0; Win64; x64) AppleWebKit/537.36 (KHTML, like Gecko) Chrome/68.0.3440.106 Safari/537.36" "wpfront-notification-bar-landingpage=1; wordpress_test_cookie=WP+Cookie+check"
93.124.126.225 - - [26/Nov/2019:06:32:00 +0100] "GET / HTTP/1.0" 301 213 "http://amazingsportwear.com/" "Mozilla/5.0 (Windows NT 10.0; Win64; x64) AppleWebKit/537.36 (KHTML, like Gecko) Chrome/68.0.3440.106 Safari/537.36" "wpfront-notification-bar-landingpage=1; wordpress_test_cookie=WP+Cookie+check"
93.124.126.225 - - [26/Nov/2019:06:32:01 +0100] "GET /contacta-con-nosotros/ HTTP/1.0" 200 61712 "https://amazingsportwear.com/contacta-con-nosotros/" "Mozilla/5.0 (Windows NT 10.0; Win64; x64) AppleWebKit/537.36 (KHTML, like Gecko) Chrome/68.0.3440.106 Safari/537.36" "wpfront-notification-bar-landingpage=1; wordpress_test_cookie=WP+Cookie+check"
217.76.130.90 - - [26/Nov/2019:06:32:06 +0100] "POST /wp-cron.php?doing_wp_cron=1574746326.8404910564422607421875 HTTP/1.1" 200 3389 "https://amazingsportwear.com/wp-cron.php?doing_wp_cron=1574746326.8404910564422607421875" "WordPress/5.2.4; https://amazingsportwear.com" "-"
93.124.126.225 - - [26/Nov/2019:06:32:06 +0100] "POST /contacta-con-nosotros/ HTTP/1.0" 200 62279 "https://amazingsportwear.com/contacta-con-nosotros/" "Mozilla/5.0 (Windows NT 10.0; Win64; x64) AppleWebKit/537.36 (KHTML, like Gecko) Chrome/68.0.3440.106 Safari/537.36" "wpfront-notification-bar-landingpage=1; wordpress_test_cookie=WP+Cookie+check"
93.124.126.225 - - [26/Nov/2019:06:32:08 +0100] "GET /contacta-con-nosotros/ HTTP/1.0" 200 61737 "https://amazingsportwear.com/contacta-con-nosotros/" "Mozilla/5.0 (Windows NT 10.0; Win64; x64) AppleWebKit/537.36 (KHTML, like Gecko) Chrome/68.0.3440.106 Safari/537.36" "wpfront-notification-bar-landingpage=1; wordpress_test_cookie=WP+Cookie+check"
93.124.126.225 - - [26/Nov/2019:06:32:09 +0100] "GET /contacta-con-nosotros/ HTTP/1.0" 200 61707 "https://amazingsportwear.com/contacta-con-nosotros/" "Mozilla/5.0 (Windows NT 10.0; Win64; x64) AppleWebKit/537.36 (KHTML, like Gecko) Chrome/68.0.3440.106 Safari/537.36" "wpfront-notification-bar-landingpage=1; wordpress_test_cookie=WP+Cookie+check"
217.76.130.90 - - [26/Nov/2019:06:40:04 +0100] "POST /wp-cron.php?doing_wp_cron=1574746804.2359549999237060546875 HTTP/1.1" 200 3389 "https://amazingsportwear.com/wp-cron.php?doing_wp_cron=1574746804.2359549999237060546875" "WordPress/5.2.4; https://amazingsportwear.com" "-"
66.249.66.66 - - [26/Nov/2019:06:40:02 +0100] "GET /producto/munequera-oakley/ HTTP/1.1" 200 98987 "-" "Mozilla/5.0 (compatible; Googlebot/2.1; +http://www.google.com/bot.html)" "-"
66.249.66.68 - - [26/Nov/2019:06:40:08 +0100] "POST /?wc-ajax=get_refreshed_fragments HTTP/1.1" 200 4760 "https://amazingsportwear.com/producto/munequera-oakley/" "Mozilla/5.0 AppleWebKit/537.36 (KHTML, like Gecko; compatible; Googlebot/2.1; +http://www.google.com/bot.html) Safari/537.36" "_ga=GA1.2.931330593.1574726400; _gid=GA1.2.2074753562.1574726400; _gat_gtag_UA_91619287_1=1"
66.249.66.66 - - [26/Nov/2019:06:40:13 +0100] "GET /producto/munequera-oakley/ HTTP/1.1" 200 95636 "-" "Mozilla/5.0 (compatible; Googlebot/2.1; +http://www.google.com/bot.html)" "-"
66.249.66.66 - - [26/Nov/2019:06:40:18 +0100] "GET /wp-content/plugins/woocommerce/assets/js/photoswipe/photoswipe-ui-default.min.js?ver=4.1.1 HTTP/1.1" 200 10220 "https://amazingsportwear.com/producto/munequera-oakley/" "Mozilla/5.0 AppleWebKit/537.36 (KHTML, like Gecko; compatible; Googlebot/2.1; +http://www.google.com/bot.html) Safari/537.36" "-"
66.249.66.66 - - [26/Nov/2019:06:40:19 +0100] "POST /?wc-ajax=get_refreshed_fragments HTTP/1.1" 200 1397 "https://amazingsportwear.com/producto/munequera-oakley/" "Mozilla/5.0 AppleWebKit/537.36 (KHTML, like Gecko; compatible; Googlebot/2.1; +http://www.google.com/bot.html) Safari/537.36" "_ga=GA1.2.931330593.1574726400; _gid=GA1.2.2074753562.1574726400; _gat_gtag_UA_91619287_1=1"
217.76.130.90 - - [26/Nov/2019:07:18:18 +0100] "POST /wp-cron.php?doing_wp_cron=1574749098.7453670501708984375000 HTTP/1.1" 200 3389 "https://amazingsportwear.com/wp-cron.php?doing_wp_cron=1574749098.7453670501708984375000" "WordPress/5.2.4; https://amazingsportwear.com" "-"
66.249.66.66 - - [26/Nov/2019:07:18:16 +0100] "GET /producto/bolsa-bici-rigon/ HTTP/1.1" 200 94647 "-" "Mozilla/5.0 (Linux; Android 6.0.1; Nexus 5X Build/MMB29P) AppleWebKit/537.36 (KHTML, like Gecko) Chrome/41.0.2272.96 Mobile Safari/537.36 (compatible; Googlebot/2.1; +http://www.google.com/bot.html)" "-"
217.76.130.90 - - [26/Nov/2019:07:22:38 +0100] "POST /wp-cron.php?doing_wp_cron=1574749358.2490770816802978515625 HTTP/1.1" 200 3389 "https://amazingsportwear.com/wp-cron.php?doing_wp_cron=1574749358.2490770816802978515625" "WordPress/5.2.4; https://amazingsportwear.com" "-"
66.249.66.70 - - [26/Nov/2019:07:22:37 +0100] "GET /producto/camiseta-tecnica-detroit-sa-6652/ HTTP/1.1" 200 99460 "-" "Mozilla/5.0 (Linux; Android 6.0.1; Nexus 5X Build/MMB29P) AppleWebKit/537.36 (KHTML, like Gecko) Chrome/41.0.2272.96 Mobile Safari/537.36 (compatible; Googlebot/2.1; +http://www.google.com/bot.html)" "-"
66.249.66.66 - - [26/Nov/2019:07:22:44 +0100] "GET /wp-content/plugins/woocommerce/assets/css/photoswipe/photoswipe.css?ver=3.6.4 HTTP/1.1" 200 7835 "https://amazingsportwear.com/producto/camiseta-tecnica-detroit-sa-6652/" "Mozilla/5.0 (Linux; Android 6.0.1; Nexus 5X Build/MMB29P) AppleWebKit/537.36 (KHTML, like Gecko) Chrome/41.0.2272.96 Mobile Safari/537.36 (compatible; Googlebot/2.1; +http://www.google.com/bot.html)" "-"
66.249.66.68 - - [26/Nov/2019:07:22:46 +0100] "POST /?wc-ajax=get_refreshed_fragments HTTP/1.1" 200 4760 "https://amazingsportwear.com/producto/camiseta-tecnica-detroit-sa-6652/" "Mozilla/5.0 (Linux; Android 6.0.1; Nexus 5X Build/MMB29P) AppleWebKit/537.36 (KHTML, like Gecko) Chrome/41.0.2272.96 Mobile Safari/537.36 (compatible; Googlebot/2.1; +http://www.google.com/bot.html)" "_ga=GA1.2.969013651.1574726400; _gid=GA1.2.1978218920.1574726400; _gat_gtag_UA_91619287_1=1"
217.76.130.90 - - [26/Nov/2019:07:25:36 +0100] "POST /wp-cron.php?doing_wp_cron=1574749536.6378710269927978515625 HTTP/1.1" 200 3389 "https://amazingsportwear.com/wp-cron.php?doing_wp_cron=1574749536.6378710269927978515625" "WordPress/5.2.4; https://amazingsportwear.com" "-"
66.249.66.68 - - [26/Nov/2019:07:25:35 +0100] "GET /producto/camiseta-tecnica-dynamic-woman/ HTTP/1.1" 200 101737 "-" "Mozilla/5.0 (compatible; Googlebot/2.1; +http://www.google.com/bot.html)" "-"
217.76.130.90 - - [26/Nov/2019:07:33:40 +0100] "POST /wp-cron.php?doing_wp_cron=1574750020.0663690567016601562500 HTTP/1.1" 200 164 "http://amazingsportwear.com/wp-cron.php?doing_wp_cron=1574750020.0663690567016601562500" "WordPress/5.2.4; https://amazingsportwear.com" "-"
157.55.39.119 - - [26/Nov/2019:07:33:39 +0100] "GET /ciclismo/88-manguito-brazo-ciclismo.html HTTP/1.1" 404 68101 "-" "Mozilla/5.0 (compatible; bingbot/2.0; +http://www.bing.com/bingbot.htm)" "-"
217.76.130.90 - - [26/Nov/2019:08:01:03 +0100] "POST /wp-cron.php?doing_wp_cron=1574751663.1318979263305664062500 HTTP/1.1" 200 3389 "https://amazingsportwear.com/wp-cron.php?doing_wp_cron=1574751663.1318979263305664062500" "WordPress/5.2.4; https://amazingsportwear.com" "-"
217.76.130.90 - - [26/Nov/2019:08:01:03 +0100] "POST /wp-cron.php?doing_wp_cron=1574751663.1335470676422119140625 HTTP/1.1" 200 3389 "https://amazingsportwear.com/wp-cron.php?doing_wp_cron=1574751663.1335470676422119140625" "WordPress/5.2.4; https://amazingsportwear.com" "-"
31.13.103.12 - - [26/Nov/2019:08:01:00 +0100] "GET / HTTP/1.1" 200 125535 "-" "facebookexternalhit/1.1 (+http://www.facebook.com/externalhit_uatext.php)" "-"
31.13.103.13 - - [26/Nov/2019:08:01:02 +0100] "GET / HTTP/1.1" 200 125520 "-" "facebookexternalhit/1.1 (+http://www.facebook.com/externalhit_uatext.php)" "-"
31.13.103.23 - - [26/Nov/2019:08:01:00 +0100] "GET / HTTP/1.1" 200 125575 "-" "facebookexternalhit/1.1 (+http://www.facebook.com/externalhit_uatext.php)" "-"
31.13.103.1 - - [26/Nov/2019:08:01:03 +0100] "GET / HTTP/1.1" 200 125515 "-" "facebookexternalhit/1.1 (+http://www.facebook.com/externalhit_uatext.php)" "-"
31.13.103.23 - - [26/Nov/2019:08:01:05 +0100] "GET /contacta-con-nosotros HTTP/1.1" 301 319 "-" "facebookexternalhit/1.1 (+http://www.facebook.com/externalhit_uatext.php)" "-"
31.13.103.23 - - [26/Nov/2019:08:01:05 +0100] "GET /contacta-con-nosotros HTTP/1.1" 301 319 "-" "facebookexternalhit/1.1 (+http://www.facebook.com/externalhit_uatext.php)" "-"
31.13.103.2 - - [26/Nov/2019:08:01:05 +0100] "GET /contacta-con-nosotros HTTP/1.1" 301 319 "-" "facebookexternalhit/1.1 (+http://www.facebook.com/externalhit_uatext.php)" "-"
31.13.103.23 - - [26/Nov/2019:08:01:06 +0100] "GET /contacta-con-nosotros/ HTTP/1.1" 200 58194 "-" "facebookexternalhit/1.1 (+http://www.facebook.com/externalhit_uatext.php)" "-"
31.13.103.20 - - [26/Nov/2019:08:01:06 +0100] "GET /contacta-con-nosotros HTTP/1.1" 301 319 "-" "facebookexternalhit/1.1 (+http://www.facebook.com/externalhit_uatext.php)" "-"
31.13.103.23 - - [26/Nov/2019:08:01:06 +0100] "GET /contacta-con-nosotros/ HTTP/1.1" 200 58194 "-" "facebookexternalhit/1.1 (+http://www.facebook.com/externalhit_uatext.php)" "-"
31.13.103.2 - - [26/Nov/2019:08:01:07 +0100] "GET /contacta-con-nosotros/ HTTP/1.1" 200 58164 "-" "facebookexternalhit/1.1 (+http://www.facebook.com/externalhit_uatext.php)" "-"
31.13.103.20 - - [26/Nov/2019:08:01:07 +0100] "GET /contacta-con-nosotros/ HTTP/1.1" 200 58169 "-" "facebookexternalhit/1.1 (+http://www.facebook.com/externalhit_uatext.php)" "-"
217.76.130.90 - - [26/Nov/2019:08:04:07 +0100] "POST /wp-cron.php?doing_wp_cron=1574751847.5835840702056884765625 HTTP/1.1" 200 3389 "https://amazingsportwear.com/wp-cron.php?doing_wp_cron=1574751847.5835840702056884765625" "WordPress/5.2.4; https://amazingsportwear.com" "-"
66.249.66.66 - - [26/Nov/2019:08:04:06 +0100] "GET /categoria-producto/deportes/baloncesto/ HTTP/1.1" 200 63004 "-" "Mozilla/5.0 (Linux; Android 6.0.1; Nexus 5X Build/MMB29P) AppleWebKit/537.36 (KHTML, like Gecko) Chrome/41.0.2272.96 Mobile Safari/537.36 (compatible; Googlebot/2.1; +http://www.google.com/bot.html)" "-"
217.76.130.90 - - [26/Nov/2019:08:05:11 +0100] "POST /wp-cron.php?doing_wp_cron=1574751911.4459240436553955078125 HTTP/1.1" 200 3389 "https://amazingsportwear.com/wp-cron.php?doing_wp_cron=1574751911.4459240436553955078125" "WordPress/5.2.4; https://amazingsportwear.com" "-"
66.249.66.66 - - [26/Nov/2019:08:05:09 +0100] "GET /producto/bidon-match/ HTTP/1.1" 200 96599 "-" "Mozilla/5.0 (Linux; Android 6.0.1; Nexus 5X Build/MMB29P) AppleWebKit/537.36 (KHTML, like Gecko) Chrome/41.0.2272.96 Mobile Safari/537.36 (compatible; Googlebot/2.1; +http://www.google.com/bot.html)" "-"
217.76.130.90 - - [26/Nov/2019:08:14:33 +0100] "POST /wp-cron.php?doing_wp_cron=1574752473.7407400608062744140625 HTTP/1.1" 200 3389 "https://amazingsportwear.com/wp-cron.php?doing_wp_cron=1574752473.7407400608062744140625" "WordPress/5.2.4; https://amazingsportwear.com" "-"
66.249.66.66 - - [26/Nov/2019:08:14:32 +0100] "GET /producto/top-tecnico-multideporte/ HTTP/1.1" 200 100670 "-" "Mozilla/5.0 (Linux; Android 6.0.1; Nexus 5X Build/MMB29P) AppleWebKit/537.36 (KHTML, like Gecko) Chrome/41.0.2272.96 Mobile Safari/537.36 (compatible; Googlebot/2.1; +http://www.google.com/bot.html)" "-"
177.248.198.141 - - [26/Nov/2019:08:23:02 +0100] "GET /wp-content/uploads/2019/04/Gorra-sport-10.png HTTP/1.1" 200 60426 "https://www.google.com.mx/" "Mozilla/5.0 (Macintosh; Intel Mac OS X 10_15_1) AppleWebKit/537.36 (KHTML, like Gecko) Chrome/78.0.3904.97 Safari/537.36" "-"
217.76.130.90 - - [26/Nov/2019:08:40:40 +0100] "POST /wp-cron.php?doing_wp_cron=1574754040.3265950679779052734375 HTTP/1.1" 200 3389 "https://amazingsportwear.com/wp-cron.php?doing_wp_cron=1574754040.3265950679779052734375" "WordPress/5.2.4; https://amazingsportwear.com" "-"
13.66.139.1 - - [26/Nov/2019:08:40:37 +0100] "GET /robots.txt HTTP/1.1" 200 2297 "-" "Mozilla/5.0 (compatible; bingbot/2.0; +http://www.bing.com/bingbot.htm)" "-"
13.66.139.1 - - [26/Nov/2019:08:40:41 +0100] "GET /robots.txt HTTP/1.1" 200 3939 "-" "Mozilla/5.0 (compatible; bingbot/2.0; +http://www.bing.com/bingbot.htm)" "-"
13.66.139.0 - - [26/Nov/2019:08:40:45 +0100] "GET /tienda/131-camiseta-tecnica-plus-combinada-cif-t1050.html HTTP/1.1" 404 72374 "-" "Mozilla/5.0 (compatible; bingbot/2.0; +http://www.bing.com/bingbot.htm)" "-"
217.76.130.90 - - [26/Nov/2019:08:46:42 +0100] "POST /wp-cron.php?doing_wp_cron=1574754402.4497110843658447265625 HTTP/1.1" 200 3389 "https://amazingsportwear.com/wp-cron.php?doing_wp_cron=1574754402.4497110843658447265625" "WordPress/5.2.4; https://amazingsportwear.com" "-"
66.249.66.70 - - [26/Nov/2019:08:46:41 +0100] "GET /producto/rinonera-wanel-cat-5311/ HTTP/1.1" 200 94483 "-" "Mozilla/5.0 (compatible; Googlebot/2.1; +http://www.google.com/bot.html)" "-"
66.249.66.66 - - [26/Nov/2019:08:46:51 +0100] "GET /producto/rinonera-wanel-cat-5311/ HTTP/1.1" 200 94464 "-" "Mozilla/5.0 (compatible; Googlebot/2.1; +http://www.google.com/bot.html)" "-"
217.76.130.90 - - [26/Nov/2019:08:58:09 +0100] "POST /wp-cron.php?doing_wp_cron=1574755089.6142010688781738281250 HTTP/1.1" 200 164 "http://amazingsportwear.com/wp-cron.php?doing_wp_cron=1574755089.6142010688781738281250" "WordPress/5.2.4; https://amazingsportwear.com" "-"
66.249.66.85 - - [26/Nov/2019:08:58:07 +0100] "GET /robots.txt HTTP/1.1" 200 432 "-" "Mozilla/5.0 (compatible; Googlebot/2.1; +http://www.google.com/bot.html)" "-"
66.249.66.87 - - [26/Nov/2019:08:58:10 +0100] "GET /img/cms/tienda/ENY-ARABIA-MUJER-Blanca-COLORES.jpg HTTP/1.1" 404 68113 "-" "Googlebot-Image/1.0" "-"
217.76.130.90 - - [26/Nov/2019:09:02:14 +0100] "POST /wp-cron.php?doing_wp_cron=1574755334.7162199020385742187500 HTTP/1.1" 200 3389 "https://amazingsportwear.com/wp-cron.php?doing_wp_cron=1574755334.7162199020385742187500" "WordPress/5.2.4; https://amazingsportwear.com" "-"
66.249.66.70 - - [26/Nov/2019:09:02:13 +0100] "GET /producto/polo-tecnico-game-slazenger-hombre-pf-33108/ HTTP/1.1" 200 106678 "-" "Mozilla/5.0 (Linux; Android 6.0.1; Nexus 5X Build/MMB29P) AppleWebKit/537.36 (KHTML, like Gecko) Chrome/41.0.2272.96 Mobile Safari/537.36 (compatible; Googlebot/2.1; +http://www.google.com/bot.html)" "-"
