187.190.0.178 - - [29/Nov/2019:00:02:20 +0100] "GET /wp-content/uploads/2019/04/Gorra-sport-11.png HTTP/1.1" 200 131116 "https://www.google.com/" "Mozilla/5.0 (Windows NT 6.1; Win64; x64) AppleWebKit/537.36 (KHTML, like Gecko) Chrome/78.0.3904.108 Safari/537.36" "-"
217.76.130.90 - - [29/Nov/2019:00:09:53 +0100] "POST /wp-cron.php?doing_wp_cron=1574982593.7997689247131347656250 HTTP/1.1" 200 164 "http://amazingsportwear.com/wp-cron.php?doing_wp_cron=1574982593.7997689247131347656250" "WordPress/5.2.4; https://amazingsportwear.com" "-"
118.25.20.217 - - [29/Nov/2019:00:09:49 +0100] "GET /wp-load.php?up2018info=f HTTP/1.1" 200 216 "-" "-" "-"
217.76.130.90 - - [29/Nov/2019:00:11:06 +0100] "POST /wp-cron.php?doing_wp_cron=1574982666.0896120071411132812500 HTTP/1.1" 200 164 "http://amazingsportwear.com/wp-cron.php?doing_wp_cron=1574982666.0896120071411132812500" "WordPress/5.2.4; https://amazingsportwear.com" "-"
66.249.64.128 - - [29/Nov/2019:00:11:05 +0100] "GET /img/cms/jorge_miguel.jpg HTTP/1.1" 404 68060 "-" "Googlebot-Image/1.0" "-"
186.71.5.199 - - [29/Nov/2019:00:34:00 +0100] "GET /wp-content/uploads/2017/01/camis-basket1.jpg HTTP/1.1" 200 123373 "https://www.google.com.ec/" "Mozilla/5.0 (iPhone; CPU iPhone OS 10_3_4 like Mac OS X) AppleWebKit/603.3.8 (KHTML, like Gecko) Version/10.0 Mobile/14G61 Safari/602.1" "-"
179.49.32.249 - - [29/Nov/2019:00:35:52 +0100] "GET /wp-content/uploads/2019/04/Gorra-sport-10.png HTTP/1.1" 200 60426 "https://www.google.com/" "Mozilla/5.0 (Windows NT 6.3; Win64; x64) AppleWebKit/537.36 (KHTML, like Gecko) Chrome/78.0.3904.108 Safari/537.36" "-"
217.76.130.90 - - [29/Nov/2019:00:41:56 +0100] "POST /wp-cron.php?doing_wp_cron=1574984516.8677699565887451171875 HTTP/1.1" 200 3389 "https://amazingsportwear.com/wp-cron.php?doing_wp_cron=1574984516.8677699565887451171875" "WordPress/5.2.4; https://amazingsportwear.com" "-"
66.249.64.148 - - [29/Nov/2019:00:41:54 +0100] "GET /producto/mochila-jeremy/ HTTP/1.1" 200 95844 "-" "Mozilla/5.0 (Linux; Android 6.0.1; Nexus 5X Build/MMB29P) AppleWebKit/537.36 (KHTML, like Gecko) Chrome/41.0.2272.96 Mobile Safari/537.36 (compatible; Googlebot/2.1; +http://www.google.com/bot.html)" "-"
217.76.130.90 - - [29/Nov/2019:00:42:07 +0100] "POST /wp-cron.php?doing_wp_cron=1574984527.5529000759124755859375 HTTP/1.1" 200 3389 "https://amazingsportwear.com/wp-cron.php?doing_wp_cron=1574984527.5529000759124755859375" "WordPress/5.2.4; https://amazingsportwear.com" "-"
66.249.64.148 - - [29/Nov/2019:00:42:06 +0100] "POST /?wc-ajax=get_refreshed_fragments HTTP/1.1" 200 1397 "https://amazingsportwear.com/producto/mochila-jeremy/" "Mozilla/5.0 (Linux; Android 6.0.1; Nexus 5X Build/MMB29P) AppleWebKit/537.36 (KHTML, like Gecko) Chrome/41.0.2272.96 Mobile Safari/537.36 (compatible; Googlebot/2.1; +http://www.google.com/bot.html)" "_ga=GA1.2.969013651.1574984517; _gid=GA1.2.1978218920.1574984517; _gat_gtag_UA_91619287_1=1"
179.51.60.105 - - [29/Nov/2019:00:50:41 +0100] "GET /wp-content/uploads/2019/04/Llavero-metalico-golf-3.png HTTP/1.1" 200 46821 "https://www.google.com/" "Mozilla/5.0 (Windows NT 10.0; Win64; x64) AppleWebKit/537.36 (KHTML, like Gecko) Chrome/78.0.3904.108 Safari/537.36" "-"
217.76.130.90 - - [29/Nov/2019:00:52:03 +0100] "POST /wp-cron.php?doing_wp_cron=1574985123.9159150123596191406250 HTTP/1.1" 200 3389 "https://amazingsportwear.com/wp-cron.php?doing_wp_cron=1574985123.9159150123596191406250" "WordPress/5.2.4; https://amazingsportwear.com" "-"
66.249.64.146 - - [29/Nov/2019:00:52:03 +0100] "GET /producto/mochila-jeremy/ HTTP/1.1" 200 95646 "-" "Mozilla/5.0 (compatible; Googlebot/2.1; +http://www.google.com/bot.html)" "-"
66.249.64.146 - - [29/Nov/2019:00:52:08 +0100] "POST /?wc-ajax=get_refreshed_fragments HTTP/1.1" 200 1397 "https://amazingsportwear.com/producto/mochila-jeremy/" "Mozilla/5.0 AppleWebKit/537.36 (KHTML, like Gecko; compatible; Googlebot/2.1; +http://www.google.com/bot.html) Safari/537.36" "_ga=GA1.2.931330593.1574985124; _gid=GA1.2.2074753562.1574985124; _gat_gtag_UA_91619287_1=1"
217.76.130.90 - - [29/Nov/2019:00:53:22 +0100] "POST /wp-cron.php?doing_wp_cron=1574985202.4284439086914062500000 HTTP/1.1" 200 164 "http://amazingsportwear.com/wp-cron.php?doing_wp_cron=1574985202.4284439086914062500000" "WordPress/5.2.4; https://amazingsportwear.com" "-"
40.77.167.45 - - [29/Nov/2019:00:53:21 +0100] "GET /tienda/98-camiseta-tecnic-combi-cat-4473.html HTTP/1.1" 404 68111 "-" "Mozilla/5.0 (compatible; bingbot/2.0; +http://www.bing.com/bingbot.htm)" "-"
217.76.130.90 - - [29/Nov/2019:01:02:54 +0100] "POST /wp-cron.php?doing_wp_cron=1574985774.4428880214691162109375 HTTP/1.1" 200 3389 "https://amazingsportwear.com/wp-cron.php?doing_wp_cron=1574985774.4428880214691162109375" "WordPress/5.2.4; https://amazingsportwear.com" "-"
207.46.13.61 - - [29/Nov/2019:01:02:52 +0100] "GET /producto/camiseta-tecnica-maurice/ HTTP/1.1" 200 103369 "-" "Mozilla/5.0 (compatible; bingbot/2.0; +http://www.bing.com/bingbot.htm)" "-"
187.190.158.72 - - [29/Nov/2019:01:03:01 +0100] "GET /wp-content/uploads/2019/04/Gorra-sport-10.png HTTP/1.1" 200 60426 "https://www.google.com/" "Mozilla/5.0 (Macintosh; Intel Mac OS X 10_7_5) AppleWebKit/537.36 (KHTML, like Gecko) Chrome/49.0.2623.112 Safari/537.36" "-"
217.76.130.90 - - [29/Nov/2019:01:14:59 +0100] "POST /wp-cron.php?doing_wp_cron=1574986499.1118021011352539062500 HTTP/1.1" 200 164 "http://amazingsportwear.com/wp-cron.php?doing_wp_cron=1574986499.1118021011352539062500" "WordPress/5.2.4; https://amazingsportwear.com" "-"
79.225.230.189 - - [29/Nov/2019:01:14:58 +0100] "GET / HTTP/1.0" 301 265 "-" "Mozilla/5.0 (Windows NT 10.0; Win64; x64; rv:64.0) Gecko/20100101 Firefox/64.0" "-"
163.172.182.111 - - [29/Nov/2019:01:14:58 +0100] "GET / HTTP/1.1" 301 279 "-" "Mozilla/5.0 (X11; Linux x86_64) AppleWebKit/537.36 (KHTML, like Gecko) Chrome/76.0.3809.132 Safari/537.36" "-"
163.172.182.111 - - [29/Nov/2019:01:14:58 +0100] "GET / HTTP/1.1" 301 279 "http://amazingsportwear.es/" "Mozilla/5.0 (X11; Linux x86_64) AppleWebKit/537.36 (KHTML, like Gecko) Chrome/76.0.3809.132 Safari/537.36" "-"
163.172.182.111 - - [29/Nov/2019:01:14:59 +0100] "GET / HTTP/1.1" 400 2112 "http://amazingsportwear.com" "Mozilla/5.0 (X11; Linux x86_64) AppleWebKit/537.36 (KHTML, like Gecko) Chrome/76.0.3809.132 Safari/537.36" "-"
94.134.129.114 - - [29/Nov/2019:01:15:00 +0100] "GET / HTTP/1.0" 301 265 "-" "Mozilla/5.0 (Windows NT 10.0; Win64; x64; rv:64.0) Gecko/20100101 Firefox/64.0" "-"
163.172.182.111 - - [29/Nov/2019:01:14:59 +0100] "GET / HTTP/1.1" 200 125545 "http://amazingsportwear.com/" "Mozilla/5.0 (X11; Linux x86_64) AppleWebKit/537.36 (KHTML, like Gecko) Chrome/76.0.3809.132 Safari/537.36" "-"
79.225.230.189 - - [29/Nov/2019:01:14:59 +0100] "GET / HTTP/1.1" 200 125535 "-" "Mozilla/5.0 (Windows NT 10.0; Win64; x64; rv:64.0) Gecko/20100101 Firefox/64.0" "wpfront-notification-bar-landingpage=1; APSERVER_ID=44fa632dfc6890e8eaa91a28a13a474bb3729e8a7d8e03ac6834d79333e23e71"
104.222.33.5 - - [29/Nov/2019:01:15:03 +0100] "GET /wp-content/uploads/2019/05/cropped-favicon-nuevo-logo-amazinf-128px-32x32.png HTTP/1.1" 200 4392 "-" "Mozilla/5.0 (Windows NT 10.0; Win64; x64; rv:64.0) Gecko/20100101 Firefox/64.0" "-"
217.76.130.90 - - [29/Nov/2019:01:15:03 +0100] "POST /wp-cron.php?doing_wp_cron=1574986503.6959090232849121093750 HTTP/1.1" 200 3389 "https://amazingsportwear.com/wp-cron.php?doing_wp_cron=1574986503.6959090232849121093750" "WordPress/5.2.4; https://amazingsportwear.com" "-"
79.225.233.181 - - [29/Nov/2019:01:15:03 +0100] "GET / HTTP/1.1" 200 125575 "-" "Mozilla/5.0 (Windows NT 10.0; Win64; x64; rv:64.0) Gecko/20100101 Firefox/64.0" "wpfront-notification-bar-landingpage=1; APSERVER_ID=a36d97a8ee3529a895fd8d6e499d98bc9aa97f6c5b88287352bf64dd65649074"
104.222.33.50 - - [29/Nov/2019:01:15:06 +0100] "GET /wp-content/uploads/2019/05/cropped-favicon-nuevo-logo-amazinf-128px-32x32.png HTTP/1.1" 200 4392 "-" "Mozilla/5.0 (Windows NT 10.0; Win64; x64; rv:64.0) Gecko/20100101 Firefox/64.0" "-"
217.76.130.90 - - [29/Nov/2019:01:19:56 +0100] "POST /wp-cron.php?doing_wp_cron=1574986796.6620650291442871093750 HTTP/1.1" 200 164 "http://amazingsportwear.com/wp-cron.php?doing_wp_cron=1574986796.6620650291442871093750" "WordPress/5.2.4; https://amazingsportwear.com" "-"
178.22.69.163 - - [29/Nov/2019:01:19:55 +0100] "GET /wp-content/plugins/woocommerce-gateway-stripe/assets/js/stripe.js HTTP/1.1" 404 68145 "-" "Mozilla/5.0 (Macintosh; Intel Mac OS X 10_12_0) AppleWebKit/537.36 (KHTML, like Gecko) Chrome/56.0.2924.87 Safari/537.36" "-"
201.230.248.53 - - [29/Nov/2019:01:35:38 +0100] "GET /wp-content/uploads/2019/04/Gorra-sport-10.png HTTP/1.1" 200 60426 "https://www.google.com/" "Mozilla/5.0 (Windows NT 10.0; Win64; x64) AppleWebKit/537.36 (KHTML, like Gecko) Chrome/78.0.3904.108 Safari/537.36" "-"
207.46.13.61 - - [29/Nov/2019:01:50:02 +0100] "GET /wp-content/uploads/2019/04/Llavero-tenis-metal-1-300x300.png HTTP/1.1" 200 39362 "-" "Mozilla/5.0 (compatible; bingbot/2.0; +http://www.bing.com/bingbot.htm)" "-"
217.76.130.90 - - [29/Nov/2019:01:59:47 +0100] "POST /wp-cron.php?doing_wp_cron=1574989187.6470499038696289062500 HTTP/1.1" 200 164 "http://amazingsportwear.com/wp-cron.php?doing_wp_cron=1574989187.6470499038696289062500" "WordPress/5.2.4; https://amazingsportwear.com" "-"
40.77.167.142 - - [29/Nov/2019:01:59:44 +0100] "GET /16-futbol HTTP/1.1" 404 68013 "-" "Mozilla/5.0 (iPhone; CPU iPhone OS 7_0 like Mac OS X) AppleWebKit/537.51.1 (KHTML, like Gecko) Version/7.0 Mobile/11A465 Safari/9537.53 (compatible; bingbot/2.0; +http://www.bing.com/bingbot.htm)" "-"
217.76.130.90 - - [29/Nov/2019:02:08:29 +0100] "POST /wp-cron.php?doing_wp_cron=1574989709.3729770183563232421875 HTTP/1.1" 200 3389 "https://amazingsportwear.com/wp-cron.php?doing_wp_cron=1574989709.3729770183563232421875" "WordPress/5.2.4; https://amazingsportwear.com" "-"
40.77.167.45 - - [29/Nov/2019:02:08:28 +0100] "GET /tienda/114-camiseta-tecnic-rox-nino-cat-5249.html HTTP/1.1" 404 72323 "-" "Mozilla/5.0 (compatible; bingbot/2.0; +http://www.bing.com/bingbot.htm)" "-"
40.77.167.142 - - [29/Nov/2019:02:11:42 +0100] "GET /wp-content/uploads/2019/07/carpa-cas-300x300.jpg HTTP/1.1" 200 40624 "-" "Mozilla/5.0 (compatible; bingbot/2.0; +http://www.bing.com/bingbot.htm)" "-"
217.76.130.90 - - [29/Nov/2019:02:15:02 +0100] "POST /wp-cron.php?doing_wp_cron=1574990102.2824919223785400390625 HTTP/1.1" 200 3389 "https://amazingsportwear.com/wp-cron.php?doing_wp_cron=1574990102.2824919223785400390625" "WordPress/5.2.4; https://amazingsportwear.com" "-"
207.46.13.101 - - [29/Nov/2019:02:15:01 +0100] "GET /mi-cuenta/lost-password/ HTTP/1.1" 200 57003 "-" "Mozilla/5.0 (compatible; bingbot/2.0; +http://www.bing.com/bingbot.htm)" "-"
173.252.95.14 - - [29/Nov/2019:02:15:08 +0100] "GET / HTTP/1.1" 200 125535 "-" "facebookexternalhit/1.1 (+http://www.facebook.com/externalhit_uatext.php)" "-"
173.252.95.25 - - [29/Nov/2019:02:15:12 +0100] "GET /contacta-con-nosotros HTTP/1.1" 301 319 "-" "facebookexternalhit/1.1 (+http://www.facebook.com/externalhit_uatext.php)" "-"
173.252.95.25 - - [29/Nov/2019:02:15:14 +0100] "GET /contacta-con-nosotros/ HTTP/1.1" 200 58134 "-" "facebookexternalhit/1.1 (+http://www.facebook.com/externalhit_uatext.php)" "-"
217.76.130.90 - - [29/Nov/2019:02:21:33 +0100] "POST /wp-cron.php?doing_wp_cron=1574990493.4540040493011474609375 HTTP/1.1" 200 164 "http://amazingsportwear.com/wp-cron.php?doing_wp_cron=1574990493.4540040493011474609375" "WordPress/5.2.4; https://amazingsportwear.com" "-"
207.46.13.101 - - [29/Nov/2019:02:21:32 +0100] "GET /15-atletismo HTTP/1.1" 404 68024 "-" "Mozilla/5.0 (iPhone; CPU iPhone OS 7_0 like Mac OS X) AppleWebKit/537.51.1 (KHTML, like Gecko) Version/7.0 Mobile/11A465 Safari/9537.53 (compatible; bingbot/2.0; +http://www.bing.com/bingbot.htm)" "-"
217.76.130.90 - - [29/Nov/2019:02:23:20 +0100] "POST /wp-cron.php?doing_wp_cron=1574990600.6932981014251708984375 HTTP/1.1" 200 164 "http://amazingsportwear.com/wp-cron.php?doing_wp_cron=1574990600.6932981014251708984375" "WordPress/5.2.4; https://amazingsportwear.com" "-"
66.249.64.157 - - [29/Nov/2019:02:23:19 +0100] "GET / HTTP/1.1" 301 336 "-" "Mozilla/5.0 (Linux; Android 6.0.1; Nexus 5X Build/MMB29P) AppleWebKit/537.36 (KHTML, like Gecko) Chrome/41.0.2272.96 Mobile Safari/537.36 (compatible; Googlebot/2.1; +http://www.google.com/bot.html)" "-"
66.249.64.146 - - [29/Nov/2019:02:23:21 +0100] "GET / HTTP/1.1" 200 125761 "-" "Mozilla/5.0 (Linux; Android 6.0.1; Nexus 5X Build/MMB29P) AppleWebKit/537.36 (KHTML, like Gecko) Chrome/41.0.2272.96 Mobile Safari/537.36 (compatible; Googlebot/2.1; +http://www.google.com/bot.html)" "wpfront-notification-bar-landingpage=1"
66.249.64.146 - - [29/Nov/2019:02:23:28 +0100] "POST /?wc-ajax=get_refreshed_fragments HTTP/1.1" 200 1397 "https://amazingsportwear.com/" "Mozilla/5.0 (Linux; Android 6.0.1; Nexus 5X Build/MMB29P) AppleWebKit/537.36 (KHTML, like Gecko) Chrome/41.0.2272.96 Mobile Safari/537.36 (compatible; Googlebot/2.1; +http://www.google.com/bot.html)" "_ga=GA1.2.1951319036.1574985600; _gid=GA1.2.1036204339.1574985600; _gat_gtag_UA_91619287_1=1"
40.77.167.45 - - [29/Nov/2019:02:33:17 +0100] "GET /wp-content/uploads/2017/03/CIF-T-1053.jpg HTTP/1.1" 200 58523 "-" "Mozilla/5.0 (compatible; bingbot/2.0; +http://www.bing.com/bingbot.htm)" "-"
201.175.165.105 - - [29/Nov/2019:02:44:01 +0100] "GET /wp-content/uploads/2019/04/Gorra-sport-10.png HTTP/1.1" 200 60426 "https://www.google.com.mx/" "Mozilla/5.0 (Windows NT 6.1; Win64; x64) AppleWebKit/537.36 (KHTML, like Gecko) Chrome/78.0.3904.108 Safari/537.36" "-"
217.76.130.90 - - [29/Nov/2019:02:44:05 +0100] "POST /wp-cron.php?doing_wp_cron=1574991845.7904429435729980468750 HTTP/1.1" 200 3389 "https://amazingsportwear.com/wp-cron.php?doing_wp_cron=1574991845.7904429435729980468750" "WordPress/5.2.4; https://amazingsportwear.com" "-"
40.77.167.45 - - [29/Nov/2019:02:44:01 +0100] "GET /producto/camiseta-manga-corta-ranglan-futbol/ HTTP/1.1" 200 95777 "-" "Mozilla/5.0 (compatible; bingbot/2.0; +http://www.bing.com/bingbot.htm)" "-"
217.76.130.90 - - [29/Nov/2019:02:45:20 +0100] "POST /wp-cron.php?doing_wp_cron=1574991920.5161581039428710937500 HTTP/1.1" 200 3389 "https://amazingsportwear.com/wp-cron.php?doing_wp_cron=1574991920.5161581039428710937500" "WordPress/5.2.4; https://amazingsportwear.com" "-"
207.46.13.61 - - [29/Nov/2019:02:45:19 +0100] "GET /producto/soporte-monedero-donic/ HTTP/1.1" 200 99368 "-" "Mozilla/5.0 (compatible; bingbot/2.0; +http://www.bing.com/bingbot.htm)" "-"
40.77.167.45 - - [29/Nov/2019:02:50:43 +0100] "GET /wp-content/uploads/2017/03/nath-electro-negro-1.jpg HTTP/1.1" 200 18554 "-" "Mozilla/5.0 (compatible; bingbot/2.0; +http://www.bing.com/bingbot.htm)" "-"
217.76.130.90 - - [29/Nov/2019:02:52:12 +0100] "POST /wp-cron.php?doing_wp_cron=1574992332.1990790367126464843750 HTTP/1.1" 200 3389 "https://amazingsportwear.com/wp-cron.php?doing_wp_cron=1574992332.1990790367126464843750" "WordPress/5.2.4; https://amazingsportwear.com" "-"
66.249.64.146 - - [29/Nov/2019:02:52:11 +0100] "GET /author-sitemap.xml HTTP/1.1" 200 4544 "-" "Mozilla/5.0 (compatible; Googlebot/2.1; +http://www.google.com/bot.html)" "-"
217.76.130.90 - - [29/Nov/2019:02:53:36 +0100] "POST /wp-cron.php?doing_wp_cron=1574992416.9261510372161865234375 HTTP/1.1" 200 3389 "https://amazingsportwear.com/wp-cron.php?doing_wp_cron=1574992416.9261510372161865234375" "WordPress/5.2.4; https://amazingsportwear.com" "-"
157.55.39.146 - - [29/Nov/2019:02:53:35 +0100] "GET /etiqueta-producto/bidon-boxter/ HTTP/1.1" 200 53964 "-" "Mozilla/5.0 (compatible; bingbot/2.0; +http://www.bing.com/bingbot.htm)" "-"
189.216.156.183 - - [29/Nov/2019:02:58:33 +0100] "GET /wp-content/uploads/2019/04/Gorra-harum-2.png HTTP/1.1" 200 53515 "https://www.google.com/" "Mozilla/5.0 (Windows NT 6.1; Win64; x64; rv:70.0) Gecko/20100101 Firefox/70.0" "-"
189.216.156.183 - - [29/Nov/2019:02:58:33 +0100] "GET /wp-content/uploads/2019/04/Gorra-sport-6.png HTTP/1.1" 200 44623 "https://www.google.com/" "Mozilla/5.0 (Windows NT 6.1; Win64; x64; rv:70.0) Gecko/20100101 Firefox/70.0" "-"
181.179.17.4 - - [29/Nov/2019:03:04:22 +0100] "GET /wp-content/uploads/2019/03/CAT-6079-6.png HTTP/1.1" 200 68276 "https://www.google.com/blank.html" "Mozilla/5.0 (Linux; Android 6.0.1; SAMSUNG SM-G532M Build/MMB29T) AppleWebKit/537.36 (KHTML, like Gecko) SamsungBrowser/4.2 Chrome/44.0.2403.133 Mobile Safari/537.36" "-"
40.77.167.45 - - [29/Nov/2019:03:05:48 +0100] "GET /wp-content/uploads/2017/03/nath-electro-negro-1.jpg HTTP/1.1" 200 18554 "-" "Mozilla/5.0 (compatible; bingbot/2.0; +http://www.bing.com/bingbot.htm)" "-"
217.76.130.90 - - [29/Nov/2019:03:08:35 +0100] "POST /wp-cron.php?doing_wp_cron=1574993315.1911880970001220703125 HTTP/1.1" 200 3389 "https://amazingsportwear.com/wp-cron.php?doing_wp_cron=1574993315.1911880970001220703125" "WordPress/5.2.4; https://amazingsportwear.com" "-"
40.77.167.20 - - [29/Nov/2019:03:08:32 +0100] "GET /categoria-producto/deportes/atletismo/ HTTP/1.1" 200 61553 "-" "Mozilla/5.0 (compatible; bingbot/2.0; +http://www.bing.com/bingbot.htm)" "-"
66.249.64.146 - - [29/Nov/2019:03:08:56 +0100] "GET /producto/maillot-manga-larga-ciclismo/ HTTP/1.1" 200 93112 "-" "Mozilla/5.0 (Linux; Android 6.0.1; Nexus 5X Build/MMB29P) AppleWebKit/537.36 (KHTML, like Gecko) Chrome/41.0.2272.96 Mobile Safari/537.36 (compatible; Googlebot/2.1; +http://www.google.com/bot.html)" "-"
217.76.130.90 - - [29/Nov/2019:03:09:22 +0100] "POST /wp-cron.php?doing_wp_cron=1574993361.9520220756530761718750 HTTP/1.1" 200 3389 "https://amazingsportwear.com/wp-cron.php?doing_wp_cron=1574993361.9520220756530761718750" "WordPress/5.2.4; https://amazingsportwear.com" "-"
66.249.64.148 - - [29/Nov/2019:03:09:21 +0100] "POST /?wc-ajax=get_refreshed_fragments HTTP/1.1" 200 4760 "https://amazingsportwear.com/producto/maillot-manga-larga-ciclismo/" "Mozilla/5.0 (Linux; Android 6.0.1; Nexus 5X Build/MMB29P) AppleWebKit/537.36 (KHTML, like Gecko) Chrome/41.0.2272.96 Mobile Safari/537.36 (compatible; Googlebot/2.1; +http://www.google.com/bot.html)" "_ga=GA1.2.969013651.1574985600; _gid=GA1.2.1978218920.1574985600; _gat_gtag_UA_91619287_1=1"
217.76.130.90 - - [29/Nov/2019:03:18:06 +0100] "POST /wp-cron.php?doing_wp_cron=1574993886.9281380176544189453125 HTTP/1.1" 200 3389 "https://amazingsportwear.com/wp-cron.php?doing_wp_cron=1574993886.9281380176544189453125" "WordPress/5.2.4; https://amazingsportwear.com" "-"
207.46.13.61 - - [29/Nov/2019:03:18:05 +0100] "GET /producto/soporte-monedero-donic/ HTTP/1.1" 200 99288 "-" "Mozilla/5.0 (compatible; bingbot/2.0; +http://www.bing.com/bingbot.htm)" "-"
190.148.50.45 - - [29/Nov/2019:03:28:12 +0100] "GET /wp-content/uploads/2019/04/SA-1070-2.png HTTP/1.1" 200 175961 "https://www.google.com/" "Mozilla/5.0 (Windows NT 6.1; Win64; x64) AppleWebKit/537.36 (KHTML, like Gecko) Chrome/78.0.3904.108 Safari/537.36" "-"
36.82.232.236 - - [29/Nov/2019:03:34:00 +0100] "GET /wp-content/uploads/2019/04/gorra-five-3.png HTTP/1.1" 200 84612 "https://www.google.com/" "Mozilla/5.0 (Windows NT 6.1) AppleWebKit/537.36 (KHTML, like Gecko) Chrome/78.0.3904.108 Safari/537.36" "-"
177.228.112.231 - - [29/Nov/2019:03:35:07 +0100] "GET /wp-content/uploads/2019/04/SA-1070-4.png HTTP/1.1" 200 69232 "https://www.google.es/" "Mozilla/5.0 (Macintosh; Intel Mac OS X 10_12_6) AppleWebKit/603.3.8 (KHTML, like Gecko) Version/10.1.2 Safari/603.3.8" "-"
217.76.130.90 - - [29/Nov/2019:03:39:24 +0100] "POST /wp-cron.php?doing_wp_cron=1574995164.1892480850219726562500 HTTP/1.1" 200 3389 "https://amazingsportwear.com/wp-cron.php?doing_wp_cron=1574995164.1892480850219726562500" "WordPress/5.2.4; https://amazingsportwear.com" "-"
40.77.167.45 - - [29/Nov/2019:03:39:19 +0100] "GET /etiqueta-producto/bolsa-tinsul/ HTTP/1.1" 200 53627 "-" "Mozilla/5.0 (compatible; bingbot/2.0; +http://www.bing.com/bingbot.htm)" "-"
40.77.167.45 - - [29/Nov/2019:03:44:48 +0100] "GET /wp-content/uploads/2017/03/nath-electro-hombre.jpg HTTP/1.1" 200 23072 "-" "Mozilla/5.0 (compatible; bingbot/2.0; +http://www.bing.com/bingbot.htm)" "-"
40.77.167.20 - - [29/Nov/2019:03:47:02 +0100] "GET /wp-content/uploads/2017/03/CIF-T-1052.jpg HTTP/1.1" 200 61148 "-" "Mozilla/5.0 (compatible; bingbot/2.0; +http://www.bing.com/bingbot.htm)" "-"
181.49.64.103 - - [29/Nov/2019:03:47:57 +0100] "GET /wp-content/uploads/2019/04/mochila-blades-3.png HTTP/1.1" 200 77841 "https://www.google.com/" "Mozilla/5.0 (Windows NT 10.0; Win64; x64) AppleWebKit/537.36 (KHTML, like Gecko) Chrome/78.0.3904.108 Safari/537.36" "-"
217.76.130.90 - - [29/Nov/2019:03:52:28 +0100] "POST /wp-cron.php?doing_wp_cron=1574995947.9494938850402832031250 HTTP/1.1" 200 3389 "https://amazingsportwear.com/wp-cron.php?doing_wp_cron=1574995947.9494938850402832031250" "WordPress/5.2.4; https://amazingsportwear.com" "-"
66.249.64.148 - - [29/Nov/2019:03:52:26 +0100] "GET /producto/llavero-metalico-futbol/ HTTP/1.1" 200 95126 "-" "Mozilla/5.0 (Linux; Android 6.0.1; Nexus 5X Build/MMB29P) AppleWebKit/537.36 (KHTML, like Gecko) Chrome/41.0.2272.96 Mobile Safari/537.36 (compatible; Googlebot/2.1; +http://www.google.com/bot.html)" "-"
40.77.167.20 - - [29/Nov/2019:03:56:08 +0100] "GET /wp-content/uploads/2017/02/braga-cuello-ciclismo.png HTTP/1.1" 200 228647 "-" "Mozilla/5.0 (compatible; bingbot/2.0; +http://www.bing.com/bingbot.htm)" "-"
217.76.130.90 - - [29/Nov/2019:03:59:25 +0100] "POST /wp-cron.php?doing_wp_cron=1574996365.2759859561920166015625 HTTP/1.1" 200 3389 "https://amazingsportwear.com/wp-cron.php?doing_wp_cron=1574996365.2759859561920166015625" "WordPress/5.2.4; https://amazingsportwear.com" "-"
66.249.64.146 - - [29/Nov/2019:03:59:24 +0100] "GET /producto/llavero-metalico-futbol/ HTTP/1.1" 200 94501 "-" "Mozilla/5.0 (Linux; Android 6.0.1; Nexus 5X Build/MMB29P) AppleWebKit/537.36 (KHTML, like Gecko) Chrome/41.0.2272.96 Mobile Safari/537.36 (compatible; Googlebot/2.1; +http://www.google.com/bot.html)" "-"
40.77.167.20 - - [29/Nov/2019:04:06:56 +0100] "GET /wp-content/uploads/2019/04/baston-luz-con-zappe-5.png HTTP/1.1" 200 176066 "-" "Mozilla/5.0 (compatible; bingbot/2.0; +http://www.bing.com/bingbot.htm)" "-"
217.76.130.90 - - [29/Nov/2019:04:09:13 +0100] "POST /wp-cron.php?doing_wp_cron=1574996953.0492699146270751953125 HTTP/1.1" 200 3389 "https://amazingsportwear.com/wp-cron.php?doing_wp_cron=1574996953.0492699146270751953125" "WordPress/5.2.4; https://amazingsportwear.com" "-"
40.77.167.45 - - [29/Nov/2019:04:09:11 +0100] "GET /producto/linterna-biddick/ HTTP/1.1" 200 97143 "-" "Mozilla/5.0 (compatible; bingbot/2.0; +http://www.bing.com/bingbot.htm)" "-"
40.77.167.45 - - [29/Nov/2019:04:19:58 +0100] "GET /wp-content/uploads/2019/04/baston-luz-con-zappe-2.png HTTP/1.1" 200 17171 "-" "Mozilla/5.0 (compatible; bingbot/2.0; +http://www.bing.com/bingbot.htm)" "-"
217.76.130.90 - - [29/Nov/2019:04:45:10 +0100] "POST /wp-cron.php?doing_wp_cron=1574999110.9689209461212158203125 HTTP/1.1" 200 164 "http://amazingsportwear.com/wp-cron.php?doing_wp_cron=1574999110.9689209461212158203125" "WordPress/5.2.4; https://amazingsportwear.com" "-"
218.30.103.162 - - [29/Nov/2019:04:45:03 +0100] "GET /robots.txt HTTP/1.1" 200 394 "-" "Sogou web spider/4.0(+http://www.sogou.com/docs/help/webmasters.htm#07)" "-"
217.76.130.90 - - [29/Nov/2019:04:53:56 +0100] "POST /wp-cron.php?doing_wp_cron=1574999635.9914839267730712890625 HTTP/1.1" 200 3389 "https://amazingsportwear.com/wp-cron.php?doing_wp_cron=1574999635.9914839267730712890625" "WordPress/5.2.4; https://amazingsportwear.com" "-"
66.249.64.144 - - [29/Nov/2019:04:53:53 +0100] "GET /producto/sudadera-capucha/ HTTP/1.1" 200 101220 "-" "Mozilla/5.0 (Linux; Android 6.0.1; Nexus 5X Build/MMB29P) AppleWebKit/537.36 (KHTML, like Gecko) Chrome/41.0.2272.96 Mobile Safari/537.36 (compatible; Googlebot/2.1; +http://www.google.com/bot.html)" "-"
66.249.64.146 - - [29/Nov/2019:04:54:00 +0100] "POST /?wc-ajax=get_refreshed_fragments HTTP/1.1" 200 4760 "https://amazingsportwear.com/producto/sudadera-capucha/" "Mozilla/5.0 (Linux; Android 6.0.1; Nexus 5X Build/MMB29P) AppleWebKit/537.36 (KHTML, like Gecko) Chrome/41.0.2272.96 Mobile Safari/537.36 (compatible; Googlebot/2.1; +http://www.google.com/bot.html)" "_ga=GA1.2.969013651.1574985600; _gid=GA1.2.1978218920.1574985600; _gat_gtag_UA_91619287_1=1"
27.71.204.191 - - [29/Nov/2019:05:07:49 +0100] "GET /wp-content/uploads/2019/04/gorra-five-3.png HTTP/1.1" 200 84607 "https://www.google.com/" "Mozilla/5.0 (Windows NT 10.0; Win64; x64) AppleWebKit/537.36 (KHTML, like Gecko) Chrome/78.0.3904.108 Safari/537.36" "-"
216.244.66.250 - - [29/Nov/2019:05:26:17 +0100] "GET /robots.txt HTTP/1.1" 404 628 "-" "Mozilla/5.0 (compatible; DotBot/1.1; http://www.opensiteexplorer.org/dotbot, help@moz.com)" "-"
207.46.13.57 - - [29/Nov/2019:05:31:52 +0100] "GET /wp-content/uploads/2017/03/CIF-T-1050.jpg HTTP/1.1" 200 37787 "-" "Mozilla/5.0 (compatible; bingbot/2.0; +http://www.bing.com/bingbot.htm)" "-"
217.76.130.90 - - [29/Nov/2019:05:32:38 +0100] "POST /wp-cron.php?doing_wp_cron=1575001958.7593660354614257812500 HTTP/1.1" 200 3389 "https://amazingsportwear.com/wp-cron.php?doing_wp_cron=1575001958.7593660354614257812500" "WordPress/5.2.4; https://amazingsportwear.com" "-"
66.249.64.19 - - [29/Nov/2019:05:32:36 +0100] "GET /robots.txt HTTP/1.1" 200 3955 "-" "Mozilla/5.0 (compatible; Googlebot/2.1; +http://www.google.com/bot.html)" "-"
66.249.64.17 - - [29/Nov/2019:05:32:45 +0100] "GET / HTTP/1.1" 301 3772 "-" "Mozilla/5.0 (Linux; Android 6.0.1; Nexus 5X Build/MMB29P) AppleWebKit/537.36 (KHTML, like Gecko) Chrome/41.0.2272.96 Mobile Safari/537.36 (compatible; Googlebot/2.1; +http://www.google.com/bot.html)" "-"
66.249.64.144 - - [29/Nov/2019:05:32:50 +0100] "GET / HTTP/1.1" 200 125798 "-" "Mozilla/5.0 (Linux; Android 6.0.1; Nexus 5X Build/MMB29P) AppleWebKit/537.36 (KHTML, like Gecko) Chrome/41.0.2272.96 Mobile Safari/537.36 (compatible; Googlebot/2.1; +http://www.google.com/bot.html)" "-"
66.249.64.144 - - [29/Nov/2019:05:32:57 +0100] "GET /wp-content/themes/shopper/assets/js/crm.js?ver=1561548510 HTTP/1.1" 200 874 "https://amazingsportwear.com/" "Mozilla/5.0 (Linux; Android 6.0.1; Nexus 5X Build/MMB29P) AppleWebKit/537.36 (KHTML, like Gecko) Chrome/41.0.2272.96 Mobile Safari/537.36 (compatible; Googlebot/2.1; +http://www.google.com/bot.html)" "wpfront-notification-bar-landingpage=1"
217.76.130.90 - - [29/Nov/2019:05:33:07 +0100] "POST /wp-cron.php?doing_wp_cron=1575001987.0589530467987060546875 HTTP/1.1" 200 3389 "https://amazingsportwear.com/wp-cron.php?doing_wp_cron=1575001987.0589530467987060546875" "WordPress/5.2.4; https://amazingsportwear.com" "-"
66.249.64.146 - - [29/Nov/2019:05:33:06 +0100] "POST /?wc-ajax=get_refreshed_fragments HTTP/1.1" 200 4708 "https://amazingsportwear.com/" "Mozilla/5.0 (Linux; Android 6.0.1; Nexus 5X Build/MMB29P) AppleWebKit/537.36 (KHTML, like Gecko) Chrome/41.0.2272.96 Mobile Safari/537.36 (compatible; Googlebot/2.1; +http://www.google.com/bot.html)" "wpfront-notification-bar-landingpage=1; _ga=GA1.2.1884029788.1574985600; _gid=GA1.2.969013651.1574985600; _gat_gtag_UA_91619287_1=1"
40.77.167.45 - - [29/Nov/2019:05:33:55 +0100] "GET /wp-content/uploads/2017/02/braga-cuello-futbol.jpg HTTP/1.1" 200 123298 "-" "Mozilla/5.0 (compatible; bingbot/2.0; +http://www.bing.com/bingbot.htm)" "-"
40.77.167.45 - - [29/Nov/2019:05:38:07 +0100] "GET /wp-content/uploads/2019/04/baston-luz-con-zappe-4.png HTTP/1.1" 200 16912 "-" "Mozilla/5.0 (compatible; bingbot/2.0; +http://www.bing.com/bingbot.htm)" "-"
217.76.130.90 - - [29/Nov/2019:05:43:21 +0100] "POST /wp-cron.php?doing_wp_cron=1575002601.0291500091552734375000 HTTP/1.1" 200 3389 "https://amazingsportwear.com/wp-cron.php?doing_wp_cron=1575002601.0291500091552734375000" "WordPress/5.2.4; https://amazingsportwear.com" "-"
66.249.64.146 - - [29/Nov/2019:05:43:18 +0100] "GET /producto/mochila-blades/ HTTP/1.1" 200 102843 "-" "Mozilla/5.0 (Linux; Android 6.0.1; Nexus 5X Build/MMB29P) AppleWebKit/537.36 (KHTML, like Gecko) Chrome/41.0.2272.96 Mobile Safari/537.36 (compatible; Googlebot/2.1; +http://www.google.com/bot.html)" "-"
217.76.130.90 - - [29/Nov/2019:05:54:15 +0100] "POST /wp-cron.php?doing_wp_cron=1575003255.2895479202270507812500 HTTP/1.1" 200 3389 "https://amazingsportwear.com/wp-cron.php?doing_wp_cron=1575003255.2895479202270507812500" "WordPress/5.2.4; https://amazingsportwear.com" "-"
66.249.64.146 - - [29/Nov/2019:05:54:12 +0100] "GET /producto/mochila-blades/ HTTP/1.1" 200 102494 "-" "Mozilla/5.0 (Linux; Android 6.0.1; Nexus 5X Build/MMB29P) AppleWebKit/537.36 (KHTML, like Gecko) Chrome/41.0.2272.96 Mobile Safari/537.36 (compatible; Googlebot/2.1; +http://www.google.com/bot.html)" "-"
217.76.130.90 - - [29/Nov/2019:06:27:37 +0100] "POST /wp-cron.php?doing_wp_cron=1575005257.1408689022064208984375 HTTP/1.1" 200 3389 "https://amazingsportwear.com/wp-cron.php?doing_wp_cron=1575005257.1408689022064208984375" "WordPress/5.2.4; https://amazingsportwear.com" "-"
31.13.103.16 - - [29/Nov/2019:06:27:34 +0100] "GET / HTTP/1.1" 200 125545 "-" "facebookexternalhit/1.1 (+http://www.facebook.com/externalhit_uatext.php)" "-"
31.13.103.4 - - [29/Nov/2019:06:27:39 +0100] "GET /contacta-con-nosotros HTTP/1.1" 301 319 "-" "facebookexternalhit/1.1 (+http://www.facebook.com/externalhit_uatext.php)" "-"
31.13.103.4 - - [29/Nov/2019:06:27:40 +0100] "GET /contacta-con-nosotros/ HTTP/1.1" 200 58184 "-" "facebookexternalhit/1.1 (+http://www.facebook.com/externalhit_uatext.php)" "-"
91.106.199.104 - - [29/Nov/2019:06:28:35 +0100] "GET /wp-content/plugins/woocommerce/assets/css/blocks/style.css HTTP/1.1" 200 6602 "-" "Mozilla/5.0 (compatible; tracemyfile/1.0)" "-"
217.76.130.90 - - [29/Nov/2019:06:32:21 +0100] "POST /wp-cron.php?doing_wp_cron=1575005541.4703419208526611328125 HTTP/1.1" 200 3389 "https://amazingsportwear.com/wp-cron.php?doing_wp_cron=1575005541.4703419208526611328125" "WordPress/5.2.4; https://amazingsportwear.com" "-"
66.249.64.146 - - [29/Nov/2019:06:32:20 +0100] "GET /etiqueta-producto/toalla-rikat/ HTTP/1.1" 200 53989 "-" "Mozilla/5.0 (Linux; Android 6.0.1; Nexus 5X Build/MMB29P) AppleWebKit/537.36 (KHTML, like Gecko) Chrome/41.0.2272.96 Mobile Safari/537.36 (compatible; Googlebot/2.1; +http://www.google.com/bot.html)" "-"
66.249.64.144 - - [29/Nov/2019:06:32:27 +0100] "POST /?wc-ajax=get_refreshed_fragments HTTP/1.1" 200 4760 "https://amazingsportwear.com/etiqueta-producto/toalla-rikat/" "Mozilla/5.0 (Linux; Android 6.0.1; Nexus 5X Build/MMB29P) AppleWebKit/537.36 (KHTML, like Gecko) Chrome/41.0.2272.96 Mobile Safari/537.36 (compatible; Googlebot/2.1; +http://www.google.com/bot.html)" "_ga=GA1.2.1884029788.1574985600; _gid=GA1.2.969013651.1574985600; _gat_gtag_UA_91619287_1=1"
217.76.130.90 - - [29/Nov/2019:06:44:10 +0100] "POST /wp-cron.php?doing_wp_cron=1575006250.3151600360870361328125 HTTP/1.1" 200 164 "http://amazingsportwear.com/wp-cron.php?doing_wp_cron=1575006250.3151600360870361328125" "WordPress/5.2.4; https://amazingsportwear.com" "-"
207.46.13.57 - - [29/Nov/2019:06:44:07 +0100] "GET /17-basket HTTP/1.1" 404 68023 "-" "Mozilla/5.0 (iPhone; CPU iPhone OS 7_0 like Mac OS X) AppleWebKit/537.51.1 (KHTML, like Gecko) Version/7.0 Mobile/11A465 Safari/9537.53 (compatible; bingbot/2.0; +http://www.bing.com/bingbot.htm)" "-"
201.166.157.5 - - [29/Nov/2019:06:52:57 +0100] "GET /wp-content/uploads/2017/03/ENY-ARABIA-MUJER-781-300x300.jpg HTTP/1.1" 200 11341 "-" "Dalvik/2.1.0 (Linux; U; Android 6.0; MYA-L13 Build/HUAWEIMYA-L13)" "-"
217.76.130.90 - - [29/Nov/2019:07:00:43 +0100] "POST /wp-cron.php?doing_wp_cron=1575007243.6719489097595214843750 HTTP/1.1" 200 3389 "https://amazingsportwear.com/wp-cron.php?doing_wp_cron=1575007243.6719489097595214843750" "WordPress/5.2.4; https://amazingsportwear.com" "-"
66.249.64.146 - - [29/Nov/2019:07:00:40 +0100] "GET /tienda/396-munequera-oakley.html HTTP/1.1" 404 72339 "-" "Mozilla/5.0 (Linux; Android 6.0.1; Nexus 5X Build/MMB29P) AppleWebKit/537.36 (KHTML, like Gecko) Chrome/41.0.2272.96 Mobile Safari/537.36 (compatible; Googlebot/2.1; +http://www.google.com/bot.html)" "-"
217.76.130.90 - - [29/Nov/2019:07:03:10 +0100] "POST /wp-cron.php?doing_wp_cron=1575007390.2860200405120849609375 HTTP/1.1" 200 3389 "https://amazingsportwear.com/wp-cron.php?doing_wp_cron=1575007390.2860200405120849609375" "WordPress/5.2.4; https://amazingsportwear.com" "-"
66.249.64.148 - - [29/Nov/2019:07:03:09 +0100] "GET /producto/camiseta-tecnica-mujer-janis-aq-janis/ HTTP/1.1" 200 98630 "-" "Mozilla/5.0 (compatible; Googlebot/2.1; +http://www.google.com/bot.html)" "-"
217.76.130.90 - - [29/Nov/2019:07:13:33 +0100] "POST /wp-cron.php?doing_wp_cron=1575008013.2588329315185546875000 HTTP/1.1" 200 3389 "https://amazingsportwear.com/wp-cron.php?doing_wp_cron=1575008013.2588329315185546875000" "WordPress/5.2.4; https://amazingsportwear.com" "-"
66.249.64.144 - - [29/Nov/2019:07:13:30 +0100] "GET /producto/camiseta-tecnica-manga-larga-sa-0415/ HTTP/1.1" 200 108910 "-" "Mozilla/5.0 (Linux; Android 6.0.1; Nexus 5X Build/MMB29P) AppleWebKit/537.36 (KHTML, like Gecko) Chrome/41.0.2272.96 Mobile Safari/537.36 (compatible; Googlebot/2.1; +http://www.google.com/bot.html)" "-"
66.249.64.144 - - [29/Nov/2019:07:13:38 +0100] "GET /wp-includes/js/comment-reply.min.js?ver=5.2.4 HTTP/1.1" 200 2575 "https://amazingsportwear.com/producto/camiseta-tecnica-manga-larga-sa-0415/" "Mozilla/5.0 (Linux; Android 6.0.1; Nexus 5X Build/MMB29P) AppleWebKit/537.36 (KHTML, like Gecko) Chrome/41.0.2272.96 Mobile Safari/537.36 (compatible; Googlebot/2.1; +http://www.google.com/bot.html)" "-"
66.249.64.146 - - [29/Nov/2019:07:13:40 +0100] "POST /?wc-ajax=get_refreshed_fragments HTTP/1.1" 200 4760 "https://amazingsportwear.com/producto/camiseta-tecnica-manga-larga-sa-0415/" "Mozilla/5.0 (Linux; Android 6.0.1; Nexus 5X Build/MMB29P) AppleWebKit/537.36 (KHTML, like Gecko) Chrome/41.0.2272.96 Mobile Safari/537.36 (compatible; Googlebot/2.1; +http://www.google.com/bot.html)" "_ga=GA1.2.969013651.1574985600; _gid=GA1.2.1978218920.1574985600; _gat_gtag_UA_91619287_1=1"
217.76.130.90 - - [29/Nov/2019:07:14:56 +0100] "POST /wp-cron.php?doing_wp_cron=1575008096.6476719379425048828125 HTTP/1.1" 200 3389 "https://amazingsportwear.com/wp-cron.php?doing_wp_cron=1575008096.6476719379425048828125" "WordPress/5.2.4; https://amazingsportwear.com" "-"
66.249.64.144 - - [29/Nov/2019:07:14:55 +0100] "GET /producto/gorra-sport/ HTTP/1.1" 200 102233 "-" "Mozilla/5.0 (compatible; Googlebot/2.1; +http://www.google.com/bot.html)" "-"
217.76.130.90 - - [29/Nov/2019:07:20:32 +0100] "POST /wp-cron.php?doing_wp_cron=1575008431.9962859153747558593750 HTTP/1.1" 200 3389 "https://amazingsportwear.com/wp-cron.php?doing_wp_cron=1575008431.9962859153747558593750" "WordPress/5.2.4; https://amazingsportwear.com" "-"
217.76.130.90 - - [29/Nov/2019:07:20:32 +0100] "POST /wp-cron.php?doing_wp_cron=1575008431.9961390495300292968750 HTTP/1.1" 200 3389 "https://amazingsportwear.com/wp-cron.php?doing_wp_cron=1575008431.9961390495300292968750" "WordPress/5.2.4; https://amazingsportwear.com" "-"
173.252.79.12 - - [29/Nov/2019:07:20:30 +0100] "GET / HTTP/1.1" 200 125550 "-" "facebookexternalhit/1.1 (+http://www.facebook.com/externalhit_uatext.php)" "-"
173.252.79.11 - - [29/Nov/2019:07:20:30 +0100] "GET / HTTP/1.1" 200 125550 "-" "facebookexternalhit/1.1 (+http://www.facebook.com/externalhit_uatext.php)" "-"
217.76.130.90 - - [29/Nov/2019:07:23:44 +0100] "POST /wp-cron.php?doing_wp_cron=1575008624.6732099056243896484375 HTTP/1.1" 200 3389 "https://amazingsportwear.com/wp-cron.php?doing_wp_cron=1575008624.6732099056243896484375" "WordPress/5.2.4; https://amazingsportwear.com" "-"
66.249.64.148 - - [29/Nov/2019:07:23:44 +0100] "GET /producto/camiseta-tecnica-manga-larga-sa-0415/ HTTP/1.1" 200 108223 "-" "Mozilla/5.0 (compatible; Googlebot/2.1; +http://www.google.com/bot.html)" "-"
66.249.64.144 - - [29/Nov/2019:07:23:57 +0100] "POST /?wc-ajax=get_refreshed_fragments HTTP/1.1" 200 4760 "https://amazingsportwear.com/producto/camiseta-tecnica-manga-larga-sa-0415/" "Mozilla/5.0 AppleWebKit/537.36 (KHTML, like Gecko; compatible; Googlebot/2.1; +http://www.google.com/bot.html) Safari/537.36" "_ga=GA1.2.931330593.1574985600; _gid=GA1.2.2074753562.1574985600; _gat_gtag_UA_91619287_1=1"
217.76.130.90 - - [29/Nov/2019:07:31:37 +0100] "POST /wp-cron.php?doing_wp_cron=1575009097.2476820945739746093750 HTTP/1.1" 200 3389 "https://amazingsportwear.com/wp-cron.php?doing_wp_cron=1575009097.2476820945739746093750" "WordPress/5.2.4; https://amazingsportwear.com" "-"
207.46.13.57 - - [29/Nov/2019:07:31:35 +0100] "GET /etiqueta-producto/bidon-match/ HTTP/1.1" 200 53977 "-" "Mozilla/5.0 (compatible; bingbot/2.0; +http://www.bing.com/bingbot.htm)" "-"
217.76.130.90 - - [29/Nov/2019:07:34:02 +0100] "POST /wp-cron.php?doing_wp_cron=1575009241.9535839557647705078125 HTTP/1.1" 200 3389 "https://amazingsportwear.com/wp-cron.php?doing_wp_cron=1575009241.9535839557647705078125" "WordPress/5.2.4; https://amazingsportwear.com" "-"
66.249.64.146 - - [29/Nov/2019:07:34:01 +0100] "GET /categoria-producto/deportes/futbol/ HTTP/1.1" 200 66366 "-" "Mozilla/5.0 (compatible; Googlebot/2.1; +http://www.google.com/bot.html)" "-"
217.76.130.90 - - [29/Nov/2019:07:34:19 +0100] "POST /wp-cron.php?doing_wp_cron=1575009259.7281360626220703125000 HTTP/1.1" 200 3389 "https://amazingsportwear.com/wp-cron.php?doing_wp_cron=1575009259.7281360626220703125000" "WordPress/5.2.4; https://amazingsportwear.com" "-"
66.249.64.144 - - [29/Nov/2019:07:34:19 +0100] "POST /?wc-ajax=get_refreshed_fragments HTTP/1.1" 200 4760 "https://amazingsportwear.com/categoria-producto/deportes/futbol/" "Mozilla/5.0 AppleWebKit/537.36 (KHTML, like Gecko; compatible; Googlebot/2.1; +http://www.google.com/bot.html) Safari/537.36" "_ga=GA1.2.2114912494.1574985600; _gid=GA1.2.931330593.1574985600; _gat_gtag_UA_91619287_1=1"
40.77.167.20 - - [29/Nov/2019:07:49:08 +0100] "GET /wp-content/uploads/2019/04/bidon-camiseta-zablex-1.png HTTP/1.1" 200 106216 "-" "Mozilla/5.0 (compatible; bingbot/2.0; +http://www.bing.com/bingbot.htm)" "-"
217.76.130.90 - - [29/Nov/2019:07:54:16 +0100] "POST /wp-cron.php?doing_wp_cron=1575010456.5156691074371337890625 HTTP/1.1" 200 3389 "https://amazingsportwear.com/wp-cron.php?doing_wp_cron=1575010456.5156691074371337890625" "WordPress/5.2.4; https://amazingsportwear.com" "-"
66.249.64.146 - - [29/Nov/2019:07:54:14 +0100] "GET /producto/pantalon-corto-tenis-padel/ HTTP/1.1" 200 90943 "-" "Mozilla/5.0 (Linux; Android 6.0.1; Nexus 5X Build/MMB29P) AppleWebKit/537.36 (KHTML, like Gecko) Chrome/41.0.2272.96 Mobile Safari/537.36 (compatible; Googlebot/2.1; +http://www.google.com/bot.html)" "-"
66.249.64.146 - - [29/Nov/2019:07:54:20 +0100] "POST /?wc-ajax=get_refreshed_fragments HTTP/1.1" 200 1397 "https://amazingsportwear.com/producto/pantalon-corto-tenis-padel/" "Mozilla/5.0 (Linux; Android 6.0.1; Nexus 5X Build/MMB29P) AppleWebKit/537.36 (KHTML, like Gecko) Chrome/41.0.2272.96 Mobile Safari/537.36 (compatible; Googlebot/2.1; +http://www.google.com/bot.html)" "_ga=GA1.2.969013651.1574985600; _gid=GA1.2.1978218920.1574985600; _gat_gtag_UA_91619287_1=1"
217.76.130.90 - - [29/Nov/2019:07:55:47 +0100] "POST /wp-cron.php?doing_wp_cron=1575010547.3135490417480468750000 HTTP/1.1" 200 3389 "https://amazingsportwear.com/wp-cron.php?doing_wp_cron=1575010547.3135490417480468750000" "WordPress/5.2.4; https://amazingsportwear.com" "-"
66.249.64.148 - - [29/Nov/2019:07:55:46 +0100] "GET /producto/camiseta-basket-sin-costadillos/ HTTP/1.1" 200 94750 "-" "Mozilla/5.0 (Linux; Android 6.0.1; Nexus 5X Build/MMB29P) AppleWebKit/537.36 (KHTML, like Gecko) Chrome/41.0.2272.96 Mobile Safari/537.36 (compatible; Googlebot/2.1; +http://www.google.com/bot.html)" "-"
66.249.64.144 - - [29/Nov/2019:07:55:59 +0100] "GET /producto/camiseta-tecnica-avus-sa-6658/ HTTP/1.1" 200 97388 "-" "Mozilla/5.0 (Linux; Android 6.0.1; Nexus 5X Build/MMB29P) AppleWebKit/537.36 (KHTML, like Gecko) Chrome/41.0.2272.96 Mobile Safari/537.36 (compatible; Googlebot/2.1; +http://www.google.com/bot.html)" "-"
217.76.130.90 - - [29/Nov/2019:07:56:08 +0100] "POST /wp-cron.php?doing_wp_cron=1575010568.1286489963531494140625 HTTP/1.1" 200 3389 "https://amazingsportwear.com/wp-cron.php?doing_wp_cron=1575010568.1286489963531494140625" "WordPress/5.2.4; https://amazingsportwear.com" "-"
66.249.64.144 - - [29/Nov/2019:07:56:07 +0100] "POST /?wc-ajax=get_refreshed_fragments HTTP/1.1" 200 1397 "https://amazingsportwear.com/producto/camiseta-tecnica-avus-sa-6658/" "Mozilla/5.0 (Linux; Android 6.0.1; Nexus 5X Build/MMB29P) AppleWebKit/537.36 (KHTML, like Gecko) Chrome/41.0.2272.96 Mobile Safari/537.36 (compatible; Googlebot/2.1; +http://www.google.com/bot.html)" "_ga=GA1.2.969013651.1574985600; _gid=GA1.2.1978218920.1574985600; _gat_gtag_UA_91619287_1=1"
217.76.130.90 - - [29/Nov/2019:08:01:30 +0100] "POST /wp-cron.php?doing_wp_cron=1575010890.0215659141540527343750 HTTP/1.1" 200 164 "http://amazingsportwear.com/wp-cron.php?doing_wp_cron=1575010890.0215659141540527343750" "WordPress/5.2.4; https://amazingsportwear.com" "-"
13.66.139.1 - - [29/Nov/2019:08:01:28 +0100] "GET /robots.txt HTTP/1.1" 200 432 "-" "Mozilla/5.0 (compatible; bingbot/2.0; +http://www.bing.com/bingbot.htm)" "-"
13.66.139.0 - - [29/Nov/2019:08:01:34 +0100] "GET /content/18-politica-de-calidad HTTP/1.1" 404 68056 "-" "Mozilla/5.0 (compatible; bingbot/2.0; +http://www.bing.com/bingbot.htm)" "-"
40.77.167.45 - - [29/Nov/2019:08:01:37 +0100] "GET /img/cms/tienda/nath-electro-negro.jpg HTTP/1.1" 404 68057 "-" "Mozilla/5.0 (compatible; bingbot/2.0; +http://www.bing.com/bingbot.htm)" "-"
217.76.130.90 - - [29/Nov/2019:08:21:09 +0100] "POST /wp-cron.php?doing_wp_cron=1575012069.3322730064392089843750 HTTP/1.1" 200 3389 "https://amazingsportwear.com/wp-cron.php?doing_wp_cron=1575012069.3322730064392089843750" "WordPress/5.2.4; https://amazingsportwear.com" "-"
180.121.72.255 - - [29/Nov/2019:08:21:07 +0100] "GET /categoria-producto/inicio/page/4?add-to-cart=18684 HTTP/1.1" 301 4815 "-" "Mozilla/5.0(Linux;U;Android 5.1.1;zh-CN;OPPO A33 Build/LMY47V) AppleWebKit/537.36(KHTML,like Gecko) Version/4.0 Chrome/40.0.2214.89 UCBrowser/11.7.0.953 Mobile Safari/537.36" "-"
180.121.72.255 - - [29/Nov/2019:08:21:20 +0100] "GET /categoria-producto/inicio/page/4/?add-to-cart=18684 HTTP/1.1" 200 78740 "-" "Mozilla/5.0(Linux;U;Android 5.1.1;zh-CN;OPPO A33 Build/LMY47V) AppleWebKit/537.36(KHTML,like Gecko) Version/4.0 Chrome/40.0.2214.89 UCBrowser/11.7.0.953 Mobile Safari/537.36" "woocommerce_cart_hash=98484dff5e8761fe340e73ab7c45e25a; woocommerce_items_in_cart=1; wp_woocommerce_session_fb86dbb0e6335d960ea3e94e06b25287=9f982ae9822b9912a30cd9ab2aa56739%7C%7C1575184869%7C%7C1575181269%7C%7Cf715673539246b89384944109a5ef5e8; wpfront-notification-bar-landingpage=1"
159.138.155.77 - - [29/Nov/2019:08:34:19 +0100] "GET /wp-content/uploads/2017/01/cullote-largo2.jpg HTTP/1.1" 200 54498 "-" "Mozilla/5.0(Linux;Android 5.1.1;OPPO A33 Build/LMY47V;wv) AppleWebKit/537.36(KHTML,link Gecko) Version/4.0 Chrome/43.0.2357.121 Mobile Safari/537.36 LieBaoFast/4.51.3" "-"
217.76.130.90 - - [29/Nov/2019:08:35:24 +0100] "POST /wp-cron.php?doing_wp_cron=1575012924.3154120445251464843750 HTTP/1.1" 200 164 "http://amazingsportwear.com/wp-cron.php?doing_wp_cron=1575012924.3154120445251464843750" "WordPress/5.2.4; https://amazingsportwear.com" "-"
159.138.155.114 - - [29/Nov/2019:08:35:22 +0100] "GET /img/cms/tienda/CIF-T-2021-colores.jpg HTTP/1.1" 404 68039 "-" "Mozilla/5.0 (Linux; Android 7.0; FRD-AL00 Build/HUAWEIFRD-AL00; wv) AppleWebKit/537.36 (KHTML, like Gecko) Version/4.0 Chrome/53.0.2785.49 Mobile MQQBrowser/6.2 TBS/043602 Safari/537.36 MicroMessenger/6.5.16.1120 NetType/WIFI Language/zh_CN" "-"
207.46.13.57 - - [29/Nov/2019:08:36:13 +0100] "GET /wp-content/uploads/2017/03/nath-electro-detalle2.jpg HTTP/1.1" 200 68065 "-" "Mozilla/5.0 (compatible; bingbot/2.0; +http://www.bing.com/bingbot.htm)" "-"
159.138.156.19 - - [29/Nov/2019:08:37:09 +0100] "GET /wp-content/uploads/2017/01/cullote-largo2.jpg HTTP/1.1" 200 54498 "-" "Mozilla/5.0 (Linux; Android 7.0; FRD-AL00 Build/HUAWEIFRD-AL00; wv) AppleWebKit/537.36 (KHTML, like Gecko) Version/4.0 Chrome/53.0.2785.49 Mobile MQQBrowser/6.2 TBS/043602 Safari/537.36 MicroMessenger/6.5.16.1120 NetType/WIFI Language/zh_CN" "-"
217.76.130.90 - - [29/Nov/2019:08:40:39 +0100] "POST /wp-cron.php?doing_wp_cron=1575013239.3742649555206298828125 HTTP/1.1" 200 3389 "https://amazingsportwear.com/wp-cron.php?doing_wp_cron=1575013239.3742649555206298828125" "WordPress/5.2.4; https://amazingsportwear.com" "-"
159.138.157.36 - - [29/Nov/2019:08:40:37 +0100] "GET /etiqueta-producto/camiseta-cremallera HTTP/1.1" 301 3561 "-" "Mozilla/5.0 (Linux; Android 7.0; FRD-AL00 Build/HUAWEIFRD-AL00; wv) AppleWebKit/537.36 (KHTML, like Gecko) Version/4.0 Chrome/53.0.2785.49 Mobile MQQBrowser/6.2 TBS/043602 Safari/537.36 MicroMessenger/6.5.16.1120 NetType/WIFI Language/zh_CN" "-"
159.138.155.50 - - [29/Nov/2019:08:40:40 +0100] "GET /etiqueta-producto/camiseta-cremallera/ HTTP/1.1" 200 53705 "-" "Mozilla/5.0 (Linux; Android 7.0; FRD-AL00 Build/HUAWEIFRD-AL00; wv) AppleWebKit/537.36 (KHTML, like Gecko) Version/4.0 Chrome/53.0.2785.49 Mobile MQQBrowser/6.2 TBS/043602 Safari/537.36 MicroMessenger/6.5.16.1120 NetType/WIFI Language/zh_CN" "wpfront-notification-bar-landingpage=1"
207.46.13.61 - - [29/Nov/2019:08:44:19 +0100] "GET /wp-content/uploads/2017/03/aq-rever-495.jpg HTTP/1.1" 200 161677 "-" "Mozilla/5.0 (compatible; bingbot/2.0; +http://www.bing.com/bingbot.htm)" "-"
217.76.130.90 - - [29/Nov/2019:08:53:47 +0100] "POST /wp-cron.php?doing_wp_cron=1575014027.3188159465789794921875 HTTP/1.1" 200 164 "http://amazingsportwear.com/wp-cron.php?doing_wp_cron=1575014027.3188159465789794921875" "WordPress/5.2.4; https://amazingsportwear.com" "-"
104.222.33.138 - - [29/Nov/2019:08:53:45 +0100] "GET / HTTP/1.1" 301 336 "-" "Mozilla/5.0 (Windows NT 6.1; WOW64; rv:27.0) Gecko/20100101 Firefox/27.0" "-"
217.76.130.90 - - [29/Nov/2019:08:57:25 +0100] "POST /wp-cron.php?doing_wp_cron=1575014245.4604270458221435546875 HTTP/1.1" 200 3389 "https://amazingsportwear.com/wp-cron.php?doing_wp_cron=1575014245.4604270458221435546875" "WordPress/5.2.4; https://amazingsportwear.com" "-"
159.138.128.60 - - [29/Nov/2019:08:57:24 +0100] "GET /etiqueta-producto/atom HTTP/1.1" 301 3546 "-" "Mozilla/5.0(Linux;Android 5.1.1;OPPO A33 Build/LMY47V;wv) AppleWebKit/537.36(KHTML,link Gecko) Version/4.0 Chrome/42.0.2311.138 Mobile Safari/537.36 Mb2345Browser/9.0" "-"
66.249.64.144 - - [29/Nov/2019:09:01:14 +0100] "GET /wp-content/uploads/2019/04/Llavero-metalico-golf-1-300x300.png HTTP/1.1" 304 3565 "-" "Googlebot-Image/1.0" "-"
207.46.13.57 - - [29/Nov/2019:09:16:01 +0100] "GET /wp-content/uploads/2019/04/bolsa-deporte-hale-3.png HTTP/1.1" 200 134494 "-" "Mozilla/5.0 (compatible; bingbot/2.0; +http://www.bing.com/bingbot.htm)" "-"
207.46.13.57 - - [29/Nov/2019:09:30:47 +0100] "GET /wp-content/uploads/2017/03/nath-electro-detalle2.jpg HTTP/1.1" 200 68065 "-" "Mozilla/5.0 (compatible; bingbot/2.0; +http://www.bing.com/bingbot.htm)" "-"
217.76.130.90 - - [29/Nov/2019:09:31:08 +0100] "POST /wp-cron.php?doing_wp_cron=1575016268.6345570087432861328125 HTTP/1.1" 200 3389 "https://amazingsportwear.com/wp-cron.php?doing_wp_cron=1575016268.6345570087432861328125" "WordPress/5.2.4; https://amazingsportwear.com" "-"
159.138.157.33 - - [29/Nov/2019:09:31:03 +0100] "GET /etiqueta-producto/melbourne HTTP/1.1" 301 3551 "-" "Mozilla/5.0(Linux;Android 5.1.1;OPPO A33 Build/LMY47V;wv) AppleWebKit/537.36(KHTML,link Gecko) Version/4.0 Chrome/43.0.2357.121 Mobile Safari/537.36 LieBaoFast/4.51.3" "-"
159.138.154.87 - - [29/Nov/2019:09:31:10 +0100] "GET /etiqueta-producto/melbourne/ HTTP/1.1" 200 55754 "-" "Mozilla/5.0(Linux;Android 5.1.1;OPPO A33 Build/LMY47V;wv) AppleWebKit/537.36(KHTML,link Gecko) Version/4.0 Chrome/43.0.2357.121 Mobile Safari/537.36 LieBaoFast/4.51.3" "wpfront-notification-bar-landingpage=1"
217.76.130.90 - - [29/Nov/2019:09:32:33 +0100] "POST /wp-cron.php?doing_wp_cron=1575016353.4755990505218505859375 HTTP/1.1" 200 3389 "https://amazingsportwear.com/wp-cron.php?doing_wp_cron=1575016353.4755990505218505859375" "WordPress/5.2.4; https://amazingsportwear.com" "-"
159.138.153.49 - - [29/Nov/2019:09:32:32 +0100] "GET /etiqueta-producto/pantalla-tactil HTTP/1.1" 301 3557 "-" "Mozilla/5.0 (Linux; Android 7.0; FRD-AL00 Build/HUAWEIFRD-AL00; wv) AppleWebKit/537.36 (KHTML, like Gecko) Version/4.0 Chrome/53.0.2785.49 Mobile MQQBrowser/6.2 TBS/043602 Safari/537.36 MicroMessenger/6.5.16.1120 NetType/WIFI Language/zh_CN" "-"
159.138.155.178 - - [29/Nov/2019:09:32:35 +0100] "GET /etiqueta-producto/pantalla-tactil/ HTTP/1.1" 200 53832 "-" "Mozilla/5.0 (Linux; Android 7.0; FRD-AL00 Build/HUAWEIFRD-AL00; wv) AppleWebKit/537.36 (KHTML, like Gecko) Version/4.0 Chrome/53.0.2785.49 Mobile MQQBrowser/6.2 TBS/043602 Safari/537.36 MicroMessenger/6.5.16.1120 NetType/WIFI Language/zh_CN" "wpfront-notification-bar-landingpage=1"
207.46.13.57 - - [29/Nov/2019:09:34:03 +0100] "GET /wp-content/uploads/2019/04/bidon-camiseta-zablex-5.png HTTP/1.1" 200 107631 "-" "Mozilla/5.0 (compatible; bingbot/2.0; +http://www.bing.com/bingbot.htm)" "-"
217.76.130.90 - - [29/Nov/2019:09:34:51 +0100] "POST /wp-cron.php?doing_wp_cron=1575016491.1040520668029785156250 HTTP/1.1" 200 3389 "https://amazingsportwear.com/wp-cron.php?doing_wp_cron=1575016491.1040520668029785156250" "WordPress/5.2.4; https://amazingsportwear.com" "-"
159.138.128.87 - - [29/Nov/2019:09:34:49 +0100] "GET /etiqueta-producto/bidon-sumo HTTP/1.1" 301 3552 "-" "Mozilla/5.0 (Linux; Android 7.0; FRD-AL00 Build/HUAWEIFRD-AL00; wv) AppleWebKit/537.36 (KHTML, like Gecko) Version/4.0 Chrome/53.0.2785.49 Mobile MQQBrowser/6.2 TBS/043602 Safari/537.36 MicroMessenger/6.5.16.1120 NetType/WIFI Language/zh_CN" "-"
