95.61.209.181 - - [13/Dec/2019:10:04:38 +0100] "GET /wp-content/uploads/2017/01/cam-ranglan3.png HTTP/1.1" 200 156888 "https://amazingsportwear.com/producto/camiseta-manga-corta-ranglan-futbol/" "Mozilla/5.0 (Windows NT 6.1; Win64; x64) AppleWebKit/537.36 (KHTML, like Gecko) Chrome/79.0.3945.79 Safari/537.36" "wpfront-notification-bar-landingpage=1; _ga=GA1.2.728069553.1576227481; _gid=GA1.2.1835153267.1576227481; viewed_cookie_policy=yes; _gat_gtag_UA_91619287_1=1"
95.61.209.181 - - [13/Dec/2019:10:04:38 +0100] "GET /wp-content/uploads/2017/01/cam-ranglan2.png HTTP/1.1" 200 182909 "https://amazingsportwear.com/producto/camiseta-manga-corta-ranglan-futbol/" "Mozilla/5.0 (Windows NT 6.1; Win64; x64) AppleWebKit/537.36 (KHTML, like Gecko) Chrome/79.0.3945.79 Safari/537.36" "wpfront-notification-bar-landingpage=1; _ga=GA1.2.728069553.1576227481; _gid=GA1.2.1835153267.1576227481; viewed_cookie_policy=yes; _gat_gtag_UA_91619287_1=1"
95.61.209.181 - - [13/Dec/2019:10:04:38 +0100] "GET /wp-content/uploads/2017/01/chaqueta-triatlon-300x300.jpg HTTP/1.1" 200 14687 "https://amazingsportwear.com/producto/camiseta-manga-corta-ranglan-futbol/" "Mozilla/5.0 (Windows NT 6.1; Win64; x64) AppleWebKit/537.36 (KHTML, like Gecko) Chrome/79.0.3945.79 Safari/537.36" "wpfront-notification-bar-landingpage=1; _ga=GA1.2.728069553.1576227481; _gid=GA1.2.1835153267.1576227481; viewed_cookie_policy=yes; _gat_gtag_UA_91619287_1=1"
95.61.209.181 - - [13/Dec/2019:10:04:38 +0100] "GET /wp-content/uploads/2017/01/cam-ranglan3-maristas-100x100.jpg HTTP/1.1" 200 3799 "https://amazingsportwear.com/producto/camiseta-manga-corta-ranglan-futbol/" "Mozilla/5.0 (Windows NT 6.1; Win64; x64) AppleWebKit/537.36 (KHTML, like Gecko) Chrome/79.0.3945.79 Safari/537.36" "wpfront-notification-bar-landingpage=1; _ga=GA1.2.728069553.1576227481; _gid=GA1.2.1835153267.1576227481; viewed_cookie_policy=yes; _gat_gtag_UA_91619287_1=1"
95.61.209.181 - - [13/Dec/2019:10:04:38 +0100] "GET /wp-content/uploads/2017/01/cam-ranglan1-100x100.jpg HTTP/1.1" 200 4067 "https://amazingsportwear.com/producto/camiseta-manga-corta-ranglan-futbol/" "Mozilla/5.0 (Windows NT 6.1; Win64; x64) AppleWebKit/537.36 (KHTML, like Gecko) Chrome/79.0.3945.79 Safari/537.36" "wpfront-notification-bar-landingpage=1; _ga=GA1.2.728069553.1576227481; _gid=GA1.2.1835153267.1576227481; viewed_cookie_policy=yes; _gat_gtag_UA_91619287_1=1"
95.61.209.181 - - [13/Dec/2019:10:04:38 +0100] "GET /wp-content/uploads/2017/01/cam-ranglan2-100x100.png HTTP/1.1" 200 11559 "https://amazingsportwear.com/producto/camiseta-manga-corta-ranglan-futbol/" "Mozilla/5.0 (Windows NT 6.1; Win64; x64) AppleWebKit/537.36 (KHTML, like Gecko) Chrome/79.0.3945.79 Safari/537.36" "wpfront-notification-bar-landingpage=1; _ga=GA1.2.728069553.1576227481; _gid=GA1.2.1835153267.1576227481; viewed_cookie_policy=yes; _gat_gtag_UA_91619287_1=1"
95.61.209.181 - - [13/Dec/2019:10:04:38 +0100] "GET /wp-content/uploads/2017/01/cam-ranglan3-100x100.png HTTP/1.1" 200 8872 "https://amazingsportwear.com/producto/camiseta-manga-corta-ranglan-futbol/" "Mozilla/5.0 (Windows NT 6.1; Win64; x64) AppleWebKit/537.36 (KHTML, like Gecko) Chrome/79.0.3945.79 Safari/537.36" "wpfront-notification-bar-landingpage=1; _ga=GA1.2.728069553.1576227481; _gid=GA1.2.1835153267.1576227481; viewed_cookie_policy=yes; _gat_gtag_UA_91619287_1=1"
95.61.209.181 - - [13/Dec/2019:10:04:38 +0100] "GET /img/cms/tallaje-camisetaABColor.jpg HTTP/1.1" 404 68005 "-" "Mozilla/5.0 (Windows NT 6.1; Win64; x64) AppleWebKit/537.36 (KHTML, like Gecko) Chrome/79.0.3945.79 Safari/537.36" "wpfront-notification-bar-landingpage=1; _ga=GA1.2.728069553.1576227481; _gid=GA1.2.1835153267.1576227481; viewed_cookie_policy=yes; _gat_gtag_UA_91619287_1=1"
217.76.130.90 - - [13/Dec/2019:10:13:31 +0100] "POST /wp-cron.php?doing_wp_cron=1576228411.7071809768676757812500 HTTP/1.1" 200 3389 "https://amazingsportwear.com/wp-cron.php?doing_wp_cron=1576228411.7071809768676757812500" "WordPress/5.2.5; https://amazingsportwear.com" "-"
95.61.209.181 - - [13/Dec/2019:10:13:30 +0100] "GET /categoria-producto/mujer/pantalones-y-mallas/ HTTP/1.1" 200 72214 "https://amazingsportwear.com/producto/camiseta-manga-corta-ranglan-futbol/" "Mozilla/5.0 (Windows NT 6.1; Win64; x64) AppleWebKit/537.36 (KHTML, like Gecko) Chrome/79.0.3945.79 Safari/537.36" "wpfront-notification-bar-landingpage=1; _ga=GA1.2.728069553.1576227481; _gid=GA1.2.1835153267.1576227481; viewed_cookie_policy=yes"
95.61.209.181 - - [13/Dec/2019:10:13:32 +0100] "GET /wp-content/uploads/2017/04/cat-4718-mujer-300x300.jpg HTTP/1.1" 200 21821 "https://amazingsportwear.com/categoria-producto/mujer/pantalones-y-mallas/" "Mozilla/5.0 (Windows NT 6.1; Win64; x64) AppleWebKit/537.36 (KHTML, like Gecko) Chrome/79.0.3945.79 Safari/537.36" "wpfront-notification-bar-landingpage=1; _ga=GA1.2.728069553.1576227481; _gid=GA1.2.1835153267.1576227481; viewed_cookie_policy=yes"
95.61.209.181 - - [13/Dec/2019:10:13:32 +0100] "GET /wp-content/uploads/2019/03/SA-0405-1-300x300.png HTTP/1.1" 200 24485 "https://amazingsportwear.com/categoria-producto/mujer/pantalones-y-mallas/" "Mozilla/5.0 (Windows NT 6.1; Win64; x64) AppleWebKit/537.36 (KHTML, like Gecko) Chrome/79.0.3945.79 Safari/537.36" "wpfront-notification-bar-landingpage=1; _ga=GA1.2.728069553.1576227481; _gid=GA1.2.1835153267.1576227481; viewed_cookie_policy=yes"
95.61.209.181 - - [13/Dec/2019:10:13:32 +0100] "GET /wp-content/uploads/2019/03/SA-0317-1-300x300.png HTTP/1.1" 200 80480 "https://amazingsportwear.com/categoria-producto/mujer/pantalones-y-mallas/" "Mozilla/5.0 (Windows NT 6.1; Win64; x64) AppleWebKit/537.36 (KHTML, like Gecko) Chrome/79.0.3945.79 Safari/537.36" "wpfront-notification-bar-landingpage=1; _ga=GA1.2.728069553.1576227481; _gid=GA1.2.1835153267.1576227481; viewed_cookie_policy=yes"
95.61.209.181 - - [13/Dec/2019:10:13:32 +0100] "GET /wp-content/uploads/2018/02/SA-6655-300x300.png HTTP/1.1" 200 84464 "https://amazingsportwear.com/categoria-producto/mujer/pantalones-y-mallas/" "Mozilla/5.0 (Windows NT 6.1; Win64; x64) AppleWebKit/537.36 (KHTML, like Gecko) Chrome/79.0.3945.79 Safari/537.36" "wpfront-notification-bar-landingpage=1; _ga=GA1.2.728069553.1576227481; _gid=GA1.2.1835153267.1576227481; viewed_cookie_policy=yes"
95.61.209.181 - - [13/Dec/2019:10:13:32 +0100] "GET /wp-content/uploads/2019/03/SA-6695-1-300x300.png HTTP/1.1" 200 22835 "https://amazingsportwear.com/categoria-producto/mujer/pantalones-y-mallas/" "Mozilla/5.0 (Windows NT 6.1; Win64; x64) AppleWebKit/537.36 (KHTML, like Gecko) Chrome/79.0.3945.79 Safari/537.36" "wpfront-notification-bar-landingpage=1; _ga=GA1.2.728069553.1576227481; _gid=GA1.2.1835153267.1576227481; viewed_cookie_policy=yes"
95.61.209.181 - - [13/Dec/2019:10:13:32 +0100] "GET /wp-content/uploads/2018/02/SA-1175-gris-300x300.png HTTP/1.1" 200 42786 "https://amazingsportwear.com/categoria-producto/mujer/pantalones-y-mallas/" "Mozilla/5.0 (Windows NT 6.1; Win64; x64) AppleWebKit/537.36 (KHTML, like Gecko) Chrome/79.0.3945.79 Safari/537.36" "wpfront-notification-bar-landingpage=1; _ga=GA1.2.728069553.1576227481; _gid=GA1.2.1835153267.1576227481; viewed_cookie_policy=yes"
95.61.209.181 - - [13/Dec/2019:10:13:32 +0100] "GET /wp-content/uploads/2018/02/SA-0459-negro-300x300.png HTTP/1.1" 200 50901 "https://amazingsportwear.com/categoria-producto/mujer/pantalones-y-mallas/" "Mozilla/5.0 (Windows NT 6.1; Win64; x64) AppleWebKit/537.36 (KHTML, like Gecko) Chrome/79.0.3945.79 Safari/537.36" "wpfront-notification-bar-landingpage=1; _ga=GA1.2.728069553.1576227481; _gid=GA1.2.1835153267.1576227481; viewed_cookie_policy=yes"
95.61.209.181 - - [13/Dec/2019:10:13:32 +0100] "GET /wp-content/uploads/2017/04/nath-rocky-mujer-300x300.jpg HTTP/1.1" 200 9555 "https://amazingsportwear.com/categoria-producto/mujer/pantalones-y-mallas/" "Mozilla/5.0 (Windows NT 6.1; Win64; x64) AppleWebKit/537.36 (KHTML, like Gecko) Chrome/79.0.3945.79 Safari/537.36" "wpfront-notification-bar-landingpage=1; _ga=GA1.2.728069553.1576227481; _gid=GA1.2.1835153267.1576227481; viewed_cookie_policy=yes"
95.61.209.181 - - [13/Dec/2019:10:13:46 +0100] "GET /img/cms/tallaje-camisetaABColor.jpg HTTP/1.1" 404 68025 "-" "Mozilla/5.0 (Windows NT 6.1; Win64; x64) AppleWebKit/537.36 (KHTML, like Gecko) Chrome/79.0.3945.79 Safari/537.36" "wpfront-notification-bar-landingpage=1; _ga=GA1.2.728069553.1576227481; _gid=GA1.2.1835153267.1576227481; viewed_cookie_policy=yes; _gat_gtag_UA_91619287_1=1"
217.76.130.90 - - [13/Dec/2019:10:14:20 +0100] "POST /wp-cron.php?doing_wp_cron=1576228460.8075559139251708984375 HTTP/1.1" 200 3389 "https://amazingsportwear.com/wp-cron.php?doing_wp_cron=1576228460.8075559139251708984375" "WordPress/5.2.5; https://amazingsportwear.com" "-"
66.249.64.148 - - [13/Dec/2019:10:14:20 +0100] "GET /contacta-con-nosotros/ HTTP/1.1" 200 62386 "-" "Mozilla/5.0 (Linux; Android 6.0.1; Nexus 5X Build/MMB29P) AppleWebKit/537.36 (KHTML, like Gecko) Chrome/41.0.2272.96 Mobile Safari/537.36 (compatible; Googlebot/2.1; +http://www.google.com/bot.html)" "-"
66.249.64.144 - - [13/Dec/2019:10:14:25 +0100] "GET /wp-content/themes/shopper/assets/sass/woocommerce/woocommerce.css?ver=5.2.5 HTTP/1.1" 200 86897 "https://amazingsportwear.com/contacta-con-nosotros/" "Mozilla/5.0 (Linux; Android 6.0.1; Nexus 5X Build/MMB29P) AppleWebKit/537.36 (KHTML, like Gecko) Chrome/41.0.2272.96 Mobile Safari/537.36 (compatible; Googlebot/2.1; +http://www.google.com/bot.html)" "-"
66.249.64.144 - - [13/Dec/2019:10:14:26 +0100] "GET /wp-includes/css/dist/block-library/style.min.css?ver=5.2.5 HTTP/1.1" 200 29660 "https://amazingsportwear.com/contacta-con-nosotros/" "Mozilla/5.0 (Linux; Android 6.0.1; Nexus 5X Build/MMB29P) AppleWebKit/537.36 (KHTML, like Gecko) Chrome/41.0.2272.96 Mobile Safari/537.36 (compatible; Googlebot/2.1; +http://www.google.com/bot.html)" "-"
66.249.64.144 - - [13/Dec/2019:10:14:27 +0100] "GET /wp-content/plugins/si-contact-form/includes/fscf-scripts.js?ver=179 HTTP/1.1" 200 1033 "https://amazingsportwear.com/contacta-con-nosotros/" "Mozilla/5.0 (Linux; Android 6.0.1; Nexus 5X Build/MMB29P) AppleWebKit/537.36 (KHTML, like Gecko) Chrome/41.0.2272.96 Mobile Safari/537.36 (compatible; Googlebot/2.1; +http://www.google.com/bot.html)" "-"
66.249.64.144 - - [13/Dec/2019:10:14:27 +0100] "GET /wp-includes/js/wp-embed.min.js?ver=5.2.5 HTTP/1.1" 200 1744 "https://amazingsportwear.com/contacta-con-nosotros/" "Mozilla/5.0 (Linux; Android 6.0.1; Nexus 5X Build/MMB29P) AppleWebKit/537.36 (KHTML, like Gecko) Chrome/41.0.2272.96 Mobile Safari/537.36 (compatible; Googlebot/2.1; +http://www.google.com/bot.html)" "-"
66.249.64.146 - - [13/Dec/2019:10:14:29 +0100] "GET /wp-includes/js/wp-emoji-release.min.js?ver=5.2.5 HTTP/1.1" 200 17546 "https://amazingsportwear.com/contacta-con-nosotros/" "Mozilla/5.0 (Linux; Android 6.0.1; Nexus 5X Build/MMB29P) AppleWebKit/537.36 (KHTML, like Gecko) Chrome/41.0.2272.96 Mobile Safari/537.36 (compatible; Googlebot/2.1; +http://www.google.com/bot.html)" "-"
66.249.64.144 - - [13/Dec/2019:10:14:30 +0100] "POST /?wc-ajax=get_refreshed_fragments HTTP/1.1" 200 1397 "https://amazingsportwear.com/contacta-con-nosotros/" "Mozilla/5.0 (Linux; Android 6.0.1; Nexus 5X Build/MMB29P) AppleWebKit/537.36 (KHTML, like Gecko) Chrome/41.0.2272.96 Mobile Safari/537.36 (compatible; Googlebot/2.1; +http://www.google.com/bot.html)" "_ga=GA1.2.1884029788.1576195200; _gid=GA1.2.969013651.1576195200; _gat_gtag_UA_91619287_1=1"
66.249.64.144 - - [13/Dec/2019:10:14:38 +0100] "GET /producto/fly-banner-tipo-surf-completo/ HTTP/1.1" 200 110900 "-" "Mozilla/5.0 (compatible; Googlebot/2.1; +http://www.google.com/bot.html)" "-"
66.249.64.144 - - [13/Dec/2019:10:14:41 +0100] "GET /wp-includes/js/comment-reply.min.js?ver=5.2.5 HTTP/1.1" 200 5938 "https://amazingsportwear.com/producto/fly-banner-tipo-surf-completo/" "Mozilla/5.0 AppleWebKit/537.36 (KHTML, like Gecko; compatible; Googlebot/2.1; +http://www.google.com/bot.html) Safari/537.36" "-"
217.76.130.90 - - [13/Dec/2019:10:18:30 +0100] "POST /wp-cron.php?doing_wp_cron=1576228710.7184560298919677734375 HTTP/1.1" 200 3389 "https://amazingsportwear.com/wp-cron.php?doing_wp_cron=1576228710.7184560298919677734375" "WordPress/5.2.5; https://amazingsportwear.com" "-"
66.249.64.144 - - [13/Dec/2019:10:18:29 +0100] "GET /producto/bidon-vandix/ HTTP/1.1" 200 99466 "-" "Mozilla/5.0 (Linux; Android 6.0.1; Nexus 5X Build/MMB29P) AppleWebKit/537.36 (KHTML, like Gecko) Chrome/41.0.2272.96 Mobile Safari/537.36 (compatible; Googlebot/2.1; +http://www.google.com/bot.html)" "-"
217.76.130.90 - - [13/Dec/2019:10:44:34 +0100] "POST /wp-cron.php?doing_wp_cron=1576230274.4577069282531738281250 HTTP/1.1" 200 3389 "https://amazingsportwear.com/wp-cron.php?doing_wp_cron=1576230274.4577069282531738281250" "WordPress/5.2.5; https://amazingsportwear.com" "-"
17.58.96.177 - - [13/Dec/2019:10:44:29 +0100] "GET / HTTP/1.1" 200 125551 "-" "Mozilla/5.0 (Macintosh; Intel Mac OS X 10_10_1) AppleWebKit/600.2.5 (KHTML, like Gecko) Version/8.0.2 Safari/600.2.5 (Applebot/0.1; +http://www.apple.com/go/applebot)" "-"
217.76.130.90 - - [13/Dec/2019:10:45:29 +0100] "POST /wp-cron.php?doing_wp_cron=1576230329.1029989719390869140625 HTTP/1.1" 200 164 "http://amazingsportwear.com/wp-cron.php?doing_wp_cron=1576230329.1029989719390869140625" "WordPress/5.2.5; https://amazingsportwear.com" "-"
23.239.180.110 - - [13/Dec/2019:10:45:28 +0100] "GET / HTTP/1.1" 301 336 "-" "Mozilla/5.0 (Windows NT 6.1; WOW64; rv:27.0) Gecko/20100101 Firefox/27.0" "-"
217.76.130.90 - - [13/Dec/2019:10:47:02 +0100] "POST /wp-cron.php?doing_wp_cron=1576230422.1927049160003662109375 HTTP/1.1" 200 3389 "https://amazingsportwear.com/wp-cron.php?doing_wp_cron=1576230422.1927049160003662109375" "WordPress/5.2.5; https://amazingsportwear.com" "-"
5.153.178.101 - - [13/Dec/2019:10:47:01 +0100] "GET / HTTP/1.0" 200 124737 "https://amazingsportwear.com/" "Mozilla/5.0 (Windows NT 6.3; Win64; x64) AppleWebKit/537.36 (KHTML, like Gecko) Chrome/68.0.3440.84 Safari/537.36" "-"
217.76.130.90 - - [13/Dec/2019:10:47:04 +0100] "POST /wp-cron.php?doing_wp_cron=1576230424.7939550876617431640625 HTTP/1.1" 200 3389 "https://amazingsportwear.com/wp-cron.php?doing_wp_cron=1576230424.7939550876617431640625" "WordPress/5.2.5; https://amazingsportwear.com" "-"
5.153.178.101 - - [13/Dec/2019:10:47:03 +0100] "POST / HTTP/1.0" 200 125211 "https://amazingsportwear.com/" "Mozilla/5.0 (Windows NT 6.3; Win64; x64) AppleWebKit/537.36 (KHTML, like Gecko) Chrome/68.0.3440.84 Safari/537.36" "wpfront-notification-bar-landingpage=1"
217.76.130.90 - - [13/Dec/2019:10:50:30 +0100] "POST /wp-cron.php?doing_wp_cron=1576230630.7004599571228027343750 HTTP/1.1" 200 164 "http://amazingsportwear.com/wp-cron.php?doing_wp_cron=1576230630.7004599571228027343750" "WordPress/5.2.5; https://amazingsportwear.com" "-"
66.249.64.128 - - [13/Dec/2019:10:50:29 +0100] "GET /robots.txt HTTP/1.1" 200 432 "-" "Mozilla/5.0 (compatible; Googlebot/2.1; +http://www.google.com/bot.html)" "-"
66.249.64.159 - - [13/Dec/2019:10:50:31 +0100] "GET /index.php HTTP/1.1" 301 336 "-" "Mozilla/5.0 (Linux; Android 6.0.1; Nexus 5X Build/MMB29P) AppleWebKit/537.36 (KHTML, like Gecko) Chrome/41.0.2272.96 Mobile Safari/537.36 (compatible; Googlebot/2.1; +http://www.google.com/bot.html)" "-"
66.249.64.148 - - [13/Dec/2019:10:50:33 +0100] "GET / HTTP/1.1" 200 125756 "-" "Mozilla/5.0 (Linux; Android 6.0.1; Nexus 5X Build/MMB29P) AppleWebKit/537.36 (KHTML, like Gecko) Chrome/41.0.2272.96 Mobile Safari/537.36 (compatible; Googlebot/2.1; +http://www.google.com/bot.html)" "wpfront-notification-bar-landingpage=1"
66.249.64.146 - - [13/Dec/2019:10:50:39 +0100] "GET /?id_cms=16&controller=cms HTTP/1.1" 200 125838 "-" "Mozilla/5.0 (Linux; Android 6.0.1; Nexus 5X Build/MMB29P) AppleWebKit/537.36 (KHTML, like Gecko) Chrome/41.0.2272.96 Mobile Safari/537.36 (compatible; Googlebot/2.1; +http://www.google.com/bot.html)" "-"
66.249.64.144 - - [13/Dec/2019:10:50:42 +0100] "POST /?wc-ajax=get_refreshed_fragments HTTP/1.1" 200 4760 "https://amazingsportwear.com/" "Mozilla/5.0 (Linux; Android 6.0.1; Nexus 5X Build/MMB29P) AppleWebKit/537.36 (KHTML, like Gecko) Chrome/41.0.2272.96 Mobile Safari/537.36 (compatible; Googlebot/2.1; +http://www.google.com/bot.html)" "_ga=GA1.2.1951319036.1576195200; _gid=GA1.2.1036204339.1576195200; _gat_gtag_UA_91619287_1=1"
217.76.130.90 - - [13/Dec/2019:10:51:54 +0100] "POST /wp-cron.php?doing_wp_cron=1576230714.9143769741058349609375 HTTP/1.1" 200 3389 "https://amazingsportwear.com/wp-cron.php?doing_wp_cron=1576230714.9143769741058349609375" "WordPress/5.2.5; https://amazingsportwear.com" "-"
106.45.0.39 - - [13/Dec/2019:10:51:54 +0100] "GET / HTTP/1.1" 200 125782 "-" "Mozilla/5.0 (X11; Linux x86_64) AppleWebKit/537.36 (KHTML, like Gecko) HeadlessChrome/78.0.3904.70 Safari/537.36" "-"
175.184.166.84 - - [13/Dec/2019:10:51:56 +0100] "GET /wp-includes/css/dist/block-library/style.min.css?ver=5.2.5 HTTP/1.1" 200 29798 "https://amazingsportwear.com/" "Mozilla/5.0 (X11; Linux x86_64) AppleWebKit/537.36 (KHTML, like Gecko) HeadlessChrome/78.0.3904.70 Safari/537.36" "wpfront-notification-bar-landingpage=1"
221.213.75.66 - - [13/Dec/2019:10:51:57 +0100] "GET /wp-content/plugins/woocommerce/assets/css/blocks/style.css?ver=3.6.4 HTTP/1.1" 200 6835 "https://amazingsportwear.com/" "Mozilla/5.0 (X11; Linux x86_64) AppleWebKit/537.36 (KHTML, like Gecko) HeadlessChrome/78.0.3904.70 Safari/537.36" "wpfront-notification-bar-landingpage=1"
106.45.0.39 - - [13/Dec/2019:10:51:57 +0100] "GET /wp-content/plugins/cookie-law-info/public/css/cookie-law-info-public.css?ver=1.7.6 HTTP/1.1" 200 3235 "https://amazingsportwear.com/" "Mozilla/5.0 (X11; Linux x86_64) AppleWebKit/537.36 (KHTML, like Gecko) HeadlessChrome/78.0.3904.70 Safari/537.36" "wpfront-notification-bar-landingpage=1"
175.184.166.84 - - [13/Dec/2019:10:51:57 +0100] "GET /wp-content/plugins/cookie-law-info/public/css/cookie-law-info-gdpr.css?ver=1.7.6 HTTP/1.1" 200 12445 "https://amazingsportwear.com/" "Mozilla/5.0 (X11; Linux x86_64) AppleWebKit/537.36 (KHTML, like Gecko) HeadlessChrome/78.0.3904.70 Safari/537.36" "wpfront-notification-bar-landingpage=1"
106.45.0.39 - - [13/Dec/2019:10:51:57 +0100] "GET /wp-content/plugins/wpfront-notification-bar/css/wpfront-notification-bar.css?ver=1.7.1 HTTP/1.1" 200 3663 "https://amazingsportwear.com/" "Mozilla/5.0 (X11; Linux x86_64) AppleWebKit/537.36 (KHTML, like Gecko) HeadlessChrome/78.0.3904.70 Safari/537.36" "wpfront-notification-bar-landingpage=1"
106.45.0.39 - - [13/Dec/2019:10:51:58 +0100] "GET /wp-content/plugins/simple-social-icons/css/style.css?ver=3.0.1 HTTP/1.1" 200 1562 "https://amazingsportwear.com/" "Mozilla/5.0 (X11; Linux x86_64) AppleWebKit/537.36 (KHTML, like Gecko) HeadlessChrome/78.0.3904.70 Safari/537.36" "wpfront-notification-bar-landingpage=1; _ga=GA1.2.1533738101.1576230716; _gid=GA1.2.1757066110.1576230716; _gat_gtag_UA_91619287_1=1"
106.45.0.39 - - [13/Dec/2019:10:51:58 +0100] "GET /wp-content/plugins/elementor/assets/lib/eicons/css/elementor-icons.min.css?ver=4.3.0 HTTP/1.1" 200 11850 "https://amazingsportwear.com/" "Mozilla/5.0 (X11; Linux x86_64) AppleWebKit/537.36 (KHTML, like Gecko) HeadlessChrome/78.0.3904.70 Safari/537.36" "wpfront-notification-bar-landingpage=1; _ga=GA1.2.1533738101.1576230716; _gid=GA1.2.1757066110.1576230716; _gat_gtag_UA_91619287_1=1"
175.184.166.84 - - [13/Dec/2019:10:51:58 +0100] "GET /wp-content/plugins/elementor/assets/lib/font-awesome/css/font-awesome.min.css?ver=4.7.0 HTTP/1.1" 200 31365 "https://amazingsportwear.com/" "Mozilla/5.0 (X11; Linux x86_64) AppleWebKit/537.36 (KHTML, like Gecko) HeadlessChrome/78.0.3904.70 Safari/537.36" "wpfront-notification-bar-landingpage=1; _ga=GA1.2.1533738101.1576230716; _gid=GA1.2.1757066110.1576230716; _gat_gtag_UA_91619287_1=1"
106.45.0.39 - - [13/Dec/2019:10:51:58 +0100] "GET /wp-content/plugins/elementor/assets/lib/animations/animations.min.css?ver=2.5.16 HTTP/1.1" 200 18833 "https://amazingsportwear.com/" "Mozilla/5.0 (X11; Linux x86_64) AppleWebKit/537.36 (KHTML, like Gecko) HeadlessChrome/78.0.3904.70 Safari/537.36" "wpfront-notification-bar-landingpage=1; _ga=GA1.2.1533738101.1576230716; _gid=GA1.2.1757066110.1576230716; _gat_gtag_UA_91619287_1=1"
106.45.0.39 - - [13/Dec/2019:10:51:58 +0100] "GET /wp-content/plugins/elementor/assets/css/frontend.min.css?ver=2.5.16 HTTP/1.1" 200 95366 "https://amazingsportwear.com/" "Mozilla/5.0 (X11; Linux x86_64) AppleWebKit/537.36 (KHTML, like Gecko) HeadlessChrome/78.0.3904.70 Safari/537.36" "wpfront-notification-bar-landingpage=1; _ga=GA1.2.1533738101.1576230716; _gid=GA1.2.1757066110.1576230716; _gat_gtag_UA_91619287_1=1"
123.145.23.164 - - [13/Dec/2019:10:51:59 +0100] "GET /wp-content/uploads/elementor/css/global.css?ver=1559638744 HTTP/1.1" 200 5274 "https://amazingsportwear.com/" "Mozilla/5.0 (X11; Linux x86_64) AppleWebKit/537.36 (KHTML, like Gecko) HeadlessChrome/78.0.3904.70 Safari/537.36" "wpfront-notification-bar-landingpage=1; _ga=GA1.2.1533738101.1576230716; _gid=GA1.2.1757066110.1576230716; _gat_gtag_UA_91619287_1=1"
221.213.75.66 - - [13/Dec/2019:10:52:00 +0100] "GET /wp-content/uploads/elementor/css/post-16241.css?ver=1562311573 HTTP/1.1" 200 4934 "https://amazingsportwear.com/" "Mozilla/5.0 (X11; Linux x86_64) AppleWebKit/537.36 (KHTML, like Gecko) HeadlessChrome/78.0.3904.70 Safari/537.36" "wpfront-notification-bar-landingpage=1; _ga=GA1.2.1533738101.1576230716; _gid=GA1.2.1757066110.1576230716; _gat_gtag_UA_91619287_1=1"
123.145.23.164 - - [13/Dec/2019:10:52:00 +0100] "GET /wp-content/plugins/smart-slider-3/library/media/smartslider.min.css?1559118093 HTTP/1.1" 200 19959 "https://amazingsportwear.com/" "Mozilla/5.0 (X11; Linux x86_64) AppleWebKit/537.36 (KHTML, like Gecko) HeadlessChrome/78.0.3904.70 Safari/537.36" "wpfront-notification-bar-landingpage=1; _ga=GA1.2.1533738101.1576230716; _gid=GA1.2.1757066110.1576230716; _gat_gtag_UA_91619287_1=1"
175.184.166.84 - - [13/Dec/2019:10:52:00 +0100] "GET /wp-content/themes/shopper/assets/sass/woocommerce/woocommerce.css?ver=5.2.5 HTTP/1.1" 200 83534 "https://amazingsportwear.com/" "Mozilla/5.0 (X11; Linux x86_64) AppleWebKit/537.36 (KHTML, like Gecko) HeadlessChrome/78.0.3904.70 Safari/537.36" "wpfront-notification-bar-landingpage=1; _ga=GA1.2.1533738101.1576230716; _gid=GA1.2.1757066110.1576230716; _gat_gtag_UA_91619287_1=1"
106.45.0.39 - - [13/Dec/2019:10:52:00 +0100] "GET /wp-includes/js/jquery/jquery.js?ver=1.12.4-wp HTTP/1.1" 200 97362 "https://amazingsportwear.com/" "Mozilla/5.0 (X11; Linux x86_64) AppleWebKit/537.36 (KHTML, like Gecko) HeadlessChrome/78.0.3904.70 Safari/537.36" "wpfront-notification-bar-landingpage=1; _ga=GA1.2.1533738101.1576230716; _gid=GA1.2.1757066110.1576230716; _gat_gtag_UA_91619287_1=1"
27.211.176.205 - - [13/Dec/2019:10:51:57 +0100] "GET /wp-content/themes/shopper/style.css?ver=1.3.8 HTTP/1.1" 200 125453 "https://amazingsportwear.com/" "Mozilla/5.0 (X11; Linux x86_64) AppleWebKit/537.36 (KHTML, like Gecko) HeadlessChrome/78.0.3904.70 Safari/537.36" "wpfront-notification-bar-landingpage=1"
221.213.75.66 - - [13/Dec/2019:10:52:02 +0100] "GET /wp-includes/js/wp-emoji-release.min.js?ver=5.2.5 HTTP/1.1" 200 14183 "https://amazingsportwear.com/" "Mozilla/5.0 (X11; Linux x86_64) AppleWebKit/537.36 (KHTML, like Gecko) HeadlessChrome/78.0.3904.70 Safari/537.36" "wpfront-notification-bar-landingpage=1; _ga=GA1.2.1533738101.1576230716; _gid=GA1.2.1757066110.1576230716; _gat_gtag_UA_91619287_1=1"
123.145.23.164 - - [13/Dec/2019:10:52:08 +0100] "GET /wp-includes/js/jquery/jquery-migrate.min.js?ver=1.4.1 HTTP/1.1" 200 10399 "https://amazingsportwear.com/" "Mozilla/5.0 (X11; Linux x86_64) AppleWebKit/537.36 (KHTML, like Gecko) HeadlessChrome/78.0.3904.70 Safari/537.36" "wpfront-notification-bar-landingpage=1; _ga=GA1.2.1533738101.1576230716; _gid=GA1.2.1757066110.1576230716; _gat_gtag_UA_91619287_1=1"
175.184.166.84 - - [13/Dec/2019:10:52:09 +0100] "GET /wp-content/plugins/cookie-law-info/public/js/cookie-law-info-public.js?ver=1.7.6 HTTP/1.1" 200 17076 "https://amazingsportwear.com/" "Mozilla/5.0 (X11; Linux x86_64) AppleWebKit/537.36 (KHTML, like Gecko) HeadlessChrome/78.0.3904.70 Safari/537.36" "wpfront-notification-bar-landingpage=1; _ga=GA1.2.1533738101.1576230716; _gid=GA1.2.1757066110.1576230716; _gat_gtag_UA_91619287_1=1"
175.184.166.84 - - [13/Dec/2019:10:52:14 +0100] "GET /wp-content/plugins/wpfront-notification-bar/jquery-plugins/jquery.c.js?ver=1.4.0 HTTP/1.1" 200 3437 "https://amazingsportwear.com/" "Mozilla/5.0 (X11; Linux x86_64) AppleWebKit/537.36 (KHTML, like Gecko) HeadlessChrome/78.0.3904.70 Safari/537.36" "wpfront-notification-bar-landingpage=1; _ga=GA1.2.1533738101.1576230716; _gid=GA1.2.1757066110.1576230716; _gat_gtag_UA_91619287_1=1"
175.184.166.84 - - [13/Dec/2019:10:52:15 +0100] "GET /wp-content/plugins/wpfront-notification-bar/js/wpfront-notification-bar.js?ver=1.7.1 HTTP/1.1" 200 5662 "https://amazingsportwear.com/" "Mozilla/5.0 (X11; Linux x86_64) AppleWebKit/537.36 (KHTML, like Gecko) HeadlessChrome/78.0.3904.70 Safari/537.36" "wpfront-notification-bar-landingpage=1; _ga=GA1.2.1533738101.1576230716; _gid=GA1.2.1757066110.1576230716; _gat_gtag_UA_91619287_1=1"
175.184.166.84 - - [13/Dec/2019:10:52:15 +0100] "GET /wp-content/plugins/simple-social-icons/svgxuse.js?ver=1.1.21 HTTP/1.1" 200 9580 "https://amazingsportwear.com/" "Mozilla/5.0 (X11; Linux x86_64) AppleWebKit/537.36 (KHTML, like Gecko) HeadlessChrome/78.0.3904.70 Safari/537.36" "wpfront-notification-bar-landingpage=1; _ga=GA1.2.1533738101.1576230716; _gid=GA1.2.1757066110.1576230716; _gat_gtag_UA_91619287_1=1"
123.145.23.164 - - [13/Dec/2019:10:52:15 +0100] "GET /wp-content/plugins/smart-slider-3/nextend/media/dist/n2.min.js?1559118093 HTTP/1.1" 200 3836 "https://amazingsportwear.com/" "Mozilla/5.0 (X11; Linux x86_64) AppleWebKit/537.36 (KHTML, like Gecko) HeadlessChrome/78.0.3904.70 Safari/537.36" "wpfront-notification-bar-landingpage=1; _ga=GA1.2.1533738101.1576230716; _gid=GA1.2.1757066110.1576230716; _gat_gtag_UA_91619287_1=1"
175.184.166.84 - - [13/Dec/2019:10:52:17 +0100] "GET /wp-content/plugins/smart-slider-3/nextend/media/dist/nextend-frontend.min.js?1559118093 HTTP/1.1" 200 86339 "https://amazingsportwear.com/" "Mozilla/5.0 (X11; Linux x86_64) AppleWebKit/537.36 (KHTML, like Gecko) HeadlessChrome/78.0.3904.70 Safari/537.36" "wpfront-notification-bar-landingpage=1; _ga=GA1.2.1533738101.1576230716; _gid=GA1.2.1757066110.1576230716; _gat_gtag_UA_91619287_1=1"
175.184.166.84 - - [13/Dec/2019:10:52:28 +0100] "GET /wp-content/plugins/smart-slider-3/library/media/dist/smartslider-frontend.min.js?1559118093 HTTP/1.1" 200 127293 "https://amazingsportwear.com/" "Mozilla/5.0 (X11; Linux x86_64) AppleWebKit/537.36 (KHTML, like Gecko) HeadlessChrome/78.0.3904.70 Safari/537.36" "wpfront-notification-bar-landingpage=1; _ga=GA1.2.1533738101.1576230716; _gid=GA1.2.1757066110.1576230716; _gat_gtag_UA_91619287_1=1"
36.47.160.88 - - [13/Dec/2019:10:52:33 +0100] "GET /wp-content/plugins/smart-slider-3/library/media/plugins/type/simple/simple/dist/smartslider-simple-type-frontend.min.js?1559118093 HTTP/1.1" 200 19111 "https://amazingsportwear.com/" "Mozilla/5.0 (X11; Linux x86_64) AppleWebKit/537.36 (KHTML, like Gecko) HeadlessChrome/78.0.3904.70 Safari/537.36" "wpfront-notification-bar-landingpage=1; _ga=GA1.2.1533738101.1576230716; _gid=GA1.2.1757066110.1576230716; _gat_gtag_UA_91619287_1=1"
36.47.160.88 - - [13/Dec/2019:10:52:35 +0100] "GET /wp-content/themes/shopper/assets/js/crm.js?ver=1561548510 HTTP/1.1" 200 874 "https://amazingsportwear.com/" "Mozilla/5.0 (X11; Linux x86_64) AppleWebKit/537.36 (KHTML, like Gecko) HeadlessChrome/78.0.3904.70 Safari/537.36" "wpfront-notification-bar-landingpage=1; _ga=GA1.2.1533738101.1576230716; _gid=GA1.2.1757066110.1576230716; _gat_gtag_UA_91619287_1=1"
36.47.160.88 - - [13/Dec/2019:10:52:35 +0100] "GET /wp-content/plugins/woocommerce/assets/js/jquery-blockui/jquery.blockUI.min.js?ver=2.70 HTTP/1.1" 200 9908 "https://amazingsportwear.com/" "Mozilla/5.0 (X11; Linux x86_64) AppleWebKit/537.36 (KHTML, like Gecko) HeadlessChrome/78.0.3904.70 Safari/537.36" "wpfront-notification-bar-landingpage=1; _ga=GA1.2.1533738101.1576230716; _gid=GA1.2.1757066110.1576230716; _gat_gtag_UA_91619287_1=1"
36.47.160.88 - - [13/Dec/2019:10:52:35 +0100] "GET /wp-content/plugins/woocommerce/assets/js/frontend/add-to-cart.min.js?ver=3.6.4 HTTP/1.1" 200 2983 "https://amazingsportwear.com/" "Mozilla/5.0 (X11; Linux x86_64) AppleWebKit/537.36 (KHTML, like Gecko) HeadlessChrome/78.0.3904.70 Safari/537.36" "wpfront-notification-bar-landingpage=1; _ga=GA1.2.1533738101.1576230716; _gid=GA1.2.1757066110.1576230716; _gat_gtag_UA_91619287_1=1"
36.47.160.88 - - [13/Dec/2019:10:52:36 +0100] "GET /wp-content/plugins/woocommerce/assets/js/js-cookie/js.cookie.min.js?ver=2.1.4 HTTP/1.1" 200 2187 "https://amazingsportwear.com/" "Mozilla/5.0 (X11; Linux x86_64) AppleWebKit/537.36 (KHTML, like Gecko) HeadlessChrome/78.0.3904.70 Safari/537.36" "wpfront-notification-bar-landingpage=1; _ga=GA1.2.1533738101.1576230716; _gid=GA1.2.1757066110.1576230716; _gat_gtag_UA_91619287_1=1"
36.47.160.88 - - [13/Dec/2019:10:52:36 +0100] "GET /wp-content/plugins/woocommerce/assets/js/frontend/woocommerce.min.js?ver=3.6.4 HTTP/1.1" 200 1813 "https://amazingsportwear.com/" "Mozilla/5.0 (X11; Linux x86_64) AppleWebKit/537.36 (KHTML, like Gecko) HeadlessChrome/78.0.3904.70 Safari/537.36" "wpfront-notification-bar-landingpage=1; _ga=GA1.2.1533738101.1576230716; _gid=GA1.2.1757066110.1576230716; _gat_gtag_UA_91619287_1=1"
36.47.160.88 - - [13/Dec/2019:10:52:36 +0100] "GET /wp-content/plugins/woocommerce/assets/js/frontend/cart-fragments.min.js?ver=3.6.4 HTTP/1.1" 200 3281 "https://amazingsportwear.com/" "Mozilla/5.0 (X11; Linux x86_64) AppleWebKit/537.36 (KHTML, like Gecko) HeadlessChrome/78.0.3904.70 Safari/537.36" "wpfront-notification-bar-landingpage=1; _ga=GA1.2.1533738101.1576230716; _gid=GA1.2.1757066110.1576230716; _gat_gtag_UA_91619287_1=1"
175.184.166.84 - - [13/Dec/2019:10:52:36 +0100] "GET /wp-content/themes/shopper/assets/js/skip-link-focus-fix.js?ver=1.3.8 HTTP/1.1" 200 1023 "https://amazingsportwear.com/" "Mozilla/5.0 (X11; Linux x86_64) AppleWebKit/537.36 (KHTML, like Gecko) HeadlessChrome/78.0.3904.70 Safari/537.36" "wpfront-notification-bar-landingpage=1; _ga=GA1.2.1533738101.1576230716; _gid=GA1.2.1757066110.1576230716; _gat_gtag_UA_91619287_1=1"
106.47.30.136 - - [13/Dec/2019:10:52:37 +0100] "GET /favicon.ico HTTP/1.1" 200 3427 "-" "Mozilla/5.0 (X11; U; Linux i686; en-US; rv:1.9.0.8) Gecko Fedora/1.9.0.8-1.fc10 Kazehakase/0.5.6" "-"
175.184.166.84 - - [13/Dec/2019:10:52:37 +0100] "GET /wp-content/plugins/elementor/assets/lib/font-awesome/fonts/fontawesome-webfont.woff2?v=4.7.0 HTTP/1.1" 200 77615 "https://amazingsportwear.com/wp-content/plugins/elementor/assets/lib/font-awesome/css/font-awesome.min.css?ver=4.7.0" "Mozilla/5.0 (X11; Linux x86_64) AppleWebKit/537.36 (KHTML, like Gecko) HeadlessChrome/78.0.3904.70 Safari/537.36" "wpfront-notification-bar-landingpage=1; _ga=GA1.2.1533738101.1576230716; _gid=GA1.2.1757066110.1576230716; _gat_gtag_UA_91619287_1=1"
27.224.136.193 - - [13/Dec/2019:10:52:37 +0100] "GET /wp-content/uploads/2019/05/cropped-asw-white.png HTTP/1.1" 200 7638 "https://amazingsportwear.com/" "Mozilla/5.0 (X11; Linux x86_64) AppleWebKit/537.36 (KHTML, like Gecko) HeadlessChrome/78.0.3904.70 Safari/537.36" "wpfront-notification-bar-landingpage=1; _ga=GA1.2.1533738101.1576230716; _gid=GA1.2.1757066110.1576230716; _gat_gtag_UA_91619287_1=1"
183.161.6.205 - - [13/Dec/2019:11:13:15 +0100] "GET /wp-content/uploads/2019/04/chubasquero-escocia-1.png HTTP/1.1" 200 106336 "-" "Mozilla/5.0(Linux;Android 5.1.1;OPPO A33 Build/LMY47V;wv) AppleWebKit/537.36(KHTML,link Gecko) Version/4.0 Chrome/42.0.2311.138 Mobile Safari/537.36 Mb2345Browser/9.0" "-"
217.76.130.90 - - [13/Dec/2019:11:13:25 +0100] "POST /wp-cron.php?doing_wp_cron=1576232005.6219050884246826171875 HTTP/1.1" 200 3389 "https://amazingsportwear.com/wp-cron.php?doing_wp_cron=1576232005.6219050884246826171875" "WordPress/5.2.5; https://amazingsportwear.com" "-"
60.185.78.158 - - [13/Dec/2019:11:13:23 +0100] "GET /etiqueta-producto/cierre-velcro HTTP/1.1" 301 3555 "-" "Mozilla/5.0 (Linux; Android 7.0; FRD-AL00 Build/HUAWEIFRD-AL00; wv) AppleWebKit/537.36 (KHTML, like Gecko) Version/4.0 Chrome/53.0.2785.49 Mobile MQQBrowser/6.2 TBS/043602 Safari/537.36 MicroMessenger/6.5.16.1120 NetType/WIFI Language/zh_CN" "-"
60.185.78.158 - - [13/Dec/2019:11:13:31 +0100] "GET /etiqueta-producto/cierre-velcro/ HTTP/1.1" 200 53694 "-" "Mozilla/5.0 (Linux; Android 7.0; FRD-AL00 Build/HUAWEIFRD-AL00; wv) AppleWebKit/537.36 (KHTML, like Gecko) Version/4.0 Chrome/53.0.2785.49 Mobile MQQBrowser/6.2 TBS/043602 Safari/537.36 MicroMessenger/6.5.16.1120 NetType/WIFI Language/zh_CN" "wpfront-notification-bar-landingpage=1"
182.111.51.17 - - [13/Dec/2019:11:13:58 +0100] "GET /wp-content/uploads/2017/03/nath-electro-hombre-300x300.jpg HTTP/1.1" 200 9437 "-" "Mozilla/5.0(Linux;U;Android 5.1.1;zh-CN;OPPO A33 Build/LMY47V) AppleWebKit/537.36(KHTML,like Gecko) Version/4.0 Chrome/40.0.2214.89 UCBrowser/11.7.0.953 Mobile Safari/537.36" "-"
217.76.130.90 - - [13/Dec/2019:11:14:10 +0100] "POST /wp-cron.php?doing_wp_cron=1576232050.9426600933074951171875 HTTP/1.1" 200 3389 "https://amazingsportwear.com/wp-cron.php?doing_wp_cron=1576232050.9426600933074951171875" "WordPress/5.2.5; https://amazingsportwear.com" "-"
116.55.141.244 - - [13/Dec/2019:11:14:10 +0100] "GET /categoria-producto/inicio/page/3?add-to-cart=18688 HTTP/1.1" 301 4815 "-" "Mozilla/5.0(Linux;Android 5.1.1;OPPO A33 Build/LMY47V;wv) AppleWebKit/537.36(KHTML,link Gecko) Version/4.0 Chrome/43.0.2357.121 Mobile Safari/537.36 LieBaoFast/4.51.3" "-"
116.55.141.244 - - [13/Dec/2019:11:14:16 +0100] "GET /categoria-producto/inicio/page/3/?add-to-cart=18688 HTTP/1.1" 200 78091 "-" "Mozilla/5.0(Linux;Android 5.1.1;OPPO A33 Build/LMY47V;wv) AppleWebKit/537.36(KHTML,link Gecko) Version/4.0 Chrome/43.0.2357.121 Mobile Safari/537.36 LieBaoFast/4.51.3" "woocommerce_cart_hash=29ae7f948d64baeb4f4898796d76fa30; woocommerce_items_in_cart=1; wp_woocommerce_session_fb86dbb0e6335d960ea3e94e06b25287=d14376b2e824a997e77dc84d78321ad0%7C%7C1576404850%7C%7C1576401250%7C%7C04d54cd7659b46f00a192a8e0d83dead; wpfront-notification-bar-landingpage=1"
119.123.0.82 - - [13/Dec/2019:11:14:17 +0100] "GET /etiqueta-producto/camiseta-adulto/page/2 HTTP/1.1" 301 3564 "-" "Mozilla/5.0(Linux;Android 5.1.1;OPPO A33 Build/LMY47V;wv) AppleWebKit/537.36(KHTML,link Gecko) Version/4.0 Chrome/42.0.2311.138 Mobile Safari/537.36 Mb2345Browser/9.0" "-"
119.123.0.82 - - [13/Dec/2019:11:14:20 +0100] "GET /etiqueta-producto/camiseta-adulto/page/2/ HTTP/1.1" 200 76450 "-" "Mozilla/5.0(Linux;Android 5.1.1;OPPO A33 Build/LMY47V;wv) AppleWebKit/537.36(KHTML,link Gecko) Version/4.0 Chrome/42.0.2311.138 Mobile Safari/537.36 Mb2345Browser/9.0" "wpfront-notification-bar-landingpage=1"
125.118.75.153 - - [13/Dec/2019:11:14:38 +0100] "GET /categoria-producto/hombre/cortavientos/ HTTP/1.1" 200 57132 "-" "Mozilla/5.0 (Linux; Android 7.0; FRD-AL00 Build/HUAWEIFRD-AL00; wv) AppleWebKit/537.36 (KHTML, like Gecko) Version/4.0 Chrome/53.0.2785.49 Mobile MQQBrowser/6.2 TBS/043602 Safari/537.36 MicroMessenger/6.5.16.1120 NetType/WIFI Language/zh_CN" "-"
59.32.21.101 - - [13/Dec/2019:11:14:00 +0100] "GET /wp-json/ HTTP/1.1" 200 288287 "-" "Mozilla/5.0 (Linux; Android 7.0; FRD-AL00 Build/HUAWEIFRD-AL00; wv) AppleWebKit/537.36 (KHTML, like Gecko) Version/4.0 Chrome/53.0.2785.49 Mobile MQQBrowser/6.2 TBS/043602 Safari/537.36 MicroMessenger/6.5.16.1120 NetType/WIFI Language/zh_CN" "-"
217.76.130.90 - - [13/Dec/2019:11:15:44 +0100] "POST /wp-cron.php?doing_wp_cron=1576232144.6569240093231201171875 HTTP/1.1" 200 3389 "https://amazingsportwear.com/wp-cron.php?doing_wp_cron=1576232144.6569240093231201171875" "WordPress/5.2.5; https://amazingsportwear.com" "-"
119.5.152.32 - - [13/Dec/2019:11:15:43 +0100] "GET /etiqueta-producto/proteccion-solar HTTP/1.1" 301 3558 "-" "Mozilla/5.0(Linux;Android 5.1.1;OPPO A33 Build/LMY47V;wv) AppleWebKit/537.36(KHTML,link Gecko) Version/4.0 Chrome/42.0.2311.138 Mobile Safari/537.36 Mb2345Browser/9.0" "-"
119.5.152.32 - - [13/Dec/2019:11:15:47 +0100] "GET /etiqueta-producto/proteccion-solar/ HTTP/1.1" 200 53452 "-" "Mozilla/5.0(Linux;Android 5.1.1;OPPO A33 Build/LMY47V;wv) AppleWebKit/537.36(KHTML,link Gecko) Version/4.0 Chrome/42.0.2311.138 Mobile Safari/537.36 Mb2345Browser/9.0" "wpfront-notification-bar-landingpage=1"
213.177.193.167 - - [13/Dec/2019:11:23:16 +0100] "GET /wp-content/uploads/2019/04/Llavero-Metalico-Tenis-3.png HTTP/1.1" 200 46821 "https://www.google.es/" "Mozilla/5.0 (Windows NT 10.0; Win64; x64) AppleWebKit/537.36 (KHTML, like Gecko) Chrome/78.0.3904.108 Safari/537.36" "-"
91.242.162.49 - - [13/Dec/2019:11:25:21 +0100] "GET /robots.txt HTTP/1.1" 404 3953 "-" "Mozilla/5.0 (compatible; Qwantify/2.4w; +https://www.qwant.com/)/2.4w" "-"
91.242.162.49 - - [13/Dec/2019:11:25:21 +0100] "GET / HTTP/1.1" 404 3953 "-" "Mozilla/5.0 (compatible; Qwantify/2.4w; +https://www.qwant.com/)/2.4w" "-"
207.46.13.23 - - [13/Dec/2019:11:26:12 +0100] "GET /wp-content/uploads/2017/03/aq-rever-494.jpg HTTP/1.1" 200 98421 "-" "Mozilla/5.0 (compatible; bingbot/2.0; +http://www.bing.com/bingbot.htm)" "-"
217.76.130.90 - - [13/Dec/2019:11:32:15 +0100] "POST /wp-cron.php?doing_wp_cron=1576233135.8110799789428710937500 HTTP/1.1" 200 3389 "https://amazingsportwear.com/wp-cron.php?doing_wp_cron=1576233135.8110799789428710937500" "WordPress/5.2.5; https://amazingsportwear.com" "-"
88.27.165.126 - - [13/Dec/2019:11:32:11 +0100] "GET / HTTP/1.1" 200 125803 "https://www.google.com/" "Mozilla/5.0 (Windows NT 10.0; Win64; x64) AppleWebKit/537.36 (KHTML, like Gecko) Chrome/78.0.3904.108 Safari/537.36" "-"
88.27.165.126 - - [13/Dec/2019:11:32:17 +0100] "GET /wp-includes/css/dist/block-library/style.min.css?ver=5.2.5 HTTP/1.1" 200 29660 "https://amazingsportwear.com/" "Mozilla/5.0 (Windows NT 10.0; Win64; x64) AppleWebKit/537.36 (KHTML, like Gecko) Chrome/78.0.3904.108 Safari/537.36" "wpfront-notification-bar-landingpage=1"
88.27.165.126 - - [13/Dec/2019:11:32:17 +0100] "GET /wp-content/plugins/cookie-law-info/public/css/cookie-law-info-gdpr.css?ver=1.7.6 HTTP/1.1" 200 12583 "https://amazingsportwear.com/" "Mozilla/5.0 (Windows NT 10.0; Win64; x64) AppleWebKit/537.36 (KHTML, like Gecko) Chrome/78.0.3904.108 Safari/537.36" "wpfront-notification-bar-landingpage=1"
88.27.165.126 - - [13/Dec/2019:11:32:17 +0100] "GET /wp-content/plugins/wpfront-notification-bar/css/wpfront-notification-bar.css?ver=1.7.1 HTTP/1.1" 200 3801 "https://amazingsportwear.com/" "Mozilla/5.0 (Windows NT 10.0; Win64; x64) AppleWebKit/537.36 (KHTML, like Gecko) Chrome/78.0.3904.108 Safari/537.36" "wpfront-notification-bar-landingpage=1"
88.27.165.126 - - [13/Dec/2019:11:32:17 +0100] "GET /wp-content/plugins/woocommerce/assets/css/blocks/style.css?ver=3.6.4 HTTP/1.1" 200 6835 "https://amazingsportwear.com/" "Mozilla/5.0 (Windows NT 10.0; Win64; x64) AppleWebKit/537.36 (KHTML, like Gecko) Chrome/78.0.3904.108 Safari/537.36" "wpfront-notification-bar-landingpage=1"
88.27.165.126 - - [13/Dec/2019:11:32:17 +0100] "GET /wp-content/plugins/cookie-law-info/public/css/cookie-law-info-public.css?ver=1.7.6 HTTP/1.1" 200 3235 "https://amazingsportwear.com/" "Mozilla/5.0 (Windows NT 10.0; Win64; x64) AppleWebKit/537.36 (KHTML, like Gecko) Chrome/78.0.3904.108 Safari/537.36" "wpfront-notification-bar-landingpage=1"
88.27.165.126 - - [13/Dec/2019:11:32:17 +0100] "GET /wp-content/plugins/simple-social-icons/css/style.css?ver=3.0.1 HTTP/1.1" 200 1700 "https://amazingsportwear.com/" "Mozilla/5.0 (Windows NT 10.0; Win64; x64) AppleWebKit/537.36 (KHTML, like Gecko) Chrome/78.0.3904.108 Safari/537.36" "wpfront-notification-bar-landingpage=1"
88.27.165.126 - - [13/Dec/2019:11:32:17 +0100] "GET /wp-content/themes/shopper/style.css?ver=1.3.8 HTTP/1.1" 200 125453 "https://amazingsportwear.com/" "Mozilla/5.0 (Windows NT 10.0; Win64; x64) AppleWebKit/537.36 (KHTML, like Gecko) Chrome/78.0.3904.108 Safari/537.36" "wpfront-notification-bar-landingpage=1"
88.27.165.126 - - [13/Dec/2019:11:32:17 +0100] "GET /wp-content/plugins/elementor/assets/lib/eicons/css/elementor-icons.min.css?ver=4.3.0 HTTP/1.1" 200 11850 "https://amazingsportwear.com/" "Mozilla/5.0 (Windows NT 10.0; Win64; x64) AppleWebKit/537.36 (KHTML, like Gecko) Chrome/78.0.3904.108 Safari/537.36" "wpfront-notification-bar-landingpage=1"
88.27.165.126 - - [13/Dec/2019:11:32:17 +0100] "GET /wp-content/plugins/elementor/assets/lib/font-awesome/css/font-awesome.min.css?ver=4.7.0 HTTP/1.1" 200 31365 "https://amazingsportwear.com/" "Mozilla/5.0 (Windows NT 10.0; Win64; x64) AppleWebKit/537.36 (KHTML, like Gecko) Chrome/78.0.3904.108 Safari/537.36" "wpfront-notification-bar-landingpage=1"
88.27.165.126 - - [13/Dec/2019:11:32:17 +0100] "GET /wp-content/plugins/elementor/assets/lib/animations/animations.min.css?ver=2.5.16 HTTP/1.1" 200 18833 "https://amazingsportwear.com/" "Mozilla/5.0 (Windows NT 10.0; Win64; x64) AppleWebKit/537.36 (KHTML, like Gecko) Chrome/78.0.3904.108 Safari/537.36" "wpfront-notification-bar-landingpage=1"
88.27.165.126 - - [13/Dec/2019:11:32:17 +0100] "GET /wp-content/uploads/elementor/css/global.css?ver=1559638744 HTTP/1.1" 200 5136 "https://amazingsportwear.com/" "Mozilla/5.0 (Windows NT 10.0; Win64; x64) AppleWebKit/537.36 (KHTML, like Gecko) Chrome/78.0.3904.108 Safari/537.36" "wpfront-notification-bar-landingpage=1"
88.27.165.126 - - [13/Dec/2019:11:32:17 +0100] "GET /wp-content/uploads/elementor/css/post-16241.css?ver=1562311573 HTTP/1.1" 200 4934 "https://amazingsportwear.com/" "Mozilla/5.0 (Windows NT 10.0; Win64; x64) AppleWebKit/537.36 (KHTML, like Gecko) Chrome/78.0.3904.108 Safari/537.36" "wpfront-notification-bar-landingpage=1"
88.27.165.126 - - [13/Dec/2019:11:32:17 +0100] "GET /wp-content/plugins/smart-slider-3/library/media/smartslider.min.css?1559118093 HTTP/1.1" 200 19959 "https://amazingsportwear.com/" "Mozilla/5.0 (Windows NT 10.0; Win64; x64) AppleWebKit/537.36 (KHTML, like Gecko) Chrome/78.0.3904.108 Safari/537.36" "wpfront-notification-bar-landingpage=1"
88.27.165.126 - - [13/Dec/2019:11:32:17 +0100] "GET /wp-includes/js/jquery/jquery.js?ver=1.12.4-wp HTTP/1.1" 200 97362 "https://amazingsportwear.com/" "Mozilla/5.0 (Windows NT 10.0; Win64; x64) AppleWebKit/537.36 (KHTML, like Gecko) Chrome/78.0.3904.108 Safari/537.36" "wpfront-notification-bar-landingpage=1"
88.27.165.126 - - [13/Dec/2019:11:32:17 +0100] "GET /wp-content/plugins/elementor/assets/css/frontend.min.css?ver=2.5.16 HTTP/1.1" 200 95366 "https://amazingsportwear.com/" "Mozilla/5.0 (Windows NT 10.0; Win64; x64) AppleWebKit/537.36 (KHTML, like Gecko) Chrome/78.0.3904.108 Safari/537.36" "wpfront-notification-bar-landingpage=1"
88.27.165.126 - - [13/Dec/2019:11:32:17 +0100] "GET /wp-content/themes/shopper/assets/sass/woocommerce/woocommerce.css?ver=5.2.5 HTTP/1.1" 200 83534 "https://amazingsportwear.com/" "Mozilla/5.0 (Windows NT 10.0; Win64; x64) AppleWebKit/537.36 (KHTML, like Gecko) Chrome/78.0.3904.108 Safari/537.36" "wpfront-notification-bar-landingpage=1"
88.27.165.126 - - [13/Dec/2019:11:32:18 +0100] "GET /wp-includes/js/jquery/jquery-migrate.min.js?ver=1.4.1 HTTP/1.1" 200 10399 "https://amazingsportwear.com/" "Mozilla/5.0 (Windows NT 10.0; Win64; x64) AppleWebKit/537.36 (KHTML, like Gecko) Chrome/78.0.3904.108 Safari/537.36" "wpfront-notification-bar-landingpage=1"
88.27.165.126 - - [13/Dec/2019:11:32:18 +0100] "GET /wp-content/plugins/cookie-law-info/public/js/cookie-law-info-public.js?ver=1.7.6 HTTP/1.1" 200 17076 "https://amazingsportwear.com/" "Mozilla/5.0 (Windows NT 10.0; Win64; x64) AppleWebKit/537.36 (KHTML, like Gecko) Chrome/78.0.3904.108 Safari/537.36" "wpfront-notification-bar-landingpage=1"
88.27.165.126 - - [13/Dec/2019:11:32:18 +0100] "GET /wp-content/plugins/wpfront-notification-bar/jquery-plugins/jquery.c.js?ver=1.4.0 HTTP/1.1" 200 3437 "https://amazingsportwear.com/" "Mozilla/5.0 (Windows NT 10.0; Win64; x64) AppleWebKit/537.36 (KHTML, like Gecko) Chrome/78.0.3904.108 Safari/537.36" "wpfront-notification-bar-landingpage=1"
88.27.165.126 - - [13/Dec/2019:11:32:18 +0100] "GET /wp-content/plugins/wpfront-notification-bar/js/wpfront-notification-bar.js?ver=1.7.1 HTTP/1.1" 200 5662 "https://amazingsportwear.com/" "Mozilla/5.0 (Windows NT 10.0; Win64; x64) AppleWebKit/537.36 (KHTML, like Gecko) Chrome/78.0.3904.108 Safari/537.36" "wpfront-notification-bar-landingpage=1"
88.27.165.126 - - [13/Dec/2019:11:32:18 +0100] "GET /wp-content/plugins/simple-social-icons/svgxuse.js?ver=1.1.21 HTTP/1.1" 200 9580 "https://amazingsportwear.com/" "Mozilla/5.0 (Windows NT 10.0; Win64; x64) AppleWebKit/537.36 (KHTML, like Gecko) Chrome/78.0.3904.108 Safari/537.36" "wpfront-notification-bar-landingpage=1"
88.27.165.126 - - [13/Dec/2019:11:32:18 +0100] "GET /wp-content/plugins/smart-slider-3/library/media/plugins/type/simple/simple/dist/smartslider-simple-type-frontend.min.js?1559118093 HTTP/1.1" 200 18973 "https://amazingsportwear.com/" "Mozilla/5.0 (Windows NT 10.0; Win64; x64) AppleWebKit/537.36 (KHTML, like Gecko) Chrome/78.0.3904.108 Safari/537.36" "wpfront-notification-bar-landingpage=1"
88.27.165.126 - - [13/Dec/2019:11:32:18 +0100] "GET /wp-content/uploads/2019/07/buff-bandana-300x123.jpg HTTP/1.1" 200 15859 "https://amazingsportwear.com/" "Mozilla/5.0 (Windows NT 10.0; Win64; x64) AppleWebKit/537.36 (KHTML, like Gecko) Chrome/78.0.3904.108 Safari/537.36" "wpfront-notification-bar-landingpage=1"
88.27.165.126 - - [13/Dec/2019:11:32:18 +0100] "GET /wp-content/plugins/smart-slider-3/nextend/media/dist/nextend-frontend.min.js?1559118093 HTTP/1.1" 200 86339 "https://amazingsportwear.com/" "Mozilla/5.0 (Windows NT 10.0; Win64; x64) AppleWebKit/537.36 (KHTML, like Gecko) Chrome/78.0.3904.108 Safari/537.36" "wpfront-notification-bar-landingpage=1"
217.76.130.90 - - [13/Dec/2019:11:34:56 +0100] "POST /wp-cron.php?doing_wp_cron=1576233296.1221079826354980468750 HTTP/1.1" 200 3389 "https://amazingsportwear.com/wp-cron.php?doing_wp_cron=1576233296.1221079826354980468750" "WordPress/5.2.5; https://amazingsportwear.com" "-"
207.46.13.23 - - [13/Dec/2019:11:34:55 +0100] "GET /tienda/97-camiseta-tecnica-dryfresh-cif-t569.html HTTP/1.1" 301 3928 "-" "Mozilla/5.0 (compatible; bingbot/2.0; +http://www.bing.com/bingbot.htm)" "-"
31.221.212.17 - - [13/Dec/2019:11:34:58 +0100] "GET /wp-content/uploads/2017/03/sa-0415_60.jpg HTTP/1.1" 200 97084 "https://www.google.com/" "Mozilla/5.0 (Windows NT 10.0; Win64; x64) AppleWebKit/537.36 (KHTML, like Gecko) Chrome/78.0.3904.108 Safari/537.36" "-"
66.249.64.146 - - [13/Dec/2019:11:41:26 +0100] "GET /wp-content/uploads/2019/04/Gorra-sport-10.png HTTP/1.1" 304 3565 "-" "Googlebot-Image/1.0" "-"
217.76.130.90 - - [13/Dec/2019:11:41:56 +0100] "POST /wp-cron.php?doing_wp_cron=1576233716.7047319412231445312500 HTTP/1.1" 200 3389 "https://amazingsportwear.com/wp-cron.php?doing_wp_cron=1576233716.7047319412231445312500" "WordPress/5.2.5; https://amazingsportwear.com" "-"
207.46.13.23 - - [13/Dec/2019:11:41:55 +0100] "GET /producto/gorra-sport/ HTTP/1.1" 200 102482 "-" "Mozilla/5.0 (compatible; bingbot/2.0; +http://www.bing.com/bingbot.htm)" "-"
40.77.189.163 - - [13/Dec/2019:11:42:34 +0100] "GET /wp-includes/js/wp-emoji-release.min.js?ver=5.2.5 HTTP/1.1" 200 17546 "-" "Mozilla/5.0 (Windows NT 6.1; WOW64) AppleWebKit/534+ (KHTML, like Gecko) BingPreview/1.0b" "-"
40.77.190.59 - - [13/Dec/2019:11:42:38 +0100] "GET /wp-includes/css/dist/block-library/style.min.css?ver=5.2.5 HTTP/1.1" 200 33023 "-" "Mozilla/5.0 (Windows NT 6.1; WOW64) AppleWebKit/534+ (KHTML, like Gecko) BingPreview/1.0b" "-"
40.77.191.40 - - [13/Dec/2019:11:42:40 +0100] "GET /wp-content/plugins/woocommerce/assets/css/photoswipe/photoswipe.css?ver=3.6.4 HTTP/1.1" 200 7835 "-" "Mozilla/5.0 (Windows NT 6.1; WOW64) AppleWebKit/534+ (KHTML, like Gecko) BingPreview/1.0b" "-"
40.77.188.248 - - [13/Dec/2019:11:42:41 +0100] "GET /wp-content/plugins/woocommerce/assets/css/photoswipe/default-skin/default-skin.css?ver=3.6.4 HTTP/1.1" 200 15306 "-" "Mozilla/5.0 (Windows NT 6.1; WOW64) AppleWebKit/534+ (KHTML, like Gecko) BingPreview/1.0b" "-"
40.77.189.41 - - [13/Dec/2019:11:42:42 +0100] "GET /wp-content/themes/shopper/assets/sass/woocommerce/woocommerce.css?ver=5.2.5 HTTP/1.1" 200 86897 "-" "Mozilla/5.0 (Windows NT 6.1; WOW64) AppleWebKit/534+ (KHTML, like Gecko) BingPreview/1.0b" "-"
40.77.189.52 - - [13/Dec/2019:11:42:45 +0100] "GET /wp-includes/js/jquery/jquery.js?ver=1.12.4-wp HTTP/1.1" 200 100725 "-" "Mozilla/5.0 (Windows NT 6.1; WOW64) AppleWebKit/534+ (KHTML, like Gecko) BingPreview/1.0b" "-"
40.77.190.146 - - [13/Dec/2019:11:42:49 +0100] "GET /wp-content/plugins/simple-social-icons/svgxuse.js?ver=1.1.21 HTTP/1.1" 200 12943 "-" "Mozilla/5.0 (Windows NT 6.1; WOW64) AppleWebKit/534+ (KHTML, like Gecko) BingPreview/1.0b" "-"
40.77.188.69 - - [13/Dec/2019:11:42:50 +0100] "GET /wp-includes/js/jquery/jquery.js HTTP/1.1" 200 100725 "-" "Mozilla/5.0 (Windows NT 6.1; WOW64) AppleWebKit/534+ (KHTML, like Gecko) BingPreview/1.0b" "-"
40.77.189.203 - - [13/Dec/2019:11:42:52 +0100] "GET /wp-content/plugins/product-enquiry-for-woocommerce/css/wdm-jquery-ui.css?ver=5.2.5 HTTP/1.1" 200 30364 "-" "Mozilla/5.0 (Windows NT 6.1; WOW64) AppleWebKit/534+ (KHTML, like Gecko) BingPreview/1.0b" "-"
40.77.189.121 - - [13/Dec/2019:11:42:53 +0100] "GET /wp-content/themes/shopper/assets/js/crm.js?ver=1561548510 HTTP/1.1" 200 4237 "-" "Mozilla/5.0 (Windows NT 6.1; WOW64) AppleWebKit/534+ (KHTML, like Gecko) BingPreview/1.0b" "-"
40.77.189.163 - - [13/Dec/2019:11:42:55 +0100] "GET /wp-content/plugins/woocommerce/assets/js/frontend/add-to-cart.min.js?ver=3.6.4 HTTP/1.1" 200 6346 "-" "Mozilla/5.0 (Windows NT 6.1; WOW64) AppleWebKit/534+ (KHTML, like Gecko) BingPreview/1.0b" "-"
