66.102.8.144 - - [25/Nov/2019:09:28:53 +0100] "GET /wp-content/plugins/woocommerce/assets/js/js-cookie/js.cookie.min.js?ver=2.1.4 HTTP/1.1" 200 5550 "https://amazingsportwear.com/" "Mozilla/5.0 (Windows NT 10.0; Win64; x64) AppleWebKit/537.36 (KHTML, like Gecko) Chrome/78.0.3904.70 Safari/537.36" "wpfront-notification-bar-landingpage=1"
66.102.8.144 - - [25/Nov/2019:09:28:53 +0100] "GET /wp-content/uploads/elementor/css/post-16241.css?ver=1562311573 HTTP/1.1" 200 8297 "https://amazingsportwear.com/" "Mozilla/5.0 (Windows NT 10.0; Win64; x64) AppleWebKit/537.36 (KHTML, like Gecko) Chrome/78.0.3904.70 Safari/537.36" "wpfront-notification-bar-landingpage=1"
66.102.8.148 - - [25/Nov/2019:09:28:53 +0100] "GET /wp-content/plugins/smart-slider-3/library/media/smartslider.min.css?1559118093 HTTP/1.1" 200 23322 "https://amazingsportwear.com/" "Mozilla/5.0 (Windows NT 10.0; Win64; x64) AppleWebKit/537.36 (KHTML, like Gecko) Chrome/78.0.3904.70 Safari/537.36" "wpfront-notification-bar-landingpage=1"
66.102.8.148 - - [25/Nov/2019:09:28:53 +0100] "GET /wp-content/plugins/woocommerce/assets/js/frontend/cart-fragments.min.js?ver=3.6.4 HTTP/1.1" 200 6644 "https://amazingsportwear.com/" "Mozilla/5.0 (Windows NT 10.0; Win64; x64) AppleWebKit/537.36 (KHTML, like Gecko) Chrome/78.0.3904.70 Safari/537.36" "wpfront-notification-bar-landingpage=1"
66.102.8.144 - - [25/Nov/2019:09:28:53 +0100] "GET /wp-content/plugins/elementor/assets/lib/eicons/css/elementor-icons.min.css?ver=4.3.0 HTTP/1.1" 200 15213 "https://amazingsportwear.com/" "Mozilla/5.0 (Windows NT 10.0; Win64; x64) AppleWebKit/537.36 (KHTML, like Gecko) Chrome/78.0.3904.70 Safari/537.36" "wpfront-notification-bar-landingpage=1"
66.102.8.148 - - [25/Nov/2019:09:28:53 +0100] "GET /wp-content/plugins/wpfront-notification-bar/js/wpfront-notification-bar.js?ver=1.7.1 HTTP/1.1" 200 9025 "https://amazingsportwear.com/" "Mozilla/5.0 (Windows NT 10.0; Win64; x64) AppleWebKit/537.36 (KHTML, like Gecko) Chrome/78.0.3904.70 Safari/537.36" "wpfront-notification-bar-landingpage=1"
66.102.8.144 - - [25/Nov/2019:09:28:53 +0100] "GET /wp-content/plugins/elementor/assets/css/frontend.min.css?ver=2.5.16 HTTP/1.1" 200 98729 "https://amazingsportwear.com/" "Mozilla/5.0 (Windows NT 10.0; Win64; x64) AppleWebKit/537.36 (KHTML, like Gecko) Chrome/78.0.3904.70 Safari/537.36" "wpfront-notification-bar-landingpage=1"
66.102.8.146 - - [25/Nov/2019:09:28:53 +0100] "GET /wp-includes/js/wp-embed.min.js?ver=5.2.4 HTTP/1.1" 200 1744 "https://amazingsportwear.com/" "Mozilla/5.0 (Windows NT 10.0; Win64; x64) AppleWebKit/537.36 (KHTML, like Gecko) Chrome/78.0.3904.70 Safari/537.36" "wpfront-notification-bar-landingpage=1"
66.102.8.146 - - [25/Nov/2019:09:28:53 +0100] "GET /wp-content/plugins/elementor/assets/lib/slick/slick.min.js?ver=1.8.1 HTTP/1.1" 200 43264 "https://amazingsportwear.com/" "Mozilla/5.0 (Windows NT 10.0; Win64; x64) AppleWebKit/537.36 (KHTML, like Gecko) Chrome/78.0.3904.70 Safari/537.36" "wpfront-notification-bar-landingpage=1"
66.102.8.144 - - [25/Nov/2019:09:28:53 +0100] "GET /wp-content/plugins/elementor/assets/lib/font-awesome/css/font-awesome.min.css?ver=4.7.0 HTTP/1.1" 200 34728 "https://amazingsportwear.com/" "Mozilla/5.0 (Windows NT 10.0; Win64; x64) AppleWebKit/537.36 (KHTML, like Gecko) Chrome/78.0.3904.70 Safari/537.36" "wpfront-notification-bar-landingpage=1"
66.102.8.144 - - [25/Nov/2019:09:28:53 +0100] "GET /wp-content/uploads/elementor/css/global.css?ver=1559638744 HTTP/1.1" 200 8499 "https://amazingsportwear.com/" "Mozilla/5.0 (Windows NT 10.0; Win64; x64) AppleWebKit/537.36 (KHTML, like Gecko) Chrome/78.0.3904.70 Safari/537.36" "wpfront-notification-bar-landingpage=1"
66.102.8.144 - - [25/Nov/2019:09:28:53 +0100] "GET /wp-content/plugins/elementor/assets/js/frontend-modules.min.js?ver=2.5.16 HTTP/1.1" 200 11486 "https://amazingsportwear.com/" "Mozilla/5.0 (Windows NT 10.0; Win64; x64) AppleWebKit/537.36 (KHTML, like Gecko) Chrome/78.0.3904.70 Safari/537.36" "wpfront-notification-bar-landingpage=1"
66.102.8.148 - - [25/Nov/2019:09:28:53 +0100] "GET /wp-content/themes/shopper/assets/sass/woocommerce/woocommerce.css?ver=5.2.4 HTTP/1.1" 200 86897 "https://amazingsportwear.com/" "Mozilla/5.0 (Windows NT 10.0; Win64; x64) AppleWebKit/537.36 (KHTML, like Gecko) Chrome/78.0.3904.70 Safari/537.36" "wpfront-notification-bar-landingpage=1"
66.102.8.146 - - [25/Nov/2019:09:28:53 +0100] "GET /wp-includes/js/jquery/ui/position.min.js?ver=1.11.4 HTTP/1.1" 200 6869 "https://amazingsportwear.com/" "Mozilla/5.0 (Windows NT 10.0; Win64; x64) AppleWebKit/537.36 (KHTML, like Gecko) Chrome/78.0.3904.70 Safari/537.36" "wpfront-notification-bar-landingpage=1"
66.102.8.148 - - [25/Nov/2019:09:28:53 +0100] "GET /wp-content/plugins/elementor/assets/lib/waypoints/waypoints.min.js?ver=4.0.2 HTTP/1.1" 200 12541 "https://amazingsportwear.com/" "Mozilla/5.0 (Windows NT 10.0; Win64; x64) AppleWebKit/537.36 (KHTML, like Gecko) Chrome/78.0.3904.70 Safari/537.36" "wpfront-notification-bar-landingpage=1"
66.102.8.148 - - [25/Nov/2019:09:28:53 +0100] "GET /wp-content/plugins/elementor/assets/lib/dialog/dialog.min.js?ver=4.7.1 HTTP/1.1" 200 10911 "https://amazingsportwear.com/" "Mozilla/5.0 (Windows NT 10.0; Win64; x64) AppleWebKit/537.36 (KHTML, like Gecko) Chrome/78.0.3904.70 Safari/537.36" "wpfront-notification-bar-landingpage=1"
66.102.8.148 - - [25/Nov/2019:09:28:53 +0100] "GET /wp-includes/js/jquery/jquery.js?ver=1.12.4-wp HTTP/1.1" 200 100725 "https://amazingsportwear.com/" "Mozilla/5.0 (Windows NT 10.0; Win64; x64) AppleWebKit/537.36 (KHTML, like Gecko) Chrome/78.0.3904.70 Safari/537.36" "wpfront-notification-bar-landingpage=1"
66.102.8.146 - - [25/Nov/2019:09:28:53 +0100] "GET /wp-content/plugins/elementor/assets/js/frontend.min.js?ver=2.5.16 HTTP/1.1" 200 41341 "https://amazingsportwear.com/" "Mozilla/5.0 (Windows NT 10.0; Win64; x64) AppleWebKit/537.36 (KHTML, like Gecko) Chrome/78.0.3904.70 Safari/537.36" "wpfront-notification-bar-landingpage=1"
66.102.8.146 - - [25/Nov/2019:09:28:53 +0100] "GET /wp-includes/js/jquery/ui/core.min.js?ver=1.11.4 HTTP/1.1" 200 4341 "https://amazingsportwear.com/" "Mozilla/5.0 (Windows NT 10.0; Win64; x64) AppleWebKit/537.36 (KHTML, like Gecko) Chrome/78.0.3904.70 Safari/537.36" "wpfront-notification-bar-landingpage=1"
66.102.8.148 - - [25/Nov/2019:09:28:53 +0100] "GET /wp-content/plugins/si-contact-form/includes/fscf-scripts.js?ver=179 HTTP/1.1" 200 1033 "https://amazingsportwear.com/" "Mozilla/5.0 (Windows NT 10.0; Win64; x64) AppleWebKit/537.36 (KHTML, like Gecko) Chrome/78.0.3904.70 Safari/537.36" "wpfront-notification-bar-landingpage=1"
66.102.8.144 - - [25/Nov/2019:09:28:53 +0100] "GET /wp-content/uploads/2019/05/cropped-asw-white.png HTTP/1.1" 200 7500 "https://amazingsportwear.com/" "Mozilla/5.0 (Windows NT 10.0; Win64; x64) AppleWebKit/537.36 (KHTML, like Gecko) Chrome/78.0.3904.70 Safari/537.36" "wpfront-notification-bar-landingpage=1"
66.102.8.144 - - [25/Nov/2019:09:28:53 +0100] "GET /wp-content/plugins/smart-slider-3/library/media/dist/smartslider-frontend.min.js?1559118093 HTTP/1.1" 200 130656 "https://amazingsportwear.com/" "Mozilla/5.0 (Windows NT 10.0; Win64; x64) AppleWebKit/537.36 (KHTML, like Gecko) Chrome/78.0.3904.70 Safari/537.36" "wpfront-notification-bar-landingpage=1"
66.102.8.144 - - [25/Nov/2019:09:28:53 +0100] "GET /wp-content/themes/shopper/assets/js/skip-link-focus-fix.js?ver=1.3.8 HTTP/1.1" 200 1023 "https://amazingsportwear.com/" "Mozilla/5.0 (Windows NT 10.0; Win64; x64) AppleWebKit/537.36 (KHTML, like Gecko) Chrome/78.0.3904.70 Safari/537.36" "wpfront-notification-bar-landingpage=1"
66.102.8.144 - - [25/Nov/2019:09:28:53 +0100] "GET /wp-content/uploads/2019/07/gorra-tecnica-300x124.jpg HTTP/1.1" 200 16844 "https://amazingsportwear.com/" "Mozilla/5.0 (Windows NT 10.0; Win64; x64) AppleWebKit/537.36 (KHTML, like Gecko) Chrome/78.0.3904.70 Safari/537.36" "wpfront-notification-bar-landingpage=1"
66.102.8.148 - - [25/Nov/2019:09:28:53 +0100] "GET /wp-content/uploads/2019/07/polo-tecnico-300x124.jpg HTTP/1.1" 200 17539 "https://amazingsportwear.com/" "Mozilla/5.0 (Windows NT 10.0; Win64; x64) AppleWebKit/537.36 (KHTML, like Gecko) Chrome/78.0.3904.70 Safari/537.36" "wpfront-notification-bar-landingpage=1"
66.102.8.148 - - [25/Nov/2019:09:28:53 +0100] "GET /wp-content/uploads/2019/07/cortavientos-300x124.jpg HTTP/1.1" 200 17094 "https://amazingsportwear.com/" "Mozilla/5.0 (Windows NT 10.0; Win64; x64) AppleWebKit/537.36 (KHTML, like Gecko) Chrome/78.0.3904.70 Safari/537.36" "wpfront-notification-bar-landingpage=1"
66.102.8.144 - - [25/Nov/2019:09:28:53 +0100] "GET /wp-content/uploads/2019/07/mochila-saco-300x124.jpg HTTP/1.1" 200 16972 "https://amazingsportwear.com/" "Mozilla/5.0 (Windows NT 10.0; Win64; x64) AppleWebKit/537.36 (KHTML, like Gecko) Chrome/78.0.3904.70 Safari/537.36" "wpfront-notification-bar-landingpage=1"
66.102.8.148 - - [25/Nov/2019:09:28:53 +0100] "GET /wp-content/uploads/2019/07/camiseta-tecnica-unisex-300x124.jpg HTTP/1.1" 200 17090 "https://amazingsportwear.com/" "Mozilla/5.0 (Windows NT 10.0; Win64; x64) AppleWebKit/537.36 (KHTML, like Gecko) Chrome/78.0.3904.70 Safari/537.36" "wpfront-notification-bar-landingpage=1"
66.102.8.146 - - [25/Nov/2019:09:28:53 +0100] "GET /wp-content/uploads/2019/07/camiseta-tecnica-mujer-300x124.jpg HTTP/1.1" 200 17320 "https://amazingsportwear.com/" "Mozilla/5.0 (Windows NT 10.0; Win64; x64) AppleWebKit/537.36 (KHTML, like Gecko) Chrome/78.0.3904.70 Safari/537.36" "wpfront-notification-bar-landingpage=1"
66.102.8.148 - - [25/Nov/2019:09:28:53 +0100] "GET /wp-content/uploads/2019/07/zapatillero-300x124.jpg HTTP/1.1" 200 16599 "https://amazingsportwear.com/" "Mozilla/5.0 (Windows NT 10.0; Win64; x64) AppleWebKit/537.36 (KHTML, like Gecko) Chrome/78.0.3904.70 Safari/537.36" "wpfront-notification-bar-landingpage=1"
66.102.8.148 - - [25/Nov/2019:09:28:53 +0100] "GET /wp-content/uploads/2019/07/carpa-1024x771.jpg HTTP/1.1" 200 89325 "https://amazingsportwear.com/" "Mozilla/5.0 (Windows NT 10.0; Win64; x64) AppleWebKit/537.36 (KHTML, like Gecko) Chrome/78.0.3904.70 Safari/537.36" "wpfront-notification-bar-landingpage=1"
66.102.8.144 - - [25/Nov/2019:09:28:53 +0100] "GET /wp-content/uploads/2019/04/bidon-match-4-300x300.png HTTP/1.1" 200 71820 "https://amazingsportwear.com/" "Mozilla/5.0 (Windows NT 10.0; Win64; x64) AppleWebKit/537.36 (KHTML, like Gecko) Chrome/78.0.3904.70 Safari/537.36" "wpfront-notification-bar-landingpage=1"
66.102.8.144 - - [25/Nov/2019:09:28:53 +0100] "GET /wp-content/uploads/2019/04/mochila-decath-5-300x300.png HTTP/1.1" 200 64031 "https://amazingsportwear.com/" "Mozilla/5.0 (Windows NT 10.0; Win64; x64) AppleWebKit/537.36 (KHTML, like Gecko) Chrome/78.0.3904.70 Safari/537.36" "wpfront-notification-bar-landingpage=1"
66.102.8.148 - - [25/Nov/2019:09:28:53 +0100] "GET /wp-content/uploads/2019/04/Llavero-triumph-1-300x300.png HTTP/1.1" 200 12855 "https://amazingsportwear.com/" "Mozilla/5.0 (Windows NT 10.0; Win64; x64) AppleWebKit/537.36 (KHTML, like Gecko) Chrome/78.0.3904.70 Safari/537.36" "wpfront-notification-bar-landingpage=1"
66.102.8.148 - - [25/Nov/2019:09:28:53 +0100] "GET /wp-content/uploads/2019/04/toalla-absorvente-gymnasio-7-300x300.png HTTP/1.1" 200 78664 "https://amazingsportwear.com/" "Mozilla/5.0 (Windows NT 10.0; Win64; x64) AppleWebKit/537.36 (KHTML, like Gecko) Chrome/78.0.3904.70 Safari/537.36" "wpfront-notification-bar-landingpage=1"
66.102.8.148 - - [25/Nov/2019:09:28:53 +0100] "GET /wp-content/uploads/2019/04/bolsa-deporte-young-1-300x300.png HTTP/1.1" 200 77335 "https://amazingsportwear.com/" "Mozilla/5.0 (Windows NT 10.0; Win64; x64) AppleWebKit/537.36 (KHTML, like Gecko) Chrome/78.0.3904.70 Safari/537.36" "wpfront-notification-bar-landingpage=1"
66.102.8.144 - - [25/Nov/2019:09:28:53 +0100] "GET /wp-content/uploads/2018/06/sa-6502-naranja-300x300.jpg HTTP/1.1" 200 42656 "https://amazingsportwear.com/" "Mozilla/5.0 (Windows NT 10.0; Win64; x64) AppleWebKit/537.36 (KHTML, like Gecko) Chrome/78.0.3904.70 Safari/537.36" "wpfront-notification-bar-landingpage=1"
66.102.8.144 - - [25/Nov/2019:09:28:53 +0100] "GET /wp-content/uploads/2019/04/Gorra-sport-12-300x300.png HTTP/1.1" 200 49394 "https://amazingsportwear.com/" "Mozilla/5.0 (Windows NT 10.0; Win64; x64) AppleWebKit/537.36 (KHTML, like Gecko) Chrome/78.0.3904.70 Safari/537.36" "wpfront-notification-bar-landingpage=1"
66.102.8.144 - - [25/Nov/2019:09:28:53 +0100] "GET /wp-content/themes/shopper/assets/js/woocommerce/header-cart.min.js?ver=1.3.8 HTTP/1.1" 200 4335 "https://amazingsportwear.com/" "Mozilla/5.0 (Windows NT 10.0; Win64; x64) AppleWebKit/537.36 (KHTML, like Gecko) Chrome/78.0.3904.70 Safari/537.36" "wpfront-notification-bar-landingpage=1"
66.102.8.144 - - [25/Nov/2019:09:28:53 +0100] "GET /wp-content/uploads/2019/07/slider1.jpg HTTP/1.1" 200 244573 "https://amazingsportwear.com/" "Mozilla/5.0 (Windows NT 10.0; Win64; x64) AppleWebKit/537.36 (KHTML, like Gecko) Chrome/78.0.3904.70 Safari/537.36" "wpfront-notification-bar-landingpage=1"
66.102.8.148 - - [25/Nov/2019:09:28:53 +0100] "GET /wp-content/uploads/2018/05/cp-lycra-2.jpg HTTP/1.1" 200 13775 "https://amazingsportwear.com/" "Mozilla/5.0 (Windows NT 10.0; Win64; x64) AppleWebKit/537.36 (KHTML, like Gecko) Chrome/78.0.3904.70 Safari/537.36" "wpfront-notification-bar-landingpage=1"
66.102.8.144 - - [25/Nov/2019:09:28:53 +0100] "GET /wp-content/uploads/2018/05/cat-3164-amarillo-300x300.png HTTP/1.1" 200 72410 "https://amazingsportwear.com/" "Mozilla/5.0 (Windows NT 10.0; Win64; x64) AppleWebKit/537.36 (KHTML, like Gecko) Chrome/78.0.3904.70 Safari/537.36" "wpfront-notification-bar-landingpage=1"
66.102.8.146 - - [25/Nov/2019:09:28:53 +0100] "GET /wp-content/plugins/elementor/assets/lib/swiper/swiper.min.js?ver=4.4.6 HTTP/1.1" 200 126126 "https://amazingsportwear.com/" "Mozilla/5.0 (Windows NT 10.0; Win64; x64) AppleWebKit/537.36 (KHTML, like Gecko) Chrome/78.0.3904.70 Safari/537.36" "wpfront-notification-bar-landingpage=1"
66.102.8.144 - - [25/Nov/2019:09:28:53 +0100] "GET /wp-content/uploads/2017/03/sa-0415_60-300x300.jpg HTTP/1.1" 200 15272 "https://amazingsportwear.com/" "Mozilla/5.0 (Windows NT 10.0; Win64; x64) AppleWebKit/537.36 (KHTML, like Gecko) Chrome/78.0.3904.70 Safari/537.36" "wpfront-notification-bar-landingpage=1"
66.102.8.148 - - [25/Nov/2019:09:28:53 +0100] "GET /wp-content/uploads/2019/06/amistad3-300x300.jpg HTTP/1.1" 200 12744 "https://amazingsportwear.com/" "Mozilla/5.0 (Windows NT 10.0; Win64; x64) AppleWebKit/537.36 (KHTML, like Gecko) Chrome/78.0.3904.70 Safari/537.36" "wpfront-notification-bar-landingpage=1"
66.102.8.148 - - [25/Nov/2019:09:28:53 +0100] "GET /wp-content/uploads/2019/06/compartir-300x300.jpg HTTP/1.1" 200 10140 "https://amazingsportwear.com/" "Mozilla/5.0 (Windows NT 10.0; Win64; x64) AppleWebKit/537.36 (KHTML, like Gecko) Chrome/78.0.3904.70 Safari/537.36" "wpfront-notification-bar-landingpage=1"
66.102.8.148 - - [25/Nov/2019:09:28:53 +0100] "GET /wp-content/uploads/2019/05/asw-white-300x126.png HTTP/1.1" 200 12061 "https://amazingsportwear.com/" "Mozilla/5.0 (Windows NT 10.0; Win64; x64) AppleWebKit/537.36 (KHTML, like Gecko) Chrome/78.0.3904.70 Safari/537.36" "wpfront-notification-bar-landingpage=1"
66.102.8.144 - - [25/Nov/2019:09:28:53 +0100] "GET /wp-content/uploads/2019/07/slider2.jpg HTTP/1.1" 200 250219 "https://amazingsportwear.com/" "Mozilla/5.0 (Windows NT 10.0; Win64; x64) AppleWebKit/537.36 (KHTML, like Gecko) Chrome/78.0.3904.70 Safari/537.36" "wpfront-notification-bar-landingpage=1"
66.102.8.146 - - [25/Nov/2019:09:28:53 +0100] "GET /wp-includes/js/wp-emoji-release.min.js?ver=5.2.4 HTTP/1.1" 200 17546 "https://amazingsportwear.com/" "Mozilla/5.0 (Windows NT 10.0; Win64; x64) AppleWebKit/537.36 (KHTML, like Gecko) Chrome/78.0.3904.70 Safari/537.36" "wpfront-notification-bar-landingpage=1"
66.102.8.144 - - [25/Nov/2019:09:28:53 +0100] "GET /wp-content/uploads/2019/07/slider4.jpg HTTP/1.1" 200 369750 "https://amazingsportwear.com/" "Mozilla/5.0 (Windows NT 10.0; Win64; x64) AppleWebKit/537.36 (KHTML, like Gecko) Chrome/78.0.3904.70 Safari/537.36" "wpfront-notification-bar-landingpage=1"
66.102.8.146 - - [25/Nov/2019:09:28:53 +0100] "GET /wp-content/uploads/2019/07/buff-bandana-300x123.jpg HTTP/1.1" 200 19222 "https://amazingsportwear.com/" "Mozilla/5.0 (Windows NT 10.0; Win64; x64) AppleWebKit/537.36 (KHTML, like Gecko) Chrome/78.0.3904.70 Safari/537.36" "wpfront-notification-bar-landingpage=1"
66.102.8.146 - - [25/Nov/2019:09:28:53 +0100] "GET /wp-content/uploads/2019/07/toalla-300x124.jpg HTTP/1.1" 200 20320 "https://amazingsportwear.com/" "Mozilla/5.0 (Windows NT 10.0; Win64; x64) AppleWebKit/537.36 (KHTML, like Gecko) Chrome/78.0.3904.70 Safari/537.36" "wpfront-notification-bar-landingpage=1"
66.102.8.148 - - [25/Nov/2019:09:28:54 +0100] "GET /wp-content/uploads/2018/05/cif-g221-2-300x300.jpg HTTP/1.1" 200 11657 "https://amazingsportwear.com/" "Mozilla/5.0 (Windows NT 10.0; Win64; x64) AppleWebKit/537.36 (KHTML, like Gecko) Chrome/78.0.3904.70 Safari/537.36" "wpfront-notification-bar-landingpage=1"
66.102.8.144 - - [25/Nov/2019:09:28:53 +0100] "GET /wp-content/uploads/2019/07/slider3.jpg HTTP/1.1" 200 276981 "https://amazingsportwear.com/" "Mozilla/5.0 (Windows NT 10.0; Win64; x64) AppleWebKit/537.36 (KHTML, like Gecko) Chrome/78.0.3904.70 Safari/537.36" "wpfront-notification-bar-landingpage=1"
66.102.8.148 - - [25/Nov/2019:09:28:53 +0100] "GET /wp-content/uploads/2019/04/SA-6684-1-300x300.png HTTP/1.1" 200 98171 "https://amazingsportwear.com/" "Mozilla/5.0 (Windows NT 10.0; Win64; x64) AppleWebKit/537.36 (KHTML, like Gecko) Chrome/78.0.3904.70 Safari/537.36" "wpfront-notification-bar-landingpage=1"
66.102.8.144 - - [25/Nov/2019:09:28:54 +0100] "GET /wp-content/plugins/cookie-law-info/public/css/cookie-law-info-public.css?ver=1.7.6 HTTP/1.1" 200 6598 "https://amazingsportwear.com/" "Mozilla/5.0 (Windows NT 10.0; Win64; x64) AppleWebKit/537.36 (KHTML, like Gecko) Chrome/78.0.3904.70 Safari/537.36" "wpfront-notification-bar-landingpage=1"
66.102.8.146 - - [25/Nov/2019:09:28:54 +0100] "GET /wp-content/plugins/wpfront-notification-bar/images/arrow_down.png HTTP/1.1" 200 2562 "https://amazingsportwear.com/wp-content/plugins/wpfront-notification-bar/css/wpfront-notification-bar.css?ver=1.7.1" "Mozilla/5.0 (Windows NT 10.0; Win64; x64) AppleWebKit/537.36 (KHTML, like Gecko) Chrome/78.0.3904.70 Safari/537.36" "wpfront-notification-bar-landingpage=1"
66.102.8.144 - - [25/Nov/2019:09:28:54 +0100] "GET /wp-content/plugins/simple-social-icons/symbol-defs.svg HTTP/1.1" 200 19699 "https://amazingsportwear.com/" "Mozilla/5.0 (Windows NT 10.0; Win64; x64) AppleWebKit/537.36 (KHTML, like Gecko) Chrome/78.0.3904.70 Safari/537.36" "wpfront-notification-bar-landingpage=1"
66.102.8.146 - - [25/Nov/2019:09:28:54 +0100] "GET /wp-content/plugins/elementor/assets/lib/font-awesome/fonts/fontawesome-webfont.woff2?v=4.7.0 HTTP/1.1" 200 77615 "https://amazingsportwear.com/wp-content/plugins/elementor/assets/lib/font-awesome/css/font-awesome.min.css?ver=4.7.0" "Mozilla/5.0 (Windows NT 10.0; Win64; x64) AppleWebKit/537.36 (KHTML, like Gecko) Chrome/78.0.3904.70 Safari/537.36" "wpfront-notification-bar-landingpage=1"
66.102.8.146 - - [25/Nov/2019:09:28:55 +0100] "GET /wp-content/plugins/elementor/assets/css/frontend-msie.min.css?2.5.16 HTTP/1.1" 200 8711 "https://amazingsportwear.com/" "Mozilla/5.0 (Windows NT 10.0; Win64; x64) AppleWebKit/537.36 (KHTML, like Gecko) Chrome/78.0.3904.70 Safari/537.36" "wpfront-notification-bar-landingpage=1"
66.102.8.144 - - [25/Nov/2019:09:28:55 +0100] "POST /?wc-ajax=get_refreshed_fragments HTTP/1.1" 200 1345 "https://amazingsportwear.com/" "Mozilla/5.0 (Windows NT 10.0; Win64; x64) AppleWebKit/537.36 (KHTML, like Gecko) Chrome/78.0.3904.70 Safari/537.36" "wpfront-notification-bar-landingpage=1"
66.102.8.144 - - [25/Nov/2019:09:28:56 +0100] "GET /wp-content/themes/shopper/assets/fonts/fontawesome-webfont.woff2?v=4.7.0 HTTP/1.1" 200 77615 "https://amazingsportwear.com/wp-content/themes/shopper/style.css?ver=1.3.8" "Mozilla/5.0 (Windows NT 10.0; Win64; x64) AppleWebKit/537.36 (KHTML, like Gecko) Chrome/78.0.3904.70 Safari/537.36" "wpfront-notification-bar-landingpage=1"
213.99.50.83 - - [25/Nov/2019:09:46:27 +0100] "GET /wp-content/uploads/2017/03/aq-power-azul-600x619.jpg HTTP/1.1" 200 44946 "https://www.google.com/" "Mozilla/5.0 (Windows NT 10.0; Win64; x64) AppleWebKit/537.36 (KHTML, like Gecko) Chrome/78.0.3904.108 Safari/537.36" "-"
213.99.50.83 - - [25/Nov/2019:09:46:39 +0100] "GET /wp-content/uploads/2019/03/AQ-EPIC-2.png HTTP/1.1" 200 115823 "https://www.google.com/" "Mozilla/5.0 (Windows NT 10.0; Win64; x64) AppleWebKit/537.36 (KHTML, like Gecko) Chrome/78.0.3904.108 Safari/537.36" "-"
217.76.130.90 - - [25/Nov/2019:09:52:20 +0100] "POST /wp-cron.php?doing_wp_cron=1574671940.7293429374694824218750 HTTP/1.1" 200 164 "http://amazingsportwear.com/wp-cron.php?doing_wp_cron=1574671940.7293429374694824218750" "WordPress/5.2.4; https://amazingsportwear.com" "-"
13.66.139.0 - - [25/Nov/2019:09:52:16 +0100] "GET /tienda/120-camiseta-tecnica-manga-larga-maik-cat-4726.html HTTP/1.1" 404 68102 "-" "Mozilla/5.0 (compatible; bingbot/2.0; +http://www.bing.com/bingbot.htm)" "-"
217.76.130.90 - - [25/Nov/2019:09:52:21 +0100] "POST /wp-admin/admin-ajax.php?action=wp_1_wc_privacy_cleanup&nonce=9d3a4fdab4 HTTP/1.1" 200 3711 "https://amazingsportwear.com/wp-admin/admin-ajax.php?action=wp_1_wc_privacy_cleanup&nonce=9d3a4fdab4" "WordPress/5.2.4; https://amazingsportwear.com" "-"
200.68.136.160 - - [25/Nov/2019:10:03:33 +0100] "GET /wp-content/uploads/2019/04/gorra-dowan-2.png HTTP/1.1" 200 88550 "https://www.google.com/" "Mozilla/5.0 (Windows NT 6.1; Win64; x64) AppleWebKit/537.36 (KHTML, like Gecko) Chrome/78.0.3904.108 Safari/537.36" "-"
200.68.136.160 - - [25/Nov/2019:10:04:47 +0100] "GET /wp-content/uploads/2019/04/gorra-five-3.png HTTP/1.1" 200 81382 "https://www.google.com/" "Mozilla/5.0 (Windows NT 6.1; Win64; x64) AppleWebKit/537.36 (KHTML, like Gecko) Chrome/78.0.3904.108 Safari/537.36" "-"
200.68.136.160 - - [25/Nov/2019:10:09:43 +0100] "GET /wp-content/uploads/2019/04/gorra-kisse-9.png HTTP/1.1" 200 88804 "https://www.google.com/" "Mozilla/5.0 (Windows NT 6.1; Win64; x64) AppleWebKit/537.36 (KHTML, like Gecko) Chrome/78.0.3904.108 Safari/537.36" "-"
217.76.130.90 - - [25/Nov/2019:10:42:00 +0100] "POST /wp-cron.php?doing_wp_cron=1574674920.7786540985107421875000 HTTP/1.1" 200 3389 "https://amazingsportwear.com/wp-cron.php?doing_wp_cron=1574674920.7786540985107421875000" "WordPress/5.2.4; https://amazingsportwear.com" "-"
66.249.66.66 - - [25/Nov/2019:10:41:57 +0100] "GET /etiqueta-producto/rinonera-movil/ HTTP/1.1" 200 53677 "-" "Mozilla/5.0 (compatible; Googlebot/2.1; +http://www.google.com/bot.html)" "-"
217.76.130.90 - - [25/Nov/2019:10:49:35 +0100] "POST /wp-cron.php?doing_wp_cron=1574675375.4114370346069335937500 HTTP/1.1" 200 164 "http://amazingsportwear.com/wp-cron.php?doing_wp_cron=1574675375.4114370346069335937500" "WordPress/5.2.4; https://amazingsportwear.com" "-"
104.222.33.58 - - [25/Nov/2019:10:49:33 +0100] "GET / HTTP/1.1" 301 336 "-" "Mozilla/5.0 (Windows NT 6.1; WOW64; rv:27.0) Gecko/20100101 Firefox/27.0" "-"
217.76.130.90 - - [25/Nov/2019:10:54:58 +0100] "POST /wp-cron.php?doing_wp_cron=1574675698.0057699680328369140625 HTTP/1.1" 200 164 "http://amazingsportwear.com/wp-cron.php?doing_wp_cron=1574675698.0057699680328369140625" "WordPress/5.2.4; https://amazingsportwear.com" "-"
4.53.111.69 - - [25/Nov/2019:10:54:57 +0100] "GET / HTTP/1.1" 301 298 "-" "Mozilla/5.0 (Windows NT 6.1; WOW64; Trident/7.0; rv:11.0) like Gecko" "-"
4.53.111.66 - - [25/Nov/2019:10:54:59 +0100] "GET / HTTP/1.1" 200 125732 "-" "Mozilla/5.0 (Windows NT 6.1; WOW64; Trident/7.0; rv:11.0) like Gecko" "wpfront-notification-bar-landingpage=1"
217.76.130.90 - - [25/Nov/2019:10:55:06 +0100] "POST /wp-cron.php?doing_wp_cron=1574675706.5644149780273437500000 HTTP/1.1" 200 3389 "https://amazingsportwear.com/wp-cron.php?doing_wp_cron=1574675706.5644149780273437500000" "WordPress/5.2.4; https://amazingsportwear.com" "-"
4.53.111.64 - - [25/Nov/2019:10:55:05 +0100] "POST / HTTP/1.1" 200 126279 "-" "Mozilla/5.0 (Windows NT 6.1; WOW64; Trident/7.0; rv:11.0) like Gecko" "wpfront-notification-bar-landingpage=1"
104.222.43.139 - - [25/Nov/2019:10:55:59 +0100] "GET / HTTP/1.1" 301 336 "-" "Mozilla/5.0 (Windows NT 6.1; WOW64; rv:27.0) Gecko/20100101 Firefox/27.0" "-"
191.102.196.60 - - [25/Nov/2019:11:16:15 +0100] "GET /wp-content/uploads/2019/04/Gorra-sport-10.png HTTP/1.1" 200 60426 "https://www.google.com/" "Mozilla/5.0 (Windows NT 10.0; Win64; x64) AppleWebKit/537.36 (KHTML, like Gecko) Chrome/78.0.3904.108 Safari/537.36" "-"
66.249.66.68 - - [25/Nov/2019:11:17:50 +0100] "GET /wp-content/uploads/2018/05/PF-11811001-1-300x300.jpg HTTP/1.1" 304 3565 "-" "Googlebot-Image/1.0" "-"
217.76.130.90 - - [25/Nov/2019:11:20:35 +0100] "POST /wp-cron.php?doing_wp_cron=1574677235.9550149440765380859375 HTTP/1.1" 200 164 "http://amazingsportwear.com/wp-cron.php?doing_wp_cron=1574677235.9550149440765380859375" "WordPress/5.2.4; https://amazingsportwear.com" "-"
93.124.126.225 - - [25/Nov/2019:11:20:32 +0100] "GET / HTTP/1.0" 301 265 "http://amazingsportwear.com/" "Mozilla/5.0 (Windows NT 6.1; Win64; x64) AppleWebKit/537.36 (KHTML, like Gecko) Chrome/66.0.3359.181 Safari/537.36" "-"
93.124.126.225 - - [25/Nov/2019:11:20:36 +0100] "GET / HTTP/1.0" 200 124665 "https://amazingsportwear.com/" "Mozilla/5.0 (Windows NT 6.1; Win64; x64) AppleWebKit/537.36 (KHTML, like Gecko) Chrome/66.0.3359.181 Safari/537.36" "wpfront-notification-bar-landingpage=1"
93.124.126.225 - - [25/Nov/2019:11:20:38 +0100] "POST / HTTP/1.0" 200 125065 "https://amazingsportwear.com/" "Mozilla/5.0 (Windows NT 6.1; Win64; x64) AppleWebKit/537.36 (KHTML, like Gecko) Chrome/66.0.3359.181 Safari/537.36" "wpfront-notification-bar-landingpage=1"
93.124.126.225 - - [25/Nov/2019:11:20:41 +0100] "GET /wp-login.php HTTP/1.0" 200 7877 "https://amazingsportwear.com/wp-login.php" "Mozilla/5.0 (Windows NT 6.1; Win64; x64) AppleWebKit/537.36 (KHTML, like Gecko) Chrome/66.0.3359.181 Safari/537.36" "wpfront-notification-bar-landingpage=1"
93.124.126.225 - - [25/Nov/2019:11:20:42 +0100] "POST /wp-login.php HTTP/1.0" 200 8847 "https://amazingsportwear.com/wp-login.php" "Mozilla/5.0 (Windows NT 6.1; Win64; x64) AppleWebKit/537.36 (KHTML, like Gecko) Chrome/66.0.3359.181 Safari/537.36" "wpfront-notification-bar-landingpage=1; wordpress_test_cookie=WP+Cookie+check"
93.124.126.225 - - [25/Nov/2019:11:20:43 +0100] "GET / HTTP/1.0" 301 213 "http://amazingsportwear.com/" "Mozilla/5.0 (Windows NT 6.1; Win64; x64) AppleWebKit/537.36 (KHTML, like Gecko) Chrome/66.0.3359.181 Safari/537.36" "wpfront-notification-bar-landingpage=1; wordpress_test_cookie=WP+Cookie+check"
93.124.126.225 - - [25/Nov/2019:11:20:47 +0100] "GET /contacta-con-nosotros/ HTTP/1.0" 200 61692 "https://amazingsportwear.com/contacta-con-nosotros/" "Mozilla/5.0 (Windows NT 6.1; Win64; x64) AppleWebKit/537.36 (KHTML, like Gecko) Chrome/66.0.3359.181 Safari/537.36" "wpfront-notification-bar-landingpage=1; wordpress_test_cookie=WP+Cookie+check"
93.124.126.225 - - [25/Nov/2019:11:20:49 +0100] "POST /contacta-con-nosotros/ HTTP/1.0" 200 63466 "https://amazingsportwear.com/contacta-con-nosotros/" "Mozilla/5.0 (Windows NT 6.1; Win64; x64) AppleWebKit/537.36 (KHTML, like Gecko) Chrome/66.0.3359.181 Safari/537.36" "wpfront-notification-bar-landingpage=1; wordpress_test_cookie=WP+Cookie+check"
93.124.126.225 - - [25/Nov/2019:11:20:50 +0100] "GET /contacta-con-nosotros/ HTTP/1.0" 200 61717 "https://amazingsportwear.com/contacta-con-nosotros/" "Mozilla/5.0 (Windows NT 6.1; Win64; x64) AppleWebKit/537.36 (KHTML, like Gecko) Chrome/66.0.3359.181 Safari/537.36" "wpfront-notification-bar-landingpage=1; wordpress_test_cookie=WP+Cookie+check"
93.124.126.225 - - [25/Nov/2019:11:20:52 +0100] "GET /contacta-con-nosotros/ HTTP/1.0" 200 61692 "https://amazingsportwear.com/contacta-con-nosotros/" "Mozilla/5.0 (Windows NT 6.1; Win64; x64) AppleWebKit/537.36 (KHTML, like Gecko) Chrome/66.0.3359.181 Safari/537.36" "wpfront-notification-bar-landingpage=1; wordpress_test_cookie=WP+Cookie+check"
88.12.7.1 - - [25/Nov/2019:11:38:23 +0100] "GET /wp-content/uploads/2019/04/Gorra-sport-10.png HTTP/1.1" 200 60231 "https://www.google.es/" "Mozilla/5.0 (Macintosh; Intel Mac OS X 10_15) AppleWebKit/605.1.15 (KHTML, like Gecko) Version/13.0.3 Safari/605.1.15" "-"
217.76.130.90 - - [25/Nov/2019:11:40:01 +0100] "POST /wp-cron.php?doing_wp_cron=1574678401.4792630672454833984375 HTTP/1.1" 200 3389 "https://amazingsportwear.com/wp-cron.php?doing_wp_cron=1574678401.4792630672454833984375" "WordPress/5.2.4; https://amazingsportwear.com" "-"
66.249.66.66 - - [25/Nov/2019:11:39:57 +0100] "GET /finalizar-compra/ HTTP/1.1" 302 3859 "-" "Mozilla/5.0 (compatible; Googlebot/2.1; +http://www.google.com/bot.html)" "-"
217.76.130.90 - - [25/Nov/2019:11:40:04 +0100] "POST /wp-cron.php?doing_wp_cron=1574678404.4830920696258544921875 HTTP/1.1" 200 3389 "https://amazingsportwear.com/wp-cron.php?doing_wp_cron=1574678404.4830920696258544921875" "WordPress/5.2.4; https://amazingsportwear.com" "-"
66.249.66.68 - - [25/Nov/2019:11:40:03 +0100] "GET /carrito/ HTTP/1.1" 200 91728 "-" "Mozilla/5.0 (compatible; Googlebot/2.1; +http://www.google.com/bot.html)" "-"
217.76.130.90 - - [25/Nov/2019:11:51:25 +0100] "POST /wp-cron.php?doing_wp_cron=1574679085.4824559688568115234375 HTTP/1.1" 200 3389 "https://amazingsportwear.com/wp-cron.php?doing_wp_cron=1574679085.4824559688568115234375" "WordPress/5.2.4; https://amazingsportwear.com" "-"
40.77.167.222 - - [25/Nov/2019:11:51:18 +0100] "GET /producto/sudadera-capucha/ HTTP/1.1" 200 101449 "-" "Mozilla/5.0 (compatible; bingbot/2.0; +http://www.bing.com/bingbot.htm)" "-"
217.76.130.90 - - [25/Nov/2019:11:54:28 +0100] "POST /wp-cron.php?doing_wp_cron=1574679268.0905361175537109375000 HTTP/1.1" 200 3389 "https://amazingsportwear.com/wp-cron.php?doing_wp_cron=1574679268.0905361175537109375000" "WordPress/5.2.4; https://amazingsportwear.com" "-"
157.55.39.95 - - [25/Nov/2019:11:54:27 +0100] "GET /ofertas/189-maillot-manga-corta.html HTTP/1.1" 404 72297 "-" "Mozilla/5.0 (compatible; bingbot/2.0; +http://www.bing.com/bingbot.htm)" "-"
217.76.130.90 - - [25/Nov/2019:12:00:20 +0100] "POST /wp-cron.php?doing_wp_cron=1574679620.8723700046539306640625 HTTP/1.1" 200 164 "http://amazingsportwear.com/wp-cron.php?doing_wp_cron=1574679620.8723700046539306640625" "WordPress/5.2.4; https://amazingsportwear.com" "-"
145.239.209.12 - - [25/Nov/2019:12:00:10 +0100] "GET / HTTP/1.1" 301 279 "http://search.aol.com/aol/search?q=amazingsportwear.es&v_t=keyword_rollover&s_cs=-4851822306737969872&s_it=botm_grelsearch" "Mozilla/5.0 (Windows NT 6.1; WOW64) AppleWebKit/537.36 (KHTML, like Gecko) Chrome/35.0.1916.153 Safari/537.36" "-"
145.239.209.12 - - [25/Nov/2019:12:00:21 +0100] "GET / HTTP/1.1" 200 125550 "http://search.aol.com/aol/search?q=amazingsportwear.es&v_t=keyword_rollover&s_cs=-4851822306737969872&s_it=botm_grelsearch" "Mozilla/5.0 (Windows NT 6.1; WOW64) AppleWebKit/537.36 (KHTML, like Gecko) Chrome/35.0.1916.153 Safari/537.36" "-"
217.76.130.90 - - [25/Nov/2019:12:04:06 +0100] "POST /wp-cron.php?doing_wp_cron=1574679846.5519831180572509765625 HTTP/1.1" 200 3389 "https://amazingsportwear.com/wp-cron.php?doing_wp_cron=1574679846.5519831180572509765625" "WordPress/5.2.4; https://amazingsportwear.com" "-"
31.13.127.21 - - [25/Nov/2019:12:04:06 +0100] "GET / HTTP/1.1" 200 125555 "-" "facebookexternalhit/1.1 (+http://www.facebook.com/externalhit_uatext.php)" "-"
31.13.127.24 - - [25/Nov/2019:12:04:05 +0100] "GET / HTTP/1.1" 200 125570 "-" "facebookexternalhit/1.1 (+http://www.facebook.com/externalhit_uatext.php)" "-"
31.13.127.22 - - [25/Nov/2019:12:04:05 +0100] "GET / HTTP/1.1" 200 125550 "-" "facebookexternalhit/1.1 (+http://www.facebook.com/externalhit_uatext.php)" "-"
31.13.127.6 - - [25/Nov/2019:12:04:09 +0100] "GET /contacta-con-nosotros HTTP/1.1" 301 319 "-" "facebookexternalhit/1.1 (+http://www.facebook.com/externalhit_uatext.php)" "-"
31.13.127.13 - - [25/Nov/2019:12:04:09 +0100] "GET /contacta-con-nosotros HTTP/1.1" 301 319 "-" "facebookexternalhit/1.1 (+http://www.facebook.com/externalhit_uatext.php)" "-"
31.13.127.6 - - [25/Nov/2019:12:04:09 +0100] "GET /contacta-con-nosotros HTTP/1.1" 301 319 "-" "facebookexternalhit/1.1 (+http://www.facebook.com/externalhit_uatext.php)" "-"
31.13.127.13 - - [25/Nov/2019:12:04:10 +0100] "GET /contacta-con-nosotros/ HTTP/1.1" 200 58224 "-" "facebookexternalhit/1.1 (+http://www.facebook.com/externalhit_uatext.php)" "-"
31.13.127.6 - - [25/Nov/2019:12:04:10 +0100] "GET /contacta-con-nosotros/ HTTP/1.1" 200 58184 "-" "facebookexternalhit/1.1 (+http://www.facebook.com/externalhit_uatext.php)" "-"
31.13.127.6 - - [25/Nov/2019:12:04:10 +0100] "GET /contacta-con-nosotros/ HTTP/1.1" 200 58189 "-" "facebookexternalhit/1.1 (+http://www.facebook.com/externalhit_uatext.php)" "-"
217.76.130.90 - - [25/Nov/2019:12:10:00 +0100] "POST /wp-cron.php?doing_wp_cron=1574680200.4924459457397460937500 HTTP/1.1" 200 3389 "https://amazingsportwear.com/wp-cron.php?doing_wp_cron=1574680200.4924459457397460937500" "WordPress/5.2.4; https://amazingsportwear.com" "-"
66.249.66.70 - - [25/Nov/2019:12:09:58 +0100] "GET /producto/gorra-dowan/ HTTP/1.1" 200 94666 "-" "Mozilla/5.0 (Linux; Android 6.0.1; Nexus 5X Build/MMB29P) AppleWebKit/537.36 (KHTML, like Gecko) Chrome/41.0.2272.96 Mobile Safari/537.36 (compatible; Googlebot/2.1; +http://www.google.com/bot.html)" "-"
217.76.130.90 - - [25/Nov/2019:12:21:35 +0100] "POST /wp-cron.php?doing_wp_cron=1574680895.6168320178985595703125 HTTP/1.1" 200 3389 "https://amazingsportwear.com/wp-cron.php?doing_wp_cron=1574680895.6168320178985595703125" "WordPress/5.2.4; https://amazingsportwear.com" "-"
157.55.39.95 - - [25/Nov/2019:12:21:32 +0100] "GET /producto/bidon-boxter/ HTTP/1.1" 200 94256 "-" "Mozilla/5.0 (compatible; bingbot/2.0; +http://www.bing.com/bingbot.htm)" "-"
217.76.130.90 - - [25/Nov/2019:12:45:31 +0100] "POST /wp-cron.php?doing_wp_cron=1574682331.5181939601898193359375 HTTP/1.1" 200 3389 "https://amazingsportwear.com/wp-cron.php?doing_wp_cron=1574682331.5181939601898193359375" "WordPress/5.2.4; https://amazingsportwear.com" "-"
40.77.167.201 - - [25/Nov/2019:12:45:29 +0100] "GET /tienda/124-camiseta-tecnica-arabia-mujer-eny-ar02-color.html HTTP/1.1" 404 72345 "-" "Mozilla/5.0 (compatible; bingbot/2.0; +http://www.bing.com/bingbot.htm)" "-"
217.76.130.90 - - [25/Nov/2019:12:50:52 +0100] "POST /wp-cron.php?doing_wp_cron=1574682652.5943319797515869140625 HTTP/1.1" 200 3389 "https://amazingsportwear.com/wp-cron.php?doing_wp_cron=1574682652.5943319797515869140625" "WordPress/5.2.4; https://amazingsportwear.com" "-"
40.77.167.201 - - [25/Nov/2019:12:50:49 +0100] "GET /tienda/139-camiseta-tecnica-cyber-aq-cyber.html HTTP/1.1" 404 72329 "-" "Mozilla/5.0 (compatible; bingbot/2.0; +http://www.bing.com/bingbot.htm)" "-"
157.55.39.10 - - [25/Nov/2019:12:57:51 +0100] "GET /wp-content/uploads/2019/04/mento3.jpg HTTP/1.1" 200 68117 "-" "Mozilla/5.0 (compatible; bingbot/2.0; +http://www.bing.com/bingbot.htm)" "-"
95.23.6.106 - - [25/Nov/2019:13:00:53 +0100] "GET /wp-content/uploads/2019/03/VA-PARADE-6.png HTTP/1.1" 200 469548 "https://www.google.com/" "Mozilla/5.0 (Windows NT 10.0; Win64; x64) AppleWebKit/537.36 (KHTML, like Gecko) Chrome/78.0.3904.108 Safari/537.36" "-"
217.76.130.90 - - [25/Nov/2019:13:15:50 +0100] "POST /wp-cron.php?doing_wp_cron=1574684150.9754579067230224609375 HTTP/1.1" 200 3389 "https://amazingsportwear.com/wp-cron.php?doing_wp_cron=1574684150.9754579067230224609375" "WordPress/5.2.4; https://amazingsportwear.com" "-"
157.55.39.10 - - [25/Nov/2019:13:15:47 +0100] "GET /producto/bidon-iskan/ HTTP/1.1" 200 99666 "-" "Mozilla/5.0 (compatible; bingbot/2.0; +http://www.bing.com/bingbot.htm)" "-"
217.76.130.90 - - [25/Nov/2019:13:24:15 +0100] "POST /wp-cron.php?doing_wp_cron=1574684654.4563889503479003906250 HTTP/1.1" 200 164 "http://amazingsportwear.com/wp-cron.php?doing_wp_cron=1574684654.4563889503479003906250" "WordPress/5.2.4; https://amazingsportwear.com" "-"
40.77.167.26 - - [25/Nov/2019:13:24:11 +0100] "GET /22-tienda HTTP/1.1" 404 67998 "-" "Mozilla/5.0 (compatible; bingbot/2.0; +http://www.bing.com/bingbot.htm)" "-"
217.76.130.90 - - [25/Nov/2019:13:50:53 +0100] "POST /wp-cron.php?doing_wp_cron=1574686253.6681420803070068359375 HTTP/1.1" 200 164 "http://amazingsportwear.com/wp-cron.php?doing_wp_cron=1574686253.6681420803070068359375" "WordPress/5.2.4; https://amazingsportwear.com" "-"
66.249.66.87 - - [25/Nov/2019:13:50:50 +0100] "GET /contactanos HTTP/1.1" 404 68022 "-" "Mozilla/5.0 (Linux; Android 6.0.1; Nexus 5X Build/MMB29P) AppleWebKit/537.36 (KHTML, like Gecko) Chrome/41.0.2272.96 Mobile Safari/537.36 (compatible; Googlebot/2.1; +http://www.google.com/bot.html)" "-"
217.76.130.90 - - [25/Nov/2019:13:57:43 +0100] "POST /wp-cron.php?doing_wp_cron=1574686663.2648150920867919921875 HTTP/1.1" 200 3389 "https://amazingsportwear.com/wp-cron.php?doing_wp_cron=1574686663.2648150920867919921875" "WordPress/5.2.4; https://amazingsportwear.com" "-"
66.249.66.68 - - [25/Nov/2019:13:57:42 +0100] "GET /producto/mochila-decath/ HTTP/1.1" 200 96460 "-" "Mozilla/5.0 (Linux; Android 6.0.1; Nexus 5X Build/MMB29P) AppleWebKit/537.36 (KHTML, like Gecko) Chrome/41.0.2272.96 Mobile Safari/537.36 (compatible; Googlebot/2.1; +http://www.google.com/bot.html)" "-"
181.20.141.251 - - [25/Nov/2019:14:07:00 +0100] "GET /wp-content/uploads/2019/04/gorra-five-4.png HTTP/1.1" 200 69496 "https://www.google.com/" "Mozilla/5.0 (Windows NT 10.0; Win64; x64) AppleWebKit/537.36 (KHTML, like Gecko) Chrome/78.0.3904.108 Safari/537.36" "-"
217.76.130.90 - - [25/Nov/2019:14:14:34 +0100] "POST /wp-cron.php?doing_wp_cron=1574687674.4227321147918701171875 HTTP/1.1" 200 3389 "https://amazingsportwear.com/wp-cron.php?doing_wp_cron=1574687674.4227321147918701171875" "WordPress/5.2.4; https://amazingsportwear.com" "-"
157.55.39.68 - - [25/Nov/2019:14:14:31 +0100] "GET /tienda/391-gorra-nino-sportkid.html HTTP/1.1" 404 72315 "-" "Mozilla/5.0 (compatible; bingbot/2.0; +http://www.bing.com/bingbot.htm)" "-"
217.76.130.90 - - [25/Nov/2019:14:28:49 +0100] "POST /wp-cron.php?doing_wp_cron=1574688529.7081370353698730468750 HTTP/1.1" 200 164 "http://amazingsportwear.com/wp-cron.php?doing_wp_cron=1574688529.7081370353698730468750" "WordPress/5.2.4; https://amazingsportwear.com" "-"
23.226.211.45 - - [25/Nov/2019:14:28:47 +0100] "GET / HTTP/1.1" 301 336 "-" "Mozilla/5.0 (Windows NT 6.1; WOW64; rv:27.0) Gecko/20100101 Firefox/27.0" "-"
217.76.130.90 - - [25/Nov/2019:14:30:54 +0100] "POST /wp-cron.php?doing_wp_cron=1574688654.0948109626770019531250 HTTP/1.1" 200 3389 "https://amazingsportwear.com/wp-cron.php?doing_wp_cron=1574688654.0948109626770019531250" "WordPress/5.2.4; https://amazingsportwear.com" "-"
54.36.149.87 - - [25/Nov/2019:14:30:53 +0100] "GET /robots.txt HTTP/1.1" 200 3692 "-" "Mozilla/5.0 (compatible; AhrefsBot/6.1; +http://ahrefs.com/robot/)" "-"
54.36.148.198 - - [25/Nov/2019:14:30:54 +0100] "GET /15-atletismo HTTP/1.1" 404 72031 "-" "Mozilla/5.0 (compatible; AhrefsBot/6.1; +http://ahrefs.com/robot/)" "-"
171.238.219.93 - - [25/Nov/2019:14:33:47 +0100] "GET /wp-content/uploads/2019/04/mochila-humus-1.png HTTP/1.1" 200 120267 "https://www.google.com.vn/blank.html" "Mozilla/5.0 (Windows NT 6.1) AppleWebKit/537.36 (KHTML, like Gecko) coc_coc_browser/83.0.144 Chrome/77.0.3865.144 Safari/537.36" "-"
217.76.130.90 - - [25/Nov/2019:14:34:15 +0100] "POST /wp-cron.php?doing_wp_cron=1574688855.6712970733642578125000 HTTP/1.1" 200 3389 "https://amazingsportwear.com/wp-cron.php?doing_wp_cron=1574688855.6712970733642578125000" "WordPress/5.2.4; https://amazingsportwear.com" "-"
54.36.150.133 - - [25/Nov/2019:14:34:15 +0100] "GET /module/blockwishlist/mywishlist HTTP/1.1" 404 72061 "-" "Mozilla/5.0 (compatible; AhrefsBot/6.1; +http://ahrefs.com/robot/)" "-"
217.76.130.90 - - [25/Nov/2019:14:48:46 +0100] "POST /wp-cron.php?doing_wp_cron=1574689726.0990149974822998046875 HTTP/1.1" 200 3389 "https://amazingsportwear.com/wp-cron.php?doing_wp_cron=1574689726.0990149974822998046875" "WordPress/5.2.4; https://amazingsportwear.com" "-"
40.77.167.222 - - [25/Nov/2019:14:48:43 +0100] "GET /producto/producto-prueba/ HTTP/1.1" 200 76430 "-" "Mozilla/5.0 (compatible; bingbot/2.0; +http://www.bing.com/bingbot.htm)" "-"
217.76.130.90 - - [25/Nov/2019:14:52:08 +0100] "POST /wp-cron.php?doing_wp_cron=1574689928.0774199962615966796875 HTTP/1.1" 200 3389 "https://amazingsportwear.com/wp-cron.php?doing_wp_cron=1574689928.0774199962615966796875" "WordPress/5.2.4; https://amazingsportwear.com" "-"
66.249.66.70 - - [25/Nov/2019:14:52:07 +0100] "GET /producto/camiseta-tecnica-reversible-aq-reversible/ HTTP/1.1" 200 101203 "-" "Mozilla/5.0 (Linux; Android 6.0.1; Nexus 5X Build/MMB29P) AppleWebKit/537.36 (KHTML, like Gecko) Chrome/41.0.2272.96 Mobile Safari/537.36 (compatible; Googlebot/2.1; +http://www.google.com/bot.html)" "-"
201.191.198.7 - - [25/Nov/2019:15:01:23 +0100] "GET /wp-content/uploads/2017/01/motocr.png HTTP/1.1" 200 264756 "https://www.google.com/blank.html" "Mozilla/5.0 (Linux; Android 7.1.1; SM-J250M Build/NMF26X; wv) AppleWebKit/537.36 (KHTML, like Gecko) Version/4.0 Chrome/78.0.3904.108 Mobile Safari/537.36 GSA/10.85.11.21.arm" "-"
190.81.39.34 - - [25/Nov/2019:15:04:05 +0100] "GET /wp-content/uploads/2019/04/bolsa-deporte-young-1.png HTTP/1.1" 200 143773 "https://www.google.com/" "Mozilla/5.0 (Windows NT 10.0; Win64; x64) AppleWebKit/537.36 (KHTML, like Gecko) Chrome/78.0.3904.108 Safari/537.36" "-"
217.76.130.90 - - [25/Nov/2019:15:21:15 +0100] "POST /wp-cron.php?doing_wp_cron=1574691675.1322820186614990234375 HTTP/1.1" 200 3389 "https://amazingsportwear.com/wp-cron.php?doing_wp_cron=1574691675.1322820186614990234375" "WordPress/5.2.4; https://amazingsportwear.com" "-"
66.220.149.14 - - [25/Nov/2019:15:21:12 +0100] "GET / HTTP/1.1" 200 125530 "-" "facebookexternalhit/1.1 (+http://www.facebook.com/externalhit_uatext.php)" "-"
66.220.149.11 - - [25/Nov/2019:15:21:20 +0100] "GET /contacta-con-nosotros HTTP/1.1" 301 319 "-" "facebookexternalhit/1.1 (+http://www.facebook.com/externalhit_uatext.php)" "-"
66.220.149.11 - - [25/Nov/2019:15:21:21 +0100] "GET /contacta-con-nosotros/ HTTP/1.1" 200 58184 "-" "facebookexternalhit/1.1 (+http://www.facebook.com/externalhit_uatext.php)" "-"
179.6.196.168 - - [25/Nov/2019:15:26:48 +0100] "GET /wp-content/uploads/2019/04/Gorra-sport-6.png HTTP/1.1" 200 44623 "https://www.google.com/" "Mozilla/5.0 (Windows NT 6.3; Win64; x64) AppleWebKit/537.36 (KHTML, like Gecko) Chrome/78.0.3904.108 Safari/537.36" "-"
186.120.155.180 - - [25/Nov/2019:15:30:03 +0100] "GET /wp-content/uploads/2019/04/Llavero-metalico-golf-3.png HTTP/1.1" 200 46821 "https://www.google.com/" "Mozilla/5.0 (Macintosh; Intel Mac OS X 10_13_6) AppleWebKit/537.36 (KHTML, like Gecko) Chrome/78.0.3904.108 Safari/537.36" "-"
217.76.130.90 - - [25/Nov/2019:15:31:53 +0100] "POST /wp-cron.php?doing_wp_cron=1574692313.9832589626312255859375 HTTP/1.1" 200 164 "http://amazingsportwear.com/wp-cron.php?doing_wp_cron=1574692313.9832589626312255859375" "WordPress/5.2.4; https://amazingsportwear.com" "-"
157.55.39.68 - - [25/Nov/2019:15:31:52 +0100] "GET /28-complementos HTTP/1.1" 404 68005 "-" "Mozilla/5.0 (compatible; bingbot/2.0; +http://www.bing.com/bingbot.htm)" "-"
181.127.135.100 - - [25/Nov/2019:15:46:14 +0100] "GET /wp-content/uploads/2019/04/Gorra-sport-6.png HTTP/1.1" 200 44623 "https://www.google.com/" "Mozilla/5.0 (Windows NT 10.0; Win64; x64) AppleWebKit/537.36 (KHTML, like Gecko) Chrome/78.0.3904.108 Safari/537.36" "-"
217.76.130.90 - - [25/Nov/2019:15:46:52 +0100] "POST /wp-cron.php?doing_wp_cron=1574693212.4396080970764160156250 HTTP/1.1" 200 3389 "https://amazingsportwear.com/wp-cron.php?doing_wp_cron=1574693212.4396080970764160156250" "WordPress/5.2.4; https://amazingsportwear.com" "-"
66.249.66.68 - - [25/Nov/2019:15:46:50 +0100] "GET /producto/braga-gorro-polar-cat-8016/ HTTP/1.1" 200 100571 "-" "Mozilla/5.0 (compatible; Googlebot/2.1; +http://www.google.com/bot.html)" "-"
217.76.130.90 - - [25/Nov/2019:15:47:48 +0100] "POST /wp-cron.php?doing_wp_cron=1574693268.2981879711151123046875 HTTP/1.1" 200 164 "http://amazingsportwear.com/wp-cron.php?doing_wp_cron=1574693268.2981879711151123046875" "WordPress/5.2.4; https://amazingsportwear.com" "-"
66.249.66.86 - - [25/Nov/2019:15:47:47 +0100] "GET /18-ciclismo HTTP/1.1" 404 67997 "-" "Mozilla/5.0 (Linux; Android 6.0.1; Nexus 5X Build/MMB29P) AppleWebKit/537.36 (KHTML, like Gecko) Chrome/41.0.2272.96 Mobile Safari/537.36 (compatible; Googlebot/2.1; +http://www.google.com/bot.html)" "-"
217.76.130.90 - - [25/Nov/2019:15:56:17 +0100] "POST /wp-cron.php?doing_wp_cron=1574693777.3474240303039550781250 HTTP/1.1" 200 3389 "https://amazingsportwear.com/wp-cron.php?doing_wp_cron=1574693777.3474240303039550781250" "WordPress/5.2.4; https://amazingsportwear.com" "-"
66.249.66.70 - - [25/Nov/2019:15:56:15 +0100] "GET /producto/gorra-kisse/ HTTP/1.1" 200 100036 "-" "Mozilla/5.0 (Linux; Android 6.0.1; Nexus 5X Build/MMB29P) AppleWebKit/537.36 (KHTML, like Gecko) Chrome/41.0.2272.96 Mobile Safari/537.36 (compatible; Googlebot/2.1; +http://www.google.com/bot.html)" "-"
217.76.130.90 - - [25/Nov/2019:15:57:41 +0100] "POST /wp-cron.php?doing_wp_cron=1574693861.7572290897369384765625 HTTP/1.1" 200 3389 "https://amazingsportwear.com/wp-cron.php?doing_wp_cron=1574693861.7572290897369384765625" "WordPress/5.2.4; https://amazingsportwear.com" "-"
66.249.66.68 - - [25/Nov/2019:15:57:40 +0100] "GET /producto/camiseta-tecnica-boomer-aq-jaguar/ HTTP/1.1" 200 105261 "-" "Mozilla/5.0 (compatible; Googlebot/2.1; +http://www.google.com/bot.html)" "-"
179.7.53.214 - - [25/Nov/2019:16:05:52 +0100] "GET /wp-content/uploads/2019/04/Gorra-harum-2.png HTTP/1.1" 200 53515 "https://www.google.com/" "Mozilla/5.0 (Macintosh; Intel Mac OS X 10_14_1) AppleWebKit/537.36 (KHTML, like Gecko) Chrome/78.0.3904.108 Safari/537.36" "-"
217.76.130.90 - - [25/Nov/2019:16:08:19 +0100] "POST /wp-cron.php?doing_wp_cron=1574694499.0423610210418701171875 HTTP/1.1" 200 3389 "https://amazingsportwear.com/wp-cron.php?doing_wp_cron=1574694499.0423610210418701171875" "WordPress/5.2.4; https://amazingsportwear.com" "-"
66.249.66.68 - - [25/Nov/2019:16:08:16 +0100] "GET /producto/gorra-sport/ HTTP/1.1" 200 102716 "-" "Mozilla/5.0 (Linux; Android 6.0.1; Nexus 5X Build/MMB29P) AppleWebKit/537.36 (KHTML, like Gecko) Chrome/41.0.2272.96 Mobile Safari/537.36 (compatible; Googlebot/2.1; +http://www.google.com/bot.html)" "-"
217.76.130.90 - - [25/Nov/2019:16:14:33 +0100] "POST /wp-cron.php?doing_wp_cron=1574694872.6667230129241943359375 HTTP/1.1" 200 3389 "https://amazingsportwear.com/wp-cron.php?doing_wp_cron=1574694872.6667230129241943359375" "WordPress/5.2.4; https://amazingsportwear.com" "-"
66.249.66.66 - - [25/Nov/2019:16:14:30 +0100] "GET /categoria-producto/inicio/ropa-amazing-sport-wear/ciclismo-ropa-amazing-sport-wear/page/2/ HTTP/1.1" 404 72674 "-" "Mozilla/5.0 (Linux; Android 6.0.1; Nexus 5X Build/MMB29P) AppleWebKit/537.36 (KHTML, like Gecko) Chrome/41.0.2272.96 Mobile Safari/537.36 (compatible; Googlebot/2.1; +http://www.google.com/bot.html)" "-"
157.55.39.68 - - [25/Nov/2019:16:14:55 +0100] "GET /18-ciclismo HTTP/1.1" 404 68027 "-" "Mozilla/5.0 (iPhone; CPU iPhone OS 7_0 like Mac OS X) AppleWebKit/537.51.1 (KHTML, like Gecko) Version/7.0 Mobile/11A465 Safari/9537.53 (compatible; bingbot/2.0; +http://www.bing.com/bingbot.htm)" "-"
217.76.130.90 - - [25/Nov/2019:16:22:47 +0100] "POST /wp-cron.php?doing_wp_cron=1574695367.7208960056304931640625 HTTP/1.1" 200 3389 "https://amazingsportwear.com/wp-cron.php?doing_wp_cron=1574695367.7208960056304931640625" "WordPress/5.2.4; https://amazingsportwear.com" "-"
66.249.66.66 - - [25/Nov/2019:16:22:46 +0100] "GET /producto/gorra-kisse/ HTTP/1.1" 200 100365 "-" "Mozilla/5.0 (compatible; Googlebot/2.1; +http://www.google.com/bot.html)" "-"
200.62.139.125 - - [25/Nov/2019:16:30:58 +0100] "GET /wp-content/uploads/2019/04/gorra-dowan-4.png HTTP/1.1" 200 76783 "https://www.google.com/" "Mozilla/5.0 (Macintosh; Intel Mac OS X 10_9_5) AppleWebKit/537.36 (KHTML, like Gecko) Chrome/67.0.3396.87 Safari/537.36" "-"
217.76.130.90 - - [25/Nov/2019:16:38:49 +0100] "POST /wp-cron.php?doing_wp_cron=1574696329.5015509128570556640625 HTTP/1.1" 200 3389 "https://amazingsportwear.com/wp-cron.php?doing_wp_cron=1574696329.5015509128570556640625" "WordPress/5.2.4; https://amazingsportwear.com" "-"
66.249.66.70 - - [25/Nov/2019:16:38:45 +0100] "GET /25-camisetas-y-faldas-mujer HTTP/1.1" 404 72323 "-" "Mozilla/5.0 (Linux; Android 6.0.1; Nexus 5X Build/MMB29P) AppleWebKit/537.36 (KHTML, like Gecko) Chrome/41.0.2272.96 Mobile Safari/537.36 (compatible; Googlebot/2.1; +http://www.google.com/bot.html)" "-"
217.76.130.90 - - [25/Nov/2019:16:51:10 +0100] "POST /wp-cron.php?doing_wp_cron=1574697070.8503119945526123046875 HTTP/1.1" 200 3389 "https://amazingsportwear.com/wp-cron.php?doing_wp_cron=1574697070.8503119945526123046875" "WordPress/5.2.4; https://amazingsportwear.com" "-"
137.226.113.27 - - [25/Nov/2019:16:51:08 +0100] "GET / HTTP/1.1" 301 3504 "-" "Mozilla/5.0 zgrab/0.x (compatible; Researchscan/t12ca; +http://researchscan.comsys.rwth-aachen.de)" "-"
95.128.145.155 - - [25/Nov/2019:16:59:34 +0100] "GET /wp-content/uploads/2018/05/sa-0404-colores-1.jpg HTTP/1.1" 200 18533 "https://www.google.com/" "Mozilla/5.0 (Windows NT 6.1; Win64; x64) AppleWebKit/537.36 (KHTML, like Gecko) Chrome/78.0.3904.108 Safari/537.36" "-"
217.76.130.90 - - [25/Nov/2019:17:03:37 +0100] "POST /wp-cron.php?doing_wp_cron=1574697817.8274719715118408203125 HTTP/1.1" 200 164 "http://amazingsportwear.com/wp-cron.php?doing_wp_cron=1574697817.8274719715118408203125" "WordPress/5.2.4; https://amazingsportwear.com" "-"
