217.76.130.90 - - [20/Nov/2019:00:03:02 +0100] "POST /wp-cron.php?doing_wp_cron=1574204582.5993208885192871093750 HTTP/1.1" 200 3389 "https://amazingsportwear.com/wp-cron.php?doing_wp_cron=1574204582.5993208885192871093750" "WordPress/5.2.4; https://amazingsportwear.com" "-"
66.249.66.66 - - [20/Nov/2019:00:03:02 +0100] "GET /producto/gorra-sport/ HTTP/1.1" 200 102702 "-" "Mozilla/5.0 (Linux; Android 6.0.1; Nexus 5X Build/MMB29P) AppleWebKit/537.36 (KHTML, like Gecko) Chrome/41.0.2272.96 Mobile Safari/537.36 (compatible; Googlebot/2.1; +http://www.google.com/bot.html)" "-"
217.76.130.90 - - [20/Nov/2019:00:07:57 +0100] "POST /wp-cron.php?doing_wp_cron=1574204877.2355959415435791015625 HTTP/1.1" 200 164 "http://amazingsportwear.com/wp-cron.php?doing_wp_cron=1574204877.2355959415435791015625" "WordPress/5.2.4; https://amazingsportwear.com" "-"
66.249.66.86 - - [20/Nov/2019:00:07:56 +0100] "GET / HTTP/1.1" 301 336 "-" "Mozilla/5.0 (Linux; Android 6.0.1; Nexus 5X Build/MMB29P) AppleWebKit/537.36 (KHTML, like Gecko) Chrome/41.0.2272.96 Mobile Safari/537.36 (compatible; Googlebot/2.1; +http://www.google.com/bot.html)" "-"
66.249.66.66 - - [20/Nov/2019:00:07:58 +0100] "GET / HTTP/1.1" 200 125726 "-" "Mozilla/5.0 (Linux; Android 6.0.1; Nexus 5X Build/MMB29P) AppleWebKit/537.36 (KHTML, like Gecko) Chrome/41.0.2272.96 Mobile Safari/537.36 (compatible; Googlebot/2.1; +http://www.google.com/bot.html)" "wpfront-notification-bar-landingpage=1"
217.76.130.90 - - [20/Nov/2019:00:08:08 +0100] "POST /wp-cron.php?doing_wp_cron=1574204888.1966528892517089843750 HTTP/1.1" 200 3389 "https://amazingsportwear.com/wp-cron.php?doing_wp_cron=1574204888.1966528892517089843750" "WordPress/5.2.4; https://amazingsportwear.com" "-"
66.249.66.68 - - [20/Nov/2019:00:08:07 +0100] "POST /?wc-ajax=get_refreshed_fragments HTTP/1.1" 200 4760 "https://amazingsportwear.com/" "Mozilla/5.0 (Linux; Android 6.0.1; Nexus 5X Build/MMB29P) AppleWebKit/537.36 (KHTML, like Gecko) Chrome/41.0.2272.96 Mobile Safari/537.36 (compatible; Googlebot/2.1; +http://www.google.com/bot.html)" "_ga=GA1.2.1951319036.1574121600; _gid=GA1.2.1036204339.1574121600; _gat_gtag_UA_91619287_1=1"
217.76.130.90 - - [20/Nov/2019:00:09:21 +0100] "POST /wp-cron.php?doing_wp_cron=1574204961.1336369514465332031250 HTTP/1.1" 200 3389 "https://amazingsportwear.com/wp-cron.php?doing_wp_cron=1574204961.1336369514465332031250" "WordPress/5.2.4; https://amazingsportwear.com" "-"
207.46.13.24 - - [20/Nov/2019:00:09:20 +0100] "GET /producto/camiseta-tecnica-tirantes-sa-0350/ HTTP/1.1" 200 105309 "-" "Mozilla/5.0 (compatible; bingbot/2.0; +http://www.bing.com/bingbot.htm)" "-"
170.239.12.78 - - [20/Nov/2019:00:16:57 +0100] "GET /wp-content/uploads/2019/04/Gorra-sport-10.png HTTP/1.1" 200 60643 "https://www.google.com/blank.html" "Mozilla/5.0 (Windows NT 6.2; ARM; Trident/7.0; Touch; rv:11.0; WPDesktop; NOKIA; Lumia 635) like Gecko" "-"
201.213.231.242 - - [20/Nov/2019:00:24:20 +0100] "GET /wp-content/uploads/2019/04/gorra-kisse-9.png HTTP/1.1" 200 88804 "https://www.google.com.ar/" "Mozilla/5.0 (Windows NT 10.0; Win64; x64) AppleWebKit/537.36 (KHTML, like Gecko) Chrome/78.0.3904.97 Safari/537.36" "-"
201.213.231.242 - - [20/Nov/2019:00:24:20 +0100] "GET /wp-content/uploads/2019/04/gorra-dowan-4.png HTTP/1.1" 200 76783 "https://www.google.com.ar/" "Mozilla/5.0 (Windows NT 10.0; Win64; x64) AppleWebKit/537.36 (KHTML, like Gecko) Chrome/78.0.3904.97 Safari/537.36" "-"
217.76.130.90 - - [20/Nov/2019:00:28:31 +0100] "POST /wp-cron.php?doing_wp_cron=1574206111.0856831073760986328125 HTTP/1.1" 200 3389 "https://amazingsportwear.com/wp-cron.php?doing_wp_cron=1574206111.0856831073760986328125" "WordPress/5.2.4; https://amazingsportwear.com" "-"
66.249.66.153 - - [20/Nov/2019:00:28:29 +0100] "GET /robots.txt HTTP/1.1" 200 3955 "-" "Mozilla/5.0 (compatible; Googlebot/2.1; +http://www.google.com/bot.html)" "-"
66.249.66.153 - - [20/Nov/2019:00:28:31 +0100] "GET / HTTP/1.1" 301 393 "-" "Mozilla/5.0 (Linux; Android 6.0.1; Nexus 5X Build/MMB29P) AppleWebKit/537.36 (KHTML, like Gecko) Chrome/41.0.2272.96 Mobile Safari/537.36 (compatible; Googlebot/2.1; +http://www.google.com/bot.html)" "-"
66.249.66.70 - - [20/Nov/2019:00:28:33 +0100] "GET / HTTP/1.1" 200 125813 "-" "Mozilla/5.0 (Linux; Android 6.0.1; Nexus 5X Build/MMB29P) AppleWebKit/537.36 (KHTML, like Gecko) Chrome/41.0.2272.96 Mobile Safari/537.36 (compatible; Googlebot/2.1; +http://www.google.com/bot.html)" "-"
217.76.130.90 - - [20/Nov/2019:00:36:34 +0100] "POST /wp-cron.php?doing_wp_cron=1574206594.8736679553985595703125 HTTP/1.1" 200 3389 "https://amazingsportwear.com/wp-cron.php?doing_wp_cron=1574206594.8736679553985595703125" "WordPress/5.2.4; https://amazingsportwear.com" "-"
66.249.66.68 - - [20/Nov/2019:00:36:32 +0100] "GET / HTTP/1.1" 200 125793 "-" "Mozilla/5.0 (compatible; Googlebot/2.1; +http://www.google.com/bot.html)" "-"
66.249.66.66 - - [20/Nov/2019:00:36:43 +0100] "POST /?wc-ajax=get_refreshed_fragments HTTP/1.1" 200 4708 "https://amazingsportwear.com/" "Mozilla/5.0 AppleWebKit/537.36 (KHTML, like Gecko; compatible; Googlebot/2.1; +http://www.google.com/bot.html) Safari/537.36" "wpfront-notification-bar-landingpage=1; _ga=GA1.2.2114912494.1574121600; _gid=GA1.2.931330593.1574121600; _gat_gtag_UA_91619287_1=1"
200.3.154.145 - - [20/Nov/2019:00:39:46 +0100] "GET /wp-content/uploads/2019/04/Gorra-sport-6.png HTTP/1.1" 200 44623 "https://www.google.com/" "Mozilla/5.0 (Windows NT 10.0; Win64; x64) AppleWebKit/537.36 (KHTML, like Gecko) Chrome/77.0.3865.120 Safari/537.36" "-"
217.76.130.90 - - [20/Nov/2019:00:45:46 +0100] "POST /wp-cron.php?doing_wp_cron=1574207146.5536649227142333984375 HTTP/1.1" 200 3389 "https://amazingsportwear.com/wp-cron.php?doing_wp_cron=1574207146.5536649227142333984375" "WordPress/5.2.4; https://amazingsportwear.com" "-"
66.220.149.15 - - [20/Nov/2019:00:45:44 +0100] "GET / HTTP/1.1" 200 125590 "-" "facebookexternalhit/1.1 (+http://www.facebook.com/externalhit_uatext.php)" "-"
66.220.149.25 - - [20/Nov/2019:00:45:49 +0100] "GET /contacta-con-nosotros HTTP/1.1" 301 319 "-" "facebookexternalhit/1.1 (+http://www.facebook.com/externalhit_uatext.php)" "-"
66.220.149.25 - - [20/Nov/2019:00:45:50 +0100] "GET /contacta-con-nosotros/ HTTP/1.1" 200 58164 "-" "facebookexternalhit/1.1 (+http://www.facebook.com/externalhit_uatext.php)" "-"
66.220.149.6 - - [20/Nov/2019:00:45:53 +0100] "GET / HTTP/1.1" 200 125515 "-" "facebookexternalhit/1.1 (+http://www.facebook.com/externalhit_uatext.php)" "-"
217.76.130.90 - - [20/Nov/2019:00:48:38 +0100] "POST /wp-cron.php?doing_wp_cron=1574207318.0604910850524902343750 HTTP/1.1" 200 164 "http://amazingsportwear.com/wp-cron.php?doing_wp_cron=1574207318.0604910850524902343750" "WordPress/5.2.4; https://amazingsportwear.com" "-"
207.46.13.24 - - [20/Nov/2019:00:48:37 +0100] "GET /22-tienda HTTP/1.1" 404 68003 "-" "Mozilla/5.0 (iPhone; CPU iPhone OS 7_0 like Mac OS X) AppleWebKit/537.51.1 (KHTML, like Gecko) Version/7.0 Mobile/11A465 Safari/9537.53 (compatible; bingbot/2.0; +http://www.bing.com/bingbot.htm)" "-"
189.173.116.134 - - [20/Nov/2019:00:49:42 +0100] "GET /wp-content/uploads/2019/04/Gorra-sport-10.png HTTP/1.1" 200 60426 "https://www.google.com/" "Mozilla/5.0 (Macintosh; Intel Mac OS X 10_15_1) AppleWebKit/537.36 (KHTML, like Gecko) Chrome/78.0.3904.97 Safari/537.36" "-"
189.173.116.134 - - [20/Nov/2019:00:49:56 +0100] "GET /wp-content/uploads/2019/04/Gorra-sport-10.png HTTP/1.1" 206 525 "https://www.google.com/" "Mozilla/5.0 (Macintosh; Intel Mac OS X 10_15_1) AppleWebKit/537.36 (KHTML, like Gecko) Chrome/78.0.3904.97 Safari/537.36" "-"
189.173.116.134 - - [20/Nov/2019:00:49:56 +0100] "GET /wp-content/uploads/2019/04/Gorra-sport-10.png HTTP/1.1" 206 24290 "https://www.google.com/" "Mozilla/5.0 (Macintosh; Intel Mac OS X 10_15_1) AppleWebKit/537.36 (KHTML, like Gecko) Chrome/78.0.3904.97 Safari/537.36" "-"
190.214.123.187 - - [20/Nov/2019:00:50:29 +0100] "GET /wp-content/uploads/2019/04/Gorra-sport-10.png HTTP/1.1" 200 60426 "https://www.google.com/" "Mozilla/5.0 (Linux; Android 9; SNE-LX3) AppleWebKit/537.36 (KHTML, like Gecko) Chrome/78.0.3904.96 Mobile Safari/537.36" "-"
190.220.16.71 - - [20/Nov/2019:00:52:48 +0100] "GET /wp-content/uploads/2017/01/pant-futbol2.jpg HTTP/1.1" 200 56032 "https://www.google.com/" "Mozilla/5.0 (Windows NT 6.1; Win64; x64) AppleWebKit/537.36 (KHTML, like Gecko) Chrome/78.0.3904.97 Safari/537.36" "-"
200.127.151.199 - - [20/Nov/2019:00:53:55 +0100] "GET /wp-content/uploads/2017/01/pant-basket1.jpg HTTP/1.1" 200 69691 "https://www.google.com/" "Mozilla/5.0 (Windows NT 6.1; Win64; x64) AppleWebKit/537.36 (KHTML, like Gecko) Chrome/78.0.3904.97 Safari/537.36" "-"
217.76.130.90 - - [20/Nov/2019:00:57:45 +0100] "POST /wp-cron.php?doing_wp_cron=1574207865.5535109043121337890625 HTTP/1.1" 200 3389 "https://amazingsportwear.com/wp-cron.php?doing_wp_cron=1574207865.5535109043121337890625" "WordPress/5.2.4; https://amazingsportwear.com" "-"
66.249.66.68 - - [20/Nov/2019:00:57:42 +0100] "GET /category/inicio/ HTTP/1.1" 200 70446 "-" "Mozilla/5.0 (compatible; Googlebot/2.1; +http://www.google.com/bot.html)" "-"
217.76.130.90 - - [20/Nov/2019:01:01:34 +0100] "POST /wp-cron.php?doing_wp_cron=1574208094.8939230442047119140625 HTTP/1.1" 200 3389 "https://amazingsportwear.com/wp-cron.php?doing_wp_cron=1574208094.8939230442047119140625" "WordPress/5.2.4; https://amazingsportwear.com" "-"
66.249.66.68 - - [20/Nov/2019:01:01:33 +0100] "GET /categoria-producto/accesorios/toallas/ HTTP/1.1" 200 59823 "-" "Mozilla/5.0 (Linux; Android 6.0.1; Nexus 5X Build/MMB29P) AppleWebKit/537.36 (KHTML, like Gecko) Chrome/41.0.2272.96 Mobile Safari/537.36 (compatible; Googlebot/2.1; +http://www.google.com/bot.html)" "-"
66.249.66.66 - - [20/Nov/2019:01:01:43 +0100] "POST /?wc-ajax=get_refreshed_fragments HTTP/1.1" 200 4760 "https://amazingsportwear.com/categoria-producto/accesorios/toallas/" "Mozilla/5.0 (Linux; Android 6.0.1; Nexus 5X Build/MMB29P) AppleWebKit/537.36 (KHTML, like Gecko) Chrome/41.0.2272.96 Mobile Safari/537.36 (compatible; Googlebot/2.1; +http://www.google.com/bot.html)" "_ga=GA1.2.1884029788.1574208000; _gid=GA1.2.969013651.1574208000; _gat_gtag_UA_91619287_1=1"
217.76.130.90 - - [20/Nov/2019:01:12:16 +0100] "POST /wp-cron.php?doing_wp_cron=1574208736.5536320209503173828125 HTTP/1.1" 200 3389 "https://amazingsportwear.com/wp-cron.php?doing_wp_cron=1574208736.5536320209503173828125" "WordPress/5.2.4; https://amazingsportwear.com" "-"
66.249.66.66 - - [20/Nov/2019:01:12:15 +0100] "GET /categoria-producto/hombre/camisetas/ HTTP/1.1" 200 77303 "-" "Mozilla/5.0 (Linux; Android 6.0.1; Nexus 5X Build/MMB29P) AppleWebKit/537.36 (KHTML, like Gecko) Chrome/41.0.2272.96 Mobile Safari/537.36 (compatible; Googlebot/2.1; +http://www.google.com/bot.html)" "-"
66.249.66.68 - - [20/Nov/2019:01:12:21 +0100] "POST /?wc-ajax=get_refreshed_fragments HTTP/1.1" 200 4760 "https://amazingsportwear.com/categoria-producto/hombre/camisetas/" "Mozilla/5.0 (Linux; Android 6.0.1; Nexus 5X Build/MMB29P) AppleWebKit/537.36 (KHTML, like Gecko) Chrome/41.0.2272.96 Mobile Safari/537.36 (compatible; Googlebot/2.1; +http://www.google.com/bot.html)" "_ga=GA1.2.1884029788.1574208000; _gid=GA1.2.969013651.1574208000; _gat_gtag_UA_91619287_1=1"
200.107.21.2 - - [20/Nov/2019:01:24:14 +0100] "GET /wp-content/uploads/2017/03/CAT-5247-04.jpg HTTP/1.1" 200 33239 "https://www.google.com/" "Mozilla/5.0 (iPhone; CPU iPhone OS 12_4_2 like Mac OS X) AppleWebKit/605.1.15 (KHTML, like Gecko) Version/12.1.2 Mobile/15E148 Safari/604.1" "-"
217.76.130.90 - - [20/Nov/2019:01:24:48 +0100] "POST /wp-cron.php?doing_wp_cron=1574209487.9821710586547851562500 HTTP/1.1" 200 3389 "https://amazingsportwear.com/wp-cron.php?doing_wp_cron=1574209487.9821710586547851562500" "WordPress/5.2.4; https://amazingsportwear.com" "-"
66.249.66.70 - - [20/Nov/2019:01:24:46 +0100] "GET /producto/gorra-kisse/ HTTP/1.1" 200 100212 "-" "Mozilla/5.0 (compatible; Googlebot/2.1; +http://www.google.com/bot.html)" "-"
66.249.66.66 - - [20/Nov/2019:01:24:53 +0100] "POST /?wc-ajax=get_refreshed_fragments HTTP/1.1" 200 4760 "https://amazingsportwear.com/producto/gorra-kisse/" "Mozilla/5.0 AppleWebKit/537.36 (KHTML, like Gecko; compatible; Googlebot/2.1; +http://www.google.com/bot.html) Safari/537.36" "_ga=GA1.2.931330593.1574208000; _gid=GA1.2.2074753562.1574208000; _gat_gtag_UA_91619287_1=1"
217.76.130.90 - - [20/Nov/2019:01:49:39 +0100] "POST /wp-cron.php?doing_wp_cron=1574210979.5424749851226806640625 HTTP/1.1" 200 3389 "https://amazingsportwear.com/wp-cron.php?doing_wp_cron=1574210979.5424749851226806640625" "WordPress/5.2.4; https://amazingsportwear.com" "-"
52.247.2.23 - - [20/Nov/2019:01:49:37 +0100] "GET /quienes-somos/ HTTP/1.1" 200 60054 "-" "Mozilla/5.0 (compatible; bingbot/2.0; +http://www.bing.com/bingbot.htm)" "-"
52.247.7.166 - - [20/Nov/2019:01:49:59 +0100] "GET / HTTP/1.1" 200 125803 "-" "Mozilla/5.0 (compatible; bingbot/2.0; +http://www.bing.com/bingbot.htm)" "-"
200.106.89.249 - - [20/Nov/2019:01:52:34 +0100] "GET /wp-content/uploads/2019/04/gorra-kisse-6.png HTTP/1.1" 200 90101 "https://www.google.com/" "Mozilla/5.0 (Windows NT 10.0; Win64; x64) AppleWebKit/537.36 (KHTML, like Gecko) Chrome/78.0.3904.97 Safari/537.36" "-"
217.76.130.90 - - [20/Nov/2019:01:52:59 +0100] "POST /wp-cron.php?doing_wp_cron=1574211179.5062620639801025390625 HTTP/1.1" 200 164 "http://amazingsportwear.com/wp-cron.php?doing_wp_cron=1574211179.5062620639801025390625" "WordPress/5.2.4; https://amazingsportwear.com" "-"
207.46.13.228 - - [20/Nov/2019:01:52:58 +0100] "GET /robots.txt HTTP/1.1" 200 432 "-" "Mozilla/5.0 (compatible; bingbot/2.0; +http://www.bing.com/bingbot.htm)" "-"
52.247.7.163 - - [20/Nov/2019:01:53:01 +0100] "GET /ciclismo/88-manguito-brazo-ciclismo.html HTTP/1.1" 404 68071 "-" "Mozilla/5.0 (compatible; bingbot/2.0; +http://www.bing.com/bingbot.htm)" "-"
217.76.130.90 - - [20/Nov/2019:01:55:34 +0100] "POST /wp-cron.php?doing_wp_cron=1574211334.7542200088500976562500 HTTP/1.1" 200 3389 "https://amazingsportwear.com/wp-cron.php?doing_wp_cron=1574211334.7542200088500976562500" "WordPress/5.2.4; https://amazingsportwear.com" "-"
207.46.13.228 - - [20/Nov/2019:01:55:32 +0100] "GET /robots.txt HTTP/1.1" 200 2297 "-" "Mozilla/5.0 (compatible; bingbot/2.0; +http://www.bing.com/bingbot.htm)" "-"
207.46.13.228 - - [20/Nov/2019:01:55:35 +0100] "GET /robots.txt HTTP/1.1" 200 3939 "-" "Mozilla/5.0 (compatible; bingbot/2.0; +http://www.bing.com/bingbot.htm)" "-"
157.55.39.89 - - [20/Nov/2019:01:55:42 +0100] "GET /producto/camiseta-tecnica-tirantes-dream-eny-dream-ti/ HTTP/1.1" 200 102585 "-" "Mozilla/5.0 (compatible; bingbot/2.0; +http://www.bing.com/bingbot.htm)" "-"
181.115.128.99 - - [20/Nov/2019:01:57:48 +0100] "GET /wp-content/uploads/2019/07/slider4.jpg HTTP/1.1" 200 373113 "https://www.google.com/blank.html" "Mozilla/5.0 (Linux; Android 6.0.1; SM-G610M Build/MMB29K; wv) AppleWebKit/537.36 (KHTML, like Gecko) Version/4.0 Chrome/77.0.3865.116 Mobile Safari/537.36 GSA/10.73.7.21.arm" "-"
179.13.140.184 - - [20/Nov/2019:01:59:12 +0100] "GET /wp-content/uploads/2019/04/gorra-lorenz-4.png HTTP/1.1" 200 77974 "https://www.google.com/" "Mozilla/5.0 (Windows NT 10.0; Win64; x64) AppleWebKit/537.36 (KHTML, like Gecko) Chrome/78.0.3904.97 Safari/537.36" "-"
217.76.130.90 - - [20/Nov/2019:02:08:13 +0100] "POST /wp-cron.php?doing_wp_cron=1574212093.8547189235687255859375 HTTP/1.1" 200 3389 "https://amazingsportwear.com/wp-cron.php?doing_wp_cron=1574212093.8547189235687255859375" "WordPress/5.2.4; https://amazingsportwear.com" "-"
17.58.96.188 - - [20/Nov/2019:02:08:09 +0100] "GET /producto/bolsa-deporte-young/ HTTP/1.1" 200 97156 "-" "Mozilla/5.0 (Macintosh; Intel Mac OS X 10_10_1) AppleWebKit/600.2.5 (KHTML, like Gecko) Version/8.0.2 Safari/600.2.5 (Applebot/0.1; +http://www.apple.com/go/applebot)" "-"
217.76.130.90 - - [20/Nov/2019:02:25:07 +0100] "POST /wp-cron.php?doing_wp_cron=1574213107.3963899612426757812500 HTTP/1.1" 200 3389 "https://amazingsportwear.com/wp-cron.php?doing_wp_cron=1574213107.3963899612426757812500" "WordPress/5.2.4; https://amazingsportwear.com" "-"
17.58.96.188 - - [20/Nov/2019:02:25:05 +0100] "GET /producto/camiseta-hombre-dogo-premium/ HTTP/1.1" 200 100302 "-" "Mozilla/5.0 (Macintosh; Intel Mac OS X 10_10_1) AppleWebKit/600.2.5 (KHTML, like Gecko) Version/8.0.2 Safari/600.2.5 (Applebot/0.1; +http://www.apple.com/go/applebot)" "-"
200.68.136.138 - - [20/Nov/2019:02:27:02 +0100] "GET /wp-content/uploads/2019/04/gorra-lorenz-4.png HTTP/1.1" 200 77974 "https://www.google.com/" "Mozilla/5.0 (Windows NT 6.3; Win64; x64) AppleWebKit/537.36 (KHTML, like Gecko) Chrome/78.0.3904.97 Safari/537.36" "-"
201.176.220.113 - - [20/Nov/2019:02:28:19 +0100] "GET /wp-content/uploads/2019/04/Gorra-sport-10.png HTTP/1.1" 200 60426 "https://www.google.com/blank.html" "Mozilla/5.0 (Linux; Android 9; SM-A105M Build/PPR1.180610.011; wv) AppleWebKit/537.36 (KHTML, like Gecko) Version/4.0 Chrome/78.0.3904.96 Mobile Safari/537.36 GSA/10.84.19.21.arm" "-"
201.176.220.113 - - [20/Nov/2019:02:28:21 +0100] "GET /wp-content/uploads/2019/04/Gorra-sport-10.png HTTP/1.1" 200 60388 "-" "AndroidDownloadManager/9 (Linux; U; Android 9; SM-A105M Build/PPR1.180610.011)" "-"
217.76.130.90 - - [20/Nov/2019:02:29:11 +0100] "POST /wp-cron.php?doing_wp_cron=1574213351.3549630641937255859375 HTTP/1.1" 200 3389 "https://amazingsportwear.com/wp-cron.php?doing_wp_cron=1574213351.3549630641937255859375" "WordPress/5.2.4; https://amazingsportwear.com" "-"
52.247.7.163 - - [20/Nov/2019:02:29:10 +0100] "GET /tienda/212-pantalon-leggin-bristol-sa-0406.html HTTP/1.1" 404 72339 "-" "Mozilla/5.0 (compatible; bingbot/2.0; +http://www.bing.com/bingbot.htm)" "-"
185.220.101.15 - - [20/Nov/2019:02:29:24 +0100] "POST /xmlrpc.php HTTP/1.1" 200 3949 "-" "Mozilla/5.0 (Windows NT 10.0; Win64; x64; rv:68.0) Gecko/20100101 Firefox/68.0" "-"
201.176.220.113 - - [20/Nov/2019:02:30:13 +0100] "GET /wp-content/uploads/2019/04/Gorra-sport-10.png HTTP/1.1" 200 60388 "-" "AndroidDownloadManager/9 (Linux; U; Android 9; SM-A105M Build/PPR1.180610.011)" "-"
217.76.130.90 - - [20/Nov/2019:02:32:16 +0100] "POST /wp-cron.php?doing_wp_cron=1574213536.1127979755401611328125 HTTP/1.1" 200 3389 "https://amazingsportwear.com/wp-cron.php?doing_wp_cron=1574213536.1127979755401611328125" "WordPress/5.2.4; https://amazingsportwear.com" "-"
66.249.66.68 - - [20/Nov/2019:02:32:15 +0100] "GET /atletismo/196-oferta-pantalon-corto-atletismo.html HTTP/1.1" 404 72325 "-" "Mozilla/5.0 (Linux; Android 6.0.1; Nexus 5X Build/MMB29P) AppleWebKit/537.36 (KHTML, like Gecko) Chrome/41.0.2272.96 Mobile Safari/537.36 (compatible; Googlebot/2.1; +http://www.google.com/bot.html)" "-"
161.132.211.81 - - [20/Nov/2019:02:39:51 +0100] "GET /wp-content/uploads/2019/04/Llavero-metalico-futbol-3.png HTTP/1.1" 200 46821 "https://www.google.com/" "Mozilla/5.0 (Macintosh; Intel Mac OS X 10_14_6) AppleWebKit/537.36 (KHTML, like Gecko) Chrome/78.0.3904.108 Safari/537.36" "-"
217.76.130.90 - - [20/Nov/2019:02:42:02 +0100] "POST /wp-cron.php?doing_wp_cron=1574214122.8722240924835205078125 HTTP/1.1" 200 3389 "https://amazingsportwear.com/wp-cron.php?doing_wp_cron=1574214122.8722240924835205078125" "WordPress/5.2.4; https://amazingsportwear.com" "-"
66.249.66.70 - - [20/Nov/2019:02:42:02 +0100] "GET /categoria-producto/inicio/ropa-amazing-sport-wear/atletismo-ropa-amazing-sport-wear/ HTTP/1.1" 200 51355 "-" "Mozilla/5.0 (compatible; Googlebot/2.1; +http://www.google.com/bot.html)" "-"
66.249.66.68 - - [20/Nov/2019:02:42:07 +0100] "POST /?wc-ajax=get_refreshed_fragments HTTP/1.1" 200 4760 "https://amazingsportwear.com/categoria-producto/inicio/ropa-amazing-sport-wear/atletismo-ropa-amazing-sport-wear/" "Mozilla/5.0 AppleWebKit/537.36 (KHTML, like Gecko; compatible; Googlebot/2.1; +http://www.google.com/bot.html) Safari/537.36" "_ga=GA1.2.2114912494.1574208000; _gid=GA1.2.931330593.1574208000; _gat_gtag_UA_91619287_1=1"
201.174.71.50 - - [20/Nov/2019:02:44:32 +0100] "GET /wp-content/uploads/2019/04/Gorra-sport-6.png HTTP/1.1" 200 44623 "https://www.google.com/" "Mozilla/5.0 (Windows NT 10.0; Win64; x64; rv:70.0) Gecko/20100101 Firefox/70.0" "-"
217.76.130.90 - - [20/Nov/2019:02:45:37 +0100] "POST /wp-cron.php?doing_wp_cron=1574214337.3308570384979248046875 HTTP/1.1" 200 3389 "https://amazingsportwear.com/wp-cron.php?doing_wp_cron=1574214337.3308570384979248046875" "WordPress/5.2.4; https://amazingsportwear.com" "-"
66.249.66.66 - - [20/Nov/2019:02:45:36 +0100] "GET /producto/rinonera-elastica-dorsal-cif-g221/ HTTP/1.1" 200 95210 "-" "Mozilla/5.0 (compatible; Googlebot/2.1; +http://www.google.com/bot.html)" "-"
66.249.66.68 - - [20/Nov/2019:02:45:42 +0100] "POST /?wc-ajax=get_refreshed_fragments HTTP/1.1" 200 4760 "https://amazingsportwear.com/producto/rinonera-elastica-dorsal-cif-g221/" "Mozilla/5.0 AppleWebKit/537.36 (KHTML, like Gecko; compatible; Googlebot/2.1; +http://www.google.com/bot.html) Safari/537.36" "_ga=GA1.2.931330593.1574208000; _gid=GA1.2.2074753562.1574208000; _gat_gtag_UA_91619287_1=1"
217.76.130.90 - - [20/Nov/2019:02:50:59 +0100] "POST /wp-cron.php?doing_wp_cron=1574214659.0626640319824218750000 HTTP/1.1" 200 3389 "https://amazingsportwear.com/wp-cron.php?doing_wp_cron=1574214659.0626640319824218750000" "WordPress/5.2.4; https://amazingsportwear.com" "-"
66.249.66.68 - - [20/Nov/2019:02:50:58 +0100] "GET /categoria-producto/inicio/ropa-amazing-sport-wear/atletismo-ropa-amazing-sport-wear/ HTTP/1.1" 200 51395 "-" "Mozilla/5.0 (Linux; Android 6.0.1; Nexus 5X Build/MMB29P) AppleWebKit/537.36 (KHTML, like Gecko) Chrome/41.0.2272.96 Mobile Safari/537.36 (compatible; Googlebot/2.1; +http://www.google.com/bot.html)" "-"
157.55.39.89 - - [20/Nov/2019:02:50:59 +0100] "GET /tienda/260-rinonera-wanel-cat-5311.html HTTP/1.1" 404 72268 "-" "Mozilla/5.0 (compatible; bingbot/2.0; +http://www.bing.com/bingbot.htm)" "-"
217.76.130.90 - - [20/Nov/2019:02:51:05 +0100] "POST /wp-cron.php?doing_wp_cron=1574214665.3939890861511230468750 HTTP/1.1" 200 3389 "https://amazingsportwear.com/wp-cron.php?doing_wp_cron=1574214665.3939890861511230468750" "WordPress/5.2.4; https://amazingsportwear.com" "-"
66.249.66.68 - - [20/Nov/2019:02:51:04 +0100] "POST /?wc-ajax=get_refreshed_fragments HTTP/1.1" 200 1397 "https://amazingsportwear.com/categoria-producto/inicio/ropa-amazing-sport-wear/atletismo-ropa-amazing-sport-wear/" "Mozilla/5.0 (Linux; Android 6.0.1; Nexus 5X Build/MMB29P) AppleWebKit/537.36 (KHTML, like Gecko) Chrome/41.0.2272.96 Mobile Safari/537.36 (compatible; Googlebot/2.1; +http://www.google.com/bot.html)" "_ga=GA1.2.1884029788.1574208000; _gid=GA1.2.969013651.1574208000; _gat_gtag_UA_91619287_1=1"
217.76.130.90 - - [20/Nov/2019:02:57:56 +0100] "POST /wp-cron.php?doing_wp_cron=1574215076.1753470897674560546875 HTTP/1.1" 200 3389 "https://amazingsportwear.com/wp-cron.php?doing_wp_cron=1574215076.1753470897674560546875" "WordPress/5.2.4; https://amazingsportwear.com" "-"
157.55.39.89 - - [20/Nov/2019:02:57:55 +0100] "GET /categoria-producto/cinco/ HTTP/1.1" 200 53895 "-" "Mozilla/5.0 (compatible; bingbot/2.0; +http://www.bing.com/bingbot.htm)" "-"
179.6.43.183 - - [20/Nov/2019:03:21:41 +0100] "GET /wp-content/uploads/2018/02/SA-6656-todos-1.png HTTP/1.1" 200 58585 "https://www.google.com/" "Mozilla/5.0 (Windows NT 6.1; Win64; x64) AppleWebKit/537.36 (KHTML, like Gecko) Chrome/78.0.3904.108 Safari/537.36" "-"
181.51.32.58 - - [20/Nov/2019:03:31:29 +0100] "GET /wp-content/uploads/2019/04/Gorra-sport-11.png HTTP/1.1" 200 131116 "https://www.google.com.co/" "Mozilla/5.0 (Windows NT 10.0; Win64; x64) AppleWebKit/537.36 (KHTML, like Gecko) Chrome/78.0.3904.97 Safari/537.36" "-"
217.76.130.90 - - [20/Nov/2019:03:31:57 +0100] "POST /wp-cron.php?doing_wp_cron=1574217117.5545890331268310546875 HTTP/1.1" 200 3389 "https://amazingsportwear.com/wp-cron.php?doing_wp_cron=1574217117.5545890331268310546875" "WordPress/5.2.4; https://amazingsportwear.com" "-"
52.247.2.23 - - [20/Nov/2019:03:31:54 +0100] "GET /tienda/133-camiseta-tecnica-media-cremallera-aq-cross.html HTTP/1.1" 404 72371 "-" "Mozilla/5.0 (compatible; bingbot/2.0; +http://www.bing.com/bingbot.htm)" "-"
177.239.90.158 - - [20/Nov/2019:03:33:56 +0100] "GET /wp-content/uploads/2019/04/mochila-humus-1.png HTTP/1.1" 200 120267 "https://www.google.com/" "Mozilla/5.0 (Windows NT 6.3; Win64; x64) AppleWebKit/537.36 (KHTML, like Gecko) Chrome/78.0.3904.108 Safari/537.36" "-"
217.76.130.90 - - [20/Nov/2019:03:36:10 +0100] "POST /wp-cron.php?doing_wp_cron=1574217370.8700850009918212890625 HTTP/1.1" 200 3389 "https://amazingsportwear.com/wp-cron.php?doing_wp_cron=1574217370.8700850009918212890625" "WordPress/5.2.4; https://amazingsportwear.com" "-"
66.249.66.66 - - [20/Nov/2019:03:36:10 +0100] "GET /producto/sudadera-clasica/ HTTP/1.1" 200 101427 "-" "Mozilla/5.0 (Linux; Android 6.0.1; Nexus 5X Build/MMB29P) AppleWebKit/537.36 (KHTML, like Gecko) Chrome/41.0.2272.96 Mobile Safari/537.36 (compatible; Googlebot/2.1; +http://www.google.com/bot.html)" "-"
181.46.140.136 - - [20/Nov/2019:03:36:28 +0100] "GET /wp-content/uploads/2017/01/camis-basket1.jpg HTTP/1.1" 200 123568 "https://www.google.com/" "Mozilla/5.0 (Windows NT 10.0; Win64; x64; rv:70.0) Gecko/20100101 Firefox/70.0" "-"
66.249.66.66 - - [20/Nov/2019:03:36:33 +0100] "GET /categoria-producto/inicio/ropa-amazing-sport-wear/page/2/ HTTP/1.1" 200 77652 "-" "Mozilla/5.0 (Linux; Android 6.0.1; Nexus 5X Build/MMB29P) AppleWebKit/537.36 (KHTML, like Gecko) Chrome/41.0.2272.96 Mobile Safari/537.36 (compatible; Googlebot/2.1; +http://www.google.com/bot.html)" "-"
217.76.130.90 - - [20/Nov/2019:03:51:41 +0100] "POST /wp-cron.php?doing_wp_cron=1574218301.3453838825225830078125 HTTP/1.1" 200 3389 "https://amazingsportwear.com/wp-cron.php?doing_wp_cron=1574218301.3453838825225830078125" "WordPress/5.2.4; https://amazingsportwear.com" "-"
17.58.96.188 - - [20/Nov/2019:03:51:37 +0100] "GET /guia-de-tallas/ HTTP/1.1" 200 84217 "-" "Mozilla/5.0 (Macintosh; Intel Mac OS X 10_10_1) AppleWebKit/600.2.5 (KHTML, like Gecko) Version/8.0.2 Safari/600.2.5 (Applebot/0.1; +http://www.apple.com/go/applebot)" "-"
45.34.14.60 - - [20/Nov/2019:03:51:43 +0100] "GET / HTTP/1.1" 301 336 "-" "Mozilla/5.0 (X11; Linux x86_64) AppleWebKit/537.36 (KHTML, like Gecko) SamsungBrowser/6.4 Chrome/56.0.2924.87 Safari/537.36" "-"
17.58.96.188 - - [20/Nov/2019:03:51:45 +0100] "GET / HTTP/1.1" 200 122379 "-" "Mozilla/5.0 (Macintosh; Intel Mac OS X 10_10_1) AppleWebKit/600.2.5 (KHTML, like Gecko) Version/8.0.2 Safari/600.2.5 (Applebot/0.1; +http://www.apple.com/go/applebot)" "-"
45.34.14.60 - - [20/Nov/2019:03:51:45 +0100] "GET / HTTP/1.1" 200 125745 "-" "Mozilla/5.0 (X11; Linux x86_64) AppleWebKit/537.36 (KHTML, like Gecko) SamsungBrowser/6.4 Chrome/56.0.2924.87 Safari/537.36" "wpfront-notification-bar-landingpage=1"
45.34.14.60 - - [20/Nov/2019:03:51:48 +0100] "GET /contacta-con-nosotros/ HTTP/1.1" 200 62352 "http://amazingsportwear.com" "Mozilla/5.0 (X11; Linux x86_64) AppleWebKit/537.36 (KHTML, like Gecko) SamsungBrowser/6.4 Chrome/56.0.2924.87 Safari/537.36" "wpfront-notification-bar-landingpage=1"
190.40.184.52 - - [20/Nov/2019:03:52:17 +0100] "GET /wp-content/uploads/2019/04/gorra-kisse-9.png HTTP/1.1" 200 88809 "https://www.google.com/" "Mozilla/5.0 (Windows NT 6.2; WOW64) AppleWebKit/537.36 (KHTML, like Gecko) Chrome/78.0.3904.97 Safari/537.36" "-"
190.40.184.52 - - [20/Nov/2019:03:52:17 +0100] "GET /wp-content/uploads/2019/04/Gorra-sport-12.png HTTP/1.1" 200 95678 "https://www.google.com/" "Mozilla/5.0 (Windows NT 6.2; WOW64) AppleWebKit/537.36 (KHTML, like Gecko) Chrome/78.0.3904.97 Safari/537.36" "-"
217.76.130.90 - - [20/Nov/2019:03:52:40 +0100] "POST /wp-cron.php?doing_wp_cron=1574218360.9715349674224853515625 HTTP/1.1" 200 164 "http://amazingsportwear.com/wp-cron.php?doing_wp_cron=1574218360.9715349674224853515625" "WordPress/5.2.4; https://amazingsportwear.com" "-"
66.249.66.87 - - [20/Nov/2019:03:52:40 +0100] "GET /tienda/97-camiseta-tecnica-dryfresh-cif-t569.html HTTP/1.1" 404 68099 "-" "Mozilla/5.0 (Linux; Android 6.0.1; Nexus 5X Build/MMB29P) AppleWebKit/537.36 (KHTML, like Gecko) Chrome/41.0.2272.96 Mobile Safari/537.36 (compatible; Googlebot/2.1; +http://www.google.com/bot.html)" "-"
217.76.130.90 - - [20/Nov/2019:03:53:04 +0100] "POST /wp-cron.php?doing_wp_cron=1574218384.0612609386444091796875 HTTP/1.1" 200 3389 "https://amazingsportwear.com/wp-cron.php?doing_wp_cron=1574218384.0612609386444091796875" "WordPress/5.2.4; https://amazingsportwear.com" "-"
52.247.7.166 - - [20/Nov/2019:03:53:03 +0100] "GET /etiqueta-producto/bidon-match/ HTTP/1.1" 200 54017 "-" "Mozilla/5.0 (compatible; bingbot/2.0; +http://www.bing.com/bingbot.htm)" "-"
217.76.130.90 - - [20/Nov/2019:03:56:00 +0100] "POST /wp-cron.php?doing_wp_cron=1574218560.5761930942535400390625 HTTP/1.1" 200 164 "http://amazingsportwear.com/wp-cron.php?doing_wp_cron=1574218560.5761930942535400390625" "WordPress/5.2.4; https://amazingsportwear.com" "-"
23.226.211.112 - - [20/Nov/2019:03:55:58 +0100] "GET / HTTP/1.1" 301 336 "-" "Mozilla/5.0 (Windows NT 10.0; Win64; x64; rv:64.0) Gecko/20100101 Firefox/64.0" "-"
23.226.211.176 - - [20/Nov/2019:03:56:01 +0100] "GET / HTTP/1.1" 200 125555 "-" "Mozilla/5.0 (Windows NT 10.0; Win64; x64; rv:64.0) Gecko/20100101 Firefox/64.0" "wpfront-notification-bar-landingpage=1; APSERVER_ID=037b38e0d0edfadd6c7fc7d19d4cdeeea8b82cfb1eb687cefd597488172d3da0"
104.222.33.253 - - [20/Nov/2019:03:56:05 +0100] "GET /wp-content/uploads/2019/05/cropped-favicon-nuevo-logo-amazinf-128px-32x32.png HTTP/1.1" 200 4392 "-" "Mozilla/5.0 (Windows NT 10.0; Win64; x64; rv:64.0) Gecko/20100101 Firefox/64.0" "-"
217.76.130.90 - - [20/Nov/2019:03:58:21 +0100] "POST /wp-cron.php?doing_wp_cron=1574218701.5830359458923339843750 HTTP/1.1" 200 3389 "https://amazingsportwear.com/wp-cron.php?doing_wp_cron=1574218701.5830359458923339843750" "WordPress/5.2.4; https://amazingsportwear.com" "-"
66.249.66.68 - - [20/Nov/2019:03:58:19 +0100] "POST /?wc-ajax=get_refreshed_fragments HTTP/1.1" 200 4760 "https://amazingsportwear.com/" "Mozilla/5.0 AppleWebKit/537.36 (KHTML, like Gecko; compatible; Googlebot/2.1; +http://www.google.com/bot.html) Safari/537.36" "-"
217.76.130.90 - - [20/Nov/2019:04:03:10 +0100] "POST /wp-cron.php?doing_wp_cron=1574218989.9466040134429931640625 HTTP/1.1" 200 3389 "https://amazingsportwear.com/wp-cron.php?doing_wp_cron=1574218989.9466040134429931640625" "WordPress/5.2.4; https://amazingsportwear.com" "-"
66.249.66.68 - - [20/Nov/2019:04:03:07 +0100] "GET /categoria-producto/mujer/polostecnicos-mujer/ HTTP/1.1" 200 67025 "-" "Mozilla/5.0 (Linux; Android 6.0.1; Nexus 5X Build/MMB29P) AppleWebKit/537.36 (KHTML, like Gecko) Chrome/41.0.2272.96 Mobile Safari/537.36 (compatible; Googlebot/2.1; +http://www.google.com/bot.html)" "-"
66.249.66.66 - - [20/Nov/2019:04:03:13 +0100] "POST /?wc-ajax=get_refreshed_fragments HTTP/1.1" 200 4760 "https://amazingsportwear.com/categoria-producto/mujer/polostecnicos-mujer/" "Mozilla/5.0 (Linux; Android 6.0.1; Nexus 5X Build/MMB29P) AppleWebKit/537.36 (KHTML, like Gecko) Chrome/41.0.2272.96 Mobile Safari/537.36 (compatible; Googlebot/2.1; +http://www.google.com/bot.html)" "_ga=GA1.2.1884029788.1574208000; _gid=GA1.2.969013651.1574208000; _gat_gtag_UA_91619287_1=1"
217.76.130.90 - - [20/Nov/2019:04:11:16 +0100] "POST /wp-cron.php?doing_wp_cron=1574219476.6364159584045410156250 HTTP/1.1" 200 3389 "https://amazingsportwear.com/wp-cron.php?doing_wp_cron=1574219476.6364159584045410156250" "WordPress/5.2.4; https://amazingsportwear.com" "-"
217.76.130.90 - - [20/Nov/2019:04:11:16 +0100] "POST /wp-cron.php?doing_wp_cron=1574219476.6363790035247802734375 HTTP/1.1" 200 3389 "https://amazingsportwear.com/wp-cron.php?doing_wp_cron=1574219476.6363790035247802734375" "WordPress/5.2.4; https://amazingsportwear.com" "-"
207.46.13.228 - - [20/Nov/2019:04:11:13 +0100] "GET /robots.txt HTTP/1.1" 200 2297 "-" "Mozilla/5.0 (compatible; bingbot/2.0; +http://www.bing.com/bingbot.htm)" "-"
207.46.13.228 - - [20/Nov/2019:04:11:17 +0100] "GET /robots.txt HTTP/1.1" 200 3939 "-" "Mozilla/5.0 (compatible; bingbot/2.0; +http://www.bing.com/bingbot.htm)" "-"
157.55.39.89 - - [20/Nov/2019:04:11:13 +0100] "GET /producto/cullot-deportivo-mujer-cat-4718/ HTTP/1.1" 200 101993 "-" "Mozilla/5.0 (compatible; bingbot/2.0; +http://www.bing.com/bingbot.htm)" "-"
217.76.130.90 - - [20/Nov/2019:04:16:52 +0100] "POST /wp-cron.php?doing_wp_cron=1574219812.4691801071166992187500 HTTP/1.1" 200 3389 "https://amazingsportwear.com/wp-cron.php?doing_wp_cron=1574219812.4691801071166992187500" "WordPress/5.2.4; https://amazingsportwear.com" "-"
157.55.39.89 - - [20/Nov/2019:04:16:50 +0100] "GET /producto/camiseta-tecnica-giro-aq-giro/ HTTP/1.1" 200 102457 "-" "Mozilla/5.0 (compatible; bingbot/2.0; +http://www.bing.com/bingbot.htm)" "-"
200.125.231.250 - - [20/Nov/2019:04:17:50 +0100] "GET /wp-content/uploads/2019/04/gorra-bayet-1-300x300.png HTTP/1.1" 200 71160 "https://www.google.com/" "Mozilla/5.0 (Windows NT 10.0; Win64; x64) AppleWebKit/537.36 (KHTML, like Gecko) Chrome/78.0.3904.97 Safari/537.36" "-"
217.76.130.90 - - [20/Nov/2019:04:18:31 +0100] "POST /wp-cron.php?doing_wp_cron=1574219911.7025790214538574218750 HTTP/1.1" 200 3389 "https://amazingsportwear.com/wp-cron.php?doing_wp_cron=1574219911.7025790214538574218750" "WordPress/5.2.4; https://amazingsportwear.com" "-"
157.55.39.89 - - [20/Nov/2019:04:18:31 +0100] "GET /?controller=contact HTTP/1.1" 200 125822 "-" "Mozilla/5.0 (compatible; bingbot/2.0; +http://www.bing.com/bingbot.htm)" "-"
157.55.39.89 - - [20/Nov/2019:04:18:38 +0100] "GET /ofertas/ HTTP/1.1" 200 73378 "-" "Mozilla/5.0 (compatible; bingbot/2.0; +http://www.bing.com/bingbot.htm)" "-"
217.76.130.90 - - [20/Nov/2019:04:21:29 +0100] "POST /wp-cron.php?doing_wp_cron=1574220089.5015180110931396484375 HTTP/1.1" 200 3389 "https://amazingsportwear.com/wp-cron.php?doing_wp_cron=1574220089.5015180110931396484375" "WordPress/5.2.4; https://amazingsportwear.com" "-"
52.247.7.163 - - [20/Nov/2019:04:21:28 +0100] "GET /aviso-legal/ HTTP/1.1" 200 58777 "-" "Mozilla/5.0 (compatible; bingbot/2.0; +http://www.bing.com/bingbot.htm)" "-"
217.76.130.90 - - [20/Nov/2019:04:24:05 +0100] "POST /wp-cron.php?doing_wp_cron=1574220245.7606549263000488281250 HTTP/1.1" 200 164 "http://amazingsportwear.com/wp-cron.php?doing_wp_cron=1574220245.7606549263000488281250" "WordPress/5.2.4; https://amazingsportwear.com" "-"
52.247.2.23 - - [20/Nov/2019:04:24:04 +0100] "GET /atletismo/182-chaleco-cortavientos-sublimado-asw.html HTTP/1.1" 404 68087 "-" "Mozilla/5.0 (iPhone; CPU iPhone OS 7_0 like Mac OS X) AppleWebKit/537.51.1 (KHTML, like Gecko) Version/7.0 Mobile/11A465 Safari/9537.53 (compatible; bingbot/2.0; +http://www.bing.com/bingbot.htm)" "-"
179.6.203.143 - - [20/Nov/2019:04:26:27 +0100] "GET /wp-content/uploads/2019/04/Gorra-sport-6.png HTTP/1.1" 200 44623 "https://www.google.com/" "Mozilla/5.0 (Windows NT 10.0; Win64; x64) AppleWebKit/537.36 (KHTML, like Gecko) Chrome/78.0.3904.97 Safari/537.36" "-"
217.76.130.90 - - [20/Nov/2019:04:37:57 +0100] "POST /wp-cron.php?doing_wp_cron=1574221077.8566880226135253906250 HTTP/1.1" 200 3389 "https://amazingsportwear.com/wp-cron.php?doing_wp_cron=1574221077.8566880226135253906250" "WordPress/5.2.4; https://amazingsportwear.com" "-"
112.64.52.68 - - [20/Nov/2019:04:37:55 +0100] "GET /categoria-producto/mujer/faldas/ HTTP/1.1" 200 56816 "-" "Mozilla/5.0(Linux;Android 5.1.1;OPPO A33 Build/LMY47V;wv) AppleWebKit/537.36(KHTML,link Gecko) Version/4.0 Chrome/42.0.2311.138 Mobile Safari/537.36 Mb2345Browser/9.0" "-"
66.249.66.66 - - [20/Nov/2019:04:45:42 +0100] "GET /wp-content/plugins/elementor/assets/lib/font-awesome/css/font-awesome.min.css?ver=4.7.0 HTTP/1.1" 200 34728 "https://amazingsportwear.com/" "Mozilla/5.0 AppleWebKit/537.36 (KHTML, like Gecko; compatible; Googlebot/2.1; +http://www.google.com/bot.html) Safari/537.36" "wpfront-notification-bar-landingpage=1"
217.76.130.90 - - [20/Nov/2019:04:45:44 +0100] "POST /wp-cron.php?doing_wp_cron=1574221544.0053200721740722656250 HTTP/1.1" 200 3389 "https://amazingsportwear.com/wp-cron.php?doing_wp_cron=1574221544.0053200721740722656250" "WordPress/5.2.4; https://amazingsportwear.com" "-"
66.249.66.66 - - [20/Nov/2019:04:45:43 +0100] "POST /?wc-ajax=get_refreshed_fragments HTTP/1.1" 200 1345 "https://amazingsportwear.com/" "Mozilla/5.0 AppleWebKit/537.36 (KHTML, like Gecko; compatible; Googlebot/2.1; +http://www.google.com/bot.html) Safari/537.36" "wpfront-notification-bar-landingpage=1; _ga=GA1.2.2114912494.1574206596; _gid=GA1.2.931330593.1574206596; _gat_gtag_UA_91619287_1=1"
66.249.66.66 - - [20/Nov/2019:04:45:48 +0100] "GET /favicon.ico HTTP/1.1" 200 259 "-" "Googlebot-Image/1.0" "-"
217.76.130.90 - - [20/Nov/2019:04:49:50 +0100] "POST /wp-cron.php?doing_wp_cron=1574221790.1587018966674804687500 HTTP/1.1" 200 3389 "https://amazingsportwear.com/wp-cron.php?doing_wp_cron=1574221790.1587018966674804687500" "WordPress/5.2.4; https://amazingsportwear.com" "-"
157.55.39.74 - - [20/Nov/2019:04:49:49 +0100] "GET /categoria-producto/carpas/ HTTP/1.1" 200 60456 "-" "Mozilla/5.0 (compatible; bingbot/2.0; +http://www.bing.com/bingbot.htm)" "-"
187.190.20.111 - - [20/Nov/2019:04:52:21 +0100] "GET /wp-content/uploads/2019/04/Gorra-sport-10.png HTTP/1.1" 200 60426 "https://www.google.com/" "Mozilla/5.0 (Windows NT 10.0; Win64; x64; rv:70.0) Gecko/20100101 Firefox/70.0" "-"
177.248.216.112 - - [20/Nov/2019:04:52:45 +0100] "GET /wp-content/uploads/2019/04/Gorra-sport-12.png HTTP/1.1" 200 95673 "https://www.kapwing.com/studio/editor/search" "Mozilla/5.0 (Linux; Android 6.0; CAM-L03) AppleWebKit/537.36 (KHTML, like Gecko) Chrome/78.0.3904.96 Mobile Safari/537.36" "-"
217.76.130.90 - - [20/Nov/2019:04:57:06 +0100] "POST /wp-cron.php?doing_wp_cron=1574222226.7188820838928222656250 HTTP/1.1" 200 3389 "https://amazingsportwear.com/wp-cron.php?doing_wp_cron=1574222226.7188820838928222656250" "WordPress/5.2.4; https://amazingsportwear.com" "-"
157.55.39.74 - - [20/Nov/2019:04:57:05 +0100] "GET /favicon-nuevo-logo-amazinf-128px/ HTTP/1.1" 301 3819 "-" "Mozilla/5.0 (compatible; bingbot/2.0; +http://www.bing.com/bingbot.htm)" "-"
95.163.255.89 - - [20/Nov/2019:04:57:44 +0100] "GET /robots.txt HTTP/1.0" 200 3780 "-" "Mozilla/5.0 (compatible; Linux x86_64; Mail.RU_Bot/2.0; +http://go.mail.ru/help/robots)" "-"
95.163.255.83 - - [20/Nov/2019:04:57:49 +0100] "GET /21-tenis-padel HTTP/1.1" 404 72194 "-" "Mozilla/5.0 (compatible; Linux x86_64; Mail.RU_Bot/2.0; +http://go.mail.ru/help/robots)" "-"
49.231.232.19 - - [20/Nov/2019:05:06:09 +0100] "GET /wp-content/uploads/2019/04/Gorra-sport-10.png HTTP/1.1" 200 60231 "https://www.google.com/" "Mozilla/5.0 (iPhone; CPU iPhone OS 13_1 like Mac OS X) AppleWebKit/605.1.15 (KHTML, like Gecko) CriOS/78.0.3904.84 Mobile/15E148 Safari/604.1" "-"
217.76.130.90 - - [20/Nov/2019:05:25:08 +0100] "POST /wp-cron.php?doing_wp_cron=1574223908.7334508895874023437500 HTTP/1.1" 200 3389 "https://amazingsportwear.com/wp-cron.php?doing_wp_cron=1574223908.7334508895874023437500" "WordPress/5.2.4; https://amazingsportwear.com" "-"
207.46.13.47 - - [20/Nov/2019:05:25:06 +0100] "GET /etiqueta-producto/tapon-rosca/ HTTP/1.1" 200 54017 "-" "Mozilla/5.0 (compatible; bingbot/2.0; +http://www.bing.com/bingbot.htm)" "-"
217.76.130.90 - - [20/Nov/2019:05:35:38 +0100] "POST /wp-cron.php?doing_wp_cron=1574224538.5175030231475830078125 HTTP/1.1" 200 3389 "https://amazingsportwear.com/wp-cron.php?doing_wp_cron=1574224538.5175030231475830078125" "WordPress/5.2.4; https://amazingsportwear.com" "-"
157.55.39.74 - - [20/Nov/2019:05:35:37 +0100] "GET /producto/mochila-humus/ HTTP/1.1" 200 97272 "-" "Mozilla/5.0 (compatible; bingbot/2.0; +http://www.bing.com/bingbot.htm)" "-"
217.76.130.90 - - [20/Nov/2019:05:41:59 +0100] "POST /wp-cron.php?doing_wp_cron=1574224919.4300029277801513671875 HTTP/1.1" 200 164 "http://amazingsportwear.com/wp-cron.php?doing_wp_cron=1574224919.4300029277801513671875" "WordPress/5.2.4; https://amazingsportwear.com" "-"
104.222.33.67 - - [20/Nov/2019:05:41:58 +0100] "GET / HTTP/1.1" 301 336 "-" "Mozilla/5.0 (Windows NT 10.0; Win64; x64; rv:64.0) Gecko/20100101 Firefox/64.0" "-"
104.222.33.112 - - [20/Nov/2019:05:42:00 +0100] "GET / HTTP/1.1" 200 125540 "-" "Mozilla/5.0 (Windows NT 10.0; Win64; x64; rv:64.0) Gecko/20100101 Firefox/64.0" "wpfront-notification-bar-landingpage=1; APSERVER_ID=42ae5420b1748fb8aa5790bbafded4b171107fb5a40a5b554c6d41e6f7bd933b"
104.222.43.150 - - [20/Nov/2019:05:42:04 +0100] "GET /wp-content/uploads/2019/05/cropped-favicon-nuevo-logo-amazinf-128px-32x32.png HTTP/1.1" 200 4392 "-" "Mozilla/5.0 (Windows NT 10.0; Win64; x64; rv:64.0) Gecko/20100101 Firefox/64.0" "-"
217.76.130.90 - - [20/Nov/2019:05:42:43 +0100] "POST /wp-cron.php?doing_wp_cron=1574224963.2199480533599853515625 HTTP/1.1" 200 164 "http://amazingsportwear.com/wp-cron.php?doing_wp_cron=1574224963.2199480533599853515625" "WordPress/5.2.4; https://amazingsportwear.com" "-"
54.188.109.138 - - [20/Nov/2019:05:42:42 +0100] "GET / HTTP/1.1" 301 279 "-" "Go-http-client/1.1" "-"
189.164.14.195 - - [20/Nov/2019:05:54:18 +0100] "GET /wp-content/uploads/2019/04/Gorra-sport-10.png HTTP/1.1" 200 60426 "https://www.google.com/" "Mozilla/5.0 (Windows NT 6.1; Win64; x64) AppleWebKit/537.36 (KHTML, like Gecko) Chrome/78.0.3904.97 Safari/537.36" "-"
217.76.130.90 - - [20/Nov/2019:06:01:35 +0100] "POST /wp-cron.php?doing_wp_cron=1574226095.2222869396209716796875 HTTP/1.1" 200 3389 "https://amazingsportwear.com/wp-cron.php?doing_wp_cron=1574226095.2222869396209716796875" "WordPress/5.2.4; https://amazingsportwear.com" "-"
128.14.133.58 - - [20/Nov/2019:06:01:34 +0100] "GET / HTTP/1.1" 200 125530 "-" "Mozilla/5.0 (Windows NT 10.0; Win64; x64) AppleWebKit/537.36 (KHTML, like Gecko) Chrome/60.0.3112.113 Safari/537.36" "-"
52.247.2.23 - - [20/Nov/2019:06:01:41 +0100] "GET /22-tienda?p=2 HTTP/1.1" 404 68046 "-" "Mozilla/5.0 (compatible; bingbot/2.0; +http://www.bing.com/bingbot.htm)" "-"
217.76.130.90 - - [20/Nov/2019:06:05:49 +0100] "POST /wp-cron.php?doing_wp_cron=1574226349.3433248996734619140625 HTTP/1.1" 200 164 "http://amazingsportwear.com/wp-cron.php?doing_wp_cron=1574226349.3433248996734619140625" "WordPress/5.2.4; https://amazingsportwear.com" "-"
23.226.211.211 - - [20/Nov/2019:06:05:48 +0100] "GET / HTTP/1.1" 301 336 "-" "Mozilla/5.0 (Windows NT 10.0; Win64; x64; rv:64.0) Gecko/20100101 Firefox/64.0" "-"
23.239.180.168 - - [20/Nov/2019:06:05:50 +0100] "GET / HTTP/1.1" 200 125565 "-" "Mozilla/5.0 (Windows NT 10.0; Win64; x64; rv:64.0) Gecko/20100101 Firefox/64.0" "wpfront-notification-bar-landingpage=1; APSERVER_ID=af55cb09d9f4aca355c85ea949022a54a55e4b1ecec0ae1b82f17828bff1720f"
104.222.43.254 - - [20/Nov/2019:06:05:53 +0100] "GET /wp-content/uploads/2019/05/cropped-favicon-nuevo-logo-amazinf-128px-32x32.png HTTP/1.1" 200 4392 "-" "Mozilla/5.0 (Windows NT 10.0; Win64; x64; rv:64.0) Gecko/20100101 Firefox/64.0" "-"
66.249.66.70 - - [20/Nov/2019:06:26:16 +0100] "GET /favicon.ico HTTP/1.1" 200 3622 "-" "Googlebot-Image/1.0" "-"
217.76.130.90 - - [20/Nov/2019:06:56:00 +0100] "POST /wp-cron.php?doing_wp_cron=1574229360.5853860378265380859375 HTTP/1.1" 200 3389 "https://amazingsportwear.com/wp-cron.php?doing_wp_cron=1574229360.5853860378265380859375" "WordPress/5.2.4; https://amazingsportwear.com" "-"
95.24.22.178 - - [20/Nov/2019:06:55:58 +0100] "GET / HTTP/1.1" 200 127426 "https://yandex.ru/clck/jsredir?from=yandex.ru%3Bsearch%3Bweb%3B%3B&text=&etext=8716.AIhwqjilIzUx6hTMif1EzjA0zll0gwLVHPOZ6ETRlxE3fJcoG2nL4vHPt-7cnz0R.8f03e5df9e503fc928a598452eceb20c5f38679f&uuid=&state=_BLhILn4SxNIvvL0W45KSic66uCIg23qh8iRG98qeIXmeppkgUc0YFUVNhHyyhJgRFg5yeLMIWU&data=UlNrNmk5WktYejY4cHFySjRXSWhXTWxOUTY4WEpkb0JyRC00VEVzcnFRTldMQUdPU0l1RVFPbHlQSk5iS1dfZGJWNmdwS0tZdDJPZ1hzMW9CNXQ1aTZYcXNfbzBlUEtwUF96MU5mT25XX28&b64e=2&sign=54222f77e58370dc3deea519577ae2b8&keyno=0&cst=AiuY0DBWFJ7IXge4WdYJQYpgPUyh7uQltMlJ-aVZGgbL2J6_xA1upnyu_nw9irsZ7pD_BLHqfdMnzvJ-7pIdgsnx9DgIssgkXMA29mqT4mTFqc2_Z5qbP6pAZpvMxEqXFj2Ppniq8aM5-YglyvNQbAHX2gpMRVIs&ref=orjY4mGPRjk5boDnW0uvlrrd71vZw9kp5uQozpMtKCX9U1h5sqoIO5r7CAHIsBoGHQ3xZSqfZqBxShyXWLP7x3puVeshOy9RuBVz21as79Z8Rtk7K7iMJysSqO9VA63h&l10n=ru&cts=1574223018397&mc=3.78362530537" "Mozilla/5.0 (compatible; MSIE 10.0; Windows NT 6.1; WOW64; Trident/6.0; Touch; MASMJS)" "-"
95.24.22.178 - - [20/Nov/2019:06:56:01 +0100] "GET /wp-content/plugins/wpfront-notification-bar/css/wpfront-notification-bar.css?ver=1.7.1 HTTP/1.1" 200 3915 "https://amazingsportwear.com/" "Mozilla/5.0 (compatible; MSIE 10.0; Windows NT 6.1; WOW64; Trident/6.0; Touch; MASMJS)" "wpfront-notification-bar-landingpage=1"
95.24.22.178 - - [20/Nov/2019:06:56:01 +0100] "GET /wp-content/plugins/cookie-law-info/public/css/cookie-law-info-public.css?ver=1.7.6 HTTP/1.1" 200 3483 "https://amazingsportwear.com/" "Mozilla/5.0 (compatible; MSIE 10.0; Windows NT 6.1; WOW64; Trident/6.0; Touch; MASMJS)" "wpfront-notification-bar-landingpage=1"
95.24.22.178 - - [20/Nov/2019:06:56:01 +0100] "GET /wp-content/plugins/cookie-law-info/public/css/cookie-law-info-gdpr.css?ver=1.7.6 HTTP/1.1" 200 12683 "https://amazingsportwear.com/" "Mozilla/5.0 (compatible; MSIE 10.0; Windows NT 6.1; WOW64; Trident/6.0; Touch; MASMJS)" "wpfront-notification-bar-landingpage=1"
95.24.22.178 - - [20/Nov/2019:06:56:01 +0100] "GET /wp-content/plugins/woocommerce/assets/css/blocks/style.css?ver=3.6.4 HTTP/1.1" 200 6939 "https://amazingsportwear.com/" "Mozilla/5.0 (compatible; MSIE 10.0; Windows NT 6.1; WOW64; Trident/6.0; Touch; MASMJS)" "wpfront-notification-bar-landingpage=1"
95.24.22.178 - - [20/Nov/2019:06:56:01 +0100] "GET /wp-includes/css/dist/block-library/style.min.css?ver=5.2.4 HTTP/1.1" 200 29936 "https://amazingsportwear.com/" "Mozilla/5.0 (compatible; MSIE 10.0; Windows NT 6.1; WOW64; Trident/6.0; Touch; MASMJS)" "wpfront-notification-bar-landingpage=1"
95.24.22.178 - - [20/Nov/2019:06:56:02 +0100] "GET /wp-content/plugins/smart-slider-3/library/media/smartslider.min.css?1559118093 HTTP/1.1" 200 20240 "https://amazingsportwear.com/" "Mozilla/5.0 (compatible; MSIE 10.0; Windows NT 6.1; WOW64; Trident/6.0; Touch; MASMJS)" "wpfront-notification-bar-landingpage=1"
95.24.22.178 - - [20/Nov/2019:06:56:02 +0100] "GET /wp-content/plugins/simple-social-icons/css/style.css?ver=3.0.1 HTTP/1.1" 200 1803 "https://amazingsportwear.com/" "Mozilla/5.0 (compatible; MSIE 10.0; Windows NT 6.1; WOW64; Trident/6.0; Touch; MASMJS)" "wpfront-notification-bar-landingpage=1"
95.24.22.178 - - [20/Nov/2019:06:56:02 +0100] "GET /wp-content/uploads/elementor/css/global.css?ver=1559638744 HTTP/1.1" 200 5387 "https://amazingsportwear.com/" "Mozilla/5.0 (compatible; MSIE 10.0; Windows NT 6.1; WOW64; Trident/6.0; Touch; MASMJS)" "wpfront-notification-bar-landingpage=1"
95.24.22.178 - - [20/Nov/2019:06:56:02 +0100] "GET /wp-content/plugins/cookie-law-info/public/js/cookie-law-info-public.js?ver=1.7.6 HTTP/1.1" 200 17360 "https://amazingsportwear.com/" "Mozilla/5.0 (compatible; MSIE 10.0; Windows NT 6.1; WOW64; Trident/6.0; Touch; MASMJS)" "wpfront-notification-bar-landingpage=1"
95.24.22.178 - - [20/Nov/2019:06:56:02 +0100] "GET /wp-content/plugins/elementor/assets/lib/animations/animations.min.css?ver=2.5.16 HTTP/1.1" 200 19120 "https://amazingsportwear.com/" "Mozilla/5.0 (compatible; MSIE 10.0; Windows NT 6.1; WOW64; Trident/6.0; Touch; MASMJS)" "wpfront-notification-bar-landingpage=1"
95.24.22.178 - - [20/Nov/2019:06:56:02 +0100] "GET /wp-content/plugins/elementor/assets/lib/font-awesome/css/font-awesome.min.css?ver=4.7.0 HTTP/1.1" 200 31648 "https://amazingsportwear.com/" "Mozilla/5.0 (compatible; MSIE 10.0; Windows NT 6.1; WOW64; Trident/6.0; Touch; MASMJS)" "wpfront-notification-bar-landingpage=1"
95.24.22.178 - - [20/Nov/2019:06:56:02 +0100] "GET /wp-includes/js/jquery/jquery-migrate.min.js?ver=1.4.1 HTTP/1.1" 200 10635 "https://amazingsportwear.com/" "Mozilla/5.0 (compatible; MSIE 10.0; Windows NT 6.1; WOW64; Trident/6.0; Touch; MASMJS)" "wpfront-notification-bar-landingpage=1"
95.24.22.178 - - [20/Nov/2019:06:56:02 +0100] "GET /wp-content/plugins/elementor/assets/lib/eicons/css/elementor-icons.min.css?ver=4.3.0 HTTP/1.1" 200 12091 "https://amazingsportwear.com/" "Mozilla/5.0 (compatible; MSIE 10.0; Windows NT 6.1; WOW64; Trident/6.0; Touch; MASMJS)" "wpfront-notification-bar-landingpage=1"
95.24.22.178 - - [20/Nov/2019:06:56:02 +0100] "GET /wp-content/plugins/wpfront-notification-bar/js/wpfront-notification-bar.js?ver=1.7.1 HTTP/1.1" 200 5899 "https://amazingsportwear.com/" "Mozilla/5.0 (compatible; MSIE 10.0; Windows NT 6.1; WOW64; Trident/6.0; Touch; MASMJS)" "wpfront-notification-bar-landingpage=1"
95.24.22.178 - - [20/Nov/2019:06:56:02 +0100] "GET /wp-content/plugins/wpfront-notification-bar/jquery-plugins/jquery.c.js?ver=1.4.0 HTTP/1.1" 200 3675 "https://amazingsportwear.com/" "Mozilla/5.0 (compatible; MSIE 10.0; Windows NT 6.1; WOW64; Trident/6.0; Touch; MASMJS)" "wpfront-notification-bar-landingpage=1"
95.24.22.178 - - [20/Nov/2019:06:56:02 +0100] "GET /wp-content/plugins/simple-social-icons/svgxuse.js?ver=1.1.21 HTTP/1.1" 200 9819 "https://amazingsportwear.com/" "Mozilla/5.0 (compatible; MSIE 10.0; Windows NT 6.1; WOW64; Trident/6.0; Touch; MASMJS)" "wpfront-notification-bar-landingpage=1"
95.24.22.178 - - [20/Nov/2019:06:56:02 +0100] "GET /wp-content/uploads/elementor/css/post-16241.css?ver=1562311573 HTTP/1.1" 200 5179 "https://amazingsportwear.com/" "Mozilla/5.0 (compatible; MSIE 10.0; Windows NT 6.1; WOW64; Trident/6.0; Touch; MASMJS)" "wpfront-notification-bar-landingpage=1"
95.24.22.178 - - [20/Nov/2019:06:56:01 +0100] "GET /wp-content/themes/shopper/style.css?ver=1.3.8 HTTP/1.1" 200 125838 "https://amazingsportwear.com/" "Mozilla/5.0 (compatible; MSIE 10.0; Windows NT 6.1; WOW64; Trident/6.0; Touch; MASMJS)" "wpfront-notification-bar-landingpage=1"
