66.249.66.66 - - [18/Nov/2019:09:54:18 +0100] "GET /producto/camiseta-basket-sin-costadillos/ HTTP/1.1" 200 91403 "-" "Mozilla/5.0 (Linux; Android 6.0.1; Nexus 5X Build/MMB29P) AppleWebKit/537.36 (KHTML, like Gecko) Chrome/41.0.2272.96 Mobile Safari/537.36 (compatible; Googlebot/2.1; +http://www.google.com/bot.html)" "-"
66.249.66.68 - - [18/Nov/2019:09:54:20 +0100] "GET /wp-includes/js/jquery/jquery.js?ver=1.12.4-wp HTTP/1.1" 200 100725 "https://amazingsportwear.com/producto/camiseta-basket-sin-costadillos/" "Mozilla/5.0 (Linux; Android 6.0.1; Nexus 5X Build/MMB29P) AppleWebKit/537.36 (KHTML, like Gecko) Chrome/41.0.2272.96 Mobile Safari/537.36 (compatible; Googlebot/2.1; +http://www.google.com/bot.html)" "-"
66.249.66.66 - - [18/Nov/2019:09:54:22 +0100] "GET /wp-content/plugins/cookie-law-info/public/js/cookie-law-info-public.js?ver=1.7.6 HTTP/1.1" 200 17076 "https://amazingsportwear.com/producto/camiseta-basket-sin-costadillos/" "Mozilla/5.0 (Linux; Android 6.0.1; Nexus 5X Build/MMB29P) AppleWebKit/537.36 (KHTML, like Gecko) Chrome/41.0.2272.96 Mobile Safari/537.36 (compatible; Googlebot/2.1; +http://www.google.com/bot.html)" "-"
66.249.66.66 - - [18/Nov/2019:09:54:23 +0100] "GET /wp-content/plugins/akismet/_inc/form.js?ver=4.1.2 HTTP/1.1" 200 1040 "https://amazingsportwear.com/producto/camiseta-basket-sin-costadillos/" "Mozilla/5.0 (Linux; Android 6.0.1; Nexus 5X Build/MMB29P) AppleWebKit/537.36 (KHTML, like Gecko) Chrome/41.0.2272.96 Mobile Safari/537.36 (compatible; Googlebot/2.1; +http://www.google.com/bot.html)" "-"
66.249.66.66 - - [18/Nov/2019:09:54:24 +0100] "GET /wp-content/plugins/wpfront-notification-bar/css/wpfront-notification-bar.css?ver=1.7.1 HTTP/1.1" 200 3663 "https://amazingsportwear.com/producto/camiseta-basket-sin-costadillos/" "Mozilla/5.0 (Linux; Android 6.0.1; Nexus 5X Build/MMB29P) AppleWebKit/537.36 (KHTML, like Gecko) Chrome/41.0.2272.96 Mobile Safari/537.36 (compatible; Googlebot/2.1; +http://www.google.com/bot.html)" "-"
66.249.66.66 - - [18/Nov/2019:09:54:25 +0100] "GET /wp-content/themes/shopper/style.css?ver=1.3.8 HTTP/1.1" 200 125315 "https://amazingsportwear.com/producto/camiseta-basket-sin-costadillos/" "Mozilla/5.0 (Linux; Android 6.0.1; Nexus 5X Build/MMB29P) AppleWebKit/537.36 (KHTML, like Gecko) Chrome/41.0.2272.96 Mobile Safari/537.36 (compatible; Googlebot/2.1; +http://www.google.com/bot.html)" "-"
66.249.66.66 - - [18/Nov/2019:09:54:26 +0100] "GET /wp-content/plugins/wpfront-notification-bar/js/wpfront-notification-bar.js?ver=1.7.1 HTTP/1.1" 200 5662 "https://amazingsportwear.com/producto/camiseta-basket-sin-costadillos/" "Mozilla/5.0 (Linux; Android 6.0.1; Nexus 5X Build/MMB29P) AppleWebKit/537.36 (KHTML, like Gecko) Chrome/41.0.2272.96 Mobile Safari/537.36 (compatible; Googlebot/2.1; +http://www.google.com/bot.html)" "-"
66.249.66.66 - - [18/Nov/2019:09:54:27 +0100] "GET /wp-content/plugins/woocommerce/assets/css/photoswipe/default-skin/default-skin.css?ver=3.6.4 HTTP/1.1" 200 11943 "https://amazingsportwear.com/producto/camiseta-basket-sin-costadillos/" "Mozilla/5.0 (Linux; Android 6.0.1; Nexus 5X Build/MMB29P) AppleWebKit/537.36 (KHTML, like Gecko) Chrome/41.0.2272.96 Mobile Safari/537.36 (compatible; Googlebot/2.1; +http://www.google.com/bot.html)" "-"
66.249.66.66 - - [18/Nov/2019:09:54:28 +0100] "GET /wp-content/themes/shopper/assets/js/shopper.min.js?ver=1.3.8 HTTP/1.1" 200 5994 "https://amazingsportwear.com/producto/camiseta-basket-sin-costadillos/" "Mozilla/5.0 (Linux; Android 6.0.1; Nexus 5X Build/MMB29P) AppleWebKit/537.36 (KHTML, like Gecko) Chrome/41.0.2272.96 Mobile Safari/537.36 (compatible; Googlebot/2.1; +http://www.google.com/bot.html)" "-"
66.249.66.66 - - [18/Nov/2019:09:54:29 +0100] "GET /wp-content/themes/shopper/assets/js/crm.js?ver=1561548510 HTTP/1.1" 200 874 "https://amazingsportwear.com/producto/camiseta-basket-sin-costadillos/" "Mozilla/5.0 (Linux; Android 6.0.1; Nexus 5X Build/MMB29P) AppleWebKit/537.36 (KHTML, like Gecko) Chrome/41.0.2272.96 Mobile Safari/537.36 (compatible; Googlebot/2.1; +http://www.google.com/bot.html)" "-"
66.249.66.66 - - [18/Nov/2019:09:54:30 +0100] "GET /wp-content/plugins/cookie-law-info/public/css/cookie-law-info-gdpr.css?ver=1.7.6 HTTP/1.1" 200 12445 "https://amazingsportwear.com/producto/camiseta-basket-sin-costadillos/" "Mozilla/5.0 (Linux; Android 6.0.1; Nexus 5X Build/MMB29P) AppleWebKit/537.36 (KHTML, like Gecko) Chrome/41.0.2272.96 Mobile Safari/537.36 (compatible; Googlebot/2.1; +http://www.google.com/bot.html)" "-"
66.249.66.66 - - [18/Nov/2019:09:54:32 +0100] "GET /wp-content/plugins/woocommerce/assets/js/photoswipe/photoswipe.min.js?ver=4.1.1 HTTP/1.1" 200 32276 "https://amazingsportwear.com/producto/camiseta-basket-sin-costadillos/" "Mozilla/5.0 (Linux; Android 6.0.1; Nexus 5X Build/MMB29P) AppleWebKit/537.36 (KHTML, like Gecko) Chrome/41.0.2272.96 Mobile Safari/537.36 (compatible; Googlebot/2.1; +http://www.google.com/bot.html)" "-"
66.249.66.66 - - [18/Nov/2019:09:54:33 +0100] "GET /wp-content/plugins/woocommerce/assets/css/blocks/style.css?ver=3.6.4 HTTP/1.1" 200 6697 "https://amazingsportwear.com/producto/camiseta-basket-sin-costadillos/" "Mozilla/5.0 (Linux; Android 6.0.1; Nexus 5X Build/MMB29P) AppleWebKit/537.36 (KHTML, like Gecko) Chrome/41.0.2272.96 Mobile Safari/537.36 (compatible; Googlebot/2.1; +http://www.google.com/bot.html)" "-"
66.249.66.66 - - [18/Nov/2019:09:54:34 +0100] "GET /wp-includes/js/jquery/ui/widget.min.js?ver=1.11.4 HTTP/1.1" 200 7250 "https://amazingsportwear.com/producto/camiseta-basket-sin-costadillos/" "Mozilla/5.0 (Linux; Android 6.0.1; Nexus 5X Build/MMB29P) AppleWebKit/537.36 (KHTML, like Gecko) Chrome/41.0.2272.96 Mobile Safari/537.36 (compatible; Googlebot/2.1; +http://www.google.com/bot.html)" "-"
66.249.66.66 - - [18/Nov/2019:09:54:34 +0100] "GET /wp-includes/js/wp-embed.min.js?ver=5.2.4 HTTP/1.1" 200 1744 "https://amazingsportwear.com/producto/camiseta-basket-sin-costadillos/" "Mozilla/5.0 (Linux; Android 6.0.1; Nexus 5X Build/MMB29P) AppleWebKit/537.36 (KHTML, like Gecko) Chrome/41.0.2272.96 Mobile Safari/537.36 (compatible; Googlebot/2.1; +http://www.google.com/bot.html)" "-"
66.249.66.66 - - [18/Nov/2019:09:54:35 +0100] "GET /wp-content/themes/shopper/assets/fonts/fontawesome-webfont.woff2?v=4.7.0 HTTP/1.1" 200 77615 "https://amazingsportwear.com/wp-content/themes/shopper/style.css?ver=1.3.8" "Mozilla/5.0 (Linux; Android 6.0.1; Nexus 5X Build/MMB29P) AppleWebKit/537.36 (KHTML, like Gecko) Chrome/41.0.2272.96 Mobile Safari/537.36 (compatible; Googlebot/2.1; +http://www.google.com/bot.html)" "-"
217.76.130.90 - - [18/Nov/2019:10:11:52 +0100] "POST /wp-cron.php?doing_wp_cron=1574068312.0954830646514892578125 HTTP/1.1" 200 3389 "https://amazingsportwear.com/wp-cron.php?doing_wp_cron=1574068312.0954830646514892578125" "WordPress/5.2.4; https://amazingsportwear.com" "-"
207.46.13.81 - - [18/Nov/2019:10:11:50 +0100] "GET /producto/bolsa-tinsul/ HTTP/1.1" 200 77747 "-" "Mozilla/5.0 (compatible; bingbot/2.0; +http://www.bing.com/bingbot.htm)" "-"
217.76.130.90 - - [18/Nov/2019:10:54:41 +0100] "POST /wp-cron.php?doing_wp_cron=1574070881.4593000411987304687500 HTTP/1.1" 200 164 "http://amazingsportwear.com/wp-cron.php?doing_wp_cron=1574070881.4593000411987304687500" "WordPress/5.2.4; https://amazingsportwear.com" "-"
66.102.8.91 - - [18/Nov/2019:10:54:34 +0100] "GET / HTTP/1.1" 301 336 "-" "Mozilla/5.0 (Windows NT 10.0; Win64; x64) AppleWebKit/537.36 (KHTML, like Gecko) Chrome/77.0.3865.120 Safari/537.36" "-"
66.102.8.148 - - [18/Nov/2019:10:54:42 +0100] "GET / HTTP/1.1" 200 125812 "-" "Mozilla/5.0 (Windows NT 10.0; Win64; x64) AppleWebKit/537.36 (KHTML, like Gecko) Chrome/77.0.3865.120 Safari/537.36" "-"
66.102.8.148 - - [18/Nov/2019:10:54:45 +0100] "GET /wp-content/plugins/elementor/assets/lib/eicons/css/elementor-icons.min.css?ver=4.3.0 HTTP/1.1" 200 11850 "https://amazingsportwear.com/" "Mozilla/5.0 (Windows NT 10.0; Win64; x64) AppleWebKit/537.36 (KHTML, like Gecko) Chrome/77.0.3865.120 Safari/537.36" "wpfront-notification-bar-landingpage=1"
66.102.8.148 - - [18/Nov/2019:10:54:45 +0100] "GET /wp-content/plugins/woocommerce/assets/js/js-cookie/js.cookie.min.js?ver=2.1.4 HTTP/1.1" 200 2187 "https://amazingsportwear.com/" "Mozilla/5.0 (Windows NT 10.0; Win64; x64) AppleWebKit/537.36 (KHTML, like Gecko) Chrome/77.0.3865.120 Safari/537.36" "wpfront-notification-bar-landingpage=1"
66.102.8.148 - - [18/Nov/2019:10:54:46 +0100] "GET /wp-includes/js/jquery/jquery-migrate.min.js?ver=1.4.1 HTTP/1.1" 200 13762 "https://amazingsportwear.com/" "Mozilla/5.0 (Windows NT 10.0; Win64; x64) AppleWebKit/537.36 (KHTML, like Gecko) Chrome/77.0.3865.120 Safari/537.36" "wpfront-notification-bar-landingpage=1"
66.102.8.144 - - [18/Nov/2019:10:54:46 +0100] "GET /wp-content/plugins/wpfront-notification-bar/css/wpfront-notification-bar.css?ver=1.7.1 HTTP/1.1" 200 7026 "https://amazingsportwear.com/" "Mozilla/5.0 (Windows NT 10.0; Win64; x64) AppleWebKit/537.36 (KHTML, like Gecko) Chrome/77.0.3865.120 Safari/537.36" "wpfront-notification-bar-landingpage=1"
66.102.8.146 - - [18/Nov/2019:10:54:46 +0100] "GET /wp-content/plugins/cookie-law-info/public/css/cookie-law-info-gdpr.css?ver=1.7.6 HTTP/1.1" 200 15808 "https://amazingsportwear.com/" "Mozilla/5.0 (Windows NT 10.0; Win64; x64) AppleWebKit/537.36 (KHTML, like Gecko) Chrome/77.0.3865.120 Safari/537.36" "wpfront-notification-bar-landingpage=1"
66.102.8.148 - - [18/Nov/2019:10:54:46 +0100] "GET /wp-content/plugins/cookie-law-info/public/css/cookie-law-info-public.css?ver=1.7.6 HTTP/1.1" 200 6598 "https://amazingsportwear.com/" "Mozilla/5.0 (Windows NT 10.0; Win64; x64) AppleWebKit/537.36 (KHTML, like Gecko) Chrome/77.0.3865.120 Safari/537.36" "wpfront-notification-bar-landingpage=1"
66.102.8.144 - - [18/Nov/2019:10:54:46 +0100] "GET /wp-content/themes/shopper/assets/js/crm.js?ver=1561548510 HTTP/1.1" 200 4237 "https://amazingsportwear.com/" "Mozilla/5.0 (Windows NT 10.0; Win64; x64) AppleWebKit/537.36 (KHTML, like Gecko) Chrome/77.0.3865.120 Safari/537.36" "wpfront-notification-bar-landingpage=1"
66.102.8.146 - - [18/Nov/2019:10:54:46 +0100] "GET /wp-content/uploads/elementor/css/post-16241.css?ver=1562311573 HTTP/1.1" 200 8297 "https://amazingsportwear.com/" "Mozilla/5.0 (Windows NT 10.0; Win64; x64) AppleWebKit/537.36 (KHTML, like Gecko) Chrome/77.0.3865.120 Safari/537.36" "wpfront-notification-bar-landingpage=1"
66.102.8.146 - - [18/Nov/2019:10:54:46 +0100] "GET /wp-content/plugins/elementor/assets/lib/font-awesome/css/font-awesome.min.css?ver=4.7.0 HTTP/1.1" 200 34728 "https://amazingsportwear.com/" "Mozilla/5.0 (Windows NT 10.0; Win64; x64) AppleWebKit/537.36 (KHTML, like Gecko) Chrome/77.0.3865.120 Safari/537.36" "wpfront-notification-bar-landingpage=1"
66.102.8.144 - - [18/Nov/2019:10:54:46 +0100] "GET /wp-content/plugins/smart-slider-3/nextend/media/dist/n2.min.js?1559118093 HTTP/1.1" 200 7199 "https://amazingsportwear.com/" "Mozilla/5.0 (Windows NT 10.0; Win64; x64) AppleWebKit/537.36 (KHTML, like Gecko) Chrome/77.0.3865.120 Safari/537.36" "wpfront-notification-bar-landingpage=1"
66.102.8.148 - - [18/Nov/2019:10:54:46 +0100] "GET /wp-content/plugins/smart-slider-3/library/media/plugins/type/simple/simple/dist/smartslider-simple-type-frontend.min.js?1559118093 HTTP/1.1" 200 22336 "https://amazingsportwear.com/" "Mozilla/5.0 (Windows NT 10.0; Win64; x64) AppleWebKit/537.36 (KHTML, like Gecko) Chrome/77.0.3865.120 Safari/537.36" "wpfront-notification-bar-landingpage=1"
66.102.8.146 - - [18/Nov/2019:10:54:46 +0100] "GET /wp-content/plugins/wpfront-notification-bar/jquery-plugins/jquery.c.js?ver=1.4.0 HTTP/1.1" 200 6800 "https://amazingsportwear.com/" "Mozilla/5.0 (Windows NT 10.0; Win64; x64) AppleWebKit/537.36 (KHTML, like Gecko) Chrome/77.0.3865.120 Safari/537.36" "wpfront-notification-bar-landingpage=1"
66.102.8.146 - - [18/Nov/2019:10:54:46 +0100] "GET /wp-content/plugins/cookie-law-info/public/js/cookie-law-info-public.js?ver=1.7.6 HTTP/1.1" 200 20439 "https://amazingsportwear.com/" "Mozilla/5.0 (Windows NT 10.0; Win64; x64) AppleWebKit/537.36 (KHTML, like Gecko) Chrome/77.0.3865.120 Safari/537.36" "wpfront-notification-bar-landingpage=1"
66.102.8.146 - - [18/Nov/2019:10:54:46 +0100] "GET /wp-content/uploads/elementor/css/global.css?ver=1559638744 HTTP/1.1" 200 8499 "https://amazingsportwear.com/" "Mozilla/5.0 (Windows NT 10.0; Win64; x64) AppleWebKit/537.36 (KHTML, like Gecko) Chrome/77.0.3865.120 Safari/537.36" "wpfront-notification-bar-landingpage=1"
66.102.8.144 - - [18/Nov/2019:10:54:46 +0100] "GET /wp-content/plugins/woocommerce/assets/js/frontend/add-to-cart.min.js?ver=3.6.4 HTTP/1.1" 200 6346 "https://amazingsportwear.com/" "Mozilla/5.0 (Windows NT 10.0; Win64; x64) AppleWebKit/537.36 (KHTML, like Gecko) Chrome/77.0.3865.120 Safari/537.36" "wpfront-notification-bar-landingpage=1"
66.102.8.144 - - [18/Nov/2019:10:54:46 +0100] "GET /wp-content/plugins/woocommerce/assets/js/jquery-blockui/jquery.blockUI.min.js?ver=2.70 HTTP/1.1" 200 13271 "https://amazingsportwear.com/" "Mozilla/5.0 (Windows NT 10.0; Win64; x64) AppleWebKit/537.36 (KHTML, like Gecko) Chrome/77.0.3865.120 Safari/537.36" "wpfront-notification-bar-landingpage=1"
66.102.8.146 - - [18/Nov/2019:10:54:46 +0100] "GET /wp-content/themes/shopper/assets/sass/woocommerce/woocommerce.css?ver=5.2.4 HTTP/1.1" 200 86897 "https://amazingsportwear.com/" "Mozilla/5.0 (Windows NT 10.0; Win64; x64) AppleWebKit/537.36 (KHTML, like Gecko) Chrome/77.0.3865.120 Safari/537.36" "wpfront-notification-bar-landingpage=1"
66.102.8.144 - - [18/Nov/2019:10:54:46 +0100] "GET /wp-content/plugins/elementor/assets/lib/slick/slick.min.js?ver=1.8.1 HTTP/1.1" 200 43264 "https://amazingsportwear.com/" "Mozilla/5.0 (Windows NT 10.0; Win64; x64) AppleWebKit/537.36 (KHTML, like Gecko) Chrome/77.0.3865.120 Safari/537.36" "wpfront-notification-bar-landingpage=1"
66.102.8.148 - - [18/Nov/2019:10:54:46 +0100] "GET /wp-content/themes/shopper/assets/js/skip-link-focus-fix.js?ver=1.3.8 HTTP/1.1" 200 1023 "https://amazingsportwear.com/" "Mozilla/5.0 (Windows NT 10.0; Win64; x64) AppleWebKit/537.36 (KHTML, like Gecko) Chrome/77.0.3865.120 Safari/537.36" "wpfront-notification-bar-landingpage=1"
66.102.8.148 - - [18/Nov/2019:10:54:46 +0100] "GET /wp-content/themes/shopper/assets/js/woocommerce/header-cart.min.js?ver=1.3.8 HTTP/1.1" 200 972 "https://amazingsportwear.com/" "Mozilla/5.0 (Windows NT 10.0; Win64; x64) AppleWebKit/537.36 (KHTML, like Gecko) Chrome/77.0.3865.120 Safari/537.36" "wpfront-notification-bar-landingpage=1"
66.102.8.144 - - [18/Nov/2019:10:54:46 +0100] "GET /wp-content/themes/shopper/assets/js/shopper.min.js?ver=1.3.8 HTTP/1.1" 200 5994 "https://amazingsportwear.com/" "Mozilla/5.0 (Windows NT 10.0; Win64; x64) AppleWebKit/537.36 (KHTML, like Gecko) Chrome/77.0.3865.120 Safari/537.36" "wpfront-notification-bar-landingpage=1"
66.102.8.148 - - [18/Nov/2019:10:54:46 +0100] "GET /wp-includes/js/jquery/ui/position.min.js?ver=1.11.4 HTTP/1.1" 200 6869 "https://amazingsportwear.com/" "Mozilla/5.0 (Windows NT 10.0; Win64; x64) AppleWebKit/537.36 (KHTML, like Gecko) Chrome/77.0.3865.120 Safari/537.36" "wpfront-notification-bar-landingpage=1"
66.102.8.144 - - [18/Nov/2019:10:54:46 +0100] "GET /wp-content/plugins/woocommerce/assets/js/frontend/woocommerce.min.js?ver=3.6.4 HTTP/1.1" 200 5176 "https://amazingsportwear.com/" "Mozilla/5.0 (Windows NT 10.0; Win64; x64) AppleWebKit/537.36 (KHTML, like Gecko) Chrome/77.0.3865.120 Safari/537.36" "wpfront-notification-bar-landingpage=1"
66.102.8.144 - - [18/Nov/2019:10:54:46 +0100] "GET /wp-content/plugins/smart-slider-3/library/media/smartslider.min.css?1559118093 HTTP/1.1" 200 23322 "https://amazingsportwear.com/" "Mozilla/5.0 (Windows NT 10.0; Win64; x64) AppleWebKit/537.36 (KHTML, like Gecko) Chrome/77.0.3865.120 Safari/537.36" "wpfront-notification-bar-landingpage=1"
66.102.8.146 - - [18/Nov/2019:10:54:46 +0100] "GET /wp-content/plugins/elementor/assets/lib/dialog/dialog.min.js?ver=4.7.1 HTTP/1.1" 200 10911 "https://amazingsportwear.com/" "Mozilla/5.0 (Windows NT 10.0; Win64; x64) AppleWebKit/537.36 (KHTML, like Gecko) Chrome/77.0.3865.120 Safari/537.36" "wpfront-notification-bar-landingpage=1"
66.102.8.146 - - [18/Nov/2019:10:54:46 +0100] "GET /wp-content/plugins/wpfront-notification-bar/js/wpfront-notification-bar.js?ver=1.7.1 HTTP/1.1" 200 9025 "https://amazingsportwear.com/" "Mozilla/5.0 (Windows NT 10.0; Win64; x64) AppleWebKit/537.36 (KHTML, like Gecko) Chrome/77.0.3865.120 Safari/537.36" "wpfront-notification-bar-landingpage=1"
66.102.8.144 - - [18/Nov/2019:10:54:46 +0100] "GET /wp-content/plugins/elementor/assets/css/frontend.min.css?ver=2.5.16 HTTP/1.1" 200 98729 "https://amazingsportwear.com/" "Mozilla/5.0 (Windows NT 10.0; Win64; x64) AppleWebKit/537.36 (KHTML, like Gecko) Chrome/77.0.3865.120 Safari/537.36" "wpfront-notification-bar-landingpage=1"
66.102.8.144 - - [18/Nov/2019:10:54:46 +0100] "GET /wp-includes/js/wp-embed.min.js?ver=5.2.4 HTTP/1.1" 200 5107 "https://amazingsportwear.com/" "Mozilla/5.0 (Windows NT 10.0; Win64; x64) AppleWebKit/537.36 (KHTML, like Gecko) Chrome/77.0.3865.120 Safari/537.36" "wpfront-notification-bar-landingpage=1"
66.102.8.146 - - [18/Nov/2019:10:54:46 +0100] "GET /wp-content/plugins/elementor/assets/lib/waypoints/waypoints.min.js?ver=4.0.2 HTTP/1.1" 200 12541 "https://amazingsportwear.com/" "Mozilla/5.0 (Windows NT 10.0; Win64; x64) AppleWebKit/537.36 (KHTML, like Gecko) Chrome/77.0.3865.120 Safari/537.36" "wpfront-notification-bar-landingpage=1"
66.102.8.148 - - [18/Nov/2019:10:54:46 +0100] "GET /wp-includes/css/dist/block-library/style.min.css?ver=5.2.4 HTTP/1.1" 200 33023 "https://amazingsportwear.com/" "Mozilla/5.0 (Windows NT 10.0; Win64; x64) AppleWebKit/537.36 (KHTML, like Gecko) Chrome/77.0.3865.120 Safari/537.36" "wpfront-notification-bar-landingpage=1"
66.102.8.146 - - [18/Nov/2019:10:54:46 +0100] "GET /wp-content/plugins/simple-social-icons/svgxuse.js?ver=1.1.21 HTTP/1.1" 200 12943 "https://amazingsportwear.com/" "Mozilla/5.0 (Windows NT 10.0; Win64; x64) AppleWebKit/537.36 (KHTML, like Gecko) Chrome/77.0.3865.120 Safari/537.36" "wpfront-notification-bar-landingpage=1"
66.102.8.146 - - [18/Nov/2019:10:54:46 +0100] "GET /wp-content/plugins/woocommerce/assets/css/blocks/style.css?ver=3.6.4 HTTP/1.1" 200 10060 "https://amazingsportwear.com/" "Mozilla/5.0 (Windows NT 10.0; Win64; x64) AppleWebKit/537.36 (KHTML, like Gecko) Chrome/77.0.3865.120 Safari/537.36" "wpfront-notification-bar-landingpage=1"
66.102.8.148 - - [18/Nov/2019:10:54:46 +0100] "GET /wp-content/plugins/si-contact-form/includes/fscf-scripts.js?ver=179 HTTP/1.1" 200 1033 "https://amazingsportwear.com/" "Mozilla/5.0 (Windows NT 10.0; Win64; x64) AppleWebKit/537.36 (KHTML, like Gecko) Chrome/77.0.3865.120 Safari/537.36" "wpfront-notification-bar-landingpage=1"
66.102.8.146 - - [18/Nov/2019:10:54:46 +0100] "GET /wp-includes/js/wp-emoji-release.min.js?ver=5.2.4 HTTP/1.1" 200 14183 "https://amazingsportwear.com/" "Mozilla/5.0 (Windows NT 10.0; Win64; x64) AppleWebKit/537.36 (KHTML, like Gecko) Chrome/77.0.3865.120 Safari/537.36" "wpfront-notification-bar-landingpage=1"
66.102.8.144 - - [18/Nov/2019:10:54:46 +0100] "GET /wp-content/plugins/woocommerce/assets/js/frontend/cart-fragments.min.js?ver=3.6.4 HTTP/1.1" 200 6644 "https://amazingsportwear.com/" "Mozilla/5.0 (Windows NT 10.0; Win64; x64) AppleWebKit/537.36 (KHTML, like Gecko) Chrome/77.0.3865.120 Safari/537.36" "wpfront-notification-bar-landingpage=1"
66.102.8.146 - - [18/Nov/2019:10:54:46 +0100] "GET /wp-content/uploads/2019/07/buff-bandana-300x123.jpg HTTP/1.1" 200 15859 "https://amazingsportwear.com/" "Mozilla/5.0 (Windows NT 10.0; Win64; x64) AppleWebKit/537.36 (KHTML, like Gecko) Chrome/77.0.3865.120 Safari/537.36" "wpfront-notification-bar-landingpage=1"
66.102.8.144 - - [18/Nov/2019:10:54:46 +0100] "GET /wp-content/uploads/2019/07/camiseta-tecnica-mujer-300x124.jpg HTTP/1.1" 200 17320 "https://amazingsportwear.com/" "Mozilla/5.0 (Windows NT 10.0; Win64; x64) AppleWebKit/537.36 (KHTML, like Gecko) Chrome/77.0.3865.120 Safari/537.36" "wpfront-notification-bar-landingpage=1"
66.102.8.148 - - [18/Nov/2019:10:54:46 +0100] "GET /wp-content/uploads/2019/07/cortavientos-300x124.jpg HTTP/1.1" 200 17094 "https://amazingsportwear.com/" "Mozilla/5.0 (Windows NT 10.0; Win64; x64) AppleWebKit/537.36 (KHTML, like Gecko) Chrome/77.0.3865.120 Safari/537.36" "wpfront-notification-bar-landingpage=1"
66.102.8.146 - - [18/Nov/2019:10:54:46 +0100] "GET /wp-content/uploads/2019/07/gorra-tecnica-300x124.jpg HTTP/1.1" 200 16844 "https://amazingsportwear.com/" "Mozilla/5.0 (Windows NT 10.0; Win64; x64) AppleWebKit/537.36 (KHTML, like Gecko) Chrome/77.0.3865.120 Safari/537.36" "wpfront-notification-bar-landingpage=1"
66.102.8.148 - - [18/Nov/2019:10:54:46 +0100] "GET /wp-content/plugins/smart-slider-3/nextend/media/dist/nextend-frontend.min.js?1559118093 HTTP/1.1" 200 89702 "https://amazingsportwear.com/" "Mozilla/5.0 (Windows NT 10.0; Win64; x64) AppleWebKit/537.36 (KHTML, like Gecko) Chrome/77.0.3865.120 Safari/537.36" "wpfront-notification-bar-landingpage=1"
66.102.8.144 - - [18/Nov/2019:10:54:46 +0100] "GET /wp-content/uploads/2019/05/cropped-asw-white.png HTTP/1.1" 200 7500 "https://amazingsportwear.com/" "Mozilla/5.0 (Windows NT 10.0; Win64; x64) AppleWebKit/537.36 (KHTML, like Gecko) Chrome/77.0.3865.120 Safari/537.36" "wpfront-notification-bar-landingpage=1"
66.102.8.148 - - [18/Nov/2019:10:54:46 +0100] "GET /wp-content/uploads/2019/07/mochila-saco-300x124.jpg HTTP/1.1" 200 16972 "https://amazingsportwear.com/" "Mozilla/5.0 (Windows NT 10.0; Win64; x64) AppleWebKit/537.36 (KHTML, like Gecko) Chrome/77.0.3865.120 Safari/537.36" "wpfront-notification-bar-landingpage=1"
66.102.8.144 - - [18/Nov/2019:10:54:46 +0100] "GET /wp-content/plugins/elementor/assets/lib/swiper/swiper.min.js?ver=4.4.6 HTTP/1.1" 200 126126 "https://amazingsportwear.com/" "Mozilla/5.0 (Windows NT 10.0; Win64; x64) AppleWebKit/537.36 (KHTML, like Gecko) Chrome/77.0.3865.120 Safari/537.36" "wpfront-notification-bar-landingpage=1"
66.102.8.148 - - [18/Nov/2019:10:54:46 +0100] "GET /wp-content/plugins/simple-social-icons/css/style.css?ver=3.0.1 HTTP/1.1" 200 4925 "https://amazingsportwear.com/" "Mozilla/5.0 (Windows NT 10.0; Win64; x64) AppleWebKit/537.36 (KHTML, like Gecko) Chrome/77.0.3865.120 Safari/537.36" "wpfront-notification-bar-landingpage=1"
66.102.8.146 - - [18/Nov/2019:10:54:46 +0100] "GET /wp-includes/js/jquery/jquery.js?ver=1.12.4-wp HTTP/1.1" 200 100725 "https://amazingsportwear.com/" "Mozilla/5.0 (Windows NT 10.0; Win64; x64) AppleWebKit/537.36 (KHTML, like Gecko) Chrome/77.0.3865.120 Safari/537.36" "wpfront-notification-bar-landingpage=1"
66.102.8.146 - - [18/Nov/2019:10:54:46 +0100] "GET /wp-content/uploads/2019/07/polo-tecnico-300x124.jpg HTTP/1.1" 200 17539 "https://amazingsportwear.com/" "Mozilla/5.0 (Windows NT 10.0; Win64; x64) AppleWebKit/537.36 (KHTML, like Gecko) Chrome/77.0.3865.120 Safari/537.36" "wpfront-notification-bar-landingpage=1"
66.102.8.148 - - [18/Nov/2019:10:54:46 +0100] "GET /wp-content/uploads/2019/07/toalla-300x124.jpg HTTP/1.1" 200 16957 "https://amazingsportwear.com/" "Mozilla/5.0 (Windows NT 10.0; Win64; x64) AppleWebKit/537.36 (KHTML, like Gecko) Chrome/77.0.3865.120 Safari/537.36" "wpfront-notification-bar-landingpage=1"
66.102.8.146 - - [18/Nov/2019:10:54:46 +0100] "GET /wp-content/uploads/2019/07/zapatillero-300x124.jpg HTTP/1.1" 200 16599 "https://amazingsportwear.com/" "Mozilla/5.0 (Windows NT 10.0; Win64; x64) AppleWebKit/537.36 (KHTML, like Gecko) Chrome/77.0.3865.120 Safari/537.36" "wpfront-notification-bar-landingpage=1"
66.102.8.148 - - [18/Nov/2019:10:54:46 +0100] "GET /wp-content/uploads/2019/07/carpa-1024x771.jpg HTTP/1.1" 200 89325 "https://amazingsportwear.com/" "Mozilla/5.0 (Windows NT 10.0; Win64; x64) AppleWebKit/537.36 (KHTML, like Gecko) Chrome/77.0.3865.120 Safari/537.36" "wpfront-notification-bar-landingpage=1"
66.102.8.146 - - [18/Nov/2019:10:54:46 +0100] "GET /wp-content/uploads/2019/04/toalla-absorvente-gymnasio-7-300x300.png HTTP/1.1" 200 78664 "https://amazingsportwear.com/" "Mozilla/5.0 (Windows NT 10.0; Win64; x64) AppleWebKit/537.36 (KHTML, like Gecko) Chrome/77.0.3865.120 Safari/537.36" "wpfront-notification-bar-landingpage=1"
66.102.8.148 - - [18/Nov/2019:10:54:46 +0100] "GET /wp-content/uploads/2019/04/Gorra-sport-12-300x300.png HTTP/1.1" 200 49394 "https://amazingsportwear.com/" "Mozilla/5.0 (Windows NT 10.0; Win64; x64) AppleWebKit/537.36 (KHTML, like Gecko) Chrome/77.0.3865.120 Safari/537.36" "wpfront-notification-bar-landingpage=1"
66.102.8.148 - - [18/Nov/2019:10:54:46 +0100] "GET /wp-content/uploads/2019/04/bidon-match-4-300x300.png HTTP/1.1" 200 71820 "https://amazingsportwear.com/" "Mozilla/5.0 (Windows NT 10.0; Win64; x64) AppleWebKit/537.36 (KHTML, like Gecko) Chrome/77.0.3865.120 Safari/537.36" "wpfront-notification-bar-landingpage=1"
66.102.8.144 - - [18/Nov/2019:10:54:46 +0100] "GET /wp-content/plugins/elementor/assets/js/frontend-modules.min.js?ver=2.5.16 HTTP/1.1" 200 14849 "https://amazingsportwear.com/" "Mozilla/5.0 (Windows NT 10.0; Win64; x64) AppleWebKit/537.36 (KHTML, like Gecko) Chrome/77.0.3865.120 Safari/537.36" "wpfront-notification-bar-landingpage=1"
66.102.8.148 - - [18/Nov/2019:10:54:46 +0100] "GET /wp-content/uploads/2019/04/bolsa-deporte-young-1-300x300.png HTTP/1.1" 200 77335 "https://amazingsportwear.com/" "Mozilla/5.0 (Windows NT 10.0; Win64; x64) AppleWebKit/537.36 (KHTML, like Gecko) Chrome/77.0.3865.120 Safari/537.36" "wpfront-notification-bar-landingpage=1"
66.102.8.144 - - [18/Nov/2019:10:54:46 +0100] "GET /wp-content/uploads/2019/04/Llavero-triumph-1-300x300.png HTTP/1.1" 200 12855 "https://amazingsportwear.com/" "Mozilla/5.0 (Windows NT 10.0; Win64; x64) AppleWebKit/537.36 (KHTML, like Gecko) Chrome/77.0.3865.120 Safari/537.36" "wpfront-notification-bar-landingpage=1"
66.102.8.146 - - [18/Nov/2019:10:54:46 +0100] "GET /wp-content/themes/shopper/style.css?ver=1.3.8 HTTP/1.1" 200 128678 "https://amazingsportwear.com/" "Mozilla/5.0 (Windows NT 10.0; Win64; x64) AppleWebKit/537.36 (KHTML, like Gecko) Chrome/77.0.3865.120 Safari/537.36" "wpfront-notification-bar-landingpage=1"
66.102.8.148 - - [18/Nov/2019:10:54:46 +0100] "GET /wp-includes/js/jquery/ui/core.min.js?ver=1.11.4 HTTP/1.1" 200 7704 "https://amazingsportwear.com/" "Mozilla/5.0 (Windows NT 10.0; Win64; x64) AppleWebKit/537.36 (KHTML, like Gecko) Chrome/77.0.3865.120 Safari/537.36" "wpfront-notification-bar-landingpage=1"
66.102.8.148 - - [18/Nov/2019:10:54:46 +0100] "GET /wp-content/plugins/elementor/assets/js/frontend.min.js?ver=2.5.16 HTTP/1.1" 200 44704 "https://amazingsportwear.com/" "Mozilla/5.0 (Windows NT 10.0; Win64; x64) AppleWebKit/537.36 (KHTML, like Gecko) Chrome/77.0.3865.120 Safari/537.36" "wpfront-notification-bar-landingpage=1"
66.102.8.144 - - [18/Nov/2019:10:54:46 +0100] "GET /wp-content/uploads/2018/05/cp-lycra-2.jpg HTTP/1.1" 200 13775 "https://amazingsportwear.com/" "Mozilla/5.0 (Windows NT 10.0; Win64; x64) AppleWebKit/537.36 (KHTML, like Gecko) Chrome/77.0.3865.120 Safari/537.36" "wpfront-notification-bar-landingpage=1"
66.102.8.146 - - [18/Nov/2019:10:54:46 +0100] "GET /wp-content/uploads/2019/07/slider2.jpg HTTP/1.1" 200 250219 "https://amazingsportwear.com/" "Mozilla/5.0 (Windows NT 10.0; Win64; x64) AppleWebKit/537.36 (KHTML, like Gecko) Chrome/77.0.3865.120 Safari/537.36" "wpfront-notification-bar-landingpage=1"
66.102.8.148 - - [18/Nov/2019:10:54:46 +0100] "GET /wp-content/uploads/2018/05/cif-g221-2-300x300.jpg HTTP/1.1" 200 8294 "https://amazingsportwear.com/" "Mozilla/5.0 (Windows NT 10.0; Win64; x64) AppleWebKit/537.36 (KHTML, like Gecko) Chrome/77.0.3865.120 Safari/537.36" "wpfront-notification-bar-landingpage=1"
66.102.8.146 - - [18/Nov/2019:10:54:46 +0100] "GET /wp-content/uploads/2019/04/SA-6684-1-300x300.png HTTP/1.1" 200 94808 "https://amazingsportwear.com/" "Mozilla/5.0 (Windows NT 10.0; Win64; x64) AppleWebKit/537.36 (KHTML, like Gecko) Chrome/77.0.3865.120 Safari/537.36" "wpfront-notification-bar-landingpage=1"
66.102.8.144 - - [18/Nov/2019:10:54:46 +0100] "GET /wp-content/uploads/2018/05/cat-3164-amarillo-300x300.png HTTP/1.1" 200 72410 "https://amazingsportwear.com/" "Mozilla/5.0 (Windows NT 10.0; Win64; x64) AppleWebKit/537.36 (KHTML, like Gecko) Chrome/77.0.3865.120 Safari/537.36" "wpfront-notification-bar-landingpage=1"
66.102.8.148 - - [18/Nov/2019:10:54:46 +0100] "GET /wp-content/uploads/2017/03/sa-0415_60-300x300.jpg HTTP/1.1" 200 15272 "https://amazingsportwear.com/" "Mozilla/5.0 (Windows NT 10.0; Win64; x64) AppleWebKit/537.36 (KHTML, like Gecko) Chrome/77.0.3865.120 Safari/537.36" "wpfront-notification-bar-landingpage=1"
66.102.8.144 - - [18/Nov/2019:10:54:46 +0100] "GET /wp-content/uploads/2019/06/amistad3-300x300.jpg HTTP/1.1" 200 12744 "https://amazingsportwear.com/" "Mozilla/5.0 (Windows NT 10.0; Win64; x64) AppleWebKit/537.36 (KHTML, like Gecko) Chrome/77.0.3865.120 Safari/537.36" "wpfront-notification-bar-landingpage=1"
66.102.8.144 - - [18/Nov/2019:10:54:46 +0100] "GET /wp-content/uploads/2019/05/asw-white-300x126.png HTTP/1.1" 200 12061 "https://amazingsportwear.com/" "Mozilla/5.0 (Windows NT 10.0; Win64; x64) AppleWebKit/537.36 (KHTML, like Gecko) Chrome/77.0.3865.120 Safari/537.36" "wpfront-notification-bar-landingpage=1"
66.102.8.148 - - [18/Nov/2019:10:54:46 +0100] "GET /wp-content/uploads/2018/06/sa-6502-naranja-300x300.jpg HTTP/1.1" 200 42656 "https://amazingsportwear.com/" "Mozilla/5.0 (Windows NT 10.0; Win64; x64) AppleWebKit/537.36 (KHTML, like Gecko) Chrome/77.0.3865.120 Safari/537.36" "wpfront-notification-bar-landingpage=1"
66.102.8.146 - - [18/Nov/2019:10:54:46 +0100] "GET /wp-content/uploads/2019/07/camiseta-tecnica-unisex-300x124.jpg HTTP/1.1" 200 20453 "https://amazingsportwear.com/" "Mozilla/5.0 (Windows NT 10.0; Win64; x64) AppleWebKit/537.36 (KHTML, like Gecko) Chrome/77.0.3865.120 Safari/537.36" "wpfront-notification-bar-landingpage=1"
66.102.8.144 - - [18/Nov/2019:10:54:46 +0100] "GET /wp-content/plugins/elementor/assets/lib/animations/animations.min.css?ver=2.5.16 HTTP/1.1" 200 22196 "https://amazingsportwear.com/" "Mozilla/5.0 (Windows NT 10.0; Win64; x64) AppleWebKit/537.36 (KHTML, like Gecko) Chrome/77.0.3865.120 Safari/537.36" "wpfront-notification-bar-landingpage=1"
66.102.8.144 - - [18/Nov/2019:10:54:46 +0100] "GET /wp-content/uploads/2019/07/slider1.jpg HTTP/1.1" 200 244573 "https://amazingsportwear.com/" "Mozilla/5.0 (Windows NT 10.0; Win64; x64) AppleWebKit/537.36 (KHTML, like Gecko) Chrome/77.0.3865.120 Safari/537.36" "wpfront-notification-bar-landingpage=1"
66.102.8.144 - - [18/Nov/2019:10:54:46 +0100] "GET /wp-content/uploads/2019/07/slider3.jpg HTTP/1.1" 200 276981 "https://amazingsportwear.com/" "Mozilla/5.0 (Windows NT 10.0; Win64; x64) AppleWebKit/537.36 (KHTML, like Gecko) Chrome/77.0.3865.120 Safari/537.36" "wpfront-notification-bar-landingpage=1"
66.102.8.144 - - [18/Nov/2019:10:54:46 +0100] "GET /wp-content/uploads/2019/07/slider4.jpg HTTP/1.1" 200 369750 "https://amazingsportwear.com/" "Mozilla/5.0 (Windows NT 10.0; Win64; x64) AppleWebKit/537.36 (KHTML, like Gecko) Chrome/77.0.3865.120 Safari/537.36" "wpfront-notification-bar-landingpage=1"
66.102.8.146 - - [18/Nov/2019:10:54:46 +0100] "GET /wp-content/uploads/2019/06/compartir-300x300.jpg HTTP/1.1" 200 10140 "https://amazingsportwear.com/" "Mozilla/5.0 (Windows NT 10.0; Win64; x64) AppleWebKit/537.36 (KHTML, like Gecko) Chrome/77.0.3865.120 Safari/537.36" "wpfront-notification-bar-landingpage=1"
66.102.8.146 - - [18/Nov/2019:10:54:46 +0100] "GET /wp-content/plugins/smart-slider-3/library/media/dist/smartslider-frontend.min.js?1559118093 HTTP/1.1" 200 130656 "https://amazingsportwear.com/" "Mozilla/5.0 (Windows NT 10.0; Win64; x64) AppleWebKit/537.36 (KHTML, like Gecko) Chrome/77.0.3865.120 Safari/537.36" "wpfront-notification-bar-landingpage=1"
66.102.8.148 - - [18/Nov/2019:10:54:46 +0100] "GET /wp-content/uploads/2019/04/mochila-decath-5-300x300.png HTTP/1.1" 200 67394 "https://amazingsportwear.com/" "Mozilla/5.0 (Windows NT 10.0; Win64; x64) AppleWebKit/537.36 (KHTML, like Gecko) Chrome/77.0.3865.120 Safari/537.36" "wpfront-notification-bar-landingpage=1"
66.102.8.144 - - [18/Nov/2019:10:54:47 +0100] "GET /wp-content/plugins/simple-social-icons/symbol-defs.svg HTTP/1.1" 200 19699 "https://amazingsportwear.com/" "Mozilla/5.0 (Windows NT 10.0; Win64; x64) AppleWebKit/537.36 (KHTML, like Gecko) Chrome/77.0.3865.120 Safari/537.36" "wpfront-notification-bar-landingpage=1"
66.102.8.144 - - [18/Nov/2019:10:54:47 +0100] "GET /wp-content/plugins/wpfront-notification-bar/images/arrow_down.png HTTP/1.1" 200 2562 "https://amazingsportwear.com/wp-content/plugins/wpfront-notification-bar/css/wpfront-notification-bar.css?ver=1.7.1" "Mozilla/5.0 (Windows NT 10.0; Win64; x64) AppleWebKit/537.36 (KHTML, like Gecko) Chrome/77.0.3865.120 Safari/537.36" "wpfront-notification-bar-landingpage=1"
66.102.8.146 - - [18/Nov/2019:10:54:47 +0100] "GET /wp-content/plugins/elementor/assets/lib/font-awesome/fonts/fontawesome-webfont.woff2?v=4.7.0 HTTP/1.1" 200 77615 "https://amazingsportwear.com/wp-content/plugins/elementor/assets/lib/font-awesome/css/font-awesome.min.css?ver=4.7.0" "Mozilla/5.0 (Windows NT 10.0; Win64; x64) AppleWebKit/537.36 (KHTML, like Gecko) Chrome/77.0.3865.120 Safari/537.36" "wpfront-notification-bar-landingpage=1"
66.102.8.148 - - [18/Nov/2019:10:54:48 +0100] "GET /wp-content/plugins/elementor/assets/css/frontend-msie.min.css?2.5.16 HTTP/1.1" 200 8711 "https://amazingsportwear.com/" "Mozilla/5.0 (Windows NT 10.0; Win64; x64) AppleWebKit/537.36 (KHTML, like Gecko) Chrome/77.0.3865.120 Safari/537.36" "wpfront-notification-bar-landingpage=1"
66.102.8.146 - - [18/Nov/2019:10:54:48 +0100] "POST /?wc-ajax=get_refreshed_fragments HTTP/1.1" 200 1345 "https://amazingsportwear.com/" "Mozilla/5.0 (Windows NT 10.0; Win64; x64) AppleWebKit/537.36 (KHTML, like Gecko) Chrome/77.0.3865.120 Safari/537.36" "wpfront-notification-bar-landingpage=1"
66.102.8.146 - - [18/Nov/2019:10:54:49 +0100] "GET /wp-content/themes/shopper/assets/fonts/fontawesome-webfont.woff2?v=4.7.0 HTTP/1.1" 200 77615 "https://amazingsportwear.com/wp-content/themes/shopper/style.css?ver=1.3.8" "Mozilla/5.0 (Windows NT 10.0; Win64; x64) AppleWebKit/537.36 (KHTML, like Gecko) Chrome/77.0.3865.120 Safari/537.36" "wpfront-notification-bar-landingpage=1"
217.76.130.90 - - [18/Nov/2019:10:58:23 +0100] "POST /wp-cron.php?doing_wp_cron=1574071103.4114921092987060546875 HTTP/1.1" 200 164 "http://amazingsportwear.com/wp-cron.php?doing_wp_cron=1574071103.4114921092987060546875" "WordPress/5.2.4; https://amazingsportwear.com" "-"
157.55.39.205 - - [18/Nov/2019:10:58:21 +0100] "GET /ciclismo/42-manguito-brazo-ciclismo.html HTTP/1.1" 404 68076 "-" "Mozilla/5.0 (iPhone; CPU iPhone OS 7_0 like Mac OS X) AppleWebKit/537.51.1 (KHTML, like Gecko) Version/7.0 Mobile/11A465 Safari/9537.53 (compatible; bingbot/2.0; +http://www.bing.com/bingbot.htm)" "-"
217.76.130.90 - - [18/Nov/2019:11:00:46 +0100] "POST /wp-cron.php?doing_wp_cron=1574071246.8330659866333007812500 HTTP/1.1" 200 164 "http://amazingsportwear.com/wp-cron.php?doing_wp_cron=1574071246.8330659866333007812500" "WordPress/5.2.4; https://amazingsportwear.com" "-"
207.46.13.81 - - [18/Nov/2019:11:00:46 +0100] "GET /basket/79-camiseta-basket-con-costadillos.html HTTP/1.1" 404 68088 "-" "Mozilla/5.0 (compatible; bingbot/2.0; +http://www.bing.com/bingbot.htm)" "-"
217.76.130.90 - - [18/Nov/2019:11:04:56 +0100] "POST /wp-cron.php?doing_wp_cron=1574071496.8175919055938720703125 HTTP/1.1" 200 3389 "https://amazingsportwear.com/wp-cron.php?doing_wp_cron=1574071496.8175919055938720703125" "WordPress/5.2.4; https://amazingsportwear.com" "-"
66.249.66.66 - - [18/Nov/2019:11:04:54 +0100] "GET /producto/gorra-sport/ HTTP/1.1" 200 102179 "-" "Mozilla/5.0 (Linux; Android 6.0.1; Nexus 5X Build/MMB29P) AppleWebKit/537.36 (KHTML, like Gecko) Chrome/41.0.2272.96 Mobile Safari/537.36 (compatible; Googlebot/2.1; +http://www.google.com/bot.html)" "-"
66.249.66.70 - - [18/Nov/2019:11:05:01 +0100] "POST /?wc-ajax=get_refreshed_fragments HTTP/1.1" 200 4760 "https://amazingsportwear.com/producto/gorra-sport/" "Mozilla/5.0 (Linux; Android 6.0.1; Nexus 5X Build/MMB29P) AppleWebKit/537.36 (KHTML, like Gecko) Chrome/41.0.2272.96 Mobile Safari/537.36 (compatible; Googlebot/2.1; +http://www.google.com/bot.html)" "_ga=GA1.2.969013651.1574035200; _gid=GA1.2.1978218920.1574035200; _gat_gtag_UA_91619287_1=1"
217.76.130.90 - - [18/Nov/2019:11:10:02 +0100] "POST /wp-cron.php?doing_wp_cron=1574071802.5094690322875976562500 HTTP/1.1" 200 3389 "https://amazingsportwear.com/wp-cron.php?doing_wp_cron=1574071802.5094690322875976562500" "WordPress/5.2.4; https://amazingsportwear.com" "-"
17.58.100.225 - - [18/Nov/2019:11:10:01 +0100] "GET /robots.txt HTTP/1.1" 200 3687 "-" "Mozilla/5.0 (Macintosh; Intel Mac OS X 10_10_1) AppleWebKit/600.2.5 (KHTML, like Gecko) Version/8.0.2 Safari/600.2.5 (Applebot/0.1; +http://www.apple.com/go/applebot)" "-"
17.58.96.188 - - [18/Nov/2019:11:10:03 +0100] "GET /quienes-somos/ HTTP/1.1" 200 59772 "-" "Mozilla/5.0 (Macintosh; Intel Mac OS X 10_10_1) AppleWebKit/600.2.5 (KHTML, like Gecko) Version/8.0.2 Safari/600.2.5 (Applebot/0.1; +http://www.apple.com/go/applebot)" "-"
157.55.39.92 - - [18/Nov/2019:11:11:58 +0100] "GET /wp-content/uploads/2019/04/mento1.jpg HTTP/1.1" 200 72320 "-" "Mozilla/5.0 (compatible; bingbot/2.0; +http://www.bing.com/bingbot.htm)" "-"
81.0.33.153 - - [18/Nov/2019:11:14:16 +0100] "GET /wp-content/uploads/2019/04/Bidon-boxter-1.png HTTP/1.1" 200 60960 "https://www.google.es/" "Mozilla/5.0 (Macintosh; Intel Mac OS X 10_11_6) AppleWebKit/605.1.15 (KHTML, like Gecko) Version/11.1.2 Safari/605.1.15" "-"
81.0.33.153 - - [18/Nov/2019:11:14:16 +0100] "GET /wp-content/uploads/2019/04/Bidon-boxter-2.png HTTP/1.1" 200 44312 "https://www.google.es/" "Mozilla/5.0 (Macintosh; Intel Mac OS X 10_11_6) AppleWebKit/605.1.15 (KHTML, like Gecko) Version/11.1.2 Safari/605.1.15" "-"
217.76.130.90 - - [18/Nov/2019:11:27:24 +0100] "POST /wp-cron.php?doing_wp_cron=1574072844.3173899650573730468750 HTTP/1.1" 200 3389 "https://amazingsportwear.com/wp-cron.php?doing_wp_cron=1574072844.3173899650573730468750" "WordPress/5.2.4; https://amazingsportwear.com" "-"
66.249.66.66 - - [18/Nov/2019:11:27:16 +0100] "GET /etiqueta-producto/cortavientos/ HTTP/1.1" 200 54030 "-" "Mozilla/5.0 (compatible; Googlebot/2.1; +http://www.google.com/bot.html)" "-"
81.44.200.89 - - [18/Nov/2019:11:31:21 +0100] "GET /wp-content/uploads/2019/04/zapatillero-tram-6.png HTTP/1.1" 200 50202 "https://www.google.com/" "Mozilla/5.0 (Windows NT 10.0; Win64; x64) AppleWebKit/537.36 (KHTML, like Gecko) Chrome/78.0.3904.97 Safari/537.36" "-"
217.76.130.90 - - [18/Nov/2019:11:53:54 +0100] "POST /wp-cron.php?doing_wp_cron=1574074433.7871379852294921875000 HTTP/1.1" 200 164 "http://amazingsportwear.com/wp-cron.php?doing_wp_cron=1574074433.7871379852294921875000" "WordPress/5.2.4; https://amazingsportwear.com" "-"
207.46.13.81 - - [18/Nov/2019:11:53:48 +0100] "GET /futbol/28-camiseta-manga-corta-ranglan-futbol.html HTTP/1.1" 404 68066 "-" "Mozilla/5.0 (compatible; bingbot/2.0; +http://www.bing.com/bingbot.htm)" "-"
217.76.130.90 - - [18/Nov/2019:11:55:43 +0100] "POST /wp-cron.php?doing_wp_cron=1574074543.6900730133056640625000 HTTP/1.1" 200 3389 "https://amazingsportwear.com/wp-cron.php?doing_wp_cron=1574074543.6900730133056640625000" "WordPress/5.2.4; https://amazingsportwear.com" "-"
3.227.3.146 - - [18/Nov/2019:11:55:42 +0100] "GET /robots.txt HTTP/1.1" 200 3744 "-" "CCBot/2.0 (https://commoncrawl.org/faq/)" "-"
3.227.3.146 - - [18/Nov/2019:11:55:43 +0100] "GET /producto/pantalon-corto-lanus-sa-6655/ HTTP/1.1" 200 93287 "-" "CCBot/2.0 (https://commoncrawl.org/faq/)" "-"
3.227.3.146 - - [18/Nov/2019:11:55:51 +0100] "GET /producto/mallas-deportivas-icaria-woman/ HTTP/1.1" 200 100155 "-" "CCBot/2.0 (https://commoncrawl.org/faq/)" "-"
3.227.3.146 - - [18/Nov/2019:11:56:00 +0100] "GET / HTTP/1.1" 200 125618 "-" "CCBot/2.0 (https://commoncrawl.org/faq/)" "-"
217.76.130.90 - - [18/Nov/2019:11:56:08 +0100] "POST /wp-cron.php?doing_wp_cron=1574074568.2395160198211669921875 HTTP/1.1" 200 3389 "https://amazingsportwear.com/wp-cron.php?doing_wp_cron=1574074568.2395160198211669921875" "WordPress/5.2.4; https://amazingsportwear.com" "-"
3.227.3.146 - - [18/Nov/2019:11:56:07 +0100] "GET /producto/mallas-deportivas-mujer-carla/ HTTP/1.1" 200 103007 "-" "CCBot/2.0 (https://commoncrawl.org/faq/)" "-"
3.227.3.146 - - [18/Nov/2019:11:56:14 +0100] "GET /categoria-producto/mujer/polostecnicos-mujer/ HTTP/1.1" 200 66815 "-" "CCBot/2.0 (https://commoncrawl.org/faq/)" "-"
3.227.3.146 - - [18/Nov/2019:11:56:21 +0100] "GET /producto/falda-tecnica-padel-tenis/ HTTP/1.1" 200 96641 "-" "CCBot/2.0 (https://commoncrawl.org/faq/)" "-"
200.93.166.137 - - [18/Nov/2019:11:56:48 +0100] "GET /wp-content/uploads/2019/04/Gorra-sport-10.png HTTP/1.1" 200 60426 "https://www.google.com/" "Mozilla/5.0 (Windows NT 10.0; Win64; x64) AppleWebKit/537.36 (KHTML, like Gecko) Chrome/78.0.3904.97 Safari/537.36" "-"
217.76.130.90 - - [18/Nov/2019:11:59:44 +0100] "POST /wp-cron.php?doing_wp_cron=1574074784.5308630466461181640625 HTTP/1.1" 200 3389 "https://amazingsportwear.com/wp-cron.php?doing_wp_cron=1574074784.5308630466461181640625" "WordPress/5.2.4; https://amazingsportwear.com" "-"
3.227.3.146 - - [18/Nov/2019:11:59:43 +0100] "GET /producto/pantalon-leggin-adelaida-sa-0459/ HTTP/1.1" 200 95135 "-" "CCBot/2.0 (https://commoncrawl.org/faq/)" "-"
1.70.76.196 - - [18/Nov/2019:12:01:45 +0100] "GET /wp-content/uploads/2018/05/Pf-10031900-2-261x300.jpg HTTP/1.1" 200 15874 "-" "Mozilla/5.0 (Linux; Android 7.0; FRD-AL00 Build/HUAWEIFRD-AL00; wv) AppleWebKit/537.36 (KHTML, like Gecko) Version/4.0 Chrome/53.0.2785.49 Mobile MQQBrowser/6.2 TBS/043602 Safari/537.36 MicroMessenger/6.5.16.1120 NetType/WIFI Language/zh_CN" "-"
77.27.180.7 - - [18/Nov/2019:12:01:47 +0100] "GET /wp-content/uploads/2019/04/Gorra-sport-10.png HTTP/1.1" 200 60426 "https://www.google.com/" "Mozilla/5.0 (Windows NT 10.0; Win64; x64) AppleWebKit/537.36 (KHTML, like Gecko) Chrome/78.0.3904.97 Safari/537.36" "-"
217.76.130.90 - - [18/Nov/2019:12:01:47 +0100] "POST /wp-cron.php?doing_wp_cron=1574074907.5372400283813476562500 HTTP/1.1" 200 3389 "https://amazingsportwear.com/wp-cron.php?doing_wp_cron=1574074907.5372400283813476562500" "WordPress/5.2.4; https://amazingsportwear.com" "-"
125.106.81.175 - - [18/Nov/2019:12:01:46 +0100] "GET /etiqueta-producto/camiseta-tecnica-combinada HTTP/1.1" 301 3568 "-" "Mozilla/5.0(Linux;Android 5.1.1;OPPO A33 Build/LMY47V;wv) AppleWebKit/537.36(KHTML,link Gecko) Version/4.0 Chrome/43.0.2357.121 Mobile Safari/537.36 LieBaoFast/4.51.3" "-"
125.106.81.175 - - [18/Nov/2019:12:01:56 +0100] "GET /etiqueta-producto/camiseta-tecnica-combinada/ HTTP/1.1" 200 56030 "-" "Mozilla/5.0(Linux;Android 5.1.1;OPPO A33 Build/LMY47V;wv) AppleWebKit/537.36(KHTML,link Gecko) Version/4.0 Chrome/43.0.2357.121 Mobile Safari/537.36 LieBaoFast/4.51.3" "wpfront-notification-bar-landingpage=1"
217.76.130.90 - - [18/Nov/2019:12:02:06 +0100] "POST /wp-cron.php?doing_wp_cron=1574074926.1414759159088134765625 HTTP/1.1" 200 3389 "https://amazingsportwear.com/wp-cron.php?doing_wp_cron=1574074926.1414759159088134765625" "WordPress/5.2.4; https://amazingsportwear.com" "-"
60.185.151.152 - - [18/Nov/2019:12:02:05 +0100] "GET /etiqueta-producto/leggin HTTP/1.1" 301 3548 "-" "Mozilla/5.0(Linux;U;Android 5.1.1;zh-CN;OPPO A33 Build/LMY47V) AppleWebKit/537.36(KHTML,like Gecko) Version/4.0 Chrome/40.0.2214.89 UCBrowser/11.7.0.953 Mobile Safari/537.36" "-"
119.5.75.102 - - [18/Nov/2019:12:02:14 +0100] "GET /producto/braga-cuello-atletismo HTTP/1.1" 301 3555 "-" "Mozilla/5.0(Linux;Android 5.1.1;OPPO A33 Build/LMY47V;wv) AppleWebKit/537.36(KHTML,link Gecko) Version/4.0 Chrome/42.0.2311.138 Mobile Safari/537.36 Mb2345Browser/9.0" "-"
60.185.151.152 - - [18/Nov/2019:12:02:17 +0100] "GET /etiqueta-producto/leggin/ HTTP/1.1" 200 55476 "-" "Mozilla/5.0(Linux;U;Android 5.1.1;zh-CN;OPPO A33 Build/LMY47V) AppleWebKit/537.36(KHTML,like Gecko) Version/4.0 Chrome/40.0.2214.89 UCBrowser/11.7.0.953 Mobile Safari/537.36" "wpfront-notification-bar-landingpage=1"
119.5.75.102 - - [18/Nov/2019:12:02:27 +0100] "GET /producto/braga-cuello-atletismo/ HTTP/1.1" 200 96488 "-" "Mozilla/5.0(Linux;Android 5.1.1;OPPO A33 Build/LMY47V;wv) AppleWebKit/537.36(KHTML,link Gecko) Version/4.0 Chrome/42.0.2311.138 Mobile Safari/537.36 Mb2345Browser/9.0" "wpfront-notification-bar-landingpage=1"
217.76.130.90 - - [18/Nov/2019:12:03:26 +0100] "POST /wp-cron.php?doing_wp_cron=1574075006.8062019348144531250000 HTTP/1.1" 200 3389 "https://amazingsportwear.com/wp-cron.php?doing_wp_cron=1574075006.8062019348144531250000" "WordPress/5.2.4; https://amazingsportwear.com" "-"
3.227.3.146 - - [18/Nov/2019:12:03:26 +0100] "GET /producto/short-tecnico-padel-tenis-woman/ HTTP/1.1" 200 95410 "-" "CCBot/2.0 (https://commoncrawl.org/faq/)" "-"
3.227.3.146 - - [18/Nov/2019:12:03:56 +0100] "GET /ofertas/ HTTP/1.1" 200 73233 "-" "CCBot/2.0 (https://commoncrawl.org/faq/)" "-"
217.76.130.90 - - [18/Nov/2019:12:07:01 +0100] "POST /wp-cron.php?doing_wp_cron=1574075221.7222139835357666015625 HTTP/1.1" 200 3389 "https://amazingsportwear.com/wp-cron.php?doing_wp_cron=1574075221.7222139835357666015625" "WordPress/5.2.4; https://amazingsportwear.com" "-"
117.70.39.140 - - [18/Nov/2019:12:07:01 +0100] "GET /etiqueta-producto/con-bolsillo HTTP/1.1" 301 3554 "-" "Mozilla/5.0(Linux;U;Android 5.1.1;zh-CN;OPPO A33 Build/LMY47V) AppleWebKit/537.36(KHTML,like Gecko) Version/4.0 Chrome/40.0.2214.89 UCBrowser/11.7.0.953 Mobile Safari/537.36" "-"
217.76.130.90 - - [18/Nov/2019:12:07:10 +0100] "POST /wp-cron.php?doing_wp_cron=1574075230.0820140838623046875000 HTTP/1.1" 200 3389 "https://amazingsportwear.com/wp-cron.php?doing_wp_cron=1574075230.0820140838623046875000" "WordPress/5.2.4; https://amazingsportwear.com" "-"
117.70.39.140 - - [18/Nov/2019:12:07:09 +0100] "GET /etiqueta-producto/con-bolsillo/ HTTP/1.1" 200 55841 "-" "Mozilla/5.0(Linux;U;Android 5.1.1;zh-CN;OPPO A33 Build/LMY47V) AppleWebKit/537.36(KHTML,like Gecko) Version/4.0 Chrome/40.0.2214.89 UCBrowser/11.7.0.953 Mobile Safari/537.36" "wpfront-notification-bar-landingpage=1"
175.153.89.120 - - [18/Nov/2019:12:07:13 +0100] "GET /producto/bidon-match/ HTTP/1.1" 200 96523 "-" "Mozilla/5.0 (Linux; Android 7.0; FRD-AL00 Build/HUAWEIFRD-AL00; wv) AppleWebKit/537.36 (KHTML, like Gecko) Version/4.0 Chrome/53.0.2785.49 Mobile MQQBrowser/6.2 TBS/043602 Safari/537.36 MicroMessenger/6.5.16.1120 NetType/WIFI Language/zh_CN" "-"
39.66.181.62 - - [18/Nov/2019:12:07:32 +0100] "GET /etiqueta-producto/bolsillos-laterales HTTP/1.1" 301 3561 "-" "Mozilla/5.0(Linux;Android 5.1.1;OPPO A33 Build/LMY47V;wv) AppleWebKit/537.36(KHTML,link Gecko) Version/4.0 Chrome/43.0.2357.121 Mobile Safari/537.36 LieBaoFast/4.51.3" "-"
39.66.181.62 - - [18/Nov/2019:12:08:01 +0100] "GET /etiqueta-producto/bolsillos-laterales/ HTTP/1.1" 200 55584 "-" "Mozilla/5.0(Linux;Android 5.1.1;OPPO A33 Build/LMY47V;wv) AppleWebKit/537.36(KHTML,link Gecko) Version/4.0 Chrome/43.0.2357.121 Mobile Safari/537.36 LieBaoFast/4.51.3" "wpfront-notification-bar-landingpage=1"
217.76.130.90 - - [18/Nov/2019:12:13:47 +0100] "POST /wp-cron.php?doing_wp_cron=1574075627.3171620368957519531250 HTTP/1.1" 200 3389 "https://amazingsportwear.com/wp-cron.php?doing_wp_cron=1574075627.3171620368957519531250" "WordPress/5.2.4; https://amazingsportwear.com" "-"
115.171.38.89 - - [18/Nov/2019:12:13:44 +0100] "GET /etiqueta-producto/pantalon-corto HTTP/1.1" 301 3556 "-" "Mozilla/5.0(Linux;Android 5.1.1;OPPO A33 Build/LMY47V;wv) AppleWebKit/537.36(KHTML,link Gecko) Version/4.0 Chrome/42.0.2311.138 Mobile Safari/537.36 Mb2345Browser/9.0" "-"
115.171.38.89 - - [18/Nov/2019:12:13:50 +0100] "GET /etiqueta-producto/pantalon-corto/ HTTP/1.1" 200 62903 "-" "Mozilla/5.0(Linux;Android 5.1.1;OPPO A33 Build/LMY47V;wv) AppleWebKit/537.36(KHTML,link Gecko) Version/4.0 Chrome/42.0.2311.138 Mobile Safari/537.36 Mb2345Browser/9.0" "wpfront-notification-bar-landingpage=1"
217.76.130.90 - - [18/Nov/2019:12:14:09 +0100] "POST /wp-cron.php?doing_wp_cron=1574075649.9468541145324707031250 HTTP/1.1" 200 3389 "https://amazingsportwear.com/wp-cron.php?doing_wp_cron=1574075649.9468541145324707031250" "WordPress/5.2.4; https://amazingsportwear.com" "-"
207.46.13.210 - - [18/Nov/2019:12:14:09 +0100] "GET /producto/mochila-humus/ HTTP/1.1" 200 97256 "-" "Mozilla/5.0 (compatible; bingbot/2.0; +http://www.bing.com/bingbot.htm)" "-"
217.76.130.90 - - [18/Nov/2019:12:15:29 +0100] "POST /wp-cron.php?doing_wp_cron=1574075729.7305040359497070312500 HTTP/1.1" 200 3389 "https://amazingsportwear.com/wp-cron.php?doing_wp_cron=1574075729.7305040359497070312500" "WordPress/5.2.4; https://amazingsportwear.com" "-"
66.249.66.66 - - [18/Nov/2019:12:15:29 +0100] "GET /categoria-producto/deportes/futbol/ HTTP/1.1" 200 66331 "-" "Mozilla/5.0 (Linux; Android 6.0.1; Nexus 5X Build/MMB29P) AppleWebKit/537.36 (KHTML, like Gecko) Chrome/41.0.2272.96 Mobile Safari/537.36 (compatible; Googlebot/2.1; +http://www.google.com/bot.html)" "-"
66.249.66.66 - - [18/Nov/2019:12:15:36 +0100] "POST /?wc-ajax=get_refreshed_fragments HTTP/1.1" 200 1397 "https://amazingsportwear.com/categoria-producto/deportes/futbol/" "Mozilla/5.0 (Linux; Android 6.0.1; Nexus 5X Build/MMB29P) AppleWebKit/537.36 (KHTML, like Gecko) Chrome/41.0.2272.96 Mobile Safari/537.36 (compatible; Googlebot/2.1; +http://www.google.com/bot.html)" "_ga=GA1.2.1884029788.1574035200; _gid=GA1.2.969013651.1574035200; _gat_gtag_UA_91619287_1=1"
217.76.130.90 - - [18/Nov/2019:12:16:10 +0100] "POST /wp-cron.php?doing_wp_cron=1574075770.6379249095916748046875 HTTP/1.1" 200 3389 "https://amazingsportwear.com/wp-cron.php?doing_wp_cron=1574075770.6379249095916748046875" "WordPress/5.2.4; https://amazingsportwear.com" "-"
