84.78.26.2 - - [12/Dec/2019:20:45:07 +0100] "GET /wp-content/uploads/2017/03/CAT-5247-267.jpg HTTP/1.1" 200 27751 "https://amazingsportwear.com/producto/camiseta-tecnic-rox-cat-5247/" "Mozilla/5.0 (iPhone; CPU iPhone OS 13_1_3 like Mac OS X) AppleWebKit/605.1.15 (KHTML, like Gecko) Version/13.0.1 Mobile/15E148 Safari/604.1" "-"
84.78.26.2 - - [12/Dec/2019:20:45:07 +0100] "GET /wp-content/uploads/2017/03/CAT-5247-11.jpg HTTP/1.1" 200 29729 "https://amazingsportwear.com/producto/camiseta-tecnic-rox-cat-5247/" "Mozilla/5.0 (iPhone; CPU iPhone OS 13_1_3 like Mac OS X) AppleWebKit/605.1.15 (KHTML, like Gecko) Version/13.0.1 Mobile/15E148 Safari/604.1" "-"
84.78.26.2 - - [12/Dec/2019:20:45:07 +0100] "GET /wp-content/uploads/2017/03/CAT-5247-07.jpg HTTP/1.1" 200 31666 "https://amazingsportwear.com/producto/camiseta-tecnic-rox-cat-5247/" "Mozilla/5.0 (iPhone; CPU iPhone OS 13_1_3 like Mac OS X) AppleWebKit/605.1.15 (KHTML, like Gecko) Version/13.0.1 Mobile/15E148 Safari/604.1" "-"
84.78.26.2 - - [12/Dec/2019:20:45:07 +0100] "POST /?wc-ajax=get_refreshed_fragments HTTP/1.1" 200 1397 "https://amazingsportwear.com/producto/camiseta-tecnic-rox-cat-5247/" "Mozilla/5.0 (iPhone; CPU iPhone OS 13_1_3 like Mac OS X) AppleWebKit/605.1.15 (KHTML, like Gecko) Version/13.0.1 Mobile/15E148 Safari/604.1" "_ga=GA1.2.2139890336.1576179905; _gat_gtag_UA_91619287_1=1; _gid=GA1.2.1810679641.1576179905"
84.78.26.2 - - [12/Dec/2019:20:45:07 +0100] "GET /wp-content/uploads/2017/03/CAT-5247-02.jpg HTTP/1.1" 200 26280 "https://amazingsportwear.com/producto/camiseta-tecnic-rox-cat-5247/" "Mozilla/5.0 (iPhone; CPU iPhone OS 13_1_3 like Mac OS X) AppleWebKit/605.1.15 (KHTML, like Gecko) Version/13.0.1 Mobile/15E148 Safari/604.1" "-"
84.78.26.2 - - [12/Dec/2019:20:45:07 +0100] "GET /wp-content/uploads/2017/03/CAT-5247-03.jpg HTTP/1.1" 200 31194 "https://amazingsportwear.com/producto/camiseta-tecnic-rox-cat-5247/" "Mozilla/5.0 (iPhone; CPU iPhone OS 13_1_3 like Mac OS X) AppleWebKit/605.1.15 (KHTML, like Gecko) Version/13.0.1 Mobile/15E148 Safari/604.1" "-"
84.78.26.2 - - [12/Dec/2019:20:45:07 +0100] "GET /wp-content/uploads/2017/03/cat-5247-COLORES-1.jpg HTTP/1.1" 200 35950 "https://amazingsportwear.com/producto/camiseta-tecnic-rox-cat-5247/" "Mozilla/5.0 (iPhone; CPU iPhone OS 13_1_3 like Mac OS X) AppleWebKit/605.1.15 (KHTML, like Gecko) Version/13.0.1 Mobile/15E148 Safari/604.1" "-"
84.78.26.2 - - [12/Dec/2019:20:45:08 +0100] "GET /wp-content/uploads/2017/03/sa-0563-hombre.jpg HTTP/1.1" 200 76951 "https://amazingsportwear.com/producto/camiseta-tecnic-rox-cat-5247/" "Mozilla/5.0 (iPhone; CPU iPhone OS 13_1_3 like Mac OS X) AppleWebKit/605.1.15 (KHTML, like Gecko) Version/13.0.1 Mobile/15E148 Safari/604.1" "-"
84.78.26.2 - - [12/Dec/2019:20:45:08 +0100] "GET /wp-content/uploads/2019/05/asw-white-600x252.png HTTP/1.1" 200 29380 "https://amazingsportwear.com/producto/camiseta-tecnic-rox-cat-5247/" "Mozilla/5.0 (iPhone; CPU iPhone OS 13_1_3 like Mac OS X) AppleWebKit/605.1.15 (KHTML, like Gecko) Version/13.0.1 Mobile/15E148 Safari/604.1" "-"
84.78.26.2 - - [12/Dec/2019:20:45:08 +0100] "GET /wp-content/uploads/2017/03/CAT-3579-azul-300x300.jpg HTTP/1.1" 200 16400 "https://amazingsportwear.com/producto/camiseta-tecnic-rox-cat-5247/" "Mozilla/5.0 (iPhone; CPU iPhone OS 13_1_3 like Mac OS X) AppleWebKit/605.1.15 (KHTML, like Gecko) Version/13.0.1 Mobile/15E148 Safari/604.1" "-"
84.78.26.2 - - [12/Dec/2019:20:45:08 +0100] "GET /wp-content/uploads/2017/03/aq-rever-494-300x300.jpg HTTP/1.1" 200 26882 "https://amazingsportwear.com/producto/camiseta-tecnic-rox-cat-5247/" "Mozilla/5.0 (iPhone; CPU iPhone OS 13_1_3 like Mac OS X) AppleWebKit/605.1.15 (KHTML, like Gecko) Version/13.0.1 Mobile/15E148 Safari/604.1" "-"
84.78.26.2 - - [12/Dec/2019:20:45:08 +0100] "GET /wp-content/plugins/product-enquiry-for-woocommerce/img/contact/loading.gif HTTP/1.1" 200 3834 "https://amazingsportwear.com/producto/camiseta-tecnic-rox-cat-5247/" "Mozilla/5.0 (iPhone; CPU iPhone OS 13_1_3 like Mac OS X) AppleWebKit/605.1.15 (KHTML, like Gecko) Version/13.0.1 Mobile/15E148 Safari/604.1" "-"
84.78.26.2 - - [12/Dec/2019:20:45:08 +0100] "GET /wp-content/plugins/simple-social-icons/symbol-defs.svg HTTP/1.1" 200 19699 "https://amazingsportwear.com/producto/camiseta-tecnic-rox-cat-5247/" "Mozilla/5.0 (iPhone; CPU iPhone OS 13_1_3 like Mac OS X) AppleWebKit/605.1.15 (KHTML, like Gecko) Version/13.0.1 Mobile/15E148 Safari/604.1" "_ga=GA1.2.2139890336.1576179905; _gat_gtag_UA_91619287_1=1; _gid=GA1.2.1810679641.1576179905"
84.78.26.2 - - [12/Dec/2019:20:45:08 +0100] "GET /wp-content/uploads/2017/03/CAT-5247-19-100x100.jpg HTTP/1.1" 200 3287 "https://amazingsportwear.com/producto/camiseta-tecnic-rox-cat-5247/" "Mozilla/5.0 (iPhone; CPU iPhone OS 13_1_3 like Mac OS X) AppleWebKit/605.1.15 (KHTML, like Gecko) Version/13.0.1 Mobile/15E148 Safari/604.1" "_ga=GA1.2.2139890336.1576179905; _gat_gtag_UA_91619287_1=1; _gid=GA1.2.1810679641.1576179905"
84.78.26.2 - - [12/Dec/2019:20:45:08 +0100] "GET /wp-content/uploads/2017/03/CAT-5247-04-100x100.jpg HTTP/1.1" 200 3245 "https://amazingsportwear.com/producto/camiseta-tecnic-rox-cat-5247/" "Mozilla/5.0 (iPhone; CPU iPhone OS 13_1_3 like Mac OS X) AppleWebKit/605.1.15 (KHTML, like Gecko) Version/13.0.1 Mobile/15E148 Safari/604.1" "_ga=GA1.2.2139890336.1576179905; _gat_gtag_UA_91619287_1=1; _gid=GA1.2.1810679641.1576179905"
84.78.26.2 - - [12/Dec/2019:20:45:08 +0100] "GET /wp-content/uploads/2017/03/CAT-5247-05-100x100.jpg HTTP/1.1" 200 3187 "https://amazingsportwear.com/producto/camiseta-tecnic-rox-cat-5247/" "Mozilla/5.0 (iPhone; CPU iPhone OS 13_1_3 like Mac OS X) AppleWebKit/605.1.15 (KHTML, like Gecko) Version/13.0.1 Mobile/15E148 Safari/604.1" "_ga=GA1.2.2139890336.1576179905; _gat_gtag_UA_91619287_1=1; _gid=GA1.2.1810679641.1576179905"
84.78.26.2 - - [12/Dec/2019:20:45:08 +0100] "GET /wp-content/uploads/2017/03/CAT-5247-01-100x100.jpg HTTP/1.1" 200 2691 "https://amazingsportwear.com/producto/camiseta-tecnic-rox-cat-5247/" "Mozilla/5.0 (iPhone; CPU iPhone OS 13_1_3 like Mac OS X) AppleWebKit/605.1.15 (KHTML, like Gecko) Version/13.0.1 Mobile/15E148 Safari/604.1" "_ga=GA1.2.2139890336.1576179905; _gat_gtag_UA_91619287_1=1; _gid=GA1.2.1810679641.1576179905"
84.78.26.2 - - [12/Dec/2019:20:45:08 +0100] "GET /wp-content/uploads/2017/03/CAT-5247-265-100x100.jpg HTTP/1.1" 200 2901 "https://amazingsportwear.com/producto/camiseta-tecnic-rox-cat-5247/" "Mozilla/5.0 (iPhone; CPU iPhone OS 13_1_3 like Mac OS X) AppleWebKit/605.1.15 (KHTML, like Gecko) Version/13.0.1 Mobile/15E148 Safari/604.1" "_ga=GA1.2.2139890336.1576179905; _gat_gtag_UA_91619287_1=1; _gid=GA1.2.1810679641.1576179905"
84.78.26.2 - - [12/Dec/2019:20:45:08 +0100] "GET /wp-content/uploads/2017/03/CAT-5247-267-100x100.jpg HTTP/1.1" 200 3188 "https://amazingsportwear.com/producto/camiseta-tecnic-rox-cat-5247/" "Mozilla/5.0 (iPhone; CPU iPhone OS 13_1_3 like Mac OS X) AppleWebKit/605.1.15 (KHTML, like Gecko) Version/13.0.1 Mobile/15E148 Safari/604.1" "_ga=GA1.2.2139890336.1576179905; _gat_gtag_UA_91619287_1=1; _gid=GA1.2.1810679641.1576179905"
84.78.26.2 - - [12/Dec/2019:20:45:08 +0100] "GET /wp-content/uploads/2017/03/CAT-5247-07-100x100.jpg HTTP/1.1" 200 3309 "https://amazingsportwear.com/producto/camiseta-tecnic-rox-cat-5247/" "Mozilla/5.0 (iPhone; CPU iPhone OS 13_1_3 like Mac OS X) AppleWebKit/605.1.15 (KHTML, like Gecko) Version/13.0.1 Mobile/15E148 Safari/604.1" "_ga=GA1.2.2139890336.1576179905; _gat_gtag_UA_91619287_1=1; _gid=GA1.2.1810679641.1576179905"
84.78.26.2 - - [12/Dec/2019:20:45:08 +0100] "GET /wp-content/uploads/2017/03/CAT-5247-11-100x100.jpg HTTP/1.1" 200 3298 "https://amazingsportwear.com/producto/camiseta-tecnic-rox-cat-5247/" "Mozilla/5.0 (iPhone; CPU iPhone OS 13_1_3 like Mac OS X) AppleWebKit/605.1.15 (KHTML, like Gecko) Version/13.0.1 Mobile/15E148 Safari/604.1" "_ga=GA1.2.2139890336.1576179905; _gat_gtag_UA_91619287_1=1; _gid=GA1.2.1810679641.1576179905"
84.78.26.2 - - [12/Dec/2019:20:45:08 +0100] "GET /wp-content/uploads/2017/03/CAT-5247-02-100x100.jpg HTTP/1.1" 200 3020 "https://amazingsportwear.com/producto/camiseta-tecnic-rox-cat-5247/" "Mozilla/5.0 (iPhone; CPU iPhone OS 13_1_3 like Mac OS X) AppleWebKit/605.1.15 (KHTML, like Gecko) Version/13.0.1 Mobile/15E148 Safari/604.1" "_ga=GA1.2.2139890336.1576179905; _gat_gtag_UA_91619287_1=1; _gid=GA1.2.1810679641.1576179905"
84.78.26.2 - - [12/Dec/2019:20:45:08 +0100] "GET /wp-content/uploads/2017/03/CAT-5247-03-100x100.jpg HTTP/1.1" 200 3343 "https://amazingsportwear.com/producto/camiseta-tecnic-rox-cat-5247/" "Mozilla/5.0 (iPhone; CPU iPhone OS 13_1_3 like Mac OS X) AppleWebKit/605.1.15 (KHTML, like Gecko) Version/13.0.1 Mobile/15E148 Safari/604.1" "_ga=GA1.2.2139890336.1576179905; _gat_gtag_UA_91619287_1=1; _gid=GA1.2.1810679641.1576179905"
84.78.26.2 - - [12/Dec/2019:20:45:09 +0100] "GET /wp-content/uploads/2019/05/cropped-favicon-nuevo-logo-amazinf-128px-192x192.png HTTP/1.1" 200 14048 "https://amazingsportwear.com/producto/camiseta-tecnic-rox-cat-5247/" "Mozilla/5.0 (iPhone; CPU iPhone OS 13_1_3 like Mac OS X) AppleWebKit/605.1.15 (KHTML, like Gecko) Version/13.0.1 Mobile/15E148 Safari/604.1" "wpfront-notification-bar-landingpage=1; _ga=GA1.2.2139890336.1576179905; _gat_gtag_UA_91619287_1=1; _gid=GA1.2.1810679641.1576179905"
84.78.26.2 - - [12/Dec/2019:20:45:09 +0100] "GET /wp-content/uploads/2019/05/cropped-favicon-nuevo-logo-amazinf-128px-32x32.png HTTP/1.1" 200 1362 "https://amazingsportwear.com/producto/camiseta-tecnic-rox-cat-5247/" "Mozilla/5.0 (iPhone; CPU iPhone OS 13_1_3 like Mac OS X) AppleWebKit/605.1.15 (KHTML, like Gecko) Version/13.0.1 Mobile/15E148 Safari/604.1" "wpfront-notification-bar-landingpage=1; _ga=GA1.2.2139890336.1576179905; _gat_gtag_UA_91619287_1=1; _gid=GA1.2.1810679641.1576179905"
40.77.167.99 - - [12/Dec/2019:20:47:06 +0100] "GET /wp-content/uploads/2017/03/aq-crono-joven.jpg HTTP/1.1" 200 158209 "-" "Mozilla/5.0 (compatible; bingbot/2.0; +http://www.bing.com/bingbot.htm)" "-"
190.124.162.75 - - [12/Dec/2019:20:53:45 +0100] "GET /wp-content/uploads/2019/04/Gorra-sport-10.png HTTP/1.1" 200 60426 "https://www.google.com/" "Mozilla/5.0 (Linux; Android 9; SM-J701M Build/PPR1.180610.011; wv) AppleWebKit/537.36 (KHTML, like Gecko) Version/4.0 Chrome/78.0.3904.108 Mobile Safari/537.36 GSA/10.87.15.21.arm" "-"
217.76.130.90 - - [12/Dec/2019:20:56:11 +0100] "POST /wp-cron.php?doing_wp_cron=1576180571.7584919929504394531250 HTTP/1.1" 200 3389 "https://amazingsportwear.com/wp-cron.php?doing_wp_cron=1576180571.7584919929504394531250" "WordPress/5.2.4; https://amazingsportwear.com" "-"
66.249.64.144 - - [12/Dec/2019:20:56:08 +0100] "GET /producto/gorra-sport/ HTTP/1.1" 200 102529 "-" "Mozilla/5.0 (Linux; Android 6.0.1; Nexus 5X Build/MMB29P) AppleWebKit/537.36 (KHTML, like Gecko) Chrome/41.0.2272.96 Mobile Safari/537.36 (compatible; Googlebot/2.1; +http://www.google.com/bot.html)" "-"
182.111.50.51 - - [12/Dec/2019:20:57:20 +0100] "GET /wp-content/uploads/2019/04/parche-termico-pikur-6-300x300.png HTTP/1.1" 200 48543 "-" "Mozilla/5.0(Linux;Android 5.1.1;OPPO A33 Build/LMY47V;wv) AppleWebKit/537.36(KHTML,link Gecko) Version/4.0 Chrome/42.0.2311.138 Mobile Safari/537.36 Mb2345Browser/9.0" "-"
217.76.130.90 - - [12/Dec/2019:20:57:51 +0100] "POST /wp-cron.php?doing_wp_cron=1576180671.5829820632934570312500 HTTP/1.1" 200 164 "http://amazingsportwear.com/wp-cron.php?doing_wp_cron=1576180671.5829820632934570312500" "WordPress/5.2.4; https://amazingsportwear.com" "-"
183.92.228.151 - - [12/Dec/2019:20:57:50 +0100] "GET /img/cms/tienda/CIF-T1100-colores.JPG HTTP/1.1" 404 68062 "-" "Mozilla/5.0(Linux;Android 5.1.1;OPPO A33 Build/LMY47V;wv) AppleWebKit/537.36(KHTML,link Gecko) Version/4.0 Chrome/42.0.2311.138 Mobile Safari/537.36 Mb2345Browser/9.0" "-"
217.76.130.90 - - [12/Dec/2019:20:58:30 +0100] "POST /wp-cron.php?doing_wp_cron=1576180710.1369709968566894531250 HTTP/1.1" 200 164 "http://amazingsportwear.com/wp-cron.php?doing_wp_cron=1576180710.1369709968566894531250" "WordPress/5.2.4; https://amazingsportwear.com" "-"
182.109.185.97 - - [12/Dec/2019:20:58:30 +0100] "GET /wp-content/uploads/2019/07/IMAGEN-PARED-CARPA-3X45.jpg HTTP/1.1" 200 38513 "-" "Mozilla/5.0(Linux;Android 5.1.1;OPPO A33 Build/LMY47V;wv) AppleWebKit/537.36(KHTML,link Gecko) Version/4.0 Chrome/43.0.2357.121 Mobile Safari/537.36 LieBaoFast/4.51.3" "-"
59.173.75.136 - - [12/Dec/2019:20:58:29 +0100] "GET /img/cms/tienda/SA-6653-todos.png HTTP/1.1" 404 68039 "-" "Mozilla/5.0(Linux;U;Android 5.1.1;zh-CN;OPPO A33 Build/LMY47V) AppleWebKit/537.36(KHTML,like Gecko) Version/4.0 Chrome/40.0.2214.89 UCBrowser/11.7.0.953 Mobile Safari/537.36" "-"
140.255.63.18 - - [12/Dec/2019:20:58:30 +0100] "GET /img/cms/tienda/aq-polo-sport-colores.PNG HTTP/1.1" 404 68010 "-" "Mozilla/5.0(Linux;Android 5.1.1;OPPO A33 Build/LMY47V;wv) AppleWebKit/537.36(KHTML,link Gecko) Version/4.0 Chrome/42.0.2311.138 Mobile Safari/537.36 Mb2345Browser/9.0" "-"
115.206.112.36 - - [12/Dec/2019:20:58:36 +0100] "GET /wp-content/uploads/2019/07/IMAGEN-CARPA-3X45.jpg HTTP/1.1" 200 44610 "-" "Mozilla/5.0 (Linux; Android 7.0; FRD-AL00 Build/HUAWEIFRD-AL00; wv) AppleWebKit/537.36 (KHTML, like Gecko) Version/4.0 Chrome/53.0.2785.49 Mobile MQQBrowser/6.2 TBS/043602 Safari/537.36 MicroMessenger/6.5.16.1120 NetType/WIFI Language/zh_CN" "-"
113.137.24.59 - - [12/Dec/2019:20:58:49 +0100] "GET /producto/camiseta-manga-corta-tenis-pade-2 HTTP/1.1" 301 3566 "-" "Mozilla/5.0(Linux;Android 5.1.1;OPPO A33 Build/LMY47V;wv) AppleWebKit/537.36(KHTML,link Gecko) Version/4.0 Chrome/42.0.2311.138 Mobile Safari/537.36 Mb2345Browser/9.0" "-"
114.216.150.230 - - [12/Dec/2019:20:58:50 +0100] "GET /etiqueta-producto/camiseta-boomer HTTP/1.1" 301 3557 "-" "Mozilla/5.0 (Linux; Android 7.0; FRD-AL00 Build/HUAWEIFRD-AL00; wv) AppleWebKit/537.36 (KHTML, like Gecko) Version/4.0 Chrome/53.0.2785.49 Mobile MQQBrowser/6.2 TBS/043602 Safari/537.36 MicroMessenger/6.5.16.1120 NetType/WIFI Language/zh_CN" "-"
113.137.24.59 - - [12/Dec/2019:20:58:51 +0100] "GET /producto/camiseta-manga-corta-tenis-pade-2/ HTTP/1.1" 200 77196 "-" "Mozilla/5.0(Linux;Android 5.1.1;OPPO A33 Build/LMY47V;wv) AppleWebKit/537.36(KHTML,link Gecko) Version/4.0 Chrome/42.0.2311.138 Mobile Safari/537.36 Mb2345Browser/9.0" "wpfront-notification-bar-landingpage=1"
114.216.150.230 - - [12/Dec/2019:20:58:53 +0100] "GET /etiqueta-producto/camiseta-boomer/ HTTP/1.1" 200 55826 "-" "Mozilla/5.0 (Linux; Android 7.0; FRD-AL00 Build/HUAWEIFRD-AL00; wv) AppleWebKit/537.36 (KHTML, like Gecko) Version/4.0 Chrome/53.0.2785.49 Mobile MQQBrowser/6.2 TBS/043602 Safari/537.36 MicroMessenger/6.5.16.1120 NetType/WIFI Language/zh_CN" "wpfront-notification-bar-landingpage=1"
117.70.38.47 - - [12/Dec/2019:20:58:55 +0100] "GET /etiqueta-producto/camiseta-tecnica/page/6 HTTP/1.1" 301 3565 "-" "Mozilla/5.0(Linux;Android 5.1.1;OPPO A33 Build/LMY47V;wv) AppleWebKit/537.36(KHTML,link Gecko) Version/4.0 Chrome/43.0.2357.121 Mobile Safari/537.36 LieBaoFast/4.51.3" "-"
60.212.24.104 - - [12/Dec/2019:20:58:58 +0100] "GET /ofertas/ HTTP/1.1" 200 73174 "-" "Mozilla/5.0 (Linux; Android 7.0; FRD-AL00 Build/HUAWEIFRD-AL00; wv) AppleWebKit/537.36 (KHTML, like Gecko) Version/4.0 Chrome/53.0.2785.49 Mobile MQQBrowser/6.2 TBS/043602 Safari/537.36 MicroMessenger/6.5.16.1120 NetType/WIFI Language/zh_CN" "-"
117.70.38.47 - - [12/Dec/2019:20:59:00 +0100] "GET /etiqueta-producto/camiseta-tecnica/page/6/ HTTP/1.1" 200 69479 "-" "Mozilla/5.0(Linux;Android 5.1.1;OPPO A33 Build/LMY47V;wv) AppleWebKit/537.36(KHTML,link Gecko) Version/4.0 Chrome/43.0.2357.121 Mobile Safari/537.36 LieBaoFast/4.51.3" "wpfront-notification-bar-landingpage=1"
217.76.130.90 - - [12/Dec/2019:20:59:07 +0100] "POST /wp-cron.php?doing_wp_cron=1576180747.8684029579162597656250 HTTP/1.1" 200 3389 "https://amazingsportwear.com/wp-cron.php?doing_wp_cron=1576180747.8684029579162597656250" "WordPress/5.2.4; https://amazingsportwear.com" "-"
112.113.152.119 - - [12/Dec/2019:20:59:07 +0100] "GET /categoria-producto/inicio/ropa-amazing-sport-wear/futbol-ropa-amazing-sport-wear HTTP/1.1" 301 3604 "-" "Mozilla/5.0(Linux;U;Android 5.1.1;zh-CN;OPPO A33 Build/LMY47V) AppleWebKit/537.36(KHTML,like Gecko) Version/4.0 Chrome/40.0.2214.89 UCBrowser/11.7.0.953 Mobile Safari/537.36" "-"
112.113.152.119 - - [12/Dec/2019:20:59:10 +0100] "GET /categoria-producto/inicio/ropa-amazing-sport-wear/futbol-ropa-amazing-sport-wear/ HTTP/1.1" 200 68296 "-" "Mozilla/5.0(Linux;U;Android 5.1.1;zh-CN;OPPO A33 Build/LMY47V) AppleWebKit/537.36(KHTML,like Gecko) Version/4.0 Chrome/40.0.2214.89 UCBrowser/11.7.0.953 Mobile Safari/537.36" "wpfront-notification-bar-landingpage=1"
49.86.122.133 - - [12/Dec/2019:20:59:12 +0100] "GET /wp-content/uploads/2018/02/SA-1029_gris-300x300.png HTTP/1.1" 200 47348 "-" "Mozilla/5.0(Linux;U;Android 5.1.1;zh-CN;OPPO A33 Build/LMY47V) AppleWebKit/537.36(KHTML,like Gecko) Version/4.0 Chrome/40.0.2214.89 UCBrowser/11.7.0.953 Mobile Safari/537.36" "-"
116.248.187.93 - - [12/Dec/2019:20:59:17 +0100] "GET /producto/camiseta-basket-sin-costadillos-2?add-to-cart=18681 HTTP/1.1" 301 4825 "-" "Mozilla/5.0(Linux;Android 5.1.1;OPPO A33 Build/LMY47V;wv) AppleWebKit/537.36(KHTML,link Gecko) Version/4.0 Chrome/43.0.2357.121 Mobile Safari/537.36 LieBaoFast/4.51.3" "-"
116.248.187.93 - - [12/Dec/2019:20:59:20 +0100] "GET /producto/camiseta-basket-sin-costadillos-2/?add-to-cart=18681 HTTP/1.1" 200 78491 "-" "Mozilla/5.0(Linux;Android 5.1.1;OPPO A33 Build/LMY47V;wv) AppleWebKit/537.36(KHTML,link Gecko) Version/4.0 Chrome/43.0.2357.121 Mobile Safari/537.36 LieBaoFast/4.51.3" "woocommerce_cart_hash=94dbaeb5718fe14a073419ffc7d14dcb; woocommerce_items_in_cart=1; wp_woocommerce_session_fb86dbb0e6335d960ea3e94e06b25287=e249b621ba8213c3a80aca972c24f090%7C%7C1576353558%7C%7C1576349958%7C%7C033f492a97077947167ba9c89a42c8c3; wpfront-notification-bar-landingpage=1"
106.57.23.19 - - [12/Dec/2019:20:59:22 +0100] "GET /etiqueta-producto/tenis HTTP/1.1" 301 3547 "-" "Mozilla/5.0 (Linux; Android 7.0; FRD-AL00 Build/HUAWEIFRD-AL00; wv) AppleWebKit/537.36 (KHTML, like Gecko) Version/4.0 Chrome/53.0.2785.49 Mobile MQQBrowser/6.2 TBS/043602 Safari/537.36 MicroMessenger/6.5.16.1120 NetType/WIFI Language/zh_CN" "-"
106.57.23.19 - - [12/Dec/2019:20:59:26 +0100] "GET /etiqueta-producto/tenis/ HTTP/1.1" 200 59217 "-" "Mozilla/5.0 (Linux; Android 7.0; FRD-AL00 Build/HUAWEIFRD-AL00; wv) AppleWebKit/537.36 (KHTML, like Gecko) Version/4.0 Chrome/53.0.2785.49 Mobile MQQBrowser/6.2 TBS/043602 Safari/537.36 MicroMessenger/6.5.16.1120 NetType/WIFI Language/zh_CN" "wpfront-notification-bar-landingpage=1"
223.116.201.157 - - [12/Dec/2019:20:59:32 +0100] "GET /producto/camiseta-motocross-2?add-to-cart=18698 HTTP/1.1" 301 4812 "-" "Mozilla/5.0(Linux;U;Android 5.1.1;zh-CN;OPPO A33 Build/LMY47V) AppleWebKit/537.36(KHTML,like Gecko) Version/4.0 Chrome/40.0.2214.89 UCBrowser/11.7.0.953 Mobile Safari/537.36" "-"
223.116.201.157 - - [12/Dec/2019:20:59:35 +0100] "GET /producto/camiseta-motocross-2/?add-to-cart=18698 HTTP/1.1" 200 76564 "-" "Mozilla/5.0(Linux;U;Android 5.1.1;zh-CN;OPPO A33 Build/LMY47V) AppleWebKit/537.36(KHTML,like Gecko) Version/4.0 Chrome/40.0.2214.89 UCBrowser/11.7.0.953 Mobile Safari/537.36" "woocommerce_cart_hash=4675fb67b8b694e62541814e106fa3d9; woocommerce_items_in_cart=1; wp_woocommerce_session_fb86dbb0e6335d960ea3e94e06b25287=89d804a61cac7a21ffbea7b0f0dd2ec2%7C%7C1576353572%7C%7C1576349972%7C%7C9b54bb719b080dc233e4b25821b8dc62; wpfront-notification-bar-landingpage=1"
122.244.242.190 - - [12/Dec/2019:20:59:43 +0100] "GET /etiqueta-producto/botiquin HTTP/1.1" 301 3550 "-" "Mozilla/5.0 (Linux; Android 7.0; FRD-AL00 Build/HUAWEIFRD-AL00; wv) AppleWebKit/537.36 (KHTML, like Gecko) Version/4.0 Chrome/53.0.2785.49 Mobile MQQBrowser/6.2 TBS/043602 Safari/537.36 MicroMessenger/6.5.16.1120 NetType/WIFI Language/zh_CN" "-"
182.243.148.74 - - [12/Dec/2019:20:59:44 +0100] "GET /producto/polo-tecnico-cremallera HTTP/1.1" 301 3556 "-" "Mozilla/5.0(Linux;U;Android 5.1.1;zh-CN;OPPO A33 Build/LMY47V) AppleWebKit/537.36(KHTML,like Gecko) Version/4.0 Chrome/40.0.2214.89 UCBrowser/11.7.0.953 Mobile Safari/537.36" "-"
122.244.242.190 - - [12/Dec/2019:20:59:46 +0100] "GET /etiqueta-producto/botiquin/ HTTP/1.1" 200 57441 "-" "Mozilla/5.0 (Linux; Android 7.0; FRD-AL00 Build/HUAWEIFRD-AL00; wv) AppleWebKit/537.36 (KHTML, like Gecko) Version/4.0 Chrome/53.0.2785.49 Mobile MQQBrowser/6.2 TBS/043602 Safari/537.36 MicroMessenger/6.5.16.1120 NetType/WIFI Language/zh_CN" "wpfront-notification-bar-landingpage=1"
182.243.148.74 - - [12/Dec/2019:20:59:57 +0100] "GET /producto/polo-tecnico-cremallera/ HTTP/1.1" 200 98005 "-" "Mozilla/5.0(Linux;U;Android 5.1.1;zh-CN;OPPO A33 Build/LMY47V) AppleWebKit/537.36(KHTML,like Gecko) Version/4.0 Chrome/40.0.2214.89 UCBrowser/11.7.0.953 Mobile Safari/537.36" "wpfront-notification-bar-landingpage=1"
217.76.130.90 - - [12/Dec/2019:21:00:05 +0100] "POST /wp-cron.php?doing_wp_cron=1576180805.0921969413757324218750 HTTP/1.1" 200 3389 "https://amazingsportwear.com/wp-cron.php?doing_wp_cron=1576180805.0921969413757324218750" "WordPress/5.2.4; https://amazingsportwear.com" "-"
117.57.32.147 - - [12/Dec/2019:21:00:04 +0100] "GET /categoria-producto/hombre/camisetas/page/4 HTTP/1.1" 301 3566 "-" "Mozilla/5.0(Linux;U;Android 5.1.1;zh-CN;OPPO A33 Build/LMY47V) AppleWebKit/537.36(KHTML,like Gecko) Version/4.0 Chrome/40.0.2214.89 UCBrowser/11.7.0.953 Mobile Safari/537.36" "-"
117.57.32.147 - - [12/Dec/2019:21:00:12 +0100] "GET /categoria-producto/hombre/camisetas/page/4/ HTTP/1.1" 200 77320 "-" "Mozilla/5.0(Linux;U;Android 5.1.1;zh-CN;OPPO A33 Build/LMY47V) AppleWebKit/537.36(KHTML,like Gecko) Version/4.0 Chrome/40.0.2214.89 UCBrowser/11.7.0.953 Mobile Safari/537.36" "wpfront-notification-bar-landingpage=1"
49.83.246.26 - - [12/Dec/2019:21:01:26 +0100] "GET /wp-content/uploads/2019/03/SA-6401-1-300x300.png HTTP/1.1" 200 89263 "-" "Mozilla/5.0(Linux;Android 5.1.1;OPPO A33 Build/LMY47V;wv) AppleWebKit/537.36(KHTML,link Gecko) Version/4.0 Chrome/43.0.2357.121 Mobile Safari/537.36 LieBaoFast/4.51.3" "-"
116.55.140.195 - - [12/Dec/2019:21:02:41 +0100] "GET /wp-content/uploads/2017/04/aq-tandem-colores1-1.png HTTP/1.1" 200 79333 "-" "Mozilla/5.0 (Linux; Android 7.0; FRD-AL00 Build/HUAWEIFRD-AL00; wv) AppleWebKit/537.36 (KHTML, like Gecko) Version/4.0 Chrome/53.0.2785.49 Mobile MQQBrowser/6.2 TBS/043602 Safari/537.36 MicroMessenger/6.5.16.1120 NetType/WIFI Language/zh_CN" "-"
217.76.130.90 - - [12/Dec/2019:21:02:44 +0100] "POST /wp-cron.php?doing_wp_cron=1576180964.4100069999694824218750 HTTP/1.1" 200 3389 "https://amazingsportwear.com/wp-cron.php?doing_wp_cron=1576180964.4100069999694824218750" "WordPress/5.2.4; https://amazingsportwear.com" "-"
117.90.77.80 - - [12/Dec/2019:21:02:43 +0100] "GET /producto/camiseta-tecnica-indianapolis-sa-6650 HTTP/1.1" 301 3570 "-" "Mozilla/5.0(Linux;U;Android 5.1.1;zh-CN;OPPO A33 Build/LMY47V) AppleWebKit/537.36(KHTML,like Gecko) Version/4.0 Chrome/40.0.2214.89 UCBrowser/11.7.0.953 Mobile Safari/537.36" "-"
117.90.77.80 - - [12/Dec/2019:21:02:46 +0100] "GET /producto/camiseta-tecnica-indianapolis-sa-6650/ HTTP/1.1" 200 110688 "-" "Mozilla/5.0(Linux;U;Android 5.1.1;zh-CN;OPPO A33 Build/LMY47V) AppleWebKit/537.36(KHTML,like Gecko) Version/4.0 Chrome/40.0.2214.89 UCBrowser/11.7.0.953 Mobile Safari/537.36" "wpfront-notification-bar-landingpage=1"
116.55.78.247 - - [12/Dec/2019:21:02:57 +0100] "GET /etiqueta-producto/running HTTP/1.1" 301 3549 "-" "Mozilla/5.0(Linux;Android 5.1.1;OPPO A33 Build/LMY47V;wv) AppleWebKit/537.36(KHTML,link Gecko) Version/4.0 Chrome/43.0.2357.121 Mobile Safari/537.36 LieBaoFast/4.51.3" "-"
116.55.78.247 - - [12/Dec/2019:21:03:00 +0100] "GET /etiqueta-producto/running/ HTTP/1.1" 200 57138 "-" "Mozilla/5.0(Linux;Android 5.1.1;OPPO A33 Build/LMY47V;wv) AppleWebKit/537.36(KHTML,link Gecko) Version/4.0 Chrome/43.0.2357.121 Mobile Safari/537.36 LieBaoFast/4.51.3" "wpfront-notification-bar-landingpage=1"
217.76.130.90 - - [12/Dec/2019:21:03:05 +0100] "POST /wp-cron.php?doing_wp_cron=1576180984.9590549468994140625000 HTTP/1.1" 200 3389 "https://amazingsportwear.com/wp-cron.php?doing_wp_cron=1576180984.9590549468994140625000" "WordPress/5.2.4; https://amazingsportwear.com" "-"
42.243.138.210 - - [12/Dec/2019:21:03:04 +0100] "GET /producto/camiseta-manga-corta-basket HTTP/1.1" 301 3560 "-" "Mozilla/5.0(Linux;U;Android 5.1.1;zh-CN;OPPO A33 Build/LMY47V) AppleWebKit/537.36(KHTML,like Gecko) Version/4.0 Chrome/40.0.2214.89 UCBrowser/11.7.0.953 Mobile Safari/537.36" "-"
42.243.138.210 - - [12/Dec/2019:21:03:06 +0100] "GET /producto/camiseta-manga-corta-basket/ HTTP/1.1" 200 92648 "-" "Mozilla/5.0(Linux;U;Android 5.1.1;zh-CN;OPPO A33 Build/LMY47V) AppleWebKit/537.36(KHTML,like Gecko) Version/4.0 Chrome/40.0.2214.89 UCBrowser/11.7.0.953 Mobile Safari/537.36" "wpfront-notification-bar-landingpage=1"
182.105.201.11 - - [12/Dec/2019:21:03:12 +0100] "GET /etiqueta-producto/highline HTTP/1.1" 301 3550 "-" "Mozilla/5.0(Linux;Android 5.1.1;OPPO A33 Build/LMY47V;wv) AppleWebKit/537.36(KHTML,link Gecko) Version/4.0 Chrome/43.0.2357.121 Mobile Safari/537.36 LieBaoFast/4.51.3" "-"
36.57.41.44 - - [12/Dec/2019:21:03:27 +0100] "GET /etiqueta-producto/polo-hombre HTTP/1.1" 301 3553 "-" "Mozilla/5.0(Linux;Android 5.1.1;OPPO A33 Build/LMY47V;wv) AppleWebKit/537.36(KHTML,link Gecko) Version/4.0 Chrome/42.0.2311.138 Mobile Safari/537.36 Mb2345Browser/9.0" "-"
36.57.41.44 - - [12/Dec/2019:21:03:30 +0100] "GET /etiqueta-producto/polo-hombre/ HTTP/1.1" 200 62919 "-" "Mozilla/5.0(Linux;Android 5.1.1;OPPO A33 Build/LMY47V;wv) AppleWebKit/537.36(KHTML,link Gecko) Version/4.0 Chrome/42.0.2311.138 Mobile Safari/537.36 Mb2345Browser/9.0" "wpfront-notification-bar-landingpage=1"
217.76.130.90 - - [12/Dec/2019:21:04:08 +0100] "POST /wp-cron.php?doing_wp_cron=1576181048.5288949012756347656250 HTTP/1.1" 200 3389 "https://amazingsportwear.com/wp-cron.php?doing_wp_cron=1576181048.5288949012756347656250" "WordPress/5.2.4; https://amazingsportwear.com" "-"
113.78.66.99 - - [12/Dec/2019:21:04:07 +0100] "GET /etiqueta-producto/melbourne HTTP/1.1" 301 3551 "-" "Mozilla/5.0(Linux;Android 5.1.1;OPPO A33 Build/LMY47V;wv) AppleWebKit/537.36(KHTML,link Gecko) Version/4.0 Chrome/43.0.2357.121 Mobile Safari/537.36 LieBaoFast/4.51.3" "-"
113.78.66.99 - - [12/Dec/2019:21:04:11 +0100] "GET /etiqueta-producto/melbourne/ HTTP/1.1" 200 55779 "-" "Mozilla/5.0(Linux;Android 5.1.1;OPPO A33 Build/LMY47V;wv) AppleWebKit/537.36(KHTML,link Gecko) Version/4.0 Chrome/43.0.2357.121 Mobile Safari/537.36 LieBaoFast/4.51.3" "wpfront-notification-bar-landingpage=1"
92.190.231.174 - - [12/Dec/2019:21:18:51 +0100] "GET /wp-content/uploads/2019/04/Gorra-sport-10.png HTTP/1.1" 200 60426 "https://www.google.com/" "Mozilla/5.0 (Linux; Android 8.0.0; SM-G950F) AppleWebKit/537.36 (KHTML, like Gecko) Chrome/74.0.3729.136 Mobile Safari/537.36" "-"
217.76.130.90 - - [12/Dec/2019:21:25:06 +0100] "POST /wp-cron.php?doing_wp_cron=1576182306.4194180965423583984375 HTTP/1.1" 200 3389 "https://amazingsportwear.com/wp-cron.php?doing_wp_cron=1576182306.4194180965423583984375" "WordPress/5.2.4; https://amazingsportwear.com" "-"
66.249.64.144 - - [12/Dec/2019:21:25:02 +0100] "GET /producto/chaleco-cortavientos-sublimado-asw/ HTTP/1.1" 200 90808 "-" "Mozilla/5.0 (Linux; Android 6.0.1; Nexus 5X Build/MMB29P) AppleWebKit/537.36 (KHTML, like Gecko) Chrome/41.0.2272.96 Mobile Safari/537.36 (compatible; Googlebot/2.1; +http://www.google.com/bot.html)" "-"
40.77.167.77 - - [12/Dec/2019:21:35:05 +0100] "GET /wp-content/uploads/2019/04/HALMIK-VERDE.png HTTP/1.1" 200 109229 "-" "Mozilla/5.0 (compatible; bingbot/2.0; +http://www.bing.com/bingbot.htm)" "-"
207.46.13.120 - - [12/Dec/2019:21:37:28 +0100] "GET /wp-content/uploads/2017/03/eny-cubik-negra.jpg HTTP/1.1" 200 19489 "-" "Mozilla/5.0 (compatible; bingbot/2.0; +http://www.bing.com/bingbot.htm)" "-"
217.76.130.90 - - [12/Dec/2019:21:41:00 +0100] "POST /wp-cron.php?doing_wp_cron=1576183260.1986761093139648437500 HTTP/1.1" 200 3389 "https://amazingsportwear.com/wp-cron.php?doing_wp_cron=1576183260.1986761093139648437500" "WordPress/5.2.4; https://amazingsportwear.com" "-"
66.249.64.148 - - [12/Dec/2019:21:40:58 +0100] "GET /producto/camiseta-tecnica-tirantes-ribete-nath-beat/ HTTP/1.1" 200 104275 "-" "Mozilla/5.0 (Linux; Android 6.0.1; Nexus 5X Build/MMB29P) AppleWebKit/537.36 (KHTML, like Gecko) Chrome/41.0.2272.96 Mobile Safari/537.36 (compatible; Googlebot/2.1; +http://www.google.com/bot.html)" "-"
217.76.130.90 - - [12/Dec/2019:21:44:34 +0100] "POST /wp-cron.php?doing_wp_cron=1576183474.1509199142456054687500 HTTP/1.1" 200 3389 "https://amazingsportwear.com/wp-cron.php?doing_wp_cron=1576183474.1509199142456054687500" "WordPress/5.2.4; https://amazingsportwear.com" "-"
207.46.13.120 - - [12/Dec/2019:21:44:33 +0100] "GET /categoria-producto/accesorios/bragasybuffs/ HTTP/1.1" 200 57012 "-" "Mozilla/5.0 (compatible; bingbot/2.0; +http://www.bing.com/bingbot.htm)" "-"
217.76.130.90 - - [12/Dec/2019:21:48:26 +0100] "POST /wp-cron.php?doing_wp_cron=1576183706.7175168991088867187500 HTTP/1.1" 200 3389 "https://amazingsportwear.com/wp-cron.php?doing_wp_cron=1576183706.7175168991088867187500" "WordPress/5.2.4; https://amazingsportwear.com" "-"
66.249.64.146 - - [12/Dec/2019:21:48:24 +0100] "GET /producto/polo-tecnico-montmelo-sa-0421/ HTTP/1.1" 200 106827 "-" "Mozilla/5.0 (Linux; Android 6.0.1; Nexus 5X Build/MMB29P) AppleWebKit/537.36 (KHTML, like Gecko) Chrome/41.0.2272.96 Mobile Safari/537.36 (compatible; Googlebot/2.1; +http://www.google.com/bot.html)" "-"
66.249.64.144 - - [12/Dec/2019:21:48:36 +0100] "GET /producto/rinonera-elastica-dorsal-cif-g221/ HTTP/1.1" 200 95207 "-" "Mozilla/5.0 (Linux; Android 6.0.1; Nexus 5X Build/MMB29P) AppleWebKit/537.36 (KHTML, like Gecko) Chrome/41.0.2272.96 Mobile Safari/537.36 (compatible; Googlebot/2.1; +http://www.google.com/bot.html)" "-"
217.76.130.90 - - [12/Dec/2019:21:51:38 +0100] "POST /wp-cron.php?doing_wp_cron=1576183898.8699600696563720703125 HTTP/1.1" 200 164 "http://amazingsportwear.com/wp-cron.php?doing_wp_cron=1576183898.8699600696563720703125" "WordPress/5.2.4; https://amazingsportwear.com" "-"
69.163.163.117 - - [12/Dec/2019:21:51:37 +0100] "GET /wp-admin/admin-post.php HTTP/1.1" 200 441 "http://site.ru" "Mozilla/5.0 (Windows; U; Windows NT 5.1; en-US) AppleWebKit/533.4 (KHTML, like Gecko) Chrome/5.0.375.99 Safari/533.4" "-"
66.249.64.148 - - [12/Dec/2019:21:51:49 +0100] "GET /producto/gorra-bayon/ HTTP/1.1" 200 100474 "-" "Mozilla/5.0 (Linux; Android 6.0.1; Nexus 5X Build/MMB29P) AppleWebKit/537.36 (KHTML, like Gecko) Chrome/41.0.2272.96 Mobile Safari/537.36 (compatible; Googlebot/2.1; +http://www.google.com/bot.html)" "-"
217.76.130.90 - - [12/Dec/2019:21:52:34 +0100] "POST /wp-cron.php?doing_wp_cron=1576183954.4712660312652587890625 HTTP/1.1" 200 3389 "https://amazingsportwear.com/wp-cron.php?doing_wp_cron=1576183954.4712660312652587890625" "WordPress/5.2.4; https://amazingsportwear.com" "-"
66.249.64.148 - - [12/Dec/2019:21:52:33 +0100] "GET /producto/mochila-tipo-saco-cat-3164/ HTTP/1.1" 200 103610 "-" "Mozilla/5.0 (Linux; Android 6.0.1; Nexus 5X Build/MMB29P) AppleWebKit/537.36 (KHTML, like Gecko) Chrome/41.0.2272.96 Mobile Safari/537.36 (compatible; Googlebot/2.1; +http://www.google.com/bot.html)" "-"
66.249.64.146 - - [12/Dec/2019:21:52:58 +0100] "GET /producto/gorra-tecnica-2/ HTTP/1.1" 200 96213 "-" "Mozilla/5.0 (Linux; Android 6.0.1; Nexus 5X Build/MMB29P) AppleWebKit/537.36 (KHTML, like Gecko) Chrome/41.0.2272.96 Mobile Safari/537.36 (compatible; Googlebot/2.1; +http://www.google.com/bot.html)" "-"
217.76.130.90 - - [12/Dec/2019:21:55:19 +0100] "POST /wp-cron.php?doing_wp_cron=1576184119.9158799648284912109375 HTTP/1.1" 200 3389 "https://amazingsportwear.com/wp-cron.php?doing_wp_cron=1576184119.9158799648284912109375" "WordPress/5.2.4; https://amazingsportwear.com" "-"
173.252.87.1 - - [12/Dec/2019:21:55:19 +0100] "GET / HTTP/1.1" 200 125555 "-" "facebookexternalhit/1.1 (+http://www.facebook.com/externalhit_uatext.php)" "-"
173.252.87.35 - - [12/Dec/2019:21:55:22 +0100] "GET /contacta-con-nosotros HTTP/1.1" 301 319 "-" "facebookexternalhit/1.1 (+http://www.facebook.com/externalhit_uatext.php)" "-"
173.252.87.35 - - [12/Dec/2019:21:55:23 +0100] "GET /contacta-con-nosotros/ HTTP/1.1" 200 58191 "-" "facebookexternalhit/1.1 (+http://www.facebook.com/externalhit_uatext.php)" "-"
207.46.13.26 - - [12/Dec/2019:21:55:29 +0100] "GET /wp-content/themes/shopper/assets/fonts/fontawesome-webfont.ttf?v=4.7.0 HTTP/1.1" 200 169541 "-" "msnbot/2.0b (+http://search.msn.com/msnbot.htm)" "-"
207.46.13.26 - - [12/Dec/2019:21:55:29 +0100] "GET /wp-content/themes/shopper/assets/fonts/fontawesome-webfont.svg?v=4.7.0 HTTP/1.1" 200 448868 "-" "msnbot/2.0b (+http://search.msn.com/msnbot.htm)" "-"
207.46.13.26 - - [12/Dec/2019:21:55:30 +0100] "GET /wp-content/themes/shopper/assets/js/crm.js?ver=1561548510 HTTP/1.1" 200 874 "-" "msnbot/2.0b (+http://search.msn.com/msnbot.htm)" "-"
207.46.13.26 - - [12/Dec/2019:21:55:31 +0100] "GET /wp-content/themes/shopper/assets/js/woocommerce/header-cart.min.js?ver=1.3.8 HTTP/1.1" 200 972 "-" "msnbot/2.0b (+http://search.msn.com/msnbot.htm)" "-"
207.46.13.26 - - [12/Dec/2019:21:55:31 +0100] "GET /wp-content/themes/shopper/assets/sass/woocommerce/woocommerce.css?ver=5.2.4 HTTP/1.1" 200 83534 "-" "msnbot/2.0b (+http://search.msn.com/msnbot.htm)" "-"
207.46.13.26 - - [12/Dec/2019:21:55:31 +0100] "GET /wp-includes/js/jquery/jquery-migrate.min.js?ver=1.4.1 HTTP/1.1" 200 10399 "-" "msnbot/2.0b (+http://search.msn.com/msnbot.htm)" "-"
217.76.130.90 - - [12/Dec/2019:22:12:40 +0100] "POST /wp-cron.php?doing_wp_cron=1576185160.6039340496063232421875 HTTP/1.1" 200 3389 "https://amazingsportwear.com/wp-cron.php?doing_wp_cron=1576185160.6039340496063232421875" "WordPress/5.2.4; https://amazingsportwear.com" "-"
66.249.64.144 - - [12/Dec/2019:22:12:38 +0100] "GET /producto/camiseta-manga-corta-futbol/ HTTP/1.1" 200 94901 "-" "Mozilla/5.0 (Linux; Android 6.0.1; Nexus 5X Build/MMB29P) AppleWebKit/537.36 (KHTML, like Gecko) Chrome/41.0.2272.96 Mobile Safari/537.36 (compatible; Googlebot/2.1; +http://www.google.com/bot.html)" "-"
217.76.130.90 - - [12/Dec/2019:22:13:19 +0100] "POST /wp-cron.php?doing_wp_cron=1576185199.3416569232940673828125 HTTP/1.1" 200 3389 "https://amazingsportwear.com/wp-cron.php?doing_wp_cron=1576185199.3416569232940673828125" "WordPress/5.2.4; https://amazingsportwear.com" "-"
66.249.64.148 - - [12/Dec/2019:22:13:18 +0100] "GET /producto/gorra-sport/ HTTP/1.1" 200 102880 "-" "Mozilla/5.0 (Linux; Android 6.0.1; Nexus 5X Build/MMB29P) AppleWebKit/537.36 (KHTML, like Gecko) Chrome/41.0.2272.96 Mobile Safari/537.36 (compatible; Googlebot/2.1; +http://www.google.com/bot.html)" "-"
217.76.130.90 - - [12/Dec/2019:22:15:04 +0100] "POST /wp-cron.php?doing_wp_cron=1576185304.4773869514465332031250 HTTP/1.1" 200 3389 "https://amazingsportwear.com/wp-cron.php?doing_wp_cron=1576185304.4773869514465332031250" "WordPress/5.2.4; https://amazingsportwear.com" "-"
66.249.64.144 - - [12/Dec/2019:22:15:03 +0100] "GET /producto/gorra-krox/ HTTP/1.1" 200 99873 "-" "Mozilla/5.0 (Linux; Android 6.0.1; Nexus 5X Build/MMB29P) AppleWebKit/537.36 (KHTML, like Gecko) Chrome/41.0.2272.96 Mobile Safari/537.36 (compatible; Googlebot/2.1; +http://www.google.com/bot.html)" "-"
66.249.64.146 - - [12/Dec/2019:22:15:20 +0100] "GET /wp-content/plugins/woocommerce/assets/js/zoom/jquery.zoom.min.js?ver=1.7.21 HTTP/1.1" 200 6320 "https://amazingsportwear.com/producto/gorra-krox/" "Mozilla/5.0 (Linux; Android 6.0.1; Nexus 5X Build/MMB29P) AppleWebKit/537.36 (KHTML, like Gecko) Chrome/41.0.2272.96 Mobile Safari/537.36 (compatible; Googlebot/2.1; +http://www.google.com/bot.html)" "-"
66.249.64.146 - - [12/Dec/2019:22:23:37 +0100] "GET /wp-content/uploads/2019/04/Gorra-sport-10.png HTTP/1.1" 304 3565 "-" "Googlebot-Image/1.0" "-"
152.166.116.113 - - [12/Dec/2019:22:28:18 +0100] "GET /wp-content/uploads/2019/04/Gorra-sport-12.png HTTP/1.1" 200 95673 "https://www.google.com/" "Mozilla/5.0 (Windows NT 6.1) AppleWebKit/537.36 (KHTML, like Gecko) Chrome/78.0.3904.108 Safari/537.36" "-"
217.76.130.90 - - [12/Dec/2019:22:28:35 +0100] "POST /wp-cron.php?doing_wp_cron=1576186115.2861199378967285156250 HTTP/1.1" 200 3389 "https://amazingsportwear.com/wp-cron.php?doing_wp_cron=1576186115.2861199378967285156250" "WordPress/5.2.4; https://amazingsportwear.com" "-"
66.249.64.148 - - [12/Dec/2019:22:28:33 +0100] "GET /producto/gorra-sport/ HTTP/1.1" 200 101884 "-" "Mozilla/5.0 (compatible; Googlebot/2.1; +http://www.google.com/bot.html)" "-"
217.76.130.90 - - [12/Dec/2019:22:32:12 +0100] "POST /wp-cron.php?doing_wp_cron=1576186332.5946679115295410156250 HTTP/1.1" 200 3389 "https://amazingsportwear.com/wp-cron.php?doing_wp_cron=1576186332.5946679115295410156250" "WordPress/5.2.4; https://amazingsportwear.com" "-"
66.249.64.146 - - [12/Dec/2019:22:32:11 +0100] "GET /producto/pantalon-corto-futbol-2/ HTTP/1.1" 200 92190 "-" "Mozilla/5.0 (Linux; Android 6.0.1; Nexus 5X Build/MMB29P) AppleWebKit/537.36 (KHTML, like Gecko) Chrome/41.0.2272.96 Mobile Safari/537.36 (compatible; Googlebot/2.1; +http://www.google.com/bot.html)" "-"
217.76.130.90 - - [12/Dec/2019:22:33:26 +0100] "POST /wp-cron.php?doing_wp_cron=1576186406.0730390548706054687500 HTTP/1.1" 200 3389 "https://amazingsportwear.com/wp-cron.php?doing_wp_cron=1576186406.0730390548706054687500" "WordPress/5.2.4; https://amazingsportwear.com" "-"
66.249.64.146 - - [12/Dec/2019:22:33:24 +0100] "GET /producto/fly-banner-tipo-surf-completo/ HTTP/1.1" 200 114326 "-" "Mozilla/5.0 (Linux; Android 6.0.1; Nexus 5X Build/MMB29P) AppleWebKit/537.36 (KHTML, like Gecko) Chrome/41.0.2272.96 Mobile Safari/537.36 (compatible; Googlebot/2.1; +http://www.google.com/bot.html)" "-"
79.146.57.199 - - [12/Dec/2019:22:37:41 +0100] "GET /wp-content/uploads/2019/04/Llavero-metalico-golf-2-1.png HTTP/1.1" 200 118868 "https://www.google.com/" "Mozilla/5.0 (Windows NT 10.0; Win64; x64) AppleWebKit/537.36 (KHTML, like Gecko) Chrome/79.0.3945.79 Safari/537.36" "-"
66.249.64.144 - - [12/Dec/2019:22:43:32 +0100] "GET /wp-content/uploads/2017/03/T-500-1-300x300.jpg HTTP/1.1" 304 3565 "-" "Googlebot-Image/1.0" "-"
66.249.64.148 - - [12/Dec/2019:22:49:43 +0100] "GET /wp-content/uploads/2018/05/bandanaBuff_comoqueda.jpg HTTP/1.1" 304 3565 "-" "Googlebot-Image/1.0" "-"
217.76.130.90 - - [12/Dec/2019:22:50:15 +0100] "POST /wp-cron.php?doing_wp_cron=1576187415.4847209453582763671875 HTTP/1.1" 200 3389 "https://amazingsportwear.com/wp-cron.php?doing_wp_cron=1576187415.4847209453582763671875" "WordPress/5.2.4; https://amazingsportwear.com" "-"
66.249.64.148 - - [12/Dec/2019:22:50:11 +0100] "GET /producto/chaleco-cortavientos-sublimado-asw/ HTTP/1.1" 200 90842 "-" "Mozilla/5.0 (compatible; Googlebot/2.1; +http://www.google.com/bot.html)" "-"
66.249.64.148 - - [12/Dec/2019:22:53:53 +0100] "GET /wp-content/uploads/2019/04/Gorra-sport-1-100x100.png HTTP/1.1" 304 3565 "-" "Googlebot-Image/1.0" "-"
217.76.130.90 - - [12/Dec/2019:22:56:08 +0100] "POST /wp-cron.php?doing_wp_cron=1576187768.5253291130065917968750 HTTP/1.1" 200 164 "http://amazingsportwear.com/wp-cron.php?doing_wp_cron=1576187768.5253291130065917968750" "WordPress/5.2.4; https://amazingsportwear.com" "-"
40.77.167.125 - - [12/Dec/2019:22:56:07 +0100] "GET /robots.txt HTTP/1.1" 200 432 "-" "msnbot/2.0b (+http://search.msn.com/msnbot.htm)" "-"
40.77.167.125 - - [12/Dec/2019:22:56:09 +0100] "GET /wp-content/plugins/cookie-law-info/public/js/cookie-law-info-public.js?ver=1.7.6 HTTP/1.1" 200 20439 "-" "msnbot/2.0b (+http://search.msn.com/msnbot.htm)" "-"
40.77.167.125 - - [12/Dec/2019:22:56:09 +0100] "GET /wp-content/plugins/woocommerce/assets/js/frontend/add-to-cart.min.js?ver=3.6.4 HTTP/1.1" 200 2983 "-" "msnbot/2.0b (+http://search.msn.com/msnbot.htm)" "-"
40.77.167.125 - - [12/Dec/2019:22:56:09 +0100] "GET /wp-content/plugins/woocommerce/assets/js/frontend/cart-fragments.min.js?ver=3.6.4 HTTP/1.1" 200 3281 "-" "msnbot/2.0b (+http://search.msn.com/msnbot.htm)" "-"
40.77.167.125 - - [12/Dec/2019:22:56:09 +0100] "GET /wp-content/themes/shopper/assets/js/shopper.min.js?ver=1.3.8 HTTP/1.1" 200 5994 "-" "msnbot/2.0b (+http://search.msn.com/msnbot.htm)" "-"
40.77.167.125 - - [12/Dec/2019:22:56:12 +0100] "GET /wp-content/themes/shopper/assets/js/skip-link-focus-fix.js?ver=1.3.8 HTTP/1.1" 200 4386 "-" "msnbot/2.0b (+http://search.msn.com/msnbot.htm)" "-"
40.77.167.125 - - [12/Dec/2019:22:56:12 +0100] "GET /wp-includes/js/wp-emoji-release.min.js?ver=5.2.4 HTTP/1.1" 200 14183 "-" "msnbot/2.0b (+http://search.msn.com/msnbot.htm)" "-"
40.77.167.73 - - [12/Dec/2019:22:56:17 +0100] "GET /wp-content/plugins/woocommerce/assets/css/blocks/style.css?ver=3.6.4 HTTP/1.1" 200 10060 "-" "msnbot/2.0b (+http://search.msn.com/msnbot.htm)" "-"
40.77.167.73 - - [12/Dec/2019:22:56:17 +0100] "GET /wp-content/plugins/wpfront-notification-bar/js/wpfront-notification-bar.js?ver=1.7.1 HTTP/1.1" 200 5662 "-" "msnbot/2.0b (+http://search.msn.com/msnbot.htm)" "-"
40.77.167.73 - - [12/Dec/2019:22:56:17 +0100] "GET /wp-content/plugins/woocommerce/assets/js/js-cookie/js.cookie.min.js?ver=2.1.4 HTTP/1.1" 200 2187 "-" "msnbot/2.0b (+http://search.msn.com/msnbot.htm)" "-"
190.242.162.162 - - [12/Dec/2019:23:01:58 +0100] "GET /wp-content/uploads/2019/04/Llavero-Metalico-Tenis-3.png HTTP/1.1" 200 46821 "https://www.google.com/" "Mozilla/5.0 (Windows NT 10.0; Win64; x64) AppleWebKit/537.36 (KHTML, like Gecko) Chrome/78.0.3904.108 Safari/537.36" "-"
217.76.130.90 - - [12/Dec/2019:23:02:19 +0100] "POST /wp-cron.php?doing_wp_cron=1576188139.7427179813385009765625 HTTP/1.1" 200 3389 "https://amazingsportwear.com/wp-cron.php?doing_wp_cron=1576188139.7427179813385009765625" "WordPress/5.2.4; https://amazingsportwear.com" "-"
66.249.64.144 - - [12/Dec/2019:23:02:18 +0100] "GET /producto/camiseta-tecnica-monaco/ HTTP/1.1" 200 105957 "-" "Mozilla/5.0 (Linux; Android 6.0.1; Nexus 5X Build/MMB29P) AppleWebKit/537.36 (KHTML, like Gecko) Chrome/41.0.2272.96 Mobile Safari/537.36 (compatible; Googlebot/2.1; +http://www.google.com/bot.html)" "-"
66.249.64.144 - - [12/Dec/2019:23:02:50 +0100] "GET /producto/bolsa-deporte-young/ HTTP/1.1" 200 97810 "-" "Mozilla/5.0 (Linux; Android 6.0.1; Nexus 5X Build/MMB29P) AppleWebKit/537.36 (KHTML, like Gecko) Chrome/41.0.2272.96 Mobile Safari/537.36 (compatible; Googlebot/2.1; +http://www.google.com/bot.html)" "-"
217.76.130.90 - - [12/Dec/2019:23:03:32 +0100] "POST /wp-cron.php?doing_wp_cron=1576188212.1791350841522216796875 HTTP/1.1" 200 3389 "https://amazingsportwear.com/wp-cron.php?doing_wp_cron=1576188212.1791350841522216796875" "WordPress/5.2.4; https://amazingsportwear.com" "-"
66.249.64.144 - - [12/Dec/2019:23:03:31 +0100] "GET /producto/camiseta-tecnica-nath-combi/ HTTP/1.1" 200 107854 "-" "Mozilla/5.0 (Linux; Android 6.0.1; Nexus 5X Build/MMB29P) AppleWebKit/537.36 (KHTML, like Gecko) Chrome/41.0.2272.96 Mobile Safari/537.36 (compatible; Googlebot/2.1; +http://www.google.com/bot.html)" "-"
217.76.130.90 - - [12/Dec/2019:23:06:08 +0100] "POST /wp-cron.php?doing_wp_cron=1576188368.1709079742431640625000 HTTP/1.1" 200 3389 "https://amazingsportwear.com/wp-cron.php?doing_wp_cron=1576188368.1709079742431640625000" "WordPress/5.2.4; https://amazingsportwear.com" "-"
66.249.64.144 - - [12/Dec/2019:23:06:07 +0100] "GET /producto/camiseta-manga-corta-ranglan-futbol/ HTTP/1.1" 200 95756 "-" "Mozilla/5.0 (Linux; Android 6.0.1; Nexus 5X Build/MMB29P) AppleWebKit/537.36 (KHTML, like Gecko) Chrome/41.0.2272.96 Mobile Safari/537.36 (compatible; Googlebot/2.1; +http://www.google.com/bot.html)" "-"
66.249.64.146 - - [12/Dec/2019:23:16:32 +0100] "GET /wp-content/uploads/2019/04/Gorra-sport-6.png HTTP/1.1" 304 3565 "-" "Googlebot-Image/1.0" "-"
217.76.130.90 - - [12/Dec/2019:23:16:42 +0100] "POST /wp-cron.php?doing_wp_cron=1576189002.4230480194091796875000 HTTP/1.1" 200 164 "http://amazingsportwear.com/wp-cron.php?doing_wp_cron=1576189002.4230480194091796875000" "WordPress/5.2.4; https://amazingsportwear.com" "-"
104.222.33.230 - - [12/Dec/2019:23:16:40 +0100] "GET / HTTP/1.1" 301 336 "-" "Mozilla/5.0 (Windows NT 6.1; WOW64; rv:27.0) Gecko/20100101 Firefox/27.0" "-"
217.76.130.90 - - [12/Dec/2019:23:21:20 +0100] "POST /wp-cron.php?doing_wp_cron=1576189280.7884120941162109375000 HTTP/1.1" 200 3389 "https://amazingsportwear.com/wp-cron.php?doing_wp_cron=1576189280.7884120941162109375000" "WordPress/5.2.4; https://amazingsportwear.com" "-"
204.12.226.26 - - [12/Dec/2019:23:21:18 +0100] "GET /robots.txt HTTP/1.1" 200 3939 "-" "Mozilla/5.0 (compatible; MJ12bot/v1.4.8; http://mj12bot.com/)" "-"
204.12.226.26 - - [12/Dec/2019:23:21:22 +0100] "GET /wp-content/uploads/2019/04/AQUA-10043400-TRANSPARENTE-DISE%C3%91O.png HTTP/1.1" 200 106128 "-" "Mozilla/5.0 (compatible; MJ12bot/v1.4.8; http://mj12bot.com/)" "-"
204.12.226.26 - - [12/Dec/2019:23:21:24 +0100] "GET /wp-content/uploads/2019/04/BOTELLA-TRIT%C3%81N-DISE%C3%91O-1.png HTTP/1.1" 200 206082 "-" "Mozilla/5.0 (compatible; MJ12bot/v1.4.8; http://mj12bot.com/)" "-"
204.12.226.26 - - [12/Dec/2019:23:21:27 +0100] "GET /wp-content/uploads/2019/04/Bid%C3%B3n-Iskan-1.png HTTP/1.1" 200 51365 "-" "Mozilla/5.0 (compatible; MJ12bot/v1.4.8; http://mj12bot.com/)" "-"
204.12.226.26 - - [12/Dec/2019:23:21:29 +0100] "GET /wp-content/uploads/2019/04/Bid%C3%B3n-Iskan-2.png HTTP/1.1" 200 73304 "-" "Mozilla/5.0 (compatible; MJ12bot/v1.4.8; http://mj12bot.com/)" "-"
204.12.226.26 - - [12/Dec/2019:23:21:31 +0100] "GET /wp-content/uploads/2019/04/Bid%C3%B3n-Iskan-3.png HTTP/1.1" 200 44502 "-" "Mozilla/5.0 (compatible; MJ12bot/v1.4.8; http://mj12bot.com/)" "-"
204.12.226.26 - - [12/Dec/2019:23:21:33 +0100] "GET /wp-content/uploads/2019/04/Bid%C3%B3n-Iskan-4.png HTTP/1.1" 200 74092 "-" "Mozilla/5.0 (compatible; MJ12bot/v1.4.8; http://mj12bot.com/)" "-"
204.12.226.26 - - [12/Dec/2019:23:21:35 +0100] "GET /wp-content/uploads/2019/04/Bid%C3%B3n-Iskan-5.png HTTP/1.1" 200 74672 "-" "Mozilla/5.0 (compatible; MJ12bot/v1.4.8; http://mj12bot.com/)" "-"
204.12.226.26 - - [12/Dec/2019:23:21:38 +0100] "GET /wp-content/uploads/2019/04/Bid%C3%B3n-Iskan-6.png HTTP/1.1" 200 68718 "-" "Mozilla/5.0 (compatible; MJ12bot/v1.4.8; http://mj12bot.com/)" "-"
204.12.226.26 - - [12/Dec/2019:23:21:40 +0100] "GET /wp-content/uploads/2019/04/Bid%C3%B3n-Iskan-7.png HTTP/1.1" 200 71019 "-" "Mozilla/5.0 (compatible; MJ12bot/v1.4.8; http://mj12bot.com/)" "-"
204.12.226.26 - - [12/Dec/2019:23:21:42 +0100] "GET /wp-content/uploads/2019/04/Bid%C3%B3n-Iskan-8.png HTTP/1.1" 200 72473 "-" "Mozilla/5.0 (compatible; MJ12bot/v1.4.8; http://mj12bot.com/)" "-"
204.12.226.26 - - [12/Dec/2019:23:21:44 +0100] "GET /wp-content/uploads/2019/04/MU%C3%91EQUERA-BEKER-1.png HTTP/1.1" 200 159279 "-" "Mozilla/5.0 (compatible; MJ12bot/v1.4.8; http://mj12bot.com/)" "-"
204.12.226.26 - - [12/Dec/2019:23:21:46 +0100] "GET /wp-content/uploads/2019/04/MU%C3%91EQUERA-BEKER-2.png HTTP/1.1" 200 112422 "-" "Mozilla/5.0 (compatible; MJ12bot/v1.4.8; http://mj12bot.com/)" "-"
204.12.226.26 - - [12/Dec/2019:23:21:48 +0100] "GET /wp-content/uploads/2019/04/MU%C3%91EQUERA-BEKER-3.png HTTP/1.1" 200 163120 "-" "Mozilla/5.0 (compatible; MJ12bot/v1.4.8; http://mj12bot.com/)" "-"
204.12.226.26 - - [12/Dec/2019:23:21:50 +0100] "GET /wp-content/uploads/2019/04/MU%C3%91EQUERA-BEKER-4.png HTTP/1.1" 200 108481 "-" "Mozilla/5.0 (compatible; MJ12bot/v1.4.8; http://mj12bot.com/)" "-"
204.12.226.26 - - [12/Dec/2019:23:21:52 +0100] "GET /wp-content/uploads/2019/04/MU%C3%91EQUERA-BEKER-5.png HTTP/1.1" 200 145431 "-" "Mozilla/5.0 (compatible; MJ12bot/v1.4.8; http://mj12bot.com/)" "-"
204.12.226.26 - - [12/Dec/2019:23:21:54 +0100] "GET /wp-content/uploads/2019/04/Ri%C3%B1onera-gran-formato-1.png HTTP/1.1" 200 102945 "-" "Mozilla/5.0 (compatible; MJ12bot/v1.4.8; http://mj12bot.com/)" "-"
204.12.226.26 - - [12/Dec/2019:23:21:57 +0100] "GET /wp-content/uploads/2019/04/Ri%C3%B1onera-gran-formato-2.png HTTP/1.1" 200 72894 "-" "Mozilla/5.0 (compatible; MJ12bot/v1.4.8; http://mj12bot.com/)" "-"
204.12.226.26 - - [12/Dec/2019:23:21:59 +0100] "GET /wp-content/uploads/2019/04/Ri%C3%B1onera-gran-formato-3.png HTTP/1.1" 200 100831 "-" "Mozilla/5.0 (compatible; MJ12bot/v1.4.8; http://mj12bot.com/)" "-"
204.12.226.26 - - [12/Dec/2019:23:22:01 +0100] "GET /wp-content/uploads/2019/04/Ri%C3%B1onera-gran-formato-4.png HTTP/1.1" 200 76802 "-" "Mozilla/5.0 (compatible; MJ12bot/v1.4.8; http://mj12bot.com/)" "-"
204.12.226.26 - - [12/Dec/2019:23:22:03 +0100] "GET /wp-content/uploads/2019/04/SKY-TAPA-NEGRA-DISE%C3%91O-BOHO-PINK.jpg HTTP/1.1" 200 95327 "-" "Mozilla/5.0 (compatible; MJ12bot/v1.4.8; http://mj12bot.com/)" "-"
204.12.226.26 - - [12/Dec/2019:23:22:05 +0100] "GET /wp-content/uploads/2019/04/SUMO-TRANSPARENTE-DISE%C3%91O-CARDINALS.png HTTP/1.1" 200 206082 "-" "Mozilla/5.0 (compatible; MJ12bot/v1.4.8; http://mj12bot.com/)" "-"
204.12.226.26 - - [12/Dec/2019:23:22:07 +0100] "GET /wp-content/uploads/2019/04/VANDIX-AZUL-DISE%C3%91O.png HTTP/1.1" 200 150937 "-" "Mozilla/5.0 (compatible; MJ12bot/v1.4.8; http://mj12bot.com/)" "-"
204.12.226.26 - - [12/Dec/2019:23:22:09 +0100] "GET /wp-content/uploads/2019/04/VANDIX-AZU%C3%91L.png HTTP/1.1" 200 120513 "-" "Mozilla/5.0 (compatible; MJ12bot/v1.4.8; http://mj12bot.com/)" "-"
204.12.226.26 - - [12/Dec/2019:23:22:11 +0100] "GET /wp-content/uploads/2019/04/mu%C3%B1equera-oakley-1.png HTTP/1.1" 200 107042 "-" "Mozilla/5.0 (compatible; MJ12bot/v1.4.8; http://mj12bot.com/)" "-"
204.12.226.26 - - [12/Dec/2019:23:22:13 +0100] "GET /wp-content/uploads/2019/04/mu%C3%B1equera-oakley-2.png HTTP/1.1" 200 110514 "-" "Mozilla/5.0 (compatible; MJ12bot/v1.4.8; http://mj12bot.com/)" "-"
204.12.226.26 - - [12/Dec/2019:23:22:15 +0100] "GET /wp-content/uploads/2019/04/mu%C3%B1equera-oakley-3.png HTTP/1.1" 200 79629 "-" "Mozilla/5.0 (compatible; MJ12bot/v1.4.8; http://mj12bot.com/)" "-"
