66.249.69.212 - - [01/Dec/2019:14:07:07 +0100] "GET /producto/sudadera-clasica/ HTTP/1.1" 200 101361 "-" "Mozilla/5.0 (Linux; Android 6.0.1; Nexus 5X Build/MMB29P) AppleWebKit/537.36 (KHTML, like Gecko) Chrome/41.0.2272.96 Mobile Safari/537.36 (compatible; Googlebot/2.1; +http://www.google.com/bot.html)" "-"
66.249.69.208 - - [01/Dec/2019:14:07:13 +0100] "POST /?wc-ajax=get_refreshed_fragments HTTP/1.1" 200 4760 "https://amazingsportwear.com/producto/sudadera-clasica/" "Mozilla/5.0 (Linux; Android 6.0.1; Nexus 5X Build/MMB29P) AppleWebKit/537.36 (KHTML, like Gecko) Chrome/41.0.2272.96 Mobile Safari/537.36 (compatible; Googlebot/2.1; +http://www.google.com/bot.html)" "_ga=GA1.2.969013651.1575158400; _gid=GA1.2.1978218920.1575158400; _gat_gtag_UA_91619287_1=1"
66.249.69.208 - - [01/Dec/2019:14:07:37 +0100] "GET /producto/llavero-metalico-golf/ HTTP/1.1" 200 94471 "-" "Mozilla/5.0 (Linux; Android 6.0.1; Nexus 5X Build/MMB29P) AppleWebKit/537.36 (KHTML, like Gecko) Chrome/41.0.2272.96 Mobile Safari/537.36 (compatible; Googlebot/2.1; +http://www.google.com/bot.html)" "-"
217.76.130.90 - - [01/Dec/2019:14:22:32 +0100] "POST /wp-cron.php?doing_wp_cron=1575206552.2055659294128417968750 HTTP/1.1" 200 164 "http://amazingsportwear.com/wp-cron.php?doing_wp_cron=1575206552.2055659294128417968750" "WordPress/5.2.4; https://amazingsportwear.com" "-"
157.55.39.190 - - [01/Dec/2019:14:22:28 +0100] "GET /18-ciclismo HTTP/1.1" 404 68017 "-" "Mozilla/5.0 (iPhone; CPU iPhone OS 7_0 like Mac OS X) AppleWebKit/537.51.1 (KHTML, like Gecko) Version/7.0 Mobile/11A465 Safari/9537.53 (compatible; bingbot/2.0; +http://www.bing.com/bingbot.htm)" "-"
217.76.130.90 - - [01/Dec/2019:14:25:32 +0100] "POST /wp-cron.php?doing_wp_cron=1575206732.6542398929595947265625 HTTP/1.1" 200 3389 "https://amazingsportwear.com/wp-cron.php?doing_wp_cron=1575206732.6542398929595947265625" "WordPress/5.2.4; https://amazingsportwear.com" "-"
13.66.139.0 - - [01/Dec/2019:14:25:31 +0100] "GET /nuestros-trabajos/ HTTP/1.1" 200 68845 "-" "Mozilla/5.0 (compatible; bingbot/2.0; +http://www.bing.com/bingbot.htm)" "-"
66.249.69.208 - - [01/Dec/2019:14:25:35 +0100] "GET /producto/pantalon-corto-futbol/ HTTP/1.1" 200 91363 "-" "Mozilla/5.0 (Linux; Android 6.0.1; Nexus 5X Build/MMB29P) AppleWebKit/537.36 (KHTML, like Gecko) Chrome/41.0.2272.96 Mobile Safari/537.36 (compatible; Googlebot/2.1; +http://www.google.com/bot.html)" "-"
83.165.237.231 - - [01/Dec/2019:15:04:46 +0100] "GET /wp-content/uploads/2019/04/gorra-lorenz-4.png HTTP/1.1" 200 77974 "https://www.google.com/" "Mozilla/5.0 (Windows NT 10.0; Win64; x64) AppleWebKit/537.36 (KHTML, like Gecko) Chrome/78.0.3904.108 Safari/537.36" "-"
217.76.130.90 - - [01/Dec/2019:15:08:29 +0100] "POST /wp-cron.php?doing_wp_cron=1575209309.7280199527740478515625 HTTP/1.1" 200 3389 "https://amazingsportwear.com/wp-cron.php?doing_wp_cron=1575209309.7280199527740478515625" "WordPress/5.2.4; https://amazingsportwear.com" "-"
66.249.69.210 - - [01/Dec/2019:15:08:25 +0100] "GET / HTTP/1.1" 200 125788 "-" "Mozilla/5.0 (compatible; Googlebot/2.1; +http://www.google.com/bot.html)" "-"
157.55.39.190 - - [01/Dec/2019:15:35:33 +0100] "GET /producto/cortavientos-angelo/ HTTP/1.1" 200 101751 "-" "Mozilla/5.0 (compatible; bingbot/2.0; +http://www.bing.com/bingbot.htm)" "-"
217.76.130.90 - - [01/Dec/2019:15:57:06 +0100] "POST /wp-cron.php?doing_wp_cron=1575212226.5347559452056884765625 HTTP/1.1" 200 164 "http://amazingsportwear.com/wp-cron.php?doing_wp_cron=1575212226.5347559452056884765625" "WordPress/5.2.4; https://amazingsportwear.com" "-"
5.188.84.61 - - [01/Dec/2019:15:57:04 +0100] "GET / HTTP/1.0" 301 265 "http://amazingsportwear.com/" "Mozilla/5.0 (Windows NT 6.1; Win64; x64) AppleWebKit/537.36 (KHTML, like Gecko) Chrome/68.0.3440.106 Safari/537.36 OPR/55.0.2994.44" "-"
5.188.84.61 - - [01/Dec/2019:15:57:06 +0100] "GET / HTTP/1.0" 200 124670 "https://amazingsportwear.com/" "Mozilla/5.0 (Windows NT 6.1; Win64; x64) AppleWebKit/537.36 (KHTML, like Gecko) Chrome/68.0.3440.106 Safari/537.36 OPR/55.0.2994.44" "wpfront-notification-bar-landingpage=1"
217.76.130.90 - - [01/Dec/2019:16:23:25 +0100] "POST /wp-cron.php?doing_wp_cron=1575213805.8383409976959228515625 HTTP/1.1" 200 3389 "https://amazingsportwear.com/wp-cron.php?doing_wp_cron=1575213805.8383409976959228515625" "WordPress/5.2.4; https://amazingsportwear.com" "-"
66.249.69.208 - - [01/Dec/2019:16:23:23 +0100] "GET /producto/mono-triatlon/ HTTP/1.1" 200 90760 "-" "Mozilla/5.0 (Linux; Android 6.0.1; Nexus 5X Build/MMB29P) AppleWebKit/537.36 (KHTML, like Gecko) Chrome/41.0.2272.96 Mobile Safari/537.36 (compatible; Googlebot/2.1; +http://www.google.com/bot.html)" "-"
217.76.130.90 - - [01/Dec/2019:16:31:15 +0100] "POST /wp-cron.php?doing_wp_cron=1575214275.0594210624694824218750 HTTP/1.1" 200 3389 "https://amazingsportwear.com/wp-cron.php?doing_wp_cron=1575214275.0594210624694824218750" "WordPress/5.2.4; https://amazingsportwear.com" "-"
66.249.69.210 - - [01/Dec/2019:16:31:14 +0100] "GET /producto/gorra-krox/ HTTP/1.1" 200 99895 "-" "Mozilla/5.0 (Linux; Android 6.0.1; Nexus 5X Build/MMB29P) AppleWebKit/537.36 (KHTML, like Gecko) Chrome/41.0.2272.96 Mobile Safari/537.36 (compatible; Googlebot/2.1; +http://www.google.com/bot.html)" "-"
217.76.130.90 - - [01/Dec/2019:16:32:36 +0100] "POST /wp-cron.php?doing_wp_cron=1575214356.0184619426727294921875 HTTP/1.1" 200 3389 "https://amazingsportwear.com/wp-cron.php?doing_wp_cron=1575214356.0184619426727294921875" "WordPress/5.2.4; https://amazingsportwear.com" "-"
66.249.69.212 - - [01/Dec/2019:16:32:35 +0100] "GET /producto/gorra-sport/ HTTP/1.1" 200 102385 "-" "Mozilla/5.0 (compatible; Googlebot/2.1; +http://www.google.com/bot.html)" "-"
190.92.21.50 - - [01/Dec/2019:16:36:01 +0100] "GET /wp-content/uploads/2019/04/Gorra-sport-6.png HTTP/1.1" 200 44623 "https://www.google.com/" "Mozilla/5.0 (Windows NT 10.0; Win64; x64) AppleWebKit/537.36 (KHTML, like Gecko) Chrome/78.0.3904.97 Safari/537.36 OPR/65.0.3467.48" "-"
217.76.130.90 - - [01/Dec/2019:16:39:04 +0100] "POST /wp-cron.php?doing_wp_cron=1575214744.6470029354095458984375 HTTP/1.1" 200 3389 "https://amazingsportwear.com/wp-cron.php?doing_wp_cron=1575214744.6470029354095458984375" "WordPress/5.2.4; https://amazingsportwear.com" "-"
66.220.149.30 - - [01/Dec/2019:16:39:03 +0100] "GET / HTTP/1.1" 200 125555 "-" "facebookexternalhit/1.1 (+http://www.facebook.com/externalhit_uatext.php)" "-"
66.220.149.30 - - [01/Dec/2019:16:39:07 +0100] "GET /contacta-con-nosotros HTTP/1.1" 301 319 "-" "facebookexternalhit/1.1 (+http://www.facebook.com/externalhit_uatext.php)" "-"
66.220.149.30 - - [01/Dec/2019:16:39:08 +0100] "GET /contacta-con-nosotros/ HTTP/1.1" 200 58181 "-" "facebookexternalhit/1.1 (+http://www.facebook.com/externalhit_uatext.php)" "-"
217.76.130.90 - - [01/Dec/2019:16:42:29 +0100] "POST /wp-cron.php?doing_wp_cron=1575214949.7102079391479492187500 HTTP/1.1" 200 3389 "https://amazingsportwear.com/wp-cron.php?doing_wp_cron=1575214949.7102079391479492187500" "WordPress/5.2.4; https://amazingsportwear.com" "-"
66.249.69.208 - - [01/Dec/2019:16:42:28 +0100] "GET /producto/mochila-8000/ HTTP/1.1" 200 96762 "-" "Mozilla/5.0 (Linux; Android 6.0.1; Nexus 5X Build/MMB29P) AppleWebKit/537.36 (KHTML, like Gecko) Chrome/41.0.2272.96 Mobile Safari/537.36 (compatible; Googlebot/2.1; +http://www.google.com/bot.html)" "-"
66.249.69.210 - - [01/Dec/2019:16:42:35 +0100] "POST /?wc-ajax=get_refreshed_fragments HTTP/1.1" 200 4760 "https://amazingsportwear.com/producto/mochila-8000/" "Mozilla/5.0 (Linux; Android 6.0.1; Nexus 5X Build/MMB29P) AppleWebKit/537.36 (KHTML, like Gecko) Chrome/41.0.2272.96 Mobile Safari/537.36 (compatible; Googlebot/2.1; +http://www.google.com/bot.html)" "_ga=GA1.2.969013651.1575158400; _gid=GA1.2.1978218920.1575158400; _gat_gtag_UA_91619287_1=1"
217.76.130.90 - - [01/Dec/2019:16:45:13 +0100] "POST /wp-cron.php?doing_wp_cron=1575215113.7164509296417236328125 HTTP/1.1" 200 3389 "https://amazingsportwear.com/wp-cron.php?doing_wp_cron=1575215113.7164509296417236328125" "WordPress/5.2.4; https://amazingsportwear.com" "-"
66.249.69.212 - - [01/Dec/2019:16:45:12 +0100] "GET /producto/bidon-camiseta-zablex/ HTTP/1.1" 200 94694 "-" "Mozilla/5.0 (Linux; Android 6.0.1; Nexus 5X Build/MMB29P) AppleWebKit/537.36 (KHTML, like Gecko) Chrome/41.0.2272.96 Mobile Safari/537.36 (compatible; Googlebot/2.1; +http://www.google.com/bot.html)" "-"
40.77.167.161 - - [01/Dec/2019:16:45:37 +0100] "GET /atletismo/21-camiseta-manga-corta-ranglan-atletismo.html HTTP/1.1" 404 68113 "-" "Mozilla/5.0 (iPhone; CPU iPhone OS 7_0 like Mac OS X) AppleWebKit/537.51.1 (KHTML, like Gecko) Version/7.0 Mobile/11A465 Safari/9537.53 (compatible; bingbot/2.0; +http://www.bing.com/bingbot.htm)" "-"
217.76.130.90 - - [01/Dec/2019:16:49:29 +0100] "POST /wp-cron.php?doing_wp_cron=1575215369.2012000083923339843750 HTTP/1.1" 200 3389 "https://amazingsportwear.com/wp-cron.php?doing_wp_cron=1575215369.2012000083923339843750" "WordPress/5.2.4; https://amazingsportwear.com" "-"
66.249.69.212 - - [01/Dec/2019:16:49:28 +0100] "GET /producto/gorra-lorenz/ HTTP/1.1" 200 94677 "-" "Mozilla/5.0 (Linux; Android 6.0.1; Nexus 5X Build/MMB29P) AppleWebKit/537.36 (KHTML, like Gecko) Chrome/41.0.2272.96 Mobile Safari/537.36 (compatible; Googlebot/2.1; +http://www.google.com/bot.html)" "-"
217.76.130.90 - - [01/Dec/2019:16:51:11 +0100] "POST /wp-cron.php?doing_wp_cron=1575215471.4232709407806396484375 HTTP/1.1" 200 3389 "https://amazingsportwear.com/wp-cron.php?doing_wp_cron=1575215471.4232709407806396484375" "WordPress/5.2.4; https://amazingsportwear.com" "-"
66.249.69.210 - - [01/Dec/2019:16:51:10 +0100] "GET /producto/mallas-deportivas-mujer-carla/ HTTP/1.1" 200 102810 "-" "Mozilla/5.0 (Linux; Android 6.0.1; Nexus 5X Build/MMB29P) AppleWebKit/537.36 (KHTML, like Gecko) Chrome/41.0.2272.96 Mobile Safari/537.36 (compatible; Googlebot/2.1; +http://www.google.com/bot.html)" "-"
181.112.205.236 - - [01/Dec/2019:16:51:53 +0100] "GET /wp-content/uploads/2019/04/Gorra-sport-12.png HTTP/1.1" 200 95673 "https://www.google.com/" "Mozilla/5.0 (Windows NT 6.3; Win64; x64) AppleWebKit/537.36 (KHTML, like Gecko) Chrome/78.0.3904.108 Safari/537.36" "-"
217.76.130.90 - - [01/Dec/2019:16:54:06 +0100] "POST /wp-cron.php?doing_wp_cron=1575215645.9783530235290527343750 HTTP/1.1" 200 3389 "https://amazingsportwear.com/wp-cron.php?doing_wp_cron=1575215645.9783530235290527343750" "WordPress/5.2.4; https://amazingsportwear.com" "-"
66.249.69.208 - - [01/Dec/2019:16:54:04 +0100] "GET /producto/gorra-five/ HTTP/1.1" 200 98091 "-" "Mozilla/5.0 (Linux; Android 6.0.1; Nexus 5X Build/MMB29P) AppleWebKit/537.36 (KHTML, like Gecko) Chrome/41.0.2272.96 Mobile Safari/537.36 (compatible; Googlebot/2.1; +http://www.google.com/bot.html)" "-"
217.76.130.90 - - [01/Dec/2019:17:01:42 +0100] "POST /wp-cron.php?doing_wp_cron=1575216102.3719758987426757812500 HTTP/1.1" 200 3389 "https://amazingsportwear.com/wp-cron.php?doing_wp_cron=1575216102.3719758987426757812500" "WordPress/5.2.4; https://amazingsportwear.com" "-"
217.76.130.90 - - [01/Dec/2019:17:01:42 +0100] "POST /wp-cron.php?doing_wp_cron=1575216102.3719758987426757812500 HTTP/1.1" 200 3389 "https://amazingsportwear.com/wp-cron.php?doing_wp_cron=1575216102.3719758987426757812500" "WordPress/5.2.4; https://amazingsportwear.com" "-"
66.220.149.33 - - [01/Dec/2019:17:01:39 +0100] "GET / HTTP/1.1" 200 125550 "-" "facebookexternalhit/1.1 (+http://www.facebook.com/externalhit_uatext.php)" "-"
66.220.149.46 - - [01/Dec/2019:17:01:39 +0100] "GET / HTTP/1.1" 200 125570 "-" "facebookexternalhit/1.1 (+http://www.facebook.com/externalhit_uatext.php)" "-"
66.220.149.41 - - [01/Dec/2019:17:01:39 +0100] "GET / HTTP/1.1" 200 125555 "-" "facebookexternalhit/1.1 (+http://www.facebook.com/externalhit_uatext.php)" "-"
66.220.149.45 - - [01/Dec/2019:17:01:40 +0100] "GET / HTTP/1.1" 200 125490 "-" "facebookexternalhit/1.1 (+http://www.facebook.com/externalhit_uatext.php)" "-"
66.249.69.212 - - [01/Dec/2019:17:01:55 +0100] "GET /wp-content/uploads/2019/04/SA-1087-1-300x300.png HTTP/1.1" 304 3566 "-" "Googlebot-Image/1.0" "-"
217.76.130.90 - - [01/Dec/2019:17:03:19 +0100] "POST /wp-cron.php?doing_wp_cron=1575216199.7835049629211425781250 HTTP/1.1" 200 3389 "https://amazingsportwear.com/wp-cron.php?doing_wp_cron=1575216199.7835049629211425781250" "WordPress/5.2.4; https://amazingsportwear.com" "-"
66.249.69.208 - - [01/Dec/2019:17:03:19 +0100] "GET /producto/pantalon-corto-futbol/ HTTP/1.1" 200 91320 "-" "Mozilla/5.0 (compatible; Googlebot/2.1; +http://www.google.com/bot.html)" "-"
66.249.69.210 - - [01/Dec/2019:17:03:31 +0100] "POST /?wc-ajax=get_refreshed_fragments HTTP/1.1" 200 4760 "https://amazingsportwear.com/producto/pantalon-corto-futbol/" "Mozilla/5.0 AppleWebKit/537.36 (KHTML, like Gecko; compatible; Googlebot/2.1; +http://www.google.com/bot.html) Safari/537.36" "_ga=GA1.2.931330593.1575158400; _gid=GA1.2.2074753562.1575158400; _gat_gtag_UA_91619287_1=1"
91.106.199.104 - - [01/Dec/2019:17:14:08 +0100] "GET /wp-content/plugins/simple-social-icons/css/style.css HTTP/1.1" 200 1467 "-" "Mozilla/5.0 (compatible; tracemyfile/1.0)" "-"
186.82.84.129 - - [01/Dec/2019:17:20:42 +0100] "GET /wp-content/uploads/2019/04/Gorra-harum-2.png HTTP/1.1" 200 53515 "https://www.google.com/" "Mozilla/5.0 (Windows NT 6.1) AppleWebKit/537.36 (KHTML, like Gecko) Chrome/78.0.3904.108 Safari/537.36" "-"
217.76.130.90 - - [01/Dec/2019:17:21:40 +0100] "POST /wp-cron.php?doing_wp_cron=1575217300.6933069229125976562500 HTTP/1.1" 200 164 "http://amazingsportwear.com/wp-cron.php?doing_wp_cron=1575217300.6933069229125976562500" "WordPress/5.2.4; https://amazingsportwear.com" "-"
104.222.33.20 - - [01/Dec/2019:17:21:39 +0100] "GET / HTTP/1.1" 301 336 "-" "Mozilla/5.0 (Windows NT 6.1; WOW64; rv:27.0) Gecko/20100101 Firefox/27.0" "-"
217.76.130.90 - - [01/Dec/2019:17:24:30 +0100] "POST /wp-cron.php?doing_wp_cron=1575217470.7704370021820068359375 HTTP/1.1" 200 164 "http://amazingsportwear.com/wp-cron.php?doing_wp_cron=1575217470.7704370021820068359375" "WordPress/5.2.4; https://amazingsportwear.com" "-"
66.249.69.223 - - [01/Dec/2019:17:24:29 +0100] "GET /content/5-pago-seguro HTTP/1.1" 404 68038 "-" "Mozilla/5.0 (Linux; Android 6.0.1; Nexus 5X Build/MMB29P) AppleWebKit/537.36 (KHTML, like Gecko) Chrome/41.0.2272.96 Mobile Safari/537.36 (compatible; Googlebot/2.1; +http://www.google.com/bot.html)" "-"
217.76.130.90 - - [01/Dec/2019:17:29:35 +0100] "POST /wp-cron.php?doing_wp_cron=1575217775.8643410205841064453125 HTTP/1.1" 200 164 "http://amazingsportwear.com/wp-cron.php?doing_wp_cron=1575217775.8643410205841064453125" "WordPress/5.2.4; https://amazingsportwear.com" "-"
66.249.69.223 - - [01/Dec/2019:17:29:34 +0100] "GET /content/4-sobre-nosotros HTTP/1.1" 404 68049 "-" "Mozilla/5.0 (Linux; Android 6.0.1; Nexus 5X Build/MMB29P) AppleWebKit/537.36 (KHTML, like Gecko) Chrome/41.0.2272.96 Mobile Safari/537.36 (compatible; Googlebot/2.1; +http://www.google.com/bot.html)" "-"
66.249.69.208 - - [01/Dec/2019:17:29:50 +0100] "GET /producto/camiseta-tecnica-combinada-shangai-mujer/ HTTP/1.1" 200 111744 "-" "Mozilla/5.0 (Linux; Android 6.0.1; Nexus 5X Build/MMB29P) AppleWebKit/537.36 (KHTML, like Gecko) Chrome/41.0.2272.96 Mobile Safari/537.36 (compatible; Googlebot/2.1; +http://www.google.com/bot.html)" "-"
217.76.130.90 - - [01/Dec/2019:17:32:10 +0100] "POST /wp-cron.php?doing_wp_cron=1575217930.5667550563812255859375 HTTP/1.1" 200 3389 "https://amazingsportwear.com/wp-cron.php?doing_wp_cron=1575217930.5667550563812255859375" "WordPress/5.2.4; https://amazingsportwear.com" "-"
66.249.69.208 - - [01/Dec/2019:17:32:09 +0100] "GET /producto/camiseta-tecnic-rox-cat-5247/ HTTP/1.1" 200 108233 "-" "Mozilla/5.0 (Linux; Android 6.0.1; Nexus 5X Build/MMB29P) AppleWebKit/537.36 (KHTML, like Gecko) Chrome/41.0.2272.96 Mobile Safari/537.36 (compatible; Googlebot/2.1; +http://www.google.com/bot.html)" "-"
193.147.77.22 - - [01/Dec/2019:17:36:35 +0100] "GET /wp-content/uploads/2019/04/Llavero-metalico-futbol-3.png HTTP/1.1" 200 46821 "https://www.google.com/" "Mozilla/5.0 (Windows NT 10.0; Win64; x64) AppleWebKit/537.36 (KHTML, like Gecko) Chrome/77.0.3865.90 Safari/537.36" "-"
217.76.130.90 - - [01/Dec/2019:17:39:35 +0100] "POST /wp-cron.php?doing_wp_cron=1575218375.2602341175079345703125 HTTP/1.1" 200 3389 "https://amazingsportwear.com/wp-cron.php?doing_wp_cron=1575218375.2602341175079345703125" "WordPress/5.2.4; https://amazingsportwear.com" "-"
66.249.69.212 - - [01/Dec/2019:17:39:34 +0100] "GET /producto/camiseta-tecnica-dinamic-combi/ HTTP/1.1" 200 104158 "-" "Mozilla/5.0 (Linux; Android 6.0.1; Nexus 5X Build/MMB29P) AppleWebKit/537.36 (KHTML, like Gecko) Chrome/41.0.2272.96 Mobile Safari/537.36 (compatible; Googlebot/2.1; +http://www.google.com/bot.html)" "-"
217.76.130.90 - - [01/Dec/2019:17:43:51 +0100] "POST /wp-cron.php?doing_wp_cron=1575218630.9785330295562744140625 HTTP/1.1" 200 3389 "https://amazingsportwear.com/wp-cron.php?doing_wp_cron=1575218630.9785330295562744140625" "WordPress/5.2.4; https://amazingsportwear.com" "-"
207.46.13.74 - - [01/Dec/2019:17:43:50 +0100] "GET /content/category/1-inicio HTTP/1.1" 404 72316 "-" "Mozilla/5.0 (compatible; bingbot/2.0; +http://www.bing.com/bingbot.htm)" "-"
217.76.130.90 - - [01/Dec/2019:18:03:15 +0100] "POST /wp-cron.php?doing_wp_cron=1575219795.1569790840148925781250 HTTP/1.1" 200 3389 "https://amazingsportwear.com/wp-cron.php?doing_wp_cron=1575219795.1569790840148925781250" "WordPress/5.2.4; https://amazingsportwear.com" "-"
66.249.69.210 - - [01/Dec/2019:18:03:13 +0100] "GET /producto/mochila-blades/ HTTP/1.1" 200 103102 "-" "Mozilla/5.0 (Linux; Android 6.0.1; Nexus 5X Build/MMB29P) AppleWebKit/537.36 (KHTML, like Gecko) Chrome/41.0.2272.96 Mobile Safari/537.36 (compatible; Googlebot/2.1; +http://www.google.com/bot.html)" "-"
217.76.130.90 - - [01/Dec/2019:18:09:35 +0100] "POST /wp-cron.php?doing_wp_cron=1575220175.2688360214233398437500 HTTP/1.1" 200 3389 "https://amazingsportwear.com/wp-cron.php?doing_wp_cron=1575220175.2688360214233398437500" "WordPress/5.2.4; https://amazingsportwear.com" "-"
66.249.69.210 - - [01/Dec/2019:18:09:34 +0100] "GET /producto/gorra-dowan/ HTTP/1.1" 200 94904 "-" "Mozilla/5.0 (Linux; Android 6.0.1; Nexus 5X Build/MMB29P) AppleWebKit/537.36 (KHTML, like Gecko) Chrome/41.0.2272.96 Mobile Safari/537.36 (compatible; Googlebot/2.1; +http://www.google.com/bot.html)" "-"
217.76.130.90 - - [01/Dec/2019:18:11:05 +0100] "POST /wp-cron.php?doing_wp_cron=1575220265.7373321056365966796875 HTTP/1.1" 200 3389 "https://amazingsportwear.com/wp-cron.php?doing_wp_cron=1575220265.7373321056365966796875" "WordPress/5.2.4; https://amazingsportwear.com" "-"
66.249.69.208 - - [01/Dec/2019:18:11:05 +0100] "GET /producto/camiseta-tecnica-nath-combi-2/ HTTP/1.1" 200 102714 "-" "Mozilla/5.0 (Linux; Android 6.0.1; Nexus 5X Build/MMB29P) AppleWebKit/537.36 (KHTML, like Gecko) Chrome/41.0.2272.96 Mobile Safari/537.36 (compatible; Googlebot/2.1; +http://www.google.com/bot.html)" "-"
217.76.130.90 - - [01/Dec/2019:18:24:07 +0100] "POST /wp-cron.php?doing_wp_cron=1575221047.6482410430908203125000 HTTP/1.1" 200 3389 "https://amazingsportwear.com/wp-cron.php?doing_wp_cron=1575221047.6482410430908203125000" "WordPress/5.2.4; https://amazingsportwear.com" "-"
66.249.69.208 - - [01/Dec/2019:18:24:05 +0100] "GET /contacta-con-nosotros/ HTTP/1.1" 200 62408 "-" "Mozilla/5.0 (compatible; Googlebot/2.1; +http://www.google.com/bot.html)" "-"
217.76.130.90 - - [01/Dec/2019:18:34:28 +0100] "POST /wp-cron.php?doing_wp_cron=1575221668.1882479190826416015625 HTTP/1.1" 200 164 "http://amazingsportwear.com/wp-cron.php?doing_wp_cron=1575221668.1882479190826416015625" "WordPress/5.2.4; https://amazingsportwear.com" "-"
66.249.69.192 - - [01/Dec/2019:18:34:26 +0100] "GET / HTTP/1.1" 301 298 "-" "Mozilla/5.0 (Linux; Android 6.0.1; Nexus 5X Build/MMB29P) AppleWebKit/537.36 (KHTML, like Gecko) Chrome/41.0.2272.96 Mobile Safari/537.36 (compatible; Googlebot/2.1; +http://www.google.com/bot.html)" "-"
66.249.69.208 - - [01/Dec/2019:18:34:28 +0100] "GET / HTTP/1.1" 200 125741 "-" "Mozilla/5.0 (Linux; Android 6.0.1; Nexus 5X Build/MMB29P) AppleWebKit/537.36 (KHTML, like Gecko) Chrome/41.0.2272.96 Mobile Safari/537.36 (compatible; Googlebot/2.1; +http://www.google.com/bot.html)" "wpfront-notification-bar-landingpage=1"
217.76.130.90 - - [01/Dec/2019:18:44:43 +0100] "POST /wp-cron.php?doing_wp_cron=1575222283.3417630195617675781250 HTTP/1.1" 200 164 "http://amazingsportwear.com/wp-cron.php?doing_wp_cron=1575222283.3417630195617675781250" "WordPress/5.2.4; https://amazingsportwear.com" "-"
40.77.167.161 - - [01/Dec/2019:18:44:42 +0100] "GET /tienda/179-chubasquero-plegable-nath-storm.html HTTP/1.1" 404 68115 "-" "Mozilla/5.0 (iPhone; CPU iPhone OS 7_0 like Mac OS X) AppleWebKit/537.51.1 (KHTML, like Gecko) Version/7.0 Mobile/11A465 Safari/9537.53 (compatible; bingbot/2.0; +http://www.bing.com/bingbot.htm)" "-"
217.76.130.90 - - [01/Dec/2019:18:48:02 +0100] "POST /wp-cron.php?doing_wp_cron=1575222482.6356799602508544921875 HTTP/1.1" 200 164 "http://amazingsportwear.com/wp-cron.php?doing_wp_cron=1575222482.6356799602508544921875" "WordPress/5.2.4; https://amazingsportwear.com" "-"
212.142.160.70 - - [01/Dec/2019:18:48:01 +0100] "GET /14-ropa-amazing-sport-wear HTTP/1.1" 404 68052 "https://www.google.com/" "Mozilla/5.0 (Linux; Android 9; SM-G950F) AppleWebKit/537.36 (KHTML, like Gecko) Chrome/78.0.3904.62 Mobile Safari/537.36" "-"
212.142.160.70 - - [01/Dec/2019:18:48:03 +0100] "GET /wp-content/themes/shopper/assets/js/crm.js?ver=1561548510 HTTP/1.1" 200 817 "http://amazingsportwear.com/14-ropa-amazing-sport-wear" "Mozilla/5.0 (Linux; Android 9; SM-G950F) AppleWebKit/537.36 (KHTML, like Gecko) Chrome/78.0.3904.62 Mobile Safari/537.36" "wpfront-notification-bar-landingpage=1"
212.142.160.70 - - [01/Dec/2019:18:48:03 +0100] "GET /wp-content/plugins/wpfront-notification-bar/jquery-plugins/jquery.c.js?ver=1.4.0 HTTP/1.1" 200 3380 "http://amazingsportwear.com/14-ropa-amazing-sport-wear" "Mozilla/5.0 (Linux; Android 9; SM-G950F) AppleWebKit/537.36 (KHTML, like Gecko) Chrome/78.0.3904.62 Mobile Safari/537.36" "wpfront-notification-bar-landingpage=1"
212.142.160.70 - - [01/Dec/2019:18:48:03 +0100] "GET /wp-content/plugins/simple-social-icons/css/style.css?ver=3.0.1 HTTP/1.1" 200 1505 "http://amazingsportwear.com/14-ropa-amazing-sport-wear" "Mozilla/5.0 (Linux; Android 9; SM-G950F) AppleWebKit/537.36 (KHTML, like Gecko) Chrome/78.0.3904.62 Mobile Safari/537.36" "wpfront-notification-bar-landingpage=1"
212.142.160.70 - - [01/Dec/2019:18:48:03 +0100] "GET /wp-includes/css/dist/block-library/style.min.css?ver=5.2.4 HTTP/1.1" 200 29574 "http://amazingsportwear.com/14-ropa-amazing-sport-wear" "Mozilla/5.0 (Linux; Android 9; SM-G950F) AppleWebKit/537.36 (KHTML, like Gecko) Chrome/78.0.3904.62 Mobile Safari/537.36" "wpfront-notification-bar-landingpage=1"
212.142.160.70 - - [01/Dec/2019:18:48:03 +0100] "GET /wp-content/themes/shopper/assets/js/skip-link-focus-fix.js?ver=1.3.8 HTTP/1.1" 200 966 "http://amazingsportwear.com/14-ropa-amazing-sport-wear" "Mozilla/5.0 (Linux; Android 9; SM-G950F) AppleWebKit/537.36 (KHTML, like Gecko) Chrome/78.0.3904.62 Mobile Safari/537.36" "wpfront-notification-bar-landingpage=1"
212.142.160.70 - - [01/Dec/2019:18:48:03 +0100] "GET /wp-content/themes/shopper/assets/sass/woocommerce/woocommerce.css?ver=5.2.4 HTTP/1.1" 200 83332 "http://amazingsportwear.com/14-ropa-amazing-sport-wear" "Mozilla/5.0 (Linux; Android 9; SM-G950F) AppleWebKit/537.36 (KHTML, like Gecko) Chrome/78.0.3904.62 Mobile Safari/537.36" "wpfront-notification-bar-landingpage=1"
212.142.160.70 - - [01/Dec/2019:18:48:03 +0100] "GET /wp-content/themes/shopper/style.css?ver=1.3.8 HTTP/1.1" 200 125055 "http://amazingsportwear.com/14-ropa-amazing-sport-wear" "Mozilla/5.0 (Linux; Android 9; SM-G950F) AppleWebKit/537.36 (KHTML, like Gecko) Chrome/78.0.3904.62 Mobile Safari/537.36" "wpfront-notification-bar-landingpage=1"
212.142.160.70 - - [01/Dec/2019:18:48:03 +0100] "GET /wp-includes/js/jquery/jquery-migrate.min.js?ver=1.4.1 HTTP/1.1" 200 10342 "http://amazingsportwear.com/14-ropa-amazing-sport-wear" "Mozilla/5.0 (Linux; Android 9; SM-G950F) AppleWebKit/537.36 (KHTML, like Gecko) Chrome/78.0.3904.62 Mobile Safari/537.36" "wpfront-notification-bar-landingpage=1"
212.142.160.70 - - [01/Dec/2019:18:48:03 +0100] "GET /wp-content/plugins/woocommerce/assets/js/frontend/woocommerce.min.js?ver=3.6.4 HTTP/1.1" 200 1756 "http://amazingsportwear.com/14-ropa-amazing-sport-wear" "Mozilla/5.0 (Linux; Android 9; SM-G950F) AppleWebKit/537.36 (KHTML, like Gecko) Chrome/78.0.3904.62 Mobile Safari/537.36" "wpfront-notification-bar-landingpage=1"
212.142.160.70 - - [01/Dec/2019:18:48:03 +0100] "GET /wp-content/plugins/woocommerce/assets/js/js-cookie/js.cookie.min.js?ver=2.1.4 HTTP/1.1" 200 2130 "http://amazingsportwear.com/14-ropa-amazing-sport-wear" "Mozilla/5.0 (Linux; Android 9; SM-G950F) AppleWebKit/537.36 (KHTML, like Gecko) Chrome/78.0.3904.62 Mobile Safari/537.36" "wpfront-notification-bar-landingpage=1"
212.142.160.70 - - [01/Dec/2019:18:48:03 +0100] "GET /wp-content/plugins/woocommerce/assets/js/jquery-blockui/jquery.blockUI.min.js?ver=2.70 HTTP/1.1" 200 9851 "http://amazingsportwear.com/14-ropa-amazing-sport-wear" "Mozilla/5.0 (Linux; Android 9; SM-G950F) AppleWebKit/537.36 (KHTML, like Gecko) Chrome/78.0.3904.62 Mobile Safari/537.36" "wpfront-notification-bar-landingpage=1"
212.142.160.70 - - [01/Dec/2019:18:48:03 +0100] "GET /wp-content/plugins/cookie-law-info/public/js/cookie-law-info-public.js?ver=1.7.6 HTTP/1.1" 200 16990 "http://amazingsportwear.com/14-ropa-amazing-sport-wear" "Mozilla/5.0 (Linux; Android 9; SM-G950F) AppleWebKit/537.36 (KHTML, like Gecko) Chrome/78.0.3904.62 Mobile Safari/537.36" "wpfront-notification-bar-landingpage=1"
212.142.160.70 - - [01/Dec/2019:18:48:03 +0100] "GET /wp-content/plugins/woocommerce/assets/css/blocks/style.css?ver=3.6.4 HTTP/1.1" 200 6640 "http://amazingsportwear.com/14-ropa-amazing-sport-wear" "Mozilla/5.0 (Linux; Android 9; SM-G950F) AppleWebKit/537.36 (KHTML, like Gecko) Chrome/78.0.3904.62 Mobile Safari/537.36" "wpfront-notification-bar-landingpage=1"
212.142.160.70 - - [01/Dec/2019:18:48:03 +0100] "GET /wp-content/plugins/cookie-law-info/public/css/cookie-law-info-public.css?ver=1.7.6 HTTP/1.1" 200 3178 "http://amazingsportwear.com/14-ropa-amazing-sport-wear" "Mozilla/5.0 (Linux; Android 9; SM-G950F) AppleWebKit/537.36 (KHTML, like Gecko) Chrome/78.0.3904.62 Mobile Safari/537.36" "wpfront-notification-bar-landingpage=1"
212.142.160.70 - - [01/Dec/2019:18:48:03 +0100] "GET /wp-content/plugins/cookie-law-info/public/css/cookie-law-info-gdpr.css?ver=1.7.6 HTTP/1.1" 200 12388 "http://amazingsportwear.com/14-ropa-amazing-sport-wear" "Mozilla/5.0 (Linux; Android 9; SM-G950F) AppleWebKit/537.36 (KHTML, like Gecko) Chrome/78.0.3904.62 Mobile Safari/537.36" "wpfront-notification-bar-landingpage=1"
212.142.160.70 - - [01/Dec/2019:18:48:03 +0100] "GET /wp-content/plugins/woocommerce/assets/js/frontend/cart-fragments.min.js?ver=3.6.4 HTTP/1.1" 200 3224 "http://amazingsportwear.com/14-ropa-amazing-sport-wear" "Mozilla/5.0 (Linux; Android 9; SM-G950F) AppleWebKit/537.36 (KHTML, like Gecko) Chrome/78.0.3904.62 Mobile Safari/537.36" "wpfront-notification-bar-landingpage=1"
212.142.160.70 - - [01/Dec/2019:18:48:03 +0100] "GET /wp-content/plugins/simple-social-icons/svgxuse.js?ver=1.1.21 HTTP/1.1" 200 9523 "http://amazingsportwear.com/14-ropa-amazing-sport-wear" "Mozilla/5.0 (Linux; Android 9; SM-G950F) AppleWebKit/537.36 (KHTML, like Gecko) Chrome/78.0.3904.62 Mobile Safari/537.36" "wpfront-notification-bar-landingpage=1"
212.142.160.70 - - [01/Dec/2019:18:48:03 +0100] "GET /wp-content/plugins/wpfront-notification-bar/css/wpfront-notification-bar.css?ver=1.7.1 HTTP/1.1" 200 3606 "http://amazingsportwear.com/14-ropa-amazing-sport-wear" "Mozilla/5.0 (Linux; Android 9; SM-G950F) AppleWebKit/537.36 (KHTML, like Gecko) Chrome/78.0.3904.62 Mobile Safari/537.36" "wpfront-notification-bar-landingpage=1"
212.142.160.70 - - [01/Dec/2019:18:48:03 +0100] "GET /wp-content/themes/shopper/assets/js/shopper.min.js?ver=1.3.8 HTTP/1.1" 200 5937 "http://amazingsportwear.com/14-ropa-amazing-sport-wear" "Mozilla/5.0 (Linux; Android 9; SM-G950F) AppleWebKit/537.36 (KHTML, like Gecko) Chrome/78.0.3904.62 Mobile Safari/537.36" "wpfront-notification-bar-landingpage=1"
212.142.160.70 - - [01/Dec/2019:18:48:03 +0100] "GET /wp-includes/js/jquery/jquery.js?ver=1.12.4-wp HTTP/1.1" 200 97160 "http://amazingsportwear.com/14-ropa-amazing-sport-wear" "Mozilla/5.0 (Linux; Android 9; SM-G950F) AppleWebKit/537.36 (KHTML, like Gecko) Chrome/78.0.3904.62 Mobile Safari/537.36" "wpfront-notification-bar-landingpage=1"
212.142.160.70 - - [01/Dec/2019:18:48:03 +0100] "GET /wp-content/themes/shopper/assets/js/woocommerce/header-cart.min.js?ver=1.3.8 HTTP/1.1" 200 915 "http://amazingsportwear.com/14-ropa-amazing-sport-wear" "Mozilla/5.0 (Linux; Android 9; SM-G950F) AppleWebKit/537.36 (KHTML, like Gecko) Chrome/78.0.3904.62 Mobile Safari/537.36" "wpfront-notification-bar-landingpage=1"
212.142.160.70 - - [01/Dec/2019:18:48:03 +0100] "GET /wp-includes/js/wp-embed.min.js?ver=5.2.4 HTTP/1.1" 200 1687 "http://amazingsportwear.com/14-ropa-amazing-sport-wear" "Mozilla/5.0 (Linux; Android 9; SM-G950F) AppleWebKit/537.36 (KHTML, like Gecko) Chrome/78.0.3904.62 Mobile Safari/537.36" "wpfront-notification-bar-landingpage=1"
212.142.160.70 - - [01/Dec/2019:18:48:03 +0100] "GET /wp-includes/js/wp-emoji-release.min.js?ver=5.2.4 HTTP/1.1" 200 14126 "http://amazingsportwear.com/14-ropa-amazing-sport-wear" "Mozilla/5.0 (Linux; Android 9; SM-G950F) AppleWebKit/537.36 (KHTML, like Gecko) Chrome/78.0.3904.62 Mobile Safari/537.36" "wpfront-notification-bar-landingpage=1"
212.142.160.70 - - [01/Dec/2019:18:48:03 +0100] "GET /wp-content/plugins/wpfront-notification-bar/js/wpfront-notification-bar.js?ver=1.7.1 HTTP/1.1" 200 5605 "http://amazingsportwear.com/14-ropa-amazing-sport-wear" "Mozilla/5.0 (Linux; Android 9; SM-G950F) AppleWebKit/537.36 (KHTML, like Gecko) Chrome/78.0.3904.62 Mobile Safari/537.36" "wpfront-notification-bar-landingpage=1"
212.142.160.70 - - [01/Dec/2019:18:48:03 +0100] "GET /wp-content/plugins/woocommerce/assets/js/frontend/add-to-cart.min.js?ver=3.6.4 HTTP/1.1" 200 2926 "http://amazingsportwear.com/14-ropa-amazing-sport-wear" "Mozilla/5.0 (Linux; Android 9; SM-G950F) AppleWebKit/537.36 (KHTML, like Gecko) Chrome/78.0.3904.62 Mobile Safari/537.36" "wpfront-notification-bar-landingpage=1"
212.142.160.70 - - [01/Dec/2019:18:48:03 +0100] "GET /wp-content/uploads/2019/04/Gorra-sport-12-300x300.png HTTP/1.1" 200 52757 "http://amazingsportwear.com/14-ropa-amazing-sport-wear" "Mozilla/5.0 (Linux; Android 9; SM-G950F) AppleWebKit/537.36 (KHTML, like Gecko) Chrome/78.0.3904.62 Mobile Safari/537.36" "wpfront-notification-bar-landingpage=1"
212.142.160.70 - - [01/Dec/2019:18:48:03 +0100] "GET /wp-content/uploads/2019/05/cropped-asw-white.png HTTP/1.1" 200 10863 "http://amazingsportwear.com/14-ropa-amazing-sport-wear" "Mozilla/5.0 (Linux; Android 9; SM-G950F) AppleWebKit/537.36 (KHTML, like Gecko) Chrome/78.0.3904.62 Mobile Safari/537.36" "wpfront-notification-bar-landingpage=1"
212.142.160.70 - - [01/Dec/2019:18:48:03 +0100] "GET /wp-content/uploads/2017/03/CIF-T-527-300x300.jpg HTTP/1.1" 200 11243 "http://amazingsportwear.com/14-ropa-amazing-sport-wear" "Mozilla/5.0 (Linux; Android 9; SM-G950F) AppleWebKit/537.36 (KHTML, like Gecko) Chrome/78.0.3904.62 Mobile Safari/537.36" "wpfront-notification-bar-landingpage=1"
212.142.160.70 - - [01/Dec/2019:18:48:04 +0100] "GET /wp-content/uploads/2017/01/motocr-300x300.png HTTP/1.1" 200 97947 "http://amazingsportwear.com/14-ropa-amazing-sport-wear" "Mozilla/5.0 (Linux; Android 9; SM-G950F) AppleWebKit/537.36 (KHTML, like Gecko) Chrome/78.0.3904.62 Mobile Safari/537.36" "wpfront-notification-bar-landingpage=1"
212.142.160.70 - - [01/Dec/2019:18:48:04 +0100] "GET /wp-content/uploads/2019/04/toalla-absorvente-gymnasio-7-300x300.png HTTP/1.1" 200 82027 "http://amazingsportwear.com/14-ropa-amazing-sport-wear" "Mozilla/5.0 (Linux; Android 9; SM-G950F) AppleWebKit/537.36 (KHTML, like Gecko) Chrome/78.0.3904.62 Mobile Safari/537.36" "wpfront-notification-bar-landingpage=1"
212.142.160.70 - - [01/Dec/2019:18:48:04 +0100] "GET /wp-content/uploads/woocommerce-placeholder-300x300.png HTTP/1.1" 200 15469 "http://amazingsportwear.com/14-ropa-amazing-sport-wear" "Mozilla/5.0 (Linux; Android 9; SM-G950F) AppleWebKit/537.36 (KHTML, like Gecko) Chrome/78.0.3904.62 Mobile Safari/537.36" "wpfront-notification-bar-landingpage=1"
212.142.160.70 - - [01/Dec/2019:18:48:04 +0100] "GET /wp-content/uploads/2017/03/CAT-5247-04-300x300.jpg HTTP/1.1" 200 12556 "http://amazingsportwear.com/14-ropa-amazing-sport-wear" "Mozilla/5.0 (Linux; Android 9; SM-G950F) AppleWebKit/537.36 (KHTML, like Gecko) Chrome/78.0.3904.62 Mobile Safari/537.36" "wpfront-notification-bar-landingpage=1"
212.142.160.70 - - [01/Dec/2019:18:48:04 +0100] "GET /wp-content/uploads/2019/05/asw-white-300x126.png HTTP/1.1" 200 15424 "http://amazingsportwear.com/14-ropa-amazing-sport-wear" "Mozilla/5.0 (Linux; Android 9; SM-G950F) AppleWebKit/537.36 (KHTML, like Gecko) Chrome/78.0.3904.62 Mobile Safari/537.36" "wpfront-notification-bar-landingpage=1"
212.142.160.70 - - [01/Dec/2019:18:48:05 +0100] "GET /wp-content/plugins/wpfront-notification-bar/images/arrow_down.png HTTP/1.1" 200 2505 "http://amazingsportwear.com/wp-content/plugins/wpfront-notification-bar/css/wpfront-notification-bar.css?ver=1.7.1" "Mozilla/5.0 (Linux; Android 9; SM-G950F) AppleWebKit/537.36 (KHTML, like Gecko) Chrome/78.0.3904.62 Mobile Safari/537.36" "wpfront-notification-bar-landingpage=1"
212.142.160.70 - - [01/Dec/2019:18:48:05 +0100] "GET /wp-content/themes/shopper/assets/fonts/fontawesome-webfont.woff2?v=4.7.0 HTTP/1.1" 200 77442 "http://amazingsportwear.com/wp-content/themes/shopper/style.css?ver=1.3.8" "Mozilla/5.0 (Linux; Android 9; SM-G950F) AppleWebKit/537.36 (KHTML, like Gecko) Chrome/78.0.3904.62 Mobile Safari/537.36" "wpfront-notification-bar-landingpage=1"
212.142.160.70 - - [01/Dec/2019:18:48:05 +0100] "GET /wp-content/plugins/simple-social-icons/symbol-defs.svg HTTP/1.1" 200 19613 "http://amazingsportwear.com/14-ropa-amazing-sport-wear" "Mozilla/5.0 (Linux; Android 9; SM-G950F) AppleWebKit/537.36 (KHTML, like Gecko) Chrome/78.0.3904.62 Mobile Safari/537.36" "wpfront-notification-bar-landingpage=1"
212.142.160.70 - - [01/Dec/2019:18:48:05 +0100] "POST /?wc-ajax=get_refreshed_fragments HTTP/1.1" 200 1200 "http://amazingsportwear.com/14-ropa-amazing-sport-wear" "Mozilla/5.0 (Linux; Android 9; SM-G950F) AppleWebKit/537.36 (KHTML, like Gecko) Chrome/78.0.3904.62 Mobile Safari/537.36" "wpfront-notification-bar-landingpage=1"
212.142.160.7 - - [01/Dec/2019:18:48:06 +0100] "GET /14-ropa-amazing-sport-wear HTTP/1.1" 404 68087 "http://www.google.com/url?sa=t&rct=j&q=&esrc=s&source=web&cd=1&ved=0CDEQFjAG&url=http%3A%2F%2Famazingsportwear.com%2F14-ropa-amazing-sport-wear&ei=0fzjXbbKO7XRqQSpNQ&usg=AFQjCNGTOHdmQPJsBzHWha-lj5k-2narrA" "Mozilla/5.0 (Windows NT 10.0; WOW64; Trident/7.0; rv:11.0) like Gecko" "-"
212.142.160.7 - - [01/Dec/2019:18:48:07 +0100] "GET /wp-includes/css/dist/block-library/style.min.css?ver=5.2.4 HTTP/1.1" 200 29574 "http://amazingsportwear.com/14-ropa-amazing-sport-wear" "Mozilla/5.0 (Windows NT 10.0; WOW64; Trident/7.0; rv:11.0) like Gecko" "wpfront-notification-bar-landingpage=1"
212.142.160.7 - - [01/Dec/2019:18:48:07 +0100] "GET /wp-content/plugins/cookie-law-info/public/css/cookie-law-info-public.css?ver=1.7.6 HTTP/1.1" 200 3178 "http://amazingsportwear.com/14-ropa-amazing-sport-wear" "Mozilla/5.0 (Windows NT 10.0; WOW64; Trident/7.0; rv:11.0) like Gecko" "wpfront-notification-bar-landingpage=1"
212.142.160.7 - - [01/Dec/2019:18:48:07 +0100] "GET /wp-content/themes/shopper/style.css?ver=1.3.8 HTTP/1.1" 200 125055 "http://amazingsportwear.com/14-ropa-amazing-sport-wear" "Mozilla/5.0 (Windows NT 10.0; WOW64; Trident/7.0; rv:11.0) like Gecko" "wpfront-notification-bar-landingpage=1"
212.142.160.7 - - [01/Dec/2019:18:48:07 +0100] "GET /wp-content/plugins/woocommerce/assets/css/blocks/style.css?ver=3.6.4 HTTP/1.1" 200 6640 "http://amazingsportwear.com/14-ropa-amazing-sport-wear" "Mozilla/5.0 (Windows NT 10.0; WOW64; Trident/7.0; rv:11.0) like Gecko" "wpfront-notification-bar-landingpage=1"
212.142.160.7 - - [01/Dec/2019:18:48:07 +0100] "GET /wp-content/plugins/wpfront-notification-bar/css/wpfront-notification-bar.css?ver=1.7.1 HTTP/1.1" 200 3606 "http://amazingsportwear.com/14-ropa-amazing-sport-wear" "Mozilla/5.0 (Windows NT 10.0; WOW64; Trident/7.0; rv:11.0) like Gecko" "wpfront-notification-bar-landingpage=1"
212.142.160.7 - - [01/Dec/2019:18:48:07 +0100] "GET /wp-content/plugins/cookie-law-info/public/css/cookie-law-info-gdpr.css?ver=1.7.6 HTTP/1.1" 200 12388 "http://amazingsportwear.com/14-ropa-amazing-sport-wear" "Mozilla/5.0 (Windows NT 10.0; WOW64; Trident/7.0; rv:11.0) like Gecko" "wpfront-notification-bar-landingpage=1"
212.142.160.7 - - [01/Dec/2019:18:48:08 +0100] "GET /wp-includes/js/wp-emoji-release.min.js?ver=5.2.4 HTTP/1.1" 200 14126 "http://amazingsportwear.com/14-ropa-amazing-sport-wear" "Mozilla/5.0 (Windows NT 10.0; WOW64; Trident/7.0; rv:11.0) like Gecko" "wpfront-notification-bar-landingpage=1"
212.142.160.7 - - [01/Dec/2019:18:48:08 +0100] "GET /wp-content/themes/shopper/assets/sass/woocommerce/woocommerce.css?ver=5.2.4 HTTP/1.1" 200 83332 "http://amazingsportwear.com/14-ropa-amazing-sport-wear" "Mozilla/5.0 (Windows NT 10.0; WOW64; Trident/7.0; rv:11.0) like Gecko" "wpfront-notification-bar-landingpage=1"
212.142.160.7 - - [01/Dec/2019:18:48:08 +0100] "GET /wp-includes/js/jquery/jquery.js?ver=1.12.4-wp HTTP/1.1" 200 97160 "http://amazingsportwear.com/14-ropa-amazing-sport-wear" "Mozilla/5.0 (Windows NT 10.0; WOW64; Trident/7.0; rv:11.0) like Gecko" "wpfront-notification-bar-landingpage=1"
212.142.160.70 - - [01/Dec/2019:18:48:07 +0100] "POST /?wc-ajax=add_to_cart HTTP/1.1" 200 4304 "http://amazingsportwear.com/14-ropa-amazing-sport-wear" "Mozilla/5.0 (Linux; Android 9; SM-G950F) AppleWebKit/537.36 (KHTML, like Gecko) Chrome/78.0.3904.62 Mobile Safari/537.36" "_ga=GA1.2.1804775241.1575222481; _gat_gtag_UA_91619287_1=1; _gid=GA1.2.792003670.1575222481; wpfront-notification-bar-landingpage=1"
212.142.160.7 - - [01/Dec/2019:18:48:08 +0100] "GET /wp-content/plugins/simple-social-icons/css/style.css?ver=3.0.1 HTTP/1.1" 200 1505 "http://amazingsportwear.com/14-ropa-amazing-sport-wear" "Mozilla/5.0 (Windows NT 10.0; WOW64; Trident/7.0; rv:11.0) like Gecko" "wpfront-notification-bar-landingpage=1"
212.142.160.7 - - [01/Dec/2019:18:48:08 +0100] "GET /wp-content/plugins/cookie-law-info/public/js/cookie-law-info-public.js?ver=1.7.6 HTTP/1.1" 200 16990 "http://amazingsportwear.com/14-ropa-amazing-sport-wear" "Mozilla/5.0 (Windows NT 10.0; WOW64; Trident/7.0; rv:11.0) like Gecko" "wpfront-notification-bar-landingpage=1"
212.142.160.7 - - [01/Dec/2019:18:48:08 +0100] "GET /wp-content/plugins/wpfront-notification-bar/jquery-plugins/jquery.c.js?ver=1.4.0 HTTP/1.1" 200 3380 "http://amazingsportwear.com/14-ropa-amazing-sport-wear" "Mozilla/5.0 (Windows NT 10.0; WOW64; Trident/7.0; rv:11.0) like Gecko" "wpfront-notification-bar-landingpage=1"
212.142.160.7 - - [01/Dec/2019:18:48:08 +0100] "GET /wp-includes/js/jquery/jquery-migrate.min.js?ver=1.4.1 HTTP/1.1" 200 10342 "http://amazingsportwear.com/14-ropa-amazing-sport-wear" "Mozilla/5.0 (Windows NT 10.0; WOW64; Trident/7.0; rv:11.0) like Gecko" "wpfront-notification-bar-landingpage=1"
212.142.160.7 - - [01/Dec/2019:18:48:09 +0100] "GET /wp-content/plugins/wpfront-notification-bar/js/wpfront-notification-bar.js?ver=1.7.1 HTTP/1.1" 200 5605 "http://amazingsportwear.com/14-ropa-amazing-sport-wear" "Mozilla/5.0 (Windows NT 10.0; WOW64; Trident/7.0; rv:11.0) like Gecko" "wpfront-notification-bar-landingpage=1"
212.142.160.7 - - [01/Dec/2019:18:48:09 +0100] "GET /wp-content/plugins/woocommerce/assets/js/jquery-blockui/jquery.blockUI.min.js?ver=2.70 HTTP/1.1" 200 9851 "http://amazingsportwear.com/14-ropa-amazing-sport-wear" "Mozilla/5.0 (Windows NT 10.0; WOW64; Trident/7.0; rv:11.0) like Gecko" "wpfront-notification-bar-landingpage=1"
212.142.160.7 - - [01/Dec/2019:18:48:09 +0100] "GET /wp-content/themes/shopper/assets/js/crm.js?ver=1561548510 HTTP/1.1" 200 817 "http://amazingsportwear.com/14-ropa-amazing-sport-wear" "Mozilla/5.0 (Windows NT 10.0; WOW64; Trident/7.0; rv:11.0) like Gecko" "wpfront-notification-bar-landingpage=1"
212.142.160.7 - - [01/Dec/2019:18:48:09 +0100] "GET /wp-content/plugins/simple-social-icons/svgxuse.js?ver=1.1.21 HTTP/1.1" 200 9523 "http://amazingsportwear.com/14-ropa-amazing-sport-wear" "Mozilla/5.0 (Windows NT 10.0; WOW64; Trident/7.0; rv:11.0) like Gecko" "wpfront-notification-bar-landingpage=1"
212.142.160.7 - - [01/Dec/2019:18:48:09 +0100] "GET /wp-content/plugins/woocommerce/assets/js/js-cookie/js.cookie.min.js?ver=2.1.4 HTTP/1.1" 200 2130 "http://amazingsportwear.com/14-ropa-amazing-sport-wear" "Mozilla/5.0 (Windows NT 10.0; WOW64; Trident/7.0; rv:11.0) like Gecko" "wpfront-notification-bar-landingpage=1"
212.142.160.7 - - [01/Dec/2019:18:48:09 +0100] "GET /wp-content/plugins/woocommerce/assets/js/frontend/add-to-cart.min.js?ver=3.6.4 HTTP/1.1" 200 2926 "http://amazingsportwear.com/14-ropa-amazing-sport-wear" "Mozilla/5.0 (Windows NT 10.0; WOW64; Trident/7.0; rv:11.0) like Gecko" "wpfront-notification-bar-landingpage=1"
212.142.160.7 - - [01/Dec/2019:18:48:09 +0100] "GET /wp-content/plugins/woocommerce/assets/js/frontend/woocommerce.min.js?ver=3.6.4 HTTP/1.1" 200 1756 "http://amazingsportwear.com/14-ropa-amazing-sport-wear" "Mozilla/5.0 (Windows NT 10.0; WOW64; Trident/7.0; rv:11.0) like Gecko" "wpfront-notification-bar-landingpage=1"
212.142.160.7 - - [01/Dec/2019:18:48:09 +0100] "GET /wp-content/plugins/woocommerce/assets/js/frontend/cart-fragments.min.js?ver=3.6.4 HTTP/1.1" 200 3224 "http://amazingsportwear.com/14-ropa-amazing-sport-wear" "Mozilla/5.0 (Windows NT 10.0; WOW64; Trident/7.0; rv:11.0) like Gecko" "wpfront-notification-bar-landingpage=1"
212.142.160.7 - - [01/Dec/2019:18:48:09 +0100] "GET /wp-content/themes/shopper/assets/js/skip-link-focus-fix.js?ver=1.3.8 HTTP/1.1" 200 966 "http://amazingsportwear.com/14-ropa-amazing-sport-wear" "Mozilla/5.0 (Windows NT 10.0; WOW64; Trident/7.0; rv:11.0) like Gecko" "wpfront-notification-bar-landingpage=1"
212.142.160.7 - - [01/Dec/2019:18:48:09 +0100] "GET /wp-content/themes/shopper/assets/js/shopper.min.js?ver=1.3.8 HTTP/1.1" 200 5937 "http://amazingsportwear.com/14-ropa-amazing-sport-wear" "Mozilla/5.0 (Windows NT 10.0; WOW64; Trident/7.0; rv:11.0) like Gecko" "wpfront-notification-bar-landingpage=1"
212.142.160.7 - - [01/Dec/2019:18:48:09 +0100] "GET /wp-content/themes/shopper/assets/js/woocommerce/header-cart.min.js?ver=1.3.8 HTTP/1.1" 200 915 "http://amazingsportwear.com/14-ropa-amazing-sport-wear" "Mozilla/5.0 (Windows NT 10.0; WOW64; Trident/7.0; rv:11.0) like Gecko" "wpfront-notification-bar-landingpage=1"
212.142.160.7 - - [01/Dec/2019:18:48:09 +0100] "GET /wp-content/themes/shopper/assets/fonts/fontawesome-webfont.eot? HTTP/1.1" 200 166044 "http://amazingsportwear.com/14-ropa-amazing-sport-wear" "Mozilla/5.0 (Windows NT 10.0; WOW64; Trident/7.0; rv:11.0) like Gecko" "wpfront-notification-bar-landingpage=1"
212.142.160.70 - - [01/Dec/2019:18:48:09 +0100] "GET /14-ropa-amazing-sport-wear HTTP/1.1" 404 64863 "http://amazingsportwear.com/14-ropa-amazing-sport-wear" "Mozilla/5.0 (Linux; Android 9; SM-G950F) AppleWebKit/537.36 (KHTML, like Gecko) Chrome/78.0.3904.62 Mobile Safari/537.36" "_ga=GA1.2.1804775241.1575222481; _gat_gtag_UA_91619287_1=1; _gid=GA1.2.792003670.1575222481; woocommerce_cart_hash=a085e9b04fec85c92915df86dada9732; woocommerce_items_in_cart=1; wp_woocommerce_session_fb86dbb0e6335d960ea3e94e06b25287=bbbc50e83f091fee9caf405c8b966edb%7C%7C1575395288%7C%7C1575391688%7C%7Cbd3fe02b2bdfed756d50cfc046b70e95; wpfront-notification-bar-landingpage=1"
212.142.160.7 - - [01/Dec/2019:18:48:10 +0100] "GET /wp-content/plugins/wpfront-notification-bar/images/arrow_down.png HTTP/1.1" 200 2505 "http://amazingsportwear.com/14-ropa-amazing-sport-wear" "Mozilla/5.0 (Windows NT 10.0; WOW64; Trident/7.0; rv:11.0) like Gecko" "wpfront-notification-bar-landingpage=1"
212.142.160.7 - - [01/Dec/2019:18:48:10 +0100] "GET /wp-includes/js/wp-embed.min.js?ver=5.2.4 HTTP/1.1" 200 1687 "http://amazingsportwear.com/14-ropa-amazing-sport-wear" "Mozilla/5.0 (Windows NT 10.0; WOW64; Trident/7.0; rv:11.0) like Gecko" "wpfront-notification-bar-landingpage=1"
212.142.160.7 - - [01/Dec/2019:18:48:10 +0100] "GET /wp-content/uploads/2019/05/cropped-asw-white.png HTTP/1.1" 200 10863 "http://amazingsportwear.com/14-ropa-amazing-sport-wear" "Mozilla/5.0 (Windows NT 10.0; WOW64; Trident/7.0; rv:11.0) like Gecko" "wpfront-notification-bar-landingpage=1"
212.142.160.7 - - [01/Dec/2019:18:48:11 +0100] "GET /wp-content/uploads/woocommerce-placeholder-300x300.png HTTP/1.1" 200 15469 "http://amazingsportwear.com/14-ropa-amazing-sport-wear" "Mozilla/5.0 (Windows NT 10.0; WOW64; Trident/7.0; rv:11.0) like Gecko" "wpfront-notification-bar-landingpage=1"
212.142.160.7 - - [01/Dec/2019:18:48:11 +0100] "GET /wp-content/uploads/2019/04/toalla-absorvente-gymnasio-7-300x300.png HTTP/1.1" 200 82027 "http://amazingsportwear.com/14-ropa-amazing-sport-wear" "Mozilla/5.0 (Windows NT 10.0; WOW64; Trident/7.0; rv:11.0) like Gecko" "wpfront-notification-bar-landingpage=1"
212.142.160.7 - - [01/Dec/2019:18:48:11 +0100] "GET /wp-content/uploads/2019/04/Gorra-sport-12-300x300.png HTTP/1.1" 200 52757 "http://amazingsportwear.com/14-ropa-amazing-sport-wear" "Mozilla/5.0 (Windows NT 10.0; WOW64; Trident/7.0; rv:11.0) like Gecko" "wpfront-notification-bar-landingpage=1"
212.142.160.7 - - [01/Dec/2019:18:48:11 +0100] "GET /wp-content/uploads/2017/03/CAT-5247-04-300x300.jpg HTTP/1.1" 200 12556 "http://amazingsportwear.com/14-ropa-amazing-sport-wear" "Mozilla/5.0 (Windows NT 10.0; WOW64; Trident/7.0; rv:11.0) like Gecko" "wpfront-notification-bar-landingpage=1"
212.142.160.7 - - [01/Dec/2019:18:48:11 +0100] "POST /?wc-ajax=get_refreshed_fragments HTTP/1.1" 200 1102 "http://amazingsportwear.com/14-ropa-amazing-sport-wear" "Mozilla/5.0 (Windows NT 10.0; WOW64; Trident/7.0; rv:11.0) like Gecko" "wpfront-notification-bar-landingpage=1"
212.142.160.7 - - [01/Dec/2019:18:48:12 +0100] "GET /wp-content/uploads/2017/03/CIF-T-527-300x300.jpg HTTP/1.1" 200 11243 "http://amazingsportwear.com/14-ropa-amazing-sport-wear" "Mozilla/5.0 (Windows NT 10.0; WOW64; Trident/7.0; rv:11.0) like Gecko" "wpfront-notification-bar-landingpage=1"
212.142.160.7 - - [01/Dec/2019:18:48:12 +0100] "GET /wp-content/uploads/2017/01/motocr-300x300.png HTTP/1.1" 200 97947 "http://amazingsportwear.com/14-ropa-amazing-sport-wear" "Mozilla/5.0 (Windows NT 10.0; WOW64; Trident/7.0; rv:11.0) like Gecko" "wpfront-notification-bar-landingpage=1"
212.142.160.7 - - [01/Dec/2019:18:48:12 +0100] "GET /wp-content/uploads/2019/05/asw-white-300x126.png HTTP/1.1" 200 15424 "http://amazingsportwear.com/14-ropa-amazing-sport-wear" "Mozilla/5.0 (Windows NT 10.0; WOW64; Trident/7.0; rv:11.0) like Gecko" "wpfront-notification-bar-landingpage=1"
212.142.160.7 - - [01/Dec/2019:18:48:13 +0100] "GET /wp-content/plugins/simple-social-icons/symbol-defs.svg HTTP/1.1" 200 19613 "http://amazingsportwear.com/14-ropa-amazing-sport-wear" "Mozilla/5.0 (Windows NT 10.0; WOW64; Trident/7.0; rv:11.0) like Gecko" "wpfront-notification-bar-landingpage=1; _ga=GA1.2.2003491794.1575222487; _gid=GA1.2.1540763602.1575222487; _gat_gtag_UA_91619287_1=1"
190.236.131.65 - - [01/Dec/2019:18:50:40 +0100] "GET /wp-content/uploads/2017/01/cam-ranglan3-maristas-300x300.jpg HTTP/1.1" 200 15662 "https://www.google.com/blank.html" "Mozilla/5.0 (Linux; Android 9; MRD-LX3 Build/HUAWEIMRD-LX3; wv) AppleWebKit/537.36 (KHTML, like Gecko) Version/4.0 Chrome/70.0.3538.110 Mobile Safari/537.36 GSA/8.55.6.21.arm" "-"
217.76.130.90 - - [01/Dec/2019:18:56:12 +0100] "POST /wp-cron.php?doing_wp_cron=1575222972.6237499713897705078125 HTTP/1.1" 200 3389 "https://amazingsportwear.com/wp-cron.php?doing_wp_cron=1575222972.6237499713897705078125" "WordPress/5.2.4; https://amazingsportwear.com" "-"
66.249.69.208 - - [01/Dec/2019:18:56:10 +0100] "GET /etiqueta-producto/gorra-tecnica/ HTTP/1.1" 200 61300 "-" "Mozilla/5.0 (compatible; Googlebot/2.1; +http://www.google.com/bot.html)" "-"
217.76.130.90 - - [01/Dec/2019:18:57:34 +0100] "POST /wp-cron.php?doing_wp_cron=1575223054.8046269416809082031250 HTTP/1.1" 200 3389 "https://amazingsportwear.com/wp-cron.php?doing_wp_cron=1575223054.8046269416809082031250" "WordPress/5.2.4; https://amazingsportwear.com" "-"
157.55.39.190 - - [01/Dec/2019:18:57:34 +0100] "GET / HTTP/1.1" 200 125813 "-" "Mozilla/5.0 (compatible; bingbot/2.0; +http://www.bing.com/bingbot.htm)" "-"
157.55.39.190 - - [01/Dec/2019:18:57:36 +0100] "GET /?id_category=16&controller=category HTTP/1.1" 200 122480 "-" "Mozilla/5.0 (compatible; bingbot/2.0; +http://www.bing.com/bingbot.htm)" "-"
217.76.130.90 - - [01/Dec/2019:19:15:56 +0100] "POST /wp-cron.php?doing_wp_cron=1575224156.9352889060974121093750 HTTP/1.1" 200 3389 "https://amazingsportwear.com/wp-cron.php?doing_wp_cron=1575224156.9352889060974121093750" "WordPress/5.2.4; https://amazingsportwear.com" "-"
66.249.69.208 - - [01/Dec/2019:19:15:55 +0100] "GET /producto/camiseta-portero-futbol-manga-larga/ HTTP/1.1" 200 92300 "-" "Mozilla/5.0 (Linux; Android 6.0.1; Nexus 5X Build/MMB29P) AppleWebKit/537.36 (KHTML, like Gecko) Chrome/41.0.2272.96 Mobile Safari/537.36 (compatible; Googlebot/2.1; +http://www.google.com/bot.html)" "-"
