222.247.193.91 - - [11/Dec/2019:08:14:47 +0100] "GET /producto/camiseta-tecnica-manga-larga-dream-eny-dream-ml HTTP/1.1" 301 3580 "-" "Mozilla/5.0(Linux;U;Android 5.1.1;zh-CN;OPPO A33 Build/LMY47V) AppleWebKit/537.36(KHTML,like Gecko) Version/4.0 Chrome/40.0.2214.89 UCBrowser/11.7.0.953 Mobile Safari/537.36" "-"
182.111.48.16 - - [11/Dec/2019:08:14:49 +0100] "GET /etiqueta-producto/camiseta-adulto/page/1 HTTP/1.1" 301 3557 "-" "Mozilla/5.0 (Linux; Android 7.0; FRD-AL00 Build/HUAWEIFRD-AL00; wv) AppleWebKit/537.36 (KHTML, like Gecko) Version/4.0 Chrome/53.0.2785.49 Mobile MQQBrowser/6.2 TBS/043602 Safari/537.36 MicroMessenger/6.5.16.1120 NetType/WIFI Language/zh_CN" "-"
182.247.60.175 - - [11/Dec/2019:08:14:50 +0100] "GET /wp-content/uploads/2018/05/ENY-NI11G-1.jpg HTTP/1.1" 200 15145 "-" "Mozilla/5.0 (Linux; Android 7.0; FRD-AL00 Build/HUAWEIFRD-AL00; wv) AppleWebKit/537.36 (KHTML, like Gecko) Version/4.0 Chrome/53.0.2785.49 Mobile MQQBrowser/6.2 TBS/043602 Safari/537.36 MicroMessenger/6.5.16.1120 NetType/WIFI Language/zh_CN" "-"
182.111.49.116 - - [11/Dec/2019:08:14:52 +0100] "GET /producto/camiseta-tecnica-aintree/ HTTP/1.1" 200 103978 "-" "Mozilla/5.0 (Linux; Android 7.0; FRD-AL00 Build/HUAWEIFRD-AL00; wv) AppleWebKit/537.36 (KHTML, like Gecko) Version/4.0 Chrome/53.0.2785.49 Mobile MQQBrowser/6.2 TBS/043602 Safari/537.36 MicroMessenger/6.5.16.1120 NetType/WIFI Language/zh_CN" "wpfront-notification-bar-landingpage=1"
182.111.48.16 - - [11/Dec/2019:08:14:54 +0100] "GET /etiqueta-producto/camiseta-adulto/ HTTP/1.1" 200 75586 "-" "Mozilla/5.0 (Linux; Android 7.0; FRD-AL00 Build/HUAWEIFRD-AL00; wv) AppleWebKit/537.36 (KHTML, like Gecko) Version/4.0 Chrome/53.0.2785.49 Mobile MQQBrowser/6.2 TBS/043602 Safari/537.36 MicroMessenger/6.5.16.1120 NetType/WIFI Language/zh_CN" "-"
113.78.64.62 - - [11/Dec/2019:08:14:59 +0100] "GET /etiqueta-producto/funda-mochila HTTP/1.1" 301 3555 "-" "Mozilla/5.0(Linux;Android 5.1.1;OPPO A33 Build/LMY47V;wv) AppleWebKit/537.36(KHTML,link Gecko) Version/4.0 Chrome/42.0.2311.138 Mobile Safari/537.36 Mb2345Browser/9.0" "-"
217.76.130.90 - - [11/Dec/2019:08:15:03 +0100] "POST /wp-cron.php?doing_wp_cron=1576048503.0983850955963134765625 HTTP/1.1" 200 3389 "https://amazingsportwear.com/wp-cron.php?doing_wp_cron=1576048503.0983850955963134765625" "WordPress/5.2.4; https://amazingsportwear.com" "-"
183.166.231.121 - - [11/Dec/2019:08:15:02 +0100] "GET /etiqueta-producto/gorra-sport HTTP/1.1" 301 3553 "-" "Mozilla/5.0(Linux;Android 5.1.1;OPPO A33 Build/LMY47V;wv) AppleWebKit/537.36(KHTML,link Gecko) Version/4.0 Chrome/43.0.2357.121 Mobile Safari/537.36 LieBaoFast/4.51.3" "-"
183.166.231.121 - - [11/Dec/2019:08:15:08 +0100] "GET /etiqueta-producto/gorra-sport/ HTTP/1.1" 200 53675 "-" "Mozilla/5.0(Linux;Android 5.1.1;OPPO A33 Build/LMY47V;wv) AppleWebKit/537.36(KHTML,link Gecko) Version/4.0 Chrome/43.0.2357.121 Mobile Safari/537.36 LieBaoFast/4.51.3" "wpfront-notification-bar-landingpage=1"
113.78.64.62 - - [11/Dec/2019:08:15:08 +0100] "GET /etiqueta-producto/funda-mochila/ HTTP/1.1" 200 53792 "-" "Mozilla/5.0(Linux;Android 5.1.1;OPPO A33 Build/LMY47V;wv) AppleWebKit/537.36(KHTML,link Gecko) Version/4.0 Chrome/42.0.2311.138 Mobile Safari/537.36 Mb2345Browser/9.0" "wpfront-notification-bar-landingpage=1"
125.105.156.20 - - [11/Dec/2019:08:15:32 +0100] "GET /categoria-producto/hombre/page/10 HTTP/1.1" 301 3557 "-" "Mozilla/5.0 (Linux; Android 7.0; FRD-AL00 Build/HUAWEIFRD-AL00; wv) AppleWebKit/537.36 (KHTML, like Gecko) Version/4.0 Chrome/53.0.2785.49 Mobile MQQBrowser/6.2 TBS/043602 Safari/537.36 MicroMessenger/6.5.16.1120 NetType/WIFI Language/zh_CN" "-"
125.105.156.20 - - [11/Dec/2019:08:15:35 +0100] "GET /categoria-producto/hombre/page/10/ HTTP/1.1" 200 71583 "-" "Mozilla/5.0 (Linux; Android 7.0; FRD-AL00 Build/HUAWEIFRD-AL00; wv) AppleWebKit/537.36 (KHTML, like Gecko) Version/4.0 Chrome/53.0.2785.49 Mobile MQQBrowser/6.2 TBS/043602 Safari/537.36 MicroMessenger/6.5.16.1120 NetType/WIFI Language/zh_CN" "wpfront-notification-bar-landingpage=1"
49.79.65.105 - - [11/Dec/2019:08:15:44 +0100] "GET /producto/camiseta-manga-corta-futbol-4?add-to-cart=18682 HTTP/1.1" 301 4821 "-" "Mozilla/5.0(Linux;Android 5.1.1;OPPO A33 Build/LMY47V;wv) AppleWebKit/537.36(KHTML,link Gecko) Version/4.0 Chrome/42.0.2311.138 Mobile Safari/537.36 Mb2345Browser/9.0" "-"
119.185.239.148 - - [11/Dec/2019:08:15:46 +0100] "GET /etiqueta-producto/reversible HTTP/1.1" 301 3552 "-" "Mozilla/5.0(Linux;U;Android 5.1.1;zh-CN;OPPO A33 Build/LMY47V) AppleWebKit/537.36(KHTML,like Gecko) Version/4.0 Chrome/40.0.2214.89 UCBrowser/11.7.0.953 Mobile Safari/537.36" "-"
49.114.179.189 - - [11/Dec/2019:08:15:50 +0100] "GET /etiqueta-producto/sunit HTTP/1.1" 301 3547 "-" "Mozilla/5.0 (Linux; Android 7.0; FRD-AL00 Build/HUAWEIFRD-AL00; wv) AppleWebKit/537.36 (KHTML, like Gecko) Version/4.0 Chrome/53.0.2785.49 Mobile MQQBrowser/6.2 TBS/043602 Safari/537.36 MicroMessenger/6.5.16.1120 NetType/WIFI Language/zh_CN" "-"
119.185.239.148 - - [11/Dec/2019:08:15:50 +0100] "GET /etiqueta-producto/reversible/ HTTP/1.1" 200 53694 "-" "Mozilla/5.0(Linux;U;Android 5.1.1;zh-CN;OPPO A33 Build/LMY47V) AppleWebKit/537.36(KHTML,like Gecko) Version/4.0 Chrome/40.0.2214.89 UCBrowser/11.7.0.953 Mobile Safari/537.36" "wpfront-notification-bar-landingpage=1"
49.114.179.189 - - [11/Dec/2019:08:15:52 +0100] "GET /etiqueta-producto/sunit/ HTTP/1.1" 200 53754 "-" "Mozilla/5.0 (Linux; Android 7.0; FRD-AL00 Build/HUAWEIFRD-AL00; wv) AppleWebKit/537.36 (KHTML, like Gecko) Version/4.0 Chrome/53.0.2785.49 Mobile MQQBrowser/6.2 TBS/043602 Safari/537.36 MicroMessenger/6.5.16.1120 NetType/WIFI Language/zh_CN" "wpfront-notification-bar-landingpage=1"
115.218.228.119 - - [11/Dec/2019:08:16:02 +0100] "GET /producto/maillot-manga-larga-ciclismo-2 HTTP/1.1" 301 3563 "-" "Mozilla/5.0 (Linux; Android 7.0; FRD-AL00 Build/HUAWEIFRD-AL00; wv) AppleWebKit/537.36 (KHTML, like Gecko) Version/4.0 Chrome/53.0.2785.49 Mobile MQQBrowser/6.2 TBS/043602 Safari/537.36 MicroMessenger/6.5.16.1120 NetType/WIFI Language/zh_CN" "-"
217.76.130.90 - - [11/Dec/2019:08:16:04 +0100] "POST /wp-cron.php?doing_wp_cron=1576048564.7951641082763671875000 HTTP/1.1" 200 3389 "https://amazingsportwear.com/wp-cron.php?doing_wp_cron=1576048564.7951641082763671875000" "WordPress/5.2.4; https://amazingsportwear.com" "-"
115.218.228.119 - - [11/Dec/2019:08:16:04 +0100] "GET /producto/maillot-manga-larga-ciclismo-2/ HTTP/1.1" 200 75848 "-" "Mozilla/5.0 (Linux; Android 7.0; FRD-AL00 Build/HUAWEIFRD-AL00; wv) AppleWebKit/537.36 (KHTML, like Gecko) Version/4.0 Chrome/53.0.2785.49 Mobile MQQBrowser/6.2 TBS/043602 Safari/537.36 MicroMessenger/6.5.16.1120 NetType/WIFI Language/zh_CN" "wpfront-notification-bar-landingpage=1"
117.91.131.174 - - [11/Dec/2019:08:16:09 +0100] "GET /wp-content/uploads/2018/04/pf-3908-negroIntenso.jpg HTTP/1.1" 200 38138 "-" "Mozilla/5.0 (Linux; Android 7.0; FRD-AL00 Build/HUAWEIFRD-AL00; wv) AppleWebKit/537.36 (KHTML, like Gecko) Version/4.0 Chrome/53.0.2785.49 Mobile MQQBrowser/6.2 TBS/043602 Safari/537.36 MicroMessenger/6.5.16.1120 NetType/WIFI Language/zh_CN" "-"
175.44.108.23 - - [11/Dec/2019:08:16:32 +0100] "GET /producto/camiseta-basket-con-costadillos-2?add-to-cart=18679 HTTP/1.1" 301 4825 "-" "Mozilla/5.0(Linux;Android 5.1.1;OPPO A33 Build/LMY47V;wv) AppleWebKit/537.36(KHTML,link Gecko) Version/4.0 Chrome/43.0.2357.121 Mobile Safari/537.36 LieBaoFast/4.51.3" "-"
217.76.130.90 - - [11/Dec/2019:08:18:17 +0100] "POST /wp-cron.php?doing_wp_cron=1576048697.3932108879089355468750 HTTP/1.1" 200 164 "http://amazingsportwear.com/wp-cron.php?doing_wp_cron=1576048697.3932108879089355468750" "WordPress/5.2.4; https://amazingsportwear.com" "-"
66.249.64.128 - - [11/Dec/2019:08:18:16 +0100] "GET /robots.txt HTTP/1.1" 200 432 "-" "Mozilla/5.0 (compatible; Googlebot/2.1; +http://www.google.com/bot.html)" "-"
66.249.64.157 - - [11/Dec/2019:08:18:18 +0100] "GET /tienda/113-camiseta-tecnic-rox-mujer-cat-5248.html HTTP/1.1" 404 68121 "-" "Mozilla/5.0 (Linux; Android 6.0.1; Nexus 5X Build/MMB29P) AppleWebKit/537.36 (KHTML, like Gecko) Chrome/41.0.2272.96 Mobile Safari/537.36 (compatible; Googlebot/2.1; +http://www.google.com/bot.html)" "-"
91.242.162.5 - - [11/Dec/2019:08:21:55 +0100] "GET /robots.txt HTTP/1.1" 404 3953 "-" "Mozilla/5.0 (compatible; Qwantify/2.4w; +https://www.qwant.com/)/2.4w" "-"
91.242.162.5 - - [11/Dec/2019:08:21:55 +0100] "GET / HTTP/1.1" 404 3953 "-" "Mozilla/5.0 (compatible; Qwantify/2.4w; +https://www.qwant.com/)/2.4w" "-"
217.76.130.90 - - [11/Dec/2019:08:25:03 +0100] "POST /wp-cron.php?doing_wp_cron=1576049103.0055079460144042968750 HTTP/1.1" 200 3389 "https://amazingsportwear.com/wp-cron.php?doing_wp_cron=1576049103.0055079460144042968750" "WordPress/5.2.4; https://amazingsportwear.com" "-"
40.77.167.31 - - [11/Dec/2019:08:25:02 +0100] "GET /?wc-ajax=get_refreshed_fragments HTTP/1.1" 200 4661 "-" "msnbot/2.0b (+http://search.msn.com/msnbot.htm)" "-"
217.76.130.90 - - [11/Dec/2019:08:26:35 +0100] "POST /wp-cron.php?doing_wp_cron=1576049194.9922859668731689453125 HTTP/1.1" 200 3389 "https://amazingsportwear.com/wp-cron.php?doing_wp_cron=1576049194.9922859668731689453125" "WordPress/5.2.4; https://amazingsportwear.com" "-"
66.249.64.148 - - [11/Dec/2019:08:26:34 +0100] "GET /author/emarketing2/ HTTP/1.1" 200 64481 "-" "Mozilla/5.0 (compatible; Googlebot/2.1; +http://www.google.com/bot.html)" "-"
212.179.174.199 - - [11/Dec/2019:08:33:26 +0100] "GET /wp-content/uploads/2019/04/gorra-dry-fit-5.png HTTP/1.1" 200 79311 "https://www.google.com/" "Mozilla/5.0 (Windows NT 10.0; Win64; x64) AppleWebKit/537.36 (KHTML, like Gecko) Chrome/78.0.3904.108 Safari/537.36" "-"
217.76.130.90 - - [11/Dec/2019:08:45:15 +0100] "POST /wp-cron.php?doing_wp_cron=1576050315.4385221004486083984375 HTTP/1.1" 200 3389 "https://amazingsportwear.com/wp-cron.php?doing_wp_cron=1576050315.4385221004486083984375" "WordPress/5.2.4; https://amazingsportwear.com" "-"
219.137.141.64 - - [11/Dec/2019:08:45:13 +0100] "GET /producto/camiseta-manga-corta-futbol-4?add-to-cart=18689 HTTP/1.1" 301 4821 "-" "Mozilla/5.0(Linux;Android 5.1.1;OPPO A33 Build/LMY47V;wv) AppleWebKit/537.36(KHTML,link Gecko) Version/4.0 Chrome/42.0.2311.138 Mobile Safari/537.36 Mb2345Browser/9.0" "-"
36.7.251.17 - - [11/Dec/2019:08:45:16 +0100] "GET /etiqueta-producto/impermeable HTTP/1.1" 301 3553 "-" "Mozilla/5.0(Linux;Android 5.1.1;OPPO A33 Build/LMY47V;wv) AppleWebKit/537.36(KHTML,link Gecko) Version/4.0 Chrome/42.0.2311.138 Mobile Safari/537.36 Mb2345Browser/9.0" "-"
219.137.141.64 - - [11/Dec/2019:08:45:19 +0100] "GET /producto/camiseta-manga-corta-futbol-4/?add-to-cart=18689 HTTP/1.1" 200 77865 "-" "Mozilla/5.0(Linux;Android 5.1.1;OPPO A33 Build/LMY47V;wv) AppleWebKit/537.36(KHTML,link Gecko) Version/4.0 Chrome/42.0.2311.138 Mobile Safari/537.36 Mb2345Browser/9.0" "woocommerce_cart_hash=1138c57c52f9c78089b2bfc96eca19f8; woocommerce_items_in_cart=1; wp_woocommerce_session_fb86dbb0e6335d960ea3e94e06b25287=c47e14e79ba4553f5af26d4cb4ef2b53%7C%7C1576223115%7C%7C1576219515%7C%7Ce0785a112a63a5de5c01da7418869ed9; wpfront-notification-bar-landingpage=1"
36.7.251.17 - - [11/Dec/2019:08:45:26 +0100] "GET /etiqueta-producto/impermeable/ HTTP/1.1" 200 57342 "-" "Mozilla/5.0(Linux;Android 5.1.1;OPPO A33 Build/LMY47V;wv) AppleWebKit/537.36(KHTML,link Gecko) Version/4.0 Chrome/42.0.2311.138 Mobile Safari/537.36 Mb2345Browser/9.0" "wpfront-notification-bar-landingpage=1"
182.99.186.19 - - [11/Dec/2019:08:45:36 +0100] "GET /categoria-producto/accesorios/bidonesdeportivos HTTP/1.1" 301 3571 "-" "Mozilla/5.0(Linux;Android 5.1.1;OPPO A33 Build/LMY47V;wv) AppleWebKit/537.36(KHTML,link Gecko) Version/4.0 Chrome/42.0.2311.138 Mobile Safari/537.36 Mb2345Browser/9.0" "-"
27.24.23.59 - - [11/Dec/2019:08:45:42 +0100] "GET /wp-content/uploads/2019/04/CIF-T60-FORMENTERA-2.png HTTP/1.1" 200 93059 "-" "Mozilla/5.0(Linux;U;Android 5.1.1;zh-CN;OPPO A33 Build/LMY47V) AppleWebKit/537.36(KHTML,like Gecko) Version/4.0 Chrome/40.0.2214.89 UCBrowser/11.7.0.953 Mobile Safari/537.36" "-"
111.178.137.247 - - [11/Dec/2019:08:45:43 +0100] "GET /etiqueta-producto/forma-camiseta HTTP/1.1" 301 3556 "-" "Mozilla/5.0 (Linux; Android 7.0; FRD-AL00 Build/HUAWEIFRD-AL00; wv) AppleWebKit/537.36 (KHTML, like Gecko) Version/4.0 Chrome/53.0.2785.49 Mobile MQQBrowser/6.2 TBS/043602 Safari/537.36 MicroMessenger/6.5.16.1120 NetType/WIFI Language/zh_CN" "-"
182.99.186.19 - - [11/Dec/2019:08:45:42 +0100] "GET /categoria-producto/accesorios/bidonesdeportivos/ HTTP/1.1" 200 75090 "-" "Mozilla/5.0(Linux;Android 5.1.1;OPPO A33 Build/LMY47V;wv) AppleWebKit/537.36(KHTML,link Gecko) Version/4.0 Chrome/42.0.2311.138 Mobile Safari/537.36 Mb2345Browser/9.0" "wpfront-notification-bar-landingpage=1"
111.178.137.247 - - [11/Dec/2019:08:45:51 +0100] "GET /etiqueta-producto/forma-camiseta/ HTTP/1.1" 200 53853 "-" "Mozilla/5.0 (Linux; Android 7.0; FRD-AL00 Build/HUAWEIFRD-AL00; wv) AppleWebKit/537.36 (KHTML, like Gecko) Version/4.0 Chrome/53.0.2785.49 Mobile MQQBrowser/6.2 TBS/043602 Safari/537.36 MicroMessenger/6.5.16.1120 NetType/WIFI Language/zh_CN" "wpfront-notification-bar-landingpage=1"
124.113.217.109 - - [11/Dec/2019:08:45:55 +0100] "GET /producto/culoute-largo-ciclismo-2?add-to-cart=18701 HTTP/1.1" 301 4816 "-" "Mozilla/5.0(Linux;Android 5.1.1;OPPO A33 Build/LMY47V;wv) AppleWebKit/537.36(KHTML,link Gecko) Version/4.0 Chrome/43.0.2357.121 Mobile Safari/537.36 LieBaoFast/4.51.3" "-"
124.113.217.109 - - [11/Dec/2019:08:46:00 +0100] "GET /producto/culoute-largo-ciclismo-2/?add-to-cart=18701 HTTP/1.1" 200 76795 "-" "Mozilla/5.0(Linux;Android 5.1.1;OPPO A33 Build/LMY47V;wv) AppleWebKit/537.36(KHTML,link Gecko) Version/4.0 Chrome/43.0.2357.121 Mobile Safari/537.36 LieBaoFast/4.51.3" "woocommerce_cart_hash=257fee4f09767f86696098def668e6bc; woocommerce_items_in_cart=1; wp_woocommerce_session_fb86dbb0e6335d960ea3e94e06b25287=aec0c8fbb4b4630850149e3ccf45b031%7C%7C1576223155%7C%7C1576219555%7C%7C8b167d2f84b184a67f1d5dc5d00a1455; wpfront-notification-bar-landingpage=1"
189.128.51.150 - - [11/Dec/2019:08:46:19 +0100] "GET /wp-content/uploads/2019/04/Gorra-sport-6.png HTTP/1.1" 200 44623 "https://www.google.com.mx/" "Mozilla/5.0 (Windows NT 6.3; Win64; x64) AppleWebKit/537.36 (KHTML, like Gecko) Chrome/78.0.3904.108 Safari/537.36 OPR/65.0.3467.62 (Edition Campaign 76)" "-"
217.76.130.90 - - [11/Dec/2019:08:46:56 +0100] "POST /wp-cron.php?doing_wp_cron=1576050416.0620410442352294921875 HTTP/1.1" 200 3389 "https://amazingsportwear.com/wp-cron.php?doing_wp_cron=1576050416.0620410442352294921875" "WordPress/5.2.4; https://amazingsportwear.com" "-"
17.58.96.177 - - [11/Dec/2019:08:46:55 +0100] "GET /2016/12/ HTTP/1.1" 200 70157 "-" "Mozilla/5.0 (Macintosh; Intel Mac OS X 10_10_1) AppleWebKit/600.2.5 (KHTML, like Gecko) Version/8.0.2 Safari/600.2.5 (Applebot/0.1; +http://www.apple.com/go/applebot)" "-"
218.64.199.174 - - [11/Dec/2019:08:49:54 +0100] "GET /wp-content/uploads/2019/04/Gorra-sport-10.png HTTP/1.1" 200 60193 "-" "Mozilla/5.0 (Linux; Android 7.0; FRD-AL00 Build/HUAWEIFRD-AL00; wv) AppleWebKit/537.36 (KHTML, like Gecko) Version/4.0 Chrome/53.0.2785.49 Mobile MQQBrowser/6.2 TBS/043602 Safari/537.36 MicroMessenger/6.5.16.1120 NetType/WIFI Language/zh_CN" "-"
217.76.130.90 - - [11/Dec/2019:09:05:27 +0100] "POST /wp-cron.php?doing_wp_cron=1576051527.4690980911254882812500 HTTP/1.1" 200 3389 "https://amazingsportwear.com/wp-cron.php?doing_wp_cron=1576051527.4690980911254882812500" "WordPress/5.2.4; https://amazingsportwear.com" "-"
157.55.39.90 - - [11/Dec/2019:09:05:26 +0100] "GET /pedido HTTP/1.1" 404 72236 "-" "Mozilla/5.0 (compatible; bingbot/2.0; +http://www.bing.com/bingbot.htm)" "-"
217.76.130.90 - - [11/Dec/2019:09:06:39 +0100] "POST /wp-cron.php?doing_wp_cron=1576051599.0128231048583984375000 HTTP/1.1" 200 164 "http://amazingsportwear.com/wp-cron.php?doing_wp_cron=1576051599.0128231048583984375000" "WordPress/5.2.4; https://amazingsportwear.com" "-"
23.226.211.99 - - [11/Dec/2019:09:06:38 +0100] "GET / HTTP/1.1" 301 336 "-" "Mozilla/5.0 (Windows NT 6.1; WOW64; rv:27.0) Gecko/20100101 Firefox/27.0" "-"
217.76.130.90 - - [11/Dec/2019:09:08:01 +0100] "POST /wp-cron.php?doing_wp_cron=1576051681.5622169971466064453125 HTTP/1.1" 200 3389 "https://amazingsportwear.com/wp-cron.php?doing_wp_cron=1576051681.5622169971466064453125" "WordPress/5.2.4; https://amazingsportwear.com" "-"
40.77.167.84 - - [11/Dec/2019:09:08:00 +0100] "GET /nuestros-trabajos/ HTTP/1.1" 200 68840 "-" "Mozilla/5.0 (compatible; bingbot/2.0; +http://www.bing.com/bingbot.htm)" "-"
40.77.167.84 - - [11/Dec/2019:09:08:03 +0100] "GET /wp-content/uploads/2019/04/Gorra-sport-1.png HTTP/1.1" 200 93681 "-" "Mozilla/5.0 (compatible; bingbot/2.0; +http://www.bing.com/bingbot.htm)" "-"
217.76.130.90 - - [11/Dec/2019:09:08:35 +0100] "POST /wp-cron.php?doing_wp_cron=1576051715.8654189109802246093750 HTTP/1.1" 200 3389 "https://amazingsportwear.com/wp-cron.php?doing_wp_cron=1576051715.8654189109802246093750" "WordPress/5.2.4; https://amazingsportwear.com" "-"
157.55.39.188 - - [11/Dec/2019:09:08:35 +0100] "GET /producto/mochila-tipo-saco-cat-3164/ HTTP/1.1" 200 103559 "-" "Mozilla/5.0 (compatible; bingbot/2.0; +http://www.bing.com/bingbot.htm)" "-"
217.76.130.90 - - [11/Dec/2019:09:09:29 +0100] "POST /wp-cron.php?doing_wp_cron=1576051769.3643879890441894531250 HTTP/1.1" 200 164 "http://amazingsportwear.com/wp-cron.php?doing_wp_cron=1576051769.3643879890441894531250" "WordPress/5.2.4; https://amazingsportwear.com" "-"
40.77.167.84 - - [11/Dec/2019:09:09:28 +0100] "GET /atletismo/67-sudadera-cuello-redondo.html HTTP/1.1" 404 68078 "-" "Mozilla/5.0 (compatible; bingbot/2.0; +http://www.bing.com/bingbot.htm)" "-"
217.76.130.90 - - [11/Dec/2019:09:12:49 +0100] "POST /wp-cron.php?doing_wp_cron=1576051969.7493209838867187500000 HTTP/1.1" 200 164 "http://amazingsportwear.com/wp-cron.php?doing_wp_cron=1576051969.7493209838867187500000" "WordPress/5.2.4; https://amazingsportwear.com" "-"
157.55.39.188 - - [11/Dec/2019:09:12:48 +0100] "GET /17-basket HTTP/1.1" 404 68058 "-" "Mozilla/5.0 (iPhone; CPU iPhone OS 7_0 like Mac OS X) AppleWebKit/537.51.1 (KHTML, like Gecko) Version/7.0 Mobile/11A465 Safari/9537.53 (compatible; bingbot/2.0; +http://www.bing.com/bingbot.htm)" "-"
217.76.130.90 - - [11/Dec/2019:09:17:06 +0100] "POST /wp-cron.php?doing_wp_cron=1576052226.7521550655364990234375 HTTP/1.1" 200 164 "http://amazingsportwear.com/wp-cron.php?doing_wp_cron=1576052226.7521550655364990234375" "WordPress/5.2.4; https://amazingsportwear.com" "-"
23.239.180.97 - - [11/Dec/2019:09:17:05 +0100] "GET / HTTP/1.1" 301 336 "-" "Mozilla/5.0 (Windows NT 6.1; WOW64; rv:27.0) Gecko/20100101 Firefox/27.0" "-"
217.76.130.90 - - [11/Dec/2019:09:28:54 +0100] "POST /wp-cron.php?doing_wp_cron=1576052934.6076469421386718750000 HTTP/1.1" 200 164 "http://amazingsportwear.com/wp-cron.php?doing_wp_cron=1576052934.6076469421386718750000" "WordPress/5.2.4; https://amazingsportwear.com" "-"
66.249.64.159 - - [11/Dec/2019:09:28:53 +0100] "GET / HTTP/1.1" 301 336 "-" "Mozilla/5.0 (Linux; Android 6.0.1; Nexus 5X Build/MMB29P) AppleWebKit/537.36 (KHTML, like Gecko) Chrome/41.0.2272.96 Mobile Safari/537.36 (compatible; Googlebot/2.1; +http://www.google.com/bot.html)" "-"
66.249.64.148 - - [11/Dec/2019:09:28:55 +0100] "GET / HTTP/1.1" 200 125756 "-" "Mozilla/5.0 (Linux; Android 6.0.1; Nexus 5X Build/MMB29P) AppleWebKit/537.36 (KHTML, like Gecko) Chrome/41.0.2272.96 Mobile Safari/537.36 (compatible; Googlebot/2.1; +http://www.google.com/bot.html)" "wpfront-notification-bar-landingpage=1"
62.83.77.29 - - [11/Dec/2019:09:29:05 +0100] "GET /wp-content/uploads/2017/04/chaleco-sublimado-pecho.png HTTP/1.1" 200 60245 "https://www.google.com/" "Mozilla/5.0 (Macintosh; Intel Mac OS X 10_12_6) AppleWebKit/605.1.15 (KHTML, like Gecko) Version/12.0.3 Safari/605.1.15" "_ga=GA1.2.197592575.1557336242"
62.99.71.55 - - [11/Dec/2019:09:30:47 +0100] "GET /wp-content/uploads/2019/04/mochila-blades-3.png HTTP/1.1" 200 81066 "https://www.google.es/" "Mozilla/5.0 (Windows NT 10.0; Win64; x64) AppleWebKit/537.36 (KHTML, like Gecko) Chrome/78.0.3904.108 Safari/537.36" "-"
62.99.71.55 - - [11/Dec/2019:09:30:54 +0100] "GET /wp-content/uploads/2019/04/mochila-humus-3.png HTTP/1.1" 200 55945 "https://www.google.es/" "Mozilla/5.0 (Windows NT 10.0; Win64; x64) AppleWebKit/537.36 (KHTML, like Gecko) Chrome/78.0.3904.108 Safari/537.36" "-"
62.99.71.55 - - [11/Dec/2019:09:30:58 +0100] "GET /wp-content/uploads/2019/04/mochila-decath-3.png HTTP/1.1" 200 76310 "https://www.google.es/" "Mozilla/5.0 (Windows NT 10.0; Win64; x64) AppleWebKit/537.36 (KHTML, like Gecko) Chrome/78.0.3904.108 Safari/537.36" "-"
217.76.130.90 - - [11/Dec/2019:09:35:59 +0100] "POST /wp-cron.php?doing_wp_cron=1576053359.4298989772796630859375 HTTP/1.1" 200 3389 "https://amazingsportwear.com/wp-cron.php?doing_wp_cron=1576053359.4298989772796630859375" "WordPress/5.2.4; https://amazingsportwear.com" "-"
17.58.96.177 - - [11/Dec/2019:09:35:58 +0100] "GET /categoria-producto/deportes/baloncesto/ HTTP/1.1" 200 62742 "-" "Mozilla/5.0 (Macintosh; Intel Mac OS X 10_10_1) AppleWebKit/600.2.5 (KHTML, like Gecko) Version/8.0.2 Safari/600.2.5 (Applebot/0.1; +http://www.apple.com/go/applebot)" "-"
217.76.130.90 - - [11/Dec/2019:10:05:33 +0100] "POST /wp-cron.php?doing_wp_cron=1576055132.9909260272979736328125 HTTP/1.1" 200 3389 "https://amazingsportwear.com/wp-cron.php?doing_wp_cron=1576055132.9909260272979736328125" "WordPress/5.2.4; https://amazingsportwear.com" "-"
52.240.159.47 - - [11/Dec/2019:10:05:28 +0100] "GET /robots.txt HTTP/1.1" 200 2297 "-" "Mozilla/5.0 (compatible; bingbot/2.0; +http://www.bing.com/bingbot.htm)" "-"
52.240.159.47 - - [11/Dec/2019:10:05:33 +0100] "GET /robots.txt HTTP/1.1" 200 3939 "-" "Mozilla/5.0 (compatible; bingbot/2.0; +http://www.bing.com/bingbot.htm)" "-"
217.76.130.90 - - [11/Dec/2019:10:05:33 +0100] "POST /wp-admin/admin-ajax.php?action=wp_1_wc_privacy_cleanup&nonce=5d2a577393 HTTP/1.1" 200 3707 "https://amazingsportwear.com/wp-admin/admin-ajax.php?action=wp_1_wc_privacy_cleanup&nonce=5d2a577393" "WordPress/5.2.4; https://amazingsportwear.com" "-"
217.76.130.90 - - [11/Dec/2019:10:16:34 +0100] "POST /wp-cron.php?doing_wp_cron=1576055794.3289389610290527343750 HTTP/1.1" 200 3389 "https://amazingsportwear.com/wp-cron.php?doing_wp_cron=1576055794.3289389610290527343750" "WordPress/5.2.4; https://amazingsportwear.com" "-"
40.77.167.31 - - [11/Dec/2019:10:16:31 +0100] "GET /categoria-producto/carpas/ HTTP/1.1" 200 60481 "-" "Mozilla/5.0 (compatible; bingbot/2.0; +http://www.bing.com/bingbot.htm)" "-"
217.76.130.90 - - [11/Dec/2019:10:24:57 +0100] "POST /wp-cron.php?doing_wp_cron=1576056297.7967960834503173828125 HTTP/1.1" 200 3389 "https://amazingsportwear.com/wp-cron.php?doing_wp_cron=1576056297.7967960834503173828125" "WordPress/5.2.4; https://amazingsportwear.com" "-"
52.162.161.148 - - [11/Dec/2019:10:24:54 +0100] "GET /tienda/131-camiseta-tecnica-plus-combinada-cif-t1050.html HTTP/1.1" 404 72359 "-" "Mozilla/5.0 (compatible; bingbot/2.0; +http://www.bing.com/bingbot.htm)" "-"
217.76.130.90 - - [11/Dec/2019:10:28:22 +0100] "POST /wp-cron.php?doing_wp_cron=1576056502.6090719699859619140625 HTTP/1.1" 200 3389 "https://amazingsportwear.com/wp-cron.php?doing_wp_cron=1576056502.6090719699859619140625" "WordPress/5.2.4; https://amazingsportwear.com" "-"
66.249.64.148 - - [11/Dec/2019:10:28:21 +0100] "GET /producto/gorra-sport/ HTTP/1.1" 200 102505 "-" "Mozilla/5.0 (compatible; Googlebot/2.1; +http://www.google.com/bot.html)" "-"
217.76.130.90 - - [11/Dec/2019:10:31:09 +0100] "POST /wp-cron.php?doing_wp_cron=1576056669.1043419837951660156250 HTTP/1.1" 200 3389 "https://amazingsportwear.com/wp-cron.php?doing_wp_cron=1576056669.1043419837951660156250" "WordPress/5.2.4; https://amazingsportwear.com" "-"
66.249.64.148 - - [11/Dec/2019:10:31:08 +0100] "GET /producto/gorra-sport/ HTTP/1.1" 200 102781 "-" "Mozilla/5.0 (Linux; Android 6.0.1; Nexus 5X Build/MMB29P) AppleWebKit/537.36 (KHTML, like Gecko) Chrome/41.0.2272.96 Mobile Safari/537.36 (compatible; Googlebot/2.1; +http://www.google.com/bot.html)" "-"
66.249.64.144 - - [11/Dec/2019:10:33:04 +0100] "GET /wp-content/plugins/akismet/_inc/form.js?ver=4.1.2 HTTP/1.1" 200 4403 "https://amazingsportwear.com/producto/gorra-sport/" "Mozilla/5.0 (Linux; Android 6.0.1; Nexus 5X Build/MMB29P) AppleWebKit/537.36 (KHTML, like Gecko) Chrome/41.0.2272.96 Mobile Safari/537.36 (compatible; Googlebot/2.1; +http://www.google.com/bot.html)" "-"
217.76.130.90 - - [11/Dec/2019:10:33:06 +0100] "POST /wp-cron.php?doing_wp_cron=1576056786.6329720020294189453125 HTTP/1.1" 200 3389 "https://amazingsportwear.com/wp-cron.php?doing_wp_cron=1576056786.6329720020294189453125" "WordPress/5.2.4; https://amazingsportwear.com" "-"
66.249.64.148 - - [11/Dec/2019:10:33:06 +0100] "POST /?wc-ajax=get_refreshed_fragments HTTP/1.1" 200 4760 "https://amazingsportwear.com/producto/gorra-sport/" "Mozilla/5.0 (Linux; Android 6.0.1; Nexus 5X Build/MMB29P) AppleWebKit/537.36 (KHTML, like Gecko) Chrome/41.0.2272.96 Mobile Safari/537.36 (compatible; Googlebot/2.1; +http://www.google.com/bot.html)" "_ga=GA1.2.969013651.1576022400; _gid=GA1.2.1978218920.1576022400; _gat_gtag_UA_91619287_1=1"
217.76.130.90 - - [11/Dec/2019:10:38:51 +0100] "POST /wp-cron.php?doing_wp_cron=1576057131.6422801017761230468750 HTTP/1.1" 200 3389 "https://amazingsportwear.com/wp-cron.php?doing_wp_cron=1576057131.6422801017761230468750" "WordPress/5.2.4; https://amazingsportwear.com" "-"
157.55.39.188 - - [11/Dec/2019:10:38:49 +0100] "GET /producto/camiseta-tecnica-boomer-aq-trail/ HTTP/1.1" 200 100329 "-" "Mozilla/5.0 (compatible; bingbot/2.0; +http://www.bing.com/bingbot.htm)" "-"
66.249.64.146 - - [11/Dec/2019:10:43:19 +0100] "GET /producto/gorra-sport/ HTTP/1.1" 200 102473 "-" "Mozilla/5.0 (Linux; Android 6.0.1; Nexus 5X Build/MMB29P) AppleWebKit/537.36 (KHTML, like Gecko) Chrome/41.0.2272.96 Mobile Safari/537.36 (compatible; Googlebot/2.1; +http://www.google.com/bot.html)" "-"
92.58.29.188 - - [11/Dec/2019:10:55:53 +0100] "GET /wp-content/uploads/2017/04/chaleco-sublimado-pecho.png HTTP/1.1" 200 60440 "https://www.google.com/" "Mozilla/5.0 (Windows NT 10.0; Win64; x64) AppleWebKit/537.36 (KHTML, like Gecko) Chrome/78.0.3904.108 Safari/537.36" "-"
217.76.130.90 - - [11/Dec/2019:10:59:03 +0100] "POST /wp-cron.php?doing_wp_cron=1576058343.3589920997619628906250 HTTP/1.1" 200 3389 "https://amazingsportwear.com/wp-cron.php?doing_wp_cron=1576058343.3589920997619628906250" "WordPress/5.2.4; https://amazingsportwear.com" "-"
124.236.248.170 - - [11/Dec/2019:10:59:01 +0100] "GET /etiqueta-producto/donic HTTP/1.1" 301 3547 "-" "Mozilla/5.0(Linux;U;Android 5.1.1;zh-CN;OPPO A33 Build/LMY47V) AppleWebKit/537.36(KHTML,like Gecko) Version/4.0 Chrome/40.0.2214.89 UCBrowser/11.7.0.953 Mobile Safari/537.36" "-"
124.236.248.170 - - [11/Dec/2019:10:59:06 +0100] "GET /etiqueta-producto/donic/ HTTP/1.1" 200 53668 "-" "Mozilla/5.0(Linux;U;Android 5.1.1;zh-CN;OPPO A33 Build/LMY47V) AppleWebKit/537.36(KHTML,like Gecko) Version/4.0 Chrome/40.0.2214.89 UCBrowser/11.7.0.953 Mobile Safari/537.36" "wpfront-notification-bar-landingpage=1"
27.40.92.70 - - [11/Dec/2019:10:59:17 +0100] "GET /producto/camiseta-tecnica-arabia-eny-ar01-blanca HTTP/1.1" 301 3572 "-" "Mozilla/5.0 (Linux; Android 7.0; FRD-AL00 Build/HUAWEIFRD-AL00; wv) AppleWebKit/537.36 (KHTML, like Gecko) Version/4.0 Chrome/53.0.2785.49 Mobile MQQBrowser/6.2 TBS/043602 Safari/537.36 MicroMessenger/6.5.16.1120 NetType/WIFI Language/zh_CN" "-"
27.40.92.70 - - [11/Dec/2019:10:59:28 +0100] "GET /producto/camiseta-tecnica-arabia-eny-ar01-blanca/ HTTP/1.1" 200 105348 "-" "Mozilla/5.0 (Linux; Android 7.0; FRD-AL00 Build/HUAWEIFRD-AL00; wv) AppleWebKit/537.36 (KHTML, like Gecko) Version/4.0 Chrome/53.0.2785.49 Mobile MQQBrowser/6.2 TBS/043602 Safari/537.36 MicroMessenger/6.5.16.1120 NetType/WIFI Language/zh_CN" "wpfront-notification-bar-landingpage=1"
182.99.155.74 - - [11/Dec/2019:10:59:42 +0100] "GET /producto/camiseta-manga-corta-tenis-pade-2?add-to-cart=18690 HTTP/1.1" 301 4825 "-" "Mozilla/5.0(Linux;Android 5.1.1;OPPO A33 Build/LMY47V;wv) AppleWebKit/537.36(KHTML,link Gecko) Version/4.0 Chrome/42.0.2311.138 Mobile Safari/537.36 Mb2345Browser/9.0" "-"
182.99.155.74 - - [11/Dec/2019:10:59:46 +0100] "GET /producto/camiseta-manga-corta-tenis-pade-2/?add-to-cart=18690 HTTP/1.1" 200 78036 "-" "Mozilla/5.0(Linux;Android 5.1.1;OPPO A33 Build/LMY47V;wv) AppleWebKit/537.36(KHTML,link Gecko) Version/4.0 Chrome/42.0.2311.138 Mobile Safari/537.36 Mb2345Browser/9.0" "woocommerce_cart_hash=bb9438cb389913c015c7d3b8b45f0bb6; woocommerce_items_in_cart=1; wp_woocommerce_session_fb86dbb0e6335d960ea3e94e06b25287=e1ef4bbcbe3b8265dc2b2f18c32156d3%7C%7C1576231183%7C%7C1576227583%7C%7Ce11e4bedc0b0260935353b2eea3afbbe; wpfront-notification-bar-landingpage=1"
66.249.64.128 - - [11/Dec/2019:10:59:48 +0100] "GET /futbol/28-camiseta-manga-corta-ranglan-futbol.html HTTP/1.1" 404 68116 "-" "Mozilla/5.0 (Linux; Android 6.0.1; Nexus 5X Build/MMB29P) AppleWebKit/537.36 (KHTML, like Gecko) Chrome/41.0.2272.96 Mobile Safari/537.36 (compatible; Googlebot/2.1; +http://www.google.com/bot.html)" "-"
207.46.13.68 - - [11/Dec/2019:11:02:34 +0100] "GET /wp-content/uploads/2017/03/sa-6650_22201.jpg HTTP/1.1" 200 12770 "-" "Mozilla/5.0 (compatible; bingbot/2.0; +http://www.bing.com/bingbot.htm)" "-"
217.76.130.90 - - [11/Dec/2019:11:13:13 +0100] "POST /wp-cron.php?doing_wp_cron=1576059192.9421510696411132812500 HTTP/1.1" 200 3389 "https://amazingsportwear.com/wp-cron.php?doing_wp_cron=1576059192.9421510696411132812500" "WordPress/5.2.4; https://amazingsportwear.com" "-"
66.102.8.144 - - [11/Dec/2019:11:13:11 +0100] "GET /producto/camiseta-tecnica-power-aq-power/ HTTP/1.1" 200 103462 "-" "Mozilla/5.0 (Linux; Android 4.2.1; en-us; Nexus 5 Build/JOP40D) AppleWebKit/535.19 (KHTML, like Gecko; googleweblight) Chrome/38.0.1025.166 Mobile Safari/535.19" "-"
66.102.8.144 - - [11/Dec/2019:11:13:14 +0100] "GET /wp-content/plugins/woocommerce/assets/js/jquery-blockui/jquery.blockUI.min.js?ver=2.70 HTTP/1.1" 200 9908 "https://amazingsportwear.com/producto/camiseta-tecnica-power-aq-power/" "Mozilla/5.0 (Linux; Android 4.2.1; en-us; Nexus 5 Build/JOP40D) AppleWebKit/535.19 (KHTML, like Gecko; googleweblight) Chrome/38.0.1025.166 Mobile Safari/535.19" "-"
66.102.8.144 - - [11/Dec/2019:11:13:14 +0100] "GET /wp-content/plugins/woocommerce/assets/js/frontend/add-to-cart.min.js?ver=3.6.4 HTTP/1.1" 200 2983 "https://amazingsportwear.com/producto/camiseta-tecnica-power-aq-power/" "Mozilla/5.0 (Linux; Android 4.2.1; en-us; Nexus 5 Build/JOP40D) AppleWebKit/535.19 (KHTML, like Gecko; googleweblight) Chrome/38.0.1025.166 Mobile Safari/535.19" "-"
66.102.8.144 - - [11/Dec/2019:11:13:14 +0100] "GET /wp-content/plugins/woocommerce/assets/css/blocks/style.css?ver=3.6.4 HTTP/1.1" 200 10060 "https://amazingsportwear.com/producto/camiseta-tecnica-power-aq-power/" "Mozilla/5.0 (Linux; Android 4.2.1; en-us; Nexus 5 Build/JOP40D) AppleWebKit/535.19 (KHTML, like Gecko; googleweblight) Chrome/38.0.1025.166 Mobile Safari/535.19" "-"
66.102.8.146 - - [11/Dec/2019:11:13:14 +0100] "GET /wp-content/themes/shopper/assets/sass/woocommerce/woocommerce.css?ver=5.2.4 HTTP/1.1" 200 86897 "https://amazingsportwear.com/producto/camiseta-tecnica-power-aq-power/" "Mozilla/5.0 (Linux; Android 4.2.1; en-us; Nexus 5 Build/JOP40D) AppleWebKit/535.19 (KHTML, like Gecko; googleweblight) Chrome/38.0.1025.166 Mobile Safari/535.19" "-"
66.102.8.146 - - [11/Dec/2019:11:13:14 +0100] "GET /wp-content/plugins/woocommerce/assets/css/photoswipe/default-skin/default-skin.css?ver=3.6.4 HTTP/1.1" 200 15306 "https://amazingsportwear.com/producto/camiseta-tecnica-power-aq-power/" "Mozilla/5.0 (Linux; Android 4.2.1; en-us; Nexus 5 Build/JOP40D) AppleWebKit/535.19 (KHTML, like Gecko; googleweblight) Chrome/38.0.1025.166 Mobile Safari/535.19" "-"
66.102.8.146 - - [11/Dec/2019:11:13:14 +0100] "GET /wp-content/plugins/wpfront-notification-bar/jquery-plugins/jquery.c.js?ver=1.4.0 HTTP/1.1" 200 6800 "https://amazingsportwear.com/producto/camiseta-tecnica-power-aq-power/" "Mozilla/5.0 (Linux; Android 4.2.1; en-us; Nexus 5 Build/JOP40D) AppleWebKit/535.19 (KHTML, like Gecko; googleweblight) Chrome/38.0.1025.166 Mobile Safari/535.19" "-"
66.102.8.148 - - [11/Dec/2019:11:13:14 +0100] "GET /wp-content/plugins/cookie-law-info/public/css/cookie-law-info-gdpr.css?ver=1.7.6 HTTP/1.1" 200 15808 "https://amazingsportwear.com/producto/camiseta-tecnica-power-aq-power/" "Mozilla/5.0 (Linux; Android 4.2.1; en-us; Nexus 5 Build/JOP40D) AppleWebKit/535.19 (KHTML, like Gecko; googleweblight) Chrome/38.0.1025.166 Mobile Safari/535.19" "-"
66.102.8.146 - - [11/Dec/2019:11:13:14 +0100] "GET /wp-content/plugins/wpfront-notification-bar/js/wpfront-notification-bar.js?ver=1.7.1 HTTP/1.1" 200 9025 "https://amazingsportwear.com/producto/camiseta-tecnica-power-aq-power/" "Mozilla/5.0 (Linux; Android 4.2.1; en-us; Nexus 5 Build/JOP40D) AppleWebKit/535.19 (KHTML, like Gecko; googleweblight) Chrome/38.0.1025.166 Mobile Safari/535.19" "-"
66.102.8.148 - - [11/Dec/2019:11:13:14 +0100] "GET /wp-content/plugins/woocommerce/assets/css/photoswipe/photoswipe.css?ver=3.6.4 HTTP/1.1" 200 7835 "https://amazingsportwear.com/producto/camiseta-tecnica-power-aq-power/" "Mozilla/5.0 (Linux; Android 4.2.1; en-us; Nexus 5 Build/JOP40D) AppleWebKit/535.19 (KHTML, like Gecko; googleweblight) Chrome/38.0.1025.166 Mobile Safari/535.19" "-"
66.102.8.144 - - [11/Dec/2019:11:13:14 +0100] "GET /wp-includes/js/jquery/jquery-migrate.min.js?ver=1.4.1 HTTP/1.1" 200 13762 "https://amazingsportwear.com/producto/camiseta-tecnica-power-aq-power/" "Mozilla/5.0 (Linux; Android 4.2.1; en-us; Nexus 5 Build/JOP40D) AppleWebKit/535.19 (KHTML, like Gecko; googleweblight) Chrome/38.0.1025.166 Mobile Safari/535.19" "-"
66.102.8.148 - - [11/Dec/2019:11:13:14 +0100] "GET /wp-includes/css/dist/block-library/style.min.css?ver=5.2.4 HTTP/1.1" 200 33023 "https://amazingsportwear.com/producto/camiseta-tecnica-power-aq-power/" "Mozilla/5.0 (Linux; Android 4.2.1; en-us; Nexus 5 Build/JOP40D) AppleWebKit/535.19 (KHTML, like Gecko; googleweblight) Chrome/38.0.1025.166 Mobile Safari/535.19" "-"
66.102.8.148 - - [11/Dec/2019:11:13:14 +0100] "GET /wp-includes/js/jquery/jquery.js?ver=1.12.4-wp HTTP/1.1" 200 100725 "https://amazingsportwear.com/producto/camiseta-tecnica-power-aq-power/" "Mozilla/5.0 (Linux; Android 4.2.1; en-us; Nexus 5 Build/JOP40D) AppleWebKit/535.19 (KHTML, like Gecko; googleweblight) Chrome/38.0.1025.166 Mobile Safari/535.19" "-"
66.102.8.148 - - [11/Dec/2019:11:13:14 +0100] "GET /wp-includes/js/jquery/jquery.js HTTP/1.1" 200 100725 "https://amazingsportwear.com/producto/camiseta-tecnica-power-aq-power/" "Mozilla/5.0 (Linux; Android 4.2.1; en-us; Nexus 5 Build/JOP40D) AppleWebKit/535.19 (KHTML, like Gecko; googleweblight) Chrome/38.0.1025.166 Mobile Safari/535.19" "-"
66.102.8.144 - - [11/Dec/2019:11:13:14 +0100] "GET /wp-content/plugins/simple-social-icons/css/style.css?ver=3.0.1 HTTP/1.1" 200 4925 "https://amazingsportwear.com/producto/camiseta-tecnica-power-aq-power/" "Mozilla/5.0 (Linux; Android 4.2.1; en-us; Nexus 5 Build/JOP40D) AppleWebKit/535.19 (KHTML, like Gecko; googleweblight) Chrome/38.0.1025.166 Mobile Safari/535.19" "-"
66.102.8.146 - - [11/Dec/2019:11:13:14 +0100] "GET /wp-content/themes/shopper/assets/js/crm.js?ver=1561548510 HTTP/1.1" 200 4237 "https://amazingsportwear.com/producto/camiseta-tecnica-power-aq-power/" "Mozilla/5.0 (Linux; Android 4.2.1; en-us; Nexus 5 Build/JOP40D) AppleWebKit/535.19 (KHTML, like Gecko; googleweblight) Chrome/38.0.1025.166 Mobile Safari/535.19" "-"
66.102.8.144 - - [11/Dec/2019:11:13:14 +0100] "GET /wp-content/plugins/cookie-law-info/public/js/cookie-law-info-public.js?ver=1.7.6 HTTP/1.1" 200 20439 "https://amazingsportwear.com/producto/camiseta-tecnica-power-aq-power/" "Mozilla/5.0 (Linux; Android 4.2.1; en-us; Nexus 5 Build/JOP40D) AppleWebKit/535.19 (KHTML, like Gecko; googleweblight) Chrome/38.0.1025.166 Mobile Safari/535.19" "-"
66.102.8.148 - - [11/Dec/2019:11:13:14 +0100] "GET /wp-content/plugins/wpfront-notification-bar/css/wpfront-notification-bar.css?ver=1.7.1 HTTP/1.1" 200 7026 "https://amazingsportwear.com/producto/camiseta-tecnica-power-aq-power/" "Mozilla/5.0 (Linux; Android 4.2.1; en-us; Nexus 5 Build/JOP40D) AppleWebKit/535.19 (KHTML, like Gecko; googleweblight) Chrome/38.0.1025.166 Mobile Safari/535.19" "-"
66.102.8.146 - - [11/Dec/2019:11:13:14 +0100] "GET /wp-content/plugins/product-enquiry-for-woocommerce/css/wdm-jquery-ui.css?ver=5.2.4 HTTP/1.1" 200 30364 "https://amazingsportwear.com/producto/camiseta-tecnica-power-aq-power/" "Mozilla/5.0 (Linux; Android 4.2.1; en-us; Nexus 5 Build/JOP40D) AppleWebKit/535.19 (KHTML, like Gecko; googleweblight) Chrome/38.0.1025.166 Mobile Safari/535.19" "-"
66.102.8.146 - - [11/Dec/2019:11:13:14 +0100] "GET /wp-content/plugins/cookie-law-info/public/css/cookie-law-info-public.css?ver=1.7.6 HTTP/1.1" 200 6598 "https://amazingsportwear.com/producto/camiseta-tecnica-power-aq-power/" "Mozilla/5.0 (Linux; Android 4.2.1; en-us; Nexus 5 Build/JOP40D) AppleWebKit/535.19 (KHTML, like Gecko; googleweblight) Chrome/38.0.1025.166 Mobile Safari/535.19" "-"
66.102.8.148 - - [11/Dec/2019:11:13:14 +0100] "GET /wp-content/plugins/simple-social-icons/svgxuse.js?ver=1.1.21 HTTP/1.1" 200 12943 "https://amazingsportwear.com/producto/camiseta-tecnica-power-aq-power/" "Mozilla/5.0 (Linux; Android 4.2.1; en-us; Nexus 5 Build/JOP40D) AppleWebKit/535.19 (KHTML, like Gecko; googleweblight) Chrome/38.0.1025.166 Mobile Safari/535.19" "-"
66.102.8.144 - - [11/Dec/2019:11:13:14 +0100] "GET /wp-content/plugins/woocommerce/assets/js/photoswipe/photoswipe-ui-default.min.js?ver=4.1.1 HTTP/1.1" 200 10220 "https://amazingsportwear.com/producto/camiseta-tecnica-power-aq-power/" "Mozilla/5.0 (Linux; Android 4.2.1; en-us; Nexus 5 Build/JOP40D) AppleWebKit/535.19 (KHTML, like Gecko; googleweblight) Chrome/38.0.1025.166 Mobile Safari/535.19" "-"
66.102.8.148 - - [11/Dec/2019:11:13:14 +0100] "GET /wp-content/plugins/woocommerce/assets/js/frontend/single-product.min.js?ver=3.6.4 HTTP/1.1" 200 6693 "https://amazingsportwear.com/producto/camiseta-tecnica-power-aq-power/" "Mozilla/5.0 (Linux; Android 4.2.1; en-us; Nexus 5 Build/JOP40D) AppleWebKit/535.19 (KHTML, like Gecko; googleweblight) Chrome/38.0.1025.166 Mobile Safari/535.19" "-"
66.102.8.146 - - [11/Dec/2019:11:13:14 +0100] "GET /wp-content/plugins/woocommerce/assets/js/js-cookie/js.cookie.min.js?ver=2.1.4 HTTP/1.1" 200 2187 "https://amazingsportwear.com/producto/camiseta-tecnica-power-aq-power/" "Mozilla/5.0 (Linux; Android 4.2.1; en-us; Nexus 5 Build/JOP40D) AppleWebKit/535.19 (KHTML, like Gecko; googleweblight) Chrome/38.0.1025.166 Mobile Safari/535.19" "-"
66.102.8.146 - - [11/Dec/2019:11:13:14 +0100] "GET /wp-content/plugins/woocommerce/assets/js/frontend/cart-fragments.min.js?ver=3.6.4 HTTP/1.1" 200 3281 "https://amazingsportwear.com/producto/camiseta-tecnica-power-aq-power/" "Mozilla/5.0 (Linux; Android 4.2.1; en-us; Nexus 5 Build/JOP40D) AppleWebKit/535.19 (KHTML, like Gecko; googleweblight) Chrome/38.0.1025.166 Mobile Safari/535.19" "-"
66.102.8.146 - - [11/Dec/2019:11:13:14 +0100] "GET /wp-content/plugins/woocommerce/assets/js/frontend/woocommerce.min.js?ver=3.6.4 HTTP/1.1" 200 1813 "https://amazingsportwear.com/producto/camiseta-tecnica-power-aq-power/" "Mozilla/5.0 (Linux; Android 4.2.1; en-us; Nexus 5 Build/JOP40D) AppleWebKit/535.19 (KHTML, like Gecko; googleweblight) Chrome/38.0.1025.166 Mobile Safari/535.19" "-"
66.102.8.148 - - [11/Dec/2019:11:13:14 +0100] "GET /wp-content/themes/shopper/assets/js/skip-link-focus-fix.js?ver=1.3.8 HTTP/1.1" 200 1023 "https://amazingsportwear.com/producto/camiseta-tecnica-power-aq-power/" "Mozilla/5.0 (Linux; Android 4.2.1; en-us; Nexus 5 Build/JOP40D) AppleWebKit/535.19 (KHTML, like Gecko; googleweblight) Chrome/38.0.1025.166 Mobile Safari/535.19" "-"
66.102.8.148 - - [11/Dec/2019:11:13:14 +0100] "GET /wp-content/plugins/woocommerce/assets/js/zoom/jquery.zoom.min.js?ver=1.7.21 HTTP/1.1" 200 6320 "https://amazingsportwear.com/producto/camiseta-tecnica-power-aq-power/" "Mozilla/5.0 (Linux; Android 4.2.1; en-us; Nexus 5 Build/JOP40D) AppleWebKit/535.19 (KHTML, like Gecko; googleweblight) Chrome/38.0.1025.166 Mobile Safari/535.19" "-"
66.102.8.148 - - [11/Dec/2019:11:13:14 +0100] "GET /wp-content/themes/shopper/style.css?ver=1.3.8 HTTP/1.1" 200 128678 "https://amazingsportwear.com/producto/camiseta-tecnica-power-aq-power/" "Mozilla/5.0 (Linux; Android 4.2.1; en-us; Nexus 5 Build/JOP40D) AppleWebKit/535.19 (KHTML, like Gecko; googleweblight) Chrome/38.0.1025.166 Mobile Safari/535.19" "-"
66.102.8.144 - - [11/Dec/2019:11:13:14 +0100] "GET /wp-content/themes/shopper/assets/js/woocommerce/header-cart.min.js?ver=1.3.8 HTTP/1.1" 200 972 "https://amazingsportwear.com/producto/camiseta-tecnica-power-aq-power/" "Mozilla/5.0 (Linux; Android 4.2.1; en-us; Nexus 5 Build/JOP40D) AppleWebKit/535.19 (KHTML, like Gecko; googleweblight) Chrome/38.0.1025.166 Mobile Safari/535.19" "-"
66.102.8.148 - - [11/Dec/2019:11:13:14 +0100] "GET /wp-includes/js/wp-embed.min.js?ver=5.2.4 HTTP/1.1" 200 1744 "https://amazingsportwear.com/producto/camiseta-tecnica-power-aq-power/" "Mozilla/5.0 (Linux; Android 4.2.1; en-us; Nexus 5 Build/JOP40D) AppleWebKit/535.19 (KHTML, like Gecko; googleweblight) Chrome/38.0.1025.166 Mobile Safari/535.19" "-"
66.102.8.146 - - [11/Dec/2019:11:13:14 +0100] "GET /wp-includes/js/comment-reply.min.js?ver=5.2.4 HTTP/1.1" 200 2575 "https://amazingsportwear.com/producto/camiseta-tecnica-power-aq-power/" "Mozilla/5.0 (Linux; Android 4.2.1; en-us; Nexus 5 Build/JOP40D) AppleWebKit/535.19 (KHTML, like Gecko; googleweblight) Chrome/38.0.1025.166 Mobile Safari/535.19" "-"
66.102.8.146 - - [11/Dec/2019:11:13:14 +0100] "GET /wp-content/themes/shopper/assets/js/shopper.min.js?ver=1.3.8 HTTP/1.1" 200 5994 "https://amazingsportwear.com/producto/camiseta-tecnica-power-aq-power/" "Mozilla/5.0 (Linux; Android 4.2.1; en-us; Nexus 5 Build/JOP40D) AppleWebKit/535.19 (KHTML, like Gecko; googleweblight) Chrome/38.0.1025.166 Mobile Safari/535.19" "-"
66.102.8.148 - - [11/Dec/2019:11:13:14 +0100] "GET /wp-includes/js/wp-util.min.js?ver=5.2.4 HTTP/1.1" 200 1387 "https://amazingsportwear.com/producto/camiseta-tecnica-power-aq-power/" "Mozilla/5.0 (Linux; Android 4.2.1; en-us; Nexus 5 Build/JOP40D) AppleWebKit/535.19 (KHTML, like Gecko; googleweblight) Chrome/38.0.1025.166 Mobile Safari/535.19" "-"
66.102.8.144 - - [11/Dec/2019:11:13:14 +0100] "GET /wp-includes/js/jquery/ui/core.min.js?ver=1.11.4 HTTP/1.1" 200 4341 "https://amazingsportwear.com/producto/camiseta-tecnica-power-aq-power/" "Mozilla/5.0 (Linux; Android 4.2.1; en-us; Nexus 5 Build/JOP40D) AppleWebKit/535.19 (KHTML, like Gecko; googleweblight) Chrome/38.0.1025.166 Mobile Safari/535.19" "-"
66.102.8.146 - - [11/Dec/2019:11:13:14 +0100] "GET /wp-content/plugins/woocommerce/assets/js/frontend/add-to-cart-variation.min.js?ver=3.6.4 HTTP/1.1" 200 13625 "https://amazingsportwear.com/producto/camiseta-tecnica-power-aq-power/" "Mozilla/5.0 (Linux; Android 4.2.1; en-us; Nexus 5 Build/JOP40D) AppleWebKit/535.19 (KHTML, like Gecko; googleweblight) Chrome/38.0.1025.166 Mobile Safari/535.19" "-"
66.102.8.146 - - [11/Dec/2019:11:13:14 +0100] "GET /wp-includes/js/jquery/ui/widget.min.js?ver=1.11.4 HTTP/1.1" 200 7250 "https://amazingsportwear.com/producto/camiseta-tecnica-power-aq-power/" "Mozilla/5.0 (Linux; Android 4.2.1; en-us; Nexus 5 Build/JOP40D) AppleWebKit/535.19 (KHTML, like Gecko; googleweblight) Chrome/38.0.1025.166 Mobile Safari/535.19" "-"
66.102.8.146 - - [11/Dec/2019:11:13:14 +0100] "GET /wp-includes/js/jquery/ui/mouse.min.js?ver=1.11.4 HTTP/1.1" 200 3489 "https://amazingsportwear.com/producto/camiseta-tecnica-power-aq-power/" "Mozilla/5.0 (Linux; Android 4.2.1; en-us; Nexus 5 Build/JOP40D) AppleWebKit/535.19 (KHTML, like Gecko; googleweblight) Chrome/38.0.1025.166 Mobile Safari/535.19" "-"
66.102.8.148 - - [11/Dec/2019:11:13:14 +0100] "GET /wp-includes/js/jquery/ui/dialog.min.js?ver=1.11.4 HTTP/1.1" 200 12482 "https://amazingsportwear.com/producto/camiseta-tecnica-power-aq-power/" "Mozilla/5.0 (Linux; Android 4.2.1; en-us; Nexus 5 Build/JOP40D) AppleWebKit/535.19 (KHTML, like Gecko; googleweblight) Chrome/38.0.1025.166 Mobile Safari/535.19" "-"
66.102.8.148 - - [11/Dec/2019:11:13:14 +0100] "GET /wp-includes/js/jquery/ui/position.min.js?ver=1.11.4 HTTP/1.1" 200 6869 "https://amazingsportwear.com/producto/camiseta-tecnica-power-aq-power/" "Mozilla/5.0 (Linux; Android 4.2.1; en-us; Nexus 5 Build/JOP40D) AppleWebKit/535.19 (KHTML, like Gecko; googleweblight) Chrome/38.0.1025.166 Mobile Safari/535.19" "-"
66.102.8.148 - - [11/Dec/2019:11:13:14 +0100] "GET /wp-includes/js/jquery/ui/resizable.min.js?ver=1.11.4 HTTP/1.1" 200 18798 "https://amazingsportwear.com/producto/camiseta-tecnica-power-aq-power/" "Mozilla/5.0 (Linux; Android 4.2.1; en-us; Nexus 5 Build/JOP40D) AppleWebKit/535.19 (KHTML, like Gecko; googleweblight) Chrome/38.0.1025.166 Mobile Safari/535.19" "-"
66.102.8.148 - - [11/Dec/2019:11:13:14 +0100] "GET /wp-content/plugins/product-enquiry-for-woocommerce/js/wdm_jquery.validate.min.js?ver=5.2.4 HTTP/1.1" 200 21818 "https://amazingsportwear.com/producto/camiseta-tecnica-power-aq-power/" "Mozilla/5.0 (Linux; Android 4.2.1; en-us; Nexus 5 Build/JOP40D) AppleWebKit/535.19 (KHTML, like Gecko; googleweblight) Chrome/38.0.1025.166 Mobile Safari/535.19" "-"
66.102.8.146 - - [11/Dec/2019:11:13:14 +0100] "GET /wp-includes/js/jquery/ui/draggable.min.js?ver=1.11.4 HTTP/1.1" 200 19277 "https://amazingsportwear.com/producto/camiseta-tecnica-power-aq-power/" "Mozilla/5.0 (Linux; Android 4.2.1; en-us; Nexus 5 Build/JOP40D) AppleWebKit/535.19 (KHTML, like Gecko; googleweblight) Chrome/38.0.1025.166 Mobile Safari/535.19" "-"
66.102.8.146 - - [11/Dec/2019:11:13:14 +0100] "GET /wp-content/plugins/product-enquiry-for-woocommerce/js/contact.js?ver=5.2.4 HTTP/1.1" 200 4681 "https://amazingsportwear.com/producto/camiseta-tecnica-power-aq-power/" "Mozilla/5.0 (Linux; Android 4.2.1; en-us; Nexus 5 Build/JOP40D) AppleWebKit/535.19 (KHTML, like Gecko; googleweblight) Chrome/38.0.1025.166 Mobile Safari/535.19" "-"
66.102.8.148 - - [11/Dec/2019:11:13:14 +0100] "GET /wp-content/uploads/2019/05/cropped-asw-white.png HTTP/1.1" 200 7500 "https://amazingsportwear.com/producto/camiseta-tecnica-power-aq-power/" "Mozilla/5.0 (Linux; Android 4.2.1; en-us; Nexus 5 Build/JOP40D) AppleWebKit/535.19 (KHTML, like Gecko; googleweblight) Chrome/38.0.1025.166 Mobile Safari/535.19" "-"
66.102.8.146 - - [11/Dec/2019:11:13:14 +0100] "GET /wp-content/plugins/woocommerce/assets/js/flexslider/jquery.flexslider.min.js?ver=2.7.2 HTTP/1.1" 200 26595 "https://amazingsportwear.com/producto/camiseta-tecnica-power-aq-power/" "Mozilla/5.0 (Linux; Android 4.2.1; en-us; Nexus 5 Build/JOP40D) AppleWebKit/535.19 (KHTML, like Gecko; googleweblight) Chrome/38.0.1025.166 Mobile Safari/535.19" "-"
66.102.8.148 - - [11/Dec/2019:11:13:14 +0100] "GET /wp-content/plugins/woocommerce/assets/js/photoswipe/photoswipe.min.js?ver=4.1.1 HTTP/1.1" 200 35639 "https://amazingsportwear.com/producto/camiseta-tecnica-power-aq-power/" "Mozilla/5.0 (Linux; Android 4.2.1; en-us; Nexus 5 Build/JOP40D) AppleWebKit/535.19 (KHTML, like Gecko; googleweblight) Chrome/38.0.1025.166 Mobile Safari/535.19" "-"
66.102.8.144 - - [11/Dec/2019:11:13:14 +0100] "GET /wp-content/uploads/2017/03/aq-power-verde-291x300.jpg HTTP/1.1" 200 18108 "https://amazingsportwear.com/producto/camiseta-tecnica-power-aq-power/" "Mozilla/5.0 (Linux; Android 4.2.1; en-us; Nexus 5 Build/JOP40D) AppleWebKit/535.19 (KHTML, like Gecko; googleweblight) Chrome/38.0.1025.166 Mobile Safari/535.19" "-"
66.102.8.144 - - [11/Dec/2019:11:13:14 +0100] "GET /wp-content/uploads/2017/03/aq-power-azul-291x300.jpg HTTP/1.1" 200 21768 "https://amazingsportwear.com/producto/camiseta-tecnica-power-aq-power/" "Mozilla/5.0 (Linux; Android 4.2.1; en-us; Nexus 5 Build/JOP40D) AppleWebKit/535.19 (KHTML, like Gecko; googleweblight) Chrome/38.0.1025.166 Mobile Safari/535.19" "-"
66.102.8.146 - - [11/Dec/2019:11:13:15 +0100] "GET /wp-content/uploads/2019/05/asw-white-300x126.png HTTP/1.1" 200 12061 "https://amazingsportwear.com/producto/camiseta-tecnica-power-aq-power/" "Mozilla/5.0 (Linux; Android 4.2.1; en-us; Nexus 5 Build/JOP40D) AppleWebKit/535.19 (KHTML, like Gecko; googleweblight) Chrome/38.0.1025.166 Mobile Safari/535.19" "-"
66.102.8.146 - - [11/Dec/2019:11:13:15 +0100] "GET /wp-content/plugins/product-enquiry-for-woocommerce/img/contact/loading.gif HTTP/1.1" 200 3834 "https://amazingsportwear.com/producto/camiseta-tecnica-power-aq-power/" "Mozilla/5.0 (Linux; Android 4.2.1; en-us; Nexus 5 Build/JOP40D) AppleWebKit/535.19 (KHTML, like Gecko; googleweblight) Chrome/38.0.1025.166 Mobile Safari/535.19" "-"
66.102.8.146 - - [11/Dec/2019:11:13:14 +0100] "GET /wp-content/uploads/2017/03/cat-4471-03-300x300.jpg HTTP/1.1" 200 27813 "https://amazingsportwear.com/producto/camiseta-tecnica-power-aq-power/" "Mozilla/5.0 (Linux; Android 4.2.1; en-us; Nexus 5 Build/JOP40D) AppleWebKit/535.19 (KHTML, like Gecko; googleweblight) Chrome/38.0.1025.166 Mobile Safari/535.19" "-"
66.102.8.146 - - [11/Dec/2019:11:13:14 +0100] "GET /wp-content/uploads/2017/03/aq-power-colores-1.jpg HTTP/1.1" 200 11178 "https://amazingsportwear.com/producto/camiseta-tecnica-power-aq-power/" "Mozilla/5.0 (Linux; Android 4.2.1; en-us; Nexus 5 Build/JOP40D) AppleWebKit/535.19 (KHTML, like Gecko; googleweblight) Chrome/38.0.1025.166 Mobile Safari/535.19" "-"
66.102.8.146 - - [11/Dec/2019:11:13:15 +0100] "GET /wp-content/uploads/2017/03/aq-titan-joven-300x300.jpg HTTP/1.1" 200 67812 "https://amazingsportwear.com/producto/camiseta-tecnica-power-aq-power/" "Mozilla/5.0 (Linux; Android 4.2.1; en-us; Nexus 5 Build/JOP40D) AppleWebKit/535.19 (KHTML, like Gecko; googleweblight) Chrome/38.0.1025.166 Mobile Safari/535.19" "-"
