82.130.184.42 - - [26/Nov/2019:00:24:18 +0100] "POST /?wc-ajax=get_refreshed_fragments HTTP/1.1" 200 1397 "https://amazingsportwear.com/producto/chaleco-cortavientos-sublimado-asw/" "Mozilla/5.0 (iPhone; CPU iPhone OS 12_4_2 like Mac OS X) AppleWebKit/605.1.15 (KHTML, like Gecko) Version/12.1.2 Mobile/15E148 Safari/604.1" "_ga=GA1.2.1394650612.1574724257; _gat_gtag_UA_91619287_1=1; _gid=GA1.2.83848135.1574724257"
82.130.184.42 - - [26/Nov/2019:00:24:20 +0100] "GET /wp-content/uploads/2019/05/cropped-favicon-nuevo-logo-amazinf-128px-192x192.png HTTP/1.1" 200 14048 "https://amazingsportwear.com/producto/chaleco-cortavientos-sublimado-asw/" "Mozilla/5.0 (iPhone; CPU iPhone OS 12_4_2 like Mac OS X) AppleWebKit/605.1.15 (KHTML, like Gecko) Version/12.1.2 Mobile/15E148 Safari/604.1" "wpfront-notification-bar-landingpage=1; _ga=GA1.2.1394650612.1574724257; _gat_gtag_UA_91619287_1=1; _gid=GA1.2.83848135.1574724257"
82.130.184.42 - - [26/Nov/2019:00:24:20 +0100] "GET /wp-content/uploads/2019/05/cropped-favicon-nuevo-logo-amazinf-128px-32x32.png HTTP/1.1" 200 1362 "https://amazingsportwear.com/producto/chaleco-cortavientos-sublimado-asw/" "Mozilla/5.0 (iPhone; CPU iPhone OS 12_4_2 like Mac OS X) AppleWebKit/605.1.15 (KHTML, like Gecko) Version/12.1.2 Mobile/15E148 Safari/604.1" "wpfront-notification-bar-landingpage=1; _ga=GA1.2.1394650612.1574724257; _gat_gtag_UA_91619287_1=1; _gid=GA1.2.83848135.1574724257"
217.76.130.90 - - [26/Nov/2019:00:27:38 +0100] "POST /wp-cron.php?doing_wp_cron=1574724458.7459828853607177734375 HTTP/1.1" 200 3389 "https://amazingsportwear.com/wp-cron.php?doing_wp_cron=1574724458.7459828853607177734375" "WordPress/5.2.4; https://amazingsportwear.com" "-"
66.249.66.70 - - [26/Nov/2019:00:27:38 +0100] "GET /producto/zapatilla-tram/ HTTP/1.1" 200 101658 "-" "Mozilla/5.0 (compatible; Googlebot/2.1; +http://www.google.com/bot.html)" "-"
189.158.186.162 - - [26/Nov/2019:00:30:16 +0100] "GET /wp-content/uploads/2019/04/gorra-five-3.png HTTP/1.1" 200 84607 "https://www.google.com.mx/" "Mozilla/5.0 (Windows NT 10.0; Win64; x64) AppleWebKit/537.36 (KHTML, like Gecko) Chrome/78.0.3904.97 Safari/537.36" "-"
189.158.186.162 - - [26/Nov/2019:00:30:39 +0100] "GET /wp-content/uploads/2019/04/Gorra-sport-9.png HTTP/1.1" 200 109504 "https://www.google.com.mx/" "Mozilla/5.0 (Windows NT 10.0; Win64; x64) AppleWebKit/537.36 (KHTML, like Gecko) Chrome/78.0.3904.97 Safari/537.36" "-"
179.49.58.74 - - [26/Nov/2019:00:35:45 +0100] "GET /wp-content/uploads/2019/04/Gorra-sport-11.png HTTP/1.1" 200 131116 "https://www.google.com/" "Mozilla/5.0 (Windows NT 10.0; Win64; x64; rv:70.0) Gecko/20100101 Firefox/70.0" "-"
179.49.58.74 - - [26/Nov/2019:00:35:59 +0100] "GET /wp-content/uploads/2019/04/Gorra-sport-11.png HTTP/1.1" 206 106505 "https://www.google.com/" "Mozilla/5.0 (Windows NT 10.0; Win64; x64; rv:70.0) Gecko/20100101 Firefox/70.0" "-"
179.49.58.74 - - [26/Nov/2019:00:36:08 +0100] "GET /wp-content/uploads/2019/04/gorra-lorenz-4.png HTTP/1.1" 200 74611 "https://www.google.com/" "Mozilla/5.0 (Windows NT 10.0; Win64; x64; rv:70.0) Gecko/20100101 Firefox/70.0" "-"
88.21.159.228 - - [26/Nov/2019:00:36:19 +0100] "GET /wp-content/uploads/2017/01/maillot-largo2.jpg HTTP/1.1" 200 109069 "https://www.google.es/" "Mozilla/5.0 (iPhone; CPU iPhone OS 12_1_4 like Mac OS X) AppleWebKit/605.1.15 (KHTML, like Gecko) Version/12.0 Mobile/15E148 Safari/604.1" "-"
217.76.130.90 - - [26/Nov/2019:00:38:16 +0100] "POST /wp-cron.php?doing_wp_cron=1574725096.7022271156311035156250 HTTP/1.1" 200 164 "http://amazingsportwear.com/wp-cron.php?doing_wp_cron=1574725096.7022271156311035156250" "WordPress/5.2.4; https://amazingsportwear.com" "-"
159.147.164.104 - - [26/Nov/2019:00:38:14 +0100] "GET /index.php? HTTP/1.1" 301 336 "-" "Mozilla/5.0 (Macintosh; Intel Mac OS X 10_14_5) AppleWebKit/605.1.15 (KHTML, like Gecko)" "-"
159.147.164.104 - - [26/Nov/2019:00:38:16 +0100] "GET / HTTP/1.1" 200 125583 "-" "Mozilla/5.0 (Macintosh; Intel Mac OS X 10_14_5) AppleWebKit/605.1.15 (KHTML, like Gecko)" "-"
159.147.164.104 - - [26/Nov/2019:00:38:19 +0100] "GET /wp-content/uploads/2019/05/cropped-favicon-nuevo-logo-amazinf-128px-180x180.png HTTP/1.1" 200 13234 "-" "Safari/14607.2.6.1.1 CFNetwork/978.0.7 Darwin/18.6.0 (x86_64)" "-"
204.237.207.14 - - [26/Nov/2019:00:42:53 +0100] "GET /wp-content/uploads/2017/03/sa-0415_223.jpg HTTP/1.1" 200 104229 "https://www.google.com/" "Mozilla/5.0 (Windows NT 10.0; Win64; x64) AppleWebKit/537.36 (KHTML, like Gecko) Chrome/75.0.3770.142 Safari/537.36" "-"
66.249.66.68 - - [26/Nov/2019:00:48:26 +0100] "GET /wp-content/uploads/2019/05/asw-white-300x126.png HTTP/1.1" 304 3565 "-" "Googlebot-Image/1.0" "-"
217.76.130.90 - - [26/Nov/2019:00:50:02 +0100] "POST /wp-cron.php?doing_wp_cron=1574725802.2539210319519042968750 HTTP/1.1" 200 3389 "https://amazingsportwear.com/wp-cron.php?doing_wp_cron=1574725802.2539210319519042968750" "WordPress/5.2.4; https://amazingsportwear.com" "-"
207.46.13.39 - - [26/Nov/2019:00:50:01 +0100] "GET /product-sitemap.xml HTTP/1.1" 200 145888 "-" "msnbot/2.0b (+http://search.msn.com/msnbot.htm)" "-"
189.252.74.14 - - [26/Nov/2019:00:52:07 +0100] "GET /wp-content/uploads/2019/04/Gorra-sport-10.png HTTP/1.1" 200 60426 "https://www.google.com/" "Mozilla/5.0 (Windows NT 6.1; Win64; x64) AppleWebKit/537.36 (KHTML, like Gecko) Chrome/78.0.3904.108 Safari/537.36" "-"
217.76.130.90 - - [26/Nov/2019:00:57:30 +0100] "POST /wp-cron.php?doing_wp_cron=1574726250.7455189228057861328125 HTTP/1.1" 200 3389 "https://amazingsportwear.com/wp-cron.php?doing_wp_cron=1574726250.7455189228057861328125" "WordPress/5.2.4; https://amazingsportwear.com" "-"
157.55.39.152 - - [26/Nov/2019:00:57:29 +0100] "GET /robots.txt HTTP/1.1" 200 2297 "-" "Mozilla/5.0 (compatible; bingbot/2.0; +http://www.bing.com/bingbot.htm)" "-"
157.55.39.152 - - [26/Nov/2019:00:57:31 +0100] "GET /robots.txt HTTP/1.1" 200 3939 "-" "Mozilla/5.0 (compatible; bingbot/2.0; +http://www.bing.com/bingbot.htm)" "-"
157.55.39.68 - - [26/Nov/2019:00:57:31 +0100] "GET /sitemap_index.xml HTTP/1.1" 200 5007 "-" "msnbot/2.0b (+http://search.msn.com/msnbot.htm)" "-"
217.76.130.90 - - [26/Nov/2019:01:00:58 +0100] "POST /wp-cron.php?doing_wp_cron=1574726458.5271019935607910156250 HTTP/1.1" 200 3389 "https://amazingsportwear.com/wp-cron.php?doing_wp_cron=1574726458.5271019935607910156250" "WordPress/5.2.4; https://amazingsportwear.com" "-"
66.249.66.66 - - [26/Nov/2019:01:00:57 +0100] "GET /etiqueta-producto/keisy/ HTTP/1.1" 200 53834 "-" "Mozilla/5.0 (Linux; Android 6.0.1; Nexus 5X Build/MMB29P) AppleWebKit/537.36 (KHTML, like Gecko) Chrome/41.0.2272.96 Mobile Safari/537.36 (compatible; Googlebot/2.1; +http://www.google.com/bot.html)" "-"
217.76.130.90 - - [26/Nov/2019:01:01:05 +0100] "POST /wp-cron.php?doing_wp_cron=1574726465.8068540096282958984375 HTTP/1.1" 200 3389 "https://amazingsportwear.com/wp-cron.php?doing_wp_cron=1574726465.8068540096282958984375" "WordPress/5.2.4; https://amazingsportwear.com" "-"
66.249.66.70 - - [26/Nov/2019:01:01:05 +0100] "POST /?wc-ajax=get_refreshed_fragments HTTP/1.1" 200 4760 "https://amazingsportwear.com/etiqueta-producto/keisy/" "Mozilla/5.0 (Linux; Android 6.0.1; Nexus 5X Build/MMB29P) AppleWebKit/537.36 (KHTML, like Gecko) Chrome/41.0.2272.96 Mobile Safari/537.36 (compatible; Googlebot/2.1; +http://www.google.com/bot.html)" "_ga=GA1.2.1884029788.1574726400; _gid=GA1.2.969013651.1574726400; _gat_gtag_UA_91619287_1=1"
217.76.130.90 - - [26/Nov/2019:01:02:53 +0100] "POST /wp-cron.php?doing_wp_cron=1574726573.4039518833160400390625 HTTP/1.1" 200 3389 "https://amazingsportwear.com/wp-cron.php?doing_wp_cron=1574726573.4039518833160400390625" "WordPress/5.2.4; https://amazingsportwear.com" "-"
66.249.66.68 - - [26/Nov/2019:01:02:52 +0100] "GET /etiqueta-producto/5-peneles/ HTTP/1.1" 200 53932 "-" "Mozilla/5.0 (Linux; Android 6.0.1; Nexus 5X Build/MMB29P) AppleWebKit/537.36 (KHTML, like Gecko) Chrome/41.0.2272.96 Mobile Safari/537.36 (compatible; Googlebot/2.1; +http://www.google.com/bot.html)" "-"
66.249.66.68 - - [26/Nov/2019:01:02:55 +0100] "POST /?wc-ajax=get_refreshed_fragments HTTP/1.1" 200 1397 "https://amazingsportwear.com/etiqueta-producto/5-peneles/" "Mozilla/5.0 (Linux; Android 6.0.1; Nexus 5X Build/MMB29P) AppleWebKit/537.36 (KHTML, like Gecko) Chrome/41.0.2272.96 Mobile Safari/537.36 (compatible; Googlebot/2.1; +http://www.google.com/bot.html)" "_ga=GA1.2.1884029788.1574726400; _gid=GA1.2.969013651.1574726400; _gat_gtag_UA_91619287_1=1"
187.220.15.98 - - [26/Nov/2019:01:06:59 +0100] "GET /wp-content/uploads/2019/04/gorra-sahara-5.png HTTP/1.1" 200 101478 "https://www.google.com/" "Mozilla/5.0 (Windows NT 6.1) AppleWebKit/537.36 (KHTML, like Gecko) Chrome/78.0.3904.87 Safari/537.36" "-"
217.76.130.90 - - [26/Nov/2019:01:12:44 +0100] "POST /wp-cron.php?doing_wp_cron=1574727164.6791279315948486328125 HTTP/1.1" 200 3389 "https://amazingsportwear.com/wp-cron.php?doing_wp_cron=1574727164.6791279315948486328125" "WordPress/5.2.4; https://amazingsportwear.com" "-"
52.41.67.35 - - [26/Nov/2019:01:12:43 +0100] "GET / HTTP/1.1" 200 125530 "-" "Go-http-client/1.1" "-"
217.76.130.90 - - [26/Nov/2019:01:14:19 +0100] "POST /wp-cron.php?doing_wp_cron=1574727259.0739030838012695312500 HTTP/1.1" 200 164 "http://amazingsportwear.com/wp-cron.php?doing_wp_cron=1574727259.0739030838012695312500" "WordPress/5.2.4; https://amazingsportwear.com" "-"
157.55.39.68 - - [26/Nov/2019:01:14:18 +0100] "GET /tienda/176-pantalon-mujer-rocky-nath-rocky.html HTTP/1.1" 404 68120 "-" "Mozilla/5.0 (compatible; bingbot/2.0; +http://www.bing.com/bingbot.htm)" "-"
66.249.66.70 - - [26/Nov/2019:01:14:26 +0100] "GET /etiqueta-producto/camiseta-unisex/ HTTP/1.1" 200 54158 "-" "Mozilla/5.0 (Linux; Android 6.0.1; Nexus 5X Build/MMB29P) AppleWebKit/537.36 (KHTML, like Gecko) Chrome/41.0.2272.96 Mobile Safari/537.36 (compatible; Googlebot/2.1; +http://www.google.com/bot.html)" "-"
66.249.66.68 - - [26/Nov/2019:01:14:36 +0100] "POST /?wc-ajax=get_refreshed_fragments HTTP/1.1" 200 4760 "https://amazingsportwear.com/etiqueta-producto/camiseta-unisex/" "Mozilla/5.0 (Linux; Android 6.0.1; Nexus 5X Build/MMB29P) AppleWebKit/537.36 (KHTML, like Gecko) Chrome/41.0.2272.96 Mobile Safari/537.36 (compatible; Googlebot/2.1; +http://www.google.com/bot.html)" "_ga=GA1.2.1884029788.1574726400; _gid=GA1.2.969013651.1574726400; _gat_gtag_UA_91619287_1=1"
217.76.130.90 - - [26/Nov/2019:01:15:40 +0100] "POST /wp-cron.php?doing_wp_cron=1574727340.5717070102691650390625 HTTP/1.1" 200 3389 "https://amazingsportwear.com/wp-cron.php?doing_wp_cron=1574727340.5717070102691650390625" "WordPress/5.2.4; https://amazingsportwear.com" "-"
66.249.66.70 - - [26/Nov/2019:01:15:40 +0100] "GET /producto/bolsa-bici-rigon/ HTTP/1.1" 200 95182 "-" "Mozilla/5.0 (compatible; Googlebot/2.1; +http://www.google.com/bot.html)" "-"
189.217.27.135 - - [26/Nov/2019:01:16:00 +0100] "GET /wp-content/uploads/2019/04/gorra-krox-1.png HTTP/1.1" 200 109889 "https://www.google.com.mx/" "Mozilla/5.0 (Windows NT 6.1) AppleWebKit/537.36 (KHTML, like Gecko) Chrome/77.0.3865.90 Safari/537.36 Avast/77.1.1830.90" "-"
189.217.27.135 - - [26/Nov/2019:01:23:28 +0100] "GET /wp-content/uploads/2019/04/gorra-tecnica-amarilla.png HTTP/1.1" 200 83334 "https://www.google.com.mx/" "Mozilla/5.0 (Windows NT 6.1) AppleWebKit/537.36 (KHTML, like Gecko) Chrome/77.0.3865.90 Safari/537.36 Avast/77.1.1830.90" "-"
217.76.130.90 - - [26/Nov/2019:01:29:37 +0100] "POST /wp-cron.php?doing_wp_cron=1574728177.7101829051971435546875 HTTP/1.1" 200 3389 "https://amazingsportwear.com/wp-cron.php?doing_wp_cron=1574728177.7101829051971435546875" "WordPress/5.2.4; https://amazingsportwear.com" "-"
66.249.66.68 - - [26/Nov/2019:01:29:35 +0100] "GET /producto/sudadera-capucha/ HTTP/1.1" 200 101702 "-" "Mozilla/5.0 (compatible; Googlebot/2.1; +http://www.google.com/bot.html)" "-"
66.249.66.68 - - [26/Nov/2019:01:29:43 +0100] "POST /?wc-ajax=get_refreshed_fragments HTTP/1.1" 200 1397 "https://amazingsportwear.com/producto/sudadera-capucha/" "Mozilla/5.0 AppleWebKit/537.36 (KHTML, like Gecko; compatible; Googlebot/2.1; +http://www.google.com/bot.html) Safari/537.36" "_ga=GA1.2.931330593.1574726400; _gid=GA1.2.2074753562.1574726400; _gat_gtag_UA_91619287_1=1"
66.249.66.68 - - [26/Nov/2019:01:29:45 +0100] "GET /producto/sudadera-capucha/ HTTP/1.1" 200 98106 "-" "Mozilla/5.0 (compatible; Googlebot/2.1; +http://www.google.com/bot.html)" "-"
66.249.66.66 - - [26/Nov/2019:01:29:50 +0100] "GET /wp-includes/js/jquery/jquery.js HTTP/1.1" 200 100725 "https://amazingsportwear.com/producto/sudadera-capucha/" "Mozilla/5.0 AppleWebKit/537.36 (KHTML, like Gecko; compatible; Googlebot/2.1; +http://www.google.com/bot.html) Safari/537.36" "-"
66.249.66.66 - - [26/Nov/2019:01:29:51 +0100] "POST /?wc-ajax=get_refreshed_fragments HTTP/1.1" 200 1397 "https://amazingsportwear.com/producto/sudadera-capucha/" "Mozilla/5.0 AppleWebKit/537.36 (KHTML, like Gecko; compatible; Googlebot/2.1; +http://www.google.com/bot.html) Safari/537.36" "_ga=GA1.2.931330593.1574726400; _gid=GA1.2.2074753562.1574726400; _gat_gtag_UA_91619287_1=1"
217.76.130.90 - - [26/Nov/2019:01:36:36 +0100] "POST /wp-cron.php?doing_wp_cron=1574728596.7031800746917724609375 HTTP/1.1" 200 3389 "https://amazingsportwear.com/wp-cron.php?doing_wp_cron=1574728596.7031800746917724609375" "WordPress/5.2.4; https://amazingsportwear.com" "-"
66.249.66.70 - - [26/Nov/2019:01:36:36 +0100] "GET /producto/leggins-malla-larga-leire/ HTTP/1.1" 200 102984 "-" "Mozilla/5.0 (Linux; Android 6.0.1; Nexus 5X Build/MMB29P) AppleWebKit/537.36 (KHTML, like Gecko) Chrome/41.0.2272.96 Mobile Safari/537.36 (compatible; Googlebot/2.1; +http://www.google.com/bot.html)" "-"
217.76.130.90 - - [26/Nov/2019:01:40:56 +0100] "POST /wp-cron.php?doing_wp_cron=1574728856.0997819900512695312500 HTTP/1.1" 200 3389 "https://amazingsportwear.com/wp-cron.php?doing_wp_cron=1574728856.0997819900512695312500" "WordPress/5.2.4; https://amazingsportwear.com" "-"
66.249.66.70 - - [26/Nov/2019:01:40:55 +0100] "GET /etiqueta-producto/toalla-gymnasio/ HTTP/1.1" 200 54187 "-" "Mozilla/5.0 (Linux; Android 6.0.1; Nexus 5X Build/MMB29P) AppleWebKit/537.36 (KHTML, like Gecko) Chrome/41.0.2272.96 Mobile Safari/537.36 (compatible; Googlebot/2.1; +http://www.google.com/bot.html)" "-"
66.249.66.70 - - [26/Nov/2019:01:40:57 +0100] "POST /?wc-ajax=get_refreshed_fragments HTTP/1.1" 200 1397 "https://amazingsportwear.com/etiqueta-producto/toalla-gymnasio/" "Mozilla/5.0 (Linux; Android 6.0.1; Nexus 5X Build/MMB29P) AppleWebKit/537.36 (KHTML, like Gecko) Chrome/41.0.2272.96 Mobile Safari/537.36 (compatible; Googlebot/2.1; +http://www.google.com/bot.html)" "_ga=GA1.2.1884029788.1574726400; _gid=GA1.2.969013651.1574726400; _gat_gtag_UA_91619287_1=1"
217.76.130.90 - - [26/Nov/2019:01:48:15 +0100] "POST /wp-cron.php?doing_wp_cron=1574729295.8628139495849609375000 HTTP/1.1" 200 3389 "https://amazingsportwear.com/wp-cron.php?doing_wp_cron=1574729295.8628139495849609375000" "WordPress/5.2.4; https://amazingsportwear.com" "-"
66.249.66.70 - - [26/Nov/2019:01:48:15 +0100] "GET /producto/camiseta-tecnica-spain/ HTTP/1.1" 200 100724 "-" "Mozilla/5.0 (Linux; Android 6.0.1; Nexus 5X Build/MMB29P) AppleWebKit/537.36 (KHTML, like Gecko) Chrome/41.0.2272.96 Mobile Safari/537.36 (compatible; Googlebot/2.1; +http://www.google.com/bot.html)" "-"
217.76.130.90 - - [26/Nov/2019:01:50:00 +0100] "POST /wp-cron.php?doing_wp_cron=1574729400.6005098819732666015625 HTTP/1.1" 200 3389 "https://amazingsportwear.com/wp-cron.php?doing_wp_cron=1574729400.6005098819732666015625" "WordPress/5.2.4; https://amazingsportwear.com" "-"
66.249.66.66 - - [26/Nov/2019:01:49:59 +0100] "GET /producto/camiseta-tecnica-reversible-aq-reversible/ HTTP/1.1" 200 101536 "-" "Mozilla/5.0 (Linux; Android 6.0.1; Nexus 5X Build/MMB29P) AppleWebKit/537.36 (KHTML, like Gecko) Chrome/41.0.2272.96 Mobile Safari/537.36 (compatible; Googlebot/2.1; +http://www.google.com/bot.html)" "-"
217.76.130.90 - - [26/Nov/2019:01:57:20 +0100] "POST /wp-cron.php?doing_wp_cron=1574729840.3470458984375000000000 HTTP/1.1" 200 3389 "https://amazingsportwear.com/wp-cron.php?doing_wp_cron=1574729840.3470458984375000000000" "WordPress/5.2.4; https://amazingsportwear.com" "-"
66.249.66.70 - - [26/Nov/2019:01:57:19 +0100] "GET /producto/camiseta-tecnica-arabia-mujer-eny-ar02-blanca/ HTTP/1.1" 200 104521 "-" "Mozilla/5.0 (Linux; Android 6.0.1; Nexus 5X Build/MMB29P) AppleWebKit/537.36 (KHTML, like Gecko) Chrome/41.0.2272.96 Mobile Safari/537.36 (compatible; Googlebot/2.1; +http://www.google.com/bot.html)" "-"
66.249.66.66 - - [26/Nov/2019:01:57:25 +0100] "POST /?wc-ajax=get_refreshed_fragments HTTP/1.1" 200 4760 "https://amazingsportwear.com/producto/camiseta-tecnica-arabia-mujer-eny-ar02-blanca/" "Mozilla/5.0 (Linux; Android 6.0.1; Nexus 5X Build/MMB29P) AppleWebKit/537.36 (KHTML, like Gecko) Chrome/41.0.2272.96 Mobile Safari/537.36 (compatible; Googlebot/2.1; +http://www.google.com/bot.html)" "_ga=GA1.2.969013651.1574726400; _gid=GA1.2.1978218920.1574726400; _gat_gtag_UA_91619287_1=1"
1.53.88.38 - - [26/Nov/2019:02:10:05 +0100] "GET /wp-content/uploads/2019/04/gorra-konlun-5.png HTTP/1.1" 200 82923 "https://www.google.com/" "Mozilla/5.0 (Windows NT 10.0; Win64; x64) AppleWebKit/537.36 (KHTML, like Gecko) Chrome/78.0.3904.108 Safari/537.36" "-"
186.47.137.46 - - [26/Nov/2019:02:19:14 +0100] "GET /wp-content/uploads/2019/07/carpa-cas-300x300.jpg HTTP/1.1" 200 40624 "https://www.google.com/" "Mozilla/5.0 (Windows NT 10.0; Win64; x64) AppleWebKit/537.36 (KHTML, like Gecko) Chrome/78.0.3904.108 Safari/537.36" "-"
217.76.130.90 - - [26/Nov/2019:02:27:14 +0100] "POST /wp-cron.php?doing_wp_cron=1574731634.1507899761199951171875 HTTP/1.1" 200 3389 "https://amazingsportwear.com/wp-cron.php?doing_wp_cron=1574731634.1507899761199951171875" "WordPress/5.2.4; https://amazingsportwear.com" "-"
66.249.66.66 - - [26/Nov/2019:02:27:10 +0100] "GET /producto/carpa-personalizada-modelo-3x3/ HTTP/1.1" 200 101536 "-" "Mozilla/5.0 (compatible; Googlebot/2.1; +http://www.google.com/bot.html)" "-"
66.249.66.68 - - [26/Nov/2019:02:27:20 +0100] "POST /?wc-ajax=get_refreshed_fragments HTTP/1.1" 200 4760 "https://amazingsportwear.com/producto/carpa-personalizada-modelo-3x3/" "Mozilla/5.0 AppleWebKit/537.36 (KHTML, like Gecko; compatible; Googlebot/2.1; +http://www.google.com/bot.html) Safari/537.36" "_ga=GA1.2.931330593.1574726400; _gid=GA1.2.2074753562.1574726400; _gat_gtag_UA_91619287_1=1"
217.76.130.90 - - [26/Nov/2019:02:52:54 +0100] "POST /wp-cron.php?doing_wp_cron=1574733174.1592628955841064453125 HTTP/1.1" 200 3389 "https://amazingsportwear.com/wp-cron.php?doing_wp_cron=1574733174.1592628955841064453125" "WordPress/5.2.4; https://amazingsportwear.com" "-"
66.249.66.64 - - [26/Nov/2019:02:52:51 +0100] "GET /categoria-producto/inicio/ropa-amazing-sport-wear/futbol-ropa-amazing-sport-wear/ HTTP/1.1" 200 68561 "-" "Mozilla/5.0 (Linux; Android 6.0.1; Nexus 5X Build/MMB29P) AppleWebKit/537.36 (KHTML, like Gecko) Chrome/41.0.2272.96 Mobile Safari/537.36 (compatible; Googlebot/2.1; +http://www.google.com/bot.html)" "-"
217.76.130.90 - - [26/Nov/2019:02:56:08 +0100] "POST /wp-cron.php?doing_wp_cron=1574733368.6436159610748291015625 HTTP/1.1" 200 3389 "https://amazingsportwear.com/wp-cron.php?doing_wp_cron=1574733368.6436159610748291015625" "WordPress/5.2.4; https://amazingsportwear.com" "-"
66.249.66.68 - - [26/Nov/2019:02:56:08 +0100] "GET /producto/brazalete-running-con-led/ HTTP/1.1" 200 94625 "-" "Mozilla/5.0 (Linux; Android 6.0.1; Nexus 5X Build/MMB29P) AppleWebKit/537.36 (KHTML, like Gecko) Chrome/41.0.2272.96 Mobile Safari/537.36 (compatible; Googlebot/2.1; +http://www.google.com/bot.html)" "-"
190.152.83.227 - - [26/Nov/2019:02:59:21 +0100] "GET /wp-content/uploads/2019/04/Gorra-harum-2.png HTTP/1.1" 200 53515 "https://www.google.com/" "Mozilla/5.0 (Windows NT 6.3; Win64; x64) AppleWebKit/537.36 (KHTML, like Gecko) Chrome/78.0.3904.108 Safari/537.36" "-"
217.76.130.90 - - [26/Nov/2019:03:05:51 +0100] "POST /wp-cron.php?doing_wp_cron=1574733951.6710810661315917968750 HTTP/1.1" 200 3389 "https://amazingsportwear.com/wp-cron.php?doing_wp_cron=1574733951.6710810661315917968750" "WordPress/5.2.4; https://amazingsportwear.com" "-"
66.249.66.94 - - [26/Nov/2019:03:05:50 +0100] "GET /producto/braga-gorro-polar-cat-8016/ HTTP/1.1" 200 100641 "-" "Mozilla/5.0 (compatible; Googlebot/2.1; +http://www.google.com/bot.html)" "-"
181.66.169.144 - - [26/Nov/2019:03:06:20 +0100] "GET /wp-content/uploads/2019/04/Gorra-sport-6.png HTTP/1.1" 200 44623 "https://www.google.com/" "Mozilla/5.0 (Windows NT 6.2; Win64; x64) AppleWebKit/537.36 (KHTML, like Gecko) Chrome/78.0.3904.108 Safari/537.36" "-"
217.76.130.90 - - [26/Nov/2019:03:09:20 +0100] "POST /wp-cron.php?doing_wp_cron=1574734160.1473860740661621093750 HTTP/1.1" 200 164 "http://amazingsportwear.com/wp-cron.php?doing_wp_cron=1574734160.1473860740661621093750" "WordPress/5.2.4; https://amazingsportwear.com" "-"
157.55.39.119 - - [26/Nov/2019:03:09:19 +0100] "GET /motocross/19-camiseta-motocross.html HTTP/1.1" 404 68043 "-" "Mozilla/5.0 (compatible; bingbot/2.0; +http://www.bing.com/bingbot.htm)" "-"
177.236.51.189 - - [26/Nov/2019:03:09:52 +0100] "GET /wp-content/uploads/2019/04/SA-1070-2.png HTTP/1.1" 200 175956 "https://www.google.com/" "Mozilla/5.0 (Windows NT 10.0; Win64; x64) AppleWebKit/537.36 (KHTML, like Gecko) Chrome/78.0.3904.108 Safari/537.36" "-"
217.76.130.90 - - [26/Nov/2019:03:12:33 +0100] "POST /wp-cron.php?doing_wp_cron=1574734353.6833539009094238281250 HTTP/1.1" 200 3389 "https://amazingsportwear.com/wp-cron.php?doing_wp_cron=1574734353.6833539009094238281250" "WordPress/5.2.4; https://amazingsportwear.com" "-"
66.249.66.95 - - [26/Nov/2019:03:12:32 +0100] "GET /producto/polo-tecnico-master-aq-master/ HTTP/1.1" 200 100857 "-" "Mozilla/5.0 (Linux; Android 6.0.1; Nexus 5X Build/MMB29P) AppleWebKit/537.36 (KHTML, like Gecko) Chrome/41.0.2272.96 Mobile Safari/537.36 (compatible; Googlebot/2.1; +http://www.google.com/bot.html)" "-"
66.249.66.95 - - [26/Nov/2019:03:12:44 +0100] "POST /?wc-ajax=get_refreshed_fragments HTTP/1.1" 200 1397 "https://amazingsportwear.com/producto/polo-tecnico-master-aq-master/" "Mozilla/5.0 (Linux; Android 6.0.1; Nexus 5X Build/MMB29P) AppleWebKit/537.36 (KHTML, like Gecko) Chrome/41.0.2272.96 Mobile Safari/537.36 (compatible; Googlebot/2.1; +http://www.google.com/bot.html)" "_ga=GA1.2.969013651.1574726400; _gid=GA1.2.1978218920.1574726400; _gat_gtag_UA_91619287_1=1"
217.76.130.90 - - [26/Nov/2019:03:14:20 +0100] "POST /wp-cron.php?doing_wp_cron=1574734460.2628219127655029296875 HTTP/1.1" 200 164 "http://amazingsportwear.com/wp-cron.php?doing_wp_cron=1574734460.2628219127655029296875" "WordPress/5.2.4; https://amazingsportwear.com" "-"
91.106.199.104 - - [26/Nov/2019:03:14:18 +0100] "GET /robots.txt HTTP/1.1" 200 394 "-" "Mozilla/5.0 (compatible; tracemyfile/1.0; +bot@tracemyfile.com)" "-"
91.106.199.104 - - [26/Nov/2019:03:14:20 +0100] "GET /mi-cuenta HTTP/1.1" 301 414 "-" "Mozilla/5.0 (compatible; tracemyfile/1.0)" "-"
91.106.199.104 - - [26/Nov/2019:03:14:21 +0100] "GET /mi-cuenta/ HTTP/1.1" 200 53185 "-" "Mozilla/5.0 (compatible; tracemyfile/1.0)" "-"
157.55.39.68 - - [26/Nov/2019:03:24:52 +0100] "GET /wp-content/uploads/2019/04/Gorra-sport-11.png HTTP/1.1" 200 131116 "-" "Mozilla/5.0 (compatible; bingbot/2.0; +http://www.bing.com/bingbot.htm)" "-"
217.76.130.90 - - [26/Nov/2019:03:29:40 +0100] "POST /wp-cron.php?doing_wp_cron=1574735380.0343139171600341796875 HTTP/1.1" 200 3389 "https://amazingsportwear.com/wp-cron.php?doing_wp_cron=1574735380.0343139171600341796875" "WordPress/5.2.4; https://amazingsportwear.com" "-"
66.249.66.94 - - [26/Nov/2019:03:29:38 +0100] "GET /producto/camiseta-tecnica-boomer-aq-jaguar/ HTTP/1.1" 200 105221 "-" "Mozilla/5.0 (compatible; Googlebot/2.1; +http://www.google.com/bot.html)" "-"
66.249.66.95 - - [26/Nov/2019:03:29:44 +0100] "POST /?wc-ajax=get_refreshed_fragments HTTP/1.1" 200 4760 "https://amazingsportwear.com/producto/camiseta-tecnica-boomer-aq-jaguar/" "Mozilla/5.0 AppleWebKit/537.36 (KHTML, like Gecko; compatible; Googlebot/2.1; +http://www.google.com/bot.html) Safari/537.36" "_ga=GA1.2.931330593.1574726400; _gid=GA1.2.2074753562.1574726400; _gat_gtag_UA_91619287_1=1"
217.76.130.90 - - [26/Nov/2019:03:35:03 +0100] "POST /wp-cron.php?doing_wp_cron=1574735703.6321089267730712890625 HTTP/1.1" 200 3389 "https://amazingsportwear.com/wp-cron.php?doing_wp_cron=1574735703.6321089267730712890625" "WordPress/5.2.4; https://amazingsportwear.com" "-"
66.249.66.68 - - [26/Nov/2019:03:35:02 +0100] "GET /producto/gorra-kisse/ HTTP/1.1" 200 100460 "-" "Mozilla/5.0 (Linux; Android 6.0.1; Nexus 5X Build/MMB29P) AppleWebKit/537.36 (KHTML, like Gecko) Chrome/41.0.2272.96 Mobile Safari/537.36 (compatible; Googlebot/2.1; +http://www.google.com/bot.html)" "-"
217.76.130.90 - - [26/Nov/2019:03:44:53 +0100] "POST /wp-cron.php?doing_wp_cron=1574736293.1075689792633056640625 HTTP/1.1" 200 164 "http://amazingsportwear.com/wp-cron.php?doing_wp_cron=1574736293.1075689792633056640625" "WordPress/5.2.4; https://amazingsportwear.com" "-"
196.245.217.116 - - [26/Nov/2019:03:44:51 +0100] "GET / HTTP/1.1" 301 336 "-" "Mozilla/5.0 (Windows NT 6.1) AppleWebKit/537.36 (KHTML, like Gecko) Chrome/41.0.2228.0 Safari/537.36" "-"
196.245.217.116 - - [26/Nov/2019:03:44:53 +0100] "GET / HTTP/1.1" 200 125575 "-" "Mozilla/5.0 (Windows NT 6.1) AppleWebKit/537.36 (KHTML, like Gecko) Chrome/41.0.2228.0 Safari/537.36" "wpfront-notification-bar-landingpage=1"
217.76.130.90 - - [26/Nov/2019:03:49:00 +0100] "POST /wp-cron.php?doing_wp_cron=1574736540.5960459709167480468750 HTTP/1.1" 200 164 "http://amazingsportwear.com/wp-cron.php?doing_wp_cron=1574736540.5960459709167480468750" "WordPress/5.2.4; https://amazingsportwear.com" "-"
106.120.173.81 - - [26/Nov/2019:03:48:59 +0100] "GET /robots.txt HTTP/1.1" 200 394 "-" "Sogou web spider/4.0(+http://www.sogou.com/docs/help/webmasters.htm#07)" "-"
217.76.130.90 - - [26/Nov/2019:03:49:00 +0100] "POST /wp-cron.php?doing_wp_cron=1574736540.5954399108886718750000 HTTP/1.1" 200 164 "http://amazingsportwear.com/wp-cron.php?doing_wp_cron=1574736540.5954399108886718750000" "WordPress/5.2.4; https://amazingsportwear.com" "-"
106.120.173.81 - - [26/Nov/2019:03:48:59 +0100] "GET / HTTP/1.1" 301 298 "-" "Sogou web spider/4.0(+http://www.sogou.com/docs/help/webmasters.htm#07)" "-"
106.120.173.81 - - [26/Nov/2019:03:49:01 +0100] "GET / HTTP/1.1" 200 125728 "-" "Sogou web spider/4.0(+http://www.sogou.com/docs/help/webmasters.htm#07)" "wpfront-notification-bar-landingpage=1;"
217.76.130.90 - - [26/Nov/2019:03:50:33 +0100] "POST /wp-cron.php?doing_wp_cron=1574736633.8265719413757324218750 HTTP/1.1" 200 3389 "https://amazingsportwear.com/wp-cron.php?doing_wp_cron=1574736633.8265719413757324218750" "WordPress/5.2.4; https://amazingsportwear.com" "-"
207.46.13.39 - - [26/Nov/2019:03:50:32 +0100] "GET /producto/linterna-biddick/ HTTP/1.1" 200 96817 "-" "Mozilla/5.0 (compatible; bingbot/2.0; +http://www.bing.com/bingbot.htm)" "-"
217.76.130.90 - - [26/Nov/2019:03:51:15 +0100] "POST /wp-cron.php?doing_wp_cron=1574736675.9398660659790039062500 HTTP/1.1" 200 3389 "https://amazingsportwear.com/wp-cron.php?doing_wp_cron=1574736675.9398660659790039062500" "WordPress/5.2.4; https://amazingsportwear.com" "-"
66.249.66.68 - - [26/Nov/2019:03:51:15 +0100] "GET /author-sitemap.xml HTTP/1.1" 200 4544 "-" "Mozilla/5.0 (compatible; Googlebot/2.1; +http://www.google.com/bot.html)" "-"
217.76.130.90 - - [26/Nov/2019:03:59:53 +0100] "POST /wp-cron.php?doing_wp_cron=1574737193.7742409706115722656250 HTTP/1.1" 200 3389 "https://amazingsportwear.com/wp-cron.php?doing_wp_cron=1574737193.7742409706115722656250" "WordPress/5.2.4; https://amazingsportwear.com" "-"
66.249.66.70 - - [26/Nov/2019:03:59:49 +0100] "GET /producto/camiseta-tecnica-dynamic-woman/ HTTP/1.1" 200 102222 "-" "Mozilla/5.0 (Linux; Android 6.0.1; Nexus 5X Build/MMB29P) AppleWebKit/537.36 (KHTML, like Gecko) Chrome/41.0.2272.96 Mobile Safari/537.36 (compatible; Googlebot/2.1; +http://www.google.com/bot.html)" "-"
66.249.66.68 - - [26/Nov/2019:03:59:57 +0100] "GET /wp-includes/js/jquery/jquery.js HTTP/1.1" 200 100725 "https://amazingsportwear.com/producto/camiseta-tecnica-dynamic-woman/" "Mozilla/5.0 (Linux; Android 6.0.1; Nexus 5X Build/MMB29P) AppleWebKit/537.36 (KHTML, like Gecko) Chrome/41.0.2272.96 Mobile Safari/537.36 (compatible; Googlebot/2.1; +http://www.google.com/bot.html)" "-"
66.102.8.148 - - [26/Nov/2019:04:00:01 +0100] "GET /guia-de-tallas/ HTTP/1.1" 200 84443 "-" "Mozilla/5.0 (Linux; Android 4.2.1; en-us; Nexus 5 Build/JOP40D) AppleWebKit/535.19 (KHTML, like Gecko; googleweblight) Chrome/38.0.1025.166 Mobile Safari/535.19" "-"
66.102.8.146 - - [26/Nov/2019:04:00:01 +0100] "GET /guia-de-tallas/ HTTP/1.1" 200 84484 "-" "Mozilla/5.0 (Linux; Android 4.2.1; en-us; Nexus 5 Build/JOP40D) AppleWebKit/535.19 (KHTML, like Gecko; googleweblight) Chrome/38.0.1025.166 Mobile Safari/535.19" "-"
66.102.8.146 - - [26/Nov/2019:04:00:02 +0100] "GET /wp-content/themes/shopper/assets/sass/woocommerce/woocommerce.css?ver=5.2.4 HTTP/1.1" 200 83534 "https://amazingsportwear.com/guia-de-tallas/" "Mozilla/5.0 (Linux; Android 4.2.1; en-us; Nexus 5 Build/JOP40D) AppleWebKit/535.19 (KHTML, like Gecko; googleweblight) Chrome/38.0.1025.166 Mobile Safari/535.19" "-"
66.102.8.148 - - [26/Nov/2019:04:00:02 +0100] "GET /wp-content/plugins/simple-social-icons/css/style.css?ver=3.0.1 HTTP/1.1" 200 1562 "https://amazingsportwear.com/guia-de-tallas/" "Mozilla/5.0 (Linux; Android 4.2.1; en-us; Nexus 5 Build/JOP40D) AppleWebKit/535.19 (KHTML, like Gecko; googleweblight) Chrome/38.0.1025.166 Mobile Safari/535.19" "-"
66.102.8.146 - - [26/Nov/2019:04:00:02 +0100] "GET /wp-content/themes/shopper/assets/js/shopper.min.js?ver=1.3.8 HTTP/1.1" 200 5994 "https://amazingsportwear.com/guia-de-tallas/" "Mozilla/5.0 (Linux; Android 4.2.1; en-us; Nexus 5 Build/JOP40D) AppleWebKit/535.19 (KHTML, like Gecko; googleweblight) Chrome/38.0.1025.166 Mobile Safari/535.19" "-"
66.102.8.144 - - [26/Nov/2019:04:00:03 +0100] "GET /wp-content/themes/shopper/assets/js/crm.js?ver=1561548510 HTTP/1.1" 200 4237 "https://amazingsportwear.com/guia-de-tallas/" "Mozilla/5.0 (Linux; Android 4.2.1; en-us; Nexus 5 Build/JOP40D) AppleWebKit/535.19 (KHTML, like Gecko; googleweblight) Chrome/38.0.1025.166 Mobile Safari/535.19" "-"
66.102.8.144 - - [26/Nov/2019:04:00:03 +0100] "GET /wp-content/plugins/simple-social-icons/svgxuse.js?ver=1.1.21 HTTP/1.1" 200 12943 "https://amazingsportwear.com/guia-de-tallas/" "Mozilla/5.0 (Linux; Android 4.2.1; en-us; Nexus 5 Build/JOP40D) AppleWebKit/535.19 (KHTML, like Gecko; googleweblight) Chrome/38.0.1025.166 Mobile Safari/535.19" "-"
66.102.8.146 - - [26/Nov/2019:04:00:03 +0100] "GET /wp-content/plugins/woocommerce/assets/js/frontend/add-to-cart.min.js?ver=3.6.4 HTTP/1.1" 200 6346 "https://amazingsportwear.com/guia-de-tallas/" "Mozilla/5.0 (Linux; Android 4.2.1; en-us; Nexus 5 Build/JOP40D) AppleWebKit/535.19 (KHTML, like Gecko; googleweblight) Chrome/38.0.1025.166 Mobile Safari/535.19" "-"
66.102.8.146 - - [26/Nov/2019:04:00:03 +0100] "GET /wp-content/plugins/woocommerce/assets/js/js-cookie/js.cookie.min.js?ver=2.1.4 HTTP/1.1" 200 5550 "https://amazingsportwear.com/guia-de-tallas/" "Mozilla/5.0 (Linux; Android 4.2.1; en-us; Nexus 5 Build/JOP40D) AppleWebKit/535.19 (KHTML, like Gecko; googleweblight) Chrome/38.0.1025.166 Mobile Safari/535.19" "-"
66.102.8.146 - - [26/Nov/2019:04:00:03 +0100] "GET /wp-includes/js/comment-reply.min.js?ver=5.2.4 HTTP/1.1" 200 2575 "https://amazingsportwear.com/guia-de-tallas/" "Mozilla/5.0 (Linux; Android 4.2.1; en-us; Nexus 5 Build/JOP40D) AppleWebKit/535.19 (KHTML, like Gecko; googleweblight) Chrome/38.0.1025.166 Mobile Safari/535.19" "-"
66.102.8.146 - - [26/Nov/2019:04:00:03 +0100] "GET /wp-content/plugins/simple-social-icons/svgxuse.js?ver=1.1.21 HTTP/1.1" 200 12943 "https://amazingsportwear.com/guia-de-tallas/" "Mozilla/5.0 (Linux; Android 4.2.1; en-us; Nexus 5 Build/JOP40D) AppleWebKit/535.19 (KHTML, like Gecko; googleweblight) Chrome/38.0.1025.166 Mobile Safari/535.19" "-"
66.102.8.146 - - [26/Nov/2019:04:00:03 +0100] "GET /wp-includes/js/jquery/jquery.js?ver=1.12.4-wp HTTP/1.1" 200 100725 "https://amazingsportwear.com/guia-de-tallas/" "Mozilla/5.0 (Linux; Android 4.2.1; en-us; Nexus 5 Build/JOP40D) AppleWebKit/535.19 (KHTML, like Gecko; googleweblight) Chrome/38.0.1025.166 Mobile Safari/535.19" "-"
66.102.8.144 - - [26/Nov/2019:04:00:03 +0100] "GET /wp-content/themes/shopper/assets/js/woocommerce/header-cart.min.js?ver=1.3.8 HTTP/1.1" 200 972 "https://amazingsportwear.com/guia-de-tallas/" "Mozilla/5.0 (Linux; Android 4.2.1; en-us; Nexus 5 Build/JOP40D) AppleWebKit/535.19 (KHTML, like Gecko; googleweblight) Chrome/38.0.1025.166 Mobile Safari/535.19" "-"
66.102.8.148 - - [26/Nov/2019:04:00:03 +0100] "GET /wp-content/plugins/cookie-law-info/public/css/cookie-law-info-gdpr.css?ver=1.7.6 HTTP/1.1" 200 15808 "https://amazingsportwear.com/guia-de-tallas/" "Mozilla/5.0 (Linux; Android 4.2.1; en-us; Nexus 5 Build/JOP40D) AppleWebKit/535.19 (KHTML, like Gecko; googleweblight) Chrome/38.0.1025.166 Mobile Safari/535.19" "-"
66.102.8.148 - - [26/Nov/2019:04:00:03 +0100] "GET /wp-content/plugins/wpfront-notification-bar/js/wpfront-notification-bar.js?ver=1.7.1 HTTP/1.1" 200 9025 "https://amazingsportwear.com/guia-de-tallas/" "Mozilla/5.0 (Linux; Android 4.2.1; en-us; Nexus 5 Build/JOP40D) AppleWebKit/535.19 (KHTML, like Gecko; googleweblight) Chrome/38.0.1025.166 Mobile Safari/535.19" "-"
66.102.8.144 - - [26/Nov/2019:04:00:03 +0100] "GET /wp-content/plugins/wpfront-notification-bar/css/wpfront-notification-bar.css?ver=1.7.1 HTTP/1.1" 200 7026 "https://amazingsportwear.com/guia-de-tallas/" "Mozilla/5.0 (Linux; Android 4.2.1; en-us; Nexus 5 Build/JOP40D) AppleWebKit/535.19 (KHTML, like Gecko; googleweblight) Chrome/38.0.1025.166 Mobile Safari/535.19" "-"
66.102.8.144 - - [26/Nov/2019:04:00:03 +0100] "GET /wp-content/plugins/cookie-law-info/public/css/cookie-law-info-public.css?ver=1.7.6 HTTP/1.1" 200 6598 "https://amazingsportwear.com/guia-de-tallas/" "Mozilla/5.0 (Linux; Android 4.2.1; en-us; Nexus 5 Build/JOP40D) AppleWebKit/535.19 (KHTML, like Gecko; googleweblight) Chrome/38.0.1025.166 Mobile Safari/535.19" "-"
66.102.8.148 - - [26/Nov/2019:04:00:03 +0100] "GET /wp-content/plugins/wpfront-notification-bar/jquery-plugins/jquery.c.js?ver=1.4.0 HTTP/1.1" 200 6800 "https://amazingsportwear.com/guia-de-tallas/" "Mozilla/5.0 (Linux; Android 4.2.1; en-us; Nexus 5 Build/JOP40D) AppleWebKit/535.19 (KHTML, like Gecko; googleweblight) Chrome/38.0.1025.166 Mobile Safari/535.19" "-"
66.102.8.148 - - [26/Nov/2019:04:00:03 +0100] "GET /wp-content/plugins/cookie-law-info/public/js/cookie-law-info-public.js?ver=1.7.6 HTTP/1.1" 200 20439 "https://amazingsportwear.com/guia-de-tallas/" "Mozilla/5.0 (Linux; Android 4.2.1; en-us; Nexus 5 Build/JOP40D) AppleWebKit/535.19 (KHTML, like Gecko; googleweblight) Chrome/38.0.1025.166 Mobile Safari/535.19" "-"
66.102.8.148 - - [26/Nov/2019:04:00:03 +0100] "GET /wp-content/plugins/woocommerce/assets/css/blocks/style.css?ver=3.6.4 HTTP/1.1" 200 10060 "https://amazingsportwear.com/guia-de-tallas/" "Mozilla/5.0 (Linux; Android 4.2.1; en-us; Nexus 5 Build/JOP40D) AppleWebKit/535.19 (KHTML, like Gecko; googleweblight) Chrome/38.0.1025.166 Mobile Safari/535.19" "-"
66.102.8.146 - - [26/Nov/2019:04:00:03 +0100] "GET /wp-content/plugins/akismet/_inc/form.js?ver=4.1.2 HTTP/1.1" 200 1040 "https://amazingsportwear.com/guia-de-tallas/" "Mozilla/5.0 (Linux; Android 4.2.1; en-us; Nexus 5 Build/JOP40D) AppleWebKit/535.19 (KHTML, like Gecko; googleweblight) Chrome/38.0.1025.166 Mobile Safari/535.19" "-"
66.102.8.148 - - [26/Nov/2019:04:00:03 +0100] "GET /wp-includes/js/wp-embed.min.js?ver=5.2.4 HTTP/1.1" 200 1744 "https://amazingsportwear.com/guia-de-tallas/" "Mozilla/5.0 (Linux; Android 4.2.1; en-us; Nexus 5 Build/JOP40D) AppleWebKit/535.19 (KHTML, like Gecko; googleweblight) Chrome/38.0.1025.166 Mobile Safari/535.19" "-"
66.102.8.144 - - [26/Nov/2019:04:00:03 +0100] "GET /wp-includes/js/wp-emoji-release.min.js?ver=5.2.4 HTTP/1.1" 200 14183 "https://amazingsportwear.com/guia-de-tallas/" "Mozilla/5.0 (Linux; Android 4.2.1; en-us; Nexus 5 Build/JOP40D) AppleWebKit/535.19 (KHTML, like Gecko; googleweblight) Chrome/38.0.1025.166 Mobile Safari/535.19" "-"
66.102.8.144 - - [26/Nov/2019:04:00:03 +0100] "GET /wp-content/plugins/woocommerce/assets/js/jquery-blockui/jquery.blockUI.min.js?ver=2.70 HTTP/1.1" 200 13271 "https://amazingsportwear.com/guia-de-tallas/" "Mozilla/5.0 (Linux; Android 4.2.1; en-us; Nexus 5 Build/JOP40D) AppleWebKit/535.19 (KHTML, like Gecko; googleweblight) Chrome/38.0.1025.166 Mobile Safari/535.19" "-"
66.102.8.144 - - [26/Nov/2019:04:00:03 +0100] "GET /wp-content/themes/shopper/assets/js/skip-link-focus-fix.js?ver=1.3.8 HTTP/1.1" 200 4386 "https://amazingsportwear.com/guia-de-tallas/" "Mozilla/5.0 (Linux; Android 4.2.1; en-us; Nexus 5 Build/JOP40D) AppleWebKit/535.19 (KHTML, like Gecko; googleweblight) Chrome/38.0.1025.166 Mobile Safari/535.19" "-"
66.102.8.144 - - [26/Nov/2019:04:00:03 +0100] "GET /wp-content/themes/shopper/style.css?ver=1.3.8 HTTP/1.1" 200 128678 "https://amazingsportwear.com/guia-de-tallas/" "Mozilla/5.0 (Linux; Android 4.2.1; en-us; Nexus 5 Build/JOP40D) AppleWebKit/535.19 (KHTML, like Gecko; googleweblight) Chrome/38.0.1025.166 Mobile Safari/535.19" "-"
66.102.8.146 - - [26/Nov/2019:04:00:03 +0100] "GET /wp-content/uploads/2019/05/cropped-asw-white.png HTTP/1.1" 200 7500 "https://amazingsportwear.com/guia-de-tallas/" "Mozilla/5.0 (Linux; Android 4.2.1; en-us; Nexus 5 Build/JOP40D) AppleWebKit/535.19 (KHTML, like Gecko; googleweblight) Chrome/38.0.1025.166 Mobile Safari/535.19" "-"
66.102.8.148 - - [26/Nov/2019:04:00:03 +0100] "GET /wp-content/uploads/2019/05/asw-white-300x126.png HTTP/1.1" 200 12061 "https://amazingsportwear.com/guia-de-tallas/" "Mozilla/5.0 (Linux; Android 4.2.1; en-us; Nexus 5 Build/JOP40D) AppleWebKit/535.19 (KHTML, like Gecko; googleweblight) Chrome/38.0.1025.166 Mobile Safari/535.19" "-"
66.102.8.146 - - [26/Nov/2019:04:00:03 +0100] "GET /wp-includes/css/dist/block-library/style.min.css?ver=5.2.4 HTTP/1.1" 200 33023 "https://amazingsportwear.com/guia-de-tallas/" "Mozilla/5.0 (Linux; Android 4.2.1; en-us; Nexus 5 Build/JOP40D) AppleWebKit/535.19 (KHTML, like Gecko; googleweblight) Chrome/38.0.1025.166 Mobile Safari/535.19" "-"
66.102.8.148 - - [26/Nov/2019:04:00:03 +0100] "GET /wp-content/plugins/woocommerce/assets/js/frontend/woocommerce.min.js?ver=3.6.4 HTTP/1.1" 200 5176 "https://amazingsportwear.com/guia-de-tallas/" "Mozilla/5.0 (Linux; Android 4.2.1; en-us; Nexus 5 Build/JOP40D) AppleWebKit/535.19 (KHTML, like Gecko; googleweblight) Chrome/38.0.1025.166 Mobile Safari/535.19" "-"
66.102.8.146 - - [26/Nov/2019:04:00:03 +0100] "GET /wp-content/plugins/woocommerce/assets/js/frontend/cart-fragments.min.js?ver=3.6.4 HTTP/1.1" 200 6644 "https://amazingsportwear.com/guia-de-tallas/" "Mozilla/5.0 (Linux; Android 4.2.1; en-us; Nexus 5 Build/JOP40D) AppleWebKit/535.19 (KHTML, like Gecko; googleweblight) Chrome/38.0.1025.166 Mobile Safari/535.19" "-"
66.102.8.146 - - [26/Nov/2019:04:00:04 +0100] "GET /wp-includes/js/jquery/jquery-migrate.min.js?ver=1.4.1 HTTP/1.1" 200 13762 "https://amazingsportwear.com/guia-de-tallas/" "Mozilla/5.0 (Linux; Android 4.2.1; en-us; Nexus 5 Build/JOP40D) AppleWebKit/535.19 (KHTML, like Gecko; googleweblight) Chrome/38.0.1025.166 Mobile Safari/535.19" "-"
66.102.8.148 - - [26/Nov/2019:04:00:04 +0100] "GET /wp-content/plugins/wpfront-notification-bar/images/arrow_down.png HTTP/1.1" 200 2562 "https://amazingsportwear.com/wp-content/plugins/wpfront-notification-bar/css/wpfront-notification-bar.css?ver=1.7.1" "Mozilla/5.0 (Linux; Android 4.2.1; en-us; Nexus 5 Build/JOP40D) AppleWebKit/535.19 (KHTML, like Gecko; googleweblight) Chrome/38.0.1025.166 Mobile Safari/535.19" "-"
66.102.8.148 - - [26/Nov/2019:04:00:04 +0100] "GET /wp-content/plugins/simple-social-icons/symbol-defs.svg HTTP/1.1" 200 19699 "https://amazingsportwear.com/guia-de-tallas/" "Mozilla/5.0 (Linux; Android 4.2.1; en-us; Nexus 5 Build/JOP40D) AppleWebKit/535.19 (KHTML, like Gecko; googleweblight) Chrome/38.0.1025.166 Mobile Safari/535.19" "-"
217.76.130.90 - - [26/Nov/2019:04:00:05 +0100] "POST /wp-cron.php?doing_wp_cron=1574737205.3736159801483154296875 HTTP/1.1" 200 3389 "https://amazingsportwear.com/wp-cron.php?doing_wp_cron=1574737205.3736159801483154296875" "WordPress/5.2.4; https://amazingsportwear.com" "-"
66.102.8.148 - - [26/Nov/2019:04:00:04 +0100] "POST /?wc-ajax=get_refreshed_fragments HTTP/1.1" 200 1397 "https://amazingsportwear.com/guia-de-tallas/" "Mozilla/5.0 (Linux; Android 4.2.1; en-us; Nexus 5 Build/JOP40D) AppleWebKit/535.19 (KHTML, like Gecko; googleweblight) Chrome/38.0.1025.166 Mobile Safari/535.19" "-"
181.234.87.189 - - [26/Nov/2019:04:13:10 +0100] "GET /wp-content/uploads/2019/04/gorra-five-4.png HTTP/1.1" 200 69496 "https://www.google.com/" "Mozilla/5.0 (Windows NT 6.1; Win64; x64) AppleWebKit/537.36 (KHTML, like Gecko) Chrome/78.0.3904.108 Safari/537.36" "-"
217.76.130.90 - - [26/Nov/2019:04:21:53 +0100] "POST /wp-cron.php?doing_wp_cron=1574738513.3101859092712402343750 HTTP/1.1" 200 3389 "https://amazingsportwear.com/wp-cron.php?doing_wp_cron=1574738513.3101859092712402343750" "WordPress/5.2.4; https://amazingsportwear.com" "-"
66.249.66.70 - - [26/Nov/2019:04:21:50 +0100] "GET /producto/camiseta-tecnica-spain/ HTTP/1.1" 200 100530 "-" "Mozilla/5.0 (compatible; Googlebot/2.1; +http://www.google.com/bot.html)" "-"
217.76.130.90 - - [26/Nov/2019:04:25:33 +0100] "POST /wp-cron.php?doing_wp_cron=1574738733.8789761066436767578125 HTTP/1.1" 200 3389 "https://amazingsportwear.com/wp-cron.php?doing_wp_cron=1574738733.8789761066436767578125" "WordPress/5.2.4; https://amazingsportwear.com" "-"
66.249.66.68 - - [26/Nov/2019:04:25:33 +0100] "GET /producto/camiseta-tecnica-arabia-mujer-eny-ar02-blanca/ HTTP/1.1" 200 104778 "-" "Mozilla/5.0 (compatible; Googlebot/2.1; +http://www.google.com/bot.html)" "-"
66.249.66.66 - - [26/Nov/2019:04:25:39 +0100] "POST /?wc-ajax=get_refreshed_fragments HTTP/1.1" 200 4760 "https://amazingsportwear.com/producto/camiseta-tecnica-arabia-mujer-eny-ar02-blanca/" "Mozilla/5.0 AppleWebKit/537.36 (KHTML, like Gecko; compatible; Googlebot/2.1; +http://www.google.com/bot.html) Safari/537.36" "_ga=GA1.2.931330593.1574726400; _gid=GA1.2.2074753562.1574726400; _gat_gtag_UA_91619287_1=1"
66.249.66.66 - - [26/Nov/2019:04:25:57 +0100] "GET /producto/camiseta-basket-con-costadillos-3/ HTTP/1.1" 200 77819 "-" "Mozilla/5.0 (Linux; Android 6.0.1; Nexus 5X Build/MMB29P) AppleWebKit/537.36 (KHTML, like Gecko) Chrome/41.0.2272.96 Mobile Safari/537.36 (compatible; Googlebot/2.1; +http://www.google.com/bot.html)" "-"
66.249.66.66 - - [26/Nov/2019:04:26:31 +0100] "GET /wp-includes/js/wp-emoji-release.min.js?ver=5.2.3 HTTP/1.1" 200 17546 "https://amazingsportwear.com/producto/camiseta-basket-con-costadillos-2/" "Mozilla/5.0 (Linux; Android 6.0.1; Nexus 5X Build/MMB29P) AppleWebKit/537.36 (KHTML, like Gecko) Chrome/41.0.2272.96 Mobile Safari/537.36 (compatible; Googlebot/2.1; +http://www.google.com/bot.html)" "-"
217.76.130.90 - - [26/Nov/2019:04:26:38 +0100] "POST /wp-cron.php?doing_wp_cron=1574738798.0124459266662597656250 HTTP/1.1" 200 3389 "https://amazingsportwear.com/wp-cron.php?doing_wp_cron=1574738798.0124459266662597656250" "WordPress/5.2.4; https://amazingsportwear.com" "-"
66.249.66.66 - - [26/Nov/2019:04:26:37 +0100] "POST /?wc-ajax=get_refreshed_fragments HTTP/1.1" 200 1397 "https://amazingsportwear.com/producto/camiseta-basket-con-costadillos-2/" "Mozilla/5.0 (Linux; Android 6.0.1; Nexus 5X Build/MMB29P) AppleWebKit/537.36 (KHTML, like Gecko) Chrome/41.0.2272.96 Mobile Safari/537.36 (compatible; Googlebot/2.1; +http://www.google.com/bot.html)" "_ga=GA1.2.1884029788.1569801600; _gid=GA1.2.969013651.1569801600; _gat_gtag_UA_91619287_1=1"
181.114.125.153 - - [26/Nov/2019:04:34:45 +0100] "GET /wp-content/uploads/2017/01/cam-basic2.png HTTP/1.1" 200 168035 "https://www.google.com/" "Mozilla/5.0 (Linux; Android 8.0.0; RNE-L23) AppleWebKit/537.36 (KHTML, like Gecko) Chrome/76.0.3809.111 Mobile Safari/537.36" "-"
217.76.130.90 - - [26/Nov/2019:04:36:31 +0100] "POST /wp-cron.php?doing_wp_cron=1574739391.3859739303588867187500 HTTP/1.1" 200 164 "http://amazingsportwear.com/wp-cron.php?doing_wp_cron=1574739391.3859739303588867187500" "WordPress/5.2.4; https://amazingsportwear.com" "-"
157.55.39.68 - - [26/Nov/2019:04:36:25 +0100] "GET /tienda/176-pantalon-mujer-rocky-nath-rocky.html HTTP/1.1" 404 68050 "-" "Mozilla/5.0 (iPhone; CPU iPhone OS 7_0 like Mac OS X) AppleWebKit/537.51.1 (KHTML, like Gecko) Version/7.0 Mobile/11A465 Safari/9537.53 (compatible; bingbot/2.0; +http://www.bing.com/bingbot.htm)" "-"
217.76.130.90 - - [26/Nov/2019:04:40:23 +0100] "POST /wp-cron.php?doing_wp_cron=1574739623.6491088867187500000000 HTTP/1.1" 200 3389 "https://amazingsportwear.com/wp-cron.php?doing_wp_cron=1574739623.6491088867187500000000" "WordPress/5.2.4; https://amazingsportwear.com" "-"
157.55.39.68 - - [26/Nov/2019:04:40:22 +0100] "GET /producto/bidon-boxter/ HTTP/1.1" 200 95380 "-" "Mozilla/5.0 (compatible; bingbot/2.0; +http://www.bing.com/bingbot.htm)" "-"
190.99.43.201 - - [26/Nov/2019:04:43:07 +0100] "GET /wp-content/uploads/2019/04/Gorra-sport-6.png HTTP/1.1" 200 44623 "https://www.google.com.sv/" "Mozilla/5.0 (Windows NT 10.0; Win64; x64) AppleWebKit/537.36 (KHTML, like Gecko) Chrome/78.0.3904.97 Safari/537.36" "-"
143.137.20.17 - - [26/Nov/2019:04:44:34 +0100] "GET /wp-content/uploads/2017/01/cam-ranglan3-maristas.jpg HTTP/1.1" 200 83269 "https://www.google.com/" "Mozilla/5.0 (Linux; Android 7.0; SM-J710MN) AppleWebKit/537.36 (KHTML, like Gecko) Chrome/70.0.3538.80 Mobile Safari/537.36" "-"
143.137.20.17 - - [26/Nov/2019:04:45:23 +0100] "GET /wp-content/uploads/2017/01/cam-ranglan3-maristas.jpg HTTP/1.1" 206 527 "https://www.google.com/" "Mozilla/5.0 (Linux; Android 7.0; SM-J710MN) AppleWebKit/537.36 (KHTML, like Gecko) Chrome/70.0.3538.80 Mobile Safari/537.36" "-"
143.137.20.17 - - [26/Nov/2019:04:45:25 +0100] "GET /wp-content/uploads/2017/01/cam-ranglan3-maristas.jpg HTTP/1.1" 206 63546 "https://www.google.com/" "Mozilla/5.0 (Linux; Android 7.0; SM-J710MN) AppleWebKit/537.36 (KHTML, like Gecko) Chrome/70.0.3538.80 Mobile Safari/537.36" "-"
157.55.39.68 - - [26/Nov/2019:04:48:56 +0100] "GET /wp-content/uploads/2018/05/bandanaBuff_comoponerlo.jpg HTTP/1.1" 200 14006 "-" "Mozilla/5.0 (compatible; bingbot/2.0; +http://www.bing.com/bingbot.htm)" "-"
217.76.130.90 - - [26/Nov/2019:04:52:50 +0100] "POST /wp-cron.php?doing_wp_cron=1574740370.6308410167694091796875 HTTP/1.1" 200 3389 "https://amazingsportwear.com/wp-cron.php?doing_wp_cron=1574740370.6308410167694091796875" "WordPress/5.2.4; https://amazingsportwear.com" "-"
186.86.52.25 - - [26/Nov/2019:04:52:45 +0100] "GET / HTTP/1.1" 200 125607 "https://www.google.com.co/" "Mozilla/5.0 (iPhone; CPU iPhone OS 13_2 like Mac OS X) AppleWebKit/605.1.15 (KHTML, like Gecko) Version/13.0.3 Mobile/15E148 Safari/604.1" "-"
186.86.52.25 - - [26/Nov/2019:04:52:52 +0100] "GET /wp-content/plugins/woocommerce/assets/css/blocks/style.css?ver=3.6.4 HTTP/1.1" 200 6835 "https://amazingsportwear.com/" "Mozilla/5.0 (iPhone; CPU iPhone OS 13_2 like Mac OS X) AppleWebKit/605.1.15 (KHTML, like Gecko) Version/13.0.3 Mobile/15E148 Safari/604.1" "wpfront-notification-bar-landingpage=1"
186.86.52.25 - - [26/Nov/2019:04:52:52 +0100] "GET /wp-content/plugins/cookie-law-info/public/css/cookie-law-info-gdpr.css?ver=1.7.6 HTTP/1.1" 200 12445 "https://amazingsportwear.com/" "Mozilla/5.0 (iPhone; CPU iPhone OS 13_2 like Mac OS X) AppleWebKit/605.1.15 (KHTML, like Gecko) Version/13.0.3 Mobile/15E148 Safari/604.1" "wpfront-notification-bar-landingpage=1"
186.86.52.25 - - [26/Nov/2019:04:52:52 +0100] "GET /wp-content/plugins/cookie-law-info/public/css/cookie-law-info-public.css?ver=1.7.6 HTTP/1.1" 200 6403 "https://amazingsportwear.com/" "Mozilla/5.0 (iPhone; CPU iPhone OS 13_2 like Mac OS X) AppleWebKit/605.1.15 (KHTML, like Gecko) Version/13.0.3 Mobile/15E148 Safari/604.1" "wpfront-notification-bar-landingpage=1"
186.86.52.25 - - [26/Nov/2019:04:52:52 +0100] "GET /wp-content/plugins/wpfront-notification-bar/css/wpfront-notification-bar.css?ver=1.7.1 HTTP/1.1" 200 3663 "https://amazingsportwear.com/" "Mozilla/5.0 (iPhone; CPU iPhone OS 13_2 like Mac OS X) AppleWebKit/605.1.15 (KHTML, like Gecko) Version/13.0.3 Mobile/15E148 Safari/604.1" "wpfront-notification-bar-landingpage=1"
186.86.52.25 - - [26/Nov/2019:04:52:52 +0100] "GET /wp-includes/css/dist/block-library/style.min.css?ver=5.2.4 HTTP/1.1" 200 32828 "https://amazingsportwear.com/" "Mozilla/5.0 (iPhone; CPU iPhone OS 13_2 like Mac OS X) AppleWebKit/605.1.15 (KHTML, like Gecko) Version/13.0.3 Mobile/15E148 Safari/604.1" "wpfront-notification-bar-landingpage=1"
186.86.52.25 - - [26/Nov/2019:04:52:52 +0100] "GET /wp-content/themes/shopper/style.css?ver=1.3.8 HTTP/1.1" 200 125315 "https://amazingsportwear.com/" "Mozilla/5.0 (iPhone; CPU iPhone OS 13_2 like Mac OS X) AppleWebKit/605.1.15 (KHTML, like Gecko) Version/13.0.3 Mobile/15E148 Safari/604.1" "wpfront-notification-bar-landingpage=1"
186.86.52.25 - - [26/Nov/2019:04:52:53 +0100] "GET /wp-content/plugins/simple-social-icons/css/style.css?ver=3.0.1 HTTP/1.1" 200 1562 "https://amazingsportwear.com/" "Mozilla/5.0 (iPhone; CPU iPhone OS 13_2 like Mac OS X) AppleWebKit/605.1.15 (KHTML, like Gecko) Version/13.0.3 Mobile/15E148 Safari/604.1" "wpfront-notification-bar-landingpage=1"
