217.76.130.90 - - [09/Dec/2019:18:34:12 +0100] "POST /wp-cron.php?doing_wp_cron=1575912852.9309608936309814453125 HTTP/1.1" 200 3389 "https://amazingsportwear.com/wp-cron.php?doing_wp_cron=1575912852.9309608936309814453125" "WordPress/5.2.4; https://amazingsportwear.com" "-"
66.249.64.146 - - [09/Dec/2019:18:34:12 +0100] "GET /categoria-producto/deportes/ HTTP/1.1" 200 74336 "-" "Mozilla/5.0 (compatible; Googlebot/2.1; +http://www.google.com/bot.html)" "-"
66.249.64.144 - - [09/Dec/2019:18:34:18 +0100] "GET /categoria-producto/deportes/ HTTP/1.1" 200 74366 "-" "Mozilla/5.0 (compatible; Googlebot/2.1; +http://www.google.com/bot.html)" "-"
66.249.64.144 - - [09/Dec/2019:18:34:22 +0100] "POST /?wc-ajax=get_refreshed_fragments HTTP/1.1" 200 1397 "https://amazingsportwear.com/categoria-producto/deportes/" "Mozilla/5.0 AppleWebKit/537.36 (KHTML, like Gecko; compatible; Googlebot/2.1; +http://www.google.com/bot.html) Safari/537.36" "_ga=GA1.2.2114912494.1575849600; _gid=GA1.2.931330593.1575849600; _gat_gtag_UA_91619287_1=1"
217.76.130.90 - - [09/Dec/2019:18:35:46 +0100] "POST /wp-cron.php?doing_wp_cron=1575912945.9830679893493652343750 HTTP/1.1" 200 3389 "https://amazingsportwear.com/wp-cron.php?doing_wp_cron=1575912945.9830679893493652343750" "WordPress/5.2.4; https://amazingsportwear.com" "-"
66.249.64.144 - - [09/Dec/2019:18:35:45 +0100] "GET /categoria-producto/accesorios/mochilas/ HTTP/1.1" 200 74789 "-" "Mozilla/5.0 (Linux; Android 6.0.1; Nexus 5X Build/MMB29P) AppleWebKit/537.36 (KHTML, like Gecko) Chrome/41.0.2272.96 Mobile Safari/537.36 (compatible; Googlebot/2.1; +http://www.google.com/bot.html)" "-"
217.76.130.90 - - [09/Dec/2019:18:42:29 +0100] "POST /wp-cron.php?doing_wp_cron=1575913349.4218239784240722656250 HTTP/1.1" 200 3389 "https://amazingsportwear.com/wp-cron.php?doing_wp_cron=1575913349.4218239784240722656250" "WordPress/5.2.4; https://amazingsportwear.com" "-"
207.46.13.159 - - [09/Dec/2019:18:42:26 +0100] "GET /pago-seguro/feed/ HTTP/1.1" 200 4840 "-" "msnbot/2.0b (+http://search.msn.com/msnbot.htm)" "-"
207.46.13.159 - - [09/Dec/2019:18:42:29 +0100] "GET /pago-seguro/feed/ HTTP/1.1" 200 4840 "-" "msnbot/2.0b (+http://search.msn.com/msnbot.htm)" "-"
217.76.130.90 - - [09/Dec/2019:18:46:52 +0100] "POST /wp-cron.php?doing_wp_cron=1575913612.2735900878906250000000 HTTP/1.1" 200 164 "http://amazingsportwear.com/wp-cron.php?doing_wp_cron=1575913612.2735900878906250000000" "WordPress/5.2.4; https://amazingsportwear.com" "-"
91.106.199.104 - - [09/Dec/2019:18:46:51 +0100] "GET /robots.txt HTTP/1.1" 200 394 "-" "Mozilla/5.0 (compatible; tracemyfile/1.0; +bot@tracemyfile.com)" "-"
91.106.199.104 - - [09/Dec/2019:18:46:52 +0100] "GET /wp-content/plugins/cookie-law-info/public/css/cookie-law-info-gdpr.css HTTP/1.1" 200 12350 "-" "Mozilla/5.0 (compatible; tracemyfile/1.0)" "-"
217.76.130.90 - - [09/Dec/2019:18:47:51 +0100] "POST /wp-cron.php?doing_wp_cron=1575913671.5485088825225830078125 HTTP/1.1" 200 3389 "https://amazingsportwear.com/wp-cron.php?doing_wp_cron=1575913671.5485088825225830078125" "WordPress/5.2.4; https://amazingsportwear.com" "-"
111.74.214.4 - - [09/Dec/2019:18:47:50 +0100] "GET /producto/camiseta-manga-corta-basket-2?add-to-cart=18692 HTTP/1.1" 301 4821 "-" "Mozilla/5.0 (Linux; Android 7.0; FRD-AL00 Build/HUAWEIFRD-AL00; wv) AppleWebKit/537.36 (KHTML, like Gecko) Version/4.0 Chrome/53.0.2785.49 Mobile MQQBrowser/6.2 TBS/043602 Safari/537.36 MicroMessenger/6.5.16.1120 NetType/WIFI Language/zh_CN" "-"
106.57.150.160 - - [09/Dec/2019:18:47:56 +0100] "GET /producto/luz-intermitente-slapz-pf-10031900 HTTP/1.1" 301 3567 "-" "Mozilla/5.0(Linux;Android 5.1.1;OPPO A33 Build/LMY47V;wv) AppleWebKit/537.36(KHTML,link Gecko) Version/4.0 Chrome/42.0.2311.138 Mobile Safari/537.36 Mb2345Browser/9.0" "-"
111.74.214.4 - - [09/Dec/2019:18:47:57 +0100] "GET /producto/camiseta-manga-corta-basket-2/?add-to-cart=18692 HTTP/1.1" 200 77914 "-" "Mozilla/5.0 (Linux; Android 7.0; FRD-AL00 Build/HUAWEIFRD-AL00; wv) AppleWebKit/537.36 (KHTML, like Gecko) Version/4.0 Chrome/53.0.2785.49 Mobile MQQBrowser/6.2 TBS/043602 Safari/537.36 MicroMessenger/6.5.16.1120 NetType/WIFI Language/zh_CN" "woocommerce_cart_hash=4d3589bd0812f6796106138d55017116; woocommerce_items_in_cart=1; wp_woocommerce_session_fb86dbb0e6335d960ea3e94e06b25287=0ed5479b3a5eae0ef3b82c82b9fb7d4b%7C%7C1576086471%7C%7C1576082871%7C%7C74cda448ea37aa779d17a5e1872ff2dc; wpfront-notification-bar-landingpage=1"
106.57.150.160 - - [09/Dec/2019:18:47:59 +0100] "GET /producto/luz-intermitente-slapz-pf-10031900/ HTTP/1.1" 200 91884 "-" "Mozilla/5.0(Linux;Android 5.1.1;OPPO A33 Build/LMY47V;wv) AppleWebKit/537.36(KHTML,link Gecko) Version/4.0 Chrome/42.0.2311.138 Mobile Safari/537.36 Mb2345Browser/9.0" "wpfront-notification-bar-landingpage=1"
106.35.173.189 - - [09/Dec/2019:18:48:00 +0100] "GET /producto/gorra-nino-sportkid/ HTTP/1.1" 200 93169 "-" "Mozilla/5.0(Linux;U;Android 5.1.1;zh-CN;OPPO A33 Build/LMY47V) AppleWebKit/537.36(KHTML,like Gecko) Version/4.0 Chrome/40.0.2214.89 UCBrowser/11.7.0.953 Mobile Safari/537.36" "-"
223.215.57.72 - - [09/Dec/2019:18:48:01 +0100] "GET /etiqueta-producto/camiseta-adulto HTTP/1.1" 301 3557 "-" "Mozilla/5.0(Linux;Android 5.1.1;OPPO A33 Build/LMY47V;wv) AppleWebKit/537.36(KHTML,link Gecko) Version/4.0 Chrome/43.0.2357.121 Mobile Safari/537.36 LieBaoFast/4.51.3" "-"
217.76.130.90 - - [09/Dec/2019:18:48:05 +0100] "POST /wp-cron.php?doing_wp_cron=1575913685.8206679821014404296875 HTTP/1.1" 200 3389 "https://amazingsportwear.com/wp-cron.php?doing_wp_cron=1575913685.8206679821014404296875" "WordPress/5.2.4; https://amazingsportwear.com" "-"
223.215.57.72 - - [09/Dec/2019:18:48:05 +0100] "GET /etiqueta-producto/camiseta-adulto/ HTTP/1.1" 200 75519 "-" "Mozilla/5.0(Linux;Android 5.1.1;OPPO A33 Build/LMY47V;wv) AppleWebKit/537.36(KHTML,link Gecko) Version/4.0 Chrome/43.0.2357.121 Mobile Safari/537.36 LieBaoFast/4.51.3" "wpfront-notification-bar-landingpage=1"
123.162.174.37 - - [09/Dec/2019:18:48:07 +0100] "GET /categoria-producto/mujer/camisetas-mujer HTTP/1.1" 301 3564 "-" "Mozilla/5.0 (Linux; Android 7.0; FRD-AL00 Build/HUAWEIFRD-AL00; wv) AppleWebKit/537.36 (KHTML, like Gecko) Version/4.0 Chrome/53.0.2785.49 Mobile MQQBrowser/6.2 TBS/043602 Safari/537.36 MicroMessenger/6.5.16.1120 NetType/WIFI Language/zh_CN" "-"
60.168.87.238 - - [09/Dec/2019:18:48:09 +0100] "GET /producto/pantalon-basket-2?add-to-cart=18693 HTTP/1.1" 301 4809 "-" "Mozilla/5.0(Linux;Android 5.1.1;OPPO A33 Build/LMY47V;wv) AppleWebKit/537.36(KHTML,link Gecko) Version/4.0 Chrome/43.0.2357.121 Mobile Safari/537.36 LieBaoFast/4.51.3" "-"
66.249.88.19 - - [09/Dec/2019:18:48:09 +0100] "GET /img/cms/tienda/CAT-5248-COLORES.jpg HTTP/1.1" 404 68058 "https://www.google.com/" "Mozilla/5.0 (Linux; Android 8.1.0; SM-J410G) AppleWebKit/537.36 (KHTML, like Gecko) Chrome/77.0.3865.92 Mobile Safari/537.36" "-"
66.249.88.19 - - [09/Dec/2019:18:48:11 +0100] "GET /img/cms/tienda/CAT-5248-COLORES.jpg HTTP/1.1" 404 68058 "https://www.google.com/" "Mozilla/5.0 (Linux; Android 8.1.0; SM-J410G) AppleWebKit/537.36 (KHTML, like Gecko) Chrome/77.0.3865.92 Mobile Safari/537.36" "-"
60.168.87.238 - - [09/Dec/2019:18:48:14 +0100] "GET /producto/pantalon-basket-2/?add-to-cart=18693 HTTP/1.1" 200 76740 "-" "Mozilla/5.0(Linux;Android 5.1.1;OPPO A33 Build/LMY47V;wv) AppleWebKit/537.36(KHTML,link Gecko) Version/4.0 Chrome/43.0.2357.121 Mobile Safari/537.36 LieBaoFast/4.51.3" "woocommerce_cart_hash=4f8e3f473cb595d56980526ad2041009; woocommerce_items_in_cart=1; wp_woocommerce_session_fb86dbb0e6335d960ea3e94e06b25287=1bf6b35f0939391146fcaa68e51c6563%7C%7C1576086489%7C%7C1576082889%7C%7C750db724770a288cdec85961f51c60d5; wpfront-notification-bar-landingpage=1"
123.162.174.37 - - [09/Dec/2019:18:48:14 +0100] "GET /categoria-producto/mujer/camisetas-mujer/ HTTP/1.1" 200 77454 "-" "Mozilla/5.0 (Linux; Android 7.0; FRD-AL00 Build/HUAWEIFRD-AL00; wv) AppleWebKit/537.36 (KHTML, like Gecko) Version/4.0 Chrome/53.0.2785.49 Mobile MQQBrowser/6.2 TBS/043602 Safari/537.36 MicroMessenger/6.5.16.1120 NetType/WIFI Language/zh_CN" "wpfront-notification-bar-landingpage=1"
218.91.103.105 - - [09/Dec/2019:18:48:17 +0100] "GET /producto/camiseta-manga-corta-basket-2?add-to-cart=18694 HTTP/1.1" 301 4821 "-" "Mozilla/5.0(Linux;U;Android 5.1.1;zh-CN;OPPO A33 Build/LMY47V) AppleWebKit/537.36(KHTML,like Gecko) Version/4.0 Chrome/40.0.2214.89 UCBrowser/11.7.0.953 Mobile Safari/537.36" "-"
84.88.181.20 - - [09/Dec/2019:18:48:22 +0100] "GET /wp-content/uploads/2019/03/SA-0405-1.png HTTP/1.1" 200 47645 "https://www.google.com/" "Mozilla/5.0 (Macintosh; Intel Mac OS X 10_13_6) AppleWebKit/605.1.15 (KHTML, like Gecko) Version/13.0.3 Safari/605.1.15" "-"
218.91.103.105 - - [09/Dec/2019:18:48:46 +0100] "GET /producto/camiseta-manga-corta-basket-2/?add-to-cart=18694 HTTP/1.1" 200 77885 "-" "Mozilla/5.0(Linux;U;Android 5.1.1;zh-CN;OPPO A33 Build/LMY47V) AppleWebKit/537.36(KHTML,like Gecko) Version/4.0 Chrome/40.0.2214.89 UCBrowser/11.7.0.953 Mobile Safari/537.36" "woocommerce_cart_hash=4d788c9ba4af6a2039b521fb98911398; woocommerce_items_in_cart=1; wp_woocommerce_session_fb86dbb0e6335d960ea3e94e06b25287=308cc11edc29901d886e79d2cf270763%7C%7C1576086498%7C%7C1576082898%7C%7C38f605e3e1b61eb4abcb0373a9474d09; wpfront-notification-bar-landingpage=1"
125.105.242.230 - - [09/Dec/2019:18:48:59 +0100] "GET /producto/camiseta-portero-futbol-manga-larga-2?add-to-cart=18693 HTTP/1.1" 301 4829 "-" "Mozilla/5.0(Linux;Android 5.1.1;OPPO A33 Build/LMY47V;wv) AppleWebKit/537.36(KHTML,link Gecko) Version/4.0 Chrome/43.0.2357.121 Mobile Safari/537.36 LieBaoFast/4.51.3" "-"
217.76.130.90 - - [09/Dec/2019:18:49:07 +0100] "POST /wp-cron.php?doing_wp_cron=1575913747.0792560577392578125000 HTTP/1.1" 200 3389 "https://amazingsportwear.com/wp-cron.php?doing_wp_cron=1575913747.0792560577392578125000" "WordPress/5.2.4; https://amazingsportwear.com" "-"
125.105.242.230 - - [09/Dec/2019:18:49:06 +0100] "GET /producto/camiseta-portero-futbol-manga-larga-2/?add-to-cart=18693 HTTP/1.1" 200 76918 "-" "Mozilla/5.0(Linux;Android 5.1.1;OPPO A33 Build/LMY47V;wv) AppleWebKit/537.36(KHTML,link Gecko) Version/4.0 Chrome/43.0.2357.121 Mobile Safari/537.36 LieBaoFast/4.51.3" "woocommerce_cart_hash=4f8e3f473cb595d56980526ad2041009; woocommerce_items_in_cart=1; wp_woocommerce_session_fb86dbb0e6335d960ea3e94e06b25287=11ebddfb96f10d726525ab570e44f0d1%7C%7C1576086540%7C%7C1576082940%7C%7Ce24503b27b1e2834a558944c3253aa1a; wpfront-notification-bar-landingpage=1"
121.232.111.95 - - [09/Dec/2019:18:49:13 +0100] "GET /producto/bidon-vandix HTTP/1.1" 301 3545 "-" "Mozilla/5.0(Linux;Android 5.1.1;OPPO A33 Build/LMY47V;wv) AppleWebKit/537.36(KHTML,link Gecko) Version/4.0 Chrome/42.0.2311.138 Mobile Safari/537.36 Mb2345Browser/9.0" "-"
111.79.249.217 - - [09/Dec/2019:18:49:10 +0100] "GET /wp-content/uploads/2017/03/sa-0415_221.jpg HTTP/1.1" 200 87252 "-" "Mozilla/5.0(Linux;U;Android 5.1.1;zh-CN;OPPO A33 Build/LMY47V) AppleWebKit/537.36(KHTML,like Gecko) Version/4.0 Chrome/40.0.2214.89 UCBrowser/11.7.0.953 Mobile Safari/537.36" "-"
121.232.111.95 - - [09/Dec/2019:18:49:19 +0100] "GET /producto/bidon-vandix/ HTTP/1.1" 200 99025 "-" "Mozilla/5.0(Linux;Android 5.1.1;OPPO A33 Build/LMY47V;wv) AppleWebKit/537.36(KHTML,link Gecko) Version/4.0 Chrome/42.0.2311.138 Mobile Safari/537.36 Mb2345Browser/9.0" "wpfront-notification-bar-landingpage=1"
123.12.99.220 - - [09/Dec/2019:18:49:36 +0100] "GET /producto/camiseta-manga-corta-basket-2?add-to-cart=18679 HTTP/1.1" 301 4821 "-" "Mozilla/5.0 (Linux; Android 7.0; FRD-AL00 Build/HUAWEIFRD-AL00; wv) AppleWebKit/537.36 (KHTML, like Gecko) Version/4.0 Chrome/53.0.2785.49 Mobile MQQBrowser/6.2 TBS/043602 Safari/537.36 MicroMessenger/6.5.16.1120 NetType/WIFI Language/zh_CN" "-"
217.76.130.90 - - [09/Dec/2019:18:52:09 +0100] "POST /wp-cron.php?doing_wp_cron=1575913929.8724598884582519531250 HTTP/1.1" 200 3389 "https://amazingsportwear.com/wp-cron.php?doing_wp_cron=1575913929.8724598884582519531250" "WordPress/5.2.4; https://amazingsportwear.com" "-"
112.84.193.3 - - [09/Dec/2019:18:52:08 +0100] "GET /etiqueta-producto/icaria HTTP/1.1" 301 3548 "-" "Mozilla/5.0(Linux;Android 5.1.1;OPPO A33 Build/LMY47V;wv) AppleWebKit/537.36(KHTML,link Gecko) Version/4.0 Chrome/42.0.2311.138 Mobile Safari/537.36 Mb2345Browser/9.0" "-"
112.84.193.3 - - [09/Dec/2019:18:52:13 +0100] "GET /etiqueta-producto/icaria/ HTTP/1.1" 200 55543 "-" "Mozilla/5.0(Linux;Android 5.1.1;OPPO A33 Build/LMY47V;wv) AppleWebKit/537.36(KHTML,link Gecko) Version/4.0 Chrome/42.0.2311.138 Mobile Safari/537.36 Mb2345Browser/9.0" "wpfront-notification-bar-landingpage=1"
217.76.130.90 - - [09/Dec/2019:18:55:49 +0100] "POST /wp-cron.php?doing_wp_cron=1575914149.5420649051666259765625 HTTP/1.1" 200 3389 "https://amazingsportwear.com/wp-cron.php?doing_wp_cron=1575914149.5420649051666259765625" "WordPress/5.2.4; https://amazingsportwear.com" "-"
66.249.64.144 - - [09/Dec/2019:18:55:48 +0100] "GET /politica-de-privacidad-rgpd-2018/ HTTP/1.1" 200 75439 "-" "Mozilla/5.0 (compatible; Googlebot/2.1; +http://www.google.com/bot.html)" "-"
79.152.166.58 - - [09/Dec/2019:18:57:28 +0100] "GET /wp-content/uploads/2019/04/SA-5074-7.png HTTP/1.1" 200 88390 "https://www.google.com/" "Mozilla/5.0 (Linux; Android 4.4.2; SM-T230 Build/KOT49H) AppleWebKit/537.36 (KHTML, like Gecko) Version/4.0 Chrome/30.0.0.0 Safari/537.36 GSA/9.94.7.16.arm" "-"
79.152.166.58 - - [09/Dec/2019:18:58:14 +0100] "GET /wp-content/uploads/2019/04/SA-5074-6.png HTTP/1.1" 200 84789 "https://www.google.com/" "Mozilla/5.0 (Linux; Android 4.4.2; SM-T230 Build/KOT49H) AppleWebKit/537.36 (KHTML, like Gecko) Version/4.0 Chrome/30.0.0.0 Safari/537.36 GSA/9.94.7.16.arm" "-"
189.156.42.55 - - [09/Dec/2019:18:58:17 +0100] "GET /wp-content/uploads/2019/04/gorra-lorenz-4.png HTTP/1.1" 200 77974 "https://www.google.com/" "Mozilla/5.0 (Windows NT 10.0) AppleWebKit/537.36 (KHTML, like Gecko) Chrome/78.0.3904.108 Safari/537.36" "-"
217.76.130.90 - - [09/Dec/2019:18:58:26 +0100] "POST /wp-cron.php?doing_wp_cron=1575914306.4753530025482177734375 HTTP/1.1" 200 3389 "https://amazingsportwear.com/wp-cron.php?doing_wp_cron=1575914306.4753530025482177734375" "WordPress/5.2.4; https://amazingsportwear.com" "-"
66.249.64.144 - - [09/Dec/2019:18:58:22 +0100] "GET /producto/camiseta-tecnica-tirantes-sa-0563/ HTTP/1.1" 200 107415 "-" "Mozilla/5.0 (compatible; Googlebot/2.1; +http://www.google.com/bot.html)" "-"
217.76.130.90 - - [09/Dec/2019:19:01:50 +0100] "POST /wp-cron.php?doing_wp_cron=1575914510.8694961071014404296875 HTTP/1.1" 200 3389 "https://amazingsportwear.com/wp-cron.php?doing_wp_cron=1575914510.8694961071014404296875" "WordPress/5.2.4; https://amazingsportwear.com" "-"
66.249.64.144 - - [09/Dec/2019:19:01:50 +0100] "GET /tienda/387-gorra-kisse.html HTTP/1.1" 404 72269 "-" "Mozilla/5.0 (Linux; Android 6.0.1; Nexus 5X Build/MMB29P) AppleWebKit/537.36 (KHTML, like Gecko) Chrome/41.0.2272.96 Mobile Safari/537.36 (compatible; Googlebot/2.1; +http://www.google.com/bot.html)" "-"
217.76.130.90 - - [09/Dec/2019:19:04:30 +0100] "POST /wp-cron.php?doing_wp_cron=1575914670.4148449897766113281250 HTTP/1.1" 200 3389 "https://amazingsportwear.com/wp-cron.php?doing_wp_cron=1575914670.4148449897766113281250" "WordPress/5.2.4; https://amazingsportwear.com" "-"
40.77.167.126 - - [09/Dec/2019:19:04:29 +0100] "GET /producto/bidon-sumo/feed/ HTTP/1.1" 200 4791 "-" "msnbot/2.0b (+http://search.msn.com/msnbot.htm)" "-"
217.76.130.90 - - [09/Dec/2019:19:05:56 +0100] "POST /wp-cron.php?doing_wp_cron=1575914756.1515710353851318359375 HTTP/1.1" 200 3389 "https://amazingsportwear.com/wp-cron.php?doing_wp_cron=1575914756.1515710353851318359375" "WordPress/5.2.4; https://amazingsportwear.com" "-"
40.77.167.126 - - [09/Dec/2019:19:05:55 +0100] "GET /producto/bidon-sumo/feed/ HTTP/1.1" 200 4791 "-" "msnbot/2.0b (+http://search.msn.com/msnbot.htm)" "-"
148.0.248.66 - - [09/Dec/2019:19:07:58 +0100] "GET /wp-content/uploads/2019/04/Gorra-sport-10.png HTTP/1.1" 200 60426 "https://www.google.com/" "Mozilla/5.0 (Windows NT 6.1; Win64; x64) AppleWebKit/537.36 (KHTML, like Gecko) Chrome/78.0.3904.108 Safari/537.36" "-"
148.0.248.66 - - [09/Dec/2019:19:10:30 +0100] "GET /wp-content/uploads/2019/04/Gorra-sport-10.png HTTP/1.1" 200 57201 "https://www.google.com/" "Mozilla/5.0 (Windows NT 6.1; Win64; x64) AppleWebKit/537.36 (KHTML, like Gecko) Chrome/78.0.3904.108 Safari/537.36" "-"
165.227.220.53 - - [09/Dec/2019:19:19:37 +0100] "GET /miniadmin.php HTTP/1.0" 404 67894 "-" "-" "-"
165.227.220.53 - - [09/Dec/2019:19:19:36 +0100] "GET /phpmini.php HTTP/1.0" 404 67885 "-" "-" "-"
217.76.130.90 - - [09/Dec/2019:19:19:39 +0100] "POST /wp-cron.php?doing_wp_cron=1575915579.1668770313262939453125 HTTP/1.1" 200 164 "http://amazingsportwear.com/wp-cron.php?doing_wp_cron=1575915579.1668770313262939453125" "WordPress/5.2.4; https://amazingsportwear.com" "-"
165.227.220.53 - - [09/Dec/2019:19:19:36 +0100] "GET /phpminiadmin.php HTTP/1.0" 404 67920 "-" "-" "-"
165.227.220.53 - - [09/Dec/2019:19:19:35 +0100] "GET / HTTP/1.0" 301 265 "-" "-" "-"
165.227.220.53 - - [09/Dec/2019:19:19:38 +0100] "GET /mini.php HTTP/1.0" 404 67859 "-" "-" "-"
165.227.220.53 - - [09/Dec/2019:19:19:39 +0100] "GET /amp.php HTTP/1.0" 404 67857 "-" "-" "-"
165.227.220.53 - - [09/Dec/2019:19:19:39 +0100] "GET /pma.php HTTP/1.0" 404 67877 "-" "-" "-"
165.227.220.53 - - [09/Dec/2019:19:19:38 +0100] "GET /php.php HTTP/1.0" 404 67872 "-" "-" "-"
165.227.220.53 - - [09/Dec/2019:19:19:40 +0100] "GET /p.php HTTP/1.0" 404 67888 "-" "-" "-"
165.227.220.53 - - [09/Dec/2019:19:19:41 +0100] "GET /sql/phpminiadmin.php HTTP/1.0" 404 67914 "-" "-" "-"
165.227.220.53 - - [09/Dec/2019:19:19:43 +0100] "GET /dev/pma.php HTTP/1.0" 404 67921 "-" "-" "-"
165.227.220.53 - - [09/Dec/2019:19:19:42 +0100] "GET /dev/phpminiadmin.php HTTP/1.0" 404 67894 "-" "-" "-"
165.227.220.53 - - [09/Dec/2019:19:19:41 +0100] "GET /test/phpminiadmin.php HTTP/1.0" 404 67901 "-" "-" "-"
165.227.220.53 - - [09/Dec/2019:19:19:43 +0100] "GET /test/pma.php HTTP/1.0" 404 67853 "-" "-" "-"
165.227.220.53 - - [09/Dec/2019:19:19:46 +0100] "GET /adminmysql.php HTTP/1.0" 404 67881 "-" "-" "-"
165.227.220.53 - - [09/Dec/2019:19:19:44 +0100] "GET /sql/pma.php HTTP/1.0" 404 67831 "-" "-" "-"
165.227.220.53 - - [09/Dec/2019:19:19:45 +0100] "GET /db.php HTTP/1.0" 404 67875 "-" "-" "-"
165.227.220.53 - - [09/Dec/2019:19:19:46 +0100] "GET /scripts/phpminiadmin.php HTTP/1.0" 404 67882 "-" "-" "-"
165.227.220.53 - - [09/Dec/2019:19:19:45 +0100] "GET /sql.php HTTP/1.0" 404 67877 "-" "-" "-"
165.227.220.53 - - [09/Dec/2019:19:19:48 +0100] "GET /admindb.php HTTP/1.0" 404 67925 "-" "-" "-"
165.227.220.53 - - [09/Dec/2019:19:19:47 +0100] "GET /mysql-adminer.php HTTP/1.0" 404 67922 "-" "-" "-"
165.227.220.53 - - [09/Dec/2019:19:19:48 +0100] "GET /m_admin_mysql.php HTTP/1.0" 404 67892 "-" "-" "-"
165.227.220.53 - - [09/Dec/2019:19:19:49 +0100] "GET /mysql.php HTTP/1.0" 404 67901 "-" "-" "-"
165.227.220.53 - - [09/Dec/2019:19:19:50 +0100] "GET /database.php HTTP/1.0" 404 67882 "-" "-" "-"
165.227.220.53 - - [09/Dec/2019:19:19:50 +0100] "GET /phpadmin.php HTTP/1.0" 404 67877 "-" "-" "-"
165.227.220.53 - - [09/Dec/2019:19:19:51 +0100] "GET /phpadminer.php HTTP/1.0" 404 67891 "-" "-" "-"
217.76.130.90 - - [09/Dec/2019:19:21:05 +0100] "POST /wp-cron.php?doing_wp_cron=1575915665.7638139724731445312500 HTTP/1.1" 200 3389 "https://amazingsportwear.com/wp-cron.php?doing_wp_cron=1575915665.7638139724731445312500" "WordPress/5.2.4; https://amazingsportwear.com" "-"
40.77.167.126 - - [09/Dec/2019:19:21:04 +0100] "GET /comments/feed/ HTTP/1.1" 200 4673 "-" "msnbot/2.0b (+http://search.msn.com/msnbot.htm)" "-"
40.77.167.126 - - [09/Dec/2019:19:21:41 +0100] "GET /comments/feed/ HTTP/1.1" 200 4673 "-" "msnbot/2.0b (+http://search.msn.com/msnbot.htm)" "-"
217.76.130.90 - - [09/Dec/2019:19:37:10 +0100] "POST /wp-cron.php?doing_wp_cron=1575916630.2161779403686523437500 HTTP/1.1" 200 3389 "https://amazingsportwear.com/wp-cron.php?doing_wp_cron=1575916630.2161779403686523437500" "WordPress/5.2.4; https://amazingsportwear.com" "-"
66.249.64.144 - - [09/Dec/2019:19:37:08 +0100] "GET /producto/bidon-doger/ HTTP/1.1" 200 94687 "-" "Mozilla/5.0 (Linux; Android 6.0.1; Nexus 5X Build/MMB29P) AppleWebKit/537.36 (KHTML, like Gecko) Chrome/41.0.2272.96 Mobile Safari/537.36 (compatible; Googlebot/2.1; +http://www.google.com/bot.html)" "-"
189.173.98.15 - - [09/Dec/2019:19:38:29 +0100] "GET /wp-content/uploads/2019/04/Gorra-sport-6.png HTTP/1.1" 200 44623 "https://www.google.com/" "Mozilla/5.0 (Macintosh; Intel Mac OS X 10_14_5) AppleWebKit/537.36 (KHTML, like Gecko) Chrome/78.0.3904.108 Safari/537.36" "-"
189.173.98.15 - - [09/Dec/2019:19:39:01 +0100] "GET /wp-content/uploads/2019/04/Gorra-sport-10.png HTTP/1.1" 200 57201 "https://www.google.com/" "Mozilla/5.0 (Macintosh; Intel Mac OS X 10_14_5) AppleWebKit/537.36 (KHTML, like Gecko) Chrome/78.0.3904.108 Safari/537.36" "-"
85.86.2.218 - - [09/Dec/2019:19:42:46 +0100] "GET /wp-content/uploads/2019/04/SA-1070-2.png HTTP/1.1" 200 175761 "https://www.google.es/" "Mozilla/5.0 (Macintosh; Intel Mac OS X 10_15) AppleWebKit/605.1.15 (KHTML, like Gecko) Version/13.0.3 Safari/605.1.15" "-"
217.76.130.90 - - [09/Dec/2019:19:44:13 +0100] "POST /wp-cron.php?doing_wp_cron=1575917052.9469308853149414062500 HTTP/1.1" 200 3389 "https://amazingsportwear.com/wp-cron.php?doing_wp_cron=1575917052.9469308853149414062500" "WordPress/5.2.4; https://amazingsportwear.com" "-"
66.249.64.146 - - [09/Dec/2019:19:44:11 +0100] "GET /categoria-producto/mujer/polostecnicos-mujer/ HTTP/1.1" 200 67035 "-" "Mozilla/5.0 (compatible; Googlebot/2.1; +http://www.google.com/bot.html)" "-"
217.76.130.90 - - [09/Dec/2019:19:49:06 +0100] "POST /wp-cron.php?doing_wp_cron=1575917346.5224380493164062500000 HTTP/1.1" 200 164 "http://amazingsportwear.com/wp-cron.php?doing_wp_cron=1575917346.5224380493164062500000" "WordPress/5.2.4; https://amazingsportwear.com" "-"
164.68.114.100 - - [09/Dec/2019:19:49:05 +0100] "GET /wp-cofigs.php HTTP/1.1" 404 67969 "http://site.ru" "Mozilla/5.0 (Windows; U; Windows NT 5.1; en-US) AppleWebKit/533.4 (KHTML, like Gecko) Chrome/5.0.375.99 Safari/533.4" "-"
217.76.130.90 - - [09/Dec/2019:19:50:13 +0100] "POST /wp-cron.php?doing_wp_cron=1575917413.2763180732727050781250 HTTP/1.1" 200 164 "http://amazingsportwear.com/wp-cron.php?doing_wp_cron=1575917413.2763180732727050781250" "WordPress/5.2.4; https://amazingsportwear.com" "-"
157.55.39.160 - - [09/Dec/2019:19:50:12 +0100] "GET /atletismo/23-pantalon-corto-atletismo.html HTTP/1.1" 404 68095 "-" "Mozilla/5.0 (iPhone; CPU iPhone OS 7_0 like Mac OS X) AppleWebKit/537.51.1 (KHTML, like Gecko) Version/7.0 Mobile/11A465 Safari/9537.53 (compatible; bingbot/2.0; +http://www.bing.com/bingbot.htm)" "-"
217.76.130.90 - - [09/Dec/2019:19:56:09 +0100] "POST /wp-cron.php?doing_wp_cron=1575917768.9810791015625000000000 HTTP/1.1" 200 3389 "https://amazingsportwear.com/wp-cron.php?doing_wp_cron=1575917768.9810791015625000000000" "WordPress/5.2.4; https://amazingsportwear.com" "-"
40.77.167.126 - - [09/Dec/2019:19:56:07 +0100] "GET /etiqueta-producto/combinado/feed/ HTTP/1.1" 200 6997 "-" "msnbot/2.0b (+http://search.msn.com/msnbot.htm)" "-"
217.76.130.90 - - [09/Dec/2019:19:57:37 +0100] "POST /wp-cron.php?doing_wp_cron=1575917856.9684779644012451171875 HTTP/1.1" 200 3389 "https://amazingsportwear.com/wp-cron.php?doing_wp_cron=1575917856.9684779644012451171875" "WordPress/5.2.4; https://amazingsportwear.com" "-"
66.249.64.144 - - [09/Dec/2019:19:57:36 +0100] "GET /categoria-producto/inicio/ropa-amazing-sport-wear/atletismo-ropa-amazing-sport-wear/ HTTP/1.1" 200 51400 "-" "Mozilla/5.0 (Linux; Android 6.0.1; Nexus 5X Build/MMB29P) AppleWebKit/537.36 (KHTML, like Gecko) Chrome/41.0.2272.96 Mobile Safari/537.36 (compatible; Googlebot/2.1; +http://www.google.com/bot.html)" "-"
217.76.130.90 - - [09/Dec/2019:19:58:47 +0100] "POST /wp-cron.php?doing_wp_cron=1575917927.5513939857482910156250 HTTP/1.1" 200 3389 "https://amazingsportwear.com/wp-cron.php?doing_wp_cron=1575917927.5513939857482910156250" "WordPress/5.2.4; https://amazingsportwear.com" "-"
40.77.167.126 - - [09/Dec/2019:19:58:46 +0100] "GET /etiqueta-producto/combinado/feed/ HTTP/1.1" 200 6997 "-" "msnbot/2.0b (+http://search.msn.com/msnbot.htm)" "-"
189.143.250.100 - - [09/Dec/2019:20:06:08 +0100] "GET /wp-content/uploads/2019/04/SA-1070-2.png HTTP/1.1" 200 175956 "https://www.google.com.mx/" "Mozilla/5.0 (Windows NT 6.1; Win64; x64) AppleWebKit/537.36 (KHTML, like Gecko) Chrome/78.0.3904.108 Safari/537.36" "-"
217.76.130.90 - - [09/Dec/2019:20:10:53 +0100] "POST /wp-cron.php?doing_wp_cron=1575918653.3439819812774658203125 HTTP/1.1" 200 3389 "https://amazingsportwear.com/wp-cron.php?doing_wp_cron=1575918653.3439819812774658203125" "WordPress/5.2.4; https://amazingsportwear.com" "-"
66.249.64.144 - - [09/Dec/2019:20:10:50 +0100] "GET /politica-de-calidad/ HTTP/1.1" 200 58003 "-" "Mozilla/5.0 (compatible; Googlebot/2.1; +http://www.google.com/bot.html)" "-"
217.76.130.90 - - [09/Dec/2019:20:12:24 +0100] "POST /wp-cron.php?doing_wp_cron=1575918744.3454670906066894531250 HTTP/1.1" 200 3389 "https://amazingsportwear.com/wp-cron.php?doing_wp_cron=1575918744.3454670906066894531250" "WordPress/5.2.4; https://amazingsportwear.com" "-"
40.77.167.126 - - [09/Dec/2019:20:12:23 +0100] "GET /etiqueta-producto/5-peneles/ HTTP/1.1" 200 53922 "-" "Mozilla/5.0 (compatible; bingbot/2.0; +http://www.bing.com/bingbot.htm)" "-"
186.84.22.207 - - [09/Dec/2019:20:14:45 +0100] "GET /wp-content/uploads/2019/04/Gorra-sport-6.png HTTP/1.1" 200 44623 "https://www.google.com/blank.html" "Mozilla/5.0 (Linux; Android 9; Redmi Note 7 Build/PKQ1.180904.001; wv) AppleWebKit/537.36 (KHTML, like Gecko) Version/4.0 Chrome/78.0.3904.108 Mobile Safari/537.36 GSA/10.87.15.21.arm64" "-"
217.76.130.90 - - [09/Dec/2019:20:14:47 +0100] "POST /wp-cron.php?doing_wp_cron=1575918887.2223100662231445312500 HTTP/1.1" 200 3389 "https://amazingsportwear.com/wp-cron.php?doing_wp_cron=1575918887.2223100662231445312500" "WordPress/5.2.4; https://amazingsportwear.com" "-"
69.171.251.27 - - [09/Dec/2019:20:14:45 +0100] "GET / HTTP/1.1" 200 125550 "-" "facebookexternalhit/1.1 (+http://www.facebook.com/externalhit_uatext.php)" "-"
69.171.251.40 - - [09/Dec/2019:20:14:50 +0100] "GET /contacta-con-nosotros HTTP/1.1" 301 319 "-" "facebookexternalhit/1.1 (+http://www.facebook.com/externalhit_uatext.php)" "-"
69.171.251.40 - - [09/Dec/2019:20:14:50 +0100] "GET /contacta-con-nosotros/ HTTP/1.1" 200 58159 "-" "facebookexternalhit/1.1 (+http://www.facebook.com/externalhit_uatext.php)" "-"
217.76.130.90 - - [09/Dec/2019:20:21:41 +0100] "POST /wp-cron.php?doing_wp_cron=1575919301.1194438934326171875000 HTTP/1.1" 200 3389 "https://amazingsportwear.com/wp-cron.php?doing_wp_cron=1575919301.1194438934326171875000" "WordPress/5.2.4; https://amazingsportwear.com" "-"
66.249.64.148 - - [09/Dec/2019:20:21:38 +0100] "POST /?wc-ajax=get_refreshed_fragments HTTP/1.1" 200 4760 "https://amazingsportwear.com/politica-de-calidad/" "Mozilla/5.0 AppleWebKit/537.36 (KHTML, like Gecko; compatible; Googlebot/2.1; +http://www.google.com/bot.html) Safari/537.36" "_ga=GA1.2.2114912494.1575849600; _gid=GA1.2.931330593.1575849600; _gat_gtag_UA_91619287_1=1"
217.76.130.90 - - [09/Dec/2019:20:29:16 +0100] "POST /wp-cron.php?doing_wp_cron=1575919756.3027560710906982421875 HTTP/1.1" 200 3389 "https://amazingsportwear.com/wp-cron.php?doing_wp_cron=1575919756.3027560710906982421875" "WordPress/5.2.4; https://amazingsportwear.com" "-"
66.249.64.146 - - [09/Dec/2019:20:29:13 +0100] "GET /categoria-producto/mujer/polostecnicos-mujer/ HTTP/1.1" 200 67010 "-" "Mozilla/5.0 (compatible; Googlebot/2.1; +http://www.google.com/bot.html)" "-"
190.75.4.93 - - [09/Dec/2019:20:37:54 +0100] "GET /wp-content/uploads/2019/04/Gorra-sport-10.png HTTP/1.1" 200 60426 "https://www.google.com/" "Mozilla/5.0 (Windows NT 10.0; Win64; x64) AppleWebKit/537.36 (KHTML, like Gecko) Chrome/78.0.3904.108 Safari/537.36" "-"
217.76.130.90 - - [09/Dec/2019:20:40:32 +0100] "POST /wp-cron.php?doing_wp_cron=1575920432.7746899127960205078125 HTTP/1.1" 200 3389 "https://amazingsportwear.com/wp-cron.php?doing_wp_cron=1575920432.7746899127960205078125" "WordPress/5.2.4; https://amazingsportwear.com" "-"
157.55.39.160 - - [09/Dec/2019:20:40:30 +0100] "GET /nuestros-trabajos/feed/ HTTP/1.1" 200 4837 "-" "msnbot/2.0b (+http://search.msn.com/msnbot.htm)" "-"
217.76.130.90 - - [09/Dec/2019:20:42:32 +0100] "POST /wp-cron.php?doing_wp_cron=1575920552.3684909343719482421875 HTTP/1.1" 200 3389 "https://amazingsportwear.com/wp-cron.php?doing_wp_cron=1575920552.3684909343719482421875" "WordPress/5.2.4; https://amazingsportwear.com" "-"
66.249.64.146 - - [09/Dec/2019:20:42:29 +0100] "GET /categoria-producto/inicio/ropa-amazing-sport-wear/atletismo-ropa-amazing-sport-wear/ HTTP/1.1" 200 51360 "-" "Mozilla/5.0 (Linux; Android 6.0.1; Nexus 5X Build/MMB29P) AppleWebKit/537.36 (KHTML, like Gecko) Chrome/41.0.2272.96 Mobile Safari/537.36 (compatible; Googlebot/2.1; +http://www.google.com/bot.html)" "-"
157.55.39.160 - - [09/Dec/2019:20:42:44 +0100] "GET /nuestros-trabajos/feed/ HTTP/1.1" 200 4837 "-" "msnbot/2.0b (+http://search.msn.com/msnbot.htm)" "-"
217.76.130.90 - - [09/Dec/2019:20:51:12 +0100] "POST /wp-cron.php?doing_wp_cron=1575921072.1600420475006103515625 HTTP/1.1" 200 164 "http://amazingsportwear.com/wp-cron.php?doing_wp_cron=1575921072.1600420475006103515625" "WordPress/5.2.4; https://amazingsportwear.com" "-"
207.46.13.159 - - [09/Dec/2019:20:51:09 +0100] "GET /ciclismo/88-manguito-brazo-ciclismo.html HTTP/1.1" 404 68106 "-" "Mozilla/5.0 (iPhone; CPU iPhone OS 7_0 like Mac OS X) AppleWebKit/537.51.1 (KHTML, like Gecko) Version/7.0 Mobile/11A465 Safari/9537.53 (compatible; bingbot/2.0; +http://www.bing.com/bingbot.htm)" "-"
217.76.130.90 - - [09/Dec/2019:20:55:10 +0100] "POST /wp-cron.php?doing_wp_cron=1575921310.4128189086914062500000 HTTP/1.1" 200 3389 "https://amazingsportwear.com/wp-cron.php?doing_wp_cron=1575921310.4128189086914062500000" "WordPress/5.2.4; https://amazingsportwear.com" "-"
157.55.39.160 - - [09/Dec/2019:20:55:08 +0100] "GET /producto/zapatillero-pirlo/feed/ HTTP/1.1" 200 4811 "-" "msnbot/2.0b (+http://search.msn.com/msnbot.htm)" "-"
66.249.64.146 - - [09/Dec/2019:20:56:01 +0100] "GET /politica-de-calidad/ HTTP/1.1" 200 57973 "-" "Mozilla/5.0 (compatible; Googlebot/2.1; +http://www.google.com/bot.html)" "-"
217.76.130.90 - - [09/Dec/2019:20:57:19 +0100] "POST /wp-cron.php?doing_wp_cron=1575921439.3565280437469482421875 HTTP/1.1" 200 3389 "https://amazingsportwear.com/wp-cron.php?doing_wp_cron=1575921439.3565280437469482421875" "WordPress/5.2.4; https://amazingsportwear.com" "-"
66.249.64.148 - - [09/Dec/2019:20:57:18 +0100] "GET /producto/linterna-frontal/ HTTP/1.1" 200 92352 "-" "Mozilla/5.0 (compatible; Googlebot/2.1; +http://www.google.com/bot.html)" "-"
157.55.39.160 - - [09/Dec/2019:20:57:21 +0100] "GET /producto/zapatillero-pirlo/feed/ HTTP/1.1" 200 4811 "-" "msnbot/2.0b (+http://search.msn.com/msnbot.htm)" "-"
217.76.130.90 - - [09/Dec/2019:21:00:04 +0100] "POST /wp-cron.php?doing_wp_cron=1575921604.4162330627441406250000 HTTP/1.1" 200 3389 "https://amazingsportwear.com/wp-cron.php?doing_wp_cron=1575921604.4162330627441406250000" "WordPress/5.2.4; https://amazingsportwear.com" "-"
207.46.13.159 - - [09/Dec/2019:21:00:02 +0100] "GET /etiqueta-producto/dosificador-seguridad/feed/ HTTP/1.1" 200 6435 "-" "msnbot/2.0b (+http://search.msn.com/msnbot.htm)" "-"
217.76.130.90 - - [09/Dec/2019:21:02:06 +0100] "POST /wp-cron.php?doing_wp_cron=1575921726.7712399959564208984375 HTTP/1.1" 200 3389 "https://amazingsportwear.com/wp-cron.php?doing_wp_cron=1575921726.7712399959564208984375" "WordPress/5.2.4; https://amazingsportwear.com" "-"
207.46.13.159 - - [09/Dec/2019:21:02:06 +0100] "GET /etiqueta-producto/dosificador-seguridad/feed/ HTTP/1.1" 200 6435 "-" "msnbot/2.0b (+http://search.msn.com/msnbot.htm)" "-"
190.244.221.85 - - [09/Dec/2019:21:17:53 +0100] "GET /wp-content/uploads/2019/04/Gorra-sport-6.png HTTP/1.1" 200 44623 "https://www.google.com/" "Mozilla/5.0 (Windows NT 10.0) AppleWebKit/537.36 (KHTML, like Gecko) Chrome/78.0.3904.108 Safari/537.36" "-"
190.223.41.102 - - [09/Dec/2019:21:20:07 +0100] "GET /wp-content/uploads/2019/05/web-icono-pagina-web-en-construccion.jpg HTTP/1.1" 200 18405 "https://www.google.com/" "Mozilla/5.0 (Windows NT 10.0; Win64; x64) AppleWebKit/537.36 (KHTML, like Gecko) Chrome/78.0.3904.108 Safari/537.36" "-"
217.76.130.90 - - [09/Dec/2019:21:24:44 +0100] "POST /wp-cron.php?doing_wp_cron=1575923084.1975829601287841796875 HTTP/1.1" 200 3389 "https://amazingsportwear.com/wp-cron.php?doing_wp_cron=1575923084.1975829601287841796875" "WordPress/5.2.4; https://amazingsportwear.com" "-"
66.249.64.148 - - [09/Dec/2019:21:24:42 +0100] "GET /producto/botella-tritan/ HTTP/1.1" 200 95444 "-" "Mozilla/5.0 (Linux; Android 6.0.1; Nexus 5X Build/MMB29P) AppleWebKit/537.36 (KHTML, like Gecko) Chrome/41.0.2272.96 Mobile Safari/537.36 (compatible; Googlebot/2.1; +http://www.google.com/bot.html)" "-"
66.249.64.148 - - [09/Dec/2019:21:24:45 +0100] "GET /producto/botella-tritan/ HTTP/1.1" 200 92158 "-" "Mozilla/5.0 (Linux; Android 6.0.1; Nexus 5X Build/MMB29P) AppleWebKit/537.36 (KHTML, like Gecko) Chrome/41.0.2272.96 Mobile Safari/537.36 (compatible; Googlebot/2.1; +http://www.google.com/bot.html)" "-"
217.76.130.90 - - [09/Dec/2019:21:25:10 +0100] "POST /wp-cron.php?doing_wp_cron=1575923110.9749789237976074218750 HTTP/1.1" 200 3389 "https://amazingsportwear.com/wp-cron.php?doing_wp_cron=1575923110.9749789237976074218750" "WordPress/5.2.4; https://amazingsportwear.com" "-"
66.249.64.144 - - [09/Dec/2019:21:25:10 +0100] "GET /producto/llavero-raqueta-metalico/ HTTP/1.1" 200 94120 "-" "Mozilla/5.0 (Linux; Android 6.0.1; Nexus 5X Build/MMB29P) AppleWebKit/537.36 (KHTML, like Gecko) Chrome/41.0.2272.96 Mobile Safari/537.36 (compatible; Googlebot/2.1; +http://www.google.com/bot.html)" "-"
207.46.13.159 - - [09/Dec/2019:21:31:27 +0100] "GET /wp-content/uploads/2019/04/Bid%C3%B3n-Iskan-6.png HTTP/1.1" 200 68775 "-" "Mozilla/5.0 (compatible; bingbot/2.0; +http://www.bing.com/bingbot.htm)" "-"
217.76.130.90 - - [09/Dec/2019:21:31:56 +0100] "POST /wp-cron.php?doing_wp_cron=1575923516.9102079868316650390625 HTTP/1.1" 200 3389 "https://amazingsportwear.com/wp-cron.php?doing_wp_cron=1575923516.9102079868316650390625" "WordPress/5.2.4; https://amazingsportwear.com" "-"
157.55.39.73 - - [09/Dec/2019:21:31:54 +0100] "GET /etiqueta-producto/camiseta-stella/feed/ HTTP/1.1" 200 6998 "-" "msnbot/2.0b (+http://search.msn.com/msnbot.htm)" "-"
217.76.130.90 - - [09/Dec/2019:21:33:44 +0100] "POST /wp-cron.php?doing_wp_cron=1575923624.6656401157379150390625 HTTP/1.1" 200 3389 "https://amazingsportwear.com/wp-cron.php?doing_wp_cron=1575923624.6656401157379150390625" "WordPress/5.2.4; https://amazingsportwear.com" "-"
157.55.39.73 - - [09/Dec/2019:21:33:43 +0100] "GET /etiqueta-producto/camiseta-stella/feed/ HTTP/1.1" 200 6998 "-" "msnbot/2.0b (+http://search.msn.com/msnbot.htm)" "-"
217.76.130.90 - - [09/Dec/2019:21:34:18 +0100] "POST /wp-cron.php?doing_wp_cron=1575923658.7270479202270507812500 HTTP/1.1" 200 3389 "https://amazingsportwear.com/wp-cron.php?doing_wp_cron=1575923658.7270479202270507812500" "WordPress/5.2.4; https://amazingsportwear.com" "-"
66.249.64.144 - - [09/Dec/2019:21:34:17 +0100] "GET /producto/baston-con-luz-zappe/ HTTP/1.1" 200 99068 "-" "Mozilla/5.0 (Linux; Android 6.0.1; Nexus 5X Build/MMB29P) AppleWebKit/537.36 (KHTML, like Gecko) Chrome/41.0.2272.96 Mobile Safari/537.36 (compatible; Googlebot/2.1; +http://www.google.com/bot.html)" "-"
66.249.64.144 - - [09/Dec/2019:21:36:05 +0100] "GET /wp-content/plugins/woocommerce/assets/js/jquery-blockui/jquery.blockUI.min.js?ver=2.70 HTTP/1.1" 200 13271 "https://amazingsportwear.com/producto/baston-con-luz-zappe/" "Mozilla/5.0 (Linux; Android 6.0.1; Nexus 5X Build/MMB29P) AppleWebKit/537.36 (KHTML, like Gecko) Chrome/41.0.2272.96 Mobile Safari/537.36 (compatible; Googlebot/2.1; +http://www.google.com/bot.html)" "-"
66.249.64.144 - - [09/Dec/2019:21:36:14 +0100] "GET /wp-includes/js/jquery/ui/dialog.min.js?ver=1.11.4 HTTP/1.1" 200 12482 "https://amazingsportwear.com/producto/baston-con-luz-zappe/" "Mozilla/5.0 (Linux; Android 6.0.1; Nexus 5X Build/MMB29P) AppleWebKit/537.36 (KHTML, like Gecko) Chrome/41.0.2272.96 Mobile Safari/537.36 (compatible; Googlebot/2.1; +http://www.google.com/bot.html)" "-"
217.76.130.90 - - [09/Dec/2019:21:36:26 +0100] "POST /wp-cron.php?doing_wp_cron=1575923786.0584640502929687500000 HTTP/1.1" 200 3389 "https://amazingsportwear.com/wp-cron.php?doing_wp_cron=1575923786.0584640502929687500000" "WordPress/5.2.4; https://amazingsportwear.com" "-"
157.55.39.73 - - [09/Dec/2019:21:36:25 +0100] "GET /producto/bidon-vandix/ HTTP/1.1" 200 99129 "-" "Mozilla/5.0 (compatible; bingbot/2.0; +http://www.bing.com/bingbot.htm)" "-"
217.76.130.90 - - [09/Dec/2019:21:40:39 +0100] "POST /wp-cron.php?doing_wp_cron=1575924039.2096459865570068359375 HTTP/1.1" 200 3389 "https://amazingsportwear.com/wp-cron.php?doing_wp_cron=1575924039.2096459865570068359375" "WordPress/5.2.4; https://amazingsportwear.com" "-"
40.77.167.126 - - [09/Dec/2019:21:40:35 +0100] "GET /producto/bidon-vandix/feed/ HTTP/1.1" 200 4797 "-" "msnbot/2.0b (+http://search.msn.com/msnbot.htm)" "-"
217.76.130.90 - - [09/Dec/2019:21:41:41 +0100] "POST /wp-cron.php?doing_wp_cron=1575924101.6490769386291503906250 HTTP/1.1" 200 3389 "https://amazingsportwear.com/wp-cron.php?doing_wp_cron=1575924101.6490769386291503906250" "WordPress/5.2.4; https://amazingsportwear.com" "-"
66.249.64.148 - - [09/Dec/2019:21:41:41 +0100] "GET /producto/munequera-oakley/ HTTP/1.1" 200 99380 "-" "Mozilla/5.0 (compatible; Googlebot/2.1; +http://www.google.com/bot.html)" "-"
66.249.64.148 - - [09/Dec/2019:21:41:43 +0100] "GET /wp-content/themes/shopper/style.css?ver=1.3.8 HTTP/1.1" 200 125315 "https://amazingsportwear.com/producto/munequera-oakley/" "Mozilla/5.0 AppleWebKit/537.36 (KHTML, like Gecko; compatible; Googlebot/2.1; +http://www.google.com/bot.html) Safari/537.36" "-"
66.249.64.144 - - [09/Dec/2019:21:41:44 +0100] "GET /wp-content/plugins/woocommerce/assets/js/frontend/add-to-cart.min.js?ver=3.6.4 HTTP/1.1" 200 6346 "https://amazingsportwear.com/producto/munequera-oakley/" "Mozilla/5.0 AppleWebKit/537.36 (KHTML, like Gecko; compatible; Googlebot/2.1; +http://www.google.com/bot.html) Safari/537.36" "-"
66.249.64.146 - - [09/Dec/2019:21:41:45 +0100] "GET /wp-includes/js/jquery/ui/widget.min.js?ver=1.11.4 HTTP/1.1" 200 10613 "https://amazingsportwear.com/producto/munequera-oakley/" "Mozilla/5.0 AppleWebKit/537.36 (KHTML, like Gecko; compatible; Googlebot/2.1; +http://www.google.com/bot.html) Safari/537.36" "-"
66.249.64.144 - - [09/Dec/2019:21:41:46 +0100] "GET /wp-includes/js/jquery/ui/mouse.min.js?ver=1.11.4 HTTP/1.1" 200 3489 "https://amazingsportwear.com/producto/munequera-oakley/" "Mozilla/5.0 AppleWebKit/537.36 (KHTML, like Gecko; compatible; Googlebot/2.1; +http://www.google.com/bot.html) Safari/537.36" "-"
217.76.130.90 - - [09/Dec/2019:21:42:53 +0100] "POST /wp-cron.php?doing_wp_cron=1575924173.0299799442291259765625 HTTP/1.1" 200 3389 "https://amazingsportwear.com/wp-cron.php?doing_wp_cron=1575924173.0299799442291259765625" "WordPress/5.2.4; https://amazingsportwear.com" "-"
40.77.167.126 - - [09/Dec/2019:21:42:52 +0100] "GET /producto/bidon-vandix/feed/ HTTP/1.1" 200 4797 "-" "msnbot/2.0b (+http://search.msn.com/msnbot.htm)" "-"
66.249.64.148 - - [09/Dec/2019:21:42:59 +0100] "GET /producto/camiseta-tecnica-mujer-stella-aq-stella/ HTTP/1.1" 200 98545 "-" "Mozilla/5.0 (compatible; Googlebot/2.1; +http://www.google.com/bot.html)" "-"
217.76.130.90 - - [09/Dec/2019:21:43:16 +0100] "POST /wp-cron.php?doing_wp_cron=1575924196.4700539112091064453125 HTTP/1.1" 200 3389 "https://amazingsportwear.com/wp-cron.php?doing_wp_cron=1575924196.4700539112091064453125" "WordPress/5.2.4; https://amazingsportwear.com" "-"
217.76.130.90 - - [09/Dec/2019:21:43:16 +0100] "POST /wp-cron.php?doing_wp_cron=1575924196.4698970317840576171875 HTTP/1.1" 200 3389 "https://amazingsportwear.com/wp-cron.php?doing_wp_cron=1575924196.4698970317840576171875" "WordPress/5.2.4; https://amazingsportwear.com" "-"
69.171.251.7 - - [09/Dec/2019:21:43:15 +0100] "GET / HTTP/1.1" 200 125535 "-" "facebookexternalhit/1.1 (+http://www.facebook.com/externalhit_uatext.php)" "-"
69.171.251.7 - - [09/Dec/2019:21:43:15 +0100] "GET / HTTP/1.1" 200 125545 "-" "facebookexternalhit/1.1 (+http://www.facebook.com/externalhit_uatext.php)" "-"
189.250.83.8 - - [09/Dec/2019:21:43:36 +0100] "GET /wp-content/uploads/2019/04/gorra-lorenz-4.png HTTP/1.1" 200 77974 "https://www.google.com/" "Mozilla/5.0 (Windows NT 6.1; Win64; x64) AppleWebKit/537.36 (KHTML, like Gecko) Chrome/78.0.3904.108 Safari/537.36" "-"
201.144.110.2 - - [09/Dec/2019:21:47:18 +0100] "GET /wp-content/uploads/2019/04/Gorra-sport-10.png HTTP/1.1" 200 60231 "https://www.google.com/" "Mozilla/5.0 (Macintosh; Intel Mac OS X 10_14_5) AppleWebKit/605.1.15 (KHTML, like Gecko) Version/12.1.1 Safari/605.1.15" "-"
79.159.60.245 - - [09/Dec/2019:21:53:52 +0100] "GET /wp-content/uploads/2019/04/SA-5088-5.png HTTP/1.1" 200 80230 "https://www.google.com/" "Mozilla/5.0 (Macintosh; Intel Mac OS X 10_13_6) AppleWebKit/605.1.15 (KHTML, like Gecko) Version/13.0.3 Safari/605.1.15" "-"
217.76.130.90 - - [09/Dec/2019:21:53:59 +0100] "POST /wp-cron.php?doing_wp_cron=1575924839.7414360046386718750000 HTTP/1.1" 200 3389 "https://amazingsportwear.com/wp-cron.php?doing_wp_cron=1575924839.7414360046386718750000" "WordPress/5.2.4; https://amazingsportwear.com" "-"
66.249.64.146 - - [09/Dec/2019:21:53:57 +0100] "GET /producto/culoute-corto-ciclismo-3/ HTTP/1.1" 200 76936 "-" "Mozilla/5.0 (Linux; Android 6.0.1; Nexus 5X Build/MMB29P) AppleWebKit/537.36 (KHTML, like Gecko) Chrome/41.0.2272.96 Mobile Safari/537.36 (compatible; Googlebot/2.1; +http://www.google.com/bot.html)" "-"
66.249.64.144 - - [09/Dec/2019:21:54:08 +0100] "GET /wp-content/plugins/woocommerce/assets/css/photoswipe/photoswipe.css?ver=3.6.4 HTTP/1.1" 200 7835 "https://amazingsportwear.com/producto/culoute-corto-ciclismo-3/" "Mozilla/5.0 (Linux; Android 6.0.1; Nexus 5X Build/MMB29P) AppleWebKit/537.36 (KHTML, like Gecko) Chrome/41.0.2272.96 Mobile Safari/537.36 (compatible; Googlebot/2.1; +http://www.google.com/bot.html)" "-"
66.249.64.146 - - [09/Dec/2019:21:54:09 +0100] "GET /wp-content/plugins/woocommerce/assets/js/frontend/cart-fragments.min.js?ver=3.6.4 HTTP/1.1" 200 3281 "https://amazingsportwear.com/producto/culoute-corto-ciclismo-3/" "Mozilla/5.0 (Linux; Android 6.0.1; Nexus 5X Build/MMB29P) AppleWebKit/537.36 (KHTML, like Gecko) Chrome/41.0.2272.96 Mobile Safari/537.36 (compatible; Googlebot/2.1; +http://www.google.com/bot.html)" "-"
66.249.64.144 - - [09/Dec/2019:21:54:10 +0100] "GET /wp-content/themes/shopper/assets/js/woocommerce/header-cart.min.js?ver=1.3.8 HTTP/1.1" 200 972 "https://amazingsportwear.com/producto/culoute-corto-ciclismo-3/" "Mozilla/5.0 (Linux; Android 6.0.1; Nexus 5X Build/MMB29P) AppleWebKit/537.36 (KHTML, like Gecko) Chrome/41.0.2272.96 Mobile Safari/537.36 (compatible; Googlebot/2.1; +http://www.google.com/bot.html)" "-"
66.249.64.144 - - [09/Dec/2019:21:54:12 +0100] "GET /wp-includes/js/jquery/ui/position.min.js?ver=1.11.4 HTTP/1.1" 200 6869 "https://amazingsportwear.com/producto/culoute-corto-ciclismo-3/" "Mozilla/5.0 (Linux; Android 6.0.1; Nexus 5X Build/MMB29P) AppleWebKit/537.36 (KHTML, like Gecko) Chrome/41.0.2272.96 Mobile Safari/537.36 (compatible; Googlebot/2.1; +http://www.google.com/bot.html)" "-"
217.76.130.90 - - [09/Dec/2019:21:54:14 +0100] "POST /wp-cron.php?doing_wp_cron=1575924854.6470189094543457031250 HTTP/1.1" 200 3389 "https://amazingsportwear.com/wp-cron.php?doing_wp_cron=1575924854.6470189094543457031250" "WordPress/5.2.4; https://amazingsportwear.com" "-"
66.249.64.144 - - [09/Dec/2019:21:54:13 +0100] "POST /?wc-ajax=get_refreshed_fragments HTTP/1.1" 200 1397 "https://amazingsportwear.com/producto/culoute-corto-ciclismo-3/" "Mozilla/5.0 (Linux; Android 6.0.1; Nexus 5X Build/MMB29P) AppleWebKit/537.36 (KHTML, like Gecko) Chrome/41.0.2272.96 Mobile Safari/537.36 (compatible; Googlebot/2.1; +http://www.google.com/bot.html)" "_ga=GA1.2.1884029788.1575849600; _gid=GA1.2.969013651.1575849600; _gat_gtag_UA_91619287_1=1"
217.76.130.90 - - [09/Dec/2019:22:01:35 +0100] "POST /wp-cron.php?doing_wp_cron=1575925295.6220710277557373046875 HTTP/1.1" 200 3389 "https://amazingsportwear.com/wp-cron.php?doing_wp_cron=1575925295.6220710277557373046875" "WordPress/5.2.4; https://amazingsportwear.com" "-"
66.249.64.144 - - [09/Dec/2019:22:01:33 +0100] "GET /etiqueta-producto/bolsa-kinser/ HTTP/1.1" 200 53977 "-" "Mozilla/5.0 (Linux; Android 6.0.1; Nexus 5X Build/MMB29P) AppleWebKit/537.36 (KHTML, like Gecko) Chrome/41.0.2272.96 Mobile Safari/537.36 (compatible; Googlebot/2.1; +http://www.google.com/bot.html)" "-"
78.46.99.254 - - [09/Dec/2019:22:01:57 +0100] "GET /robots.txt HTTP/1.1" 200 3939 "-" "Mozilla/5.0 (compatible; MJ12bot/v1.4.8; http://mj12bot.com/)" "-"
78.46.99.254 - - [09/Dec/2019:22:02:00 +0100] "GET /wp-content/uploads/2019/04/AQUA-10043400-TRANSPARENTE-DISE%C3%91O.png HTTP/1.1" 200 106128 "-" "Mozilla/5.0 (compatible; MJ12bot/v1.4.8; http://mj12bot.com/)" "-"
78.46.99.254 - - [09/Dec/2019:22:02:03 +0100] "GET /wp-content/uploads/2019/04/BOTELLA-TRIT%C3%81N-DISE%C3%91O-1.png HTTP/1.1" 200 134920 "-" "Mozilla/5.0 (compatible; MJ12bot/v1.4.8; http://mj12bot.com/)" "-"
78.46.99.254 - - [09/Dec/2019:22:02:09 +0100] "GET /wp-content/uploads/2019/04/Bid%C3%B3n-Iskan-1.png HTTP/1.1" 200 51365 "-" "Mozilla/5.0 (compatible; MJ12bot/v1.4.8; http://mj12bot.com/)" "-"
78.46.99.254 - - [09/Dec/2019:22:02:11 +0100] "GET /wp-content/uploads/2019/04/Bid%C3%B3n-Iskan-2.png HTTP/1.1" 200 73304 "-" "Mozilla/5.0 (compatible; MJ12bot/v1.4.8; http://mj12bot.com/)" "-"
78.46.99.254 - - [09/Dec/2019:22:02:15 +0100] "GET /wp-content/uploads/2019/04/Bid%C3%B3n-Iskan-3.png HTTP/1.1" 200 44502 "-" "Mozilla/5.0 (compatible; MJ12bot/v1.4.8; http://mj12bot.com/)" "-"
78.46.99.254 - - [09/Dec/2019:22:02:20 +0100] "GET /wp-content/uploads/2019/04/Bid%C3%B3n-Iskan-4.png HTTP/1.1" 200 74092 "-" "Mozilla/5.0 (compatible; MJ12bot/v1.4.8; http://mj12bot.com/)" "-"
78.46.99.254 - - [09/Dec/2019:22:02:22 +0100] "GET /wp-content/uploads/2019/04/Bid%C3%B3n-Iskan-5.png HTTP/1.1" 200 74672 "-" "Mozilla/5.0 (compatible; MJ12bot/v1.4.8; http://mj12bot.com/)" "-"
78.46.99.254 - - [09/Dec/2019:22:02:26 +0100] "GET /wp-content/uploads/2019/04/Bid%C3%B3n-Iskan-6.png HTTP/1.1" 200 68718 "-" "Mozilla/5.0 (compatible; MJ12bot/v1.4.8; http://mj12bot.com/)" "-"
78.46.99.254 - - [09/Dec/2019:22:02:30 +0100] "GET /wp-content/uploads/2019/04/Bid%C3%B3n-Iskan-7.png HTTP/1.1" 200 71019 "-" "Mozilla/5.0 (compatible; MJ12bot/v1.4.8; http://mj12bot.com/)" "-"
78.46.99.254 - - [09/Dec/2019:22:02:34 +0100] "GET /wp-content/uploads/2019/04/Bid%C3%B3n-Iskan-8.png HTTP/1.1" 200 72473 "-" "Mozilla/5.0 (compatible; MJ12bot/v1.4.8; http://mj12bot.com/)" "-"
78.46.99.254 - - [09/Dec/2019:22:02:37 +0100] "GET /wp-content/uploads/2019/04/MU%C3%91EQUERA-BEKER-1.png HTTP/1.1" 200 134920 "-" "Mozilla/5.0 (compatible; MJ12bot/v1.4.8; http://mj12bot.com/)" "-"
78.46.99.254 - - [09/Dec/2019:22:02:39 +0100] "GET /wp-content/uploads/2019/04/MU%C3%91EQUERA-BEKER-2.png HTTP/1.1" 200 112422 "-" "Mozilla/5.0 (compatible; MJ12bot/v1.4.8; http://mj12bot.com/)" "-"
78.46.99.254 - - [09/Dec/2019:22:02:43 +0100] "GET /wp-content/uploads/2019/04/MU%C3%91EQUERA-BEKER-3.png HTTP/1.1" 200 90242 "-" "Mozilla/5.0 (compatible; MJ12bot/v1.4.8; http://mj12bot.com/)" "-"
78.46.99.254 - - [09/Dec/2019:22:02:47 +0100] "GET /wp-content/uploads/2019/04/MU%C3%91EQUERA-BEKER-4.png HTTP/1.1" 200 90242 "-" "Mozilla/5.0 (compatible; MJ12bot/v1.4.8; http://mj12bot.com/)" "-"
78.46.99.254 - - [09/Dec/2019:22:02:54 +0100] "GET /wp-content/uploads/2019/04/MU%C3%91EQUERA-BEKER-5.png HTTP/1.1" 200 145431 "-" "Mozilla/5.0 (compatible; MJ12bot/v1.4.8; http://mj12bot.com/)" "-"
78.46.99.254 - - [09/Dec/2019:22:02:57 +0100] "GET /wp-content/uploads/2019/04/Ri%C3%B1onera-gran-formato-1.png HTTP/1.1" 200 94586 "-" "Mozilla/5.0 (compatible; MJ12bot/v1.4.8; http://mj12bot.com/)" "-"
78.46.99.254 - - [09/Dec/2019:22:03:01 +0100] "GET /wp-content/uploads/2019/04/Ri%C3%B1onera-gran-formato-2.png HTTP/1.1" 200 72894 "-" "Mozilla/5.0 (compatible; MJ12bot/v1.4.8; http://mj12bot.com/)" "-"
78.46.99.254 - - [09/Dec/2019:22:03:04 +0100] "GET /wp-content/uploads/2019/04/Ri%C3%B1onera-gran-formato-3.png HTTP/1.1" 200 100831 "-" "Mozilla/5.0 (compatible; MJ12bot/v1.4.8; http://mj12bot.com/)" "-"
78.46.99.254 - - [09/Dec/2019:22:03:06 +0100] "GET /wp-content/uploads/2019/04/Ri%C3%B1onera-gran-formato-4.png HTTP/1.1" 200 76802 "-" "Mozilla/5.0 (compatible; MJ12bot/v1.4.8; http://mj12bot.com/)" "-"
78.46.99.254 - - [09/Dec/2019:22:03:09 +0100] "GET /wp-content/uploads/2019/04/SKY-TAPA-NEGRA-DISE%C3%91O-BOHO-PINK.jpg HTTP/1.1" 200 95327 "-" "Mozilla/5.0 (compatible; MJ12bot/v1.4.8; http://mj12bot.com/)" "-"
78.46.99.254 - - [09/Dec/2019:22:03:13 +0100] "GET /wp-content/uploads/2019/04/SUMO-TRANSPARENTE-DISE%C3%91O-CARDINALS.png HTTP/1.1" 200 134921 "-" "Mozilla/5.0 (compatible; MJ12bot/v1.4.8; http://mj12bot.com/)" "-"
78.46.99.254 - - [09/Dec/2019:22:03:17 +0100] "GET /wp-content/uploads/2019/04/VANDIX-AZUL-DISE%C3%91O.png HTTP/1.1" 200 90242 "-" "Mozilla/5.0 (compatible; MJ12bot/v1.4.8; http://mj12bot.com/)" "-"
78.46.99.254 - - [09/Dec/2019:22:03:19 +0100] "GET /wp-content/uploads/2019/04/VANDIX-AZU%C3%91L.png HTTP/1.1" 200 120513 "-" "Mozilla/5.0 (compatible; MJ12bot/v1.4.8; http://mj12bot.com/)" "-"
78.46.99.254 - - [09/Dec/2019:22:03:21 +0100] "GET /wp-content/uploads/2019/04/mu%C3%B1equera-oakley-1.png HTTP/1.1" 200 107042 "-" "Mozilla/5.0 (compatible; MJ12bot/v1.4.8; http://mj12bot.com/)" "-"
