217.76.130.90 - - [03/Dec/2019:05:22:24 +0100] "POST /wp-cron.php?doing_wp_cron=1575346944.0787909030914306640625 HTTP/1.1" 200 3389 "https://amazingsportwear.com/wp-cron.php?doing_wp_cron=1575346944.0787909030914306640625" "WordPress/5.2.4; https://amazingsportwear.com" "-"
17.58.100.225 - - [03/Dec/2019:05:22:23 +0100] "GET /robots.txt HTTP/1.1" 200 3687 "-" "Mozilla/5.0 (Macintosh; Intel Mac OS X 10_10_1) AppleWebKit/600.2.5 (KHTML, like Gecko) Version/8.0.2 Safari/600.2.5 (Applebot/0.1; +http://www.apple.com/go/applebot)" "-"
17.58.96.177 - - [03/Dec/2019:05:22:24 +0100] "GET /producto/lavero-triumph/ HTTP/1.1" 200 94225 "-" "Mozilla/5.0 (Macintosh; Intel Mac OS X 10_10_1) AppleWebKit/600.2.5 (KHTML, like Gecko) Version/8.0.2 Safari/600.2.5 (Applebot/0.1; +http://www.apple.com/go/applebot)" "-"
181.188.161.17 - - [03/Dec/2019:05:22:38 +0100] "GET /wp-content/uploads/2019/04/Llavero-metalico-golf-3.png HTTP/1.1" 200 46821 "https://www.google.com/" "Mozilla/5.0 (Windows NT 10.0; Win64; x64) AppleWebKit/537.36 (KHTML, like Gecko) Chrome/78.0.3904.108 Safari/537.36" "-"
217.76.130.90 - - [03/Dec/2019:05:30:22 +0100] "POST /wp-cron.php?doing_wp_cron=1575347422.4131391048431396484375 HTTP/1.1" 200 164 "http://amazingsportwear.com/wp-cron.php?doing_wp_cron=1575347422.4131391048431396484375" "WordPress/5.2.4; https://amazingsportwear.com" "-"
181.214.211.200 - - [03/Dec/2019:05:30:21 +0100] "GET / HTTP/1.1" 301 279 "-" "Mozilla/5.0 (Windows NT 10.0; WOW64) AppleWebKit/537.36 (KHTML, like Gecko) Chrome/59.0.3071.115 Safari/537.36 OPR/46.0.2597.57" "-"
181.214.211.200 - - [03/Dec/2019:05:30:22 +0100] "GET / HTTP/1.1" 200 126187 "-" "Mozilla/5.0 (Windows NT 10.0; WOW64) AppleWebKit/537.36 (KHTML, like Gecko) Chrome/59.0.3071.115 Safari/537.36 OPR/46.0.2597.57" "-"
217.76.130.90 - - [03/Dec/2019:05:31:28 +0100] "POST /wp-cron.php?doing_wp_cron=1575347488.5995609760284423828125 HTTP/1.1" 200 3389 "https://amazingsportwear.com/wp-cron.php?doing_wp_cron=1575347488.5995609760284423828125" "WordPress/5.2.4; https://amazingsportwear.com" "-"
66.249.66.70 - - [03/Dec/2019:05:31:28 +0100] "GET /producto/camiseta-tecnica-avus-sa-6658/ HTTP/1.1" 200 97184 "-" "Mozilla/5.0 (Linux; Android 6.0.1; Nexus 5X Build/MMB29P) AppleWebKit/537.36 (KHTML, like Gecko) Chrome/41.0.2272.96 Mobile Safari/537.36 (compatible; Googlebot/2.1; +http://www.google.com/bot.html)" "-"
66.249.66.68 - - [03/Dec/2019:05:31:35 +0100] "GET /wp-includes/js/jquery/ui/core.min.js?ver=1.11.4 HTTP/1.1" 200 7704 "https://amazingsportwear.com/producto/camiseta-tecnica-avus-sa-6658/" "Mozilla/5.0 (Linux; Android 6.0.1; Nexus 5X Build/MMB29P) AppleWebKit/537.36 (KHTML, like Gecko) Chrome/41.0.2272.96 Mobile Safari/537.36 (compatible; Googlebot/2.1; +http://www.google.com/bot.html)" "-"
66.249.66.66 - - [03/Dec/2019:05:31:37 +0100] "GET /wp-includes/js/jquery/ui/position.min.js?ver=1.11.4 HTTP/1.1" 200 10232 "https://amazingsportwear.com/producto/camiseta-tecnica-avus-sa-6658/" "Mozilla/5.0 (Linux; Android 6.0.1; Nexus 5X Build/MMB29P) AppleWebKit/537.36 (KHTML, like Gecko) Chrome/41.0.2272.96 Mobile Safari/537.36 (compatible; Googlebot/2.1; +http://www.google.com/bot.html)" "-"
66.249.66.66 - - [03/Dec/2019:05:31:37 +0100] "POST /?wc-ajax=get_refreshed_fragments HTTP/1.1" 200 1397 "https://amazingsportwear.com/producto/camiseta-tecnica-avus-sa-6658/" "Mozilla/5.0 (Linux; Android 6.0.1; Nexus 5X Build/MMB29P) AppleWebKit/537.36 (KHTML, like Gecko) Chrome/41.0.2272.96 Mobile Safari/537.36 (compatible; Googlebot/2.1; +http://www.google.com/bot.html)" "_ga=GA1.2.969013651.1575331200; _gid=GA1.2.1978218920.1575331200; _gat_gtag_UA_91619287_1=1"
217.76.130.90 - - [03/Dec/2019:05:40:14 +0100] "POST /wp-cron.php?doing_wp_cron=1575348014.0884349346160888671875 HTTP/1.1" 200 164 "http://amazingsportwear.com/wp-cron.php?doing_wp_cron=1575348014.0884349346160888671875" "WordPress/5.2.4; https://amazingsportwear.com" "-"
157.55.39.19 - - [03/Dec/2019:05:40:11 +0100] "GET /robots.txt HTTP/1.1" 200 432 "-" "Mozilla/5.0 (compatible; bingbot/2.0; +http://www.bing.com/bingbot.htm)" "-"
40.77.167.95 - - [03/Dec/2019:05:40:25 +0100] "GET /tienda/101-camiseta-tecnica-camimera-sa-0450.html HTTP/1.1" 404 68099 "-" "Mozilla/5.0 (compatible; bingbot/2.0; +http://www.bing.com/bingbot.htm)" "-"
189.199.25.219 - - [03/Dec/2019:05:42:22 +0100] "GET /wp-content/uploads/2019/04/Gorra-sport-7.png HTTP/1.1" 200 99912 "https://www.google.com/" "Mozilla/5.0 (Windows NT 10.0; Win64; x64) AppleWebKit/537.36 (KHTML, like Gecko) Chrome/78.0.3904.108 Safari/537.36" "-"
217.76.130.90 - - [03/Dec/2019:05:46:28 +0100] "POST /wp-cron.php?doing_wp_cron=1575348388.9117610454559326171875 HTTP/1.1" 200 3389 "https://amazingsportwear.com/wp-cron.php?doing_wp_cron=1575348388.9117610454559326171875" "WordPress/5.2.4; https://amazingsportwear.com" "-"
66.249.66.68 - - [03/Dec/2019:05:46:28 +0100] "GET /producto/sudadera-capucha/ HTTP/1.1" 200 101554 "-" "Mozilla/5.0 (Linux; Android 6.0.1; Nexus 5X Build/MMB29P) AppleWebKit/537.36 (KHTML, like Gecko) Chrome/41.0.2272.96 Mobile Safari/537.36 (compatible; Googlebot/2.1; +http://www.google.com/bot.html)" "-"
207.46.13.2 - - [03/Dec/2019:05:48:16 +0100] "GET /wp-content/uploads/2018/04/aq-armour-aerobic-chica.jpg HTTP/1.1" 200 132039 "-" "Mozilla/5.0 (compatible; bingbot/2.0; +http://www.bing.com/bingbot.htm)" "-"
40.77.167.95 - - [03/Dec/2019:05:48:25 +0100] "GET /wp-content/uploads/2018/04/aq-armour-aerobic-negro-naranja.jpg HTTP/1.1" 200 72888 "-" "Mozilla/5.0 (compatible; bingbot/2.0; +http://www.bing.com/bingbot.htm)" "-"
66.249.66.70 - - [03/Dec/2019:05:50:32 +0100] "GET /wp-includes/js/jquery/ui/core.min.js?ver=1.11.4 HTTP/1.1" 200 7704 "https://amazingsportwear.com/producto/sudadera-capucha/" "Mozilla/5.0 (Linux; Android 6.0.1; Nexus 5X Build/MMB29P) AppleWebKit/537.36 (KHTML, like Gecko) Chrome/41.0.2272.96 Mobile Safari/537.36 (compatible; Googlebot/2.1; +http://www.google.com/bot.html)" "-"
66.249.66.70 - - [03/Dec/2019:05:50:36 +0100] "GET /wp-includes/js/jquery/ui/position.min.js?ver=1.11.4 HTTP/1.1" 200 6869 "https://amazingsportwear.com/producto/sudadera-capucha/" "Mozilla/5.0 (Linux; Android 6.0.1; Nexus 5X Build/MMB29P) AppleWebKit/537.36 (KHTML, like Gecko) Chrome/41.0.2272.96 Mobile Safari/537.36 (compatible; Googlebot/2.1; +http://www.google.com/bot.html)" "-"
217.76.130.90 - - [03/Dec/2019:05:50:39 +0100] "POST /wp-cron.php?doing_wp_cron=1575348639.1182739734649658203125 HTTP/1.1" 200 3389 "https://amazingsportwear.com/wp-cron.php?doing_wp_cron=1575348639.1182739734649658203125" "WordPress/5.2.4; https://amazingsportwear.com" "-"
66.249.66.68 - - [03/Dec/2019:05:50:37 +0100] "POST /?wc-ajax=get_refreshed_fragments HTTP/1.1" 200 4760 "https://amazingsportwear.com/producto/sudadera-capucha/" "Mozilla/5.0 (Linux; Android 6.0.1; Nexus 5X Build/MMB29P) AppleWebKit/537.36 (KHTML, like Gecko) Chrome/41.0.2272.96 Mobile Safari/537.36 (compatible; Googlebot/2.1; +http://www.google.com/bot.html)" "_ga=GA1.2.969013651.1575331200; _gid=GA1.2.1978218920.1575331200; _gat_gtag_UA_91619287_1=1"
190.128.125.203 - - [03/Dec/2019:06:07:04 +0100] "GET /wp-content/uploads/2019/04/Gorra-sport-11.png HTTP/1.1" 200 131116 "https://www.google.com/" "Mozilla/5.0 (Windows NT 10.0; Win64; x64) AppleWebKit/537.36 (KHTML, like Gecko) Chrome/78.0.3904.108 Safari/537.36" "-"
66.249.66.70 - - [03/Dec/2019:06:07:22 +0100] "GET /wp-content/uploads/2019/04/kit-emergencia-cerrado-300x300.png HTTP/1.1" 304 3565 "-" "Googlebot-Image/1.0" "-"
217.76.130.90 - - [03/Dec/2019:06:07:22 +0100] "POST /wp-cron.php?doing_wp_cron=1575349642.8660070896148681640625 HTTP/1.1" 200 164 "http://amazingsportwear.com/wp-cron.php?doing_wp_cron=1575349642.8660070896148681640625" "WordPress/5.2.4; https://amazingsportwear.com" "-"
40.77.167.95 - - [03/Dec/2019:06:07:19 +0100] "GET /16-futbol HTTP/1.1" 404 68028 "-" "Mozilla/5.0 (iPhone; CPU iPhone OS 7_0 like Mac OS X) AppleWebKit/537.51.1 (KHTML, like Gecko) Version/7.0 Mobile/11A465 Safari/9537.53 (compatible; bingbot/2.0; +http://www.bing.com/bingbot.htm)" "-"
66.249.66.66 - - [03/Dec/2019:06:07:47 +0100] "GET /producto/polo-tecnico-montmelo-sa-0421/ HTTP/1.1" 200 106881 "-" "Mozilla/5.0 (compatible; Googlebot/2.1; +http://www.google.com/bot.html)" "-"
66.249.66.68 - - [03/Dec/2019:06:08:37 +0100] "GET /wp-content/uploads/2019/04/Llavero-raqueta-1-300x300.png HTTP/1.1" 304 3565 "-" "Googlebot-Image/1.0" "-"
217.76.130.90 - - [03/Dec/2019:06:12:21 +0100] "POST /wp-cron.php?doing_wp_cron=1575349941.4541840553283691406250 HTTP/1.1" 200 3389 "https://amazingsportwear.com/wp-cron.php?doing_wp_cron=1575349941.4541840553283691406250" "WordPress/5.2.4; https://amazingsportwear.com" "-"
40.77.167.126 - - [03/Dec/2019:06:12:20 +0100] "GET /producto/bidon-boxter/ HTTP/1.1" 200 95283 "-" "Mozilla/5.0 (compatible; bingbot/2.0; +http://www.bing.com/bingbot.htm)" "-"
217.76.130.90 - - [03/Dec/2019:06:19:26 +0100] "POST /wp-cron.php?doing_wp_cron=1575350366.4547920227050781250000 HTTP/1.1" 200 3389 "https://amazingsportwear.com/wp-cron.php?doing_wp_cron=1575350366.4547920227050781250000" "WordPress/5.2.4; https://amazingsportwear.com" "-"
66.249.66.70 - - [03/Dec/2019:06:19:24 +0100] "GET /producto/camiseta-tecnica-aida-sa-6656/ HTTP/1.1" 200 97037 "-" "Mozilla/5.0 (Linux; Android 6.0.1; Nexus 5X Build/MMB29P) AppleWebKit/537.36 (KHTML, like Gecko) Chrome/41.0.2272.96 Mobile Safari/537.36 (compatible; Googlebot/2.1; +http://www.google.com/bot.html)" "-"
66.249.66.68 - - [03/Dec/2019:06:19:41 +0100] "GET /ciclismo/42-manguito-brazo-ciclismo.html HTTP/1.1" 404 72340 "-" "Mozilla/5.0 (Linux; Android 6.0.1; Nexus 5X Build/MMB29P) AppleWebKit/537.36 (KHTML, like Gecko) Chrome/41.0.2272.96 Mobile Safari/537.36 (compatible; Googlebot/2.1; +http://www.google.com/bot.html)" "-"
217.76.130.90 - - [03/Dec/2019:06:20:25 +0100] "POST /wp-cron.php?doing_wp_cron=1575350425.5262610912322998046875 HTTP/1.1" 200 3389 "https://amazingsportwear.com/wp-cron.php?doing_wp_cron=1575350425.5262610912322998046875" "WordPress/5.2.4; https://amazingsportwear.com" "-"
66.249.66.70 - - [03/Dec/2019:06:20:24 +0100] "GET /producto/bandana-microfibra-tipo-buff/ HTTP/1.1" 200 92474 "-" "Mozilla/5.0 (Linux; Android 6.0.1; Nexus 5X Build/MMB29P) AppleWebKit/537.36 (KHTML, like Gecko) Chrome/41.0.2272.96 Mobile Safari/537.36 (compatible; Googlebot/2.1; +http://www.google.com/bot.html)" "-"
217.76.130.90 - - [03/Dec/2019:06:24:41 +0100] "POST /wp-cron.php?doing_wp_cron=1575350681.0247530937194824218750 HTTP/1.1" 200 3389 "https://amazingsportwear.com/wp-cron.php?doing_wp_cron=1575350681.0247530937194824218750" "WordPress/5.2.4; https://amazingsportwear.com" "-"
66.249.66.66 - - [03/Dec/2019:06:24:40 +0100] "GET /producto/camiseta-basket-con-costadillos/ HTTP/1.1" 200 95643 "-" "Mozilla/5.0 (Linux; Android 6.0.1; Nexus 5X Build/MMB29P) AppleWebKit/537.36 (KHTML, like Gecko) Chrome/41.0.2272.96 Mobile Safari/537.36 (compatible; Googlebot/2.1; +http://www.google.com/bot.html)" "-"
217.76.130.90 - - [03/Dec/2019:06:27:33 +0100] "POST /wp-cron.php?doing_wp_cron=1575350853.4093561172485351562500 HTTP/1.1" 200 3389 "https://amazingsportwear.com/wp-cron.php?doing_wp_cron=1575350853.4093561172485351562500" "WordPress/5.2.4; https://amazingsportwear.com" "-"
66.249.66.68 - - [03/Dec/2019:06:27:31 +0100] "POST /?wc-ajax=get_refreshed_fragments HTTP/1.1" 200 4760 "https://amazingsportwear.com/producto/bandana-microfibra-tipo-buff/" "Mozilla/5.0 (Linux; Android 6.0.1; Nexus 5X Build/MMB29P) AppleWebKit/537.36 (KHTML, like Gecko) Chrome/41.0.2272.96 Mobile Safari/537.36 (compatible; Googlebot/2.1; +http://www.google.com/bot.html)" "_ga=GA1.2.969013651.1575331200; _gid=GA1.2.1978218920.1575331200; _gat_gtag_UA_91619287_1=1"
217.76.130.90 - - [03/Dec/2019:06:30:08 +0100] "POST /wp-cron.php?doing_wp_cron=1575351008.1496419906616210937500 HTTP/1.1" 200 3389 "https://amazingsportwear.com/wp-cron.php?doing_wp_cron=1575351008.1496419906616210937500" "WordPress/5.2.4; https://amazingsportwear.com" "-"
66.249.66.68 - - [03/Dec/2019:06:30:07 +0100] "GET /categoria-producto/deportes/ HTTP/1.1" 200 74411 "-" "Mozilla/5.0 (Linux; Android 6.0.1; Nexus 5X Build/MMB29P) AppleWebKit/537.36 (KHTML, like Gecko) Chrome/41.0.2272.96 Mobile Safari/537.36 (compatible; Googlebot/2.1; +http://www.google.com/bot.html)" "-"
217.76.130.90 - - [03/Dec/2019:06:32:46 +0100] "POST /wp-cron.php?doing_wp_cron=1575351166.1816599369049072265625 HTTP/1.1" 200 3389 "https://amazingsportwear.com/wp-cron.php?doing_wp_cron=1575351166.1816599369049072265625" "WordPress/5.2.4; https://amazingsportwear.com" "-"
66.249.66.66 - - [03/Dec/2019:06:32:40 +0100] "GET /producto/gorra-kisse/ HTTP/1.1" 200 100405 "-" "Mozilla/5.0 (Linux; Android 6.0.1; Nexus 5X Build/MMB29P) AppleWebKit/537.36 (KHTML, like Gecko) Chrome/41.0.2272.96 Mobile Safari/537.36 (compatible; Googlebot/2.1; +http://www.google.com/bot.html)" "-"
217.76.130.90 - - [03/Dec/2019:06:37:17 +0100] "POST /wp-cron.php?doing_wp_cron=1575351437.7891778945922851562500 HTTP/1.1" 200 3389 "https://amazingsportwear.com/wp-cron.php?doing_wp_cron=1575351437.7891778945922851562500" "WordPress/5.2.4; https://amazingsportwear.com" "-"
66.249.66.70 - - [03/Dec/2019:06:37:17 +0100] "GET /producto/mono-triatlon/ HTTP/1.1" 200 90919 "-" "Mozilla/5.0 (Linux; Android 6.0.1; Nexus 5X Build/MMB29P) AppleWebKit/537.36 (KHTML, like Gecko) Chrome/41.0.2272.96 Mobile Safari/537.36 (compatible; Googlebot/2.1; +http://www.google.com/bot.html)" "-"
217.76.130.90 - - [03/Dec/2019:06:43:37 +0100] "POST /wp-cron.php?doing_wp_cron=1575351817.2915520668029785156250 HTTP/1.1" 200 3389 "https://amazingsportwear.com/wp-cron.php?doing_wp_cron=1575351817.2915520668029785156250" "WordPress/5.2.4; https://amazingsportwear.com" "-"
66.249.66.70 - - [03/Dec/2019:06:43:35 +0100] "GET /producto/bidon-aluminio-mento/ HTTP/1.1" 200 100117 "-" "Mozilla/5.0 (Linux; Android 6.0.1; Nexus 5X Build/MMB29P) AppleWebKit/537.36 (KHTML, like Gecko) Chrome/41.0.2272.96 Mobile Safari/537.36 (compatible; Googlebot/2.1; +http://www.google.com/bot.html)" "-"
217.76.130.90 - - [03/Dec/2019:06:46:20 +0100] "POST /wp-cron.php?doing_wp_cron=1575351980.3204801082611083984375 HTTP/1.1" 200 3389 "https://amazingsportwear.com/wp-cron.php?doing_wp_cron=1575351980.3204801082611083984375" "WordPress/5.2.4; https://amazingsportwear.com" "-"
66.249.66.70 - - [03/Dec/2019:06:46:19 +0100] "GET /producto/camiseta-tecnica-nath-combi/ HTTP/1.1" 200 107470 "-" "Mozilla/5.0 (Linux; Android 6.0.1; Nexus 5X Build/MMB29P) AppleWebKit/537.36 (KHTML, like Gecko) Chrome/41.0.2272.96 Mobile Safari/537.36 (compatible; Googlebot/2.1; +http://www.google.com/bot.html)" "-"
217.76.130.90 - - [03/Dec/2019:06:48:12 +0100] "POST /wp-cron.php?doing_wp_cron=1575352092.6769111156463623046875 HTTP/1.1" 200 3389 "https://amazingsportwear.com/wp-cron.php?doing_wp_cron=1575352092.6769111156463623046875" "WordPress/5.2.4; https://amazingsportwear.com" "-"
66.249.66.66 - - [03/Dec/2019:06:48:12 +0100] "GET /producto/mochila-cobra/ HTTP/1.1" 200 97573 "-" "Mozilla/5.0 (Linux; Android 6.0.1; Nexus 5X Build/MMB29P) AppleWebKit/537.36 (KHTML, like Gecko) Chrome/41.0.2272.96 Mobile Safari/537.36 (compatible; Googlebot/2.1; +http://www.google.com/bot.html)" "-"
40.77.167.95 - - [03/Dec/2019:07:00:26 +0100] "GET /wp-content/uploads/2019/04/bidon-match-2.png HTTP/1.1" 200 134210 "-" "Mozilla/5.0 (compatible; bingbot/2.0; +http://www.bing.com/bingbot.htm)" "-"
217.76.130.90 - - [03/Dec/2019:07:02:54 +0100] "POST /wp-cron.php?doing_wp_cron=1575352974.5159780979156494140625 HTTP/1.1" 200 3389 "https://amazingsportwear.com/wp-cron.php?doing_wp_cron=1575352974.5159780979156494140625" "WordPress/5.2.4; https://amazingsportwear.com" "-"
66.249.66.66 - - [03/Dec/2019:07:02:52 +0100] "GET /producto/gorra-bayon/ HTTP/1.1" 200 99990 "-" "Mozilla/5.0 (compatible; Googlebot/2.1; +http://www.google.com/bot.html)" "-"
217.76.130.90 - - [03/Dec/2019:07:07:49 +0100] "POST /wp-cron.php?doing_wp_cron=1575353269.3839669227600097656250 HTTP/1.1" 200 3389 "https://amazingsportwear.com/wp-cron.php?doing_wp_cron=1575353269.3839669227600097656250" "WordPress/5.2.4; https://amazingsportwear.com" "-"
66.249.66.70 - - [03/Dec/2019:07:07:48 +0100] "GET /producto/gorra-tecnica-dry-fit/ HTTP/1.1" 200 93365 "-" "Mozilla/5.0 (Linux; Android 6.0.1; Nexus 5X Build/MMB29P) AppleWebKit/537.36 (KHTML, like Gecko) Chrome/41.0.2272.96 Mobile Safari/537.36 (compatible; Googlebot/2.1; +http://www.google.com/bot.html)" "-"
207.46.13.2 - - [03/Dec/2019:07:08:36 +0100] "GET /wp-content/uploads/2018/04/aq-armour-aerobic-chica.jpg HTTP/1.1" 200 132039 "-" "Mozilla/5.0 (compatible; bingbot/2.0; +http://www.bing.com/bingbot.htm)" "-"
207.46.13.2 - - [03/Dec/2019:07:08:50 +0100] "GET /wp-content/uploads/2017/03/sa-6650_22302.jpg HTTP/1.1" 200 15883 "-" "Mozilla/5.0 (compatible; bingbot/2.0; +http://www.bing.com/bingbot.htm)" "-"
217.76.130.90 - - [03/Dec/2019:07:31:54 +0100] "POST /wp-cron.php?doing_wp_cron=1575354714.6321229934692382812500 HTTP/1.1" 200 3389 "https://amazingsportwear.com/wp-cron.php?doing_wp_cron=1575354714.6321229934692382812500" "WordPress/5.2.4; https://amazingsportwear.com" "-"
66.249.66.66 - - [03/Dec/2019:07:31:51 +0100] "GET /producto/manguito-brazo-ciclismo/ HTTP/1.1" 200 92040 "-" "Mozilla/5.0 (Linux; Android 6.0.1; Nexus 5X Build/MMB29P) AppleWebKit/537.36 (KHTML, like Gecko) Chrome/41.0.2272.96 Mobile Safari/537.36 (compatible; Googlebot/2.1; +http://www.google.com/bot.html)" "-"
217.76.130.90 - - [03/Dec/2019:07:49:27 +0100] "POST /wp-cron.php?doing_wp_cron=1575355767.7662999629974365234375 HTTP/1.1" 200 3389 "https://amazingsportwear.com/wp-cron.php?doing_wp_cron=1575355767.7662999629974365234375" "WordPress/5.2.4; https://amazingsportwear.com" "-"
66.249.66.66 - - [03/Dec/2019:07:49:25 +0100] "GET /producto/llavero-metalico-futbol/ HTTP/1.1" 200 95111 "-" "Mozilla/5.0 (Linux; Android 6.0.1; Nexus 5X Build/MMB29P) AppleWebKit/537.36 (KHTML, like Gecko) Chrome/41.0.2272.96 Mobile Safari/537.36 (compatible; Googlebot/2.1; +http://www.google.com/bot.html)" "-"
217.76.130.90 - - [03/Dec/2019:07:50:36 +0100] "POST /wp-cron.php?doing_wp_cron=1575355836.2061729431152343750000 HTTP/1.1" 200 3389 "https://amazingsportwear.com/wp-cron.php?doing_wp_cron=1575355836.2061729431152343750000" "WordPress/5.2.4; https://amazingsportwear.com" "-"
66.249.66.68 - - [03/Dec/2019:07:50:35 +0100] "GET /producto/polo-tecnico-silverstone-sa-6639/ HTTP/1.1" 200 107524 "-" "Mozilla/5.0 (Linux; Android 6.0.1; Nexus 5X Build/MMB29P) AppleWebKit/537.36 (KHTML, like Gecko) Chrome/41.0.2272.96 Mobile Safari/537.36 (compatible; Googlebot/2.1; +http://www.google.com/bot.html)" "-"
217.76.130.90 - - [03/Dec/2019:07:58:10 +0100] "POST /wp-cron.php?doing_wp_cron=1575356289.9891550540924072265625 HTTP/1.1" 200 3389 "https://amazingsportwear.com/wp-cron.php?doing_wp_cron=1575356289.9891550540924072265625" "WordPress/5.2.4; https://amazingsportwear.com" "-"
31.13.103.15 - - [03/Dec/2019:07:58:09 +0100] "GET / HTTP/1.1" 200 125565 "-" "facebookexternalhit/1.1 (+http://www.facebook.com/externalhit_uatext.php)" "-"
31.13.103.9 - - [03/Dec/2019:07:58:12 +0100] "GET /contacta-con-nosotros HTTP/1.1" 301 319 "-" "facebookexternalhit/1.1 (+http://www.facebook.com/externalhit_uatext.php)" "-"
31.13.103.9 - - [03/Dec/2019:07:58:12 +0100] "GET /contacta-con-nosotros/ HTTP/1.1" 200 58194 "-" "facebookexternalhit/1.1 (+http://www.facebook.com/externalhit_uatext.php)" "-"
181.176.101.152 - - [03/Dec/2019:08:06:45 +0100] "GET /wp-content/uploads/2019/04/Gorra-sport-6.png HTTP/1.1" 200 44623 "https://www.google.com/" "Mozilla/5.0 (Windows NT 10.0; Win64; x64) AppleWebKit/537.36 (KHTML, like Gecko) Chrome/78.0.3904.108 Safari/537.36" "-"
217.76.130.90 - - [03/Dec/2019:08:23:56 +0100] "POST /wp-cron.php?doing_wp_cron=1575357836.6614079475402832031250 HTTP/1.1" 200 3389 "https://amazingsportwear.com/wp-cron.php?doing_wp_cron=1575357836.6614079475402832031250" "WordPress/5.2.4; https://amazingsportwear.com" "-"
17.58.96.177 - - [03/Dec/2019:08:23:53 +0100] "GET /politica-de-privacidad-rgpd-2018/ HTTP/1.1" 200 75192 "-" "Mozilla/5.0 (Macintosh; Intel Mac OS X 10_10_1) AppleWebKit/600.2.5 (KHTML, like Gecko) Version/8.0.2 Safari/600.2.5 (Applebot/0.1; +http://www.apple.com/go/applebot)" "-"
217.76.130.90 - - [03/Dec/2019:08:31:04 +0100] "POST /wp-cron.php?doing_wp_cron=1575358263.9298529624938964843750 HTTP/1.1" 200 3389 "https://amazingsportwear.com/wp-cron.php?doing_wp_cron=1575358263.9298529624938964843750" "WordPress/5.2.4; https://amazingsportwear.com" "-"
66.249.66.66 - - [03/Dec/2019:08:31:02 +0100] "GET /producto/polo-tecnico-montmelo-sa-0421/ HTTP/1.1" 200 106772 "-" "Mozilla/5.0 (Linux; Android 6.0.1; Nexus 5X Build/MMB29P) AppleWebKit/537.36 (KHTML, like Gecko) Chrome/41.0.2272.96 Mobile Safari/537.36 (compatible; Googlebot/2.1; +http://www.google.com/bot.html)" "-"
217.76.130.90 - - [03/Dec/2019:08:41:48 +0100] "POST /wp-cron.php?doing_wp_cron=1575358908.4452331066131591796875 HTTP/1.1" 200 3389 "https://amazingsportwear.com/wp-cron.php?doing_wp_cron=1575358908.4452331066131591796875" "WordPress/5.2.4; https://amazingsportwear.com" "-"
66.249.66.66 - - [03/Dec/2019:08:41:46 +0100] "GET /producto/peto-reversible-deportivo/ HTTP/1.1" 200 96919 "-" "Mozilla/5.0 (Linux; Android 6.0.1; Nexus 5X Build/MMB29P) AppleWebKit/537.36 (KHTML, like Gecko) Chrome/41.0.2272.96 Mobile Safari/537.36 (compatible; Googlebot/2.1; +http://www.google.com/bot.html)" "-"
217.76.130.90 - - [03/Dec/2019:08:48:26 +0100] "POST /wp-cron.php?doing_wp_cron=1575359306.5900740623474121093750 HTTP/1.1" 200 3389 "https://amazingsportwear.com/wp-cron.php?doing_wp_cron=1575359306.5900740623474121093750" "WordPress/5.2.4; https://amazingsportwear.com" "-"
66.249.66.66 - - [03/Dec/2019:08:48:25 +0100] "GET /producto/mochila-blades/ HTTP/1.1" 200 103479 "-" "Mozilla/5.0 (Linux; Android 6.0.1; Nexus 5X Build/MMB29P) AppleWebKit/537.36 (KHTML, like Gecko) Chrome/41.0.2272.96 Mobile Safari/537.36 (compatible; Googlebot/2.1; +http://www.google.com/bot.html)" "-"
217.76.130.90 - - [03/Dec/2019:08:50:39 +0100] "POST /wp-cron.php?doing_wp_cron=1575359439.5401821136474609375000 HTTP/1.1" 200 3389 "https://amazingsportwear.com/wp-cron.php?doing_wp_cron=1575359439.5401821136474609375000" "WordPress/5.2.4; https://amazingsportwear.com" "-"
66.249.66.70 - - [03/Dec/2019:08:50:38 +0100] "GET /producto/rinonera-elastica-dorsal-cif-g221/ HTTP/1.1" 200 94835 "-" "Mozilla/5.0 (Linux; Android 6.0.1; Nexus 5X Build/MMB29P) AppleWebKit/537.36 (KHTML, like Gecko) Chrome/41.0.2272.96 Mobile Safari/537.36 (compatible; Googlebot/2.1; +http://www.google.com/bot.html)" "-"
217.76.130.90 - - [03/Dec/2019:08:51:20 +0100] "POST /wp-cron.php?doing_wp_cron=1575359480.5278759002685546875000 HTTP/1.1" 200 3389 "https://amazingsportwear.com/wp-cron.php?doing_wp_cron=1575359480.5278759002685546875000" "WordPress/5.2.4; https://amazingsportwear.com" "-"
66.249.66.70 - - [03/Dec/2019:08:51:19 +0100] "GET /producto/llavero-metalico-golf/ HTTP/1.1" 200 94097 "-" "Mozilla/5.0 (Linux; Android 6.0.1; Nexus 5X Build/MMB29P) AppleWebKit/537.36 (KHTML, like Gecko) Chrome/41.0.2272.96 Mobile Safari/537.36 (compatible; Googlebot/2.1; +http://www.google.com/bot.html)" "-"
217.76.130.90 - - [03/Dec/2019:08:54:35 +0100] "POST /wp-cron.php?doing_wp_cron=1575359675.0044169425964355468750 HTTP/1.1" 200 3389 "https://amazingsportwear.com/wp-cron.php?doing_wp_cron=1575359675.0044169425964355468750" "WordPress/5.2.4; https://amazingsportwear.com" "-"
66.249.66.66 - - [03/Dec/2019:08:54:34 +0100] "GET /producto/camiseta-tecnica-boomer-aq-jaguar/ HTTP/1.1" 200 105542 "-" "Mozilla/5.0 (Linux; Android 6.0.1; Nexus 5X Build/MMB29P) AppleWebKit/537.36 (KHTML, like Gecko) Chrome/41.0.2272.96 Mobile Safari/537.36 (compatible; Googlebot/2.1; +http://www.google.com/bot.html)" "-"
217.76.130.90 - - [03/Dec/2019:09:00:15 +0100] "POST /wp-cron.php?doing_wp_cron=1575360015.6148869991302490234375 HTTP/1.1" 200 3389 "https://amazingsportwear.com/wp-cron.php?doing_wp_cron=1575360015.6148869991302490234375" "WordPress/5.2.4; https://amazingsportwear.com" "-"
66.249.66.70 - - [03/Dec/2019:09:00:13 +0100] "GET /producto/camiseta-manga-corta-ranglan-futbol/ HTTP/1.1" 200 95721 "-" "Mozilla/5.0 (Linux; Android 6.0.1; Nexus 5X Build/MMB29P) AppleWebKit/537.36 (KHTML, like Gecko) Chrome/41.0.2272.96 Mobile Safari/537.36 (compatible; Googlebot/2.1; +http://www.google.com/bot.html)" "-"
217.76.130.90 - - [03/Dec/2019:09:12:00 +0100] "POST /wp-cron.php?doing_wp_cron=1575360720.2821209430694580078125 HTTP/1.1" 200 3389 "https://amazingsportwear.com/wp-cron.php?doing_wp_cron=1575360720.2821209430694580078125" "WordPress/5.2.4; https://amazingsportwear.com" "-"
66.249.66.70 - - [03/Dec/2019:09:11:57 +0100] "GET /producto/pantalon-largo-argos-sa-0460/ HTTP/1.1" 200 98103 "-" "Mozilla/5.0 (Linux; Android 6.0.1; Nexus 5X Build/MMB29P) AppleWebKit/537.36 (KHTML, like Gecko) Chrome/41.0.2272.96 Mobile Safari/537.36 (compatible; Googlebot/2.1; +http://www.google.com/bot.html)" "-"
36.78.138.215 - - [03/Dec/2019:09:12:19 +0100] "GET /wp-content/uploads/2019/04/gorra-krox-1.png HTTP/1.1" 200 109889 "https://www.google.com/" "Mozilla/5.0 (Windows NT 6.1; Win64; x64) AppleWebKit/537.36 (KHTML, like Gecko) Chrome/78.0.3904.108 Safari/537.36" "-"
217.76.130.90 - - [03/Dec/2019:09:13:44 +0100] "POST /wp-cron.php?doing_wp_cron=1575360824.7862040996551513671875 HTTP/1.1" 200 3389 "https://amazingsportwear.com/wp-cron.php?doing_wp_cron=1575360824.7862040996551513671875" "WordPress/5.2.4; https://amazingsportwear.com" "-"
66.249.66.70 - - [03/Dec/2019:09:13:42 +0100] "GET /producto/camiseta-tecnica-london-eny-london/ HTTP/1.1" 200 95849 "-" "Mozilla/5.0 (Linux; Android 6.0.1; Nexus 5X Build/MMB29P) AppleWebKit/537.36 (KHTML, like Gecko) Chrome/41.0.2272.96 Mobile Safari/537.36 (compatible; Googlebot/2.1; +http://www.google.com/bot.html)" "-"
66.249.66.68 - - [03/Dec/2019:09:13:56 +0100] "POST /?wc-ajax=get_refreshed_fragments HTTP/1.1" 200 4760 "https://amazingsportwear.com/producto/camiseta-tecnica-london-eny-london/" "Mozilla/5.0 (Linux; Android 6.0.1; Nexus 5X Build/MMB29P) AppleWebKit/537.36 (KHTML, like Gecko) Chrome/41.0.2272.96 Mobile Safari/537.36 (compatible; Googlebot/2.1; +http://www.google.com/bot.html)" "_ga=GA1.2.969013651.1575331200; _gid=GA1.2.1978218920.1575331200; _gat_gtag_UA_91619287_1=1"
217.76.130.90 - - [03/Dec/2019:09:19:50 +0100] "POST /wp-cron.php?doing_wp_cron=1575361190.0607419013977050781250 HTTP/1.1" 200 3389 "https://amazingsportwear.com/wp-cron.php?doing_wp_cron=1575361190.0607419013977050781250" "WordPress/5.2.4; https://amazingsportwear.com" "-"
66.249.66.66 - - [03/Dec/2019:09:19:48 +0100] "GET /producto/camiseta-manga-corta-futbol/ HTTP/1.1" 200 94819 "-" "Mozilla/5.0 (Linux; Android 6.0.1; Nexus 5X Build/MMB29P) AppleWebKit/537.36 (KHTML, like Gecko) Chrome/41.0.2272.96 Mobile Safari/537.36 (compatible; Googlebot/2.1; +http://www.google.com/bot.html)" "-"
217.76.130.90 - - [03/Dec/2019:09:21:31 +0100] "POST /wp-cron.php?doing_wp_cron=1575361291.5771429538726806640625 HTTP/1.1" 200 3389 "https://amazingsportwear.com/wp-cron.php?doing_wp_cron=1575361291.5771429538726806640625" "WordPress/5.2.4; https://amazingsportwear.com" "-"
66.249.66.70 - - [03/Dec/2019:09:21:30 +0100] "GET /producto/camiseta-basket-sin-costadillos/ HTTP/1.1" 200 94719 "-" "Mozilla/5.0 (Linux; Android 6.0.1; Nexus 5X Build/MMB29P) AppleWebKit/537.36 (KHTML, like Gecko) Chrome/41.0.2272.96 Mobile Safari/537.36 (compatible; Googlebot/2.1; +http://www.google.com/bot.html)" "-"
217.76.130.90 - - [03/Dec/2019:09:36:44 +0100] "POST /wp-cron.php?doing_wp_cron=1575362204.6406269073486328125000 HTTP/1.1" 200 3389 "https://amazingsportwear.com/wp-cron.php?doing_wp_cron=1575362204.6406269073486328125000" "WordPress/5.2.4; https://amazingsportwear.com" "-"
66.249.66.68 - - [03/Dec/2019:09:36:41 +0100] "GET /categoria-producto/hombre/cortavientos/ HTTP/1.1" 200 57356 "-" "Mozilla/5.0 (Linux; Android 6.0.1; Nexus 5X Build/MMB29P) AppleWebKit/537.36 (KHTML, like Gecko) Chrome/41.0.2272.96 Mobile Safari/537.36 (compatible; Googlebot/2.1; +http://www.google.com/bot.html)" "-"
217.76.130.90 - - [03/Dec/2019:09:38:34 +0100] "POST /wp-cron.php?doing_wp_cron=1575362314.7428069114685058593750 HTTP/1.1" 200 3389 "https://amazingsportwear.com/wp-cron.php?doing_wp_cron=1575362314.7428069114685058593750" "WordPress/5.2.4; https://amazingsportwear.com" "-"
66.249.66.70 - - [03/Dec/2019:09:38:33 +0100] "GET /producto/gorra-dowan/ HTTP/1.1" 200 94484 "-" "Mozilla/5.0 (Linux; Android 6.0.1; Nexus 5X Build/MMB29P) AppleWebKit/537.36 (KHTML, like Gecko) Chrome/41.0.2272.96 Mobile Safari/537.36 (compatible; Googlebot/2.1; +http://www.google.com/bot.html)" "-"
217.76.130.90 - - [03/Dec/2019:09:38:35 +0100] "POST /wp-admin/admin-ajax.php?action=wp_1_wc_privacy_cleanup&nonce=a4e151d395 HTTP/1.1" 200 3715 "https://amazingsportwear.com/wp-admin/admin-ajax.php?action=wp_1_wc_privacy_cleanup&nonce=a4e151d395" "WordPress/5.2.4; https://amazingsportwear.com" "-"
217.76.130.90 - - [03/Dec/2019:09:39:24 +0100] "POST /wp-cron.php?doing_wp_cron=1575362364.5062909126281738281250 HTTP/1.1" 200 3389 "https://amazingsportwear.com/wp-cron.php?doing_wp_cron=1575362364.5062909126281738281250" "WordPress/5.2.4; https://amazingsportwear.com" "-"
66.249.66.68 - - [03/Dec/2019:09:39:23 +0100] "POST /?wc-ajax=get_refreshed_fragments HTTP/1.1" 200 4760 "https://amazingsportwear.com/categoria-producto/hombre/cortavientos/" "Mozilla/5.0 (Linux; Android 6.0.1; Nexus 5X Build/MMB29P) AppleWebKit/537.36 (KHTML, like Gecko) Chrome/41.0.2272.96 Mobile Safari/537.36 (compatible; Googlebot/2.1; +http://www.google.com/bot.html)" "_ga=GA1.2.1884029788.1575331200; _gid=GA1.2.969013651.1575331200; _gat_gtag_UA_91619287_1=1"
217.76.130.90 - - [03/Dec/2019:09:42:31 +0100] "POST /wp-cron.php?doing_wp_cron=1575362551.3021020889282226562500 HTTP/1.1" 200 3389 "https://amazingsportwear.com/wp-cron.php?doing_wp_cron=1575362551.3021020889282226562500" "WordPress/5.2.4; https://amazingsportwear.com" "-"
66.249.66.70 - - [03/Dec/2019:09:42:30 +0100] "GET /categoria-producto/hombre/page/9/ HTTP/1.1" 200 77947 "-" "Mozilla/5.0 (Linux; Android 6.0.1; Nexus 5X Build/MMB29P) AppleWebKit/537.36 (KHTML, like Gecko) Chrome/41.0.2272.96 Mobile Safari/537.36 (compatible; Googlebot/2.1; +http://www.google.com/bot.html)" "-"
66.249.66.68 - - [03/Dec/2019:09:42:37 +0100] "POST /?wc-ajax=get_refreshed_fragments HTTP/1.1" 200 4722 "https://amazingsportwear.com/categoria-producto/hombre/page/9/" "Mozilla/5.0 (Linux; Android 6.0.1; Nexus 5X Build/MMB29P) AppleWebKit/537.36 (KHTML, like Gecko) Chrome/41.0.2272.96 Mobile Safari/537.36 (compatible; Googlebot/2.1; +http://www.google.com/bot.html)" "_ga=GA1.2.1884029788.1575331200; _gid=GA1.2.969013651.1575331200; _gat_gtag_UA_91619287_1=1"
217.76.130.90 - - [03/Dec/2019:09:43:21 +0100] "POST /wp-cron.php?doing_wp_cron=1575362601.1436250209808349609375 HTTP/1.1" 200 3389 "https://amazingsportwear.com/wp-cron.php?doing_wp_cron=1575362601.1436250209808349609375" "WordPress/5.2.4; https://amazingsportwear.com" "-"
66.249.66.70 - - [03/Dec/2019:09:43:20 +0100] "GET /producto/camiseta-tecnica-maurice/ HTTP/1.1" 200 103458 "-" "Mozilla/5.0 (Linux; Android 6.0.1; Nexus 5X Build/MMB29P) AppleWebKit/537.36 (KHTML, like Gecko) Chrome/41.0.2272.96 Mobile Safari/537.36 (compatible; Googlebot/2.1; +http://www.google.com/bot.html)" "-"
207.46.13.2 - - [03/Dec/2019:09:45:15 +0100] "GET /wp-content/uploads/2019/04/Bidon-boxter-2.png HTTP/1.1" 200 47537 "-" "Mozilla/5.0 (compatible; bingbot/2.0; +http://www.bing.com/bingbot.htm)" "-"
217.76.130.90 - - [03/Dec/2019:09:47:47 +0100] "POST /wp-cron.php?doing_wp_cron=1575362867.1256079673767089843750 HTTP/1.1" 200 3389 "https://amazingsportwear.com/wp-cron.php?doing_wp_cron=1575362867.1256079673767089843750" "WordPress/5.2.4; https://amazingsportwear.com" "-"
66.249.66.66 - - [03/Dec/2019:09:47:46 +0100] "GET /producto/camiseta-portero-futbol-manga-larga/ HTTP/1.1" 200 92317 "-" "Mozilla/5.0 (Linux; Android 6.0.1; Nexus 5X Build/MMB29P) AppleWebKit/537.36 (KHTML, like Gecko) Chrome/41.0.2272.96 Mobile Safari/537.36 (compatible; Googlebot/2.1; +http://www.google.com/bot.html)" "-"
217.76.130.90 - - [03/Dec/2019:09:48:08 +0100] "POST /wp-cron.php?doing_wp_cron=1575362888.6664800643920898437500 HTTP/1.1" 200 3389 "https://amazingsportwear.com/wp-cron.php?doing_wp_cron=1575362888.6664800643920898437500" "WordPress/5.2.4; https://amazingsportwear.com" "-"
66.249.66.68 - - [03/Dec/2019:09:48:07 +0100] "GET /producto/llavero-metalico-futbol/ HTTP/1.1" 200 94459 "-" "Mozilla/5.0 (compatible; Googlebot/2.1; +http://www.google.com/bot.html)" "-"
207.46.13.2 - - [03/Dec/2019:09:52:31 +0100] "GET /wp-content/uploads/2019/04/bidon-match-3.png HTTP/1.1" 200 99086 "-" "Mozilla/5.0 (compatible; bingbot/2.0; +http://www.bing.com/bingbot.htm)" "-"
217.76.130.90 - - [03/Dec/2019:09:57:15 +0100] "POST /wp-cron.php?doing_wp_cron=1575363434.8661510944366455078125 HTTP/1.1" 200 3389 "https://amazingsportwear.com/wp-cron.php?doing_wp_cron=1575363434.8661510944366455078125" "WordPress/5.2.4; https://amazingsportwear.com" "-"
66.249.66.68 - - [03/Dec/2019:09:57:12 +0100] "GET /producto/polo-tecnico-silverstone-sa-6639/ HTTP/1.1" 200 107869 "-" "Mozilla/5.0 (Linux; Android 6.0.1; Nexus 5X Build/MMB29P) AppleWebKit/537.36 (KHTML, like Gecko) Chrome/41.0.2272.96 Mobile Safari/537.36 (compatible; Googlebot/2.1; +http://www.google.com/bot.html)" "-"
207.46.13.2 - - [03/Dec/2019:09:58:33 +0100] "GET /wp-content/uploads/2017/03/CAT-5248-21-300x300.jpg HTTP/1.1" 200 13692 "-" "Mozilla/5.0 (compatible; bingbot/2.0; +http://www.bing.com/bingbot.htm)" "-"
217.76.130.90 - - [03/Dec/2019:10:00:06 +0100] "POST /wp-cron.php?doing_wp_cron=1575363606.8255610466003417968750 HTTP/1.1" 200 3389 "https://amazingsportwear.com/wp-cron.php?doing_wp_cron=1575363606.8255610466003417968750" "WordPress/5.2.4; https://amazingsportwear.com" "-"
66.249.66.66 - - [03/Dec/2019:10:00:06 +0100] "GET /producto/pantalon-corto-futbol-2/ HTTP/1.1" 200 91967 "-" "Mozilla/5.0 (Linux; Android 6.0.1; Nexus 5X Build/MMB29P) AppleWebKit/537.36 (KHTML, like Gecko) Chrome/41.0.2272.96 Mobile Safari/537.36 (compatible; Googlebot/2.1; +http://www.google.com/bot.html)" "-"
217.76.130.90 - - [03/Dec/2019:10:02:21 +0100] "POST /wp-cron.php?doing_wp_cron=1575363741.2258610725402832031250 HTTP/1.1" 200 3389 "https://amazingsportwear.com/wp-cron.php?doing_wp_cron=1575363741.2258610725402832031250" "WordPress/5.2.4; https://amazingsportwear.com" "-"
66.249.66.66 - - [03/Dec/2019:10:02:19 +0100] "GET /categoria-producto/mujer/camisetas-mujer/ HTTP/1.1" 200 77749 "-" "Mozilla/5.0 (Linux; Android 6.0.1; Nexus 5X Build/MMB29P) AppleWebKit/537.36 (KHTML, like Gecko) Chrome/41.0.2272.96 Mobile Safari/537.36 (compatible; Googlebot/2.1; +http://www.google.com/bot.html)" "-"
217.76.130.90 - - [03/Dec/2019:10:05:45 +0100] "POST /wp-cron.php?doing_wp_cron=1575363945.6164810657501220703125 HTTP/1.1" 200 164 "http://amazingsportwear.com/wp-cron.php?doing_wp_cron=1575363945.6164810657501220703125" "WordPress/5.2.4; https://amazingsportwear.com" "-"
66.249.66.86 - - [03/Dec/2019:10:05:43 +0100] "GET /pedido HTTP/1.1" 404 68047 "-" "Mozilla/5.0 (compatible; Googlebot/2.1; +http://www.google.com/bot.html)" "-"
217.76.130.90 - - [03/Dec/2019:10:14:58 +0100] "POST /wp-cron.php?doing_wp_cron=1575364498.3358230590820312500000 HTTP/1.1" 200 3389 "https://amazingsportwear.com/wp-cron.php?doing_wp_cron=1575364498.3358230590820312500000" "WordPress/5.2.4; https://amazingsportwear.com" "-"
66.249.66.66 - - [03/Dec/2019:10:14:56 +0100] "GET /producto/fundas-gafas-sumix-eny-su13w/ HTTP/1.1" 200 88588 "-" "Mozilla/5.0 (Linux; Android 6.0.1; Nexus 5X Build/MMB29P) AppleWebKit/537.36 (KHTML, like Gecko) Chrome/41.0.2272.96 Mobile Safari/537.36 (compatible; Googlebot/2.1; +http://www.google.com/bot.html)" "-"
217.76.130.90 - - [03/Dec/2019:10:17:31 +0100] "POST /wp-cron.php?doing_wp_cron=1575364651.3224360942840576171875 HTTP/1.1" 200 3389 "https://amazingsportwear.com/wp-cron.php?doing_wp_cron=1575364651.3224360942840576171875" "WordPress/5.2.4; https://amazingsportwear.com" "-"
13.66.139.1 - - [03/Dec/2019:10:17:29 +0100] "GET /robots.txt HTTP/1.1" 200 2297 "-" "Mozilla/5.0 (compatible; bingbot/2.0; +http://www.bing.com/bingbot.htm)" "-"
13.66.139.1 - - [03/Dec/2019:10:17:32 +0100] "GET /robots.txt HTTP/1.1" 200 3939 "-" "Mozilla/5.0 (compatible; bingbot/2.0; +http://www.bing.com/bingbot.htm)" "-"
13.66.139.0 - - [03/Dec/2019:10:17:39 +0100] "GET /producto/bidon-match/ HTTP/1.1" 200 96249 "-" "Mozilla/5.0 (compatible; bingbot/2.0; +http://www.bing.com/bingbot.htm)" "-"
40.77.191.137 - - [03/Dec/2019:10:17:42 +0100] "GET /wp-includes/js/wp-emoji-release.min.js?ver=5.2.4 HTTP/1.1" 200 17299 "https://amazingsportwear.com/producto/bidon-match/" "Mozilla/5.0 (Windows NT 6.1; WOW64) AppleWebKit/534+ (KHTML, like Gecko) BingPreview/1.0b" "-"
40.77.191.137 - - [03/Dec/2019:10:17:42 +0100] "GET /wp-includes/css/dist/block-library/style.min.css?ver=5.2.4 HTTP/1.1" 200 32776 "https://amazingsportwear.com/producto/bidon-match/" "Mozilla/5.0 (Windows NT 6.1; WOW64) AppleWebKit/534+ (KHTML, like Gecko) BingPreview/1.0b" "-"
40.77.191.137 - - [03/Dec/2019:10:17:42 +0100] "GET /wp-content/plugins/woocommerce/assets/css/blocks/style.css?ver=3.6.4 HTTP/1.1" 200 9813 "https://amazingsportwear.com/producto/bidon-match/" "Mozilla/5.0 (Windows NT 6.1; WOW64) AppleWebKit/534+ (KHTML, like Gecko) BingPreview/1.0b" "-"
40.77.191.137 - - [03/Dec/2019:10:17:42 +0100] "GET /wp-content/plugins/cookie-law-info/public/css/cookie-law-info-public.css?ver=1.7.6 HTTP/1.1" 200 6351 "https://amazingsportwear.com/producto/bidon-match/" "Mozilla/5.0 (Windows NT 6.1; WOW64) AppleWebKit/534+ (KHTML, like Gecko) BingPreview/1.0b" "-"
40.77.191.137 - - [03/Dec/2019:10:17:43 +0100] "GET /wp-content/plugins/woocommerce/assets/css/photoswipe/photoswipe.css?ver=3.6.4 HTTP/1.1" 200 4416 "https://amazingsportwear.com/producto/bidon-match/" "Mozilla/5.0 (Windows NT 6.1; WOW64) AppleWebKit/534+ (KHTML, like Gecko) BingPreview/1.0b" "-"
40.77.191.137 - - [03/Dec/2019:10:17:43 +0100] "GET /wp-content/plugins/woocommerce/assets/css/photoswipe/default-skin/default-skin.css?ver=3.6.4 HTTP/1.1" 200 11887 "https://amazingsportwear.com/producto/bidon-match/" "Mozilla/5.0 (Windows NT 6.1; WOW64) AppleWebKit/534+ (KHTML, like Gecko) BingPreview/1.0b" "-"
40.77.191.137 - - [03/Dec/2019:10:17:43 +0100] "GET /wp-content/plugins/wpfront-notification-bar/css/wpfront-notification-bar.css?ver=1.7.1 HTTP/1.1" 200 3607 "https://amazingsportwear.com/producto/bidon-match/" "Mozilla/5.0 (Windows NT 6.1; WOW64) AppleWebKit/534+ (KHTML, like Gecko) BingPreview/1.0b" "-"
40.77.191.137 - - [03/Dec/2019:10:17:43 +0100] "GET /wp-content/themes/shopper/assets/sass/woocommerce/woocommerce.css?ver=5.2.4 HTTP/1.1" 200 83478 "https://amazingsportwear.com/producto/bidon-match/" "Mozilla/5.0 (Windows NT 6.1; WOW64) AppleWebKit/534+ (KHTML, like Gecko) BingPreview/1.0b" "-"
40.77.191.137 - - [03/Dec/2019:10:17:43 +0100] "GET /wp-content/themes/shopper/style.css?ver=1.3.8 HTTP/1.1" 200 125259 "https://amazingsportwear.com/producto/bidon-match/" "Mozilla/5.0 (Windows NT 6.1; WOW64) AppleWebKit/534+ (KHTML, like Gecko) BingPreview/1.0b" "-"
40.77.191.137 - - [03/Dec/2019:10:17:44 +0100] "GET /wp-includes/js/jquery/jquery-migrate.min.js?ver=1.4.1 HTTP/1.1" 200 10343 "https://amazingsportwear.com/producto/bidon-match/" "Mozilla/5.0 (Windows NT 6.1; WOW64) AppleWebKit/534+ (KHTML, like Gecko) BingPreview/1.0b" "-"
40.77.191.137 - - [03/Dec/2019:10:17:44 +0100] "GET /wp-content/plugins/cookie-law-info/public/js/cookie-law-info-public.js?ver=1.7.6 HTTP/1.1" 200 17020 "https://amazingsportwear.com/producto/bidon-match/" "Mozilla/5.0 (Windows NT 6.1; WOW64) AppleWebKit/534+ (KHTML, like Gecko) BingPreview/1.0b" "-"
40.77.191.137 - - [03/Dec/2019:10:17:44 +0100] "GET /wp-content/plugins/wpfront-notification-bar/jquery-plugins/jquery.c.js?ver=1.4.0 HTTP/1.1" 200 3381 "https://amazingsportwear.com/producto/bidon-match/" "Mozilla/5.0 (Windows NT 6.1; WOW64) AppleWebKit/534+ (KHTML, like Gecko) BingPreview/1.0b" "-"
40.77.191.137 - - [03/Dec/2019:10:17:45 +0100] "GET /wp-content/plugins/wpfront-notification-bar/js/wpfront-notification-bar.js?ver=1.7.1 HTTP/1.1" 200 5606 "https://amazingsportwear.com/producto/bidon-match/" "Mozilla/5.0 (Windows NT 6.1; WOW64) AppleWebKit/534+ (KHTML, like Gecko) BingPreview/1.0b" "-"
40.77.191.137 - - [03/Dec/2019:10:17:45 +0100] "GET /wp-includes/js/jquery/jquery.js HTTP/1.1" 200 97306 "https://amazingsportwear.com/producto/bidon-match/" "Mozilla/5.0 (Windows NT 6.1; WOW64) AppleWebKit/534+ (KHTML, like Gecko) BingPreview/1.0b" "-"
40.77.191.137 - - [03/Dec/2019:10:17:45 +0100] "GET /wp-content/themes/shopper/assets/fonts/fontawesome-webfont.ttf?v=4.7.0 HTTP/1.1" 200 166122 "https://amazingsportwear.com/producto/bidon-match/" "Mozilla/5.0 (Windows NT 6.1; WOW64) AppleWebKit/534+ (KHTML, like Gecko) BingPreview/1.0b" "-"
40.77.191.137 - - [03/Dec/2019:10:17:46 +0100] "GET /wp-content/themes/shopper/assets/js/crm.js?ver=1561548510 HTTP/1.1" 200 818 "https://amazingsportwear.com/producto/bidon-match/" "Mozilla/5.0 (Windows NT 6.1; WOW64) AppleWebKit/534+ (KHTML, like Gecko) BingPreview/1.0b" "-"
40.77.191.137 - - [03/Dec/2019:10:17:46 +0100] "GET /wp-content/plugins/product-enquiry-for-woocommerce/css/wdm-jquery-ui.css?ver=5.2.4 HTTP/1.1" 200 26945 "https://amazingsportwear.com/producto/bidon-match/" "Mozilla/5.0 (Windows NT 6.1; WOW64) AppleWebKit/534+ (KHTML, like Gecko) BingPreview/1.0b" "-"
40.77.191.137 - - [03/Dec/2019:10:17:46 +0100] "GET /wp-content/plugins/woocommerce/assets/js/jquery-blockui/jquery.blockUI.min.js?ver=2.70 HTTP/1.1" 200 9852 "https://amazingsportwear.com/producto/bidon-match/" "Mozilla/5.0 (Windows NT 6.1; WOW64) AppleWebKit/534+ (KHTML, like Gecko) BingPreview/1.0b" "-"
40.77.191.137 - - [03/Dec/2019:10:17:46 +0100] "GET /wp-content/plugins/woocommerce/assets/js/frontend/add-to-cart.min.js?ver=3.6.4 HTTP/1.1" 200 2927 "https://amazingsportwear.com/producto/bidon-match/" "Mozilla/5.0 (Windows NT 6.1; WOW64) AppleWebKit/534+ (KHTML, like Gecko) BingPreview/1.0b" "-"
40.77.191.137 - - [03/Dec/2019:10:17:47 +0100] "GET /wp-content/plugins/woocommerce/assets/js/zoom/jquery.zoom.min.js?ver=1.7.21 HTTP/1.1" 200 2901 "https://amazingsportwear.com/producto/bidon-match/" "Mozilla/5.0 (Windows NT 6.1; WOW64) AppleWebKit/534+ (KHTML, like Gecko) BingPreview/1.0b" "-"
40.77.191.137 - - [03/Dec/2019:10:17:47 +0100] "GET /wp-content/plugins/woocommerce/assets/js/flexslider/jquery.flexslider.min.js?ver=2.7.2 HTTP/1.1" 200 23176 "https://amazingsportwear.com/producto/bidon-match/" "Mozilla/5.0 (Windows NT 6.1; WOW64) AppleWebKit/534+ (KHTML, like Gecko) BingPreview/1.0b" "-"
40.77.191.137 - - [03/Dec/2019:10:17:47 +0100] "GET /wp-content/plugins/woocommerce/assets/js/photoswipe/photoswipe.min.js?ver=4.1.1 HTTP/1.1" 200 32220 "https://amazingsportwear.com/producto/bidon-match/" "Mozilla/5.0 (Windows NT 6.1; WOW64) AppleWebKit/534+ (KHTML, like Gecko) BingPreview/1.0b" "-"
40.77.191.137 - - [03/Dec/2019:10:17:48 +0100] "GET /wp-content/plugins/woocommerce/assets/js/photoswipe/photoswipe-ui-default.min.js?ver=4.1.1 HTTP/1.1" 200 10164 "https://amazingsportwear.com/producto/bidon-match/" "Mozilla/5.0 (Windows NT 6.1; WOW64) AppleWebKit/534+ (KHTML, like Gecko) BingPreview/1.0b" "-"
40.77.191.137 - - [03/Dec/2019:10:17:48 +0100] "GET /wp-content/plugins/woocommerce/assets/js/frontend/single-product.min.js?ver=3.6.4 HTTP/1.1" 200 6637 "https://amazingsportwear.com/producto/bidon-match/" "Mozilla/5.0 (Windows NT 6.1; WOW64) AppleWebKit/534+ (KHTML, like Gecko) BingPreview/1.0b" "-"
40.77.191.137 - - [03/Dec/2019:10:17:48 +0100] "GET /wp-content/plugins/woocommerce/assets/js/js-cookie/js.cookie.min.js?ver=2.1.4 HTTP/1.1" 200 2131 "https://amazingsportwear.com/producto/bidon-match/" "Mozilla/5.0 (Windows NT 6.1; WOW64) AppleWebKit/534+ (KHTML, like Gecko) BingPreview/1.0b" "-"
40.77.191.137 - - [03/Dec/2019:10:17:49 +0100] "GET /wp-content/plugins/woocommerce/assets/js/frontend/woocommerce.min.js?ver=3.6.4 HTTP/1.1" 200 1757 "https://amazingsportwear.com/producto/bidon-match/" "Mozilla/5.0 (Windows NT 6.1; WOW64) AppleWebKit/534+ (KHTML, like Gecko) BingPreview/1.0b" "-"
40.77.191.137 - - [03/Dec/2019:10:17:49 +0100] "GET /wp-content/plugins/woocommerce/assets/js/frontend/cart-fragments.min.js?ver=3.6.4 HTTP/1.1" 200 3225 "https://amazingsportwear.com/producto/bidon-match/" "Mozilla/5.0 (Windows NT 6.1; WOW64) AppleWebKit/534+ (KHTML, like Gecko) BingPreview/1.0b" "-"
40.77.191.137 - - [03/Dec/2019:10:17:49 +0100] "GET /wp-content/themes/shopper/assets/js/skip-link-focus-fix.js?ver=1.3.8 HTTP/1.1" 200 967 "https://amazingsportwear.com/producto/bidon-match/" "Mozilla/5.0 (Windows NT 6.1; WOW64) AppleWebKit/534+ (KHTML, like Gecko) BingPreview/1.0b" "-"
40.77.191.137 - - [03/Dec/2019:10:17:49 +0100] "GET /wp-content/themes/shopper/assets/js/shopper.min.js?ver=1.3.8 HTTP/1.1" 200 5938 "https://amazingsportwear.com/producto/bidon-match/" "Mozilla/5.0 (Windows NT 6.1; WOW64) AppleWebKit/534+ (KHTML, like Gecko) BingPreview/1.0b" "-"
40.77.191.137 - - [03/Dec/2019:10:17:50 +0100] "GET /wp-includes/js/comment-reply.min.js?ver=5.2.4 HTTP/1.1" 200 2519 "https://amazingsportwear.com/producto/bidon-match/" "Mozilla/5.0 (Windows NT 6.1; WOW64) AppleWebKit/534+ (KHTML, like Gecko) BingPreview/1.0b" "-"
40.77.191.137 - - [03/Dec/2019:10:17:50 +0100] "GET /wp-content/themes/shopper/assets/js/woocommerce/header-cart.min.js?ver=1.3.8 HTTP/1.1" 200 916 "https://amazingsportwear.com/producto/bidon-match/" "Mozilla/5.0 (Windows NT 6.1; WOW64) AppleWebKit/534+ (KHTML, like Gecko) BingPreview/1.0b" "-"
40.77.191.137 - - [03/Dec/2019:10:17:50 +0100] "GET /wp-includes/js/underscore.min.js?ver=1.8.3 HTTP/1.1" 200 16471 "https://amazingsportwear.com/producto/bidon-match/" "Mozilla/5.0 (Windows NT 6.1; WOW64) AppleWebKit/534+ (KHTML, like Gecko) BingPreview/1.0b" "-"
40.77.191.137 - - [03/Dec/2019:10:17:50 +0100] "GET /wp-includes/js/wp-util.min.js?ver=5.2.4 HTTP/1.1" 200 1331 "https://amazingsportwear.com/producto/bidon-match/" "Mozilla/5.0 (Windows NT 6.1; WOW64) AppleWebKit/534+ (KHTML, like Gecko) BingPreview/1.0b" "-"
40.77.191.137 - - [03/Dec/2019:10:17:51 +0100] "GET /wp-content/plugins/woocommerce/assets/js/frontend/add-to-cart-variation.min.js?ver=3.6.4 HTTP/1.1" 200 13569 "https://amazingsportwear.com/producto/bidon-match/" "Mozilla/5.0 (Windows NT 6.1; WOW64) AppleWebKit/534+ (KHTML, like Gecko) BingPreview/1.0b" "-"
40.77.191.137 - - [03/Dec/2019:10:17:51 +0100] "GET /wp-includes/js/jquery/ui/core.min.js?ver=1.11.4 HTTP/1.1" 200 4285 "https://amazingsportwear.com/producto/bidon-match/" "Mozilla/5.0 (Windows NT 6.1; WOW64) AppleWebKit/534+ (KHTML, like Gecko) BingPreview/1.0b" "-"
40.77.191.137 - - [03/Dec/2019:10:17:51 +0100] "GET /wp-content/plugins/akismet/_inc/form.js?ver=4.1.2 HTTP/1.1" 200 984 "https://amazingsportwear.com/producto/bidon-match/" "Mozilla/5.0 (Windows NT 6.1; WOW64) AppleWebKit/534+ (KHTML, like Gecko) BingPreview/1.0b" "-"
40.77.191.137 - - [03/Dec/2019:10:17:51 +0100] "GET /wp-includes/js/jquery/ui/widget.min.js?ver=1.11.4 HTTP/1.1" 200 7194 "https://amazingsportwear.com/producto/bidon-match/" "Mozilla/5.0 (Windows NT 6.1; WOW64) AppleWebKit/534+ (KHTML, like Gecko) BingPreview/1.0b" "-"
40.77.191.137 - - [03/Dec/2019:10:17:52 +0100] "GET /wp-includes/js/jquery/ui/mouse.min.js?ver=1.11.4 HTTP/1.1" 200 3433 "https://amazingsportwear.com/producto/bidon-match/" "Mozilla/5.0 (Windows NT 6.1; WOW64) AppleWebKit/534+ (KHTML, like Gecko) BingPreview/1.0b" "-"
40.77.191.137 - - [03/Dec/2019:10:17:52 +0100] "GET /wp-includes/js/jquery/ui/resizable.min.js?ver=1.11.4 HTTP/1.1" 200 18742 "https://amazingsportwear.com/producto/bidon-match/" "Mozilla/5.0 (Windows NT 6.1; WOW64) AppleWebKit/534+ (KHTML, like Gecko) BingPreview/1.0b" "-"
40.77.191.137 - - [03/Dec/2019:10:17:52 +0100] "GET /wp-includes/js/jquery/ui/draggable.min.js?ver=1.11.4 HTTP/1.1" 200 19221 "https://amazingsportwear.com/producto/bidon-match/" "Mozilla/5.0 (Windows NT 6.1; WOW64) AppleWebKit/534+ (KHTML, like Gecko) BingPreview/1.0b" "-"
40.77.191.137 - - [03/Dec/2019:10:17:52 +0100] "GET /wp-includes/js/jquery/ui/button.min.js?ver=1.11.4 HTTP/1.1" 200 7522 "https://amazingsportwear.com/producto/bidon-match/" "Mozilla/5.0 (Windows NT 6.1; WOW64) AppleWebKit/534+ (KHTML, like Gecko) BingPreview/1.0b" "-"
40.77.191.137 - - [03/Dec/2019:10:17:53 +0100] "GET /wp-includes/js/jquery/ui/position.min.js?ver=1.11.4 HTTP/1.1" 200 6813 "https://amazingsportwear.com/producto/bidon-match/" "Mozilla/5.0 (Windows NT 6.1; WOW64) AppleWebKit/534+ (KHTML, like Gecko) BingPreview/1.0b" "-"
40.77.191.137 - - [03/Dec/2019:10:17:53 +0100] "GET /wp-includes/js/jquery/ui/dialog.min.js?ver=1.11.4 HTTP/1.1" 200 12426 "https://amazingsportwear.com/producto/bidon-match/" "Mozilla/5.0 (Windows NT 6.1; WOW64) AppleWebKit/534+ (KHTML, like Gecko) BingPreview/1.0b" "-"
40.77.191.137 - - [03/Dec/2019:10:17:53 +0100] "GET /wp-content/plugins/product-enquiry-for-woocommerce/js/wdm_jquery.validate.min.js?ver=5.2.4 HTTP/1.1" 200 21762 "https://amazingsportwear.com/producto/bidon-match/" "Mozilla/5.0 (Windows NT 6.1; WOW64) AppleWebKit/534+ (KHTML, like Gecko) BingPreview/1.0b" "-"
40.77.191.137 - - [03/Dec/2019:10:17:54 +0100] "GET /wp-content/plugins/product-enquiry-for-woocommerce/js/contact.js?ver=5.2.4 HTTP/1.1" 200 4625 "https://amazingsportwear.com/producto/bidon-match/" "Mozilla/5.0 (Windows NT 6.1; WOW64) AppleWebKit/534+ (KHTML, like Gecko) BingPreview/1.0b" "-"
