162.254.252.116 - - [17/Dec/2019:14:10:47 +0100] "GET /wp-admin/ms-edit.php HTTP/1.1" 302 3697 "http://site.ru" "Mozilla/5.0 (Windows; U; Windows NT 5.1; en-US) AppleWebKit/533.4 (KHTML, like Gecko) Chrome/5.0.375.99 Safari/533.4" "-"
162.254.252.116 - - [17/Dec/2019:14:10:48 +0100] "GET /wp-login.php?redirect_to=https%3A%2F%2Famazingsportwear.com%2Fwp-admin%2Fms-edit.php&reauth=1 HTTP/1.1" 200 6707 "http://site.ru" "Mozilla/5.0 (Windows; U; Windows NT 5.1; en-US) AppleWebKit/533.4 (KHTML, like Gecko) Chrome/5.0.375.99 Safari/533.4" "-"
162.254.252.116 - - [17/Dec/2019:14:10:57 +0100] "GET /wp-admin/ms-edit.php HTTP/1.1" 302 394 "http://site.ru" "Mozilla/5.0 (Windows; U; Windows NT 5.1; en-US) AppleWebKit/533.4 (KHTML, like Gecko) Chrome/5.0.375.99 Safari/533.4" "-"
162.254.252.116 - - [17/Dec/2019:14:10:59 +0100] "GET /wp-admin/ms-edit.php HTTP/1.1" 302 3697 "http://site.ru" "Mozilla/5.0 (Windows; U; Windows NT 5.1; en-US) AppleWebKit/533.4 (KHTML, like Gecko) Chrome/5.0.375.99 Safari/533.4" "-"
162.254.252.116 - - [17/Dec/2019:14:11:00 +0100] "GET /wp-login.php?redirect_to=https%3A%2F%2Famazingsportwear.com%2Fwp-admin%2Fms-edit.php&reauth=1 HTTP/1.1" 200 6707 "http://site.ru" "Mozilla/5.0 (Windows; U; Windows NT 5.1; en-US) AppleWebKit/533.4 (KHTML, like Gecko) Chrome/5.0.375.99 Safari/533.4" "-"
217.76.130.90 - - [17/Dec/2019:14:15:23 +0100] "POST /wp-cron.php?doing_wp_cron=1576588523.5974550247192382812500 HTTP/1.1" 200 164 "http://amazingsportwear.com/wp-cron.php?doing_wp_cron=1576588523.5974550247192382812500" "WordPress/5.2.5; https://amazingsportwear.com" "-"
104.222.33.165 - - [17/Dec/2019:14:15:21 +0100] "GET / HTTP/1.1" 301 336 "-" "Mozilla/5.0 (Windows NT 10.0; Win64; x64; rv:64.0) Gecko/20100101 Firefox/64.0" "-"
104.222.33.179 - - [17/Dec/2019:14:15:24 +0100] "GET / HTTP/1.1" 200 125555 "-" "Mozilla/5.0 (Windows NT 10.0; Win64; x64; rv:64.0) Gecko/20100101 Firefox/64.0" "wpfront-notification-bar-landingpage=1; APSERVER_ID=af94742a4c224242d071d1e646dcf302b0d4867f711efa2eec6bca01af5054c1"
23.239.180.24 - - [17/Dec/2019:14:15:39 +0100] "GET /wp-content/uploads/2019/05/cropped-favicon-nuevo-logo-amazinf-128px-32x32.png HTTP/1.1" 200 4392 "-" "Mozilla/5.0 (Windows NT 10.0; Win64; x64; rv:64.0) Gecko/20100101 Firefox/64.0" "-"
207.46.13.196 - - [17/Dec/2019:14:26:43 +0100] "GET /wp-content/uploads/2017/03/eny-cubik-azul.jpg HTTP/1.1" 200 23714 "-" "Mozilla/5.0 (compatible; bingbot/2.0; +http://www.bing.com/bingbot.htm)" "-"
217.76.130.90 - - [17/Dec/2019:14:28:11 +0100] "POST /wp-cron.php?doing_wp_cron=1576589291.3011939525604248046875 HTTP/1.1" 200 164 "http://amazingsportwear.com/wp-cron.php?doing_wp_cron=1576589291.3011939525604248046875" "WordPress/5.2.5; https://amazingsportwear.com" "-"
149.56.192.232 - - [17/Dec/2019:14:28:08 +0100] "GET /wp-admin/user/about.php HTTP/1.1" 302 397 "http://site.ru" "Mozilla/5.0 (Windows; U; Windows NT 5.1; en-US) AppleWebKit/533.4 (KHTML, like Gecko) Chrome/5.0.375.99 Safari/533.4" "-"
149.56.192.232 - - [17/Dec/2019:14:28:12 +0100] "GET /wp-admin/user/about.php HTTP/1.1" 302 3702 "http://site.ru" "Mozilla/5.0 (Windows; U; Windows NT 5.1; en-US) AppleWebKit/533.4 (KHTML, like Gecko) Chrome/5.0.375.99 Safari/533.4" "-"
149.56.192.232 - - [17/Dec/2019:14:28:13 +0100] "GET /wp-login.php?redirect_to=https%3A%2F%2Famazingsportwear.com%2Fwp-admin%2Fuser%2Fabout.php&reauth=1 HTTP/1.1" 200 6710 "http://site.ru" "Mozilla/5.0 (Windows; U; Windows NT 5.1; en-US) AppleWebKit/533.4 (KHTML, like Gecko) Chrome/5.0.375.99 Safari/533.4" "-"
217.76.130.90 - - [17/Dec/2019:14:33:09 +0100] "POST /wp-cron.php?doing_wp_cron=1576589589.4555039405822753906250 HTTP/1.1" 200 3389 "https://amazingsportwear.com/wp-cron.php?doing_wp_cron=1576589589.4555039405822753906250" "WordPress/5.2.5; https://amazingsportwear.com" "-"
207.46.13.63 - - [17/Dec/2019:14:33:07 +0100] "GET /producto/polo-tecnico-sol-palladium/ HTTP/1.1" 200 105522 "-" "Mozilla/5.0 (compatible; bingbot/2.0; +http://www.bing.com/bingbot.htm)" "-"
217.76.130.90 - - [17/Dec/2019:14:34:18 +0100] "POST /wp-cron.php?doing_wp_cron=1576589658.2001609802246093750000 HTTP/1.1" 200 164 "http://amazingsportwear.com/wp-cron.php?doing_wp_cron=1576589658.2001609802246093750000" "WordPress/5.2.5; https://amazingsportwear.com" "-"
104.222.43.89 - - [17/Dec/2019:14:34:17 +0100] "GET / HTTP/1.1" 301 336 "-" "Mozilla/5.0 (Windows NT 10.0; Win64; x64; rv:64.0) Gecko/20100101 Firefox/64.0" "-"
207.46.13.196 - - [17/Dec/2019:14:34:19 +0100] "GET /tenis-padel/90-polo-manga-corta-tenis-padel.html HTTP/1.1" 404 72351 "-" "Mozilla/5.0 (compatible; bingbot/2.0; +http://www.bing.com/bingbot.htm)" "-"
104.222.43.48 - - [17/Dec/2019:14:34:19 +0100] "GET / HTTP/1.1" 200 125575 "-" "Mozilla/5.0 (Windows NT 10.0; Win64; x64; rv:64.0) Gecko/20100101 Firefox/64.0" "wpfront-notification-bar-landingpage=1; APSERVER_ID=60ae9517494666ee91b66903779321263acb791cba12d57f52097c7ab9b7b2f0"
104.222.33.98 - - [17/Dec/2019:14:34:26 +0100] "GET /wp-content/uploads/2019/05/cropped-favicon-nuevo-logo-amazinf-128px-32x32.png HTTP/1.1" 200 4392 "-" "Mozilla/5.0 (Windows NT 10.0; Win64; x64; rv:64.0) Gecko/20100101 Firefox/64.0" "-"
49.82.105.219 - - [17/Dec/2019:14:37:34 +0100] "GET /wp-content/uploads/2018/05/cif-g221-3.jpg HTTP/1.1" 200 47034 "-" "Mozilla/5.0 (Linux; Android 7.0; FRD-AL00 Build/HUAWEIFRD-AL00; wv) AppleWebKit/537.36 (KHTML, like Gecko) Version/4.0 Chrome/53.0.2785.49 Mobile MQQBrowser/6.2 TBS/043602 Safari/537.36 MicroMessenger/6.5.16.1120 NetType/WIFI Language/zh_CN" "-"
185.69.9.179 - - [17/Dec/2019:14:37:43 +0100] "GET /wp-content/uploads/2018/05/sa-6639_azul-marino.jpg HTTP/1.1" 200 2470748 "https://www.google.com/" "Mozilla/5.0 (Macintosh; Intel Mac OS X 10_12_6) AppleWebKit/537.36 (KHTML, like Gecko) Chrome/79.0.3945.79 Safari/537.36" "-"
217.76.130.90 - - [17/Dec/2019:14:38:31 +0100] "POST /wp-cron.php?doing_wp_cron=1576589911.6283349990844726562500 HTTP/1.1" 200 3389 "https://amazingsportwear.com/wp-cron.php?doing_wp_cron=1576589911.6283349990844726562500" "WordPress/5.2.5; https://amazingsportwear.com" "-"
117.57.39.32 - - [17/Dec/2019:14:38:30 +0100] "GET /img/cms/BAHREIN.png HTTP/1.1" 404 72006 "-" "Mozilla/5.0(Linux;U;Android 5.1.1;zh-CN;OPPO A33 Build/LMY47V) AppleWebKit/537.36(KHTML,like Gecko) Version/4.0 Chrome/40.0.2214.89 UCBrowser/11.7.0.953 Mobile Safari/537.36" "-"
183.161.229.41 - - [17/Dec/2019:14:39:01 +0100] "GET /categoria-producto/hombre/camisetas/page/3 HTTP/1.1" 301 3566 "-" "Mozilla/5.0(Linux;Android 5.1.1;OPPO A33 Build/LMY47V;wv) AppleWebKit/537.36(KHTML,link Gecko) Version/4.0 Chrome/42.0.2311.138 Mobile Safari/537.36 Mb2345Browser/9.0" "-"
217.76.130.90 - - [17/Dec/2019:14:43:46 +0100] "POST /wp-cron.php?doing_wp_cron=1576590226.9647529125213623046875 HTTP/1.1" 200 164 "http://amazingsportwear.com/wp-cron.php?doing_wp_cron=1576590226.9647529125213623046875" "WordPress/5.2.5; https://amazingsportwear.com" "-"
50.63.197.109 - - [17/Dec/2019:14:43:45 +0100] "GET /wp-admin/ms-themes.php HTTP/1.1" 302 396 "http://site.ru" "Mozilla/5.0 (Windows; U; Windows NT 5.1; en-US) AppleWebKit/533.4 (KHTML, like Gecko) Chrome/5.0.375.99 Safari/533.4" "-"
50.63.197.109 - - [17/Dec/2019:14:43:48 +0100] "GET /wp-admin/ms-themes.php HTTP/1.1" 302 3699 "http://site.ru" "Mozilla/5.0 (Windows; U; Windows NT 5.1; en-US) AppleWebKit/533.4 (KHTML, like Gecko) Chrome/5.0.375.99 Safari/533.4" "-"
50.63.197.109 - - [17/Dec/2019:14:43:49 +0100] "GET /wp-login.php?redirect_to=https%3A%2F%2Famazingsportwear.com%2Fwp-admin%2Fms-themes.php&reauth=1 HTTP/1.1" 200 6709 "http://site.ru" "Mozilla/5.0 (Windows; U; Windows NT 5.1; en-US) AppleWebKit/533.4 (KHTML, like Gecko) Chrome/5.0.375.99 Safari/533.4" "-"
159.138.148.182 - - [17/Dec/2019:14:54:15 +0100] "GET /wp-content/uploads/2017/04/chaleco-sublimado-pecho.png HTTP/1.1" 200 60207 "-" "Mozilla/5.0(Linux;Android 5.1.1;OPPO A33 Build/LMY47V;wv) AppleWebKit/537.36(KHTML,link Gecko) Version/4.0 Chrome/43.0.2357.121 Mobile Safari/537.36 LieBaoFast/4.51.3" "-"
157.55.39.170 - - [17/Dec/2019:14:56:10 +0100] "GET /wp-content/uploads/2017/03/aq-crono-naranja.jpg HTTP/1.1" 200 58931 "-" "Mozilla/5.0 (compatible; bingbot/2.0; +http://www.bing.com/bingbot.htm)" "-"
217.76.130.90 - - [17/Dec/2019:14:56:44 +0100] "POST /wp-cron.php?doing_wp_cron=1576591004.0097289085388183593750 HTTP/1.1" 200 3389 "https://amazingsportwear.com/wp-cron.php?doing_wp_cron=1576591004.0097289085388183593750" "WordPress/5.2.5; https://amazingsportwear.com" "-"
60.168.240.121 - - [17/Dec/2019:14:56:42 +0100] "GET /etiqueta-producto/spain HTTP/1.1" 301 3547 "-" "Mozilla/5.0 (Linux; Android 7.0; FRD-AL00 Build/HUAWEIFRD-AL00; wv) AppleWebKit/537.36 (KHTML, like Gecko) Version/4.0 Chrome/53.0.2785.49 Mobile MQQBrowser/6.2 TBS/043602 Safari/537.36 MicroMessenger/6.5.16.1120 NetType/WIFI Language/zh_CN" "-"
60.168.240.121 - - [17/Dec/2019:14:56:48 +0100] "GET /etiqueta-producto/spain/ HTTP/1.1" 200 53644 "-" "Mozilla/5.0 (Linux; Android 7.0; FRD-AL00 Build/HUAWEIFRD-AL00; wv) AppleWebKit/537.36 (KHTML, like Gecko) Version/4.0 Chrome/53.0.2785.49 Mobile MQQBrowser/6.2 TBS/043602 Safari/537.36 MicroMessenger/6.5.16.1120 NetType/WIFI Language/zh_CN" "wpfront-notification-bar-landingpage=1"
217.76.130.90 - - [17/Dec/2019:15:00:39 +0100] "POST /wp-cron.php?doing_wp_cron=1576591239.2713930606842041015625 HTTP/1.1" 200 3389 "https://amazingsportwear.com/wp-cron.php?doing_wp_cron=1576591239.2713930606842041015625" "WordPress/5.2.5; https://amazingsportwear.com" "-"
112.192.182.156 - - [17/Dec/2019:15:00:38 +0100] "GET /producto/camiseta-tecnica-cosmic-aq-cosmic HTTP/1.1" 301 3566 "-" "Mozilla/5.0 (Linux; Android 7.0; FRD-AL00 Build/HUAWEIFRD-AL00; wv) AppleWebKit/537.36 (KHTML, like Gecko) Version/4.0 Chrome/53.0.2785.49 Mobile MQQBrowser/6.2 TBS/043602 Safari/537.36 MicroMessenger/6.5.16.1120 NetType/WIFI Language/zh_CN" "-"
112.192.182.156 - - [17/Dec/2019:15:00:43 +0100] "GET /producto/camiseta-tecnica-cosmic-aq-cosmic/ HTTP/1.1" 200 103456 "-" "Mozilla/5.0 (Linux; Android 7.0; FRD-AL00 Build/HUAWEIFRD-AL00; wv) AppleWebKit/537.36 (KHTML, like Gecko) Version/4.0 Chrome/53.0.2785.49 Mobile MQQBrowser/6.2 TBS/043602 Safari/537.36 MicroMessenger/6.5.16.1120 NetType/WIFI Language/zh_CN" "wpfront-notification-bar-landingpage=1"
217.76.130.90 - - [17/Dec/2019:15:03:38 +0100] "POST /wp-cron.php?doing_wp_cron=1576591417.9454491138458251953125 HTTP/1.1" 200 3389 "https://amazingsportwear.com/wp-cron.php?doing_wp_cron=1576591417.9454491138458251953125" "WordPress/5.2.5; https://amazingsportwear.com" "-"
117.132.191.5 - - [17/Dec/2019:15:03:37 +0100] "GET /producto/llavero-metalico-futbol HTTP/1.1" 301 3556 "-" "Mozilla/5.0(Linux;Android 5.1.1;OPPO A33 Build/LMY47V;wv) AppleWebKit/537.36(KHTML,link Gecko) Version/4.0 Chrome/42.0.2311.138 Mobile Safari/537.36 Mb2345Browser/9.0" "-"
117.132.191.5 - - [17/Dec/2019:15:03:40 +0100] "GET /producto/llavero-metalico-futbol/ HTTP/1.1" 200 94780 "-" "Mozilla/5.0(Linux;Android 5.1.1;OPPO A33 Build/LMY47V;wv) AppleWebKit/537.36(KHTML,link Gecko) Version/4.0 Chrome/42.0.2311.138 Mobile Safari/537.36 Mb2345Browser/9.0" "wpfront-notification-bar-landingpage=1"
213.229.137.94 - - [17/Dec/2019:15:04:50 +0100] "GET /wp-content/uploads/2019/04/Gorra-sport-12.png HTTP/1.1" 200 95673 "https://www.google.com/" "Mozilla/5.0 (Windows NT 10.0; Win64; x64) AppleWebKit/537.36 (KHTML, like Gecko) Chrome/79.0.3945.79 Safari/537.36" "-"
207.46.13.196 - - [17/Dec/2019:15:08:36 +0100] "GET /wp-content/uploads/2019/04/gorra-dry-fit-1-300x300.png HTTP/1.1" 200 60732 "-" "Mozilla/5.0 (compatible; bingbot/2.0; +http://www.bing.com/bingbot.htm)" "-"
115.208.74.232 - - [17/Dec/2019:15:11:00 +0100] "GET /wp-content/uploads/2019/03/SA-6662-2.png HTTP/1.1" 200 169442 "-" "Mozilla/5.0 (Linux; Android 7.0; FRD-AL00 Build/HUAWEIFRD-AL00; wv) AppleWebKit/537.36 (KHTML, like Gecko) Version/4.0 Chrome/53.0.2785.49 Mobile MQQBrowser/6.2 TBS/043602 Safari/537.36 MicroMessenger/6.5.16.1120 NetType/WIFI Language/zh_CN" "-"
217.76.130.90 - - [17/Dec/2019:15:12:55 +0100] "POST /wp-cron.php?doing_wp_cron=1576591975.5607769489288330078125 HTTP/1.1" 200 3389 "https://amazingsportwear.com/wp-cron.php?doing_wp_cron=1576591975.5607769489288330078125" "WordPress/5.2.5; https://amazingsportwear.com" "-"
218.91.102.64 - - [17/Dec/2019:15:12:51 +0100] "GET /categoria-producto/inicio/ropa-amazing-sport-wear/tenis-padel?add-to-cart=18700 HTTP/1.1" 301 4844 "-" "Mozilla/5.0(Linux;Android 5.1.1;OPPO A33 Build/LMY47V;wv) AppleWebKit/537.36(KHTML,link Gecko) Version/4.0 Chrome/43.0.2357.121 Mobile Safari/537.36 LieBaoFast/4.51.3" "-"
217.76.130.90 - - [17/Dec/2019:15:13:13 +0100] "POST /wp-cron.php?doing_wp_cron=1576591993.3801019191741943359375 HTTP/1.1" 200 3389 "https://amazingsportwear.com/wp-cron.php?doing_wp_cron=1576591993.3801019191741943359375" "WordPress/5.2.5; https://amazingsportwear.com" "-"
218.91.102.64 - - [17/Dec/2019:15:13:12 +0100] "GET /categoria-producto/inicio/ropa-amazing-sport-wear/tenis-padel/?add-to-cart=18700 HTTP/1.1" 200 59128 "-" "Mozilla/5.0(Linux;Android 5.1.1;OPPO A33 Build/LMY47V;wv) AppleWebKit/537.36(KHTML,link Gecko) Version/4.0 Chrome/43.0.2357.121 Mobile Safari/537.36 LieBaoFast/4.51.3" "woocommerce_cart_hash=4eac563cd4310c0355057436dea0a742; woocommerce_items_in_cart=1; wp_woocommerce_session_fb86dbb0e6335d960ea3e94e06b25287=a59de8bd0b118d78ad796d23cdfb0d1e%7C%7C1576764775%7C%7C1576761175%7C%7Cf6dcffd9f199f2dc9c8d9f39812b8513; wpfront-notification-bar-landingpage=1"
217.76.130.90 - - [17/Dec/2019:15:15:20 +0100] "POST /wp-cron.php?doing_wp_cron=1576592120.9741449356079101562500 HTTP/1.1" 200 164 "http://amazingsportwear.com/wp-cron.php?doing_wp_cron=1576592120.9741449356079101562500" "WordPress/5.2.5; https://amazingsportwear.com" "-"
192.227.152.122 - - [17/Dec/2019:15:15:20 +0100] "GET / HTTP/1.1" 301 336 "-" "python-requests/2.22.0" "-"
192.227.152.122 - - [17/Dec/2019:15:15:28 +0100] "GET / HTTP/1.1" 200 125775 "-" "python-requests/2.22.0" "wpfront-notification-bar-landingpage=1"
157.55.39.170 - - [17/Dec/2019:15:19:23 +0100] "GET /wp-content/uploads/2017/03/sa-0425_78.jpg HTTP/1.1" 200 301466 "-" "Mozilla/5.0 (compatible; bingbot/2.0; +http://www.bing.com/bingbot.htm)" "-"
217.76.130.90 - - [17/Dec/2019:15:19:42 +0100] "POST /wp-cron.php?doing_wp_cron=1576592382.8171489238739013671875 HTTP/1.1" 200 3389 "https://amazingsportwear.com/wp-cron.php?doing_wp_cron=1576592382.8171489238739013671875" "WordPress/5.2.5; https://amazingsportwear.com" "-"
207.46.13.63 - - [17/Dec/2019:15:19:41 +0100] "GET /producto/cullot-deportivo-mujer-cat-4718/ HTTP/1.1" 200 101686 "-" "Mozilla/5.0 (compatible; bingbot/2.0; +http://www.bing.com/bingbot.htm)" "-"
217.76.130.90 - - [17/Dec/2019:15:23:10 +0100] "POST /wp-cron.php?doing_wp_cron=1576592590.8695700168609619140625 HTTP/1.1" 200 3389 "https://amazingsportwear.com/wp-cron.php?doing_wp_cron=1576592590.8695700168609619140625" "WordPress/5.2.5; https://amazingsportwear.com" "-"
222.220.152.60 - - [17/Dec/2019:15:23:09 +0100] "GET / HTTP/1.1" 200 106391 "-" "Mozilla/5.0(Linux;Android 5.1.1;OPPO A33 Build/LMY47V;wv) AppleWebKit/537.36(KHTML,link Gecko) Version/4.0 Chrome/42.0.2311.138 Mobile Safari/537.36 Mb2345Browser/9.0" "-"
217.76.130.90 - - [17/Dec/2019:15:24:21 +0100] "POST /wp-cron.php?doing_wp_cron=1576592661.5674018859863281250000 HTTP/1.1" 200 164 "http://amazingsportwear.com/wp-cron.php?doing_wp_cron=1576592661.5674018859863281250000" "WordPress/5.2.5; https://amazingsportwear.com" "-"
54.37.23.119 - - [17/Dec/2019:15:24:20 +0100] "GET /img/amazing-logo-1485426812.png HTTP/1.1" 404 68026 "-" "-" "-"
54.37.23.119 - - [17/Dec/2019:15:24:21 +0100] "GET /986-large_default/polo-tecnico-kiso-hombre-pf-39084.jpg HTTP/1.1" 404 68064 "-" "-" "-"
54.37.23.119 - - [17/Dec/2019:15:24:22 +0100] "GET /991-cart_default/polo-tecnico-kiso-hombre-pf-39084.jpg HTTP/1.1" 404 68062 "-" "-" "-"
54.37.23.119 - - [17/Dec/2019:15:24:23 +0100] "GET /img/cms/tienda/pf-39084-colores.JPG HTTP/1.1" 404 67996 "-" "-" "-"
180.125.17.75 - - [17/Dec/2019:15:24:38 +0100] "GET /producto/bidon-halmik HTTP/1.1" 301 3545 "-" "Mozilla/5.0 (Linux; Android 7.0; FRD-AL00 Build/HUAWEIFRD-AL00; wv) AppleWebKit/537.36 (KHTML, like Gecko) Version/4.0 Chrome/53.0.2785.49 Mobile MQQBrowser/6.2 TBS/043602 Safari/537.36 MicroMessenger/6.5.16.1120 NetType/WIFI Language/zh_CN" "-"
180.125.17.75 - - [17/Dec/2019:15:24:44 +0100] "GET /producto/bidon-halmik/ HTTP/1.1" 200 95695 "-" "Mozilla/5.0 (Linux; Android 7.0; FRD-AL00 Build/HUAWEIFRD-AL00; wv) AppleWebKit/537.36 (KHTML, like Gecko) Version/4.0 Chrome/53.0.2785.49 Mobile MQQBrowser/6.2 TBS/043602 Safari/537.36 MicroMessenger/6.5.16.1120 NetType/WIFI Language/zh_CN" "wpfront-notification-bar-landingpage=1"
217.76.130.90 - - [17/Dec/2019:15:28:05 +0100] "POST /wp-cron.php?doing_wp_cron=1576592885.1683139801025390625000 HTTP/1.1" 200 3389 "https://amazingsportwear.com/wp-cron.php?doing_wp_cron=1576592885.1683139801025390625000" "WordPress/5.2.5; https://amazingsportwear.com" "-"
223.241.22.101 - - [17/Dec/2019:15:28:03 +0100] "GET /etiqueta-producto/poliester HTTP/1.1" 301 3551 "-" "Mozilla/5.0 (Linux; Android 7.0; FRD-AL00 Build/HUAWEIFRD-AL00; wv) AppleWebKit/537.36 (KHTML, like Gecko) Version/4.0 Chrome/53.0.2785.49 Mobile MQQBrowser/6.2 TBS/043602 Safari/537.36 MicroMessenger/6.5.16.1120 NetType/WIFI Language/zh_CN" "-"
217.76.130.90 - - [17/Dec/2019:15:30:18 +0100] "POST /wp-cron.php?doing_wp_cron=1576593018.1756649017333984375000 HTTP/1.1" 200 3389 "https://amazingsportwear.com/wp-cron.php?doing_wp_cron=1576593018.1756649017333984375000" "WordPress/5.2.5; https://amazingsportwear.com" "-"
207.46.13.63 - - [17/Dec/2019:15:30:16 +0100] "GET /producto/chaleco-tecnico-ligero-running-jnnu/ HTTP/1.1" 200 108797 "-" "Mozilla/5.0 (compatible; bingbot/2.0; +http://www.bing.com/bingbot.htm)" "-"
207.46.13.196 - - [17/Dec/2019:15:35:13 +0100] "GET /wp-content/uploads/2017/03/aq-crono-joven.jpg HTTP/1.1" 200 158209 "-" "Mozilla/5.0 (compatible; bingbot/2.0; +http://www.bing.com/bingbot.htm)" "-"
217.76.130.90 - - [17/Dec/2019:15:45:48 +0100] "POST /wp-cron.php?doing_wp_cron=1576593948.2452840805053710937500 HTTP/1.1" 200 164 "http://amazingsportwear.com/wp-cron.php?doing_wp_cron=1576593948.2452840805053710937500" "WordPress/5.2.5; https://amazingsportwear.com" "-"
23.226.211.143 - - [17/Dec/2019:15:45:46 +0100] "GET / HTTP/1.1" 301 336 "-" "Mozilla/5.0 (Windows NT 6.1; WOW64; rv:27.0) Gecko/20100101 Firefox/27.0" "-"
217.76.130.90 - - [17/Dec/2019:15:58:02 +0100] "POST /wp-cron.php?doing_wp_cron=1576594682.5169720649719238281250 HTTP/1.1" 200 3389 "https://amazingsportwear.com/wp-cron.php?doing_wp_cron=1576594682.5169720649719238281250" "WordPress/5.2.5; https://amazingsportwear.com" "-"
83.49.191.18 - - [17/Dec/2019:15:58:00 +0100] "GET / HTTP/1.1" 200 125838 "https://www.google.com/" "Mozilla/5.0 (Macintosh; Intel Mac OS X 10_13_5) AppleWebKit/537.36 (KHTML, like Gecko) Chrome/79.0.3945.79 Safari/537.36" "-"
83.49.191.18 - - [17/Dec/2019:15:58:03 +0100] "GET /wp-includes/css/dist/block-library/style.min.css?ver=5.2.5 HTTP/1.1" 200 33023 "https://amazingsportwear.com/" "Mozilla/5.0 (Macintosh; Intel Mac OS X 10_13_5) AppleWebKit/537.36 (KHTML, like Gecko) Chrome/79.0.3945.79 Safari/537.36" "wpfront-notification-bar-landingpage=1"
83.49.191.18 - - [17/Dec/2019:15:58:03 +0100] "GET /wp-content/plugins/cookie-law-info/public/css/cookie-law-info-public.css?ver=1.7.6 HTTP/1.1" 200 3373 "https://amazingsportwear.com/" "Mozilla/5.0 (Macintosh; Intel Mac OS X 10_13_5) AppleWebKit/537.36 (KHTML, like Gecko) Chrome/79.0.3945.79 Safari/537.36" "wpfront-notification-bar-landingpage=1"
83.49.191.18 - - [17/Dec/2019:15:58:03 +0100] "GET /wp-content/plugins/cookie-law-info/public/css/cookie-law-info-gdpr.css?ver=1.7.6 HTTP/1.1" 200 12583 "https://amazingsportwear.com/" "Mozilla/5.0 (Macintosh; Intel Mac OS X 10_13_5) AppleWebKit/537.36 (KHTML, like Gecko) Chrome/79.0.3945.79 Safari/537.36" "wpfront-notification-bar-landingpage=1"
83.49.191.18 - - [17/Dec/2019:15:58:03 +0100] "GET /wp-content/plugins/woocommerce/assets/css/blocks/style.css?ver=3.6.4 HTTP/1.1" 200 6835 "https://amazingsportwear.com/" "Mozilla/5.0 (Macintosh; Intel Mac OS X 10_13_5) AppleWebKit/537.36 (KHTML, like Gecko) Chrome/79.0.3945.79 Safari/537.36" "wpfront-notification-bar-landingpage=1"
83.49.191.18 - - [17/Dec/2019:15:58:03 +0100] "GET /wp-content/plugins/simple-social-icons/css/style.css?ver=3.0.1 HTTP/1.1" 200 1562 "https://amazingsportwear.com/" "Mozilla/5.0 (Macintosh; Intel Mac OS X 10_13_5) AppleWebKit/537.36 (KHTML, like Gecko) Chrome/79.0.3945.79 Safari/537.36" "wpfront-notification-bar-landingpage=1"
83.49.191.18 - - [17/Dec/2019:15:58:03 +0100] "GET /wp-content/plugins/wpfront-notification-bar/css/wpfront-notification-bar.css?ver=1.7.1 HTTP/1.1" 200 3801 "https://amazingsportwear.com/" "Mozilla/5.0 (Macintosh; Intel Mac OS X 10_13_5) AppleWebKit/537.36 (KHTML, like Gecko) Chrome/79.0.3945.79 Safari/537.36" "wpfront-notification-bar-landingpage=1"
83.49.191.18 - - [17/Dec/2019:15:58:03 +0100] "GET /wp-content/plugins/elementor/assets/lib/eicons/css/elementor-icons.min.css?ver=4.3.0 HTTP/1.1" 200 11850 "https://amazingsportwear.com/" "Mozilla/5.0 (Macintosh; Intel Mac OS X 10_13_5) AppleWebKit/537.36 (KHTML, like Gecko) Chrome/79.0.3945.79 Safari/537.36" "wpfront-notification-bar-landingpage=1"
83.49.191.18 - - [17/Dec/2019:15:58:03 +0100] "GET /wp-content/plugins/elementor/assets/lib/animations/animations.min.css?ver=2.5.16 HTTP/1.1" 200 18833 "https://amazingsportwear.com/" "Mozilla/5.0 (Macintosh; Intel Mac OS X 10_13_5) AppleWebKit/537.36 (KHTML, like Gecko) Chrome/79.0.3945.79 Safari/537.36" "wpfront-notification-bar-landingpage=1"
83.49.191.18 - - [17/Dec/2019:15:58:03 +0100] "GET /wp-content/uploads/elementor/css/global.css?ver=1559638744 HTTP/1.1" 200 5136 "https://amazingsportwear.com/" "Mozilla/5.0 (Macintosh; Intel Mac OS X 10_13_5) AppleWebKit/537.36 (KHTML, like Gecko) Chrome/79.0.3945.79 Safari/537.36" "wpfront-notification-bar-landingpage=1"
83.49.191.18 - - [17/Dec/2019:15:58:03 +0100] "GET /wp-content/plugins/elementor/assets/lib/font-awesome/css/font-awesome.min.css?ver=4.7.0 HTTP/1.1" 200 31365 "https://amazingsportwear.com/" "Mozilla/5.0 (Macintosh; Intel Mac OS X 10_13_5) AppleWebKit/537.36 (KHTML, like Gecko) Chrome/79.0.3945.79 Safari/537.36" "wpfront-notification-bar-landingpage=1"
83.49.191.18 - - [17/Dec/2019:15:58:03 +0100] "GET /wp-content/themes/shopper/style.css?ver=1.3.8 HTTP/1.1" 200 125315 "https://amazingsportwear.com/" "Mozilla/5.0 (Macintosh; Intel Mac OS X 10_13_5) AppleWebKit/537.36 (KHTML, like Gecko) Chrome/79.0.3945.79 Safari/537.36" "wpfront-notification-bar-landingpage=1"
83.49.191.18 - - [17/Dec/2019:15:58:03 +0100] "GET /wp-content/uploads/elementor/css/post-16241.css?ver=1562311573 HTTP/1.1" 200 4934 "https://amazingsportwear.com/" "Mozilla/5.0 (Macintosh; Intel Mac OS X 10_13_5) AppleWebKit/537.36 (KHTML, like Gecko) Chrome/79.0.3945.79 Safari/537.36" "wpfront-notification-bar-landingpage=1"
83.49.191.18 - - [17/Dec/2019:15:58:03 +0100] "GET /wp-content/plugins/elementor/assets/css/frontend.min.css?ver=2.5.16 HTTP/1.1" 200 95366 "https://amazingsportwear.com/" "Mozilla/5.0 (Macintosh; Intel Mac OS X 10_13_5) AppleWebKit/537.36 (KHTML, like Gecko) Chrome/79.0.3945.79 Safari/537.36" "wpfront-notification-bar-landingpage=1"
83.49.191.18 - - [17/Dec/2019:15:58:03 +0100] "GET /wp-content/plugins/smart-slider-3/library/media/smartslider.min.css?1559118093 HTTP/1.1" 200 19959 "https://amazingsportwear.com/" "Mozilla/5.0 (Macintosh; Intel Mac OS X 10_13_5) AppleWebKit/537.36 (KHTML, like Gecko) Chrome/79.0.3945.79 Safari/537.36" "wpfront-notification-bar-landingpage=1"
83.49.191.18 - - [17/Dec/2019:15:58:03 +0100] "GET /wp-content/themes/shopper/assets/sass/woocommerce/woocommerce.css?ver=5.2.5 HTTP/1.1" 200 83534 "https://amazingsportwear.com/" "Mozilla/5.0 (Macintosh; Intel Mac OS X 10_13_5) AppleWebKit/537.36 (KHTML, like Gecko) Chrome/79.0.3945.79 Safari/537.36" "wpfront-notification-bar-landingpage=1"
83.49.191.18 - - [17/Dec/2019:15:58:03 +0100] "GET /wp-content/plugins/cookie-law-info/public/js/cookie-law-info-public.js?ver=1.7.6 HTTP/1.1" 200 17076 "https://amazingsportwear.com/" "Mozilla/5.0 (Macintosh; Intel Mac OS X 10_13_5) AppleWebKit/537.36 (KHTML, like Gecko) Chrome/79.0.3945.79 Safari/537.36" "wpfront-notification-bar-landingpage=1"
83.49.191.18 - - [17/Dec/2019:15:58:03 +0100] "GET /wp-content/plugins/wpfront-notification-bar/jquery-plugins/jquery.c.js?ver=1.4.0 HTTP/1.1" 200 3437 "https://amazingsportwear.com/" "Mozilla/5.0 (Macintosh; Intel Mac OS X 10_13_5) AppleWebKit/537.36 (KHTML, like Gecko) Chrome/79.0.3945.79 Safari/537.36" "wpfront-notification-bar-landingpage=1"
83.49.191.18 - - [17/Dec/2019:15:58:03 +0100] "GET /wp-content/plugins/simple-social-icons/svgxuse.js?ver=1.1.21 HTTP/1.1" 200 9580 "https://amazingsportwear.com/" "Mozilla/5.0 (Macintosh; Intel Mac OS X 10_13_5) AppleWebKit/537.36 (KHTML, like Gecko) Chrome/79.0.3945.79 Safari/537.36" "wpfront-notification-bar-landingpage=1"
83.49.191.18 - - [17/Dec/2019:15:58:03 +0100] "GET /wp-content/plugins/wpfront-notification-bar/js/wpfront-notification-bar.js?ver=1.7.1 HTTP/1.1" 200 5662 "https://amazingsportwear.com/" "Mozilla/5.0 (Macintosh; Intel Mac OS X 10_13_5) AppleWebKit/537.36 (KHTML, like Gecko) Chrome/79.0.3945.79 Safari/537.36" "wpfront-notification-bar-landingpage=1"
83.49.191.18 - - [17/Dec/2019:15:58:03 +0100] "GET /wp-content/plugins/smart-slider-3/nextend/media/dist/n2.min.js?1559118093 HTTP/1.1" 200 3836 "https://amazingsportwear.com/" "Mozilla/5.0 (Macintosh; Intel Mac OS X 10_13_5) AppleWebKit/537.36 (KHTML, like Gecko) Chrome/79.0.3945.79 Safari/537.36" "wpfront-notification-bar-landingpage=1"
83.49.191.18 - - [17/Dec/2019:15:58:03 +0100] "GET /wp-includes/js/jquery/jquery-migrate.min.js?ver=1.4.1 HTTP/1.1" 200 10399 "https://amazingsportwear.com/" "Mozilla/5.0 (Macintosh; Intel Mac OS X 10_13_5) AppleWebKit/537.36 (KHTML, like Gecko) Chrome/79.0.3945.79 Safari/537.36" "wpfront-notification-bar-landingpage=1"
83.49.191.18 - - [17/Dec/2019:15:58:03 +0100] "GET /wp-content/plugins/smart-slider-3/library/media/plugins/type/simple/simple/dist/smartslider-simple-type-frontend.min.js?1559118093 HTTP/1.1" 200 18973 "https://amazingsportwear.com/" "Mozilla/5.0 (Macintosh; Intel Mac OS X 10_13_5) AppleWebKit/537.36 (KHTML, like Gecko) Chrome/79.0.3945.79 Safari/537.36" "wpfront-notification-bar-landingpage=1"
83.49.191.18 - - [17/Dec/2019:15:58:03 +0100] "GET /wp-includes/js/jquery/jquery.js?ver=1.12.4-wp HTTP/1.1" 200 97362 "https://amazingsportwear.com/" "Mozilla/5.0 (Macintosh; Intel Mac OS X 10_13_5) AppleWebKit/537.36 (KHTML, like Gecko) Chrome/79.0.3945.79 Safari/537.36" "wpfront-notification-bar-landingpage=1"
83.49.191.18 - - [17/Dec/2019:15:58:03 +0100] "GET /wp-content/uploads/2019/05/cropped-asw-white.png HTTP/1.1" 200 7500 "https://amazingsportwear.com/" "Mozilla/5.0 (Macintosh; Intel Mac OS X 10_13_5) AppleWebKit/537.36 (KHTML, like Gecko) Chrome/79.0.3945.79 Safari/537.36" "wpfront-notification-bar-landingpage=1"
83.49.191.18 - - [17/Dec/2019:15:58:03 +0100] "GET /wp-content/plugins/smart-slider-3/nextend/media/dist/nextend-frontend.min.js?1559118093 HTTP/1.1" 200 86339 "https://amazingsportwear.com/" "Mozilla/5.0 (Macintosh; Intel Mac OS X 10_13_5) AppleWebKit/537.36 (KHTML, like Gecko) Chrome/79.0.3945.79 Safari/537.36" "wpfront-notification-bar-landingpage=1"
83.49.191.18 - - [17/Dec/2019:15:58:03 +0100] "GET /wp-content/plugins/smart-slider-3/library/media/dist/smartslider-frontend.min.js?1559118093 HTTP/1.1" 200 127293 "https://amazingsportwear.com/" "Mozilla/5.0 (Macintosh; Intel Mac OS X 10_13_5) AppleWebKit/537.36 (KHTML, like Gecko) Chrome/79.0.3945.79 Safari/537.36" "wpfront-notification-bar-landingpage=1"
83.49.191.18 - - [17/Dec/2019:15:58:03 +0100] "GET /wp-content/uploads/2019/07/buff-bandana-300x123.jpg HTTP/1.1" 200 15859 "https://amazingsportwear.com/" "Mozilla/5.0 (Macintosh; Intel Mac OS X 10_13_5) AppleWebKit/537.36 (KHTML, like Gecko) Chrome/79.0.3945.79 Safari/537.36" "wpfront-notification-bar-landingpage=1"
83.49.191.18 - - [17/Dec/2019:15:58:03 +0100] "GET /wp-content/uploads/2019/07/gorra-tecnica-300x124.jpg HTTP/1.1" 200 16844 "https://amazingsportwear.com/" "Mozilla/5.0 (Macintosh; Intel Mac OS X 10_13_5) AppleWebKit/537.36 (KHTML, like Gecko) Chrome/79.0.3945.79 Safari/537.36" "wpfront-notification-bar-landingpage=1"
217.76.130.90 - - [17/Dec/2019:15:59:48 +0100] "POST /wp-cron.php?doing_wp_cron=1576594788.8408699035644531250000 HTTP/1.1" 200 3389 "https://amazingsportwear.com/wp-cron.php?doing_wp_cron=1576594788.8408699035644531250000" "WordPress/5.2.5; https://amazingsportwear.com" "-"
157.55.39.124 - - [17/Dec/2019:15:59:47 +0100] "GET /quienes-somos/ HTTP/1.1" 200 60059 "-" "Mozilla/5.0 (compatible; bingbot/2.0; +http://www.bing.com/bingbot.htm)" "-"
217.76.130.90 - - [17/Dec/2019:16:06:46 +0100] "POST /wp-cron.php?doing_wp_cron=1576595206.4533710479736328125000 HTTP/1.1" 200 3389 "https://amazingsportwear.com/wp-cron.php?doing_wp_cron=1576595206.4533710479736328125000" "WordPress/5.2.5; https://amazingsportwear.com" "-"
117.66.82.228 - - [17/Dec/2019:16:06:44 +0100] "GET /etiqueta-producto/discovery HTTP/1.1" 301 3551 "-" "Mozilla/5.0(Linux;Android 5.1.1;OPPO A33 Build/LMY47V;wv) AppleWebKit/537.36(KHTML,link Gecko) Version/4.0 Chrome/42.0.2311.138 Mobile Safari/537.36 Mb2345Browser/9.0" "-"
117.66.82.228 - - [17/Dec/2019:16:06:49 +0100] "GET /etiqueta-producto/discovery/ HTTP/1.1" 200 53702 "-" "Mozilla/5.0(Linux;Android 5.1.1;OPPO A33 Build/LMY47V;wv) AppleWebKit/537.36(KHTML,link Gecko) Version/4.0 Chrome/42.0.2311.138 Mobile Safari/537.36 Mb2345Browser/9.0" "wpfront-notification-bar-landingpage=1"
217.76.130.90 - - [17/Dec/2019:16:21:31 +0100] "POST /wp-cron.php?doing_wp_cron=1576596091.7360301017761230468750 HTTP/1.1" 200 3389 "https://amazingsportwear.com/wp-cron.php?doing_wp_cron=1576596091.7360301017761230468750" "WordPress/5.2.5; https://amazingsportwear.com" "-"
175.147.118.65 - - [17/Dec/2019:16:21:29 +0100] "GET /etiqueta-producto/camiseta-titan HTTP/1.1" 301 3556 "-" "Mozilla/5.0 (Linux; Android 7.0; FRD-AL00 Build/HUAWEIFRD-AL00; wv) AppleWebKit/537.36 (KHTML, like Gecko) Version/4.0 Chrome/53.0.2785.49 Mobile MQQBrowser/6.2 TBS/043602 Safari/537.36 MicroMessenger/6.5.16.1120 NetType/WIFI Language/zh_CN" "-"
175.147.118.65 - - [17/Dec/2019:16:21:41 +0100] "GET /etiqueta-producto/camiseta-titan/ HTTP/1.1" 200 53832 "-" "Mozilla/5.0 (Linux; Android 7.0; FRD-AL00 Build/HUAWEIFRD-AL00; wv) AppleWebKit/537.36 (KHTML, like Gecko) Version/4.0 Chrome/53.0.2785.49 Mobile MQQBrowser/6.2 TBS/043602 Safari/537.36 MicroMessenger/6.5.16.1120 NetType/WIFI Language/zh_CN" "wpfront-notification-bar-landingpage=1"
181.46.164.112 - - [17/Dec/2019:16:29:04 +0100] "GET /wp-content/uploads/2017/01/cam-basic2.png HTTP/1.1" 200 168035 "-" "com.google.android.apps.searchlite/173804 (Linux; U; Android 8.1.0; es_US; SM-J260M; Build/M1AJB; Cronet/76.0.3809.111)" "-"
170.233.125.194 - - [17/Dec/2019:16:34:32 +0100] "GET /wp-content/uploads/2019/04/Gorra-sport-11.png HTTP/1.1" 200 131116 "https://www.google.com/" "Mozilla/5.0 (Windows NT 6.1; WOW64) AppleWebKit/537.36 (KHTML, like Gecko) Chrome/79.0.3945.79 Safari/537.36" "-"
90.69.236.69 - - [17/Dec/2019:16:36:21 +0100] "GET /wp-content/uploads/2017/03/ENY-ARABIA-773-600x639.jpg HTTP/1.1" 200 29384 "https://www.google.com/" "Mozilla/5.0 (Macintosh; Intel Mac OS X 10_14_6) AppleWebKit/605.1.15 (KHTML, like Gecko) Version/13.0.3 Safari/605.1.15" "-"
157.55.39.170 - - [17/Dec/2019:16:38:35 +0100] "GET /wp-content/uploads/2017/03/eny-cubik-negra.jpg HTTP/1.1" 200 19489 "-" "Mozilla/5.0 (compatible; bingbot/2.0; +http://www.bing.com/bingbot.htm)" "-"
157.55.39.170 - - [17/Dec/2019:16:40:22 +0100] "GET /wp-content/uploads/2019/04/mochila-decath-4.png HTTP/1.1" 200 104018 "-" "Mozilla/5.0 (compatible; bingbot/2.0; +http://www.bing.com/bingbot.htm)" "-"
66.249.66.68 - - [17/Dec/2019:16:44:03 +0100] "GET /wp-content/uploads/2017/03/aq-indoor-joven-300x300.jpg HTTP/1.1" 304 3566 "-" "Googlebot-Image/1.0" "-"
217.76.130.90 - - [17/Dec/2019:16:44:55 +0100] "POST /wp-cron.php?doing_wp_cron=1576597495.0236120223999023437500 HTTP/1.1" 200 3389 "https://amazingsportwear.com/wp-cron.php?doing_wp_cron=1576597495.0236120223999023437500" "WordPress/5.2.5; https://amazingsportwear.com" "-"
207.46.13.63 - - [17/Dec/2019:16:44:52 +0100] "GET /etiqueta-producto/tapon-rosca/ HTTP/1.1" 200 54002 "-" "Mozilla/5.0 (compatible; bingbot/2.0; +http://www.bing.com/bingbot.htm)" "-"
207.46.13.63 - - [17/Dec/2019:16:44:55 +0100] "GET /etiqueta-producto/mochila-blades/ HTTP/1.1" 200 54047 "-" "Mozilla/5.0 (compatible; bingbot/2.0; +http://www.bing.com/bingbot.htm)" "-"
207.46.13.63 - - [17/Dec/2019:16:44:58 +0100] "GET /producto/camiseta-tecnica-detroit-sa-6652/ HTTP/1.1" 200 99353 "-" "Mozilla/5.0 (compatible; bingbot/2.0; +http://www.bing.com/bingbot.htm)" "-"
217.76.130.90 - - [17/Dec/2019:16:45:10 +0100] "POST /wp-cron.php?doing_wp_cron=1576597510.5448939800262451171875 HTTP/1.1" 200 164 "http://amazingsportwear.com/wp-cron.php?doing_wp_cron=1576597510.5448939800262451171875" "WordPress/5.2.5; https://amazingsportwear.com" "-"
150.95.52.76 - - [17/Dec/2019:16:45:08 +0100] "GET /wp-admin/link.php HTTP/1.1" 302 391 "http://site.ru" "Mozilla/5.0 (Windows; U; Windows NT 5.1; en-US) AppleWebKit/533.4 (KHTML, like Gecko) Chrome/5.0.375.99 Safari/533.4" "-"
150.95.52.76 - - [17/Dec/2019:16:45:12 +0100] "GET /wp-admin/link.php HTTP/1.1" 302 3694 "http://site.ru" "Mozilla/5.0 (Windows; U; Windows NT 5.1; en-US) AppleWebKit/533.4 (KHTML, like Gecko) Chrome/5.0.375.99 Safari/533.4" "-"
125.111.144.240 - - [17/Dec/2019:16:45:56 +0100] "GET /etiqueta-producto/gorro-calidad HTTP/1.1" 301 3555 "-" "Mozilla/5.0(Linux;U;Android 5.1.1;zh-CN;OPPO A33 Build/LMY47V) AppleWebKit/537.36(KHTML,like Gecko) Version/4.0 Chrome/40.0.2214.89 UCBrowser/11.7.0.953 Mobile Safari/537.36" "-"
217.76.130.90 - - [17/Dec/2019:16:46:03 +0100] "POST /wp-cron.php?doing_wp_cron=1576597563.3465390205383300781250 HTTP/1.1" 200 3389 "https://amazingsportwear.com/wp-cron.php?doing_wp_cron=1576597563.3465390205383300781250" "WordPress/5.2.5; https://amazingsportwear.com" "-"
125.111.144.240 - - [17/Dec/2019:16:46:02 +0100] "GET /etiqueta-producto/gorro-calidad/ HTTP/1.1" 200 53806 "-" "Mozilla/5.0(Linux;U;Android 5.1.1;zh-CN;OPPO A33 Build/LMY47V) AppleWebKit/537.36(KHTML,like Gecko) Version/4.0 Chrome/40.0.2214.89 UCBrowser/11.7.0.953 Mobile Safari/537.36" "wpfront-notification-bar-landingpage=1"
150.95.52.76 - - [17/Dec/2019:16:46:13 +0100] "GET /wp-admin/link.php HTTP/1.1" 302 391 "http://site.ru" "Mozilla/5.0 (Windows; U; Windows NT 5.1; en-US) AppleWebKit/533.4 (KHTML, like Gecko) Chrome/5.0.375.99 Safari/533.4" "-"
207.46.13.196 - - [17/Dec/2019:16:51:09 +0100] "GET /wp-content/uploads/2019/04/gorra-dry-fit-1-300x300.png HTTP/1.1" 200 60732 "-" "Mozilla/5.0 (compatible; bingbot/2.0; +http://www.bing.com/bingbot.htm)" "-"
207.46.13.196 - - [17/Dec/2019:16:51:11 +0100] "GET /wp-content/uploads/2019/04/kit-emergencia-abierto.png HTTP/1.1" 200 115026 "-" "Mozilla/5.0 (compatible; bingbot/2.0; +http://www.bing.com/bingbot.htm)" "-"
186.51.224.37 - - [17/Dec/2019:16:52:12 +0100] "GET /wp-content/uploads/2017/03/sa-6648_22302.jpg HTTP/1.1" 200 409733 "https://www.google.com/" "Mozilla/5.0 (Linux; Android 8.1.0; Redmi 6A) AppleWebKit/537.36 (KHTML, like Gecko) Chrome/79.0.3945.79 Mobile Safari/537.36" "-"
217.76.130.90 - - [17/Dec/2019:16:52:34 +0100] "POST /wp-cron.php?doing_wp_cron=1576597954.8863420486450195312500 HTTP/1.1" 200 164 "http://amazingsportwear.com/wp-cron.php?doing_wp_cron=1576597954.8863420486450195312500" "WordPress/5.2.5; https://amazingsportwear.com" "-"
192.227.152.122 - - [17/Dec/2019:16:52:33 +0100] "GET / HTTP/1.1" 301 336 "-" "python-requests/2.22.0" "-"
192.227.152.122 - - [17/Dec/2019:16:52:40 +0100] "GET / HTTP/1.1" 200 125740 "-" "python-requests/2.22.0" "wpfront-notification-bar-landingpage=1"
192.227.152.122 - - [17/Dec/2019:16:52:48 +0100] "GET /wordpress/ HTTP/1.1" 404 67986 "-" "python-requests/2.22.0" "-"
192.227.152.122 - - [17/Dec/2019:16:52:57 +0100] "GET /wp/ HTTP/1.1" 404 67992 "-" "python-requests/2.22.0" "-"
192.227.152.122 - - [17/Dec/2019:16:53:08 +0100] "GET /blog/ HTTP/1.1" 302 458 "-" "python-requests/2.22.0" "-"
217.76.130.90 - - [17/Dec/2019:16:53:19 +0100] "POST /wp-cron.php?doing_wp_cron=1576597999.6791958808898925781250 HTTP/1.1" 200 164 "http://amazingsportwear.com/wp-cron.php?doing_wp_cron=1576597999.6791958808898925781250" "WordPress/5.2.5; https://amazingsportwear.com" "-"
192.227.152.122 - - [17/Dec/2019:16:53:18 +0100] "GET /new/ HTTP/1.1" 404 67989 "-" "python-requests/2.22.0" "-"
192.227.152.122 - - [17/Dec/2019:16:53:26 +0100] "GET /old/ HTTP/1.1" 404 68029 "-" "python-requests/2.22.0" "-"
192.227.152.122 - - [17/Dec/2019:16:53:34 +0100] "GET /test/ HTTP/1.1" 404 67986 "-" "python-requests/2.22.0" "-"
217.76.130.90 - - [17/Dec/2019:16:54:41 +0100] "POST /wp-cron.php?doing_wp_cron=1576598081.8849880695343017578125 HTTP/1.1" 200 3389 "https://amazingsportwear.com/wp-cron.php?doing_wp_cron=1576598081.8849880695343017578125" "WordPress/5.2.5; https://amazingsportwear.com" "-"
128.14.134.170 - - [17/Dec/2019:16:54:41 +0100] "GET / HTTP/1.1" 200 125530 "-" "Mozilla/5.0 (Windows NT 10.0; Win64; x64) AppleWebKit/537.36 (KHTML, like Gecko) Chrome/60.0.3112.113 Safari/537.36" "-"
217.76.130.90 - - [17/Dec/2019:17:09:57 +0100] "POST /wp-cron.php?doing_wp_cron=1576598997.4452979564666748046875 HTTP/1.1" 200 3389 "https://amazingsportwear.com/wp-cron.php?doing_wp_cron=1576598997.4452979564666748046875" "WordPress/5.2.5; https://amazingsportwear.com" "-"
114.99.15.141 - - [17/Dec/2019:17:09:55 +0100] "GET /etiqueta-producto/linterna-explorer HTTP/1.1" 301 3559 "-" "Mozilla/5.0 (Linux; Android 7.0; FRD-AL00 Build/HUAWEIFRD-AL00; wv) AppleWebKit/537.36 (KHTML, like Gecko) Version/4.0 Chrome/53.0.2785.49 Mobile MQQBrowser/6.2 TBS/043602 Safari/537.36 MicroMessenger/6.5.16.1120 NetType/WIFI Language/zh_CN" "-"
207.46.13.63 - - [17/Dec/2019:17:12:06 +0100] "GET /wp-content/uploads/2017/02/braga-cuello-futbol.jpg HTTP/1.1" 200 123298 "-" "Mozilla/5.0 (compatible; bingbot/2.0; +http://www.bing.com/bingbot.htm)" "-"
217.76.130.90 - - [17/Dec/2019:17:17:41 +0100] "POST /wp-cron.php?doing_wp_cron=1576599461.6312599182128906250000 HTTP/1.1" 200 164 "http://amazingsportwear.com/wp-cron.php?doing_wp_cron=1576599461.6312599182128906250000" "WordPress/5.2.5; https://amazingsportwear.com" "-"
54.165.62.208 - - [17/Dec/2019:17:17:40 +0100] "GET / HTTP/1.1" 301 336 "-" "Mozilla/5.0 (Windows NT 6.1; Trident/7.0; rv:11.0) like Gecko" "-"
54.165.62.208 - - [17/Dec/2019:17:17:43 +0100] "GET / HTTP/1.1" 200 125740 "-" "Mozilla/5.0 (Windows NT 6.1; Trident/7.0; rv:11.0) like Gecko" "wpfront-notification-bar-landingpage=1"
54.165.62.208 - - [17/Dec/2019:17:17:49 +0100] "GET / HTTP/1.1" 301 336 "-" "Mozilla/5.0 (Windows NT 10.0; Win64; x64) AppleWebKit/537.36 (KHTML, like Gecko) Chrome/73.0.3683.86 Safari/537.36" "-"
54.165.62.208 - - [17/Dec/2019:17:17:50 +0100] "GET / HTTP/1.1" 200 125770 "-" "Mozilla/5.0 (Windows NT 10.0; Win64; x64) AppleWebKit/537.36 (KHTML, like Gecko) Chrome/73.0.3683.86 Safari/537.36" "wpfront-notification-bar-landingpage=1"
54.165.62.208 - - [17/Dec/2019:17:17:51 +0100] "GET /wp-includes/css/dist/block-library/style.min.css?ver=5.2.5 HTTP/1.1" 200 29660 "https://amazingsportwear.com/" "Mozilla/5.0 (Windows NT 10.0; Win64; x64) AppleWebKit/537.36 (KHTML, like Gecko) Chrome/73.0.3683.86 Safari/537.36" "wpfront-notification-bar-landingpage=1"
54.165.62.208 - - [17/Dec/2019:17:17:52 +0100] "GET /wp-content/plugins/woocommerce/assets/css/blocks/style.css?ver=3.6.4 HTTP/1.1" 200 6835 "https://amazingsportwear.com/" "Mozilla/5.0 (Windows NT 10.0; Win64; x64) AppleWebKit/537.36 (KHTML, like Gecko) Chrome/73.0.3683.86 Safari/537.36" "wpfront-notification-bar-landingpage=1"
54.165.62.208 - - [17/Dec/2019:17:17:52 +0100] "GET /wp-content/plugins/cookie-law-info/public/css/cookie-law-info-gdpr.css?ver=1.7.6 HTTP/1.1" 200 12583 "https://amazingsportwear.com/" "Mozilla/5.0 (Windows NT 10.0; Win64; x64) AppleWebKit/537.36 (KHTML, like Gecko) Chrome/73.0.3683.86 Safari/537.36" "wpfront-notification-bar-landingpage=1"
54.165.62.208 - - [17/Dec/2019:17:17:52 +0100] "GET /wp-content/plugins/cookie-law-info/public/css/cookie-law-info-public.css?ver=1.7.6 HTTP/1.1" 200 3373 "https://amazingsportwear.com/" "Mozilla/5.0 (Windows NT 10.0; Win64; x64) AppleWebKit/537.36 (KHTML, like Gecko) Chrome/73.0.3683.86 Safari/537.36" "wpfront-notification-bar-landingpage=1"
54.165.62.208 - - [17/Dec/2019:17:17:52 +0100] "GET /wp-content/plugins/wpfront-notification-bar/css/wpfront-notification-bar.css?ver=1.7.1 HTTP/1.1" 200 3801 "https://amazingsportwear.com/" "Mozilla/5.0 (Windows NT 10.0; Win64; x64) AppleWebKit/537.36 (KHTML, like Gecko) Chrome/73.0.3683.86 Safari/537.36" "wpfront-notification-bar-landingpage=1"
54.165.62.208 - - [17/Dec/2019:17:17:52 +0100] "GET /wp-content/plugins/simple-social-icons/css/style.css?ver=3.0.1 HTTP/1.1" 200 1562 "https://amazingsportwear.com/" "Mozilla/5.0 (Windows NT 10.0; Win64; x64) AppleWebKit/537.36 (KHTML, like Gecko) Chrome/73.0.3683.86 Safari/537.36" "wpfront-notification-bar-landingpage=1"
54.165.62.208 - - [17/Dec/2019:17:17:52 +0100] "GET /wp-content/plugins/elementor/assets/lib/eicons/css/elementor-icons.min.css?ver=4.3.0 HTTP/1.1" 200 11850 "https://amazingsportwear.com/" "Mozilla/5.0 (Windows NT 10.0; Win64; x64) AppleWebKit/537.36 (KHTML, like Gecko) Chrome/73.0.3683.86 Safari/537.36" "wpfront-notification-bar-landingpage=1"
54.165.62.208 - - [17/Dec/2019:17:17:52 +0100] "GET /wp-content/plugins/elementor/assets/lib/font-awesome/css/font-awesome.min.css?ver=4.7.0 HTTP/1.1" 200 31365 "https://amazingsportwear.com/" "Mozilla/5.0 (Windows NT 10.0; Win64; x64) AppleWebKit/537.36 (KHTML, like Gecko) Chrome/73.0.3683.86 Safari/537.36" "wpfront-notification-bar-landingpage=1"
54.165.62.208 - - [17/Dec/2019:17:17:52 +0100] "GET /wp-content/plugins/elementor/assets/lib/animations/animations.min.css?ver=2.5.16 HTTP/1.1" 200 18833 "https://amazingsportwear.com/" "Mozilla/5.0 (Windows NT 10.0; Win64; x64) AppleWebKit/537.36 (KHTML, like Gecko) Chrome/73.0.3683.86 Safari/537.36" "wpfront-notification-bar-landingpage=1"
54.165.62.208 - - [17/Dec/2019:17:17:52 +0100] "GET /wp-content/themes/shopper/style.css?ver=1.3.8 HTTP/1.1" 200 125453 "https://amazingsportwear.com/" "Mozilla/5.0 (Windows NT 10.0; Win64; x64) AppleWebKit/537.36 (KHTML, like Gecko) Chrome/73.0.3683.86 Safari/537.36" "wpfront-notification-bar-landingpage=1"
54.165.62.208 - - [17/Dec/2019:17:17:52 +0100] "GET /wp-content/uploads/elementor/css/global.css?ver=1559638744 HTTP/1.1" 200 5136 "https://amazingsportwear.com/" "Mozilla/5.0 (Windows NT 10.0; Win64; x64) AppleWebKit/537.36 (KHTML, like Gecko) Chrome/73.0.3683.86 Safari/537.36" "wpfront-notification-bar-landingpage=1"
54.165.62.208 - - [17/Dec/2019:17:17:52 +0100] "GET /wp-content/uploads/elementor/css/post-16241.css?ver=1562311573 HTTP/1.1" 200 4934 "https://amazingsportwear.com/" "Mozilla/5.0 (Windows NT 10.0; Win64; x64) AppleWebKit/537.36 (KHTML, like Gecko) Chrome/73.0.3683.86 Safari/537.36" "wpfront-notification-bar-landingpage=1"
54.165.62.208 - - [17/Dec/2019:17:17:52 +0100] "GET /wp-content/plugins/elementor/assets/css/frontend.min.css?ver=2.5.16 HTTP/1.1" 200 95366 "https://amazingsportwear.com/" "Mozilla/5.0 (Windows NT 10.0; Win64; x64) AppleWebKit/537.36 (KHTML, like Gecko) Chrome/73.0.3683.86 Safari/537.36" "wpfront-notification-bar-landingpage=1"
54.165.62.208 - - [17/Dec/2019:17:17:52 +0100] "GET /wp-content/themes/shopper/assets/sass/woocommerce/woocommerce.css?ver=5.2.5 HTTP/1.1" 200 83534 "https://amazingsportwear.com/" "Mozilla/5.0 (Windows NT 10.0; Win64; x64) AppleWebKit/537.36 (KHTML, like Gecko) Chrome/73.0.3683.86 Safari/537.36" "wpfront-notification-bar-landingpage=1"
54.165.62.208 - - [17/Dec/2019:17:17:52 +0100] "GET /wp-content/plugins/smart-slider-3/library/media/smartslider.min.css?1559118093 HTTP/1.1" 200 19959 "https://amazingsportwear.com/" "Mozilla/5.0 (Windows NT 10.0; Win64; x64) AppleWebKit/537.36 (KHTML, like Gecko) Chrome/73.0.3683.86 Safari/537.36" "wpfront-notification-bar-landingpage=1"
54.165.62.208 - - [17/Dec/2019:17:17:52 +0100] "GET /wp-includes/js/jquery/jquery.js?ver=1.12.4-wp HTTP/1.1" 200 97362 "https://amazingsportwear.com/" "Mozilla/5.0 (Windows NT 10.0; Win64; x64) AppleWebKit/537.36 (KHTML, like Gecko) Chrome/73.0.3683.86 Safari/537.36" "wpfront-notification-bar-landingpage=1"
54.165.62.208 - - [17/Dec/2019:17:17:52 +0100] "GET /wp-includes/js/jquery/jquery-migrate.min.js?ver=1.4.1 HTTP/1.1" 200 10399 "https://amazingsportwear.com/" "Mozilla/5.0 (Windows NT 10.0; Win64; x64) AppleWebKit/537.36 (KHTML, like Gecko) Chrome/73.0.3683.86 Safari/537.36" "wpfront-notification-bar-landingpage=1"
54.165.62.208 - - [17/Dec/2019:17:17:52 +0100] "GET /wp-content/plugins/cookie-law-info/public/js/cookie-law-info-public.js?ver=1.7.6 HTTP/1.1" 200 17076 "https://amazingsportwear.com/" "Mozilla/5.0 (Windows NT 10.0; Win64; x64) AppleWebKit/537.36 (KHTML, like Gecko) Chrome/73.0.3683.86 Safari/537.36" "wpfront-notification-bar-landingpage=1"
54.165.62.208 - - [17/Dec/2019:17:17:52 +0100] "GET /wp-content/plugins/wpfront-notification-bar/jquery-plugins/jquery.c.js?ver=1.4.0 HTTP/1.1" 200 3437 "https://amazingsportwear.com/" "Mozilla/5.0 (Windows NT 10.0; Win64; x64) AppleWebKit/537.36 (KHTML, like Gecko) Chrome/73.0.3683.86 Safari/537.36" "wpfront-notification-bar-landingpage=1"
54.165.62.208 - - [17/Dec/2019:17:17:52 +0100] "GET /wp-content/plugins/simple-social-icons/svgxuse.js?ver=1.1.21 HTTP/1.1" 200 9580 "https://amazingsportwear.com/" "Mozilla/5.0 (Windows NT 10.0; Win64; x64) AppleWebKit/537.36 (KHTML, like Gecko) Chrome/73.0.3683.86 Safari/537.36" "wpfront-notification-bar-landingpage=1"
54.165.62.208 - - [17/Dec/2019:17:17:52 +0100] "GET /wp-content/plugins/wpfront-notification-bar/js/wpfront-notification-bar.js?ver=1.7.1 HTTP/1.1" 200 5662 "https://amazingsportwear.com/" "Mozilla/5.0 (Windows NT 10.0; Win64; x64) AppleWebKit/537.36 (KHTML, like Gecko) Chrome/73.0.3683.86 Safari/537.36" "wpfront-notification-bar-landingpage=1"
54.165.62.208 - - [17/Dec/2019:17:17:52 +0100] "GET /wp-content/plugins/smart-slider-3/nextend/media/dist/n2.min.js?1559118093 HTTP/1.1" 200 3836 "https://amazingsportwear.com/" "Mozilla/5.0 (Windows NT 10.0; Win64; x64) AppleWebKit/537.36 (KHTML, like Gecko) Chrome/73.0.3683.86 Safari/537.36" "wpfront-notification-bar-landingpage=1"
54.165.62.208 - - [17/Dec/2019:17:17:52 +0100] "GET /wp-content/plugins/smart-slider-3/nextend/media/dist/nextend-frontend.min.js?1559118093 HTTP/1.1" 200 86339 "https://amazingsportwear.com/" "Mozilla/5.0 (Windows NT 10.0; Win64; x64) AppleWebKit/537.36 (KHTML, like Gecko) Chrome/73.0.3683.86 Safari/537.36" "wpfront-notification-bar-landingpage=1"
54.165.62.208 - - [17/Dec/2019:17:17:52 +0100] "GET /wp-content/plugins/smart-slider-3/library/media/plugins/type/simple/simple/dist/smartslider-simple-type-frontend.min.js?1559118093 HTTP/1.1" 200 18973 "https://amazingsportwear.com/" "Mozilla/5.0 (Windows NT 10.0; Win64; x64) AppleWebKit/537.36 (KHTML, like Gecko) Chrome/73.0.3683.86 Safari/537.36" "wpfront-notification-bar-landingpage=1"
54.165.62.208 - - [17/Dec/2019:17:17:52 +0100] "GET /wp-content/uploads/2019/05/cropped-asw-white.png HTTP/1.1" 200 7500 "https://amazingsportwear.com/" "Mozilla/5.0 (Windows NT 10.0; Win64; x64) AppleWebKit/537.36 (KHTML, like Gecko) Chrome/73.0.3683.86 Safari/537.36" "wpfront-notification-bar-landingpage=1"
54.165.62.208 - - [17/Dec/2019:17:17:52 +0100] "GET /wp-includes/js/wp-emoji-release.min.js?ver=5.2.5 HTTP/1.1" 200 14183 "https://amazingsportwear.com/" "Mozilla/5.0 (Windows NT 10.0; Win64; x64) AppleWebKit/537.36 (KHTML, like Gecko) Chrome/73.0.3683.86 Safari/537.36" "wpfront-notification-bar-landingpage=1"
54.165.62.208 - - [17/Dec/2019:17:17:52 +0100] "GET /wp-content/plugins/smart-slider-3/library/media/dist/smartslider-frontend.min.js?1559118093 HTTP/1.1" 200 127293 "https://amazingsportwear.com/" "Mozilla/5.0 (Windows NT 10.0; Win64; x64) AppleWebKit/537.36 (KHTML, like Gecko) Chrome/73.0.3683.86 Safari/537.36" "wpfront-notification-bar-landingpage=1"
54.165.62.208 - - [17/Dec/2019:17:17:53 +0100] "GET /wp-content/themes/shopper/assets/js/crm.js?ver=1561548510 HTTP/1.1" 200 874 "https://amazingsportwear.com/" "Mozilla/5.0 (Windows NT 10.0; Win64; x64) AppleWebKit/537.36 (KHTML, like Gecko) Chrome/73.0.3683.86 Safari/537.36" "wpfront-notification-bar-landingpage=1"
54.165.62.208 - - [17/Dec/2019:17:17:53 +0100] "GET /wp-content/plugins/woocommerce/assets/js/jquery-blockui/jquery.blockUI.min.js?ver=2.70 HTTP/1.1" 200 9908 "https://amazingsportwear.com/" "Mozilla/5.0 (Windows NT 10.0; Win64; x64) AppleWebKit/537.36 (KHTML, like Gecko) Chrome/73.0.3683.86 Safari/537.36" "wpfront-notification-bar-landingpage=1"
54.165.62.208 - - [17/Dec/2019:17:17:53 +0100] "GET /favicon.ico HTTP/1.1" 200 3622 "-" "Mozilla/5.0 (X11; Linux x86_64) AppleWebKit/537.36 (KHTML, like Gecko) Chrome/63.0.3239.108 Safari/537.36" "-"
54.165.62.208 - - [17/Dec/2019:17:17:53 +0100] "GET /wp-content/plugins/woocommerce/assets/js/frontend/add-to-cart.min.js?ver=3.6.4 HTTP/1.1" 200 2983 "https://amazingsportwear.com/" "Mozilla/5.0 (Windows NT 10.0; Win64; x64) AppleWebKit/537.36 (KHTML, like Gecko) Chrome/73.0.3683.86 Safari/537.36" "wpfront-notification-bar-landingpage=1"
