217.76.130.90 - - [06/Dec/2019:00:05:43 +0100] "POST /wp-cron.php?doing_wp_cron=1575587143.6012380123138427734375 HTTP/1.1" 200 164 "http://amazingsportwear.com/wp-cron.php?doing_wp_cron=1575587143.6012380123138427734375" "WordPress/5.2.4; https://amazingsportwear.com" "-"
139.59.34.233 - - [06/Dec/2019:00:05:42 +0100] "GET / HTTP/1.0" 301 265 "-" "-" "-"
139.59.34.233 - - [06/Dec/2019:00:05:43 +0100] "GET /mysql.php HTTP/1.0" 404 67841 "-" "-" "-"
139.59.34.233 - - [06/Dec/2019:00:05:44 +0100] "GET /test/adminer.php HTTP/1.0" 404 67851 "-" "-" "-"
139.59.34.233 - - [06/Dec/2019:00:05:45 +0100] "GET /adminer.php HTTP/1.0" 404 67845 "-" "-" "-"
139.59.34.233 - - [06/Dec/2019:00:05:46 +0100] "GET /dev/adminer.php HTTP/1.0" 404 67879 "-" "-" "-"
139.59.34.233 - - [06/Dec/2019:00:05:47 +0100] "GET /adminer/index.php HTTP/1.0" 301 379 "-" "-" "-"
139.59.34.233 - - [06/Dec/2019:00:05:49 +0100] "GET /oc_adminer.php HTTP/1.0" 404 67886 "-" "-" "-"
139.59.34.233 - - [06/Dec/2019:00:05:49 +0100] "GET /db.php HTTP/1.0" 404 67870 "-" "-" "-"
139.59.34.233 - - [06/Dec/2019:00:05:50 +0100] "GET /miniphp.php HTTP/1.0" 404 67865 "-" "-" "-"
139.59.34.233 - - [06/Dec/2019:00:05:51 +0100] "GET /myadmin.php HTTP/1.0" 404 67915 "-" "-" "-"
139.59.34.233 - - [06/Dec/2019:00:05:52 +0100] "GET /sql.php HTTP/1.0" 404 67862 "-" "-" "-"
139.59.34.233 - - [06/Dec/2019:00:05:53 +0100] "GET /test/sql.php HTTP/1.0" 404 67853 "-" "-" "-"
139.59.34.233 - - [06/Dec/2019:00:05:54 +0100] "GET /dev/sql.php HTTP/1.0" 404 67886 "-" "-" "-"
139.59.34.233 - - [06/Dec/2019:00:05:55 +0100] "GET /sql/Adminer/adminer.php HTTP/1.0" 404 67936 "-" "-" "-"
139.59.34.233 - - [06/Dec/2019:00:05:56 +0100] "GET /php.php HTTP/1.0" 404 67842 "-" "-" "-"
139.59.34.233 - - [06/Dec/2019:00:05:57 +0100] "GET /scripts/adminer.php HTTP/1.0" 404 67902 "-" "-" "-"
139.59.34.233 - - [06/Dec/2019:00:05:57 +0100] "GET /padminer.php HTTP/1.0" 404 67842 "-" "-" "-"
139.59.34.233 - - [06/Dec/2019:00:05:58 +0100] "GET /phpadminer.php HTTP/1.0" 404 67911 "-" "-" "-"
139.59.34.233 - - [06/Dec/2019:00:05:59 +0100] "GET /_adminer.php HTTP/1.0" 404 67877 "-" "-" "-"
139.59.34.233 - - [06/Dec/2019:00:05:59 +0100] "GET /dev/_adminer.php HTTP/1.0" 404 67911 "-" "-" "-"
139.59.34.233 - - [06/Dec/2019:00:06:00 +0100] "GET /test/_adminer.php HTTP/1.0" 404 67913 "-" "-" "-"
139.59.34.233 - - [06/Dec/2019:00:06:01 +0100] "GET /~adminer.php HTTP/1.0" 404 67912 "-" "-" "-"
139.59.34.233 - - [06/Dec/2019:00:06:02 +0100] "GET /ad.php HTTP/1.0" 404 67890 "-" "-" "-"
217.76.130.90 - - [06/Dec/2019:00:06:03 +0100] "POST /wp-cron.php?doing_wp_cron=1575587163.4621438980102539062500 HTTP/1.1" 200 164 "http://amazingsportwear.com/wp-cron.php?doing_wp_cron=1575587163.4621438980102539062500" "WordPress/5.2.4; https://amazingsportwear.com" "-"
139.59.34.233 - - [06/Dec/2019:00:06:02 +0100] "GET /adm.php HTTP/1.0" 404 67877 "-" "-" "-"
139.59.34.233 - - [06/Dec/2019:00:06:03 +0100] "GET /bd.php HTTP/1.0" 404 67875 "-" "-" "-"
139.59.34.233 - - [06/Dec/2019:00:06:04 +0100] "GET /adminer1.php HTTP/1.0" 404 67882 "-" "-" "-"
139.59.34.233 - - [06/Dec/2019:00:06:05 +0100] "GET /a.php HTTP/1.0" 404 67873 "-" "-" "-"
139.59.34.233 - - [06/Dec/2019:00:06:06 +0100] "GET /admin.php HTTP/1.0" 404 67891 "-" "-" "-"
139.59.34.233 - - [06/Dec/2019:00:06:06 +0100] "GET /pma.php HTTP/1.0" 404 67872 "-" "-" "-"
139.59.34.233 - - [06/Dec/2019:00:06:07 +0100] "GET /adminmysql.php HTTP/1.0" 404 67906 "-" "-" "-"
139.59.34.233 - - [06/Dec/2019:00:06:08 +0100] "GET /mysql-adminer.php HTTP/1.0" 404 67877 "-" "-" "-"
139.59.34.233 - - [06/Dec/2019:00:06:09 +0100] "GET /admindb.php HTTP/1.0" 404 67895 "-" "-" "-"
139.59.34.233 - - [06/Dec/2019:00:06:09 +0100] "GET /m_admin_mysql.php HTTP/1.0" 404 67852 "-" "-" "-"
139.59.34.233 - - [06/Dec/2019:00:06:10 +0100] "GET /database.php HTTP/1.0" 404 67892 "-" "-" "-"
139.59.34.233 - - [06/Dec/2019:00:06:11 +0100] "GET /phpadmin.php HTTP/1.0" 404 67877 "-" "-" "-"
139.59.34.233 - - [06/Dec/2019:00:06:12 +0100] "GET /phpmyadmin.php HTTP/1.0" 404 67901 "-" "-" "-"
139.59.34.233 - - [06/Dec/2019:00:06:12 +0100] "GET /adminer/adminer.php HTTP/1.0" 404 67917 "-" "-" "-"
139.59.34.233 - - [06/Dec/2019:00:06:13 +0100] "GET /adminer/mysql.php HTTP/1.0" 404 67878 "-" "-" "-"
139.59.34.233 - - [06/Dec/2019:00:06:14 +0100] "GET /adminer/admin.php HTTP/1.0" 404 67903 "-" "-" "-"
139.59.34.233 - - [06/Dec/2019:00:06:15 +0100] "GET /connector.php HTTP/1.0" 404 67909 "-" "-" "-"
139.59.34.233 - - [06/Dec/2019:00:06:15 +0100] "GET /bd/adminer.php HTTP/1.0" 404 67917 "-" "-" "-"
139.59.34.233 - - [06/Dec/2019:00:06:16 +0100] "GET /wp/adminer.php HTTP/1.0" 404 67887 "-" "-" "-"
139.59.34.233 - - [06/Dec/2019:00:06:17 +0100] "GET /wordpress/adminer.php HTTP/1.0" 404 67906 "-" "-" "-"
139.59.34.233 - - [06/Dec/2019:00:06:17 +0100] "GET /development/adminer.php HTTP/1.0" 404 67865 "-" "-" "-"
139.59.34.233 - - [06/Dec/2019:00:06:19 +0100] "GET /store/adminer.php HTTP/1.0" 404 67923 "-" "-" "-"
139.59.34.233 - - [06/Dec/2019:00:06:20 +0100] "GET /mysql/adminer.php HTTP/1.0" 404 67883 "-" "-" "-"
139.59.34.233 - - [06/Dec/2019:00:06:20 +0100] "GET /myadmin/adminer.php HTTP/1.0" 404 67912 "-" "-" "-"
139.59.34.233 - - [06/Dec/2019:00:06:21 +0100] "GET /my.php HTTP/1.0" 404 67870 "-" "-" "-"
139.59.34.233 - - [06/Dec/2019:00:06:22 +0100] "GET /adminer_.php HTTP/1.0" 404 67887 "-" "-" "-"
139.59.34.233 - - [06/Dec/2019:00:06:22 +0100] "GET /data.php HTTP/1.0" 404 67884 "-" "-" "-"
139.59.34.233 - - [06/Dec/2019:00:06:23 +0100] "GET /adminer-4.6.2.php HTTP/1.0" 404 67932 "-" "-" "-"
139.59.34.233 - - [06/Dec/2019:00:06:24 +0100] "GET /adminer-4.6.1.php HTTP/1.0" 404 67872 "-" "-" "-"
139.59.34.233 - - [06/Dec/2019:00:06:25 +0100] "GET /adminer-4.6.0.php HTTP/1.0" 404 67897 "-" "-" "-"
139.59.34.233 - - [06/Dec/2019:00:06:25 +0100] "GET /adminer-4.5.0.php HTTP/1.0" 404 67872 "-" "-" "-"
139.59.34.233 - - [06/Dec/2019:00:06:26 +0100] "GET /adminer-4.4.0.php HTTP/1.0" 404 67922 "-" "-" "-"
139.59.34.233 - - [06/Dec/2019:00:06:27 +0100] "GET /adminer-4.3.0.php HTTP/1.0" 404 67892 "-" "-" "-"
139.59.34.233 - - [06/Dec/2019:00:06:28 +0100] "GET /adminer-4.3.1.php HTTP/1.0" 404 67917 "-" "-" "-"
139.59.34.233 - - [06/Dec/2019:00:06:28 +0100] "GET /adminer-4.2.5.php HTTP/1.0" 404 67902 "-" "-" "-"
139.59.34.233 - - [06/Dec/2019:00:06:29 +0100] "GET /adminer-4.2.3.php HTTP/1.0" 404 67897 "-" "-" "-"
139.59.34.233 - - [06/Dec/2019:00:06:30 +0100] "GET /adminer-4.2.1.php HTTP/1.0" 404 67912 "-" "-" "-"
139.59.34.233 - - [06/Dec/2019:00:06:30 +0100] "GET /adminer-4.2.2.php HTTP/1.0" 404 67912 "-" "-" "-"
139.59.34.233 - - [06/Dec/2019:00:06:31 +0100] "GET /adminer-4.2.4.php HTTP/1.0" 404 67897 "-" "-" "-"
139.59.34.233 - - [06/Dec/2019:00:06:32 +0100] "GET /adminer-4.2.0.php HTTP/1.0" 404 67907 "-" "-" "-"
139.59.34.233 - - [06/Dec/2019:00:06:33 +0100] "GET /adminer-4.1.0.php HTTP/1.0" 404 67897 "-" "-" "-"
139.59.34.233 - - [06/Dec/2019:00:06:33 +0100] "GET /adminer-4.0.2.php HTTP/1.0" 404 67912 "-" "-" "-"
139.59.34.233 - - [06/Dec/2019:00:06:34 +0100] "GET /adminer-4.0.0.php HTTP/1.0" 404 67882 "-" "-" "-"
139.59.34.233 - - [06/Dec/2019:00:06:35 +0100] "GET /adminer-4.0.3.php HTTP/1.0" 404 67887 "-" "-" "-"
139.59.34.233 - - [06/Dec/2019:00:06:36 +0100] "GET /adminer-4.0.1.php HTTP/1.0" 404 67867 "-" "-" "-"
139.59.34.233 - - [06/Dec/2019:00:06:36 +0100] "GET /adminer-3.6.3.php HTTP/1.0" 404 67897 "-" "-" "-"
139.59.34.233 - - [06/Dec/2019:00:06:37 +0100] "GET /adminer-3.7.1.php HTTP/1.0" 404 67932 "-" "-" "-"
139.59.34.233 - - [06/Dec/2019:00:06:38 +0100] "GET /adminer-3.7.0.php HTTP/1.0" 404 67877 "-" "-" "-"
139.59.34.233 - - [06/Dec/2019:00:06:38 +0100] "GET /adminer-3.6.4.php HTTP/1.0" 404 67907 "-" "-" "-"
139.59.34.233 - - [06/Dec/2019:00:06:39 +0100] "GET /adminer-3.6.2.php HTTP/1.0" 404 67882 "-" "-" "-"
139.59.34.233 - - [06/Dec/2019:00:06:40 +0100] "GET /adminer-3.6.1.php HTTP/1.0" 404 67872 "-" "-" "-"
139.59.34.233 - - [06/Dec/2019:00:06:41 +0100] "GET /adminer-3.6.0.php HTTP/1.0" 404 67892 "-" "-" "-"
139.59.34.233 - - [06/Dec/2019:00:06:41 +0100] "GET /adminer-3.3.2.php HTTP/1.0" 404 67907 "-" "-" "-"
139.59.34.233 - - [06/Dec/2019:00:06:42 +0100] "GET /adminer-3.5.1.php HTTP/1.0" 404 67902 "-" "-" "-"
139.59.34.233 - - [06/Dec/2019:00:06:43 +0100] "GET /adminer-3.5.0.php HTTP/1.0" 404 67882 "-" "-" "-"
139.59.34.233 - - [06/Dec/2019:00:06:44 +0100] "GET /adminer-3.4.0.php HTTP/1.0" 404 67902 "-" "-" "-"
139.59.34.233 - - [06/Dec/2019:00:06:44 +0100] "GET /adminer-3.3.3.php HTTP/1.0" 404 67932 "-" "-" "-"
139.59.34.233 - - [06/Dec/2019:00:06:45 +0100] "GET /adminer-3.3.4.php HTTP/1.0" 404 67872 "-" "-" "-"
139.59.34.233 - - [06/Dec/2019:00:06:46 +0100] "GET /adminer-3.2.0.php HTTP/1.0" 404 67892 "-" "-" "-"
139.59.34.233 - - [06/Dec/2019:00:06:46 +0100] "GET /adminer-3.1.0.php HTTP/1.0" 404 67887 "-" "-" "-"
139.59.34.233 - - [06/Dec/2019:00:06:47 +0100] "GET /adminer-3.3.1.php HTTP/1.0" 404 67907 "-" "-" "-"
139.59.34.233 - - [06/Dec/2019:00:06:48 +0100] "GET /adminer-3.2.2.php HTTP/1.0" 404 67897 "-" "-" "-"
139.59.34.233 - - [06/Dec/2019:00:06:49 +0100] "GET /adminer-3.3.0.php HTTP/1.0" 404 67897 "-" "-" "-"
139.59.34.233 - - [06/Dec/2019:00:06:49 +0100] "GET /adminer-3.0.0.php HTTP/1.0" 404 67897 "-" "-" "-"
139.59.34.233 - - [06/Dec/2019:00:06:50 +0100] "GET /adminer-3.2.1.php HTTP/1.0" 404 67902 "-" "-" "-"
139.59.34.233 - - [06/Dec/2019:00:06:51 +0100] "GET /adminer-3.0.1.php HTTP/1.0" 404 67857 "-" "-" "-"
139.59.34.233 - - [06/Dec/2019:00:06:52 +0100] "GET /adminer-4.6.3-en.php HTTP/1.0" 404 67868 "-" "-" "-"
139.59.34.233 - - [06/Dec/2019:00:06:52 +0100] "GET /adminer-4.6.2-en.php HTTP/1.0" 404 67918 "-" "-" "-"
139.59.34.233 - - [06/Dec/2019:00:06:53 +0100] "GET /adminer-4.6.1-en.php HTTP/1.0" 404 67888 "-" "-" "-"
139.59.34.233 - - [06/Dec/2019:00:06:54 +0100] "GET /adminer-4.6.0-en.php HTTP/1.0" 404 67893 "-" "-" "-"
139.59.34.233 - - [06/Dec/2019:00:06:55 +0100] "GET /adminer-4.5.0-en.php HTTP/1.0" 404 67883 "-" "-" "-"
139.59.34.233 - - [06/Dec/2019:00:06:55 +0100] "GET /adminer-4.4.0-en.php HTTP/1.0" 404 67913 "-" "-" "-"
139.59.34.233 - - [06/Dec/2019:00:06:56 +0100] "GET /adminer-4.3.0-en.php HTTP/1.0" 404 67893 "-" "-" "-"
139.59.34.233 - - [06/Dec/2019:00:06:57 +0100] "GET /adminer-4.3.1-en.php HTTP/1.0" 404 67878 "-" "-" "-"
139.59.34.233 - - [06/Dec/2019:00:06:57 +0100] "GET /adminer-4.2.5-en.php HTTP/1.0" 404 67898 "-" "-" "-"
139.59.34.233 - - [06/Dec/2019:00:06:58 +0100] "GET /adminer-4.2.3-en.php HTTP/1.0" 404 67918 "-" "-" "-"
139.59.34.233 - - [06/Dec/2019:00:06:59 +0100] "GET /adminer-4.2.1-en.php HTTP/1.0" 404 67918 "-" "-" "-"
139.59.34.233 - - [06/Dec/2019:00:07:00 +0100] "GET /adminer-4.2.2-en.php HTTP/1.0" 404 67883 "-" "-" "-"
139.59.34.233 - - [06/Dec/2019:00:07:00 +0100] "GET /adminer-4.2.4-en.php HTTP/1.0" 404 67883 "-" "-" "-"
139.59.34.233 - - [06/Dec/2019:00:07:01 +0100] "GET /adminer-4.2.0-en.php HTTP/1.0" 404 67903 "-" "-" "-"
139.59.34.233 - - [06/Dec/2019:00:07:02 +0100] "GET /adminer-4.1.0-en.php HTTP/1.0" 404 67893 "-" "-" "-"
217.76.130.90 - - [06/Dec/2019:00:07:03 +0100] "POST /wp-cron.php?doing_wp_cron=1575587223.7864921092987060546875 HTTP/1.1" 200 164 "http://amazingsportwear.com/wp-cron.php?doing_wp_cron=1575587223.7864921092987060546875" "WordPress/5.2.4; https://amazingsportwear.com" "-"
139.59.34.233 - - [06/Dec/2019:00:07:03 +0100] "GET /adminer-4.0.2-en.php HTTP/1.0" 404 67873 "-" "-" "-"
139.59.34.233 - - [06/Dec/2019:00:07:03 +0100] "GET /adminer-4.0.0-en.php HTTP/1.0" 404 67893 "-" "-" "-"
139.59.34.233 - - [06/Dec/2019:00:07:04 +0100] "GET /adminer-4.0.3-en.php HTTP/1.0" 404 67938 "-" "-" "-"
139.59.34.233 - - [06/Dec/2019:00:07:05 +0100] "GET /adminer-4.0.1-en.php HTTP/1.0" 404 67963 "-" "-" "-"
139.59.34.233 - - [06/Dec/2019:00:07:06 +0100] "GET /adminer-3.6.3-en.php HTTP/1.0" 404 67923 "-" "-" "-"
139.59.34.233 - - [06/Dec/2019:00:07:06 +0100] "GET /adminer-3.7.1-en.php HTTP/1.0" 404 67908 "-" "-" "-"
139.59.34.233 - - [06/Dec/2019:00:07:07 +0100] "GET /adminer-3.7.0-en.php HTTP/1.0" 404 67903 "-" "-" "-"
139.59.34.233 - - [06/Dec/2019:00:07:08 +0100] "GET /adminer-3.6.4-en.php HTTP/1.0" 404 67933 "-" "-" "-"
139.59.34.233 - - [06/Dec/2019:00:07:08 +0100] "GET /adminer-3.6.2-en.php HTTP/1.0" 404 67883 "-" "-" "-"
139.59.34.233 - - [06/Dec/2019:00:07:09 +0100] "GET /adminer-3.6.1-en.php HTTP/1.0" 404 67893 "-" "-" "-"
139.59.34.233 - - [06/Dec/2019:00:07:10 +0100] "GET /adminer-3.6.0-en.php HTTP/1.0" 404 67888 "-" "-" "-"
139.59.34.233 - - [06/Dec/2019:00:07:11 +0100] "GET /adminer-3.3.2-en.php HTTP/1.0" 404 67898 "-" "-" "-"
139.59.34.233 - - [06/Dec/2019:00:07:11 +0100] "GET /adminer-3.5.1-en.php HTTP/1.0" 404 67898 "-" "-" "-"
139.59.34.233 - - [06/Dec/2019:00:07:12 +0100] "GET /adminer-3.5.0-en.php HTTP/1.0" 404 67873 "-" "-" "-"
139.59.34.233 - - [06/Dec/2019:00:07:13 +0100] "GET /adminer-3.4.0-en.php HTTP/1.0" 404 67883 "-" "-" "-"
139.59.34.233 - - [06/Dec/2019:00:07:14 +0100] "GET /adminer-3.3.3-en.php HTTP/1.0" 404 67913 "-" "-" "-"
139.59.34.233 - - [06/Dec/2019:00:07:14 +0100] "GET /adminer-3.3.4-en.php HTTP/1.0" 404 67863 "-" "-" "-"
139.59.34.233 - - [06/Dec/2019:00:07:15 +0100] "GET /adminer-3.2.0-en.php HTTP/1.0" 404 67893 "-" "-" "-"
139.59.34.233 - - [06/Dec/2019:00:07:16 +0100] "GET /adminer-3.1.0-en.php HTTP/1.0" 404 67918 "-" "-" "-"
139.59.34.233 - - [06/Dec/2019:00:07:16 +0100] "GET /adminer-3.3.1-en.php HTTP/1.0" 404 67898 "-" "-" "-"
139.59.34.233 - - [06/Dec/2019:00:07:17 +0100] "GET /adminer-3.2.2-en.php HTTP/1.0" 404 67908 "-" "-" "-"
139.59.34.233 - - [06/Dec/2019:00:07:18 +0100] "GET /adminer-3.3.0-en.php HTTP/1.0" 404 67848 "-" "-" "-"
139.59.34.233 - - [06/Dec/2019:00:07:19 +0100] "GET /adminer-3.0.0-en.php HTTP/1.0" 404 67888 "-" "-" "-"
139.59.34.233 - - [06/Dec/2019:00:07:19 +0100] "GET /adminer-3.2.1-en.php HTTP/1.0" 404 67898 "-" "-" "-"
139.59.34.233 - - [06/Dec/2019:00:07:20 +0100] "GET /adminer-3.0.1-en.php HTTP/1.0" 404 67918 "-" "-" "-"
66.249.66.66 - - [06/Dec/2019:00:07:20 +0100] "GET /categoria-producto/deportes/triathlon/ HTTP/1.1" 200 59202 "-" "Mozilla/5.0 (Linux; Android 6.0.1; Nexus 5X Build/MMB29P) AppleWebKit/537.36 (KHTML, like Gecko) Chrome/41.0.2272.96 Mobile Safari/537.36 (compatible; Googlebot/2.1; +http://www.google.com/bot.html)" "-"
217.76.130.90 - - [06/Dec/2019:00:09:50 +0100] "POST /wp-cron.php?doing_wp_cron=1575587390.4316990375518798828125 HTTP/1.1" 200 3389 "https://amazingsportwear.com/wp-cron.php?doing_wp_cron=1575587390.4316990375518798828125" "WordPress/5.2.4; https://amazingsportwear.com" "-"
66.249.66.68 - - [06/Dec/2019:00:09:49 +0100] "GET /producto/camiseta-tecnica-manga-corta-delta-eny-delta/ HTTP/1.1" 200 97355 "-" "Mozilla/5.0 (Linux; Android 6.0.1; Nexus 5X Build/MMB29P) AppleWebKit/537.36 (KHTML, like Gecko) Chrome/41.0.2272.96 Mobile Safari/537.36 (compatible; Googlebot/2.1; +http://www.google.com/bot.html)" "-"
217.76.130.90 - - [06/Dec/2019:00:10:16 +0100] "POST /wp-cron.php?doing_wp_cron=1575587416.5573120117187500000000 HTTP/1.1" 200 3389 "https://amazingsportwear.com/wp-cron.php?doing_wp_cron=1575587416.5573120117187500000000" "WordPress/5.2.4; https://amazingsportwear.com" "-"
66.249.66.68 - - [06/Dec/2019:00:10:15 +0100] "GET /producto/cordon-gafas-de-sol-pf-10041102/ HTTP/1.1" 200 94199 "-" "Mozilla/5.0 (Linux; Android 6.0.1; Nexus 5X Build/MMB29P) AppleWebKit/537.36 (KHTML, like Gecko) Chrome/41.0.2272.96 Mobile Safari/537.36 (compatible; Googlebot/2.1; +http://www.google.com/bot.html)" "-"
217.76.130.90 - - [06/Dec/2019:00:14:30 +0100] "POST /wp-cron.php?doing_wp_cron=1575587670.9103620052337646484375 HTTP/1.1" 200 3389 "https://amazingsportwear.com/wp-cron.php?doing_wp_cron=1575587670.9103620052337646484375" "WordPress/5.2.4; https://amazingsportwear.com" "-"
66.249.66.66 - - [06/Dec/2019:00:14:29 +0100] "GET /categoria-producto/hombre/polostecnicos/ HTTP/1.1" 200 76568 "-" "Mozilla/5.0 (Linux; Android 6.0.1; Nexus 5X Build/MMB29P) AppleWebKit/537.36 (KHTML, like Gecko) Chrome/41.0.2272.96 Mobile Safari/537.36 (compatible; Googlebot/2.1; +http://www.google.com/bot.html)" "-"
66.249.66.68 - - [06/Dec/2019:00:14:36 +0100] "GET /producto/mochila-tipo-saco-cat-3164/ HTTP/1.1" 200 103491 "-" "Mozilla/5.0 (compatible; Googlebot/2.1; +http://www.google.com/bot.html)" "-"
189.236.90.99 - - [06/Dec/2019:00:17:14 +0100] "GET /wp-content/uploads/2019/04/gorra-lorenz-4.png HTTP/1.1" 200 77979 "https://www.google.com/" "Mozilla/5.0 (Windows NT 10.0; Win64; x64) AppleWebKit/537.36 (KHTML, like Gecko) Chrome/78.0.3904.108 Safari/537.36" "-"
189.236.90.99 - - [06/Dec/2019:00:17:14 +0100] "GET /wp-content/uploads/2019/04/Gorra-sport-11.png HTTP/1.1" 200 131121 "https://www.google.com/" "Mozilla/5.0 (Windows NT 10.0; Win64; x64) AppleWebKit/537.36 (KHTML, like Gecko) Chrome/78.0.3904.108 Safari/537.36" "-"
217.76.130.90 - - [06/Dec/2019:00:23:38 +0100] "POST /wp-cron.php?doing_wp_cron=1575588218.6098439693450927734375 HTTP/1.1" 200 3389 "https://amazingsportwear.com/wp-cron.php?doing_wp_cron=1575588218.6098439693450927734375" "WordPress/5.2.4; https://amazingsportwear.com" "-"
66.249.66.70 - - [06/Dec/2019:00:23:37 +0100] "GET /producto/gorra-tecnica-2/ HTTP/1.1" 200 96185 "-" "Mozilla/5.0 (compatible; Googlebot/2.1; +http://www.google.com/bot.html)" "-"
217.76.130.90 - - [06/Dec/2019:00:23:38 +0100] "POST /wp-cron.php?doing_wp_cron=1575588218.6126990318298339843750 HTTP/1.1" 200 3389 "https://amazingsportwear.com/wp-cron.php?doing_wp_cron=1575588218.6126990318298339843750" "WordPress/5.2.4; https://amazingsportwear.com" "-"
66.249.66.70 - - [06/Dec/2019:00:23:37 +0100] "GET /robots.txt HTTP/1.1" 200 3939 "-" "Mozilla/5.0 (compatible; Googlebot/2.1; +http://www.google.com/bot.html)" "-"
187.190.154.231 - - [06/Dec/2019:00:28:28 +0100] "GET /wp-content/uploads/2019/04/Gorra-sport-6.png HTTP/1.1" 200 44623 "https://www.google.com/" "Mozilla/5.0 (Windows NT 10.0; Win64; x64) AppleWebKit/537.36 (KHTML, like Gecko) Chrome/78.0.3904.108 Safari/537.36" "-"
217.76.130.90 - - [06/Dec/2019:00:30:37 +0100] "POST /wp-cron.php?doing_wp_cron=1575588637.5891470909118652343750 HTTP/1.1" 200 3389 "https://amazingsportwear.com/wp-cron.php?doing_wp_cron=1575588637.5891470909118652343750" "WordPress/5.2.4; https://amazingsportwear.com" "-"
66.249.66.66 - - [06/Dec/2019:00:30:35 +0100] "GET /producto/camiseta-tecnic-rox-nino-cat-5249/ HTTP/1.1" 200 105711 "-" "Mozilla/5.0 (Linux; Android 6.0.1; Nexus 5X Build/MMB29P) AppleWebKit/537.36 (KHTML, like Gecko) Chrome/41.0.2272.96 Mobile Safari/537.36 (compatible; Googlebot/2.1; +http://www.google.com/bot.html)" "-"
40.77.167.228 - - [06/Dec/2019:00:43:29 +0100] "GET /wp-content/uploads/2019/04/VANDIX-AZUL-DISE%C3%91O.png HTTP/1.1" 200 150994 "-" "Mozilla/5.0 (compatible; bingbot/2.0; +http://www.bing.com/bingbot.htm)" "-"
217.76.130.90 - - [06/Dec/2019:00:53:32 +0100] "POST /wp-cron.php?doing_wp_cron=1575590012.2224140167236328125000 HTTP/1.1" 200 3389 "https://amazingsportwear.com/wp-cron.php?doing_wp_cron=1575590012.2224140167236328125000" "WordPress/5.2.4; https://amazingsportwear.com" "-"
66.249.66.70 - - [06/Dec/2019:00:53:29 +0100] "GET /producto/bolsa-deporte-hale/ HTTP/1.1" 200 98232 "-" "Mozilla/5.0 (Linux; Android 6.0.1; Nexus 5X Build/MMB29P) AppleWebKit/537.36 (KHTML, like Gecko) Chrome/41.0.2272.96 Mobile Safari/537.36 (compatible; Googlebot/2.1; +http://www.google.com/bot.html)" "-"
66.249.66.68 - - [06/Dec/2019:00:53:42 +0100] "GET /producto/bolsa-deporte-hale/ HTTP/1.1" 200 98242 "-" "Mozilla/5.0 (Linux; Android 6.0.1; Nexus 5X Build/MMB29P) AppleWebKit/537.36 (KHTML, like Gecko) Chrome/41.0.2272.96 Mobile Safari/537.36 (compatible; Googlebot/2.1; +http://www.google.com/bot.html)" "-"
217.76.130.90 - - [06/Dec/2019:00:54:42 +0100] "POST /wp-cron.php?doing_wp_cron=1575590082.3082840442657470703125 HTTP/1.1" 200 3389 "https://amazingsportwear.com/wp-cron.php?doing_wp_cron=1575590082.3082840442657470703125" "WordPress/5.2.4; https://amazingsportwear.com" "-"
66.249.66.70 - - [06/Dec/2019:00:54:41 +0100] "GET /producto/camiseta-tecnica-spain/ HTTP/1.1" 200 100473 "-" "Mozilla/5.0 (Linux; Android 6.0.1; Nexus 5X Build/MMB29P) AppleWebKit/537.36 (KHTML, like Gecko) Chrome/41.0.2272.96 Mobile Safari/537.36 (compatible; Googlebot/2.1; +http://www.google.com/bot.html)" "-"
66.249.66.68 - - [06/Dec/2019:00:54:54 +0100] "GET /producto/gorra-mision/ HTTP/1.1" 200 93784 "-" "Mozilla/5.0 (Linux; Android 6.0.1; Nexus 5X Build/MMB29P) AppleWebKit/537.36 (KHTML, like Gecko) Chrome/41.0.2272.96 Mobile Safari/537.36 (compatible; Googlebot/2.1; +http://www.google.com/bot.html)" "-"
217.76.130.90 - - [06/Dec/2019:00:55:47 +0100] "POST /wp-cron.php?doing_wp_cron=1575590147.3513119220733642578125 HTTP/1.1" 200 3389 "https://amazingsportwear.com/wp-cron.php?doing_wp_cron=1575590147.3513119220733642578125" "WordPress/5.2.4; https://amazingsportwear.com" "-"
66.249.66.68 - - [06/Dec/2019:00:55:46 +0100] "GET /producto/camiseta-tecnica-aintree/ HTTP/1.1" 200 104038 "-" "Mozilla/5.0 (Linux; Android 6.0.1; Nexus 5X Build/MMB29P) AppleWebKit/537.36 (KHTML, like Gecko) Chrome/41.0.2272.96 Mobile Safari/537.36 (compatible; Googlebot/2.1; +http://www.google.com/bot.html)" "-"
217.76.130.90 - - [06/Dec/2019:00:57:21 +0100] "POST /wp-cron.php?doing_wp_cron=1575590241.1129488945007324218750 HTTP/1.1" 200 3389 "https://amazingsportwear.com/wp-cron.php?doing_wp_cron=1575590241.1129488945007324218750" "WordPress/5.2.4; https://amazingsportwear.com" "-"
66.249.66.70 - - [06/Dec/2019:00:57:18 +0100] "GET /producto/camiseta-tecnica-detroit-sa-6652/ HTTP/1.1" 200 99361 "-" "Mozilla/5.0 (Linux; Android 6.0.1; Nexus 5X Build/MMB29P) AppleWebKit/537.36 (KHTML, like Gecko) Chrome/41.0.2272.96 Mobile Safari/537.36 (compatible; Googlebot/2.1; +http://www.google.com/bot.html)" "-"
190.239.69.188 - - [06/Dec/2019:00:58:41 +0100] "GET /wp-content/uploads/2019/04/Gorra-sport-10.png HTTP/1.1" 200 60426 "https://www.google.com/" "Mozilla/5.0 (Linux; Android 6.0.1; SAMSUNG SM-J700M) AppleWebKit/537.36 (KHTML, like Gecko) SamsungBrowser/10.1 Chrome/71.0.3578.99 Mobile Safari/537.36" "-"
217.76.130.90 - - [06/Dec/2019:00:59:21 +0100] "POST /wp-cron.php?doing_wp_cron=1575590361.5372009277343750000000 HTTP/1.1" 200 3389 "https://amazingsportwear.com/wp-cron.php?doing_wp_cron=1575590361.5372009277343750000000" "WordPress/5.2.4; https://amazingsportwear.com" "-"
66.249.66.70 - - [06/Dec/2019:00:59:20 +0100] "POST /?wc-ajax=get_refreshed_fragments HTTP/1.1" 200 4760 "https://amazingsportwear.com/producto/camiseta-tecnica-detroit-sa-6652/" "Mozilla/5.0 (Linux; Android 6.0.1; Nexus 5X Build/MMB29P) AppleWebKit/537.36 (KHTML, like Gecko) Chrome/41.0.2272.96 Mobile Safari/537.36 (compatible; Googlebot/2.1; +http://www.google.com/bot.html)" "_ga=GA1.2.969013651.1575504000; _gid=GA1.2.1978218920.1575504000; _gat_gtag_UA_91619287_1=1"
217.76.130.90 - - [06/Dec/2019:01:03:22 +0100] "POST /wp-cron.php?doing_wp_cron=1575590602.6458890438079833984375 HTTP/1.1" 200 3389 "https://amazingsportwear.com/wp-cron.php?doing_wp_cron=1575590602.6458890438079833984375" "WordPress/5.2.4; https://amazingsportwear.com" "-"
157.55.39.165 - - [06/Dec/2019:01:03:22 +0100] "GET /etiqueta-producto/camiseta-stella/ HTTP/1.1" 200 54134 "-" "Mozilla/5.0 (compatible; bingbot/2.0; +http://www.bing.com/bingbot.htm)" "-"
66.249.66.68 - - [06/Dec/2019:01:03:34 +0100] "GET /producto/camiseta-tecnica-bahrein/ HTTP/1.1" 200 102904 "-" "Mozilla/5.0 (Linux; Android 6.0.1; Nexus 5X Build/MMB29P) AppleWebKit/537.36 (KHTML, like Gecko) Chrome/41.0.2272.96 Mobile Safari/537.36 (compatible; Googlebot/2.1; +http://www.google.com/bot.html)" "-"
66.249.66.68 - - [06/Dec/2019:01:03:41 +0100] "GET /producto/camiseta-tecnica-bahrein/ HTTP/1.1" 200 99170 "-" "Mozilla/5.0 (Linux; Android 6.0.1; Nexus 5X Build/MMB29P) AppleWebKit/537.36 (KHTML, like Gecko) Chrome/41.0.2272.96 Mobile Safari/537.36 (compatible; Googlebot/2.1; +http://www.google.com/bot.html)" "-"
217.76.130.90 - - [06/Dec/2019:01:05:17 +0100] "POST /wp-cron.php?doing_wp_cron=1575590717.0615720748901367187500 HTTP/1.1" 200 164 "http://amazingsportwear.com/wp-cron.php?doing_wp_cron=1575590717.0615720748901367187500" "WordPress/5.2.4; https://amazingsportwear.com" "-"
40.77.167.228 - - [06/Dec/2019:01:05:15 +0100] "GET /tienda/250-braga-gorro-polar-cat-8016.html HTTP/1.1" 404 68095 "-" "Mozilla/5.0 (compatible; bingbot/2.0; +http://www.bing.com/bingbot.htm)" "-"
66.249.66.66 - - [06/Dec/2019:01:06:56 +0100] "GET /wp-content/uploads/2019/04/Gorra-sport-8.png HTTP/1.1" 304 3566 "-" "Googlebot-Image/1.0" "-"
187.220.247.189 - - [06/Dec/2019:01:08:03 +0100] "GET /wp-content/uploads/2019/04/Gorra-sport-6.png HTTP/1.1" 200 44623 "https://www.google.com/" "Mozilla/5.0 (Windows NT 6.1) AppleWebKit/537.36 (KHTML, like Gecko) Chrome/78.0.3904.108 Safari/537.36" "-"
217.76.130.90 - - [06/Dec/2019:01:10:02 +0100] "POST /wp-cron.php?doing_wp_cron=1575591002.4010241031646728515625 HTTP/1.1" 200 3389 "https://amazingsportwear.com/wp-cron.php?doing_wp_cron=1575591002.4010241031646728515625" "WordPress/5.2.4; https://amazingsportwear.com" "-"
172.58.22.249 - - [06/Dec/2019:01:10:06 +0100] "GET /wp-includes/css/dist/block-library/style.min.css?ver=5.2.4 HTTP/1.1" 200 29798 "https://amazingsportwear.com/" "Mozilla/5.0 (Linux; Android 8.0.0; SAMSUNG SM-G935T) AppleWebKit/537.36 (KHTML, like Gecko) SamsungBrowser/10.1 Chrome/71.0.3578.99 Mobile Safari/537.36" "wpfront-notification-bar-landingpage=1"
172.58.22.249 - - [06/Dec/2019:01:10:08 +0100] "GET /wp-content/plugins/woocommerce/assets/css/blocks/style.css?ver=3.6.4 HTTP/1.1" 200 6835 "https://amazingsportwear.com/" "Mozilla/5.0 (Linux; Android 8.0.0; SAMSUNG SM-G935T) AppleWebKit/537.36 (KHTML, like Gecko) SamsungBrowser/10.1 Chrome/71.0.3578.99 Mobile Safari/537.36" "wpfront-notification-bar-landingpage=1"
172.58.22.249 - - [06/Dec/2019:01:10:01 +0100] "GET / HTTP/1.1" 200 122567 "https://www.google.com/" "Mozilla/5.0 (Linux; Android 8.0.0; SAMSUNG SM-G935T) AppleWebKit/537.36 (KHTML, like Gecko) SamsungBrowser/10.1 Chrome/71.0.3578.99 Mobile Safari/537.36" "-"
172.58.22.249 - - [06/Dec/2019:01:10:10 +0100] "GET /wp-content/plugins/cookie-law-info/public/css/cookie-law-info-public.css?ver=1.7.6 HTTP/1.1" 200 3373 "https://amazingsportwear.com/" "Mozilla/5.0 (Linux; Android 8.0.0; SAMSUNG SM-G935T) AppleWebKit/537.36 (KHTML, like Gecko) SamsungBrowser/10.1 Chrome/71.0.3578.99 Mobile Safari/537.36" "wpfront-notification-bar-landingpage=1"
172.58.22.249 - - [06/Dec/2019:01:10:11 +0100] "GET /wp-content/plugins/cookie-law-info/public/css/cookie-law-info-gdpr.css?ver=1.7.6 HTTP/1.1" 200 12583 "https://amazingsportwear.com/" "Mozilla/5.0 (Linux; Android 8.0.0; SAMSUNG SM-G935T) AppleWebKit/537.36 (KHTML, like Gecko) SamsungBrowser/10.1 Chrome/71.0.3578.99 Mobile Safari/537.36" "wpfront-notification-bar-landingpage=1"
172.58.22.249 - - [06/Dec/2019:01:10:11 +0100] "GET /wp-content/plugins/wpfront-notification-bar/css/wpfront-notification-bar.css?ver=1.7.1 HTTP/1.1" 200 3801 "https://amazingsportwear.com/" "Mozilla/5.0 (Linux; Android 8.0.0; SAMSUNG SM-G935T) AppleWebKit/537.36 (KHTML, like Gecko) SamsungBrowser/10.1 Chrome/71.0.3578.99 Mobile Safari/537.36" "wpfront-notification-bar-landingpage=1"
172.58.22.249 - - [06/Dec/2019:01:10:15 +0100] "GET /wp-content/plugins/simple-social-icons/css/style.css?ver=3.0.1 HTTP/1.1" 200 1562 "https://amazingsportwear.com/" "Mozilla/5.0 (Linux; Android 8.0.0; SAMSUNG SM-G935T) AppleWebKit/537.36 (KHTML, like Gecko) SamsungBrowser/10.1 Chrome/71.0.3578.99 Mobile Safari/537.36" "wpfront-notification-bar-landingpage=1"
172.58.22.249 - - [06/Dec/2019:01:10:15 +0100] "GET /wp-content/plugins/elementor/assets/lib/eicons/css/elementor-icons.min.css?ver=4.3.0 HTTP/1.1" 200 11850 "https://amazingsportwear.com/" "Mozilla/5.0 (Linux; Android 8.0.0; SAMSUNG SM-G935T) AppleWebKit/537.36 (KHTML, like Gecko) SamsungBrowser/10.1 Chrome/71.0.3578.99 Mobile Safari/537.36" "wpfront-notification-bar-landingpage=1"
172.58.22.249 - - [06/Dec/2019:01:10:15 +0100] "GET /wp-content/plugins/elementor/assets/lib/font-awesome/css/font-awesome.min.css?ver=4.7.0 HTTP/1.1" 200 31365 "https://amazingsportwear.com/" "Mozilla/5.0 (Linux; Android 8.0.0; SAMSUNG SM-G935T) AppleWebKit/537.36 (KHTML, like Gecko) SamsungBrowser/10.1 Chrome/71.0.3578.99 Mobile Safari/537.36" "wpfront-notification-bar-landingpage=1"
172.58.22.249 - - [06/Dec/2019:01:10:15 +0100] "GET /wp-content/plugins/elementor/assets/lib/animations/animations.min.css?ver=2.5.16 HTTP/1.1" 200 18833 "https://amazingsportwear.com/" "Mozilla/5.0 (Linux; Android 8.0.0; SAMSUNG SM-G935T) AppleWebKit/537.36 (KHTML, like Gecko) SamsungBrowser/10.1 Chrome/71.0.3578.99 Mobile Safari/537.36" "wpfront-notification-bar-landingpage=1"
172.58.22.249 - - [06/Dec/2019:01:10:17 +0100] "GET /wp-content/uploads/elementor/css/global.css?ver=1559638744 HTTP/1.1" 200 5136 "https://amazingsportwear.com/" "Mozilla/5.0 (Linux; Android 8.0.0; SAMSUNG SM-G935T) AppleWebKit/537.36 (KHTML, like Gecko) SamsungBrowser/10.1 Chrome/71.0.3578.99 Mobile Safari/537.36" "wpfront-notification-bar-landingpage=1"
172.58.22.249 - - [06/Dec/2019:01:10:18 +0100] "GET /wp-content/uploads/elementor/css/post-16241.css?ver=1562311573 HTTP/1.1" 200 4934 "https://amazingsportwear.com/" "Mozilla/5.0 (Linux; Android 8.0.0; SAMSUNG SM-G935T) AppleWebKit/537.36 (KHTML, like Gecko) SamsungBrowser/10.1 Chrome/71.0.3578.99 Mobile Safari/537.36" "wpfront-notification-bar-landingpage=1"
172.58.22.249 - - [06/Dec/2019:01:10:18 +0100] "GET /wp-content/themes/shopper/assets/sass/woocommerce/woocommerce.css?ver=5.2.4 HTTP/1.1" 200 83534 "https://amazingsportwear.com/" "Mozilla/5.0 (Linux; Android 8.0.0; SAMSUNG SM-G935T) AppleWebKit/537.36 (KHTML, like Gecko) SamsungBrowser/10.1 Chrome/71.0.3578.99 Mobile Safari/537.36" "wpfront-notification-bar-landingpage=1"
172.58.22.249 - - [06/Dec/2019:01:10:14 +0100] "GET /wp-content/themes/shopper/style.css?ver=1.3.8 HTTP/1.1" 200 125315 "https://amazingsportwear.com/" "Mozilla/5.0 (Linux; Android 8.0.0; SAMSUNG SM-G935T) AppleWebKit/537.36 (KHTML, like Gecko) SamsungBrowser/10.1 Chrome/71.0.3578.99 Mobile Safari/537.36" "wpfront-notification-bar-landingpage=1"
172.58.22.249 - - [06/Dec/2019:01:10:16 +0100] "GET /wp-content/plugins/elementor/assets/css/frontend.min.css?ver=2.5.16 HTTP/1.1" 200 95366 "https://amazingsportwear.com/" "Mozilla/5.0 (Linux; Android 8.0.0; SAMSUNG SM-G935T) AppleWebKit/537.36 (KHTML, like Gecko) SamsungBrowser/10.1 Chrome/71.0.3578.99 Mobile Safari/537.36" "wpfront-notification-bar-landingpage=1"
172.58.22.249 - - [06/Dec/2019:01:10:19 +0100] "GET /wp-content/plugins/smart-slider-3/library/media/smartslider.min.css?1559118093 HTTP/1.1" 200 19959 "https://amazingsportwear.com/" "Mozilla/5.0 (Linux; Android 8.0.0; SAMSUNG SM-G935T) AppleWebKit/537.36 (KHTML, like Gecko) SamsungBrowser/10.1 Chrome/71.0.3578.99 Mobile Safari/537.36" "wpfront-notification-bar-landingpage=1"
172.58.22.249 - - [06/Dec/2019:01:10:20 +0100] "GET /wp-includes/js/jquery/jquery.js?ver=1.12.4-wp HTTP/1.1" 200 79532 "https://amazingsportwear.com/" "Mozilla/5.0 (Linux; Android 8.0.0; SAMSUNG SM-G935T) AppleWebKit/537.36 (KHTML, like Gecko) SamsungBrowser/10.1 Chrome/71.0.3578.99 Mobile Safari/537.36" "wpfront-notification-bar-landingpage=1"
217.76.130.90 - - [06/Dec/2019:01:15:07 +0100] "POST /wp-cron.php?doing_wp_cron=1575591307.6401391029357910156250 HTTP/1.1" 200 3389 "https://amazingsportwear.com/wp-cron.php?doing_wp_cron=1575591307.6401391029357910156250" "WordPress/5.2.4; https://amazingsportwear.com" "-"
66.249.66.68 - - [06/Dec/2019:01:15:06 +0100] "GET /producto/camiseta-tecnica-spain/ HTTP/1.1" 200 100394 "-" "Mozilla/5.0 (Linux; Android 6.0.1; Nexus 5X Build/MMB29P) AppleWebKit/537.36 (KHTML, like Gecko) Chrome/41.0.2272.96 Mobile Safari/537.36 (compatible; Googlebot/2.1; +http://www.google.com/bot.html)" "-"
66.249.66.68 - - [06/Dec/2019:01:15:11 +0100] "POST /?wc-ajax=get_refreshed_fragments HTTP/1.1" 200 1397 "https://amazingsportwear.com/producto/camiseta-tecnica-spain/" "Mozilla/5.0 (Linux; Android 6.0.1; Nexus 5X Build/MMB29P) AppleWebKit/537.36 (KHTML, like Gecko) Chrome/41.0.2272.96 Mobile Safari/537.36 (compatible; Googlebot/2.1; +http://www.google.com/bot.html)" "_ga=GA1.2.969013651.1575590400; _gid=GA1.2.1978218920.1575590400; _gat_gtag_UA_91619287_1=1"
66.249.66.66 - - [06/Dec/2019:01:15:19 +0100] "GET /producto/camiseta-tecnica-aintree/ HTTP/1.1" 200 104253 "-" "Mozilla/5.0 (Linux; Android 6.0.1; Nexus 5X Build/MMB29P) AppleWebKit/537.36 (KHTML, like Gecko) Chrome/41.0.2272.96 Mobile Safari/537.36 (compatible; Googlebot/2.1; +http://www.google.com/bot.html)" "-"
66.249.66.66 - - [06/Dec/2019:01:15:24 +0100] "POST /?wc-ajax=get_refreshed_fragments HTTP/1.1" 200 1397 "https://amazingsportwear.com/producto/camiseta-tecnica-aintree/" "Mozilla/5.0 (Linux; Android 6.0.1; Nexus 5X Build/MMB29P) AppleWebKit/537.36 (KHTML, like Gecko) Chrome/41.0.2272.96 Mobile Safari/537.36 (compatible; Googlebot/2.1; +http://www.google.com/bot.html)" "_ga=GA1.2.969013651.1575590400; _gid=GA1.2.1978218920.1575590400; _gat_gtag_UA_91619287_1=1"
66.249.66.66 - - [06/Dec/2019:01:15:33 +0100] "GET /producto/braga-cuello-motocross/ HTTP/1.1" 200 93823 "-" "Mozilla/5.0 (Linux; Android 6.0.1; Nexus 5X Build/MMB29P) AppleWebKit/537.36 (KHTML, like Gecko) Chrome/41.0.2272.96 Mobile Safari/537.36 (compatible; Googlebot/2.1; +http://www.google.com/bot.html)" "-"
66.249.66.66 - - [06/Dec/2019:01:15:37 +0100] "POST /?wc-ajax=get_refreshed_fragments HTTP/1.1" 200 1397 "https://amazingsportwear.com/producto/braga-cuello-motocross/" "Mozilla/5.0 (Linux; Android 6.0.1; Nexus 5X Build/MMB29P) AppleWebKit/537.36 (KHTML, like Gecko) Chrome/41.0.2272.96 Mobile Safari/537.36 (compatible; Googlebot/2.1; +http://www.google.com/bot.html)" "_ga=GA1.2.969013651.1575590400; _gid=GA1.2.1978218920.1575590400; _gat_gtag_UA_91619287_1=1"
66.249.66.66 - - [06/Dec/2019:01:15:52 +0100] "GET /producto/gorra-bayet/ HTTP/1.1" 200 90612 "-" "Mozilla/5.0 (Linux; Android 6.0.1; Nexus 5X Build/MMB29P) AppleWebKit/537.36 (KHTML, like Gecko) Chrome/41.0.2272.96 Mobile Safari/537.36 (compatible; Googlebot/2.1; +http://www.google.com/bot.html)" "-"
66.249.66.66 - - [06/Dec/2019:01:15:58 +0100] "POST /?wc-ajax=get_refreshed_fragments HTTP/1.1" 200 1397 "https://amazingsportwear.com/producto/gorra-bayet/" "Mozilla/5.0 (Linux; Android 6.0.1; Nexus 5X Build/MMB29P) AppleWebKit/537.36 (KHTML, like Gecko) Chrome/41.0.2272.96 Mobile Safari/537.36 (compatible; Googlebot/2.1; +http://www.google.com/bot.html)" "_ga=GA1.2.969013651.1575590400; _gid=GA1.2.1978218920.1575590400; _gat_gtag_UA_91619287_1=1"
217.76.130.90 - - [06/Dec/2019:01:19:15 +0100] "POST /wp-cron.php?doing_wp_cron=1575591555.2739169597625732421875 HTTP/1.1" 200 3389 "https://amazingsportwear.com/wp-cron.php?doing_wp_cron=1575591555.2739169597625732421875" "WordPress/5.2.4; https://amazingsportwear.com" "-"
66.249.66.66 - - [06/Dec/2019:01:19:14 +0100] "GET /producto/manta-termica/ HTTP/1.1" 200 90907 "-" "Mozilla/5.0 (Linux; Android 6.0.1; Nexus 5X Build/MMB29P) AppleWebKit/537.36 (KHTML, like Gecko) Chrome/41.0.2272.96 Mobile Safari/537.36 (compatible; Googlebot/2.1; +http://www.google.com/bot.html)" "-"
217.76.130.90 - - [06/Dec/2019:01:27:45 +0100] "POST /wp-cron.php?doing_wp_cron=1575592065.2236099243164062500000 HTTP/1.1" 200 3389 "https://amazingsportwear.com/wp-cron.php?doing_wp_cron=1575592065.2236099243164062500000" "WordPress/5.2.4; https://amazingsportwear.com" "-"
66.249.66.70 - - [06/Dec/2019:01:27:43 +0100] "GET /producto/camiseta-tecnica-dynamic-woman/ HTTP/1.1" 200 101917 "-" "Mozilla/5.0 (Linux; Android 6.0.1; Nexus 5X Build/MMB29P) AppleWebKit/537.36 (KHTML, like Gecko) Chrome/41.0.2272.96 Mobile Safari/537.36 (compatible; Googlebot/2.1; +http://www.google.com/bot.html)" "-"
217.76.130.90 - - [06/Dec/2019:01:30:13 +0100] "POST /wp-cron.php?doing_wp_cron=1575592213.8529009819030761718750 HTTP/1.1" 200 3389 "https://amazingsportwear.com/wp-cron.php?doing_wp_cron=1575592213.8529009819030761718750" "WordPress/5.2.4; https://amazingsportwear.com" "-"
66.249.66.70 - - [06/Dec/2019:01:30:12 +0100] "GET /producto/camiseta-tecnica-arabia-mujer-eny-ar02-blanca/ HTTP/1.1" 200 105207 "-" "Mozilla/5.0 (Linux; Android 6.0.1; Nexus 5X Build/MMB29P) AppleWebKit/537.36 (KHTML, like Gecko) Chrome/41.0.2272.96 Mobile Safari/537.36 (compatible; Googlebot/2.1; +http://www.google.com/bot.html)" "-"
66.249.66.68 - - [06/Dec/2019:01:30:17 +0100] "POST /?wc-ajax=get_refreshed_fragments HTTP/1.1" 200 4760 "https://amazingsportwear.com/producto/camiseta-tecnica-arabia-mujer-eny-ar02-blanca/" "Mozilla/5.0 (Linux; Android 6.0.1; Nexus 5X Build/MMB29P) AppleWebKit/537.36 (KHTML, like Gecko) Chrome/41.0.2272.96 Mobile Safari/537.36 (compatible; Googlebot/2.1; +http://www.google.com/bot.html)" "_ga=GA1.2.969013651.1575590400; _gid=GA1.2.1978218920.1575590400; _gat_gtag_UA_91619287_1=1"
66.249.66.66 - - [06/Dec/2019:01:30:57 +0100] "GET /producto/camiseta-tecnica-boomer-aq-jaguar/ HTTP/1.1" 200 105532 "-" "Mozilla/5.0 (compatible; Googlebot/2.1; +http://www.google.com/bot.html)" "-"
66.249.66.66 - - [06/Dec/2019:01:31:01 +0100] "GET /producto/bolsa-bici-rigon/ HTTP/1.1" 200 92089 "-" "Mozilla/5.0 (Linux; Android 6.0.1; Nexus 5X Build/MMB29P) AppleWebKit/537.36 (KHTML, like Gecko) Chrome/41.0.2272.96 Mobile Safari/537.36 (compatible; Googlebot/2.1; +http://www.google.com/bot.html)" "-"
217.76.130.90 - - [06/Dec/2019:01:31:08 +0100] "POST /wp-cron.php?doing_wp_cron=1575592268.9336609840393066406250 HTTP/1.1" 200 3389 "https://amazingsportwear.com/wp-cron.php?doing_wp_cron=1575592268.9336609840393066406250" "WordPress/5.2.4; https://amazingsportwear.com" "-"
66.249.66.66 - - [06/Dec/2019:01:31:08 +0100] "POST /?wc-ajax=get_refreshed_fragments HTTP/1.1" 200 1397 "https://amazingsportwear.com/producto/bolsa-bici-rigon/" "Mozilla/5.0 (Linux; Android 6.0.1; Nexus 5X Build/MMB29P) AppleWebKit/537.36 (KHTML, like Gecko) Chrome/41.0.2272.96 Mobile Safari/537.36 (compatible; Googlebot/2.1; +http://www.google.com/bot.html)" "_ga=GA1.2.969013651.1575590400; _gid=GA1.2.1978218920.1575590400; _gat_gtag_UA_91619287_1=1"
181.114.111.76 - - [06/Dec/2019:01:31:38 +0100] "GET /wp-content/uploads/2019/04/Gorra-sport-10.png HTTP/1.1" 200 60231 "https://www.google.com.mx/" "Mozilla/5.0 (Macintosh; Intel Mac OS X 10_12_6) AppleWebKit/603.3.8 (KHTML, like Gecko) Version/10.1.2 Safari/603.3.8" "-"
66.249.66.66 - - [06/Dec/2019:01:31:37 +0100] "GET /producto/camiseta-basket-sin-costadillos/ HTTP/1.1" 200 94581 "-" "Mozilla/5.0 (compatible; Googlebot/2.1; +http://www.google.com/bot.html)" "-"
189.223.235.45 - - [06/Dec/2019:01:32:22 +0100] "GET /wp-content/uploads/2019/04/Gorra-sport-11.png HTTP/1.1" 200 47134 "https://www.google.com.mx/" "Mozilla/5.0 (Windows NT 10.0; Win64; x64) AppleWebKit/537.36 (KHTML, like Gecko) Chrome/78.0.3904.108 Safari/537.36" "-"
189.223.235.45 - - [06/Dec/2019:01:32:42 +0100] "GET /wp-content/uploads/2019/04/gorra-lorenz-4.png HTTP/1.1" 200 74749 "https://www.google.com.mx/" "Mozilla/5.0 (Windows NT 10.0; Win64; x64) AppleWebKit/537.36 (KHTML, like Gecko) Chrome/78.0.3904.108 Safari/537.36" "-"
217.76.130.90 - - [06/Dec/2019:01:34:34 +0100] "POST /wp-cron.php?doing_wp_cron=1575592474.2954719066619873046875 HTTP/1.1" 200 3389 "https://amazingsportwear.com/wp-cron.php?doing_wp_cron=1575592474.2954719066619873046875" "WordPress/5.2.4; https://amazingsportwear.com" "-"
66.249.66.68 - - [06/Dec/2019:01:34:33 +0100] "GET /producto/bidon-iskan/ HTTP/1.1" 200 99560 "-" "Mozilla/5.0 (Linux; Android 6.0.1; Nexus 5X Build/MMB29P) AppleWebKit/537.36 (KHTML, like Gecko) Chrome/41.0.2272.96 Mobile Safari/537.36 (compatible; Googlebot/2.1; +http://www.google.com/bot.html)" "-"
217.76.130.90 - - [06/Dec/2019:01:42:15 +0100] "POST /wp-cron.php?doing_wp_cron=1575592935.3403890132904052734375 HTTP/1.1" 200 164 "http://amazingsportwear.com/wp-cron.php?doing_wp_cron=1575592935.3403890132904052734375" "WordPress/5.2.4; https://amazingsportwear.com" "-"
149.28.125.28 - - [06/Dec/2019:01:42:13 +0100] "GET /wp-content/plugins/woocommerce-gateway-stripe/assets/js/stripe.js HTTP/1.1" 404 68120 "-" "Mozilla/5.0 (X11; Linux x86_64) AppleWebKit/537.36 (KHTML, like Gecko) Chrome/54.0.2840.100 Safari/537.36" "-"
207.46.13.55 - - [06/Dec/2019:01:42:36 +0100] "GET /wp-content/uploads/2019/04/Mochila-keisy-6.png HTTP/1.1" 200 87722 "-" "Mozilla/5.0 (compatible; bingbot/2.0; +http://www.bing.com/bingbot.htm)" "-"
217.76.130.90 - - [06/Dec/2019:01:45:48 +0100] "POST /wp-cron.php?doing_wp_cron=1575593148.3840639591217041015625 HTTP/1.1" 200 3389 "https://amazingsportwear.com/wp-cron.php?doing_wp_cron=1575593148.3840639591217041015625" "WordPress/5.2.4; https://amazingsportwear.com" "-"
66.249.66.68 - - [06/Dec/2019:01:45:47 +0100] "GET /producto/camiseta-basket-sin-costadillos/ HTTP/1.1" 200 94611 "-" "Mozilla/5.0 (compatible; Googlebot/2.1; +http://www.google.com/bot.html)" "-"
217.76.130.90 - - [06/Dec/2019:01:46:18 +0100] "POST /wp-cron.php?doing_wp_cron=1575593178.1124351024627685546875 HTTP/1.1" 200 3389 "https://amazingsportwear.com/wp-cron.php?doing_wp_cron=1575593178.1124351024627685546875" "WordPress/5.2.4; https://amazingsportwear.com" "-"
66.249.66.70 - - [06/Dec/2019:01:46:17 +0100] "GET /producto/culoute-corto-ciclismo-3/ HTTP/1.1" 200 76871 "-" "Mozilla/5.0 (Linux; Android 6.0.1; Nexus 5X Build/MMB29P) AppleWebKit/537.36 (KHTML, like Gecko) Chrome/41.0.2272.96 Mobile Safari/537.36 (compatible; Googlebot/2.1; +http://www.google.com/bot.html)" "-"
66.249.66.70 - - [06/Dec/2019:01:46:21 +0100] "POST /?wc-ajax=get_refreshed_fragments HTTP/1.1" 200 1397 "https://amazingsportwear.com/producto/camiseta-basket-sin-costadillos/" "Mozilla/5.0 AppleWebKit/537.36 (KHTML, like Gecko; compatible; Googlebot/2.1; +http://www.google.com/bot.html) Safari/537.36" "_ga=GA1.2.931330593.1575590400; _gid=GA1.2.2074753562.1575590400; _gat_gtag_UA_91619287_1=1"
217.76.130.90 - - [06/Dec/2019:01:48:22 +0100] "POST /wp-cron.php?doing_wp_cron=1575593302.6660459041595458984375 HTTP/1.1" 200 3389 "https://amazingsportwear.com/wp-cron.php?doing_wp_cron=1575593302.6660459041595458984375" "WordPress/5.2.4; https://amazingsportwear.com" "-"
66.249.66.70 - - [06/Dec/2019:01:48:21 +0100] "POST /?wc-ajax=get_refreshed_fragments HTTP/1.1" 200 4760 "https://amazingsportwear.com/producto/culoute-corto-ciclismo-3/" "Mozilla/5.0 (Linux; Android 6.0.1; Nexus 5X Build/MMB29P) AppleWebKit/537.36 (KHTML, like Gecko) Chrome/41.0.2272.96 Mobile Safari/537.36 (compatible; Googlebot/2.1; +http://www.google.com/bot.html)" "_ga=GA1.2.1884029788.1575590400; _gid=GA1.2.969013651.1575590400; _gat_gtag_UA_91619287_1=1"
81.43.246.4 - - [06/Dec/2019:01:48:28 +0100] "GET /wp-content/uploads/2019/04/Gorra-sport-6.png HTTP/1.1" 200 44623 "https://www.google.com/blank.html" "Mozilla/5.0 (Linux; Android 9; SM-A202F Build/PPR1.180610.011; wv) AppleWebKit/537.36 (KHTML, like Gecko) Version/4.0 Chrome/78.0.3904.108 Mobile Safari/537.36 GSA/10.86.14.21.arm64" "-"
62.37.102.252 - - [06/Dec/2019:01:52:12 +0100] "GET /wp-content/uploads/2019/04/Gorra-sport-12.png HTTP/1.1" 200 95673 "https://www.google.com/blank.html" "Mozilla/5.0 (Linux; Android 8.1.0; Active 1+ Build/OPM1.171019.026; wv) AppleWebKit/537.36 (KHTML, like Gecko) Version/4.0 Chrome/70.0.3538.110 Mobile Safari/537.36 GSA/8.55.6.21.arm64" "-"
207.46.13.55 - - [06/Dec/2019:01:56:47 +0100] "GET /wp-content/uploads/2019/04/Mochila-keisy-6.png HTTP/1.1" 200 87722 "-" "Mozilla/5.0 (compatible; bingbot/2.0; +http://www.bing.com/bingbot.htm)" "-"
217.76.130.90 - - [06/Dec/2019:02:02:55 +0100] "POST /wp-cron.php?doing_wp_cron=1575594175.6539309024810791015625 HTTP/1.1" 200 3389 "https://amazingsportwear.com/wp-cron.php?doing_wp_cron=1575594175.6539309024810791015625" "WordPress/5.2.4; https://amazingsportwear.com" "-"
66.249.66.70 - - [06/Dec/2019:02:02:53 +0100] "GET /producto/cortavientos-angelo/ HTTP/1.1" 200 101653 "-" "Mozilla/5.0 (Linux; Android 6.0.1; Nexus 5X Build/MMB29P) AppleWebKit/537.36 (KHTML, like Gecko) Chrome/41.0.2272.96 Mobile Safari/537.36 (compatible; Googlebot/2.1; +http://www.google.com/bot.html)" "-"
217.76.130.90 - - [06/Dec/2019:02:03:57 +0100] "POST /wp-cron.php?doing_wp_cron=1575594236.9639880657196044921875 HTTP/1.1" 200 3389 "https://amazingsportwear.com/wp-cron.php?doing_wp_cron=1575594236.9639880657196044921875" "WordPress/5.2.4; https://amazingsportwear.com" "-"
66.249.66.66 - - [06/Dec/2019:02:03:55 +0100] "GET /producto/golf-banner/ HTTP/1.1" 200 89492 "-" "Mozilla/5.0 (Linux; Android 6.0.1; Nexus 5X Build/MMB29P) AppleWebKit/537.36 (KHTML, like Gecko) Chrome/41.0.2272.96 Mobile Safari/537.36 (compatible; Googlebot/2.1; +http://www.google.com/bot.html)" "-"
217.76.130.90 - - [06/Dec/2019:02:04:25 +0100] "POST /wp-cron.php?doing_wp_cron=1575594265.0426321029663085937500 HTTP/1.1" 200 3389 "https://amazingsportwear.com/wp-cron.php?doing_wp_cron=1575594265.0426321029663085937500" "WordPress/5.2.4; https://amazingsportwear.com" "-"
66.249.66.66 - - [06/Dec/2019:02:04:24 +0100] "GET /producto/brazalete-running-con-led/ HTTP/1.1" 200 94957 "-" "Mozilla/5.0 (Linux; Android 6.0.1; Nexus 5X Build/MMB29P) AppleWebKit/537.36 (KHTML, like Gecko) Chrome/41.0.2272.96 Mobile Safari/537.36 (compatible; Googlebot/2.1; +http://www.google.com/bot.html)" "-"
201.123.38.57 - - [06/Dec/2019:02:07:55 +0100] "GET /wp-content/uploads/2019/04/Llavero-metalico-futbol-3.png HTTP/1.1" 200 46626 "https://www.google.com/" "Mozilla/5.0 (Macintosh; Intel Mac OS X 10_13_3) AppleWebKit/604.5.6 (KHTML, like Gecko) Version/11.0.3 Safari/604.5.6" "-"
138.186.251.36 - - [06/Dec/2019:02:13:28 +0100] "GET /wp-content/uploads/2019/04/Gorra-sport-6.png HTTP/1.1" 200 44623 "https://www.google.com/" "Mozilla/5.0 (Windows NT 10.0; Win64; x64) AppleWebKit/537.36 (KHTML, like Gecko) Chrome/78.0.3904.108 Safari/537.36" "-"
66.249.66.66 - - [06/Dec/2019:02:18:30 +0100] "GET /wp-content/uploads/2019/04/Gorra-sport-9.png HTTP/1.1" 304 3566 "-" "Googlebot-Image/1.0" "-"
201.108.176.31 - - [06/Dec/2019:02:36:03 +0100] "GET /wp-content/uploads/2019/04/Gorra-sport-10.png HTTP/1.1" 200 60426 "https://www.google.com/" "Mozilla/5.0 (Windows NT 10.0; Win64; x64) AppleWebKit/537.36 (KHTML, like Gecko) Chrome/78.0.3904.108 Safari/537.36" "-"
201.252.43.182 - - [06/Dec/2019:02:36:08 +0100] "GET /wp-content/uploads/2018/02/SA-6705-azul.png HTTP/1.1" 200 279896 "https://www.google.com/" "Mozilla/5.0 (Windows NT 10.0; Win64; x64) AppleWebKit/537.36 (KHTML, like Gecko) Chrome/78.0.3904.108 Safari/537.36" "-"
149.91.188.31 - - [06/Dec/2019:02:49:28 +0100] "GET /wp-content/uploads/2017/01/camiseta-motocross.jpg HTTP/1.1" 200 47474 "https://www.google.es/" "Mozilla/5.0 (iPhone; CPU iPhone OS 13_1_3 like Mac OS X) AppleWebKit/605.1.15 (KHTML, like Gecko) Version/13.0.1 Mobile/15E148 Safari/604.1" "-"
217.76.130.90 - - [06/Dec/2019:02:49:40 +0100] "POST /wp-cron.php?doing_wp_cron=1575596980.0686950683593750000000 HTTP/1.1" 200 3389 "https://amazingsportwear.com/wp-cron.php?doing_wp_cron=1575596980.0686950683593750000000" "WordPress/5.2.4; https://amazingsportwear.com" "-"
149.91.188.31 - - [06/Dec/2019:02:49:34 +0100] "GET /producto/camiseta-motocross-3/ HTTP/1.1" 200 87161 "https://www.google.es/" "Mozilla/5.0 (iPhone; CPU iPhone OS 13_1_3 like Mac OS X) AppleWebKit/605.1.15 (KHTML, like Gecko) Version/13.0.1 Mobile/15E148 Safari/604.1" "-"
149.91.188.31 - - [06/Dec/2019:02:49:42 +0100] "GET /wp-includes/js/wp-emoji-release.min.js?ver=5.2.4 HTTP/1.1" 200 14183 "https://amazingsportwear.com/" "Mozilla/5.0 (iPhone; CPU iPhone OS 13_1_3 like Mac OS X) AppleWebKit/605.1.15 (KHTML, like Gecko) Version/13.0.1 Mobile/15E148 Safari/604.1" "-"
149.91.188.31 - - [06/Dec/2019:02:49:42 +0100] "GET /wp-content/plugins/cookie-law-info/public/css/cookie-law-info-gdpr.css?ver=1.7.6 HTTP/1.1" 200 12445 "https://amazingsportwear.com/" "Mozilla/5.0 (iPhone; CPU iPhone OS 13_1_3 like Mac OS X) AppleWebKit/605.1.15 (KHTML, like Gecko) Version/13.0.1 Mobile/15E148 Safari/604.1" "-"
149.91.188.31 - - [06/Dec/2019:02:49:42 +0100] "GET /wp-content/plugins/cookie-law-info/public/css/cookie-law-info-public.css?ver=1.7.6 HTTP/1.1" 200 6403 "https://amazingsportwear.com/" "Mozilla/5.0 (iPhone; CPU iPhone OS 13_1_3 like Mac OS X) AppleWebKit/605.1.15 (KHTML, like Gecko) Version/13.0.1 Mobile/15E148 Safari/604.1" "-"
149.91.188.31 - - [06/Dec/2019:02:49:42 +0100] "GET /wp-content/plugins/woocommerce/assets/css/blocks/style.css?ver=3.6.4 HTTP/1.1" 200 9865 "https://amazingsportwear.com/" "Mozilla/5.0 (iPhone; CPU iPhone OS 13_1_3 like Mac OS X) AppleWebKit/605.1.15 (KHTML, like Gecko) Version/13.0.1 Mobile/15E148 Safari/604.1" "-"
149.91.188.31 - - [06/Dec/2019:02:49:42 +0100] "GET /wp-content/plugins/wpfront-notification-bar/css/wpfront-notification-bar.css?ver=1.7.1 HTTP/1.1" 200 3663 "https://amazingsportwear.com/" "Mozilla/5.0 (iPhone; CPU iPhone OS 13_1_3 like Mac OS X) AppleWebKit/605.1.15 (KHTML, like Gecko) Version/13.0.1 Mobile/15E148 Safari/604.1" "-"
149.91.188.31 - - [06/Dec/2019:02:49:42 +0100] "GET /wp-includes/css/dist/block-library/style.min.css?ver=5.2.4 HTTP/1.1" 200 29798 "https://amazingsportwear.com/" "Mozilla/5.0 (iPhone; CPU iPhone OS 13_1_3 like Mac OS X) AppleWebKit/605.1.15 (KHTML, like Gecko) Version/13.0.1 Mobile/15E148 Safari/604.1" "-"
149.91.188.31 - - [06/Dec/2019:02:49:42 +0100] "GET /wp-content/plugins/woocommerce/assets/css/photoswipe/default-skin/default-skin.css?ver=3.6.4 HTTP/1.1" 200 11943 "https://amazingsportwear.com/" "Mozilla/5.0 (iPhone; CPU iPhone OS 13_1_3 like Mac OS X) AppleWebKit/605.1.15 (KHTML, like Gecko) Version/13.0.1 Mobile/15E148 Safari/604.1" "-"
