217.76.130.90 - - [01/Dec/2019:06:42:19 +0100] "POST /wp-cron.php?doing_wp_cron=1575178939.7723960876464843750000 HTTP/1.1" 200 3389 "https://amazingsportwear.com/wp-cron.php?doing_wp_cron=1575178939.7723960876464843750000" "WordPress/5.2.4; https://amazingsportwear.com" "-"
66.249.69.210 - - [01/Dec/2019:06:42:16 +0100] "GET /author/emarketing2/ HTTP/1.1" 200 64496 "-" "Mozilla/5.0 (compatible; Googlebot/2.1; +http://www.google.com/bot.html)" "-"
217.76.130.90 - - [01/Dec/2019:06:54:36 +0100] "POST /wp-cron.php?doing_wp_cron=1575179675.9951760768890380859375 HTTP/1.1" 200 3389 "https://amazingsportwear.com/wp-cron.php?doing_wp_cron=1575179675.9951760768890380859375" "WordPress/5.2.4; https://amazingsportwear.com" "-"
66.249.69.210 - - [01/Dec/2019:06:54:34 +0100] "GET /product-sitemap.xml HTTP/1.1" 200 145888 "-" "Mozilla/5.0 (compatible; Googlebot/2.1; +http://www.google.com/bot.html)" "-"
217.76.130.90 - - [01/Dec/2019:07:03:04 +0100] "POST /wp-cron.php?doing_wp_cron=1575180184.3560159206390380859375 HTTP/1.1" 200 3389 "https://amazingsportwear.com/wp-cron.php?doing_wp_cron=1575180184.3560159206390380859375" "WordPress/5.2.4; https://amazingsportwear.com" "-"
66.249.69.212 - - [01/Dec/2019:07:03:03 +0100] "GET /producto/mochila-8000/ HTTP/1.1" 200 96331 "-" "Mozilla/5.0 (Linux; Android 6.0.1; Nexus 5X Build/MMB29P) AppleWebKit/537.36 (KHTML, like Gecko) Chrome/41.0.2272.96 Mobile Safari/537.36 (compatible; Googlebot/2.1; +http://www.google.com/bot.html)" "-"
66.249.69.223 - - [01/Dec/2019:07:03:55 +0100] "GET /atletismo/66-sudadera-con-capucha.html HTTP/1.1" 404 68067 "-" "Mozilla/5.0 (Linux; Android 6.0.1; Nexus 5X Build/MMB29P) AppleWebKit/537.36 (KHTML, like Gecko) Chrome/41.0.2272.96 Mobile Safari/537.36 (compatible; Googlebot/2.1; +http://www.google.com/bot.html)" "-"
217.76.130.90 - - [01/Dec/2019:07:05:47 +0100] "POST /wp-cron.php?doing_wp_cron=1575180347.6154470443725585937500 HTTP/1.1" 200 3389 "https://amazingsportwear.com/wp-cron.php?doing_wp_cron=1575180347.6154470443725585937500" "WordPress/5.2.4; https://amazingsportwear.com" "-"
66.249.69.212 - - [01/Dec/2019:07:05:46 +0100] "GET /producto/gorra-five/ HTTP/1.1" 200 97668 "-" "Mozilla/5.0 (Linux; Android 6.0.1; Nexus 5X Build/MMB29P) AppleWebKit/537.36 (KHTML, like Gecko) Chrome/41.0.2272.96 Mobile Safari/537.36 (compatible; Googlebot/2.1; +http://www.google.com/bot.html)" "-"
217.76.130.90 - - [01/Dec/2019:07:14:20 +0100] "POST /wp-cron.php?doing_wp_cron=1575180860.1419041156768798828125 HTTP/1.1" 200 3389 "https://amazingsportwear.com/wp-cron.php?doing_wp_cron=1575180860.1419041156768798828125" "WordPress/5.2.4; https://amazingsportwear.com" "-"
66.249.69.212 - - [01/Dec/2019:07:14:19 +0100] "GET /producto/gorra-lorenz/ HTTP/1.1" 200 94779 "-" "Mozilla/5.0 (Linux; Android 6.0.1; Nexus 5X Build/MMB29P) AppleWebKit/537.36 (KHTML, like Gecko) Chrome/41.0.2272.96 Mobile Safari/537.36 (compatible; Googlebot/2.1; +http://www.google.com/bot.html)" "-"
66.249.69.210 - - [01/Dec/2019:07:14:54 +0100] "POST /?wc-ajax=get_refreshed_fragments HTTP/1.1" 200 4760 "https://amazingsportwear.com/producto/gorra-lorenz/" "Mozilla/5.0 (Linux; Android 6.0.1; Nexus 5X Build/MMB29P) AppleWebKit/537.36 (KHTML, like Gecko) Chrome/41.0.2272.96 Mobile Safari/537.36 (compatible; Googlebot/2.1; +http://www.google.com/bot.html)" "_ga=GA1.2.969013651.1575158400; _gid=GA1.2.1978218920.1575158400; _gat_gtag_UA_91619287_1=1"
207.46.13.46 - - [01/Dec/2019:07:18:39 +0100] "GET /wp-content/uploads/2017/03/CAT-5248-21-300x300.jpg HTTP/1.1" 200 13692 "-" "Mozilla/5.0 (compatible; bingbot/2.0; +http://www.bing.com/bingbot.htm)" "-"
217.76.130.90 - - [01/Dec/2019:07:33:38 +0100] "POST /wp-cron.php?doing_wp_cron=1575182018.8606019020080566406250 HTTP/1.1" 200 3389 "https://amazingsportwear.com/wp-cron.php?doing_wp_cron=1575182018.8606019020080566406250" "WordPress/5.2.4; https://amazingsportwear.com" "-"
88.16.19.174 - - [01/Dec/2019:07:33:37 +0100] "GET / HTTP/1.1" 200 125608 "https://www.google.com/" "Mozilla/5.0 (iPhone; CPU iPhone OS 13_1 like Mac OS X) AppleWebKit/605.1.15 (KHTML, like Gecko) GSA/87.0.279142407 Mobile/15E148 Safari/605.1" "-"
88.16.19.174 - - [01/Dec/2019:07:33:41 +0100] "GET /wp-includes/js/wp-emoji-release.min.js?ver=5.2.4 HTTP/1.1" 200 14183 "https://amazingsportwear.com/" "Mozilla/5.0 (iPhone; CPU iPhone OS 13_1 like Mac OS X) AppleWebKit/605.1.15 (KHTML, like Gecko) GSA/87.0.279142407 Mobile/15E148 Safari/605.1" "wpfront-notification-bar-landingpage=1"
88.16.19.174 - - [01/Dec/2019:07:33:41 +0100] "GET /wp-includes/css/dist/block-library/style.min.css?ver=5.2.4 HTTP/1.1" 200 29798 "https://amazingsportwear.com/" "Mozilla/5.0 (iPhone; CPU iPhone OS 13_1 like Mac OS X) AppleWebKit/605.1.15 (KHTML, like Gecko) GSA/87.0.279142407 Mobile/15E148 Safari/605.1" "wpfront-notification-bar-landingpage=1"
88.16.19.174 - - [01/Dec/2019:07:33:41 +0100] "GET /wp-content/plugins/cookie-law-info/public/css/cookie-law-info-gdpr.css?ver=1.7.6 HTTP/1.1" 200 12445 "https://amazingsportwear.com/" "Mozilla/5.0 (iPhone; CPU iPhone OS 13_1 like Mac OS X) AppleWebKit/605.1.15 (KHTML, like Gecko) GSA/87.0.279142407 Mobile/15E148 Safari/605.1" "wpfront-notification-bar-landingpage=1"
88.16.19.174 - - [01/Dec/2019:07:33:41 +0100] "GET /wp-content/plugins/cookie-law-info/public/css/cookie-law-info-public.css?ver=1.7.6 HTTP/1.1" 200 6403 "https://amazingsportwear.com/" "Mozilla/5.0 (iPhone; CPU iPhone OS 13_1 like Mac OS X) AppleWebKit/605.1.15 (KHTML, like Gecko) GSA/87.0.279142407 Mobile/15E148 Safari/605.1" "wpfront-notification-bar-landingpage=1"
88.16.19.174 - - [01/Dec/2019:07:33:41 +0100] "GET /wp-content/plugins/woocommerce/assets/css/blocks/style.css?ver=3.6.4 HTTP/1.1" 200 9865 "https://amazingsportwear.com/" "Mozilla/5.0 (iPhone; CPU iPhone OS 13_1 like Mac OS X) AppleWebKit/605.1.15 (KHTML, like Gecko) GSA/87.0.279142407 Mobile/15E148 Safari/605.1" "wpfront-notification-bar-landingpage=1"
88.16.19.174 - - [01/Dec/2019:07:33:41 +0100] "GET /wp-content/plugins/wpfront-notification-bar/css/wpfront-notification-bar.css?ver=1.7.1 HTTP/1.1" 200 3663 "https://amazingsportwear.com/" "Mozilla/5.0 (iPhone; CPU iPhone OS 13_1 like Mac OS X) AppleWebKit/605.1.15 (KHTML, like Gecko) GSA/87.0.279142407 Mobile/15E148 Safari/605.1" "wpfront-notification-bar-landingpage=1"
88.16.19.174 - - [01/Dec/2019:07:33:41 +0100] "GET /wp-content/themes/shopper/style.css?ver=1.3.8 HTTP/1.1" 200 125315 "https://amazingsportwear.com/" "Mozilla/5.0 (iPhone; CPU iPhone OS 13_1 like Mac OS X) AppleWebKit/605.1.15 (KHTML, like Gecko) GSA/87.0.279142407 Mobile/15E148 Safari/605.1" "wpfront-notification-bar-landingpage=1"
88.16.19.174 - - [01/Dec/2019:07:33:41 +0100] "GET /wp-content/plugins/simple-social-icons/css/style.css?ver=3.0.1 HTTP/1.1" 200 1562 "https://amazingsportwear.com/" "Mozilla/5.0 (iPhone; CPU iPhone OS 13_1 like Mac OS X) AppleWebKit/605.1.15 (KHTML, like Gecko) GSA/87.0.279142407 Mobile/15E148 Safari/605.1" "wpfront-notification-bar-landingpage=1"
88.16.19.174 - - [01/Dec/2019:07:33:41 +0100] "GET /wp-content/plugins/elementor/assets/lib/font-awesome/css/font-awesome.min.css?ver=4.7.0 HTTP/1.1" 200 31365 "https://amazingsportwear.com/" "Mozilla/5.0 (iPhone; CPU iPhone OS 13_1 like Mac OS X) AppleWebKit/605.1.15 (KHTML, like Gecko) GSA/87.0.279142407 Mobile/15E148 Safari/605.1" "wpfront-notification-bar-landingpage=1"
88.16.19.174 - - [01/Dec/2019:07:33:41 +0100] "GET /wp-content/plugins/elementor/assets/lib/eicons/css/elementor-icons.min.css?ver=4.3.0 HTTP/1.1" 200 11850 "https://amazingsportwear.com/" "Mozilla/5.0 (iPhone; CPU iPhone OS 13_1 like Mac OS X) AppleWebKit/605.1.15 (KHTML, like Gecko) GSA/87.0.279142407 Mobile/15E148 Safari/605.1" "wpfront-notification-bar-landingpage=1"
88.16.19.174 - - [01/Dec/2019:07:33:41 +0100] "GET /wp-content/plugins/elementor/assets/lib/animations/animations.min.css?ver=2.5.16 HTTP/1.1" 200 18833 "https://amazingsportwear.com/" "Mozilla/5.0 (iPhone; CPU iPhone OS 13_1 like Mac OS X) AppleWebKit/605.1.15 (KHTML, like Gecko) GSA/87.0.279142407 Mobile/15E148 Safari/605.1" "wpfront-notification-bar-landingpage=1"
88.16.19.174 - - [01/Dec/2019:07:33:41 +0100] "GET /wp-content/uploads/elementor/css/global.css?ver=1559638744 HTTP/1.1" 200 5136 "https://amazingsportwear.com/" "Mozilla/5.0 (iPhone; CPU iPhone OS 13_1 like Mac OS X) AppleWebKit/605.1.15 (KHTML, like Gecko) GSA/87.0.279142407 Mobile/15E148 Safari/605.1" "wpfront-notification-bar-landingpage=1"
88.16.19.174 - - [01/Dec/2019:07:33:41 +0100] "GET /wp-content/plugins/elementor/assets/css/frontend.min.css?ver=2.5.16 HTTP/1.1" 200 95366 "https://amazingsportwear.com/" "Mozilla/5.0 (iPhone; CPU iPhone OS 13_1 like Mac OS X) AppleWebKit/605.1.15 (KHTML, like Gecko) GSA/87.0.279142407 Mobile/15E148 Safari/605.1" "wpfront-notification-bar-landingpage=1"
217.76.130.90 - - [01/Dec/2019:07:41:28 +0100] "POST /wp-cron.php?doing_wp_cron=1575182488.2292919158935546875000 HTTP/1.1" 200 164 "http://amazingsportwear.com/wp-cron.php?doing_wp_cron=1575182488.2292919158935546875000" "WordPress/5.2.4; https://amazingsportwear.com" "-"
50.116.86.15 - - [01/Dec/2019:07:41:26 +0100] "GET /wp-admin/plugins.php HTTP/1.1" 302 394 "http://site.ru" "Mozilla/5.0 (Windows; U; Windows NT 5.1; en-US) AppleWebKit/533.4 (KHTML, like Gecko) Chrome/5.0.375.99 Safari/533.4" "-"
50.116.86.15 - - [01/Dec/2019:07:41:30 +0100] "GET /wp-admin/plugins.php HTTP/1.1" 302 3692 "http://site.ru" "Mozilla/5.0 (Windows; U; Windows NT 5.1; en-US) AppleWebKit/533.4 (KHTML, like Gecko) Chrome/5.0.375.99 Safari/533.4" "-"
50.116.86.15 - - [01/Dec/2019:07:41:32 +0100] "GET /wp-login.php?redirect_to=https%3A%2F%2Famazingsportwear.com%2Fwp-admin%2Fplugins.php&reauth=1 HTTP/1.1" 200 6707 "http://site.ru" "Mozilla/5.0 (Windows; U; Windows NT 5.1; en-US) AppleWebKit/533.4 (KHTML, like Gecko) Chrome/5.0.375.99 Safari/533.4" "-"
201.145.196.79 - - [01/Dec/2019:07:50:33 +0100] "GET /wp-content/uploads/2019/04/Gorra-sport-10.png HTTP/1.1" 200 60426 "https://www.google.com/" "Mozilla/5.0 (Linux; Android 9; moto g(7) power) AppleWebKit/537.36 (KHTML, like Gecko) Chrome/76.0.3809.111 Mobile Safari/537.36" "-"
217.76.130.90 - - [01/Dec/2019:07:53:25 +0100] "POST /wp-cron.php?doing_wp_cron=1575183205.2104749679565429687500 HTTP/1.1" 200 3389 "https://amazingsportwear.com/wp-cron.php?doing_wp_cron=1575183205.2104749679565429687500" "WordPress/5.2.4; https://amazingsportwear.com" "-"
66.249.69.210 - - [01/Dec/2019:07:53:24 +0100] "GET /producto/bidon-camiseta-zablex/ HTTP/1.1" 200 94799 "-" "Mozilla/5.0 (Linux; Android 6.0.1; Nexus 5X Build/MMB29P) AppleWebKit/537.36 (KHTML, like Gecko) Chrome/41.0.2272.96 Mobile Safari/537.36 (compatible; Googlebot/2.1; +http://www.google.com/bot.html)" "-"
66.249.69.208 - - [01/Dec/2019:07:53:26 +0100] "GET /producto/pantalon-corto-futbol/ HTTP/1.1" 200 91383 "-" "Mozilla/5.0 (compatible; Googlebot/2.1; +http://www.google.com/bot.html)" "-"
66.249.69.208 - - [01/Dec/2019:07:53:29 +0100] "GET /producto/gorra-sport/ HTTP/1.1" 200 99295 "-" "Mozilla/5.0 (compatible; Googlebot/2.1; +http://www.google.com/bot.html)" "-"
207.46.13.177 - - [01/Dec/2019:08:06:32 +0100] "GET /wp-content/uploads/2017/03/sa-6650_0105.jpg HTTP/1.1" 200 14553 "-" "Mozilla/5.0 (compatible; bingbot/2.0; +http://www.bing.com/bingbot.htm)" "-"
217.76.130.90 - - [01/Dec/2019:08:06:45 +0100] "POST /wp-cron.php?doing_wp_cron=1575184005.1560339927673339843750 HTTP/1.1" 200 3389 "https://amazingsportwear.com/wp-cron.php?doing_wp_cron=1575184005.1560339927673339843750" "WordPress/5.2.4; https://amazingsportwear.com" "-"
66.249.69.210 - - [01/Dec/2019:08:06:44 +0100] "GET /producto/camiseta-tecnic-rox-cat-5247/ HTTP/1.1" 200 108360 "-" "Mozilla/5.0 (Linux; Android 6.0.1; Nexus 5X Build/MMB29P) AppleWebKit/537.36 (KHTML, like Gecko) Chrome/41.0.2272.96 Mobile Safari/537.36 (compatible; Googlebot/2.1; +http://www.google.com/bot.html)" "-"
217.76.130.90 - - [01/Dec/2019:08:14:24 +0100] "POST /wp-cron.php?doing_wp_cron=1575184464.0435600280761718750000 HTTP/1.1" 200 3389 "https://amazingsportwear.com/wp-cron.php?doing_wp_cron=1575184464.0435600280761718750000" "WordPress/5.2.4; https://amazingsportwear.com" "-"
66.249.69.208 - - [01/Dec/2019:08:14:23 +0100] "GET /producto/camiseta-tecnica-dinamic-combi/ HTTP/1.1" 200 104120 "-" "Mozilla/5.0 (Linux; Android 6.0.1; Nexus 5X Build/MMB29P) AppleWebKit/537.36 (KHTML, like Gecko) Chrome/41.0.2272.96 Mobile Safari/537.36 (compatible; Googlebot/2.1; +http://www.google.com/bot.html)" "-"
217.76.130.90 - - [01/Dec/2019:08:15:25 +0100] "POST /wp-cron.php?doing_wp_cron=1575184525.2541120052337646484375 HTTP/1.1" 200 3389 "https://amazingsportwear.com/wp-cron.php?doing_wp_cron=1575184525.2541120052337646484375" "WordPress/5.2.4; https://amazingsportwear.com" "-"
66.249.69.212 - - [01/Dec/2019:08:15:24 +0100] "GET /producto/camiseta-tecnica-combinada-shangai-mujer/ HTTP/1.1" 200 111436 "-" "Mozilla/5.0 (Linux; Android 6.0.1; Nexus 5X Build/MMB29P) AppleWebKit/537.36 (KHTML, like Gecko) Chrome/41.0.2272.96 Mobile Safari/537.36 (compatible; Googlebot/2.1; +http://www.google.com/bot.html)" "-"
217.76.130.90 - - [01/Dec/2019:08:31:31 +0100] "POST /wp-cron.php?doing_wp_cron=1575185491.8449699878692626953125 HTTP/1.1" 200 164 "http://amazingsportwear.com/wp-cron.php?doing_wp_cron=1575185491.8449699878692626953125" "WordPress/5.2.4; https://amazingsportwear.com" "-"
104.222.33.98 - - [01/Dec/2019:08:31:31 +0100] "GET / HTTP/1.1" 301 336 "-" "Mozilla/5.0 (Windows NT 10.0; Win64; x64; rv:64.0) Gecko/20100101 Firefox/64.0" "-"
23.239.180.212 - - [01/Dec/2019:08:31:32 +0100] "GET / HTTP/1.1" 200 125530 "-" "Mozilla/5.0 (Windows NT 10.0; Win64; x64; rv:64.0) Gecko/20100101 Firefox/64.0" "wpfront-notification-bar-landingpage=1; APSERVER_ID=305b69c75da17c97e4dc0bd49288c6ed8abd560f62f5e0482997da9c77dc432a"
23.226.211.36 - - [01/Dec/2019:08:31:37 +0100] "GET /wp-content/uploads/2019/05/cropped-favicon-nuevo-logo-amazinf-128px-32x32.png HTTP/1.1" 200 4392 "-" "Mozilla/5.0 (Windows NT 10.0; Win64; x64; rv:64.0) Gecko/20100101 Firefox/64.0" "-"
217.76.130.90 - - [01/Dec/2019:08:33:00 +0100] "POST /wp-cron.php?doing_wp_cron=1575185579.9650480747222900390625 HTTP/1.1" 200 3389 "https://amazingsportwear.com/wp-cron.php?doing_wp_cron=1575185579.9650480747222900390625" "WordPress/5.2.4; https://amazingsportwear.com" "-"
31.13.103.5 - - [01/Dec/2019:08:32:59 +0100] "GET / HTTP/1.1" 200 125560 "-" "facebookexternalhit/1.1 (+http://www.facebook.com/externalhit_uatext.php)" "-"
31.13.103.12 - - [01/Dec/2019:08:32:59 +0100] "GET / HTTP/1.1" 200 125560 "-" "facebookexternalhit/1.1 (+http://www.facebook.com/externalhit_uatext.php)" "-"
31.13.103.15 - - [01/Dec/2019:08:33:01 +0100] "GET /contacta-con-nosotros HTTP/1.1" 301 319 "-" "facebookexternalhit/1.1 (+http://www.facebook.com/externalhit_uatext.php)" "-"
31.13.103.10 - - [01/Dec/2019:08:33:01 +0100] "GET /contacta-con-nosotros HTTP/1.1" 301 319 "-" "facebookexternalhit/1.1 (+http://www.facebook.com/externalhit_uatext.php)" "-"
31.13.103.15 - - [01/Dec/2019:08:33:02 +0100] "GET /contacta-con-nosotros/ HTTP/1.1" 200 58206 "-" "facebookexternalhit/1.1 (+http://www.facebook.com/externalhit_uatext.php)" "-"
31.13.103.10 - - [01/Dec/2019:08:33:02 +0100] "GET /contacta-con-nosotros/ HTTP/1.1" 200 58236 "-" "facebookexternalhit/1.1 (+http://www.facebook.com/externalhit_uatext.php)" "-"
217.76.130.90 - - [01/Dec/2019:08:58:42 +0100] "POST /wp-cron.php?doing_wp_cron=1575187122.0414009094238281250000 HTTP/1.1" 200 3389 "https://amazingsportwear.com/wp-cron.php?doing_wp_cron=1575187122.0414009094238281250000" "WordPress/5.2.4; https://amazingsportwear.com" "-"
66.249.69.210 - - [01/Dec/2019:08:58:39 +0100] "GET /producto/camiseta-tecnica-nath-combi-2/ HTTP/1.1" 200 102443 "-" "Mozilla/5.0 (Linux; Android 6.0.1; Nexus 5X Build/MMB29P) AppleWebKit/537.36 (KHTML, like Gecko) Chrome/41.0.2272.96 Mobile Safari/537.36 (compatible; Googlebot/2.1; +http://www.google.com/bot.html)" "-"
66.249.69.208 - - [01/Dec/2019:08:58:46 +0100] "POST /?wc-ajax=get_refreshed_fragments HTTP/1.1" 200 4760 "https://amazingsportwear.com/producto/camiseta-tecnica-nath-combi-2/" "Mozilla/5.0 (Linux; Android 6.0.1; Nexus 5X Build/MMB29P) AppleWebKit/537.36 (KHTML, like Gecko) Chrome/41.0.2272.96 Mobile Safari/537.36 (compatible; Googlebot/2.1; +http://www.google.com/bot.html)" "_ga=GA1.2.969013651.1575158400; _gid=GA1.2.1978218920.1575158400; _gat_gtag_UA_91619287_1=1"
45.125.222.53 - - [01/Dec/2019:09:18:50 +0100] "GET /wp-content/uploads/2019/04/Gorra-sport-7.png HTTP/1.1" 200 99912 "https://www.google.com/" "Mozilla/5.0 (Windows NT 10.0; Win64; x64) AppleWebKit/537.36 (KHTML, like Gecko) Chrome/70.0.3538.102 Safari/537.36 Edge/18.18362" "-"
217.76.130.90 - - [01/Dec/2019:09:47:00 +0100] "POST /wp-cron.php?doing_wp_cron=1575190020.4149410724639892578125 HTTP/1.1" 200 3389 "https://amazingsportwear.com/wp-cron.php?doing_wp_cron=1575190020.4149410724639892578125" "WordPress/5.2.4; https://amazingsportwear.com" "-"
66.249.69.212 - - [01/Dec/2019:09:46:55 +0100] "GET /producto/gorra-dowan/ HTTP/1.1" 200 94908 "-" "Mozilla/5.0 (Linux; Android 6.0.1; Nexus 5X Build/MMB29P) AppleWebKit/537.36 (KHTML, like Gecko) Chrome/41.0.2272.96 Mobile Safari/537.36 (compatible; Googlebot/2.1; +http://www.google.com/bot.html)" "-"
217.76.130.90 - - [01/Dec/2019:09:47:06 +0100] "POST /wp-admin/admin-ajax.php?action=wp_1_wc_privacy_cleanup&nonce=8203c7c6e7 HTTP/1.1" 200 3709 "https://amazingsportwear.com/wp-admin/admin-ajax.php?action=wp_1_wc_privacy_cleanup&nonce=8203c7c6e7" "WordPress/5.2.4; https://amazingsportwear.com" "-"
217.76.130.90 - - [01/Dec/2019:09:48:22 +0100] "POST /wp-cron.php?doing_wp_cron=1575190102.8130578994750976562500 HTTP/1.1" 200 3389 "https://amazingsportwear.com/wp-cron.php?doing_wp_cron=1575190102.8130578994750976562500" "WordPress/5.2.4; https://amazingsportwear.com" "-"
66.249.69.212 - - [01/Dec/2019:09:48:21 +0100] "GET /producto/polo-tecnico-cremallera/ HTTP/1.1" 200 98232 "-" "Mozilla/5.0 (Linux; Android 6.0.1; Nexus 5X Build/MMB29P) AppleWebKit/537.36 (KHTML, like Gecko) Chrome/41.0.2272.96 Mobile Safari/537.36 (compatible; Googlebot/2.1; +http://www.google.com/bot.html)" "-"
217.76.130.90 - - [01/Dec/2019:09:49:24 +0100] "POST /wp-cron.php?doing_wp_cron=1575190164.7449069023132324218750 HTTP/1.1" 200 164 "http://amazingsportwear.com/wp-cron.php?doing_wp_cron=1575190164.7449069023132324218750" "WordPress/5.2.4; https://amazingsportwear.com" "-"
66.249.69.192 - - [01/Dec/2019:09:49:23 +0100] "GET / HTTP/1.1" 301 336 "-" "Mozilla/5.0 (Linux; Android 6.0.1; Nexus 5X Build/MMB29P) AppleWebKit/537.36 (KHTML, like Gecko) Chrome/41.0.2272.96 Mobile Safari/537.36 (compatible; Googlebot/2.1; +http://www.google.com/bot.html)" "-"
66.249.69.212 - - [01/Dec/2019:09:49:25 +0100] "GET / HTTP/1.1" 200 125741 "-" "Mozilla/5.0 (Linux; Android 6.0.1; Nexus 5X Build/MMB29P) AppleWebKit/537.36 (KHTML, like Gecko) Chrome/41.0.2272.96 Mobile Safari/537.36 (compatible; Googlebot/2.1; +http://www.google.com/bot.html)" "wpfront-notification-bar-landingpage=1"
66.249.69.210 - - [01/Dec/2019:09:49:41 +0100] "POST /?wc-ajax=get_refreshed_fragments HTTP/1.1" 200 4760 "https://amazingsportwear.com/" "Mozilla/5.0 (Linux; Android 6.0.1; Nexus 5X Build/MMB29P) AppleWebKit/537.36 (KHTML, like Gecko) Chrome/41.0.2272.96 Mobile Safari/537.36 (compatible; Googlebot/2.1; +http://www.google.com/bot.html)" "_ga=GA1.2.1951319036.1575158400; _gid=GA1.2.1036204339.1575158400; _gat_gtag_UA_91619287_1=1"
217.76.130.90 - - [01/Dec/2019:09:51:40 +0100] "POST /wp-cron.php?doing_wp_cron=1575190300.4712810516357421875000 HTTP/1.1" 200 164 "http://amazingsportwear.com/wp-cron.php?doing_wp_cron=1575190300.4712810516357421875000" "WordPress/5.2.4; https://amazingsportwear.com" "-"
207.46.13.177 - - [01/Dec/2019:09:51:39 +0100] "GET /ciclismo/88-manguito-brazo-ciclismo.html HTTP/1.1" 404 68041 "-" "Mozilla/5.0 (compatible; bingbot/2.0; +http://www.bing.com/bingbot.htm)" "-"
217.76.130.90 - - [01/Dec/2019:10:16:04 +0100] "POST /wp-cron.php?doing_wp_cron=1575191764.8937358856201171875000 HTTP/1.1" 200 164 "http://amazingsportwear.com/wp-cron.php?doing_wp_cron=1575191764.8937358856201171875000" "WordPress/5.2.4; https://amazingsportwear.com" "-"
66.249.69.192 - - [01/Dec/2019:10:16:02 +0100] "GET /triatlon/46-culoute-corto-triatlon.html HTTP/1.1" 404 68079 "-" "Mozilla/5.0 (Linux; Android 6.0.1; Nexus 5X Build/MMB29P) AppleWebKit/537.36 (KHTML, like Gecko) Chrome/41.0.2272.96 Mobile Safari/537.36 (compatible; Googlebot/2.1; +http://www.google.com/bot.html)" "-"
217.76.130.90 - - [01/Dec/2019:10:17:54 +0100] "POST /wp-cron.php?doing_wp_cron=1575191874.1155469417572021484375 HTTP/1.1" 200 3389 "https://amazingsportwear.com/wp-cron.php?doing_wp_cron=1575191874.1155469417572021484375" "WordPress/5.2.4; https://amazingsportwear.com" "-"
66.249.69.210 - - [01/Dec/2019:10:17:52 +0100] "GET /producto/camiseta-portero-futbol-manga-larga/ HTTP/1.1" 200 92303 "-" "Mozilla/5.0 (Linux; Android 6.0.1; Nexus 5X Build/MMB29P) AppleWebKit/537.36 (KHTML, like Gecko) Chrome/41.0.2272.96 Mobile Safari/537.36 (compatible; Googlebot/2.1; +http://www.google.com/bot.html)" "-"
207.46.13.219 - - [01/Dec/2019:10:24:57 +0100] "GET /wp-content/uploads/2019/04/mento3.jpg HTTP/1.1" 200 68117 "-" "Mozilla/5.0 (compatible; bingbot/2.0; +http://www.bing.com/bingbot.htm)" "-"
217.76.130.90 - - [01/Dec/2019:10:29:06 +0100] "POST /wp-cron.php?doing_wp_cron=1575192546.5295979976654052734375 HTTP/1.1" 200 3389 "https://amazingsportwear.com/wp-cron.php?doing_wp_cron=1575192546.5295979976654052734375" "WordPress/5.2.4; https://amazingsportwear.com" "-"
66.249.69.208 - - [01/Dec/2019:10:29:04 +0100] "GET /etiqueta-producto/camiseta-hombre/ HTTP/1.1" 200 72895 "-" "Mozilla/5.0 (Linux; Android 6.0.1; Nexus 5X Build/MMB29P) AppleWebKit/537.36 (KHTML, like Gecko) Chrome/41.0.2272.96 Mobile Safari/537.36 (compatible; Googlebot/2.1; +http://www.google.com/bot.html)" "-"
66.249.69.208 - - [01/Dec/2019:10:29:28 +0100] "POST /?wc-ajax=get_refreshed_fragments HTTP/1.1" 200 4760 "https://amazingsportwear.com/etiqueta-producto/camiseta-hombre/" "Mozilla/5.0 (Linux; Android 6.0.1; Nexus 5X Build/MMB29P) AppleWebKit/537.36 (KHTML, like Gecko) Chrome/41.0.2272.96 Mobile Safari/537.36 (compatible; Googlebot/2.1; +http://www.google.com/bot.html)" "_ga=GA1.2.1884029788.1575158400; _gid=GA1.2.969013651.1575158400; _gat_gtag_UA_91619287_1=1"
217.76.130.90 - - [01/Dec/2019:10:33:42 +0100] "POST /wp-cron.php?doing_wp_cron=1575192822.5732460021972656250000 HTTP/1.1" 200 164 "http://amazingsportwear.com/wp-cron.php?doing_wp_cron=1575192822.5732460021972656250000" "WordPress/5.2.4; https://amazingsportwear.com" "-"
167.172.199.47 - - [01/Dec/2019:10:33:41 +0100] "GET //vendor/phpunit/phpunit/phpunit.xsd HTTP/1.1" 301 438 "-" "Mozilla/5.0 (X11; Linux x86_64; rv:52.0) Gecko/20100101 Firefox/52.0" "-"
167.172.199.47 - - [01/Dec/2019:10:33:46 +0100] "GET /vendor/phpunit/phpunit/phpunit.xsd HTTP/1.1" 404 64862 "-" "Mozilla/5.0 (X11; Linux x86_64; rv:52.0) Gecko/20100101 Firefox/52.0" "-"
217.76.130.90 - - [01/Dec/2019:10:41:32 +0100] "POST /wp-cron.php?doing_wp_cron=1575193292.0054550170898437500000 HTTP/1.1" 200 164 "http://amazingsportwear.com/wp-cron.php?doing_wp_cron=1575193292.0054550170898437500000" "WordPress/5.2.4; https://amazingsportwear.com" "-"
69.171.251.11 - - [01/Dec/2019:10:41:30 +0100] "GET / HTTP/1.1" 301 298 "-" "facebookexternalhit/1.1 (+http://www.facebook.com/externalhit_uatext.php)" "-"
69.171.251.11 - - [01/Dec/2019:10:41:32 +0100] "GET / HTTP/1.1" 200 125525 "-" "facebookexternalhit/1.1 (+http://www.facebook.com/externalhit_uatext.php)" "-"
217.76.130.90 - - [01/Dec/2019:10:50:24 +0100] "POST /wp-cron.php?doing_wp_cron=1575193824.3327291011810302734375 HTTP/1.1" 200 3389 "https://amazingsportwear.com/wp-cron.php?doing_wp_cron=1575193824.3327291011810302734375" "WordPress/5.2.4; https://amazingsportwear.com" "-"
66.249.69.210 - - [01/Dec/2019:10:50:23 +0100] "GET /producto/chaleco-cortavientos-sublimado-asw/ HTTP/1.1" 200 90696 "-" "Mozilla/5.0 (Linux; Android 6.0.1; Nexus 5X Build/MMB29P) AppleWebKit/537.36 (KHTML, like Gecko) Chrome/41.0.2272.96 Mobile Safari/537.36 (compatible; Googlebot/2.1; +http://www.google.com/bot.html)" "-"
217.76.130.90 - - [01/Dec/2019:10:58:42 +0100] "POST /wp-cron.php?doing_wp_cron=1575194322.7397880554199218750000 HTTP/1.1" 200 3389 "https://amazingsportwear.com/wp-cron.php?doing_wp_cron=1575194322.7397880554199218750000" "WordPress/5.2.4; https://amazingsportwear.com" "-"
66.249.69.212 - - [01/Dec/2019:10:58:41 +0100] "GET /producto/kit-emergencia-redcross/ HTTP/1.1" 200 91750 "-" "Mozilla/5.0 (Linux; Android 6.0.1; Nexus 5X Build/MMB29P) AppleWebKit/537.36 (KHTML, like Gecko) Chrome/41.0.2272.96 Mobile Safari/537.36 (compatible; Googlebot/2.1; +http://www.google.com/bot.html)" "-"
217.76.130.90 - - [01/Dec/2019:11:08:43 +0100] "POST /wp-cron.php?doing_wp_cron=1575194923.7324221134185791015625 HTTP/1.1" 200 3389 "https://amazingsportwear.com/wp-cron.php?doing_wp_cron=1575194923.7324221134185791015625" "WordPress/5.2.4; https://amazingsportwear.com" "-"
66.249.69.210 - - [01/Dec/2019:11:08:42 +0100] "GET /producto/camiseta-hombre-dogo-premium/ HTTP/1.1" 200 100615 "-" "Mozilla/5.0 (Linux; Android 6.0.1; Nexus 5X Build/MMB29P) AppleWebKit/537.36 (KHTML, like Gecko) Chrome/41.0.2272.96 Mobile Safari/537.36 (compatible; Googlebot/2.1; +http://www.google.com/bot.html)" "-"
217.76.130.90 - - [01/Dec/2019:11:10:32 +0100] "POST /wp-cron.php?doing_wp_cron=1575195032.5162498950958251953125 HTTP/1.1" 200 3389 "https://amazingsportwear.com/wp-cron.php?doing_wp_cron=1575195032.5162498950958251953125" "WordPress/5.2.4; https://amazingsportwear.com" "-"
66.249.69.208 - - [01/Dec/2019:11:10:31 +0100] "POST /?wc-ajax=get_refreshed_fragments HTTP/1.1" 200 4760 "https://amazingsportwear.com/producto/camiseta-hombre-dogo-premium/" "Mozilla/5.0 (Linux; Android 6.0.1; Nexus 5X Build/MMB29P) AppleWebKit/537.36 (KHTML, like Gecko) Chrome/41.0.2272.96 Mobile Safari/537.36 (compatible; Googlebot/2.1; +http://www.google.com/bot.html)" "_ga=GA1.2.969013651.1575158400; _gid=GA1.2.1978218920.1575158400; _gat_gtag_UA_91619287_1=1"
217.76.130.90 - - [01/Dec/2019:11:12:44 +0100] "POST /wp-cron.php?doing_wp_cron=1575195164.5799241065979003906250 HTTP/1.1" 200 3389 "https://amazingsportwear.com/wp-cron.php?doing_wp_cron=1575195164.5799241065979003906250" "WordPress/5.2.4; https://amazingsportwear.com" "-"
66.249.69.212 - - [01/Dec/2019:11:12:43 +0100] "GET /producto/mochila-tipo-saco-cat-3164/ HTTP/1.1" 200 103163 "-" "Mozilla/5.0 (Linux; Android 6.0.1; Nexus 5X Build/MMB29P) AppleWebKit/537.36 (KHTML, like Gecko) Chrome/41.0.2272.96 Mobile Safari/537.36 (compatible; Googlebot/2.1; +http://www.google.com/bot.html)" "-"
217.76.130.90 - - [01/Dec/2019:11:15:45 +0100] "POST /wp-cron.php?doing_wp_cron=1575195345.8578300476074218750000 HTTP/1.1" 200 164 "http://amazingsportwear.com/wp-cron.php?doing_wp_cron=1575195345.8578300476074218750000" "WordPress/5.2.4; https://amazingsportwear.com" "-"
193.169.255.102 - - [01/Dec/2019:11:15:44 +0100] "GET / HTTP/1.1" 301 336 "-" "Mozilla/5.0 (Windows NT 10.0; Win64; x64; rv:68.0) Gecko/20100101 Firefox/68.0" "-"
193.169.255.102 - - [01/Dec/2019:11:15:49 +0100] "GET / HTTP/1.1" 200 125597 "-" "Mozilla/5.0 (Windows NT 10.0; Win64; x64; rv:68.0) Gecko/20100101 Firefox/68.0" "-"
193.169.255.102 - - [01/Dec/2019:11:15:54 +0100] "GET /?author=1 HTTP/1.1" 301 412 "-" "Mozilla/5.0 (Windows NT 10.0; Win64; x64; rv:68.0) Gecko/20100101 Firefox/68.0" "-"
185.220.101.70 - - [01/Dec/2019:11:15:55 +0100] "GET /author/emarketing2/ HTTP/1.1" 200 64326 "-" "Mozilla/5.0 (Windows NT 10.0; Win64; x64; rv:68.0) Gecko/20100101 Firefox/68.0" "-"
185.220.101.70 - - [01/Dec/2019:11:15:57 +0100] "GET /?author=2 HTTP/1.1" 302 49894 "-" "Mozilla/5.0 (Windows NT 10.0; Win64; x64; rv:68.0) Gecko/20100101 Firefox/68.0" "-"
185.220.101.70 - - [01/Dec/2019:11:15:58 +0100] "GET /tienda/ HTTP/1.1" 200 74792 "-" "Mozilla/5.0 (Windows NT 10.0; Win64; x64; rv:68.0) Gecko/20100101 Firefox/68.0" "-"
185.220.101.70 - - [01/Dec/2019:11:15:59 +0100] "GET /?author=3 HTTP/1.1" 404 68859 "-" "Mozilla/5.0 (Windows NT 10.0; Win64; x64; rv:68.0) Gecko/20100101 Firefox/68.0" "-"
185.220.101.70 - - [01/Dec/2019:11:16:01 +0100] "GET /?author=4 HTTP/1.1" 404 68904 "-" "Mozilla/5.0 (Windows NT 10.0; Win64; x64; rv:68.0) Gecko/20100101 Firefox/68.0" "-"
185.220.101.70 - - [01/Dec/2019:11:16:02 +0100] "GET /?author=5 HTTP/1.1" 404 68904 "-" "Mozilla/5.0 (Windows NT 10.0; Win64; x64; rv:68.0) Gecko/20100101 Firefox/68.0" "-"
217.76.130.90 - - [01/Dec/2019:11:16:03 +0100] "POST /wp-cron.php?doing_wp_cron=1575195363.8864860534667968750000 HTTP/1.1" 200 3389 "https://amazingsportwear.com/wp-cron.php?doing_wp_cron=1575195363.8864860534667968750000" "WordPress/5.2.4; https://amazingsportwear.com" "-"
185.220.101.70 - - [01/Dec/2019:11:16:03 +0100] "GET /?author=6 HTTP/1.1" 404 68874 "-" "Mozilla/5.0 (Windows NT 10.0; Win64; x64; rv:68.0) Gecko/20100101 Firefox/68.0" "-"
185.220.101.70 - - [01/Dec/2019:11:16:04 +0100] "GET /?author=7 HTTP/1.1" 404 68874 "-" "Mozilla/5.0 (Windows NT 10.0; Win64; x64; rv:68.0) Gecko/20100101 Firefox/68.0" "-"
185.220.101.70 - - [01/Dec/2019:11:16:05 +0100] "GET /?author=8 HTTP/1.1" 404 68894 "-" "Mozilla/5.0 (Windows NT 10.0; Win64; x64; rv:68.0) Gecko/20100101 Firefox/68.0" "-"
185.220.101.70 - - [01/Dec/2019:11:16:07 +0100] "GET /?author=9 HTTP/1.1" 404 68889 "-" "Mozilla/5.0 (Windows NT 10.0; Win64; x64; rv:68.0) Gecko/20100101 Firefox/68.0" "-"
185.220.101.70 - - [01/Dec/2019:11:16:08 +0100] "GET /?author=10 HTTP/1.1" 404 68916 "-" "Mozilla/5.0 (Windows NT 10.0; Win64; x64; rv:68.0) Gecko/20100101 Firefox/68.0" "-"
185.220.101.70 - - [01/Dec/2019:11:16:09 +0100] "GET /wp-json/wp/v2/users/1 HTTP/1.1" 200 1300 "-" "Mozilla/5.0 (Windows NT 10.0; Win64; x64; rv:68.0) Gecko/20100101 Firefox/68.0" "-"
185.220.101.70 - - [01/Dec/2019:11:16:11 +0100] "GET /wp-json/wp/v2/users/2 HTTP/1.1" 401 801 "-" "Mozilla/5.0 (Windows NT 10.0; Win64; x64; rv:68.0) Gecko/20100101 Firefox/68.0" "-"
185.220.101.70 - - [01/Dec/2019:11:16:12 +0100] "GET /wp-json/wp/v2/users/3 HTTP/1.1" 404 775 "-" "Mozilla/5.0 (Windows NT 10.0; Win64; x64; rv:68.0) Gecko/20100101 Firefox/68.0" "-"
185.220.101.70 - - [01/Dec/2019:11:16:13 +0100] "GET /wp-json/wp/v2/users/4 HTTP/1.1" 404 775 "-" "Mozilla/5.0 (Windows NT 10.0; Win64; x64; rv:68.0) Gecko/20100101 Firefox/68.0" "-"
185.220.101.70 - - [01/Dec/2019:11:16:14 +0100] "GET /wp-json/wp/v2/users/5 HTTP/1.1" 404 775 "-" "Mozilla/5.0 (Windows NT 10.0; Win64; x64; rv:68.0) Gecko/20100101 Firefox/68.0" "-"
185.220.101.70 - - [01/Dec/2019:11:16:15 +0100] "GET /wp-json/wp/v2/users/6 HTTP/1.1" 404 775 "-" "Mozilla/5.0 (Windows NT 10.0; Win64; x64; rv:68.0) Gecko/20100101 Firefox/68.0" "-"
185.220.101.70 - - [01/Dec/2019:11:16:16 +0100] "GET /wp-json/wp/v2/users/7 HTTP/1.1" 404 775 "-" "Mozilla/5.0 (Windows NT 10.0; Win64; x64; rv:68.0) Gecko/20100101 Firefox/68.0" "-"
185.220.101.70 - - [01/Dec/2019:11:16:17 +0100] "GET /wp-json/wp/v2/users/8 HTTP/1.1" 404 775 "-" "Mozilla/5.0 (Windows NT 10.0; Win64; x64; rv:68.0) Gecko/20100101 Firefox/68.0" "-"
185.220.101.70 - - [01/Dec/2019:11:16:17 +0100] "GET /wp-json/wp/v2/users/9 HTTP/1.1" 404 775 "-" "Mozilla/5.0 (Windows NT 10.0; Win64; x64; rv:68.0) Gecko/20100101 Firefox/68.0" "-"
185.220.101.70 - - [01/Dec/2019:11:16:18 +0100] "GET /wp-json/wp/v2/users/10 HTTP/1.1" 404 775 "-" "Mozilla/5.0 (Windows NT 10.0; Win64; x64; rv:68.0) Gecko/20100101 Firefox/68.0" "-"
217.76.130.90 - - [01/Dec/2019:11:19:15 +0100] "POST /wp-cron.php?doing_wp_cron=1575195555.9102110862731933593750 HTTP/1.1" 200 3389 "https://amazingsportwear.com/wp-cron.php?doing_wp_cron=1575195555.9102110862731933593750" "WordPress/5.2.4; https://amazingsportwear.com" "-"
66.249.69.212 - - [01/Dec/2019:11:19:14 +0100] "GET /producto/polo-tecnico-open-aq-open/ HTTP/1.1" 200 105001 "-" "Mozilla/5.0 (Linux; Android 6.0.1; Nexus 5X Build/MMB29P) AppleWebKit/537.36 (KHTML, like Gecko) Chrome/41.0.2272.96 Mobile Safari/537.36 (compatible; Googlebot/2.1; +http://www.google.com/bot.html)" "-"
187.250.176.191 - - [01/Dec/2019:11:21:50 +0100] "GET /wp-content/uploads/2019/04/Gorra-sport-6.png HTTP/1.1" 200 44623 "https://www.google.com/" "Mozilla/5.0 (Macintosh; Intel Mac OS X 10_12_6) AppleWebKit/537.36 (KHTML, like Gecko) Chrome/78.0.3904.108 Safari/537.36" "-"
217.76.130.90 - - [01/Dec/2019:11:23:59 +0100] "POST /wp-cron.php?doing_wp_cron=1575195839.3706259727478027343750 HTTP/1.1" 200 164 "http://amazingsportwear.com/wp-cron.php?doing_wp_cron=1575195839.3706259727478027343750" "WordPress/5.2.4; https://amazingsportwear.com" "-"
45.144.64.236 - - [01/Dec/2019:11:23:58 +0100] "GET / HTTP/1.1" 301 279 "-" "Mozilla/5.0 (Windows NT 6.1; Win64; x64; rv:46.0) Gecko/20100101 Firefox/46.0" "-"
45.144.64.236 - - [01/Dec/2019:11:23:59 +0100] "GET / HTTP/1.1" 200 125533 "-" "Mozilla/5.0 (Windows NT 6.1; Win64; x64; rv:46.0) Gecko/20100101 Firefox/46.0" "wpfront-notification-bar-landingpage=1"
217.76.130.90 - - [01/Dec/2019:11:25:57 +0100] "POST /wp-cron.php?doing_wp_cron=1575195957.7690629959106445312500 HTTP/1.1" 200 3389 "https://amazingsportwear.com/wp-cron.php?doing_wp_cron=1575195957.7690629959106445312500" "WordPress/5.2.4; https://amazingsportwear.com" "-"
69.171.251.15 - - [01/Dec/2019:11:25:56 +0100] "GET / HTTP/1.1" 200 125540 "-" "facebookexternalhit/1.1 (+http://www.facebook.com/externalhit_uatext.php)" "-"
69.171.251.8 - - [01/Dec/2019:11:25:57 +0100] "GET / HTTP/1.1" 200 125550 "-" "facebookexternalhit/1.1 (+http://www.facebook.com/externalhit_uatext.php)" "-"
69.171.251.12 - - [01/Dec/2019:11:25:59 +0100] "GET /contacta-con-nosotros HTTP/1.1" 301 319 "-" "facebookexternalhit/1.1 (+http://www.facebook.com/externalhit_uatext.php)" "-"
69.171.251.27 - - [01/Dec/2019:11:26:00 +0100] "GET /contacta-con-nosotros HTTP/1.1" 301 319 "-" "facebookexternalhit/1.1 (+http://www.facebook.com/externalhit_uatext.php)" "-"
69.171.251.12 - - [01/Dec/2019:11:26:00 +0100] "GET /contacta-con-nosotros/ HTTP/1.1" 200 58201 "-" "facebookexternalhit/1.1 (+http://www.facebook.com/externalhit_uatext.php)" "-"
69.171.251.27 - - [01/Dec/2019:11:26:01 +0100] "GET /contacta-con-nosotros/ HTTP/1.1" 200 58191 "-" "facebookexternalhit/1.1 (+http://www.facebook.com/externalhit_uatext.php)" "-"
217.76.130.90 - - [01/Dec/2019:11:42:31 +0100] "POST /wp-cron.php?doing_wp_cron=1575196951.3933110237121582031250 HTTP/1.1" 200 3389 "https://amazingsportwear.com/wp-cron.php?doing_wp_cron=1575196951.3933110237121582031250" "WordPress/5.2.4; https://amazingsportwear.com" "-"
66.249.69.210 - - [01/Dec/2019:11:42:29 +0100] "GET /producto/gorra-tecnica-2/ HTTP/1.1" 200 96296 "-" "Mozilla/5.0 (Linux; Android 6.0.1; Nexus 5X Build/MMB29P) AppleWebKit/537.36 (KHTML, like Gecko) Chrome/41.0.2272.96 Mobile Safari/537.36 (compatible; Googlebot/2.1; +http://www.google.com/bot.html)" "-"
217.76.130.90 - - [01/Dec/2019:11:52:58 +0100] "POST /wp-cron.php?doing_wp_cron=1575197578.0632660388946533203125 HTTP/1.1" 200 3389 "https://amazingsportwear.com/wp-cron.php?doing_wp_cron=1575197578.0632660388946533203125" "WordPress/5.2.4; https://amazingsportwear.com" "-"
66.249.69.212 - - [01/Dec/2019:11:52:56 +0100] "GET /producto/gorra-bayon/ HTTP/1.1" 200 100439 "-" "Mozilla/5.0 (Linux; Android 6.0.1; Nexus 5X Build/MMB29P) AppleWebKit/537.36 (KHTML, like Gecko) Chrome/41.0.2272.96 Mobile Safari/537.36 (compatible; Googlebot/2.1; +http://www.google.com/bot.html)" "-"
217.76.130.90 - - [01/Dec/2019:11:59:45 +0100] "POST /wp-cron.php?doing_wp_cron=1575197985.6966409683227539062500 HTTP/1.1" 200 3389 "https://amazingsportwear.com/wp-cron.php?doing_wp_cron=1575197985.6966409683227539062500" "WordPress/5.2.4; https://amazingsportwear.com" "-"
66.249.69.208 - - [01/Dec/2019:11:59:45 +0100] "GET /ofertas/192-culoute-largo-ciclismo.html HTTP/1.1" 404 72338 "-" "Mozilla/5.0 (Linux; Android 6.0.1; Nexus 5X Build/MMB29P) AppleWebKit/537.36 (KHTML, like Gecko) Chrome/41.0.2272.96 Mobile Safari/537.36 (compatible; Googlebot/2.1; +http://www.google.com/bot.html)" "-"
217.76.130.90 - - [01/Dec/2019:12:00:22 +0100] "POST /wp-cron.php?doing_wp_cron=1575198022.1594638824462890625000 HTTP/1.1" 200 3389 "https://amazingsportwear.com/wp-cron.php?doing_wp_cron=1575198022.1594638824462890625000" "WordPress/5.2.4; https://amazingsportwear.com" "-"
66.249.69.210 - - [01/Dec/2019:12:00:21 +0100] "GET /producto/mochila-keisy/ HTTP/1.1" 200 97812 "-" "Mozilla/5.0 (Linux; Android 6.0.1; Nexus 5X Build/MMB29P) AppleWebKit/537.36 (KHTML, like Gecko) Chrome/41.0.2272.96 Mobile Safari/537.36 (compatible; Googlebot/2.1; +http://www.google.com/bot.html)" "-"
217.76.130.90 - - [01/Dec/2019:12:03:03 +0100] "POST /wp-cron.php?doing_wp_cron=1575198183.4031469821929931640625 HTTP/1.1" 200 3389 "https://amazingsportwear.com/wp-cron.php?doing_wp_cron=1575198183.4031469821929931640625" "WordPress/5.2.4; https://amazingsportwear.com" "-"
66.249.69.210 - - [01/Dec/2019:12:03:01 +0100] "GET /producto/bolsa-deporte-young/ HTTP/1.1" 200 97688 "-" "Mozilla/5.0 (Linux; Android 6.0.1; Nexus 5X Build/MMB29P) AppleWebKit/537.36 (KHTML, like Gecko) Chrome/41.0.2272.96 Mobile Safari/537.36 (compatible; Googlebot/2.1; +http://www.google.com/bot.html)" "-"
66.249.69.208 - - [01/Dec/2019:12:03:08 +0100] "GET /producto/sudadera-capucha/ HTTP/1.1" 200 101566 "-" "Mozilla/5.0 (Linux; Android 6.0.1; Nexus 5X Build/MMB29P) AppleWebKit/537.36 (KHTML, like Gecko) Chrome/41.0.2272.96 Mobile Safari/537.36 (compatible; Googlebot/2.1; +http://www.google.com/bot.html)" "-"
217.76.130.90 - - [01/Dec/2019:12:07:13 +0100] "POST /wp-cron.php?doing_wp_cron=1575198433.3945291042327880859375 HTTP/1.1" 200 3389 "https://amazingsportwear.com/wp-cron.php?doing_wp_cron=1575198433.3945291042327880859375" "WordPress/5.2.4; https://amazingsportwear.com" "-"
157.55.39.152 - - [01/Dec/2019:12:07:12 +0100] "GET /robots.txt HTTP/1.1" 200 2297 "-" "Mozilla/5.0 (compatible; bingbot/2.0; +http://www.bing.com/bingbot.htm)" "-"
157.55.39.152 - - [01/Dec/2019:12:07:15 +0100] "GET /robots.txt HTTP/1.1" 200 3955 "-" "Mozilla/5.0 (compatible; bingbot/2.0; +http://www.bing.com/bingbot.htm)" "-"
157.55.39.174 - - [01/Dec/2019:12:07:25 +0100] "GET /tienda/152-camiseta-tecnica-nath-electro.html HTTP/1.1" 301 3924 "-" "Mozilla/5.0 (compatible; bingbot/2.0; +http://www.bing.com/bingbot.htm)" "-"
157.55.39.152 - - [01/Dec/2019:12:07:37 +0100] "GET /robots.txt HTTP/1.1" 200 2297 "-" "Mozilla/5.0 (compatible; bingbot/2.0; +http://www.bing.com/bingbot.htm)" "-"
157.55.39.152 - - [01/Dec/2019:12:07:41 +0100] "GET /robots.txt HTTP/1.1" 200 3939 "-" "Mozilla/5.0 (compatible; bingbot/2.0; +http://www.bing.com/bingbot.htm)" "-"
207.46.13.219 - - [01/Dec/2019:12:10:22 +0100] "GET /wp-content/uploads/2019/03/epic-1.png HTTP/1.1" 200 119828 "-" "Mozilla/5.0 (compatible; bingbot/2.0; +http://www.bing.com/bingbot.htm)" "-"
217.76.130.90 - - [01/Dec/2019:12:11:35 +0100] "POST /wp-cron.php?doing_wp_cron=1575198695.7856791019439697265625 HTTP/1.1" 200 3389 "https://amazingsportwear.com/wp-cron.php?doing_wp_cron=1575198695.7856791019439697265625" "WordPress/5.2.4; https://amazingsportwear.com" "-"
66.249.69.210 - - [01/Dec/2019:12:11:34 +0100] "GET /producto/sudadera-capucha/ HTTP/1.1" 200 101393 "-" "Mozilla/5.0 (Linux; Android 6.0.1; Nexus 5X Build/MMB29P) AppleWebKit/537.36 (KHTML, like Gecko) Chrome/41.0.2272.96 Mobile Safari/537.36 (compatible; Googlebot/2.1; +http://www.google.com/bot.html)" "-"
217.76.130.90 - - [01/Dec/2019:12:12:25 +0100] "POST /wp-cron.php?doing_wp_cron=1575198745.1782538890838623046875 HTTP/1.1" 200 164 "http://amazingsportwear.com/wp-cron.php?doing_wp_cron=1575198745.1782538890838623046875" "WordPress/5.2.4; https://amazingsportwear.com" "-"
157.55.39.152 - - [01/Dec/2019:12:12:24 +0100] "GET /robots.txt HTTP/1.1" 200 432 "-" "Mozilla/5.0 (compatible; bingbot/2.0; +http://www.bing.com/bingbot.htm)" "-"
94.73.61.175 - - [01/Dec/2019:12:14:02 +0100] "GET /wp-content/uploads/2017/01/cam-ranglan3-maristas.jpg HTTP/1.1" 200 83269 "https://www.google.com/" "Mozilla/5.0 (Windows NT 10.0; Win64; x64) AppleWebKit/537.36 (KHTML, like Gecko) Chrome/78.0.3904.108 Safari/537.36" "-"
217.76.130.90 - - [01/Dec/2019:12:16:47 +0100] "POST /wp-cron.php?doing_wp_cron=1575199007.7121350765228271484375 HTTP/1.1" 200 3389 "https://amazingsportwear.com/wp-cron.php?doing_wp_cron=1575199007.7121350765228271484375" "WordPress/5.2.4; https://amazingsportwear.com" "-"
207.46.13.46 - - [01/Dec/2019:12:16:46 +0100] "GET /tienda/page/4/ HTTP/1.1" 200 77253 "-" "Mozilla/5.0 (compatible; bingbot/2.0; +http://www.bing.com/bingbot.htm)" "-"
207.46.13.177 - - [01/Dec/2019:12:17:34 +0100] "GET /wp-content/uploads/2018/06/sa-6502-colores-1.jpg HTTP/1.1" 200 47018 "-" "Mozilla/5.0 (compatible; bingbot/2.0; +http://www.bing.com/bingbot.htm)" "-"
217.76.130.90 - - [01/Dec/2019:12:21:09 +0100] "POST /wp-cron.php?doing_wp_cron=1575199268.9445409774780273437500 HTTP/1.1" 200 3389 "https://amazingsportwear.com/wp-cron.php?doing_wp_cron=1575199268.9445409774780273437500" "WordPress/5.2.4; https://amazingsportwear.com" "-"
66.249.69.210 - - [01/Dec/2019:12:21:08 +0100] "GET /producto/camiseta-tecnica-manga-larga-sa-0415/ HTTP/1.1" 200 108626 "-" "Mozilla/5.0 (Linux; Android 6.0.1; Nexus 5X Build/MMB29P) AppleWebKit/537.36 (KHTML, like Gecko) Chrome/41.0.2272.96 Mobile Safari/537.36 (compatible; Googlebot/2.1; +http://www.google.com/bot.html)" "-"
157.55.39.163 - - [01/Dec/2019:12:21:20 +0100] "GET /producto/camiseta-manga-corta-tenis-pade/ HTTP/1.1" 200 94003 "-" "Mozilla/5.0 (compatible; bingbot/2.0; +http://www.bing.com/bingbot.htm)" "-"
66.249.69.210 - - [01/Dec/2019:12:21:35 +0100] "GET /producto/gorra-kisse/ HTTP/1.1" 200 100060 "-" "Mozilla/5.0 (Linux; Android 6.0.1; Nexus 5X Build/MMB29P) AppleWebKit/537.36 (KHTML, like Gecko) Chrome/41.0.2272.96 Mobile Safari/537.36 (compatible; Googlebot/2.1; +http://www.google.com/bot.html)" "-"
217.76.130.90 - - [01/Dec/2019:12:26:39 +0100] "POST /wp-cron.php?doing_wp_cron=1575199599.2386739253997802734375 HTTP/1.1" 200 3389 "https://amazingsportwear.com/wp-cron.php?doing_wp_cron=1575199599.2386739253997802734375" "WordPress/5.2.4; https://amazingsportwear.com" "-"
157.55.39.190 - - [01/Dec/2019:12:26:38 +0100] "GET /producto/mochila-reflect-cat-4520/ HTTP/1.1" 200 98147 "-" "Mozilla/5.0 (compatible; bingbot/2.0; +http://www.bing.com/bingbot.htm)" "-"
217.76.130.90 - - [01/Dec/2019:12:32:31 +0100] "POST /wp-cron.php?doing_wp_cron=1575199951.3423359394073486328125 HTTP/1.1" 200 3389 "https://amazingsportwear.com/wp-cron.php?doing_wp_cron=1575199951.3423359394073486328125" "WordPress/5.2.4; https://amazingsportwear.com" "-"
66.249.69.208 - - [01/Dec/2019:12:32:30 +0100] "GET /producto/camiseta-tecnica-mujer-janis-aq-janis/ HTTP/1.1" 200 98166 "-" "Mozilla/5.0 (Linux; Android 6.0.1; Nexus 5X Build/MMB29P) AppleWebKit/537.36 (KHTML, like Gecko) Chrome/41.0.2272.96 Mobile Safari/537.36 (compatible; Googlebot/2.1; +http://www.google.com/bot.html)" "-"
217.76.130.90 - - [01/Dec/2019:12:51:45 +0100] "POST /wp-cron.php?doing_wp_cron=1575201105.8372640609741210937500 HTTP/1.1" 200 3389 "https://amazingsportwear.com/wp-cron.php?doing_wp_cron=1575201105.8372640609741210937500" "WordPress/5.2.4; https://amazingsportwear.com" "-"
66.249.69.212 - - [01/Dec/2019:12:51:44 +0100] "GET /producto/camiseta-tecnica-cosmic-aq-cosmic/ HTTP/1.1" 200 103769 "-" "Mozilla/5.0 (Linux; Android 6.0.1; Nexus 5X Build/MMB29P) AppleWebKit/537.36 (KHTML, like Gecko) Chrome/41.0.2272.96 Mobile Safari/537.36 (compatible; Googlebot/2.1; +http://www.google.com/bot.html)" "-"
217.76.130.90 - - [01/Dec/2019:12:53:29 +0100] "POST /wp-cron.php?doing_wp_cron=1575201209.5706400871276855468750 HTTP/1.1" 200 3389 "https://amazingsportwear.com/wp-cron.php?doing_wp_cron=1575201209.5706400871276855468750" "WordPress/5.2.4; https://amazingsportwear.com" "-"
66.249.69.210 - - [01/Dec/2019:12:53:28 +0100] "GET /producto/camiseta-tecnica-bahrein-woman/ HTTP/1.1" 200 104033 "-" "Mozilla/5.0 (Linux; Android 6.0.1; Nexus 5X Build/MMB29P) AppleWebKit/537.36 (KHTML, like Gecko) Chrome/41.0.2272.96 Mobile Safari/537.36 (compatible; Googlebot/2.1; +http://www.google.com/bot.html)" "-"
217.76.130.90 - - [01/Dec/2019:13:03:56 +0100] "POST /wp-cron.php?doing_wp_cron=1575201836.8465619087219238281250 HTTP/1.1" 200 3389 "https://amazingsportwear.com/wp-cron.php?doing_wp_cron=1575201836.8465619087219238281250" "WordPress/5.2.4; https://amazingsportwear.com" "-"
66.249.69.210 - - [01/Dec/2019:13:03:55 +0100] "GET /producto/llavero-metalico-futbol/ HTTP/1.1" 200 94762 "-" "Mozilla/5.0 (Linux; Android 6.0.1; Nexus 5X Build/MMB29P) AppleWebKit/537.36 (KHTML, like Gecko) Chrome/41.0.2272.96 Mobile Safari/537.36 (compatible; Googlebot/2.1; +http://www.google.com/bot.html)" "-"
217.76.130.90 - - [01/Dec/2019:13:04:04 +0100] "POST /wp-cron.php?doing_wp_cron=1575201844.0561389923095703125000 HTTP/1.1" 200 3389 "https://amazingsportwear.com/wp-cron.php?doing_wp_cron=1575201844.0561389923095703125000" "WordPress/5.2.4; https://amazingsportwear.com" "-"
66.249.69.210 - - [01/Dec/2019:13:04:03 +0100] "GET /producto/gorra-five/ HTTP/1.1" 200 94433 "-" "Mozilla/5.0 (compatible; Googlebot/2.1; +http://www.google.com/bot.html)" "-"
217.76.130.90 - - [01/Dec/2019:13:05:28 +0100] "POST /wp-cron.php?doing_wp_cron=1575201927.9704689979553222656250 HTTP/1.1" 200 3389 "https://amazingsportwear.com/wp-cron.php?doing_wp_cron=1575201927.9704689979553222656250" "WordPress/5.2.4; https://amazingsportwear.com" "-"
207.46.13.79 - - [01/Dec/2019:13:05:27 +0100] "GET /22-tienda HTTP/1.1" 404 72257 "-" "Mozilla/5.0 (compatible; bingbot/2.0; +http://www.bing.com/bingbot.htm)" "-"
217.76.130.90 - - [01/Dec/2019:13:12:38 +0100] "POST /wp-cron.php?doing_wp_cron=1575202358.6436409950256347656250 HTTP/1.1" 200 3389 "https://amazingsportwear.com/wp-cron.php?doing_wp_cron=1575202358.6436409950256347656250" "WordPress/5.2.4; https://amazingsportwear.com" "-"
66.249.69.210 - - [01/Dec/2019:13:12:37 +0100] "GET /producto/camiseta-tecnica-tirantes-ribete-nath-beat/ HTTP/1.1" 200 104308 "-" "Mozilla/5.0 (Linux; Android 6.0.1; Nexus 5X Build/MMB29P) AppleWebKit/537.36 (KHTML, like Gecko) Chrome/41.0.2272.96 Mobile Safari/537.36 (compatible; Googlebot/2.1; +http://www.google.com/bot.html)" "-"
2.136.92.190 - - [01/Dec/2019:13:17:45 +0100] "GET /wp-content/uploads/2019/03/VA-PARADE-6.png HTTP/1.1" 200 469548 "https://www.google.com/" "Mozilla/5.0 (Windows NT 5.1) AppleWebKit/537.36 (KHTML, like Gecko) Chrome/49.0.2623.112 Safari/537.36" "-"
66.249.69.208 - - [01/Dec/2019:13:19:17 +0100] "GET /wp-content/uploads/2018/05/BP-38040-chico-300x300.jpg HTTP/1.1" 304 3565 "-" "Googlebot-Image/1.0" "-"
217.76.130.90 - - [01/Dec/2019:13:34:20 +0100] "POST /wp-cron.php?doing_wp_cron=1575203660.1420540809631347656250 HTTP/1.1" 200 164 "http://amazingsportwear.com/wp-cron.php?doing_wp_cron=1575203660.1420540809631347656250" "WordPress/5.2.4; https://amazingsportwear.com" "-"
207.46.13.211 - - [01/Dec/2019:13:34:18 +0100] "GET / HTTP/1.1" 301 336 "-" "Mozilla/5.0 (compatible; bingbot/2.0; +http://www.bing.com/bingbot.htm)" "-"
186.94.26.234 - - [01/Dec/2019:13:42:05 +0100] "GET /wp-content/uploads/2019/03/SA-0405-1.png HTTP/1.1" 200 47840 "https://www.google.com/" "Mozilla/5.0 (Linux; Android 5.1.1; LG-K120 Build/LMY47V; wv) AppleWebKit/537.36 (KHTML, like Gecko) Version/4.0 Chrome/72.0.3626.105 Mobile Safari/537.36 GSA/10.77.9.21.arm" "-"
217.76.130.90 - - [01/Dec/2019:13:53:01 +0100] "POST /wp-cron.php?doing_wp_cron=1575204781.7508780956268310546875 HTTP/1.1" 200 3389 "https://amazingsportwear.com/wp-cron.php?doing_wp_cron=1575204781.7508780956268310546875" "WordPress/5.2.4; https://amazingsportwear.com" "-"
66.249.69.212 - - [01/Dec/2019:13:53:00 +0100] "GET /pago-seguro/ HTTP/1.1" 200 61003 "-" "Mozilla/5.0 (Linux; Android 6.0.1; Nexus 5X Build/MMB29P) AppleWebKit/537.36 (KHTML, like Gecko) Chrome/41.0.2272.96 Mobile Safari/537.36 (compatible; Googlebot/2.1; +http://www.google.com/bot.html)" "-"
217.76.130.90 - - [01/Dec/2019:13:55:56 +0100] "POST /wp-cron.php?doing_wp_cron=1575204956.0882539749145507812500 HTTP/1.1" 200 3389 "https://amazingsportwear.com/wp-cron.php?doing_wp_cron=1575204956.0882539749145507812500" "WordPress/5.2.4; https://amazingsportwear.com" "-"
66.249.69.212 - - [01/Dec/2019:13:55:55 +0100] "GET /producto/fly-banner-tipo-surf-completo/ HTTP/1.1" 200 114336 "-" "Mozilla/5.0 (Linux; Android 6.0.1; Nexus 5X Build/MMB29P) AppleWebKit/537.36 (KHTML, like Gecko) Chrome/41.0.2272.96 Mobile Safari/537.36 (compatible; Googlebot/2.1; +http://www.google.com/bot.html)" "-"
177.125.172.68 - - [01/Dec/2019:13:56:21 +0100] "GET /wp-content/uploads/2019/04/Gorra-sport-10.png HTTP/1.1" 200 60426 "https://www.google.com/" "Mozilla/5.0 (Windows NT 6.1; Win64; x64) AppleWebKit/537.36 (KHTML, like Gecko) Chrome/78.0.3904.108 Safari/537.36" "-"
217.76.130.90 - - [01/Dec/2019:14:03:11 +0100] "POST /wp-cron.php?doing_wp_cron=1575205391.4350519180297851562500 HTTP/1.1" 200 3389 "https://amazingsportwear.com/wp-cron.php?doing_wp_cron=1575205391.4350519180297851562500" "WordPress/5.2.4; https://amazingsportwear.com" "-"
66.249.69.210 - - [01/Dec/2019:14:03:10 +0100] "GET /categoria-producto/accesorios/llaveros/ HTTP/1.1" 200 69223 "-" "Mozilla/5.0 (Linux; Android 6.0.1; Nexus 5X Build/MMB29P) AppleWebKit/537.36 (KHTML, like Gecko) Chrome/41.0.2272.96 Mobile Safari/537.36 (compatible; Googlebot/2.1; +http://www.google.com/bot.html)" "-"
217.76.130.90 - - [01/Dec/2019:14:07:08 +0100] "POST /wp-cron.php?doing_wp_cron=1575205628.1928889751434326171875 HTTP/1.1" 200 3389 "https://amazingsportwear.com/wp-cron.php?doing_wp_cron=1575205628.1928889751434326171875" "WordPress/5.2.4; https://amazingsportwear.com" "-"
