176.85.163.16 - - [09/Dec/2019:16:20:49 +0100] "GET /wp-content/uploads/2017/01/cam-basic4-100x100.png HTTP/1.1" 200 9811 "https://amazingsportwear.com/producto/camiseta-manga-corta-futbol/" "Mozilla/5.0 (Windows NT 6.3; Win64; x64) AppleWebKit/537.36 (KHTML, like Gecko) Chrome/78.0.3904.108 Safari/537.36" "_ga=GA1.2.1527256953.1575904832; _gid=GA1.2.1566370004.1575904832; _gat_gtag_UA_91619287_1=1"
176.85.163.16 - - [09/Dec/2019:16:20:49 +0100] "GET /wp-content/uploads/2017/01/cam-basic1-100x100.png HTTP/1.1" 200 9904 "https://amazingsportwear.com/producto/camiseta-manga-corta-futbol/" "Mozilla/5.0 (Windows NT 6.3; Win64; x64) AppleWebKit/537.36 (KHTML, like Gecko) Chrome/78.0.3904.108 Safari/537.36" "_ga=GA1.2.1527256953.1575904832; _gid=GA1.2.1566370004.1575904832; _gat_gtag_UA_91619287_1=1"
176.85.163.16 - - [09/Dec/2019:16:20:49 +0100] "GET /wp-content/uploads/2019/05/cropped-favicon-nuevo-logo-amazinf-128px-32x32.png HTTP/1.1" 200 1224 "https://amazingsportwear.com/producto/camiseta-manga-corta-futbol/" "Mozilla/5.0 (Windows NT 6.3; Win64; x64) AppleWebKit/537.36 (KHTML, like Gecko) Chrome/78.0.3904.108 Safari/537.36" "_ga=GA1.2.1527256953.1575904832; _gid=GA1.2.1566370004.1575904832; _gat_gtag_UA_91619287_1=1"
176.85.163.16 - - [09/Dec/2019:16:20:49 +0100] "POST /?wc-ajax=get_refreshed_fragments HTTP/1.1" 200 1397 "https://amazingsportwear.com/producto/camiseta-manga-corta-futbol/" "Mozilla/5.0 (Windows NT 6.3; Win64; x64) AppleWebKit/537.36 (KHTML, like Gecko) Chrome/78.0.3904.108 Safari/537.36" "_ga=GA1.2.1527256953.1575904832; _gid=GA1.2.1566370004.1575904832; _gat_gtag_UA_91619287_1=1"
217.76.130.90 - - [09/Dec/2019:16:21:05 +0100] "POST /wp-cron.php?doing_wp_cron=1575904865.0343699455261230468750 HTTP/1.1" 200 3389 "https://amazingsportwear.com/wp-cron.php?doing_wp_cron=1575904865.0343699455261230468750" "WordPress/5.2.4; https://amazingsportwear.com" "-"
176.85.163.16 - - [09/Dec/2019:16:21:04 +0100] "GET /categoria-producto/accesorios/pulseras/ HTTP/1.1" 200 56374 "https://amazingsportwear.com/producto/camiseta-manga-corta-futbol/" "Mozilla/5.0 (Windows NT 6.3; Win64; x64) AppleWebKit/537.36 (KHTML, like Gecko) Chrome/78.0.3904.108 Safari/537.36" "_ga=GA1.2.1527256953.1575904832; _gid=GA1.2.1566370004.1575904832; _gat_gtag_UA_91619287_1=1; wpfront-notification-bar-landingpage=1"
176.85.163.16 - - [09/Dec/2019:16:21:05 +0100] "GET /wp-content/uploads/2018/05/PF-11811001-1-300x300.jpg HTTP/1.1" 200 7916 "https://amazingsportwear.com/categoria-producto/accesorios/pulseras/" "Mozilla/5.0 (Windows NT 6.3; Win64; x64) AppleWebKit/537.36 (KHTML, like Gecko) Chrome/78.0.3904.108 Safari/537.36" "_ga=GA1.2.1527256953.1575904832; _gid=GA1.2.1566370004.1575904832; _gat_gtag_UA_91619287_1=1; wpfront-notification-bar-landingpage=1"
176.85.163.16 - - [09/Dec/2019:16:21:05 +0100] "GET /wp-content/uploads/2019/04/MU%C3%91EQUERA-BEKER-5-300x300.png HTTP/1.1" 200 71909 "https://amazingsportwear.com/categoria-producto/accesorios/pulseras/" "Mozilla/5.0 (Windows NT 6.3; Win64; x64) AppleWebKit/537.36 (KHTML, like Gecko) Chrome/78.0.3904.108 Safari/537.36" "_ga=GA1.2.1527256953.1575904832; _gid=GA1.2.1566370004.1575904832; _gat_gtag_UA_91619287_1=1; wpfront-notification-bar-landingpage=1"
176.85.163.16 - - [09/Dec/2019:16:21:05 +0100] "GET /wp-content/uploads/2019/04/mu%C3%B1equera-oakley-2-300x300.png HTTP/1.1" 200 70799 "https://amazingsportwear.com/categoria-producto/accesorios/pulseras/" "Mozilla/5.0 (Windows NT 6.3; Win64; x64) AppleWebKit/537.36 (KHTML, like Gecko) Chrome/78.0.3904.108 Safari/537.36" "_ga=GA1.2.1527256953.1575904832; _gid=GA1.2.1566370004.1575904832; _gat_gtag_UA_91619287_1=1; wpfront-notification-bar-landingpage=1"
176.85.163.16 - - [09/Dec/2019:16:21:05 +0100] "GET /wp-content/uploads/2019/04/Brazalete-running-con-led-1-300x300.png HTTP/1.1" 200 43439 "https://amazingsportwear.com/categoria-producto/accesorios/pulseras/" "Mozilla/5.0 (Windows NT 6.3; Win64; x64) AppleWebKit/537.36 (KHTML, like Gecko) Chrome/78.0.3904.108 Safari/537.36" "_ga=GA1.2.1527256953.1575904832; _gid=GA1.2.1566370004.1575904832; _gat_gtag_UA_91619287_1=1; wpfront-notification-bar-landingpage=1"
176.85.163.16 - - [09/Dec/2019:16:21:13 +0100] "GET /categoria-producto/deportes/futbol/ HTTP/1.1" 200 62981 "https://amazingsportwear.com/categoria-producto/accesorios/pulseras/" "Mozilla/5.0 (Windows NT 6.3; Win64; x64) AppleWebKit/537.36 (KHTML, like Gecko) Chrome/78.0.3904.108 Safari/537.36" "_ga=GA1.2.1527256953.1575904832; _gid=GA1.2.1566370004.1575904832; _gat_gtag_UA_91619287_1=1; wpfront-notification-bar-landingpage=1"
176.85.163.16 - - [09/Dec/2019:16:21:14 +0100] "GET /wp-content/uploads/2017/02/braga-cuello-futbol-300x300.jpg HTTP/1.1" 200 17655 "https://amazingsportwear.com/categoria-producto/deportes/futbol/" "Mozilla/5.0 (Windows NT 6.3; Win64; x64) AppleWebKit/537.36 (KHTML, like Gecko) Chrome/78.0.3904.108 Safari/537.36" "_ga=GA1.2.1527256953.1575904832; _gid=GA1.2.1566370004.1575904832; _gat_gtag_UA_91619287_1=1; wpfront-notification-bar-landingpage=1"
176.85.163.16 - - [09/Dec/2019:16:21:14 +0100] "GET /wp-content/uploads/2017/01/cam-portero1-300x300.jpg HTTP/1.1" 200 17800 "https://amazingsportwear.com/categoria-producto/deportes/futbol/" "Mozilla/5.0 (Windows NT 6.3; Win64; x64) AppleWebKit/537.36 (KHTML, like Gecko) Chrome/78.0.3904.108 Safari/537.36" "_ga=GA1.2.1527256953.1575904832; _gid=GA1.2.1566370004.1575904832; _gat_gtag_UA_91619287_1=1; wpfront-notification-bar-landingpage=1"
176.85.163.16 - - [09/Dec/2019:16:21:14 +0100] "GET /wp-content/uploads/2017/01/cam-ranglan3-maristas-300x300.jpg HTTP/1.1" 200 12437 "https://amazingsportwear.com/categoria-producto/deportes/futbol/" "Mozilla/5.0 (Windows NT 6.3; Win64; x64) AppleWebKit/537.36 (KHTML, like Gecko) Chrome/78.0.3904.108 Safari/537.36" "_ga=GA1.2.1527256953.1575904832; _gid=GA1.2.1566370004.1575904832; _gat_gtag_UA_91619287_1=1; wpfront-notification-bar-landingpage=1"
176.85.163.16 - - [09/Dec/2019:16:21:14 +0100] "GET /wp-content/uploads/2017/01/cam-basic1-300x300.png HTTP/1.1" 200 55827 "https://amazingsportwear.com/categoria-producto/deportes/futbol/" "Mozilla/5.0 (Windows NT 6.3; Win64; x64) AppleWebKit/537.36 (KHTML, like Gecko) Chrome/78.0.3904.108 Safari/537.36" "_ga=GA1.2.1527256953.1575904832; _gid=GA1.2.1566370004.1575904832; _gat_gtag_UA_91619287_1=1; wpfront-notification-bar-landingpage=1"
176.85.163.16 - - [09/Dec/2019:16:21:14 +0100] "GET /wp-content/uploads/2017/01/sudadera-basic1-300x300.jpg HTTP/1.1" 200 28782 "https://amazingsportwear.com/categoria-producto/deportes/futbol/" "Mozilla/5.0 (Windows NT 6.3; Win64; x64) AppleWebKit/537.36 (KHTML, like Gecko) Chrome/78.0.3904.108 Safari/537.36" "_ga=GA1.2.1527256953.1575904832; _gid=GA1.2.1566370004.1575904832; _gat_gtag_UA_91619287_1=1; wpfront-notification-bar-landingpage=1"
176.85.163.16 - - [09/Dec/2019:16:21:14 +0100] "GET /wp-content/uploads/2017/01/pant-futbol1-300x300.jpg HTTP/1.1" 200 9202 "https://amazingsportwear.com/categoria-producto/deportes/futbol/" "Mozilla/5.0 (Windows NT 6.3; Win64; x64) AppleWebKit/537.36 (KHTML, like Gecko) Chrome/78.0.3904.108 Safari/537.36" "_ga=GA1.2.1527256953.1575904832; _gid=GA1.2.1566370004.1575904832; _gat_gtag_UA_91619287_1=1; wpfront-notification-bar-landingpage=1"
176.85.163.16 - - [09/Dec/2019:16:21:14 +0100] "GET /wp-content/uploads/2017/01/pant-futbol2-300x300.jpg HTTP/1.1" 200 8672 "https://amazingsportwear.com/categoria-producto/deportes/futbol/" "Mozilla/5.0 (Windows NT 6.3; Win64; x64) AppleWebKit/537.36 (KHTML, like Gecko) Chrome/78.0.3904.108 Safari/537.36" "_ga=GA1.2.1527256953.1575904832; _gid=GA1.2.1566370004.1575904832; _gat_gtag_UA_91619287_1=1; wpfront-notification-bar-landingpage=1"
176.85.163.16 - - [09/Dec/2019:16:21:14 +0100] "GET /wp-content/uploads/2019/03/VA-PARADE-6-300x300.png HTTP/1.1" 200 198405 "https://amazingsportwear.com/categoria-producto/deportes/futbol/" "Mozilla/5.0 (Windows NT 6.3; Win64; x64) AppleWebKit/537.36 (KHTML, like Gecko) Chrome/78.0.3904.108 Safari/537.36" "_ga=GA1.2.1527256953.1575904832; _gid=GA1.2.1566370004.1575904832; _gat_gtag_UA_91619287_1=1; wpfront-notification-bar-landingpage=1"
176.85.163.16 - - [09/Dec/2019:16:21:22 +0100] "GET /categoria-producto/hombre/camisetas/ HTTP/1.1" 200 73913 "https://amazingsportwear.com/categoria-producto/deportes/futbol/" "Mozilla/5.0 (Windows NT 6.3; Win64; x64) AppleWebKit/537.36 (KHTML, like Gecko) Chrome/78.0.3904.108 Safari/537.36" "_ga=GA1.2.1527256953.1575904832; _gid=GA1.2.1566370004.1575904832; _gat_gtag_UA_91619287_1=1; wpfront-notification-bar-landingpage=1"
176.85.163.16 - - [09/Dec/2019:16:21:23 +0100] "GET /wp-content/uploads/2018/06/sa-6502-naranja-300x300.jpg HTTP/1.1" 200 42656 "https://amazingsportwear.com/categoria-producto/hombre/camisetas/" "Mozilla/5.0 (Windows NT 6.3; Win64; x64) AppleWebKit/537.36 (KHTML, like Gecko) Chrome/78.0.3904.108 Safari/537.36" "_ga=GA1.2.1527256953.1575904832; _gid=GA1.2.1566370004.1575904832; _gat_gtag_UA_91619287_1=1; wpfront-notification-bar-landingpage=1"
176.85.163.16 - - [09/Dec/2019:16:21:23 +0100] "GET /wp-content/uploads/2017/03/CAT-3579-azul-300x300.jpg HTTP/1.1" 200 16400 "https://amazingsportwear.com/categoria-producto/hombre/camisetas/" "Mozilla/5.0 (Windows NT 6.3; Win64; x64) AppleWebKit/537.36 (KHTML, like Gecko) Chrome/78.0.3904.108 Safari/537.36" "_ga=GA1.2.1527256953.1575904832; _gid=GA1.2.1566370004.1575904832; _gat_gtag_UA_91619287_1=1; wpfront-notification-bar-landingpage=1"
176.85.163.16 - - [09/Dec/2019:16:21:23 +0100] "GET /wp-content/uploads/2018/04/cat-4185-amarilla-300x300.jpg HTTP/1.1" 200 7788 "https://amazingsportwear.com/categoria-producto/hombre/camisetas/" "Mozilla/5.0 (Windows NT 6.3; Win64; x64) AppleWebKit/537.36 (KHTML, like Gecko) Chrome/78.0.3904.108 Safari/537.36" "_ga=GA1.2.1527256953.1575904832; _gid=GA1.2.1566370004.1575904832; _gat_gtag_UA_91619287_1=1; wpfront-notification-bar-landingpage=1"
176.85.163.16 - - [09/Dec/2019:16:21:23 +0100] "GET /wp-content/uploads/2017/03/CAT-5247-04-300x300.jpg HTTP/1.1" 200 9193 "https://amazingsportwear.com/categoria-producto/hombre/camisetas/" "Mozilla/5.0 (Windows NT 6.3; Win64; x64) AppleWebKit/537.36 (KHTML, like Gecko) Chrome/78.0.3904.108 Safari/537.36" "_ga=GA1.2.1527256953.1575904832; _gid=GA1.2.1566370004.1575904832; _gat_gtag_UA_91619287_1=1; wpfront-notification-bar-landingpage=1"
176.85.163.16 - - [09/Dec/2019:16:21:23 +0100] "GET /wp-content/uploads/2017/03/CAT-4473-03-300x300.jpg HTTP/1.1" 200 29579 "https://amazingsportwear.com/categoria-producto/hombre/camisetas/" "Mozilla/5.0 (Windows NT 6.3; Win64; x64) AppleWebKit/537.36 (KHTML, like Gecko) Chrome/78.0.3904.108 Safari/537.36" "_ga=GA1.2.1527256953.1575904832; _gid=GA1.2.1566370004.1575904832; _gat_gtag_UA_91619287_1=1; wpfront-notification-bar-landingpage=1"
176.85.163.16 - - [09/Dec/2019:16:21:23 +0100] "GET /wp-content/uploads/2017/03/CAT-5249-05-300x300.jpg HTTP/1.1" 200 8997 "https://amazingsportwear.com/categoria-producto/hombre/camisetas/" "Mozilla/5.0 (Windows NT 6.3; Win64; x64) AppleWebKit/537.36 (KHTML, like Gecko) Chrome/78.0.3904.108 Safari/537.36" "_ga=GA1.2.1527256953.1575904832; _gid=GA1.2.1566370004.1575904832; _gat_gtag_UA_91619287_1=1; wpfront-notification-bar-landingpage=1"
176.85.163.16 - - [09/Dec/2019:16:21:23 +0100] "GET /wp-content/uploads/2017/03/CAT-4184-naranja-300x300.jpg HTTP/1.1" 200 16932 "https://amazingsportwear.com/categoria-producto/hombre/camisetas/" "Mozilla/5.0 (Windows NT 6.3; Win64; x64) AppleWebKit/537.36 (KHTML, like Gecko) Chrome/78.0.3904.108 Safari/537.36" "_ga=GA1.2.1527256953.1575904832; _gid=GA1.2.1566370004.1575904832; _gat_gtag_UA_91619287_1=1; wpfront-notification-bar-landingpage=1"
176.85.163.16 - - [09/Dec/2019:16:21:23 +0100] "GET /wp-content/uploads/2018/02/SA-6654-rojo-300x300.png HTTP/1.1" 200 106373 "https://amazingsportwear.com/categoria-producto/hombre/camisetas/" "Mozilla/5.0 (Windows NT 6.3; Win64; x64) AppleWebKit/537.36 (KHTML, like Gecko) Chrome/78.0.3904.108 Safari/537.36" "_ga=GA1.2.1527256953.1575904832; _gid=GA1.2.1566370004.1575904832; _gat_gtag_UA_91619287_1=1; wpfront-notification-bar-landingpage=1"
176.85.163.16 - - [09/Dec/2019:16:21:23 +0100] "GET /wp-content/uploads/2019/03/SA-0407-1-300x300.png HTTP/1.1" 200 102518 "https://amazingsportwear.com/categoria-producto/hombre/camisetas/" "Mozilla/5.0 (Windows NT 6.3; Win64; x64) AppleWebKit/537.36 (KHTML, like Gecko) Chrome/78.0.3904.108 Safari/537.36" "_ga=GA1.2.1527256953.1575904832; _gid=GA1.2.1566370004.1575904832; _gat_gtag_UA_91619287_1=1; wpfront-notification-bar-landingpage=1"
176.85.163.16 - - [09/Dec/2019:16:21:23 +0100] "GET /wp-content/uploads/2017/03/ENY-ARABIA-773-300x300.jpg HTTP/1.1" 200 9582 "https://amazingsportwear.com/categoria-producto/hombre/camisetas/" "Mozilla/5.0 (Windows NT 6.3; Win64; x64) AppleWebKit/537.36 (KHTML, like Gecko) Chrome/78.0.3904.108 Safari/537.36" "_ga=GA1.2.1527256953.1575904832; _gid=GA1.2.1566370004.1575904832; _gat_gtag_UA_91619287_1=1; wpfront-notification-bar-landingpage=1"
176.85.163.16 - - [09/Dec/2019:16:21:23 +0100] "GET /wp-content/uploads/2017/03/nath-action-hombre-290x300.jpg HTTP/1.1" 200 12465 "https://amazingsportwear.com/categoria-producto/hombre/camisetas/" "Mozilla/5.0 (Windows NT 6.3; Win64; x64) AppleWebKit/537.36 (KHTML, like Gecko) Chrome/78.0.3904.108 Safari/537.36" "_ga=GA1.2.1527256953.1575904832; _gid=GA1.2.1566370004.1575904832; _gat_gtag_UA_91619287_1=1; wpfront-notification-bar-landingpage=1"
176.85.163.16 - - [09/Dec/2019:16:21:23 +0100] "GET /wp-content/uploads/2017/03/ENY-ARABIA-772-300x300.jpg HTTP/1.1" 200 7879 "https://amazingsportwear.com/categoria-producto/hombre/camisetas/" "Mozilla/5.0 (Windows NT 6.3; Win64; x64) AppleWebKit/537.36 (KHTML, like Gecko) Chrome/78.0.3904.108 Safari/537.36" "_ga=GA1.2.1527256953.1575904832; _gid=GA1.2.1566370004.1575904832; _gat_gtag_UA_91619287_1=1; wpfront-notification-bar-landingpage=1"
66.249.64.148 - - [09/Dec/2019:16:21:22 +0100] "GET /categoria-producto/hombre/ HTTP/1.1" 200 77155 "-" "Mozilla/5.0 (compatible; Googlebot/2.1; +http://www.google.com/bot.html)" "-"
176.85.163.16 - - [09/Dec/2019:16:21:32 +0100] "GET /categoria-producto/hombre/camisetas/page/2/ HTTP/1.1" 200 74886 "https://amazingsportwear.com/categoria-producto/hombre/camisetas/" "Mozilla/5.0 (Windows NT 6.3; Win64; x64) AppleWebKit/537.36 (KHTML, like Gecko) Chrome/78.0.3904.108 Safari/537.36" "_ga=GA1.2.1527256953.1575904832; _gid=GA1.2.1566370004.1575904832; _gat_gtag_UA_91619287_1=1; wpfront-notification-bar-landingpage=1"
176.85.163.16 - - [09/Dec/2019:16:21:33 +0100] "GET /wp-content/uploads/2017/03/T-500-1-300x300.jpg HTTP/1.1" 200 7464 "https://amazingsportwear.com/categoria-producto/hombre/camisetas/page/2/" "Mozilla/5.0 (Windows NT 6.3; Win64; x64) AppleWebKit/537.36 (KHTML, like Gecko) Chrome/78.0.3904.108 Safari/537.36" "_ga=GA1.2.1527256953.1575904832; _gid=GA1.2.1566370004.1575904832; _gat_gtag_UA_91619287_1=1; wpfront-notification-bar-landingpage=1"
176.85.163.16 - - [09/Dec/2019:16:21:33 +0100] "GET /wp-content/uploads/2017/03/CAT-3581-06-300x300.jpg HTTP/1.1" 200 42558 "https://amazingsportwear.com/categoria-producto/hombre/camisetas/page/2/" "Mozilla/5.0 (Windows NT 6.3; Win64; x64) AppleWebKit/537.36 (KHTML, like Gecko) Chrome/78.0.3904.108 Safari/537.36" "_ga=GA1.2.1527256953.1575904832; _gid=GA1.2.1566370004.1575904832; _gat_gtag_UA_91619287_1=1; wpfront-notification-bar-landingpage=1"
176.85.163.16 - - [09/Dec/2019:16:21:33 +0100] "GET /wp-content/uploads/2019/03/SA-6399-1-300x300.png HTTP/1.1" 200 63661 "https://amazingsportwear.com/categoria-producto/hombre/camisetas/page/2/" "Mozilla/5.0 (Windows NT 6.3; Win64; x64) AppleWebKit/537.36 (KHTML, like Gecko) Chrome/78.0.3904.108 Safari/537.36" "_ga=GA1.2.1527256953.1575904832; _gid=GA1.2.1566370004.1575904832; _gat_gtag_UA_91619287_1=1; wpfront-notification-bar-landingpage=1"
176.85.163.16 - - [09/Dec/2019:16:21:33 +0100] "GET /wp-content/uploads/2018/04/aq-atom-hombre-300x300.jpg HTTP/1.1" 200 78741 "https://amazingsportwear.com/categoria-producto/hombre/camisetas/page/2/" "Mozilla/5.0 (Windows NT 6.3; Win64; x64) AppleWebKit/537.36 (KHTML, like Gecko) Chrome/78.0.3904.108 Safari/537.36" "_ga=GA1.2.1527256953.1575904832; _gid=GA1.2.1566370004.1575904832; _gat_gtag_UA_91619287_1=1; wpfront-notification-bar-landingpage=1"
176.85.163.16 - - [09/Dec/2019:16:21:33 +0100] "GET /wp-content/uploads/2017/03/sa-0450_12-300x300.jpg HTTP/1.1" 200 22037 "https://amazingsportwear.com/categoria-producto/hombre/camisetas/page/2/" "Mozilla/5.0 (Windows NT 6.3; Win64; x64) AppleWebKit/537.36 (KHTML, like Gecko) Chrome/78.0.3904.108 Safari/537.36" "_ga=GA1.2.1527256953.1575904832; _gid=GA1.2.1566370004.1575904832; _gat_gtag_UA_91619287_1=1; wpfront-notification-bar-landingpage=1"
176.85.163.16 - - [09/Dec/2019:16:21:33 +0100] "GET /wp-content/uploads/2017/03/AQ-boomer-208-300x300.jpg HTTP/1.1" 200 80994 "https://amazingsportwear.com/categoria-producto/hombre/camisetas/page/2/" "Mozilla/5.0 (Windows NT 6.3; Win64; x64) AppleWebKit/537.36 (KHTML, like Gecko) Chrome/78.0.3904.108 Safari/537.36" "_ga=GA1.2.1527256953.1575904832; _gid=GA1.2.1566370004.1575904832; _gat_gtag_UA_91619287_1=1; wpfront-notification-bar-landingpage=1"
176.85.163.16 - - [09/Dec/2019:16:21:33 +0100] "GET /wp-content/uploads/2017/03/aq-jaguar-hombre-300x300.jpg HTTP/1.1" 200 94739 "https://amazingsportwear.com/categoria-producto/hombre/camisetas/page/2/" "Mozilla/5.0 (Windows NT 6.3; Win64; x64) AppleWebKit/537.36 (KHTML, like Gecko) Chrome/78.0.3904.108 Safari/537.36" "_ga=GA1.2.1527256953.1575904832; _gid=GA1.2.1566370004.1575904832; _gat_gtag_UA_91619287_1=1; wpfront-notification-bar-landingpage=1"
176.85.163.16 - - [09/Dec/2019:16:21:33 +0100] "GET /wp-content/uploads/2017/03/sa-6595-300x300.jpg HTTP/1.1" 200 13384 "https://amazingsportwear.com/categoria-producto/hombre/camisetas/page/2/" "Mozilla/5.0 (Windows NT 6.3; Win64; x64) AppleWebKit/537.36 (KHTML, like Gecko) Chrome/78.0.3904.108 Safari/537.36" "_ga=GA1.2.1527256953.1575904832; _gid=GA1.2.1566370004.1575904832; _gat_gtag_UA_91619287_1=1; wpfront-notification-bar-landingpage=1"
176.85.163.16 - - [09/Dec/2019:16:21:33 +0100] "GET /wp-content/uploads/2017/03/aq-cosmic-hombre-300x300.jpg HTTP/1.1" 200 63855 "https://amazingsportwear.com/categoria-producto/hombre/camisetas/page/2/" "Mozilla/5.0 (Windows NT 6.3; Win64; x64) AppleWebKit/537.36 (KHTML, like Gecko) Chrome/78.0.3904.108 Safari/537.36" "_ga=GA1.2.1527256953.1575904832; _gid=GA1.2.1566370004.1575904832; _gat_gtag_UA_91619287_1=1; wpfront-notification-bar-landingpage=1"
176.85.163.16 - - [09/Dec/2019:16:21:33 +0100] "GET /wp-content/uploads/2017/03/aq-race-hombre-300x300.jpg HTTP/1.1" 200 85033 "https://amazingsportwear.com/categoria-producto/hombre/camisetas/page/2/" "Mozilla/5.0 (Windows NT 6.3; Win64; x64) AppleWebKit/537.36 (KHTML, like Gecko) Chrome/78.0.3904.108 Safari/537.36" "_ga=GA1.2.1527256953.1575904832; _gid=GA1.2.1566370004.1575904832; _gat_gtag_UA_91619287_1=1; wpfront-notification-bar-landingpage=1"
176.85.163.16 - - [09/Dec/2019:16:21:33 +0100] "GET /wp-content/uploads/2017/03/aq-trail-hombre-300x300.jpg HTTP/1.1" 200 83810 "https://amazingsportwear.com/categoria-producto/hombre/camisetas/page/2/" "Mozilla/5.0 (Windows NT 6.3; Win64; x64) AppleWebKit/537.36 (KHTML, like Gecko) Chrome/78.0.3904.108 Safari/537.36" "_ga=GA1.2.1527256953.1575904832; _gid=GA1.2.1566370004.1575904832; _gat_gtag_UA_91619287_1=1; wpfront-notification-bar-landingpage=1"
176.85.163.16 - - [09/Dec/2019:16:21:33 +0100] "GET /wp-content/uploads/2017/03/nath-combi-hombre-256x300.jpg HTTP/1.1" 200 17529 "https://amazingsportwear.com/categoria-producto/hombre/camisetas/page/2/" "Mozilla/5.0 (Windows NT 6.3; Win64; x64) AppleWebKit/537.36 (KHTML, like Gecko) Chrome/78.0.3904.108 Safari/537.36" "_ga=GA1.2.1527256953.1575904832; _gid=GA1.2.1566370004.1575904832; _gat_gtag_UA_91619287_1=1; wpfront-notification-bar-landingpage=1"
176.85.163.16 - - [09/Dec/2019:16:21:38 +0100] "GET /categoria-producto/hombre/camisetas/page/3/ HTTP/1.1" 200 74521 "https://amazingsportwear.com/categoria-producto/hombre/camisetas/page/2/" "Mozilla/5.0 (Windows NT 6.3; Win64; x64) AppleWebKit/537.36 (KHTML, like Gecko) Chrome/78.0.3904.108 Safari/537.36" "_ga=GA1.2.1527256953.1575904832; _gid=GA1.2.1566370004.1575904832; _gat_gtag_UA_91619287_1=1; wpfront-notification-bar-landingpage=1"
176.85.163.16 - - [09/Dec/2019:16:21:39 +0100] "GET /wp-content/uploads/2017/03/aq-crono-joven-300x300.jpg HTTP/1.1" 200 72963 "https://amazingsportwear.com/categoria-producto/hombre/camisetas/page/3/" "Mozilla/5.0 (Windows NT 6.3; Win64; x64) AppleWebKit/537.36 (KHTML, like Gecko) Chrome/78.0.3904.108 Safari/537.36" "_ga=GA1.2.1527256953.1575904832; _gid=GA1.2.1566370004.1575904832; _gat_gtag_UA_91619287_1=1; wpfront-notification-bar-landingpage=1"
176.85.163.16 - - [09/Dec/2019:16:21:39 +0100] "GET /wp-content/uploads/2017/03/eny-cubik-azul-300x300.jpg HTTP/1.1" 200 8037 "https://amazingsportwear.com/categoria-producto/hombre/camisetas/page/3/" "Mozilla/5.0 (Windows NT 6.3; Win64; x64) AppleWebKit/537.36 (KHTML, like Gecko) Chrome/78.0.3904.108 Safari/537.36" "_ga=GA1.2.1527256953.1575904832; _gid=GA1.2.1566370004.1575904832; _gat_gtag_UA_91619287_1=1; wpfront-notification-bar-landingpage=1"
176.85.163.16 - - [09/Dec/2019:16:21:39 +0100] "GET /wp-content/uploads/2017/03/aq-cyber-joven-300x300.jpg HTTP/1.1" 200 73400 "https://amazingsportwear.com/categoria-producto/hombre/camisetas/page/3/" "Mozilla/5.0 (Windows NT 6.3; Win64; x64) AppleWebKit/537.36 (KHTML, like Gecko) Chrome/78.0.3904.108 Safari/537.36" "_ga=GA1.2.1527256953.1575904832; _gid=GA1.2.1566370004.1575904832; _gat_gtag_UA_91619287_1=1; wpfront-notification-bar-landingpage=1"
176.85.163.16 - - [09/Dec/2019:16:21:39 +0100] "GET /wp-content/uploads/2018/02/SA-6652-gris-300x300.png HTTP/1.1" 200 34549 "https://amazingsportwear.com/categoria-producto/hombre/camisetas/page/3/" "Mozilla/5.0 (Windows NT 6.3; Win64; x64) AppleWebKit/537.36 (KHTML, like Gecko) Chrome/78.0.3904.108 Safari/537.36" "_ga=GA1.2.1527256953.1575904832; _gid=GA1.2.1566370004.1575904832; _gat_gtag_UA_91619287_1=1; wpfront-notification-bar-landingpage=1"
176.85.163.16 - - [09/Dec/2019:16:21:39 +0100] "GET /wp-content/uploads/2018/02/SA-6653-rojo-300x300.png HTTP/1.1" 200 54997 "https://amazingsportwear.com/categoria-producto/hombre/camisetas/page/3/" "Mozilla/5.0 (Windows NT 6.3; Win64; x64) AppleWebKit/537.36 (KHTML, like Gecko) Chrome/78.0.3904.108 Safari/537.36" "_ga=GA1.2.1527256953.1575904832; _gid=GA1.2.1566370004.1575904832; _gat_gtag_UA_91619287_1=1; wpfront-notification-bar-landingpage=1"
176.85.163.16 - - [09/Dec/2019:16:21:39 +0100] "GET /wp-content/uploads/2019/03/CAT-6221-1-300x300.png HTTP/1.1" 200 32320 "https://amazingsportwear.com/categoria-producto/hombre/camisetas/page/3/" "Mozilla/5.0 (Windows NT 6.3; Win64; x64) AppleWebKit/537.36 (KHTML, like Gecko) Chrome/78.0.3904.108 Safari/537.36" "_ga=GA1.2.1527256953.1575904832; _gid=GA1.2.1566370004.1575904832; _gat_gtag_UA_91619287_1=1; wpfront-notification-bar-landingpage=1"
176.85.163.16 - - [09/Dec/2019:16:21:39 +0100] "GET /wp-content/uploads/2017/03/T-569-300x300.jpg HTTP/1.1" 200 7464 "https://amazingsportwear.com/categoria-producto/hombre/camisetas/page/3/" "Mozilla/5.0 (Windows NT 6.3; Win64; x64) AppleWebKit/537.36 (KHTML, like Gecko) Chrome/78.0.3904.108 Safari/537.36" "_ga=GA1.2.1527256953.1575904832; _gid=GA1.2.1566370004.1575904832; _gat_gtag_UA_91619287_1=1; wpfront-notification-bar-landingpage=1"
176.85.163.16 - - [09/Dec/2019:16:21:39 +0100] "GET /wp-content/uploads/2019/03/AQ-EPIC-3-245x300.png HTTP/1.1" 200 102006 "https://amazingsportwear.com/categoria-producto/hombre/camisetas/page/3/" "Mozilla/5.0 (Windows NT 6.3; Win64; x64) AppleWebKit/537.36 (KHTML, like Gecko) Chrome/78.0.3904.108 Safari/537.36" "_ga=GA1.2.1527256953.1575904832; _gid=GA1.2.1566370004.1575904832; _gat_gtag_UA_91619287_1=1; wpfront-notification-bar-landingpage=1"
176.85.163.16 - - [09/Dec/2019:16:21:39 +0100] "GET /wp-content/uploads/2017/03/T-1043-300x300.jpg HTTP/1.1" 200 11747 "https://amazingsportwear.com/categoria-producto/hombre/camisetas/page/3/" "Mozilla/5.0 (Windows NT 6.3; Win64; x64) AppleWebKit/537.36 (KHTML, like Gecko) Chrome/78.0.3904.108 Safari/537.36" "_ga=GA1.2.1527256953.1575904832; _gid=GA1.2.1566370004.1575904832; _gat_gtag_UA_91619287_1=1; wpfront-notification-bar-landingpage=1"
176.85.163.16 - - [09/Dec/2019:16:21:39 +0100] "GET /wp-content/uploads/2017/03/nath-electro-hombre-300x300.jpg HTTP/1.1" 200 6307 "https://amazingsportwear.com/categoria-producto/hombre/camisetas/page/3/" "Mozilla/5.0 (Windows NT 6.3; Win64; x64) AppleWebKit/537.36 (KHTML, like Gecko) Chrome/78.0.3904.108 Safari/537.36" "_ga=GA1.2.1527256953.1575904832; _gid=GA1.2.1566370004.1575904832; _gat_gtag_UA_91619287_1=1; wpfront-notification-bar-landingpage=1"
176.85.163.16 - - [09/Dec/2019:16:21:39 +0100] "GET /wp-content/uploads/2019/03/CAT-6079-1-300x300.png HTTP/1.1" 200 31977 "https://amazingsportwear.com/categoria-producto/hombre/camisetas/page/3/" "Mozilla/5.0 (Windows NT 6.3; Win64; x64) AppleWebKit/537.36 (KHTML, like Gecko) Chrome/78.0.3904.108 Safari/537.36" "_ga=GA1.2.1527256953.1575904832; _gid=GA1.2.1566370004.1575904832; _gat_gtag_UA_91619287_1=1; wpfront-notification-bar-landingpage=1"
176.85.163.16 - - [09/Dec/2019:16:21:43 +0100] "GET /categoria-producto/hombre/camisetas/page/4/ HTTP/1.1" 200 74191 "https://amazingsportwear.com/categoria-producto/hombre/camisetas/page/3/" "Mozilla/5.0 (Windows NT 6.3; Win64; x64) AppleWebKit/537.36 (KHTML, like Gecko) Chrome/78.0.3904.108 Safari/537.36" "_ga=GA1.2.1527256953.1575904832; _gid=GA1.2.1566370004.1575904832; _gat_gtag_UA_91619287_1=1; wpfront-notification-bar-landingpage=1"
176.85.163.16 - - [09/Dec/2019:16:21:44 +0100] "GET /wp-content/uploads/2017/03/cat-4471-03-300x300.jpg HTTP/1.1" 200 27813 "https://amazingsportwear.com/categoria-producto/hombre/camisetas/page/4/" "Mozilla/5.0 (Windows NT 6.3; Win64; x64) AppleWebKit/537.36 (KHTML, like Gecko) Chrome/78.0.3904.108 Safari/537.36" "_ga=GA1.2.1527256953.1575904832; _gid=GA1.2.1566370004.1575904832; _gat_gtag_UA_91619287_1=1; wpfront-notification-bar-landingpage=1"
176.85.163.16 - - [09/Dec/2019:16:21:44 +0100] "GET /wp-content/uploads/2017/03/aq-grafic-joven-300x300.jpg HTTP/1.1" 200 76792 "https://amazingsportwear.com/categoria-producto/hombre/camisetas/page/4/" "Mozilla/5.0 (Windows NT 6.3; Win64; x64) AppleWebKit/537.36 (KHTML, like Gecko) Chrome/78.0.3904.108 Safari/537.36" "_ga=GA1.2.1527256953.1575904832; _gid=GA1.2.1566370004.1575904832; _gat_gtag_UA_91619287_1=1; wpfront-notification-bar-landingpage=1"
176.85.163.16 - - [09/Dec/2019:16:21:44 +0100] "GET /wp-content/uploads/2017/03/aq-indoor-joven-300x300.jpg HTTP/1.1" 200 80960 "https://amazingsportwear.com/categoria-producto/hombre/camisetas/page/4/" "Mozilla/5.0 (Windows NT 6.3; Win64; x64) AppleWebKit/537.36 (KHTML, like Gecko) Chrome/78.0.3904.108 Safari/537.36" "_ga=GA1.2.1527256953.1575904832; _gid=GA1.2.1566370004.1575904832; _gat_gtag_UA_91619287_1=1; wpfront-notification-bar-landingpage=1"
176.85.163.16 - - [09/Dec/2019:16:21:44 +0100] "GET /wp-content/uploads/2017/03/aq-giro-chicos-300x300.jpg HTTP/1.1" 200 48385 "https://amazingsportwear.com/categoria-producto/hombre/camisetas/page/4/" "Mozilla/5.0 (Windows NT 6.3; Win64; x64) AppleWebKit/537.36 (KHTML, like Gecko) Chrome/78.0.3904.108 Safari/537.36" "_ga=GA1.2.1527256953.1575904832; _gid=GA1.2.1566370004.1575904832; _gat_gtag_UA_91619287_1=1; wpfront-notification-bar-landingpage=1"
176.85.163.16 - - [09/Dec/2019:16:21:44 +0100] "GET /wp-content/uploads/2017/03/sa-6650_22302-300x300.jpg HTTP/1.1" 200 10356 "https://amazingsportwear.com/categoria-producto/hombre/camisetas/page/4/" "Mozilla/5.0 (Windows NT 6.3; Win64; x64) AppleWebKit/537.36 (KHTML, like Gecko) Chrome/78.0.3904.108 Safari/537.36" "_ga=GA1.2.1527256953.1575904832; _gid=GA1.2.1566370004.1575904832; _gat_gtag_UA_91619287_1=1; wpfront-notification-bar-landingpage=1"
176.85.163.16 - - [09/Dec/2019:16:21:44 +0100] "GET /wp-content/uploads/2017/03/CAT-4726-HOMBRE-290x300.jpg HTTP/1.1" 200 9851 "https://amazingsportwear.com/categoria-producto/hombre/camisetas/page/4/" "Mozilla/5.0 (Windows NT 6.3; Win64; x64) AppleWebKit/537.36 (KHTML, like Gecko) Chrome/78.0.3904.108 Safari/537.36" "_ga=GA1.2.1527256953.1575904832; _gid=GA1.2.1566370004.1575904832; _gat_gtag_UA_91619287_1=1; wpfront-notification-bar-landingpage=1"
176.85.163.16 - - [09/Dec/2019:16:21:44 +0100] "GET /wp-content/uploads/2017/03/eny-delta-verde-215x300.jpg HTTP/1.1" 200 12140 "https://amazingsportwear.com/categoria-producto/hombre/camisetas/page/4/" "Mozilla/5.0 (Windows NT 6.3; Win64; x64) AppleWebKit/537.36 (KHTML, like Gecko) Chrome/78.0.3904.108 Safari/537.36" "_ga=GA1.2.1527256953.1575904832; _gid=GA1.2.1566370004.1575904832; _gat_gtag_UA_91619287_1=1; wpfront-notification-bar-landingpage=1"
176.85.163.16 - - [09/Dec/2019:16:21:44 +0100] "GET /wp-content/uploads/2017/03/ENY-LONDON-VERDE.jpg HTTP/1.1" 200 51908 "https://amazingsportwear.com/categoria-producto/hombre/camisetas/page/4/" "Mozilla/5.0 (Windows NT 6.3; Win64; x64) AppleWebKit/537.36 (KHTML, like Gecko) Chrome/78.0.3904.108 Safari/537.36" "_ga=GA1.2.1527256953.1575904832; _gid=GA1.2.1566370004.1575904832; _gat_gtag_UA_91619287_1=1; wpfront-notification-bar-landingpage=1"
176.85.163.16 - - [09/Dec/2019:16:21:44 +0100] "GET /wp-content/uploads/2017/03/eny-dream-mc-verde-300x300.jpg HTTP/1.1" 200 8057 "https://amazingsportwear.com/categoria-producto/hombre/camisetas/page/4/" "Mozilla/5.0 (Windows NT 6.3; Win64; x64) AppleWebKit/537.36 (KHTML, like Gecko) Chrome/78.0.3904.108 Safari/537.36" "_ga=GA1.2.1527256953.1575904832; _gid=GA1.2.1566370004.1575904832; _gat_gtag_UA_91619287_1=1; wpfront-notification-bar-landingpage=1"
176.85.163.16 - - [09/Dec/2019:16:21:44 +0100] "GET /wp-content/uploads/2017/03/eny-dream-ml-azul-289x300.jpg HTTP/1.1" 200 16515 "https://amazingsportwear.com/categoria-producto/hombre/camisetas/page/4/" "Mozilla/5.0 (Windows NT 6.3; Win64; x64) AppleWebKit/537.36 (KHTML, like Gecko) Chrome/78.0.3904.108 Safari/537.36" "_ga=GA1.2.1527256953.1575904832; _gid=GA1.2.1566370004.1575904832; _gat_gtag_UA_91619287_1=1; wpfront-notification-bar-landingpage=1"
176.85.163.16 - - [09/Dec/2019:16:21:44 +0100] "GET /wp-content/uploads/2017/03/sa-0415_60-300x300.jpg HTTP/1.1" 200 15272 "https://amazingsportwear.com/categoria-producto/hombre/camisetas/page/4/" "Mozilla/5.0 (Windows NT 6.3; Win64; x64) AppleWebKit/537.36 (KHTML, like Gecko) Chrome/78.0.3904.108 Safari/537.36" "_ga=GA1.2.1527256953.1575904832; _gid=GA1.2.1566370004.1575904832; _gat_gtag_UA_91619287_1=1; wpfront-notification-bar-landingpage=1"
176.85.163.16 - - [09/Dec/2019:16:21:44 +0100] "GET /wp-content/uploads/2017/03/aq-iron-hombre-300x300.jpg HTTP/1.1" 200 65576 "https://amazingsportwear.com/categoria-producto/hombre/camisetas/page/4/" "Mozilla/5.0 (Windows NT 6.3; Win64; x64) AppleWebKit/537.36 (KHTML, like Gecko) Chrome/78.0.3904.108 Safari/537.36" "_ga=GA1.2.1527256953.1575904832; _gid=GA1.2.1566370004.1575904832; _gat_gtag_UA_91619287_1=1; wpfront-notification-bar-landingpage=1"
176.85.163.16 - - [09/Dec/2019:16:21:47 +0100] "GET /categoria-producto/hombre/camisetas/page/5/ HTTP/1.1" 200 74808 "https://amazingsportwear.com/categoria-producto/hombre/camisetas/page/4/" "Mozilla/5.0 (Windows NT 6.3; Win64; x64) AppleWebKit/537.36 (KHTML, like Gecko) Chrome/78.0.3904.108 Safari/537.36" "_ga=GA1.2.1527256953.1575904832; _gid=GA1.2.1566370004.1575904832; _gat_gtag_UA_91619287_1=1; wpfront-notification-bar-landingpage=1"
176.85.163.16 - - [09/Dec/2019:16:21:48 +0100] "GET /wp-content/uploads/2017/03/aq-cross-hombre-290x300.jpg HTTP/1.1" 200 19825 "https://amazingsportwear.com/categoria-producto/hombre/camisetas/page/5/" "Mozilla/5.0 (Windows NT 6.3; Win64; x64) AppleWebKit/537.36 (KHTML, like Gecko) Chrome/78.0.3904.108 Safari/537.36" "_ga=GA1.2.1527256953.1575904832; _gid=GA1.2.1566370004.1575904832; wpfront-notification-bar-landingpage=1"
176.85.163.16 - - [09/Dec/2019:16:21:48 +0100] "GET /wp-content/uploads/2017/03/VA-CAVAMAUNB-5-300x300.jpg HTTP/1.1" 200 8397 "https://amazingsportwear.com/categoria-producto/hombre/camisetas/page/5/" "Mozilla/5.0 (Windows NT 6.3; Win64; x64) AppleWebKit/537.36 (KHTML, like Gecko) Chrome/78.0.3904.108 Safari/537.36" "_ga=GA1.2.1527256953.1575904832; _gid=GA1.2.1566370004.1575904832; wpfront-notification-bar-landingpage=1"
176.85.163.16 - - [09/Dec/2019:16:21:48 +0100] "GET /wp-content/uploads/2017/03/sa-0425_12-300x300.jpg HTTP/1.1" 200 25203 "https://amazingsportwear.com/categoria-producto/hombre/camisetas/page/5/" "Mozilla/5.0 (Windows NT 6.3; Win64; x64) AppleWebKit/537.36 (KHTML, like Gecko) Chrome/78.0.3904.108 Safari/537.36" "_ga=GA1.2.1527256953.1575904832; _gid=GA1.2.1566370004.1575904832; wpfront-notification-bar-landingpage=1"
176.85.163.16 - - [09/Dec/2019:16:21:48 +0100] "GET /wp-content/uploads/2019/03/SA-6401-1-300x300.png HTTP/1.1" 200 86133 "https://amazingsportwear.com/categoria-producto/hombre/camisetas/page/5/" "Mozilla/5.0 (Windows NT 6.3; Win64; x64) AppleWebKit/537.36 (KHTML, like Gecko) Chrome/78.0.3904.108 Safari/537.36" "_ga=GA1.2.1527256953.1575904832; _gid=GA1.2.1566370004.1575904832; wpfront-notification-bar-landingpage=1"
176.85.163.16 - - [09/Dec/2019:16:21:48 +0100] "GET /wp-content/uploads/2017/03/aq-potenza-hombre-300x300.jpg HTTP/1.1" 200 49185 "https://amazingsportwear.com/categoria-producto/hombre/camisetas/page/5/" "Mozilla/5.0 (Windows NT 6.3; Win64; x64) AppleWebKit/537.36 (KHTML, like Gecko) Chrome/78.0.3904.108 Safari/537.36" "_ga=GA1.2.1527256953.1575904832; _gid=GA1.2.1566370004.1575904832; wpfront-notification-bar-landingpage=1"
176.85.163.16 - - [09/Dec/2019:16:21:48 +0100] "GET /wp-content/uploads/2017/03/CIF-T-1052-300x300.jpg HTTP/1.1" 200 8150 "https://amazingsportwear.com/categoria-producto/hombre/camisetas/page/5/" "Mozilla/5.0 (Windows NT 6.3; Win64; x64) AppleWebKit/537.36 (KHTML, like Gecko) Chrome/78.0.3904.108 Safari/537.36" "_ga=GA1.2.1527256953.1575904832; _gid=GA1.2.1566370004.1575904832; wpfront-notification-bar-landingpage=1"
176.85.163.16 - - [09/Dec/2019:16:21:48 +0100] "GET /wp-content/uploads/2019/03/AQ-POTENZA-ML-300x300.png HTTP/1.1" 200 101796 "https://amazingsportwear.com/categoria-producto/hombre/camisetas/page/5/" "Mozilla/5.0 (Windows NT 6.3; Win64; x64) AppleWebKit/537.36 (KHTML, like Gecko) Chrome/78.0.3904.108 Safari/537.36" "_ga=GA1.2.1527256953.1575904832; _gid=GA1.2.1566370004.1575904832; wpfront-notification-bar-landingpage=1"
176.85.163.16 - - [09/Dec/2019:16:21:48 +0100] "GET /wp-content/uploads/2017/03/aq-power-hombre-300x300.jpg HTTP/1.1" 200 70100 "https://amazingsportwear.com/categoria-producto/hombre/camisetas/page/5/" "Mozilla/5.0 (Windows NT 6.3; Win64; x64) AppleWebKit/537.36 (KHTML, like Gecko) Chrome/78.0.3904.108 Safari/537.36" "_ga=GA1.2.1527256953.1575904832; _gid=GA1.2.1566370004.1575904832; wpfront-notification-bar-landingpage=1"
176.85.163.16 - - [09/Dec/2019:16:21:48 +0100] "GET /wp-content/uploads/2017/03/aq-rebel-joven-300x300.jpg HTTP/1.1" 200 20056 "https://amazingsportwear.com/categoria-producto/hombre/camisetas/page/5/" "Mozilla/5.0 (Windows NT 6.3; Win64; x64) AppleWebKit/537.36 (KHTML, like Gecko) Chrome/78.0.3904.108 Safari/537.36" "_ga=GA1.2.1527256953.1575904832; _gid=GA1.2.1566370004.1575904832; wpfront-notification-bar-landingpage=1"
176.85.163.16 - - [09/Dec/2019:16:21:48 +0100] "GET /wp-content/uploads/2017/03/aq-rever-494-300x300.jpg HTTP/1.1" 200 26882 "https://amazingsportwear.com/categoria-producto/hombre/camisetas/page/5/" "Mozilla/5.0 (Windows NT 6.3; Win64; x64) AppleWebKit/537.36 (KHTML, like Gecko) Chrome/78.0.3904.108 Safari/537.36" "_ga=GA1.2.1527256953.1575904832; _gid=GA1.2.1566370004.1575904832; wpfront-notification-bar-landingpage=1; _gat_gtag_UA_91619287_1=1"
176.85.163.16 - - [09/Dec/2019:16:21:48 +0100] "GET /wp-content/uploads/2019/03/AQ-REFLECT-1-300x300.png HTTP/1.1" 200 101764 "https://amazingsportwear.com/categoria-producto/hombre/camisetas/page/5/" "Mozilla/5.0 (Windows NT 6.3; Win64; x64) AppleWebKit/537.36 (KHTML, like Gecko) Chrome/78.0.3904.108 Safari/537.36" "_ga=GA1.2.1527256953.1575904832; _gid=GA1.2.1566370004.1575904832; wpfront-notification-bar-landingpage=1; _gat_gtag_UA_91619287_1=1"
176.85.163.16 - - [09/Dec/2019:16:21:48 +0100] "GET /wp-content/uploads/2017/03/nath-rex-hombre-300x300.jpg HTTP/1.1" 200 9176 "https://amazingsportwear.com/categoria-producto/hombre/camisetas/page/5/" "Mozilla/5.0 (Windows NT 6.3; Win64; x64) AppleWebKit/537.36 (KHTML, like Gecko) Chrome/78.0.3904.108 Safari/537.36" "_ga=GA1.2.1527256953.1575904832; _gid=GA1.2.1566370004.1575904832; wpfront-notification-bar-landingpage=1; _gat_gtag_UA_91619287_1=1"
217.76.130.90 - - [09/Dec/2019:16:26:17 +0100] "POST /wp-cron.php?doing_wp_cron=1575905176.9904310703277587890625 HTTP/1.1" 200 3389 "https://amazingsportwear.com/wp-cron.php?doing_wp_cron=1575905176.9904310703277587890625" "WordPress/5.2.4; https://amazingsportwear.com" "-"
157.55.39.73 - - [09/Dec/2019:16:26:16 +0100] "GET /categoria-producto/xs3x/ HTTP/1.1" 200 53877 "-" "Mozilla/5.0 (compatible; bingbot/2.0; +http://www.bing.com/bingbot.htm)" "-"
217.76.130.90 - - [09/Dec/2019:16:27:39 +0100] "POST /wp-cron.php?doing_wp_cron=1575905259.5245850086212158203125 HTTP/1.1" 200 3389 "https://amazingsportwear.com/wp-cron.php?doing_wp_cron=1575905259.5245850086212158203125" "WordPress/5.2.4; https://amazingsportwear.com" "-"
66.249.64.144 - - [09/Dec/2019:16:27:38 +0100] "GET /tienda/384-gorra-konlun.html HTTP/1.1" 404 72321 "-" "Mozilla/5.0 (Linux; Android 6.0.1; Nexus 5X Build/MMB29P) AppleWebKit/537.36 (KHTML, like Gecko) Chrome/41.0.2272.96 Mobile Safari/537.36 (compatible; Googlebot/2.1; +http://www.google.com/bot.html)" "-"
186.30.53.139 - - [09/Dec/2019:16:28:07 +0100] "GET /wp-content/uploads/2019/03/VA-PARADE-4.png HTTP/1.1" 200 362296 "https://www.google.com/" "Mozilla/5.0 (Windows NT 10.0; Win64; x64) AppleWebKit/537.36 (KHTML, like Gecko) Chrome/78.0.3904.108 Safari/537.36" "-"
217.76.130.90 - - [09/Dec/2019:16:31:16 +0100] "POST /wp-cron.php?doing_wp_cron=1575905476.3103010654449462890625 HTTP/1.1" 200 3389 "https://amazingsportwear.com/wp-cron.php?doing_wp_cron=1575905476.3103010654449462890625" "WordPress/5.2.4; https://amazingsportwear.com" "-"
66.249.64.146 - - [09/Dec/2019:16:31:15 +0100] "GET /producto/bolsa-bici-rigon/ HTTP/1.1" 200 94674 "-" "Mozilla/5.0 (compatible; Googlebot/2.1; +http://www.google.com/bot.html)" "-"
66.249.64.144 - - [09/Dec/2019:16:31:22 +0100] "GET /producto/bolsa-bici-rigon/ HTTP/1.1" 200 95177 "-" "Mozilla/5.0 (compatible; Googlebot/2.1; +http://www.google.com/bot.html)" "-"
66.249.64.144 - - [09/Dec/2019:16:31:54 +0100] "GET /producto/camiseta-tecnica-dinamic-2/ HTTP/1.1" 200 102886 "-" "Mozilla/5.0 (Linux; Android 6.0.1; Nexus 5X Build/MMB29P) AppleWebKit/537.36 (KHTML, like Gecko) Chrome/41.0.2272.96 Mobile Safari/537.36 (compatible; Googlebot/2.1; +http://www.google.com/bot.html)" "-"
84.124.168.25 - - [09/Dec/2019:16:34:22 +0100] "GET /wp-content/uploads/2019/04/SA-1070-4.png HTTP/1.1" 200 69232 "https://www.google.es/" "Mozilla/5.0 (iPhone; CPU iPhone OS 12_4_2 like Mac OS X) AppleWebKit/605.1.15 (KHTML, like Gecko) Version/12.1.2 Mobile/15E148 Safari/604.1" "-"
186.70.64.92 - - [09/Dec/2019:16:39:22 +0100] "GET /wp-content/uploads/2019/04/Gorra-sport-12.png HTTP/1.1" 200 95673 "https://www.google.com/" "Mozilla/5.0 (Linux; Android 7.1.1; Moto E (4) Plus) AppleWebKit/537.36 (KHTML, like Gecko) Chrome/77.0.3865.116 Mobile Safari/537.36" "-"
217.76.130.90 - - [09/Dec/2019:16:42:44 +0100] "POST /wp-cron.php?doing_wp_cron=1575906164.2071690559387207031250 HTTP/1.1" 200 3389 "https://amazingsportwear.com/wp-cron.php?doing_wp_cron=1575906164.2071690559387207031250" "WordPress/5.2.4; https://amazingsportwear.com" "-"
157.55.39.79 - - [09/Dec/2019:16:42:41 +0100] "GET /producto/sudadera-capucha/feed/ HTTP/1.1" 200 4808 "-" "msnbot/2.0b (+http://search.msn.com/msnbot.htm)" "-"
217.76.130.90 - - [09/Dec/2019:16:46:58 +0100] "POST /wp-cron.php?doing_wp_cron=1575906418.7052860260009765625000 HTTP/1.1" 200 3389 "https://amazingsportwear.com/wp-cron.php?doing_wp_cron=1575906418.7052860260009765625000" "WordPress/5.2.4; https://amazingsportwear.com" "-"
157.55.39.79 - - [09/Dec/2019:16:46:58 +0100] "GET /producto/sudadera-capucha/feed/ HTTP/1.1" 200 4808 "-" "msnbot/2.0b (+http://search.msn.com/msnbot.htm)" "-"
217.76.130.90 - - [09/Dec/2019:16:49:24 +0100] "POST /wp-cron.php?doing_wp_cron=1575906564.8449969291687011718750 HTTP/1.1" 200 3389 "https://amazingsportwear.com/wp-cron.php?doing_wp_cron=1575906564.8449969291687011718750" "WordPress/5.2.4; https://amazingsportwear.com" "-"
66.249.64.144 - - [09/Dec/2019:16:49:24 +0100] "GET /producto/camiseta-tecnica-bahrein/ HTTP/1.1" 200 102820 "-" "Mozilla/5.0 (compatible; Googlebot/2.1; +http://www.google.com/bot.html)" "-"
189.195.23.84 - - [09/Dec/2019:16:56:26 +0100] "GET /wp-content/uploads/2019/04/Gorra-sport-10.png HTTP/1.1" 200 60426 "https://www.google.com/" "Mozilla/5.0 (Macintosh; Intel Mac OS X 10_11_6) AppleWebKit/537.36 (KHTML, like Gecko) Chrome/78.0.3904.108 Safari/537.36" "-"
187.220.144.55 - - [09/Dec/2019:17:04:39 +0100] "GET /wp-content/uploads/2019/04/SA-1070-2.png HTTP/1.1" 200 175956 "https://www.google.com/" "Mozilla/5.0 (Windows NT 10.0; Win64; x64; rv:71.0) Gecko/20100101 Firefox/71.0" "-"
217.76.130.90 - - [09/Dec/2019:17:06:36 +0100] "POST /wp-cron.php?doing_wp_cron=1575907596.2289099693298339843750 HTTP/1.1" 200 3389 "https://amazingsportwear.com/wp-cron.php?doing_wp_cron=1575907596.2289099693298339843750" "WordPress/5.2.4; https://amazingsportwear.com" "-"
66.249.64.144 - - [09/Dec/2019:17:06:34 +0100] "GET /producto/culoute-corto-triatlon/ HTTP/1.1" 200 91327 "-" "Mozilla/5.0 (Linux; Android 6.0.1; Nexus 5X Build/MMB29P) AppleWebKit/537.36 (KHTML, like Gecko) Chrome/41.0.2272.96 Mobile Safari/537.36 (compatible; Googlebot/2.1; +http://www.google.com/bot.html)" "-"
187.220.144.55 - - [09/Dec/2019:17:09:32 +0100] "GET /wp-content/uploads/2019/04/SA-1070-2.png HTTP/1.1" 200 172731 "https://www.google.com/" "Mozilla/5.0 (Windows NT 10.0; Win64; x64; rv:71.0) Gecko/20100101 Firefox/71.0" "-"
187.227.32.159 - - [09/Dec/2019:17:17:12 +0100] "GET /wp-content/uploads/2019/04/Gorra-sport-6.png HTTP/1.1" 200 44623 "https://www.google.com/" "Mozilla/5.0 (Windows NT 10.0; Win64; x64) AppleWebKit/537.36 (KHTML, like Gecko) Chrome/74.0.3729.169 Safari/537.36" "-"
86.158.179.149 - - [09/Dec/2019:17:24:03 +0100] "GET /wp-content/uploads/2019/04/Gorra-sport-10.png HTTP/1.1" 200 60426 "https://www.google.co.uk/blank.html" "Mozilla/5.0 (Windows NT 10.0; WOW64; Trident/7.0; rv:11.0) like Gecko" "-"
217.76.130.90 - - [09/Dec/2019:17:24:20 +0100] "POST /wp-cron.php?doing_wp_cron=1575908660.1430160999298095703125 HTTP/1.1" 200 3389 "https://amazingsportwear.com/wp-cron.php?doing_wp_cron=1575908660.1430160999298095703125" "WordPress/5.2.4; https://amazingsportwear.com" "-"
157.55.39.79 - - [09/Dec/2019:17:24:17 +0100] "GET /producto/linterna-biddick/feed/ HTTP/1.1" 200 4808 "-" "msnbot/2.0b (+http://search.msn.com/msnbot.htm)" "-"
97.103.56.103 - - [09/Dec/2019:17:24:43 +0100] "GET /wp-content/uploads/2019/04/Gorra-sport-6.png HTTP/1.1" 200 44623 "https://www.google.com/" "Mozilla/5.0 (Windows NT 6.3; Win64; x64) AppleWebKit/537.36 (KHTML, like Gecko) Chrome/78.0.3904.108 Safari/537.36" "-"
217.76.130.90 - - [09/Dec/2019:17:25:05 +0100] "POST /wp-cron.php?doing_wp_cron=1575908705.0361659526824951171875 HTTP/1.1" 200 3389 "https://amazingsportwear.com/wp-cron.php?doing_wp_cron=1575908705.0361659526824951171875" "WordPress/5.2.4; https://amazingsportwear.com" "-"
173.252.127.33 - - [09/Dec/2019:17:25:04 +0100] "GET / HTTP/1.1" 200 125545 "-" "facebookexternalhit/1.1 (+http://www.facebook.com/externalhit_uatext.php)" "-"
173.252.127.19 - - [09/Dec/2019:17:25:09 +0100] "GET /contacta-con-nosotros HTTP/1.1" 301 319 "-" "facebookexternalhit/1.1 (+http://www.facebook.com/externalhit_uatext.php)" "-"
173.252.127.19 - - [09/Dec/2019:17:25:10 +0100] "GET /contacta-con-nosotros/ HTTP/1.1" 200 58169 "-" "facebookexternalhit/1.1 (+http://www.facebook.com/externalhit_uatext.php)" "-"
157.55.39.79 - - [09/Dec/2019:17:25:27 +0100] "GET /atletismo/21-camiseta-manga-corta-ranglan-atletismo.html HTTP/1.1" 404 68123 "-" "Mozilla/5.0 (iPhone; CPU iPhone OS 7_0 like Mac OS X) AppleWebKit/537.51.1 (KHTML, like Gecko) Version/7.0 Mobile/11A465 Safari/9537.53 (compatible; bingbot/2.0; +http://www.bing.com/bingbot.htm)" "-"
157.55.39.160 - - [09/Dec/2019:17:25:46 +0100] "GET /producto/golf-banner/feed/ HTTP/1.1" 200 4793 "-" "msnbot/2.0b (+http://search.msn.com/msnbot.htm)" "-"
217.76.130.90 - - [09/Dec/2019:17:29:55 +0100] "POST /wp-cron.php?doing_wp_cron=1575908995.8635499477386474609375 HTTP/1.1" 200 3389 "https://amazingsportwear.com/wp-cron.php?doing_wp_cron=1575908995.8635499477386474609375" "WordPress/5.2.4; https://amazingsportwear.com" "-"
157.55.39.160 - - [09/Dec/2019:17:29:53 +0100] "GET /producto/golf-banner/feed/ HTTP/1.1" 200 4793 "-" "msnbot/2.0b (+http://search.msn.com/msnbot.htm)" "-"
217.76.130.90 - - [09/Dec/2019:17:31:46 +0100] "POST /wp-cron.php?doing_wp_cron=1575909106.3150830268859863281250 HTTP/1.1" 200 3389 "https://amazingsportwear.com/wp-cron.php?doing_wp_cron=1575909106.3150830268859863281250" "WordPress/5.2.4; https://amazingsportwear.com" "-"
207.46.13.36 - - [09/Dec/2019:17:31:45 +0100] "GET /producto/linterna-biddick/feed/ HTTP/1.1" 200 4808 "-" "msnbot/2.0b (+http://search.msn.com/msnbot.htm)" "-"
217.76.130.90 - - [09/Dec/2019:17:33:12 +0100] "POST /wp-cron.php?doing_wp_cron=1575909192.7684979438781738281250 HTTP/1.1" 200 3389 "https://amazingsportwear.com/wp-cron.php?doing_wp_cron=1575909192.7684979438781738281250" "WordPress/5.2.4; https://amazingsportwear.com" "-"
66.249.64.146 - - [09/Dec/2019:17:33:11 +0100] "GET /producto/short-tecnico-padel-tenis-sun/ HTTP/1.1" 200 97350 "-" "Mozilla/5.0 (compatible; Googlebot/2.1; +http://www.google.com/bot.html)" "-"
189.203.32.59 - - [09/Dec/2019:17:36:14 +0100] "GET /wp-content/uploads/2019/04/Gorra-sport-6.png HTTP/1.1" 200 44623 "https://www.google.com/" "Mozilla/5.0 (Windows NT 10.0; Win64; x64) AppleWebKit/537.36 (KHTML, like Gecko) Chrome/78.0.3904.108 Safari/537.36" "-"
148.0.56.16 - - [09/Dec/2019:17:43:15 +0100] "GET /wp-content/uploads/2017/03/sa-6648_22102.jpg HTTP/1.1" 200 363157 "https://www.google.com/" "Mozilla/5.0 (Windows NT 10.0; WOW64) AppleWebKit/537.36 (KHTML, like Gecko) Chrome/64.0.3282.119 Safari/537.36" "-"
217.76.130.90 - - [09/Dec/2019:17:49:11 +0100] "POST /wp-cron.php?doing_wp_cron=1575910151.5192270278930664062500 HTTP/1.1" 200 3389 "https://amazingsportwear.com/wp-cron.php?doing_wp_cron=1575910151.5192270278930664062500" "WordPress/5.2.4; https://amazingsportwear.com" "-"
40.77.167.126 - - [09/Dec/2019:17:49:08 +0100] "GET /producto/bidon-halmik/ HTTP/1.1" 200 96518 "-" "Mozilla/5.0 (compatible; bingbot/2.0; +http://www.bing.com/bingbot.htm)" "-"
113.75.3.114 - - [09/Dec/2019:17:59:04 +0100] "GET /wp-content/uploads/2018/05/sol-palladium-colores-1.jpg HTTP/1.1" 200 26571 "-" "Mozilla/5.0(Linux;Android 5.1.1;OPPO A33 Build/LMY47V;wv) AppleWebKit/537.36(KHTML,link Gecko) Version/4.0 Chrome/43.0.2357.121 Mobile Safari/537.36 LieBaoFast/4.51.3" "-"
131.108.141.12 - - [09/Dec/2019:18:02:07 +0100] "GET /wp-content/uploads/2017/01/motocr.png HTTP/1.1" 200 264756 "https://www.google.com/" "Mozilla/5.0 (Linux; Android 9; moto g(7) power) AppleWebKit/537.36 (KHTML, like Gecko) Chrome/78.0.3904.108 Mobile Safari/537.36" "-"
217.76.130.90 - - [09/Dec/2019:18:08:42 +0100] "POST /wp-cron.php?doing_wp_cron=1575911322.2768249511718750000000 HTTP/1.1" 200 3389 "https://amazingsportwear.com/wp-cron.php?doing_wp_cron=1575911322.2768249511718750000000" "WordPress/5.2.4; https://amazingsportwear.com" "-"
54.36.148.136 - - [09/Dec/2019:18:08:39 +0100] "GET /robots.txt HTTP/1.1" 200 3692 "-" "Mozilla/5.0 (compatible; AhrefsBot/6.1; +http://ahrefs.com/robot/)" "-"
151.80.39.38 - - [09/Dec/2019:18:08:56 +0100] "GET / HTTP/1.1" 200 125521 "-" "Mozilla/5.0 (compatible; AhrefsBot/6.1; +http://ahrefs.com/robot/)" "-"
187.154.171.225 - - [09/Dec/2019:18:16:55 +0100] "GET /wp-content/uploads/2019/04/Gorra-sport-11.png HTTP/1.1" 200 131116 "https://www.google.com.mx/" "Mozilla/5.0 (Windows NT 10.0; Win64; x64) AppleWebKit/537.36 (KHTML, like Gecko) Chrome/78.0.3904.108 Safari/537.36" "-"
217.76.130.90 - - [09/Dec/2019:18:30:34 +0100] "POST /wp-cron.php?doing_wp_cron=1575912634.9767179489135742187500 HTTP/1.1" 200 3389 "https://amazingsportwear.com/wp-cron.php?doing_wp_cron=1575912634.9767179489135742187500" "WordPress/5.2.4; https://amazingsportwear.com" "-"
66.249.64.148 - - [09/Dec/2019:18:30:32 +0100] "GET /etiqueta-producto/kit-primeros-auxilios/ HTTP/1.1" 200 56032 "-" "Mozilla/5.0 (Linux; Android 6.0.1; Nexus 5X Build/MMB29P) AppleWebKit/537.36 (KHTML, like Gecko) Chrome/41.0.2272.96 Mobile Safari/537.36 (compatible; Googlebot/2.1; +http://www.google.com/bot.html)" "-"
217.76.130.90 - - [09/Dec/2019:18:33:09 +0100] "POST /wp-cron.php?doing_wp_cron=1575912789.7887210845947265625000 HTTP/1.1" 200 3389 "https://amazingsportwear.com/wp-cron.php?doing_wp_cron=1575912789.7887210845947265625000" "WordPress/5.2.4; https://amazingsportwear.com" "-"
66.249.64.146 - - [09/Dec/2019:18:33:09 +0100] "GET /producto/camiseta-tecnica-maurice/ HTTP/1.1" 200 103161 "-" "Mozilla/5.0 (compatible; Googlebot/2.1; +http://www.google.com/bot.html)" "-"
