217.76.130.90 - - [02/Dec/2019:06:24:00 +0100] "POST /wp-cron.php?doing_wp_cron=1575264240.9116659164428710937500 HTTP/1.1" 200 3389 "https://amazingsportwear.com/wp-cron.php?doing_wp_cron=1575264240.9116659164428710937500" "WordPress/5.2.4; https://amazingsportwear.com" "-"
66.249.66.70 - - [02/Dec/2019:06:24:00 +0100] "GET /producto/camiseta-tecnica-manga-larga-sa-0415/ HTTP/1.1" 200 108020 "-" "Mozilla/5.0 (Linux; Android 6.0.1; Nexus 5X Build/MMB29P) AppleWebKit/537.36 (KHTML, like Gecko) Chrome/41.0.2272.96 Mobile Safari/537.36 (compatible; Googlebot/2.1; +http://www.google.com/bot.html)" "-"
217.76.130.90 - - [02/Dec/2019:06:25:11 +0100] "POST /wp-cron.php?doing_wp_cron=1575264311.7842319011688232421875 HTTP/1.1" 200 3389 "https://amazingsportwear.com/wp-cron.php?doing_wp_cron=1575264311.7842319011688232421875" "WordPress/5.2.4; https://amazingsportwear.com" "-"
66.249.66.66 - - [02/Dec/2019:06:25:10 +0100] "GET /producto/camiseta-tecnica-mujer-janis-aq-janis/ HTTP/1.1" 200 98666 "-" "Mozilla/5.0 (Linux; Android 6.0.1; Nexus 5X Build/MMB29P) AppleWebKit/537.36 (KHTML, like Gecko) Chrome/41.0.2272.96 Mobile Safari/537.36 (compatible; Googlebot/2.1; +http://www.google.com/bot.html)" "-"
66.249.66.66 - - [02/Dec/2019:06:25:17 +0100] "POST /?wc-ajax=get_refreshed_fragments HTTP/1.1" 200 1397 "https://amazingsportwear.com/producto/camiseta-tecnica-mujer-janis-aq-janis/" "Mozilla/5.0 (Linux; Android 6.0.1; Nexus 5X Build/MMB29P) AppleWebKit/537.36 (KHTML, like Gecko) Chrome/41.0.2272.96 Mobile Safari/537.36 (compatible; Googlebot/2.1; +http://www.google.com/bot.html)" "_ga=GA1.2.969013651.1575244800; _gid=GA1.2.1978218920.1575244800; _gat_gtag_UA_91619287_1=1"
66.249.66.66 - - [02/Dec/2019:06:25:51 +0100] "GET /producto/mochila-keisy/ HTTP/1.1" 200 97368 "-" "Mozilla/5.0 (Linux; Android 6.0.1; Nexus 5X Build/MMB29P) AppleWebKit/537.36 (KHTML, like Gecko) Chrome/41.0.2272.96 Mobile Safari/537.36 (compatible; Googlebot/2.1; +http://www.google.com/bot.html)" "-"
66.249.66.66 - - [02/Dec/2019:06:25:57 +0100] "POST /?wc-ajax=get_refreshed_fragments HTTP/1.1" 200 1397 "https://amazingsportwear.com/producto/mochila-keisy/" "Mozilla/5.0 (Linux; Android 6.0.1; Nexus 5X Build/MMB29P) AppleWebKit/537.36 (KHTML, like Gecko) Chrome/41.0.2272.96 Mobile Safari/537.36 (compatible; Googlebot/2.1; +http://www.google.com/bot.html)" "_ga=GA1.2.969013651.1575244800; _gid=GA1.2.1978218920.1575244800; _gat_gtag_UA_91619287_1=1"
217.76.130.90 - - [02/Dec/2019:06:29:28 +0100] "POST /wp-cron.php?doing_wp_cron=1575264568.0806100368499755859375 HTTP/1.1" 200 3389 "https://amazingsportwear.com/wp-cron.php?doing_wp_cron=1575264568.0806100368499755859375" "WordPress/5.2.4; https://amazingsportwear.com" "-"
5.188.210.242 - - [02/Dec/2019:06:29:27 +0100] "GET /guia-de-tallas/ HTTP/1.0" 200 83714 "https://amazingsportwear.com/guia-de-tallas/" "Mozilla/5.0 (Windows NT 10.0) AppleWebKit/537.36 (KHTML, like Gecko) Chrome/67.0.3396.99 Safari/537.36" "-"
5.188.210.242 - - [02/Dec/2019:06:29:29 +0100] "POST /wp-comments-post.php HTTP/1.0" 302 4102 "https://amazingsportwear.com/guia-de-tallas/" "Mozilla/5.0 (Windows NT 10.0) AppleWebKit/537.36 (KHTML, like Gecko) Chrome/67.0.3396.99 Safari/537.36" "wpfront-notification-bar-landingpage=1"
5.188.210.242 - - [02/Dec/2019:06:29:30 +0100] "GET /guia-de-tallas/ HTTP/1.0" 200 83656 "https://amazingsportwear.com/guia-de-tallas/#comment-6" "Mozilla/5.0 (Windows NT 10.0) AppleWebKit/537.36 (KHTML, like Gecko) Chrome/67.0.3396.99 Safari/537.36" "wpfront-notification-bar-landingpage=1; comment_author_fb86dbb0e6335d960ea3e94e06b25287=+; comment_author_email_fb86dbb0e6335d960ea3e94e06b25287=+; comment_author_url_fb86dbb0e6335d960ea3e94e06b25287=+"
217.76.130.90 - - [02/Dec/2019:06:30:57 +0100] "POST /wp-cron.php?doing_wp_cron=1575264657.5519719123840332031250 HTTP/1.1" 200 3389 "https://amazingsportwear.com/wp-cron.php?doing_wp_cron=1575264657.5519719123840332031250" "WordPress/5.2.4; https://amazingsportwear.com" "-"
5.188.210.242 - - [02/Dec/2019:06:30:56 +0100] "GET /guia-de-tallas/ HTTP/1.1" 200 84236 "-" "Mozilla/5.0 (Windows NT 6.1; Win64; x64; rv:62.0) Gecko/20100101 Firefox/62.0" "-"
66.249.66.68 - - [02/Dec/2019:06:35:53 +0100] "GET /wp-content/uploads/2017/03/CAT-3579-azul-300x300.jpg HTTP/1.1" 304 3565 "-" "Googlebot-Image/1.0" "-"
217.76.130.90 - - [02/Dec/2019:06:36:52 +0100] "POST /wp-cron.php?doing_wp_cron=1575265012.7639849185943603515625 HTTP/1.1" 200 164 "http://amazingsportwear.com/wp-cron.php?doing_wp_cron=1575265012.7639849185943603515625" "WordPress/5.2.4; https://amazingsportwear.com" "-"
66.249.66.86 - - [02/Dec/2019:06:36:51 +0100] "GET / HTTP/1.1" 301 336 "-" "Mozilla/5.0 (Linux; Android 6.0.1; Nexus 5X Build/MMB29P) AppleWebKit/537.36 (KHTML, like Gecko) Chrome/41.0.2272.96 Mobile Safari/537.36 (compatible; Googlebot/2.1; +http://www.google.com/bot.html)" "-"
66.249.66.68 - - [02/Dec/2019:06:36:53 +0100] "GET / HTTP/1.1" 200 125736 "-" "Mozilla/5.0 (Linux; Android 6.0.1; Nexus 5X Build/MMB29P) AppleWebKit/537.36 (KHTML, like Gecko) Chrome/41.0.2272.96 Mobile Safari/537.36 (compatible; Googlebot/2.1; +http://www.google.com/bot.html)" "wpfront-notification-bar-landingpage=1"
66.249.66.68 - - [02/Dec/2019:06:37:00 +0100] "POST /?wc-ajax=get_refreshed_fragments HTTP/1.1" 200 1397 "https://amazingsportwear.com/" "Mozilla/5.0 (Linux; Android 6.0.1; Nexus 5X Build/MMB29P) AppleWebKit/537.36 (KHTML, like Gecko) Chrome/41.0.2272.96 Mobile Safari/537.36 (compatible; Googlebot/2.1; +http://www.google.com/bot.html)" "_ga=GA1.2.1951319036.1575244800; _gid=GA1.2.1036204339.1575244800; _gat_gtag_UA_91619287_1=1"
217.76.130.90 - - [02/Dec/2019:06:43:43 +0100] "POST /wp-cron.php?doing_wp_cron=1575265423.0597341060638427734375 HTTP/1.1" 200 3389 "https://amazingsportwear.com/wp-cron.php?doing_wp_cron=1575265423.0597341060638427734375" "WordPress/5.2.4; https://amazingsportwear.com" "-"
66.249.66.66 - - [02/Dec/2019:06:43:41 +0100] "GET /producto/kit-emergencia-redcross/ HTTP/1.1" 200 91854 "-" "Mozilla/5.0 (Linux; Android 6.0.1; Nexus 5X Build/MMB29P) AppleWebKit/537.36 (KHTML, like Gecko) Chrome/41.0.2272.96 Mobile Safari/537.36 (compatible; Googlebot/2.1; +http://www.google.com/bot.html)" "-"
66.249.66.66 - - [02/Dec/2019:06:43:56 +0100] "POST /?wc-ajax=get_refreshed_fragments HTTP/1.1" 200 1397 "https://amazingsportwear.com/producto/kit-emergencia-redcross/" "Mozilla/5.0 (Linux; Android 6.0.1; Nexus 5X Build/MMB29P) AppleWebKit/537.36 (KHTML, like Gecko) Chrome/41.0.2272.96 Mobile Safari/537.36 (compatible; Googlebot/2.1; +http://www.google.com/bot.html)" "_ga=GA1.2.969013651.1575244800; _gid=GA1.2.1978218920.1575244800; _gat_gtag_UA_91619287_1=1"
190.63.1.84 - - [02/Dec/2019:06:51:11 +0100] "GET /wp-content/uploads/2019/04/Gorra-harum-2.png HTTP/1.1" 200 53515 "https://www.google.com/" "Mozilla/5.0 (Linux; Android 9; ANE-LX3) AppleWebKit/537.36 (KHTML, like Gecko) Chrome/75.0.3770.101 Mobile Safari/537.36" "-"
217.76.130.90 - - [02/Dec/2019:06:53:03 +0100] "POST /wp-cron.php?doing_wp_cron=1575265983.6172111034393310546875 HTTP/1.1" 200 164 "http://amazingsportwear.com/wp-cron.php?doing_wp_cron=1575265983.6172111034393310546875" "WordPress/5.2.4; https://amazingsportwear.com" "-"
198.204.229.106 - - [02/Dec/2019:06:53:02 +0100] "GET / HTTP/1.1" 301 279 "-" "-" ""
198.204.229.106 - - [02/Dec/2019:06:53:04 +0100] "GET / HTTP/1.1" 200 125545 "http://amazingsportwear.com/" "-" ""
66.249.66.68 - - [02/Dec/2019:06:56:31 +0100] "GET /wp-content/uploads/2019/04/gorra-bayon-1-300x300.png HTTP/1.1" 304 3565 "-" "Googlebot-Image/1.0" "-"
217.76.130.90 - - [02/Dec/2019:07:01:01 +0100] "POST /wp-cron.php?doing_wp_cron=1575266461.1980109214782714843750 HTTP/1.1" 200 164 "http://amazingsportwear.com/wp-cron.php?doing_wp_cron=1575266461.1980109214782714843750" "WordPress/5.2.4; https://amazingsportwear.com" "-"
157.55.39.19 - - [02/Dec/2019:07:01:00 +0100] "GET /robots.txt HTTP/1.1" 200 432 "-" "Mozilla/5.0 (compatible; bingbot/2.0; +http://www.bing.com/bingbot.htm)" "-"
217.76.130.90 - - [02/Dec/2019:07:01:28 +0100] "POST /wp-cron.php?doing_wp_cron=1575266488.2338631153106689453125 HTTP/1.1" 200 3389 "https://amazingsportwear.com/wp-cron.php?doing_wp_cron=1575266488.2338631153106689453125" "WordPress/5.2.4; https://amazingsportwear.com" "-"
207.46.13.131 - - [02/Dec/2019:07:01:27 +0100] "GET /contactanos HTTP/1.1" 404 72221 "-" "Mozilla/5.0 (compatible; bingbot/2.0; +http://www.bing.com/bingbot.htm)" "-"
40.77.167.135 - - [02/Dec/2019:07:01:41 +0100] "GET /wp-content/uploads/2019/04/Gorra-sport-3.png HTTP/1.1" 200 91212 "-" "Mozilla/5.0 (compatible; bingbot/2.0; +http://www.bing.com/bingbot.htm)" "-"
217.76.130.90 - - [02/Dec/2019:07:02:55 +0100] "POST /wp-cron.php?doing_wp_cron=1575266575.5853850841522216796875 HTTP/1.1" 200 3389 "https://amazingsportwear.com/wp-cron.php?doing_wp_cron=1575266575.5853850841522216796875" "WordPress/5.2.4; https://amazingsportwear.com" "-"
54.36.148.185 - - [02/Dec/2019:07:02:55 +0100] "GET /robots.txt HTTP/1.1" 200 3692 "-" "Mozilla/5.0 (compatible; AhrefsBot/6.1; +http://ahrefs.com/robot/)" "-"
54.36.150.12 - - [02/Dec/2019:07:02:56 +0100] "GET / HTTP/1.1" 301 3504 "-" "Mozilla/5.0 (compatible; AhrefsBot/6.1; +http://ahrefs.com/robot/)" "-"
217.76.130.90 - - [02/Dec/2019:07:05:15 +0100] "POST /wp-cron.php?doing_wp_cron=1575266715.5111780166625976562500 HTTP/1.1" 200 3389 "https://amazingsportwear.com/wp-cron.php?doing_wp_cron=1575266715.5111780166625976562500" "WordPress/5.2.4; https://amazingsportwear.com" "-"
66.249.66.70 - - [02/Dec/2019:07:05:15 +0100] "GET /producto/chaleco-cortavientos-sublimado-asw/ HTTP/1.1" 200 90804 "-" "Mozilla/5.0 (Linux; Android 6.0.1; Nexus 5X Build/MMB29P) AppleWebKit/537.36 (KHTML, like Gecko) Chrome/41.0.2272.96 Mobile Safari/537.36 (compatible; Googlebot/2.1; +http://www.google.com/bot.html)" "-"
217.76.130.90 - - [02/Dec/2019:07:10:33 +0100] "POST /wp-cron.php?doing_wp_cron=1575267032.6990060806274414062500 HTTP/1.1" 200 164 "http://amazingsportwear.com/wp-cron.php?doing_wp_cron=1575267032.6990060806274414062500" "WordPress/5.2.4; https://amazingsportwear.com" "-"
108.167.165.70 - - [02/Dec/2019:07:10:31 +0100] "GET /wp-admin/nav-menus.php HTTP/1.1" 302 396 "http://site.ru" "Mozilla/5.0 (Windows; U; Windows NT 5.1; en-US) AppleWebKit/533.4 (KHTML, like Gecko) Chrome/5.0.375.99 Safari/533.4" "-"
108.167.165.70 - - [02/Dec/2019:07:10:35 +0100] "GET /wp-admin/nav-menus.php HTTP/1.1" 302 3694 "http://site.ru" "Mozilla/5.0 (Windows; U; Windows NT 5.1; en-US) AppleWebKit/533.4 (KHTML, like Gecko) Chrome/5.0.375.99 Safari/533.4" "-"
108.167.165.70 - - [02/Dec/2019:07:10:35 +0100] "GET /wp-login.php?redirect_to=https%3A%2F%2Famazingsportwear.com%2Fwp-admin%2Fnav-menus.php&reauth=1 HTTP/1.1" 200 6709 "http://site.ru" "Mozilla/5.0 (Windows; U; Windows NT 5.1; en-US) AppleWebKit/533.4 (KHTML, like Gecko) Chrome/5.0.375.99 Safari/533.4" "-"
217.76.130.90 - - [02/Dec/2019:07:11:07 +0100] "POST /wp-cron.php?doing_wp_cron=1575267067.4644129276275634765625 HTTP/1.1" 200 164 "http://amazingsportwear.com/wp-cron.php?doing_wp_cron=1575267067.4644129276275634765625" "WordPress/5.2.4; https://amazingsportwear.com" "-"
108.167.165.70 - - [02/Dec/2019:07:11:06 +0100] "GET /wp-admin/nav-menus.php HTTP/1.1" 302 396 "http://site.ru" "Mozilla/5.0 (Windows; U; Windows NT 5.1; en-US) AppleWebKit/533.4 (KHTML, like Gecko) Chrome/5.0.375.99 Safari/533.4" "-"
108.167.165.70 - - [02/Dec/2019:07:11:08 +0100] "GET /wp-admin/nav-menus.php HTTP/1.1" 302 3694 "http://site.ru" "Mozilla/5.0 (Windows; U; Windows NT 5.1; en-US) AppleWebKit/533.4 (KHTML, like Gecko) Chrome/5.0.375.99 Safari/533.4" "-"
108.167.165.70 - - [02/Dec/2019:07:11:09 +0100] "GET /wp-login.php?redirect_to=https%3A%2F%2Famazingsportwear.com%2Fwp-admin%2Fnav-menus.php&reauth=1 HTTP/1.1" 200 6709 "http://site.ru" "Mozilla/5.0 (Windows; U; Windows NT 5.1; en-US) AppleWebKit/533.4 (KHTML, like Gecko) Chrome/5.0.375.99 Safari/533.4" "-"
217.76.130.90 - - [02/Dec/2019:07:22:00 +0100] "POST /wp-cron.php?doing_wp_cron=1575267720.3543510437011718750000 HTTP/1.1" 200 3389 "https://amazingsportwear.com/wp-cron.php?doing_wp_cron=1575267720.3543510437011718750000" "WordPress/5.2.4; https://amazingsportwear.com" "-"
66.249.66.66 - - [02/Dec/2019:07:21:58 +0100] "GET /ciclismo/40-culoute-largo-ciclismo.html HTTP/1.1" 404 72353 "-" "Mozilla/5.0 (Linux; Android 6.0.1; Nexus 5X Build/MMB29P) AppleWebKit/537.36 (KHTML, like Gecko) Chrome/41.0.2272.96 Mobile Safari/537.36 (compatible; Googlebot/2.1; +http://www.google.com/bot.html)" "-"
157.55.39.162 - - [02/Dec/2019:07:23:08 +0100] "GET /wp-content/uploads/2019/04/Gorra-sport-6.png HTTP/1.1" 200 44623 "-" "Mozilla/5.0 (compatible; bingbot/2.0; +http://www.bing.com/bingbot.htm)" "-"
66.249.66.68 - - [02/Dec/2019:07:25:56 +0100] "GET /wp-content/uploads/2018/05/BP-38040-chico-300x300.jpg HTTP/1.1" 304 3565 "-" "Googlebot-Image/1.0" "-"
217.76.130.90 - - [02/Dec/2019:07:26:34 +0100] "POST /wp-cron.php?doing_wp_cron=1575267994.1428399085998535156250 HTTP/1.1" 200 3389 "https://amazingsportwear.com/wp-cron.php?doing_wp_cron=1575267994.1428399085998535156250" "WordPress/5.2.4; https://amazingsportwear.com" "-"
54.36.148.9 - - [02/Dec/2019:07:26:33 +0100] "GET /robots.txt HTTP/1.1" 200 3692 "-" "Mozilla/5.0 (compatible; AhrefsBot/6.1; +http://ahrefs.com/robot/)" "-"
54.36.150.146 - - [02/Dec/2019:07:26:34 +0100] "GET /module/blockwishlist/mywishlist HTTP/1.1" 404 72061 "-" "Mozilla/5.0 (compatible; AhrefsBot/6.1; +http://ahrefs.com/robot/)" "-"
177.228.131.112 - - [02/Dec/2019:07:32:57 +0100] "GET /wp-content/uploads/2019/04/SA-1070-2.png HTTP/1.1" 200 175956 "https://www.google.com/" "Mozilla/5.0 (Windows NT 10.0; Win64; x64) AppleWebKit/537.36 (KHTML, like Gecko) Chrome/78.0.3904.97 Safari/537.36" "-"
217.76.130.90 - - [02/Dec/2019:07:45:17 +0100] "POST /wp-cron.php?doing_wp_cron=1575269117.5593729019165039062500 HTTP/1.1" 200 3389 "https://amazingsportwear.com/wp-cron.php?doing_wp_cron=1575269117.5593729019165039062500" "WordPress/5.2.4; https://amazingsportwear.com" "-"
66.249.66.70 - - [02/Dec/2019:07:45:16 +0100] "GET /producto/camiseta-tecnica-tirantes-ribete-nath-beat/ HTTP/1.1" 200 104481 "-" "Mozilla/5.0 (Linux; Android 6.0.1; Nexus 5X Build/MMB29P) AppleWebKit/537.36 (KHTML, like Gecko) Chrome/41.0.2272.96 Mobile Safari/537.36 (compatible; Googlebot/2.1; +http://www.google.com/bot.html)" "-"
217.76.130.90 - - [02/Dec/2019:07:53:54 +0100] "POST /wp-cron.php?doing_wp_cron=1575269634.4290459156036376953125 HTTP/1.1" 200 3389 "https://amazingsportwear.com/wp-cron.php?doing_wp_cron=1575269634.4290459156036376953125" "WordPress/5.2.4; https://amazingsportwear.com" "-"
31.13.103.17 - - [02/Dec/2019:07:53:53 +0100] "GET / HTTP/1.1" 200 125580 "-" "facebookexternalhit/1.1 (+http://www.facebook.com/externalhit_uatext.php)" "-"
31.13.103.4 - - [02/Dec/2019:07:53:56 +0100] "GET /contacta-con-nosotros HTTP/1.1" 301 319 "-" "facebookexternalhit/1.1 (+http://www.facebook.com/externalhit_uatext.php)" "-"
31.13.103.4 - - [02/Dec/2019:07:53:56 +0100] "GET /contacta-con-nosotros/ HTTP/1.1" 200 58189 "-" "facebookexternalhit/1.1 (+http://www.facebook.com/externalhit_uatext.php)" "-"
217.76.130.90 - - [02/Dec/2019:07:57:03 +0100] "POST /wp-cron.php?doing_wp_cron=1575269823.8632969856262207031250 HTTP/1.1" 200 3389 "https://amazingsportwear.com/wp-cron.php?doing_wp_cron=1575269823.8632969856262207031250" "WordPress/5.2.4; https://amazingsportwear.com" "-"
66.249.66.66 - - [02/Dec/2019:07:57:03 +0100] "GET /producto/camiseta-tecnica-nath-combi-2/ HTTP/1.1" 200 102888 "-" "Mozilla/5.0 (Linux; Android 6.0.1; Nexus 5X Build/MMB29P) AppleWebKit/537.36 (KHTML, like Gecko) Chrome/41.0.2272.96 Mobile Safari/537.36 (compatible; Googlebot/2.1; +http://www.google.com/bot.html)" "-"
66.249.66.66 - - [02/Dec/2019:07:57:08 +0100] "POST /?wc-ajax=get_refreshed_fragments HTTP/1.1" 200 1397 "https://amazingsportwear.com/producto/camiseta-tecnica-nath-combi-2/" "Mozilla/5.0 (Linux; Android 6.0.1; Nexus 5X Build/MMB29P) AppleWebKit/537.36 (KHTML, like Gecko) Chrome/41.0.2272.96 Mobile Safari/537.36 (compatible; Googlebot/2.1; +http://www.google.com/bot.html)" "_ga=GA1.2.969013651.1575244800; _gid=GA1.2.1978218920.1575244800; _gat_gtag_UA_91619287_1=1"
217.76.130.90 - - [02/Dec/2019:08:08:27 +0100] "POST /wp-cron.php?doing_wp_cron=1575270507.6922800540924072265625 HTTP/1.1" 200 3389 "https://amazingsportwear.com/wp-cron.php?doing_wp_cron=1575270507.6922800540924072265625" "WordPress/5.2.4; https://amazingsportwear.com" "-"
66.249.66.70 - - [02/Dec/2019:08:08:26 +0100] "GET /ciclismo/37-maillot-manga-corta.html HTTP/1.1" 404 72327 "-" "Mozilla/5.0 (Linux; Android 6.0.1; Nexus 5X Build/MMB29P) AppleWebKit/537.36 (KHTML, like Gecko) Chrome/41.0.2272.96 Mobile Safari/537.36 (compatible; Googlebot/2.1; +http://www.google.com/bot.html)" "-"
81.40.213.50 - - [02/Dec/2019:08:11:26 +0100] "GET /wp-content/uploads/2019/04/AQ-FALDA-4.png HTTP/1.1" 200 86130 "https://www.google.es/" "Mozilla/5.0 (iPhone; CPU iPhone OS 13_2_3 like Mac OS X) AppleWebKit/605.1.15 (KHTML, like Gecko) Version/13.0.3 Mobile/15E148 Safari/604.1" "-"
81.40.213.50 - - [02/Dec/2019:08:11:32 +0100] "GET /wp-content/uploads/2019/04/AQ-FALDA-1.png HTTP/1.1" 200 321904 "https://www.google.es/" "Mozilla/5.0 (iPhone; CPU iPhone OS 13_2_3 like Mac OS X) AppleWebKit/605.1.15 (KHTML, like Gecko) Version/13.0.3 Mobile/15E148 Safari/604.1" "-"
185.220.101.75 - - [02/Dec/2019:08:17:42 +0100] "GET /license.txt HTTP/1.1" 200 20216 "-" "WordPress.org" "-"
217.76.130.90 - - [02/Dec/2019:08:32:39 +0100] "POST /wp-cron.php?doing_wp_cron=1575271959.0858030319213867187500 HTTP/1.1" 200 3389 "https://amazingsportwear.com/wp-cron.php?doing_wp_cron=1575271959.0858030319213867187500" "WordPress/5.2.4; https://amazingsportwear.com" "-"
66.249.66.66 - - [02/Dec/2019:08:32:36 +0100] "POST /?wc-ajax=get_refreshed_fragments HTTP/1.1" 200 4760 "https://amazingsportwear.com/producto/mochila-8000/" "Mozilla/5.0 (Linux; Android 6.0.1; Nexus 5X Build/MMB29P) AppleWebKit/537.36 (KHTML, like Gecko) Chrome/41.0.2272.96 Mobile Safari/537.36 (compatible; Googlebot/2.1; +http://www.google.com/bot.html)" "_ga=GA1.2.969013651.1575244800; _gid=GA1.2.1978218920.1575244800; _gat_gtag_UA_91619287_1=1"
217.76.130.90 - - [02/Dec/2019:08:37:28 +0100] "POST /wp-cron.php?doing_wp_cron=1575272248.0196540355682373046875 HTTP/1.1" 200 3389 "https://amazingsportwear.com/wp-cron.php?doing_wp_cron=1575272248.0196540355682373046875" "WordPress/5.2.4; https://amazingsportwear.com" "-"
66.249.66.66 - - [02/Dec/2019:08:37:27 +0100] "GET /producto/gorra-kisse/ HTTP/1.1" 200 100131 "-" "Mozilla/5.0 (Linux; Android 6.0.1; Nexus 5X Build/MMB29P) AppleWebKit/537.36 (KHTML, like Gecko) Chrome/41.0.2272.96 Mobile Safari/537.36 (compatible; Googlebot/2.1; +http://www.google.com/bot.html)" "-"
66.249.66.66 - - [02/Dec/2019:08:37:42 +0100] "GET /producto/pantalon-corto-futbol/ HTTP/1.1" 200 88091 "-" "Mozilla/5.0 (Linux; Android 6.0.1; Nexus 5X Build/MMB29P) AppleWebKit/537.36 (KHTML, like Gecko) Chrome/41.0.2272.96 Mobile Safari/537.36 (compatible; Googlebot/2.1; +http://www.google.com/bot.html)" "-"
66.249.66.66 - - [02/Dec/2019:08:37:47 +0100] "GET /wp-content/plugins/cookie-law-info/public/css/cookie-law-info-public.css?ver=1.7.6 HTTP/1.1" 200 3235 "https://amazingsportwear.com/producto/pantalon-corto-futbol/" "Mozilla/5.0 (Linux; Android 6.0.1; Nexus 5X Build/MMB29P) AppleWebKit/537.36 (KHTML, like Gecko) Chrome/41.0.2272.96 Mobile Safari/537.36 (compatible; Googlebot/2.1; +http://www.google.com/bot.html)" "-"
66.249.66.66 - - [02/Dec/2019:08:37:48 +0100] "GET /wp-content/plugins/wpfront-notification-bar/jquery-plugins/jquery.c.js?ver=1.4.0 HTTP/1.1" 200 3437 "https://amazingsportwear.com/producto/pantalon-corto-futbol/" "Mozilla/5.0 (Linux; Android 6.0.1; Nexus 5X Build/MMB29P) AppleWebKit/537.36 (KHTML, like Gecko) Chrome/41.0.2272.96 Mobile Safari/537.36 (compatible; Googlebot/2.1; +http://www.google.com/bot.html)" "-"
66.249.66.66 - - [02/Dec/2019:08:37:48 +0100] "GET /wp-content/plugins/cookie-law-info/public/css/cookie-law-info-gdpr.css?ver=1.7.6 HTTP/1.1" 200 12445 "https://amazingsportwear.com/producto/pantalon-corto-futbol/" "Mozilla/5.0 (Linux; Android 6.0.1; Nexus 5X Build/MMB29P) AppleWebKit/537.36 (KHTML, like Gecko) Chrome/41.0.2272.96 Mobile Safari/537.36 (compatible; Googlebot/2.1; +http://www.google.com/bot.html)" "-"
66.249.66.66 - - [02/Dec/2019:08:37:49 +0100] "GET /wp-content/plugins/simple-social-icons/svgxuse.js?ver=1.1.21 HTTP/1.1" 200 9580 "https://amazingsportwear.com/producto/pantalon-corto-futbol/" "Mozilla/5.0 (Linux; Android 6.0.1; Nexus 5X Build/MMB29P) AppleWebKit/537.36 (KHTML, like Gecko) Chrome/41.0.2272.96 Mobile Safari/537.36 (compatible; Googlebot/2.1; +http://www.google.com/bot.html)" "-"
66.249.66.66 - - [02/Dec/2019:08:37:50 +0100] "GET /wp-content/plugins/wpfront-notification-bar/js/wpfront-notification-bar.js?ver=1.7.1 HTTP/1.1" 200 5662 "https://amazingsportwear.com/producto/pantalon-corto-futbol/" "Mozilla/5.0 (Linux; Android 6.0.1; Nexus 5X Build/MMB29P) AppleWebKit/537.36 (KHTML, like Gecko) Chrome/41.0.2272.96 Mobile Safari/537.36 (compatible; Googlebot/2.1; +http://www.google.com/bot.html)" "-"
66.249.66.66 - - [02/Dec/2019:08:37:51 +0100] "GET /wp-content/plugins/wpfront-notification-bar/css/wpfront-notification-bar.css?ver=1.7.1 HTTP/1.1" 200 3663 "https://amazingsportwear.com/producto/pantalon-corto-futbol/" "Mozilla/5.0 (Linux; Android 6.0.1; Nexus 5X Build/MMB29P) AppleWebKit/537.36 (KHTML, like Gecko) Chrome/41.0.2272.96 Mobile Safari/537.36 (compatible; Googlebot/2.1; +http://www.google.com/bot.html)" "-"
66.249.66.66 - - [02/Dec/2019:08:37:53 +0100] "GET /wp-content/themes/shopper/style.css?ver=1.3.8 HTTP/1.1" 200 125315 "https://amazingsportwear.com/producto/pantalon-corto-futbol/" "Mozilla/5.0 (Linux; Android 6.0.1; Nexus 5X Build/MMB29P) AppleWebKit/537.36 (KHTML, like Gecko) Chrome/41.0.2272.96 Mobile Safari/537.36 (compatible; Googlebot/2.1; +http://www.google.com/bot.html)" "-"
66.249.66.66 - - [02/Dec/2019:08:37:56 +0100] "GET /wp-content/plugins/woocommerce/assets/js/js-cookie/js.cookie.min.js?ver=2.1.4 HTTP/1.1" 200 2187 "https://amazingsportwear.com/producto/pantalon-corto-futbol/" "Mozilla/5.0 (Linux; Android 6.0.1; Nexus 5X Build/MMB29P) AppleWebKit/537.36 (KHTML, like Gecko) Chrome/41.0.2272.96 Mobile Safari/537.36 (compatible; Googlebot/2.1; +http://www.google.com/bot.html)" "-"
66.249.66.66 - - [02/Dec/2019:08:37:56 +0100] "GET /wp-content/plugins/woocommerce/assets/js/jquery-blockui/jquery.blockUI.min.js?ver=2.70 HTTP/1.1" 200 9908 "https://amazingsportwear.com/producto/pantalon-corto-futbol/" "Mozilla/5.0 (Linux; Android 6.0.1; Nexus 5X Build/MMB29P) AppleWebKit/537.36 (KHTML, like Gecko) Chrome/41.0.2272.96 Mobile Safari/537.36 (compatible; Googlebot/2.1; +http://www.google.com/bot.html)" "-"
66.249.66.66 - - [02/Dec/2019:08:37:58 +0100] "GET /wp-includes/js/jquery/jquery-migrate.min.js?ver=1.4.1 HTTP/1.1" 200 10399 "https://amazingsportwear.com/producto/pantalon-corto-futbol/" "Mozilla/5.0 (Linux; Android 6.0.1; Nexus 5X Build/MMB29P) AppleWebKit/537.36 (KHTML, like Gecko) Chrome/41.0.2272.96 Mobile Safari/537.36 (compatible; Googlebot/2.1; +http://www.google.com/bot.html)" "-"
66.249.66.68 - - [02/Dec/2019:08:38:01 +0100] "GET /wp-content/plugins/woocommerce/assets/js/frontend/woocommerce.min.js?ver=3.6.4 HTTP/1.1" 200 5176 "https://amazingsportwear.com/producto/pantalon-corto-futbol/" "Mozilla/5.0 (Linux; Android 6.0.1; Nexus 5X Build/MMB29P) AppleWebKit/537.36 (KHTML, like Gecko) Chrome/41.0.2272.96 Mobile Safari/537.36 (compatible; Googlebot/2.1; +http://www.google.com/bot.html)" "-"
66.249.66.68 - - [02/Dec/2019:08:38:02 +0100] "GET /wp-content/plugins/woocommerce/assets/js/frontend/cart-fragments.min.js?ver=3.6.4 HTTP/1.1" 200 3281 "https://amazingsportwear.com/producto/pantalon-corto-futbol/" "Mozilla/5.0 (Linux; Android 6.0.1; Nexus 5X Build/MMB29P) AppleWebKit/537.36 (KHTML, like Gecko) Chrome/41.0.2272.96 Mobile Safari/537.36 (compatible; Googlebot/2.1; +http://www.google.com/bot.html)" "-"
66.249.66.70 - - [02/Dec/2019:08:38:03 +0100] "GET /wp-content/themes/shopper/assets/js/skip-link-focus-fix.js?ver=1.3.8 HTTP/1.1" 200 4386 "https://amazingsportwear.com/producto/pantalon-corto-futbol/" "Mozilla/5.0 (Linux; Android 6.0.1; Nexus 5X Build/MMB29P) AppleWebKit/537.36 (KHTML, like Gecko) Chrome/41.0.2272.96 Mobile Safari/537.36 (compatible; Googlebot/2.1; +http://www.google.com/bot.html)" "-"
66.249.66.68 - - [02/Dec/2019:08:38:03 +0100] "GET /wp-content/themes/shopper/assets/js/woocommerce/header-cart.min.js?ver=1.3.8 HTTP/1.1" 200 972 "https://amazingsportwear.com/producto/pantalon-corto-futbol/" "Mozilla/5.0 (Linux; Android 6.0.1; Nexus 5X Build/MMB29P) AppleWebKit/537.36 (KHTML, like Gecko) Chrome/41.0.2272.96 Mobile Safari/537.36 (compatible; Googlebot/2.1; +http://www.google.com/bot.html)" "-"
66.249.66.68 - - [02/Dec/2019:08:38:04 +0100] "GET /wp-content/plugins/simple-social-icons/symbol-defs.svg HTTP/1.1" 200 19699 "https://amazingsportwear.com/producto/pantalon-corto-futbol/" "Mozilla/5.0 (Linux; Android 6.0.1; Nexus 5X Build/MMB29P) AppleWebKit/537.36 (KHTML, like Gecko) Chrome/41.0.2272.96 Mobile Safari/537.36 (compatible; Googlebot/2.1; +http://www.google.com/bot.html)" "-"
91.106.199.104 - - [02/Dec/2019:08:54:25 +0100] "GET /wp-content/plugins/wpfront-notification-bar/css/wpfront-notification-bar.css HTTP/1.1" 200 3568 "-" "Mozilla/5.0 (compatible; tracemyfile/1.0)" "-"
217.76.130.90 - - [02/Dec/2019:08:58:22 +0100] "POST /wp-cron.php?doing_wp_cron=1575273502.1052188873291015625000 HTTP/1.1" 200 164 "http://amazingsportwear.com/wp-cron.php?doing_wp_cron=1575273502.1052188873291015625000" "WordPress/5.2.4; https://amazingsportwear.com" "-"
193.70.2.138 - - [02/Dec/2019:08:58:16 +0100] "GET /engl/functions.php?s=1 HTTP/1.1" 404 68005 "amazingsportwear.com" "Mozilla/5.1 (Windows NT 6.0; WOW64) AppleWebKit/537.37 (KHTML, like Gecko) Chrome/58.0.1145.75 Safari/537.37" "-"
193.70.2.138 - - [02/Dec/2019:08:58:53 +0100] "GET /sketch/functions.php?s=1 HTTP/1.1" 404 68044 "amazingsportwear.com" "Mozilla/5.1 (Windows NT 6.0; WOW64) AppleWebKit/537.37 (KHTML, like Gecko) Chrome/58.0.1145.75 Safari/537.37" "-"
217.76.130.90 - - [02/Dec/2019:09:00:33 +0100] "POST /wp-cron.php?doing_wp_cron=1575273632.2716679573059082031250 HTTP/1.1" 200 164 "http://amazingsportwear.com/wp-cron.php?doing_wp_cron=1575273632.2716679573059082031250" "WordPress/5.2.4; https://amazingsportwear.com" "-"
54.36.246.232 - - [02/Dec/2019:09:00:31 +0100] "GET /twentyseventeen/functions.php?s=1 HTTP/1.1" 404 68007 "amazingsportwear.com" "Mozilla/5.1 (Windows NT 6.0; WOW64) AppleWebKit/537.37 (KHTML, like Gecko) Chrome/58.0.1145.75 Safari/537.37" "-"
54.36.246.232 - - [02/Dec/2019:09:00:52 +0100] "GET /twentynineteen/functions.php?s=1 HTTP/1.1" 404 68020 "amazingsportwear.com" "Mozilla/5.1 (Windows NT 6.0; WOW64) AppleWebKit/537.37 (KHTML, like Gecko) Chrome/58.0.1145.75 Safari/537.37" "-"
193.70.2.138 - - [02/Dec/2019:09:00:53 +0100] "GET /samudra/functions.php?s=1 HTTP/1.1" 404 68041 "amazingsportwear.com" "Mozilla/5.1 (Windows NT 6.0; WOW64) AppleWebKit/537.37 (KHTML, like Gecko) Chrome/58.0.1145.75 Safari/537.37" "-"
217.76.130.90 - - [02/Dec/2019:09:01:23 +0100] "POST /wp-cron.php?doing_wp_cron=1575273683.5516929626464843750000 HTTP/1.1" 200 164 "http://amazingsportwear.com/wp-cron.php?doing_wp_cron=1575273683.5516929626464843750000" "WordPress/5.2.4; https://amazingsportwear.com" "-"
193.70.2.138 - - [02/Dec/2019:09:01:23 +0100] "GET /twentyten/functions.php?s=1 HTTP/1.1" 404 68015 "amazingsportwear.com" "Mozilla/5.1 (Windows NT 6.0; WOW64) AppleWebKit/537.37 (KHTML, like Gecko) Chrome/58.0.1145.75 Safari/537.37" "-"
54.36.246.232 - - [02/Dec/2019:09:01:34 +0100] "GET /twentyfifteen/functions.php?s=1 HTTP/1.1" 404 68038 "amazingsportwear.com" "Mozilla/5.1 (Windows NT 6.0; WOW64) AppleWebKit/537.37 (KHTML, like Gecko) Chrome/58.0.1145.75 Safari/537.37" "-"
54.36.246.232 - - [02/Dec/2019:09:01:44 +0100] "GET /twentysixteen/functions.php?s=1 HTTP/1.1" 404 68013 "amazingsportwear.com" "Mozilla/5.1 (Windows NT 6.0; WOW64) AppleWebKit/537.37 (KHTML, like Gecko) Chrome/58.0.1145.75 Safari/537.37" "-"
217.76.130.90 - - [02/Dec/2019:09:02:09 +0100] "POST /wp-cron.php?doing_wp_cron=1575273729.1070330142974853515625 HTTP/1.1" 200 164 "http://amazingsportwear.com/wp-cron.php?doing_wp_cron=1575273729.1070330142974853515625" "WordPress/5.2.4; https://amazingsportwear.com" "-"
193.70.2.138 - - [02/Dec/2019:09:02:08 +0100] "GET /twentytwenty/functions.php?s=1 HTTP/1.1" 404 68021 "amazingsportwear.com" "Mozilla/5.1 (Windows NT 6.0; WOW64) AppleWebKit/537.37 (KHTML, like Gecko) Chrome/58.0.1145.75 Safari/537.37" "-"
193.70.2.138 - - [02/Dec/2019:09:02:31 +0100] "GET /twentytwelve/functions.php?s=1 HTTP/1.1" 404 68031 "amazingsportwear.com" "Mozilla/5.1 (Windows NT 6.0; WOW64) AppleWebKit/537.37 (KHTML, like Gecko) Chrome/58.0.1145.75 Safari/537.37" "-"
54.36.246.232 - - [02/Dec/2019:09:02:33 +0100] "GET /twentyfourteen/functions.php?s=1 HTTP/1.1" 404 68040 "amazingsportwear.com" "Mozilla/5.1 (Windows NT 6.0; WOW64) AppleWebKit/537.37 (KHTML, like Gecko) Chrome/58.0.1145.75 Safari/537.37" "-"
217.76.130.90 - - [02/Dec/2019:09:03:07 +0100] "POST /wp-cron.php?doing_wp_cron=1575273787.8476130962371826171875 HTTP/1.1" 200 164 "http://amazingsportwear.com/wp-cron.php?doing_wp_cron=1575273787.8476130962371826171875" "WordPress/5.2.4; https://amazingsportwear.com" "-"
193.70.2.138 - - [02/Dec/2019:09:03:07 +0100] "GET /twentythirteen/functions.php?s=1 HTTP/1.1" 404 68055 "amazingsportwear.com" "Mozilla/5.1 (Windows NT 6.0; WOW64) AppleWebKit/537.37 (KHTML, like Gecko) Chrome/58.0.1145.75 Safari/537.37" "-"
217.76.130.90 - - [02/Dec/2019:09:04:09 +0100] "POST /wp-cron.php?doing_wp_cron=1575273849.6129438877105712890625 HTTP/1.1" 200 164 "http://amazingsportwear.com/wp-cron.php?doing_wp_cron=1575273849.6129438877105712890625" "WordPress/5.2.4; https://amazingsportwear.com" "-"
193.70.2.138 - - [02/Dec/2019:09:04:09 +0100] "GET /Divi/functions.php?s=1 HTTP/1.1" 404 67995 "amazingsportwear.com" "Mozilla/5.1 (Windows NT 6.0; WOW64) AppleWebKit/537.37 (KHTML, like Gecko) Chrome/58.0.1145.75 Safari/537.37" "-"
193.70.2.138 - - [02/Dec/2019:09:04:15 +0100] "GET /Avada/functions.php?s=1 HTTP/1.1" 404 68032 "amazingsportwear.com" "Mozilla/5.1 (Windows NT 6.0; WOW64) AppleWebKit/537.37 (KHTML, like Gecko) Chrome/58.0.1145.75 Safari/537.37" "-"
217.76.130.90 - - [02/Dec/2019:09:04:28 +0100] "POST /wp-cron.php?doing_wp_cron=1575273868.1579980850219726562500 HTTP/1.1" 200 164 "http://amazingsportwear.com/wp-cron.php?doing_wp_cron=1575273868.1579980850219726562500" "WordPress/5.2.4; https://amazingsportwear.com" "-"
193.70.2.138 - - [02/Dec/2019:09:04:27 +0100] "GET /news-box-lite/functions.php?s=1 HTTP/1.1" 404 68023 "amazingsportwear.com" "Mozilla/5.1 (Windows NT 6.0; WOW64) AppleWebKit/537.37 (KHTML, like Gecko) Chrome/58.0.1145.75 Safari/537.37" "-"
217.76.130.90 - - [02/Dec/2019:09:05:30 +0100] "POST /wp-cron.php?doing_wp_cron=1575273930.1029961109161376953125 HTTP/1.1" 200 164 "http://amazingsportwear.com/wp-cron.php?doing_wp_cron=1575273930.1029961109161376953125" "WordPress/5.2.4; https://amazingsportwear.com" "-"
193.70.2.138 - - [02/Dec/2019:09:05:29 +0100] "GET /betheme/functions.php?s=1 HTTP/1.1" 404 68011 "amazingsportwear.com" "Mozilla/5.1 (Windows NT 6.0; WOW64) AppleWebKit/537.37 (KHTML, like Gecko) Chrome/58.0.1145.75 Safari/537.37" "-"
193.70.2.138 - - [02/Dec/2019:09:05:59 +0100] "GET /astra/functions.php?s=1 HTTP/1.1" 404 67997 "amazingsportwear.com" "Mozilla/5.1 (Windows NT 6.0; WOW64) AppleWebKit/537.37 (KHTML, like Gecko) Chrome/58.0.1145.75 Safari/537.37" "-"
217.76.130.90 - - [02/Dec/2019:09:07:38 +0100] "POST /wp-cron.php?doing_wp_cron=1575274058.9097230434417724609375 HTTP/1.1" 200 3389 "https://amazingsportwear.com/wp-cron.php?doing_wp_cron=1575274058.9097230434417724609375" "WordPress/5.2.4; https://amazingsportwear.com" "-"
66.249.66.66 - - [02/Dec/2019:09:07:37 +0100] "GET /producto/camiseta-portero-futbol-manga-larga/ HTTP/1.1" 200 92264 "-" "Mozilla/5.0 (compatible; Googlebot/2.1; +http://www.google.com/bot.html)" "-"
217.76.130.90 - - [02/Dec/2019:09:08:36 +0100] "POST /wp-cron.php?doing_wp_cron=1575274115.9267640113830566406250 HTTP/1.1" 200 3389 "https://amazingsportwear.com/wp-cron.php?doing_wp_cron=1575274115.9267640113830566406250" "WordPress/5.2.4; https://amazingsportwear.com" "-"
66.249.66.70 - - [02/Dec/2019:09:08:34 +0100] "GET /tienda/400-parche-termico-pikur.html HTTP/1.1" 404 72327 "-" "Mozilla/5.0 (Linux; Android 6.0.1; Nexus 5X Build/MMB29P) AppleWebKit/537.36 (KHTML, like Gecko) Chrome/41.0.2272.96 Mobile Safari/537.36 (compatible; Googlebot/2.1; +http://www.google.com/bot.html)" "-"
193.70.2.138 - - [02/Dec/2019:09:08:36 +0100] "GET /restarter/functions.php?s=1 HTTP/1.1" 404 68035 "amazingsportwear.com" "Mozilla/5.1 (Windows NT 6.0; WOW64) AppleWebKit/537.37 (KHTML, like Gecko) Chrome/58.0.1145.75 Safari/537.37" "-"
217.76.130.90 - - [02/Dec/2019:09:09:28 +0100] "POST /wp-cron.php?doing_wp_cron=1575274168.9373259544372558593750 HTTP/1.1" 200 164 "http://amazingsportwear.com/wp-cron.php?doing_wp_cron=1575274168.9373259544372558593750" "WordPress/5.2.4; https://amazingsportwear.com" "-"
193.70.2.138 - - [02/Dec/2019:09:09:27 +0100] "GET /twentyeleven/functions.php?s=1 HTTP/1.1" 404 68011 "amazingsportwear.com" "Mozilla/5.1 (Windows NT 6.0; WOW64) AppleWebKit/537.37 (KHTML, like Gecko) Chrome/58.0.1145.75 Safari/537.37" "-"
193.70.2.138 - - [02/Dec/2019:09:10:00 +0100] "GET /gaukingo/functions.php?s=1 HTTP/1.1" 404 68058 "amazingsportwear.com" "Mozilla/5.1 (Windows NT 6.0; WOW64) AppleWebKit/537.37 (KHTML, like Gecko) Chrome/58.0.1145.75 Safari/537.37" "-"
189.224.192.87 - - [02/Dec/2019:09:16:18 +0100] "GET /wp-content/uploads/2019/04/gorra-five-3.png HTTP/1.1" 200 84607 "https://www.google.com.mx/" "Mozilla/5.0 (Windows NT 10.0; Win64; x64) AppleWebKit/537.36 (KHTML, like Gecko) Chrome/78.0.3904.108 Safari/537.36" "-"
217.76.130.90 - - [02/Dec/2019:09:18:50 +0100] "POST /wp-cron.php?doing_wp_cron=1575274730.2277970314025878906250 HTTP/1.1" 200 164 "http://amazingsportwear.com/wp-cron.php?doing_wp_cron=1575274730.2277970314025878906250" "WordPress/5.2.4; https://amazingsportwear.com" "-"
157.55.39.250 - - [02/Dec/2019:09:18:47 +0100] "GET /atletismo/181-chaleco-cortavientos-sublimado-asw.html HTTP/1.1" 404 68102 "-" "Mozilla/5.0 (iPhone; CPU iPhone OS 7_0 like Mac OS X) AppleWebKit/537.51.1 (KHTML, like Gecko) Version/7.0 Mobile/11A465 Safari/9537.53 (compatible; bingbot/2.0; +http://www.bing.com/bingbot.htm)" "-"
95.121.48.227 - - [02/Dec/2019:09:20:19 +0100] "GET /wp-content/uploads/2019/04/Gorra-sport-10.png HTTP/1.1" 200 60426 "https://www.google.es/" "Mozilla/5.0 (Macintosh; Intel Mac OS X 10_13_5) AppleWebKit/537.36 (KHTML, like Gecko) Chrome/78.0.3904.97 Safari/537.36 OPR/65.0.3467.48" "-"
217.76.130.90 - - [02/Dec/2019:09:25:02 +0100] "POST /wp-cron.php?doing_wp_cron=1575275102.8838651180267333984375 HTTP/1.1" 200 3389 "https://amazingsportwear.com/wp-cron.php?doing_wp_cron=1575275102.8838651180267333984375" "WordPress/5.2.4; https://amazingsportwear.com" "-"
66.249.66.68 - - [02/Dec/2019:09:25:01 +0100] "GET /producto/polo-tecnico-cremallera/ HTTP/1.1" 200 98227 "-" "Mozilla/5.0 (Linux; Android 6.0.1; Nexus 5X Build/MMB29P) AppleWebKit/537.36 (KHTML, like Gecko) Chrome/41.0.2272.96 Mobile Safari/537.36 (compatible; Googlebot/2.1; +http://www.google.com/bot.html)" "-"
217.76.130.90 - - [02/Dec/2019:09:42:49 +0100] "POST /wp-cron.php?doing_wp_cron=1575276169.7429709434509277343750 HTTP/1.1" 200 164 "http://amazingsportwear.com/wp-cron.php?doing_wp_cron=1575276169.7429709434509277343750" "WordPress/5.2.4; https://amazingsportwear.com" "-"
51.91.19.20 - - [02/Dec/2019:09:42:47 +0100] "GET /wp-admin/media-new.php HTTP/1.1" 302 396 "http://site.ru" "Mozilla/5.0 (Windows; U; Windows NT 5.1; en-US) AppleWebKit/533.4 (KHTML, like Gecko) Chrome/5.0.375.99 Safari/533.4" "-"
217.76.130.90 - - [02/Dec/2019:09:42:50 +0100] "POST /wp-admin/admin-ajax.php?action=wp_1_wc_privacy_cleanup&nonce=5ce4246aca HTTP/1.1" 200 3707 "https://amazingsportwear.com/wp-admin/admin-ajax.php?action=wp_1_wc_privacy_cleanup&nonce=5ce4246aca" "WordPress/5.2.4; https://amazingsportwear.com" "-"
51.91.19.20 - - [02/Dec/2019:09:42:51 +0100] "GET /wp-admin/media-new.php HTTP/1.1" 302 3699 "http://site.ru" "Mozilla/5.0 (Windows; U; Windows NT 5.1; en-US) AppleWebKit/533.4 (KHTML, like Gecko) Chrome/5.0.375.99 Safari/533.4" "-"
217.76.130.90 - - [02/Dec/2019:09:42:52 +0100] "POST /wp-cron.php?doing_wp_cron=1575276172.7252399921417236328125 HTTP/1.1" 200 3389 "https://amazingsportwear.com/wp-cron.php?doing_wp_cron=1575276172.7252399921417236328125" "WordPress/5.2.4; https://amazingsportwear.com" "-"
51.91.19.20 - - [02/Dec/2019:09:42:52 +0100] "GET /wp-login.php?redirect_to=https%3A%2F%2Famazingsportwear.com%2Fwp-admin%2Fmedia-new.php&reauth=1 HTTP/1.1" 200 6709 "http://site.ru" "Mozilla/5.0 (Windows; U; Windows NT 5.1; en-US) AppleWebKit/533.4 (KHTML, like Gecko) Chrome/5.0.375.99 Safari/533.4" "-"
217.76.130.90 - - [02/Dec/2019:09:52:36 +0100] "POST /wp-cron.php?doing_wp_cron=1575276756.6341140270233154296875 HTTP/1.1" 200 3389 "https://amazingsportwear.com/wp-cron.php?doing_wp_cron=1575276756.6341140270233154296875" "WordPress/5.2.4; https://amazingsportwear.com" "-"
66.249.66.66 - - [02/Dec/2019:09:52:34 +0100] "GET /producto/sudadera-capucha/ HTTP/1.1" 200 101715 "-" "Mozilla/5.0 (Linux; Android 6.0.1; Nexus 5X Build/MMB29P) AppleWebKit/537.36 (KHTML, like Gecko) Chrome/41.0.2272.96 Mobile Safari/537.36 (compatible; Googlebot/2.1; +http://www.google.com/bot.html)" "-"
217.76.130.90 - - [02/Dec/2019:09:59:42 +0100] "POST /wp-cron.php?doing_wp_cron=1575277182.2858591079711914062500 HTTP/1.1" 200 3389 "https://amazingsportwear.com/wp-cron.php?doing_wp_cron=1575277182.2858591079711914062500" "WordPress/5.2.4; https://amazingsportwear.com" "-"
66.249.66.70 - - [02/Dec/2019:09:59:40 +0100] "GET /producto/gorra-bayon/ HTTP/1.1" 200 100313 "-" "Mozilla/5.0 (Linux; Android 6.0.1; Nexus 5X Build/MMB29P) AppleWebKit/537.36 (KHTML, like Gecko) Chrome/41.0.2272.96 Mobile Safari/537.36 (compatible; Googlebot/2.1; +http://www.google.com/bot.html)" "-"
217.76.130.90 - - [02/Dec/2019:10:00:54 +0100] "POST /wp-cron.php?doing_wp_cron=1575277254.8864569664001464843750 HTTP/1.1" 200 3389 "https://amazingsportwear.com/wp-cron.php?doing_wp_cron=1575277254.8864569664001464843750" "WordPress/5.2.4; https://amazingsportwear.com" "-"
66.249.66.68 - - [02/Dec/2019:10:00:54 +0100] "GET /producto/llavero-metalico-futbol/ HTTP/1.1" 200 94489 "-" "Mozilla/5.0 (Linux; Android 6.0.1; Nexus 5X Build/MMB29P) AppleWebKit/537.36 (KHTML, like Gecko) Chrome/41.0.2272.96 Mobile Safari/537.36 (compatible; Googlebot/2.1; +http://www.google.com/bot.html)" "-"
66.249.66.70 - - [02/Dec/2019:10:01:00 +0100] "GET /wp-content/plugins/cookie-law-info/public/css/cookie-law-info-gdpr.css?ver=1.7.6 HTTP/1.1" 200 15808 "https://amazingsportwear.com/producto/llavero-metalico-futbol/" "Mozilla/5.0 (Linux; Android 6.0.1; Nexus 5X Build/MMB29P) AppleWebKit/537.36 (KHTML, like Gecko) Chrome/41.0.2272.96 Mobile Safari/537.36 (compatible; Googlebot/2.1; +http://www.google.com/bot.html)" "-"
66.249.66.66 - - [02/Dec/2019:10:01:02 +0100] "GET /wp-content/themes/shopper/style.css?ver=1.3.8 HTTP/1.1" 200 128678 "https://amazingsportwear.com/producto/llavero-metalico-futbol/" "Mozilla/5.0 (Linux; Android 6.0.1; Nexus 5X Build/MMB29P) AppleWebKit/537.36 (KHTML, like Gecko) Chrome/41.0.2272.96 Mobile Safari/537.36 (compatible; Googlebot/2.1; +http://www.google.com/bot.html)" "-"
66.249.66.66 - - [02/Dec/2019:10:01:03 +0100] "GET /wp-content/plugins/woocommerce/assets/css/blocks/style.css?ver=3.6.4 HTTP/1.1" 200 6697 "https://amazingsportwear.com/producto/llavero-metalico-futbol/" "Mozilla/5.0 (Linux; Android 6.0.1; Nexus 5X Build/MMB29P) AppleWebKit/537.36 (KHTML, like Gecko) Chrome/41.0.2272.96 Mobile Safari/537.36 (compatible; Googlebot/2.1; +http://www.google.com/bot.html)" "-"
66.249.66.66 - - [02/Dec/2019:10:01:06 +0100] "GET /wp-content/plugins/wpfront-notification-bar/js/wpfront-notification-bar.js?ver=1.7.1 HTTP/1.1" 200 5662 "https://amazingsportwear.com/producto/llavero-metalico-futbol/" "Mozilla/5.0 (Linux; Android 6.0.1; Nexus 5X Build/MMB29P) AppleWebKit/537.36 (KHTML, like Gecko) Chrome/41.0.2272.96 Mobile Safari/537.36 (compatible; Googlebot/2.1; +http://www.google.com/bot.html)" "-"
66.249.66.66 - - [02/Dec/2019:10:01:08 +0100] "GET /wp-includes/js/jquery/jquery-migrate.min.js?ver=1.4.1 HTTP/1.1" 200 10399 "https://amazingsportwear.com/producto/llavero-metalico-futbol/" "Mozilla/5.0 (Linux; Android 6.0.1; Nexus 5X Build/MMB29P) AppleWebKit/537.36 (KHTML, like Gecko) Chrome/41.0.2272.96 Mobile Safari/537.36 (compatible; Googlebot/2.1; +http://www.google.com/bot.html)" "-"
66.249.66.68 - - [02/Dec/2019:10:01:09 +0100] "GET /wp-content/plugins/wpfront-notification-bar/css/wpfront-notification-bar.css?ver=1.7.1 HTTP/1.1" 200 3663 "https://amazingsportwear.com/producto/llavero-metalico-futbol/" "Mozilla/5.0 (Linux; Android 6.0.1; Nexus 5X Build/MMB29P) AppleWebKit/537.36 (KHTML, like Gecko) Chrome/41.0.2272.96 Mobile Safari/537.36 (compatible; Googlebot/2.1; +http://www.google.com/bot.html)" "-"
66.249.66.66 - - [02/Dec/2019:10:01:14 +0100] "GET /wp-content/plugins/woocommerce/assets/js/frontend/cart-fragments.min.js?ver=3.6.4 HTTP/1.1" 200 3281 "https://amazingsportwear.com/producto/llavero-metalico-futbol/" "Mozilla/5.0 (Linux; Android 6.0.1; Nexus 5X Build/MMB29P) AppleWebKit/537.36 (KHTML, like Gecko) Chrome/41.0.2272.96 Mobile Safari/537.36 (compatible; Googlebot/2.1; +http://www.google.com/bot.html)" "-"
66.249.66.66 - - [02/Dec/2019:10:01:15 +0100] "GET /wp-content/themes/shopper/assets/js/skip-link-focus-fix.js?ver=1.3.8 HTTP/1.1" 200 1023 "https://amazingsportwear.com/producto/llavero-metalico-futbol/" "Mozilla/5.0 (Linux; Android 6.0.1; Nexus 5X Build/MMB29P) AppleWebKit/537.36 (KHTML, like Gecko) Chrome/41.0.2272.96 Mobile Safari/537.36 (compatible; Googlebot/2.1; +http://www.google.com/bot.html)" "-"
66.249.66.66 - - [02/Dec/2019:10:01:17 +0100] "GET /wp-content/themes/shopper/assets/js/shopper.min.js?ver=1.3.8 HTTP/1.1" 200 5994 "https://amazingsportwear.com/producto/llavero-metalico-futbol/" "Mozilla/5.0 (Linux; Android 6.0.1; Nexus 5X Build/MMB29P) AppleWebKit/537.36 (KHTML, like Gecko) Chrome/41.0.2272.96 Mobile Safari/537.36 (compatible; Googlebot/2.1; +http://www.google.com/bot.html)" "-"
66.249.66.66 - - [02/Dec/2019:10:01:19 +0100] "GET /wp-content/themes/shopper/assets/js/woocommerce/header-cart.min.js?ver=1.3.8 HTTP/1.1" 200 972 "https://amazingsportwear.com/producto/llavero-metalico-futbol/" "Mozilla/5.0 (Linux; Android 6.0.1; Nexus 5X Build/MMB29P) AppleWebKit/537.36 (KHTML, like Gecko) Chrome/41.0.2272.96 Mobile Safari/537.36 (compatible; Googlebot/2.1; +http://www.google.com/bot.html)" "-"
66.249.66.66 - - [02/Dec/2019:10:01:27 +0100] "GET /wp-content/plugins/simple-social-icons/symbol-defs.svg HTTP/1.1" 200 19699 "https://amazingsportwear.com/producto/llavero-metalico-futbol/" "Mozilla/5.0 (Linux; Android 6.0.1; Nexus 5X Build/MMB29P) AppleWebKit/537.36 (KHTML, like Gecko) Chrome/41.0.2272.96 Mobile Safari/537.36 (compatible; Googlebot/2.1; +http://www.google.com/bot.html)" "-"
217.76.130.90 - - [02/Dec/2019:10:01:28 +0100] "POST /wp-cron.php?doing_wp_cron=1575277288.8517329692840576171875 HTTP/1.1" 200 3389 "https://amazingsportwear.com/wp-cron.php?doing_wp_cron=1575277288.8517329692840576171875" "WordPress/5.2.4; https://amazingsportwear.com" "-"
66.249.66.66 - - [02/Dec/2019:10:01:28 +0100] "POST /?wc-ajax=get_refreshed_fragments HTTP/1.1" 200 1397 "https://amazingsportwear.com/producto/llavero-metalico-futbol/" "Mozilla/5.0 (Linux; Android 6.0.1; Nexus 5X Build/MMB29P) AppleWebKit/537.36 (KHTML, like Gecko) Chrome/41.0.2272.96 Mobile Safari/537.36 (compatible; Googlebot/2.1; +http://www.google.com/bot.html)" "_ga=GA1.2.1884029788.1575244800; _gid=GA1.2.969013651.1575244800; _gat_gtag_UA_91619287_1=1"
217.76.130.90 - - [02/Dec/2019:10:02:11 +0100] "POST /wp-cron.php?doing_wp_cron=1575277331.1705319881439208984375 HTTP/1.1" 200 164 "http://amazingsportwear.com/wp-cron.php?doing_wp_cron=1575277331.1705319881439208984375" "WordPress/5.2.4; https://amazingsportwear.com" "-"
114.143.144.162 - - [02/Dec/2019:10:02:08 +0100] "GET / HTTP/1.1" 301 279 "-" "Mozilla/5.0 (Windows NT 6.1; Win64; x64; rv:56.0) Gecko/20100101 Firefox/56.0" "-"
114.143.144.162 - - [02/Dec/2019:10:02:21 +0100] "GET / HTTP/1.1" 200 125765 "-" "Mozilla/5.0 (Windows NT 6.1; Win64; x64; rv:56.0) Gecko/20100101 Firefox/56.0" "-"
66.249.66.68 - - [02/Dec/2019:10:07:57 +0100] "GET /wp-content/uploads/2018/05/sa-7118-amarillo-300x300.jpg HTTP/1.1" 304 3565 "-" "Googlebot-Image/1.0" "-"
217.76.130.90 - - [02/Dec/2019:10:38:33 +0100] "POST /wp-cron.php?doing_wp_cron=1575279513.9177200794219970703125 HTTP/1.1" 200 164 "http://amazingsportwear.com/wp-cron.php?doing_wp_cron=1575279513.9177200794219970703125" "WordPress/5.2.4; https://amazingsportwear.com" "-"
188.213.14.207 - - [02/Dec/2019:10:38:30 +0100] "GET /index.php? HTTP/1.1" 301 336 "-" "Mozilla/5.0 (Macintosh; Intel Mac OS X 10_14_5) AppleWebKit/605.1.15 (KHTML, like Gecko)" "-"
188.213.14.207 - - [02/Dec/2019:10:38:34 +0100] "GET / HTTP/1.1" 200 125598 "-" "Mozilla/5.0 (Macintosh; Intel Mac OS X 10_14_5) AppleWebKit/605.1.15 (KHTML, like Gecko)" "-"
188.213.14.207 - - [02/Dec/2019:10:38:36 +0100] "GET /wp-content/uploads/2019/05/cropped-favicon-nuevo-logo-amazinf-128px-180x180.png HTTP/1.1" 200 13234 "-" "Safari/14607.2.6.1.1 CFNetwork/978.0.7 Darwin/18.6.0 (x86_64)" "-"
217.76.130.90 - - [02/Dec/2019:10:40:26 +0100] "POST /wp-cron.php?doing_wp_cron=1575279626.4687440395355224609375 HTTP/1.1" 200 3389 "https://amazingsportwear.com/wp-cron.php?doing_wp_cron=1575279626.4687440395355224609375" "WordPress/5.2.4; https://amazingsportwear.com" "-"
66.249.66.70 - - [02/Dec/2019:10:40:25 +0100] "GET /producto/camiseta-tecnica-cosmic-aq-cosmic/ HTTP/1.1" 200 104071 "-" "Mozilla/5.0 (Linux; Android 6.0.1; Nexus 5X Build/MMB29P) AppleWebKit/537.36 (KHTML, like Gecko) Chrome/41.0.2272.96 Mobile Safari/537.36 (compatible; Googlebot/2.1; +http://www.google.com/bot.html)" "-"
217.76.130.90 - - [02/Dec/2019:10:42:24 +0100] "POST /wp-cron.php?doing_wp_cron=1575279744.1946299076080322265625 HTTP/1.1" 200 3389 "https://amazingsportwear.com/wp-cron.php?doing_wp_cron=1575279744.1946299076080322265625" "WordPress/5.2.4; https://amazingsportwear.com" "-"
66.249.66.66 - - [02/Dec/2019:10:42:23 +0100] "GET /producto/gorra-tecnica-2/ HTTP/1.1" 200 96128 "-" "Mozilla/5.0 (Linux; Android 6.0.1; Nexus 5X Build/MMB29P) AppleWebKit/537.36 (KHTML, like Gecko) Chrome/41.0.2272.96 Mobile Safari/537.36 (compatible; Googlebot/2.1; +http://www.google.com/bot.html)" "-"
207.46.13.80 - - [02/Dec/2019:10:51:35 +0100] "GET /wp-content/uploads/2017/03/eny-cubik-gris.jpg HTTP/1.1" 200 17417 "-" "Mozilla/5.0 (compatible; bingbot/2.0; +http://www.bing.com/bingbot.htm)" "-"
217.76.130.90 - - [02/Dec/2019:10:54:34 +0100] "POST /wp-cron.php?doing_wp_cron=1575280474.8936169147491455078125 HTTP/1.1" 200 3389 "https://amazingsportwear.com/wp-cron.php?doing_wp_cron=1575280474.8936169147491455078125" "WordPress/5.2.4; https://amazingsportwear.com" "-"
66.249.66.66 - - [02/Dec/2019:10:54:32 +0100] "GET /producto/camiseta-tecnica-boomer-aq-jaguar/ HTTP/1.1" 200 105652 "-" "Mozilla/5.0 (Linux; Android 6.0.1; Nexus 5X Build/MMB29P) AppleWebKit/537.36 (KHTML, like Gecko) Chrome/41.0.2272.96 Mobile Safari/537.36 (compatible; Googlebot/2.1; +http://www.google.com/bot.html)" "-"
217.76.130.90 - - [02/Dec/2019:10:55:03 +0100] "POST /wp-cron.php?doing_wp_cron=1575280503.5418710708618164062500 HTTP/1.1" 200 3389 "https://amazingsportwear.com/wp-cron.php?doing_wp_cron=1575280503.5418710708618164062500" "WordPress/5.2.4; https://amazingsportwear.com" "-"
66.249.66.66 - - [02/Dec/2019:10:55:02 +0100] "GET /producto/sudadera-clasica/ HTTP/1.1" 200 101435 "-" "Mozilla/5.0 (Linux; Android 6.0.1; Nexus 5X Build/MMB29P) AppleWebKit/537.36 (KHTML, like Gecko) Chrome/41.0.2272.96 Mobile Safari/537.36 (compatible; Googlebot/2.1; +http://www.google.com/bot.html)" "-"
217.76.130.90 - - [02/Dec/2019:10:57:08 +0100] "POST /wp-cron.php?doing_wp_cron=1575280628.3422091007232666015625 HTTP/1.1" 200 3389 "https://amazingsportwear.com/wp-cron.php?doing_wp_cron=1575280628.3422091007232666015625" "WordPress/5.2.4; https://amazingsportwear.com" "-"
66.249.66.68 - - [02/Dec/2019:10:57:06 +0100] "GET /producto/llavero-metalico-golf/ HTTP/1.1" 200 93768 "-" "Mozilla/5.0 (Linux; Android 6.0.1; Nexus 5X Build/MMB29P) AppleWebKit/537.36 (KHTML, like Gecko) Chrome/41.0.2272.96 Mobile Safari/537.36 (compatible; Googlebot/2.1; +http://www.google.com/bot.html)" "-"
66.249.66.66 - - [02/Dec/2019:10:57:14 +0100] "GET /wp-content/plugins/simple-social-icons/css/style.css?ver=3.0.1 HTTP/1.1" 200 4925 "https://amazingsportwear.com/producto/llavero-metalico-golf/" "Mozilla/5.0 (Linux; Android 6.0.1; Nexus 5X Build/MMB29P) AppleWebKit/537.36 (KHTML, like Gecko) Chrome/41.0.2272.96 Mobile Safari/537.36 (compatible; Googlebot/2.1; +http://www.google.com/bot.html)" "-"
66.249.66.68 - - [02/Dec/2019:10:57:16 +0100] "GET /wp-content/plugins/simple-social-icons/svgxuse.js?ver=1.1.21 HTTP/1.1" 200 9580 "https://amazingsportwear.com/producto/llavero-metalico-golf/" "Mozilla/5.0 (Linux; Android 6.0.1; Nexus 5X Build/MMB29P) AppleWebKit/537.36 (KHTML, like Gecko) Chrome/41.0.2272.96 Mobile Safari/537.36 (compatible; Googlebot/2.1; +http://www.google.com/bot.html)" "-"
