217.76.130.90 - - [02/Dec/2019:00:00:03 +0100] "POST /wp-cron.php?doing_wp_cron=1575241203.9223539829254150390625 HTTP/1.1" 200 3389 "https://amazingsportwear.com/wp-cron.php?doing_wp_cron=1575241203.9223539829254150390625" "WordPress/5.2.4; https://amazingsportwear.com" "-"
66.249.69.208 - - [02/Dec/2019:00:00:02 +0100] "GET /categoria-producto/accesorios/llaveros/ HTTP/1.1" 200 69243 "-" "Mozilla/5.0 (Linux; Android 6.0.1; Nexus 5X Build/MMB29P) AppleWebKit/537.36 (KHTML, like Gecko) Chrome/41.0.2272.96 Mobile Safari/537.36 (compatible; Googlebot/2.1; +http://www.google.com/bot.html)" "-"
190.42.223.60 - - [02/Dec/2019:00:01:16 +0100] "GET /wp-content/uploads/2019/04/gorra-five-3.png HTTP/1.1" 200 84607 "https://www.google.com.pe/" "Mozilla/5.0 (Windows NT 6.1; WOW64) AppleWebKit/537.36 (KHTML, like Gecko) Chrome/78.0.3904.108 Safari/537.36" "-"
217.76.130.90 - - [02/Dec/2019:00:02:09 +0100] "POST /wp-cron.php?doing_wp_cron=1575241329.2318010330200195312500 HTTP/1.1" 200 3389 "https://amazingsportwear.com/wp-cron.php?doing_wp_cron=1575241329.2318010330200195312500" "WordPress/5.2.4; https://amazingsportwear.com" "-"
157.55.39.133 - - [02/Dec/2019:00:02:08 +0100] "GET /producto/linterna-biddick/ HTTP/1.1" 200 96979 "-" "Mozilla/5.0 (compatible; bingbot/2.0; +http://www.bing.com/bingbot.htm)" "-"
66.249.69.210 - - [02/Dec/2019:00:02:14 +0100] "GET /producto/gorra-konlun/ HTTP/1.1" 200 92913 "-" "Mozilla/5.0 (compatible; Googlebot/2.1; +http://www.google.com/bot.html)" "-"
217.76.130.90 - - [02/Dec/2019:00:11:52 +0100] "POST /wp-cron.php?doing_wp_cron=1575241912.4962000846862792968750 HTTP/1.1" 200 3389 "https://amazingsportwear.com/wp-cron.php?doing_wp_cron=1575241912.4962000846862792968750" "WordPress/5.2.4; https://amazingsportwear.com" "-"
157.55.39.133 - - [02/Dec/2019:00:11:50 +0100] "GET /tienda/page/4/ HTTP/1.1" 200 77258 "-" "Mozilla/5.0 (compatible; bingbot/2.0; +http://www.bing.com/bingbot.htm)" "-"
217.76.130.90 - - [02/Dec/2019:00:15:04 +0100] "POST /wp-cron.php?doing_wp_cron=1575242104.4240219593048095703125 HTTP/1.1" 200 3389 "https://amazingsportwear.com/wp-cron.php?doing_wp_cron=1575242104.4240219593048095703125" "WordPress/5.2.4; https://amazingsportwear.com" "-"
207.46.13.27 - - [02/Dec/2019:00:15:03 +0100] "GET /sitemap_index.xml HTTP/1.1" 200 5007 "-" "msnbot/2.0b (+http://search.msn.com/msnbot.htm)" "-"
217.76.130.90 - - [02/Dec/2019:00:27:41 +0100] "POST /wp-cron.php?doing_wp_cron=1575242861.6908459663391113281250 HTTP/1.1" 200 3389 "https://amazingsportwear.com/wp-cron.php?doing_wp_cron=1575242861.6908459663391113281250" "WordPress/5.2.4; https://amazingsportwear.com" "-"
207.46.13.27 - - [02/Dec/2019:00:27:40 +0100] "GET /sitemap_index.xml HTTP/1.1" 200 5007 "-" "msnbot/2.0b (+http://search.msn.com/msnbot.htm)" "-"
217.76.130.90 - - [02/Dec/2019:00:52:18 +0100] "POST /wp-cron.php?doing_wp_cron=1575244338.5005300045013427734375 HTTP/1.1" 200 3389 "https://amazingsportwear.com/wp-cron.php?doing_wp_cron=1575244338.5005300045013427734375" "WordPress/5.2.4; https://amazingsportwear.com" "-"
66.249.69.208 - - [02/Dec/2019:00:52:16 +0100] "GET /producto/camiseta-tecnica-mujer-cuello-redondo-aq-armour-2/ HTTP/1.1" 200 103773 "-" "Mozilla/5.0 (Linux; Android 6.0.1; Nexus 5X Build/MMB29P) AppleWebKit/537.36 (KHTML, like Gecko) Chrome/41.0.2272.96 Mobile Safari/537.36 (compatible; Googlebot/2.1; +http://www.google.com/bot.html)" "-"
217.76.130.90 - - [02/Dec/2019:01:09:02 +0100] "POST /wp-cron.php?doing_wp_cron=1575245342.0475029945373535156250 HTTP/1.1" 200 164 "http://amazingsportwear.com/wp-cron.php?doing_wp_cron=1575245342.0475029945373535156250" "WordPress/5.2.4; https://amazingsportwear.com" "-"
35.206.147.48 - - [02/Dec/2019:01:08:58 +0100] "GET /robots.txt HTTP/1.1" 200 375 "-" "Go-http-client/1.1" "-"
35.206.147.48 - - [02/Dec/2019:01:09:02 +0100] "GET /producto/pantalon-mujer-rocky-nath-rocky HTTP/1.1" 301 319 "-" "Mozilla/5.0 (compatible; VelenPublicWebCrawler/1.0; +https://velen.io)" "-"
35.206.147.48 - - [02/Dec/2019:01:09:05 +0100] "GET /producto/pantalon-mujer-rocky-nath-rocky/ HTTP/1.1" 200 97871 "http://amazingsportwear.com/producto/pantalon-mujer-rocky-nath-rocky" "Mozilla/5.0 (compatible; VelenPublicWebCrawler/1.0; +https://velen.io)" "-"
217.76.130.90 - - [02/Dec/2019:01:11:21 +0100] "POST /wp-cron.php?doing_wp_cron=1575245481.6742188930511474609375 HTTP/1.1" 200 3389 "https://amazingsportwear.com/wp-cron.php?doing_wp_cron=1575245481.6742188930511474609375" "WordPress/5.2.4; https://amazingsportwear.com" "-"
66.249.69.208 - - [02/Dec/2019:01:11:20 +0100] "GET /categoria-producto/hombre/pantalonesymallas/ HTTP/1.1" 200 75643 "-" "Mozilla/5.0 (Linux; Android 6.0.1; Nexus 5X Build/MMB29P) AppleWebKit/537.36 (KHTML, like Gecko) Chrome/41.0.2272.96 Mobile Safari/537.36 (compatible; Googlebot/2.1; +http://www.google.com/bot.html)" "-"
217.76.130.90 - - [02/Dec/2019:01:13:29 +0100] "POST /wp-cron.php?doing_wp_cron=1575245609.4875340461730957031250 HTTP/1.1" 200 164 "http://amazingsportwear.com/wp-cron.php?doing_wp_cron=1575245609.4875340461730957031250" "WordPress/5.2.4; https://amazingsportwear.com" "-"
35.206.145.85 - - [02/Dec/2019:01:13:28 +0100] "GET /sobre-nosotros HTTP/1.1" 301 345 "-" "Mozilla/5.0 (compatible; VelenPublicWebCrawler/1.0; +https://velen.io)" "-"
35.206.145.85 - - [02/Dec/2019:01:13:31 +0100] "GET /sobre-nosotros/ HTTP/1.1" 200 59815 "http://amazingsportwear.com/sobre-nosotros" "Mozilla/5.0 (compatible; VelenPublicWebCrawler/1.0; +https://velen.io)" "-"
217.76.130.90 - - [02/Dec/2019:01:14:49 +0100] "POST /wp-cron.php?doing_wp_cron=1575245689.0906779766082763671875 HTTP/1.1" 200 3389 "https://amazingsportwear.com/wp-cron.php?doing_wp_cron=1575245689.0906779766082763671875" "WordPress/5.2.4; https://amazingsportwear.com" "-"
66.249.69.208 - - [02/Dec/2019:01:14:48 +0100] "POST /?wc-ajax=get_refreshed_fragments HTTP/1.1" 200 4708 "https://amazingsportwear.com/" "Mozilla/5.0 AppleWebKit/537.36 (KHTML, like Gecko; compatible; Googlebot/2.1; +http://www.google.com/bot.html) Safari/537.36" "wpfront-notification-bar-landingpage=1; _ga=GA1.2.2114912494.1575158400; _gid=GA1.2.931330593.1575158400; _gat_gtag_UA_91619287_1=1"
217.76.130.90 - - [02/Dec/2019:01:15:25 +0100] "POST /wp-cron.php?doing_wp_cron=1575245725.9748139381408691406250 HTTP/1.1" 200 164 "http://amazingsportwear.com/wp-cron.php?doing_wp_cron=1575245725.9748139381408691406250" "WordPress/5.2.4; https://amazingsportwear.com" "-"
207.46.13.27 - - [02/Dec/2019:01:15:24 +0100] "GET /tienda/105-camiseta-tecnica-bandera-cat-3581.html HTTP/1.1" 404 68084 "-" "Mozilla/5.0 (iPhone; CPU iPhone OS 7_0 like Mac OS X) AppleWebKit/537.51.1 (KHTML, like Gecko) Version/7.0 Mobile/11A465 Safari/9537.53 (compatible; bingbot/2.0; +http://www.bing.com/bingbot.htm)" "-"
217.76.130.90 - - [02/Dec/2019:01:24:15 +0100] "POST /wp-cron.php?doing_wp_cron=1575246255.7218511104583740234375 HTTP/1.1" 200 3389 "https://amazingsportwear.com/wp-cron.php?doing_wp_cron=1575246255.7218511104583740234375" "WordPress/5.2.4; https://amazingsportwear.com" "-"
66.249.69.210 - - [02/Dec/2019:01:24:12 +0100] "GET /producto/gorra-sport/ HTTP/1.1" 200 101853 "-" "Mozilla/5.0 (compatible; Googlebot/2.1; +http://www.google.com/bot.html)" "-"
217.76.130.90 - - [02/Dec/2019:01:33:30 +0100] "POST /wp-cron.php?doing_wp_cron=1575246809.9303920269012451171875 HTTP/1.1" 200 3389 "https://amazingsportwear.com/wp-cron.php?doing_wp_cron=1575246809.9303920269012451171875" "WordPress/5.2.4; https://amazingsportwear.com" "-"
66.249.69.212 - - [02/Dec/2019:01:33:27 +0100] "GET /producto/mochila-8000/ HTTP/1.1" 200 96503 "-" "Mozilla/5.0 (Linux; Android 6.0.1; Nexus 5X Build/MMB29P) AppleWebKit/537.36 (KHTML, like Gecko) Chrome/41.0.2272.96 Mobile Safari/537.36 (compatible; Googlebot/2.1; +http://www.google.com/bot.html)" "-"
217.76.130.90 - - [02/Dec/2019:01:35:51 +0100] "POST /wp-cron.php?doing_wp_cron=1575246951.1257679462432861328125 HTTP/1.1" 200 3389 "https://amazingsportwear.com/wp-cron.php?doing_wp_cron=1575246951.1257679462432861328125" "WordPress/5.2.4; https://amazingsportwear.com" "-"
66.249.69.210 - - [02/Dec/2019:01:35:50 +0100] "GET /producto/gorra-five/ HTTP/1.1" 200 97722 "-" "Mozilla/5.0 (Linux; Android 6.0.1; Nexus 5X Build/MMB29P) AppleWebKit/537.36 (KHTML, like Gecko) Chrome/41.0.2272.96 Mobile Safari/537.36 (compatible; Googlebot/2.1; +http://www.google.com/bot.html)" "-"
66.249.69.208 - - [02/Dec/2019:01:35:52 +0100] "GET /producto/gorra-lorenz/ HTTP/1.1" 200 94464 "-" "Mozilla/5.0 (Linux; Android 6.0.1; Nexus 5X Build/MMB29P) AppleWebKit/537.36 (KHTML, like Gecko) Chrome/41.0.2272.96 Mobile Safari/537.36 (compatible; Googlebot/2.1; +http://www.google.com/bot.html)" "-"
217.76.130.90 - - [02/Dec/2019:01:36:52 +0100] "POST /wp-cron.php?doing_wp_cron=1575247012.5426459312438964843750 HTTP/1.1" 200 3389 "https://amazingsportwear.com/wp-cron.php?doing_wp_cron=1575247012.5426459312438964843750" "WordPress/5.2.4; https://amazingsportwear.com" "-"
40.77.167.161 - - [02/Dec/2019:01:36:50 +0100] "GET /categoria-producto/deportes/atletismo/ HTTP/1.1" 200 61603 "-" "Mozilla/5.0 (compatible; bingbot/2.0; +http://www.bing.com/bingbot.htm)" "-"
40.77.191.56 - - [02/Dec/2019:01:36:55 +0100] "GET /wp-includes/js/wp-emoji-release.min.js?ver=5.2.4 HTTP/1.1" 200 17299 "https://amazingsportwear.com/categoria-producto/deportes/atletismo/" "Mozilla/5.0 (Windows NT 6.1; WOW64) AppleWebKit/534+ (KHTML, like Gecko) BingPreview/1.0b" "-"
40.77.191.56 - - [02/Dec/2019:01:36:55 +0100] "GET /wp-includes/css/dist/block-library/style.min.css?ver=5.2.4 HTTP/1.1" 200 32776 "https://amazingsportwear.com/categoria-producto/deportes/atletismo/" "Mozilla/5.0 (Windows NT 6.1; WOW64) AppleWebKit/534+ (KHTML, like Gecko) BingPreview/1.0b" "-"
40.77.191.56 - - [02/Dec/2019:01:36:55 +0100] "GET /wp-content/plugins/cookie-law-info/public/css/cookie-law-info-public.css?ver=1.7.6 HTTP/1.1" 200 6351 "https://amazingsportwear.com/categoria-producto/deportes/atletismo/" "Mozilla/5.0 (Windows NT 6.1; WOW64) AppleWebKit/534+ (KHTML, like Gecko) BingPreview/1.0b" "-"
40.77.191.56 - - [02/Dec/2019:01:36:55 +0100] "GET /wp-content/plugins/woocommerce/assets/css/blocks/style.css?ver=3.6.4 HTTP/1.1" 200 9813 "https://amazingsportwear.com/categoria-producto/deportes/atletismo/" "Mozilla/5.0 (Windows NT 6.1; WOW64) AppleWebKit/534+ (KHTML, like Gecko) BingPreview/1.0b" "-"
40.77.191.56 - - [02/Dec/2019:01:36:56 +0100] "GET /wp-content/plugins/cookie-law-info/public/css/cookie-law-info-gdpr.css?ver=1.7.6 HTTP/1.1" 200 12389 "https://amazingsportwear.com/categoria-producto/deportes/atletismo/" "Mozilla/5.0 (Windows NT 6.1; WOW64) AppleWebKit/534+ (KHTML, like Gecko) BingPreview/1.0b" "-"
40.77.191.56 - - [02/Dec/2019:01:36:56 +0100] "GET /wp-content/plugins/wpfront-notification-bar/css/wpfront-notification-bar.css?ver=1.7.1 HTTP/1.1" 200 3607 "https://amazingsportwear.com/categoria-producto/deportes/atletismo/" "Mozilla/5.0 (Windows NT 6.1; WOW64) AppleWebKit/534+ (KHTML, like Gecko) BingPreview/1.0b" "-"
40.77.191.56 - - [02/Dec/2019:01:36:56 +0100] "GET /wp-content/themes/shopper/style.css?ver=1.3.8 HTTP/1.1" 200 125259 "https://amazingsportwear.com/categoria-producto/deportes/atletismo/" "Mozilla/5.0 (Windows NT 6.1; WOW64) AppleWebKit/534+ (KHTML, like Gecko) BingPreview/1.0b" "-"
40.77.191.56 - - [02/Dec/2019:01:36:56 +0100] "GET /wp-content/themes/shopper/assets/sass/woocommerce/woocommerce.css?ver=5.2.4 HTTP/1.1" 200 83478 "https://amazingsportwear.com/categoria-producto/deportes/atletismo/" "Mozilla/5.0 (Windows NT 6.1; WOW64) AppleWebKit/534+ (KHTML, like Gecko) BingPreview/1.0b" "-"
40.77.191.56 - - [02/Dec/2019:01:36:56 +0100] "GET /wp-includes/js/jquery/jquery.js?ver=1.12.4-wp HTTP/1.1" 200 97306 "https://amazingsportwear.com/categoria-producto/deportes/atletismo/" "Mozilla/5.0 (Windows NT 6.1; WOW64) AppleWebKit/534+ (KHTML, like Gecko) BingPreview/1.0b" "-"
40.77.191.56 - - [02/Dec/2019:01:36:57 +0100] "GET /wp-includes/js/jquery/jquery-migrate.min.js?ver=1.4.1 HTTP/1.1" 200 10343 "https://amazingsportwear.com/categoria-producto/deportes/atletismo/" "Mozilla/5.0 (Windows NT 6.1; WOW64) AppleWebKit/534+ (KHTML, like Gecko) BingPreview/1.0b" "-"
40.77.191.56 - - [02/Dec/2019:01:36:57 +0100] "GET /wp-content/plugins/cookie-law-info/public/js/cookie-law-info-public.js?ver=1.7.6 HTTP/1.1" 200 17020 "https://amazingsportwear.com/categoria-producto/deportes/atletismo/" "Mozilla/5.0 (Windows NT 6.1; WOW64) AppleWebKit/534+ (KHTML, like Gecko) BingPreview/1.0b" "-"
40.77.191.56 - - [02/Dec/2019:01:36:57 +0100] "GET /wp-content/plugins/wpfront-notification-bar/jquery-plugins/jquery.c.js?ver=1.4.0 HTTP/1.1" 200 3381 "https://amazingsportwear.com/categoria-producto/deportes/atletismo/" "Mozilla/5.0 (Windows NT 6.1; WOW64) AppleWebKit/534+ (KHTML, like Gecko) BingPreview/1.0b" "-"
40.77.191.56 - - [02/Dec/2019:01:36:57 +0100] "GET /wp-content/plugins/wpfront-notification-bar/js/wpfront-notification-bar.js?ver=1.7.1 HTTP/1.1" 200 5606 "https://amazingsportwear.com/categoria-producto/deportes/atletismo/" "Mozilla/5.0 (Windows NT 6.1; WOW64) AppleWebKit/534+ (KHTML, like Gecko) BingPreview/1.0b" "-"
40.77.191.56 - - [02/Dec/2019:01:36:58 +0100] "GET /wp-content/themes/shopper/assets/js/crm.js?ver=1561548510 HTTP/1.1" 200 818 "https://amazingsportwear.com/categoria-producto/deportes/atletismo/" "Mozilla/5.0 (Windows NT 6.1; WOW64) AppleWebKit/534+ (KHTML, like Gecko) BingPreview/1.0b" "-"
40.77.191.56 - - [02/Dec/2019:01:36:58 +0100] "GET /wp-content/themes/shopper/assets/fonts/fontawesome-webfont.ttf?v=4.7.0 HTTP/1.1" 200 166122 "https://amazingsportwear.com/categoria-producto/deportes/atletismo/" "Mozilla/5.0 (Windows NT 6.1; WOW64) AppleWebKit/534+ (KHTML, like Gecko) BingPreview/1.0b" "-"
40.77.191.56 - - [02/Dec/2019:01:36:58 +0100] "GET /wp-content/plugins/woocommerce/assets/js/jquery-blockui/jquery.blockUI.min.js?ver=2.70 HTTP/1.1" 200 9852 "https://amazingsportwear.com/categoria-producto/deportes/atletismo/" "Mozilla/5.0 (Windows NT 6.1; WOW64) AppleWebKit/534+ (KHTML, like Gecko) BingPreview/1.0b" "-"
40.77.191.56 - - [02/Dec/2019:01:36:58 +0100] "GET /wp-content/plugins/woocommerce/assets/js/frontend/add-to-cart.min.js?ver=3.6.4 HTTP/1.1" 200 2927 "https://amazingsportwear.com/categoria-producto/deportes/atletismo/" "Mozilla/5.0 (Windows NT 6.1; WOW64) AppleWebKit/534+ (KHTML, like Gecko) BingPreview/1.0b" "-"
40.77.191.56 - - [02/Dec/2019:01:36:59 +0100] "GET /wp-content/plugins/woocommerce/assets/js/js-cookie/js.cookie.min.js?ver=2.1.4 HTTP/1.1" 200 2131 "https://amazingsportwear.com/categoria-producto/deportes/atletismo/" "Mozilla/5.0 (Windows NT 6.1; WOW64) AppleWebKit/534+ (KHTML, like Gecko) BingPreview/1.0b" "-"
40.77.191.56 - - [02/Dec/2019:01:36:59 +0100] "GET /wp-content/plugins/woocommerce/assets/js/frontend/woocommerce.min.js?ver=3.6.4 HTTP/1.1" 200 1757 "https://amazingsportwear.com/categoria-producto/deportes/atletismo/" "Mozilla/5.0 (Windows NT 6.1; WOW64) AppleWebKit/534+ (KHTML, like Gecko) BingPreview/1.0b" "-"
40.77.191.56 - - [02/Dec/2019:01:36:59 +0100] "GET /wp-content/plugins/woocommerce/assets/js/frontend/cart-fragments.min.js?ver=3.6.4 HTTP/1.1" 200 3225 "https://amazingsportwear.com/categoria-producto/deportes/atletismo/" "Mozilla/5.0 (Windows NT 6.1; WOW64) AppleWebKit/534+ (KHTML, like Gecko) BingPreview/1.0b" "-"
40.77.191.56 - - [02/Dec/2019:01:36:59 +0100] "GET /wp-content/themes/shopper/assets/js/skip-link-focus-fix.js?ver=1.3.8 HTTP/1.1" 200 967 "https://amazingsportwear.com/categoria-producto/deportes/atletismo/" "Mozilla/5.0 (Windows NT 6.1; WOW64) AppleWebKit/534+ (KHTML, like Gecko) BingPreview/1.0b" "-"
40.77.191.56 - - [02/Dec/2019:01:37:00 +0100] "GET /wp-content/themes/shopper/assets/js/shopper.min.js?ver=1.3.8 HTTP/1.1" 200 5938 "https://amazingsportwear.com/categoria-producto/deportes/atletismo/" "Mozilla/5.0 (Windows NT 6.1; WOW64) AppleWebKit/534+ (KHTML, like Gecko) BingPreview/1.0b" "-"
40.77.191.56 - - [02/Dec/2019:01:37:00 +0100] "GET /wp-content/themes/shopper/assets/js/woocommerce/header-cart.min.js?ver=1.3.8 HTTP/1.1" 200 916 "https://amazingsportwear.com/categoria-producto/deportes/atletismo/" "Mozilla/5.0 (Windows NT 6.1; WOW64) AppleWebKit/534+ (KHTML, like Gecko) BingPreview/1.0b" "-"
40.77.191.56 - - [02/Dec/2019:01:37:00 +0100] "POST /?wc-ajax=get_refreshed_fragments HTTP/1.1" 200 1341 "https://amazingsportwear.com/categoria-producto/deportes/atletismo/" "Mozilla/5.0 (Windows NT 6.1; WOW64) AppleWebKit/534+ (KHTML, like Gecko) BingPreview/1.0b" "-"
217.76.130.90 - - [02/Dec/2019:01:37:28 +0100] "POST /wp-cron.php?doing_wp_cron=1575247048.0625240802764892578125 HTTP/1.1" 200 164 "http://amazingsportwear.com/wp-cron.php?doing_wp_cron=1575247048.0625240802764892578125" "WordPress/5.2.4; https://amazingsportwear.com" "-"
40.77.167.161 - - [02/Dec/2019:01:37:26 +0100] "GET /robots.txt HTTP/1.1" 200 432 "-" "msnbot/2.0b (+http://search.msn.com/msnbot.htm)" "-"
217.76.130.90 - - [02/Dec/2019:01:44:30 +0100] "POST /wp-cron.php?doing_wp_cron=1575247469.9939670562744140625000 HTTP/1.1" 200 164 "http://amazingsportwear.com/wp-cron.php?doing_wp_cron=1575247469.9939670562744140625000" "WordPress/5.2.4; https://amazingsportwear.com" "-"
136.243.201.11 - - [02/Dec/2019:01:44:28 +0100] "GET /wp-content/uploads/2019/03/content-post.php.suspected HTTP/1.1" 404 68068 "http://site.ru" "Mozilla/5.0 (Windows; U; Windows NT 5.1; en-US) AppleWebKit/533.4 (KHTML, like Gecko) Chrome/5.0.375.99 Safari/533.4" "-"
136.243.201.11 - - [02/Dec/2019:01:44:31 +0100] "GET /wp-content/uploads/2019/03/content-post.php.suspected HTTP/1.1" 404 68078 "http://site.ru" "Mozilla/5.0 (Windows; U; Windows NT 5.1; en-US) AppleWebKit/533.4 (KHTML, like Gecko) Chrome/5.0.375.99 Safari/533.4" "-"
66.249.69.208 - - [02/Dec/2019:01:44:32 +0100] "GET /producto/gorra-lorenz/ HTTP/1.1" 200 95072 "-" "Mozilla/5.0 (Linux; Android 6.0.1; Nexus 5X Build/MMB29P) AppleWebKit/537.36 (KHTML, like Gecko) Chrome/41.0.2272.96 Mobile Safari/537.36 (compatible; Googlebot/2.1; +http://www.google.com/bot.html)" "-"
66.249.69.208 - - [02/Dec/2019:01:44:43 +0100] "GET /producto/gorra-five/ HTTP/1.1" 200 94632 "-" "Mozilla/5.0 (Linux; Android 6.0.1; Nexus 5X Build/MMB29P) AppleWebKit/537.36 (KHTML, like Gecko) Chrome/41.0.2272.96 Mobile Safari/537.36 (compatible; Googlebot/2.1; +http://www.google.com/bot.html)" "-"
217.76.130.90 - - [02/Dec/2019:01:46:55 +0100] "POST /wp-cron.php?doing_wp_cron=1575247615.6685318946838378906250 HTTP/1.1" 200 3389 "https://amazingsportwear.com/wp-cron.php?doing_wp_cron=1575247615.6685318946838378906250" "WordPress/5.2.4; https://amazingsportwear.com" "-"
207.46.13.131 - - [02/Dec/2019:01:46:53 +0100] "GET /tienda/page/7/ HTTP/1.1" 200 78110 "-" "Mozilla/5.0 (compatible; bingbot/2.0; +http://www.bing.com/bingbot.htm)" "-"
217.76.130.90 - - [02/Dec/2019:01:49:29 +0100] "POST /wp-cron.php?doing_wp_cron=1575247769.4616889953613281250000 HTTP/1.1" 200 164 "http://amazingsportwear.com/wp-cron.php?doing_wp_cron=1575247769.4616889953613281250000" "WordPress/5.2.4; https://amazingsportwear.com" "-"
106.120.173.81 - - [02/Dec/2019:01:49:28 +0100] "GET / HTTP/1.1" 301 298 "-" "Sogou web spider/4.0(+http://www.sogou.com/docs/help/webmasters.htm#07)" "-"
106.120.173.81 - - [02/Dec/2019:01:49:28 +0100] "GET /robots.txt HTTP/1.1" 200 394 "-" "Sogou web spider/4.0(+http://www.sogou.com/docs/help/webmasters.htm#07)" "-"
106.120.173.81 - - [02/Dec/2019:01:49:30 +0100] "GET / HTTP/1.1" 200 125728 "-" "Sogou web spider/4.0(+http://www.sogou.com/docs/help/webmasters.htm#07)" "wpfront-notification-bar-landingpage=1;"
217.76.130.90 - - [02/Dec/2019:02:02:13 +0100] "POST /wp-cron.php?doing_wp_cron=1575248533.5356531143188476562500 HTTP/1.1" 200 3389 "https://amazingsportwear.com/wp-cron.php?doing_wp_cron=1575248533.5356531143188476562500" "WordPress/5.2.4; https://amazingsportwear.com" "-"
66.249.69.208 - - [02/Dec/2019:02:02:10 +0100] "GET /tienda/403-soporte-monedero-donic.html HTTP/1.1" 404 72311 "-" "Mozilla/5.0 (Linux; Android 6.0.1; Nexus 5X Build/MMB29P) AppleWebKit/537.36 (KHTML, like Gecko) Chrome/41.0.2272.96 Mobile Safari/537.36 (compatible; Googlebot/2.1; +http://www.google.com/bot.html)" "-"
217.76.130.90 - - [02/Dec/2019:02:03:11 +0100] "POST /wp-cron.php?doing_wp_cron=1575248591.1052429676055908203125 HTTP/1.1" 200 3389 "https://amazingsportwear.com/wp-cron.php?doing_wp_cron=1575248591.1052429676055908203125" "WordPress/5.2.4; https://amazingsportwear.com" "-"
66.249.69.210 - - [02/Dec/2019:02:03:10 +0100] "GET /producto/mallas-deportivas-mujer-carla/ HTTP/1.1" 200 102736 "-" "Mozilla/5.0 (Linux; Android 6.0.1; Nexus 5X Build/MMB29P) AppleWebKit/537.36 (KHTML, like Gecko) Chrome/41.0.2272.96 Mobile Safari/537.36 (compatible; Googlebot/2.1; +http://www.google.com/bot.html)" "-"
189.250.79.121 - - [02/Dec/2019:02:06:24 +0100] "GET /wp-content/uploads/2019/04/gorra-konlun-5.png HTTP/1.1" 200 82923 "https://www.google.com/" "Mozilla/5.0 (Windows NT 10.0; Win64; x64) AppleWebKit/537.36 (KHTML, like Gecko) Chrome/78.0.3904.108 Safari/537.36" "-"
217.76.130.90 - - [02/Dec/2019:02:06:41 +0100] "POST /wp-cron.php?doing_wp_cron=1575248801.2445890903472900390625 HTTP/1.1" 200 3389 "https://amazingsportwear.com/wp-cron.php?doing_wp_cron=1575248801.2445890903472900390625" "WordPress/5.2.4; https://amazingsportwear.com" "-"
66.249.69.210 - - [02/Dec/2019:02:06:40 +0100] "GET /producto/camiseta-basket-sin-costadillos/ HTTP/1.1" 200 94749 "-" "Mozilla/5.0 (Linux; Android 6.0.1; Nexus 5X Build/MMB29P) AppleWebKit/537.36 (KHTML, like Gecko) Chrome/41.0.2272.96 Mobile Safari/537.36 (compatible; Googlebot/2.1; +http://www.google.com/bot.html)" "-"
186.84.174.239 - - [02/Dec/2019:02:07:12 +0100] "GET /wp-content/uploads/2019/04/Gorra-sport-10.png HTTP/1.1" 200 60426 "https://www.google.com/" "Mozilla/5.0 (Windows NT 10.0; Win64; x64) AppleWebKit/537.36 (KHTML, like Gecko) Chrome/78.0.3904.108 Safari/537.36" "-"
217.76.130.90 - - [02/Dec/2019:02:13:34 +0100] "POST /wp-cron.php?doing_wp_cron=1575249214.2559580802917480468750 HTTP/1.1" 200 3389 "https://amazingsportwear.com/wp-cron.php?doing_wp_cron=1575249214.2559580802917480468750" "WordPress/5.2.4; https://amazingsportwear.com" "-"
157.55.39.220 - - [02/Dec/2019:02:13:33 +0100] "GET /product_cat-sitemap.xml HTTP/1.1" 200 13353 "-" "msnbot/2.0b (+http://search.msn.com/msnbot.htm)" "-"
66.249.69.208 - - [02/Dec/2019:02:16:02 +0100] "GET /wp-content/plugins/product-enquiry-for-woocommerce/img/contact/loading.gif HTTP/1.1" 304 3565 "-" "Googlebot-Image/1.0" "-"
217.76.130.90 - - [02/Dec/2019:02:17:22 +0100] "POST /wp-cron.php?doing_wp_cron=1575249442.5507719516754150390625 HTTP/1.1" 200 3389 "https://amazingsportwear.com/wp-cron.php?doing_wp_cron=1575249442.5507719516754150390625" "WordPress/5.2.4; https://amazingsportwear.com" "-"
66.249.69.210 - - [02/Dec/2019:02:17:21 +0100] "GET /producto/camiseta-tecnic-rox-cat-5247/ HTTP/1.1" 200 108146 "-" "Mozilla/5.0 (Linux; Android 6.0.1; Nexus 5X Build/MMB29P) AppleWebKit/537.36 (KHTML, like Gecko) Chrome/41.0.2272.96 Mobile Safari/537.36 (compatible; Googlebot/2.1; +http://www.google.com/bot.html)" "-"
190.239.58.220 - - [02/Dec/2019:02:17:42 +0100] "GET /wp-content/uploads/2019/04/Gorra-sport-10.png HTTP/1.1" 200 60426 "https://www.google.com/" "Mozilla/5.0 (Windows NT 10.0; Win64; x64) AppleWebKit/537.36 (KHTML, like Gecko) Chrome/78.0.3904.108 Safari/537.36" "-"
217.76.130.90 - - [02/Dec/2019:02:19:27 +0100] "POST /wp-cron.php?doing_wp_cron=1575249567.6773140430450439453125 HTTP/1.1" 200 3389 "https://amazingsportwear.com/wp-cron.php?doing_wp_cron=1575249567.6773140430450439453125" "WordPress/5.2.4; https://amazingsportwear.com" "-"
40.77.167.161 - - [02/Dec/2019:02:19:26 +0100] "GET /26-camisetas-nino HTTP/1.1" 404 72303 "-" "Mozilla/5.0 (compatible; bingbot/2.0; +http://www.bing.com/bingbot.htm)" "-"
190.239.58.220 - - [02/Dec/2019:02:22:39 +0100] "GET /wp-content/uploads/2019/04/Gorra-sport-6.png HTTP/1.1" 200 44623 "https://www.google.com/" "Mozilla/5.0 (Windows NT 10.0; Win64; x64) AppleWebKit/537.36 (KHTML, like Gecko) Chrome/78.0.3904.108 Safari/537.36" "-"
217.76.130.90 - - [02/Dec/2019:02:24:35 +0100] "POST /wp-cron.php?doing_wp_cron=1575249875.5543940067291259765625 HTTP/1.1" 200 3389 "https://amazingsportwear.com/wp-cron.php?doing_wp_cron=1575249875.5543940067291259765625" "WordPress/5.2.4; https://amazingsportwear.com" "-"
66.249.69.212 - - [02/Dec/2019:02:24:34 +0100] "GET /producto/bidon-camiseta-zablex/ HTTP/1.1" 200 94678 "-" "Mozilla/5.0 (Linux; Android 6.0.1; Nexus 5X Build/MMB29P) AppleWebKit/537.36 (KHTML, like Gecko) Chrome/41.0.2272.96 Mobile Safari/537.36 (compatible; Googlebot/2.1; +http://www.google.com/bot.html)" "-"
217.76.130.90 - - [02/Dec/2019:02:31:35 +0100] "POST /wp-cron.php?doing_wp_cron=1575250295.5608479976654052734375 HTTP/1.1" 200 3389 "https://amazingsportwear.com/wp-cron.php?doing_wp_cron=1575250295.5608479976654052734375" "WordPress/5.2.4; https://amazingsportwear.com" "-"
157.55.39.220 - - [02/Dec/2019:02:31:34 +0100] "GET /product_cat-sitemap.xml HTTP/1.1" 200 13353 "-" "msnbot/2.0b (+http://search.msn.com/msnbot.htm)" "-"
217.76.130.90 - - [02/Dec/2019:02:34:41 +0100] "POST /wp-cron.php?doing_wp_cron=1575250481.2481150627136230468750 HTTP/1.1" 200 164 "http://amazingsportwear.com/wp-cron.php?doing_wp_cron=1575250481.2481150627136230468750" "WordPress/5.2.4; https://amazingsportwear.com" "-"
66.249.69.192 - - [02/Dec/2019:02:34:39 +0100] "GET /tienda/176-pantalon-mujer-rocky-nath-rocky.html HTTP/1.1" 404 68100 "-" "Mozilla/5.0 (Linux; Android 6.0.1; Nexus 5X Build/MMB29P) AppleWebKit/537.36 (KHTML, like Gecko) Chrome/41.0.2272.96 Mobile Safari/537.36 (compatible; Googlebot/2.1; +http://www.google.com/bot.html)" "-"
217.76.130.90 - - [02/Dec/2019:02:43:39 +0100] "POST /wp-cron.php?doing_wp_cron=1575251019.8211419582366943359375 HTTP/1.1" 200 164 "http://amazingsportwear.com/wp-cron.php?doing_wp_cron=1575251019.8211419582366943359375" "WordPress/5.2.4; https://amazingsportwear.com" "-"
35.210.233.113 - - [02/Dec/2019:02:43:38 +0100] "GET /robots.txt HTTP/1.1" 200 375 "-" "Go-http-client/1.1" "-"
35.210.233.113 - - [02/Dec/2019:02:43:39 +0100] "GET /producto/cullot-deportivo-mujer-cat-4718 HTTP/1.1" 301 319 "-" "Mozilla/5.0 (compatible; VelenPublicWebCrawler/1.0; +https://velen.io)" "-"
35.210.233.113 - - [02/Dec/2019:02:43:43 +0100] "GET /producto/cullot-deportivo-mujer-cat-4718/ HTTP/1.1" 200 97269 "http://amazingsportwear.com/producto/cullot-deportivo-mujer-cat-4718" "Mozilla/5.0 (compatible; VelenPublicWebCrawler/1.0; +https://velen.io)" "-"
179.6.212.205 - - [02/Dec/2019:02:46:42 +0100] "GET /wp-content/uploads/2019/04/Gorra-sport-6.png HTTP/1.1" 200 44623 "https://www.google.com/" "Mozilla/5.0 (Windows NT 6.1; Win64; x64) AppleWebKit/537.36 (KHTML, like Gecko) Chrome/78.0.3904.108 Safari/537.36" "-"
217.76.130.90 - - [02/Dec/2019:02:53:13 +0100] "POST /wp-cron.php?doing_wp_cron=1575251593.0463790893554687500000 HTTP/1.1" 200 3389 "https://amazingsportwear.com/wp-cron.php?doing_wp_cron=1575251593.0463790893554687500000" "WordPress/5.2.4; https://amazingsportwear.com" "-"
66.249.69.208 - - [02/Dec/2019:02:53:11 +0100] "GET /categoria-producto/deportes/futbol/ HTTP/1.1" 200 66416 "-" "Mozilla/5.0 (Linux; Android 6.0.1; Nexus 5X Build/MMB29P) AppleWebKit/537.36 (KHTML, like Gecko) Chrome/41.0.2272.96 Mobile Safari/537.36 (compatible; Googlebot/2.1; +http://www.google.com/bot.html)" "-"
217.76.130.90 - - [02/Dec/2019:02:56:22 +0100] "POST /wp-cron.php?doing_wp_cron=1575251782.2259569168090820312500 HTTP/1.1" 200 3389 "https://amazingsportwear.com/wp-cron.php?doing_wp_cron=1575251782.2259569168090820312500" "WordPress/5.2.4; https://amazingsportwear.com" "-"
66.249.69.212 - - [02/Dec/2019:02:56:21 +0100] "GET /producto/camiseta-tecnica-combinada-shangai-mujer/ HTTP/1.1" 200 111065 "-" "Mozilla/5.0 (Linux; Android 6.0.1; Nexus 5X Build/MMB29P) AppleWebKit/537.36 (KHTML, like Gecko) Chrome/41.0.2272.96 Mobile Safari/537.36 (compatible; Googlebot/2.1; +http://www.google.com/bot.html)" "-"
217.76.130.90 - - [02/Dec/2019:02:57:21 +0100] "POST /wp-cron.php?doing_wp_cron=1575251841.2552890777587890625000 HTTP/1.1" 200 164 "http://amazingsportwear.com/wp-cron.php?doing_wp_cron=1575251841.2552890777587890625000" "WordPress/5.2.4; https://amazingsportwear.com" "-"
207.46.13.131 - - [02/Dec/2019:02:57:20 +0100] "GET /atletismo/182-chaleco-cortavientos-sublimado-asw.html HTTP/1.1" 404 68092 "-" "Mozilla/5.0 (iPhone; CPU iPhone OS 7_0 like Mac OS X) AppleWebKit/537.51.1 (KHTML, like Gecko) Version/7.0 Mobile/11A465 Safari/9537.53 (compatible; bingbot/2.0; +http://www.bing.com/bingbot.htm)" "-"
217.76.130.90 - - [02/Dec/2019:03:05:26 +0100] "POST /wp-cron.php?doing_wp_cron=1575252326.5735199451446533203125 HTTP/1.1" 200 3389 "https://amazingsportwear.com/wp-cron.php?doing_wp_cron=1575252326.5735199451446533203125" "WordPress/5.2.4; https://amazingsportwear.com" "-"
66.249.69.208 - - [02/Dec/2019:03:05:25 +0100] "GET /producto/camiseta-tecnica-dinamic-combi/ HTTP/1.1" 200 104060 "-" "Mozilla/5.0 (Linux; Android 6.0.1; Nexus 5X Build/MMB29P) AppleWebKit/537.36 (KHTML, like Gecko) Chrome/41.0.2272.96 Mobile Safari/537.36 (compatible; Googlebot/2.1; +http://www.google.com/bot.html)" "-"
148.0.141.129 - - [02/Dec/2019:03:08:56 +0100] "GET /wp-content/uploads/2019/04/Gorra-sport-6.png HTTP/1.1" 200 44623 "https://www.google.com/" "Mozilla/5.0 (Windows NT 10.0; Win64; x64) AppleWebKit/537.36 (KHTML, like Gecko) Chrome/64.0.3282.140 Safari/537.36 Edge/18.17763" "-"
217.76.130.90 - - [02/Dec/2019:03:28:25 +0100] "POST /wp-cron.php?doing_wp_cron=1575253705.2865290641784667968750 HTTP/1.1" 200 164 "http://amazingsportwear.com/wp-cron.php?doing_wp_cron=1575253705.2865290641784667968750" "WordPress/5.2.4; https://amazingsportwear.com" "-"
66.249.69.221 - - [02/Dec/2019:03:28:21 +0100] "GET /robots.txt HTTP/1.1" 200 432 "-" "Mozilla/5.0 (compatible; Googlebot/2.1; +http://www.google.com/bot.html)" "-"
45.232.93.18 - - [02/Dec/2019:03:33:45 +0100] "GET /wp-content/uploads/2018/05/sa-0421-azul-blanco.jpg HTTP/1.1" 200 91825 "https://www.google.com/blank.html" "Mozilla/5.0 (Linux; Android 8.1.0; DUB-LX3 Build/HUAWEIDUB-LX3; wv) AppleWebKit/537.36 (KHTML, like Gecko) Version/4.0 Chrome/70.0.3538.110 Mobile Safari/537.36 GSA/8.55.6.21.arm64" "-"
217.76.130.90 - - [02/Dec/2019:03:37:25 +0100] "POST /wp-cron.php?doing_wp_cron=1575254245.5489859580993652343750 HTTP/1.1" 200 3389 "https://amazingsportwear.com/wp-cron.php?doing_wp_cron=1575254245.5489859580993652343750" "WordPress/5.2.4; https://amazingsportwear.com" "-"
66.249.69.208 - - [02/Dec/2019:03:37:24 +0100] "GET /producto/gorra-dowan/ HTTP/1.1" 200 95259 "-" "Mozilla/5.0 (Linux; Android 6.0.1; Nexus 5X Build/MMB29P) AppleWebKit/537.36 (KHTML, like Gecko) Chrome/41.0.2272.96 Mobile Safari/537.36 (compatible; Googlebot/2.1; +http://www.google.com/bot.html)" "-"
40.77.167.154 - - [02/Dec/2019:03:37:43 +0100] "GET /tienda/176-pantalon-mujer-rocky-nath-rocky.html HTTP/1.1" 404 68090 "-" "Mozilla/5.0 (iPhone; CPU iPhone OS 7_0 like Mac OS X) AppleWebKit/537.51.1 (KHTML, like Gecko) Version/7.0 Mobile/11A465 Safari/9537.53 (compatible; bingbot/2.0; +http://www.bing.com/bingbot.htm)" "-"
217.76.130.90 - - [02/Dec/2019:03:40:11 +0100] "POST /wp-cron.php?doing_wp_cron=1575254411.2723610401153564453125 HTTP/1.1" 200 164 "http://amazingsportwear.com/wp-cron.php?doing_wp_cron=1575254411.2723610401153564453125" "WordPress/5.2.4; https://amazingsportwear.com" "-"
1.70.76.193 - - [02/Dec/2019:03:40:08 +0100] "GET /img/cms/tienda/nath-combi-colores.JPG HTTP/1.1" 404 68064 "-" "Mozilla/5.0(Linux;Android 5.1.1;OPPO A33 Build/LMY47V;wv) AppleWebKit/537.36(KHTML,link Gecko) Version/4.0 Chrome/43.0.2357.121 Mobile Safari/537.36 LieBaoFast/4.51.3" "-"
90.173.147.211 - - [02/Dec/2019:04:03:58 +0100] "GET /wp-content/uploads/2019/04/bolsa-deporte-hale-4.png HTTP/1.1" 200 117577 "https://www.google.es/" "Mozilla/5.0 (Macintosh; Intel Mac OS X 10_15) AppleWebKit/605.1.15 (KHTML, like Gecko) Version/13.0.1 Safari/605.1.15" "-"
180.183.251.57 - - [02/Dec/2019:04:06:23 +0100] "GET /wp-content/uploads/2019/04/Gorra-harum-2.png HTTP/1.1" 200 53515 "https://www.google.com/" "Mozilla/5.0 (Windows NT 6.1) AppleWebKit/537.36 (KHTML, like Gecko) Chrome/78.0.3904.108 Safari/537.36" "-"
66.249.69.212 - - [02/Dec/2019:04:17:08 +0100] "GET /wp-content/plugins/woocommerce/assets/js/frontend/add-to-cart.min.js?ver=3.6.4 HTTP/1.1" 200 6346 "https://amazingsportwear.com/" "Mozilla/5.0 (Linux; Android 6.0.1; Nexus 5X Build/MMB29P) AppleWebKit/537.36 (KHTML, like Gecko) Chrome/41.0.2272.96 Mobile Safari/537.36 (compatible; Googlebot/2.1; +http://www.google.com/bot.html)" "-"
217.76.130.90 - - [02/Dec/2019:04:17:30 +0100] "POST /wp-cron.php?doing_wp_cron=1575256650.8438351154327392578125 HTTP/1.1" 200 3389 "https://amazingsportwear.com/wp-cron.php?doing_wp_cron=1575256650.8438351154327392578125" "WordPress/5.2.4; https://amazingsportwear.com" "-"
66.249.69.208 - - [02/Dec/2019:04:17:19 +0100] "POST /?wc-ajax=get_refreshed_fragments HTTP/1.1" 200 4760 "https://amazingsportwear.com/" "Mozilla/5.0 (Linux; Android 6.0.1; Nexus 5X Build/MMB29P) AppleWebKit/537.36 (KHTML, like Gecko) Chrome/41.0.2272.96 Mobile Safari/537.36 (compatible; Googlebot/2.1; +http://www.google.com/bot.html)" "_ga=GA1.2.1951319036.1575158400; _gid=GA1.2.1036204339.1575158400; _gat_gtag_UA_91619287_1=1"
217.76.130.90 - - [02/Dec/2019:04:19:23 +0100] "POST /wp-cron.php?doing_wp_cron=1575256763.7652859687805175781250 HTTP/1.1" 200 3389 "https://amazingsportwear.com/wp-cron.php?doing_wp_cron=1575256763.7652859687805175781250" "WordPress/5.2.4; https://amazingsportwear.com" "-"
66.249.69.212 - - [02/Dec/2019:04:19:23 +0100] "GET /producto/camiseta-portero-futbol-manga-larga/ HTTP/1.1" 200 92259 "-" "Mozilla/5.0 (Linux; Android 6.0.1; Nexus 5X Build/MMB29P) AppleWebKit/537.36 (KHTML, like Gecko) Chrome/41.0.2272.96 Mobile Safari/537.36 (compatible; Googlebot/2.1; +http://www.google.com/bot.html)" "-"
217.76.130.90 - - [02/Dec/2019:04:25:13 +0100] "POST /wp-cron.php?doing_wp_cron=1575257113.5866758823394775390625 HTTP/1.1" 200 3389 "https://amazingsportwear.com/wp-cron.php?doing_wp_cron=1575257113.5866758823394775390625" "WordPress/5.2.4; https://amazingsportwear.com" "-"
66.249.69.212 - - [02/Dec/2019:04:25:07 +0100] "POST /?wc-ajax=get_refreshed_fragments HTTP/1.1" 200 4760 "https://amazingsportwear.com/producto/camiseta-tecnica-dinamic-combi/" "Mozilla/5.0 (Linux; Android 6.0.1; Nexus 5X Build/MMB29P) AppleWebKit/537.36 (KHTML, like Gecko) Chrome/41.0.2272.96 Mobile Safari/537.36 (compatible; Googlebot/2.1; +http://www.google.com/bot.html)" "_ga=GA1.2.969013651.1575244800; _gid=GA1.2.1978218920.1575244800; _gat_gtag_UA_91619287_1=1"
190.156.140.224 - - [02/Dec/2019:04:36:56 +0100] "GET /wp-content/uploads/2017/01/cam-ranglan3-maristas.jpg HTTP/1.1" 200 83269 "https://www.google.com/" "Mozilla/5.0 (X11; Linux x86_64) AppleWebKit/537.36 (KHTML, like Gecko) Chrome/78.0.3904.108 Safari/537.36" "-"
217.76.130.90 - - [02/Dec/2019:04:46:27 +0100] "POST /wp-cron.php?doing_wp_cron=1575258387.6621890068054199218750 HTTP/1.1" 200 3389 "https://amazingsportwear.com/wp-cron.php?doing_wp_cron=1575258387.6621890068054199218750" "WordPress/5.2.4; https://amazingsportwear.com" "-"
66.249.69.212 - - [02/Dec/2019:04:46:25 +0100] "GET /937-home_default/pantalon-leggin-adelaida-sa-0459.jpg HTTP/1.1" 404 72326 "-" "Googlebot-Image/1.0" "-"
217.76.130.90 - - [02/Dec/2019:04:55:26 +0100] "POST /wp-cron.php?doing_wp_cron=1575258925.9943130016326904296875 HTTP/1.1" 200 3389 "https://amazingsportwear.com/wp-cron.php?doing_wp_cron=1575258925.9943130016326904296875" "WordPress/5.2.4; https://amazingsportwear.com" "-"
66.249.69.210 - - [02/Dec/2019:04:55:24 +0100] "POST /?wc-ajax=get_refreshed_fragments HTTP/1.1" 200 4760 "https://amazingsportwear.com/producto/camiseta-portero-futbol-manga-larga/" "Mozilla/5.0 (Linux; Android 6.0.1; Nexus 5X Build/MMB29P) AppleWebKit/537.36 (KHTML, like Gecko) Chrome/41.0.2272.96 Mobile Safari/537.36 (compatible; Googlebot/2.1; +http://www.google.com/bot.html)" "_ga=GA1.2.969013651.1575244800; _gid=GA1.2.1978218920.1575244800; _gat_gtag_UA_91619287_1=1"
190.141.254.122 - - [02/Dec/2019:04:58:40 +0100] "GET /wp-content/uploads/2019/04/Gorra-sport-10.png HTTP/1.1" 200 60426 "-" "Mozilla/5.0 (Windows NT 10.0; Win64; x64) AppleWebKit/537.36 (KHTML, like Gecko) Chrome/70.0.3538.102 Safari/537.36 Edge/18.18362" "-"
217.76.130.90 - - [02/Dec/2019:05:11:26 +0100] "POST /wp-cron.php?doing_wp_cron=1575259886.2237989902496337890625 HTTP/1.1" 200 3389 "https://amazingsportwear.com/wp-cron.php?doing_wp_cron=1575259886.2237989902496337890625" "WordPress/5.2.4; https://amazingsportwear.com" "-"
66.249.66.68 - - [02/Dec/2019:05:11:24 +0100] "GET /producto/polo-tecnico-open-aq-open/ HTTP/1.1" 200 104778 "-" "Mozilla/5.0 (Linux; Android 6.0.1; Nexus 5X Build/MMB29P) AppleWebKit/537.36 (KHTML, like Gecko) Chrome/41.0.2272.96 Mobile Safari/537.36 (compatible; Googlebot/2.1; +http://www.google.com/bot.html)" "-"
66.249.66.66 - - [02/Dec/2019:05:11:45 +0100] "POST /?wc-ajax=get_refreshed_fragments HTTP/1.1" 200 4760 "https://amazingsportwear.com/producto/polo-tecnico-open-aq-open/" "Mozilla/5.0 (Linux; Android 6.0.1; Nexus 5X Build/MMB29P) AppleWebKit/537.36 (KHTML, like Gecko) Chrome/41.0.2272.96 Mobile Safari/537.36 (compatible; Googlebot/2.1; +http://www.google.com/bot.html)" "_ga=GA1.2.969013651.1575244800; _gid=GA1.2.1978218920.1575244800; _gat_gtag_UA_91619287_1=1"
217.76.130.90 - - [02/Dec/2019:05:13:24 +0100] "POST /wp-cron.php?doing_wp_cron=1575260004.9260530471801757812500 HTTP/1.1" 200 3389 "https://amazingsportwear.com/wp-cron.php?doing_wp_cron=1575260004.9260530471801757812500" "WordPress/5.2.4; https://amazingsportwear.com" "-"
17.58.100.225 - - [02/Dec/2019:05:13:24 +0100] "GET /robots.txt HTTP/1.1" 200 3687 "-" "Mozilla/5.0 (Macintosh; Intel Mac OS X 10_10_1) AppleWebKit/600.2.5 (KHTML, like Gecko) Version/8.0.2 Safari/600.2.5 (Applebot/0.1; +http://www.apple.com/go/applebot)" "-"
17.58.96.177 - - [02/Dec/2019:05:13:25 +0100] "GET /categoria-producto/accesorios/toallas/ HTTP/1.1" 200 59611 "-" "Mozilla/5.0 (Macintosh; Intel Mac OS X 10_10_1) AppleWebKit/600.2.5 (KHTML, like Gecko) Version/8.0.2 Safari/600.2.5 (Applebot/0.1; +http://www.apple.com/go/applebot)" "-"
217.76.130.90 - - [02/Dec/2019:05:15:11 +0100] "POST /wp-cron.php?doing_wp_cron=1575260111.3091900348663330078125 HTTP/1.1" 200 3389 "https://amazingsportwear.com/wp-cron.php?doing_wp_cron=1575260111.3091900348663330078125" "WordPress/5.2.4; https://amazingsportwear.com" "-"
66.249.66.68 - - [02/Dec/2019:05:15:10 +0100] "GET /product-sitemap.xml HTTP/1.1" 200 145888 "-" "Mozilla/5.0 (compatible; Googlebot/2.1; +http://www.google.com/bot.html)" "-"
217.76.130.90 - - [02/Dec/2019:05:17:00 +0100] "POST /wp-cron.php?doing_wp_cron=1575260220.5257298946380615234375 HTTP/1.1" 200 3389 "https://amazingsportwear.com/wp-cron.php?doing_wp_cron=1575260220.5257298946380615234375" "WordPress/5.2.4; https://amazingsportwear.com" "-"
157.55.39.220 - - [02/Dec/2019:05:16:59 +0100] "GET /22-tienda HTTP/1.1" 404 72282 "-" "Mozilla/5.0 (compatible; bingbot/2.0; +http://www.bing.com/bingbot.htm)" "-"
217.76.130.90 - - [02/Dec/2019:05:17:22 +0100] "POST /wp-cron.php?doing_wp_cron=1575260242.1758139133453369140625 HTTP/1.1" 200 164 "http://amazingsportwear.com/wp-cron.php?doing_wp_cron=1575260242.1758139133453369140625" "WordPress/5.2.4; https://amazingsportwear.com" "-"
207.46.13.131 - - [02/Dec/2019:05:17:21 +0100] "GET /21-tenis-padel HTTP/1.1" 404 68018 "-" "Mozilla/5.0 (iPhone; CPU iPhone OS 7_0 like Mac OS X) AppleWebKit/537.51.1 (KHTML, like Gecko) Version/7.0 Mobile/11A465 Safari/9537.53 (compatible; bingbot/2.0; +http://www.bing.com/bingbot.htm)" "-"
189.174.172.191 - - [02/Dec/2019:05:21:28 +0100] "GET /wp-content/uploads/2019/04/Gorra-sport-6.png HTTP/1.1" 200 44428 "https://www.google.com.mx/" "Mozilla/5.0 (iPhone; CPU iPhone OS 13_2_3 like Mac OS X) AppleWebKit/605.1.15 (KHTML, like Gecko) Version/13.0.3 Mobile/15E148 Safari/604.1" "-"
189.174.172.191 - - [02/Dec/2019:05:21:35 +0100] "GET /wp-content/uploads/2019/04/Gorra-harum-2.png HTTP/1.1" 200 50152 "https://www.google.com.mx/" "Mozilla/5.0 (iPhone; CPU iPhone OS 13_2_3 like Mac OS X) AppleWebKit/605.1.15 (KHTML, like Gecko) Version/13.0.3 Mobile/15E148 Safari/604.1" "-"
189.174.172.191 - - [02/Dec/2019:05:21:41 +0100] "GET /wp-content/uploads/2019/04/Gorra-sport-6.png HTTP/1.1" 200 41260 "-" "Mozilla/5.0 (iPhone; CPU iPhone OS 13_2_3 like Mac OS X) AppleWebKit/605.1.15 (KHTML, like Gecko) Version/13.0.3 Mobile/15E148 Safari/604.1" "-"
189.174.172.191 - - [02/Dec/2019:05:21:42 +0100] "GET /favicon.ico HTTP/1.1" 200 3427 "https://amazingsportwear.com/wp-content/uploads/2019/04/Gorra-sport-6.png" "Mozilla/5.0 (iPhone; CPU iPhone OS 13_2_3 like Mac OS X) AppleWebKit/605.1.15 (KHTML, like Gecko) Version/13.0.3 Mobile/15E148 Safari/604.1" "-"
157.55.39.133 - - [02/Dec/2019:05:27:40 +0100] "GET /wp-content/uploads/2019/04/Brazalete-running-con-led-3.png HTTP/1.1" 200 206752 "-" "Mozilla/5.0 (compatible; bingbot/2.0; +http://www.bing.com/bingbot.htm)" "-"
217.76.130.90 - - [02/Dec/2019:05:31:30 +0100] "POST /wp-cron.php?doing_wp_cron=1575261090.5473411083221435546875 HTTP/1.1" 200 3389 "https://amazingsportwear.com/wp-cron.php?doing_wp_cron=1575261090.5473411083221435546875" "WordPress/5.2.4; https://amazingsportwear.com" "-"
66.249.66.66 - - [02/Dec/2019:05:31:28 +0100] "GET /producto/pantalon-corto-futbol/ HTTP/1.1" 200 91334 "-" "Mozilla/5.0 (compatible; Googlebot/2.1; +http://www.google.com/bot.html)" "-"
66.249.66.66 - - [02/Dec/2019:05:31:35 +0100] "POST /?wc-ajax=get_refreshed_fragments HTTP/1.1" 200 1397 "https://amazingsportwear.com/producto/pantalon-corto-futbol/" "Mozilla/5.0 AppleWebKit/537.36 (KHTML, like Gecko; compatible; Googlebot/2.1; +http://www.google.com/bot.html) Safari/537.36" "_ga=GA1.2.931330593.1575244800; _gid=GA1.2.2074753562.1575244800; _gat_gtag_UA_91619287_1=1"
201.106.59.69 - - [02/Dec/2019:05:32:39 +0100] "GET /wp-content/uploads/2019/04/Gorra-harum-2.png HTTP/1.1" 200 53515 "https://www.google.es/" "Mozilla/5.0 (Windows NT 10.0; Win64; x64) AppleWebKit/537.36 (KHTML, like Gecko) Chrome/78.0.3904.108 Safari/537.36" "-"
217.76.130.90 - - [02/Dec/2019:05:37:35 +0100] "POST /wp-cron.php?doing_wp_cron=1575261455.4192290306091308593750 HTTP/1.1" 200 164 "http://amazingsportwear.com/wp-cron.php?doing_wp_cron=1575261455.4192290306091308593750" "WordPress/5.2.4; https://amazingsportwear.com" "-"
52.206.118.20 - - [02/Dec/2019:05:37:33 +0100] "GET /wp-admin/user/admin.php HTTP/1.1" 302 397 "http://site.ru" "Mozilla/5.0 (Windows; U; Windows NT 5.1; en-US) AppleWebKit/533.4 (KHTML, like Gecko) Chrome/5.0.375.99 Safari/533.4" "-"
52.206.118.20 - - [02/Dec/2019:05:37:38 +0100] "GET /wp-admin/user/admin.php HTTP/1.1" 302 397 "http://site.ru" "Mozilla/5.0 (Windows; U; Windows NT 5.1; en-US) AppleWebKit/533.4 (KHTML, like Gecko) Chrome/5.0.375.99 Safari/533.4" "-"
52.206.118.20 - - [02/Dec/2019:05:37:39 +0100] "GET /wp-admin/user/admin.php HTTP/1.1" 302 3702 "http://site.ru" "Mozilla/5.0 (Windows; U; Windows NT 5.1; en-US) AppleWebKit/533.4 (KHTML, like Gecko) Chrome/5.0.375.99 Safari/533.4" "-"
52.206.118.20 - - [02/Dec/2019:05:37:40 +0100] "GET /wp-login.php?redirect_to=https%3A%2F%2Famazingsportwear.com%2Fwp-admin%2Fuser%2Fadmin.php&reauth=1 HTTP/1.1" 200 6710 "http://site.ru" "Mozilla/5.0 (Windows; U; Windows NT 5.1; en-US) AppleWebKit/533.4 (KHTML, like Gecko) Chrome/5.0.375.99 Safari/533.4" "-"
52.206.118.20 - - [02/Dec/2019:05:37:41 +0100] "GET /wp-admin/user/admin.php HTTP/1.1" 302 3702 "http://site.ru" "Mozilla/5.0 (Windows; U; Windows NT 5.1; en-US) AppleWebKit/533.4 (KHTML, like Gecko) Chrome/5.0.375.99 Safari/533.4" "-"
52.206.118.20 - - [02/Dec/2019:05:37:42 +0100] "GET /wp-login.php?redirect_to=https%3A%2F%2Famazingsportwear.com%2Fwp-admin%2Fuser%2Fadmin.php&reauth=1 HTTP/1.1" 200 6710 "http://site.ru" "Mozilla/5.0 (Windows; U; Windows NT 5.1; en-US) AppleWebKit/533.4 (KHTML, like Gecko) Chrome/5.0.375.99 Safari/533.4" "-"
217.76.130.90 - - [02/Dec/2019:05:46:10 +0100] "POST /wp-cron.php?doing_wp_cron=1575261970.9371299743652343750000 HTTP/1.1" 200 3389 "https://amazingsportwear.com/wp-cron.php?doing_wp_cron=1575261970.9371299743652343750000" "WordPress/5.2.4; https://amazingsportwear.com" "-"
31.13.115.7 - - [02/Dec/2019:05:46:09 +0100] "GET / HTTP/1.1" 200 125580 "-" "facebookexternalhit/1.1 (+http://www.facebook.com/externalhit_uatext.php)" "-"
31.13.115.9 - - [02/Dec/2019:05:46:09 +0100] "GET / HTTP/1.1" 200 125545 "-" "facebookexternalhit/1.1 (+http://www.facebook.com/externalhit_uatext.php)" "-"
217.76.130.90 - - [02/Dec/2019:05:49:02 +0100] "POST /wp-cron.php?doing_wp_cron=1575262142.9674520492553710937500 HTTP/1.1" 200 164 "http://amazingsportwear.com/wp-cron.php?doing_wp_cron=1575262142.9674520492553710937500" "WordPress/5.2.4; https://amazingsportwear.com" "-"
66.249.66.86 - - [02/Dec/2019:05:49:02 +0100] "GET /futbol/29-pantalon-corto-futbol.html HTTP/1.1" 404 68078 "-" "Mozilla/5.0 (Linux; Android 6.0.1; Nexus 5X Build/MMB29P) AppleWebKit/537.36 (KHTML, like Gecko) Chrome/41.0.2272.96 Mobile Safari/537.36 (compatible; Googlebot/2.1; +http://www.google.com/bot.html)" "-"
31.13.115.8 - - [02/Dec/2019:05:51:37 +0100] "GET /wp-content/uploads/2019/07/slider1.jpg HTTP/1.1" 206 247735 "-" "facebookexternalhit/1.1 (+http://www.facebook.com/externalhit_uatext.php)" "-"
217.76.130.90 - - [02/Dec/2019:05:51:38 +0100] "POST /wp-cron.php?doing_wp_cron=1575262298.7373108863830566406250 HTTP/1.1" 200 3389 "https://amazingsportwear.com/wp-cron.php?doing_wp_cron=1575262298.7373108863830566406250" "WordPress/5.2.4; https://amazingsportwear.com" "-"
31.13.103.9 - - [02/Dec/2019:05:51:37 +0100] "GET / HTTP/1.1" 200 125535 "-" "facebookexternalhit/1.1 (+http://www.facebook.com/externalhit_uatext.php)" "-"
31.13.103.20 - - [02/Dec/2019:05:51:37 +0100] "GET / HTTP/1.1" 200 125565 "-" "facebookexternalhit/1.1 (+http://www.facebook.com/externalhit_uatext.php)" "-"
31.13.103.10 - - [02/Dec/2019:05:51:39 +0100] "GET /contacta-con-nosotros HTTP/1.1" 301 319 "-" "facebookexternalhit/1.1 (+http://www.facebook.com/externalhit_uatext.php)" "-"
31.13.103.5 - - [02/Dec/2019:05:51:40 +0100] "GET /contacta-con-nosotros HTTP/1.1" 301 319 "-" "facebookexternalhit/1.1 (+http://www.facebook.com/externalhit_uatext.php)" "-"
31.13.103.10 - - [02/Dec/2019:05:51:40 +0100] "GET /contacta-con-nosotros/ HTTP/1.1" 200 58199 "-" "facebookexternalhit/1.1 (+http://www.facebook.com/externalhit_uatext.php)" "-"
31.13.103.5 - - [02/Dec/2019:05:51:41 +0100] "GET /contacta-con-nosotros/ HTTP/1.1" 200 58209 "-" "facebookexternalhit/1.1 (+http://www.facebook.com/externalhit_uatext.php)" "-"
217.76.130.90 - - [02/Dec/2019:05:52:20 +0100] "POST /wp-cron.php?doing_wp_cron=1575262340.5156729221343994140625 HTTP/1.1" 200 3389 "https://amazingsportwear.com/wp-cron.php?doing_wp_cron=1575262340.5156729221343994140625" "WordPress/5.2.4; https://amazingsportwear.com" "-"
66.249.66.68 - - [02/Dec/2019:05:52:19 +0100] "GET /producto/camiseta-hombre-dogo-premium/ HTTP/1.1" 200 100659 "-" "Mozilla/5.0 (Linux; Android 6.0.1; Nexus 5X Build/MMB29P) AppleWebKit/537.36 (KHTML, like Gecko) Chrome/41.0.2272.96 Mobile Safari/537.36 (compatible; Googlebot/2.1; +http://www.google.com/bot.html)" "-"
66.249.66.68 - - [02/Dec/2019:05:52:35 +0100] "POST /?wc-ajax=get_refreshed_fragments HTTP/1.1" 200 4760 "https://amazingsportwear.com/producto/camiseta-hombre-dogo-premium/" "Mozilla/5.0 (Linux; Android 6.0.1; Nexus 5X Build/MMB29P) AppleWebKit/537.36 (KHTML, like Gecko) Chrome/41.0.2272.96 Mobile Safari/537.36 (compatible; Googlebot/2.1; +http://www.google.com/bot.html)" "_ga=GA1.2.969013651.1575244800; _gid=GA1.2.1978218920.1575244800; _gat_gtag_UA_91619287_1=1"
181.114.123.105 - - [02/Dec/2019:06:03:39 +0100] "GET /wp-content/uploads/2019/04/Gorra-sport-6.png HTTP/1.1" 200 44623 "https://www.google.com/" "Mozilla/5.0 (Windows NT 6.3; Win64; x64) AppleWebKit/537.36 (KHTML, like Gecko) Chrome/78.0.3904.108 Safari/537.36" "-"
217.76.130.90 - - [02/Dec/2019:06:04:49 +0100] "POST /wp-cron.php?doing_wp_cron=1575263089.0779960155487060546875 HTTP/1.1" 200 3389 "https://amazingsportwear.com/wp-cron.php?doing_wp_cron=1575263089.0779960155487060546875" "WordPress/5.2.4; https://amazingsportwear.com" "-"
66.249.66.68 - - [02/Dec/2019:06:04:48 +0100] "GET /producto/mochila-tipo-saco-cat-3164/ HTTP/1.1" 200 103038 "-" "Mozilla/5.0 (Linux; Android 6.0.1; Nexus 5X Build/MMB29P) AppleWebKit/537.36 (KHTML, like Gecko) Chrome/41.0.2272.96 Mobile Safari/537.36 (compatible; Googlebot/2.1; +http://www.google.com/bot.html)" "-"
40.77.167.135 - - [02/Dec/2019:06:14:42 +0100] "GET /wp-content/uploads/2019/04/Gorra-sport-9.png HTTP/1.1" 200 112729 "-" "Mozilla/5.0 (compatible; bingbot/2.0; +http://www.bing.com/bingbot.htm)" "-"
217.76.130.90 - - [02/Dec/2019:06:18:52 +0100] "POST /wp-cron.php?doing_wp_cron=1575263932.0546259880065917968750 HTTP/1.1" 200 3389 "https://amazingsportwear.com/wp-cron.php?doing_wp_cron=1575263932.0546259880065917968750" "WordPress/5.2.4; https://amazingsportwear.com" "-"
157.55.39.19 - - [02/Dec/2019:06:18:47 +0100] "GET /robots.txt HTTP/1.1" 200 2297 "-" "Mozilla/5.0 (compatible; bingbot/2.0; +http://www.bing.com/bingbot.htm)" "-"
157.55.39.19 - - [02/Dec/2019:06:18:52 +0100] "GET /robots.txt HTTP/1.1" 200 3939 "-" "Mozilla/5.0 (compatible; bingbot/2.0; +http://www.bing.com/bingbot.htm)" "-"
157.55.39.220 - - [02/Dec/2019:06:19:09 +0100] "GET /wp-content/uploads/2017/03/aq-cross-hombre-290x300.jpg HTTP/1.1" 200 23188 "-" "Mozilla/5.0 (compatible; bingbot/2.0; +http://www.bing.com/bingbot.htm)" "-"
