217.76.130.90 - - [08/Dec/2019:12:23:06 +0100] "POST /wp-cron.php?doing_wp_cron=1575804186.0411319732666015625000 HTTP/1.1" 200 3389 "https://amazingsportwear.com/wp-cron.php?doing_wp_cron=1575804186.0411319732666015625000" "WordPress/5.2.4; https://amazingsportwear.com" "-"
66.249.64.146 - - [08/Dec/2019:12:23:05 +0100] "GET /producto/gorra-tecnica-2/ HTTP/1.1" 200 96179 "-" "Mozilla/5.0 (compatible; Googlebot/2.1; +http://www.google.com/bot.html)" "-"
217.76.130.90 - - [08/Dec/2019:12:28:16 +0100] "POST /wp-cron.php?doing_wp_cron=1575804496.9350919723510742187500 HTTP/1.1" 200 3389 "https://amazingsportwear.com/wp-cron.php?doing_wp_cron=1575804496.9350919723510742187500" "WordPress/5.2.4; https://amazingsportwear.com" "-"
66.249.64.134 - - [08/Dec/2019:12:28:15 +0100] "GET /producto/mochila-blades/ HTTP/1.1" 200 103076 "-" "Mozilla/5.0 (compatible; Googlebot/2.1; +http://www.google.com/bot.html)" "-"
157.55.39.200 - - [08/Dec/2019:12:38:29 +0100] "GET /wp-content/uploads/2019/04/mento3.jpg HTTP/1.1" 200 68117 "-" "Mozilla/5.0 (compatible; bingbot/2.0; +http://www.bing.com/bingbot.htm)" "-"
217.76.130.90 - - [08/Dec/2019:12:47:14 +0100] "POST /wp-cron.php?doing_wp_cron=1575805634.1059010028839111328125 HTTP/1.1" 200 3389 "https://amazingsportwear.com/wp-cron.php?doing_wp_cron=1575805634.1059010028839111328125" "WordPress/5.2.4; https://amazingsportwear.com" "-"
66.249.64.146 - - [08/Dec/2019:12:47:11 +0100] "GET /producto/zapatillero-young/ HTTP/1.1" 200 97893 "-" "Mozilla/5.0 (Linux; Android 6.0.1; Nexus 5X Build/MMB29P) AppleWebKit/537.36 (KHTML, like Gecko) Chrome/41.0.2272.96 Mobile Safari/537.36 (compatible; Googlebot/2.1; +http://www.google.com/bot.html)" "-"
66.249.64.144 - - [08/Dec/2019:12:47:16 +0100] "GET /producto/linterna-frontal/ HTTP/1.1" 200 92254 "-" "Mozilla/5.0 (Linux; Android 6.0.1; Nexus 5X Build/MMB29P) AppleWebKit/537.36 (KHTML, like Gecko) Chrome/41.0.2272.96 Mobile Safari/537.36 (compatible; Googlebot/2.1; +http://www.google.com/bot.html)" "-"
66.249.64.144 - - [08/Dec/2019:12:47:48 +0100] "GET /producto/bandana-microfibra-tipo-buff/ HTTP/1.1" 200 92904 "-" "Mozilla/5.0 (compatible; Googlebot/2.1; +http://www.google.com/bot.html)" "-"
66.249.64.144 - - [08/Dec/2019:12:47:52 +0100] "POST /?wc-ajax=get_refreshed_fragments HTTP/1.1" 200 1397 "https://amazingsportwear.com/producto/bandana-microfibra-tipo-buff/" "Mozilla/5.0 AppleWebKit/537.36 (KHTML, like Gecko; compatible; Googlebot/2.1; +http://www.google.com/bot.html) Safari/537.36" "_ga=GA1.2.931330593.1575763200; _gid=GA1.2.2074753562.1575763200; _gat_gtag_UA_91619287_1=1"
217.76.130.90 - - [08/Dec/2019:12:48:41 +0100] "POST /wp-cron.php?doing_wp_cron=1575805721.6593530178070068359375 HTTP/1.1" 200 3389 "https://amazingsportwear.com/wp-cron.php?doing_wp_cron=1575805721.6593530178070068359375" "WordPress/5.2.4; https://amazingsportwear.com" "-"
66.249.64.146 - - [08/Dec/2019:12:48:41 +0100] "GET /producto/llavero-metalico-futbol/ HTTP/1.1" 200 94546 "-" "Mozilla/5.0 (compatible; Googlebot/2.1; +http://www.google.com/bot.html)" "-"
217.76.130.90 - - [08/Dec/2019:12:53:22 +0100] "POST /wp-cron.php?doing_wp_cron=1575806002.3274199962615966796875 HTTP/1.1" 200 3389 "https://amazingsportwear.com/wp-cron.php?doing_wp_cron=1575806002.3274199962615966796875" "WordPress/5.2.4; https://amazingsportwear.com" "-"
66.249.64.148 - - [08/Dec/2019:12:53:21 +0100] "GET /categoria-producto/mujer/faldas/ HTTP/1.1" 200 57100 "-" "Mozilla/5.0 (Linux; Android 6.0.1; Nexus 5X Build/MMB29P) AppleWebKit/537.36 (KHTML, like Gecko) Chrome/41.0.2272.96 Mobile Safari/537.36 (compatible; Googlebot/2.1; +http://www.google.com/bot.html)" "-"
217.76.130.90 - - [08/Dec/2019:12:54:09 +0100] "POST /wp-cron.php?doing_wp_cron=1575806049.3283340930938720703125 HTTP/1.1" 200 3389 "https://amazingsportwear.com/wp-cron.php?doing_wp_cron=1575806049.3283340930938720703125" "WordPress/5.2.4; https://amazingsportwear.com" "-"
66.249.64.148 - - [08/Dec/2019:12:54:08 +0100] "GET /etiqueta-producto/top-deportivo/ HTTP/1.1" 200 54098 "-" "Mozilla/5.0 (compatible; Googlebot/2.1; +http://www.google.com/bot.html)" "-"
217.76.130.90 - - [08/Dec/2019:12:56:15 +0100] "POST /wp-cron.php?doing_wp_cron=1575806174.9951701164245605468750 HTTP/1.1" 200 3389 "https://amazingsportwear.com/wp-cron.php?doing_wp_cron=1575806174.9951701164245605468750" "WordPress/5.2.4; https://amazingsportwear.com" "-"
207.46.13.184 - - [08/Dec/2019:12:56:14 +0100] "GET /mi-cuenta/ HTTP/1.1" 200 57284 "-" "Mozilla/5.0 (compatible; bingbot/2.0; +http://www.bing.com/bingbot.htm)" "-"
217.76.130.90 - - [08/Dec/2019:13:10:07 +0100] "POST /wp-cron.php?doing_wp_cron=1575807007.5052139759063720703125 HTTP/1.1" 200 3389 "https://amazingsportwear.com/wp-cron.php?doing_wp_cron=1575807007.5052139759063720703125" "WordPress/5.2.4; https://amazingsportwear.com" "-"
66.249.64.148 - - [08/Dec/2019:13:10:05 +0100] "GET /producto/falda-patty-sa-0321/ HTTP/1.1" 200 95490 "-" "Mozilla/5.0 (Linux; Android 6.0.1; Nexus 5X Build/MMB29P) AppleWebKit/537.36 (KHTML, like Gecko) Chrome/41.0.2272.96 Mobile Safari/537.36 (compatible; Googlebot/2.1; +http://www.google.com/bot.html)" "-"
66.249.64.146 - - [08/Dec/2019:13:10:13 +0100] "POST /?wc-ajax=get_refreshed_fragments HTTP/1.1" 200 4760 "https://amazingsportwear.com/producto/falda-patty-sa-0321/" "Mozilla/5.0 (Linux; Android 6.0.1; Nexus 5X Build/MMB29P) AppleWebKit/537.36 (KHTML, like Gecko) Chrome/41.0.2272.96 Mobile Safari/537.36 (compatible; Googlebot/2.1; +http://www.google.com/bot.html)" "_ga=GA1.2.969013651.1575763200; _gid=GA1.2.1978218920.1575763200; _gat_gtag_UA_91619287_1=1"
66.249.64.144 - - [08/Dec/2019:13:10:44 +0100] "GET /producto/camiseta-tecnica-aida-sa-6656/ HTTP/1.1" 200 97019 "-" "Mozilla/5.0 (Linux; Android 6.0.1; Nexus 5X Build/MMB29P) AppleWebKit/537.36 (KHTML, like Gecko) Chrome/41.0.2272.96 Mobile Safari/537.36 (compatible; Googlebot/2.1; +http://www.google.com/bot.html)" "-"
217.76.130.90 - - [08/Dec/2019:13:13:08 +0100] "POST /wp-cron.php?doing_wp_cron=1575807188.7430939674377441406250 HTTP/1.1" 200 3389 "https://amazingsportwear.com/wp-cron.php?doing_wp_cron=1575807188.7430939674377441406250" "WordPress/5.2.4; https://amazingsportwear.com" "-"
66.249.64.148 - - [08/Dec/2019:13:13:08 +0100] "GET /producto/camiseta-tecnica-boomer-aq-jaguar/ HTTP/1.1" 200 105605 "-" "Mozilla/5.0 (Linux; Android 6.0.1; Nexus 5X Build/MMB29P) AppleWebKit/537.36 (KHTML, like Gecko) Chrome/41.0.2272.96 Mobile Safari/537.36 (compatible; Googlebot/2.1; +http://www.google.com/bot.html)" "-"
66.249.64.146 - - [08/Dec/2019:13:13:16 +0100] "GET /producto/camiseta-tecnica-boomer-aq-jaguar/ HTTP/1.1" 200 105440 "-" "Mozilla/5.0 (Linux; Android 6.0.1; Nexus 5X Build/MMB29P) AppleWebKit/537.36 (KHTML, like Gecko) Chrome/41.0.2272.96 Mobile Safari/537.36 (compatible; Googlebot/2.1; +http://www.google.com/bot.html)" "-"
217.76.130.90 - - [08/Dec/2019:13:16:24 +0100] "POST /wp-cron.php?doing_wp_cron=1575807384.0214838981628417968750 HTTP/1.1" 200 3389 "https://amazingsportwear.com/wp-cron.php?doing_wp_cron=1575807384.0214838981628417968750" "WordPress/5.2.4; https://amazingsportwear.com" "-"
66.249.64.146 - - [08/Dec/2019:13:16:23 +0100] "GET /producto/camiseta-tecnica-avus-sa-6658/ HTTP/1.1" 200 97142 "-" "Mozilla/5.0 (Linux; Android 6.0.1; Nexus 5X Build/MMB29P) AppleWebKit/537.36 (KHTML, like Gecko) Chrome/41.0.2272.96 Mobile Safari/537.36 (compatible; Googlebot/2.1; +http://www.google.com/bot.html)" "-"
217.76.130.90 - - [08/Dec/2019:13:17:56 +0100] "POST /wp-cron.php?doing_wp_cron=1575807476.6388568878173828125000 HTTP/1.1" 200 3389 "https://amazingsportwear.com/wp-cron.php?doing_wp_cron=1575807476.6388568878173828125000" "WordPress/5.2.4; https://amazingsportwear.com" "-"
66.249.64.146 - - [08/Dec/2019:13:17:56 +0100] "GET / HTTP/1.1" 200 125803 "-" "Mozilla/5.0 (compatible; Googlebot/2.1; +http://www.google.com/bot.html)" "-"
217.76.130.90 - - [08/Dec/2019:13:18:06 +0100] "POST /wp-cron.php?doing_wp_cron=1575807486.3457350730895996093750 HTTP/1.1" 200 3389 "https://amazingsportwear.com/wp-cron.php?doing_wp_cron=1575807486.3457350730895996093750" "WordPress/5.2.4; https://amazingsportwear.com" "-"
66.249.64.146 - - [08/Dec/2019:13:18:05 +0100] "POST /?wc-ajax=get_refreshed_fragments HTTP/1.1" 200 1345 "https://amazingsportwear.com/" "Mozilla/5.0 AppleWebKit/537.36 (KHTML, like Gecko; compatible; Googlebot/2.1; +http://www.google.com/bot.html) Safari/537.36" "wpfront-notification-bar-landingpage=1; _ga=GA1.2.2114912494.1575763200; _gid=GA1.2.931330593.1575763200; _gat_gtag_UA_91619287_1=1"
66.249.64.146 - - [08/Dec/2019:13:18:10 +0100] "POST /?wc-ajax=get_refreshed_fragments HTTP/1.1" 200 1345 "https://amazingsportwear.com/" "Mozilla/5.0 AppleWebKit/537.36 (KHTML, like Gecko; compatible; Googlebot/2.1; +http://www.google.com/bot.html) Safari/537.36" "wpfront-notification-bar-landingpage=1; _ga=GA1.2.2114912494.1575763200; _gid=GA1.2.931330593.1575763200; _gat_gtag_UA_91619287_1=1"
217.76.130.90 - - [08/Dec/2019:13:20:19 +0100] "POST /wp-cron.php?doing_wp_cron=1575807618.9586250782012939453125 HTTP/1.1" 200 3389 "https://amazingsportwear.com/wp-cron.php?doing_wp_cron=1575807618.9586250782012939453125" "WordPress/5.2.4; https://amazingsportwear.com" "-"
66.249.64.148 - - [08/Dec/2019:13:20:18 +0100] "GET /producto/camiseta-basket-sin-costadillos/ HTTP/1.1" 200 94617 "-" "Mozilla/5.0 (Linux; Android 6.0.1; Nexus 5X Build/MMB29P) AppleWebKit/537.36 (KHTML, like Gecko) Chrome/41.0.2272.96 Mobile Safari/537.36 (compatible; Googlebot/2.1; +http://www.google.com/bot.html)" "-"
217.76.130.90 - - [08/Dec/2019:13:25:06 +0100] "POST /wp-cron.php?doing_wp_cron=1575807906.3903949260711669921875 HTTP/1.1" 200 3389 "https://amazingsportwear.com/wp-cron.php?doing_wp_cron=1575807906.3903949260711669921875" "WordPress/5.2.4; https://amazingsportwear.com" "-"
66.249.64.146 - - [08/Dec/2019:13:25:05 +0100] "GET /categoria-producto/carpas/ HTTP/1.1" 200 60451 "-" "Mozilla/5.0 (Linux; Android 6.0.1; Nexus 5X Build/MMB29P) AppleWebKit/537.36 (KHTML, like Gecko) Chrome/41.0.2272.96 Mobile Safari/537.36 (compatible; Googlebot/2.1; +http://www.google.com/bot.html)" "-"
217.76.130.90 - - [08/Dec/2019:13:26:03 +0100] "POST /wp-cron.php?doing_wp_cron=1575807963.9497230052947998046875 HTTP/1.1" 200 3389 "https://amazingsportwear.com/wp-cron.php?doing_wp_cron=1575807963.9497230052947998046875" "WordPress/5.2.4; https://amazingsportwear.com" "-"
66.249.64.146 - - [08/Dec/2019:13:26:03 +0100] "GET /producto/maillot-manga-larga-ciclismo/ HTTP/1.1" 200 93045 "-" "Mozilla/5.0 (Linux; Android 6.0.1; Nexus 5X Build/MMB29P) AppleWebKit/537.36 (KHTML, like Gecko) Chrome/41.0.2272.96 Mobile Safari/537.36 (compatible; Googlebot/2.1; +http://www.google.com/bot.html)" "-"
66.249.64.146 - - [08/Dec/2019:13:27:01 +0100] "GET /producto/mochila-humus/ HTTP/1.1" 200 97357 "-" "Mozilla/5.0 (Linux; Android 6.0.1; Nexus 5X Build/MMB29P) AppleWebKit/537.36 (KHTML, like Gecko) Chrome/41.0.2272.96 Mobile Safari/537.36 (compatible; Googlebot/2.1; +http://www.google.com/bot.html)" "-"
217.76.130.90 - - [08/Dec/2019:13:41:56 +0100] "POST /wp-cron.php?doing_wp_cron=1575808916.6853959560394287109375 HTTP/1.1" 200 3389 "https://amazingsportwear.com/wp-cron.php?doing_wp_cron=1575808916.6853959560394287109375" "WordPress/5.2.4; https://amazingsportwear.com" "-"
66.249.64.146 - - [08/Dec/2019:13:41:54 +0100] "GET /producto/sudadera-tecnica-running-melbourne-woman/ HTTP/1.1" 200 110579 "-" "Mozilla/5.0 (Linux; Android 6.0.1; Nexus 5X Build/MMB29P) AppleWebKit/537.36 (KHTML, like Gecko) Chrome/41.0.2272.96 Mobile Safari/537.36 (compatible; Googlebot/2.1; +http://www.google.com/bot.html)" "-"
217.76.130.90 - - [08/Dec/2019:13:46:55 +0100] "POST /wp-cron.php?doing_wp_cron=1575809215.2698450088500976562500 HTTP/1.1" 200 3389 "https://amazingsportwear.com/wp-cron.php?doing_wp_cron=1575809215.2698450088500976562500" "WordPress/5.2.4; https://amazingsportwear.com" "-"
66.249.64.144 - - [08/Dec/2019:13:46:54 +0100] "GET /producto/camiseta-tecnica-boomer-aq-jaguar/ HTTP/1.1" 200 105718 "-" "Mozilla/5.0 (compatible; Googlebot/2.1; +http://www.google.com/bot.html)" "-"
217.76.130.90 - - [08/Dec/2019:13:47:47 +0100] "POST /wp-cron.php?doing_wp_cron=1575809267.6767790317535400390625 HTTP/1.1" 200 3389 "https://amazingsportwear.com/wp-cron.php?doing_wp_cron=1575809267.6767790317535400390625" "WordPress/5.2.4; https://amazingsportwear.com" "-"
66.249.64.146 - - [08/Dec/2019:13:47:46 +0100] "GET /categoria-producto/accesorios/gorrasygorros/ HTTP/1.1" 200 75835 "-" "Mozilla/5.0 (Linux; Android 6.0.1; Nexus 5X Build/MMB29P) AppleWebKit/537.36 (KHTML, like Gecko) Chrome/41.0.2272.96 Mobile Safari/537.36 (compatible; Googlebot/2.1; +http://www.google.com/bot.html)" "-"
217.76.130.90 - - [08/Dec/2019:14:01:41 +0100] "POST /wp-cron.php?doing_wp_cron=1575810101.4251990318298339843750 HTTP/1.1" 200 164 "http://amazingsportwear.com/wp-cron.php?doing_wp_cron=1575810101.4251990318298339843750" "WordPress/5.2.4; https://amazingsportwear.com" "-"
157.55.39.31 - - [08/Dec/2019:14:01:39 +0100] "GET /robots.txt HTTP/1.1" 200 432 "-" "Mozilla/5.0 (compatible; bingbot/2.0; +http://www.bing.com/bingbot.htm)" "-"
207.46.13.184 - - [08/Dec/2019:14:01:53 +0100] "GET /tienda/176-pantalon-mujer-rocky-nath-rocky.html HTTP/1.1" 404 68055 "-" "Mozilla/5.0 (compatible; bingbot/2.0; +http://www.bing.com/bingbot.htm)" "-"
217.76.130.90 - - [08/Dec/2019:14:09:50 +0100] "POST /wp-cron.php?doing_wp_cron=1575810590.7548630237579345703125 HTTP/1.1" 200 3389 "https://amazingsportwear.com/wp-cron.php?doing_wp_cron=1575810590.7548630237579345703125" "WordPress/5.2.4; https://amazingsportwear.com" "-"
66.249.64.144 - - [08/Dec/2019:14:09:50 +0100] "GET /producto/sudadera-capucha/ HTTP/1.1" 200 101432 "-" "Mozilla/5.0 (compatible; Googlebot/2.1; +http://www.google.com/bot.html)" "-"
217.76.130.90 - - [08/Dec/2019:14:10:42 +0100] "POST /wp-cron.php?doing_wp_cron=1575810642.8115949630737304687500 HTTP/1.1" 200 3389 "https://amazingsportwear.com/wp-cron.php?doing_wp_cron=1575810642.8115949630737304687500" "WordPress/5.2.4; https://amazingsportwear.com" "-"
66.249.64.146 - - [08/Dec/2019:14:10:42 +0100] "GET /producto/sudadera-capucha/ HTTP/1.1" 200 101127 "-" "Mozilla/5.0 (compatible; Googlebot/2.1; +http://www.google.com/bot.html)" "-"
217.76.130.90 - - [08/Dec/2019:14:12:59 +0100] "POST /wp-cron.php?doing_wp_cron=1575810779.6504969596862792968750 HTTP/1.1" 200 3389 "https://amazingsportwear.com/wp-cron.php?doing_wp_cron=1575810779.6504969596862792968750" "WordPress/5.2.4; https://amazingsportwear.com" "-"
66.249.64.146 - - [08/Dec/2019:14:12:58 +0100] "GET /producto/short-tecnico-padel-tenis-sun/ HTTP/1.1" 200 97324 "-" "Mozilla/5.0 (Linux; Android 6.0.1; Nexus 5X Build/MMB29P) AppleWebKit/537.36 (KHTML, like Gecko) Chrome/41.0.2272.96 Mobile Safari/537.36 (compatible; Googlebot/2.1; +http://www.google.com/bot.html)" "-"
217.76.130.90 - - [08/Dec/2019:14:19:50 +0100] "POST /wp-cron.php?doing_wp_cron=1575811190.3985679149627685546875 HTTP/1.1" 200 3389 "https://amazingsportwear.com/wp-cron.php?doing_wp_cron=1575811190.3985679149627685546875" "WordPress/5.2.4; https://amazingsportwear.com" "-"
66.249.64.148 - - [08/Dec/2019:14:19:49 +0100] "GET /producto/lavero-triumph/ HTTP/1.1" 200 94482 "-" "Mozilla/5.0 (Linux; Android 6.0.1; Nexus 5X Build/MMB29P) AppleWebKit/537.36 (KHTML, like Gecko) Chrome/41.0.2272.96 Mobile Safari/537.36 (compatible; Googlebot/2.1; +http://www.google.com/bot.html)" "-"
217.76.130.90 - - [08/Dec/2019:14:31:21 +0100] "POST /wp-cron.php?doing_wp_cron=1575811881.8718049526214599609375 HTTP/1.1" 200 3389 "https://amazingsportwear.com/wp-cron.php?doing_wp_cron=1575811881.8718049526214599609375" "WordPress/5.2.4; https://amazingsportwear.com" "-"
66.249.64.146 - - [08/Dec/2019:14:31:20 +0100] "GET /producto/camiseta-tecnica-bahrein-woman/ HTTP/1.1" 200 103706 "-" "Mozilla/5.0 (compatible; Googlebot/2.1; +http://www.google.com/bot.html)" "-"
84.120.138.185 - - [08/Dec/2019:14:34:03 +0100] "GET /wp-content/uploads/2019/04/gorra-five-3.png HTTP/1.1" 200 84607 "https://www.google.com/" "Mozilla/5.0 (Windows NT 10.0; Win64; x64) AppleWebKit/537.36 (KHTML, like Gecko) Chrome/78.0.3904.108 Safari/537.36" "-"
217.76.130.90 - - [08/Dec/2019:14:46:24 +0100] "POST /wp-cron.php?doing_wp_cron=1575812783.9923670291900634765625 HTTP/1.1" 200 3389 "https://amazingsportwear.com/wp-cron.php?doing_wp_cron=1575812783.9923670291900634765625" "WordPress/5.2.4; https://amazingsportwear.com" "-"
66.249.64.148 - - [08/Dec/2019:14:46:21 +0100] "GET /producto/cortavientos-angelo/ HTTP/1.1" 200 101788 "-" "Mozilla/5.0 (Linux; Android 6.0.1; Nexus 5X Build/MMB29P) AppleWebKit/537.36 (KHTML, like Gecko) Chrome/41.0.2272.96 Mobile Safari/537.36 (compatible; Googlebot/2.1; +http://www.google.com/bot.html)" "-"
217.76.130.90 - - [08/Dec/2019:14:51:41 +0100] "POST /wp-cron.php?doing_wp_cron=1575813101.0344130992889404296875 HTTP/1.1" 200 3389 "https://amazingsportwear.com/wp-cron.php?doing_wp_cron=1575813101.0344130992889404296875" "WordPress/5.2.4; https://amazingsportwear.com" "-"
207.46.13.184 - - [08/Dec/2019:14:51:39 +0100] "GET /producto/polo-tecnico-mujer-cif-t621-623-625/ HTTP/1.1" 200 102638 "-" "Mozilla/5.0 (compatible; bingbot/2.0; +http://www.bing.com/bingbot.htm)" "-"
217.76.130.90 - - [08/Dec/2019:15:06:47 +0100] "POST /wp-cron.php?doing_wp_cron=1575814007.3891029357910156250000 HTTP/1.1" 200 3389 "https://amazingsportwear.com/wp-cron.php?doing_wp_cron=1575814007.3891029357910156250000" "WordPress/5.2.4; https://amazingsportwear.com" "-"
66.249.64.146 - - [08/Dec/2019:15:06:45 +0100] "GET /producto/camiseta-tecnica-bahrein-woman/ HTTP/1.1" 200 103986 "-" "Mozilla/5.0 (compatible; Googlebot/2.1; +http://www.google.com/bot.html)" "-"
217.76.130.90 - - [08/Dec/2019:15:31:08 +0100] "POST /wp-cron.php?doing_wp_cron=1575815468.0387909412384033203125 HTTP/1.1" 200 3389 "https://amazingsportwear.com/wp-cron.php?doing_wp_cron=1575815468.0387909412384033203125" "WordPress/5.2.4; https://amazingsportwear.com" "-"
66.249.64.144 - - [08/Dec/2019:15:31:05 +0100] "GET /producto/gorra-fandol/ HTTP/1.1" 200 97363 "-" "Mozilla/5.0 (compatible; Googlebot/2.1; +http://www.google.com/bot.html)" "-"
217.76.130.90 - - [08/Dec/2019:15:40:08 +0100] "POST /wp-cron.php?doing_wp_cron=1575816007.9402780532836914062500 HTTP/1.1" 200 3389 "https://amazingsportwear.com/wp-cron.php?doing_wp_cron=1575816007.9402780532836914062500" "WordPress/5.2.4; https://amazingsportwear.com" "-"
66.249.64.146 - - [08/Dec/2019:15:40:06 +0100] "GET /producto/kit-emergencia-yardim/ HTTP/1.1" 200 90559 "-" "Mozilla/5.0 (Linux; Android 6.0.1; Nexus 5X Build/MMB29P) AppleWebKit/537.36 (KHTML, like Gecko) Chrome/41.0.2272.96 Mobile Safari/537.36 (compatible; Googlebot/2.1; +http://www.google.com/bot.html)" "-"
216.244.66.250 - - [08/Dec/2019:15:46:58 +0100] "GET /robots.txt HTTP/1.1" 404 628 "-" "Mozilla/5.0 (compatible; DotBot/1.1; http://www.opensiteexplorer.org/dotbot, help@moz.com)" "-"
217.76.130.90 - - [08/Dec/2019:16:13:49 +0100] "POST /wp-cron.php?doing_wp_cron=1575818029.5732729434967041015625 HTTP/1.1" 200 3389 "https://amazingsportwear.com/wp-cron.php?doing_wp_cron=1575818029.5732729434967041015625" "WordPress/5.2.4; https://amazingsportwear.com" "-"
66.249.64.144 - - [08/Dec/2019:16:13:46 +0100] "GET /producto/guante-tactil-actium-correr-cat-4010/ HTTP/1.1" 200 99512 "-" "Mozilla/5.0 (Linux; Android 6.0.1; Nexus 5X Build/MMB29P) AppleWebKit/537.36 (KHTML, like Gecko) Chrome/41.0.2272.96 Mobile Safari/537.36 (compatible; Googlebot/2.1; +http://www.google.com/bot.html)" "-"
217.76.130.90 - - [08/Dec/2019:16:23:34 +0100] "POST /wp-cron.php?doing_wp_cron=1575818614.7976369857788085937500 HTTP/1.1" 200 3389 "https://amazingsportwear.com/wp-cron.php?doing_wp_cron=1575818614.7976369857788085937500" "WordPress/5.2.4; https://amazingsportwear.com" "-"
66.249.64.148 - - [08/Dec/2019:16:23:33 +0100] "GET /producto/camiseta-tecnica-aintree/ HTTP/1.1" 200 103917 "-" "Mozilla/5.0 (Linux; Android 6.0.1; Nexus 5X Build/MMB29P) AppleWebKit/537.36 (KHTML, like Gecko) Chrome/41.0.2272.96 Mobile Safari/537.36 (compatible; Googlebot/2.1; +http://www.google.com/bot.html)" "-"
217.76.130.90 - - [08/Dec/2019:16:41:43 +0100] "POST /wp-cron.php?doing_wp_cron=1575819703.6260490417480468750000 HTTP/1.1" 200 3389 "https://amazingsportwear.com/wp-cron.php?doing_wp_cron=1575819703.6260490417480468750000" "WordPress/5.2.4; https://amazingsportwear.com" "-"
66.249.64.148 - - [08/Dec/2019:16:41:41 +0100] "GET /producto/camiseta-tecnic-rox-mujer-cat-5248/ HTTP/1.1" 200 105411 "-" "Mozilla/5.0 (Linux; Android 6.0.1; Nexus 5X Build/MMB29P) AppleWebKit/537.36 (KHTML, like Gecko) Chrome/41.0.2272.96 Mobile Safari/537.36 (compatible; Googlebot/2.1; +http://www.google.com/bot.html)" "-"
217.76.130.90 - - [08/Dec/2019:16:47:08 +0100] "POST /wp-cron.php?doing_wp_cron=1575820028.3774058818817138671875 HTTP/1.1" 200 3389 "https://amazingsportwear.com/wp-cron.php?doing_wp_cron=1575820028.3774058818817138671875" "WordPress/5.2.4; https://amazingsportwear.com" "-"
66.249.64.146 - - [08/Dec/2019:16:47:07 +0100] "GET /producto/bidon-halmik/ HTTP/1.1" 200 96315 "-" "Mozilla/5.0 (Linux; Android 6.0.1; Nexus 5X Build/MMB29P) AppleWebKit/537.36 (KHTML, like Gecko) Chrome/41.0.2272.96 Mobile Safari/537.36 (compatible; Googlebot/2.1; +http://www.google.com/bot.html)" "-"
66.249.64.144 - - [08/Dec/2019:16:47:46 +0100] "GET /producto/munequera-beker/ HTTP/1.1" 200 97185 "-" "Mozilla/5.0 (Linux; Android 6.0.1; Nexus 5X Build/MMB29P) AppleWebKit/537.36 (KHTML, like Gecko) Chrome/41.0.2272.96 Mobile Safari/537.36 (compatible; Googlebot/2.1; +http://www.google.com/bot.html)" "-"
217.76.130.90 - - [08/Dec/2019:16:54:45 +0100] "POST /wp-cron.php?doing_wp_cron=1575820485.1873629093170166015625 HTTP/1.1" 200 3389 "https://amazingsportwear.com/wp-cron.php?doing_wp_cron=1575820485.1873629093170166015625" "WordPress/5.2.4; https://amazingsportwear.com" "-"
66.249.64.146 - - [08/Dec/2019:16:54:44 +0100] "GET /producto/botella-para-deporte-aqua/ HTTP/1.1" 200 99791 "-" "Mozilla/5.0 (Linux; Android 6.0.1; Nexus 5X Build/MMB29P) AppleWebKit/537.36 (KHTML, like Gecko) Chrome/41.0.2272.96 Mobile Safari/537.36 (compatible; Googlebot/2.1; +http://www.google.com/bot.html)" "-"
66.249.64.146 - - [08/Dec/2019:16:54:50 +0100] "GET /producto/camiseta-tecnica-aintree/ HTTP/1.1" 200 100441 "-" "Mozilla/5.0 (Linux; Android 6.0.1; Nexus 5X Build/MMB29P) AppleWebKit/537.36 (KHTML, like Gecko) Chrome/41.0.2272.96 Mobile Safari/537.36 (compatible; Googlebot/2.1; +http://www.google.com/bot.html)" "-"
217.76.130.90 - - [08/Dec/2019:16:57:18 +0100] "POST /wp-cron.php?doing_wp_cron=1575820638.5606009960174560546875 HTTP/1.1" 200 3389 "https://amazingsportwear.com/wp-cron.php?doing_wp_cron=1575820638.5606009960174560546875" "WordPress/5.2.4; https://amazingsportwear.com" "-"
157.55.39.137 - - [08/Dec/2019:16:57:18 +0100] "GET /producto/camiseta-tecnica-boomer-aq-jaguar/ HTTP/1.1" 200 105522 "-" "Mozilla/5.0 (compatible; bingbot/2.0; +http://www.bing.com/bingbot.htm)" "-"
217.76.130.90 - - [08/Dec/2019:17:12:08 +0100] "POST /wp-cron.php?doing_wp_cron=1575821528.4154870510101318359375 HTTP/1.1" 200 3389 "https://amazingsportwear.com/wp-cron.php?doing_wp_cron=1575821528.4154870510101318359375" "WordPress/5.2.4; https://amazingsportwear.com" "-"
66.249.64.146 - - [08/Dec/2019:17:12:06 +0100] "GET /?id_cms=16&controller=cms HTTP/1.1" 200 125813 "-" "Mozilla/5.0 (Linux; Android 6.0.1; Nexus 5X Build/MMB29P) AppleWebKit/537.36 (KHTML, like Gecko) Chrome/41.0.2272.96 Mobile Safari/537.36 (compatible; Googlebot/2.1; +http://www.google.com/bot.html)" "-"
66.249.64.159 - - [08/Dec/2019:17:12:13 +0100] "GET /index.php HTTP/1.1" 301 336 "-" "Mozilla/5.0 (Linux; Android 6.0.1; Nexus 5X Build/MMB29P) AppleWebKit/537.36 (KHTML, like Gecko) Chrome/41.0.2272.96 Mobile Safari/537.36 (compatible; Googlebot/2.1; +http://www.google.com/bot.html)" "-"
66.249.64.144 - - [08/Dec/2019:17:12:15 +0100] "GET / HTTP/1.1" 200 125761 "-" "Mozilla/5.0 (Linux; Android 6.0.1; Nexus 5X Build/MMB29P) AppleWebKit/537.36 (KHTML, like Gecko) Chrome/41.0.2272.96 Mobile Safari/537.36 (compatible; Googlebot/2.1; +http://www.google.com/bot.html)" "wpfront-notification-bar-landingpage=1"
66.249.64.144 - - [08/Dec/2019:17:12:57 +0100] "GET /producto/bidon-halmik/ HTTP/1.1" 200 96004 "-" "Mozilla/5.0 (Linux; Android 6.0.1; Nexus 5X Build/MMB29P) AppleWebKit/537.36 (KHTML, like Gecko) Chrome/41.0.2272.96 Mobile Safari/537.36 (compatible; Googlebot/2.1; +http://www.google.com/bot.html)" "-"
217.76.130.90 - - [08/Dec/2019:17:20:17 +0100] "POST /wp-cron.php?doing_wp_cron=1575822017.7558350563049316406250 HTTP/1.1" 200 3389 "https://amazingsportwear.com/wp-cron.php?doing_wp_cron=1575822017.7558350563049316406250" "WordPress/5.2.4; https://amazingsportwear.com" "-"
66.249.64.144 - - [08/Dec/2019:17:20:15 +0100] "GET /producto/top-deportivo-nath-only/ HTTP/1.1" 200 100357 "-" "Mozilla/5.0 (compatible; Googlebot/2.1; +http://www.google.com/bot.html)" "-"
217.76.130.90 - - [08/Dec/2019:17:22:35 +0100] "POST /wp-cron.php?doing_wp_cron=1575822155.4283840656280517578125 HTTP/1.1" 200 3389 "https://amazingsportwear.com/wp-cron.php?doing_wp_cron=1575822155.4283840656280517578125" "WordPress/5.2.4; https://amazingsportwear.com" "-"
66.249.64.146 - - [08/Dec/2019:17:22:33 +0100] "GET /producto/munequera-beker/ HTTP/1.1" 200 97395 "-" "Mozilla/5.0 (Linux; Android 6.0.1; Nexus 5X Build/MMB29P) AppleWebKit/537.36 (KHTML, like Gecko) Chrome/41.0.2272.96 Mobile Safari/537.36 (compatible; Googlebot/2.1; +http://www.google.com/bot.html)" "-"
217.76.130.90 - - [08/Dec/2019:17:23:57 +0100] "POST /wp-cron.php?doing_wp_cron=1575822237.8292219638824462890625 HTTP/1.1" 200 3389 "https://amazingsportwear.com/wp-cron.php?doing_wp_cron=1575822237.8292219638824462890625" "WordPress/5.2.4; https://amazingsportwear.com" "-"
66.249.64.148 - - [08/Dec/2019:17:23:57 +0100] "GET /producto/llavero-metalico-baloncesto/ HTTP/1.1" 200 96277 "-" "Mozilla/5.0 (Linux; Android 6.0.1; Nexus 5X Build/MMB29P) AppleWebKit/537.36 (KHTML, like Gecko) Chrome/41.0.2272.96 Mobile Safari/537.36 (compatible; Googlebot/2.1; +http://www.google.com/bot.html)" "-"
217.76.130.90 - - [08/Dec/2019:17:24:03 +0100] "POST /wp-cron.php?doing_wp_cron=1575822243.4588398933410644531250 HTTP/1.1" 200 3389 "https://amazingsportwear.com/wp-cron.php?doing_wp_cron=1575822243.4588398933410644531250" "WordPress/5.2.4; https://amazingsportwear.com" "-"
66.249.64.144 - - [08/Dec/2019:17:24:02 +0100] "POST /?wc-ajax=get_refreshed_fragments HTTP/1.1" 200 4760 "https://amazingsportwear.com/producto/llavero-metalico-baloncesto/" "Mozilla/5.0 (Linux; Android 6.0.1; Nexus 5X Build/MMB29P) AppleWebKit/537.36 (KHTML, like Gecko) Chrome/41.0.2272.96 Mobile Safari/537.36 (compatible; Googlebot/2.1; +http://www.google.com/bot.html)" "_ga=GA1.2.969013651.1575763200; _gid=GA1.2.1978218920.1575763200; _gat_gtag_UA_91619287_1=1"
217.76.130.90 - - [08/Dec/2019:17:29:11 +0100] "POST /wp-cron.php?doing_wp_cron=1575822551.0792319774627685546875 HTTP/1.1" 200 3389 "https://amazingsportwear.com/wp-cron.php?doing_wp_cron=1575822551.0792319774627685546875" "WordPress/5.2.4; https://amazingsportwear.com" "-"
66.249.64.148 - - [08/Dec/2019:17:29:10 +0100] "GET /producto/camiseta-tecnica-monaco/ HTTP/1.1" 200 105599 "-" "Mozilla/5.0 (compatible; Googlebot/2.1; +http://www.google.com/bot.html)" "-"
217.76.130.90 - - [08/Dec/2019:17:30:15 +0100] "POST /wp-cron.php?doing_wp_cron=1575822615.8385119438171386718750 HTTP/1.1" 200 3389 "https://amazingsportwear.com/wp-cron.php?doing_wp_cron=1575822615.8385119438171386718750" "WordPress/5.2.4; https://amazingsportwear.com" "-"
66.249.64.144 - - [08/Dec/2019:17:30:15 +0100] "GET /producto/botella-para-deporte-aqua/ HTTP/1.1" 200 99662 "-" "Mozilla/5.0 (Linux; Android 6.0.1; Nexus 5X Build/MMB29P) AppleWebKit/537.36 (KHTML, like Gecko) Chrome/41.0.2272.96 Mobile Safari/537.36 (compatible; Googlebot/2.1; +http://www.google.com/bot.html)" "-"
217.76.130.90 - - [08/Dec/2019:17:38:44 +0100] "POST /wp-cron.php?doing_wp_cron=1575823124.8607299327850341796875 HTTP/1.1" 200 3389 "https://amazingsportwear.com/wp-cron.php?doing_wp_cron=1575823124.8607299327850341796875" "WordPress/5.2.4; https://amazingsportwear.com" "-"
66.249.64.146 - - [08/Dec/2019:17:38:43 +0100] "GET /categoria-producto/deportes/futbol/ HTTP/1.1" 200 66331 "-" "Mozilla/5.0 (Linux; Android 6.0.1; Nexus 5X Build/MMB29P) AppleWebKit/537.36 (KHTML, like Gecko) Chrome/41.0.2272.96 Mobile Safari/537.36 (compatible; Googlebot/2.1; +http://www.google.com/bot.html)" "-"
217.76.130.90 - - [08/Dec/2019:17:53:31 +0100] "POST /wp-cron.php?doing_wp_cron=1575824011.6034948825836181640625 HTTP/1.1" 200 3389 "https://amazingsportwear.com/wp-cron.php?doing_wp_cron=1575824011.6034948825836181640625" "WordPress/5.2.4; https://amazingsportwear.com" "-"
66.249.64.148 - - [08/Dec/2019:17:53:30 +0100] "GET /producto/maillot-manga-larga-ciclismo/ HTTP/1.1" 200 93019 "-" "Mozilla/5.0 (compatible; Googlebot/2.1; +http://www.google.com/bot.html)" "-"
66.249.64.144 - - [08/Dec/2019:17:53:56 +0100] "GET /guia-de-tallas/ HTTP/1.1" 200 84479 "-" "Mozilla/5.0 (Linux; Android 6.0.1; Nexus 5X Build/MMB29P) AppleWebKit/537.36 (KHTML, like Gecko) Chrome/41.0.2272.96 Mobile Safari/537.36 (compatible; Googlebot/2.1; +http://www.google.com/bot.html)" "-"
217.76.130.90 - - [08/Dec/2019:17:59:36 +0100] "POST /wp-cron.php?doing_wp_cron=1575824375.9742980003356933593750 HTTP/1.1" 200 3389 "https://amazingsportwear.com/wp-cron.php?doing_wp_cron=1575824375.9742980003356933593750" "WordPress/5.2.4; https://amazingsportwear.com" "-"
157.55.39.31 - - [08/Dec/2019:17:59:35 +0100] "GET /robots.txt HTTP/1.1" 200 2297 "-" "Mozilla/5.0 (compatible; bingbot/2.0; +http://www.bing.com/bingbot.htm)" "-"
157.55.39.31 - - [08/Dec/2019:17:59:36 +0100] "GET /robots.txt HTTP/1.1" 200 3939 "-" "Mozilla/5.0 (compatible; bingbot/2.0; +http://www.bing.com/bingbot.htm)" "-"
207.46.13.184 - - [08/Dec/2019:17:59:40 +0100] "GET /producto/gorra-tecnica-2/ HTTP/1.1" 200 96173 "-" "Mozilla/5.0 (compatible; bingbot/2.0; +http://www.bing.com/bingbot.htm)" "-"
66.249.64.146 - - [08/Dec/2019:17:59:48 +0100] "GET /categoria-producto/mujer/camisetas-mujer/page/2/ HTTP/1.1" 200 77620 "-" "Mozilla/5.0 (Linux; Android 6.0.1; Nexus 5X Build/MMB29P) AppleWebKit/537.36 (KHTML, like Gecko) Chrome/41.0.2272.96 Mobile Safari/537.36 (compatible; Googlebot/2.1; +http://www.google.com/bot.html)" "-"
66.249.64.146 - - [08/Dec/2019:17:59:51 +0100] "POST /?wc-ajax=get_refreshed_fragments HTTP/1.1" 200 1397 "https://amazingsportwear.com/categoria-producto/mujer/camisetas-mujer/page/2/" "Mozilla/5.0 (Linux; Android 6.0.1; Nexus 5X Build/MMB29P) AppleWebKit/537.36 (KHTML, like Gecko) Chrome/41.0.2272.96 Mobile Safari/537.36 (compatible; Googlebot/2.1; +http://www.google.com/bot.html)" "_ga=GA1.2.1884029788.1575763200; _gid=GA1.2.969013651.1575763200; _gat_gtag_UA_91619287_1=1"
190.172.165.27 - - [08/Dec/2019:18:08:53 +0100] "GET /wp-content/uploads/2019/04/Gorra-sport-10.png HTTP/1.1" 200 60426 "https://www.google.com/" "Mozilla/5.0 (Windows NT 10.0; Win64; x64) AppleWebKit/537.36 (KHTML, like Gecko) Chrome/78.0.3904.108 Safari/537.36" "-"
93.176.146.160 - - [08/Dec/2019:18:12:44 +0100] "GET /wp-content/uploads/2019/04/Gorra-sport-10.png HTTP/1.1" 200 60426 "https://www.google.com/" "Mozilla/5.0 (Windows NT 6.2; Win64; x64) AppleWebKit/537.36 (KHTML, like Gecko) Chrome/57.0.2987.110 Safari/537.36" "-"
66.249.64.148 - - [08/Dec/2019:18:12:48 +0100] "GET /wp-content/uploads/2019/04/Gorra-sport-2.png HTTP/1.1" 304 3566 "-" "Googlebot-Image/1.0" "-"
66.249.64.146 - - [08/Dec/2019:18:15:57 +0100] "GET /wp-content/uploads/2019/04/Gorra-sport-1.png HTTP/1.1" 304 3566 "-" "Googlebot-Image/1.0" "-"
217.76.130.90 - - [08/Dec/2019:18:18:02 +0100] "POST /wp-cron.php?doing_wp_cron=1575825482.7694480419158935546875 HTTP/1.1" 200 164 "http://amazingsportwear.com/wp-cron.php?doing_wp_cron=1575825482.7694480419158935546875" "WordPress/5.2.4; https://amazingsportwear.com" "-"
118.126.64.85 - - [08/Dec/2019:18:18:01 +0100] "GET / HTTP/1.0" 301 265 "-" "-" "-"
118.126.64.85 - - [08/Dec/2019:18:18:02 +0100] "GET /mysql.php HTTP/1.0" 404 39536 "-" "-" "-"
118.126.64.85 - - [08/Dec/2019:18:18:03 +0100] "GET /test/adminer.php HTTP/1.0" 404 39536 "-" "-" "-"
118.126.64.85 - - [08/Dec/2019:18:18:03 +0100] "GET /adminer.php HTTP/1.0" 404 39536 "-" "-" "-"
118.126.64.85 - - [08/Dec/2019:18:18:04 +0100] "GET /dev/adminer.php HTTP/1.0" 404 39536 "-" "-" "-"
118.126.64.85 - - [08/Dec/2019:18:18:05 +0100] "GET /adminer/index.php HTTP/1.0" 301 379 "-" "-" "-"
118.126.64.85 - - [08/Dec/2019:18:18:06 +0100] "GET /oc_adminer.php HTTP/1.0" 404 39536 "-" "-" "-"
118.126.64.85 - - [08/Dec/2019:18:18:06 +0100] "GET /db.php HTTP/1.0" 404 39536 "-" "-" "-"
118.126.64.85 - - [08/Dec/2019:18:18:07 +0100] "GET /miniphp.php HTTP/1.0" 404 39536 "-" "-" "-"
118.126.64.85 - - [08/Dec/2019:18:18:08 +0100] "GET /myadmin.php HTTP/1.0" 404 39536 "-" "-" "-"
118.126.64.85 - - [08/Dec/2019:18:18:09 +0100] "GET /sql.php HTTP/1.0" 404 39536 "-" "-" "-"
118.126.64.85 - - [08/Dec/2019:18:18:09 +0100] "GET /test/sql.php HTTP/1.0" 404 39536 "-" "-" "-"
118.126.64.85 - - [08/Dec/2019:18:18:10 +0100] "GET /dev/sql.php HTTP/1.0" 404 39536 "-" "-" "-"
118.126.64.85 - - [08/Dec/2019:18:18:11 +0100] "GET /sql/Adminer/adminer.php HTTP/1.0" 404 39536 "-" "-" "-"
118.126.64.85 - - [08/Dec/2019:18:18:12 +0100] "GET /php.php HTTP/1.0" 404 39536 "-" "-" "-"
118.126.64.85 - - [08/Dec/2019:18:18:12 +0100] "GET /scripts/adminer.php HTTP/1.0" 404 39536 "-" "-" "-"
118.126.64.85 - - [08/Dec/2019:18:18:13 +0100] "GET /padminer.php HTTP/1.0" 404 39536 "-" "-" "-"
118.126.64.85 - - [08/Dec/2019:18:18:14 +0100] "GET /phpadminer.php HTTP/1.0" 404 39536 "-" "-" "-"
118.126.64.85 - - [08/Dec/2019:18:18:15 +0100] "GET /_adminer.php HTTP/1.0" 404 39536 "-" "-" "-"
118.126.64.85 - - [08/Dec/2019:18:18:15 +0100] "GET /dev/_adminer.php HTTP/1.0" 404 39536 "-" "-" "-"
118.126.64.85 - - [08/Dec/2019:18:18:16 +0100] "GET /test/_adminer.php HTTP/1.0" 404 39536 "-" "-" "-"
118.126.64.85 - - [08/Dec/2019:18:18:17 +0100] "GET /~adminer.php HTTP/1.0" 404 39536 "-" "-" "-"
118.126.64.85 - - [08/Dec/2019:18:18:18 +0100] "GET /ad.php HTTP/1.0" 404 39536 "-" "-" "-"
118.126.64.85 - - [08/Dec/2019:18:18:18 +0100] "GET /adm.php HTTP/1.0" 404 39536 "-" "-" "-"
118.126.64.85 - - [08/Dec/2019:18:18:19 +0100] "GET /bd.php HTTP/1.0" 404 39536 "-" "-" "-"
118.126.64.85 - - [08/Dec/2019:18:18:20 +0100] "GET /adminer1.php HTTP/1.0" 404 39536 "-" "-" "-"
118.126.64.85 - - [08/Dec/2019:18:18:21 +0100] "GET /a.php HTTP/1.0" 404 39536 "-" "-" "-"
118.126.64.85 - - [08/Dec/2019:18:18:21 +0100] "GET /admin.php HTTP/1.0" 404 39536 "-" "-" "-"
118.126.64.85 - - [08/Dec/2019:18:18:22 +0100] "GET /pma.php HTTP/1.0" 404 39536 "-" "-" "-"
118.126.64.85 - - [08/Dec/2019:18:18:23 +0100] "GET /adminmysql.php HTTP/1.0" 404 39536 "-" "-" "-"
118.126.64.85 - - [08/Dec/2019:18:18:24 +0100] "GET /mysql-adminer.php HTTP/1.0" 404 39536 "-" "-" "-"
118.126.64.85 - - [08/Dec/2019:18:18:25 +0100] "GET /admindb.php HTTP/1.0" 404 39536 "-" "-" "-"
118.126.64.85 - - [08/Dec/2019:18:18:25 +0100] "GET /m_admin_mysql.php HTTP/1.0" 404 39536 "-" "-" "-"
118.126.64.85 - - [08/Dec/2019:18:18:26 +0100] "GET /database.php HTTP/1.0" 404 39536 "-" "-" "-"
118.126.64.85 - - [08/Dec/2019:18:18:27 +0100] "GET /phpadmin.php HTTP/1.0" 404 39536 "-" "-" "-"
118.126.64.85 - - [08/Dec/2019:18:18:28 +0100] "GET /phpmyadmin.php HTTP/1.0" 404 39536 "-" "-" "-"
118.126.64.85 - - [08/Dec/2019:18:18:28 +0100] "GET /adminer/adminer.php HTTP/1.0" 404 39536 "-" "-" "-"
118.126.64.85 - - [08/Dec/2019:18:18:29 +0100] "GET /adminer/mysql.php HTTP/1.0" 404 39536 "-" "-" "-"
118.126.64.85 - - [08/Dec/2019:18:18:30 +0100] "GET /adminer/admin.php HTTP/1.0" 404 39536 "-" "-" "-"
118.126.64.85 - - [08/Dec/2019:18:18:31 +0100] "GET /connector.php HTTP/1.0" 404 39536 "-" "-" "-"
118.126.64.85 - - [08/Dec/2019:18:18:31 +0100] "GET /bd/adminer.php HTTP/1.0" 404 39536 "-" "-" "-"
118.126.64.85 - - [08/Dec/2019:18:18:32 +0100] "GET /wp/adminer.php HTTP/1.0" 404 39536 "-" "-" "-"
118.126.64.85 - - [08/Dec/2019:18:18:33 +0100] "GET /wordpress/adminer.php HTTP/1.0" 404 39536 "-" "-" "-"
118.126.64.85 - - [08/Dec/2019:18:18:34 +0100] "GET /development/adminer.php HTTP/1.0" 404 39536 "-" "-" "-"
118.126.64.85 - - [08/Dec/2019:18:18:34 +0100] "GET /sql/adminer.php HTTP/1.0" 404 39536 "-" "-" "-"
118.126.64.85 - - [08/Dec/2019:18:18:35 +0100] "GET /store/adminer.php HTTP/1.0" 404 39536 "-" "-" "-"
118.126.64.85 - - [08/Dec/2019:18:18:36 +0100] "GET /mysql/adminer.php HTTP/1.0" 404 39536 "-" "-" "-"
118.126.64.85 - - [08/Dec/2019:18:18:37 +0100] "GET /myadmin/adminer.php HTTP/1.0" 404 39536 "-" "-" "-"
118.126.64.85 - - [08/Dec/2019:18:18:38 +0100] "GET /adminer_.php HTTP/1.0" 404 39536 "-" "-" "-"
118.126.64.85 - - [08/Dec/2019:18:18:39 +0100] "GET /data.php HTTP/1.0" 404 39536 "-" "-" "-"
118.126.64.85 - - [08/Dec/2019:18:18:39 +0100] "GET /adminer-4.6.2.php HTTP/1.0" 404 39536 "-" "-" "-"
118.126.64.85 - - [08/Dec/2019:18:18:40 +0100] "GET /adminer-4.6.1.php HTTP/1.0" 404 39536 "-" "-" "-"
118.126.64.85 - - [08/Dec/2019:18:18:41 +0100] "GET /adminer-4.6.0.php HTTP/1.0" 404 39536 "-" "-" "-"
118.126.64.85 - - [08/Dec/2019:18:18:42 +0100] "GET /adminer-4.5.0.php HTTP/1.0" 404 39536 "-" "-" "-"
118.126.64.85 - - [08/Dec/2019:18:18:42 +0100] "GET /adminer-4.4.0.php HTTP/1.0" 404 39536 "-" "-" "-"
118.126.64.85 - - [08/Dec/2019:18:18:43 +0100] "GET /adminer-4.3.0.php HTTP/1.0" 404 39536 "-" "-" "-"
118.126.64.85 - - [08/Dec/2019:18:18:44 +0100] "GET /adminer-4.3.1.php HTTP/1.0" 404 39536 "-" "-" "-"
118.126.64.85 - - [08/Dec/2019:18:18:45 +0100] "GET /adminer-4.2.5.php HTTP/1.0" 404 39536 "-" "-" "-"
118.126.64.85 - - [08/Dec/2019:18:18:45 +0100] "GET /adminer-4.2.3.php HTTP/1.0" 404 39536 "-" "-" "-"
118.126.64.85 - - [08/Dec/2019:18:18:46 +0100] "GET /adminer-4.2.1.php HTTP/1.0" 404 39536 "-" "-" "-"
118.126.64.85 - - [08/Dec/2019:18:18:47 +0100] "GET /adminer-4.2.2.php HTTP/1.0" 404 39536 "-" "-" "-"
118.126.64.85 - - [08/Dec/2019:18:18:48 +0100] "GET /adminer-4.2.4.php HTTP/1.0" 404 39536 "-" "-" "-"
118.126.64.85 - - [08/Dec/2019:18:18:49 +0100] "GET /adminer-4.2.0.php HTTP/1.0" 404 39536 "-" "-" "-"
118.126.64.85 - - [08/Dec/2019:18:18:49 +0100] "GET /adminer-4.1.0.php HTTP/1.0" 404 39536 "-" "-" "-"
118.126.64.85 - - [08/Dec/2019:18:18:50 +0100] "GET /adminer-4.0.2.php HTTP/1.0" 404 39536 "-" "-" "-"
118.126.64.85 - - [08/Dec/2019:18:18:51 +0100] "GET /adminer-4.0.0.php HTTP/1.0" 404 39536 "-" "-" "-"
118.126.64.85 - - [08/Dec/2019:18:18:52 +0100] "GET /adminer-4.0.3.php HTTP/1.0" 404 39536 "-" "-" "-"
118.126.64.85 - - [08/Dec/2019:18:18:52 +0100] "GET /adminer-4.0.1.php HTTP/1.0" 404 39536 "-" "-" "-"
118.126.64.85 - - [08/Dec/2019:18:18:53 +0100] "GET /adminer-3.6.3.php HTTP/1.0" 404 39536 "-" "-" "-"
118.126.64.85 - - [08/Dec/2019:18:18:54 +0100] "GET /adminer-3.7.1.php HTTP/1.0" 404 39536 "-" "-" "-"
118.126.64.85 - - [08/Dec/2019:18:18:55 +0100] "GET /adminer-3.7.0.php HTTP/1.0" 404 39536 "-" "-" "-"
118.126.64.85 - - [08/Dec/2019:18:18:55 +0100] "GET /adminer-3.6.4.php HTTP/1.0" 404 39536 "-" "-" "-"
118.126.64.85 - - [08/Dec/2019:18:18:56 +0100] "GET /adminer-3.6.2.php HTTP/1.0" 404 39536 "-" "-" "-"
118.126.64.85 - - [08/Dec/2019:18:18:57 +0100] "GET /adminer-3.6.1.php HTTP/1.0" 404 39536 "-" "-" "-"
118.126.64.85 - - [08/Dec/2019:18:18:58 +0100] "GET /adminer-3.6.0.php HTTP/1.0" 404 39536 "-" "-" "-"
118.126.64.85 - - [08/Dec/2019:18:18:58 +0100] "GET /adminer-3.3.2.php HTTP/1.0" 404 39536 "-" "-" "-"
118.126.64.85 - - [08/Dec/2019:18:18:59 +0100] "GET /adminer-3.5.1.php HTTP/1.0" 404 39536 "-" "-" "-"
118.126.64.85 - - [08/Dec/2019:18:19:00 +0100] "GET /adminer-3.5.0.php HTTP/1.0" 404 39536 "-" "-" "-"
118.126.64.85 - - [08/Dec/2019:18:19:01 +0100] "GET /adminer-3.4.0.php HTTP/1.0" 404 39536 "-" "-" "-"
118.126.64.85 - - [08/Dec/2019:18:19:01 +0100] "GET /adminer-3.3.3.php HTTP/1.0" 404 39536 "-" "-" "-"
217.76.130.90 - - [08/Dec/2019:18:19:03 +0100] "POST /wp-cron.php?doing_wp_cron=1575825543.1522340774536132812500 HTTP/1.1" 200 164 "http://amazingsportwear.com/wp-cron.php?doing_wp_cron=1575825543.1522340774536132812500" "WordPress/5.2.4; https://amazingsportwear.com" "-"
118.126.64.85 - - [08/Dec/2019:18:19:02 +0100] "GET /adminer-3.3.4.php HTTP/1.0" 404 39536 "-" "-" "-"
118.126.64.85 - - [08/Dec/2019:18:19:03 +0100] "GET /adminer-3.2.0.php HTTP/1.0" 404 39536 "-" "-" "-"
118.126.64.85 - - [08/Dec/2019:18:19:04 +0100] "GET /adminer-3.1.0.php HTTP/1.0" 404 39536 "-" "-" "-"
118.126.64.85 - - [08/Dec/2019:18:19:04 +0100] "GET /adminer-3.3.1.php HTTP/1.0" 404 39536 "-" "-" "-"
118.126.64.85 - - [08/Dec/2019:18:19:05 +0100] "GET /adminer-3.2.2.php HTTP/1.0" 404 39536 "-" "-" "-"
118.126.64.85 - - [08/Dec/2019:18:19:06 +0100] "GET /adminer-3.3.0.php HTTP/1.0" 404 39536 "-" "-" "-"
118.126.64.85 - - [08/Dec/2019:18:19:07 +0100] "GET /adminer-3.0.0.php HTTP/1.0" 404 39536 "-" "-" "-"
118.126.64.85 - - [08/Dec/2019:18:19:07 +0100] "GET /adminer-3.2.1.php HTTP/1.0" 404 39536 "-" "-" "-"
118.126.64.85 - - [08/Dec/2019:18:19:08 +0100] "GET /adminer-3.0.1.php HTTP/1.0" 404 39536 "-" "-" "-"
118.126.64.85 - - [08/Dec/2019:18:19:09 +0100] "GET /adminer-4.6.3-en.php HTTP/1.0" 404 39536 "-" "-" "-"
118.126.64.85 - - [08/Dec/2019:18:19:10 +0100] "GET /adminer-4.6.2-en.php HTTP/1.0" 404 39536 "-" "-" "-"
118.126.64.85 - - [08/Dec/2019:18:19:10 +0100] "GET /adminer-4.6.1-en.php HTTP/1.0" 404 39536 "-" "-" "-"
118.126.64.85 - - [08/Dec/2019:18:19:11 +0100] "GET /adminer-4.6.0-en.php HTTP/1.0" 404 39536 "-" "-" "-"
118.126.64.85 - - [08/Dec/2019:18:19:12 +0100] "GET /adminer-4.5.0-en.php HTTP/1.0" 404 39536 "-" "-" "-"
118.126.64.85 - - [08/Dec/2019:18:19:13 +0100] "GET /adminer-4.4.0-en.php HTTP/1.0" 404 39536 "-" "-" "-"
118.126.64.85 - - [08/Dec/2019:18:19:14 +0100] "GET /adminer-4.3.0-en.php HTTP/1.0" 404 39536 "-" "-" "-"
118.126.64.85 - - [08/Dec/2019:18:19:14 +0100] "GET /adminer-4.3.1-en.php HTTP/1.0" 404 39536 "-" "-" "-"
118.126.64.85 - - [08/Dec/2019:18:19:15 +0100] "GET /adminer-4.2.5-en.php HTTP/1.0" 404 39536 "-" "-" "-"
118.126.64.85 - - [08/Dec/2019:18:19:16 +0100] "GET /adminer-4.2.3-en.php HTTP/1.0" 404 39536 "-" "-" "-"
118.126.64.85 - - [08/Dec/2019:18:19:17 +0100] "GET /adminer-4.2.1-en.php HTTP/1.0" 404 39536 "-" "-" "-"
118.126.64.85 - - [08/Dec/2019:18:19:17 +0100] "GET /adminer-4.2.2-en.php HTTP/1.0" 404 39536 "-" "-" "-"
118.126.64.85 - - [08/Dec/2019:18:19:18 +0100] "GET /adminer-4.2.4-en.php HTTP/1.0" 404 39536 "-" "-" "-"
118.126.64.85 - - [08/Dec/2019:18:19:19 +0100] "GET /adminer-4.2.0-en.php HTTP/1.0" 404 39536 "-" "-" "-"
118.126.64.85 - - [08/Dec/2019:18:19:20 +0100] "GET /adminer-4.1.0-en.php HTTP/1.0" 404 39536 "-" "-" "-"
118.126.64.85 - - [08/Dec/2019:18:19:20 +0100] "GET /adminer-4.0.2-en.php HTTP/1.0" 404 39536 "-" "-" "-"
118.126.64.85 - - [08/Dec/2019:18:19:21 +0100] "GET /adminer-4.0.0-en.php HTTP/1.0" 404 39536 "-" "-" "-"
118.126.64.85 - - [08/Dec/2019:18:19:22 +0100] "GET /adminer-4.0.3-en.php HTTP/1.0" 404 39536 "-" "-" "-"
118.126.64.85 - - [08/Dec/2019:18:19:23 +0100] "GET /adminer-4.0.1-en.php HTTP/1.0" 404 39536 "-" "-" "-"
118.126.64.85 - - [08/Dec/2019:18:19:23 +0100] "GET /adminer-3.6.3-en.php HTTP/1.0" 404 39536 "-" "-" "-"
118.126.64.85 - - [08/Dec/2019:18:19:24 +0100] "GET /adminer-3.7.1-en.php HTTP/1.0" 404 39536 "-" "-" "-"
118.126.64.85 - - [08/Dec/2019:18:19:25 +0100] "GET /adminer-3.7.0-en.php HTTP/1.0" 404 39536 "-" "-" "-"
118.126.64.85 - - [08/Dec/2019:18:19:26 +0100] "GET /adminer-3.6.4-en.php HTTP/1.0" 404 39536 "-" "-" "-"
118.126.64.85 - - [08/Dec/2019:18:19:26 +0100] "GET /adminer-3.6.2-en.php HTTP/1.0" 404 39536 "-" "-" "-"
118.126.64.85 - - [08/Dec/2019:18:19:27 +0100] "GET /adminer-3.6.1-en.php HTTP/1.0" 404 39536 "-" "-" "-"
118.126.64.85 - - [08/Dec/2019:18:19:28 +0100] "GET /adminer-3.6.0-en.php HTTP/1.0" 404 39536 "-" "-" "-"
118.126.64.85 - - [08/Dec/2019:18:19:29 +0100] "GET /adminer-3.3.2-en.php HTTP/1.0" 404 39536 "-" "-" "-"
118.126.64.85 - - [08/Dec/2019:18:19:29 +0100] "GET /adminer-3.5.1-en.php HTTP/1.0" 404 39536 "-" "-" "-"
118.126.64.85 - - [08/Dec/2019:18:19:30 +0100] "GET /adminer-3.5.0-en.php HTTP/1.0" 404 39536 "-" "-" "-"
118.126.64.85 - - [08/Dec/2019:18:19:31 +0100] "GET /adminer-3.4.0-en.php HTTP/1.0" 404 39536 "-" "-" "-"
118.126.64.85 - - [08/Dec/2019:18:19:32 +0100] "GET /adminer-3.3.3-en.php HTTP/1.0" 404 39536 "-" "-" "-"
118.126.64.85 - - [08/Dec/2019:18:19:32 +0100] "GET /adminer-3.3.4-en.php HTTP/1.0" 404 39536 "-" "-" "-"
118.126.64.85 - - [08/Dec/2019:18:19:33 +0100] "GET /adminer-3.2.0-en.php HTTP/1.0" 404 39536 "-" "-" "-"
118.126.64.85 - - [08/Dec/2019:18:19:34 +0100] "GET /adminer-3.1.0-en.php HTTP/1.0" 404 39536 "-" "-" "-"
118.126.64.85 - - [08/Dec/2019:18:19:35 +0100] "GET /adminer-3.3.1-en.php HTTP/1.0" 404 39536 "-" "-" "-"
118.126.64.85 - - [08/Dec/2019:18:19:35 +0100] "GET /adminer-3.2.2-en.php HTTP/1.0" 404 39536 "-" "-" "-"
118.126.64.85 - - [08/Dec/2019:18:19:36 +0100] "GET /adminer-3.3.0-en.php HTTP/1.0" 404 39536 "-" "-" "-"
118.126.64.85 - - [08/Dec/2019:18:19:37 +0100] "GET /adminer-3.0.0-en.php HTTP/1.0" 404 39536 "-" "-" "-"
118.126.64.85 - - [08/Dec/2019:18:19:38 +0100] "GET /adminer-3.2.1-en.php HTTP/1.0" 404 39536 "-" "-" "-"
118.126.64.85 - - [08/Dec/2019:18:19:38 +0100] "GET /adminer-3.0.1-en.php HTTP/1.0" 404 39536 "-" "-" "-"
217.76.130.90 - - [08/Dec/2019:18:24:41 +0100] "POST /wp-cron.php?doing_wp_cron=1575825881.9816620349884033203125 HTTP/1.1" 200 3389 "https://amazingsportwear.com/wp-cron.php?doing_wp_cron=1575825881.9816620349884033203125" "WordPress/5.2.4; https://amazingsportwear.com" "-"
66.249.64.148 - - [08/Dec/2019:18:24:40 +0100] "GET /producto/braga-cuello-asw-c07/ HTTP/1.1" 200 96771 "-" "Mozilla/5.0 (Linux; Android 6.0.1; Nexus 5X Build/MMB29P) AppleWebKit/537.36 (KHTML, like Gecko) Chrome/41.0.2272.96 Mobile Safari/537.36 (compatible; Googlebot/2.1; +http://www.google.com/bot.html)" "-"
217.76.130.90 - - [08/Dec/2019:18:27:30 +0100] "POST /wp-cron.php?doing_wp_cron=1575826050.7038280963897705078125 HTTP/1.1" 200 3389 "https://amazingsportwear.com/wp-cron.php?doing_wp_cron=1575826050.7038280963897705078125" "WordPress/5.2.4; https://amazingsportwear.com" "-"
66.249.64.146 - - [08/Dec/2019:18:27:30 +0100] "GET /producto/llavero-metalico-tenis/ HTTP/1.1" 200 94762 "-" "Mozilla/5.0 (compatible; Googlebot/2.1; +http://www.google.com/bot.html)" "-"
217.76.130.90 - - [08/Dec/2019:18:32:10 +0100] "POST /wp-cron.php?doing_wp_cron=1575826330.7127859592437744140625 HTTP/1.1" 200 3389 "https://amazingsportwear.com/wp-cron.php?doing_wp_cron=1575826330.7127859592437744140625" "WordPress/5.2.4; https://amazingsportwear.com" "-"
66.249.64.148 - - [08/Dec/2019:18:32:10 +0100] "GET /etiqueta-producto/zolder/ HTTP/1.1" 200 53966 "-" "Mozilla/5.0 (Linux; Android 6.0.1; Nexus 5X Build/MMB29P) AppleWebKit/537.36 (KHTML, like Gecko) Chrome/41.0.2272.96 Mobile Safari/537.36 (compatible; Googlebot/2.1; +http://www.google.com/bot.html)" "-"
66.249.64.144 - - [08/Dec/2019:18:32:28 +0100] "GET /categoria-producto/hombre/page/2/ HTTP/1.1" 200 78228 "-" "Mozilla/5.0 (compatible; Googlebot/2.1; +http://www.google.com/bot.html)" "-"
217.76.130.90 - - [08/Dec/2019:18:35:42 +0100] "POST /wp-cron.php?doing_wp_cron=1575826541.9945759773254394531250 HTTP/1.1" 200 3389 "https://amazingsportwear.com/wp-cron.php?doing_wp_cron=1575826541.9945759773254394531250" "WordPress/5.2.4; https://amazingsportwear.com" "-"
66.249.64.146 - - [08/Dec/2019:18:35:41 +0100] "GET /producto/sudadera-clasica/ HTTP/1.1" 200 101384 "-" "Mozilla/5.0 (Linux; Android 6.0.1; Nexus 5X Build/MMB29P) AppleWebKit/537.36 (KHTML, like Gecko) Chrome/41.0.2272.96 Mobile Safari/537.36 (compatible; Googlebot/2.1; +http://www.google.com/bot.html)" "-"
217.76.130.90 - - [08/Dec/2019:18:42:02 +0100] "POST /wp-cron.php?doing_wp_cron=1575826922.0700941085815429687500 HTTP/1.1" 200 164 "http://amazingsportwear.com/wp-cron.php?doing_wp_cron=1575826922.0700941085815429687500" "WordPress/5.2.4; https://amazingsportwear.com" "-"
193.70.3.3 - - [08/Dec/2019:18:42:00 +0100] "GET / HTTP/1.0" 301 265 "-" "-" "-"
193.70.3.3 - - [08/Dec/2019:18:42:01 +0100] "GET /mysql.php HTTP/1.0" 404 67886 "-" "-" "-"
193.70.3.3 - - [08/Dec/2019:18:42:01 +0100] "GET /test/adminer.php HTTP/1.0" 404 67911 "-" "-" "-"
193.70.3.3 - - [08/Dec/2019:18:42:02 +0100] "GET /adminer.php HTTP/1.0" 404 67855 "-" "-" "-"
217.76.130.90 - - [08/Dec/2019:18:42:03 +0100] "POST /wp-cron.php?doing_wp_cron=1575826923.5724339485168457031250 HTTP/1.1" 200 164 "http://amazingsportwear.com/wp-cron.php?doing_wp_cron=1575826923.5724339485168457031250" "WordPress/5.2.4; https://amazingsportwear.com" "-"
193.70.3.3 - - [08/Dec/2019:18:42:03 +0100] "GET /dev/adminer.php HTTP/1.0" 404 67884 "-" "-" "-"
193.70.3.3 - - [08/Dec/2019:18:42:03 +0100] "GET /adminer/index.php HTTP/1.0" 301 379 "-" "-" "-"
193.70.3.3 - - [08/Dec/2019:18:42:04 +0100] "GET /oc_adminer.php HTTP/1.0" 404 67891 "-" "-" "-"
193.70.3.3 - - [08/Dec/2019:18:42:04 +0100] "GET /db.php HTTP/1.0" 404 67855 "-" "-" "-"
193.70.3.3 - - [08/Dec/2019:18:42:05 +0100] "GET /miniphp.php HTTP/1.0" 404 67865 "-" "-" "-"
193.70.3.3 - - [08/Dec/2019:18:42:05 +0100] "GET /myadmin.php HTTP/1.0" 404 67865 "-" "-" "-"
193.70.3.3 - - [08/Dec/2019:18:42:06 +0100] "GET /sql.php HTTP/1.0" 404 67897 "-" "-" "-"
193.70.3.3 - - [08/Dec/2019:18:42:06 +0100] "GET /test/sql.php HTTP/1.0" 404 67878 "-" "-" "-"
193.70.3.3 - - [08/Dec/2019:18:42:07 +0100] "GET /dev/sql.php HTTP/1.0" 404 67851 "-" "-" "-"
193.70.3.3 - - [08/Dec/2019:18:42:08 +0100] "GET /sql/Adminer/adminer.php HTTP/1.0" 404 67961 "-" "-" "-"
193.70.3.3 - - [08/Dec/2019:18:42:08 +0100] "GET /php.php HTTP/1.0" 404 67862 "-" "-" "-"
