85.53.34.69 - - [22/Nov/2019:19:58:50 +0100] "GET /wp-content/plugins/cookie-law-info/public/js/cookie-law-info-public.js?ver=1.7.6 HTTP/1.1" 200 16989 "http://amazingsportwear.com/tenis-padel/48-camiseta-manga-corta-tenis-pade.html" "Mozilla/5.0 (Windows NT 5.1) AppleWebKit/537.36 (KHTML, like Gecko) Chrome/49.0.2623.112 Safari/537.36" "_ga=GA1.2.1372514821.1543602066"
85.53.34.69 - - [22/Nov/2019:19:58:50 +0100] "GET /wp-content/plugins/wpfront-notification-bar/jquery-plugins/jquery.c.js?ver=1.4.0 HTTP/1.1" 200 3379 "http://amazingsportwear.com/tenis-padel/48-camiseta-manga-corta-tenis-pade.html" "Mozilla/5.0 (Windows NT 5.1) AppleWebKit/537.36 (KHTML, like Gecko) Chrome/49.0.2623.112 Safari/537.36" "_ga=GA1.2.1372514821.1543602066"
85.53.34.69 - - [22/Nov/2019:19:58:50 +0100] "GET /wp-content/plugins/wpfront-notification-bar/js/wpfront-notification-bar.js?ver=1.7.1 HTTP/1.1" 200 5604 "http://amazingsportwear.com/tenis-padel/48-camiseta-manga-corta-tenis-pade.html" "Mozilla/5.0 (Windows NT 5.1) AppleWebKit/537.36 (KHTML, like Gecko) Chrome/49.0.2623.112 Safari/537.36" "_ga=GA1.2.1372514821.1543602066"
85.53.34.69 - - [22/Nov/2019:19:58:50 +0100] "GET /wp-content/plugins/simple-social-icons/svgxuse.js?ver=1.1.21 HTTP/1.1" 200 9522 "http://amazingsportwear.com/tenis-padel/48-camiseta-manga-corta-tenis-pade.html" "Mozilla/5.0 (Windows NT 5.1) AppleWebKit/537.36 (KHTML, like Gecko) Chrome/49.0.2623.112 Safari/537.36" "_ga=GA1.2.1372514821.1543602066"
85.53.34.69 - - [22/Nov/2019:19:58:50 +0100] "GET /wp-content/themes/shopper/assets/js/crm.js?ver=1561548510 HTTP/1.1" 200 816 "http://amazingsportwear.com/tenis-padel/48-camiseta-manga-corta-tenis-pade.html" "Mozilla/5.0 (Windows NT 5.1) AppleWebKit/537.36 (KHTML, like Gecko) Chrome/49.0.2623.112 Safari/537.36" "_ga=GA1.2.1372514821.1543602066"
85.53.34.69 - - [22/Nov/2019:19:58:50 +0100] "GET /wp-content/plugins/woocommerce/assets/js/jquery-blockui/jquery.blockUI.min.js?ver=2.70 HTTP/1.1" 200 9850 "http://amazingsportwear.com/tenis-padel/48-camiseta-manga-corta-tenis-pade.html" "Mozilla/5.0 (Windows NT 5.1) AppleWebKit/537.36 (KHTML, like Gecko) Chrome/49.0.2623.112 Safari/537.36" "_ga=GA1.2.1372514821.1543602066"
85.53.34.69 - - [22/Nov/2019:19:58:51 +0100] "GET /wp-content/plugins/woocommerce/assets/js/frontend/add-to-cart.min.js?ver=3.6.4 HTTP/1.1" 200 2925 "http://amazingsportwear.com/tenis-padel/48-camiseta-manga-corta-tenis-pade.html" "Mozilla/5.0 (Windows NT 5.1) AppleWebKit/537.36 (KHTML, like Gecko) Chrome/49.0.2623.112 Safari/537.36" "_ga=GA1.2.1372514821.1543602066; _gid=GA1.2.1986081349.1574449154; _gat_gtag_UA_91619287_1=1"
85.53.34.69 - - [22/Nov/2019:19:58:51 +0100] "GET /wp-content/plugins/woocommerce/assets/js/js-cookie/js.cookie.min.js?ver=2.1.4 HTTP/1.1" 200 2129 "http://amazingsportwear.com/tenis-padel/48-camiseta-manga-corta-tenis-pade.html" "Mozilla/5.0 (Windows NT 5.1) AppleWebKit/537.36 (KHTML, like Gecko) Chrome/49.0.2623.112 Safari/537.36" "_ga=GA1.2.1372514821.1543602066; _gid=GA1.2.1986081349.1574449154; _gat_gtag_UA_91619287_1=1"
85.53.34.69 - - [22/Nov/2019:19:58:51 +0100] "GET /wp-content/plugins/woocommerce/assets/js/frontend/woocommerce.min.js?ver=3.6.4 HTTP/1.1" 200 1755 "http://amazingsportwear.com/tenis-padel/48-camiseta-manga-corta-tenis-pade.html" "Mozilla/5.0 (Windows NT 5.1) AppleWebKit/537.36 (KHTML, like Gecko) Chrome/49.0.2623.112 Safari/537.36" "_ga=GA1.2.1372514821.1543602066; _gid=GA1.2.1986081349.1574449154; _gat_gtag_UA_91619287_1=1"
85.53.34.69 - - [22/Nov/2019:19:58:51 +0100] "GET /wp-content/plugins/woocommerce/assets/js/frontend/cart-fragments.min.js?ver=3.6.4 HTTP/1.1" 200 3223 "http://amazingsportwear.com/tenis-padel/48-camiseta-manga-corta-tenis-pade.html" "Mozilla/5.0 (Windows NT 5.1) AppleWebKit/537.36 (KHTML, like Gecko) Chrome/49.0.2623.112 Safari/537.36" "_ga=GA1.2.1372514821.1543602066; _gid=GA1.2.1986081349.1574449154; _gat_gtag_UA_91619287_1=1"
85.53.34.69 - - [22/Nov/2019:19:58:51 +0100] "GET /wp-content/themes/shopper/assets/js/shopper.min.js?ver=1.3.8 HTTP/1.1" 200 5936 "http://amazingsportwear.com/tenis-padel/48-camiseta-manga-corta-tenis-pade.html" "Mozilla/5.0 (Windows NT 5.1) AppleWebKit/537.36 (KHTML, like Gecko) Chrome/49.0.2623.112 Safari/537.36" "_ga=GA1.2.1372514821.1543602066; _gid=GA1.2.1986081349.1574449154; _gat_gtag_UA_91619287_1=1"
85.53.34.69 - - [22/Nov/2019:19:58:51 +0100] "GET /wp-includes/js/wp-embed.min.js?ver=5.2.4 HTTP/1.1" 200 1686 "http://amazingsportwear.com/tenis-padel/48-camiseta-manga-corta-tenis-pade.html" "Mozilla/5.0 (Windows NT 5.1) AppleWebKit/537.36 (KHTML, like Gecko) Chrome/49.0.2623.112 Safari/537.36" "_ga=GA1.2.1372514821.1543602066; _gid=GA1.2.1986081349.1574449154; _gat_gtag_UA_91619287_1=1"
85.53.34.69 - - [22/Nov/2019:19:58:51 +0100] "GET /wp-content/themes/shopper/assets/js/woocommerce/header-cart.min.js?ver=1.3.8 HTTP/1.1" 200 914 "http://amazingsportwear.com/tenis-padel/48-camiseta-manga-corta-tenis-pade.html" "Mozilla/5.0 (Windows NT 5.1) AppleWebKit/537.36 (KHTML, like Gecko) Chrome/49.0.2623.112 Safari/537.36" "_ga=GA1.2.1372514821.1543602066; _gid=GA1.2.1986081349.1574449154; _gat_gtag_UA_91619287_1=1"
85.53.34.69 - - [22/Nov/2019:19:58:51 +0100] "GET /wp-content/themes/shopper/assets/js/skip-link-focus-fix.js?ver=1.3.8 HTTP/1.1" 200 965 "http://amazingsportwear.com/tenis-padel/48-camiseta-manga-corta-tenis-pade.html" "Mozilla/5.0 (Windows NT 5.1) AppleWebKit/537.36 (KHTML, like Gecko) Chrome/49.0.2623.112 Safari/537.36" "_ga=GA1.2.1372514821.1543602066; _gid=GA1.2.1986081349.1574449154; _gat_gtag_UA_91619287_1=1"
85.53.34.69 - - [22/Nov/2019:19:58:51 +0100] "GET /wp-includes/js/wp-emoji-release.min.js?ver=5.2.4 HTTP/1.1" 200 14125 "http://amazingsportwear.com/tenis-padel/48-camiseta-manga-corta-tenis-pade.html" "Mozilla/5.0 (Windows NT 5.1) AppleWebKit/537.36 (KHTML, like Gecko) Chrome/49.0.2623.112 Safari/537.36" "_ga=GA1.2.1372514821.1543602066; _gid=GA1.2.1986081349.1574449154; _gat_gtag_UA_91619287_1=1"
85.53.34.69 - - [22/Nov/2019:19:58:51 +0100] "GET /wp-content/themes/shopper/assets/fonts/fontawesome-webfont.woff2?v=4.7.0 HTTP/1.1" 200 77441 "http://amazingsportwear.com/wp-content/themes/shopper/style.css?ver=1.3.8" "Mozilla/5.0 (Windows NT 5.1) AppleWebKit/537.36 (KHTML, like Gecko) Chrome/49.0.2623.112 Safari/537.36" "_ga=GA1.2.1372514821.1543602066; _gid=GA1.2.1986081349.1574449154; _gat_gtag_UA_91619287_1=1"
85.53.34.69 - - [22/Nov/2019:19:58:51 +0100] "GET /wp-content/plugins/simple-social-icons/symbol-defs.svg HTTP/1.1" 200 19612 "http://amazingsportwear.com/tenis-padel/48-camiseta-manga-corta-tenis-pade.html" "Mozilla/5.0 (Windows NT 5.1) AppleWebKit/537.36 (KHTML, like Gecko) Chrome/49.0.2623.112 Safari/537.36" "_ga=GA1.2.1372514821.1543602066; _gid=GA1.2.1986081349.1574449154; _gat_gtag_UA_91619287_1=1"
85.53.34.69 - - [22/Nov/2019:19:58:51 +0100] "GET /wp-content/uploads/2019/05/cropped-asw-white.png HTTP/1.1" 200 10863 "http://amazingsportwear.com/tenis-padel/48-camiseta-manga-corta-tenis-pade.html" "Mozilla/5.0 (Windows NT 5.1) AppleWebKit/537.36 (KHTML, like Gecko) Chrome/49.0.2623.112 Safari/537.36" "_ga=GA1.2.1372514821.1543602066; _gid=GA1.2.1986081349.1574449154; _gat_gtag_UA_91619287_1=1"
85.53.34.69 - - [22/Nov/2019:19:58:51 +0100] "GET /wp-content/uploads/2019/04/Gorra-sport-12-300x300.png HTTP/1.1" 200 52757 "http://amazingsportwear.com/tenis-padel/48-camiseta-manga-corta-tenis-pade.html" "Mozilla/5.0 (Windows NT 5.1) AppleWebKit/537.36 (KHTML, like Gecko) Chrome/49.0.2623.112 Safari/537.36" "_ga=GA1.2.1372514821.1543602066; _gid=GA1.2.1986081349.1574449154; _gat_gtag_UA_91619287_1=1"
85.53.34.69 - - [22/Nov/2019:19:58:51 +0100] "GET /wp-content/uploads/2019/04/toalla-absorvente-gymnasio-7-300x300.png HTTP/1.1" 200 82027 "http://amazingsportwear.com/tenis-padel/48-camiseta-manga-corta-tenis-pade.html" "Mozilla/5.0 (Windows NT 5.1) AppleWebKit/537.36 (KHTML, like Gecko) Chrome/49.0.2623.112 Safari/537.36" "_ga=GA1.2.1372514821.1543602066; _gid=GA1.2.1986081349.1574449154; _gat_gtag_UA_91619287_1=1"
85.53.34.69 - - [22/Nov/2019:19:58:51 +0100] "GET /wp-content/uploads/2017/01/motocr-300x300.png HTTP/1.1" 200 97947 "http://amazingsportwear.com/tenis-padel/48-camiseta-manga-corta-tenis-pade.html" "Mozilla/5.0 (Windows NT 5.1) AppleWebKit/537.36 (KHTML, like Gecko) Chrome/49.0.2623.112 Safari/537.36" "_ga=GA1.2.1372514821.1543602066; _gid=GA1.2.1986081349.1574449154; _gat_gtag_UA_91619287_1=1"
85.53.34.69 - - [22/Nov/2019:19:58:51 +0100] "GET /wp-content/uploads/2017/01/camis-basket-costadillos2-300x300.jpg HTTP/1.1" 200 16253 "http://amazingsportwear.com/tenis-padel/48-camiseta-manga-corta-tenis-pade.html" "Mozilla/5.0 (Windows NT 5.1) AppleWebKit/537.36 (KHTML, like Gecko) Chrome/49.0.2623.112 Safari/537.36" "_ga=GA1.2.1372514821.1543602066; _gid=GA1.2.1986081349.1574449154; _gat_gtag_UA_91619287_1=1"
85.53.34.69 - - [22/Nov/2019:19:58:51 +0100] "GET /wp-content/uploads/woocommerce-placeholder-300x300.png HTTP/1.1" 200 12106 "http://amazingsportwear.com/tenis-padel/48-camiseta-manga-corta-tenis-pade.html" "Mozilla/5.0 (Windows NT 5.1) AppleWebKit/537.36 (KHTML, like Gecko) Chrome/49.0.2623.112 Safari/537.36" "_ga=GA1.2.1372514821.1543602066; _gid=GA1.2.1986081349.1574449154; _gat_gtag_UA_91619287_1=1"
85.53.34.69 - - [22/Nov/2019:19:58:51 +0100] "GET /wp-content/uploads/2019/05/asw-white-300x126.png HTTP/1.1" 200 12061 "http://amazingsportwear.com/tenis-padel/48-camiseta-manga-corta-tenis-pade.html" "Mozilla/5.0 (Windows NT 5.1) AppleWebKit/537.36 (KHTML, like Gecko) Chrome/49.0.2623.112 Safari/537.36" "_ga=GA1.2.1372514821.1543602066; _gid=GA1.2.1986081349.1574449154; _gat_gtag_UA_91619287_1=1"
85.53.34.69 - - [22/Nov/2019:19:58:51 +0100] "GET /wp-content/uploads/2017/03/CIF-T-527-300x300.jpg HTTP/1.1" 200 11243 "http://amazingsportwear.com/tenis-padel/48-camiseta-manga-corta-tenis-pade.html" "Mozilla/5.0 (Windows NT 5.1) AppleWebKit/537.36 (KHTML, like Gecko) Chrome/49.0.2623.112 Safari/537.36" "_ga=GA1.2.1372514821.1543602066; _gid=GA1.2.1986081349.1574449154; _gat_gtag_UA_91619287_1=1"
85.53.34.69 - - [22/Nov/2019:19:58:51 +0100] "GET /wp-content/plugins/wpfront-notification-bar/images/arrow_down.png HTTP/1.1" 200 2504 "http://amazingsportwear.com/wp-content/plugins/wpfront-notification-bar/css/wpfront-notification-bar.css?ver=1.7.1" "Mozilla/5.0 (Windows NT 5.1) AppleWebKit/537.36 (KHTML, like Gecko) Chrome/49.0.2623.112 Safari/537.36" "_ga=GA1.2.1372514821.1543602066; _gid=GA1.2.1986081349.1574449154; _gat_gtag_UA_91619287_1=1"
85.53.34.69 - - [22/Nov/2019:19:58:51 +0100] "GET /wp-content/uploads/2019/05/cropped-favicon-nuevo-logo-amazinf-128px-192x192.png HTTP/1.1" 200 10880 "http://amazingsportwear.com/tenis-padel/48-camiseta-manga-corta-tenis-pade.html" "Mozilla/5.0 (Windows NT 5.1) AppleWebKit/537.36 (KHTML, like Gecko) Chrome/49.0.2623.112 Safari/537.36" "_ga=GA1.2.1372514821.1543602066; _gid=GA1.2.1986081349.1574449154; _gat_gtag_UA_91619287_1=1"
85.53.34.69 - - [22/Nov/2019:19:58:51 +0100] "GET /wp-content/uploads/2019/05/cropped-favicon-nuevo-logo-amazinf-128px-32x32.png HTTP/1.1" 200 1224 "http://amazingsportwear.com/tenis-padel/48-camiseta-manga-corta-tenis-pade.html" "Mozilla/5.0 (Windows NT 5.1) AppleWebKit/537.36 (KHTML, like Gecko) Chrome/49.0.2623.112 Safari/537.36" "_ga=GA1.2.1372514821.1543602066; _gid=GA1.2.1986081349.1574449154; _gat_gtag_UA_91619287_1=1"
85.53.34.69 - - [22/Nov/2019:19:58:51 +0100] "POST /?wc-ajax=get_refreshed_fragments HTTP/1.1" 200 1251 "http://amazingsportwear.com/tenis-padel/48-camiseta-manga-corta-tenis-pade.html" "Mozilla/5.0 (Windows NT 5.1) AppleWebKit/537.36 (KHTML, like Gecko) Chrome/49.0.2623.112 Safari/537.36" "_ga=GA1.2.1372514821.1543602066; _gid=GA1.2.1986081349.1574449154; _gat_gtag_UA_91619287_1=1"
217.76.130.90 - - [22/Nov/2019:19:59:06 +0100] "POST /wp-cron.php?doing_wp_cron=1574449146.9236481189727783203125 HTTP/1.1" 200 3389 "https://amazingsportwear.com/wp-cron.php?doing_wp_cron=1574449146.9236481189727783203125" "WordPress/5.2.4; https://amazingsportwear.com" "-"
85.53.34.69 - - [22/Nov/2019:19:59:06 +0100] "GET /categoria-producto/hombre/camisetas/ HTTP/1.1" 200 73898 "http://amazingsportwear.com/tenis-padel/48-camiseta-manga-corta-tenis-pade.html" "Mozilla/5.0 (Windows NT 5.1) AppleWebKit/537.36 (KHTML, like Gecko) Chrome/49.0.2623.112 Safari/537.36" "_ga=GA1.2.1372514821.1543602066; _gid=GA1.2.1986081349.1574449154; _gat_gtag_UA_91619287_1=1; wpfront-notification-bar-landingpage=1"
85.53.34.69 - - [22/Nov/2019:19:59:07 +0100] "GET /wp-includes/css/dist/block-library/style.min.css?ver=5.2.4 HTTP/1.1" 200 29798 "https://amazingsportwear.com/categoria-producto/hombre/camisetas/" "Mozilla/5.0 (Windows NT 5.1) AppleWebKit/537.36 (KHTML, like Gecko) Chrome/49.0.2623.112 Safari/537.36" "_ga=GA1.2.1372514821.1543602066; _gid=GA1.2.1986081349.1574449154; _gat_gtag_UA_91619287_1=1; wpfront-notification-bar-landingpage=1"
85.53.34.69 - - [22/Nov/2019:19:59:07 +0100] "GET /wp-content/plugins/woocommerce/assets/css/blocks/style.css?ver=3.6.4 HTTP/1.1" 200 6835 "https://amazingsportwear.com/categoria-producto/hombre/camisetas/" "Mozilla/5.0 (Windows NT 5.1) AppleWebKit/537.36 (KHTML, like Gecko) Chrome/49.0.2623.112 Safari/537.36" "_ga=GA1.2.1372514821.1543602066; _gid=GA1.2.1986081349.1574449154; _gat_gtag_UA_91619287_1=1; wpfront-notification-bar-landingpage=1"
85.53.34.69 - - [22/Nov/2019:19:59:07 +0100] "GET /wp-content/plugins/cookie-law-info/public/css/cookie-law-info-public.css?ver=1.7.6 HTTP/1.1" 200 3373 "https://amazingsportwear.com/categoria-producto/hombre/camisetas/" "Mozilla/5.0 (Windows NT 5.1) AppleWebKit/537.36 (KHTML, like Gecko) Chrome/49.0.2623.112 Safari/537.36" "_ga=GA1.2.1372514821.1543602066; _gid=GA1.2.1986081349.1574449154; _gat_gtag_UA_91619287_1=1; wpfront-notification-bar-landingpage=1"
85.53.34.69 - - [22/Nov/2019:19:59:07 +0100] "GET /wp-content/plugins/wpfront-notification-bar/css/wpfront-notification-bar.css?ver=1.7.1 HTTP/1.1" 200 3801 "https://amazingsportwear.com/categoria-producto/hombre/camisetas/" "Mozilla/5.0 (Windows NT 5.1) AppleWebKit/537.36 (KHTML, like Gecko) Chrome/49.0.2623.112 Safari/537.36" "_ga=GA1.2.1372514821.1543602066; _gid=GA1.2.1986081349.1574449154; _gat_gtag_UA_91619287_1=1; wpfront-notification-bar-landingpage=1"
85.53.34.69 - - [22/Nov/2019:19:59:07 +0100] "GET /wp-content/plugins/cookie-law-info/public/css/cookie-law-info-gdpr.css?ver=1.7.6 HTTP/1.1" 200 12583 "https://amazingsportwear.com/categoria-producto/hombre/camisetas/" "Mozilla/5.0 (Windows NT 5.1) AppleWebKit/537.36 (KHTML, like Gecko) Chrome/49.0.2623.112 Safari/537.36" "_ga=GA1.2.1372514821.1543602066; _gid=GA1.2.1986081349.1574449154; _gat_gtag_UA_91619287_1=1; wpfront-notification-bar-landingpage=1"
85.53.34.69 - - [22/Nov/2019:19:59:07 +0100] "GET /wp-content/themes/shopper/style.css?ver=1.3.8 HTTP/1.1" 200 125315 "https://amazingsportwear.com/categoria-producto/hombre/camisetas/" "Mozilla/5.0 (Windows NT 5.1) AppleWebKit/537.36 (KHTML, like Gecko) Chrome/49.0.2623.112 Safari/537.36" "_ga=GA1.2.1372514821.1543602066; _gid=GA1.2.1986081349.1574449154; _gat_gtag_UA_91619287_1=1; wpfront-notification-bar-landingpage=1"
85.53.34.69 - - [22/Nov/2019:19:59:07 +0100] "GET /wp-content/plugins/simple-social-icons/css/style.css?ver=3.0.1 HTTP/1.1" 200 1562 "https://amazingsportwear.com/categoria-producto/hombre/camisetas/" "Mozilla/5.0 (Windows NT 5.1) AppleWebKit/537.36 (KHTML, like Gecko) Chrome/49.0.2623.112 Safari/537.36" "_ga=GA1.2.1372514821.1543602066; _gid=GA1.2.1986081349.1574449154; _gat_gtag_UA_91619287_1=1; wpfront-notification-bar-landingpage=1"
85.53.34.69 - - [22/Nov/2019:19:59:07 +0100] "GET /wp-includes/js/jquery/jquery-migrate.min.js?ver=1.4.1 HTTP/1.1" 200 10399 "https://amazingsportwear.com/categoria-producto/hombre/camisetas/" "Mozilla/5.0 (Windows NT 5.1) AppleWebKit/537.36 (KHTML, like Gecko) Chrome/49.0.2623.112 Safari/537.36" "_ga=GA1.2.1372514821.1543602066; _gid=GA1.2.1986081349.1574449154; _gat_gtag_UA_91619287_1=1; wpfront-notification-bar-landingpage=1"
85.53.34.69 - - [22/Nov/2019:19:59:07 +0100] "GET /wp-content/plugins/cookie-law-info/public/js/cookie-law-info-public.js?ver=1.7.6 HTTP/1.1" 200 17076 "https://amazingsportwear.com/categoria-producto/hombre/camisetas/" "Mozilla/5.0 (Windows NT 5.1) AppleWebKit/537.36 (KHTML, like Gecko) Chrome/49.0.2623.112 Safari/537.36" "_ga=GA1.2.1372514821.1543602066; _gid=GA1.2.1986081349.1574449154; _gat_gtag_UA_91619287_1=1; wpfront-notification-bar-landingpage=1"
85.53.34.69 - - [22/Nov/2019:19:59:07 +0100] "GET /wp-includes/js/jquery/jquery.js?ver=1.12.4-wp HTTP/1.1" 200 97362 "https://amazingsportwear.com/categoria-producto/hombre/camisetas/" "Mozilla/5.0 (Windows NT 5.1) AppleWebKit/537.36 (KHTML, like Gecko) Chrome/49.0.2623.112 Safari/537.36" "_ga=GA1.2.1372514821.1543602066; _gid=GA1.2.1986081349.1574449154; _gat_gtag_UA_91619287_1=1; wpfront-notification-bar-landingpage=1"
85.53.34.69 - - [22/Nov/2019:19:59:07 +0100] "GET /wp-content/themes/shopper/assets/sass/woocommerce/woocommerce.css?ver=5.2.4 HTTP/1.1" 200 83534 "https://amazingsportwear.com/categoria-producto/hombre/camisetas/" "Mozilla/5.0 (Windows NT 5.1) AppleWebKit/537.36 (KHTML, like Gecko) Chrome/49.0.2623.112 Safari/537.36" "_ga=GA1.2.1372514821.1543602066; _gid=GA1.2.1986081349.1574449154; _gat_gtag_UA_91619287_1=1; wpfront-notification-bar-landingpage=1"
85.53.34.69 - - [22/Nov/2019:19:59:07 +0100] "GET /wp-content/plugins/wpfront-notification-bar/jquery-plugins/jquery.c.js?ver=1.4.0 HTTP/1.1" 200 3437 "https://amazingsportwear.com/categoria-producto/hombre/camisetas/" "Mozilla/5.0 (Windows NT 5.1) AppleWebKit/537.36 (KHTML, like Gecko) Chrome/49.0.2623.112 Safari/537.36" "_ga=GA1.2.1372514821.1543602066; _gid=GA1.2.1986081349.1574449154; _gat_gtag_UA_91619287_1=1; wpfront-notification-bar-landingpage=1"
85.53.34.69 - - [22/Nov/2019:19:59:07 +0100] "GET /wp-content/plugins/wpfront-notification-bar/js/wpfront-notification-bar.js?ver=1.7.1 HTTP/1.1" 200 5662 "https://amazingsportwear.com/categoria-producto/hombre/camisetas/" "Mozilla/5.0 (Windows NT 5.1) AppleWebKit/537.36 (KHTML, like Gecko) Chrome/49.0.2623.112 Safari/537.36" "_ga=GA1.2.1372514821.1543602066; _gid=GA1.2.1986081349.1574449154; _gat_gtag_UA_91619287_1=1; wpfront-notification-bar-landingpage=1"
85.53.34.69 - - [22/Nov/2019:19:59:07 +0100] "GET /wp-content/plugins/simple-social-icons/svgxuse.js?ver=1.1.21 HTTP/1.1" 200 9580 "https://amazingsportwear.com/categoria-producto/hombre/camisetas/" "Mozilla/5.0 (Windows NT 5.1) AppleWebKit/537.36 (KHTML, like Gecko) Chrome/49.0.2623.112 Safari/537.36" "_ga=GA1.2.1372514821.1543602066; _gid=GA1.2.1986081349.1574449154; _gat_gtag_UA_91619287_1=1; wpfront-notification-bar-landingpage=1"
85.53.34.69 - - [22/Nov/2019:19:59:07 +0100] "GET /wp-content/themes/shopper/assets/js/crm.js?ver=1561548510 HTTP/1.1" 200 874 "https://amazingsportwear.com/categoria-producto/hombre/camisetas/" "Mozilla/5.0 (Windows NT 5.1) AppleWebKit/537.36 (KHTML, like Gecko) Chrome/49.0.2623.112 Safari/537.36" "_ga=GA1.2.1372514821.1543602066; _gid=GA1.2.1986081349.1574449154; _gat_gtag_UA_91619287_1=1; wpfront-notification-bar-landingpage=1"
85.53.34.69 - - [22/Nov/2019:19:59:07 +0100] "GET /wp-content/plugins/woocommerce/assets/js/jquery-blockui/jquery.blockUI.min.js?ver=2.70 HTTP/1.1" 200 9908 "https://amazingsportwear.com/categoria-producto/hombre/camisetas/" "Mozilla/5.0 (Windows NT 5.1) AppleWebKit/537.36 (KHTML, like Gecko) Chrome/49.0.2623.112 Safari/537.36" "_ga=GA1.2.1372514821.1543602066; _gid=GA1.2.1986081349.1574449154; _gat_gtag_UA_91619287_1=1; wpfront-notification-bar-landingpage=1"
85.53.34.69 - - [22/Nov/2019:19:59:07 +0100] "GET /wp-content/plugins/woocommerce/assets/js/frontend/add-to-cart.min.js?ver=3.6.4 HTTP/1.1" 200 2983 "https://amazingsportwear.com/categoria-producto/hombre/camisetas/" "Mozilla/5.0 (Windows NT 5.1) AppleWebKit/537.36 (KHTML, like Gecko) Chrome/49.0.2623.112 Safari/537.36" "_ga=GA1.2.1372514821.1543602066; _gid=GA1.2.1986081349.1574449154; _gat_gtag_UA_91619287_1=1; wpfront-notification-bar-landingpage=1"
85.53.34.69 - - [22/Nov/2019:19:59:08 +0100] "GET /wp-content/plugins/woocommerce/assets/js/js-cookie/js.cookie.min.js?ver=2.1.4 HTTP/1.1" 200 2187 "https://amazingsportwear.com/categoria-producto/hombre/camisetas/" "Mozilla/5.0 (Windows NT 5.1) AppleWebKit/537.36 (KHTML, like Gecko) Chrome/49.0.2623.112 Safari/537.36" "_ga=GA1.2.1372514821.1543602066; _gid=GA1.2.1986081349.1574449154; _gat_gtag_UA_91619287_1=1; wpfront-notification-bar-landingpage=1"
85.53.34.69 - - [22/Nov/2019:19:59:08 +0100] "GET /wp-content/plugins/woocommerce/assets/js/frontend/woocommerce.min.js?ver=3.6.4 HTTP/1.1" 200 1813 "https://amazingsportwear.com/categoria-producto/hombre/camisetas/" "Mozilla/5.0 (Windows NT 5.1) AppleWebKit/537.36 (KHTML, like Gecko) Chrome/49.0.2623.112 Safari/537.36" "_ga=GA1.2.1372514821.1543602066; _gid=GA1.2.1986081349.1574449154; _gat_gtag_UA_91619287_1=1; wpfront-notification-bar-landingpage=1"
85.53.34.69 - - [22/Nov/2019:19:59:08 +0100] "GET /wp-content/themes/shopper/assets/js/skip-link-focus-fix.js?ver=1.3.8 HTTP/1.1" 200 1023 "https://amazingsportwear.com/categoria-producto/hombre/camisetas/" "Mozilla/5.0 (Windows NT 5.1) AppleWebKit/537.36 (KHTML, like Gecko) Chrome/49.0.2623.112 Safari/537.36" "_ga=GA1.2.1372514821.1543602066; _gid=GA1.2.1986081349.1574449154; _gat_gtag_UA_91619287_1=1; wpfront-notification-bar-landingpage=1"
85.53.34.69 - - [22/Nov/2019:19:59:08 +0100] "GET /wp-content/plugins/woocommerce/assets/js/frontend/cart-fragments.min.js?ver=3.6.4 HTTP/1.1" 200 3281 "https://amazingsportwear.com/categoria-producto/hombre/camisetas/" "Mozilla/5.0 (Windows NT 5.1) AppleWebKit/537.36 (KHTML, like Gecko) Chrome/49.0.2623.112 Safari/537.36" "_ga=GA1.2.1372514821.1543602066; _gid=GA1.2.1986081349.1574449154; _gat_gtag_UA_91619287_1=1; wpfront-notification-bar-landingpage=1"
85.53.34.69 - - [22/Nov/2019:19:59:08 +0100] "GET /wp-content/themes/shopper/assets/js/shopper.min.js?ver=1.3.8 HTTP/1.1" 200 5994 "https://amazingsportwear.com/categoria-producto/hombre/camisetas/" "Mozilla/5.0 (Windows NT 5.1) AppleWebKit/537.36 (KHTML, like Gecko) Chrome/49.0.2623.112 Safari/537.36" "_ga=GA1.2.1372514821.1543602066; _gid=GA1.2.1986081349.1574449154; _gat_gtag_UA_91619287_1=1; wpfront-notification-bar-landingpage=1"
85.53.34.69 - - [22/Nov/2019:19:59:08 +0100] "GET /wp-content/themes/shopper/assets/js/woocommerce/header-cart.min.js?ver=1.3.8 HTTP/1.1" 200 972 "https://amazingsportwear.com/categoria-producto/hombre/camisetas/" "Mozilla/5.0 (Windows NT 5.1) AppleWebKit/537.36 (KHTML, like Gecko) Chrome/49.0.2623.112 Safari/537.36" "_ga=GA1.2.1372514821.1543602066; _gid=GA1.2.1986081349.1574449154; _gat_gtag_UA_91619287_1=1; wpfront-notification-bar-landingpage=1"
85.53.34.69 - - [22/Nov/2019:19:59:08 +0100] "GET /wp-content/themes/shopper/assets/fonts/fontawesome-webfont.woff2?v=4.7.0 HTTP/1.1" 200 77615 "https://amazingsportwear.com/wp-content/themes/shopper/style.css?ver=1.3.8" "Mozilla/5.0 (Windows NT 5.1) AppleWebKit/537.36 (KHTML, like Gecko) Chrome/49.0.2623.112 Safari/537.36" "_ga=GA1.2.1372514821.1543602066; _gid=GA1.2.1986081349.1574449154; _gat_gtag_UA_91619287_1=1; wpfront-notification-bar-landingpage=1"
85.53.34.69 - - [22/Nov/2019:19:59:08 +0100] "GET /wp-includes/js/wp-embed.min.js?ver=5.2.4 HTTP/1.1" 200 1744 "https://amazingsportwear.com/categoria-producto/hombre/camisetas/" "Mozilla/5.0 (Windows NT 5.1) AppleWebKit/537.36 (KHTML, like Gecko) Chrome/49.0.2623.112 Safari/537.36" "_ga=GA1.2.1372514821.1543602066; _gid=GA1.2.1986081349.1574449154; _gat_gtag_UA_91619287_1=1; wpfront-notification-bar-landingpage=1"
85.53.34.69 - - [22/Nov/2019:19:59:08 +0100] "GET /wp-includes/js/wp-emoji-release.min.js?ver=5.2.4 HTTP/1.1" 200 14183 "https://amazingsportwear.com/categoria-producto/hombre/camisetas/" "Mozilla/5.0 (Windows NT 5.1) AppleWebKit/537.36 (KHTML, like Gecko) Chrome/49.0.2623.112 Safari/537.36" "_ga=GA1.2.1372514821.1543602066; _gid=GA1.2.1986081349.1574449154; _gat_gtag_UA_91619287_1=1; wpfront-notification-bar-landingpage=1"
85.53.34.69 - - [22/Nov/2019:19:59:08 +0100] "GET /wp-content/uploads/2018/06/sa-6502-naranja-300x300.jpg HTTP/1.1" 200 42656 "https://amazingsportwear.com/categoria-producto/hombre/camisetas/" "Mozilla/5.0 (Windows NT 5.1) AppleWebKit/537.36 (KHTML, like Gecko) Chrome/49.0.2623.112 Safari/537.36" "_ga=GA1.2.1372514821.1543602066; _gid=GA1.2.1986081349.1574449154; _gat_gtag_UA_91619287_1=1; wpfront-notification-bar-landingpage=1"
85.53.34.69 - - [22/Nov/2019:19:59:08 +0100] "GET /wp-content/uploads/2017/03/CAT-3579-azul-300x300.jpg HTTP/1.1" 200 16400 "https://amazingsportwear.com/categoria-producto/hombre/camisetas/" "Mozilla/5.0 (Windows NT 5.1) AppleWebKit/537.36 (KHTML, like Gecko) Chrome/49.0.2623.112 Safari/537.36" "_ga=GA1.2.1372514821.1543602066; _gid=GA1.2.1986081349.1574449154; _gat_gtag_UA_91619287_1=1; wpfront-notification-bar-landingpage=1"
85.53.34.69 - - [22/Nov/2019:19:59:08 +0100] "GET /wp-content/uploads/2017/03/CAT-4184-naranja-300x300.jpg HTTP/1.1" 200 16932 "https://amazingsportwear.com/categoria-producto/hombre/camisetas/" "Mozilla/5.0 (Windows NT 5.1) AppleWebKit/537.36 (KHTML, like Gecko) Chrome/49.0.2623.112 Safari/537.36" "_ga=GA1.2.1372514821.1543602066; _gid=GA1.2.1986081349.1574449154; _gat_gtag_UA_91619287_1=1; wpfront-notification-bar-landingpage=1"
85.53.34.69 - - [22/Nov/2019:19:59:08 +0100] "GET /wp-content/uploads/2018/04/cat-4185-amarilla-300x300.jpg HTTP/1.1" 200 7788 "https://amazingsportwear.com/categoria-producto/hombre/camisetas/" "Mozilla/5.0 (Windows NT 5.1) AppleWebKit/537.36 (KHTML, like Gecko) Chrome/49.0.2623.112 Safari/537.36" "_ga=GA1.2.1372514821.1543602066; _gid=GA1.2.1986081349.1574449154; _gat_gtag_UA_91619287_1=1; wpfront-notification-bar-landingpage=1"
85.53.34.69 - - [22/Nov/2019:19:59:08 +0100] "GET /wp-content/uploads/2017/03/CAT-4473-03-300x300.jpg HTTP/1.1" 200 29579 "https://amazingsportwear.com/categoria-producto/hombre/camisetas/" "Mozilla/5.0 (Windows NT 5.1) AppleWebKit/537.36 (KHTML, like Gecko) Chrome/49.0.2623.112 Safari/537.36" "_ga=GA1.2.1372514821.1543602066; _gid=GA1.2.1986081349.1574449154; _gat_gtag_UA_91619287_1=1; wpfront-notification-bar-landingpage=1"
85.53.34.69 - - [22/Nov/2019:19:59:08 +0100] "GET /wp-content/uploads/2017/03/CAT-5247-04-300x300.jpg HTTP/1.1" 200 9193 "https://amazingsportwear.com/categoria-producto/hombre/camisetas/" "Mozilla/5.0 (Windows NT 5.1) AppleWebKit/537.36 (KHTML, like Gecko) Chrome/49.0.2623.112 Safari/537.36" "_ga=GA1.2.1372514821.1543602066; _gid=GA1.2.1986081349.1574449154; _gat_gtag_UA_91619287_1=1; wpfront-notification-bar-landingpage=1"
85.53.34.69 - - [22/Nov/2019:19:59:08 +0100] "GET /wp-content/uploads/2017/03/CAT-5249-05-300x300.jpg HTTP/1.1" 200 8997 "https://amazingsportwear.com/categoria-producto/hombre/camisetas/" "Mozilla/5.0 (Windows NT 5.1) AppleWebKit/537.36 (KHTML, like Gecko) Chrome/49.0.2623.112 Safari/537.36" "_ga=GA1.2.1372514821.1543602066; _gid=GA1.2.1986081349.1574449154; _gat_gtag_UA_91619287_1=1; wpfront-notification-bar-landingpage=1"
85.53.34.69 - - [22/Nov/2019:19:59:08 +0100] "GET /wp-content/uploads/2017/03/ENY-ARABIA-772-300x300.jpg HTTP/1.1" 200 7879 "https://amazingsportwear.com/categoria-producto/hombre/camisetas/" "Mozilla/5.0 (Windows NT 5.1) AppleWebKit/537.36 (KHTML, like Gecko) Chrome/49.0.2623.112 Safari/537.36" "_ga=GA1.2.1372514821.1543602066; _gid=GA1.2.1986081349.1574449154; _gat_gtag_UA_91619287_1=1; wpfront-notification-bar-landingpage=1"
85.53.34.69 - - [22/Nov/2019:19:59:08 +0100] "GET /wp-content/uploads/2018/02/SA-6654-rojo-300x300.png HTTP/1.1" 200 106373 "https://amazingsportwear.com/categoria-producto/hombre/camisetas/" "Mozilla/5.0 (Windows NT 5.1) AppleWebKit/537.36 (KHTML, like Gecko) Chrome/49.0.2623.112 Safari/537.36" "_ga=GA1.2.1372514821.1543602066; _gid=GA1.2.1986081349.1574449154; _gat_gtag_UA_91619287_1=1; wpfront-notification-bar-landingpage=1"
85.53.34.69 - - [22/Nov/2019:19:59:08 +0100] "GET /wp-content/uploads/2019/03/SA-0407-1-300x300.png HTTP/1.1" 200 102518 "https://amazingsportwear.com/categoria-producto/hombre/camisetas/" "Mozilla/5.0 (Windows NT 5.1) AppleWebKit/537.36 (KHTML, like Gecko) Chrome/49.0.2623.112 Safari/537.36" "_ga=GA1.2.1372514821.1543602066; _gid=GA1.2.1986081349.1574449154; _gat_gtag_UA_91619287_1=1; wpfront-notification-bar-landingpage=1"
85.53.34.69 - - [22/Nov/2019:19:59:08 +0100] "GET /wp-content/plugins/simple-social-icons/symbol-defs.svg HTTP/1.1" 200 19699 "https://amazingsportwear.com/categoria-producto/hombre/camisetas/" "Mozilla/5.0 (Windows NT 5.1) AppleWebKit/537.36 (KHTML, like Gecko) Chrome/49.0.2623.112 Safari/537.36" "_ga=GA1.2.1372514821.1543602066; _gid=GA1.2.1986081349.1574449154; _gat_gtag_UA_91619287_1=1; wpfront-notification-bar-landingpage=1"
85.53.34.69 - - [22/Nov/2019:19:59:08 +0100] "GET /wp-content/uploads/2017/03/nath-action-hombre-290x300.jpg HTTP/1.1" 200 12465 "https://amazingsportwear.com/categoria-producto/hombre/camisetas/" "Mozilla/5.0 (Windows NT 5.1) AppleWebKit/537.36 (KHTML, like Gecko) Chrome/49.0.2623.112 Safari/537.36" "_ga=GA1.2.1372514821.1543602066; _gid=GA1.2.1986081349.1574449154; _gat_gtag_UA_91619287_1=1; wpfront-notification-bar-landingpage=1"
85.53.34.69 - - [22/Nov/2019:19:59:08 +0100] "GET /wp-content/uploads/2017/03/ENY-ARABIA-773-300x300.jpg HTTP/1.1" 200 9582 "https://amazingsportwear.com/categoria-producto/hombre/camisetas/" "Mozilla/5.0 (Windows NT 5.1) AppleWebKit/537.36 (KHTML, like Gecko) Chrome/49.0.2623.112 Safari/537.36" "_ga=GA1.2.1372514821.1543602066; _gid=GA1.2.1986081349.1574449154; _gat_gtag_UA_91619287_1=1; wpfront-notification-bar-landingpage=1"
85.53.34.69 - - [22/Nov/2019:19:59:08 +0100] "GET /wp-content/plugins/wpfront-notification-bar/images/arrow_down.png HTTP/1.1" 200 2562 "https://amazingsportwear.com/wp-content/plugins/wpfront-notification-bar/css/wpfront-notification-bar.css?ver=1.7.1" "Mozilla/5.0 (Windows NT 5.1) AppleWebKit/537.36 (KHTML, like Gecko) Chrome/49.0.2623.112 Safari/537.36" "_ga=GA1.2.1372514821.1543602066; _gid=GA1.2.1986081349.1574449154; _gat_gtag_UA_91619287_1=1; wpfront-notification-bar-landingpage=1"
85.53.34.69 - - [22/Nov/2019:19:59:07 +0100] "GET /categoria-producto/hombre/camisetas/ HTTP/1.1" 200 73883 "http://amazingsportwear.com/tenis-padel/48-camiseta-manga-corta-tenis-pade.html" "Mozilla/5.0 (Windows NT 5.1) AppleWebKit/537.36 (KHTML, like Gecko) Chrome/49.0.2623.112 Safari/537.36" "_ga=GA1.2.1372514821.1543602066; _gid=GA1.2.1986081349.1574449154; _gat_gtag_UA_91619287_1=1; wpfront-notification-bar-landingpage=1"
85.53.34.69 - - [22/Nov/2019:19:59:08 +0100] "POST /?wc-ajax=get_refreshed_fragments HTTP/1.1" 200 1345 "https://amazingsportwear.com/categoria-producto/hombre/camisetas/" "Mozilla/5.0 (Windows NT 5.1) AppleWebKit/537.36 (KHTML, like Gecko) Chrome/49.0.2623.112 Safari/537.36" "_ga=GA1.2.1372514821.1543602066; _gid=GA1.2.1986081349.1574449154; _gat_gtag_UA_91619287_1=1; wpfront-notification-bar-landingpage=1"
85.53.34.69 - - [22/Nov/2019:19:59:09 +0100] "POST /?wc-ajax=get_refreshed_fragments HTTP/1.1" 200 1345 "https://amazingsportwear.com/categoria-producto/hombre/camisetas/" "Mozilla/5.0 (Windows NT 5.1) AppleWebKit/537.36 (KHTML, like Gecko) Chrome/49.0.2623.112 Safari/537.36" "_gat_gtag_UA_91619287_1=1; wpfront-notification-bar-landingpage=1; _ga=GA1.2.1372514821.1543602066; _gid=GA1.2.1986081349.1574449154"
85.53.34.69 - - [22/Nov/2019:19:59:29 +0100] "GET /categoria-producto/hombre/camisetas/page/4/ HTTP/1.1" 200 74299 "https://amazingsportwear.com/categoria-producto/hombre/camisetas/" "Mozilla/5.0 (Windows NT 5.1) AppleWebKit/537.36 (KHTML, like Gecko) Chrome/49.0.2623.112 Safari/537.36" "_gat_gtag_UA_91619287_1=1; wpfront-notification-bar-landingpage=1; _ga=GA1.2.1372514821.1543602066; _gid=GA1.2.1986081349.1574449154"
85.53.34.69 - - [22/Nov/2019:19:59:30 +0100] "GET /wp-content/uploads/2017/03/cat-4471-03-300x300.jpg HTTP/1.1" 200 27813 "https://amazingsportwear.com/categoria-producto/hombre/camisetas/page/4/" "Mozilla/5.0 (Windows NT 5.1) AppleWebKit/537.36 (KHTML, like Gecko) Chrome/49.0.2623.112 Safari/537.36" "_gat_gtag_UA_91619287_1=1; wpfront-notification-bar-landingpage=1; _ga=GA1.2.1372514821.1543602066; _gid=GA1.2.1986081349.1574449154"
85.53.34.69 - - [22/Nov/2019:19:59:30 +0100] "GET /wp-content/uploads/2017/03/aq-giro-chicos-300x300.jpg HTTP/1.1" 200 48385 "https://amazingsportwear.com/categoria-producto/hombre/camisetas/page/4/" "Mozilla/5.0 (Windows NT 5.1) AppleWebKit/537.36 (KHTML, like Gecko) Chrome/49.0.2623.112 Safari/537.36" "_gat_gtag_UA_91619287_1=1; wpfront-notification-bar-landingpage=1; _ga=GA1.2.1372514821.1543602066; _gid=GA1.2.1986081349.1574449154"
85.53.34.69 - - [22/Nov/2019:19:59:30 +0100] "GET /wp-content/uploads/2017/03/aq-grafic-joven-300x300.jpg HTTP/1.1" 200 76792 "https://amazingsportwear.com/categoria-producto/hombre/camisetas/page/4/" "Mozilla/5.0 (Windows NT 5.1) AppleWebKit/537.36 (KHTML, like Gecko) Chrome/49.0.2623.112 Safari/537.36" "_gat_gtag_UA_91619287_1=1; wpfront-notification-bar-landingpage=1; _ga=GA1.2.1372514821.1543602066; _gid=GA1.2.1986081349.1574449154"
85.53.34.69 - - [22/Nov/2019:19:59:30 +0100] "GET /wp-content/uploads/2017/03/sa-6650_22302-300x300.jpg HTTP/1.1" 200 10494 "https://amazingsportwear.com/categoria-producto/hombre/camisetas/page/4/" "Mozilla/5.0 (Windows NT 5.1) AppleWebKit/537.36 (KHTML, like Gecko) Chrome/49.0.2623.112 Safari/537.36" "_gat_gtag_UA_91619287_1=1; wpfront-notification-bar-landingpage=1; _ga=GA1.2.1372514821.1543602066; _gid=GA1.2.1986081349.1574449154"
85.53.34.69 - - [22/Nov/2019:19:59:30 +0100] "GET /wp-content/uploads/2017/03/sa-0415_60-300x300.jpg HTTP/1.1" 200 15272 "https://amazingsportwear.com/categoria-producto/hombre/camisetas/page/4/" "Mozilla/5.0 (Windows NT 5.1) AppleWebKit/537.36 (KHTML, like Gecko) Chrome/49.0.2623.112 Safari/537.36" "_gat_gtag_UA_91619287_1=1; wpfront-notification-bar-landingpage=1; _ga=GA1.2.1372514821.1543602066; _gid=GA1.2.1986081349.1574449154"
85.53.34.69 - - [22/Nov/2019:19:59:30 +0100] "GET /wp-content/uploads/2017/03/aq-iron-hombre-300x300.jpg HTTP/1.1" 200 65714 "https://amazingsportwear.com/categoria-producto/hombre/camisetas/page/4/" "Mozilla/5.0 (Windows NT 5.1) AppleWebKit/537.36 (KHTML, like Gecko) Chrome/49.0.2623.112 Safari/537.36" "_gat_gtag_UA_91619287_1=1; wpfront-notification-bar-landingpage=1; _ga=GA1.2.1372514821.1543602066; _gid=GA1.2.1986081349.1574449154"
85.53.34.69 - - [22/Nov/2019:19:59:30 +0100] "GET /wp-content/uploads/2017/03/aq-indoor-joven-300x300.jpg HTTP/1.1" 200 81098 "https://amazingsportwear.com/categoria-producto/hombre/camisetas/page/4/" "Mozilla/5.0 (Windows NT 5.1) AppleWebKit/537.36 (KHTML, like Gecko) Chrome/49.0.2623.112 Safari/537.36" "_gat_gtag_UA_91619287_1=1; wpfront-notification-bar-landingpage=1; _ga=GA1.2.1372514821.1543602066; _gid=GA1.2.1986081349.1574449154"
85.53.34.69 - - [22/Nov/2019:19:59:30 +0100] "GET /wp-content/uploads/2017/03/ENY-LONDON-VERDE.jpg HTTP/1.1" 200 52046 "https://amazingsportwear.com/categoria-producto/hombre/camisetas/page/4/" "Mozilla/5.0 (Windows NT 5.1) AppleWebKit/537.36 (KHTML, like Gecko) Chrome/49.0.2623.112 Safari/537.36" "_gat_gtag_UA_91619287_1=1; wpfront-notification-bar-landingpage=1; _ga=GA1.2.1372514821.1543602066; _gid=GA1.2.1986081349.1574449154"
85.53.34.69 - - [22/Nov/2019:19:59:30 +0100] "GET /wp-content/uploads/2017/03/eny-delta-verde-215x300.jpg HTTP/1.1" 200 12278 "https://amazingsportwear.com/categoria-producto/hombre/camisetas/page/4/" "Mozilla/5.0 (Windows NT 5.1) AppleWebKit/537.36 (KHTML, like Gecko) Chrome/49.0.2623.112 Safari/537.36" "_gat_gtag_UA_91619287_1=1; wpfront-notification-bar-landingpage=1; _ga=GA1.2.1372514821.1543602066; _gid=GA1.2.1986081349.1574449154"
85.53.34.69 - - [22/Nov/2019:19:59:30 +0100] "GET /wp-content/uploads/2017/03/eny-dream-mc-verde-300x300.jpg HTTP/1.1" 200 8057 "https://amazingsportwear.com/categoria-producto/hombre/camisetas/page/4/" "Mozilla/5.0 (Windows NT 5.1) AppleWebKit/537.36 (KHTML, like Gecko) Chrome/49.0.2623.112 Safari/537.36" "_gat_gtag_UA_91619287_1=1; wpfront-notification-bar-landingpage=1; _ga=GA1.2.1372514821.1543602066; _gid=GA1.2.1986081349.1574449154"
85.53.34.69 - - [22/Nov/2019:19:59:30 +0100] "GET /wp-content/uploads/2017/03/eny-dream-ml-azul-289x300.jpg HTTP/1.1" 200 16515 "https://amazingsportwear.com/categoria-producto/hombre/camisetas/page/4/" "Mozilla/5.0 (Windows NT 5.1) AppleWebKit/537.36 (KHTML, like Gecko) Chrome/49.0.2623.112 Safari/537.36" "_gat_gtag_UA_91619287_1=1; wpfront-notification-bar-landingpage=1; _ga=GA1.2.1372514821.1543602066; _gid=GA1.2.1986081349.1574449154"
85.53.34.69 - - [22/Nov/2019:19:59:30 +0100] "GET /wp-content/uploads/2017/03/CAT-4726-HOMBRE-290x300.jpg HTTP/1.1" 200 9851 "https://amazingsportwear.com/categoria-producto/hombre/camisetas/page/4/" "Mozilla/5.0 (Windows NT 5.1) AppleWebKit/537.36 (KHTML, like Gecko) Chrome/49.0.2623.112 Safari/537.36" "_gat_gtag_UA_91619287_1=1; wpfront-notification-bar-landingpage=1; _ga=GA1.2.1372514821.1543602066; _gid=GA1.2.1986081349.1574449154"
217.76.130.90 - - [22/Nov/2019:20:04:28 +0100] "POST /wp-cron.php?doing_wp_cron=1574449467.9709239006042480468750 HTTP/1.1" 200 3389 "https://amazingsportwear.com/wp-cron.php?doing_wp_cron=1574449467.9709239006042480468750" "WordPress/5.2.4; https://amazingsportwear.com" "-"
66.249.66.66 - - [22/Nov/2019:20:04:26 +0100] "GET /robots.txt HTTP/1.1" 200 3939 "-" "Mozilla/5.0 (compatible; Googlebot/2.1; +http://www.google.com/bot.html)" "-"
66.249.66.66 - - [22/Nov/2019:20:04:30 +0100] "GET /producto/mochila-humus/ HTTP/1.1" 200 93645 "-" "Mozilla/5.0 (Linux; Android 6.0.1; Nexus 5X Build/MMB29P) AppleWebKit/537.36 (KHTML, like Gecko) Chrome/41.0.2272.96 Mobile Safari/537.36 (compatible; Googlebot/2.1; +http://www.google.com/bot.html)" "-"
66.249.66.66 - - [22/Nov/2019:20:04:35 +0100] "POST /?wc-ajax=get_refreshed_fragments HTTP/1.1" 200 1397 "https://amazingsportwear.com/producto/mochila-humus/" "Mozilla/5.0 (Linux; Android 6.0.1; Nexus 5X Build/MMB29P) AppleWebKit/537.36 (KHTML, like Gecko) Chrome/41.0.2272.96 Mobile Safari/537.36 (compatible; Googlebot/2.1; +http://www.google.com/bot.html)" "_ga=GA1.2.969013651.1574380800; _gid=GA1.2.1978218920.1574380800; _gat_gtag_UA_91619287_1=1"
217.76.130.90 - - [22/Nov/2019:20:09:22 +0100] "POST /wp-cron.php?doing_wp_cron=1574449762.8234939575195312500000 HTTP/1.1" 200 3389 "https://amazingsportwear.com/wp-cron.php?doing_wp_cron=1574449762.8234939575195312500000" "WordPress/5.2.4; https://amazingsportwear.com" "-"
66.249.66.70 - - [22/Nov/2019:20:09:22 +0100] "GET /producto/pantalon-corto-futbol/ HTTP/1.1" 200 91539 "-" "Mozilla/5.0 (compatible; Googlebot/2.1; +http://www.google.com/bot.html)" "-"
217.76.130.90 - - [22/Nov/2019:20:12:29 +0100] "POST /wp-cron.php?doing_wp_cron=1574449949.4659268856048583984375 HTTP/1.1" 200 3389 "https://amazingsportwear.com/wp-cron.php?doing_wp_cron=1574449949.4659268856048583984375" "WordPress/5.2.4; https://amazingsportwear.com" "-"
66.249.66.70 - - [22/Nov/2019:20:12:28 +0100] "GET /producto/camiseta-tecnica-titan-aq-titan/ HTTP/1.1" 200 99766 "-" "Mozilla/5.0 (compatible; Googlebot/2.1; +http://www.google.com/bot.html)" "-"
66.249.66.68 - - [22/Nov/2019:20:12:59 +0100] "GET /producto/camiseta-tecnica-reversible-aq-reversible/ HTTP/1.1" 200 101324 "-" "Mozilla/5.0 (compatible; Googlebot/2.1; +http://www.google.com/bot.html)" "-"
217.76.130.90 - - [22/Nov/2019:20:13:53 +0100] "POST /wp-cron.php?doing_wp_cron=1574450033.1525309085845947265625 HTTP/1.1" 200 3389 "https://amazingsportwear.com/wp-cron.php?doing_wp_cron=1574450033.1525309085845947265625" "WordPress/5.2.4; https://amazingsportwear.com" "-"
66.249.66.66 - - [22/Nov/2019:20:13:52 +0100] "GET /page-sitemap.xml HTTP/1.1" 200 9623 "-" "Mozilla/5.0 (compatible; Googlebot/2.1; +http://www.google.com/bot.html)" "-"
204.116.209.9 - - [22/Nov/2019:20:14:37 +0100] "GET /wp-content/uploads/2017/01/camis-basket1.jpg HTTP/1.1" 200 123568 "https://www.google.com/" "Mozilla/5.0 (X11; CrOS x86_64 12499.51.0) AppleWebKit/537.36 (KHTML, like Gecko) Chrome/78.0.3904.92 Safari/537.36" "-"
187.170.146.133 - - [22/Nov/2019:20:20:26 +0100] "GET /wp-content/uploads/2017/03/CAT-5247-03.jpg HTTP/1.1" 200 34557 "https://www.google.com/" "Mozilla/5.0 (Windows NT 10.0; Win64; x64) AppleWebKit/537.36 (KHTML, like Gecko) Chrome/78.0.3904.108 Safari/537.36" "-"
66.249.66.70 - - [22/Nov/2019:20:25:35 +0100] "GET /wp-content/uploads/2019/04/gorra-bayon-3.png HTTP/1.1" 304 3565 "-" "Googlebot-Image/1.0" "-"
217.76.130.90 - - [22/Nov/2019:20:39:51 +0100] "POST /wp-cron.php?doing_wp_cron=1574451591.8551120758056640625000 HTTP/1.1" 200 3389 "https://amazingsportwear.com/wp-cron.php?doing_wp_cron=1574451591.8551120758056640625000" "WordPress/5.2.4; https://amazingsportwear.com" "-"
157.55.39.35 - - [22/Nov/2019:20:39:43 +0100] "GET /producto/mochila-keisy/ HTTP/1.1" 200 97458 "-" "Mozilla/5.0 (compatible; bingbot/2.0; +http://www.bing.com/bingbot.htm)" "-"
187.193.237.139 - - [22/Nov/2019:20:43:27 +0100] "GET /wp-content/uploads/2019/04/Gorra-sport-10.png HTTP/1.1" 200 60426 "https://www.google.com.mx/" "Mozilla/5.0 (Windows NT 10.0; Win64; x64) AppleWebKit/537.36 (KHTML, like Gecko) Chrome/78.0.3904.108 Safari/537.36" "-"
217.76.130.90 - - [22/Nov/2019:20:52:37 +0100] "POST /wp-cron.php?doing_wp_cron=1574452357.6039559841156005859375 HTTP/1.1" 200 3389 "https://amazingsportwear.com/wp-cron.php?doing_wp_cron=1574452357.6039559841156005859375" "WordPress/5.2.4; https://amazingsportwear.com" "-"
207.46.13.113 - - [22/Nov/2019:20:52:31 +0100] "GET /tienda/153-camiseta-tecnica-nath-combi.html HTTP/1.1" 404 72296 "-" "Mozilla/5.0 (compatible; bingbot/2.0; +http://www.bing.com/bingbot.htm)" "-"
217.76.130.90 - - [22/Nov/2019:21:07:55 +0100] "POST /wp-cron.php?doing_wp_cron=1574453275.4995241165161132812500 HTTP/1.1" 200 3389 "https://amazingsportwear.com/wp-cron.php?doing_wp_cron=1574453275.4995241165161132812500" "WordPress/5.2.4; https://amazingsportwear.com" "-"
134.175.183.168 - - [22/Nov/2019:21:07:52 +0100] "GET /wp-res.php HTTP/1.1" 301 3640 "-" "-" "-"
134.175.183.168 - - [22/Nov/2019:21:07:57 +0100] "GET /wp-res.php HTTP/1.1" 404 72016 "-" "-" "-"
66.249.66.66 - - [22/Nov/2019:21:09:41 +0100] "GET /wp-content/uploads/2019/04/Gorra-sport-6.png HTTP/1.1" 304 3565 "-" "Googlebot-Image/1.0" "-"
190.7.199.242 - - [22/Nov/2019:21:23:50 +0100] "GET /wp-content/uploads/2019/04/Gorra-sport-10.png HTTP/1.1" 200 60426 "https://www.google.com/" "Mozilla/5.0 (Macintosh; Intel Mac OS X 10_14_2) AppleWebKit/537.36 (KHTML, like Gecko) Chrome/78.0.3904.108 Safari/537.36" "-"
190.7.199.242 - - [22/Nov/2019:21:24:27 +0100] "GET /wp-content/uploads/2019/04/Gorra-sport-10.png HTTP/1.1" 200 57201 "https://www.google.com/" "Mozilla/5.0 (Macintosh; Intel Mac OS X 10_14_2) AppleWebKit/537.36 (KHTML, like Gecko) Chrome/78.0.3904.108 Safari/537.36" "-"
87.117.98.23 - - [22/Nov/2019:21:31:27 +0100] "GET /wp-content/uploads/2019/04/kit-botiquin-10-6.png HTTP/1.1" 200 163800 "https://www.google.com/" "Mozilla/5.0 (Windows NT 10.0; Win64; x64) AppleWebKit/537.36 (KHTML, like Gecko) Chrome/78.0.3904.97 Safari/537.36" "-"
200.14.239.236 - - [22/Nov/2019:21:34:20 +0100] "GET /wp-content/uploads/2019/04/Llavero-metalico-futbol-3.png HTTP/1.1" 200 46821 "https://www.google.com/" "Mozilla/5.0 (Macintosh; Intel Mac OS X 10_13_6) AppleWebKit/537.36 (KHTML, like Gecko) Chrome/78.0.3904.108 Safari/537.36" "-"
81.0.38.168 - - [22/Nov/2019:21:48:22 +0100] "GET /wp-content/uploads/2019/04/SA-1087-5.png HTTP/1.1" 200 81039 "https://www.google.com/" "Mozilla/5.0 (Windows NT 10.0; Win64; x64) AppleWebKit/537.36 (KHTML, like Gecko) Chrome/78.0.3904.108 Safari/537.36" "-"
217.76.130.90 - - [22/Nov/2019:21:49:27 +0100] "POST /wp-cron.php?doing_wp_cron=1574455767.5697929859161376953125 HTTP/1.1" 200 164 "http://amazingsportwear.com/wp-cron.php?doing_wp_cron=1574455767.5697929859161376953125" "WordPress/5.2.4; https://amazingsportwear.com" "-"
17.58.100.225 - - [22/Nov/2019:21:49:25 +0100] "GET /robots.txt HTTP/1.1" 200 375 "-" "Mozilla/5.0 (Macintosh; Intel Mac OS X 10_10_1) AppleWebKit/600.2.5 (KHTML, like Gecko) Version/8.0.2 Safari/600.2.5 (Applebot/0.1; +http://www.apple.com/go/applebot)" "-"
17.58.96.188 - - [22/Nov/2019:21:49:28 +0100] "GET / HTTP/1.1" 301 279 "-" "Mozilla/5.0 (Macintosh; Intel Mac OS X 10_10_1) AppleWebKit/600.2.5 (KHTML, like Gecko) Version/8.0.2 Safari/600.2.5 (Applebot/0.1; +http://www.apple.com/go/applebot)" "-"
17.58.96.188 - - [22/Nov/2019:21:49:30 +0100] "GET / HTTP/1.1" 200 125539 "-" "Mozilla/5.0 (Macintosh; Intel Mac OS X 10_10_1) AppleWebKit/600.2.5 (KHTML, like Gecko) Version/8.0.2 Safari/600.2.5 (Applebot/0.1; +http://www.apple.com/go/applebot)" "wpfront-notification-bar-landingpage=1"
217.76.130.90 - - [22/Nov/2019:21:55:39 +0100] "POST /wp-cron.php?doing_wp_cron=1574456139.7752480506896972656250 HTTP/1.1" 200 164 "http://amazingsportwear.com/wp-cron.php?doing_wp_cron=1574456139.7752480506896972656250" "WordPress/5.2.4; https://amazingsportwear.com" "-"
66.249.66.86 - - [22/Nov/2019:21:55:38 +0100] "GET /robots.txt HTTP/1.1" 200 432 "-" "Mozilla/5.0 (compatible; Googlebot/2.1; +http://www.google.com/bot.html)" "-"
217.76.130.90 - - [22/Nov/2019:22:04:50 +0100] "POST /wp-cron.php?doing_wp_cron=1574456690.6079230308532714843750 HTTP/1.1" 200 3389 "https://amazingsportwear.com/wp-cron.php?doing_wp_cron=1574456690.6079230308532714843750" "WordPress/5.2.4; https://amazingsportwear.com" "-"
173.252.127.31 - - [22/Nov/2019:22:04:50 +0100] "GET / HTTP/1.1" 200 125540 "-" "facebookexternalhit/1.1 (+http://www.facebook.com/externalhit_uatext.php)" "-"
173.252.127.44 - - [22/Nov/2019:22:04:48 +0100] "GET / HTTP/1.1" 200 125565 "-" "facebookexternalhit/1.1 (+http://www.facebook.com/externalhit_uatext.php)" "-"
173.252.127.6 - - [22/Nov/2019:22:04:52 +0100] "GET /contacta-con-nosotros HTTP/1.1" 301 319 "-" "facebookexternalhit/1.1 (+http://www.facebook.com/externalhit_uatext.php)" "-"
173.252.127.12 - - [22/Nov/2019:22:04:53 +0100] "GET /contacta-con-nosotros HTTP/1.1" 301 319 "-" "facebookexternalhit/1.1 (+http://www.facebook.com/externalhit_uatext.php)" "-"
173.252.127.6 - - [22/Nov/2019:22:04:53 +0100] "GET /contacta-con-nosotros/ HTTP/1.1" 200 58184 "-" "facebookexternalhit/1.1 (+http://www.facebook.com/externalhit_uatext.php)" "-"
173.252.127.12 - - [22/Nov/2019:22:04:54 +0100] "GET /contacta-con-nosotros/ HTTP/1.1" 200 58179 "-" "facebookexternalhit/1.1 (+http://www.facebook.com/externalhit_uatext.php)" "-"
94.73.47.35 - - [22/Nov/2019:22:06:07 +0100] "GET /wp-content/uploads/2018/04/aq-armour-grisantracita-amarillofluor.jpg HTTP/1.1" 200 70329 "https://www.google.com/" "Mozilla/5.0 (Macintosh; Intel Mac OS X 10_12_6) AppleWebKit/537.36 (KHTML, like Gecko) Chrome/78.0.3904.108 Safari/537.36" "-"
217.76.130.90 - - [22/Nov/2019:22:06:25 +0100] "POST /wp-cron.php?doing_wp_cron=1574456785.8919770717620849609375 HTTP/1.1" 200 164 "http://amazingsportwear.com/wp-cron.php?doing_wp_cron=1574456785.8919770717620849609375" "WordPress/5.2.4; https://amazingsportwear.com" "-"
188.121.57.45 - - [22/Nov/2019:22:06:25 +0100] "GET /so.php HTTP/1.1" 404 67950 "http://site.ru" "Mozilla/5.0 (Windows; U; Windows NT 5.1; en-US) AppleWebKit/533.4 (KHTML, like Gecko) Chrome/5.0.375.99 Safari/533.4" "-"
179.32.53.14 - - [22/Nov/2019:22:14:31 +0100] "GET /wp-content/uploads/2019/04/Gorra-sport-10.png HTTP/1.1" 200 60426 "https://www.google.com/" "Mozilla/5.0 (Windows NT 10.0; Win64; x64) AppleWebKit/537.36 (KHTML, like Gecko) Chrome/78.0.3904.108 Safari/537.36" "-"
217.76.130.90 - - [22/Nov/2019:22:16:08 +0100] "POST /wp-cron.php?doing_wp_cron=1574457368.4783980846405029296875 HTTP/1.1" 200 3389 "https://amazingsportwear.com/wp-cron.php?doing_wp_cron=1574457368.4783980846405029296875" "WordPress/5.2.4; https://amazingsportwear.com" "-"
66.249.66.66 - - [22/Nov/2019:22:16:07 +0100] "GET /producto/kit-emergencia-redcross/ HTTP/1.1" 200 91043 "-" "Mozilla/5.0 (Linux; Android 6.0.1; Nexus 5X Build/MMB29P) AppleWebKit/537.36 (KHTML, like Gecko) Chrome/41.0.2272.96 Mobile Safari/537.36 (compatible; Googlebot/2.1; +http://www.google.com/bot.html)" "-"
96.37.202.169 - - [22/Nov/2019:22:17:34 +0100] "GET /wp-content/uploads/2019/04/gorra-five-3.png HTTP/1.1" 200 84607 "https://www.google.com/" "Mozilla/5.0 (Windows NT 10.0; Win64; x64) AppleWebKit/537.36 (KHTML, like Gecko) Chrome/78.0.3904.108 Safari/537.36" "-"
217.76.130.90 - - [22/Nov/2019:22:30:38 +0100] "POST /wp-cron.php?doing_wp_cron=1574458238.6631710529327392578125 HTTP/1.1" 200 3389 "https://amazingsportwear.com/wp-cron.php?doing_wp_cron=1574458238.6631710529327392578125" "WordPress/5.2.4; https://amazingsportwear.com" "-"
66.249.66.68 - - [22/Nov/2019:22:30:37 +0100] "GET /categoria-producto/accesorios/calcetines/ HTTP/1.1" 200 58494 "-" "Mozilla/5.0 (Linux; Android 6.0.1; Nexus 5X Build/MMB29P) AppleWebKit/537.36 (KHTML, like Gecko) Chrome/41.0.2272.96 Mobile Safari/537.36 (compatible; Googlebot/2.1; +http://www.google.com/bot.html)" "-"
66.249.66.68 - - [22/Nov/2019:22:30:43 +0100] "POST /?wc-ajax=get_refreshed_fragments HTTP/1.1" 200 1397 "https://amazingsportwear.com/categoria-producto/accesorios/calcetines/" "Mozilla/5.0 (Linux; Android 6.0.1; Nexus 5X Build/MMB29P) AppleWebKit/537.36 (KHTML, like Gecko) Chrome/41.0.2272.96 Mobile Safari/537.36 (compatible; Googlebot/2.1; +http://www.google.com/bot.html)" "_ga=GA1.2.1884029788.1574380800; _gid=GA1.2.969013651.1574380800; _gat_gtag_UA_91619287_1=1"
17.58.96.188 - - [22/Nov/2019:22:39:52 +0100] "GET /wp-content/uploads/2019/04/SA-6684-1.png HTTP/1.1" 200 176293 "-" "Mozilla/5.0 (Macintosh; Intel Mac OS X 10_10_1) AppleWebKit/600.2.5 (KHTML, like Gecko) Version/8.0.2 Safari/600.2.5 (Applebot/0.1; +http://www.apple.com/go/applebot)" "-"
