92.190.76.76 - - [01/Dec/2019:21:41:12 +0100] "GET /wp-content/uploads/2017/03/CAT-5247-11-100x100.jpg HTTP/1.1" 200 3298 "https://amazingsportwear.com/producto/camiseta-tecnic-rox-cat-5247/" "Mozilla/5.0 (Linux; Android 9; SAMSUNG SM-A705FN) AppleWebKit/537.36 (KHTML, like Gecko) SamsungBrowser/10.1 Chrome/71.0.3578.99 Mobile Safari/537.36" "_ga=GA1.2.878125970.1575232872; _gid=GA1.2.1945072080.1575232872; _gat_gtag_UA_91619287_1=1"
92.190.76.76 - - [01/Dec/2019:21:41:12 +0100] "GET /wp-content/uploads/2017/03/CAT-5247-07-100x100.jpg HTTP/1.1" 200 3309 "https://amazingsportwear.com/producto/camiseta-tecnic-rox-cat-5247/" "Mozilla/5.0 (Linux; Android 9; SAMSUNG SM-A705FN) AppleWebKit/537.36 (KHTML, like Gecko) SamsungBrowser/10.1 Chrome/71.0.3578.99 Mobile Safari/537.36" "_ga=GA1.2.878125970.1575232872; _gid=GA1.2.1945072080.1575232872; _gat_gtag_UA_91619287_1=1"
92.190.76.76 - - [01/Dec/2019:21:41:11 +0100] "GET /img/cms/tienda/cat-5247-COLORES.jpg HTTP/1.1" 404 68083 "-" "Mozilla/5.0 (Linux; Android 9; SAMSUNG SM-A705FN) AppleWebKit/537.36 (KHTML, like Gecko) SamsungBrowser/10.1 Chrome/71.0.3578.99 Mobile Safari/537.36" "-"
92.190.76.76 - - [01/Dec/2019:21:41:13 +0100] "GET /wp-content/uploads/2019/05/cropped-favicon-nuevo-logo-amazinf-128px-192x192.png HTTP/1.1" 200 10880 "https://amazingsportwear.com/producto/camiseta-tecnic-rox-cat-5247/" "Mozilla/5.0 (Linux; Android 9; SAMSUNG SM-A705FN) AppleWebKit/537.36 (KHTML, like Gecko) SamsungBrowser/10.1 Chrome/71.0.3578.99 Mobile Safari/537.36" "_ga=GA1.2.878125970.1575232872; _gid=GA1.2.1945072080.1575232872; _gat_gtag_UA_91619287_1=1"
92.190.76.76 - - [01/Dec/2019:21:41:13 +0100] "GET /wp-content/uploads/2019/05/cropped-favicon-nuevo-logo-amazinf-128px-180x180.png HTTP/1.1" 200 10066 "https://amazingsportwear.com/producto/camiseta-tecnic-rox-cat-5247/" "Mozilla/5.0 (Linux; Android 9; SAMSUNG SM-A705FN) AppleWebKit/537.36 (KHTML, like Gecko) SamsungBrowser/10.1 Chrome/71.0.3578.99 Mobile Safari/537.36" "_ga=GA1.2.878125970.1575232872; _gid=GA1.2.1945072080.1575232872; _gat_gtag_UA_91619287_1=1"
92.190.76.76 - - [01/Dec/2019:21:41:12 +0100] "POST /?wc-ajax=get_refreshed_fragments HTTP/1.1" 200 1397 "https://amazingsportwear.com/producto/camiseta-tecnic-rox-cat-5247/" "Mozilla/5.0 (Linux; Android 9; SAMSUNG SM-A705FN) AppleWebKit/537.36 (KHTML, like Gecko) SamsungBrowser/10.1 Chrome/71.0.3578.99 Mobile Safari/537.36" "_ga=GA1.2.878125970.1575232872; _gid=GA1.2.1945072080.1575232872; _gat_gtag_UA_91619287_1=1"
185.136.159.26 - - [01/Dec/2019:21:41:33 +0100] "GET / HTTP/1.0" 301 265 "http://amazingsportwear.com/" "Mozilla/5.0 (Windows NT 6.1; Win64; x64) AppleWebKit/537.36 (KHTML, like Gecko) Chrome/67.0.3396.99 Safari/537.36" "-"
185.136.159.26 - - [01/Dec/2019:21:41:34 +0100] "GET / HTTP/1.0" 200 124670 "https://amazingsportwear.com/" "Mozilla/5.0 (Windows NT 6.1; Win64; x64) AppleWebKit/537.36 (KHTML, like Gecko) Chrome/67.0.3396.99 Safari/537.36" "wpfront-notification-bar-landingpage=1"
185.136.159.26 - - [01/Dec/2019:21:41:36 +0100] "POST / HTTP/1.0" 200 129875 "https://amazingsportwear.com/" "Mozilla/5.0 (Windows NT 6.1; Win64; x64) AppleWebKit/537.36 (KHTML, like Gecko) Chrome/67.0.3396.99 Safari/537.36" "wpfront-notification-bar-landingpage=1"
92.190.76.76 - - [01/Dec/2019:21:41:54 +0100] "GET /producto/camiseta-tecnic-rox-cat-5247/ HTTP/1.1" 200 104991 "https://amazingsportwear.com/producto/camiseta-tecnic-rox-cat-5247/" "Mozilla/5.0 (Linux; Android 9; SAMSUNG SM-A705FN) AppleWebKit/537.36 (KHTML, like Gecko) SamsungBrowser/10.1 Chrome/71.0.3578.99 Mobile Safari/537.36" "wpfront-notification-bar-landingpage=1; _ga=GA1.2.878125970.1575232872; _gid=GA1.2.1945072080.1575232872; _gat_gtag_UA_91619287_1=1; wpfront-notification-bar-landingpage=1"
92.190.76.76 - - [01/Dec/2019:21:41:55 +0100] "GET /wp-content/uploads/2017/03/sa-0416_60-768x768.jpg HTTP/1.1" 200 54616 "https://amazingsportwear.com/producto/camiseta-tecnic-rox-cat-5247/" "Mozilla/5.0 (Linux; Android 9; SAMSUNG SM-A705FN) AppleWebKit/537.36 (KHTML, like Gecko) SamsungBrowser/10.1 Chrome/71.0.3578.99 Mobile Safari/537.36" "_ga=GA1.2.878125970.1575232872; _gid=GA1.2.1945072080.1575232872; _gat_gtag_UA_91619287_1=1; wpfront-notification-bar-landingpage=1"
92.190.76.76 - - [01/Dec/2019:21:41:55 +0100] "GET /wp-content/uploads/2017/03/AQ-speed-1-300x300.jpg HTTP/1.1" 200 19036 "https://amazingsportwear.com/producto/camiseta-tecnic-rox-cat-5247/" "Mozilla/5.0 (Linux; Android 9; SAMSUNG SM-A705FN) AppleWebKit/537.36 (KHTML, like Gecko) SamsungBrowser/10.1 Chrome/71.0.3578.99 Mobile Safari/537.36" "_ga=GA1.2.878125970.1575232872; _gid=GA1.2.1945072080.1575232872; _gat_gtag_UA_91619287_1=1; wpfront-notification-bar-landingpage=1"
92.190.76.76 - - [01/Dec/2019:21:41:55 +0100] "GET /wp-content/uploads/2017/03/T-500-1.jpg HTTP/1.1" 200 14594 "https://amazingsportwear.com/producto/camiseta-tecnic-rox-cat-5247/" "Mozilla/5.0 (Linux; Android 9; SAMSUNG SM-A705FN) AppleWebKit/537.36 (KHTML, like Gecko) SamsungBrowser/10.1 Chrome/71.0.3578.99 Mobile Safari/537.36" "_ga=GA1.2.878125970.1575232872; _gid=GA1.2.1945072080.1575232872; _gat_gtag_UA_91619287_1=1; wpfront-notification-bar-landingpage=1"
92.190.76.76 - - [01/Dec/2019:21:41:55 +0100] "GET /img/cms/tienda/cat-5247-COLORES.jpg HTTP/1.1" 404 67986 "-" "Mozilla/5.0 (Linux; Android 9; SAMSUNG SM-A705FN) AppleWebKit/537.36 (KHTML, like Gecko) SamsungBrowser/10.1 Chrome/71.0.3578.99 Mobile Safari/537.36" "wpfront-notification-bar-landingpage=1; _ga=GA1.2.878125970.1575232872; _gid=GA1.2.1945072080.1575232872; _gat_gtag_UA_91619287_1=1; wpfront-notification-bar-landingpage=1"
217.76.130.90 - - [01/Dec/2019:21:42:47 +0100] "POST /wp-cron.php?doing_wp_cron=1575232967.2565350532531738281250 HTTP/1.1" 200 3389 "https://amazingsportwear.com/wp-cron.php?doing_wp_cron=1575232967.2565350532531738281250" "WordPress/5.2.4; https://amazingsportwear.com" "-"
92.190.76.76 - - [01/Dec/2019:21:42:46 +0100] "POST /producto/camiseta-tecnic-rox-cat-5247/ HTTP/1.1" 200 105810 "https://amazingsportwear.com/producto/camiseta-tecnic-rox-cat-5247/" "Mozilla/5.0 (Linux; Android 9; SAMSUNG SM-A705FN) AppleWebKit/537.36 (KHTML, like Gecko) SamsungBrowser/10.1 Chrome/71.0.3578.99 Mobile Safari/537.36" "wpfront-notification-bar-landingpage=1; _ga=GA1.2.878125970.1575232872; _gid=GA1.2.1945072080.1575232872; wpfront-notification-bar-landingpage=1; viewed_cookie_policy=yes"
92.190.76.76 - - [01/Dec/2019:21:42:48 +0100] "GET /wp-content/uploads/2017/03/sa-0563-hombre.jpg HTTP/1.1" 200 76951 "https://amazingsportwear.com/producto/camiseta-tecnic-rox-cat-5247/" "Mozilla/5.0 (Linux; Android 9; SAMSUNG SM-A705FN) AppleWebKit/537.36 (KHTML, like Gecko) SamsungBrowser/10.1 Chrome/71.0.3578.99 Mobile Safari/537.36" "_ga=GA1.2.878125970.1575232872; _gid=GA1.2.1945072080.1575232872; wpfront-notification-bar-landingpage=1; viewed_cookie_policy=yes; woocommerce_items_in_cart=1; wp_woocommerce_session_fb86dbb0e6335d960ea3e94e06b25287=39d4c6c96a967b7d11ee76cd7b0b4bec%7C%7C1575405767%7C%7C1575402167%7C%7C6ecb45e8930c41a300f06c4c2feffcef; woocommerce_cart_hash=735eebc4d2d162db6bae15d81c9314c1"
92.190.76.76 - - [01/Dec/2019:21:42:48 +0100] "GET /wp-content/uploads/2017/03/CAT-3579-azul-300x300.jpg HTTP/1.1" 200 16538 "https://amazingsportwear.com/producto/camiseta-tecnic-rox-cat-5247/" "Mozilla/5.0 (Linux; Android 9; SAMSUNG SM-A705FN) AppleWebKit/537.36 (KHTML, like Gecko) SamsungBrowser/10.1 Chrome/71.0.3578.99 Mobile Safari/537.36" "_ga=GA1.2.878125970.1575232872; _gid=GA1.2.1945072080.1575232872; wpfront-notification-bar-landingpage=1; viewed_cookie_policy=yes; woocommerce_items_in_cart=1; wp_woocommerce_session_fb86dbb0e6335d960ea3e94e06b25287=39d4c6c96a967b7d11ee76cd7b0b4bec%7C%7C1575405767%7C%7C1575402167%7C%7C6ecb45e8930c41a300f06c4c2feffcef; woocommerce_cart_hash=735eebc4d2d162db6bae15d81c9314c1"
92.190.76.76 - - [01/Dec/2019:21:42:48 +0100] "GET /img/cms/tienda/cat-5247-COLORES.jpg HTTP/1.1" 404 68210 "-" "Mozilla/5.0 (Linux; Android 9; SAMSUNG SM-A705FN) AppleWebKit/537.36 (KHTML, like Gecko) SamsungBrowser/10.1 Chrome/71.0.3578.99 Mobile Safari/537.36" "wpfront-notification-bar-landingpage=1; _ga=GA1.2.878125970.1575232872; _gid=GA1.2.1945072080.1575232872; wpfront-notification-bar-landingpage=1; viewed_cookie_policy=yes; woocommerce_items_in_cart=1; woocommerce_cart_hash=735eebc4d2d162db6bae15d81c9314c1"
92.190.76.76 - - [01/Dec/2019:21:42:48 +0100] "POST /?wc-ajax=get_refreshed_fragments HTTP/1.1" 200 3487 "https://amazingsportwear.com/producto/camiseta-tecnic-rox-cat-5247/" "Mozilla/5.0 (Linux; Android 9; SAMSUNG SM-A705FN) AppleWebKit/537.36 (KHTML, like Gecko) SamsungBrowser/10.1 Chrome/71.0.3578.99 Mobile Safari/537.36" "_ga=GA1.2.878125970.1575232872; _gid=GA1.2.1945072080.1575232872; wpfront-notification-bar-landingpage=1; viewed_cookie_policy=yes; woocommerce_items_in_cart=1; wp_woocommerce_session_fb86dbb0e6335d960ea3e94e06b25287=39d4c6c96a967b7d11ee76cd7b0b4bec%7C%7C1575405767%7C%7C1575402167%7C%7C6ecb45e8930c41a300f06c4c2feffcef; woocommerce_cart_hash=735eebc4d2d162db6bae15d81c9314c1"
92.190.76.76 - - [01/Dec/2019:21:42:56 +0100] "GET /carrito/ HTTP/1.1" 200 106923 "https://amazingsportwear.com/producto/camiseta-tecnic-rox-cat-5247/" "Mozilla/5.0 (Linux; Android 9; SAMSUNG SM-A705FN) AppleWebKit/537.36 (KHTML, like Gecko) SamsungBrowser/10.1 Chrome/71.0.3578.99 Mobile Safari/537.36" "_ga=GA1.2.878125970.1575232872; _gid=GA1.2.1945072080.1575232872; wpfront-notification-bar-landingpage=1; viewed_cookie_policy=yes; wp_woocommerce_session_fb86dbb0e6335d960ea3e94e06b25287=39d4c6c96a967b7d11ee76cd7b0b4bec%7C%7C1575405767%7C%7C1575402167%7C%7C6ecb45e8930c41a300f06c4c2feffcef; _gat_gtag_UA_91619287_1=1"
92.190.76.76 - - [01/Dec/2019:21:42:58 +0100] "GET /wp-content/plugins/woocommerce/assets/css/select2.css?ver=3.6.4 HTTP/1.1" 200 15650 "https://amazingsportwear.com/carrito/" "Mozilla/5.0 (Linux; Android 9; SAMSUNG SM-A705FN) AppleWebKit/537.36 (KHTML, like Gecko) SamsungBrowser/10.1 Chrome/71.0.3578.99 Mobile Safari/537.36" "_ga=GA1.2.878125970.1575232872; _gid=GA1.2.1945072080.1575232872; wpfront-notification-bar-landingpage=1; viewed_cookie_policy=yes; wp_woocommerce_session_fb86dbb0e6335d960ea3e94e06b25287=39d4c6c96a967b7d11ee76cd7b0b4bec%7C%7C1575405767%7C%7C1575402167%7C%7C6ecb45e8930c41a300f06c4c2feffcef; _gat_gtag_UA_91619287_1=1; woocommerce_items_in_cart=1; woocommerce_cart_hash=735eebc4d2d162db6bae15d81c9314c1"
92.190.76.76 - - [01/Dec/2019:21:42:58 +0100] "GET /wp-content/plugins/woocommerce/assets/js/frontend/country-select.min.js?ver=3.6.4 HTTP/1.1" 200 3574 "https://amazingsportwear.com/carrito/" "Mozilla/5.0 (Linux; Android 9; SAMSUNG SM-A705FN) AppleWebKit/537.36 (KHTML, like Gecko) SamsungBrowser/10.1 Chrome/71.0.3578.99 Mobile Safari/537.36" "_ga=GA1.2.878125970.1575232872; _gid=GA1.2.1945072080.1575232872; wpfront-notification-bar-landingpage=1; viewed_cookie_policy=yes; wp_woocommerce_session_fb86dbb0e6335d960ea3e94e06b25287=39d4c6c96a967b7d11ee76cd7b0b4bec%7C%7C1575405767%7C%7C1575402167%7C%7C6ecb45e8930c41a300f06c4c2feffcef; _gat_gtag_UA_91619287_1=1; woocommerce_items_in_cart=1; woocommerce_cart_hash=735eebc4d2d162db6bae15d81c9314c1"
92.190.76.76 - - [01/Dec/2019:21:42:58 +0100] "GET /wp-content/plugins/woocommerce/assets/js/frontend/address-i18n.min.js?ver=3.6.4 HTTP/1.1" 200 2877 "https://amazingsportwear.com/carrito/" "Mozilla/5.0 (Linux; Android 9; SAMSUNG SM-A705FN) AppleWebKit/537.36 (KHTML, like Gecko) SamsungBrowser/10.1 Chrome/71.0.3578.99 Mobile Safari/537.36" "_ga=GA1.2.878125970.1575232872; _gid=GA1.2.1945072080.1575232872; wpfront-notification-bar-landingpage=1; viewed_cookie_policy=yes; wp_woocommerce_session_fb86dbb0e6335d960ea3e94e06b25287=39d4c6c96a967b7d11ee76cd7b0b4bec%7C%7C1575405767%7C%7C1575402167%7C%7C6ecb45e8930c41a300f06c4c2feffcef; _gat_gtag_UA_91619287_1=1; woocommerce_items_in_cart=1; woocommerce_cart_hash=735eebc4d2d162db6bae15d81c9314c1"
92.190.76.76 - - [01/Dec/2019:21:42:58 +0100] "GET /wp-content/plugins/woocommerce/assets/js/frontend/cart.min.js?ver=3.6.4 HTTP/1.1" 200 7965 "https://amazingsportwear.com/carrito/" "Mozilla/5.0 (Linux; Android 9; SAMSUNG SM-A705FN) AppleWebKit/537.36 (KHTML, like Gecko) SamsungBrowser/10.1 Chrome/71.0.3578.99 Mobile Safari/537.36" "_ga=GA1.2.878125970.1575232872; _gid=GA1.2.1945072080.1575232872; wpfront-notification-bar-landingpage=1; viewed_cookie_policy=yes; wp_woocommerce_session_fb86dbb0e6335d960ea3e94e06b25287=39d4c6c96a967b7d11ee76cd7b0b4bec%7C%7C1575405767%7C%7C1575402167%7C%7C6ecb45e8930c41a300f06c4c2feffcef; _gat_gtag_UA_91619287_1=1; woocommerce_items_in_cart=1; woocommerce_cart_hash=735eebc4d2d162db6bae15d81c9314c1"
92.190.76.76 - - [01/Dec/2019:21:42:58 +0100] "GET /wp-content/plugins/woocommerce/assets/js/selectWoo/selectWoo.full.min.js?ver=1.0.6 HTTP/1.1" 200 77488 "https://amazingsportwear.com/carrito/" "Mozilla/5.0 (Linux; Android 9; SAMSUNG SM-A705FN) AppleWebKit/537.36 (KHTML, like Gecko) SamsungBrowser/10.1 Chrome/71.0.3578.99 Mobile Safari/537.36" "_ga=GA1.2.878125970.1575232872; _gid=GA1.2.1945072080.1575232872; wpfront-notification-bar-landingpage=1; viewed_cookie_policy=yes; wp_woocommerce_session_fb86dbb0e6335d960ea3e94e06b25287=39d4c6c96a967b7d11ee76cd7b0b4bec%7C%7C1575405767%7C%7C1575402167%7C%7C6ecb45e8930c41a300f06c4c2feffcef; _gat_gtag_UA_91619287_1=1; woocommerce_items_in_cart=1; woocommerce_cart_hash=735eebc4d2d162db6bae15d81c9314c1"
217.76.130.90 - - [01/Dec/2019:21:43:10 +0100] "POST /wp-cron.php?doing_wp_cron=1575232990.3033869266510009765625 HTTP/1.1" 200 164 "http://amazingsportwear.com/wp-cron.php?doing_wp_cron=1575232990.3033869266510009765625" "WordPress/5.2.4; https://amazingsportwear.com" "-"
92.190.76.76 - - [01/Dec/2019:21:43:09 +0100] "GET /img/cms/tienda/cat-5247-COLORES.jpg HTTP/1.1" 404 68220 "-" "Mozilla/5.0 (Linux; Android 9; SAMSUNG SM-A705FN) AppleWebKit/537.36 (KHTML, like Gecko) SamsungBrowser/10.1 Chrome/71.0.3578.99 Mobile Safari/537.36" "wpfront-notification-bar-landingpage=1; _ga=GA1.2.878125970.1575232872; _gid=GA1.2.1945072080.1575232872; wpfront-notification-bar-landingpage=1; viewed_cookie_policy=yes; _gat_gtag_UA_91619287_1=1; woocommerce_items_in_cart=1; woocommerce_cart_hash=735eebc4d2d162db6bae15d81c9314c1"
92.190.76.76 - - [01/Dec/2019:21:43:10 +0100] "GET /producto/camiseta-tecnic-rox-cat-5247/ HTTP/1.1" 200 104701 "https://amazingsportwear.com/producto/camiseta-tecnic-rox-cat-5247/" "Mozilla/5.0 (Linux; Android 9; SAMSUNG SM-A705FN) AppleWebKit/537.36 (KHTML, like Gecko) SamsungBrowser/10.1 Chrome/71.0.3578.99 Mobile Safari/537.36" "wpfront-notification-bar-landingpage=1; _ga=GA1.2.878125970.1575232872; _gid=GA1.2.1945072080.1575232872; wpfront-notification-bar-landingpage=1; viewed_cookie_policy=yes; wp_woocommerce_session_fb86dbb0e6335d960ea3e94e06b25287=39d4c6c96a967b7d11ee76cd7b0b4bec%7C%7C1575405767%7C%7C1575402167%7C%7C6ecb45e8930c41a300f06c4c2feffcef; _gat_gtag_UA_91619287_1=1; woocommerce_items_in_cart=1; woocommerce_cart_hash=735eebc4d2d162db6bae15d81c9314c1"
92.190.76.76 - - [01/Dec/2019:21:43:11 +0100] "GET /wp-content/uploads/2017/03/sa-0415_60.jpg HTTP/1.1" 200 93721 "https://amazingsportwear.com/producto/camiseta-tecnic-rox-cat-5247/" "Mozilla/5.0 (Linux; Android 9; SAMSUNG SM-A705FN) AppleWebKit/537.36 (KHTML, like Gecko) SamsungBrowser/10.1 Chrome/71.0.3578.99 Mobile Safari/537.36" "_ga=GA1.2.878125970.1575232872; _gid=GA1.2.1945072080.1575232872; wpfront-notification-bar-landingpage=1; viewed_cookie_policy=yes; wp_woocommerce_session_fb86dbb0e6335d960ea3e94e06b25287=39d4c6c96a967b7d11ee76cd7b0b4bec%7C%7C1575405767%7C%7C1575402167%7C%7C6ecb45e8930c41a300f06c4c2feffcef; _gat_gtag_UA_91619287_1=1; woocommerce_items_in_cart=1; woocommerce_cart_hash=735eebc4d2d162db6bae15d81c9314c1"
92.190.76.76 - - [01/Dec/2019:21:43:11 +0100] "GET /img/cms/tienda/cat-5247-COLORES.jpg HTTP/1.1" 404 68220 "-" "Mozilla/5.0 (Linux; Android 9; SAMSUNG SM-A705FN) AppleWebKit/537.36 (KHTML, like Gecko) SamsungBrowser/10.1 Chrome/71.0.3578.99 Mobile Safari/537.36" "wpfront-notification-bar-landingpage=1; _ga=GA1.2.878125970.1575232872; _gid=GA1.2.1945072080.1575232872; wpfront-notification-bar-landingpage=1; viewed_cookie_policy=yes; _gat_gtag_UA_91619287_1=1; woocommerce_items_in_cart=1; woocommerce_cart_hash=735eebc4d2d162db6bae15d81c9314c1"
217.76.130.90 - - [01/Dec/2019:21:45:27 +0100] "POST /wp-cron.php?doing_wp_cron=1575233127.2497439384460449218750 HTTP/1.1" 200 3389 "https://amazingsportwear.com/wp-cron.php?doing_wp_cron=1575233127.2497439384460449218750" "WordPress/5.2.4; https://amazingsportwear.com" "-"
66.249.69.212 - - [01/Dec/2019:21:45:26 +0100] "GET /producto/sudadera-capucha/ HTTP/1.1" 200 101492 "-" "Mozilla/5.0 (Linux; Android 6.0.1; Nexus 5X Build/MMB29P) AppleWebKit/537.36 (KHTML, like Gecko) Chrome/41.0.2272.96 Mobile Safari/537.36 (compatible; Googlebot/2.1; +http://www.google.com/bot.html)" "-"
216.244.66.250 - - [01/Dec/2019:21:50:27 +0100] "GET /robots.txt HTTP/1.1" 404 628 "-" "Mozilla/5.0 (compatible; DotBot/1.1; http://www.opensiteexplorer.org/dotbot, help@moz.com)" "-"
217.76.130.90 - - [01/Dec/2019:21:55:06 +0100] "POST /wp-cron.php?doing_wp_cron=1575233706.1112470626831054687500 HTTP/1.1" 200 3389 "https://amazingsportwear.com/wp-cron.php?doing_wp_cron=1575233706.1112470626831054687500" "WordPress/5.2.4; https://amazingsportwear.com" "-"
66.249.69.212 - - [01/Dec/2019:21:55:04 +0100] "GET /producto/camiseta-tecnica-cosmic-aq-cosmic/ HTTP/1.1" 200 103807 "-" "Mozilla/5.0 (Linux; Android 6.0.1; Nexus 5X Build/MMB29P) AppleWebKit/537.36 (KHTML, like Gecko) Chrome/41.0.2272.96 Mobile Safari/537.36 (compatible; Googlebot/2.1; +http://www.google.com/bot.html)" "-"
217.76.130.90 - - [01/Dec/2019:22:18:13 +0100] "POST /wp-cron.php?doing_wp_cron=1575235093.0804638862609863281250 HTTP/1.1" 200 164 "http://amazingsportwear.com/wp-cron.php?doing_wp_cron=1575235093.0804638862609863281250" "WordPress/5.2.4; https://amazingsportwear.com" "-"
95.216.96.103 - - [01/Dec/2019:22:18:11 +0100] "GET /wp-admin/network/users.php HTTP/1.1" 302 400 "http://site.ru" "Mozilla/5.0 (Windows; U; Windows NT 5.1; en-US) AppleWebKit/533.4 (KHTML, like Gecko) Chrome/5.0.375.99 Safari/533.4" "-"
95.216.96.103 - - [01/Dec/2019:22:18:13 +0100] "GET /wp-admin/network/users.php HTTP/1.1" 302 3700 "http://site.ru" "Mozilla/5.0 (Windows; U; Windows NT 5.1; en-US) AppleWebKit/533.4 (KHTML, like Gecko) Chrome/5.0.375.99 Safari/533.4" "-"
95.216.96.103 - - [01/Dec/2019:22:18:14 +0100] "GET /wp-login.php?redirect_to=https%3A%2F%2Famazingsportwear.com%2Fwp-admin%2Fnetwork%2Fusers.php&reauth=1 HTTP/1.1" 200 6713 "http://site.ru" "Mozilla/5.0 (Windows; U; Windows NT 5.1; en-US) AppleWebKit/533.4 (KHTML, like Gecko) Chrome/5.0.375.99 Safari/533.4" "-"
217.76.130.90 - - [01/Dec/2019:22:27:49 +0100] "POST /wp-cron.php?doing_wp_cron=1575235669.1014668941497802734375 HTTP/1.1" 200 164 "http://amazingsportwear.com/wp-cron.php?doing_wp_cron=1575235669.1014668941497802734375" "WordPress/5.2.4; https://amazingsportwear.com" "-"
40.77.167.161 - - [01/Dec/2019:22:27:48 +0100] "GET /22-tienda HTTP/1.1" 404 68053 "-" "Mozilla/5.0 (iPhone; CPU iPhone OS 7_0 like Mac OS X) AppleWebKit/537.51.1 (KHTML, like Gecko) Version/7.0 Mobile/11A465 Safari/9537.53 (compatible; bingbot/2.0; +http://www.bing.com/bingbot.htm)" "-"
217.76.130.90 - - [01/Dec/2019:22:30:50 +0100] "POST /wp-cron.php?doing_wp_cron=1575235850.4220960140228271484375 HTTP/1.1" 200 164 "http://amazingsportwear.com/wp-cron.php?doing_wp_cron=1575235850.4220960140228271484375" "WordPress/5.2.4; https://amazingsportwear.com" "-"
93.174.2.38 - - [01/Dec/2019:22:30:49 +0100] "GET /wp-admin/network/edit.php HTTP/1.1" 302 399 "http://site.ru" "Mozilla/5.0 (Windows; U; Windows NT 5.1; en-US) AppleWebKit/533.4 (KHTML, like Gecko) Chrome/5.0.375.99 Safari/533.4" "-"
190.129.185.179 - - [01/Dec/2019:22:36:43 +0100] "GET /wp-content/uploads/2019/04/Llavero-metalico-golf-3.png HTTP/1.1" 200 46821 "https://www.google.com/" "Mozilla/5.0 (Windows NT 6.1) AppleWebKit/537.36 (KHTML, like Gecko) Chrome/78.0.3904.108 Safari/537.36" "-"
217.76.130.90 - - [01/Dec/2019:22:46:17 +0100] "POST /wp-cron.php?doing_wp_cron=1575236777.1773819923400878906250 HTTP/1.1" 200 3389 "https://amazingsportwear.com/wp-cron.php?doing_wp_cron=1575236777.1773819923400878906250" "WordPress/5.2.4; https://amazingsportwear.com" "-"
66.249.69.210 - - [01/Dec/2019:22:46:14 +0100] "GET /producto/camiseta-tecnica-tirantes-ribete-nath-beat/ HTTP/1.1" 200 104808 "-" "Mozilla/5.0 (Linux; Android 6.0.1; Nexus 5X Build/MMB29P) AppleWebKit/537.36 (KHTML, like Gecko) Chrome/41.0.2272.96 Mobile Safari/537.36 (compatible; Googlebot/2.1; +http://www.google.com/bot.html)" "-"
217.76.130.90 - - [01/Dec/2019:22:47:41 +0100] "POST /wp-cron.php?doing_wp_cron=1575236861.4086461067199707031250 HTTP/1.1" 200 3389 "https://amazingsportwear.com/wp-cron.php?doing_wp_cron=1575236861.4086461067199707031250" "WordPress/5.2.4; https://amazingsportwear.com" "-"
66.249.69.208 - - [01/Dec/2019:22:47:40 +0100] "POST /?wc-ajax=get_refreshed_fragments HTTP/1.1" 200 4760 "https://amazingsportwear.com/producto/camiseta-manga-corta-futbol-3/" "Mozilla/5.0 (Linux; Android 6.0.1; Nexus 5X Build/MMB29P) AppleWebKit/537.36 (KHTML, like Gecko) Chrome/41.0.2272.96 Mobile Safari/537.36 (compatible; Googlebot/2.1; +http://www.google.com/bot.html)" "-"
66.249.69.210 - - [01/Dec/2019:22:47:46 +0100] "GET /producto/llavero-metalico-futbol/ HTTP/1.1" 200 94948 "-" "Mozilla/5.0 (Linux; Android 6.0.1; Nexus 5X Build/MMB29P) AppleWebKit/537.36 (KHTML, like Gecko) Chrome/41.0.2272.96 Mobile Safari/537.36 (compatible; Googlebot/2.1; +http://www.google.com/bot.html)" "-"
217.76.130.90 - - [01/Dec/2019:22:49:03 +0100] "POST /wp-cron.php?doing_wp_cron=1575236943.5910699367523193359375 HTTP/1.1" 200 3389 "https://amazingsportwear.com/wp-cron.php?doing_wp_cron=1575236943.5910699367523193359375" "WordPress/5.2.4; https://amazingsportwear.com" "-"
157.55.39.133 - - [01/Dec/2019:22:49:02 +0100] "GET /product-sitemap.xml HTTP/1.1" 200 145888 "-" "msnbot/2.0b (+http://search.msn.com/msnbot.htm)" "-"
157.55.39.190 - - [01/Dec/2019:22:49:17 +0100] "GET /etiqueta-producto/camiseta-plus/ HTTP/1.1" 200 54102 "-" "Mozilla/5.0 (compatible; bingbot/2.0; +http://www.bing.com/bingbot.htm)" "-"
85.60.208.140 - - [01/Dec/2019:22:54:10 +0100] "GET /wp-content/uploads/2019/04/gorra-sahara-5.png HTTP/1.1" 200 101478 "https://www.google.com/" "Mozilla/5.0 (Linux; Android 7.0; WAS-LX1A Build/HUAWEIWAS-LX1A; wv) AppleWebKit/537.36 (KHTML, like Gecko) Version/4.0 Chrome/78.0.3904.108 Mobile Safari/537.36 GSA/10.85.11.21.arm64" "-"
217.76.130.90 - - [01/Dec/2019:23:00:07 +0100] "POST /wp-cron.php?doing_wp_cron=1575237607.6565010547637939453125 HTTP/1.1" 200 3389 "https://amazingsportwear.com/wp-cron.php?doing_wp_cron=1575237607.6565010547637939453125" "WordPress/5.2.4; https://amazingsportwear.com" "-"
157.55.39.133 - - [01/Dec/2019:23:00:05 +0100] "GET /product-sitemap.xml HTTP/1.1" 200 145850 "-" "msnbot/2.0b (+http://search.msn.com/msnbot.htm)" "-"
66.249.69.208 - - [01/Dec/2019:23:00:16 +0100] "GET /producto/rinonera-elastica-dorsal-cif-g221/ HTTP/1.1" 200 95194 "-" "Mozilla/5.0 (Linux; Android 6.0.1; Nexus 5X Build/MMB29P) AppleWebKit/537.36 (KHTML, like Gecko) Chrome/41.0.2272.96 Mobile Safari/537.36 (compatible; Googlebot/2.1; +http://www.google.com/bot.html)" "-"
217.76.130.90 - - [01/Dec/2019:23:05:39 +0100] "POST /wp-cron.php?doing_wp_cron=1575237939.0126368999481201171875 HTTP/1.1" 200 3389 "https://amazingsportwear.com/wp-cron.php?doing_wp_cron=1575237939.0126368999481201171875" "WordPress/5.2.4; https://amazingsportwear.com" "-"
66.249.69.212 - - [01/Dec/2019:23:05:38 +0100] "GET /pago-seguro/ HTTP/1.1" 200 60968 "-" "Mozilla/5.0 (Linux; Android 6.0.1; Nexus 5X Build/MMB29P) AppleWebKit/537.36 (KHTML, like Gecko) Chrome/41.0.2272.96 Mobile Safari/537.36 (compatible; Googlebot/2.1; +http://www.google.com/bot.html)" "-"
66.249.69.208 - - [01/Dec/2019:23:05:52 +0100] "POST /?wc-ajax=get_refreshed_fragments HTTP/1.1" 200 4760 "https://amazingsportwear.com/pago-seguro/" "Mozilla/5.0 (Linux; Android 6.0.1; Nexus 5X Build/MMB29P) AppleWebKit/537.36 (KHTML, like Gecko) Chrome/41.0.2272.96 Mobile Safari/537.36 (compatible; Googlebot/2.1; +http://www.google.com/bot.html)" "_ga=GA1.2.1884029788.1575158400; _gid=GA1.2.969013651.1575158400; _gat_gtag_UA_91619287_1=1"
157.55.39.133 - - [01/Dec/2019:23:08:22 +0100] "GET /wp-content/uploads/2019/04/mento1.jpg HTTP/1.1" 200 72320 "-" "Mozilla/5.0 (compatible; bingbot/2.0; +http://www.bing.com/bingbot.htm)" "-"
217.76.130.90 - - [01/Dec/2019:23:08:26 +0100] "POST /wp-cron.php?doing_wp_cron=1575238105.9904189109802246093750 HTTP/1.1" 200 3389 "https://amazingsportwear.com/wp-cron.php?doing_wp_cron=1575238105.9904189109802246093750" "WordPress/5.2.4; https://amazingsportwear.com" "-"
66.249.69.210 - - [01/Dec/2019:23:08:25 +0100] "GET /producto/camiseta-tecnica-nath-combi/ HTTP/1.1" 200 107348 "-" "Mozilla/5.0 (Linux; Android 6.0.1; Nexus 5X Build/MMB29P) AppleWebKit/537.36 (KHTML, like Gecko) Chrome/41.0.2272.96 Mobile Safari/537.36 (compatible; Googlebot/2.1; +http://www.google.com/bot.html)" "-"
66.249.69.208 - - [01/Dec/2019:23:08:46 +0100] "GET /producto/peto-reversible-deportivo/ HTTP/1.1" 200 96734 "-" "Mozilla/5.0 (Linux; Android 6.0.1; Nexus 5X Build/MMB29P) AppleWebKit/537.36 (KHTML, like Gecko) Chrome/41.0.2272.96 Mobile Safari/537.36 (compatible; Googlebot/2.1; +http://www.google.com/bot.html)" "-"
66.249.69.208 - - [01/Dec/2019:23:09:00 +0100] "GET /producto/camiseta-tecnica-nath-action/ HTTP/1.1" 200 105714 "-" "Mozilla/5.0 (Linux; Android 6.0.1; Nexus 5X Build/MMB29P) AppleWebKit/537.36 (KHTML, like Gecko) Chrome/41.0.2272.96 Mobile Safari/537.36 (compatible; Googlebot/2.1; +http://www.google.com/bot.html)" "-"
217.76.130.90 - - [01/Dec/2019:23:09:46 +0100] "POST /wp-cron.php?doing_wp_cron=1575238186.6472280025482177734375 HTTP/1.1" 200 3389 "https://amazingsportwear.com/wp-cron.php?doing_wp_cron=1575238186.6472280025482177734375" "WordPress/5.2.4; https://amazingsportwear.com" "-"
66.249.69.208 - - [01/Dec/2019:23:09:45 +0100] "GET /producto/gorra-konlun/ HTTP/1.1" 200 92708 "-" "Mozilla/5.0 (Linux; Android 6.0.1; Nexus 5X Build/MMB29P) AppleWebKit/537.36 (KHTML, like Gecko) Chrome/41.0.2272.96 Mobile Safari/537.36 (compatible; Googlebot/2.1; +http://www.google.com/bot.html)" "-"
188.69.211.44 - - [01/Dec/2019:23:22:05 +0100] "GET /wp-content/uploads/2019/04/Gorra-sport-1.png HTTP/1.1" 200 93681 "https://www.google.ru/" "Mozilla/5.0 (Windows NT 10.0; Win64; x64; rv:70.0) Gecko/20100101 Firefox/70.0" "-"
217.76.130.90 - - [01/Dec/2019:23:22:15 +0100] "POST /wp-cron.php?doing_wp_cron=1575238935.1128621101379394531250 HTTP/1.1" 200 164 "http://amazingsportwear.com/wp-cron.php?doing_wp_cron=1575238935.1128621101379394531250" "WordPress/5.2.4; https://amazingsportwear.com" "-"
40.77.167.161 - - [01/Dec/2019:23:22:14 +0100] "GET /ciclismo/88-manguito-brazo-ciclismo.html HTTP/1.1" 404 68051 "-" "Mozilla/5.0 (iPhone; CPU iPhone OS 7_0 like Mac OS X) AppleWebKit/537.51.1 (KHTML, like Gecko) Version/7.0 Mobile/11A465 Safari/9537.53 (compatible; bingbot/2.0; +http://www.bing.com/bingbot.htm)" "-"
40.77.167.161 - - [01/Dec/2019:23:32:55 +0100] "GET /wp-content/uploads/2019/04/Gorra-sport-2.png HTTP/1.1" 200 125346 "-" "Mozilla/5.0 (compatible; bingbot/2.0; +http://www.bing.com/bingbot.htm)" "-"
181.62.52.43 - - [01/Dec/2019:23:35:21 +0100] "GET /wp-content/uploads/2019/04/gorra-dowan-4.png HTTP/1.1" 200 76783 "https://www.google.com.co/" "Mozilla/5.0 (Windows NT 10.0; Win64; x64) AppleWebKit/537.36 (KHTML, like Gecko) Chrome/78.0.3904.108 Safari/537.36" "-"
217.76.130.90 - - [01/Dec/2019:23:40:20 +0100] "POST /wp-cron.php?doing_wp_cron=1575240019.9883959293365478515625 HTTP/1.1" 200 3389 "https://amazingsportwear.com/wp-cron.php?doing_wp_cron=1575240019.9883959293365478515625" "WordPress/5.2.4; https://amazingsportwear.com" "-"
66.249.69.210 - - [01/Dec/2019:23:40:17 +0100] "GET /producto/pantalon-corto-futbol/ HTTP/1.1" 200 91403 "-" "Mozilla/5.0 (Linux; Android 6.0.1; Nexus 5X Build/MMB29P) AppleWebKit/537.36 (KHTML, like Gecko) Chrome/41.0.2272.96 Mobile Safari/537.36 (compatible; Googlebot/2.1; +http://www.google.com/bot.html)" "-"
217.76.130.90 - - [01/Dec/2019:23:41:25 +0100] "POST /wp-cron.php?doing_wp_cron=1575240085.7084848880767822265625 HTTP/1.1" 200 3389 "https://amazingsportwear.com/wp-cron.php?doing_wp_cron=1575240085.7084848880767822265625" "WordPress/5.2.4; https://amazingsportwear.com" "-"
66.249.69.208 - - [01/Dec/2019:23:41:24 +0100] "GET /producto/sudadera-clasica/ HTTP/1.1" 200 101264 "-" "Mozilla/5.0 (Linux; Android 6.0.1; Nexus 5X Build/MMB29P) AppleWebKit/537.36 (KHTML, like Gecko) Chrome/41.0.2272.96 Mobile Safari/537.36 (compatible; Googlebot/2.1; +http://www.google.com/bot.html)" "-"
217.76.130.90 - - [01/Dec/2019:23:49:04 +0100] "POST /wp-cron.php?doing_wp_cron=1575240544.2201240062713623046875 HTTP/1.1" 200 3389 "https://amazingsportwear.com/wp-cron.php?doing_wp_cron=1575240544.2201240062713623046875" "WordPress/5.2.4; https://amazingsportwear.com" "-"
66.249.69.212 - - [01/Dec/2019:23:49:03 +0100] "GET /robots.txt HTTP/1.1" 200 3939 "-" "Mozilla/5.0 (compatible; Googlebot/2.1; +http://www.google.com/bot.html)" "-"
66.249.69.210 - - [01/Dec/2019:23:49:07 +0100] "GET /producto/gorra-kisse/ HTTP/1.1" 200 100392 "-" "Mozilla/5.0 (Linux; Android 6.0.1; Nexus 5X Build/MMB29P) AppleWebKit/537.36 (KHTML, like Gecko) Chrome/41.0.2272.96 Mobile Safari/537.36 (compatible; Googlebot/2.1; +http://www.google.com/bot.html)" "-"
217.76.130.90 - - [01/Dec/2019:23:50:51 +0100] "POST /wp-cron.php?doing_wp_cron=1575240651.8211579322814941406250 HTTP/1.1" 200 3389 "https://amazingsportwear.com/wp-cron.php?doing_wp_cron=1575240651.8211579322814941406250" "WordPress/5.2.4; https://amazingsportwear.com" "-"
66.249.69.210 - - [01/Dec/2019:23:50:50 +0100] "GET /producto/sudadera-clasica/ HTTP/1.1" 200 101244 "-" "Mozilla/5.0 (Linux; Android 6.0.1; Nexus 5X Build/MMB29P) AppleWebKit/537.36 (KHTML, like Gecko) Chrome/41.0.2272.96 Mobile Safari/537.36 (compatible; Googlebot/2.1; +http://www.google.com/bot.html)" "-"
217.76.130.90 - - [01/Dec/2019:23:51:17 +0100] "POST /wp-cron.php?doing_wp_cron=1575240677.0487160682678222656250 HTTP/1.1" 200 3389 "https://amazingsportwear.com/wp-cron.php?doing_wp_cron=1575240677.0487160682678222656250" "WordPress/5.2.4; https://amazingsportwear.com" "-"
66.249.69.212 - - [01/Dec/2019:23:51:16 +0100] "GET /producto/llavero-metalico-golf/ HTTP/1.1" 200 94104 "-" "Mozilla/5.0 (Linux; Android 6.0.1; Nexus 5X Build/MMB29P) AppleWebKit/537.36 (KHTML, like Gecko) Chrome/41.0.2272.96 Mobile Safari/537.36 (compatible; Googlebot/2.1; +http://www.google.com/bot.html)" "-"
196.206.182.69 - - [01/Dec/2019:23:53:43 +0100] "GET /wp-content/uploads/2019/04/gorra-lorenz-4.png HTTP/1.1" 200 77974 "https://www.google.co.ma/" "Mozilla/5.0 (Windows NT 10.0; Win64; x64) AppleWebKit/537.36 (KHTML, like Gecko) Chrome/78.0.3904.97 Safari/537.36 OPR/65.0.3467.48" "-"
217.76.130.90 - - [01/Dec/2019:23:54:48 +0100] "POST /wp-cron.php?doing_wp_cron=1575240888.8538119792938232421875 HTTP/1.1" 200 3389 "https://amazingsportwear.com/wp-cron.php?doing_wp_cron=1575240888.8538119792938232421875" "WordPress/5.2.4; https://amazingsportwear.com" "-"
173.252.87.31 - - [01/Dec/2019:23:54:48 +0100] "GET / HTTP/1.1" 200 125560 "-" "facebookexternalhit/1.1 (+http://www.facebook.com/externalhit_uatext.php)" "-"
173.252.87.13 - - [01/Dec/2019:23:54:48 +0100] "GET / HTTP/1.1" 200 125550 "-" "facebookexternalhit/1.1 (+http://www.facebook.com/externalhit_uatext.php)" "-"
173.252.87.22 - - [01/Dec/2019:23:54:51 +0100] "GET /contacta-con-nosotros HTTP/1.1" 301 319 "-" "facebookexternalhit/1.1 (+http://www.facebook.com/externalhit_uatext.php)" "-"
173.252.87.19 - - [01/Dec/2019:23:54:52 +0100] "GET /contacta-con-nosotros HTTP/1.1" 301 319 "-" "facebookexternalhit/1.1 (+http://www.facebook.com/externalhit_uatext.php)" "-"
173.252.87.22 - - [01/Dec/2019:23:54:52 +0100] "GET /contacta-con-nosotros/ HTTP/1.1" 200 58201 "-" "facebookexternalhit/1.1 (+http://www.facebook.com/externalhit_uatext.php)" "-"
173.252.87.19 - - [01/Dec/2019:23:54:52 +0100] "GET /contacta-con-nosotros/ HTTP/1.1" 200 58196 "-" "facebookexternalhit/1.1 (+http://www.facebook.com/externalhit_uatext.php)" "-"
