66.249.66.66 - - [05/Dec/2019:20:31:56 +0100] "GET /producto/mochila-tipo-saco-cat-3164/ HTTP/1.1" 200 103612 "-" "Mozilla/5.0 (Linux; Android 6.0.1; Nexus 5X Build/MMB29P) AppleWebKit/537.36 (KHTML, like Gecko) Chrome/41.0.2272.96 Mobile Safari/537.36 (compatible; Googlebot/2.1; +http://www.google.com/bot.html)" "-"
217.76.130.90 - - [05/Dec/2019:20:35:07 +0100] "POST /wp-cron.php?doing_wp_cron=1575574507.0066280364990234375000 HTTP/1.1" 200 164 "http://amazingsportwear.com/wp-cron.php?doing_wp_cron=1575574507.0066280364990234375000" "WordPress/5.2.4; https://amazingsportwear.com" "-"
157.55.39.208 - - [05/Dec/2019:20:35:05 +0100] "GET /futbol/30-camiseta-portero-futbol-manga-larga.html HTTP/1.1" 301 492 "-" "Mozilla/5.0 (compatible; bingbot/2.0; +http://www.bing.com/bingbot.htm)" "-"
217.76.130.90 - - [05/Dec/2019:20:37:21 +0100] "POST /wp-cron.php?doing_wp_cron=1575574641.7153580188751220703125 HTTP/1.1" 200 3389 "https://amazingsportwear.com/wp-cron.php?doing_wp_cron=1575574641.7153580188751220703125" "WordPress/5.2.4; https://amazingsportwear.com" "-"
40.77.167.228 - - [05/Dec/2019:20:37:21 +0100] "GET /categoria-producto/seis/ HTTP/1.1" 200 61462 "-" "Mozilla/5.0 (compatible; bingbot/2.0; +http://www.bing.com/bingbot.htm)" "-"
217.76.130.90 - - [05/Dec/2019:20:44:19 +0100] "POST /wp-cron.php?doing_wp_cron=1575575059.6322970390319824218750 HTTP/1.1" 200 3389 "https://amazingsportwear.com/wp-cron.php?doing_wp_cron=1575575059.6322970390319824218750" "WordPress/5.2.4; https://amazingsportwear.com" "-"
66.249.66.66 - - [05/Dec/2019:20:44:11 +0100] "GET /producto/llavero-metalico-futbol/ HTTP/1.1" 200 94514 "-" "Mozilla/5.0 (Linux; Android 6.0.1; Nexus 5X Build/MMB29P) AppleWebKit/537.36 (KHTML, like Gecko) Chrome/41.0.2272.96 Mobile Safari/537.36 (compatible; Googlebot/2.1; +http://www.google.com/bot.html)" "-"
66.249.66.68 - - [05/Dec/2019:20:44:54 +0100] "GET /wp-content/plugins/woocommerce/assets/js/photoswipe/photoswipe.min.js?ver=4.1.1 HTTP/1.1" 200 35639 "https://amazingsportwear.com/producto/llavero-metalico-futbol/" "Mozilla/5.0 (Linux; Android 6.0.1; Nexus 5X Build/MMB29P) AppleWebKit/537.36 (KHTML, like Gecko) Chrome/41.0.2272.96 Mobile Safari/537.36 (compatible; Googlebot/2.1; +http://www.google.com/bot.html)" "-"
157.55.39.165 - - [05/Dec/2019:20:47:47 +0100] "GET /wp-content/uploads/2017/03/CIF-T-1051.jpg HTTP/1.1" 200 47483 "-" "Mozilla/5.0 (compatible; bingbot/2.0; +http://www.bing.com/bingbot.htm)" "-"
217.76.130.90 - - [05/Dec/2019:20:50:17 +0100] "POST /wp-cron.php?doing_wp_cron=1575575417.8630619049072265625000 HTTP/1.1" 200 3389 "https://amazingsportwear.com/wp-cron.php?doing_wp_cron=1575575417.8630619049072265625000" "WordPress/5.2.4; https://amazingsportwear.com" "-"
66.249.66.66 - - [05/Dec/2019:20:50:16 +0100] "GET /producto/llavero-metalico-futbol/ HTTP/1.1" 200 94935 "-" "Mozilla/5.0 (Linux; Android 6.0.1; Nexus 5X Build/MMB29P) AppleWebKit/537.36 (KHTML, like Gecko) Chrome/41.0.2272.96 Mobile Safari/537.36 (compatible; Googlebot/2.1; +http://www.google.com/bot.html)" "-"
217.76.130.90 - - [05/Dec/2019:20:53:14 +0100] "POST /wp-cron.php?doing_wp_cron=1575575594.7457940578460693359375 HTTP/1.1" 200 164 "http://amazingsportwear.com/wp-cron.php?doing_wp_cron=1575575594.7457940578460693359375" "WordPress/5.2.4; https://amazingsportwear.com" "-"
40.77.167.228 - - [05/Dec/2019:20:53:12 +0100] "GET /atletismo/23-pantalon-corto-atletismo.html HTTP/1.1" 404 68085 "-" "Mozilla/5.0 (iPhone; CPU iPhone OS 7_0 like Mac OS X) AppleWebKit/537.51.1 (KHTML, like Gecko) Version/7.0 Mobile/11A465 Safari/9537.53 (compatible; bingbot/2.0; +http://www.bing.com/bingbot.htm)" "-"
217.76.130.90 - - [05/Dec/2019:20:55:26 +0100] "POST /wp-cron.php?doing_wp_cron=1575575726.7842330932617187500000 HTTP/1.1" 200 3389 "https://amazingsportwear.com/wp-cron.php?doing_wp_cron=1575575726.7842330932617187500000" "WordPress/5.2.4; https://amazingsportwear.com" "-"
207.46.13.55 - - [05/Dec/2019:20:55:26 +0100] "GET /producto/fly-banner-tipo-surf-completo/ HTTP/1.1" 200 114326 "-" "Mozilla/5.0 (compatible; bingbot/2.0; +http://www.bing.com/bingbot.htm)" "-"
207.46.13.55 - - [05/Dec/2019:20:55:27 +0100] "GET /22-tienda?p=13 HTTP/1.1" 301 507 "-" "Mozilla/5.0 (compatible; bingbot/2.0; +http://www.bing.com/bingbot.htm)" "-"
217.76.130.90 - - [05/Dec/2019:20:58:13 +0100] "POST /wp-cron.php?doing_wp_cron=1575575893.3475480079650878906250 HTTP/1.1" 200 3389 "https://amazingsportwear.com/wp-cron.php?doing_wp_cron=1575575893.3475480079650878906250" "WordPress/5.2.4; https://amazingsportwear.com" "-"
66.249.66.68 - - [05/Dec/2019:20:58:12 +0100] "GET /producto/gorra-five/ HTTP/1.1" 200 97865 "-" "Mozilla/5.0 (Linux; Android 6.0.1; Nexus 5X Build/MMB29P) AppleWebKit/537.36 (KHTML, like Gecko) Chrome/41.0.2272.96 Mobile Safari/537.36 (compatible; Googlebot/2.1; +http://www.google.com/bot.html)" "-"
217.76.130.90 - - [05/Dec/2019:21:01:14 +0100] "POST /wp-cron.php?doing_wp_cron=1575576074.3678801059722900390625 HTTP/1.1" 200 3389 "https://amazingsportwear.com/wp-cron.php?doing_wp_cron=1575576074.3678801059722900390625" "WordPress/5.2.4; https://amazingsportwear.com" "-"
66.249.66.70 - - [05/Dec/2019:21:01:13 +0100] "GET /categoria-producto/deportes/futbol/ HTTP/1.1" 200 66361 "-" "Mozilla/5.0 (Linux; Android 6.0.1; Nexus 5X Build/MMB29P) AppleWebKit/537.36 (KHTML, like Gecko) Chrome/41.0.2272.96 Mobile Safari/537.36 (compatible; Googlebot/2.1; +http://www.google.com/bot.html)" "-"
217.76.130.90 - - [05/Dec/2019:21:02:27 +0100] "POST /wp-cron.php?doing_wp_cron=1575576147.3400781154632568359375 HTTP/1.1" 200 3389 "https://amazingsportwear.com/wp-cron.php?doing_wp_cron=1575576147.3400781154632568359375" "WordPress/5.2.4; https://amazingsportwear.com" "-"
66.249.66.66 - - [05/Dec/2019:21:02:25 +0100] "GET /producto/gorra-five/ HTTP/1.1" 200 98031 "-" "Mozilla/5.0 (Linux; Android 6.0.1; Nexus 5X Build/MMB29P) AppleWebKit/537.36 (KHTML, like Gecko) Chrome/41.0.2272.96 Mobile Safari/537.36 (compatible; Googlebot/2.1; +http://www.google.com/bot.html)" "-"
217.76.130.90 - - [05/Dec/2019:21:05:09 +0100] "POST /wp-cron.php?doing_wp_cron=1575576308.8812279701232910156250 HTTP/1.1" 200 3389 "https://amazingsportwear.com/wp-cron.php?doing_wp_cron=1575576308.8812279701232910156250" "WordPress/5.2.4; https://amazingsportwear.com" "-"
207.46.13.55 - - [05/Dec/2019:21:05:07 +0100] "GET /producto/polo-tecnico-master-aq-master/ HTTP/1.1" 200 101112 "-" "msnbot/2.0b (+http://search.msn.com/msnbot.htm)" "-"
217.76.130.90 - - [05/Dec/2019:21:06:30 +0100] "POST /wp-cron.php?doing_wp_cron=1575576390.8594288825988769531250 HTTP/1.1" 200 3389 "https://amazingsportwear.com/wp-cron.php?doing_wp_cron=1575576390.8594288825988769531250" "WordPress/5.2.4; https://amazingsportwear.com" "-"
66.249.66.68 - - [05/Dec/2019:21:06:30 +0100] "GET /producto/sudadera-capucha/ HTTP/1.1" 200 101483 "-" "Mozilla/5.0 (Linux; Android 6.0.1; Nexus 5X Build/MMB29P) AppleWebKit/537.36 (KHTML, like Gecko) Chrome/41.0.2272.96 Mobile Safari/537.36 (compatible; Googlebot/2.1; +http://www.google.com/bot.html)" "-"
217.76.130.90 - - [05/Dec/2019:21:07:30 +0100] "POST /wp-cron.php?doing_wp_cron=1575576449.9481561183929443359375 HTTP/1.1" 200 3389 "https://amazingsportwear.com/wp-cron.php?doing_wp_cron=1575576449.9481561183929443359375" "WordPress/5.2.4; https://amazingsportwear.com" "-"
207.46.13.55 - - [05/Dec/2019:21:07:29 +0100] "GET /producto/polo-tecnico-master-aq-master/ HTTP/1.1" 200 100985 "-" "msnbot/2.0b (+http://search.msn.com/msnbot.htm)" "-"
217.76.130.90 - - [05/Dec/2019:21:21:41 +0100] "POST /wp-cron.php?doing_wp_cron=1575577301.3145430088043212890625 HTTP/1.1" 200 164 "http://amazingsportwear.com/wp-cron.php?doing_wp_cron=1575577301.3145430088043212890625" "WordPress/5.2.4; https://amazingsportwear.com" "-"
150.129.113.125 - - [05/Dec/2019:21:21:38 +0100] "GET / HTTP/1.1" 301 336 "http://progressive-seo.com" "Mozilla/5.0 (Windows NT 10.0; Win64; x64) AppleWebKit/537.36 (KHTML, like Gecko) Chrome/74.0.3729.169 Safari/537.36" "-"
217.76.130.90 - - [05/Dec/2019:21:27:57 +0100] "POST /wp-cron.php?doing_wp_cron=1575577677.0059509277343750000000 HTTP/1.1" 200 3389 "https://amazingsportwear.com/wp-cron.php?doing_wp_cron=1575577677.0059509277343750000000" "WordPress/5.2.4; https://amazingsportwear.com" "-"
66.249.66.155 - - [05/Dec/2019:21:27:54 +0100] "GET /robots.txt HTTP/1.1" 200 3955 "-" "Mozilla/5.0 (compatible; Googlebot/2.1; +http://www.google.com/bot.html)" "-"
66.249.66.153 - - [05/Dec/2019:21:27:57 +0100] "GET / HTTP/1.1" 301 3772 "-" "Mozilla/5.0 (Linux; Android 6.0.1; Nexus 5X Build/MMB29P) AppleWebKit/537.36 (KHTML, like Gecko) Chrome/41.0.2272.96 Mobile Safari/537.36 (compatible; Googlebot/2.1; +http://www.google.com/bot.html)" "-"
66.249.66.70 - - [05/Dec/2019:21:28:01 +0100] "GET /wp-content/plugins/woocommerce/assets/css/blocks/style.css?ver=3.6.4 HTTP/1.1" 200 10060 "https://amazingsportwear.com/" "Mozilla/5.0 (Linux; Android 6.0.1; Nexus 5X Build/MMB29P) AppleWebKit/537.36 (KHTML, like Gecko) Chrome/41.0.2272.96 Mobile Safari/537.36 (compatible; Googlebot/2.1; +http://www.google.com/bot.html)" "wpfront-notification-bar-landingpage=1"
66.249.66.68 - - [05/Dec/2019:21:28:03 +0100] "GET /wp-includes/js/jquery/jquery-migrate.min.js?ver=1.4.1 HTTP/1.1" 200 13762 "https://amazingsportwear.com/" "Mozilla/5.0 (Linux; Android 6.0.1; Nexus 5X Build/MMB29P) AppleWebKit/537.36 (KHTML, like Gecko) Chrome/41.0.2272.96 Mobile Safari/537.36 (compatible; Googlebot/2.1; +http://www.google.com/bot.html)" "wpfront-notification-bar-landingpage=1"
207.46.13.55 - - [05/Dec/2019:21:30:44 +0100] "GET /wp-content/uploads/2019/04/baston-luz-con-zappe-4.png HTTP/1.1" 200 16912 "-" "Mozilla/5.0 (compatible; bingbot/2.0; +http://www.bing.com/bingbot.htm)" "-"
181.209.99.226 - - [05/Dec/2019:21:34:59 +0100] "GET /wp-content/uploads/2019/04/Gorra-sport-10.png HTTP/1.1" 200 60431 "https://www.google.com.ar/" "Mozilla/5.0 (Windows NT 6.1; Win64; x64) AppleWebKit/537.36 (KHTML, like Gecko) Chrome/78.0.3904.108 Safari/537.36" "-"
181.18.6.84 - - [05/Dec/2019:21:36:46 +0100] "GET /wp-content/uploads/2019/04/Gorra-sport-6.png HTTP/1.1" 200 44623 "https://www.google.com/" "Mozilla/5.0 (Windows NT 6.3; Win64; x64) AppleWebKit/537.36 (KHTML, like Gecko) Chrome/78.0.3904.108 Safari/537.36" "-"
217.76.130.90 - - [05/Dec/2019:21:36:52 +0100] "POST /wp-cron.php?doing_wp_cron=1575578212.5461928844451904296875 HTTP/1.1" 200 3389 "https://amazingsportwear.com/wp-cron.php?doing_wp_cron=1575578212.5461928844451904296875" "WordPress/5.2.4; https://amazingsportwear.com" "-"
66.249.66.66 - - [05/Dec/2019:21:36:51 +0100] "GET /producto/gorra-tecnica-2/ HTTP/1.1" 200 95891 "-" "Mozilla/5.0 (Linux; Android 6.0.1; Nexus 5X Build/MMB29P) AppleWebKit/537.36 (KHTML, like Gecko) Chrome/41.0.2272.96 Mobile Safari/537.36 (compatible; Googlebot/2.1; +http://www.google.com/bot.html)" "-"
207.46.13.55 - - [05/Dec/2019:21:44:52 +0100] "GET /wp-content/uploads/2019/04/baston-luz-con-zappe-4.png HTTP/1.1" 200 16912 "-" "Mozilla/5.0 (compatible; bingbot/2.0; +http://www.bing.com/bingbot.htm)" "-"
24.41.235.173 - - [05/Dec/2019:21:46:18 +0100] "GET /wp-content/uploads/2019/04/Gorra-sport-12.png HTTP/1.1" 200 95673 "https://www.google.es/" "Mozilla/5.0 (Windows NT 10.0; Win64; x64) AppleWebKit/537.36 (KHTML, like Gecko) Chrome/70.0.3538.102 Safari/537.36 Edge/18.18362" "-"
217.76.130.90 - - [05/Dec/2019:21:49:27 +0100] "POST /wp-cron.php?doing_wp_cron=1575578967.8043079376220703125000 HTTP/1.1" 200 3389 "https://amazingsportwear.com/wp-cron.php?doing_wp_cron=1575578967.8043079376220703125000" "WordPress/5.2.4; https://amazingsportwear.com" "-"
66.249.66.66 - - [05/Dec/2019:21:49:25 +0100] "GET /producto/falda-tecnica-padel-tenis/ HTTP/1.1" 200 96199 "-" "Mozilla/5.0 (Linux; Android 6.0.1; Nexus 5X Build/MMB29P) AppleWebKit/537.36 (KHTML, like Gecko) Chrome/41.0.2272.96 Mobile Safari/537.36 (compatible; Googlebot/2.1; +http://www.google.com/bot.html)" "-"
66.249.66.68 - - [05/Dec/2019:21:49:52 +0100] "GET /producto/gorra-sport/ HTTP/1.1" 200 102226 "-" "Mozilla/5.0 (Linux; Android 6.0.1; Nexus 5X Build/MMB29P) AppleWebKit/537.36 (KHTML, like Gecko) Chrome/41.0.2272.96 Mobile Safari/537.36 (compatible; Googlebot/2.1; +http://www.google.com/bot.html)" "-"
217.76.130.90 - - [05/Dec/2019:21:50:47 +0100] "POST /wp-cron.php?doing_wp_cron=1575579047.6325609683990478515625 HTTP/1.1" 200 3389 "https://amazingsportwear.com/wp-cron.php?doing_wp_cron=1575579047.6325609683990478515625" "WordPress/5.2.4; https://amazingsportwear.com" "-"
66.249.66.66 - - [05/Dec/2019:21:50:46 +0100] "GET /producto/mochila-blades/ HTTP/1.1" 200 102808 "-" "Mozilla/5.0 (Linux; Android 6.0.1; Nexus 5X Build/MMB29P) AppleWebKit/537.36 (KHTML, like Gecko) Chrome/41.0.2272.96 Mobile Safari/537.36 (compatible; Googlebot/2.1; +http://www.google.com/bot.html)" "-"
217.76.130.90 - - [05/Dec/2019:21:52:50 +0100] "POST /wp-cron.php?doing_wp_cron=1575579169.9872300624847412109375 HTTP/1.1" 200 3389 "https://amazingsportwear.com/wp-cron.php?doing_wp_cron=1575579169.9872300624847412109375" "WordPress/5.2.4; https://amazingsportwear.com" "-"
66.249.66.68 - - [05/Dec/2019:21:52:48 +0100] "GET /producto/gorra-tecnica-vorly/ HTTP/1.1" 200 92813 "-" "Mozilla/5.0 (compatible; Googlebot/2.1; +http://www.google.com/bot.html)" "-"
217.76.130.90 - - [05/Dec/2019:21:53:22 +0100] "POST /wp-cron.php?doing_wp_cron=1575579201.9889791011810302734375 HTTP/1.1" 200 3389 "https://amazingsportwear.com/wp-cron.php?doing_wp_cron=1575579201.9889791011810302734375" "WordPress/5.2.4; https://amazingsportwear.com" "-"
66.249.66.68 - - [05/Dec/2019:21:53:21 +0100] "GET /producto/culoute-corto-ciclismo-3/ HTTP/1.1" 200 76949 "-" "Mozilla/5.0 (compatible; Googlebot/2.1; +http://www.google.com/bot.html)" "-"
217.76.130.90 - - [05/Dec/2019:21:57:44 +0100] "POST /wp-cron.php?doing_wp_cron=1575579464.8337509632110595703125 HTTP/1.1" 200 3389 "https://amazingsportwear.com/wp-cron.php?doing_wp_cron=1575579464.8337509632110595703125" "WordPress/5.2.4; https://amazingsportwear.com" "-"
66.249.66.66 - - [05/Dec/2019:21:57:44 +0100] "GET /producto/camiseta-tecnica-boomer-aq-jaguar/ HTTP/1.1" 200 105164 "-" "Mozilla/5.0 (Linux; Android 6.0.1; Nexus 5X Build/MMB29P) AppleWebKit/537.36 (KHTML, like Gecko) Chrome/41.0.2272.96 Mobile Safari/537.36 (compatible; Googlebot/2.1; +http://www.google.com/bot.html)" "-"
217.76.130.90 - - [05/Dec/2019:22:06:26 +0100] "POST /wp-cron.php?doing_wp_cron=1575579986.5301411151885986328125 HTTP/1.1" 200 164 "http://amazingsportwear.com/wp-cron.php?doing_wp_cron=1575579986.5301411151885986328125" "WordPress/5.2.4; https://amazingsportwear.com" "-"
95.140.203.217 - - [05/Dec/2019:22:06:23 +0100] "GET /wp-load.php?up2018info=true HTTP/1.1" 200 216 "amazingsportwear.com" "Mozilla/5.1 (Windows NT 6.0; WOW64) AppleWebKit/537.37 (KHTML, like Gecko) Chrome/58.0.1145.75 Safari/537.37" "-"
217.76.130.90 - - [05/Dec/2019:22:07:33 +0100] "POST /wp-cron.php?doing_wp_cron=1575580053.4884569644927978515625 HTTP/1.1" 200 164 "http://amazingsportwear.com/wp-cron.php?doing_wp_cron=1575580053.4884569644927978515625" "WordPress/5.2.4; https://amazingsportwear.com" "-"
66.249.66.87 - - [05/Dec/2019:22:07:32 +0100] "GET /futbol/69-camiseta-manga-corta-futbol.html HTTP/1.1" 404 68060 "-" "Mozilla/5.0 (Linux; Android 6.0.1; Nexus 5X Build/MMB29P) AppleWebKit/537.36 (KHTML, like Gecko) Chrome/41.0.2272.96 Mobile Safari/537.36 (compatible; Googlebot/2.1; +http://www.google.com/bot.html)" "-"
217.76.130.90 - - [05/Dec/2019:22:09:03 +0100] "POST /wp-cron.php?doing_wp_cron=1575580143.2961010932922363281250 HTTP/1.1" 200 3389 "https://amazingsportwear.com/wp-cron.php?doing_wp_cron=1575580143.2961010932922363281250" "WordPress/5.2.4; https://amazingsportwear.com" "-"
66.249.66.70 - - [05/Dec/2019:22:09:02 +0100] "GET /etiqueta-producto/camiseta-hombre/ HTTP/1.1" 200 72890 "-" "Mozilla/5.0 (compatible; Googlebot/2.1; +http://www.google.com/bot.html)" "-"
66.249.66.66 - - [05/Dec/2019:22:09:14 +0100] "POST /?wc-ajax=get_refreshed_fragments HTTP/1.1" 200 4760 "https://amazingsportwear.com/etiqueta-producto/camiseta-hombre/" "Mozilla/5.0 AppleWebKit/537.36 (KHTML, like Gecko; compatible; Googlebot/2.1; +http://www.google.com/bot.html) Safari/537.36" "_ga=GA1.2.2114912494.1575504000; _gid=GA1.2.931330593.1575504000; _gat_gtag_UA_91619287_1=1"
217.76.130.90 - - [05/Dec/2019:22:13:27 +0100] "POST /wp-cron.php?doing_wp_cron=1575580407.9357481002807617187500 HTTP/1.1" 200 3389 "https://amazingsportwear.com/wp-cron.php?doing_wp_cron=1575580407.9357481002807617187500" "WordPress/5.2.4; https://amazingsportwear.com" "-"
66.249.66.70 - - [05/Dec/2019:22:13:27 +0100] "GET /producto/camiseta-basket-sin-costadillos/ HTTP/1.1" 200 94589 "-" "Mozilla/5.0 (Linux; Android 6.0.1; Nexus 5X Build/MMB29P) AppleWebKit/537.36 (KHTML, like Gecko) Chrome/41.0.2272.96 Mobile Safari/537.36 (compatible; Googlebot/2.1; +http://www.google.com/bot.html)" "-"
217.76.130.90 - - [05/Dec/2019:22:14:41 +0100] "POST /wp-cron.php?doing_wp_cron=1575580481.5920441150665283203125 HTTP/1.1" 200 3389 "https://amazingsportwear.com/wp-cron.php?doing_wp_cron=1575580481.5920441150665283203125" "WordPress/5.2.4; https://amazingsportwear.com" "-"
66.249.66.70 - - [05/Dec/2019:22:14:40 +0100] "GET /producto/camiseta-tecnica-avus-sa-6658/ HTTP/1.1" 200 97343 "-" "Mozilla/5.0 (Linux; Android 6.0.1; Nexus 5X Build/MMB29P) AppleWebKit/537.36 (KHTML, like Gecko) Chrome/41.0.2272.96 Mobile Safari/537.36 (compatible; Googlebot/2.1; +http://www.google.com/bot.html)" "-"
217.76.130.90 - - [05/Dec/2019:22:33:31 +0100] "POST /wp-cron.php?doing_wp_cron=1575581611.1394660472869873046875 HTTP/1.1" 200 3389 "https://amazingsportwear.com/wp-cron.php?doing_wp_cron=1575581611.1394660472869873046875" "WordPress/5.2.4; https://amazingsportwear.com" "-"
66.249.66.66 - - [05/Dec/2019:22:33:28 +0100] "GET /producto/maillot-manga-larga-ciclismo/ HTTP/1.1" 200 92935 "-" "Mozilla/5.0 (Linux; Android 6.0.1; Nexus 5X Build/MMB29P) AppleWebKit/537.36 (KHTML, like Gecko) Chrome/41.0.2272.96 Mobile Safari/537.36 (compatible; Googlebot/2.1; +http://www.google.com/bot.html)" "-"
189.217.8.96 - - [05/Dec/2019:22:33:37 +0100] "GET /wp-content/uploads/2019/04/gorra-five-3.png HTTP/1.1" 200 84607 "https://www.google.com/" "Mozilla/5.0 (Windows NT 10.0; Win64; x64) AppleWebKit/537.36 (KHTML, like Gecko) Chrome/78.0.3904.108 Safari/537.36" "-"
217.76.130.90 - - [05/Dec/2019:22:34:11 +0100] "POST /wp-cron.php?doing_wp_cron=1575581651.8655219078063964843750 HTTP/1.1" 200 164 "http://amazingsportwear.com/wp-cron.php?doing_wp_cron=1575581651.8655219078063964843750" "WordPress/5.2.4; https://amazingsportwear.com" "-"
62.210.83.78 - - [05/Dec/2019:22:34:11 +0100] "GET / HTTP/1.1" 301 336 "-" "Mozilla/5.0 (Windows NT 10.0; Win64; x64; rv:66.0) Gecko/20100101 Firefox/66.0" "-"
62.210.83.78 - - [05/Dec/2019:22:34:18 +0100] "GET / HTTP/1.1" 200 125715 "-" "Mozilla/5.0 (Windows NT 10.0; Win64; x64; rv:66.0) Gecko/20100101 Firefox/66.0" "wpfront-notification-bar-landingpage=1"
217.76.130.90 - - [05/Dec/2019:22:35:53 +0100] "POST /wp-cron.php?doing_wp_cron=1575581753.9174640178680419921875 HTTP/1.1" 200 3389 "https://amazingsportwear.com/wp-cron.php?doing_wp_cron=1575581753.9174640178680419921875" "WordPress/5.2.4; https://amazingsportwear.com" "-"
66.249.66.68 - - [05/Dec/2019:22:35:52 +0100] "GET /producto/mochila-humus/ HTTP/1.1" 200 97047 "-" "Mozilla/5.0 (Linux; Android 6.0.1; Nexus 5X Build/MMB29P) AppleWebKit/537.36 (KHTML, like Gecko) Chrome/41.0.2272.96 Mobile Safari/537.36 (compatible; Googlebot/2.1; +http://www.google.com/bot.html)" "-"
217.76.130.90 - - [05/Dec/2019:22:36:05 +0100] "POST /wp-cron.php?doing_wp_cron=1575581765.7985570430755615234375 HTTP/1.1" 200 3389 "https://amazingsportwear.com/wp-cron.php?doing_wp_cron=1575581765.7985570430755615234375" "WordPress/5.2.4; https://amazingsportwear.com" "-"
66.249.66.70 - - [05/Dec/2019:22:36:04 +0100] "GET /categoria-producto/carpas/ HTTP/1.1" 200 60461 "-" "Mozilla/5.0 (Linux; Android 6.0.1; Nexus 5X Build/MMB29P) AppleWebKit/537.36 (KHTML, like Gecko) Chrome/41.0.2272.96 Mobile Safari/537.36 (compatible; Googlebot/2.1; +http://www.google.com/bot.html)" "-"
217.76.130.90 - - [05/Dec/2019:22:39:50 +0100] "POST /wp-cron.php?doing_wp_cron=1575581990.0093989372253417968750 HTTP/1.1" 200 3389 "https://amazingsportwear.com/wp-cron.php?doing_wp_cron=1575581990.0093989372253417968750" "WordPress/5.2.4; https://amazingsportwear.com" "-"
66.249.66.68 - - [05/Dec/2019:22:39:46 +0100] "GET /producto/gorra-five/ HTTP/1.1" 200 98165 "-" "Mozilla/5.0 (compatible; Googlebot/2.1; +http://www.google.com/bot.html)" "-"
181.224.246.210 - - [05/Dec/2019:22:43:58 +0100] "GET /wp-content/uploads/2019/04/Gorra-sport-10.png HTTP/1.1" 200 60426 "https://www.google.com/" "Mozilla/5.0 (Windows NT 10.0; Win64; x64) AppleWebKit/537.36 (KHTML, like Gecko) Chrome/78.0.3904.108 Safari/537.36" "-"
217.76.130.90 - - [05/Dec/2019:22:47:25 +0100] "POST /wp-cron.php?doing_wp_cron=1575582445.6329300403594970703125 HTTP/1.1" 200 3389 "https://amazingsportwear.com/wp-cron.php?doing_wp_cron=1575582445.6329300403594970703125" "WordPress/5.2.4; https://amazingsportwear.com" "-"
66.249.66.70 - - [05/Dec/2019:22:47:22 +0100] "GET /producto/mochila-jeremy/ HTTP/1.1" 200 95957 "-" "Mozilla/5.0 (Linux; Android 6.0.1; Nexus 5X Build/MMB29P) AppleWebKit/537.36 (KHTML, like Gecko) Chrome/41.0.2272.96 Mobile Safari/537.36 (compatible; Googlebot/2.1; +http://www.google.com/bot.html)" "-"
217.76.130.90 - - [05/Dec/2019:22:57:39 +0100] "POST /wp-cron.php?doing_wp_cron=1575583059.2307989597320556640625 HTTP/1.1" 200 3389 "https://amazingsportwear.com/wp-cron.php?doing_wp_cron=1575583059.2307989597320556640625" "WordPress/5.2.4; https://amazingsportwear.com" "-"
66.249.66.66 - - [05/Dec/2019:22:57:36 +0100] "GET /producto/llavero-metalico-futbol/ HTTP/1.1" 200 94502 "-" "Mozilla/5.0 (compatible; Googlebot/2.1; +http://www.google.com/bot.html)" "-"
217.76.130.90 - - [05/Dec/2019:23:00:13 +0100] "POST /wp-cron.php?doing_wp_cron=1575583213.1312880516052246093750 HTTP/1.1" 200 3389 "https://amazingsportwear.com/wp-cron.php?doing_wp_cron=1575583213.1312880516052246093750" "WordPress/5.2.4; https://amazingsportwear.com" "-"
207.46.13.236 - - [05/Dec/2019:23:00:11 +0100] "GET /robots.txt HTTP/1.1" 200 2297 "-" "Mozilla/5.0 (compatible; bingbot/2.0; +http://www.bing.com/bingbot.htm)" "-"
207.46.13.236 - - [05/Dec/2019:23:00:14 +0100] "GET /robots.txt HTTP/1.1" 200 3939 "-" "Mozilla/5.0 (compatible; bingbot/2.0; +http://www.bing.com/bingbot.htm)" "-"
66.249.66.70 - - [05/Dec/2019:23:00:57 +0100] "GET /producto/camiseta-tecnica-aida-sa-6656/ HTTP/1.1" 200 96966 "-" "Mozilla/5.0 (Linux; Android 6.0.1; Nexus 5X Build/MMB29P) AppleWebKit/537.36 (KHTML, like Gecko) Chrome/41.0.2272.96 Mobile Safari/537.36 (compatible; Googlebot/2.1; +http://www.google.com/bot.html)" "-"
217.76.130.90 - - [05/Dec/2019:23:01:03 +0100] "POST /wp-cron.php?doing_wp_cron=1575583263.9487619400024414062500 HTTP/1.1" 200 3389 "https://amazingsportwear.com/wp-cron.php?doing_wp_cron=1575583263.9487619400024414062500" "WordPress/5.2.4; https://amazingsportwear.com" "-"
66.249.66.68 - - [05/Dec/2019:23:01:03 +0100] "POST /?wc-ajax=get_refreshed_fragments HTTP/1.1" 200 4760 "https://amazingsportwear.com/producto/camiseta-tecnica-aida-sa-6656/" "Mozilla/5.0 (Linux; Android 6.0.1; Nexus 5X Build/MMB29P) AppleWebKit/537.36 (KHTML, like Gecko) Chrome/41.0.2272.96 Mobile Safari/537.36 (compatible; Googlebot/2.1; +http://www.google.com/bot.html)" "_ga=GA1.2.969013651.1575504000; _gid=GA1.2.1978218920.1575504000; _gat_gtag_UA_91619287_1=1"
66.249.66.66 - - [05/Dec/2019:23:01:05 +0100] "GET /producto/camiseta-tecnica-aida-sa-6656/ HTTP/1.1" 200 97169 "-" "Mozilla/5.0 (Linux; Android 6.0.1; Nexus 5X Build/MMB29P) AppleWebKit/537.36 (KHTML, like Gecko) Chrome/41.0.2272.96 Mobile Safari/537.36 (compatible; Googlebot/2.1; +http://www.google.com/bot.html)" "-"
157.55.39.165 - - [05/Dec/2019:23:01:21 +0100] "GET /tienda/219-pantalon-leggin-adelaida-sa-0459.html HTTP/1.1" 404 72316 "-" "Mozilla/5.0 (compatible; bingbot/2.0; +http://www.bing.com/bingbot.htm)" "-"
217.76.130.90 - - [05/Dec/2019:23:12:56 +0100] "POST /wp-cron.php?doing_wp_cron=1575583976.2712469100952148437500 HTTP/1.1" 200 3389 "https://amazingsportwear.com/wp-cron.php?doing_wp_cron=1575583976.2712469100952148437500" "WordPress/5.2.4; https://amazingsportwear.com" "-"
173.252.127.41 - - [05/Dec/2019:23:12:53 +0100] "GET / HTTP/1.1" 200 125550 "-" "facebookexternalhit/1.1 (+http://www.facebook.com/externalhit_uatext.php)" "-"
173.252.127.19 - - [05/Dec/2019:23:12:53 +0100] "GET / HTTP/1.1" 200 125550 "-" "facebookexternalhit/1.1 (+http://www.facebook.com/externalhit_uatext.php)" "-"
173.252.127.3 - - [05/Dec/2019:23:12:58 +0100] "GET /contacta-con-nosotros HTTP/1.1" 301 319 "-" "facebookexternalhit/1.1 (+http://www.facebook.com/externalhit_uatext.php)" "-"
173.252.127.28 - - [05/Dec/2019:23:12:58 +0100] "GET /contacta-con-nosotros HTTP/1.1" 301 319 "-" "facebookexternalhit/1.1 (+http://www.facebook.com/externalhit_uatext.php)" "-"
173.252.127.3 - - [05/Dec/2019:23:12:59 +0100] "GET /contacta-con-nosotros/ HTTP/1.1" 200 58211 "-" "facebookexternalhit/1.1 (+http://www.facebook.com/externalhit_uatext.php)" "-"
173.252.127.28 - - [05/Dec/2019:23:13:00 +0100] "GET /contacta-con-nosotros/ HTTP/1.1" 200 58206 "-" "facebookexternalhit/1.1 (+http://www.facebook.com/externalhit_uatext.php)" "-"
190.131.130.128 - - [05/Dec/2019:23:22:20 +0100] "GET /wp-content/uploads/2019/04/Gorra-sport-6.png HTTP/1.1" 200 44623 "https://www.google.com/" "Mozilla/5.0 (Windows NT 10.0; Win64; x64) AppleWebKit/537.36 (KHTML, like Gecko) Chrome/78.0.3904.108 Safari/537.36" "-"
217.76.130.90 - - [05/Dec/2019:23:27:43 +0100] "POST /wp-cron.php?doing_wp_cron=1575584863.7192139625549316406250 HTTP/1.1" 200 3389 "https://amazingsportwear.com/wp-cron.php?doing_wp_cron=1575584863.7192139625549316406250" "WordPress/5.2.4; https://amazingsportwear.com" "-"
66.249.66.70 - - [05/Dec/2019:23:27:41 +0100] "GET /categoria-producto/accesorios/gorrasygorros/ HTTP/1.1" 200 75800 "-" "Mozilla/5.0 (Linux; Android 6.0.1; Nexus 5X Build/MMB29P) AppleWebKit/537.36 (KHTML, like Gecko) Chrome/41.0.2272.96 Mobile Safari/537.36 (compatible; Googlebot/2.1; +http://www.google.com/bot.html)" "-"
217.76.130.90 - - [05/Dec/2019:23:31:29 +0100] "POST /wp-cron.php?doing_wp_cron=1575585089.5510048866271972656250 HTTP/1.1" 200 3389 "https://amazingsportwear.com/wp-cron.php?doing_wp_cron=1575585089.5510048866271972656250" "WordPress/5.2.4; https://amazingsportwear.com" "-"
66.249.66.66 - - [05/Dec/2019:23:31:28 +0100] "GET /producto/mochila-blades/ HTTP/1.1" 200 102859 "-" "Mozilla/5.0 (compatible; Googlebot/2.1; +http://www.google.com/bot.html)" "-"
217.76.130.90 - - [05/Dec/2019:23:32:35 +0100] "POST /wp-cron.php?doing_wp_cron=1575585155.0772941112518310546875 HTTP/1.1" 200 3389 "https://amazingsportwear.com/wp-cron.php?doing_wp_cron=1575585155.0772941112518310546875" "WordPress/5.2.4; https://amazingsportwear.com" "-"
66.249.66.66 - - [05/Dec/2019:23:32:34 +0100] "GET /producto/sudadera-capucha/ HTTP/1.1" 200 101266 "-" "Mozilla/5.0 (compatible; Googlebot/2.1; +http://www.google.com/bot.html)" "-"
217.76.130.90 - - [05/Dec/2019:23:36:42 +0100] "POST /wp-cron.php?doing_wp_cron=1575585402.3301529884338378906250 HTTP/1.1" 200 3389 "https://amazingsportwear.com/wp-cron.php?doing_wp_cron=1575585402.3301529884338378906250" "WordPress/5.2.4; https://amazingsportwear.com" "-"
66.249.66.70 - - [05/Dec/2019:23:36:41 +0100] "GET /producto/baston-con-luz-zappe/ HTTP/1.1" 200 99003 "-" "Mozilla/5.0 (Linux; Android 6.0.1; Nexus 5X Build/MMB29P) AppleWebKit/537.36 (KHTML, like Gecko) Chrome/41.0.2272.96 Mobile Safari/537.36 (compatible; Googlebot/2.1; +http://www.google.com/bot.html)" "-"
217.76.130.90 - - [05/Dec/2019:23:37:16 +0100] "POST /wp-cron.php?doing_wp_cron=1575585436.6224560737609863281250 HTTP/1.1" 200 3389 "https://amazingsportwear.com/wp-cron.php?doing_wp_cron=1575585436.6224560737609863281250" "WordPress/5.2.4; https://amazingsportwear.com" "-"
139.47.100.63 - - [05/Dec/2019:23:37:15 +0100] "GET /producto/camiseta-motocross-3/ HTTP/1.1" 200 90467 "https://www.google.com/" "Mozilla/5.0 (Linux; Android 4.4.2; Lenovo A7600-F) AppleWebKit/537.36 (KHTML, like Gecko) Chrome/78.0.3904.108 Safari/537.36" "-"
139.47.100.63 - - [05/Dec/2019:23:37:17 +0100] "GET /wp-includes/css/dist/block-library/style.min.css?ver=5.2.4 HTTP/1.1" 200 29660 "https://amazingsportwear.com/producto/camiseta-motocross-3/" "Mozilla/5.0 (Linux; Android 4.4.2; Lenovo A7600-F) AppleWebKit/537.36 (KHTML, like Gecko) Chrome/78.0.3904.108 Safari/537.36" "-"
139.47.100.63 - - [05/Dec/2019:23:37:17 +0100] "GET /wp-content/plugins/woocommerce/assets/css/blocks/style.css?ver=3.6.4 HTTP/1.1" 200 10060 "https://amazingsportwear.com/producto/camiseta-motocross-3/" "Mozilla/5.0 (Linux; Android 4.4.2; Lenovo A7600-F) AppleWebKit/537.36 (KHTML, like Gecko) Chrome/78.0.3904.108 Safari/537.36" "-"
139.47.100.63 - - [05/Dec/2019:23:37:17 +0100] "GET /wp-content/plugins/cookie-law-info/public/css/cookie-law-info-gdpr.css?ver=1.7.6 HTTP/1.1" 200 12445 "https://amazingsportwear.com/producto/camiseta-motocross-3/" "Mozilla/5.0 (Linux; Android 4.4.2; Lenovo A7600-F) AppleWebKit/537.36 (KHTML, like Gecko) Chrome/78.0.3904.108 Safari/537.36" "-"
139.47.100.63 - - [05/Dec/2019:23:37:17 +0100] "GET /wp-content/plugins/cookie-law-info/public/css/cookie-law-info-public.css?ver=1.7.6 HTTP/1.1" 200 3373 "https://amazingsportwear.com/producto/camiseta-motocross-3/" "Mozilla/5.0 (Linux; Android 4.4.2; Lenovo A7600-F) AppleWebKit/537.36 (KHTML, like Gecko) Chrome/78.0.3904.108 Safari/537.36" "-"
139.47.100.63 - - [05/Dec/2019:23:37:17 +0100] "GET /wp-content/plugins/wpfront-notification-bar/css/wpfront-notification-bar.css?ver=1.7.1 HTTP/1.1" 200 3801 "https://amazingsportwear.com/producto/camiseta-motocross-3/" "Mozilla/5.0 (Linux; Android 4.4.2; Lenovo A7600-F) AppleWebKit/537.36 (KHTML, like Gecko) Chrome/78.0.3904.108 Safari/537.36" "-"
139.47.100.63 - - [05/Dec/2019:23:37:17 +0100] "GET /wp-content/plugins/woocommerce/assets/css/photoswipe/default-skin/default-skin.css?ver=3.6.4 HTTP/1.1" 200 12081 "https://amazingsportwear.com/producto/camiseta-motocross-3/" "Mozilla/5.0 (Linux; Android 4.4.2; Lenovo A7600-F) AppleWebKit/537.36 (KHTML, like Gecko) Chrome/78.0.3904.108 Safari/537.36" "-"
139.47.100.63 - - [05/Dec/2019:23:37:17 +0100] "GET /wp-content/plugins/woocommerce/assets/css/photoswipe/photoswipe.css?ver=3.6.4 HTTP/1.1" 200 4610 "https://amazingsportwear.com/producto/camiseta-motocross-3/" "Mozilla/5.0 (Linux; Android 4.4.2; Lenovo A7600-F) AppleWebKit/537.36 (KHTML, like Gecko) Chrome/78.0.3904.108 Safari/537.36" "-"
139.47.100.63 - - [05/Dec/2019:23:37:17 +0100] "GET /wp-content/themes/shopper/style.css?ver=1.3.8 HTTP/1.1" 200 125315 "https://amazingsportwear.com/producto/camiseta-motocross-3/" "Mozilla/5.0 (Linux; Android 4.4.2; Lenovo A7600-F) AppleWebKit/537.36 (KHTML, like Gecko) Chrome/78.0.3904.108 Safari/537.36" "-"
139.47.100.63 - - [05/Dec/2019:23:37:17 +0100] "GET /wp-content/plugins/simple-social-icons/css/style.css?ver=3.0.1 HTTP/1.1" 200 1562 "https://amazingsportwear.com/producto/camiseta-motocross-3/" "Mozilla/5.0 (Linux; Android 4.4.2; Lenovo A7600-F) AppleWebKit/537.36 (KHTML, like Gecko) Chrome/78.0.3904.108 Safari/537.36" "-"
139.47.100.63 - - [05/Dec/2019:23:37:17 +0100] "GET /wp-content/plugins/cookie-law-info/public/js/cookie-law-info-public.js?ver=1.7.6 HTTP/1.1" 200 17076 "https://amazingsportwear.com/producto/camiseta-motocross-3/" "Mozilla/5.0 (Linux; Android 4.4.2; Lenovo A7600-F) AppleWebKit/537.36 (KHTML, like Gecko) Chrome/78.0.3904.108 Safari/537.36" "-"
139.47.100.63 - - [05/Dec/2019:23:37:17 +0100] "GET /wp-includes/js/jquery/jquery-migrate.min.js?ver=1.4.1 HTTP/1.1" 200 10399 "https://amazingsportwear.com/producto/camiseta-motocross-3/" "Mozilla/5.0 (Linux; Android 4.4.2; Lenovo A7600-F) AppleWebKit/537.36 (KHTML, like Gecko) Chrome/78.0.3904.108 Safari/537.36" "-"
139.47.100.63 - - [05/Dec/2019:23:37:17 +0100] "GET /wp-content/plugins/wpfront-notification-bar/jquery-plugins/jquery.c.js?ver=1.4.0 HTTP/1.1" 200 3437 "https://amazingsportwear.com/producto/camiseta-motocross-3/" "Mozilla/5.0 (Linux; Android 4.4.2; Lenovo A7600-F) AppleWebKit/537.36 (KHTML, like Gecko) Chrome/78.0.3904.108 Safari/537.36" "-"
139.47.100.63 - - [05/Dec/2019:23:37:17 +0100] "GET /wp-content/themes/shopper/assets/sass/woocommerce/woocommerce.css?ver=5.2.4 HTTP/1.1" 200 83534 "https://amazingsportwear.com/producto/camiseta-motocross-3/" "Mozilla/5.0 (Linux; Android 4.4.2; Lenovo A7600-F) AppleWebKit/537.36 (KHTML, like Gecko) Chrome/78.0.3904.108 Safari/537.36" "-"
139.47.100.63 - - [05/Dec/2019:23:37:17 +0100] "GET /wp-includes/js/jquery/jquery.js?ver=1.12.4-wp HTTP/1.1" 200 97362 "https://amazingsportwear.com/producto/camiseta-motocross-3/" "Mozilla/5.0 (Linux; Android 4.4.2; Lenovo A7600-F) AppleWebKit/537.36 (KHTML, like Gecko) Chrome/78.0.3904.108 Safari/537.36" "-"
139.47.100.63 - - [05/Dec/2019:23:37:17 +0100] "GET /wp-content/plugins/wpfront-notification-bar/js/wpfront-notification-bar.js?ver=1.7.1 HTTP/1.1" 200 5662 "https://amazingsportwear.com/producto/camiseta-motocross-3/" "Mozilla/5.0 (Linux; Android 4.4.2; Lenovo A7600-F) AppleWebKit/537.36 (KHTML, like Gecko) Chrome/78.0.3904.108 Safari/537.36" "-"
139.47.100.63 - - [05/Dec/2019:23:37:17 +0100] "GET /wp-content/plugins/simple-social-icons/svgxuse.js?ver=1.1.21 HTTP/1.1" 200 9580 "https://amazingsportwear.com/producto/camiseta-motocross-3/" "Mozilla/5.0 (Linux; Android 4.4.2; Lenovo A7600-F) AppleWebKit/537.36 (KHTML, like Gecko) Chrome/78.0.3904.108 Safari/537.36" "-"
139.47.100.63 - - [05/Dec/2019:23:37:17 +0100] "GET /wp-content/uploads/2019/05/cropped-asw-white.png HTTP/1.1" 200 7500 "https://amazingsportwear.com/producto/camiseta-motocross-3/" "Mozilla/5.0 (Linux; Android 4.4.2; Lenovo A7600-F) AppleWebKit/537.36 (KHTML, like Gecko) Chrome/78.0.3904.108 Safari/537.36" "-"
139.47.100.63 - - [05/Dec/2019:23:37:17 +0100] "GET /wp-includes/js/jquery/jquery.js HTTP/1.1" 200 97362 "https://amazingsportwear.com/producto/camiseta-motocross-3/" "Mozilla/5.0 (Linux; Android 4.4.2; Lenovo A7600-F) AppleWebKit/537.36 (KHTML, like Gecko) Chrome/78.0.3904.108 Safari/537.36" "-"
139.47.100.63 - - [05/Dec/2019:23:37:17 +0100] "GET /wp-content/plugins/product-enquiry-for-woocommerce/css/wdm-jquery-ui.css?ver=5.2.4 HTTP/1.1" 200 27001 "https://amazingsportwear.com/producto/camiseta-motocross-3/" "Mozilla/5.0 (Linux; Android 4.4.2; Lenovo A7600-F) AppleWebKit/537.36 (KHTML, like Gecko) Chrome/78.0.3904.108 Safari/537.36" "-"
139.47.100.63 - - [05/Dec/2019:23:37:17 +0100] "GET /wp-content/themes/shopper/assets/js/crm.js?ver=1561548510 HTTP/1.1" 200 874 "https://amazingsportwear.com/producto/camiseta-motocross-3/" "Mozilla/5.0 (Linux; Android 4.4.2; Lenovo A7600-F) AppleWebKit/537.36 (KHTML, like Gecko) Chrome/78.0.3904.108 Safari/537.36" "-"
139.47.100.63 - - [05/Dec/2019:23:37:17 +0100] "GET /wp-content/plugins/woocommerce/assets/js/jquery-blockui/jquery.blockUI.min.js?ver=2.70 HTTP/1.1" 200 9908 "https://amazingsportwear.com/producto/camiseta-motocross-3/" "Mozilla/5.0 (Linux; Android 4.4.2; Lenovo A7600-F) AppleWebKit/537.36 (KHTML, like Gecko) Chrome/78.0.3904.108 Safari/537.36" "-"
139.47.100.63 - - [05/Dec/2019:23:37:17 +0100] "GET /wp-content/plugins/woocommerce/assets/js/frontend/add-to-cart.min.js?ver=3.6.4 HTTP/1.1" 200 2983 "https://amazingsportwear.com/producto/camiseta-motocross-3/" "Mozilla/5.0 (Linux; Android 4.4.2; Lenovo A7600-F) AppleWebKit/537.36 (KHTML, like Gecko) Chrome/78.0.3904.108 Safari/537.36" "-"
139.47.100.63 - - [05/Dec/2019:23:37:17 +0100] "GET /wp-content/plugins/woocommerce/assets/js/zoom/jquery.zoom.min.js?ver=1.7.21 HTTP/1.1" 200 2957 "https://amazingsportwear.com/producto/camiseta-motocross-3/" "Mozilla/5.0 (Linux; Android 4.4.2; Lenovo A7600-F) AppleWebKit/537.36 (KHTML, like Gecko) Chrome/78.0.3904.108 Safari/537.36" "-"
139.47.100.63 - - [05/Dec/2019:23:37:17 +0100] "GET /wp-content/plugins/woocommerce/assets/js/flexslider/jquery.flexslider.min.js?ver=2.7.2 HTTP/1.1" 200 23232 "https://amazingsportwear.com/producto/camiseta-motocross-3/" "Mozilla/5.0 (Linux; Android 4.4.2; Lenovo A7600-F) AppleWebKit/537.36 (KHTML, like Gecko) Chrome/78.0.3904.108 Safari/537.36" "-"
139.47.100.63 - - [05/Dec/2019:23:37:17 +0100] "GET /wp-content/plugins/woocommerce/assets/js/photoswipe/photoswipe.min.js?ver=4.1.1 HTTP/1.1" 200 32276 "https://amazingsportwear.com/producto/camiseta-motocross-3/" "Mozilla/5.0 (Linux; Android 4.4.2; Lenovo A7600-F) AppleWebKit/537.36 (KHTML, like Gecko) Chrome/78.0.3904.108 Safari/537.36" "-"
139.47.100.63 - - [05/Dec/2019:23:37:17 +0100] "GET /wp-content/plugins/woocommerce/assets/js/photoswipe/photoswipe-ui-default.min.js?ver=4.1.1 HTTP/1.1" 200 10220 "https://amazingsportwear.com/producto/camiseta-motocross-3/" "Mozilla/5.0 (Linux; Android 4.4.2; Lenovo A7600-F) AppleWebKit/537.36 (KHTML, like Gecko) Chrome/78.0.3904.108 Safari/537.36" "-"
139.47.100.63 - - [05/Dec/2019:23:37:17 +0100] "GET /wp-content/plugins/woocommerce/assets/js/frontend/woocommerce.min.js?ver=3.6.4 HTTP/1.1" 200 1813 "https://amazingsportwear.com/producto/camiseta-motocross-3/" "Mozilla/5.0 (Linux; Android 4.4.2; Lenovo A7600-F) AppleWebKit/537.36 (KHTML, like Gecko) Chrome/78.0.3904.108 Safari/537.36" "-"
139.47.100.63 - - [05/Dec/2019:23:37:17 +0100] "GET /wp-content/plugins/woocommerce/assets/js/js-cookie/js.cookie.min.js?ver=2.1.4 HTTP/1.1" 200 2187 "https://amazingsportwear.com/producto/camiseta-motocross-3/" "Mozilla/5.0 (Linux; Android 4.4.2; Lenovo A7600-F) AppleWebKit/537.36 (KHTML, like Gecko) Chrome/78.0.3904.108 Safari/537.36" "-"
139.47.100.63 - - [05/Dec/2019:23:37:17 +0100] "GET /wp-content/plugins/woocommerce/assets/js/frontend/single-product.min.js?ver=3.6.4 HTTP/1.1" 200 6693 "https://amazingsportwear.com/producto/camiseta-motocross-3/" "Mozilla/5.0 (Linux; Android 4.4.2; Lenovo A7600-F) AppleWebKit/537.36 (KHTML, like Gecko) Chrome/78.0.3904.108 Safari/537.36" "-"
139.47.100.63 - - [05/Dec/2019:23:37:17 +0100] "GET /wp-content/plugins/woocommerce/assets/js/frontend/cart-fragments.min.js?ver=3.6.4 HTTP/1.1" 200 3281 "https://amazingsportwear.com/producto/camiseta-motocross-3/" "Mozilla/5.0 (Linux; Android 4.4.2; Lenovo A7600-F) AppleWebKit/537.36 (KHTML, like Gecko) Chrome/78.0.3904.108 Safari/537.36" "-"
139.47.100.63 - - [05/Dec/2019:23:37:18 +0100] "GET /wp-content/themes/shopper/assets/js/skip-link-focus-fix.js?ver=1.3.8 HTTP/1.1" 200 1023 "https://amazingsportwear.com/producto/camiseta-motocross-3/" "Mozilla/5.0 (Linux; Android 4.4.2; Lenovo A7600-F) AppleWebKit/537.36 (KHTML, like Gecko) Chrome/78.0.3904.108 Safari/537.36" "-"
139.47.100.63 - - [05/Dec/2019:23:37:18 +0100] "GET /wp-includes/js/comment-reply.min.js?ver=5.2.4 HTTP/1.1" 200 2575 "https://amazingsportwear.com/producto/camiseta-motocross-3/" "Mozilla/5.0 (Linux; Android 4.4.2; Lenovo A7600-F) AppleWebKit/537.36 (KHTML, like Gecko) Chrome/78.0.3904.108 Safari/537.36" "-"
139.47.100.63 - - [05/Dec/2019:23:37:18 +0100] "GET /wp-content/themes/shopper/assets/js/woocommerce/header-cart.min.js?ver=1.3.8 HTTP/1.1" 200 972 "https://amazingsportwear.com/producto/camiseta-motocross-3/" "Mozilla/5.0 (Linux; Android 4.4.2; Lenovo A7600-F) AppleWebKit/537.36 (KHTML, like Gecko) Chrome/78.0.3904.108 Safari/537.36" "-"
139.47.100.63 - - [05/Dec/2019:23:37:18 +0100] "GET /wp-content/themes/shopper/assets/js/shopper.min.js?ver=1.3.8 HTTP/1.1" 200 5994 "https://amazingsportwear.com/producto/camiseta-motocross-3/" "Mozilla/5.0 (Linux; Android 4.4.2; Lenovo A7600-F) AppleWebKit/537.36 (KHTML, like Gecko) Chrome/78.0.3904.108 Safari/537.36" "-"
139.47.100.63 - - [05/Dec/2019:23:37:18 +0100] "GET /wp-includes/js/wp-embed.min.js?ver=5.2.4 HTTP/1.1" 200 1744 "https://amazingsportwear.com/producto/camiseta-motocross-3/" "Mozilla/5.0 (Linux; Android 4.4.2; Lenovo A7600-F) AppleWebKit/537.36 (KHTML, like Gecko) Chrome/78.0.3904.108 Safari/537.36" "-"
139.47.100.63 - - [05/Dec/2019:23:37:18 +0100] "GET /wp-includes/js/underscore.min.js?ver=1.8.3 HTTP/1.1" 200 16527 "https://amazingsportwear.com/producto/camiseta-motocross-3/" "Mozilla/5.0 (Linux; Android 4.4.2; Lenovo A7600-F) AppleWebKit/537.36 (KHTML, like Gecko) Chrome/78.0.3904.108 Safari/537.36" "-"
139.47.100.63 - - [05/Dec/2019:23:37:18 +0100] "GET /wp-content/themes/shopper/assets/fonts/fontawesome-webfont.woff2?v=4.7.0 HTTP/1.1" 200 77615 "https://amazingsportwear.com/wp-content/themes/shopper/style.css?ver=1.3.8" "Mozilla/5.0 (Linux; Android 4.4.2; Lenovo A7600-F) AppleWebKit/537.36 (KHTML, like Gecko) Chrome/78.0.3904.108 Safari/537.36" "-"
139.47.100.63 - - [05/Dec/2019:23:37:18 +0100] "GET /wp-includes/js/wp-util.min.js?ver=5.2.4 HTTP/1.1" 200 1387 "https://amazingsportwear.com/producto/camiseta-motocross-3/" "Mozilla/5.0 (Linux; Android 4.4.2; Lenovo A7600-F) AppleWebKit/537.36 (KHTML, like Gecko) Chrome/78.0.3904.108 Safari/537.36" "-"
139.47.100.63 - - [05/Dec/2019:23:37:18 +0100] "GET /wp-content/plugins/woocommerce/assets/js/frontend/add-to-cart-variation.min.js?ver=3.6.4 HTTP/1.1" 200 13625 "https://amazingsportwear.com/producto/camiseta-motocross-3/" "Mozilla/5.0 (Linux; Android 4.4.2; Lenovo A7600-F) AppleWebKit/537.36 (KHTML, like Gecko) Chrome/78.0.3904.108 Safari/537.36" "-"
139.47.100.63 - - [05/Dec/2019:23:37:18 +0100] "GET /wp-includes/js/jquery/ui/core.min.js?ver=1.11.4 HTTP/1.1" 200 4341 "https://amazingsportwear.com/producto/camiseta-motocross-3/" "Mozilla/5.0 (Linux; Android 4.4.2; Lenovo A7600-F) AppleWebKit/537.36 (KHTML, like Gecko) Chrome/78.0.3904.108 Safari/537.36" "-"
139.47.100.63 - - [05/Dec/2019:23:37:18 +0100] "GET /wp-includes/js/jquery/ui/mouse.min.js?ver=1.11.4 HTTP/1.1" 200 3489 "https://amazingsportwear.com/producto/camiseta-motocross-3/" "Mozilla/5.0 (Linux; Android 4.4.2; Lenovo A7600-F) AppleWebKit/537.36 (KHTML, like Gecko) Chrome/78.0.3904.108 Safari/537.36" "-"
139.47.100.63 - - [05/Dec/2019:23:37:18 +0100] "GET /wp-includes/js/jquery/ui/widget.min.js?ver=1.11.4 HTTP/1.1" 200 7250 "https://amazingsportwear.com/producto/camiseta-motocross-3/" "Mozilla/5.0 (Linux; Android 4.4.2; Lenovo A7600-F) AppleWebKit/537.36 (KHTML, like Gecko) Chrome/78.0.3904.108 Safari/537.36" "-"
139.47.100.63 - - [05/Dec/2019:23:37:18 +0100] "GET /wp-includes/js/jquery/ui/resizable.min.js?ver=1.11.4 HTTP/1.1" 200 18798 "https://amazingsportwear.com/producto/camiseta-motocross-3/" "Mozilla/5.0 (Linux; Android 4.4.2; Lenovo A7600-F) AppleWebKit/537.36 (KHTML, like Gecko) Chrome/78.0.3904.108 Safari/537.36" "-"
139.47.100.63 - - [05/Dec/2019:23:37:18 +0100] "GET /wp-includes/js/jquery/ui/draggable.min.js?ver=1.11.4 HTTP/1.1" 200 19277 "https://amazingsportwear.com/producto/camiseta-motocross-3/" "Mozilla/5.0 (Linux; Android 4.4.2; Lenovo A7600-F) AppleWebKit/537.36 (KHTML, like Gecko) Chrome/78.0.3904.108 Safari/537.36" "-"
139.47.100.63 - - [05/Dec/2019:23:37:18 +0100] "GET /wp-content/uploads/2017/01/camiseta-motocross.jpg HTTP/1.1" 200 44306 "https://amazingsportwear.com/producto/camiseta-motocross-3/" "Mozilla/5.0 (Linux; Android 4.4.2; Lenovo A7600-F) AppleWebKit/537.36 (KHTML, like Gecko) Chrome/78.0.3904.108 Safari/537.36" "-"
139.47.100.63 - - [05/Dec/2019:23:37:18 +0100] "GET /wp-includes/js/jquery/ui/button.min.js?ver=1.11.4 HTTP/1.1" 200 7578 "https://amazingsportwear.com/producto/camiseta-motocross-3/" "Mozilla/5.0 (Linux; Android 4.4.2; Lenovo A7600-F) AppleWebKit/537.36 (KHTML, like Gecko) Chrome/78.0.3904.108 Safari/537.36" "-"
139.47.100.63 - - [05/Dec/2019:23:37:18 +0100] "GET /wp-includes/js/jquery/ui/position.min.js?ver=1.11.4 HTTP/1.1" 200 6869 "https://amazingsportwear.com/producto/camiseta-motocross-3/" "Mozilla/5.0 (Linux; Android 4.4.2; Lenovo A7600-F) AppleWebKit/537.36 (KHTML, like Gecko) Chrome/78.0.3904.108 Safari/537.36" "-"
139.47.100.63 - - [05/Dec/2019:23:37:18 +0100] "GET /wp-includes/js/jquery/ui/dialog.min.js?ver=1.11.4 HTTP/1.1" 200 12482 "https://amazingsportwear.com/producto/camiseta-motocross-3/" "Mozilla/5.0 (Linux; Android 4.4.2; Lenovo A7600-F) AppleWebKit/537.36 (KHTML, like Gecko) Chrome/78.0.3904.108 Safari/537.36" "-"
139.47.100.63 - - [05/Dec/2019:23:37:18 +0100] "GET /wp-content/uploads/2017/01/motocr.png HTTP/1.1" 200 261393 "https://amazingsportwear.com/producto/camiseta-motocross-3/" "Mozilla/5.0 (Linux; Android 4.4.2; Lenovo A7600-F) AppleWebKit/537.36 (KHTML, like Gecko) Chrome/78.0.3904.108 Safari/537.36" "-"
139.47.100.63 - - [05/Dec/2019:23:37:18 +0100] "GET /wp-content/plugins/product-enquiry-for-woocommerce/js/contact.js?ver=5.2.4 HTTP/1.1" 200 4681 "https://amazingsportwear.com/producto/camiseta-motocross-3/" "Mozilla/5.0 (Linux; Android 4.4.2; Lenovo A7600-F) AppleWebKit/537.36 (KHTML, like Gecko) Chrome/78.0.3904.108 Safari/537.36" "-"
139.47.100.63 - - [05/Dec/2019:23:37:18 +0100] "GET /wp-content/plugins/product-enquiry-for-woocommerce/js/wdm_jquery.validate.min.js?ver=5.2.4 HTTP/1.1" 200 21818 "https://amazingsportwear.com/producto/camiseta-motocross-3/" "Mozilla/5.0 (Linux; Android 4.4.2; Lenovo A7600-F) AppleWebKit/537.36 (KHTML, like Gecko) Chrome/78.0.3904.108 Safari/537.36" "-"
139.47.100.63 - - [05/Dec/2019:23:37:18 +0100] "GET /wp-content/uploads/2017/01/cullote-largo1-300x300.jpg HTTP/1.1" 200 9017 "https://amazingsportwear.com/producto/camiseta-motocross-3/" "Mozilla/5.0 (Linux; Android 4.4.2; Lenovo A7600-F) AppleWebKit/537.36 (KHTML, like Gecko) Chrome/78.0.3904.108 Safari/537.36" "-"
139.47.100.63 - - [05/Dec/2019:23:37:18 +0100] "GET /wp-content/uploads/2017/01/manguitos-ciclismo1-300x300.jpg HTTP/1.1" 200 16342 "https://amazingsportwear.com/producto/camiseta-motocross-3/" "Mozilla/5.0 (Linux; Android 4.4.2; Lenovo A7600-F) AppleWebKit/537.36 (KHTML, like Gecko) Chrome/78.0.3904.108 Safari/537.36" "-"
139.47.100.63 - - [05/Dec/2019:23:37:18 +0100] "GET /wp-content/uploads/2017/01/sudadera-basic1-300x300.jpg HTTP/1.1" 200 28644 "https://amazingsportwear.com/producto/camiseta-motocross-3/" "Mozilla/5.0 (Linux; Android 4.4.2; Lenovo A7600-F) AppleWebKit/537.36 (KHTML, like Gecko) Chrome/78.0.3904.108 Safari/537.36" "-"
139.47.100.63 - - [05/Dec/2019:23:37:18 +0100] "GET /wp-content/uploads/2019/05/asw-white-300x126.png HTTP/1.1" 200 12061 "https://amazingsportwear.com/producto/camiseta-motocross-3/" "Mozilla/5.0 (Linux; Android 4.4.2; Lenovo A7600-F) AppleWebKit/537.36 (KHTML, like Gecko) Chrome/78.0.3904.108 Safari/537.36" "-"
139.47.100.63 - - [05/Dec/2019:23:37:18 +0100] "GET /wp-includes/js/wp-emoji-release.min.js?ver=5.2.4 HTTP/1.1" 200 14183 "https://amazingsportwear.com/producto/camiseta-motocross-3/" "Mozilla/5.0 (Linux; Android 4.4.2; Lenovo A7600-F) AppleWebKit/537.36 (KHTML, like Gecko) Chrome/78.0.3904.108 Safari/537.36" "-"
139.47.100.63 - - [05/Dec/2019:23:37:18 +0100] "GET /wp-content/plugins/product-enquiry-for-woocommerce/img/contact/loading.gif HTTP/1.1" 200 3834 "https://amazingsportwear.com/producto/camiseta-motocross-3/" "Mozilla/5.0 (Linux; Android 4.4.2; Lenovo A7600-F) AppleWebKit/537.36 (KHTML, like Gecko) Chrome/78.0.3904.108 Safari/537.36" "-"
139.47.100.63 - - [05/Dec/2019:23:37:18 +0100] "GET /wp-content/plugins/simple-social-icons/symbol-defs.svg HTTP/1.1" 200 19699 "https://amazingsportwear.com/producto/camiseta-motocross-3/" "Mozilla/5.0 (Linux; Android 4.4.2; Lenovo A7600-F) AppleWebKit/537.36 (KHTML, like Gecko) Chrome/78.0.3904.108 Safari/537.36" "-"
139.47.100.63 - - [05/Dec/2019:23:37:18 +0100] "GET /wp-content/plugins/akismet/_inc/form.js?ver=4.1.2 HTTP/1.1" 200 1040 "https://amazingsportwear.com/producto/camiseta-motocross-3/" "Mozilla/5.0 (Linux; Android 4.4.2; Lenovo A7600-F) AppleWebKit/537.36 (KHTML, like Gecko) Chrome/78.0.3904.108 Safari/537.36" "-"
139.47.100.63 - - [05/Dec/2019:23:37:18 +0100] "GET /wp-content/plugins/wpfront-notification-bar/images/arrow_down.png HTTP/1.1" 200 2562 "https://amazingsportwear.com/wp-content/plugins/wpfront-notification-bar/css/wpfront-notification-bar.css?ver=1.7.1" "Mozilla/5.0 (Linux; Android 4.4.2; Lenovo A7600-F) AppleWebKit/537.36 (KHTML, like Gecko) Chrome/78.0.3904.108 Safari/537.36" "-"
139.47.100.63 - - [05/Dec/2019:23:37:20 +0100] "GET /wp-content/uploads/2017/01/camiseta-motocross-100x100.jpg HTTP/1.1" 200 3530 "https://amazingsportwear.com/producto/camiseta-motocross-3/" "Mozilla/5.0 (Linux; Android 4.4.2; Lenovo A7600-F) AppleWebKit/537.36 (KHTML, like Gecko) Chrome/78.0.3904.108 Safari/537.36" "-"
139.47.100.63 - - [05/Dec/2019:23:37:20 +0100] "GET /wp-content/uploads/2017/01/motocr-100x100.png HTTP/1.1" 200 16545 "https://amazingsportwear.com/producto/camiseta-motocross-3/" "Mozilla/5.0 (Linux; Android 4.4.2; Lenovo A7600-F) AppleWebKit/537.36 (KHTML, like Gecko) Chrome/78.0.3904.108 Safari/537.36" "-"
139.47.100.63 - - [05/Dec/2019:23:37:20 +0100] "POST /?wc-ajax=get_refreshed_fragments HTTP/1.1" 200 1397 "https://amazingsportwear.com/producto/camiseta-motocross-3/" "Mozilla/5.0 (Linux; Android 4.4.2; Lenovo A7600-F) AppleWebKit/537.36 (KHTML, like Gecko) Chrome/78.0.3904.108 Safari/537.36" "-"
139.47.100.63 - - [05/Dec/2019:23:37:21 +0100] "GET /wp-content/uploads/2019/05/cropped-favicon-nuevo-logo-amazinf-128px-192x192.png HTTP/1.1" 200 10880 "https://amazingsportwear.com/producto/camiseta-motocross-3/" "Mozilla/5.0 (Linux; Android 4.4.2; Lenovo A7600-F) AppleWebKit/537.36 (KHTML, like Gecko) Chrome/78.0.3904.108 Safari/537.36" "_ga=GA1.2.69252525.1575585453; _gid=GA1.2.72800519.1575585453; _gat_gtag_UA_91619287_1=1; wpfront-notification-bar-landingpage=1"
