88.99.250.15 - - [03/Dec/2019:12:51:50 +0100] "GET /tienda/211-pantalon-largo-aspen-sa-1177.html HTTP/1.1" 404 68032 "-" "Mozilla/5.0 (compatible; BLEXBot/1.0; +http://webmeup-crawler.com/)" "wpfront-notification-bar-landingpage=1"
88.99.250.15 - - [03/Dec/2019:12:52:00 +0100] "GET /tienda/212-pantalon-leggin-bristol-sa-0406.html HTTP/1.1" 404 68033 "-" "Mozilla/5.0 (compatible; BLEXBot/1.0; +http://webmeup-crawler.com/)" "wpfront-notification-bar-landingpage=1"
217.76.130.90 - - [03/Dec/2019:12:52:10 +0100] "POST /wp-cron.php?doing_wp_cron=1575373930.0939679145812988281250 HTTP/1.1" 200 164 "http://amazingsportwear.com/wp-cron.php?doing_wp_cron=1575373930.0939679145812988281250" "WordPress/5.2.4; https://amazingsportwear.com" "-"
88.99.250.15 - - [03/Dec/2019:12:52:09 +0100] "GET /tienda/213-pantalon-largo-argos-sa-0460.html HTTP/1.1" 404 68027 "-" "Mozilla/5.0 (compatible; BLEXBot/1.0; +http://webmeup-crawler.com/)" "wpfront-notification-bar-landingpage=1"
88.99.250.15 - - [03/Dec/2019:12:52:14 +0100] "GET /tienda/214-pantalon-corto-carson-sa-1029.html HTTP/1.1" 404 67999 "-" "Mozilla/5.0 (compatible; BLEXBot/1.0; +http://webmeup-crawler.com/)" "wpfront-notification-bar-landingpage=1"
88.99.250.15 - - [03/Dec/2019:12:52:23 +0100] "GET /tienda/215-pantalon-largo-mujer-adelpho-sa-1175.html HTTP/1.1" 404 68120 "-" "Mozilla/5.0 (compatible; BLEXBot/1.0; +http://webmeup-crawler.com/)" "-"
182.247.36.19 - - [03/Dec/2019:12:52:31 +0100] "GET /etiqueta-producto/gorra-tecnica HTTP/1.1" 301 3555 "-" "Mozilla/5.0 (Linux; Android 7.0; FRD-AL00 Build/HUAWEIFRD-AL00; wv) AppleWebKit/537.36 (KHTML, like Gecko) Version/4.0 Chrome/53.0.2785.49 Mobile MQQBrowser/6.2 TBS/043602 Safari/537.36 MicroMessenger/6.5.16.1120 NetType/WIFI Language/zh_CN" "-"
88.99.250.15 - - [03/Dec/2019:12:52:33 +0100] "GET /tienda/216-pantalon-largo-adelpho-sa-1174.html HTTP/1.1" 404 68036 "-" "Mozilla/5.0 (compatible; BLEXBot/1.0; +http://webmeup-crawler.com/)" "wpfront-notification-bar-landingpage=1"
182.247.36.19 - - [03/Dec/2019:12:52:35 +0100] "GET /etiqueta-producto/gorra-tecnica/ HTTP/1.1" 200 60995 "-" "Mozilla/5.0 (Linux; Android 7.0; FRD-AL00 Build/HUAWEIFRD-AL00; wv) AppleWebKit/537.36 (KHTML, like Gecko) Version/4.0 Chrome/53.0.2785.49 Mobile MQQBrowser/6.2 TBS/043602 Safari/537.36 MicroMessenger/6.5.16.1120 NetType/WIFI Language/zh_CN" "wpfront-notification-bar-landingpage=1"
88.99.250.15 - - [03/Dec/2019:12:52:40 +0100] "GET /tienda/217-falda-patty-sa-0321.html HTTP/1.1" 404 68019 "-" "Mozilla/5.0 (compatible; BLEXBot/1.0; +http://webmeup-crawler.com/)" "wpfront-notification-bar-landingpage=1"
124.113.240.72 - - [03/Dec/2019:12:52:38 +0100] "GET /wp-content/uploads/2018/05/cif-S-004-VE.jpg HTTP/1.1" 200 111219 "-" "Mozilla/5.0(Linux;Android 5.1.1;OPPO A33 Build/LMY47V;wv) AppleWebKit/537.36(KHTML,link Gecko) Version/4.0 Chrome/43.0.2357.121 Mobile Safari/537.36 LieBaoFast/4.51.3" "-"
88.99.250.15 - - [03/Dec/2019:12:52:46 +0100] "GET /tienda/218-pantalon-corto-lanus-sa-6655.html HTTP/1.1" 404 68062 "-" "Mozilla/5.0 (compatible; BLEXBot/1.0; +http://webmeup-crawler.com/)" "wpfront-notification-bar-landingpage=1"
88.99.250.15 - - [03/Dec/2019:12:52:54 +0100] "GET /tienda/219-pantalon-leggin-adelaida-sa-0459.html HTTP/1.1" 404 68060 "-" "Mozilla/5.0 (compatible; BLEXBot/1.0; +http://webmeup-crawler.com/)" "wpfront-notification-bar-landingpage=1"
88.99.250.15 - - [03/Dec/2019:12:52:57 +0100] "GET /tienda/220-camiseta-tecnic-plus-nino-cat-4185.html HTTP/1.1" 404 68054 "-" "Mozilla/5.0 (compatible; BLEXBot/1.0; +http://webmeup-crawler.com/)" "wpfront-notification-bar-landingpage=1"
88.99.250.15 - - [03/Dec/2019:12:53:02 +0100] "GET /tienda/221-camiseta-tecnics-sin-mangas-sunit-cat-4725.html HTTP/1.1" 404 68085 "-" "Mozilla/5.0 (compatible; BLEXBot/1.0; +http://webmeup-crawler.com/)" "wpfront-notification-bar-landingpage=1"
217.76.130.90 - - [03/Dec/2019:12:53:06 +0100] "POST /wp-cron.php?doing_wp_cron=1575373986.2328989505767822265625 HTTP/1.1" 200 164 "http://amazingsportwear.com/wp-cron.php?doing_wp_cron=1575373986.2328989505767822265625" "WordPress/5.2.4; https://amazingsportwear.com" "-"
88.99.250.15 - - [03/Dec/2019:12:53:05 +0100] "GET /tienda/222-camiseta-tecnica-combinada-atom-aq-atom.html HTTP/1.1" 404 68059 "-" "Mozilla/5.0 (compatible; BLEXBot/1.0; +http://webmeup-crawler.com/)" "wpfront-notification-bar-landingpage=1"
88.99.250.15 - - [03/Dec/2019:12:53:08 +0100] "GET /tienda/223-camiseta-tecnic-plus-mujer-cat-4186.html HTTP/1.1" 404 68061 "-" "Mozilla/5.0 (compatible; BLEXBot/1.0; +http://webmeup-crawler.com/)" "wpfront-notification-bar-landingpage=1"
88.99.250.15 - - [03/Dec/2019:12:53:14 +0100] "GET /tienda/224-camiseta-tecnica-mujer-tirantes-aq-armour-aerobic.html HTTP/1.1" 404 68094 "-" "Mozilla/5.0 (compatible; BLEXBot/1.0; +http://webmeup-crawler.com/)" "wpfront-notification-bar-landingpage=1"
88.99.250.15 - - [03/Dec/2019:12:53:21 +0100] "GET /tienda/225-camiseta-tecnica-mujer-cuello-redondo-aq-armour.html HTTP/1.1" 404 68060 "-" "Mozilla/5.0 (compatible; BLEXBot/1.0; +http://webmeup-crawler.com/)" "wpfront-notification-bar-landingpage=1"
88.99.250.15 - - [03/Dec/2019:12:53:24 +0100] "GET /tienda/227-polo-tecnico-kiso-hombre-pf-39084.html HTTP/1.1" 404 68027 "-" "Mozilla/5.0 (compatible; BLEXBot/1.0; +http://webmeup-crawler.com/)" "wpfront-notification-bar-landingpage=1"
88.99.250.15 - - [03/Dec/2019:12:53:29 +0100] "GET /tienda/228-polo-tecnico-kiso-mujer-pf-39085.html HTTP/1.1" 404 68035 "-" "Mozilla/5.0 (compatible; BLEXBot/1.0; +http://webmeup-crawler.com/)" "wpfront-notification-bar-landingpage=1"
88.99.250.15 - - [03/Dec/2019:12:53:34 +0100] "GET /tienda/229-polo-tecnico-prescott-mujer-pf-39087.html HTTP/1.1" 404 68053 "-" "Mozilla/5.0 (compatible; BLEXBot/1.0; +http://webmeup-crawler.com/)" "wpfront-notification-bar-landingpage=1"
88.99.250.15 - - [03/Dec/2019:12:53:41 +0100] "GET /tienda/230-polo-tecnico-prescott-hombre-pf-39086.html HTTP/1.1" 404 68065 "-" "Mozilla/5.0 (compatible; BLEXBot/1.0; +http://webmeup-crawler.com/)" "wpfront-notification-bar-landingpage=1"
88.99.250.15 - - [03/Dec/2019:12:53:45 +0100] "GET /tienda/231-polo-tecnico-prater-hombre-pf-39088.html HTTP/1.1" 404 68091 "-" "Mozilla/5.0 (compatible; BLEXBot/1.0; +http://webmeup-crawler.com/)" "wpfront-notification-bar-landingpage=1"
88.99.250.15 - - [03/Dec/2019:12:53:48 +0100] "GET /tienda/232-polo-tecnico-prater-mujer-pf-39089.html HTTP/1.1" 404 68059 "-" "Mozilla/5.0 (compatible; BLEXBot/1.0; +http://webmeup-crawler.com/)" "wpfront-notification-bar-landingpage=1"
220.163.175.137 - - [03/Dec/2019:12:53:50 +0100] "GET /categoria-producto/inicio/page/3?add-to-cart=18678 HTTP/1.1" 301 4815 "-" "Mozilla/5.0(Linux;Android 5.1.1;OPPO A33 Build/LMY47V;wv) AppleWebKit/537.36(KHTML,link Gecko) Version/4.0 Chrome/43.0.2357.121 Mobile Safari/537.36 LieBaoFast/4.51.3" "-"
88.99.250.15 - - [03/Dec/2019:12:53:53 +0100] "GET /tienda/233-polo-tecnico-street-cif-t110.html HTTP/1.1" 404 68032 "-" "Mozilla/5.0 (compatible; BLEXBot/1.0; +http://webmeup-crawler.com/)" "wpfront-notification-bar-landingpage=1"
88.99.250.15 - - [03/Dec/2019:12:53:58 +0100] "GET /tienda/234-polo-tecnico-sol-palladium.html HTTP/1.1" 404 68023 "-" "Mozilla/5.0 (compatible; BLEXBot/1.0; +http://webmeup-crawler.com/)" "wpfront-notification-bar-landingpage=1"
217.76.130.90 - - [03/Dec/2019:12:54:04 +0100] "POST /wp-cron.php?doing_wp_cron=1575374044.1109309196472167968750 HTTP/1.1" 200 164 "http://amazingsportwear.com/wp-cron.php?doing_wp_cron=1575374044.1109309196472167968750" "WordPress/5.2.4; https://amazingsportwear.com" "-"
88.99.250.15 - - [03/Dec/2019:12:54:03 +0100] "GET /tienda/235-polo-tecnico-hombre-cif-t611-613-615.html HTTP/1.1" 404 68048 "-" "Mozilla/5.0 (compatible; BLEXBot/1.0; +http://webmeup-crawler.com/)" "wpfront-notification-bar-landingpage=1"
88.99.250.15 - - [03/Dec/2019:12:54:09 +0100] "GET /tienda/236-polo-tecnico-mujer-cif-t621-623-625.html HTTP/1.1" 404 68051 "-" "Mozilla/5.0 (compatible; BLEXBot/1.0; +http://webmeup-crawler.com/)" "wpfront-notification-bar-landingpage=1"
88.99.250.15 - - [03/Dec/2019:12:54:15 +0100] "GET /tienda/237-polo-tecnico-bandera-star-cif-t-2021-2020-2024.html HTTP/1.1" 404 68083 "-" "Mozilla/5.0 (compatible; BLEXBot/1.0; +http://webmeup-crawler.com/)" "wpfront-notification-bar-landingpage=1"
88.99.250.15 - - [03/Dec/2019:12:54:19 +0100] "GET /tienda/238-polo-tecnico-combi-line-cif-t-2031-2030.html HTTP/1.1" 404 68054 "-" "Mozilla/5.0 (compatible; BLEXBot/1.0; +http://webmeup-crawler.com/)" "wpfront-notification-bar-landingpage=1"
88.99.250.15 - - [03/Dec/2019:12:54:22 +0100] "GET /tienda/239-polo-tecnico-open-aq-open.html HTTP/1.1" 404 68021 "-" "Mozilla/5.0 (compatible; BLEXBot/1.0; +http://webmeup-crawler.com/)" "wpfront-notification-bar-landingpage=1"
220.163.175.137 - - [03/Dec/2019:12:54:28 +0100] "GET /categoria-producto/inicio/page/3/?add-to-cart=18678 HTTP/1.1" 200 78103 "-" "Mozilla/5.0(Linux;Android 5.1.1;OPPO A33 Build/LMY47V;wv) AppleWebKit/537.36(KHTML,link Gecko) Version/4.0 Chrome/43.0.2357.121 Mobile Safari/537.36 LieBaoFast/4.51.3" "woocommerce_cart_hash=4124c28410e9152fd0477c6fc589209e; woocommerce_items_in_cart=1; wp_woocommerce_session_fb86dbb0e6335d960ea3e94e06b25287=d4cd6d2b258c1a107578e5e9e29dbefa%7C%7C1575546831%7C%7C1575543231%7C%7Cc062d06f53f28449f6f33c2b4ae5d2d5; wpfront-notification-bar-landingpage=1"
88.99.250.15 - - [03/Dec/2019:12:54:30 +0100] "GET /tienda/240-polo-tecnico-game-slazenger-hombre-pf-33108.html HTTP/1.1" 404 68109 "-" "Mozilla/5.0 (compatible; BLEXBot/1.0; +http://webmeup-crawler.com/)" "-"
88.99.250.15 - - [03/Dec/2019:12:54:33 +0100] "GET /tienda/241-polo-tecnico-game-slazenger-mujer-pf-33109.html HTTP/1.1" 404 68080 "-" "Mozilla/5.0 (compatible; BLEXBot/1.0; +http://webmeup-crawler.com/)" "wpfront-notification-bar-landingpage=1"
88.99.250.15 - - [03/Dec/2019:12:54:35 +0100] "GET /tienda/243-polo-monzha-tecnico-sa-0404.html HTTP/1.1" 404 68035 "-" "Mozilla/5.0 (compatible; BLEXBot/1.0; +http://webmeup-crawler.com/)" "wpfront-notification-bar-landingpage=1"
114.101.247.86 - - [03/Dec/2019:12:54:39 +0100] "GET /producto/camiseta-manga-corta-ranglan-futbol-3 HTTP/1.1" 301 3570 "-" "Mozilla/5.0(Linux;U;Android 5.1.1;zh-CN;OPPO A33 Build/LMY47V) AppleWebKit/537.36(KHTML,like Gecko) Version/4.0 Chrome/40.0.2214.89 UCBrowser/11.7.0.953 Mobile Safari/537.36" "-"
88.99.250.15 - - [03/Dec/2019:12:54:40 +0100] "GET /tienda/244-polo-tecnico-silverstone-sa-6639.html HTTP/1.1" 404 68060 "-" "Mozilla/5.0 (compatible; BLEXBot/1.0; +http://webmeup-crawler.com/)" "wpfront-notification-bar-landingpage=1"
114.101.247.86 - - [03/Dec/2019:12:54:43 +0100] "GET /producto/camiseta-manga-corta-ranglan-futbol-3/ HTTP/1.1" 200 77411 "-" "Mozilla/5.0(Linux;U;Android 5.1.1;zh-CN;OPPO A33 Build/LMY47V) AppleWebKit/537.36(KHTML,like Gecko) Version/4.0 Chrome/40.0.2214.89 UCBrowser/11.7.0.953 Mobile Safari/537.36" "wpfront-notification-bar-landingpage=1"
88.99.250.15 - - [03/Dec/2019:12:54:46 +0100] "GET /tienda/245-polo-tecnico-montmelo-sa-0421.html HTTP/1.1" 404 68044 "-" "Mozilla/5.0 (compatible; BLEXBot/1.0; +http://webmeup-crawler.com/)" "wpfront-notification-bar-landingpage=1"
88.99.250.15 - - [03/Dec/2019:12:54:55 +0100] "GET /tienda/246-cordon-gafas-de-sol-pf-10041102.html HTTP/1.1" 404 68063 "-" "Mozilla/5.0 (compatible; BLEXBot/1.0; +http://webmeup-crawler.com/)" "wpfront-notification-bar-landingpage=1"
217.76.130.90 - - [03/Dec/2019:12:55:05 +0100] "POST /wp-cron.php?doing_wp_cron=1575374105.6470611095428466796875 HTTP/1.1" 200 164 "http://amazingsportwear.com/wp-cron.php?doing_wp_cron=1575374105.6470611095428466796875" "WordPress/5.2.4; https://amazingsportwear.com" "-"
88.99.250.15 - - [03/Dec/2019:12:55:05 +0100] "GET /tienda/247-mochila-tipo-saco-cat-3164.html HTTP/1.1" 404 68028 "-" "Mozilla/5.0 (compatible; BLEXBot/1.0; +http://webmeup-crawler.com/)" "wpfront-notification-bar-landingpage=1"
88.99.250.15 - - [03/Dec/2019:12:55:07 +0100] "GET /tienda/248-mochila-iron-man-eny-ir11.html HTTP/1.1" 404 68006 "-" "Mozilla/5.0 (compatible; BLEXBot/1.0; +http://webmeup-crawler.com/)" "wpfront-notification-bar-landingpage=1"
88.99.250.15 - - [03/Dec/2019:12:55:15 +0100] "GET /tienda/249-mochila-reflect-cat-4520.html HTTP/1.1" 404 68034 "-" "Mozilla/5.0 (compatible; BLEXBot/1.0; +http://webmeup-crawler.com/)" "wpfront-notification-bar-landingpage=1"
114.230.29.143 - - [03/Dec/2019:12:55:19 +0100] "GET /wp-content/uploads/2019/03/SA-0405-1-300x300.png HTTP/1.1" 200 27477 "-" "Mozilla/5.0(Linux;U;Android 5.1.1;zh-CN;OPPO A33 Build/LMY47V) AppleWebKit/537.36(KHTML,like Gecko) Version/4.0 Chrome/40.0.2214.89 UCBrowser/11.7.0.953 Mobile Safari/537.36" "-"
88.99.250.15 - - [03/Dec/2019:12:55:20 +0100] "GET /tienda/250-braga-gorro-polar-cat-8016.html HTTP/1.1" 404 68048 "-" "Mozilla/5.0 (compatible; BLEXBot/1.0; +http://webmeup-crawler.com/)" "wpfront-notification-bar-landingpage=1"
88.99.250.15 - - [03/Dec/2019:12:55:24 +0100] "GET /tienda/251-guante-tactil-actium-correr-cat-4010.html HTTP/1.1" 404 68003 "-" "Mozilla/5.0 (compatible; BLEXBot/1.0; +http://webmeup-crawler.com/)" "wpfront-notification-bar-landingpage=1"
88.99.250.15 - - [03/Dec/2019:12:55:28 +0100] "GET /tienda/252-bandana-microfibra-tipo-buff.html HTTP/1.1" 404 68052 "-" "Mozilla/5.0 (compatible; BLEXBot/1.0; +http://webmeup-crawler.com/)" "wpfront-notification-bar-landingpage=1"
88.99.250.15 - - [03/Dec/2019:12:55:36 +0100] "GET /tienda/253-gorro-polar-plus-quality-cif-s-004.html HTTP/1.1" 404 68054 "-" "Mozilla/5.0 (compatible; BLEXBot/1.0; +http://webmeup-crawler.com/)" "wpfront-notification-bar-landingpage=1"
88.99.250.15 - - [03/Dec/2019:12:55:39 +0100] "GET /tienda/254-calcetin-deportivo-sublimado-bp-38040.html HTTP/1.1" 404 68050 "-" "Mozilla/5.0 (compatible; BLEXBot/1.0; +http://webmeup-crawler.com/)" "wpfront-notification-bar-landingpage=1"
88.99.250.15 - - [03/Dec/2019:12:55:44 +0100] "GET /tienda/255-calcetin-deportivo-lycra-cp-lycra.html HTTP/1.1" 404 68012 "-" "Mozilla/5.0 (compatible; BLEXBot/1.0; +http://webmeup-crawler.com/)" "wpfront-notification-bar-landingpage=1"
88.99.250.15 - - [03/Dec/2019:12:55:47 +0100] "GET /tienda/256-calcetin-deportivo-coolmax-cp-coolmax.html HTTP/1.1" 404 68045 "-" "Mozilla/5.0 (compatible; BLEXBot/1.0; +http://webmeup-crawler.com/)" "wpfront-notification-bar-landingpage=1"
88.99.250.15 - - [03/Dec/2019:12:55:53 +0100] "GET /tienda/257-moqueta-triatlon-cambio-eny-fl14w.html HTTP/1.1" 404 68007 "-" "Mozilla/5.0 (compatible; BLEXBot/1.0; +http://webmeup-crawler.com/)" "wpfront-notification-bar-landingpage=1"
88.99.250.15 - - [03/Dec/2019:12:55:58 +0100] "GET /tienda/258-gafas-de-sol-deportiva-eny-ni11g.html HTTP/1.1" 404 68050 "-" "Mozilla/5.0 (compatible; BLEXBot/1.0; +http://webmeup-crawler.com/)" "wpfront-notification-bar-landingpage=1"
88.99.250.15 - - [03/Dec/2019:12:56:00 +0100] "GET /tienda/259-fundas-gafas-sumix-eny-su13w.html HTTP/1.1" 404 68042 "-" "Mozilla/5.0 (compatible; BLEXBot/1.0; +http://webmeup-crawler.com/)" "wpfront-notification-bar-landingpage=1"
217.76.130.90 - - [03/Dec/2019:12:56:05 +0100] "POST /wp-cron.php?doing_wp_cron=1575374165.0759370326995849609375 HTTP/1.1" 200 164 "http://amazingsportwear.com/wp-cron.php?doing_wp_cron=1575374165.0759370326995849609375" "WordPress/5.2.4; https://amazingsportwear.com" "-"
88.99.250.15 - - [03/Dec/2019:12:56:04 +0100] "GET /tienda/260-rinonera-wanel-cat-5311.html HTTP/1.1" 404 68062 "-" "Mozilla/5.0 (compatible; BLEXBot/1.0; +http://webmeup-crawler.com/)" "wpfront-notification-bar-landingpage=1"
119.86.21.65 - - [03/Dec/2019:12:56:06 +0100] "GET /producto/gorra-tecnica-lediem HTTP/1.1" 301 3553 "-" "Mozilla/5.0(Linux;Android 5.1.1;OPPO A33 Build/LMY47V;wv) AppleWebKit/537.36(KHTML,link Gecko) Version/4.0 Chrome/42.0.2311.138 Mobile Safari/537.36 Mb2345Browser/9.0" "-"
88.99.250.15 - - [03/Dec/2019:12:56:09 +0100] "GET /tienda/261-rinonera-elastica-dorsal-cif-g221.html HTTP/1.1" 404 68022 "-" "Mozilla/5.0 (compatible; BLEXBot/1.0; +http://webmeup-crawler.com/)" "wpfront-notification-bar-landingpage=1"
119.86.21.65 - - [03/Dec/2019:12:56:10 +0100] "GET /producto/gorra-tecnica-lediem/ HTTP/1.1" 200 93070 "-" "Mozilla/5.0(Linux;Android 5.1.1;OPPO A33 Build/LMY47V;wv) AppleWebKit/537.36(KHTML,link Gecko) Version/4.0 Chrome/42.0.2311.138 Mobile Safari/537.36 Mb2345Browser/9.0" "wpfront-notification-bar-landingpage=1"
88.99.250.15 - - [03/Dec/2019:12:56:16 +0100] "GET /tienda/262-rinonera-deportiva-sa-7118.html HTTP/1.1" 404 68058 "-" "Mozilla/5.0 (compatible; BLEXBot/1.0; +http://webmeup-crawler.com/)" "wpfront-notification-bar-landingpage=1"
88.99.250.15 - - [03/Dec/2019:12:56:22 +0100] "GET /tienda/263-luz-intermitente-slapz-pf-10031900.html HTTP/1.1" 404 68069 "-" "Mozilla/5.0 (compatible; BLEXBot/1.0; +http://webmeup-crawler.com/)" "wpfront-notification-bar-landingpage=1"
88.99.250.15 - - [03/Dec/2019:12:56:26 +0100] "GET /tienda/264-catadioptico-trasero-cif-z281.html HTTP/1.1" 404 68044 "-" "Mozilla/5.0 (compatible; BLEXBot/1.0; +http://webmeup-crawler.com/)" "wpfront-notification-bar-landingpage=1"
88.99.250.15 - - [03/Dec/2019:12:56:30 +0100] "GET /tienda/265-brazalete-con-luz-pf-11811001.html HTTP/1.1" 404 68071 "-" "Mozilla/5.0 (compatible; BLEXBot/1.0; +http://webmeup-crawler.com/)" "-"
88.99.250.15 - - [03/Dec/2019:12:56:37 +0100] "GET /triatlon/43-mono-triatlon.html HTTP/1.1" 404 68076 "-" "Mozilla/5.0 (compatible; BLEXBot/1.0; +http://webmeup-crawler.com/)" "-"
217.76.130.90 - - [03/Dec/2019:12:57:10 +0100] "POST /wp-cron.php?doing_wp_cron=1575374230.4270150661468505859375 HTTP/1.1" 200 164 "http://amazingsportwear.com/wp-cron.php?doing_wp_cron=1575374230.4270150661468505859375" "WordPress/5.2.4; https://amazingsportwear.com" "-"
180.118.181.115 - - [03/Dec/2019:12:57:09 +0100] "GET /img/cms/tienda/ENY-ARABIA-MUJER-Blanca-COLORES.jpg HTTP/1.1" 404 68080 "-" "Mozilla/5.0(Linux;Android 5.1.1;OPPO A33 Build/LMY47V;wv) AppleWebKit/537.36(KHTML,link Gecko) Version/4.0 Chrome/43.0.2357.121 Mobile Safari/537.36 LieBaoFast/4.51.3" "-"
66.249.66.70 - - [03/Dec/2019:12:57:14 +0100] "GET /producto/kit-emergencia-redcross/ HTTP/1.1" 200 91068 "-" "Mozilla/5.0 (Linux; Android 6.0.1; Nexus 5X Build/MMB29P) AppleWebKit/537.36 (KHTML, like Gecko) Chrome/41.0.2272.96 Mobile Safari/537.36 (compatible; Googlebot/2.1; +http://www.google.com/bot.html)" "-"
106.57.150.43 - - [03/Dec/2019:12:57:23 +0100] "GET /wp-content/uploads/2017/03/aq-sprint-1148.jpg HTTP/1.1" 200 199832 "-" "Mozilla/5.0(Linux;U;Android 5.1.1;zh-CN;OPPO A33 Build/LMY47V) AppleWebKit/537.36(KHTML,like Gecko) Version/4.0 Chrome/40.0.2214.89 UCBrowser/11.7.0.953 Mobile Safari/537.36" "-"
217.76.130.90 - - [03/Dec/2019:12:58:06 +0100] "POST /wp-cron.php?doing_wp_cron=1575374286.4061000347137451171875 HTTP/1.1" 200 3389 "https://amazingsportwear.com/wp-cron.php?doing_wp_cron=1575374286.4061000347137451171875" "WordPress/5.2.4; https://amazingsportwear.com" "-"
66.249.66.66 - - [03/Dec/2019:12:58:05 +0100] "GET /producto/mochila-tipo-saco-cat-3164/ HTTP/1.1" 200 103739 "-" "Mozilla/5.0 (Linux; Android 6.0.1; Nexus 5X Build/MMB29P) AppleWebKit/537.36 (KHTML, like Gecko) Chrome/41.0.2272.96 Mobile Safari/537.36 (compatible; Googlebot/2.1; +http://www.google.com/bot.html)" "-"
182.247.36.5 - - [03/Dec/2019:12:58:29 +0100] "GET /producto/gorra-krox HTTP/1.1" 301 3543 "-" "Mozilla/5.0(Linux;Android 5.1.1;OPPO A33 Build/LMY47V;wv) AppleWebKit/537.36(KHTML,link Gecko) Version/4.0 Chrome/43.0.2357.121 Mobile Safari/537.36 LieBaoFast/4.51.3" "-"
182.247.36.5 - - [03/Dec/2019:12:58:32 +0100] "GET /producto/gorra-krox/ HTTP/1.1" 200 99587 "-" "Mozilla/5.0(Linux;Android 5.1.1;OPPO A33 Build/LMY47V;wv) AppleWebKit/537.36(KHTML,link Gecko) Version/4.0 Chrome/43.0.2357.121 Mobile Safari/537.36 LieBaoFast/4.51.3" "wpfront-notification-bar-landingpage=1"
222.220.153.63 - - [03/Dec/2019:12:58:34 +0100] "GET /wp-content/uploads/2017/01/cam-portero2.jpg HTTP/1.1" 200 185046 "-" "Mozilla/5.0(Linux;Android 5.1.1;OPPO A33 Build/LMY47V;wv) AppleWebKit/537.36(KHTML,link Gecko) Version/4.0 Chrome/42.0.2311.138 Mobile Safari/537.36 Mb2345Browser/9.0" "-"
223.215.57.227 - - [03/Dec/2019:12:58:47 +0100] "GET /producto/camiseta-tecnica-detroit-sa-6652 HTTP/1.1" 301 3565 "-" "Mozilla/5.0 (Linux; Android 7.0; FRD-AL00 Build/HUAWEIFRD-AL00; wv) AppleWebKit/537.36 (KHTML, like Gecko) Version/4.0 Chrome/53.0.2785.49 Mobile MQQBrowser/6.2 TBS/043602 Safari/537.36 MicroMessenger/6.5.16.1120 NetType/WIFI Language/zh_CN" "-"
223.215.57.227 - - [03/Dec/2019:12:58:49 +0100] "GET /producto/camiseta-tecnica-detroit-sa-6652/ HTTP/1.1" 200 99061 "-" "Mozilla/5.0 (Linux; Android 7.0; FRD-AL00 Build/HUAWEIFRD-AL00; wv) AppleWebKit/537.36 (KHTML, like Gecko) Version/4.0 Chrome/53.0.2785.49 Mobile MQQBrowser/6.2 TBS/043602 Safari/537.36 MicroMessenger/6.5.16.1120 NetType/WIFI Language/zh_CN" "wpfront-notification-bar-landingpage=1"
217.76.130.90 - - [03/Dec/2019:13:00:56 +0100] "POST /wp-cron.php?doing_wp_cron=1575374456.4979209899902343750000 HTTP/1.1" 200 3389 "https://amazingsportwear.com/wp-cron.php?doing_wp_cron=1575374456.4979209899902343750000" "WordPress/5.2.4; https://amazingsportwear.com" "-"
113.110.44.242 - - [03/Dec/2019:13:00:55 +0100] "GET /categoria-producto/mujer/pantalones-y-mallas HTTP/1.1" 301 3568 "-" "Mozilla/5.0(Linux;Android 5.1.1;OPPO A33 Build/LMY47V;wv) AppleWebKit/537.36(KHTML,link Gecko) Version/4.0 Chrome/42.0.2311.138 Mobile Safari/537.36 Mb2345Browser/9.0" "-"
217.76.130.90 - - [03/Dec/2019:13:01:05 +0100] "POST /wp-cron.php?doing_wp_cron=1575374465.2464261054992675781250 HTTP/1.1" 200 3389 "https://amazingsportwear.com/wp-cron.php?doing_wp_cron=1575374465.2464261054992675781250" "WordPress/5.2.4; https://amazingsportwear.com" "-"
113.110.44.242 - - [03/Dec/2019:13:01:04 +0100] "GET /categoria-producto/mujer/pantalones-y-mallas/ HTTP/1.1" 200 71990 "-" "Mozilla/5.0(Linux;Android 5.1.1;OPPO A33 Build/LMY47V;wv) AppleWebKit/537.36(KHTML,link Gecko) Version/4.0 Chrome/42.0.2311.138 Mobile Safari/537.36 Mb2345Browser/9.0" "wpfront-notification-bar-landingpage=1"
217.76.130.90 - - [03/Dec/2019:13:02:21 +0100] "POST /wp-cron.php?doing_wp_cron=1575374540.9872889518737792968750 HTTP/1.1" 200 3389 "https://amazingsportwear.com/wp-cron.php?doing_wp_cron=1575374540.9872889518737792968750" "WordPress/5.2.4; https://amazingsportwear.com" "-"
123.134.250.171 - - [03/Dec/2019:13:02:20 +0100] "GET / HTTP/1.1" 200 125579 "-" "Mozilla/5.0(Linux;U;Android 5.1.1;zh-CN;OPPO A33 Build/LMY47V) AppleWebKit/537.36(KHTML,like Gecko) Version/4.0 Chrome/40.0.2214.89 UCBrowser/11.7.0.953 Mobile Safari/537.36" "-"
114.229.77.182 - - [03/Dec/2019:13:02:31 +0100] "GET /wp-content/uploads/2019/04/BOTELLA-TRITAN-GO-36062-WEB.png HTTP/1.1" 200 74145 "-" "Mozilla/5.0(Linux;Android 5.1.1;OPPO A33 Build/LMY47V;wv) AppleWebKit/537.36(KHTML,link Gecko) Version/4.0 Chrome/43.0.2357.121 Mobile Safari/537.36 LieBaoFast/4.51.3" "-"
183.22.249.16 - - [03/Dec/2019:13:02:49 +0100] "GET /etiqueta-producto/camiseta-tecnica/page/6 HTTP/1.1" 301 3565 "-" "Mozilla/5.0 (Linux; Android 7.0; FRD-AL00 Build/HUAWEIFRD-AL00; wv) AppleWebKit/537.36 (KHTML, like Gecko) Version/4.0 Chrome/53.0.2785.49 Mobile MQQBrowser/6.2 TBS/043602 Safari/537.36 MicroMessenger/6.5.16.1120 NetType/WIFI Language/zh_CN" "-"
183.22.249.16 - - [03/Dec/2019:13:02:52 +0100] "GET /etiqueta-producto/camiseta-tecnica/page/6/ HTTP/1.1" 200 69494 "-" "Mozilla/5.0 (Linux; Android 7.0; FRD-AL00 Build/HUAWEIFRD-AL00; wv) AppleWebKit/537.36 (KHTML, like Gecko) Version/4.0 Chrome/53.0.2785.49 Mobile MQQBrowser/6.2 TBS/043602 Safari/537.36 MicroMessenger/6.5.16.1120 NetType/WIFI Language/zh_CN" "wpfront-notification-bar-landingpage=1"
217.76.130.90 - - [03/Dec/2019:13:05:06 +0100] "POST /wp-cron.php?doing_wp_cron=1575374706.0163550376892089843750 HTTP/1.1" 200 3389 "https://amazingsportwear.com/wp-cron.php?doing_wp_cron=1575374706.0163550376892089843750" "WordPress/5.2.4; https://amazingsportwear.com" "-"
66.249.66.66 - - [03/Dec/2019:13:05:04 +0100] "GET /producto/rinonera-wanel-cat-5311/ HTTP/1.1" 200 94534 "-" "Mozilla/5.0 (Linux; Android 6.0.1; Nexus 5X Build/MMB29P) AppleWebKit/537.36 (KHTML, like Gecko) Chrome/41.0.2272.96 Mobile Safari/537.36 (compatible; Googlebot/2.1; +http://www.google.com/bot.html)" "-"
217.76.130.90 - - [03/Dec/2019:13:06:19 +0100] "POST /wp-cron.php?doing_wp_cron=1575374778.6878750324249267578125 HTTP/1.1" 200 3389 "https://amazingsportwear.com/wp-cron.php?doing_wp_cron=1575374778.6878750324249267578125" "WordPress/5.2.4; https://amazingsportwear.com" "-"
49.70.17.49 - - [03/Dec/2019:13:06:18 +0100] "GET /categoria-producto/siete HTTP/1.1" 301 3548 "-" "Mozilla/5.0(Linux;U;Android 5.1.1;zh-CN;OPPO A33 Build/LMY47V) AppleWebKit/537.36(KHTML,like Gecko) Version/4.0 Chrome/40.0.2214.89 UCBrowser/11.7.0.953 Mobile Safari/537.36" "-"
42.87.71.103 - - [03/Dec/2019:13:06:23 +0100] "GET /etiqueta-producto/camiseta-titan HTTP/1.1" 301 3556 "-" "Mozilla/5.0 (Linux; Android 7.0; FRD-AL00 Build/HUAWEIFRD-AL00; wv) AppleWebKit/537.36 (KHTML, like Gecko) Version/4.0 Chrome/53.0.2785.49 Mobile MQQBrowser/6.2 TBS/043602 Safari/537.36 MicroMessenger/6.5.16.1120 NetType/WIFI Language/zh_CN" "-"
49.70.17.49 - - [03/Dec/2019:13:06:23 +0100] "GET /categoria-producto/siete/ HTTP/1.1" 200 53403 "-" "Mozilla/5.0(Linux;U;Android 5.1.1;zh-CN;OPPO A33 Build/LMY47V) AppleWebKit/537.36(KHTML,like Gecko) Version/4.0 Chrome/40.0.2214.89 UCBrowser/11.7.0.953 Mobile Safari/537.36" "wpfront-notification-bar-landingpage=1"
42.87.71.103 - - [03/Dec/2019:13:06:27 +0100] "GET /etiqueta-producto/camiseta-titan/ HTTP/1.1" 200 53832 "-" "Mozilla/5.0 (Linux; Android 7.0; FRD-AL00 Build/HUAWEIFRD-AL00; wv) AppleWebKit/537.36 (KHTML, like Gecko) Version/4.0 Chrome/53.0.2785.49 Mobile MQQBrowser/6.2 TBS/043602 Safari/537.36 MicroMessenger/6.5.16.1120 NetType/WIFI Language/zh_CN" "wpfront-notification-bar-landingpage=1"
106.56.246.150 - - [03/Dec/2019:13:06:44 +0100] "GET /categoria-producto/inicio/page/19?add-to-cart=18690 HTTP/1.1" 301 4816 "-" "Mozilla/5.0 (Linux; Android 7.0; FRD-AL00 Build/HUAWEIFRD-AL00; wv) AppleWebKit/537.36 (KHTML, like Gecko) Version/4.0 Chrome/53.0.2785.49 Mobile MQQBrowser/6.2 TBS/043602 Safari/537.36 MicroMessenger/6.5.16.1120 NetType/WIFI Language/zh_CN" "-"
66.249.66.66 - - [03/Dec/2019:13:06:58 +0100] "GET /producto/gorra-konlun/ HTTP/1.1" 200 92912 "-" "Mozilla/5.0 (Linux; Android 6.0.1; Nexus 5X Build/MMB29P) AppleWebKit/537.36 (KHTML, like Gecko) Chrome/41.0.2272.96 Mobile Safari/537.36 (compatible; Googlebot/2.1; +http://www.google.com/bot.html)" "-"
217.76.130.90 - - [03/Dec/2019:13:07:09 +0100] "POST /wp-cron.php?doing_wp_cron=1575374829.1937320232391357421875 HTTP/1.1" 200 3389 "https://amazingsportwear.com/wp-cron.php?doing_wp_cron=1575374829.1937320232391357421875" "WordPress/5.2.4; https://amazingsportwear.com" "-"
106.56.246.150 - - [03/Dec/2019:13:07:07 +0100] "GET /categoria-producto/inicio/page/19/?add-to-cart=18690 HTTP/1.1" 200 78302 "-" "Mozilla/5.0 (Linux; Android 7.0; FRD-AL00 Build/HUAWEIFRD-AL00; wv) AppleWebKit/537.36 (KHTML, like Gecko) Version/4.0 Chrome/53.0.2785.49 Mobile MQQBrowser/6.2 TBS/043602 Safari/537.36 MicroMessenger/6.5.16.1120 NetType/WIFI Language/zh_CN" "woocommerce_cart_hash=bb9438cb389913c015c7d3b8b45f0bb6; woocommerce_items_in_cart=1; wp_woocommerce_session_fb86dbb0e6335d960ea3e94e06b25287=2235594d6bba0aa83803d147ab139292%7C%7C1575547605%7C%7C1575544005%7C%7C0c57af8cf9b70a303b9a1c41830217fb; wpfront-notification-bar-landingpage=1"
217.76.130.90 - - [03/Dec/2019:13:11:02 +0100] "POST /wp-cron.php?doing_wp_cron=1575375062.1363220214843750000000 HTTP/1.1" 200 164 "http://amazingsportwear.com/wp-cron.php?doing_wp_cron=1575375062.1363220214843750000000" "WordPress/5.2.4; https://amazingsportwear.com" "-"
104.222.33.100 - - [03/Dec/2019:13:10:59 +0100] "GET / HTTP/1.1" 301 336 "-" "Mozilla/5.0 (Windows NT 6.1; WOW64; rv:27.0) Gecko/20100101 Firefox/27.0" "-"
217.76.130.90 - - [03/Dec/2019:13:14:11 +0100] "POST /wp-cron.php?doing_wp_cron=1575375251.8450400829315185546875 HTTP/1.1" 200 3389 "https://amazingsportwear.com/wp-cron.php?doing_wp_cron=1575375251.8450400829315185546875" "WordPress/5.2.4; https://amazingsportwear.com" "-"
106.110.243.112 - - [03/Dec/2019:13:14:11 +0100] "GET /categoria-producto/diez HTTP/1.1" 301 3547 "-" "Mozilla/5.0(Linux;Android 5.1.1;OPPO A33 Build/LMY47V;wv) AppleWebKit/537.36(KHTML,link Gecko) Version/4.0 Chrome/43.0.2357.121 Mobile Safari/537.36 LieBaoFast/4.51.3" "-"
106.110.243.112 - - [03/Dec/2019:13:14:16 +0100] "GET /categoria-producto/diez/ HTTP/1.1" 200 53500 "-" "Mozilla/5.0(Linux;Android 5.1.1;OPPO A33 Build/LMY47V;wv) AppleWebKit/537.36(KHTML,link Gecko) Version/4.0 Chrome/43.0.2357.121 Mobile Safari/537.36 LieBaoFast/4.51.3" "wpfront-notification-bar-landingpage=1"
217.76.130.90 - - [03/Dec/2019:13:15:09 +0100] "POST /wp-cron.php?doing_wp_cron=1575375309.0301890373229980468750 HTTP/1.1" 200 3389 "https://amazingsportwear.com/wp-cron.php?doing_wp_cron=1575375309.0301890373229980468750" "WordPress/5.2.4; https://amazingsportwear.com" "-"
49.87.135.237 - - [03/Dec/2019:13:15:08 +0100] "GET /etiqueta-producto/linterna-biddick HTTP/1.1" 301 3558 "-" "Mozilla/5.0 (Linux; Android 7.0; FRD-AL00 Build/HUAWEIFRD-AL00; wv) AppleWebKit/537.36 (KHTML, like Gecko) Version/4.0 Chrome/53.0.2785.49 Mobile MQQBrowser/6.2 TBS/043602 Safari/537.36 MicroMessenger/6.5.16.1120 NetType/WIFI Language/zh_CN" "-"
49.87.135.237 - - [03/Dec/2019:13:15:10 +0100] "GET /etiqueta-producto/linterna-biddick/ HTTP/1.1" 200 53818 "-" "Mozilla/5.0 (Linux; Android 7.0; FRD-AL00 Build/HUAWEIFRD-AL00; wv) AppleWebKit/537.36 (KHTML, like Gecko) Version/4.0 Chrome/53.0.2785.49 Mobile MQQBrowser/6.2 TBS/043602 Safari/537.36 MicroMessenger/6.5.16.1120 NetType/WIFI Language/zh_CN" "wpfront-notification-bar-landingpage=1"
217.76.130.90 - - [03/Dec/2019:13:17:35 +0100] "POST /wp-cron.php?doing_wp_cron=1575375455.1352660655975341796875 HTTP/1.1" 200 3389 "https://amazingsportwear.com/wp-cron.php?doing_wp_cron=1575375455.1352660655975341796875" "WordPress/5.2.4; https://amazingsportwear.com" "-"
116.248.187.187 - - [03/Dec/2019:13:17:33 +0100] "GET /categoria-producto/deportes/motocross HTTP/1.1" 301 3561 "-" "Mozilla/5.0(Linux;U;Android 5.1.1;zh-CN;OPPO A33 Build/LMY47V) AppleWebKit/537.36(KHTML,like Gecko) Version/4.0 Chrome/40.0.2214.89 UCBrowser/11.7.0.953 Mobile Safari/537.36" "-"
220.164.232.249 - - [03/Dec/2019:13:17:48 +0100] "GET /categoria-producto/accesorios/mochilas/page/1 HTTP/1.1" 301 3562 "-" "Mozilla/5.0(Linux;Android 5.1.1;OPPO A33 Build/LMY47V;wv) AppleWebKit/537.36(KHTML,link Gecko) Version/4.0 Chrome/42.0.2311.138 Mobile Safari/537.36 Mb2345Browser/9.0" "-"
220.164.232.249 - - [03/Dec/2019:13:17:57 +0100] "GET /categoria-producto/accesorios/mochilas/ HTTP/1.1" 200 74599 "-" "Mozilla/5.0(Linux;Android 5.1.1;OPPO A33 Build/LMY47V;wv) AppleWebKit/537.36(KHTML,link Gecko) Version/4.0 Chrome/42.0.2311.138 Mobile Safari/537.36 Mb2345Browser/9.0" "-"
217.76.130.90 - - [03/Dec/2019:13:19:04 +0100] "POST /wp-cron.php?doing_wp_cron=1575375544.0885879993438720703125 HTTP/1.1" 200 3389 "https://amazingsportwear.com/wp-cron.php?doing_wp_cron=1575375544.0885879993438720703125" "WordPress/5.2.4; https://amazingsportwear.com" "-"
114.99.22.44 - - [03/Dec/2019:13:19:03 +0100] "GET /categoria-producto/accesorios/page/6 HTTP/1.1" 301 3560 "-" "Mozilla/5.0(Linux;Android 5.1.1;OPPO A33 Build/LMY47V;wv) AppleWebKit/537.36(KHTML,link Gecko) Version/4.0 Chrome/42.0.2311.138 Mobile Safari/537.36 Mb2345Browser/9.0" "-"
117.92.122.184 - - [03/Dec/2019:13:19:38 +0100] "GET /etiqueta-producto/camiseta-reversible HTTP/1.1" 301 3561 "-" "Mozilla/5.0 (Linux; Android 7.0; FRD-AL00 Build/HUAWEIFRD-AL00; wv) AppleWebKit/537.36 (KHTML, like Gecko) Version/4.0 Chrome/53.0.2785.49 Mobile MQQBrowser/6.2 TBS/043602 Safari/537.36 MicroMessenger/6.5.16.1120 NetType/WIFI Language/zh_CN" "-"
117.92.122.184 - - [03/Dec/2019:13:19:47 +0100] "GET /etiqueta-producto/camiseta-reversible/ HTTP/1.1" 200 53877 "-" "Mozilla/5.0 (Linux; Android 7.0; FRD-AL00 Build/HUAWEIFRD-AL00; wv) AppleWebKit/537.36 (KHTML, like Gecko) Version/4.0 Chrome/53.0.2785.49 Mobile MQQBrowser/6.2 TBS/043602 Safari/537.36 MicroMessenger/6.5.16.1120 NetType/WIFI Language/zh_CN" "wpfront-notification-bar-landingpage=1"
217.76.130.90 - - [03/Dec/2019:13:20:42 +0100] "POST /wp-cron.php?doing_wp_cron=1575375642.1495490074157714843750 HTTP/1.1" 200 3389 "https://amazingsportwear.com/wp-cron.php?doing_wp_cron=1575375642.1495490074157714843750" "WordPress/5.2.4; https://amazingsportwear.com" "-"
106.57.192.143 - - [03/Dec/2019:13:20:41 +0100] "GET /categoria-producto/inicio/page/17 HTTP/1.1" 301 3557 "-" "Mozilla/5.0(Linux;Android 5.1.1;OPPO A33 Build/LMY47V;wv) AppleWebKit/537.36(KHTML,link Gecko) Version/4.0 Chrome/42.0.2311.138 Mobile Safari/537.36 Mb2345Browser/9.0" "-"
114.97.232.241 - - [03/Dec/2019:13:20:45 +0100] "GET /producto/camiseta-portero-futbol-manga-larga-2?add-to-cart=18689 HTTP/1.1" 301 4829 "-" "Mozilla/5.0(Linux;Android 5.1.1;OPPO A33 Build/LMY47V;wv) AppleWebKit/537.36(KHTML,link Gecko) Version/4.0 Chrome/43.0.2357.121 Mobile Safari/537.36 LieBaoFast/4.51.3" "-"
106.57.192.143 - - [03/Dec/2019:13:20:45 +0100] "GET /categoria-producto/inicio/page/17/ HTTP/1.1" 200 78239 "-" "Mozilla/5.0(Linux;Android 5.1.1;OPPO A33 Build/LMY47V;wv) AppleWebKit/537.36(KHTML,link Gecko) Version/4.0 Chrome/42.0.2311.138 Mobile Safari/537.36 Mb2345Browser/9.0" "wpfront-notification-bar-landingpage=1"
182.107.206.87 - - [03/Dec/2019:13:19:57 +0100] "GET /wp-content/uploads/2019/03/Dynamic-Woman-1.png HTTP/1.1" 200 172167 "-" "Mozilla/5.0(Linux;Android 5.1.1;OPPO A33 Build/LMY47V;wv) AppleWebKit/537.36(KHTML,link Gecko) Version/4.0 Chrome/43.0.2357.121 Mobile Safari/537.36 LieBaoFast/4.51.3" "-"
217.76.130.90 - - [03/Dec/2019:13:23:25 +0100] "POST /wp-cron.php?doing_wp_cron=1575375805.7532649040222167968750 HTTP/1.1" 200 3389 "https://amazingsportwear.com/wp-cron.php?doing_wp_cron=1575375805.7532649040222167968750" "WordPress/5.2.4; https://amazingsportwear.com" "-"
117.57.38.115 - - [03/Dec/2019:13:23:23 +0100] "GET /producto/camiseta-tecnica-mujer-cuello-pico-giro-aq-giro-woman HTTP/1.1" 301 3586 "-" "Mozilla/5.0(Linux;Android 5.1.1;OPPO A33 Build/LMY47V;wv) AppleWebKit/537.36(KHTML,link Gecko) Version/4.0 Chrome/43.0.2357.121 Mobile Safari/537.36 LieBaoFast/4.51.3" "-"
117.57.38.115 - - [03/Dec/2019:13:23:37 +0100] "GET /producto/camiseta-tecnica-mujer-cuello-pico-giro-aq-giro-woman/ HTTP/1.1" 200 99403 "-" "Mozilla/5.0(Linux;Android 5.1.1;OPPO A33 Build/LMY47V;wv) AppleWebKit/537.36(KHTML,link Gecko) Version/4.0 Chrome/43.0.2357.121 Mobile Safari/537.36 LieBaoFast/4.51.3" "wpfront-notification-bar-landingpage=1"
217.76.130.90 - - [03/Dec/2019:13:25:04 +0100] "POST /wp-cron.php?doing_wp_cron=1575375904.9244000911712646484375 HTTP/1.1" 200 164 "http://amazingsportwear.com/wp-cron.php?doing_wp_cron=1575375904.9244000911712646484375" "WordPress/5.2.4; https://amazingsportwear.com" "-"
66.249.66.87 - - [03/Dec/2019:13:25:04 +0100] "GET /tienda/161-top-deportivo-nath-only.html HTTP/1.1" 404 68079 "-" "Mozilla/5.0 (Linux; Android 6.0.1; Nexus 5X Build/MMB29P) AppleWebKit/537.36 (KHTML, like Gecko) Chrome/41.0.2272.96 Mobile Safari/537.36 (compatible; Googlebot/2.1; +http://www.google.com/bot.html)" "-"
60.172.85.115 - - [03/Dec/2019:13:25:41 +0100] "GET /290-home_default/camiseta-manga-corta-basket.jpg HTTP/1.1" 404 68024 "-" "Mozilla/5.0(Linux;U;Android 5.1.1;zh-CN;OPPO A33 Build/LMY47V) AppleWebKit/537.36(KHTML,like Gecko) Version/4.0 Chrome/40.0.2214.89 UCBrowser/11.7.0.953 Mobile Safari/537.36" "-"
213.86.149.98 - - [03/Dec/2019:13:26:11 +0100] "GET /wp-content/uploads/2017/01/cam-basic-gimnastica.jpg HTTP/1.1" 200 95329 "https://www.google.com/" "Mozilla/5.0 (Windows NT 6.1) AppleWebKit/537.36 (KHTML, like Gecko) Chrome/78.0.3904.108 Safari/537.36" "-"
213.86.149.98 - - [03/Dec/2019:13:26:16 +0100] "GET /wp-content/uploads/2017/01/cam-basic1.png HTTP/1.1" 200 134790 "https://www.google.com/" "Mozilla/5.0 (Windows NT 6.1) AppleWebKit/537.36 (KHTML, like Gecko) Chrome/78.0.3904.108 Safari/537.36" "-"
217.76.130.90 - - [03/Dec/2019:13:26:21 +0100] "POST /wp-cron.php?doing_wp_cron=1575375981.7468841075897216796875 HTTP/1.1" 200 3389 "https://amazingsportwear.com/wp-cron.php?doing_wp_cron=1575375981.7468841075897216796875" "WordPress/5.2.4; https://amazingsportwear.com" "-"
182.38.125.8 - - [03/Dec/2019:13:26:21 +0100] "GET /producto/camiseta-manga-corta-ranglan-futbol-4 HTTP/1.1" 301 3570 "-" "Mozilla/5.0(Linux;U;Android 5.1.1;zh-CN;OPPO A33 Build/LMY47V) AppleWebKit/537.36(KHTML,like Gecko) Version/4.0 Chrome/40.0.2214.89 UCBrowser/11.7.0.953 Mobile Safari/537.36" "-"
114.229.23.54 - - [03/Dec/2019:13:26:24 +0100] "GET /producto/kit-emergencia-redcross HTTP/1.1" 301 3556 "-" "Mozilla/5.0 (Linux; Android 7.0; FRD-AL00 Build/HUAWEIFRD-AL00; wv) AppleWebKit/537.36 (KHTML, like Gecko) Version/4.0 Chrome/53.0.2785.49 Mobile MQQBrowser/6.2 TBS/043602 Safari/537.36 MicroMessenger/6.5.16.1120 NetType/WIFI Language/zh_CN" "-"
114.229.23.54 - - [03/Dec/2019:13:26:29 +0100] "GET /producto/kit-emergencia-redcross/ HTTP/1.1" 200 91298 "-" "Mozilla/5.0 (Linux; Android 7.0; FRD-AL00 Build/HUAWEIFRD-AL00; wv) AppleWebKit/537.36 (KHTML, like Gecko) Version/4.0 Chrome/53.0.2785.49 Mobile MQQBrowser/6.2 TBS/043602 Safari/537.36 MicroMessenger/6.5.16.1120 NetType/WIFI Language/zh_CN" "wpfront-notification-bar-landingpage=1"
217.76.130.90 - - [03/Dec/2019:13:27:10 +0100] "POST /wp-cron.php?doing_wp_cron=1575376030.1814150810241699218750 HTTP/1.1" 200 164 "http://amazingsportwear.com/wp-cron.php?doing_wp_cron=1575376030.1814150810241699218750" "WordPress/5.2.4; https://amazingsportwear.com" "-"
183.159.212.43 - - [03/Dec/2019:13:27:09 +0100] "GET /img/cms/camiseta_Carol.jpg HTTP/1.1" 404 68046 "-" "Mozilla/5.0(Linux;U;Android 5.1.1;zh-CN;OPPO A33 Build/LMY47V) AppleWebKit/537.36(KHTML,like Gecko) Version/4.0 Chrome/40.0.2214.89 UCBrowser/11.7.0.953 Mobile Safari/537.36" "-"
106.56.90.71 - - [03/Dec/2019:13:27:51 +0100] "GET /producto/pantalon-leggin-bristol-sa-0406 HTTP/1.1" 301 3564 "-" "Mozilla/5.0(Linux;Android 5.1.1;OPPO A33 Build/LMY47V;wv) AppleWebKit/537.36(KHTML,link Gecko) Version/4.0 Chrome/43.0.2357.121 Mobile Safari/537.36 LieBaoFast/4.51.3" "-"
106.56.90.71 - - [03/Dec/2019:13:28:00 +0100] "GET /producto/pantalon-leggin-bristol-sa-0406/ HTTP/1.1" 200 95177 "-" "Mozilla/5.0(Linux;Android 5.1.1;OPPO A33 Build/LMY47V;wv) AppleWebKit/537.36(KHTML,link Gecko) Version/4.0 Chrome/43.0.2357.121 Mobile Safari/537.36 LieBaoFast/4.51.3" "wpfront-notification-bar-landingpage=1"
217.76.130.90 - - [03/Dec/2019:13:29:52 +0100] "POST /wp-cron.php?doing_wp_cron=1575376192.4933640956878662109375 HTTP/1.1" 200 3389 "https://amazingsportwear.com/wp-cron.php?doing_wp_cron=1575376192.4933640956878662109375" "WordPress/5.2.4; https://amazingsportwear.com" "-"
182.247.36.180 - - [03/Dec/2019:13:29:51 +0100] "GET /producto/camiseta-tecnica-dryfresh-cif-t569 HTTP/1.1" 301 3567 "-" "Mozilla/5.0(Linux;Android 5.1.1;OPPO A33 Build/LMY47V;wv) AppleWebKit/537.36(KHTML,link Gecko) Version/4.0 Chrome/43.0.2357.121 Mobile Safari/537.36 LieBaoFast/4.51.3" "-"
217.76.130.90 - - [03/Dec/2019:13:30:03 +0100] "POST /wp-cron.php?doing_wp_cron=1575376203.2192480564117431640625 HTTP/1.1" 200 3389 "https://amazingsportwear.com/wp-cron.php?doing_wp_cron=1575376203.2192480564117431640625" "WordPress/5.2.4; https://amazingsportwear.com" "-"
137.226.113.27 - - [03/Dec/2019:13:30:01 +0100] "GET / HTTP/1.1" 301 3504 "-" "Mozilla/5.0 zgrab/0.x (compatible; Researchscan/t13rl; +http://researchscan.comsys.rwth-aachen.de)" "-"
137.226.113.27 - - [03/Dec/2019:13:30:05 +0100] "GET / HTTP/1.1" 400 3738 "https://217.76.130.90:443/" "Mozilla/5.0 zgrab/0.x (compatible; Researchscan/t13rl; +http://researchscan.comsys.rwth-aachen.de)" "-"
182.247.36.180 - - [03/Dec/2019:13:30:08 +0100] "GET /producto/camiseta-tecnica-dryfresh-cif-t569/ HTTP/1.1" 200 100987 "-" "Mozilla/5.0(Linux;Android 5.1.1;OPPO A33 Build/LMY47V;wv) AppleWebKit/537.36(KHTML,link Gecko) Version/4.0 Chrome/43.0.2357.121 Mobile Safari/537.36 LieBaoFast/4.51.3" "wpfront-notification-bar-landingpage=1"
115.153.128.70 - - [03/Dec/2019:13:30:59 +0100] "GET /producto/gorra-konlun HTTP/1.1" 301 3545 "-" "Mozilla/5.0(Linux;Android 5.1.1;OPPO A33 Build/LMY47V;wv) AppleWebKit/537.36(KHTML,link Gecko) Version/4.0 Chrome/43.0.2357.121 Mobile Safari/537.36 LieBaoFast/4.51.3" "-"
115.153.128.70 - - [03/Dec/2019:13:31:06 +0100] "GET /producto/gorra-konlun/ HTTP/1.1" 200 92751 "-" "Mozilla/5.0(Linux;Android 5.1.1;OPPO A33 Build/LMY47V;wv) AppleWebKit/537.36(KHTML,link Gecko) Version/4.0 Chrome/43.0.2357.121 Mobile Safari/537.36 LieBaoFast/4.51.3" "wpfront-notification-bar-landingpage=1"
223.245.212.60 - - [03/Dec/2019:13:31:29 +0100] "GET /etiqueta-producto/camiseta-arabia HTTP/1.1" 301 3557 "-" "Mozilla/5.0 (Linux; Android 7.0; FRD-AL00 Build/HUAWEIFRD-AL00; wv) AppleWebKit/537.36 (KHTML, like Gecko) Version/4.0 Chrome/53.0.2785.49 Mobile MQQBrowser/6.2 TBS/043602 Safari/537.36 MicroMessenger/6.5.16.1120 NetType/WIFI Language/zh_CN" "-"
223.245.212.60 - - [03/Dec/2019:13:31:33 +0100] "GET /etiqueta-producto/camiseta-arabia/ HTTP/1.1" 200 55852 "-" "Mozilla/5.0 (Linux; Android 7.0; FRD-AL00 Build/HUAWEIFRD-AL00; wv) AppleWebKit/537.36 (KHTML, like Gecko) Version/4.0 Chrome/53.0.2785.49 Mobile MQQBrowser/6.2 TBS/043602 Safari/537.36 MicroMessenger/6.5.16.1120 NetType/WIFI Language/zh_CN" "wpfront-notification-bar-landingpage=1"
217.76.130.90 - - [03/Dec/2019:13:33:37 +0100] "POST /wp-cron.php?doing_wp_cron=1575376416.9609999656677246093750 HTTP/1.1" 200 3389 "https://amazingsportwear.com/wp-cron.php?doing_wp_cron=1575376416.9609999656677246093750" "WordPress/5.2.4; https://amazingsportwear.com" "-"
113.85.56.25 - - [03/Dec/2019:13:33:35 +0100] "GET /categoria-producto/xxxl/page/2 HTTP/1.1" 301 3554 "-" "Mozilla/5.0 (Linux; Android 7.0; FRD-AL00 Build/HUAWEIFRD-AL00; wv) AppleWebKit/537.36 (KHTML, like Gecko) Version/4.0 Chrome/53.0.2785.49 Mobile MQQBrowser/6.2 TBS/043602 Safari/537.36 MicroMessenger/6.5.16.1120 NetType/WIFI Language/zh_CN" "-"
113.85.56.25 - - [03/Dec/2019:13:33:42 +0100] "GET /categoria-producto/xxxl/page/2/ HTTP/1.1" 200 58699 "-" "Mozilla/5.0 (Linux; Android 7.0; FRD-AL00 Build/HUAWEIFRD-AL00; wv) AppleWebKit/537.36 (KHTML, like Gecko) Version/4.0 Chrome/53.0.2785.49 Mobile MQQBrowser/6.2 TBS/043602 Safari/537.36 MicroMessenger/6.5.16.1120 NetType/WIFI Language/zh_CN" "wpfront-notification-bar-landingpage=1"
181.119.69.114 - - [03/Dec/2019:13:37:49 +0100] "GET /wp-content/uploads/2019/04/Gorra-sport-10.png HTTP/1.1" 200 60426 "https://www.google.com/" "Mozilla/5.0 (Windows NT 10.0; Win64; x64) AppleWebKit/537.36 (KHTML, like Gecko) Chrome/78.0.3904.108 Safari/537.36" "-"
217.76.130.90 - - [03/Dec/2019:13:37:52 +0100] "POST /wp-cron.php?doing_wp_cron=1575376672.5034139156341552734375 HTTP/1.1" 200 164 "http://amazingsportwear.com/wp-cron.php?doing_wp_cron=1575376672.5034139156341552734375" "WordPress/5.2.4; https://amazingsportwear.com" "-"
62.15.36.21 - - [03/Dec/2019:13:37:51 +0100] "GET / HTTP/1.1" 301 336 "-" "Mozilla/5.0 (Windows NT 6.1; Win64; x64) AppleWebKit/537.36 (KHTML, like Gecko) Chrome/78.0.3904.108 Safari/537.36" "-"
62.15.36.21 - - [03/Dec/2019:13:37:52 +0100] "GET / HTTP/1.1" 200 125786 "-" "Mozilla/5.0 (Windows NT 6.1; Win64; x64) AppleWebKit/537.36 (KHTML, like Gecko) Chrome/78.0.3904.108 Safari/537.36" "wpfront-notification-bar-landingpage=1"
62.15.36.21 - - [03/Dec/2019:13:37:55 +0100] "GET /wp-includes/css/dist/block-library/style.min.css?ver=5.2.4 HTTP/1.1" 200 29660 "https://amazingsportwear.com/" "Mozilla/5.0 (Windows NT 6.1; Win64; x64) AppleWebKit/537.36 (KHTML, like Gecko) Chrome/78.0.3904.108 Safari/537.36" "wpfront-notification-bar-landingpage=1"
62.15.36.21 - - [03/Dec/2019:13:37:55 +0100] "GET /wp-content/plugins/woocommerce/assets/css/blocks/style.css?ver=3.6.4 HTTP/1.1" 200 6697 "https://amazingsportwear.com/" "Mozilla/5.0 (Windows NT 6.1; Win64; x64) AppleWebKit/537.36 (KHTML, like Gecko) Chrome/78.0.3904.108 Safari/537.36" "wpfront-notification-bar-landingpage=1"
62.15.36.21 - - [03/Dec/2019:13:37:55 +0100] "GET /wp-content/plugins/cookie-law-info/public/css/cookie-law-info-public.css?ver=1.7.6 HTTP/1.1" 200 6598 "https://amazingsportwear.com/" "Mozilla/5.0 (Windows NT 6.1; Win64; x64) AppleWebKit/537.36 (KHTML, like Gecko) Chrome/78.0.3904.108 Safari/537.36" "wpfront-notification-bar-landingpage=1"
62.15.36.21 - - [03/Dec/2019:13:37:55 +0100] "GET /wp-content/plugins/cookie-law-info/public/css/cookie-law-info-gdpr.css?ver=1.7.6 HTTP/1.1" 200 15808 "https://amazingsportwear.com/" "Mozilla/5.0 (Windows NT 6.1; Win64; x64) AppleWebKit/537.36 (KHTML, like Gecko) Chrome/78.0.3904.108 Safari/537.36" "wpfront-notification-bar-landingpage=1"
62.15.36.21 - - [03/Dec/2019:13:37:55 +0100] "GET /wp-content/plugins/wpfront-notification-bar/css/wpfront-notification-bar.css?ver=1.7.1 HTTP/1.1" 200 7026 "https://amazingsportwear.com/" "Mozilla/5.0 (Windows NT 6.1; Win64; x64) AppleWebKit/537.36 (KHTML, like Gecko) Chrome/78.0.3904.108 Safari/537.36" "wpfront-notification-bar-landingpage=1"
62.15.36.21 - - [03/Dec/2019:13:37:55 +0100] "GET /wp-content/plugins/simple-social-icons/css/style.css?ver=3.0.1 HTTP/1.1" 200 4925 "https://amazingsportwear.com/" "Mozilla/5.0 (Windows NT 6.1; Win64; x64) AppleWebKit/537.36 (KHTML, like Gecko) Chrome/78.0.3904.108 Safari/537.36" "wpfront-notification-bar-landingpage=1"
62.15.36.21 - - [03/Dec/2019:13:37:55 +0100] "GET /wp-content/plugins/elementor/assets/lib/eicons/css/elementor-icons.min.css?ver=4.3.0 HTTP/1.1" 200 11850 "https://amazingsportwear.com/" "Mozilla/5.0 (Windows NT 6.1; Win64; x64) AppleWebKit/537.36 (KHTML, like Gecko) Chrome/78.0.3904.108 Safari/537.36" "wpfront-notification-bar-landingpage=1"
62.15.36.21 - - [03/Dec/2019:13:37:55 +0100] "GET /wp-content/plugins/elementor/assets/lib/animations/animations.min.css?ver=2.5.16 HTTP/1.1" 200 18833 "https://amazingsportwear.com/" "Mozilla/5.0 (Windows NT 6.1; Win64; x64) AppleWebKit/537.36 (KHTML, like Gecko) Chrome/78.0.3904.108 Safari/537.36" "wpfront-notification-bar-landingpage=1"
62.15.36.21 - - [03/Dec/2019:13:37:55 +0100] "GET /wp-content/themes/shopper/style.css?ver=1.3.8 HTTP/1.1" 200 128678 "https://amazingsportwear.com/" "Mozilla/5.0 (Windows NT 6.1; Win64; x64) AppleWebKit/537.36 (KHTML, like Gecko) Chrome/78.0.3904.108 Safari/537.36" "wpfront-notification-bar-landingpage=1"
62.15.36.21 - - [03/Dec/2019:13:37:55 +0100] "GET /wp-content/plugins/elementor/assets/css/frontend.min.css?ver=2.5.16 HTTP/1.1" 200 95366 "https://amazingsportwear.com/" "Mozilla/5.0 (Windows NT 6.1; Win64; x64) AppleWebKit/537.36 (KHTML, like Gecko) Chrome/78.0.3904.108 Safari/537.36" "wpfront-notification-bar-landingpage=1"
62.15.36.21 - - [03/Dec/2019:13:37:55 +0100] "GET /wp-content/uploads/elementor/css/global.css?ver=1559638744 HTTP/1.1" 200 5136 "https://amazingsportwear.com/" "Mozilla/5.0 (Windows NT 6.1; Win64; x64) AppleWebKit/537.36 (KHTML, like Gecko) Chrome/78.0.3904.108 Safari/537.36" "wpfront-notification-bar-landingpage=1"
62.15.36.21 - - [03/Dec/2019:13:37:55 +0100] "GET /wp-content/uploads/elementor/css/post-16241.css?ver=1562311573 HTTP/1.1" 200 4934 "https://amazingsportwear.com/" "Mozilla/5.0 (Windows NT 6.1; Win64; x64) AppleWebKit/537.36 (KHTML, like Gecko) Chrome/78.0.3904.108 Safari/537.36" "wpfront-notification-bar-landingpage=1"
62.15.36.21 - - [03/Dec/2019:13:37:55 +0100] "GET /wp-content/plugins/elementor/assets/lib/font-awesome/css/font-awesome.min.css?ver=4.7.0 HTTP/1.1" 200 31365 "https://amazingsportwear.com/" "Mozilla/5.0 (Windows NT 6.1; Win64; x64) AppleWebKit/537.36 (KHTML, like Gecko) Chrome/78.0.3904.108 Safari/537.36" "wpfront-notification-bar-landingpage=1"
62.15.36.21 - - [03/Dec/2019:13:37:55 +0100] "GET /wp-content/plugins/smart-slider-3/library/media/smartslider.min.css?1559118093 HTTP/1.1" 200 19959 "https://amazingsportwear.com/" "Mozilla/5.0 (Windows NT 6.1; Win64; x64) AppleWebKit/537.36 (KHTML, like Gecko) Chrome/78.0.3904.108 Safari/537.36" "wpfront-notification-bar-landingpage=1"
62.15.36.21 - - [03/Dec/2019:13:37:55 +0100] "GET /wp-includes/js/jquery/jquery-migrate.min.js?ver=1.4.1 HTTP/1.1" 200 10399 "https://amazingsportwear.com/" "Mozilla/5.0 (Windows NT 6.1; Win64; x64) AppleWebKit/537.36 (KHTML, like Gecko) Chrome/78.0.3904.108 Safari/537.36" "wpfront-notification-bar-landingpage=1"
62.15.36.21 - - [03/Dec/2019:13:37:55 +0100] "GET /wp-includes/js/jquery/jquery.js?ver=1.12.4-wp HTTP/1.1" 200 97362 "https://amazingsportwear.com/" "Mozilla/5.0 (Windows NT 6.1; Win64; x64) AppleWebKit/537.36 (KHTML, like Gecko) Chrome/78.0.3904.108 Safari/537.36" "wpfront-notification-bar-landingpage=1"
62.15.36.21 - - [03/Dec/2019:13:37:55 +0100] "GET /wp-content/themes/shopper/assets/sass/woocommerce/woocommerce.css?ver=5.2.4 HTTP/1.1" 200 83534 "https://amazingsportwear.com/" "Mozilla/5.0 (Windows NT 6.1; Win64; x64) AppleWebKit/537.36 (KHTML, like Gecko) Chrome/78.0.3904.108 Safari/537.36" "wpfront-notification-bar-landingpage=1"
62.15.36.21 - - [03/Dec/2019:13:37:55 +0100] "GET /wp-content/plugins/cookie-law-info/public/js/cookie-law-info-public.js?ver=1.7.6 HTTP/1.1" 200 17076 "https://amazingsportwear.com/" "Mozilla/5.0 (Windows NT 6.1; Win64; x64) AppleWebKit/537.36 (KHTML, like Gecko) Chrome/78.0.3904.108 Safari/537.36" "wpfront-notification-bar-landingpage=1"
62.15.36.21 - - [03/Dec/2019:13:37:55 +0100] "GET /wp-content/plugins/simple-social-icons/svgxuse.js?ver=1.1.21 HTTP/1.1" 200 9580 "https://amazingsportwear.com/" "Mozilla/5.0 (Windows NT 6.1; Win64; x64) AppleWebKit/537.36 (KHTML, like Gecko) Chrome/78.0.3904.108 Safari/537.36" "wpfront-notification-bar-landingpage=1"
