189.219.27.61 - - [19/Dec/2019:00:16:35 +0100] "GET /wp-content/uploads/2019/04/gorra-lorenz-4.png HTTP/1.1" 200 77974 "https://www.google.com/" "Mozilla/5.0 (Windows NT 10.0; Win64; x64) AppleWebKit/537.36 (KHTML, like Gecko) Chrome/79.0.3945.79 Safari/537.36" "-"
217.76.130.90 - - [19/Dec/2019:00:21:57 +0100] "POST /wp-cron.php?doing_wp_cron=1576711317.8290500640869140625000 HTTP/1.1" 200 164 "http://amazingsportwear.com/wp-cron.php?doing_wp_cron=1576711317.8290500640869140625000" "WordPress/5.2.5; https://amazingsportwear.com" "-"
66.249.66.87 - - [19/Dec/2019:00:21:54 +0100] "GET /robots.txt HTTP/1.1" 200 432 "-" "Mozilla/5.0 (compatible; Googlebot/2.1; +http://www.google.com/bot.html)" "-"
217.76.130.90 - - [19/Dec/2019:00:25:45 +0100] "POST /wp-cron.php?doing_wp_cron=1576711545.4269280433654785156250 HTTP/1.1" 200 164 "http://amazingsportwear.com/wp-cron.php?doing_wp_cron=1576711545.4269280433654785156250" "WordPress/5.2.5; https://amazingsportwear.com" "-"
157.55.39.152 - - [19/Dec/2019:00:25:41 +0100] "GET /robots.txt HTTP/1.1" 200 432 "-" "Mozilla/5.0 (compatible; bingbot/2.0; +http://www.bing.com/bingbot.htm)" "-"
217.76.130.90 - - [19/Dec/2019:00:26:07 +0100] "POST /wp-cron.php?doing_wp_cron=1576711567.1136450767517089843750 HTTP/1.1" 200 164 "http://amazingsportwear.com/wp-cron.php?doing_wp_cron=1576711567.1136450767517089843750" "WordPress/5.2.5; https://amazingsportwear.com" "-"
157.55.39.95 - - [19/Dec/2019:00:26:05 +0100] "GET /content/?controller=contact HTTP/1.1" 301 469 "-" "Mozilla/5.0 (compatible; bingbot/2.0; +http://www.bing.com/bingbot.htm)" "-"
40.77.167.81 - - [19/Dec/2019:00:31:53 +0100] "GET /wp-content/uploads/2017/03/aq-revers-colores.jpg HTTP/1.1" 200 23173 "-" "Mozilla/5.0 (compatible; bingbot/2.0; +http://www.bing.com/bingbot.htm)" "-"
217.76.130.90 - - [19/Dec/2019:00:37:39 +0100] "POST /wp-cron.php?doing_wp_cron=1576712259.2312700748443603515625 HTTP/1.1" 200 164 "http://amazingsportwear.com/wp-cron.php?doing_wp_cron=1576712259.2312700748443603515625" "WordPress/5.2.5; https://amazingsportwear.com" "-"
66.249.66.85 - - [19/Dec/2019:00:37:36 +0100] "GET / HTTP/1.1" 301 336 "-" "Mozilla/5.0 (Linux; Android 6.0.1; Nexus 5X Build/MMB29P) AppleWebKit/537.36 (KHTML, like Gecko) Chrome/41.0.2272.96 Mobile Safari/537.36 (compatible; Googlebot/2.1; +http://www.google.com/bot.html)" "-"
66.249.66.68 - - [19/Dec/2019:00:37:44 +0100] "GET / HTTP/1.1" 200 125771 "-" "Mozilla/5.0 (Linux; Android 6.0.1; Nexus 5X Build/MMB29P) AppleWebKit/537.36 (KHTML, like Gecko) Chrome/41.0.2272.96 Mobile Safari/537.36 (compatible; Googlebot/2.1; +http://www.google.com/bot.html)" "wpfront-notification-bar-landingpage=1"
66.249.66.66 - - [19/Dec/2019:00:37:54 +0100] "POST /?wc-ajax=get_refreshed_fragments HTTP/1.1" 200 4760 "https://amazingsportwear.com/" "Mozilla/5.0 (Linux; Android 6.0.1; Nexus 5X Build/MMB29P) AppleWebKit/537.36 (KHTML, like Gecko) Chrome/41.0.2272.96 Mobile Safari/537.36 (compatible; Googlebot/2.1; +http://www.google.com/bot.html)" "_ga=GA1.2.1951319036.1576627200; _gid=GA1.2.1036204339.1576627200; _gat_gtag_UA_91619287_1=1"
189.129.112.255 - - [19/Dec/2019:01:06:10 +0100] "GET /wp-content/uploads/2019/04/Gorra-sport-10.png HTTP/1.1" 200 60426 "https://www.google.com/" "Mozilla/5.0 (Windows NT 10.0; Win64; x64) AppleWebKit/537.36 (KHTML, like Gecko) Chrome/79.0.3945.79 Safari/537.36" "-"
217.76.130.90 - - [19/Dec/2019:01:12:05 +0100] "POST /wp-cron.php?doing_wp_cron=1576714325.6914100646972656250000 HTTP/1.1" 200 164 "http://amazingsportwear.com/wp-cron.php?doing_wp_cron=1576714325.6914100646972656250000" "WordPress/5.2.5; https://amazingsportwear.com" "-"
113.11.255.24 - - [19/Dec/2019:01:12:00 +0100] "GET /wp-admin/ms-upgrade-network.php HTTP/1.1" 302 405 "http://site.ru" "Mozilla/5.0 (Windows; U; Windows NT 5.1; en-US) AppleWebKit/533.4 (KHTML, like Gecko) Chrome/5.0.375.99 Safari/533.4" "-"
113.11.255.24 - - [19/Dec/2019:01:12:07 +0100] "GET /wp-admin/ms-upgrade-network.php HTTP/1.1" 302 3708 "http://site.ru" "Mozilla/5.0 (Windows; U; Windows NT 5.1; en-US) AppleWebKit/533.4 (KHTML, like Gecko) Chrome/5.0.375.99 Safari/533.4" "-"
113.11.255.24 - - [19/Dec/2019:01:12:09 +0100] "GET /wp-login.php?redirect_to=https%3A%2F%2Famazingsportwear.com%2Fwp-admin%2Fms-upgrade-network.php&reauth=1 HTTP/1.1" 200 6718 "http://site.ru" "Mozilla/5.0 (Windows; U; Windows NT 5.1; en-US) AppleWebKit/533.4 (KHTML, like Gecko) Chrome/5.0.375.99 Safari/533.4" "-"
113.11.255.24 - - [19/Dec/2019:01:12:29 +0100] "GET /wp-admin/ms-upgrade-network.php HTTP/1.1" 302 405 "http://site.ru" "Mozilla/5.0 (Windows; U; Windows NT 5.1; en-US) AppleWebKit/533.4 (KHTML, like Gecko) Chrome/5.0.375.99 Safari/533.4" "-"
113.11.255.24 - - [19/Dec/2019:01:12:30 +0100] "GET /wp-admin/ms-upgrade-network.php HTTP/1.1" 302 3708 "http://site.ru" "Mozilla/5.0 (Windows; U; Windows NT 5.1; en-US) AppleWebKit/533.4 (KHTML, like Gecko) Chrome/5.0.375.99 Safari/533.4" "-"
113.11.255.24 - - [19/Dec/2019:01:12:31 +0100] "GET /wp-login.php?redirect_to=https%3A%2F%2Famazingsportwear.com%2Fwp-admin%2Fms-upgrade-network.php&reauth=1 HTTP/1.1" 200 6718 "http://site.ru" "Mozilla/5.0 (Windows; U; Windows NT 5.1; en-US) AppleWebKit/533.4 (KHTML, like Gecko) Chrome/5.0.375.99 Safari/533.4" "-"
186.176.242.236 - - [19/Dec/2019:01:33:13 +0100] "GET /wp-content/uploads/2017/03/nath-only-mujer.jpg HTTP/1.1" 200 20549 "https://www.google.com/blank.html" "Mozilla/5.0 (Linux; Android 9; motorola one Build/PPKS29.68-16-34-13; wv) AppleWebKit/537.36 (KHTML, like Gecko) Version/4.0 Chrome/79.0.3945.79 Mobile Safari/537.36 GSA/10.87.15.21.arm64" "-"
217.76.130.90 - - [19/Dec/2019:01:55:29 +0100] "POST /wp-cron.php?doing_wp_cron=1576716929.2774488925933837890625 HTTP/1.1" 200 164 "http://amazingsportwear.com/wp-cron.php?doing_wp_cron=1576716929.2774488925933837890625" "WordPress/5.2.5; https://amazingsportwear.com" "-"
50.116.86.15 - - [19/Dec/2019:01:55:25 +0100] "GET /wp-admin/post.php HTTP/1.1" 302 391 "http://site.ru" "Mozilla/5.0 (Windows; U; Windows NT 5.1; en-US) AppleWebKit/533.4 (KHTML, like Gecko) Chrome/5.0.375.99 Safari/533.4" "-"
50.116.86.15 - - [19/Dec/2019:01:55:34 +0100] "GET /wp-admin/post.php HTTP/1.1" 302 3689 "http://site.ru" "Mozilla/5.0 (Windows; U; Windows NT 5.1; en-US) AppleWebKit/533.4 (KHTML, like Gecko) Chrome/5.0.375.99 Safari/533.4" "-"
50.116.86.15 - - [19/Dec/2019:01:55:36 +0100] "GET /wp-login.php?redirect_to=https%3A%2F%2Famazingsportwear.com%2Fwp-admin%2Fpost.php&reauth=1 HTTP/1.1" 200 6704 "http://site.ru" "Mozilla/5.0 (Windows; U; Windows NT 5.1; en-US) AppleWebKit/533.4 (KHTML, like Gecko) Chrome/5.0.375.99 Safari/533.4" "-"
50.116.86.15 - - [19/Dec/2019:01:55:53 +0100] "GET /wp-admin/post.php HTTP/1.1" 302 391 "http://site.ru" "Mozilla/5.0 (Windows; U; Windows NT 5.1; en-US) AppleWebKit/533.4 (KHTML, like Gecko) Chrome/5.0.375.99 Safari/533.4" "-"
50.116.86.15 - - [19/Dec/2019:01:55:59 +0100] "GET /wp-admin/post.php HTTP/1.1" 302 3689 "http://site.ru" "Mozilla/5.0 (Windows; U; Windows NT 5.1; en-US) AppleWebKit/533.4 (KHTML, like Gecko) Chrome/5.0.375.99 Safari/533.4" "-"
50.116.86.15 - - [19/Dec/2019:01:56:00 +0100] "GET /wp-login.php?redirect_to=https%3A%2F%2Famazingsportwear.com%2Fwp-admin%2Fpost.php&reauth=1 HTTP/1.1" 200 6704 "http://site.ru" "Mozilla/5.0 (Windows; U; Windows NT 5.1; en-US) AppleWebKit/533.4 (KHTML, like Gecko) Chrome/5.0.375.99 Safari/533.4" "-"
217.76.130.90 - - [19/Dec/2019:02:05:31 +0100] "POST /wp-cron.php?doing_wp_cron=1576717531.3896329402923583984375 HTTP/1.1" 200 3389 "https://amazingsportwear.com/wp-cron.php?doing_wp_cron=1576717531.3896329402923583984375" "WordPress/5.2.5; https://amazingsportwear.com" "-"
66.249.66.66 - - [19/Dec/2019:02:05:28 +0100] "GET /producto/gorra-sport/ HTTP/1.1" 200 101907 "-" "Mozilla/5.0 (compatible; Googlebot/2.1; +http://www.google.com/bot.html)" "-"
217.76.130.90 - - [19/Dec/2019:02:14:13 +0100] "POST /wp-cron.php?doing_wp_cron=1576718053.0569229125976562500000 HTTP/1.1" 200 3389 "https://amazingsportwear.com/wp-cron.php?doing_wp_cron=1576718053.0569229125976562500000" "WordPress/5.2.5; https://amazingsportwear.com" "-"
207.46.13.71 - - [19/Dec/2019:02:14:12 +0100] "GET /producto/camiseta-hombre-dogo-premium/ HTTP/1.1" 200 100789 "-" "Mozilla/5.0 (compatible; bingbot/2.0; +http://www.bing.com/bingbot.htm)" "-"
40.77.188.141 - - [19/Dec/2019:02:16:31 +0100] "GET /wp-includes/js/wp-emoji-release.min.js?ver=5.2.5 HTTP/1.1" 200 17546 "-" "Mozilla/5.0 (Windows NT 6.1; WOW64) AppleWebKit/534+ (KHTML, like Gecko) BingPreview/1.0b" "-"
217.76.130.90 - - [19/Dec/2019:02:16:32 +0100] "POST /wp-cron.php?doing_wp_cron=1576718192.3316450119018554687500 HTTP/1.1" 200 164 "http://amazingsportwear.com/wp-cron.php?doing_wp_cron=1576718192.3316450119018554687500" "WordPress/5.2.5; https://amazingsportwear.com" "-"
40.77.167.100 - - [19/Dec/2019:02:16:31 +0100] "GET /robots.txt HTTP/1.1" 200 432 "-" "msnbot/2.0b (+http://search.msn.com/msnbot.htm)" "-"
40.77.188.56 - - [19/Dec/2019:02:16:36 +0100] "GET /wp-includes/css/dist/block-library/style.min.css?ver=5.2.5 HTTP/1.1" 200 33023 "-" "Mozilla/5.0 (Windows NT 6.1; WOW64) AppleWebKit/534+ (KHTML, like Gecko) BingPreview/1.0b" "-"
40.77.188.38 - - [19/Dec/2019:02:16:37 +0100] "GET /wp-content/plugins/woocommerce/assets/css/blocks/style.css?ver=3.6.4 HTTP/1.1" 200 10060 "-" "Mozilla/5.0 (Windows NT 6.1; WOW64) AppleWebKit/534+ (KHTML, like Gecko) BingPreview/1.0b" "-"
40.77.191.29 - - [19/Dec/2019:02:16:39 +0100] "GET /wp-content/plugins/cookie-law-info/public/css/cookie-law-info-gdpr.css?ver=1.7.6 HTTP/1.1" 200 15808 "-" "Mozilla/5.0 (Windows NT 6.1; WOW64) AppleWebKit/534+ (KHTML, like Gecko) BingPreview/1.0b" "-"
40.77.189.254 - - [19/Dec/2019:02:16:40 +0100] "GET /wp-content/plugins/woocommerce/assets/css/photoswipe/photoswipe.css?ver=3.6.4 HTTP/1.1" 200 7835 "-" "Mozilla/5.0 (Windows NT 6.1; WOW64) AppleWebKit/534+ (KHTML, like Gecko) BingPreview/1.0b" "-"
40.77.189.110 - - [19/Dec/2019:02:16:41 +0100] "GET /wp-content/plugins/woocommerce/assets/css/photoswipe/default-skin/default-skin.css?ver=3.6.4 HTTP/1.1" 200 15306 "-" "Mozilla/5.0 (Windows NT 6.1; WOW64) AppleWebKit/534+ (KHTML, like Gecko) BingPreview/1.0b" "-"
40.77.188.121 - - [19/Dec/2019:02:16:43 +0100] "GET /wp-content/plugins/wpfront-notification-bar/css/wpfront-notification-bar.css?ver=1.7.1 HTTP/1.1" 200 7026 "-" "Mozilla/5.0 (Windows NT 6.1; WOW64) AppleWebKit/534+ (KHTML, like Gecko) BingPreview/1.0b" "-"
40.77.189.244 - - [19/Dec/2019:02:16:44 +0100] "GET /wp-content/themes/shopper/style.css?ver=1.3.8 HTTP/1.1" 200 128678 "-" "Mozilla/5.0 (Windows NT 6.1; WOW64) AppleWebKit/534+ (KHTML, like Gecko) BingPreview/1.0b" "-"
40.77.188.165 - - [19/Dec/2019:02:16:45 +0100] "GET /wp-content/themes/shopper/assets/sass/woocommerce/woocommerce.css?ver=5.2.5 HTTP/1.1" 200 86897 "-" "Mozilla/5.0 (Windows NT 6.1; WOW64) AppleWebKit/534+ (KHTML, like Gecko) BingPreview/1.0b" "-"
40.77.189.190 - - [19/Dec/2019:02:16:48 +0100] "GET /wp-includes/js/jquery/jquery.js?ver=1.12.4-wp HTTP/1.1" 200 100725 "-" "Mozilla/5.0 (Windows NT 6.1; WOW64) AppleWebKit/534+ (KHTML, like Gecko) BingPreview/1.0b" "-"
40.77.190.237 - - [19/Dec/2019:02:16:50 +0100] "GET /wp-includes/js/jquery/jquery-migrate.min.js?ver=1.4.1 HTTP/1.1" 200 13762 "-" "Mozilla/5.0 (Windows NT 6.1; WOW64) AppleWebKit/534+ (KHTML, like Gecko) BingPreview/1.0b" "-"
40.77.188.155 - - [19/Dec/2019:02:16:52 +0100] "GET /wp-content/plugins/cookie-law-info/public/js/cookie-law-info-public.js?ver=1.7.6 HTTP/1.1" 200 20439 "-" "Mozilla/5.0 (Windows NT 6.1; WOW64) AppleWebKit/534+ (KHTML, like Gecko) BingPreview/1.0b" "-"
40.77.190.227 - - [19/Dec/2019:02:16:54 +0100] "GET /wp-content/plugins/wpfront-notification-bar/jquery-plugins/jquery.c.js?ver=1.4.0 HTTP/1.1" 200 6800 "-" "Mozilla/5.0 (Windows NT 6.1; WOW64) AppleWebKit/534+ (KHTML, like Gecko) BingPreview/1.0b" "-"
40.77.189.25 - - [19/Dec/2019:02:16:55 +0100] "GET /wp-content/plugins/wpfront-notification-bar/js/wpfront-notification-bar.js?ver=1.7.1 HTTP/1.1" 200 9025 "-" "Mozilla/5.0 (Windows NT 6.1; WOW64) AppleWebKit/534+ (KHTML, like Gecko) BingPreview/1.0b" "-"
40.77.167.100 - - [19/Dec/2019:02:16:57 +0100] "GET /wp-content/plugins/akismet/_inc/form.js?ver=4.1.2 HTTP/1.1" 200 4403 "-" "msnbot/2.0b (+http://search.msn.com/msnbot.htm)" "-"
40.77.167.100 - - [19/Dec/2019:02:16:57 +0100] "GET /wp-content/plugins/cookie-law-info/public/js/cookie-law-info-public.js?ver=1.7.6 HTTP/1.1" 200 17076 "-" "msnbot/2.0b (+http://search.msn.com/msnbot.htm)" "-"
40.77.167.100 - - [19/Dec/2019:02:16:57 +0100] "GET /wp-content/plugins/woocommerce/assets/js/frontend/add-to-cart-variation.min.js?ver=3.6.4 HTTP/1.1" 200 13625 "-" "msnbot/2.0b (+http://search.msn.com/msnbot.htm)" "-"
40.77.167.100 - - [19/Dec/2019:02:16:57 +0100] "GET /wp-content/plugins/woocommerce/assets/js/frontend/cart-fragments.min.js?ver=3.6.4 HTTP/1.1" 200 3281 "-" "msnbot/2.0b (+http://search.msn.com/msnbot.htm)" "-"
40.77.167.100 - - [19/Dec/2019:02:16:57 +0100] "GET /wp-content/plugins/woocommerce/assets/js/frontend/add-to-cart.min.js?ver=3.6.4 HTTP/1.1" 200 2983 "-" "msnbot/2.0b (+http://search.msn.com/msnbot.htm)" "-"
40.77.167.100 - - [19/Dec/2019:02:16:58 +0100] "GET /wp-content/plugins/woocommerce/assets/js/photoswipe/photoswipe-ui-default.min.js?ver=4.1.1 HTTP/1.1" 200 10220 "-" "msnbot/2.0b (+http://search.msn.com/msnbot.htm)" "-"
40.77.188.32 - - [19/Dec/2019:02:16:58 +0100] "GET /wp-includes/js/jquery/jquery.js HTTP/1.1" 200 100725 "-" "Mozilla/5.0 (Windows NT 6.1; WOW64) AppleWebKit/534+ (KHTML, like Gecko) BingPreview/1.0b" "-"
40.77.191.59 - - [19/Dec/2019:02:17:01 +0100] "GET /wp-content/themes/shopper/assets/fonts/fontawesome-webfont.ttf?v=4.7.0 HTTP/1.1" 200 169541 "-" "Mozilla/5.0 (Windows NT 6.1; WOW64) AppleWebKit/534+ (KHTML, like Gecko) BingPreview/1.0b" "-"
207.46.13.71 - - [19/Dec/2019:02:17:02 +0100] "GET /wp-content/plugins/woocommerce/assets/js/frontend/single-product.min.js?ver=3.6.4 HTTP/1.1" 200 10056 "-" "msnbot/2.0b (+http://search.msn.com/msnbot.htm)" "-"
207.46.13.71 - - [19/Dec/2019:02:17:02 +0100] "GET /wp-includes/js/jquery/ui/dialog.min.js?ver=1.11.4 HTTP/1.1" 200 12482 "-" "msnbot/2.0b (+http://search.msn.com/msnbot.htm)" "-"
207.46.13.71 - - [19/Dec/2019:02:17:02 +0100] "GET /wp-includes/js/jquery/ui/resizable.min.js?ver=1.11.4 HTTP/1.1" 200 18798 "-" "msnbot/2.0b (+http://search.msn.com/msnbot.htm)" "-"
207.46.13.71 - - [19/Dec/2019:02:17:02 +0100] "GET /wp-includes/js/jquery/ui/widget.min.js?ver=1.11.4 HTTP/1.1" 200 7250 "-" "msnbot/2.0b (+http://search.msn.com/msnbot.htm)" "-"
40.77.189.131 - - [19/Dec/2019:02:17:05 +0100] "GET /wp-content/plugins/product-enquiry-for-woocommerce/css/wdm-jquery-ui.css?ver=5.2.5 HTTP/1.1" 200 30364 "-" "Mozilla/5.0 (Windows NT 6.1; WOW64) AppleWebKit/534+ (KHTML, like Gecko) BingPreview/1.0b" "-"
40.77.189.162 - - [19/Dec/2019:02:17:06 +0100] "GET /wp-content/themes/shopper/assets/js/crm.js?ver=1561548510 HTTP/1.1" 200 4237 "-" "Mozilla/5.0 (Windows NT 6.1; WOW64) AppleWebKit/534+ (KHTML, like Gecko) BingPreview/1.0b" "-"
40.77.167.81 - - [19/Dec/2019:02:17:07 +0100] "GET /wp-content/plugins/product-enquiry-for-woocommerce/js/wdm_jquery.validate.min.js?ver=5.2.5 HTTP/1.1" 200 25181 "-" "msnbot/2.0b (+http://search.msn.com/msnbot.htm)" "-"
40.77.167.81 - - [19/Dec/2019:02:17:07 +0100] "GET /wp-content/plugins/woocommerce/assets/js/flexslider/jquery.flexslider.min.js?ver=2.7.2 HTTP/1.1" 200 23232 "-" "msnbot/2.0b (+http://search.msn.com/msnbot.htm)" "-"
40.77.167.81 - - [19/Dec/2019:02:17:07 +0100] "GET /wp-content/plugins/woocommerce/assets/js/js-cookie/js.cookie.min.js?ver=2.1.4 HTTP/1.1" 200 2187 "-" "msnbot/2.0b (+http://search.msn.com/msnbot.htm)" "-"
40.77.167.81 - - [19/Dec/2019:02:17:08 +0100] "GET /wp-content/plugins/woocommerce/assets/js/photoswipe/photoswipe.min.js?ver=4.1.1 HTTP/1.1" 200 32276 "-" "msnbot/2.0b (+http://search.msn.com/msnbot.htm)" "-"
40.77.167.81 - - [19/Dec/2019:02:17:08 +0100] "GET /wp-content/plugins/wpfront-notification-bar/jquery-plugins/jquery.c.js?ver=1.4.0 HTTP/1.1" 200 3437 "-" "msnbot/2.0b (+http://search.msn.com/msnbot.htm)" "-"
40.77.167.81 - - [19/Dec/2019:02:17:08 +0100] "GET /wp-content/plugins/wpfront-notification-bar/js/wpfront-notification-bar.js?ver=1.7.1 HTTP/1.1" 200 5662 "-" "msnbot/2.0b (+http://search.msn.com/msnbot.htm)" "-"
40.77.167.81 - - [19/Dec/2019:02:17:08 +0100] "GET /wp-includes/js/jquery/ui/core.min.js?ver=1.11.4 HTTP/1.1" 200 4341 "-" "msnbot/2.0b (+http://search.msn.com/msnbot.htm)" "-"
40.77.191.64 - - [19/Dec/2019:02:17:08 +0100] "GET /wp-content/plugins/woocommerce/assets/js/zoom/jquery.zoom.min.js?ver=1.7.21 HTTP/1.1" 200 6320 "-" "Mozilla/5.0 (Windows NT 6.1; WOW64) AppleWebKit/534+ (KHTML, like Gecko) BingPreview/1.0b" "-"
40.77.190.32 - - [19/Dec/2019:02:17:13 +0100] "GET /wp-content/themes/shopper/assets/js/skip-link-focus-fix.js?ver=1.3.8 HTTP/1.1" 200 4386 "-" "Mozilla/5.0 (Windows NT 6.1; WOW64) AppleWebKit/534+ (KHTML, like Gecko) BingPreview/1.0b" "-"
40.77.167.100 - - [19/Dec/2019:02:17:14 +0100] "GET /wp-content/themes/shopper/assets/js/shopper.min.js?ver=1.3.8 HTTP/1.1" 200 9357 "-" "msnbot/2.0b (+http://search.msn.com/msnbot.htm)" "-"
40.77.167.100 - - [19/Dec/2019:02:17:14 +0100] "GET /wp-content/themes/shopper/assets/js/skip-link-focus-fix.js?ver=1.3.8 HTTP/1.1" 200 1023 "-" "msnbot/2.0b (+http://search.msn.com/msnbot.htm)" "-"
40.77.167.100 - - [19/Dec/2019:02:17:14 +0100] "GET /wp-includes/js/jquery/ui/button.min.js?ver=1.11.4 HTTP/1.1" 200 7578 "-" "msnbot/2.0b (+http://search.msn.com/msnbot.htm)" "-"
40.77.167.100 - - [19/Dec/2019:02:17:14 +0100] "GET /wp-includes/js/wp-util.min.js?ver=5.2.5 HTTP/1.1" 200 1387 "-" "msnbot/2.0b (+http://search.msn.com/msnbot.htm)" "-"
40.77.189.22 - - [19/Dec/2019:02:17:16 +0100] "GET /wp-includes/js/comment-reply.min.js?ver=5.2.5 HTTP/1.1" 200 5938 "-" "Mozilla/5.0 (Windows NT 6.1; WOW64) AppleWebKit/534+ (KHTML, like Gecko) BingPreview/1.0b" "-"
40.77.189.106 - - [19/Dec/2019:02:17:17 +0100] "GET /wp-content/themes/shopper/assets/js/woocommerce/header-cart.min.js?ver=1.3.8 HTTP/1.1" 200 4335 "-" "Mozilla/5.0 (Windows NT 6.1; WOW64) AppleWebKit/534+ (KHTML, like Gecko) BingPreview/1.0b" "-"
40.77.188.243 - - [19/Dec/2019:02:17:19 +0100] "GET /wp-includes/js/wp-embed.min.js?ver=5.2.5 HTTP/1.1" 200 5107 "-" "Mozilla/5.0 (Windows NT 6.1; WOW64) AppleWebKit/534+ (KHTML, like Gecko) BingPreview/1.0b" "-"
217.76.130.90 - - [19/Dec/2019:02:25:05 +0100] "POST /wp-cron.php?doing_wp_cron=1576718705.4208879470825195312500 HTTP/1.1" 200 3389 "https://amazingsportwear.com/wp-cron.php?doing_wp_cron=1576718705.4208879470825195312500" "WordPress/5.2.5; https://amazingsportwear.com" "-"
138.246.253.5 - - [19/Dec/2019:02:25:04 +0100] "HEAD / HTTP/1.1" 301 3653 "-" "Mozilla/5.0 (Windows NT 6.1; Win64; x64) AppleWebKit/537.36 (KHTML, like Gecko) Chrome/40.0.2214.85 Safari/537.36" "-"
217.76.130.90 - - [19/Dec/2019:03:00:07 +0100] "POST /wp-cron.php?doing_wp_cron=1576720807.7058179378509521484375 HTTP/1.1" 200 3389 "https://amazingsportwear.com/wp-cron.php?doing_wp_cron=1576720807.7058179378509521484375" "WordPress/5.2.5; https://amazingsportwear.com" "-"
95.216.38.186 - - [19/Dec/2019:03:00:05 +0100] "GET /robots.txt HTTP/1.1" 200 3939 "-" "Mozilla/5.0 (compatible; MJ12bot/v1.4.8; http://mj12bot.com/)" "-"
95.216.38.186 - - [19/Dec/2019:03:00:10 +0100] "GET /wp-content/uploads/2019/04/AQUA-10043400-TRANSPARENTE-DISE%C3%91O.png HTTP/1.1" 200 106128 "-" "Mozilla/5.0 (compatible; MJ12bot/v1.4.8; http://mj12bot.com/)" "-"
95.216.38.186 - - [19/Dec/2019:03:00:13 +0100] "GET /wp-content/uploads/2019/04/BOTELLA-TRIT%C3%81N-DISE%C3%91O-1.png HTTP/1.1" 200 134920 "-" "Mozilla/5.0 (compatible; MJ12bot/v1.4.8; http://mj12bot.com/)" "-"
95.216.38.186 - - [19/Dec/2019:03:00:16 +0100] "GET /wp-content/uploads/2019/04/Bid%C3%B3n-Iskan-1.png HTTP/1.1" 200 51365 "-" "Mozilla/5.0 (compatible; MJ12bot/v1.4.8; http://mj12bot.com/)" "-"
95.216.38.186 - - [19/Dec/2019:03:00:20 +0100] "GET /wp-content/uploads/2019/04/Bid%C3%B3n-Iskan-2.png HTTP/1.1" 200 73304 "-" "Mozilla/5.0 (compatible; MJ12bot/v1.4.8; http://mj12bot.com/)" "-"
95.216.38.186 - - [19/Dec/2019:03:00:22 +0100] "GET /wp-content/uploads/2019/04/Bid%C3%B3n-Iskan-3.png HTTP/1.1" 200 44502 "-" "Mozilla/5.0 (compatible; MJ12bot/v1.4.8; http://mj12bot.com/)" "-"
95.216.38.186 - - [19/Dec/2019:03:00:25 +0100] "GET /wp-content/uploads/2019/04/Bid%C3%B3n-Iskan-4.png HTTP/1.1" 200 74092 "-" "Mozilla/5.0 (compatible; MJ12bot/v1.4.8; http://mj12bot.com/)" "-"
95.216.38.186 - - [19/Dec/2019:03:00:28 +0100] "GET /wp-content/uploads/2019/04/Bid%C3%B3n-Iskan-5.png HTTP/1.1" 200 74672 "-" "Mozilla/5.0 (compatible; MJ12bot/v1.4.8; http://mj12bot.com/)" "-"
95.216.38.186 - - [19/Dec/2019:03:00:31 +0100] "GET /wp-content/uploads/2019/04/Bid%C3%B3n-Iskan-6.png HTTP/1.1" 200 68718 "-" "Mozilla/5.0 (compatible; MJ12bot/v1.4.8; http://mj12bot.com/)" "-"
95.216.38.186 - - [19/Dec/2019:03:00:34 +0100] "GET /wp-content/uploads/2019/04/Bid%C3%B3n-Iskan-7.png HTTP/1.1" 200 71019 "-" "Mozilla/5.0 (compatible; MJ12bot/v1.4.8; http://mj12bot.com/)" "-"
95.216.38.186 - - [19/Dec/2019:03:00:39 +0100] "GET /wp-content/uploads/2019/04/Bid%C3%B3n-Iskan-8.png HTTP/1.1" 200 72473 "-" "Mozilla/5.0 (compatible; MJ12bot/v1.4.8; http://mj12bot.com/)" "-"
95.216.38.186 - - [19/Dec/2019:03:00:41 +0100] "GET /wp-content/uploads/2019/04/MU%C3%91EQUERA-BEKER-1.png HTTP/1.1" 200 159279 "-" "Mozilla/5.0 (compatible; MJ12bot/v1.4.8; http://mj12bot.com/)" "-"
95.216.38.186 - - [19/Dec/2019:03:00:44 +0100] "GET /wp-content/uploads/2019/04/MU%C3%91EQUERA-BEKER-2.png HTTP/1.1" 200 96034 "-" "Mozilla/5.0 (compatible; MJ12bot/v1.4.8; http://mj12bot.com/)" "-"
95.216.38.186 - - [19/Dec/2019:03:00:46 +0100] "GET /wp-content/uploads/2019/04/MU%C3%91EQUERA-BEKER-3.png HTTP/1.1" 200 134920 "-" "Mozilla/5.0 (compatible; MJ12bot/v1.4.8; http://mj12bot.com/)" "-"
95.216.38.186 - - [19/Dec/2019:03:00:48 +0100] "GET /wp-content/uploads/2019/04/MU%C3%91EQUERA-BEKER-4.png HTTP/1.1" 200 96034 "-" "Mozilla/5.0 (compatible; MJ12bot/v1.4.8; http://mj12bot.com/)" "-"
95.216.38.186 - - [19/Dec/2019:03:00:52 +0100] "GET /wp-content/uploads/2019/04/MU%C3%91EQUERA-BEKER-5.png HTTP/1.1" 200 145431 "-" "Mozilla/5.0 (compatible; MJ12bot/v1.4.8; http://mj12bot.com/)" "-"
95.216.38.186 - - [19/Dec/2019:03:00:56 +0100] "GET /wp-content/uploads/2019/04/Ri%C3%B1onera-gran-formato-1.png HTTP/1.1" 200 102945 "-" "Mozilla/5.0 (compatible; MJ12bot/v1.4.8; http://mj12bot.com/)" "-"
95.216.38.186 - - [19/Dec/2019:03:00:59 +0100] "GET /wp-content/uploads/2019/04/Ri%C3%B1onera-gran-formato-2.png HTTP/1.1" 200 72894 "-" "Mozilla/5.0 (compatible; MJ12bot/v1.4.8; http://mj12bot.com/)" "-"
95.216.38.186 - - [19/Dec/2019:03:01:02 +0100] "GET /wp-content/uploads/2019/04/Ri%C3%B1onera-gran-formato-3.png HTTP/1.1" 200 100831 "-" "Mozilla/5.0 (compatible; MJ12bot/v1.4.8; http://mj12bot.com/)" "-"
95.216.38.186 - - [19/Dec/2019:03:01:05 +0100] "GET /wp-content/uploads/2019/04/Ri%C3%B1onera-gran-formato-4.png HTTP/1.1" 200 76802 "-" "Mozilla/5.0 (compatible; MJ12bot/v1.4.8; http://mj12bot.com/)" "-"
95.216.38.186 - - [19/Dec/2019:03:01:09 +0100] "GET /wp-content/uploads/2019/04/SKY-TAPA-NEGRA-DISE%C3%91O-BOHO-PINK.jpg HTTP/1.1" 200 95327 "-" "Mozilla/5.0 (compatible; MJ12bot/v1.4.8; http://mj12bot.com/)" "-"
95.216.38.186 - - [19/Dec/2019:03:01:11 +0100] "GET /wp-content/uploads/2019/04/SUMO-TRANSPARENTE-DISE%C3%91O-CARDINALS.png HTTP/1.1" 200 168434 "-" "Mozilla/5.0 (compatible; MJ12bot/v1.4.8; http://mj12bot.com/)" "-"
95.216.38.186 - - [19/Dec/2019:03:01:14 +0100] "GET /wp-content/uploads/2019/04/VANDIX-AZUL-DISE%C3%91O.png HTTP/1.1" 200 96034 "-" "Mozilla/5.0 (compatible; MJ12bot/v1.4.8; http://mj12bot.com/)" "-"
95.216.38.186 - - [19/Dec/2019:03:01:16 +0100] "GET /wp-content/uploads/2019/04/VANDIX-AZU%C3%91L.png HTTP/1.1" 200 120513 "-" "Mozilla/5.0 (compatible; MJ12bot/v1.4.8; http://mj12bot.com/)" "-"
95.216.38.186 - - [19/Dec/2019:03:01:20 +0100] "GET /wp-content/uploads/2019/04/mu%C3%B1equera-oakley-1.png HTTP/1.1" 200 107042 "-" "Mozilla/5.0 (compatible; MJ12bot/v1.4.8; http://mj12bot.com/)" "-"
95.216.38.186 - - [19/Dec/2019:03:01:22 +0100] "GET /wp-content/uploads/2019/04/mu%C3%B1equera-oakley-2.png HTTP/1.1" 200 145799 "-" "Mozilla/5.0 (compatible; MJ12bot/v1.4.8; http://mj12bot.com/)" "-"
95.216.38.186 - - [19/Dec/2019:03:01:25 +0100] "GET /wp-content/uploads/2019/04/mu%C3%B1equera-oakley-3.png HTTP/1.1" 200 79629 "-" "Mozilla/5.0 (compatible; MJ12bot/v1.4.8; http://mj12bot.com/)" "-"
95.216.38.186 - - [19/Dec/2019:03:01:28 +0100] "GET /wp-content/uploads/2019/04/mu%C3%B1equera-oakley-4.png HTTP/1.1" 200 145881 "-" "Mozilla/5.0 (compatible; MJ12bot/v1.4.8; http://mj12bot.com/)" "-"
95.216.38.186 - - [19/Dec/2019:03:01:31 +0100] "GET /wp-content/uploads/2019/04/mu%C3%B1equera-oakley-5.png HTTP/1.1" 200 98550 "-" "Mozilla/5.0 (compatible; MJ12bot/v1.4.8; http://mj12bot.com/)" "-"
95.216.38.186 - - [19/Dec/2019:03:01:33 +0100] "GET /wp-content/uploads/2019/04/mu%C3%B1equera-oakley-6.png HTTP/1.1" 200 134920 "-" "Mozilla/5.0 (compatible; MJ12bot/v1.4.8; http://mj12bot.com/)" "-"
95.216.38.186 - - [19/Dec/2019:03:01:37 +0100] "GET /wp-content/uploads/2019/04/mu%C3%B1equera-oakley-7.png HTTP/1.1" 200 123351 "-" "Mozilla/5.0 (compatible; MJ12bot/v1.4.8; http://mj12bot.com/)" "-"
217.76.130.90 - - [19/Dec/2019:03:08:18 +0100] "POST /wp-cron.php?doing_wp_cron=1576721298.5914740562438964843750 HTTP/1.1" 200 3389 "https://amazingsportwear.com/wp-cron.php?doing_wp_cron=1576721298.5914740562438964843750" "WordPress/5.2.5; https://amazingsportwear.com" "-"
207.46.13.125 - - [19/Dec/2019:03:08:17 +0100] "GET /etiqueta-producto/bidon-boxter/ HTTP/1.1" 200 53969 "-" "Mozilla/5.0 (compatible; bingbot/2.0; +http://www.bing.com/bingbot.htm)" "-"
217.76.130.90 - - [19/Dec/2019:03:25:15 +0100] "POST /wp-cron.php?doing_wp_cron=1576722315.2781500816345214843750 HTTP/1.1" 200 164 "http://amazingsportwear.com/wp-cron.php?doing_wp_cron=1576722315.2781500816345214843750" "WordPress/5.2.5; https://amazingsportwear.com" "-"
104.222.33.244 - - [19/Dec/2019:03:25:12 +0100] "GET / HTTP/1.1" 301 336 "-" "Mozilla/5.0 (Windows NT 10.0; Win64; x64; rv:64.0) Gecko/20100101 Firefox/64.0" "-"
23.239.180.105 - - [19/Dec/2019:03:25:16 +0100] "GET / HTTP/1.1" 200 125555 "-" "Mozilla/5.0 (Windows NT 10.0; Win64; x64; rv:64.0) Gecko/20100101 Firefox/64.0" "wpfront-notification-bar-landingpage=1; APSERVER_ID=471ec3e2fe07a2d15b0907763edad38e9f56d89fe46ddec3ae94cd1b66417b26"
23.239.180.216 - - [19/Dec/2019:03:25:20 +0100] "GET /wp-content/uploads/2019/05/cropped-favicon-nuevo-logo-amazinf-128px-32x32.png HTTP/1.1" 200 4392 "-" "Mozilla/5.0 (Windows NT 10.0; Win64; x64; rv:64.0) Gecko/20100101 Firefox/64.0" "-"
217.76.130.90 - - [19/Dec/2019:03:29:42 +0100] "POST /wp-cron.php?doing_wp_cron=1576722581.9956810474395751953125 HTTP/1.1" 200 3389 "https://amazingsportwear.com/wp-cron.php?doing_wp_cron=1576722581.9956810474395751953125" "WordPress/5.2.5; https://amazingsportwear.com" "-"
66.249.66.66 - - [19/Dec/2019:03:29:41 +0100] "GET /producto/camiseta-portero-futbol-manga-larga/ HTTP/1.1" 200 92257 "-" "Mozilla/5.0 (Linux; Android 6.0.1; Nexus 5X Build/MMB29P) AppleWebKit/537.36 (KHTML, like Gecko) Chrome/41.0.2272.96 Mobile Safari/537.36 (compatible; Googlebot/2.1; +http://www.google.com/bot.html)" "-"
66.249.66.66 - - [19/Dec/2019:03:29:45 +0100] "GET /wp-content/plugins/cookie-law-info/public/css/cookie-law-info-public.css?ver=1.7.6 HTTP/1.1" 200 3235 "https://amazingsportwear.com/producto/camiseta-portero-futbol-manga-larga/" "Mozilla/5.0 (Linux; Android 6.0.1; Nexus 5X Build/MMB29P) AppleWebKit/537.36 (KHTML, like Gecko) Chrome/41.0.2272.96 Mobile Safari/537.36 (compatible; Googlebot/2.1; +http://www.google.com/bot.html)" "-"
66.249.66.68 - - [19/Dec/2019:03:29:46 +0100] "POST /?wc-ajax=get_refreshed_fragments HTTP/1.1" 200 4760 "https://amazingsportwear.com/producto/camiseta-portero-futbol-manga-larga/" "Mozilla/5.0 (Linux; Android 6.0.1; Nexus 5X Build/MMB29P) AppleWebKit/537.36 (KHTML, like Gecko) Chrome/41.0.2272.96 Mobile Safari/537.36 (compatible; Googlebot/2.1; +http://www.google.com/bot.html)" "_ga=GA1.2.969013651.1576713600; _gid=GA1.2.1978218920.1576713600; _gat_gtag_UA_91619287_1=1"
217.76.130.90 - - [19/Dec/2019:03:33:23 +0100] "POST /wp-cron.php?doing_wp_cron=1576722803.4690370559692382812500 HTTP/1.1" 200 164 "http://amazingsportwear.com/wp-cron.php?doing_wp_cron=1576722803.4690370559692382812500" "WordPress/5.2.5; https://amazingsportwear.com" "-"
66.249.66.87 - - [19/Dec/2019:03:33:20 +0100] "GET / HTTP/1.1" 301 336 "-" "Mozilla/5.0 (compatible; Googlebot/2.1; +http://www.google.com/bot.html)" "-"
66.249.66.70 - - [19/Dec/2019:03:33:24 +0100] "GET / HTTP/1.1" 200 125761 "-" "Mozilla/5.0 (compatible; Googlebot/2.1; +http://www.google.com/bot.html)" "wpfront-notification-bar-landingpage=1"
217.76.130.90 - - [19/Dec/2019:03:47:10 +0100] "POST /wp-cron.php?doing_wp_cron=1576723630.9400980472564697265625 HTTP/1.1" 200 164 "http://amazingsportwear.com/wp-cron.php?doing_wp_cron=1576723630.9400980472564697265625" "WordPress/5.2.5; https://amazingsportwear.com" "-"
186.103.186.245 - - [19/Dec/2019:03:47:06 +0100] "GET /wp-admin/network/update.php HTTP/1.1" 302 401 "http://site.ru" "Mozilla/5.0 (Windows; U; Windows NT 5.1; en-US) AppleWebKit/533.4 (KHTML, like Gecko) Chrome/5.0.375.99 Safari/533.4" "-"
186.103.186.245 - - [19/Dec/2019:03:47:13 +0100] "GET /wp-admin/network/update.php HTTP/1.1" 302 3706 "http://site.ru" "Mozilla/5.0 (Windows; U; Windows NT 5.1; en-US) AppleWebKit/533.4 (KHTML, like Gecko) Chrome/5.0.375.99 Safari/533.4" "-"
186.103.186.245 - - [19/Dec/2019:03:47:14 +0100] "GET /wp-login.php?redirect_to=https%3A%2F%2Famazingsportwear.com%2Fwp-admin%2Fnetwork%2Fupdate.php&reauth=1 HTTP/1.1" 200 6714 "http://site.ru" "Mozilla/5.0 (Windows; U; Windows NT 5.1; en-US) AppleWebKit/533.4 (KHTML, like Gecko) Chrome/5.0.375.99 Safari/533.4" "-"
186.103.186.245 - - [19/Dec/2019:03:47:39 +0100] "GET /wp-admin/network/update.php HTTP/1.1" 302 401 "http://site.ru" "Mozilla/5.0 (Windows; U; Windows NT 5.1; en-US) AppleWebKit/533.4 (KHTML, like Gecko) Chrome/5.0.375.99 Safari/533.4" "-"
186.103.186.245 - - [19/Dec/2019:03:47:42 +0100] "GET /wp-admin/network/update.php HTTP/1.1" 302 3706 "http://site.ru" "Mozilla/5.0 (Windows; U; Windows NT 5.1; en-US) AppleWebKit/533.4 (KHTML, like Gecko) Chrome/5.0.375.99 Safari/533.4" "-"
186.103.186.245 - - [19/Dec/2019:03:47:43 +0100] "GET /wp-login.php?redirect_to=https%3A%2F%2Famazingsportwear.com%2Fwp-admin%2Fnetwork%2Fupdate.php&reauth=1 HTTP/1.1" 200 6714 "http://site.ru" "Mozilla/5.0 (Windows; U; Windows NT 5.1; en-US) AppleWebKit/533.4 (KHTML, like Gecko) Chrome/5.0.375.99 Safari/533.4" "-"
217.76.130.90 - - [19/Dec/2019:04:02:18 +0100] "POST /wp-cron.php?doing_wp_cron=1576724538.4209449291229248046875 HTTP/1.1" 200 3389 "https://amazingsportwear.com/wp-cron.php?doing_wp_cron=1576724538.4209449291229248046875" "WordPress/5.2.5; https://amazingsportwear.com" "-"
66.249.64.148 - - [19/Dec/2019:04:02:15 +0100] "POST /?wc-ajax=get_refreshed_fragments HTTP/1.1" 200 4760 "https://amazingsportwear.com/producto/gorra-sport/" "Mozilla/5.0 AppleWebKit/537.36 (KHTML, like Gecko; compatible; Googlebot/2.1; +http://www.google.com/bot.html) Safari/537.36" "_ga=GA1.2.931330593.1576713600; _gid=GA1.2.2074753562.1576713600; _gat_gtag_UA_91619287_1=1"
217.76.130.90 - - [19/Dec/2019:04:10:20 +0100] "POST /wp-cron.php?doing_wp_cron=1576725020.2679550647735595703125 HTTP/1.1" 200 3389 "https://amazingsportwear.com/wp-cron.php?doing_wp_cron=1576725020.2679550647735595703125" "WordPress/5.2.5; https://amazingsportwear.com" "-"
157.55.39.95 - - [19/Dec/2019:04:10:19 +0100] "GET /producto/camiseta-manga-corta-basket/ HTTP/1.1" 200 92990 "-" "Mozilla/5.0 (compatible; bingbot/2.0; +http://www.bing.com/bingbot.htm)" "-"
217.76.130.90 - - [19/Dec/2019:04:59:35 +0100] "POST /wp-cron.php?doing_wp_cron=1576727975.7655329704284667968750 HTTP/1.1" 200 164 "http://amazingsportwear.com/wp-cron.php?doing_wp_cron=1576727975.7655329704284667968750" "WordPress/5.2.5; https://amazingsportwear.com" "-"
66.249.64.157 - - [19/Dec/2019:04:59:29 +0100] "GET /ciclismo/187-maillot-manga-corta.html HTTP/1.1" 404 68075 "-" "Mozilla/5.0 (Linux; Android 6.0.1; Nexus 5X Build/MMB29P) AppleWebKit/537.36 (KHTML, like Gecko) Chrome/41.0.2272.96 Mobile Safari/537.36 (compatible; Googlebot/2.1; +http://www.google.com/bot.html)" "-"
186.26.116.249 - - [19/Dec/2019:05:00:40 +0100] "GET /wp-content/uploads/2019/04/gorra-five-7.png HTTP/1.1" 200 86560 "https://www.google.com/" "Mozilla/5.0 (Windows NT 10.0; WOW64) AppleWebKit/537.36 (KHTML, like Gecko) Chrome/77.0.3865.120 Safari/537.36 Avast/77.2.2153.120" "-"
217.76.130.90 - - [19/Dec/2019:05:10:20 +0100] "POST /wp-cron.php?doing_wp_cron=1576728620.2764780521392822265625 HTTP/1.1" 200 3389 "https://amazingsportwear.com/wp-cron.php?doing_wp_cron=1576728620.2764780521392822265625" "WordPress/5.2.5; https://amazingsportwear.com" "-"
40.77.167.81 - - [19/Dec/2019:05:10:17 +0100] "GET /etiqueta-producto/bolsa-tinsul/ HTTP/1.1" 200 53642 "-" "Mozilla/5.0 (compatible; bingbot/2.0; +http://www.bing.com/bingbot.htm)" "-"
66.249.64.144 - - [19/Dec/2019:05:24:23 +0100] "GET /wp-content/uploads/2019/04/Gorra-sport-10.png HTTP/1.1" 200 60426 "-" "Googlebot-Image/1.0" "-"
217.76.130.90 - - [19/Dec/2019:05:26:52 +0100] "POST /wp-cron.php?doing_wp_cron=1576729612.0854918956756591796875 HTTP/1.1" 200 164 "http://amazingsportwear.com/wp-cron.php?doing_wp_cron=1576729612.0854918956756591796875" "WordPress/5.2.5; https://amazingsportwear.com" "-"
185.158.100.32 - - [19/Dec/2019:05:26:48 +0100] "GET / HTTP/1.1" 301 336 "-" "Mozilla/5.0 (Macintosh; Intel Mac OS X 10_12_5) AppleWebKit/537.36 (KHTML, like Gecko) Chrome/58.0.3029.110 Safari/537.36" "-"
185.158.100.32 - - [19/Dec/2019:05:26:53 +0100] "GET / HTTP/1.1" 200 125570 "-" "Mozilla/5.0 (Macintosh; Intel Mac OS X 10_12_5) AppleWebKit/537.36 (KHTML, like Gecko) Chrome/58.0.3029.110 Safari/537.36" "-"
189.202.9.179 - - [19/Dec/2019:05:34:44 +0100] "GET /wp-content/uploads/2019/04/SKY-TAPA-NEGRA-DISE%C3%91O-BOHO-PINK.jpg HTTP/1.1" 200 95384 "-" "Dalvik/2.1.0 (Linux; U; Android 8.0.0; SM-A720F Build/R16NW)" "-"
217.76.130.90 - - [19/Dec/2019:06:12:02 +0100] "POST /wp-cron.php?doing_wp_cron=1576732322.6858699321746826171875 HTTP/1.1" 200 164 "http://amazingsportwear.com/wp-cron.php?doing_wp_cron=1576732322.6858699321746826171875" "WordPress/5.2.5; https://amazingsportwear.com" "-"
66.249.64.157 - - [19/Dec/2019:06:11:58 +0100] "GET /tienda/125-camiseta-tecnica-tokio-sa-0424.html HTTP/1.1" 404 68083 "-" "Mozilla/5.0 (Linux; Android 6.0.1; Nexus 5X Build/MMB29P) AppleWebKit/537.36 (KHTML, like Gecko) Chrome/41.0.2272.96 Mobile Safari/537.36 (compatible; Googlebot/2.1; +http://www.google.com/bot.html)" "-"
201.141.238.223 - - [19/Dec/2019:06:46:27 +0100] "GET /wp-content/uploads/2019/04/Gorra-sport-11.png HTTP/1.1" 200 131116 "https://www.google.com/" "Mozilla/5.0 (Windows NT 10.0; Win64; x64) AppleWebKit/537.36 (KHTML, like Gecko) Chrome/79.0.3945.79 Safari/537.36" "-"
217.76.130.90 - - [19/Dec/2019:07:09:54 +0100] "POST /wp-cron.php?doing_wp_cron=1576735793.9674210548400878906250 HTTP/1.1" 200 3389 "https://amazingsportwear.com/wp-cron.php?doing_wp_cron=1576735793.9674210548400878906250" "WordPress/5.2.5; https://amazingsportwear.com" "-"
40.77.167.141 - - [19/Dec/2019:07:09:50 +0100] "GET /producto/soporte-monedero-donic/ HTTP/1.1" 200 99498 "-" "Mozilla/5.0 (compatible; bingbot/2.0; +http://www.bing.com/bingbot.htm)" "-"
217.76.130.90 - - [19/Dec/2019:07:16:11 +0100] "POST /wp-cron.php?doing_wp_cron=1576736171.0520610809326171875000 HTTP/1.1" 200 3389 "https://amazingsportwear.com/wp-cron.php?doing_wp_cron=1576736171.0520610809326171875000" "WordPress/5.2.5; https://amazingsportwear.com" "-"
40.77.167.81 - - [19/Dec/2019:07:16:08 +0100] "GET /ofertas/ HTTP/1.1" 200 73393 "-" "Mozilla/5.0 (compatible; bingbot/2.0; +http://www.bing.com/bingbot.htm)" "-"
40.77.188.70 - - [19/Dec/2019:07:22:12 +0100] "GET /wp-content/themes/shopper/assets/sass/woocommerce/woocommerce.css?ver=5.2.5 HTTP/1.1" 200 86650 "https://amazingsportwear.com/ofertas/" "Mozilla/5.0 (Windows NT 6.1; WOW64) AppleWebKit/534+ (KHTML, like Gecko) BingPreview/1.0b" "-"
40.77.188.70 - - [19/Dec/2019:07:22:18 +0100] "GET /wp-content/themes/shopper/assets/fonts/fontawesome-webfont.ttf?v=4.7.0 HTTP/1.1" 200 166122 "https://amazingsportwear.com/ofertas/" "Mozilla/5.0 (Windows NT 6.1; WOW64) AppleWebKit/534+ (KHTML, like Gecko) BingPreview/1.0b" "-"
40.77.188.70 - - [19/Dec/2019:07:22:19 +0100] "GET /wp-content/themes/shopper/assets/js/crm.js?ver=1561548510 HTTP/1.1" 200 3990 "https://amazingsportwear.com/ofertas/" "Mozilla/5.0 (Windows NT 6.1; WOW64) AppleWebKit/534+ (KHTML, like Gecko) BingPreview/1.0b" "-"
40.77.188.70 - - [19/Dec/2019:07:22:20 +0100] "GET /wp-content/plugins/woocommerce/assets/js/frontend/add-to-cart.min.js?ver=3.6.4 HTTP/1.1" 200 2927 "https://amazingsportwear.com/ofertas/" "Mozilla/5.0 (Windows NT 6.1; WOW64) AppleWebKit/534+ (KHTML, like Gecko) BingPreview/1.0b" "-"
40.77.188.70 - - [19/Dec/2019:07:22:22 +0100] "GET /wp-content/themes/shopper/assets/js/shopper.min.js?ver=1.3.8 HTTP/1.1" 200 5938 "https://amazingsportwear.com/ofertas/" "Mozilla/5.0 (Windows NT 6.1; WOW64) AppleWebKit/534+ (KHTML, like Gecko) BingPreview/1.0b" "-"
40.77.188.70 - - [19/Dec/2019:07:22:23 +0100] "GET /wp-content/themes/shopper/assets/js/woocommerce/header-cart.min.js?ver=1.3.8 HTTP/1.1" 200 916 "https://amazingsportwear.com/ofertas/" "Mozilla/5.0 (Windows NT 6.1; WOW64) AppleWebKit/534+ (KHTML, like Gecko) BingPreview/1.0b" "-"
40.77.188.70 - - [19/Dec/2019:07:22:23 +0100] "GET /wp-includes/js/wp-embed.min.js?ver=5.2.5 HTTP/1.1" 200 1688 "https://amazingsportwear.com/ofertas/" "Mozilla/5.0 (Windows NT 6.1; WOW64) AppleWebKit/534+ (KHTML, like Gecko) BingPreview/1.0b" "-"
217.76.130.90 - - [19/Dec/2019:07:22:26 +0100] "POST /wp-cron.php?doing_wp_cron=1576736546.7265179157257080078125 HTTP/1.1" 200 3389 "https://amazingsportwear.com/wp-cron.php?doing_wp_cron=1576736546.7265179157257080078125" "WordPress/5.2.5; https://amazingsportwear.com" "-"
40.77.188.70 - - [19/Dec/2019:07:22:24 +0100] "POST /?wc-ajax=get_refreshed_fragments HTTP/1.1" 200 1341 "https://amazingsportwear.com/ofertas/" "Mozilla/5.0 (Windows NT 6.1; WOW64) AppleWebKit/534+ (KHTML, like Gecko) BingPreview/1.0b" "-"
217.76.130.90 - - [19/Dec/2019:08:30:58 +0100] "POST /wp-cron.php?doing_wp_cron=1576740658.3363480567932128906250 HTTP/1.1" 200 164 "http://amazingsportwear.com/wp-cron.php?doing_wp_cron=1576740658.3363480567932128906250" "WordPress/5.2.5; https://amazingsportwear.com" "-"
207.46.13.125 - - [19/Dec/2019:08:30:55 +0100] "GET /14-ropa-amazing-sport-wear?p=3 HTTP/1.1" 301 453 "-" "Mozilla/5.0 (compatible; bingbot/2.0; +http://www.bing.com/bingbot.htm)" "-"
217.76.130.90 - - [19/Dec/2019:08:32:53 +0100] "POST /wp-cron.php?doing_wp_cron=1576740773.3656349182128906250000 HTTP/1.1" 200 164 "http://amazingsportwear.com/wp-cron.php?doing_wp_cron=1576740773.3656349182128906250000" "WordPress/5.2.5; https://amazingsportwear.com" "-"
23.226.211.218 - - [19/Dec/2019:08:32:52 +0100] "GET / HTTP/1.1" 301 336 "-" "Mozilla/5.0 (Windows NT 10.0; Win64; x64; rv:64.0) Gecko/20100101 Firefox/64.0" "-"
23.239.180.85 - - [19/Dec/2019:08:32:54 +0100] "GET / HTTP/1.1" 200 125585 "-" "Mozilla/5.0 (Windows NT 10.0; Win64; x64; rv:64.0) Gecko/20100101 Firefox/64.0" "wpfront-notification-bar-landingpage=1; APSERVER_ID=b1152b32f7d37cda594926fd0b4da2db545489c67fbcead421aed7b8f50728b8"
23.239.180.163 - - [19/Dec/2019:08:32:58 +0100] "GET /wp-content/uploads/2019/05/cropped-favicon-nuevo-logo-amazinf-128px-32x32.png HTTP/1.1" 200 4392 "-" "Mozilla/5.0 (Windows NT 10.0; Win64; x64; rv:64.0) Gecko/20100101 Firefox/64.0" "-"
217.76.130.90 - - [19/Dec/2019:08:37:02 +0100] "POST /wp-cron.php?doing_wp_cron=1576741022.3434391021728515625000 HTTP/1.1" 200 164 "http://amazingsportwear.com/wp-cron.php?doing_wp_cron=1576741022.3434391021728515625000" "WordPress/5.2.5; https://amazingsportwear.com" "-"
23.226.211.11 - - [19/Dec/2019:08:37:01 +0100] "GET / HTTP/1.1" 301 336 "-" "Mozilla/5.0 (Windows NT 6.1; WOW64; rv:27.0) Gecko/20100101 Firefox/27.0" "-"
217.76.130.90 - - [19/Dec/2019:08:42:08 +0100] "POST /wp-cron.php?doing_wp_cron=1576741327.9956920146942138671875 HTTP/1.1" 200 164 "http://amazingsportwear.com/wp-cron.php?doing_wp_cron=1576741327.9956920146942138671875" "WordPress/5.2.5; https://amazingsportwear.com" "-"
23.239.180.20 - - [19/Dec/2019:08:42:07 +0100] "GET / HTTP/1.1" 301 336 "-" "Mozilla/5.0 (Windows NT 6.1; WOW64; rv:27.0) Gecko/20100101 Firefox/27.0" "-"
217.76.130.90 - - [19/Dec/2019:08:48:01 +0100] "POST /wp-cron.php?doing_wp_cron=1576741681.1620891094207763671875 HTTP/1.1" 200 3389 "https://amazingsportwear.com/wp-cron.php?doing_wp_cron=1576741681.1620891094207763671875" "WordPress/5.2.5; https://amazingsportwear.com" "-"
40.77.167.81 - - [19/Dec/2019:08:48:00 +0100] "GET /futbol/75-camiseta-portero-futbol-manga-larga.html HTTP/1.1" 404 72310 "-" "Mozilla/5.0 (compatible; bingbot/2.0; +http://www.bing.com/bingbot.htm)" "-"
217.76.130.90 - - [19/Dec/2019:08:52:00 +0100] "POST /wp-cron.php?doing_wp_cron=1576741920.8774449825286865234375 HTTP/1.1" 200 3389 "https://amazingsportwear.com/wp-cron.php?doing_wp_cron=1576741920.8774449825286865234375" "WordPress/5.2.5; https://amazingsportwear.com" "-"
207.46.13.71 - - [19/Dec/2019:08:52:00 +0100] "GET /?id_category=16&controller=category HTTP/1.1" 200 125853 "-" "Mozilla/5.0 (compatible; bingbot/2.0; +http://www.bing.com/bingbot.htm)" "-"
207.46.13.142 - - [19/Dec/2019:08:52:02 +0100] "GET /robots.txt HTTP/1.1" 200 2297 "-" "Mozilla/5.0 (compatible; bingbot/2.0; +http://www.bing.com/bingbot.htm)" "-"
217.76.130.90 - - [19/Dec/2019:08:52:04 +0100] "POST /wp-cron.php?doing_wp_cron=1576741924.0654869079589843750000 HTTP/1.1" 200 3389 "https://amazingsportwear.com/wp-cron.php?doing_wp_cron=1576741924.0654869079589843750000" "WordPress/5.2.5; https://amazingsportwear.com" "-"
207.46.13.142 - - [19/Dec/2019:08:52:03 +0100] "GET /robots.txt HTTP/1.1" 200 3939 "-" "Mozilla/5.0 (compatible; bingbot/2.0; +http://www.bing.com/bingbot.htm)" "-"
217.76.130.90 - - [19/Dec/2019:08:55:02 +0100] "POST /wp-cron.php?doing_wp_cron=1576742102.2446808815002441406250 HTTP/1.1" 200 3389 "https://amazingsportwear.com/wp-cron.php?doing_wp_cron=1576742102.2446808815002441406250" "WordPress/5.2.5; https://amazingsportwear.com" "-"
69.171.251.17 - - [19/Dec/2019:08:55:01 +0100] "GET / HTTP/1.1" 200 125550 "-" "facebookexternalhit/1.1 (+http://www.facebook.com/externalhit_uatext.php)" "-"
69.171.251.14 - - [19/Dec/2019:08:55:01 +0100] "GET / HTTP/1.1" 200 125525 "-" "facebookexternalhit/1.1 (+http://www.facebook.com/externalhit_uatext.php)" "-"
217.76.130.90 - - [19/Dec/2019:08:55:33 +0100] "POST /wp-cron.php?doing_wp_cron=1576742133.8722169399261474609375 HTTP/1.1" 200 164 "http://amazingsportwear.com/wp-cron.php?doing_wp_cron=1576742133.8722169399261474609375" "WordPress/5.2.5; https://amazingsportwear.com" "-"
213.224.63.246 - - [19/Dec/2019:08:55:33 +0100] "GET /index.php? HTTP/1.1" 301 336 "-" "Mozilla/5.0 (Macintosh; Intel Mac OS X 10_14_5) AppleWebKit/605.1.15 (KHTML, like Gecko)" "-"
213.224.63.246 - - [19/Dec/2019:08:55:34 +0100] "GET / HTTP/1.1" 200 125602 "-" "Mozilla/5.0 (Macintosh; Intel Mac OS X 10_14_5) AppleWebKit/605.1.15 (KHTML, like Gecko)" "-"
213.224.63.246 - - [19/Dec/2019:08:55:35 +0100] "GET /wp-content/uploads/2019/05/cropped-favicon-nuevo-logo-amazinf-128px-180x180.png HTTP/1.1" 200 13234 "-" "Safari/14607.2.6.1.1 CFNetwork/978.0.7 Darwin/18.6.0 (x86_64)" "-"
217.76.130.90 - - [19/Dec/2019:08:56:43 +0100] "POST /wp-cron.php?doing_wp_cron=1576742203.8755218982696533203125 HTTP/1.1" 200 164 "http://amazingsportwear.com/wp-cron.php?doing_wp_cron=1576742203.8755218982696533203125" "WordPress/5.2.5; https://amazingsportwear.com" "-"
54.221.60.11 - - [19/Dec/2019:08:56:43 +0100] "GET / HTTP/1.1" 301 336 "-" "Mozilla/5.0 (Windows NT 6.1; Trident/7.0; rv:11.0) like Gecko" "-"
54.221.60.11 - - [19/Dec/2019:08:56:44 +0100] "GET / HTTP/1.1" 200 125750 "-" "Mozilla/5.0 (Windows NT 6.1; Trident/7.0; rv:11.0) like Gecko" "wpfront-notification-bar-landingpage=1"
54.221.60.11 - - [19/Dec/2019:08:56:47 +0100] "GET / HTTP/1.1" 301 336 "-" "Mozilla/5.0 (Windows NT 10.0; Win64; x64) AppleWebKit/537.36 (KHTML, like Gecko) Chrome/73.0.3683.86 Safari/537.36" "-"
54.221.60.11 - - [19/Dec/2019:08:56:48 +0100] "GET / HTTP/1.1" 200 125755 "-" "Mozilla/5.0 (Windows NT 10.0; Win64; x64) AppleWebKit/537.36 (KHTML, like Gecko) Chrome/73.0.3683.86 Safari/537.36" "wpfront-notification-bar-landingpage=1"
54.221.60.11 - - [19/Dec/2019:08:56:49 +0100] "GET /wp-content/plugins/woocommerce/assets/css/blocks/style.css?ver=3.6.4 HTTP/1.1" 200 6835 "https://amazingsportwear.com/" "Mozilla/5.0 (Windows NT 10.0; Win64; x64) AppleWebKit/537.36 (KHTML, like Gecko) Chrome/73.0.3683.86 Safari/537.36" "wpfront-notification-bar-landingpage=1"
54.221.60.11 - - [19/Dec/2019:08:56:49 +0100] "GET /wp-includes/css/dist/block-library/style.min.css?ver=5.2.5 HTTP/1.1" 200 29798 "https://amazingsportwear.com/" "Mozilla/5.0 (Windows NT 10.0; Win64; x64) AppleWebKit/537.36 (KHTML, like Gecko) Chrome/73.0.3683.86 Safari/537.36" "wpfront-notification-bar-landingpage=1"
54.221.60.11 - - [19/Dec/2019:08:56:49 +0100] "GET /wp-content/plugins/cookie-law-info/public/css/cookie-law-info-public.css?ver=1.7.6 HTTP/1.1" 200 3373 "https://amazingsportwear.com/" "Mozilla/5.0 (Windows NT 10.0; Win64; x64) AppleWebKit/537.36 (KHTML, like Gecko) Chrome/73.0.3683.86 Safari/537.36" "wpfront-notification-bar-landingpage=1"
54.221.60.11 - - [19/Dec/2019:08:56:49 +0100] "GET /wp-content/plugins/cookie-law-info/public/css/cookie-law-info-gdpr.css?ver=1.7.6 HTTP/1.1" 200 12583 "https://amazingsportwear.com/" "Mozilla/5.0 (Windows NT 10.0; Win64; x64) AppleWebKit/537.36 (KHTML, like Gecko) Chrome/73.0.3683.86 Safari/537.36" "wpfront-notification-bar-landingpage=1"
54.221.60.11 - - [19/Dec/2019:08:56:49 +0100] "GET /wp-content/plugins/wpfront-notification-bar/css/wpfront-notification-bar.css?ver=1.7.1 HTTP/1.1" 200 3801 "https://amazingsportwear.com/" "Mozilla/5.0 (Windows NT 10.0; Win64; x64) AppleWebKit/537.36 (KHTML, like Gecko) Chrome/73.0.3683.86 Safari/537.36" "wpfront-notification-bar-landingpage=1"
54.221.60.11 - - [19/Dec/2019:08:56:50 +0100] "GET /wp-content/plugins/simple-social-icons/css/style.css?ver=3.0.1 HTTP/1.1" 200 1562 "https://amazingsportwear.com/" "Mozilla/5.0 (Windows NT 10.0; Win64; x64) AppleWebKit/537.36 (KHTML, like Gecko) Chrome/73.0.3683.86 Safari/537.36" "wpfront-notification-bar-landingpage=1"
54.221.60.11 - - [19/Dec/2019:08:56:50 +0100] "GET /wp-content/themes/shopper/style.css?ver=1.3.8 HTTP/1.1" 200 125315 "https://amazingsportwear.com/" "Mozilla/5.0 (Windows NT 10.0; Win64; x64) AppleWebKit/537.36 (KHTML, like Gecko) Chrome/73.0.3683.86 Safari/537.36" "wpfront-notification-bar-landingpage=1"
54.221.60.11 - - [19/Dec/2019:08:56:50 +0100] "GET /wp-content/plugins/elementor/assets/lib/animations/animations.min.css?ver=2.5.16 HTTP/1.1" 200 18833 "https://amazingsportwear.com/" "Mozilla/5.0 (Windows NT 10.0; Win64; x64) AppleWebKit/537.36 (KHTML, like Gecko) Chrome/73.0.3683.86 Safari/537.36" "wpfront-notification-bar-landingpage=1"
54.221.60.11 - - [19/Dec/2019:08:56:50 +0100] "GET /wp-content/plugins/elementor/assets/lib/font-awesome/css/font-awesome.min.css?ver=4.7.0 HTTP/1.1" 200 31365 "https://amazingsportwear.com/" "Mozilla/5.0 (Windows NT 10.0; Win64; x64) AppleWebKit/537.36 (KHTML, like Gecko) Chrome/73.0.3683.86 Safari/537.36" "wpfront-notification-bar-landingpage=1"
54.221.60.11 - - [19/Dec/2019:08:56:50 +0100] "GET /wp-content/plugins/elementor/assets/lib/eicons/css/elementor-icons.min.css?ver=4.3.0 HTTP/1.1" 200 11850 "https://amazingsportwear.com/" "Mozilla/5.0 (Windows NT 10.0; Win64; x64) AppleWebKit/537.36 (KHTML, like Gecko) Chrome/73.0.3683.86 Safari/537.36" "wpfront-notification-bar-landingpage=1"
54.221.60.11 - - [19/Dec/2019:08:56:50 +0100] "GET /wp-content/uploads/elementor/css/global.css?ver=1559638744 HTTP/1.1" 200 5136 "https://amazingsportwear.com/" "Mozilla/5.0 (Windows NT 10.0; Win64; x64) AppleWebKit/537.36 (KHTML, like Gecko) Chrome/73.0.3683.86 Safari/537.36" "wpfront-notification-bar-landingpage=1"
54.221.60.11 - - [19/Dec/2019:08:56:50 +0100] "GET /wp-content/plugins/elementor/assets/css/frontend.min.css?ver=2.5.16 HTTP/1.1" 200 95366 "https://amazingsportwear.com/" "Mozilla/5.0 (Windows NT 10.0; Win64; x64) AppleWebKit/537.36 (KHTML, like Gecko) Chrome/73.0.3683.86 Safari/537.36" "wpfront-notification-bar-landingpage=1"
54.221.60.11 - - [19/Dec/2019:08:56:50 +0100] "GET /wp-content/uploads/elementor/css/post-16241.css?ver=1562311573 HTTP/1.1" 200 4934 "https://amazingsportwear.com/" "Mozilla/5.0 (Windows NT 10.0; Win64; x64) AppleWebKit/537.36 (KHTML, like Gecko) Chrome/73.0.3683.86 Safari/537.36" "wpfront-notification-bar-landingpage=1"
54.221.60.11 - - [19/Dec/2019:08:56:50 +0100] "GET /wp-content/themes/shopper/assets/sass/woocommerce/woocommerce.css?ver=5.2.5 HTTP/1.1" 200 83534 "https://amazingsportwear.com/" "Mozilla/5.0 (Windows NT 10.0; Win64; x64) AppleWebKit/537.36 (KHTML, like Gecko) Chrome/73.0.3683.86 Safari/537.36" "wpfront-notification-bar-landingpage=1"
54.221.60.11 - - [19/Dec/2019:08:56:50 +0100] "GET /wp-content/plugins/smart-slider-3/library/media/smartslider.min.css?1559118093 HTTP/1.1" 200 19959 "https://amazingsportwear.com/" "Mozilla/5.0 (Windows NT 10.0; Win64; x64) AppleWebKit/537.36 (KHTML, like Gecko) Chrome/73.0.3683.86 Safari/537.36" "wpfront-notification-bar-landingpage=1"
