49.87.172.75 - - [27/Nov/2019:19:26:46 +0100] "GET /categoria-producto/xxl/page/7/ HTTP/1.1" 200 75959 "-" "Mozilla/5.0(Linux;Android 5.1.1;OPPO A33 Build/LMY47V;wv) AppleWebKit/537.36(KHTML,link Gecko) Version/4.0 Chrome/43.0.2357.121 Mobile Safari/537.36 LieBaoFast/4.51.3" "wpfront-notification-bar-landingpage=1"
217.76.130.90 - - [27/Nov/2019:19:27:11 +0100] "POST /wp-cron.php?doing_wp_cron=1574879230.9646511077880859375000 HTTP/1.1" 200 3389 "https://amazingsportwear.com/wp-cron.php?doing_wp_cron=1574879230.9646511077880859375000" "WordPress/5.2.4; https://amazingsportwear.com" "-"
61.138.222.22 - - [27/Nov/2019:19:27:10 +0100] "GET /categoria-producto/accesorios HTTP/1.1" 301 3553 "-" "Mozilla/5.0(Linux;Android 5.1.1;OPPO A33 Build/LMY47V;wv) AppleWebKit/537.36(KHTML,link Gecko) Version/4.0 Chrome/43.0.2357.121 Mobile Safari/537.36 LieBaoFast/4.51.3" "-"
61.138.222.22 - - [27/Nov/2019:19:27:13 +0100] "GET /categoria-producto/accesorios/ HTTP/1.1" 200 76068 "-" "Mozilla/5.0(Linux;Android 5.1.1;OPPO A33 Build/LMY47V;wv) AppleWebKit/537.36(KHTML,link Gecko) Version/4.0 Chrome/43.0.2357.121 Mobile Safari/537.36 LieBaoFast/4.51.3" "wpfront-notification-bar-landingpage=1"
106.114.113.69 - - [27/Nov/2019:19:27:18 +0100] "GET /producto/cullot-deportivo-mujer-cat-4718 HTTP/1.1" 301 3564 "-" "Mozilla/5.0(Linux;U;Android 5.1.1;zh-CN;OPPO A33 Build/LMY47V) AppleWebKit/537.36(KHTML,like Gecko) Version/4.0 Chrome/40.0.2214.89 UCBrowser/11.7.0.953 Mobile Safari/537.36" "-"
36.4.85.172 - - [27/Nov/2019:19:27:28 +0100] "GET /wp-content/uploads/2019/04/short-padel-woman-1.png HTTP/1.1" 200 275642 "-" "Mozilla/5.0 (Linux; Android 7.0; FRD-AL00 Build/HUAWEIFRD-AL00; wv) AppleWebKit/537.36 (KHTML, like Gecko) Version/4.0 Chrome/53.0.2785.49 Mobile MQQBrowser/6.2 TBS/043602 Safari/537.36 MicroMessenger/6.5.16.1120 NetType/WIFI Language/zh_CN" "-"
113.122.133.151 - - [27/Nov/2019:19:27:31 +0100] "GET /producto/cullot-deportivo-mujer-cat-4718/ HTTP/1.1" 200 102104 "-" "Mozilla/5.0(Linux;U;Android 5.1.1;zh-CN;OPPO A33 Build/LMY47V) AppleWebKit/537.36(KHTML,like Gecko) Version/4.0 Chrome/40.0.2214.89 UCBrowser/11.7.0.953 Mobile Safari/537.36" "wpfront-notification-bar-landingpage=1"
177.228.69.74 - - [27/Nov/2019:19:32:41 +0100] "GET /wp-content/uploads/2019/04/SA-1070-2.png HTTP/1.1" 200 175956 "https://www.google.com/" "Mozilla/5.0 (Macintosh; Intel Mac OS X 10_11_6) AppleWebKit/537.36 (KHTML, like Gecko) Chrome/78.0.3904.108 Safari/537.36" "-"
217.76.130.90 - - [27/Nov/2019:19:35:09 +0100] "POST /wp-cron.php?doing_wp_cron=1574879709.1971480846405029296875 HTTP/1.1" 200 3389 "https://amazingsportwear.com/wp-cron.php?doing_wp_cron=1574879709.1971480846405029296875" "WordPress/5.2.4; https://amazingsportwear.com" "-"
66.249.64.148 - - [27/Nov/2019:19:35:07 +0100] "GET /guia-de-tallas/ HTTP/1.1" 200 84458 "-" "Mozilla/5.0 (compatible; Googlebot/2.1; +http://www.google.com/bot.html)" "-"
187.189.40.248 - - [27/Nov/2019:19:37:34 +0100] "GET /wp-content/uploads/2019/04/SA-1070-2.png HTTP/1.1" 200 175956 "https://www.google.com/" "Mozilla/5.0 (Windows NT 10.0; Win64; x64) AppleWebKit/537.36 (KHTML, like Gecko) Chrome/78.0.3904.108 Safari/537.36" "-"
157.55.39.250 - - [27/Nov/2019:19:39:21 +0100] "GET /wp-content/uploads/2017/03/sa-0425_05.jpg HTTP/1.1" 200 74515 "-" "Mozilla/5.0 (compatible; bingbot/2.0; +http://www.bing.com/bingbot.htm)" "-"
181.16.88.117 - - [27/Nov/2019:19:40:33 +0100] "GET /wp-content/uploads/2017/03/CAT-5249-colores-1.jpg HTTP/1.1" 200 32595 "-" "com.google.android.apps.searchlite/158642 (Linux; U; Android 8.1.0; es_AR; moto e5 play; Build/OPGS28.54-53-8-7; Cronet/76.0.3809.111)" "-"
187.194.179.115 - - [27/Nov/2019:19:56:52 +0100] "GET /wp-content/uploads/2019/04/gorra-dowan-4.png HTTP/1.1" 200 76783 "https://www.google.com/" "Mozilla/5.0 (Windows NT 6.3) AppleWebKit/537.36 (KHTML, like Gecko) Chrome/78.0.3904.108 Safari/537.36" "-"
217.76.130.90 - - [27/Nov/2019:19:58:01 +0100] "POST /wp-cron.php?doing_wp_cron=1574881080.9863030910491943359375 HTTP/1.1" 200 3389 "https://amazingsportwear.com/wp-cron.php?doing_wp_cron=1574881080.9863030910491943359375" "WordPress/5.2.4; https://amazingsportwear.com" "-"
66.249.64.146 - - [27/Nov/2019:19:57:57 +0100] "GET /categoria-producto/hombre/camisetas/page/2/ HTTP/1.1" 200 78311 "-" "Mozilla/5.0 (Linux; Android 6.0.1; Nexus 5X Build/MMB29P) AppleWebKit/537.36 (KHTML, like Gecko) Chrome/41.0.2272.96 Mobile Safari/537.36 (compatible; Googlebot/2.1; +http://www.google.com/bot.html)" "-"
217.76.130.90 - - [27/Nov/2019:20:12:18 +0100] "POST /wp-cron.php?doing_wp_cron=1574881938.5269010066986083984375 HTTP/1.1" 200 3389 "https://amazingsportwear.com/wp-cron.php?doing_wp_cron=1574881938.5269010066986083984375" "WordPress/5.2.4; https://amazingsportwear.com" "-"
116.7.132.125 - - [27/Nov/2019:20:12:15 +0100] "GET /categoria-producto/m HTTP/1.1" 301 3544 "-" "Mozilla/5.0 (Linux; Android 7.0; FRD-AL00 Build/HUAWEIFRD-AL00; wv) AppleWebKit/537.36 (KHTML, like Gecko) Version/4.0 Chrome/53.0.2785.49 Mobile MQQBrowser/6.2 TBS/043602 Safari/537.36 MicroMessenger/6.5.16.1120 NetType/WIFI Language/zh_CN" "-"
117.87.72.82 - - [27/Nov/2019:20:12:15 +0100] "GET /categoria-producto/accesorios/page/7 HTTP/1.1" 301 3560 "-" "Mozilla/5.0(Linux;Android 5.1.1;OPPO A33 Build/LMY47V;wv) AppleWebKit/537.36(KHTML,link Gecko) Version/4.0 Chrome/42.0.2311.138 Mobile Safari/537.36 Mb2345Browser/9.0" "-"
116.7.132.125 - - [27/Nov/2019:20:12:20 +0100] "GET /categoria-producto/m/ HTTP/1.1" 200 53597 "-" "Mozilla/5.0 (Linux; Android 7.0; FRD-AL00 Build/HUAWEIFRD-AL00; wv) AppleWebKit/537.36 (KHTML, like Gecko) Version/4.0 Chrome/53.0.2785.49 Mobile MQQBrowser/6.2 TBS/043602 Safari/537.36 MicroMessenger/6.5.16.1120 NetType/WIFI Language/zh_CN" "wpfront-notification-bar-landingpage=1"
117.87.72.82 - - [27/Nov/2019:20:12:22 +0100] "GET /categoria-producto/accesorios/page/7/ HTTP/1.1" 200 77308 "-" "Mozilla/5.0(Linux;Android 5.1.1;OPPO A33 Build/LMY47V;wv) AppleWebKit/537.36(KHTML,link Gecko) Version/4.0 Chrome/42.0.2311.138 Mobile Safari/537.36 Mb2345Browser/9.0" "wpfront-notification-bar-landingpage=1"
112.192.231.102 - - [27/Nov/2019:20:12:38 +0100] "GET /img/cms/complementos/cat-3164-colores.png HTTP/1.1" 404 68062 "-" "Mozilla/5.0(Linux;U;Android 5.1.1;zh-CN;OPPO A33 Build/LMY47V) AppleWebKit/537.36(KHTML,like Gecko) Version/4.0 Chrome/40.0.2214.89 UCBrowser/11.7.0.953 Mobile Safari/537.36" "-"
125.71.79.42 - - [27/Nov/2019:20:12:39 +0100] "GET /categoria-producto/hombre/pantalonesymallas/ HTTP/1.1" 200 75413 "-" "Mozilla/5.0(Linux;Android 5.1.1;OPPO A33 Build/LMY47V;wv) AppleWebKit/537.36(KHTML,link Gecko) Version/4.0 Chrome/42.0.2311.138 Mobile Safari/537.36 Mb2345Browser/9.0" "-"
122.224.181.58 - - [27/Nov/2019:20:12:45 +0100] "GET /producto/camiseta-manga-corta-futbol-4?add-to-cart=18684 HTTP/1.1" 301 4821 "-" "Mozilla/5.0 (Linux; Android 7.0; FRD-AL00 Build/HUAWEIFRD-AL00; wv) AppleWebKit/537.36 (KHTML, like Gecko) Version/4.0 Chrome/53.0.2785.49 Mobile MQQBrowser/6.2 TBS/043602 Safari/537.36 MicroMessenger/6.5.16.1120 NetType/WIFI Language/zh_CN" "-"
49.82.249.135 - - [27/Nov/2019:20:12:46 +0100] "GET /120-large_default/camiseta-portero-futbol-manga-larga.jpg HTTP/1.1" 404 72091 "-" "Mozilla/5.0 (Linux; Android 7.0; FRD-AL00 Build/HUAWEIFRD-AL00; wv) AppleWebKit/537.36 (KHTML, like Gecko) Version/4.0 Chrome/53.0.2785.49 Mobile MQQBrowser/6.2 TBS/043602 Safari/537.36 MicroMessenger/6.5.16.1120 NetType/WIFI Language/zh_CN" "-"
14.223.180.245 - - [27/Nov/2019:20:12:48 +0100] "GET /etiqueta-producto/punos-elasticos HTTP/1.1" 301 3557 "-" "Mozilla/5.0(Linux;Android 5.1.1;OPPO A33 Build/LMY47V;wv) AppleWebKit/537.36(KHTML,link Gecko) Version/4.0 Chrome/43.0.2357.121 Mobile Safari/537.36 LieBaoFast/4.51.3" "-"
122.224.181.58 - - [27/Nov/2019:20:12:48 +0100] "GET /producto/camiseta-manga-corta-futbol-4/?add-to-cart=18684 HTTP/1.1" 200 77845 "-" "Mozilla/5.0 (Linux; Android 7.0; FRD-AL00 Build/HUAWEIFRD-AL00; wv) AppleWebKit/537.36 (KHTML, like Gecko) Version/4.0 Chrome/53.0.2785.49 Mobile MQQBrowser/6.2 TBS/043602 Safari/537.36 MicroMessenger/6.5.16.1120 NetType/WIFI Language/zh_CN" "woocommerce_cart_hash=98484dff5e8761fe340e73ab7c45e25a; woocommerce_items_in_cart=1; wp_woocommerce_session_fb86dbb0e6335d960ea3e94e06b25287=fd72850ab21ef1f59d596b1c720548eb%7C%7C1575054766%7C%7C1575051166%7C%7C6a51581feaf76e369d45eb1bb5d9ee96; wpfront-notification-bar-landingpage=1"
60.185.79.218 - - [27/Nov/2019:20:12:50 +0100] "GET /producto/polo-tecnico-kiso-mujer-pf-39085 HTTP/1.1" 301 3565 "-" "Mozilla/5.0 (Linux; Android 7.0; FRD-AL00 Build/HUAWEIFRD-AL00; wv) AppleWebKit/537.36 (KHTML, like Gecko) Version/4.0 Chrome/53.0.2785.49 Mobile MQQBrowser/6.2 TBS/043602 Safari/537.36 MicroMessenger/6.5.16.1120 NetType/WIFI Language/zh_CN" "-"
14.223.180.245 - - [27/Nov/2019:20:12:50 +0100] "GET /etiqueta-producto/punos-elasticos/ HTTP/1.1" 200 53820 "-" "Mozilla/5.0(Linux;Android 5.1.1;OPPO A33 Build/LMY47V;wv) AppleWebKit/537.36(KHTML,link Gecko) Version/4.0 Chrome/43.0.2357.121 Mobile Safari/537.36 LieBaoFast/4.51.3" "wpfront-notification-bar-landingpage=1"
114.105.187.45 - - [27/Nov/2019:20:12:52 +0100] "GET /producto/camiseta-portero-futbol-manga-larga-2?add-to-cart=18702 HTTP/1.1" 301 4829 "-" "Mozilla/5.0 (Linux; Android 7.0; FRD-AL00 Build/HUAWEIFRD-AL00; wv) AppleWebKit/537.36 (KHTML, like Gecko) Version/4.0 Chrome/53.0.2785.49 Mobile MQQBrowser/6.2 TBS/043602 Safari/537.36 MicroMessenger/6.5.16.1120 NetType/WIFI Language/zh_CN" "-"
60.185.79.218 - - [27/Nov/2019:20:12:52 +0100] "GET /producto/polo-tecnico-kiso-mujer-pf-39085/ HTTP/1.1" 200 105379 "-" "Mozilla/5.0 (Linux; Android 7.0; FRD-AL00 Build/HUAWEIFRD-AL00; wv) AppleWebKit/537.36 (KHTML, like Gecko) Version/4.0 Chrome/53.0.2785.49 Mobile MQQBrowser/6.2 TBS/043602 Safari/537.36 MicroMessenger/6.5.16.1120 NetType/WIFI Language/zh_CN" "wpfront-notification-bar-landingpage=1"
114.105.187.45 - - [27/Nov/2019:20:12:54 +0100] "GET /producto/camiseta-portero-futbol-manga-larga-2/?add-to-cart=18702 HTTP/1.1" 200 76955 "-" "Mozilla/5.0 (Linux; Android 7.0; FRD-AL00 Build/HUAWEIFRD-AL00; wv) AppleWebKit/537.36 (KHTML, like Gecko) Version/4.0 Chrome/53.0.2785.49 Mobile MQQBrowser/6.2 TBS/043602 Safari/537.36 MicroMessenger/6.5.16.1120 NetType/WIFI Language/zh_CN" "woocommerce_cart_hash=7fbc6efae45c3f8b4970c0528e9bcb35; woocommerce_items_in_cart=1; wp_woocommerce_session_fb86dbb0e6335d960ea3e94e06b25287=613ad2922d9fb11793a9f249e8e44053%7C%7C1575054772%7C%7C1575051172%7C%7C1239ec04f9a1c0c3f5ee783717a26f93; wpfront-notification-bar-landingpage=1"
116.248.187.58 - - [27/Nov/2019:20:12:58 +0100] "GET /510-home_default/camiseta-tecnica-tirantes-sprint-aq-sprint.jpg HTTP/1.1" 404 68094 "-" "Mozilla/5.0 (Linux; Android 7.0; FRD-AL00 Build/HUAWEIFRD-AL00; wv) AppleWebKit/537.36 (KHTML, like Gecko) Version/4.0 Chrome/53.0.2785.49 Mobile MQQBrowser/6.2 TBS/043602 Safari/537.36 MicroMessenger/6.5.16.1120 NetType/WIFI Language/zh_CN" "-"
217.76.130.90 - - [27/Nov/2019:20:13:03 +0100] "POST /wp-cron.php?doing_wp_cron=1574881983.2086338996887207031250 HTTP/1.1" 200 3389 "https://amazingsportwear.com/wp-cron.php?doing_wp_cron=1574881983.2086338996887207031250" "WordPress/5.2.4; https://amazingsportwear.com" "-"
117.67.92.27 - - [27/Nov/2019:20:13:02 +0100] "GET /producto/camiseta-basket-sin-costadillos-2?add-to-cart=18695 HTTP/1.1" 301 4825 "-" "Mozilla/5.0(Linux;U;Android 5.1.1;zh-CN;OPPO A33 Build/LMY47V) AppleWebKit/537.36(KHTML,like Gecko) Version/4.0 Chrome/40.0.2214.89 UCBrowser/11.7.0.953 Mobile Safari/537.36" "-"
101.206.45.6 - - [27/Nov/2019:20:13:04 +0100] "GET /etiqueta-producto/capucha HTTP/1.1" 301 3549 "-" "Mozilla/5.0(Linux;Android 5.1.1;OPPO A33 Build/LMY47V;wv) AppleWebKit/537.36(KHTML,link Gecko) Version/4.0 Chrome/43.0.2357.121 Mobile Safari/537.36 LieBaoFast/4.51.3" "-"
101.206.45.6 - - [27/Nov/2019:20:13:06 +0100] "GET /etiqueta-producto/capucha/ HTTP/1.1" 200 53663 "-" "Mozilla/5.0(Linux;Android 5.1.1;OPPO A33 Build/LMY47V;wv) AppleWebKit/537.36(KHTML,link Gecko) Version/4.0 Chrome/43.0.2357.121 Mobile Safari/537.36 LieBaoFast/4.51.3" "wpfront-notification-bar-landingpage=1"
117.67.92.27 - - [27/Nov/2019:20:13:07 +0100] "GET /producto/camiseta-basket-sin-costadillos-2/?add-to-cart=18695 HTTP/1.1" 200 78334 "-" "Mozilla/5.0(Linux;U;Android 5.1.1;zh-CN;OPPO A33 Build/LMY47V) AppleWebKit/537.36(KHTML,like Gecko) Version/4.0 Chrome/40.0.2214.89 UCBrowser/11.7.0.953 Mobile Safari/537.36" "woocommerce_cart_hash=52dd3778dd6ccd3f19e7ff55099f17ea; woocommerce_items_in_cart=1; wp_woocommerce_session_fb86dbb0e6335d960ea3e94e06b25287=1b89e343dc0c5f55b98435f40dafc216%7C%7C1575054783%7C%7C1575051183%7C%7C1ecea7b5cdae3c1a1a3a5a5350e0c0ca; wpfront-notification-bar-landingpage=1"
125.105.159.92 - - [27/Nov/2019:20:13:26 +0100] "GET /etiqueta-producto/luz-intermitente HTTP/1.1" 301 3558 "-" "Mozilla/5.0(Linux;U;Android 5.1.1;zh-CN;OPPO A33 Build/LMY47V) AppleWebKit/537.36(KHTML,like Gecko) Version/4.0 Chrome/40.0.2214.89 UCBrowser/11.7.0.953 Mobile Safari/537.36" "-"
125.105.159.92 - - [27/Nov/2019:20:13:28 +0100] "GET /etiqueta-producto/luz-intermitente/ HTTP/1.1" 200 53463 "-" "Mozilla/5.0(Linux;U;Android 5.1.1;zh-CN;OPPO A33 Build/LMY47V) AppleWebKit/537.36(KHTML,like Gecko) Version/4.0 Chrome/40.0.2214.89 UCBrowser/11.7.0.953 Mobile Safari/537.36" "wpfront-notification-bar-landingpage=1"
223.215.174.229 - - [27/Nov/2019:20:13:28 +0100] "GET /categoria-producto/inicio/page/3?add-to-cart=18689 HTTP/1.1" 301 4815 "-" "Mozilla/5.0 (Linux; Android 7.0; FRD-AL00 Build/HUAWEIFRD-AL00; wv) AppleWebKit/537.36 (KHTML, like Gecko) Version/4.0 Chrome/53.0.2785.49 Mobile MQQBrowser/6.2 TBS/043602 Safari/537.36 MicroMessenger/6.5.16.1120 NetType/WIFI Language/zh_CN" "-"
66.249.64.144 - - [27/Nov/2019:20:13:30 +0100] "GET /categoria-producto/accesorios/linternas/ HTTP/1.1" 200 63576 "-" "Mozilla/5.0 (Linux; Android 6.0.1; Nexus 5X Build/MMB29P) AppleWebKit/537.36 (KHTML, like Gecko) Chrome/41.0.2272.96 Mobile Safari/537.36 (compatible; Googlebot/2.1; +http://www.google.com/bot.html)" "-"
223.215.174.229 - - [27/Nov/2019:20:13:36 +0100] "GET /categoria-producto/inicio/page/3/?add-to-cart=18689 HTTP/1.1" 200 78096 "-" "Mozilla/5.0 (Linux; Android 7.0; FRD-AL00 Build/HUAWEIFRD-AL00; wv) AppleWebKit/537.36 (KHTML, like Gecko) Version/4.0 Chrome/53.0.2785.49 Mobile MQQBrowser/6.2 TBS/043602 Safari/537.36 MicroMessenger/6.5.16.1120 NetType/WIFI Language/zh_CN" "woocommerce_cart_hash=1138c57c52f9c78089b2bfc96eca19f8; woocommerce_items_in_cart=1; wp_woocommerce_session_fb86dbb0e6335d960ea3e94e06b25287=34a117954595e21d92568814b8fddac0%7C%7C1575054809%7C%7C1575051209%7C%7C788ec0543e56bd3760001eaa89e3b1a7; wpfront-notification-bar-landingpage=1"
217.76.130.90 - - [27/Nov/2019:20:18:53 +0100] "POST /wp-cron.php?doing_wp_cron=1574882333.6702001094818115234375 HTTP/1.1" 200 164 "http://amazingsportwear.com/wp-cron.php?doing_wp_cron=1574882333.6702001094818115234375" "WordPress/5.2.4; https://amazingsportwear.com" "-"
58.218.6.218 - - [27/Nov/2019:20:18:52 +0100] "GET /img/cms/tienda/aq-open-colores.jpg HTTP/1.1" 404 68058 "-" "Mozilla/5.0(Linux;U;Android 5.1.1;zh-CN;OPPO A33 Build/LMY47V) AppleWebKit/537.36(KHTML,like Gecko) Version/4.0 Chrome/40.0.2214.89 UCBrowser/11.7.0.953 Mobile Safari/537.36" "-"
217.76.130.90 - - [27/Nov/2019:20:26:54 +0100] "POST /wp-cron.php?doing_wp_cron=1574882814.5430550575256347656250 HTTP/1.1" 200 164 "http://amazingsportwear.com/wp-cron.php?doing_wp_cron=1574882814.5430550575256347656250" "WordPress/5.2.4; https://amazingsportwear.com" "-"
117.67.75.250 - - [27/Nov/2019:20:26:53 +0100] "GET /img/cms/natalia_perez.jpg HTTP/1.1" 404 68004 "-" "Mozilla/5.0(Linux;Android 5.1.1;OPPO A33 Build/LMY47V;wv) AppleWebKit/537.36(KHTML,link Gecko) Version/4.0 Chrome/42.0.2311.138 Mobile Safari/537.36 Mb2345Browser/9.0" "-"
112.252.108.246 - - [27/Nov/2019:20:26:54 +0100] "GET /2016/12/ HTTP/1.1" 200 70120 "-" "Mozilla/5.0(Linux;Android 5.1.1;OPPO A33 Build/LMY47V;wv) AppleWebKit/537.36(KHTML,link Gecko) Version/4.0 Chrome/43.0.2357.121 Mobile Safari/537.36 LieBaoFast/4.51.3" "-"
217.76.130.90 - - [27/Nov/2019:20:27:18 +0100] "POST /wp-cron.php?doing_wp_cron=1574882838.7457509040832519531250 HTTP/1.1" 200 3389 "https://amazingsportwear.com/wp-cron.php?doing_wp_cron=1574882838.7457509040832519531250" "WordPress/5.2.4; https://amazingsportwear.com" "-"
117.63.131.243 - - [27/Nov/2019:20:27:18 +0100] "GET /categoria-producto/mujer/camisetas-mujer HTTP/1.1" 301 3564 "-" "Mozilla/5.0(Linux;Android 5.1.1;OPPO A33 Build/LMY47V;wv) AppleWebKit/537.36(KHTML,link Gecko) Version/4.0 Chrome/42.0.2311.138 Mobile Safari/537.36 Mb2345Browser/9.0" "-"
117.63.131.243 - - [27/Nov/2019:20:27:21 +0100] "GET /categoria-producto/mujer/camisetas-mujer/ HTTP/1.1" 200 77469 "-" "Mozilla/5.0(Linux;Android 5.1.1;OPPO A33 Build/LMY47V;wv) AppleWebKit/537.36(KHTML,link Gecko) Version/4.0 Chrome/42.0.2311.138 Mobile Safari/537.36 Mb2345Browser/9.0" "wpfront-notification-bar-landingpage=1"
175.173.220.224 - - [27/Nov/2019:20:27:37 +0100] "GET /268-home_default/camiseta-manga-corta-ranglan-futbol.jpg HTTP/1.1" 404 72144 "-" "Mozilla/5.0(Linux;U;Android 5.1.1;zh-CN;OPPO A33 Build/LMY47V) AppleWebKit/537.36(KHTML,like Gecko) Version/4.0 Chrome/40.0.2214.89 UCBrowser/11.7.0.953 Mobile Safari/537.36" "-"
217.76.130.90 - - [27/Nov/2019:20:33:29 +0100] "POST /wp-cron.php?doing_wp_cron=1574883209.9002270698547363281250 HTTP/1.1" 200 3389 "https://amazingsportwear.com/wp-cron.php?doing_wp_cron=1574883209.9002270698547363281250" "WordPress/5.2.4; https://amazingsportwear.com" "-"
66.249.64.146 - - [27/Nov/2019:20:33:28 +0100] "GET /producto/sudadera-capucha/ HTTP/1.1" 200 101258 "-" "Mozilla/5.0 (Linux; Android 6.0.1; Nexus 5X Build/MMB29P) AppleWebKit/537.36 (KHTML, like Gecko) Chrome/41.0.2272.96 Mobile Safari/537.36 (compatible; Googlebot/2.1; +http://www.google.com/bot.html)" "-"
217.76.130.90 - - [27/Nov/2019:20:39:56 +0100] "POST /wp-cron.php?doing_wp_cron=1574883596.2278909683227539062500 HTTP/1.1" 200 3389 "https://amazingsportwear.com/wp-cron.php?doing_wp_cron=1574883596.2278909683227539062500" "WordPress/5.2.4; https://amazingsportwear.com" "-"
66.249.64.148 - - [27/Nov/2019:20:39:55 +0100] "GET /categoria-producto/accesorios/rinoneras/ HTTP/1.1" 200 59264 "-" "Mozilla/5.0 (compatible; Googlebot/2.1; +http://www.google.com/bot.html)" "-"
217.76.130.90 - - [27/Nov/2019:20:43:37 +0100] "POST /wp-cron.php?doing_wp_cron=1574883817.0257689952850341796875 HTTP/1.1" 200 3389 "https://amazingsportwear.com/wp-cron.php?doing_wp_cron=1574883817.0257689952850341796875" "WordPress/5.2.4; https://amazingsportwear.com" "-"
66.249.64.146 - - [27/Nov/2019:20:43:36 +0100] "GET /etiqueta-producto/llavero-golf/ HTTP/1.1" 200 55988 "-" "Mozilla/5.0 (Linux; Android 6.0.1; Nexus 5X Build/MMB29P) AppleWebKit/537.36 (KHTML, like Gecko) Chrome/41.0.2272.96 Mobile Safari/537.36 (compatible; Googlebot/2.1; +http://www.google.com/bot.html)" "-"
217.76.130.90 - - [27/Nov/2019:20:44:31 +0100] "POST /wp-cron.php?doing_wp_cron=1574883871.5582768917083740234375 HTTP/1.1" 200 3389 "https://amazingsportwear.com/wp-cron.php?doing_wp_cron=1574883871.5582768917083740234375" "WordPress/5.2.4; https://amazingsportwear.com" "-"
66.249.64.148 - - [27/Nov/2019:20:44:30 +0100] "GET /img/cms/sudadera%20capucha.png HTTP/1.1" 404 72291 "-" "Googlebot-Image/1.0" "-"
217.76.130.90 - - [27/Nov/2019:20:45:31 +0100] "POST /wp-cron.php?doing_wp_cron=1574883931.3750588893890380859375 HTTP/1.1" 200 3389 "https://amazingsportwear.com/wp-cron.php?doing_wp_cron=1574883931.3750588893890380859375" "WordPress/5.2.4; https://amazingsportwear.com" "-"
66.249.64.144 - - [27/Nov/2019:20:45:30 +0100] "GET /categoria-producto/accesorios/ HTTP/1.1" 200 76379 "-" "Mozilla/5.0 (Linux; Android 6.0.1; Nexus 5X Build/MMB29P) AppleWebKit/537.36 (KHTML, like Gecko) Chrome/41.0.2272.96 Mobile Safari/537.36 (compatible; Googlebot/2.1; +http://www.google.com/bot.html)" "-"
66.249.64.144 - - [27/Nov/2019:20:45:36 +0100] "POST /?wc-ajax=get_refreshed_fragments HTTP/1.1" 200 1397 "https://amazingsportwear.com/categoria-producto/accesorios/" "Mozilla/5.0 (Linux; Android 6.0.1; Nexus 5X Build/MMB29P) AppleWebKit/537.36 (KHTML, like Gecko) Chrome/41.0.2272.96 Mobile Safari/537.36 (compatible; Googlebot/2.1; +http://www.google.com/bot.html)" "_ga=GA1.2.1884029788.1574812800; _gid=GA1.2.969013651.1574812800; _gat_gtag_UA_91619287_1=1"
217.76.130.90 - - [27/Nov/2019:20:50:23 +0100] "POST /wp-cron.php?doing_wp_cron=1574884223.8428280353546142578125 HTTP/1.1" 200 3389 "https://amazingsportwear.com/wp-cron.php?doing_wp_cron=1574884223.8428280353546142578125" "WordPress/5.2.4; https://amazingsportwear.com" "-"
157.55.39.250 - - [27/Nov/2019:20:50:22 +0100] "GET /?controller=contact HTTP/1.1" 200 125807 "-" "Mozilla/5.0 (compatible; bingbot/2.0; +http://www.bing.com/bingbot.htm)" "-"
217.76.130.90 - - [27/Nov/2019:20:52:35 +0100] "POST /wp-cron.php?doing_wp_cron=1574884355.7151789665222167968750 HTTP/1.1" 200 3389 "https://amazingsportwear.com/wp-cron.php?doing_wp_cron=1574884355.7151789665222167968750" "WordPress/5.2.4; https://amazingsportwear.com" "-"
157.55.39.186 - - [27/Nov/2019:20:52:34 +0100] "GET /tienda/111-camiseta-tecnica-maurice.html HTTP/1.1" 404 72310 "-" "Mozilla/5.0 (compatible; bingbot/2.0; +http://www.bing.com/bingbot.htm)" "-"
217.76.130.90 - - [27/Nov/2019:21:01:51 +0100] "POST /wp-cron.php?doing_wp_cron=1574884911.2959020137786865234375 HTTP/1.1" 200 3389 "https://amazingsportwear.com/wp-cron.php?doing_wp_cron=1574884911.2959020137786865234375" "WordPress/5.2.4; https://amazingsportwear.com" "-"
66.249.64.144 - - [27/Nov/2019:21:01:50 +0100] "GET /producto/sudadera-capucha/ HTTP/1.1" 200 101522 "-" "Mozilla/5.0 (compatible; Googlebot/2.1; +http://www.google.com/bot.html)" "-"
157.55.39.250 - - [27/Nov/2019:21:03:16 +0100] "GET /wp-content/uploads/2019/04/mochila-decath-5.png HTTP/1.1" 200 131041 "-" "Mozilla/5.0 (compatible; bingbot/2.0; +http://www.bing.com/bingbot.htm)" "-"
217.76.130.90 - - [27/Nov/2019:21:18:56 +0100] "POST /wp-cron.php?doing_wp_cron=1574885936.5871140956878662109375 HTTP/1.1" 200 3389 "https://amazingsportwear.com/wp-cron.php?doing_wp_cron=1574885936.5871140956878662109375" "WordPress/5.2.4; https://amazingsportwear.com" "-"
66.249.64.144 - - [27/Nov/2019:21:18:52 +0100] "GET /etiqueta-producto/camiseta-power/ HTTP/1.1" 200 54128 "-" "Mozilla/5.0 (Linux; Android 6.0.1; Nexus 5X Build/MMB29P) AppleWebKit/537.36 (KHTML, like Gecko) Chrome/41.0.2272.96 Mobile Safari/537.36 (compatible; Googlebot/2.1; +http://www.google.com/bot.html)" "-"
217.76.130.90 - - [27/Nov/2019:21:22:47 +0100] "POST /wp-cron.php?doing_wp_cron=1574886167.4146809577941894531250 HTTP/1.1" 200 164 "http://amazingsportwear.com/wp-cron.php?doing_wp_cron=1574886167.4146809577941894531250" "WordPress/5.2.4; https://amazingsportwear.com" "-"
64.246.161.190 - - [27/Nov/2019:21:22:46 +0100] "GET /robots.txt HTTP/1.0" 200 355 "-" "Mozilla/5.0 (Macintosh; Intel Mac OS X 10.10; rv:59.0) Gecko/20100101 Firefox/59.0" "-"
64.246.161.190 - - [27/Nov/2019:21:22:47 +0100] "GET / HTTP/1.1" 301 298 "-" "Mozilla/5.0 (Macintosh; Intel Mac OS X 10.10; rv:59.0) Gecko/20100101 Firefox/59.0" "-"
217.76.130.90 - - [27/Nov/2019:21:32:10 +0100] "POST /wp-cron.php?doing_wp_cron=1574886730.9311969280242919921875 HTTP/1.1" 200 3389 "https://amazingsportwear.com/wp-cron.php?doing_wp_cron=1574886730.9311969280242919921875" "WordPress/5.2.4; https://amazingsportwear.com" "-"
69.171.251.16 - - [27/Nov/2019:21:32:08 +0100] "GET / HTTP/1.1" 200 125595 "-" "facebookexternalhit/1.1 (+http://www.facebook.com/externalhit_uatext.php)" "-"
69.171.251.41 - - [27/Nov/2019:21:32:14 +0100] "GET /contacta-con-nosotros HTTP/1.1" 301 319 "-" "facebookexternalhit/1.1 (+http://www.facebook.com/externalhit_uatext.php)" "-"
69.171.251.41 - - [27/Nov/2019:21:32:16 +0100] "GET /contacta-con-nosotros/ HTTP/1.1" 200 58172 "-" "facebookexternalhit/1.1 (+http://www.facebook.com/externalhit_uatext.php)" "-"
217.76.130.90 - - [27/Nov/2019:21:35:39 +0100] "POST /wp-cron.php?doing_wp_cron=1574886939.8354959487915039062500 HTTP/1.1" 200 3389 "https://amazingsportwear.com/wp-cron.php?doing_wp_cron=1574886939.8354959487915039062500" "WordPress/5.2.4; https://amazingsportwear.com" "-"
66.249.64.146 - - [27/Nov/2019:21:35:38 +0100] "GET /categoria-producto/accesorios/gorrasygorros/page/1/ HTTP/1.1" 301 3800 "-" "Mozilla/5.0 (Linux; Android 6.0.1; Nexus 5X Build/MMB29P) AppleWebKit/537.36 (KHTML, like Gecko) Chrome/41.0.2272.96 Mobile Safari/537.36 (compatible; Googlebot/2.1; +http://www.google.com/bot.html)" "-"
66.249.64.148 - - [27/Nov/2019:21:35:40 +0100] "GET /categoria-producto/accesorios/gorrasygorros/ HTTP/1.1" 200 75790 "-" "Mozilla/5.0 (Linux; Android 6.0.1; Nexus 5X Build/MMB29P) AppleWebKit/537.36 (KHTML, like Gecko) Chrome/41.0.2272.96 Mobile Safari/537.36 (compatible; Googlebot/2.1; +http://www.google.com/bot.html)" "-"
181.64.122.191 - - [27/Nov/2019:21:39:01 +0100] "GET /wp-content/uploads/2019/04/Gorra-sport-11.png HTTP/1.1" 200 131116 "https://www.google.com/" "Mozilla/5.0 (Windows NT 10.0; Win64; x64) AppleWebKit/537.36 (KHTML, like Gecko) Chrome/78.0.3904.108 Safari/537.36" "-"
217.76.130.90 - - [27/Nov/2019:21:39:48 +0100] "POST /wp-cron.php?doing_wp_cron=1574887188.4540979862213134765625 HTTP/1.1" 200 3389 "https://amazingsportwear.com/wp-cron.php?doing_wp_cron=1574887188.4540979862213134765625" "WordPress/5.2.4; https://amazingsportwear.com" "-"
66.249.64.144 - - [27/Nov/2019:21:39:47 +0100] "GET /categoria-producto/inicio/ropa-amazing-sport-wear/ciclismo-ropa-amazing-sport-wear/ HTTP/1.1" 200 70479 "-" "Mozilla/5.0 (Linux; Android 6.0.1; Nexus 5X Build/MMB29P) AppleWebKit/537.36 (KHTML, like Gecko) Chrome/41.0.2272.96 Mobile Safari/537.36 (compatible; Googlebot/2.1; +http://www.google.com/bot.html)" "-"
217.76.130.90 - - [27/Nov/2019:21:40:24 +0100] "POST /wp-cron.php?doing_wp_cron=1574887223.9654569625854492187500 HTTP/1.1" 200 3389 "https://amazingsportwear.com/wp-cron.php?doing_wp_cron=1574887223.9654569625854492187500" "WordPress/5.2.4; https://amazingsportwear.com" "-"
66.249.64.144 - - [27/Nov/2019:21:40:22 +0100] "POST /?wc-ajax=get_refreshed_fragments HTTP/1.1" 200 4760 "https://amazingsportwear.com/categoria-producto/inicio/ropa-amazing-sport-wear/ciclismo-ropa-amazing-sport-wear/" "Mozilla/5.0 (Linux; Android 6.0.1; Nexus 5X Build/MMB29P) AppleWebKit/537.36 (KHTML, like Gecko) Chrome/41.0.2272.96 Mobile Safari/537.36 (compatible; Googlebot/2.1; +http://www.google.com/bot.html)" "_ga=GA1.2.1884029788.1574812800; _gid=GA1.2.969013651.1574812800; _gat_gtag_UA_91619287_1=1"
217.76.130.90 - - [27/Nov/2019:21:43:47 +0100] "POST /wp-cron.php?doing_wp_cron=1574887427.6346418857574462890625 HTTP/1.1" 200 3389 "https://amazingsportwear.com/wp-cron.php?doing_wp_cron=1574887427.6346418857574462890625" "WordPress/5.2.4; https://amazingsportwear.com" "-"
66.249.64.146 - - [27/Nov/2019:21:43:46 +0100] "GET /etiqueta-producto/camiseta-montecarlo/ HTTP/1.1" 200 54427 "-" "Mozilla/5.0 (Linux; Android 6.0.1; Nexus 5X Build/MMB29P) AppleWebKit/537.36 (KHTML, like Gecko) Chrome/41.0.2272.96 Mobile Safari/537.36 (compatible; Googlebot/2.1; +http://www.google.com/bot.html)" "-"
217.76.130.90 - - [27/Nov/2019:21:44:43 +0100] "POST /wp-cron.php?doing_wp_cron=1574887483.5701999664306640625000 HTTP/1.1" 200 3389 "https://amazingsportwear.com/wp-cron.php?doing_wp_cron=1574887483.5701999664306640625000" "WordPress/5.2.4; https://amazingsportwear.com" "-"
157.55.39.236 - - [27/Nov/2019:21:44:42 +0100] "GET /tienda/155-camiseta-tecnica-vel-105501.html HTTP/1.1" 404 72306 "-" "Mozilla/5.0 (compatible; bingbot/2.0; +http://www.bing.com/bingbot.htm)" "-"
157.55.39.250 - - [27/Nov/2019:21:50:02 +0100] "GET /wp-content/uploads/2018/04/aq-armour-aerobic-chica.jpg HTTP/1.1" 200 132039 "-" "Mozilla/5.0 (compatible; bingbot/2.0; +http://www.bing.com/bingbot.htm)" "-"
217.76.130.90 - - [27/Nov/2019:21:50:42 +0100] "POST /wp-cron.php?doing_wp_cron=1574887842.9152259826660156250000 HTTP/1.1" 200 3389 "https://amazingsportwear.com/wp-cron.php?doing_wp_cron=1574887842.9152259826660156250000" "WordPress/5.2.4; https://amazingsportwear.com" "-"
66.249.64.144 - - [27/Nov/2019:21:50:41 +0100] "GET /etiqueta-producto/camiseta-combi/ HTTP/1.1" 200 53809 "-" "Mozilla/5.0 (Linux; Android 6.0.1; Nexus 5X Build/MMB29P) AppleWebKit/537.36 (KHTML, like Gecko) Chrome/41.0.2272.96 Mobile Safari/537.36 (compatible; Googlebot/2.1; +http://www.google.com/bot.html)" "-"
66.249.64.146 - - [27/Nov/2019:21:50:51 +0100] "GET /etiqueta-producto/camiseta-tirantes/ HTTP/1.1" 200 69921 "-" "Mozilla/5.0 (Linux; Android 6.0.1; Nexus 5X Build/MMB29P) AppleWebKit/537.36 (KHTML, like Gecko) Chrome/41.0.2272.96 Mobile Safari/537.36 (compatible; Googlebot/2.1; +http://www.google.com/bot.html)" "-"
217.76.130.90 - - [27/Nov/2019:21:51:13 +0100] "POST /wp-cron.php?doing_wp_cron=1574887873.7447340488433837890625 HTTP/1.1" 200 3389 "https://amazingsportwear.com/wp-cron.php?doing_wp_cron=1574887873.7447340488433837890625" "WordPress/5.2.4; https://amazingsportwear.com" "-"
66.249.64.146 - - [27/Nov/2019:21:51:13 +0100] "GET /etiqueta-producto/camiseta-plus/ HTTP/1.1" 200 54142 "-" "Mozilla/5.0 (Linux; Android 6.0.1; Nexus 5X Build/MMB29P) AppleWebKit/537.36 (KHTML, like Gecko) Chrome/41.0.2272.96 Mobile Safari/537.36 (compatible; Googlebot/2.1; +http://www.google.com/bot.html)" "-"
64.246.161.42 - - [27/Nov/2019:21:51:22 +0100] "GET / HTTP/1.1" 301 298 "-" "Mozilla/5.0 (Macintosh; Intel Mac OS X 10.10; rv:59.0) Gecko/20100101 Firefox/59.0" "-"
66.249.64.144 - - [27/Nov/2019:21:51:47 +0100] "GET /categoria-producto/inicio/ HTTP/1.1" 200 75076 "-" "Mozilla/5.0 (Linux; Android 6.0.1; Nexus 5X Build/MMB29P) AppleWebKit/537.36 (KHTML, like Gecko) Chrome/41.0.2272.96 Mobile Safari/537.36 (compatible; Googlebot/2.1; +http://www.google.com/bot.html)" "-"
217.76.130.90 - - [27/Nov/2019:21:53:54 +0100] "POST /wp-cron.php?doing_wp_cron=1574888034.5050399303436279296875 HTTP/1.1" 200 3389 "https://amazingsportwear.com/wp-cron.php?doing_wp_cron=1574888034.5050399303436279296875" "WordPress/5.2.4; https://amazingsportwear.com" "-"
157.55.39.152 - - [27/Nov/2019:21:53:53 +0100] "GET /robots.txt HTTP/1.1" 200 2297 "-" "Mozilla/5.0 (compatible; bingbot/2.0; +http://www.bing.com/bingbot.htm)" "-"
157.55.39.152 - - [27/Nov/2019:21:53:55 +0100] "GET /robots.txt HTTP/1.1" 200 3939 "-" "Mozilla/5.0 (compatible; bingbot/2.0; +http://www.bing.com/bingbot.htm)" "-"
201.105.149.91 - - [27/Nov/2019:21:56:17 +0100] "GET /wp-content/uploads/2019/04/gorra-lorenz-4.png HTTP/1.1" 200 77974 "https://www.google.com/" "Mozilla/5.0 (Windows NT 10.0; Win64; x64) AppleWebKit/537.36 (KHTML, like Gecko) Chrome/78.0.3904.108 Safari/537.36" "-"
173.252.127.32 - - [27/Nov/2019:22:06:56 +0100] "GET /wp-content/uploads/2019/07/slider1.jpg HTTP/1.1" 200 247684 "-" "facebookexternalhit/1.1 (+http://www.facebook.com/externalhit_uatext.php)" "-"
181.124.180.34 - - [27/Nov/2019:22:08:59 +0100] "GET /wp-content/uploads/2019/04/gorra-kisse-6.png HTTP/1.1" 200 90101 "https://www.google.com/" "Mozilla/5.0 (Linux; Android 9; SAMSUNG SM-N950F) AppleWebKit/537.36 (KHTML, like Gecko) SamsungBrowser/10.1 Chrome/71.0.3578.99 Mobile Safari/537.36" "-"
217.76.130.90 - - [27/Nov/2019:22:14:57 +0100] "POST /wp-cron.php?doing_wp_cron=1574889296.9688611030578613281250 HTTP/1.1" 200 3389 "https://amazingsportwear.com/wp-cron.php?doing_wp_cron=1574889296.9688611030578613281250" "WordPress/5.2.4; https://amazingsportwear.com" "-"
66.249.64.148 - - [27/Nov/2019:22:14:53 +0100] "GET /etiqueta-producto/adulto/page/4/ HTTP/1.1" 200 77376 "-" "Mozilla/5.0 (Linux; Android 6.0.1; Nexus 5X Build/MMB29P) AppleWebKit/537.36 (KHTML, like Gecko) Chrome/41.0.2272.96 Mobile Safari/537.36 (compatible; Googlebot/2.1; +http://www.google.com/bot.html)" "-"
217.76.130.90 - - [27/Nov/2019:22:15:04 +0100] "POST /wp-cron.php?doing_wp_cron=1574889304.9300858974456787109375 HTTP/1.1" 200 3389 "https://amazingsportwear.com/wp-cron.php?doing_wp_cron=1574889304.9300858974456787109375" "WordPress/5.2.4; https://amazingsportwear.com" "-"
66.249.64.148 - - [27/Nov/2019:22:15:03 +0100] "GET /etiqueta-producto/color-fluor/ HTTP/1.1" 200 50591 "-" "Mozilla/5.0 (Linux; Android 6.0.1; Nexus 5X Build/MMB29P) AppleWebKit/537.36 (KHTML, like Gecko) Chrome/41.0.2272.96 Mobile Safari/537.36 (compatible; Googlebot/2.1; +http://www.google.com/bot.html)" "-"
157.55.39.186 - - [27/Nov/2019:22:16:00 +0100] "GET /wp-content/uploads/2019/04/SUMO-VERDE.png HTTP/1.1" 200 167178 "-" "Mozilla/5.0 (compatible; bingbot/2.0; +http://www.bing.com/bingbot.htm)" "-"
201.190.207.184 - - [27/Nov/2019:22:17:36 +0100] "GET /wp-content/uploads/2018/02/SA-6656-azul.png HTTP/1.1" 200 303810 "https://www.google.com/" "Mozilla/5.0 (Windows NT 10.0; Win64; x64) AppleWebKit/537.36 (KHTML, like Gecko) Chrome/78.0.3904.108 Safari/537.36" "-"
157.55.39.250 - - [27/Nov/2019:22:22:14 +0100] "GET /producto/producto-prueba/ HTTP/1.1" 200 76414 "-" "Mozilla/5.0 (compatible; bingbot/2.0; +http://www.bing.com/bingbot.htm)" "-"
217.76.130.90 - - [27/Nov/2019:22:24:13 +0100] "POST /wp-cron.php?doing_wp_cron=1574889853.6068398952484130859375 HTTP/1.1" 200 3389 "https://amazingsportwear.com/wp-cron.php?doing_wp_cron=1574889853.6068398952484130859375" "WordPress/5.2.4; https://amazingsportwear.com" "-"
2.141.127.215 - - [27/Nov/2019:22:24:12 +0100] "GET / HTTP/1.1" 200 125813 "https://www.google.com/" "Mozilla/5.0 (Linux; Android 8.0.0; SM-A320FL) AppleWebKit/537.36 (KHTML, like Gecko) Chrome/78.0.3904.96 Mobile Safari/537.36" "-"
2.141.127.215 - - [27/Nov/2019:22:24:15 +0100] "GET /wp-includes/css/dist/block-library/style.min.css?ver=5.2.4 HTTP/1.1" 200 33023 "https://amazingsportwear.com/" "Mozilla/5.0 (Linux; Android 8.0.0; SM-A320FL) AppleWebKit/537.36 (KHTML, like Gecko) Chrome/78.0.3904.96 Mobile Safari/537.36" "wpfront-notification-bar-landingpage=1"
2.141.127.215 - - [27/Nov/2019:22:24:15 +0100] "GET /wp-content/plugins/woocommerce/assets/css/blocks/style.css?ver=3.6.4 HTTP/1.1" 200 6697 "https://amazingsportwear.com/" "Mozilla/5.0 (Linux; Android 8.0.0; SM-A320FL) AppleWebKit/537.36 (KHTML, like Gecko) Chrome/78.0.3904.96 Mobile Safari/537.36" "wpfront-notification-bar-landingpage=1"
2.141.127.215 - - [27/Nov/2019:22:24:15 +0100] "GET /wp-content/plugins/cookie-law-info/public/css/cookie-law-info-public.css?ver=1.7.6 HTTP/1.1" 200 3373 "https://amazingsportwear.com/" "Mozilla/5.0 (Linux; Android 8.0.0; SM-A320FL) AppleWebKit/537.36 (KHTML, like Gecko) Chrome/78.0.3904.96 Mobile Safari/537.36" "wpfront-notification-bar-landingpage=1"
2.141.127.215 - - [27/Nov/2019:22:24:15 +0100] "GET /wp-content/plugins/cookie-law-info/public/css/cookie-law-info-gdpr.css?ver=1.7.6 HTTP/1.1" 200 12583 "https://amazingsportwear.com/" "Mozilla/5.0 (Linux; Android 8.0.0; SM-A320FL) AppleWebKit/537.36 (KHTML, like Gecko) Chrome/78.0.3904.96 Mobile Safari/537.36" "wpfront-notification-bar-landingpage=1"
2.141.127.215 - - [27/Nov/2019:22:24:15 +0100] "GET /wp-content/plugins/wpfront-notification-bar/css/wpfront-notification-bar.css?ver=1.7.1 HTTP/1.1" 200 3801 "https://amazingsportwear.com/" "Mozilla/5.0 (Linux; Android 8.0.0; SM-A320FL) AppleWebKit/537.36 (KHTML, like Gecko) Chrome/78.0.3904.96 Mobile Safari/537.36" "wpfront-notification-bar-landingpage=1"
2.141.127.215 - - [27/Nov/2019:22:24:15 +0100] "GET /wp-content/plugins/simple-social-icons/css/style.css?ver=3.0.1 HTTP/1.1" 200 1562 "https://amazingsportwear.com/" "Mozilla/5.0 (Linux; Android 8.0.0; SM-A320FL) AppleWebKit/537.36 (KHTML, like Gecko) Chrome/78.0.3904.96 Mobile Safari/537.36" "wpfront-notification-bar-landingpage=1"
2.141.127.215 - - [27/Nov/2019:22:24:15 +0100] "GET /wp-content/plugins/elementor/assets/lib/eicons/css/elementor-icons.min.css?ver=4.3.0 HTTP/1.1" 200 11850 "https://amazingsportwear.com/" "Mozilla/5.0 (Linux; Android 8.0.0; SM-A320FL) AppleWebKit/537.36 (KHTML, like Gecko) Chrome/78.0.3904.96 Mobile Safari/537.36" "wpfront-notification-bar-landingpage=1"
2.141.127.215 - - [27/Nov/2019:22:24:15 +0100] "GET /wp-content/plugins/elementor/assets/lib/font-awesome/css/font-awesome.min.css?ver=4.7.0 HTTP/1.1" 200 31365 "https://amazingsportwear.com/" "Mozilla/5.0 (Linux; Android 8.0.0; SM-A320FL) AppleWebKit/537.36 (KHTML, like Gecko) Chrome/78.0.3904.96 Mobile Safari/537.36" "wpfront-notification-bar-landingpage=1"
2.141.127.215 - - [27/Nov/2019:22:24:15 +0100] "GET /wp-content/plugins/elementor/assets/lib/animations/animations.min.css?ver=2.5.16 HTTP/1.1" 200 18833 "https://amazingsportwear.com/" "Mozilla/5.0 (Linux; Android 8.0.0; SM-A320FL) AppleWebKit/537.36 (KHTML, like Gecko) Chrome/78.0.3904.96 Mobile Safari/537.36" "wpfront-notification-bar-landingpage=1"
2.141.127.215 - - [27/Nov/2019:22:24:16 +0100] "GET /wp-content/uploads/elementor/css/global.css?ver=1559638744 HTTP/1.1" 200 5136 "https://amazingsportwear.com/" "Mozilla/5.0 (Linux; Android 8.0.0; SM-A320FL) AppleWebKit/537.36 (KHTML, like Gecko) Chrome/78.0.3904.96 Mobile Safari/537.36" "wpfront-notification-bar-landingpage=1"
2.141.127.215 - - [27/Nov/2019:22:24:16 +0100] "GET /wp-content/uploads/elementor/css/post-16241.css?ver=1562311573 HTTP/1.1" 200 4934 "https://amazingsportwear.com/" "Mozilla/5.0 (Linux; Android 8.0.0; SM-A320FL) AppleWebKit/537.36 (KHTML, like Gecko) Chrome/78.0.3904.96 Mobile Safari/537.36" "wpfront-notification-bar-landingpage=1"
2.141.127.215 - - [27/Nov/2019:22:24:15 +0100] "GET /wp-content/plugins/elementor/assets/css/frontend.min.css?ver=2.5.16 HTTP/1.1" 200 95366 "https://amazingsportwear.com/" "Mozilla/5.0 (Linux; Android 8.0.0; SM-A320FL) AppleWebKit/537.36 (KHTML, like Gecko) Chrome/78.0.3904.96 Mobile Safari/537.36" "wpfront-notification-bar-landingpage=1"
2.141.127.215 - - [27/Nov/2019:22:24:15 +0100] "GET /wp-content/themes/shopper/style.css?ver=1.3.8 HTTP/1.1" 200 125453 "https://amazingsportwear.com/" "Mozilla/5.0 (Linux; Android 8.0.0; SM-A320FL) AppleWebKit/537.36 (KHTML, like Gecko) Chrome/78.0.3904.96 Mobile Safari/537.36" "wpfront-notification-bar-landingpage=1"
2.141.127.215 - - [27/Nov/2019:22:24:16 +0100] "GET /wp-content/plugins/smart-slider-3/library/media/smartslider.min.css?1559118093 HTTP/1.1" 200 19959 "https://amazingsportwear.com/" "Mozilla/5.0 (Linux; Android 8.0.0; SM-A320FL) AppleWebKit/537.36 (KHTML, like Gecko) Chrome/78.0.3904.96 Mobile Safari/537.36" "wpfront-notification-bar-landingpage=1"
2.141.127.215 - - [27/Nov/2019:22:24:16 +0100] "GET /wp-includes/js/jquery/jquery.js?ver=1.12.4-wp HTTP/1.1" 200 97362 "https://amazingsportwear.com/" "Mozilla/5.0 (Linux; Android 8.0.0; SM-A320FL) AppleWebKit/537.36 (KHTML, like Gecko) Chrome/78.0.3904.96 Mobile Safari/537.36" "wpfront-notification-bar-landingpage=1"
2.141.127.215 - - [27/Nov/2019:22:24:16 +0100] "GET /wp-content/themes/shopper/assets/sass/woocommerce/woocommerce.css?ver=5.2.4 HTTP/1.1" 200 83534 "https://amazingsportwear.com/" "Mozilla/5.0 (Linux; Android 8.0.0; SM-A320FL) AppleWebKit/537.36 (KHTML, like Gecko) Chrome/78.0.3904.96 Mobile Safari/537.36" "wpfront-notification-bar-landingpage=1"
2.141.127.215 - - [27/Nov/2019:22:24:16 +0100] "GET /wp-includes/js/jquery/jquery-migrate.min.js?ver=1.4.1 HTTP/1.1" 200 10399 "https://amazingsportwear.com/" "Mozilla/5.0 (Linux; Android 8.0.0; SM-A320FL) AppleWebKit/537.36 (KHTML, like Gecko) Chrome/78.0.3904.96 Mobile Safari/537.36" "wpfront-notification-bar-landingpage=1"
2.141.127.215 - - [27/Nov/2019:22:24:16 +0100] "GET /wp-content/plugins/cookie-law-info/public/js/cookie-law-info-public.js?ver=1.7.6 HTTP/1.1" 200 17076 "https://amazingsportwear.com/" "Mozilla/5.0 (Linux; Android 8.0.0; SM-A320FL) AppleWebKit/537.36 (KHTML, like Gecko) Chrome/78.0.3904.96 Mobile Safari/537.36" "wpfront-notification-bar-landingpage=1"
2.141.127.215 - - [27/Nov/2019:22:24:17 +0100] "GET /wp-content/plugins/wpfront-notification-bar/jquery-plugins/jquery.c.js?ver=1.4.0 HTTP/1.1" 200 3437 "https://amazingsportwear.com/" "Mozilla/5.0 (Linux; Android 8.0.0; SM-A320FL) AppleWebKit/537.36 (KHTML, like Gecko) Chrome/78.0.3904.96 Mobile Safari/537.36" "wpfront-notification-bar-landingpage=1"
2.141.127.215 - - [27/Nov/2019:22:24:17 +0100] "GET /wp-content/plugins/wpfront-notification-bar/js/wpfront-notification-bar.js?ver=1.7.1 HTTP/1.1" 200 5662 "https://amazingsportwear.com/" "Mozilla/5.0 (Linux; Android 8.0.0; SM-A320FL) AppleWebKit/537.36 (KHTML, like Gecko) Chrome/78.0.3904.96 Mobile Safari/537.36" "wpfront-notification-bar-landingpage=1"
2.141.127.215 - - [27/Nov/2019:22:24:17 +0100] "GET /wp-content/plugins/simple-social-icons/svgxuse.js?ver=1.1.21 HTTP/1.1" 200 9580 "https://amazingsportwear.com/" "Mozilla/5.0 (Linux; Android 8.0.0; SM-A320FL) AppleWebKit/537.36 (KHTML, like Gecko) Chrome/78.0.3904.96 Mobile Safari/537.36" "wpfront-notification-bar-landingpage=1"
2.141.127.215 - - [27/Nov/2019:22:24:17 +0100] "GET /wp-content/plugins/smart-slider-3/nextend/media/dist/n2.min.js?1559118093 HTTP/1.1" 200 3836 "https://amazingsportwear.com/" "Mozilla/5.0 (Linux; Android 8.0.0; SM-A320FL) AppleWebKit/537.36 (KHTML, like Gecko) Chrome/78.0.3904.96 Mobile Safari/537.36" "wpfront-notification-bar-landingpage=1"
2.141.127.215 - - [27/Nov/2019:22:24:17 +0100] "GET /wp-content/plugins/smart-slider-3/library/media/dist/smartslider-frontend.min.js?1559118093 HTTP/1.1" 200 127293 "https://amazingsportwear.com/" "Mozilla/5.0 (Linux; Android 8.0.0; SM-A320FL) AppleWebKit/537.36 (KHTML, like Gecko) Chrome/78.0.3904.96 Mobile Safari/537.36" "wpfront-notification-bar-landingpage=1"
2.141.127.215 - - [27/Nov/2019:22:24:17 +0100] "GET /wp-content/plugins/smart-slider-3/library/media/plugins/type/simple/simple/dist/smartslider-simple-type-frontend.min.js?1559118093 HTTP/1.1" 200 18973 "https://amazingsportwear.com/" "Mozilla/5.0 (Linux; Android 8.0.0; SM-A320FL) AppleWebKit/537.36 (KHTML, like Gecko) Chrome/78.0.3904.96 Mobile Safari/537.36" "wpfront-notification-bar-landingpage=1"
2.141.127.215 - - [27/Nov/2019:22:24:17 +0100] "GET /wp-content/themes/shopper/assets/js/crm.js?ver=1561548510 HTTP/1.1" 200 874 "https://amazingsportwear.com/" "Mozilla/5.0 (Linux; Android 8.0.0; SM-A320FL) AppleWebKit/537.36 (KHTML, like Gecko) Chrome/78.0.3904.96 Mobile Safari/537.36" "wpfront-notification-bar-landingpage=1"
2.141.127.215 - - [27/Nov/2019:22:24:17 +0100] "GET /wp-content/plugins/smart-slider-3/nextend/media/dist/nextend-frontend.min.js?1559118093 HTTP/1.1" 200 86339 "https://amazingsportwear.com/" "Mozilla/5.0 (Linux; Android 8.0.0; SM-A320FL) AppleWebKit/537.36 (KHTML, like Gecko) Chrome/78.0.3904.96 Mobile Safari/537.36" "wpfront-notification-bar-landingpage=1"
2.141.127.215 - - [27/Nov/2019:22:24:17 +0100] "GET /wp-content/uploads/2019/05/cropped-asw-white.png HTTP/1.1" 200 7500 "https://amazingsportwear.com/" "Mozilla/5.0 (Linux; Android 8.0.0; SM-A320FL) AppleWebKit/537.36 (KHTML, like Gecko) Chrome/78.0.3904.96 Mobile Safari/537.36" "wpfront-notification-bar-landingpage=1"
2.141.127.215 - - [27/Nov/2019:22:24:17 +0100] "GET /wp-content/plugins/woocommerce/assets/js/jquery-blockui/jquery.blockUI.min.js?ver=2.70 HTTP/1.1" 200 9908 "https://amazingsportwear.com/" "Mozilla/5.0 (Linux; Android 8.0.0; SM-A320FL) AppleWebKit/537.36 (KHTML, like Gecko) Chrome/78.0.3904.96 Mobile Safari/537.36" "wpfront-notification-bar-landingpage=1"
2.141.127.215 - - [27/Nov/2019:22:24:17 +0100] "GET /wp-content/plugins/woocommerce/assets/js/frontend/add-to-cart.min.js?ver=3.6.4 HTTP/1.1" 200 2983 "https://amazingsportwear.com/" "Mozilla/5.0 (Linux; Android 8.0.0; SM-A320FL) AppleWebKit/537.36 (KHTML, like Gecko) Chrome/78.0.3904.96 Mobile Safari/537.36" "wpfront-notification-bar-landingpage=1"
2.141.127.215 - - [27/Nov/2019:22:24:18 +0100] "GET /wp-content/plugins/woocommerce/assets/js/frontend/cart-fragments.min.js?ver=3.6.4 HTTP/1.1" 200 3281 "https://amazingsportwear.com/" "Mozilla/5.0 (Linux; Android 8.0.0; SM-A320FL) AppleWebKit/537.36 (KHTML, like Gecko) Chrome/78.0.3904.96 Mobile Safari/537.36" "wpfront-notification-bar-landingpage=1"
2.141.127.215 - - [27/Nov/2019:22:24:18 +0100] "GET /wp-content/plugins/woocommerce/assets/js/frontend/woocommerce.min.js?ver=3.6.4 HTTP/1.1" 200 1813 "https://amazingsportwear.com/" "Mozilla/5.0 (Linux; Android 8.0.0; SM-A320FL) AppleWebKit/537.36 (KHTML, like Gecko) Chrome/78.0.3904.96 Mobile Safari/537.36" "wpfront-notification-bar-landingpage=1"
2.141.127.215 - - [27/Nov/2019:22:24:18 +0100] "GET /wp-content/plugins/woocommerce/assets/js/js-cookie/js.cookie.min.js?ver=2.1.4 HTTP/1.1" 200 2187 "https://amazingsportwear.com/" "Mozilla/5.0 (Linux; Android 8.0.0; SM-A320FL) AppleWebKit/537.36 (KHTML, like Gecko) Chrome/78.0.3904.96 Mobile Safari/537.36" "wpfront-notification-bar-landingpage=1"
2.141.127.215 - - [27/Nov/2019:22:24:18 +0100] "GET /wp-content/themes/shopper/assets/js/skip-link-focus-fix.js?ver=1.3.8 HTTP/1.1" 200 1023 "https://amazingsportwear.com/" "Mozilla/5.0 (Linux; Android 8.0.0; SM-A320FL) AppleWebKit/537.36 (KHTML, like Gecko) Chrome/78.0.3904.96 Mobile Safari/537.36" "wpfront-notification-bar-landingpage=1"
2.141.127.215 - - [27/Nov/2019:22:24:18 +0100] "GET /wp-content/themes/shopper/assets/js/shopper.min.js?ver=1.3.8 HTTP/1.1" 200 5994 "https://amazingsportwear.com/" "Mozilla/5.0 (Linux; Android 8.0.0; SM-A320FL) AppleWebKit/537.36 (KHTML, like Gecko) Chrome/78.0.3904.96 Mobile Safari/537.36" "wpfront-notification-bar-landingpage=1"
2.141.127.215 - - [27/Nov/2019:22:24:18 +0100] "GET /wp-content/themes/shopper/assets/js/woocommerce/header-cart.min.js?ver=1.3.8 HTTP/1.1" 200 972 "https://amazingsportwear.com/" "Mozilla/5.0 (Linux; Android 8.0.0; SM-A320FL) AppleWebKit/537.36 (KHTML, like Gecko) Chrome/78.0.3904.96 Mobile Safari/537.36" "wpfront-notification-bar-landingpage=1"
2.141.127.215 - - [27/Nov/2019:22:24:18 +0100] "GET /wp-includes/js/wp-embed.min.js?ver=5.2.4 HTTP/1.1" 200 1744 "https://amazingsportwear.com/" "Mozilla/5.0 (Linux; Android 8.0.0; SM-A320FL) AppleWebKit/537.36 (KHTML, like Gecko) Chrome/78.0.3904.96 Mobile Safari/537.36" "wpfront-notification-bar-landingpage=1"
2.141.127.215 - - [27/Nov/2019:22:24:18 +0100] "GET /wp-content/plugins/elementor/assets/js/frontend-modules.min.js?ver=2.5.16 HTTP/1.1" 200 11486 "https://amazingsportwear.com/" "Mozilla/5.0 (Linux; Android 8.0.0; SM-A320FL) AppleWebKit/537.36 (KHTML, like Gecko) Chrome/78.0.3904.96 Mobile Safari/537.36" "wpfront-notification-bar-landingpage=1"
2.141.127.215 - - [27/Nov/2019:22:24:18 +0100] "GET /wp-content/plugins/elementor/assets/lib/slick/slick.min.js?ver=1.8.1 HTTP/1.1" 200 43264 "https://amazingsportwear.com/" "Mozilla/5.0 (Linux; Android 8.0.0; SM-A320FL) AppleWebKit/537.36 (KHTML, like Gecko) Chrome/78.0.3904.96 Mobile Safari/537.36" "wpfront-notification-bar-landingpage=1"
2.141.127.215 - - [27/Nov/2019:22:24:18 +0100] "GET /wp-content/plugins/elementor/assets/lib/dialog/dialog.min.js?ver=4.7.1 HTTP/1.1" 200 10911 "https://amazingsportwear.com/" "Mozilla/5.0 (Linux; Android 8.0.0; SM-A320FL) AppleWebKit/537.36 (KHTML, like Gecko) Chrome/78.0.3904.96 Mobile Safari/537.36" "wpfront-notification-bar-landingpage=1"
2.141.127.215 - - [27/Nov/2019:22:24:18 +0100] "GET /wp-includes/js/jquery/ui/position.min.js?ver=1.11.4 HTTP/1.1" 200 6869 "https://amazingsportwear.com/" "Mozilla/5.0 (Linux; Android 8.0.0; SM-A320FL) AppleWebKit/537.36 (KHTML, like Gecko) Chrome/78.0.3904.96 Mobile Safari/537.36" "wpfront-notification-bar-landingpage=1"
2.141.127.215 - - [27/Nov/2019:22:24:18 +0100] "GET /wp-content/plugins/elementor/assets/lib/waypoints/waypoints.min.js?ver=4.0.2 HTTP/1.1" 200 12541 "https://amazingsportwear.com/" "Mozilla/5.0 (Linux; Android 8.0.0; SM-A320FL) AppleWebKit/537.36 (KHTML, like Gecko) Chrome/78.0.3904.96 Mobile Safari/537.36" "wpfront-notification-bar-landingpage=1"
2.141.127.215 - - [27/Nov/2019:22:24:18 +0100] "GET /wp-content/plugins/elementor/assets/lib/font-awesome/fonts/fontawesome-webfont.woff2?v=4.7.0 HTTP/1.1" 200 77615 "https://amazingsportwear.com/wp-content/plugins/elementor/assets/lib/font-awesome/css/font-awesome.min.css?ver=4.7.0" "Mozilla/5.0 (Linux; Android 8.0.0; SM-A320FL) AppleWebKit/537.36 (KHTML, like Gecko) Chrome/78.0.3904.96 Mobile Safari/537.36" "wpfront-notification-bar-landingpage=1"
2.141.127.215 - - [27/Nov/2019:22:24:18 +0100] "GET /wp-content/plugins/elementor/assets/js/frontend.min.js?ver=2.5.16 HTTP/1.1" 200 41341 "https://amazingsportwear.com/" "Mozilla/5.0 (Linux; Android 8.0.0; SM-A320FL) AppleWebKit/537.36 (KHTML, like Gecko) Chrome/78.0.3904.96 Mobile Safari/537.36" "wpfront-notification-bar-landingpage=1"
2.141.127.215 - - [27/Nov/2019:22:24:18 +0100] "GET /wp-content/plugins/elementor/assets/lib/swiper/swiper.min.js?ver=4.4.6 HTTP/1.1" 200 126126 "https://amazingsportwear.com/" "Mozilla/5.0 (Linux; Android 8.0.0; SM-A320FL) AppleWebKit/537.36 (KHTML, like Gecko) Chrome/78.0.3904.96 Mobile Safari/537.36" "wpfront-notification-bar-landingpage=1"
2.141.127.215 - - [27/Nov/2019:22:24:18 +0100] "GET /wp-includes/js/jquery/ui/core.min.js?ver=1.11.4 HTTP/1.1" 200 4341 "https://amazingsportwear.com/" "Mozilla/5.0 (Linux; Android 8.0.0; SM-A320FL) AppleWebKit/537.36 (KHTML, like Gecko) Chrome/78.0.3904.96 Mobile Safari/537.36" "wpfront-notification-bar-landingpage=1"
2.141.127.215 - - [27/Nov/2019:22:24:18 +0100] "GET /wp-content/plugins/si-contact-form/includes/fscf-scripts.js?ver=179 HTTP/1.1" 200 1033 "https://amazingsportwear.com/" "Mozilla/5.0 (Linux; Android 8.0.0; SM-A320FL) AppleWebKit/537.36 (KHTML, like Gecko) Chrome/78.0.3904.96 Mobile Safari/537.36" "wpfront-notification-bar-landingpage=1"
2.141.127.215 - - [27/Nov/2019:22:24:18 +0100] "GET /wp-includes/js/wp-emoji-release.min.js?ver=5.2.4 HTTP/1.1" 200 14183 "https://amazingsportwear.com/" "Mozilla/5.0 (Linux; Android 8.0.0; SM-A320FL) AppleWebKit/537.36 (KHTML, like Gecko) Chrome/78.0.3904.96 Mobile Safari/537.36" "wpfront-notification-bar-landingpage=1"
