217.76.130.90 - - [14/Dec/2019:00:11:48 +0100] "POST /wp-cron.php?doing_wp_cron=1576278708.6233849525451660156250 HTTP/1.1" 200 3389 "https://amazingsportwear.com/wp-cron.php?doing_wp_cron=1576278708.6233849525451660156250" "WordPress/5.2.5; https://amazingsportwear.com" "-"
66.249.64.146 - - [14/Dec/2019:00:11:46 +0100] "GET /producto/camiseta-tecnica-avus-sa-6658/ HTTP/1.1" 200 97134 "-" "Mozilla/5.0 (Linux; Android 6.0.1; Nexus 5X Build/MMB29P) AppleWebKit/537.36 (KHTML, like Gecko) Chrome/41.0.2272.96 Mobile Safari/537.36 (compatible; Googlebot/2.1; +http://www.google.com/bot.html)" "-"
217.76.130.90 - - [14/Dec/2019:00:14:28 +0100] "POST /wp-cron.php?doing_wp_cron=1576278868.7023909091949462890625 HTTP/1.1" 200 3389 "https://amazingsportwear.com/wp-cron.php?doing_wp_cron=1576278868.7023909091949462890625" "WordPress/5.2.5; https://amazingsportwear.com" "-"
66.249.64.148 - - [14/Dec/2019:00:14:28 +0100] "GET /producto/braga-cuello-motocross/ HTTP/1.1" 200 97079 "-" "Mozilla/5.0 (Linux; Android 6.0.1; Nexus 5X Build/MMB29P) AppleWebKit/537.36 (KHTML, like Gecko) Chrome/41.0.2272.96 Mobile Safari/537.36 (compatible; Googlebot/2.1; +http://www.google.com/bot.html)" "-"
217.76.130.90 - - [14/Dec/2019:00:29:04 +0100] "POST /wp-cron.php?doing_wp_cron=1576279744.4540519714355468750000 HTTP/1.1" 200 164 "http://amazingsportwear.com/wp-cron.php?doing_wp_cron=1576279744.4540519714355468750000" "WordPress/5.2.5; https://amazingsportwear.com" "-"
173.252.127.20 - - [14/Dec/2019:00:29:03 +0100] "GET /233-large_default/camiseta-hombreras-atletismo.jpg HTTP/1.1" 404 68126 "-" "facebookexternalhit/1.1 (+http://www.facebook.com/externalhit_uatext.php)" "-"
173.252.95.23 - - [14/Dec/2019:00:29:06 +0100] "GET /233-large_default/camiseta-hombreras-atletismo.jpg HTTP/1.1" 404 68076 "-" "facebookexternalhit/1.1 (+http://www.facebook.com/externalhit_uatext.php)" "-"
173.252.95.44 - - [14/Dec/2019:00:29:07 +0100] "GET /146-large_default/polo-manga-corta-tenis-padel.jpg HTTP/1.1" 404 68096 "-" "facebookexternalhit/1.1 (+http://www.facebook.com/externalhit_uatext.php)" "-"
31.13.115.21 - - [14/Dec/2019:00:29:08 +0100] "GET /146-large_default/polo-manga-corta-tenis-padel.jpg HTTP/1.1" 404 68111 "-" "facebookexternalhit/1.1 (+http://www.facebook.com/externalhit_uatext.php)" "-"
69.171.251.31 - - [14/Dec/2019:00:29:09 +0100] "GET /146-large_default/polo-manga-corta-tenis-padel.jpg HTTP/1.1" 404 68111 "-" "facebookexternalhit/1.1 (+http://www.facebook.com/externalhit_uatext.php)" "-"
217.76.130.90 - - [14/Dec/2019:00:49:36 +0100] "POST /wp-cron.php?doing_wp_cron=1576280976.6549239158630371093750 HTTP/1.1" 200 3389 "https://amazingsportwear.com/wp-cron.php?doing_wp_cron=1576280976.6549239158630371093750" "WordPress/5.2.5; https://amazingsportwear.com" "-"
119.186.18.106 - - [14/Dec/2019:00:49:33 +0100] "GET /etiqueta-producto/camiseta-con-ribete HTTP/1.1" 301 3561 "-" "Mozilla/5.0(Linux;Android 5.1.1;OPPO A33 Build/LMY47V;wv) AppleWebKit/537.36(KHTML,link Gecko) Version/4.0 Chrome/43.0.2357.121 Mobile Safari/537.36 LieBaoFast/4.51.3" "-"
202.100.177.118 - - [14/Dec/2019:00:49:37 +0100] "GET /categoria-producto/xxl/page/3 HTTP/1.1" 301 3553 "-" "Mozilla/5.0(Linux;Android 5.1.1;OPPO A33 Build/LMY47V;wv) AppleWebKit/537.36(KHTML,link Gecko) Version/4.0 Chrome/42.0.2311.138 Mobile Safari/537.36 Mb2345Browser/9.0" "-"
202.100.177.118 - - [14/Dec/2019:00:50:01 +0100] "GET /categoria-producto/xxl/page/3/ HTTP/1.1" 200 76947 "-" "Mozilla/5.0(Linux;Android 5.1.1;OPPO A33 Build/LMY47V;wv) AppleWebKit/537.36(KHTML,link Gecko) Version/4.0 Chrome/42.0.2311.138 Mobile Safari/537.36 Mb2345Browser/9.0" "wpfront-notification-bar-landingpage=1"
217.76.130.90 - - [14/Dec/2019:00:50:14 +0100] "POST /wp-cron.php?doing_wp_cron=1576281014.0905950069427490234375 HTTP/1.1" 200 3389 "https://amazingsportwear.com/wp-cron.php?doing_wp_cron=1576281014.0905950069427490234375" "WordPress/5.2.5; https://amazingsportwear.com" "-"
119.186.18.106 - - [14/Dec/2019:00:50:13 +0100] "GET /etiqueta-producto/camiseta-con-ribete/ HTTP/1.1" 200 54058 "-" "Mozilla/5.0(Linux;Android 5.1.1;OPPO A33 Build/LMY47V;wv) AppleWebKit/537.36(KHTML,link Gecko) Version/4.0 Chrome/43.0.2357.121 Mobile Safari/537.36 LieBaoFast/4.51.3" "wpfront-notification-bar-landingpage=1"
217.76.130.90 - - [14/Dec/2019:00:58:06 +0100] "POST /wp-cron.php?doing_wp_cron=1576281486.7019031047821044921875 HTTP/1.1" 200 3389 "https://amazingsportwear.com/wp-cron.php?doing_wp_cron=1576281486.7019031047821044921875" "WordPress/5.2.5; https://amazingsportwear.com" "-"
66.249.64.144 - - [14/Dec/2019:00:58:06 +0100] "GET /producto/carpa-personalizada-modelo-3x3/ HTTP/1.1" 200 101484 "-" "Mozilla/5.0 (Linux; Android 6.0.1; Nexus 5X Build/MMB29P) AppleWebKit/537.36 (KHTML, like Gecko) Chrome/41.0.2272.96 Mobile Safari/537.36 (compatible; Googlebot/2.1; +http://www.google.com/bot.html)" "-"
217.76.130.90 - - [14/Dec/2019:00:59:20 +0100] "POST /wp-cron.php?doing_wp_cron=1576281560.7307639122009277343750 HTTP/1.1" 200 164 "http://amazingsportwear.com/wp-cron.php?doing_wp_cron=1576281560.7307639122009277343750" "WordPress/5.2.5; https://amazingsportwear.com" "-"
207.46.13.33 - - [14/Dec/2019:00:59:20 +0100] "GET /tienda/105-camiseta-tecnica-bandera-cat-3581.html HTTP/1.1" 404 68079 "-" "Mozilla/5.0 (iPhone; CPU iPhone OS 7_0 like Mac OS X) AppleWebKit/537.51.1 (KHTML, like Gecko) Version/7.0 Mobile/11A465 Safari/9537.53 (compatible; bingbot/2.0; +http://www.bing.com/bingbot.htm)" "-"
207.46.13.33 - - [14/Dec/2019:00:59:23 +0100] "GET /producto/camiseta-tecnica-tirantes-speed-aq-speed/ HTTP/1.1" 200 103516 "-" "Mozilla/5.0 (compatible; bingbot/2.0; +http://www.bing.com/bingbot.htm)" "-"
81.184.206.149 - - [14/Dec/2019:01:02:24 +0100] "GET /wp-content/uploads/2019/04/VA-ACE-2.png HTTP/1.1" 200 89004 "https://www.google.es/" "Mozilla/5.0 (Windows NT 10.0; Win64; x64) AppleWebKit/537.36 (KHTML, like Gecko) Chrome/70.0.3538.110 Safari/537.36" "-"
217.76.130.90 - - [14/Dec/2019:01:06:13 +0100] "POST /wp-cron.php?doing_wp_cron=1576281973.4851450920104980468750 HTTP/1.1" 200 3389 "https://amazingsportwear.com/wp-cron.php?doing_wp_cron=1576281973.4851450920104980468750" "WordPress/5.2.5; https://amazingsportwear.com" "-"
66.249.64.144 - - [14/Dec/2019:01:06:12 +0100] "GET /producto/gorra-dowan/ HTTP/1.1" 200 94525 "-" "Mozilla/5.0 (Linux; Android 6.0.1; Nexus 5X Build/MMB29P) AppleWebKit/537.36 (KHTML, like Gecko) Chrome/41.0.2272.96 Mobile Safari/537.36 (compatible; Googlebot/2.1; +http://www.google.com/bot.html)" "-"
66.249.64.144 - - [14/Dec/2019:01:06:38 +0100] "POST /?wc-ajax=get_refreshed_fragments HTTP/1.1" 200 4760 "https://amazingsportwear.com/producto/gorra-dowan/" "Mozilla/5.0 (Linux; Android 6.0.1; Nexus 5X Build/MMB29P) AppleWebKit/537.36 (KHTML, like Gecko) Chrome/41.0.2272.96 Mobile Safari/537.36 (compatible; Googlebot/2.1; +http://www.google.com/bot.html)" "_ga=GA1.2.969013651.1576281600; _gid=GA1.2.1978218920.1576281600; _gat_gtag_UA_91619287_1=1"
157.55.39.173 - - [14/Dec/2019:01:23:50 +0100] "GET /wp-content/uploads/2019/04/bidon-match-1.png HTTP/1.1" 200 95988 "-" "Mozilla/5.0 (compatible; bingbot/2.0; +http://www.bing.com/bingbot.htm)" "-"
122.137.55.170 - - [14/Dec/2019:01:24:22 +0100] "GET /wp-content/uploads/2019/04/mochila-8000-2.png HTTP/1.1" 200 146692 "-" "Mozilla/5.0(Linux;Android 5.1.1;OPPO A33 Build/LMY47V;wv) AppleWebKit/537.36(KHTML,link Gecko) Version/4.0 Chrome/43.0.2357.121 Mobile Safari/537.36 LieBaoFast/4.51.3" "-"
114.217.217.195 - - [14/Dec/2019:01:24:38 +0100] "GET /wp-content/uploads/2017/04/chaleco-sublimado-pecho.png HTTP/1.1" 200 60207 "-" "Mozilla/5.0(Linux;U;Android 5.1.1;zh-CN;OPPO A33 Build/LMY47V) AppleWebKit/537.36(KHTML,like Gecko) Version/4.0 Chrome/40.0.2214.89 UCBrowser/11.7.0.953 Mobile Safari/537.36" "-"
113.138.142.143 - - [14/Dec/2019:01:25:46 +0100] "GET /wp-content/uploads/2017/03/aq-titan-joven-300x300.jpg HTTP/1.1" 200 70942 "-" "Mozilla/5.0 (Linux; Android 7.0; FRD-AL00 Build/HUAWEIFRD-AL00; wv) AppleWebKit/537.36 (KHTML, like Gecko) Version/4.0 Chrome/53.0.2785.49 Mobile MQQBrowser/6.2 TBS/043602 Safari/537.36 MicroMessenger/6.5.16.1120 NetType/WIFI Language/zh_CN" "-"
217.76.130.90 - - [14/Dec/2019:01:25:59 +0100] "POST /wp-cron.php?doing_wp_cron=1576283159.6244909763336181640625 HTTP/1.1" 200 3389 "https://amazingsportwear.com/wp-cron.php?doing_wp_cron=1576283159.6244909763336181640625" "WordPress/5.2.5; https://amazingsportwear.com" "-"
113.64.140.167 - - [14/Dec/2019:01:25:57 +0100] "GET /categoria-producto/xxl/page/9 HTTP/1.1" 301 3553 "-" "Mozilla/5.0(Linux;Android 5.1.1;OPPO A33 Build/LMY47V;wv) AppleWebKit/537.36(KHTML,link Gecko) Version/4.0 Chrome/43.0.2357.121 Mobile Safari/537.36 LieBaoFast/4.51.3" "-"
217.76.130.90 - - [14/Dec/2019:01:26:23 +0100] "POST /wp-cron.php?doing_wp_cron=1576283183.6563270092010498046875 HTTP/1.1" 200 3389 "https://amazingsportwear.com/wp-cron.php?doing_wp_cron=1576283183.6563270092010498046875" "WordPress/5.2.5; https://amazingsportwear.com" "-"
66.249.64.146 - - [14/Dec/2019:01:26:23 +0100] "GET /producto/gorra-sport/ HTTP/1.1" 200 102220 "-" "Mozilla/5.0 (Linux; Android 6.0.1; Nexus 5X Build/MMB29P) AppleWebKit/537.36 (KHTML, like Gecko) Chrome/41.0.2272.96 Mobile Safari/537.36 (compatible; Googlebot/2.1; +http://www.google.com/bot.html)" "-"
66.249.64.144 - - [14/Dec/2019:01:26:31 +0100] "POST /?wc-ajax=get_refreshed_fragments HTTP/1.1" 200 4760 "https://amazingsportwear.com/producto/gorra-sport/" "Mozilla/5.0 (Linux; Android 6.0.1; Nexus 5X Build/MMB29P) AppleWebKit/537.36 (KHTML, like Gecko) Chrome/41.0.2272.96 Mobile Safari/537.36 (compatible; Googlebot/2.1; +http://www.google.com/bot.html)" "_ga=GA1.2.969013651.1576281600; _gid=GA1.2.1978218920.1576281600; _gat_gtag_UA_91619287_1=1"
217.76.130.90 - - [14/Dec/2019:01:27:06 +0100] "POST /wp-cron.php?doing_wp_cron=1576283226.0588610172271728515625 HTTP/1.1" 200 3389 "https://amazingsportwear.com/wp-cron.php?doing_wp_cron=1576283226.0588610172271728515625" "WordPress/5.2.5; https://amazingsportwear.com" "-"
113.64.140.167 - - [14/Dec/2019:01:27:05 +0100] "GET /categoria-producto/xxl/page/9/ HTTP/1.1" 200 65269 "-" "Mozilla/5.0(Linux;Android 5.1.1;OPPO A33 Build/LMY47V;wv) AppleWebKit/537.36(KHTML,link Gecko) Version/4.0 Chrome/43.0.2357.121 Mobile Safari/537.36 LieBaoFast/4.51.3" "wpfront-notification-bar-landingpage=1"
217.76.130.90 - - [14/Dec/2019:01:33:10 +0100] "POST /wp-cron.php?doing_wp_cron=1576283590.4875800609588623046875 HTTP/1.1" 200 3389 "https://amazingsportwear.com/wp-cron.php?doing_wp_cron=1576283590.4875800609588623046875" "WordPress/5.2.5; https://amazingsportwear.com" "-"
66.249.64.144 - - [14/Dec/2019:01:33:09 +0100] "GET /producto/gorra-sport/ HTTP/1.1" 200 102166 "-" "Mozilla/5.0 (compatible; Googlebot/2.1; +http://www.google.com/bot.html)" "-"
66.249.64.146 - - [14/Dec/2019:01:33:16 +0100] "POST /?wc-ajax=get_refreshed_fragments HTTP/1.1" 200 4760 "https://amazingsportwear.com/producto/gorra-sport/" "Mozilla/5.0 AppleWebKit/537.36 (KHTML, like Gecko; compatible; Googlebot/2.1; +http://www.google.com/bot.html) Safari/537.36" "_ga=GA1.2.931330593.1576281600; _gid=GA1.2.2074753562.1576281600; _gat_gtag_UA_91619287_1=1"
217.76.130.90 - - [14/Dec/2019:01:42:13 +0100] "POST /wp-cron.php?doing_wp_cron=1576284133.1253559589385986328125 HTTP/1.1" 200 164 "http://amazingsportwear.com/wp-cron.php?doing_wp_cron=1576284133.1253559589385986328125" "WordPress/5.2.5; https://amazingsportwear.com" "-"
198.27.69.176 - - [14/Dec/2019:01:42:11 +0100] "GET / HTTP/1.1" 301 298 "-" "Mozilla/5.0 (Windows NT 6.1; Win64; x64; rv:64.0) Gecko/20100101 Firefox/64.0" "-"
198.27.69.176 - - [14/Dec/2019:01:42:13 +0100] "GET / HTTP/1.1" 200 125559 "http://amazingsportwear.com" "Mozilla/5.0 (Windows NT 6.1; Win64; x64; rv:64.0) Gecko/20100101 Firefox/64.0" "-"
198.27.69.176 - - [14/Dec/2019:01:42:20 +0100] "GET /searchreplacedb2.php HTTP/1.1" 404 68017 "-" "Mozilla/5.0 (Windows NT 6.1; Win64; x64; rv:64.0) Gecko/20100101 Firefox/64.0" "-"
217.76.130.90 - - [14/Dec/2019:01:52:12 +0100] "POST /wp-cron.php?doing_wp_cron=1576284732.9073040485382080078125 HTTP/1.1" 200 3389 "https://amazingsportwear.com/wp-cron.php?doing_wp_cron=1576284732.9073040485382080078125" "WordPress/5.2.5; https://amazingsportwear.com" "-"
66.249.64.144 - - [14/Dec/2019:01:52:12 +0100] "GET /producto/gorra-lorenz/ HTTP/1.1" 200 94667 "-" "Mozilla/5.0 (Linux; Android 6.0.1; Nexus 5X Build/MMB29P) AppleWebKit/537.36 (KHTML, like Gecko) Chrome/41.0.2272.96 Mobile Safari/537.36 (compatible; Googlebot/2.1; +http://www.google.com/bot.html)" "-"
66.249.64.146 - - [14/Dec/2019:01:52:25 +0100] "POST /?wc-ajax=get_refreshed_fragments HTTP/1.1" 200 4760 "https://amazingsportwear.com/producto/gorra-lorenz/" "Mozilla/5.0 (Linux; Android 6.0.1; Nexus 5X Build/MMB29P) AppleWebKit/537.36 (KHTML, like Gecko) Chrome/41.0.2272.96 Mobile Safari/537.36 (compatible; Googlebot/2.1; +http://www.google.com/bot.html)" "_ga=GA1.2.969013651.1576281600; _gid=GA1.2.1978218920.1576281600; _gat_gtag_UA_91619287_1=1"
159.65.162.186 - - [14/Dec/2019:01:52:51 +0100] "GET /wp-load.php?up2018info=true HTTP/1.1" 200 216 "amazingsportwear.com" "Mozilla/5.1 (Windows NT 6.0; WOW64) AppleWebKit/537.37 (KHTML, like Gecko) Chrome/58.0.1145.75 Safari/537.37" "-"
157.55.39.174 - - [14/Dec/2019:01:54:44 +0100] "GET /wp-content/uploads/2019/04/bidon-camiseta-zablex-1.png HTTP/1.1" 200 106216 "-" "Mozilla/5.0 (compatible; bingbot/2.0; +http://www.bing.com/bingbot.htm)" "-"
217.76.130.90 - - [14/Dec/2019:02:14:28 +0100] "POST /wp-cron.php?doing_wp_cron=1576286068.1197071075439453125000 HTTP/1.1" 200 3389 "https://amazingsportwear.com/wp-cron.php?doing_wp_cron=1576286068.1197071075439453125000" "WordPress/5.2.5; https://amazingsportwear.com" "-"
66.249.64.144 - - [14/Dec/2019:02:14:24 +0100] "GET /producto/camiseta-portero-futbol-manga-larga/ HTTP/1.1" 200 92236 "-" "Mozilla/5.0 (Linux; Android 6.0.1; Nexus 5X Build/MMB29P) AppleWebKit/537.36 (KHTML, like Gecko) Chrome/41.0.2272.96 Mobile Safari/537.36 (compatible; Googlebot/2.1; +http://www.google.com/bot.html)" "-"
217.76.130.90 - - [14/Dec/2019:02:32:22 +0100] "POST /wp-cron.php?doing_wp_cron=1576287142.5552580356597900390625 HTTP/1.1" 200 3389 "https://amazingsportwear.com/wp-cron.php?doing_wp_cron=1576287142.5552580356597900390625" "WordPress/5.2.5; https://amazingsportwear.com" "-"
66.249.64.148 - - [14/Dec/2019:02:32:21 +0100] "GET /producto/gorra-lorenz/ HTTP/1.1" 200 95113 "-" "Mozilla/5.0 (compatible; Googlebot/2.1; +http://www.google.com/bot.html)" "-"
66.249.64.146 - - [14/Dec/2019:02:32:27 +0100] "POST /?wc-ajax=get_refreshed_fragments HTTP/1.1" 200 4760 "https://amazingsportwear.com/producto/gorra-lorenz/" "Mozilla/5.0 AppleWebKit/537.36 (KHTML, like Gecko; compatible; Googlebot/2.1; +http://www.google.com/bot.html) Safari/537.36" "_ga=GA1.2.931330593.1576281600; _gid=GA1.2.2074753562.1576281600; _gat_gtag_UA_91619287_1=1"
217.76.130.90 - - [14/Dec/2019:02:35:31 +0100] "POST /wp-cron.php?doing_wp_cron=1576287331.6779661178588867187500 HTTP/1.1" 200 3389 "https://amazingsportwear.com/wp-cron.php?doing_wp_cron=1576287331.6779661178588867187500" "WordPress/5.2.5; https://amazingsportwear.com" "-"
66.249.64.144 - - [14/Dec/2019:02:35:31 +0100] "GET /producto/camiseta-tecnica-dinamic-combi/ HTTP/1.1" 200 103719 "-" "Mozilla/5.0 (Linux; Android 6.0.1; Nexus 5X Build/MMB29P) AppleWebKit/537.36 (KHTML, like Gecko) Chrome/41.0.2272.96 Mobile Safari/537.36 (compatible; Googlebot/2.1; +http://www.google.com/bot.html)" "-"
217.76.130.90 - - [14/Dec/2019:02:37:22 +0100] "POST /wp-cron.php?doing_wp_cron=1576287442.4512240886688232421875 HTTP/1.1" 200 3389 "https://amazingsportwear.com/wp-cron.php?doing_wp_cron=1576287442.4512240886688232421875" "WordPress/5.2.5; https://amazingsportwear.com" "-"
207.46.13.33 - - [14/Dec/2019:02:37:21 +0100] "GET / HTTP/1.1" 200 125778 "-" "Mozilla/5.0 (compatible; bingbot/2.0; +http://www.bing.com/bingbot.htm)" "-"
40.77.190.176 - - [14/Dec/2019:02:37:25 +0100] "GET /wp-content/plugins/woocommerce/assets/css/blocks/style.css?ver=3.6.4 HTTP/1.1" 200 9813 "https://amazingsportwear.com/" "Mozilla/5.0 (Windows NT 6.1; WOW64) AppleWebKit/534+ (KHTML, like Gecko) BingPreview/1.0b" "appier_tp=1"
40.77.190.176 - - [14/Dec/2019:02:37:25 +0100] "GET /wp-includes/css/dist/block-library/style.min.css?ver=5.2.5 HTTP/1.1" 200 32776 "https://amazingsportwear.com/" "Mozilla/5.0 (Windows NT 6.1; WOW64) AppleWebKit/534+ (KHTML, like Gecko) BingPreview/1.0b" "appier_tp=1"
40.77.190.176 - - [14/Dec/2019:02:37:25 +0100] "GET /wp-content/plugins/elementor/assets/lib/eicons/css/elementor-icons.min.css?ver=4.3.0 HTTP/1.1" 200 14966 "https://amazingsportwear.com/" "Mozilla/5.0 (Windows NT 6.1; WOW64) AppleWebKit/534+ (KHTML, like Gecko) BingPreview/1.0b" "appier_tp=1"
40.77.190.176 - - [14/Dec/2019:02:37:25 +0100] "GET /wp-content/plugins/elementor/assets/lib/font-awesome/css/font-awesome.min.css?ver=4.7.0 HTTP/1.1" 200 34481 "https://amazingsportwear.com/" "Mozilla/5.0 (Windows NT 6.1; WOW64) AppleWebKit/534+ (KHTML, like Gecko) BingPreview/1.0b" "appier_tp=1"
40.77.190.176 - - [14/Dec/2019:02:37:25 +0100] "GET /wp-content/plugins/elementor/assets/lib/animations/animations.min.css?ver=2.5.16 HTTP/1.1" 200 18777 "https://amazingsportwear.com/" "Mozilla/5.0 (Windows NT 6.1; WOW64) AppleWebKit/534+ (KHTML, like Gecko) BingPreview/1.0b" "appier_tp=1"
40.77.190.176 - - [14/Dec/2019:02:37:26 +0100] "GET /wp-content/plugins/elementor/assets/css/frontend.min.css?ver=2.5.16 HTTP/1.1" 200 95310 "https://amazingsportwear.com/" "Mozilla/5.0 (Windows NT 6.1; WOW64) AppleWebKit/534+ (KHTML, like Gecko) BingPreview/1.0b" "appier_tp=1"
40.77.190.176 - - [14/Dec/2019:02:37:26 +0100] "GET /wp-content/uploads/elementor/css/global.css?ver=1559638744 HTTP/1.1" 200 5080 "https://amazingsportwear.com/" "Mozilla/5.0 (Windows NT 6.1; WOW64) AppleWebKit/534+ (KHTML, like Gecko) BingPreview/1.0b" "appier_tp=1"
40.77.190.176 - - [14/Dec/2019:02:37:26 +0100] "GET /wp-content/uploads/elementor/css/post-16241.css?ver=1562311573 HTTP/1.1" 200 4878 "https://amazingsportwear.com/" "Mozilla/5.0 (Windows NT 6.1; WOW64) AppleWebKit/534+ (KHTML, like Gecko) BingPreview/1.0b" "appier_tp=1"
40.77.190.176 - - [14/Dec/2019:02:37:26 +0100] "GET /wp-content/themes/shopper/assets/sass/woocommerce/woocommerce.css?ver=5.2.5 HTTP/1.1" 200 83478 "https://amazingsportwear.com/" "Mozilla/5.0 (Windows NT 6.1; WOW64) AppleWebKit/534+ (KHTML, like Gecko) BingPreview/1.0b" "appier_tp=1"
40.77.190.176 - - [14/Dec/2019:02:37:26 +0100] "GET /wp-content/plugins/smart-slider-3/library/media/smartslider.min.css?1559118093 HTTP/1.1" 200 19903 "https://amazingsportwear.com/" "Mozilla/5.0 (Windows NT 6.1; WOW64) AppleWebKit/534+ (KHTML, like Gecko) BingPreview/1.0b" "appier_tp=1"
40.77.190.176 - - [14/Dec/2019:02:37:26 +0100] "GET /wp-includes/js/jquery/jquery.js?ver=1.12.4-wp HTTP/1.1" 200 97306 "https://amazingsportwear.com/" "Mozilla/5.0 (Windows NT 6.1; WOW64) AppleWebKit/534+ (KHTML, like Gecko) BingPreview/1.0b" "appier_tp=1"
40.77.190.176 - - [14/Dec/2019:02:37:27 +0100] "GET /wp-includes/js/jquery/jquery-migrate.min.js?ver=1.4.1 HTTP/1.1" 200 10343 "https://amazingsportwear.com/" "Mozilla/5.0 (Windows NT 6.1; WOW64) AppleWebKit/534+ (KHTML, like Gecko) BingPreview/1.0b" "appier_tp=1"
40.77.190.176 - - [14/Dec/2019:02:37:27 +0100] "GET /wp-content/plugins/cookie-law-info/public/js/cookie-law-info-public.js?ver=1.7.6 HTTP/1.1" 200 17020 "https://amazingsportwear.com/" "Mozilla/5.0 (Windows NT 6.1; WOW64) AppleWebKit/534+ (KHTML, like Gecko) BingPreview/1.0b" "appier_tp=1"
40.77.190.176 - - [14/Dec/2019:02:37:27 +0100] "GET /wp-content/plugins/wpfront-notification-bar/js/wpfront-notification-bar.js?ver=1.7.1 HTTP/1.1" 200 5606 "https://amazingsportwear.com/" "Mozilla/5.0 (Windows NT 6.1; WOW64) AppleWebKit/534+ (KHTML, like Gecko) BingPreview/1.0b" "appier_tp=1"
40.77.190.176 - - [14/Dec/2019:02:37:28 +0100] "GET /wp-content/plugins/smart-slider-3/nextend/media/dist/n2.min.js?1559118093 HTTP/1.1" 200 3780 "https://amazingsportwear.com/" "Mozilla/5.0 (Windows NT 6.1; WOW64) AppleWebKit/534+ (KHTML, like Gecko) BingPreview/1.0b" "appier_tp=1"
40.77.190.176 - - [14/Dec/2019:02:37:28 +0100] "GET /wp-content/plugins/smart-slider-3/nextend/media/dist/nextend-frontend.min.js?1559118093 HTTP/1.1" 200 86283 "https://amazingsportwear.com/" "Mozilla/5.0 (Windows NT 6.1; WOW64) AppleWebKit/534+ (KHTML, like Gecko) BingPreview/1.0b" "appier_tp=1"
40.77.190.176 - - [14/Dec/2019:02:37:29 +0100] "GET /wp-content/plugins/smart-slider-3/library/media/dist/smartslider-frontend.min.js?1559118093 HTTP/1.1" 200 127237 "https://amazingsportwear.com/" "Mozilla/5.0 (Windows NT 6.1; WOW64) AppleWebKit/534+ (KHTML, like Gecko) BingPreview/1.0b" "appier_tp=1"
40.77.190.176 - - [14/Dec/2019:02:37:29 +0100] "GET /wp-content/plugins/smart-slider-3/library/media/plugins/type/simple/simple/dist/smartslider-simple-type-frontend.min.js?1559118093 HTTP/1.1" 200 18917 "https://amazingsportwear.com/" "Mozilla/5.0 (Windows NT 6.1; WOW64) AppleWebKit/534+ (KHTML, like Gecko) BingPreview/1.0b" "appier_tp=1"
157.55.39.174 - - [14/Dec/2019:02:37:29 +0100] "GET /robots.txt HTTP/1.1" 200 432 "-" "msnbot/2.0b (+http://search.msn.com/msnbot.htm)" "-"
40.77.190.176 - - [14/Dec/2019:02:37:30 +0100] "GET /wp-content/themes/shopper/assets/js/crm.js?ver=1561548510 HTTP/1.1" 200 818 "https://amazingsportwear.com/" "Mozilla/5.0 (Windows NT 6.1; WOW64) AppleWebKit/534+ (KHTML, like Gecko) BingPreview/1.0b" "appier_tp=1"
40.77.190.176 - - [14/Dec/2019:02:37:30 +0100] "GET /wp-content/plugins/elementor/assets/lib/font-awesome/fonts/fontawesome-webfont.ttf?v=4.7.0 HTTP/1.1" 200 166122 "https://amazingsportwear.com/" "Mozilla/5.0 (Windows NT 6.1; WOW64) AppleWebKit/534+ (KHTML, like Gecko) BingPreview/1.0b" "appier_tp=1"
40.77.190.176 - - [14/Dec/2019:02:37:30 +0100] "GET /wp-content/themes/shopper/assets/fonts/fontawesome-webfont.ttf?v=4.7.0 HTTP/1.1" 200 166122 "https://amazingsportwear.com/" "Mozilla/5.0 (Windows NT 6.1; WOW64) AppleWebKit/534+ (KHTML, like Gecko) BingPreview/1.0b" "appier_tp=1"
40.77.190.176 - - [14/Dec/2019:02:37:31 +0100] "GET /wp-content/plugins/woocommerce/assets/js/frontend/add-to-cart.min.js?ver=3.6.4 HTTP/1.1" 200 2927 "https://amazingsportwear.com/" "Mozilla/5.0 (Windows NT 6.1; WOW64) AppleWebKit/534+ (KHTML, like Gecko) BingPreview/1.0b" "appier_tp=1"
40.77.190.176 - - [14/Dec/2019:02:37:31 +0100] "GET /wp-content/plugins/woocommerce/assets/js/js-cookie/js.cookie.min.js?ver=2.1.4 HTTP/1.1" 200 2131 "https://amazingsportwear.com/" "Mozilla/5.0 (Windows NT 6.1; WOW64) AppleWebKit/534+ (KHTML, like Gecko) BingPreview/1.0b" "appier_tp=1"
40.77.190.176 - - [14/Dec/2019:02:37:31 +0100] "GET /wp-content/plugins/woocommerce/assets/js/frontend/cart-fragments.min.js?ver=3.6.4 HTTP/1.1" 200 3225 "https://amazingsportwear.com/" "Mozilla/5.0 (Windows NT 6.1; WOW64) AppleWebKit/534+ (KHTML, like Gecko) BingPreview/1.0b" "appier_tp=1"
40.77.190.176 - - [14/Dec/2019:02:37:31 +0100] "GET /wp-content/themes/shopper/assets/js/shopper.min.js?ver=1.3.8 HTTP/1.1" 200 5938 "https://amazingsportwear.com/" "Mozilla/5.0 (Windows NT 6.1; WOW64) AppleWebKit/534+ (KHTML, like Gecko) BingPreview/1.0b" "appier_tp=1"
40.77.190.176 - - [14/Dec/2019:02:37:32 +0100] "GET /wp-content/themes/shopper/assets/js/woocommerce/header-cart.min.js?ver=1.3.8 HTTP/1.1" 200 916 "https://amazingsportwear.com/" "Mozilla/5.0 (Windows NT 6.1; WOW64) AppleWebKit/534+ (KHTML, like Gecko) BingPreview/1.0b" "appier_tp=1"
40.77.190.176 - - [14/Dec/2019:02:37:32 +0100] "GET /wp-includes/js/wp-embed.min.js?ver=5.2.5 HTTP/1.1" 200 1688 "https://amazingsportwear.com/" "Mozilla/5.0 (Windows NT 6.1; WOW64) AppleWebKit/534+ (KHTML, like Gecko) BingPreview/1.0b" "appier_tp=1"
40.77.190.176 - - [14/Dec/2019:02:37:32 +0100] "GET /wp-content/plugins/elementor/assets/lib/slick/slick.min.js?ver=1.8.1 HTTP/1.1" 200 43208 "https://amazingsportwear.com/" "Mozilla/5.0 (Windows NT 6.1; WOW64) AppleWebKit/534+ (KHTML, like Gecko) BingPreview/1.0b" "appier_tp=1"
40.77.190.176 - - [14/Dec/2019:02:37:33 +0100] "GET /wp-content/plugins/elementor/assets/js/frontend-modules.min.js?ver=2.5.16 HTTP/1.1" 200 11430 "https://amazingsportwear.com/" "Mozilla/5.0 (Windows NT 6.1; WOW64) AppleWebKit/534+ (KHTML, like Gecko) BingPreview/1.0b" "appier_tp=1"
40.77.190.176 - - [14/Dec/2019:02:37:33 +0100] "GET /wp-content/plugins/elementor/assets/lib/dialog/dialog.min.js?ver=4.7.1 HTTP/1.1" 200 10855 "https://amazingsportwear.com/" "Mozilla/5.0 (Windows NT 6.1; WOW64) AppleWebKit/534+ (KHTML, like Gecko) BingPreview/1.0b" "appier_tp=1"
40.77.190.176 - - [14/Dec/2019:02:37:33 +0100] "GET /wp-content/plugins/elementor/assets/lib/waypoints/waypoints.min.js?ver=4.0.2 HTTP/1.1" 200 12485 "https://amazingsportwear.com/" "Mozilla/5.0 (Windows NT 6.1; WOW64) AppleWebKit/534+ (KHTML, like Gecko) BingPreview/1.0b" "appier_tp=1"
40.77.190.176 - - [14/Dec/2019:02:37:34 +0100] "GET /wp-content/plugins/elementor/assets/lib/swiper/swiper.min.js?ver=4.4.6 HTTP/1.1" 200 126070 "https://amazingsportwear.com/" "Mozilla/5.0 (Windows NT 6.1; WOW64) AppleWebKit/534+ (KHTML, like Gecko) BingPreview/1.0b" "appier_tp=1"
40.77.190.176 - - [14/Dec/2019:02:37:34 +0100] "GET /wp-content/plugins/elementor/assets/js/frontend.min.js?ver=2.5.16 HTTP/1.1" 200 41285 "https://amazingsportwear.com/" "Mozilla/5.0 (Windows NT 6.1; WOW64) AppleWebKit/534+ (KHTML, like Gecko) BingPreview/1.0b" "appier_tp=1"
40.77.190.176 - - [14/Dec/2019:02:37:35 +0100] "GET /wp-includes/js/jquery/ui/core.min.js?ver=1.11.4 HTTP/1.1" 200 4285 "https://amazingsportwear.com/" "Mozilla/5.0 (Windows NT 6.1; WOW64) AppleWebKit/534+ (KHTML, like Gecko) BingPreview/1.0b" "appier_tp=1"
40.77.190.176 - - [14/Dec/2019:02:37:35 +0100] "GET /wp-content/plugins/si-contact-form/includes/fscf-scripts.js?ver=179 HTTP/1.1" 200 977 "https://amazingsportwear.com/" "Mozilla/5.0 (Windows NT 6.1; WOW64) AppleWebKit/534+ (KHTML, like Gecko) BingPreview/1.0b" "appier_tp=1"
40.77.190.176 - - [14/Dec/2019:02:37:36 +0100] "GET /wp-content/plugins/elementor/assets/css/frontend-msie.min.css?2.5.16 HTTP/1.1" 200 8655 "https://amazingsportwear.com/" "Mozilla/5.0 (Windows NT 6.1; WOW64) AppleWebKit/534+ (KHTML, like Gecko) BingPreview/1.0b" "appier_tp=1"
217.76.130.90 - - [14/Dec/2019:02:47:16 +0100] "POST /wp-cron.php?doing_wp_cron=1576288036.0415558815002441406250 HTTP/1.1" 200 3389 "https://amazingsportwear.com/wp-cron.php?doing_wp_cron=1576288036.0415558815002441406250" "WordPress/5.2.5; https://amazingsportwear.com" "-"
66.249.64.144 - - [14/Dec/2019:02:47:15 +0100] "GET /producto/camiseta-tirantes-triatlon/ HTTP/1.1" 200 90783 "-" "Mozilla/5.0 (Linux; Android 6.0.1; Nexus 5X Build/MMB29P) AppleWebKit/537.36 (KHTML, like Gecko) Chrome/41.0.2272.96 Mobile Safari/537.36 (compatible; Googlebot/2.1; +http://www.google.com/bot.html)" "-"
66.249.64.144 - - [14/Dec/2019:02:47:20 +0100] "POST /?wc-ajax=get_refreshed_fragments HTTP/1.1" 200 1397 "https://amazingsportwear.com/producto/camiseta-tirantes-triatlon/" "Mozilla/5.0 (Linux; Android 6.0.1; Nexus 5X Build/MMB29P) AppleWebKit/537.36 (KHTML, like Gecko) Chrome/41.0.2272.96 Mobile Safari/537.36 (compatible; Googlebot/2.1; +http://www.google.com/bot.html)" "_ga=GA1.2.969013651.1576281600; _gid=GA1.2.1978218920.1576281600; _gat_gtag_UA_91619287_1=1"
66.249.64.146 - - [14/Dec/2019:02:53:51 +0100] "GET /wp-content/uploads/2017/01/camis-basket1-300x300.jpg HTTP/1.1" 304 3565 "-" "Googlebot-Image/1.0" "-"
217.76.130.90 - - [14/Dec/2019:02:54:15 +0100] "POST /wp-cron.php?doing_wp_cron=1576288455.2893979549407958984375 HTTP/1.1" 200 3389 "https://amazingsportwear.com/wp-cron.php?doing_wp_cron=1576288455.2893979549407958984375" "WordPress/5.2.5; https://amazingsportwear.com" "-"
66.249.64.148 - - [14/Dec/2019:02:54:14 +0100] "GET /producto/braga-gorro-polar-cat-8016/ HTTP/1.1" 200 99856 "-" "Mozilla/5.0 (Linux; Android 6.0.1; Nexus 5X Build/MMB29P) AppleWebKit/537.36 (KHTML, like Gecko) Chrome/41.0.2272.96 Mobile Safari/537.36 (compatible; Googlebot/2.1; +http://www.google.com/bot.html)" "-"
66.249.64.144 - - [14/Dec/2019:02:54:33 +0100] "GET /producto/gorra-tecnica-dry-fit/ HTTP/1.1" 200 93275 "-" "Mozilla/5.0 (Linux; Android 6.0.1; Nexus 5X Build/MMB29P) AppleWebKit/537.36 (KHTML, like Gecko) Chrome/41.0.2272.96 Mobile Safari/537.36 (compatible; Googlebot/2.1; +http://www.google.com/bot.html)" "-"
66.249.64.144 - - [14/Dec/2019:02:54:38 +0100] "POST /?wc-ajax=get_refreshed_fragments HTTP/1.1" 200 1397 "https://amazingsportwear.com/producto/gorra-tecnica-dry-fit/" "Mozilla/5.0 (Linux; Android 6.0.1; Nexus 5X Build/MMB29P) AppleWebKit/537.36 (KHTML, like Gecko) Chrome/41.0.2272.96 Mobile Safari/537.36 (compatible; Googlebot/2.1; +http://www.google.com/bot.html)" "_ga=GA1.2.969013651.1576281600; _gid=GA1.2.1978218920.1576281600; _gat_gtag_UA_91619287_1=1"
217.76.130.90 - - [14/Dec/2019:03:18:28 +0100] "POST /wp-cron.php?doing_wp_cron=1576289908.2332680225372314453125 HTTP/1.1" 200 3389 "https://amazingsportwear.com/wp-cron.php?doing_wp_cron=1576289908.2332680225372314453125" "WordPress/5.2.5; https://amazingsportwear.com" "-"
66.249.64.148 - - [14/Dec/2019:03:18:24 +0100] "GET /producto/bidon-aluminio-mento/ HTTP/1.1" 200 99705 "-" "Mozilla/5.0 (Linux; Android 6.0.1; Nexus 5X Build/MMB29P) AppleWebKit/537.36 (KHTML, like Gecko) Chrome/41.0.2272.96 Mobile Safari/537.36 (compatible; Googlebot/2.1; +http://www.google.com/bot.html)" "-"
217.76.130.90 - - [14/Dec/2019:03:44:19 +0100] "POST /wp-cron.php?doing_wp_cron=1576291457.6970760822296142578125 HTTP/1.1" 200 3389 "https://amazingsportwear.com/wp-cron.php?doing_wp_cron=1576291457.6970760822296142578125" "WordPress/5.2.5; https://amazingsportwear.com" "-"
182.34.192.215 - - [14/Dec/2019:03:44:12 +0100] "GET /etiqueta-producto/multideporte HTTP/1.1" 301 3554 "-" "Mozilla/5.0(Linux;Android 5.1.1;OPPO A33 Build/LMY47V;wv) AppleWebKit/537.36(KHTML,link Gecko) Version/4.0 Chrome/42.0.2311.138 Mobile Safari/537.36 Mb2345Browser/9.0" "-"
217.76.130.90 - - [14/Dec/2019:03:45:39 +0100] "POST /wp-cron.php?doing_wp_cron=1576291539.3451790809631347656250 HTTP/1.1" 200 3389 "https://amazingsportwear.com/wp-cron.php?doing_wp_cron=1576291539.3451790809631347656250" "WordPress/5.2.5; https://amazingsportwear.com" "-"
182.34.192.215 - - [14/Dec/2019:03:45:37 +0100] "GET /etiqueta-producto/multideporte/ HTTP/1.1" 200 53773 "-" "Mozilla/5.0(Linux;Android 5.1.1;OPPO A33 Build/LMY47V;wv) AppleWebKit/537.36(KHTML,link Gecko) Version/4.0 Chrome/42.0.2311.138 Mobile Safari/537.36 Mb2345Browser/9.0" "wpfront-notification-bar-landingpage=1"
200.106.36.109 - - [14/Dec/2019:03:55:25 +0100] "GET /wp-content/uploads/2019/04/Gorra-sport-6.png HTTP/1.1" 200 44623 "https://www.google.com/blank.html" "Mozilla/5.0 (Linux; Android 6.0; LG-K420 Build/MRA58K; wv) AppleWebKit/537.36 (KHTML, like Gecko) Version/4.0 Chrome/78.0.3904.108 Mobile Safari/537.36 GSA/10.87.15.21.arm" "-"
217.76.130.90 - - [14/Dec/2019:04:02:49 +0100] "POST /wp-cron.php?doing_wp_cron=1576292569.4525649547576904296875 HTTP/1.1" 200 164 "http://amazingsportwear.com/wp-cron.php?doing_wp_cron=1576292569.4525649547576904296875" "WordPress/5.2.5; https://amazingsportwear.com" "-"
193.56.65.218 - - [14/Dec/2019:04:02:44 +0100] "GET / HTTP/1.1" 301 336 "-" "Mozilla/5.0 (Windows NT 10.0; Win64; x64) AppleWebKit/537.36 (KHTML, like Gecko) Chrome/74.0.3729.169 Safari/537.36" "-"
217.76.130.90 - - [14/Dec/2019:04:06:27 +0100] "POST /wp-cron.php?doing_wp_cron=1576292787.2419469356536865234375 HTTP/1.1" 200 3389 "https://amazingsportwear.com/wp-cron.php?doing_wp_cron=1576292787.2419469356536865234375" "WordPress/5.2.5; https://amazingsportwear.com" "-"
66.249.64.144 - - [14/Dec/2019:04:06:26 +0100] "GET /producto/fundas-gafas-sumix-eny-su13w/ HTTP/1.1" 200 88702 "-" "Mozilla/5.0 (Linux; Android 6.0.1; Nexus 5X Build/MMB29P) AppleWebKit/537.36 (KHTML, like Gecko) Chrome/41.0.2272.96 Mobile Safari/537.36 (compatible; Googlebot/2.1; +http://www.google.com/bot.html)" "-"
66.249.64.146 - - [14/Dec/2019:04:25:31 +0100] "GET /wp-content/uploads/2019/04/mochila-discovery-1-300x300.png HTTP/1.1" 304 3566 "-" "Googlebot-Image/1.0" "-"
187.155.44.134 - - [14/Dec/2019:04:30:19 +0100] "GET /wp-content/uploads/2018/05/cat-3164-amarillo.png HTTP/1.1" 200 124806 "https://www.google.com/blank.html" "Mozilla/5.0 (Linux; Android 9; LM-X520 Build/PKQ1.190223.001; wv) AppleWebKit/537.36 (KHTML, like Gecko) Version/4.0 Chrome/79.0.3945.79 Mobile Safari/537.36 GSA/10.87.15.21.arm" "-"
217.76.130.90 - - [14/Dec/2019:04:33:47 +0100] "POST /wp-cron.php?doing_wp_cron=1576294427.6739399433135986328125 HTTP/1.1" 200 3389 "https://amazingsportwear.com/wp-cron.php?doing_wp_cron=1576294427.6739399433135986328125" "WordPress/5.2.5; https://amazingsportwear.com" "-"
66.249.64.148 - - [14/Dec/2019:04:33:39 +0100] "GET /category/inicio/ HTTP/1.1" 200 70436 "-" "Mozilla/5.0 (compatible; Googlebot/2.1; +http://www.google.com/bot.html)" "-"
217.76.130.90 - - [14/Dec/2019:04:45:52 +0100] "POST /wp-cron.php?doing_wp_cron=1576295152.4000480175018310546875 HTTP/1.1" 200 3389 "https://amazingsportwear.com/wp-cron.php?doing_wp_cron=1576295152.4000480175018310546875" "WordPress/5.2.5; https://amazingsportwear.com" "-"
66.249.64.146 - - [14/Dec/2019:04:45:51 +0100] "GET /sitemap.xml HTTP/1.1" 301 3880 "-" "Mozilla/5.0 (compatible; Googlebot/2.1; +http://www.google.com/bot.html)" "-"
217.76.130.90 - - [14/Dec/2019:04:46:24 +0100] "POST /wp-cron.php?doing_wp_cron=1576295184.5312120914459228515625 HTTP/1.1" 200 3389 "https://amazingsportwear.com/wp-cron.php?doing_wp_cron=1576295184.5312120914459228515625" "WordPress/5.2.5; https://amazingsportwear.com" "-"
66.249.64.148 - - [14/Dec/2019:04:46:24 +0100] "GET /sitemap_index.xml HTTP/1.1" 200 5007 "-" "Mozilla/5.0 (compatible; Googlebot/2.1; +http://www.google.com/bot.html)" "-"
157.55.39.174 - - [14/Dec/2019:04:49:17 +0100] "GET /wp-content/uploads/2019/07/IMG_1589-1024x1024.jpg HTTP/1.1" 200 86399 "-" "Mozilla/5.0 (compatible; bingbot/2.0; +http://www.bing.com/bingbot.htm)" "-"
217.76.130.90 - - [14/Dec/2019:04:52:07 +0100] "POST /wp-cron.php?doing_wp_cron=1576295527.1223199367523193359375 HTTP/1.1" 200 3389 "https://amazingsportwear.com/wp-cron.php?doing_wp_cron=1576295527.1223199367523193359375" "WordPress/5.2.5; https://amazingsportwear.com" "-"
207.46.13.33 - - [14/Dec/2019:04:52:06 +0100] "GET /producto/bolsa-deporte-hale/ HTTP/1.1" 200 98122 "-" "Mozilla/5.0 (compatible; bingbot/2.0; +http://www.bing.com/bingbot.htm)" "-"
217.76.130.90 - - [14/Dec/2019:04:57:38 +0100] "POST /wp-cron.php?doing_wp_cron=1576295858.7921619415283203125000 HTTP/1.1" 200 3389 "https://amazingsportwear.com/wp-cron.php?doing_wp_cron=1576295858.7921619415283203125000" "WordPress/5.2.5; https://amazingsportwear.com" "-"
66.249.64.148 - - [14/Dec/2019:04:57:35 +0100] "GET /producto/camiseta-tecnica-bugatti/ HTTP/1.1" 200 107420 "-" "Mozilla/5.0 (Linux; Android 6.0.1; Nexus 5X Build/MMB29P) AppleWebKit/537.36 (KHTML, like Gecko) Chrome/41.0.2272.96 Mobile Safari/537.36 (compatible; Googlebot/2.1; +http://www.google.com/bot.html)" "-"
217.76.130.90 - - [14/Dec/2019:04:58:13 +0100] "POST /wp-cron.php?doing_wp_cron=1576295893.0580670833587646484375 HTTP/1.1" 200 3389 "https://amazingsportwear.com/wp-cron.php?doing_wp_cron=1576295893.0580670833587646484375" "WordPress/5.2.5; https://amazingsportwear.com" "-"
207.46.13.33 - - [14/Dec/2019:04:58:12 +0100] "GET /tienda/310-polo-tecnico-cremallera.html HTTP/1.1" 301 3918 "-" "Mozilla/5.0 (compatible; bingbot/2.0; +http://www.bing.com/bingbot.htm)" "-"
217.76.130.90 - - [14/Dec/2019:05:01:27 +0100] "POST /wp-cron.php?doing_wp_cron=1576296087.3080410957336425781250 HTTP/1.1" 200 164 "http://amazingsportwear.com/wp-cron.php?doing_wp_cron=1576296087.3080410957336425781250" "WordPress/5.2.5; https://amazingsportwear.com" "-"
157.55.39.174 - - [14/Dec/2019:05:01:24 +0100] "GET /22-tienda HTTP/1.1" 404 68048 "-" "Mozilla/5.0 (iPhone; CPU iPhone OS 7_0 like Mac OS X) AppleWebKit/537.51.1 (KHTML, like Gecko) Version/7.0 Mobile/11A465 Safari/9537.53 (compatible; bingbot/2.0; +http://www.bing.com/bingbot.htm)" "-"
217.76.130.90 - - [14/Dec/2019:05:03:05 +0100] "POST /wp-cron.php?doing_wp_cron=1576296185.0509560108184814453125 HTTP/1.1" 200 3389 "https://amazingsportwear.com/wp-cron.php?doing_wp_cron=1576296185.0509560108184814453125" "WordPress/5.2.5; https://amazingsportwear.com" "-"
66.249.64.146 - - [14/Dec/2019:05:03:04 +0100] "GET /producto/top-deportivo-nath-only/ HTTP/1.1" 200 100512 "-" "Mozilla/5.0 (Linux; Android 6.0.1; Nexus 5X Build/MMB29P) AppleWebKit/537.36 (KHTML, like Gecko) Chrome/41.0.2272.96 Mobile Safari/537.36 (compatible; Googlebot/2.1; +http://www.google.com/bot.html)" "-"
217.76.130.90 - - [14/Dec/2019:05:13:59 +0100] "POST /wp-cron.php?doing_wp_cron=1576296839.1643869876861572265625 HTTP/1.1" 200 3389 "https://amazingsportwear.com/wp-cron.php?doing_wp_cron=1576296839.1643869876861572265625" "WordPress/5.2.5; https://amazingsportwear.com" "-"
66.249.64.144 - - [14/Dec/2019:05:13:56 +0100] "GET /producto/short-tecnico-padel-tenis/ HTTP/1.1" 200 98480 "-" "Mozilla/5.0 (Linux; Android 6.0.1; Nexus 5X Build/MMB29P) AppleWebKit/537.36 (KHTML, like Gecko) Chrome/41.0.2272.96 Mobile Safari/537.36 (compatible; Googlebot/2.1; +http://www.google.com/bot.html)" "-"
189.192.208.2 - - [14/Dec/2019:05:18:27 +0100] "GET /wp-content/uploads/2019/04/Gorra-sport-11.png HTTP/1.1" 200 131116 "https://amazingsportwear.com/" "Mozilla/5.0 (Windows NT 10.0; Win64; x64) AppleWebKit/537.36 (KHTML, like Gecko) Chrome/79.0.3945.79 Safari/537.36" "-"
189.192.208.2 - - [14/Dec/2019:05:18:35 +0100] "GET /wp-content/uploads/2019/04/Gorra-sport-11.png HTTP/1.1" 200 131116 "-" "Mozilla/4.0 (compatible; ms-office; MSOffice 16)" "-"
217.76.130.90 - - [14/Dec/2019:05:22:21 +0100] "POST /wp-cron.php?doing_wp_cron=1576297341.6706430912017822265625 HTTP/1.1" 200 3389 "https://amazingsportwear.com/wp-cron.php?doing_wp_cron=1576297341.6706430912017822265625" "WordPress/5.2.5; https://amazingsportwear.com" "-"
157.55.39.30 - - [14/Dec/2019:05:22:19 +0100] "GET /robots.txt HTTP/1.1" 200 2297 "-" "Mozilla/5.0 (compatible; bingbot/2.0; +http://www.bing.com/bingbot.htm)" "-"
157.55.39.30 - - [14/Dec/2019:05:22:22 +0100] "GET /robots.txt HTTP/1.1" 200 3939 "-" "Mozilla/5.0 (compatible; bingbot/2.0; +http://www.bing.com/bingbot.htm)" "-"
217.76.130.90 - - [14/Dec/2019:05:27:08 +0100] "POST /wp-cron.php?doing_wp_cron=1576297628.8332240581512451171875 HTTP/1.1" 200 164 "http://amazingsportwear.com/wp-cron.php?doing_wp_cron=1576297628.8332240581512451171875" "WordPress/5.2.5; https://amazingsportwear.com" "-"
157.55.39.174 - - [14/Dec/2019:05:27:06 +0100] "GET /atletismo/21-camiseta-manga-corta-ranglan-atletismo.html HTTP/1.1" 404 68123 "-" "Mozilla/5.0 (iPhone; CPU iPhone OS 7_0 like Mac OS X) AppleWebKit/537.51.1 (KHTML, like Gecko) Version/7.0 Mobile/11A465 Safari/9537.53 (compatible; bingbot/2.0; +http://www.bing.com/bingbot.htm)" "-"
66.249.64.144 - - [14/Dec/2019:05:27:40 +0100] "GET /producto/manguito-brazo-ciclismo/ HTTP/1.1" 200 92019 "-" "Mozilla/5.0 (Linux; Android 6.0.1; Nexus 5X Build/MMB29P) AppleWebKit/537.36 (KHTML, like Gecko) Chrome/41.0.2272.96 Mobile Safari/537.36 (compatible; Googlebot/2.1; +http://www.google.com/bot.html)" "-"
217.76.130.90 - - [14/Dec/2019:05:28:38 +0100] "POST /wp-cron.php?doing_wp_cron=1576297718.4641730785369873046875 HTTP/1.1" 200 3389 "https://amazingsportwear.com/wp-cron.php?doing_wp_cron=1576297718.4641730785369873046875" "WordPress/5.2.5; https://amazingsportwear.com" "-"
40.77.167.115 - - [14/Dec/2019:05:28:37 +0100] "GET /20-triatlon HTTP/1.1" 404 72251 "-" "Mozilla/5.0 (compatible; bingbot/2.0; +http://www.bing.com/bingbot.htm)" "-"
217.76.130.90 - - [14/Dec/2019:05:30:55 +0100] "POST /wp-cron.php?doing_wp_cron=1576297855.7216989994049072265625 HTTP/1.1" 200 3389 "https://amazingsportwear.com/wp-cron.php?doing_wp_cron=1576297855.7216989994049072265625" "WordPress/5.2.5; https://amazingsportwear.com" "-"
66.249.64.148 - - [14/Dec/2019:05:30:53 +0100] "GET /producto/camiseta-tecnica-tirantes-sa-0563/ HTTP/1.1" 200 107049 "-" "Mozilla/5.0 (Linux; Android 6.0.1; Nexus 5X Build/MMB29P) AppleWebKit/537.36 (KHTML, like Gecko) Chrome/41.0.2272.96 Mobile Safari/537.36 (compatible; Googlebot/2.1; +http://www.google.com/bot.html)" "-"
217.76.130.90 - - [14/Dec/2019:05:32:15 +0100] "POST /wp-cron.php?doing_wp_cron=1576297935.8510439395904541015625 HTTP/1.1" 200 3389 "https://amazingsportwear.com/wp-cron.php?doing_wp_cron=1576297935.8510439395904541015625" "WordPress/5.2.5; https://amazingsportwear.com" "-"
66.249.64.146 - - [14/Dec/2019:05:32:15 +0100] "POST /?wc-ajax=get_refreshed_fragments HTTP/1.1" 200 4760 "https://amazingsportwear.com/producto/camiseta-tecnica-tirantes-sa-0563/" "Mozilla/5.0 (Linux; Android 6.0.1; Nexus 5X Build/MMB29P) AppleWebKit/537.36 (KHTML, like Gecko) Chrome/41.0.2272.96 Mobile Safari/537.36 (compatible; Googlebot/2.1; +http://www.google.com/bot.html)" "_ga=GA1.2.969013651.1576281600; _gid=GA1.2.1978218920.1576281600; _gat_gtag_UA_91619287_1=1"
217.76.130.90 - - [14/Dec/2019:05:36:02 +0100] "POST /wp-cron.php?doing_wp_cron=1576298162.5313680171966552734375 HTTP/1.1" 200 164 "http://amazingsportwear.com/wp-cron.php?doing_wp_cron=1576298162.5313680171966552734375" "WordPress/5.2.5; https://amazingsportwear.com" "-"
207.46.13.33 - - [14/Dec/2019:05:35:59 +0100] "GET /tienda/176-pantalon-mujer-rocky-nath-rocky.html HTTP/1.1" 404 68130 "-" "Mozilla/5.0 (iPhone; CPU iPhone OS 7_0 like Mac OS X) AppleWebKit/537.51.1 (KHTML, like Gecko) Version/7.0 Mobile/11A465 Safari/9537.53 (compatible; bingbot/2.0; +http://www.bing.com/bingbot.htm)" "-"
217.76.130.90 - - [14/Dec/2019:05:41:03 +0100] "POST /wp-cron.php?doing_wp_cron=1576298463.4593970775604248046875 HTTP/1.1" 200 3389 "https://amazingsportwear.com/wp-cron.php?doing_wp_cron=1576298463.4593970775604248046875" "WordPress/5.2.5; https://amazingsportwear.com" "-"
157.55.39.173 - - [14/Dec/2019:05:41:02 +0100] "GET /producto/gafas-de-sol-deportiva-eny-ni11g/ HTTP/1.1" 200 91004 "-" "Mozilla/5.0 (compatible; bingbot/2.0; +http://www.bing.com/bingbot.htm)" "-"
66.249.64.148 - - [14/Dec/2019:05:41:09 +0100] "GET /categoria-producto/deportes/ HTTP/1.1" 200 74346 "-" "Mozilla/5.0 (Linux; Android 6.0.1; Nexus 5X Build/MMB29P) AppleWebKit/537.36 (KHTML, like Gecko) Chrome/41.0.2272.96 Mobile Safari/537.36 (compatible; Googlebot/2.1; +http://www.google.com/bot.html)" "-"
66.249.64.144 - - [14/Dec/2019:05:42:00 +0100] "GET /producto/toalla-absorvente-kefan/ HTTP/1.1" 200 102905 "-" "Mozilla/5.0 (Linux; Android 6.0.1; Nexus 5X Build/MMB29P) AppleWebKit/537.36 (KHTML, like Gecko) Chrome/41.0.2272.96 Mobile Safari/537.36 (compatible; Googlebot/2.1; +http://www.google.com/bot.html)" "-"
217.76.130.90 - - [14/Dec/2019:05:42:35 +0100] "POST /wp-cron.php?doing_wp_cron=1576298555.6263780593872070312500 HTTP/1.1" 200 3389 "https://amazingsportwear.com/wp-cron.php?doing_wp_cron=1576298555.6263780593872070312500" "WordPress/5.2.5; https://amazingsportwear.com" "-"
66.249.64.144 - - [14/Dec/2019:05:42:34 +0100] "POST /?wc-ajax=get_refreshed_fragments HTTP/1.1" 200 4760 "https://amazingsportwear.com/categoria-producto/deportes/" "Mozilla/5.0 (Linux; Android 6.0.1; Nexus 5X Build/MMB29P) AppleWebKit/537.36 (KHTML, like Gecko) Chrome/41.0.2272.96 Mobile Safari/537.36 (compatible; Googlebot/2.1; +http://www.google.com/bot.html)" "_ga=GA1.2.1884029788.1576281600; _gid=GA1.2.969013651.1576281600; _gat_gtag_UA_91619287_1=1"
217.76.130.90 - - [14/Dec/2019:05:52:52 +0100] "POST /wp-cron.php?doing_wp_cron=1576299172.3417549133300781250000 HTTP/1.1" 200 3389 "https://amazingsportwear.com/wp-cron.php?doing_wp_cron=1576299172.3417549133300781250000" "WordPress/5.2.5; https://amazingsportwear.com" "-"
66.249.64.148 - - [14/Dec/2019:05:52:50 +0100] "GET /producto/mallas-deportivas-mujer-carla/ HTTP/1.1" 200 103651 "-" "Mozilla/5.0 (Linux; Android 6.0.1; Nexus 5X Build/MMB29P) AppleWebKit/537.36 (KHTML, like Gecko) Chrome/41.0.2272.96 Mobile Safari/537.36 (compatible; Googlebot/2.1; +http://www.google.com/bot.html)" "-"
187.189.28.30 - - [14/Dec/2019:05:55:30 +0100] "GET /wp-content/uploads/2019/04/Gorra-sport-6.png HTTP/1.1" 200 44623 "https://www.google.com/" "Mozilla/5.0 (Windows NT 10.0; Win64; x64) AppleWebKit/537.36 (KHTML, like Gecko) Chrome/78.0.3904.108 Safari/537.36" "-"
217.76.130.90 - - [14/Dec/2019:05:55:38 +0100] "POST /wp-cron.php?doing_wp_cron=1576299338.1803541183471679687500 HTTP/1.1" 200 3389 "https://amazingsportwear.com/wp-cron.php?doing_wp_cron=1576299338.1803541183471679687500" "WordPress/5.2.5; https://amazingsportwear.com" "-"
66.249.64.144 - - [14/Dec/2019:05:55:37 +0100] "GET /producto/gorra-tecnica-lediem/ HTTP/1.1" 200 93455 "-" "Mozilla/5.0 (Linux; Android 6.0.1; Nexus 5X Build/MMB29P) AppleWebKit/537.36 (KHTML, like Gecko) Chrome/41.0.2272.96 Mobile Safari/537.36 (compatible; Googlebot/2.1; +http://www.google.com/bot.html)" "-"
187.189.28.30 - - [14/Dec/2019:05:56:42 +0100] "GET /wp-content/uploads/2019/04/Gorra-sport-6.png HTTP/1.1" 206 525 "https://www.google.com/" "Mozilla/5.0 (Windows NT 10.0; Win64; x64) AppleWebKit/537.36 (KHTML, like Gecko) Chrome/78.0.3904.108 Safari/537.36" "-"
187.189.28.30 - - [14/Dec/2019:05:56:43 +0100] "GET /wp-content/uploads/2019/04/Gorra-sport-6.png HTTP/1.1" 206 24900 "https://www.google.com/" "Mozilla/5.0 (Windows NT 10.0; Win64; x64) AppleWebKit/537.36 (KHTML, like Gecko) Chrome/78.0.3904.108 Safari/537.36" "-"
217.76.130.90 - - [14/Dec/2019:05:57:47 +0100] "POST /wp-cron.php?doing_wp_cron=1576299467.0690250396728515625000 HTTP/1.1" 200 3389 "https://amazingsportwear.com/wp-cron.php?doing_wp_cron=1576299467.0690250396728515625000" "WordPress/5.2.5; https://amazingsportwear.com" "-"
66.249.64.146 - - [14/Dec/2019:05:57:46 +0100] "POST /?wc-ajax=get_refreshed_fragments HTTP/1.1" 200 4760 "https://amazingsportwear.com/producto/gorra-tecnica-lediem/" "Mozilla/5.0 (Linux; Android 6.0.1; Nexus 5X Build/MMB29P) AppleWebKit/537.36 (KHTML, like Gecko) Chrome/41.0.2272.96 Mobile Safari/537.36 (compatible; Googlebot/2.1; +http://www.google.com/bot.html)" "_ga=GA1.2.969013651.1576281600; _gid=GA1.2.1978218920.1576281600; _gat_gtag_UA_91619287_1=1"
217.76.130.90 - - [14/Dec/2019:06:12:37 +0100] "POST /wp-cron.php?doing_wp_cron=1576300357.4851820468902587890625 HTTP/1.1" 200 3389 "https://amazingsportwear.com/wp-cron.php?doing_wp_cron=1576300357.4851820468902587890625" "WordPress/5.2.5; https://amazingsportwear.com" "-"
40.77.167.115 - - [14/Dec/2019:06:12:32 +0100] "GET /producto/fly-banner-tipo-surf-completo/ HTTP/1.1" 200 114300 "-" "Mozilla/5.0 (compatible; bingbot/2.0; +http://www.bing.com/bingbot.htm)" "-"
217.76.130.90 - - [14/Dec/2019:06:14:03 +0100] "POST /wp-cron.php?doing_wp_cron=1576300443.3868060111999511718750 HTTP/1.1" 200 3389 "https://amazingsportwear.com/wp-cron.php?doing_wp_cron=1576300443.3868060111999511718750" "WordPress/5.2.5; https://amazingsportwear.com" "-"
31.13.115.5 - - [14/Dec/2019:06:14:02 +0100] "GET / HTTP/1.1" 200 125550 "-" "facebookexternalhit/1.1 (+http://www.facebook.com/externalhit_uatext.php)" "-"
31.13.115.21 - - [14/Dec/2019:06:14:02 +0100] "GET / HTTP/1.1" 200 125525 "-" "facebookexternalhit/1.1 (+http://www.facebook.com/externalhit_uatext.php)" "-"
217.76.130.90 - - [14/Dec/2019:06:19:02 +0100] "POST /wp-cron.php?doing_wp_cron=1576300742.6061899662017822265625 HTTP/1.1" 200 3389 "https://amazingsportwear.com/wp-cron.php?doing_wp_cron=1576300742.6061899662017822265625" "WordPress/5.2.5; https://amazingsportwear.com" "-"
66.249.64.146 - - [14/Dec/2019:06:19:01 +0100] "GET /producto/polo-monzha-tecnico-sa-0404/ HTTP/1.1" 200 109822 "-" "Mozilla/5.0 (Linux; Android 6.0.1; Nexus 5X Build/MMB29P) AppleWebKit/537.36 (KHTML, like Gecko) Chrome/41.0.2272.96 Mobile Safari/537.36 (compatible; Googlebot/2.1; +http://www.google.com/bot.html)" "-"
66.249.64.144 - - [14/Dec/2019:06:24:53 +0100] "GET /wp-content/uploads/2018/05/sa-0421-chico.jpg HTTP/1.1" 304 3566 "-" "Googlebot-Image/1.0" "-"
217.76.130.90 - - [14/Dec/2019:06:24:54 +0100] "POST /wp-cron.php?doing_wp_cron=1576301094.3456420898437500000000 HTTP/1.1" 200 3389 "https://amazingsportwear.com/wp-cron.php?doing_wp_cron=1576301094.3456420898437500000000" "WordPress/5.2.5; https://amazingsportwear.com" "-"
66.249.64.148 - - [14/Dec/2019:06:24:52 +0100] "GET /robots.txt HTTP/1.1" 200 3939 "-" "Mozilla/5.0 (compatible; Googlebot/2.1; +http://www.google.com/bot.html)" "-"
157.55.39.174 - - [14/Dec/2019:06:25:00 +0100] "GET /ciclismo/88-manguito-brazo-ciclismo.html HTTP/1.1" 404 68091 "-" "Mozilla/5.0 (compatible; bingbot/2.0; +http://www.bing.com/bingbot.htm)" "-"
217.76.130.90 - - [14/Dec/2019:06:31:45 +0100] "POST /wp-cron.php?doing_wp_cron=1576301505.7699511051177978515625 HTTP/1.1" 200 3389 "https://amazingsportwear.com/wp-cron.php?doing_wp_cron=1576301505.7699511051177978515625" "WordPress/5.2.5; https://amazingsportwear.com" "-"
66.249.64.144 - - [14/Dec/2019:06:31:45 +0100] "GET /etiqueta-producto/polo-deportivo/ HTTP/1.1" 200 54037 "-" "Mozilla/5.0 (Linux; Android 6.0.1; Nexus 5X Build/MMB29P) AppleWebKit/537.36 (KHTML, like Gecko) Chrome/41.0.2272.96 Mobile Safari/537.36 (compatible; Googlebot/2.1; +http://www.google.com/bot.html)" "-"
217.76.130.90 - - [14/Dec/2019:06:38:50 +0100] "POST /wp-cron.php?doing_wp_cron=1576301930.5476970672607421875000 HTTP/1.1" 200 3389 "https://amazingsportwear.com/wp-cron.php?doing_wp_cron=1576301930.5476970672607421875000" "WordPress/5.2.5; https://amazingsportwear.com" "-"
66.249.64.146 - - [14/Dec/2019:06:38:48 +0100] "GET /producto/linterna-frontal/ HTTP/1.1" 200 92600 "-" "Mozilla/5.0 (Linux; Android 6.0.1; Nexus 5X Build/MMB29P) AppleWebKit/537.36 (KHTML, like Gecko) Chrome/41.0.2272.96 Mobile Safari/537.36 (compatible; Googlebot/2.1; +http://www.google.com/bot.html)" "-"
