217.76.130.90 - - [14/Dec/2019:06:45:04 +0100] "POST /wp-cron.php?doing_wp_cron=1576302304.5959000587463378906250 HTTP/1.1" 200 3389 "https://amazingsportwear.com/wp-cron.php?doing_wp_cron=1576302304.5959000587463378906250" "WordPress/5.2.5; https://amazingsportwear.com" "-"
66.249.64.144 - - [14/Dec/2019:06:45:03 +0100] "GET /producto/gorra-kisse/ HTTP/1.1" 200 100093 "-" "Mozilla/5.0 (Linux; Android 6.0.1; Nexus 5X Build/MMB29P) AppleWebKit/537.36 (KHTML, like Gecko) Chrome/41.0.2272.96 Mobile Safari/537.36 (compatible; Googlebot/2.1; +http://www.google.com/bot.html)" "-"
217.76.130.90 - - [14/Dec/2019:06:47:35 +0100] "POST /wp-cron.php?doing_wp_cron=1576302455.8240370750427246093750 HTTP/1.1" 200 164 "http://amazingsportwear.com/wp-cron.php?doing_wp_cron=1576302455.8240370750427246093750" "WordPress/5.2.5; https://amazingsportwear.com" "-"
46.119.171.176 - - [14/Dec/2019:06:47:35 +0100] "GET /producto/camiseta-tecnica-manga-larga-sa-0415/ HTTP/1.1" 200 103711 "https://pornhive.org/" "Mozilla/4.0 (compatible; MSIE 6.0; Windows NT 5.2; Win64; AMD64)" "-"
46.119.171.176 - - [14/Dec/2019:06:47:36 +0100] "GET /producto/camiseta-tecnica-manga-larga-sa-0415/ HTTP/1.1" 200 103785 "https://pornhive.org/" "Mozilla/4.0 (compatible; MSIE 6.0; Windows NT 5.2; Win64; AMD64)" "-"
46.119.171.176 - - [14/Dec/2019:06:47:37 +0100] "GET /producto/camiseta-tecnica-manga-larga-sa-0415/ HTTP/1.1" 200 103661 "https://pornhive.org/" "Mozilla/4.0 (compatible; MSIE 6.0; Windows NT 5.2; Win64; AMD64)" "-"
217.76.130.90 - - [14/Dec/2019:07:01:10 +0100] "POST /wp-cron.php?doing_wp_cron=1576303270.7866530418395996093750 HTTP/1.1" 200 3389 "https://amazingsportwear.com/wp-cron.php?doing_wp_cron=1576303270.7866530418395996093750" "WordPress/5.2.5; https://amazingsportwear.com" "-"
66.249.64.146 - - [14/Dec/2019:07:01:09 +0100] "GET /ofertas/ HTTP/1.1" 200 73433 "-" "Mozilla/5.0 (Linux; Android 6.0.1; Nexus 5X Build/MMB29P) AppleWebKit/537.36 (KHTML, like Gecko) Chrome/41.0.2272.96 Mobile Safari/537.36 (compatible; Googlebot/2.1; +http://www.google.com/bot.html)" "-"
157.55.39.174 - - [14/Dec/2019:07:01:27 +0100] "GET /wp-content/uploads/2017/04/nath-sunset-colores1-1.png HTTP/1.1" 200 42925 "-" "Mozilla/5.0 (compatible; bingbot/2.0; +http://www.bing.com/bingbot.htm)" "-"
217.76.130.90 - - [14/Dec/2019:07:04:40 +0100] "POST /wp-cron.php?doing_wp_cron=1576303480.5209228992462158203125 HTTP/1.1" 200 3389 "https://amazingsportwear.com/wp-cron.php?doing_wp_cron=1576303480.5209228992462158203125" "WordPress/5.2.5; https://amazingsportwear.com" "-"
66.249.64.146 - - [14/Dec/2019:07:04:39 +0100] "GET /categoria-producto/deportes/baloncesto/ HTTP/1.1" 200 62949 "-" "Mozilla/5.0 (Linux; Android 6.0.1; Nexus 5X Build/MMB29P) AppleWebKit/537.36 (KHTML, like Gecko) Chrome/41.0.2272.96 Mobile Safari/537.36 (compatible; Googlebot/2.1; +http://www.google.com/bot.html)" "-"
217.76.130.90 - - [14/Dec/2019:07:05:26 +0100] "POST /wp-cron.php?doing_wp_cron=1576303526.1585340499877929687500 HTTP/1.1" 200 3389 "https://amazingsportwear.com/wp-cron.php?doing_wp_cron=1576303526.1585340499877929687500" "WordPress/5.2.5; https://amazingsportwear.com" "-"
66.249.64.148 - - [14/Dec/2019:07:05:25 +0100] "POST /?wc-ajax=get_refreshed_fragments HTTP/1.1" 200 4760 "https://amazingsportwear.com/categoria-producto/deportes/baloncesto/" "Mozilla/5.0 (Linux; Android 6.0.1; Nexus 5X Build/MMB29P) AppleWebKit/537.36 (KHTML, like Gecko) Chrome/41.0.2272.96 Mobile Safari/537.36 (compatible; Googlebot/2.1; +http://www.google.com/bot.html)" "_ga=GA1.2.1884029788.1576281600; _gid=GA1.2.969013651.1576281600; _gat_gtag_UA_91619287_1=1"
40.77.167.115 - - [14/Dec/2019:07:05:28 +0100] "GET / HTTP/1.1" 301 336 "-" "Mozilla/5.0 (compatible; bingbot/2.0; +http://www.bing.com/bingbot.htm)" "-"
217.76.130.90 - - [14/Dec/2019:07:06:52 +0100] "POST /wp-cron.php?doing_wp_cron=1576303612.1403479576110839843750 HTTP/1.1" 200 3389 "https://amazingsportwear.com/wp-cron.php?doing_wp_cron=1576303612.1403479576110839843750" "WordPress/5.2.5; https://amazingsportwear.com" "-"
66.249.64.146 - - [14/Dec/2019:07:06:51 +0100] "GET /categoria-producto/accesorios/linternas/ HTTP/1.1" 200 63551 "-" "Mozilla/5.0 (Linux; Android 6.0.1; Nexus 5X Build/MMB29P) AppleWebKit/537.36 (KHTML, like Gecko) Chrome/41.0.2272.96 Mobile Safari/537.36 (compatible; Googlebot/2.1; +http://www.google.com/bot.html)" "-"
217.76.130.90 - - [14/Dec/2019:07:07:04 +0100] "POST /wp-cron.php?doing_wp_cron=1576303624.6919150352478027343750 HTTP/1.1" 200 3389 "https://amazingsportwear.com/wp-cron.php?doing_wp_cron=1576303624.6919150352478027343750" "WordPress/5.2.5; https://amazingsportwear.com" "-"
66.249.64.148 - - [14/Dec/2019:07:07:04 +0100] "POST /?wc-ajax=get_refreshed_fragments HTTP/1.1" 200 4760 "https://amazingsportwear.com/categoria-producto/accesorios/linternas/" "Mozilla/5.0 (Linux; Android 6.0.1; Nexus 5X Build/MMB29P) AppleWebKit/537.36 (KHTML, like Gecko) Chrome/41.0.2272.96 Mobile Safari/537.36 (compatible; Googlebot/2.1; +http://www.google.com/bot.html)" "_ga=GA1.2.1884029788.1576281600; _gid=GA1.2.969013651.1576281600; _gat_gtag_UA_91619287_1=1"
66.249.64.144 - - [14/Dec/2019:07:07:18 +0100] "GET /categoria-producto/mujer/sudaderas-mujer/ HTTP/1.1" 200 55570 "-" "Mozilla/5.0 (Linux; Android 6.0.1; Nexus 5X Build/MMB29P) AppleWebKit/537.36 (KHTML, like Gecko) Chrome/41.0.2272.96 Mobile Safari/537.36 (compatible; Googlebot/2.1; +http://www.google.com/bot.html)" "-"
66.249.64.144 - - [14/Dec/2019:07:07:22 +0100] "POST /?wc-ajax=get_refreshed_fragments HTTP/1.1" 200 1397 "https://amazingsportwear.com/categoria-producto/mujer/sudaderas-mujer/" "Mozilla/5.0 (Linux; Android 6.0.1; Nexus 5X Build/MMB29P) AppleWebKit/537.36 (KHTML, like Gecko) Chrome/41.0.2272.96 Mobile Safari/537.36 (compatible; Googlebot/2.1; +http://www.google.com/bot.html)" "_ga=GA1.2.1884029788.1576281600; _gid=GA1.2.969013651.1576281600; _gat_gtag_UA_91619287_1=1"
217.76.130.90 - - [14/Dec/2019:07:08:11 +0100] "POST /wp-cron.php?doing_wp_cron=1576303691.2252120971679687500000 HTTP/1.1" 200 3389 "https://amazingsportwear.com/wp-cron.php?doing_wp_cron=1576303691.2252120971679687500000" "WordPress/5.2.5; https://amazingsportwear.com" "-"
66.249.64.144 - - [14/Dec/2019:07:08:10 +0100] "GET /categoria-producto/accesorios/gafas/ HTTP/1.1" 200 59977 "-" "Mozilla/5.0 (Linux; Android 6.0.1; Nexus 5X Build/MMB29P) AppleWebKit/537.36 (KHTML, like Gecko) Chrome/41.0.2272.96 Mobile Safari/537.36 (compatible; Googlebot/2.1; +http://www.google.com/bot.html)" "-"
66.249.64.146 - - [14/Dec/2019:07:08:15 +0100] "POST /?wc-ajax=get_refreshed_fragments HTTP/1.1" 200 4760 "https://amazingsportwear.com/categoria-producto/accesorios/gafas/" "Mozilla/5.0 (Linux; Android 6.0.1; Nexus 5X Build/MMB29P) AppleWebKit/537.36 (KHTML, like Gecko) Chrome/41.0.2272.96 Mobile Safari/537.36 (compatible; Googlebot/2.1; +http://www.google.com/bot.html)" "_ga=GA1.2.1884029788.1576281600; _gid=GA1.2.969013651.1576281600; _gat_gtag_UA_91619287_1=1"
217.76.130.90 - - [14/Dec/2019:07:10:32 +0100] "POST /wp-cron.php?doing_wp_cron=1576303831.9759409427642822265625 HTTP/1.1" 200 3389 "https://amazingsportwear.com/wp-cron.php?doing_wp_cron=1576303831.9759409427642822265625" "WordPress/5.2.5; https://amazingsportwear.com" "-"
66.249.64.144 - - [14/Dec/2019:07:10:31 +0100] "GET /producto/calcetin-deportivo-lycra-cp-lycra/ HTTP/1.1" 200 92994 "-" "Mozilla/5.0 (Linux; Android 6.0.1; Nexus 5X Build/MMB29P) AppleWebKit/537.36 (KHTML, like Gecko) Chrome/41.0.2272.96 Mobile Safari/537.36 (compatible; Googlebot/2.1; +http://www.google.com/bot.html)" "-"
66.249.64.144 - - [14/Dec/2019:07:10:38 +0100] "POST /?wc-ajax=get_refreshed_fragments HTTP/1.1" 200 1397 "https://amazingsportwear.com/producto/calcetin-deportivo-lycra-cp-lycra/" "Mozilla/5.0 (Linux; Android 6.0.1; Nexus 5X Build/MMB29P) AppleWebKit/537.36 (KHTML, like Gecko) Chrome/41.0.2272.96 Mobile Safari/537.36 (compatible; Googlebot/2.1; +http://www.google.com/bot.html)" "_ga=GA1.2.969013651.1576281600; _gid=GA1.2.1978218920.1576281600; _gat_gtag_UA_91619287_1=1"
217.76.130.90 - - [14/Dec/2019:07:11:59 +0100] "POST /wp-cron.php?doing_wp_cron=1576303919.5242779254913330078125 HTTP/1.1" 200 3389 "https://amazingsportwear.com/wp-cron.php?doing_wp_cron=1576303919.5242779254913330078125" "WordPress/5.2.5; https://amazingsportwear.com" "-"
66.249.64.144 - - [14/Dec/2019:07:11:58 +0100] "GET /producto/zapatillero-young/ HTTP/1.1" 200 98183 "-" "Mozilla/5.0 (Linux; Android 6.0.1; Nexus 5X Build/MMB29P) AppleWebKit/537.36 (KHTML, like Gecko) Chrome/41.0.2272.96 Mobile Safari/537.36 (compatible; Googlebot/2.1; +http://www.google.com/bot.html)" "-"
217.76.130.90 - - [14/Dec/2019:07:12:43 +0100] "POST /wp-cron.php?doing_wp_cron=1576303963.4644179344177246093750 HTTP/1.1" 200 3389 "https://amazingsportwear.com/wp-cron.php?doing_wp_cron=1576303963.4644179344177246093750" "WordPress/5.2.5; https://amazingsportwear.com" "-"
66.249.64.146 - - [14/Dec/2019:07:12:42 +0100] "GET /categoria-producto/hombre/ HTTP/1.1" 200 77155 "-" "Mozilla/5.0 (Linux; Android 6.0.1; Nexus 5X Build/MMB29P) AppleWebKit/537.36 (KHTML, like Gecko) Chrome/41.0.2272.96 Mobile Safari/537.36 (compatible; Googlebot/2.1; +http://www.google.com/bot.html)" "-"
217.76.130.90 - - [14/Dec/2019:07:13:53 +0100] "POST /wp-cron.php?doing_wp_cron=1576304033.4769399166107177734375 HTTP/1.1" 200 3389 "https://amazingsportwear.com/wp-cron.php?doing_wp_cron=1576304033.4769399166107177734375" "WordPress/5.2.5; https://amazingsportwear.com" "-"
66.249.64.144 - - [14/Dec/2019:07:13:52 +0100] "GET /categoria-producto/deportes/ciclismo/ HTTP/1.1" 200 64321 "-" "Mozilla/5.0 (Linux; Android 6.0.1; Nexus 5X Build/MMB29P) AppleWebKit/537.36 (KHTML, like Gecko) Chrome/41.0.2272.96 Mobile Safari/537.36 (compatible; Googlebot/2.1; +http://www.google.com/bot.html)" "-"
217.76.130.90 - - [14/Dec/2019:07:45:57 +0100] "POST /wp-cron.php?doing_wp_cron=1576305957.3551459312438964843750 HTTP/1.1" 200 3389 "https://amazingsportwear.com/wp-cron.php?doing_wp_cron=1576305957.3551459312438964843750" "WordPress/5.2.5; https://amazingsportwear.com" "-"
66.249.64.148 - - [14/Dec/2019:07:45:55 +0100] "GET /producto/camiseta-portero-futbol-manga-larga/ HTTP/1.1" 200 92459 "-" "Mozilla/5.0 (compatible; Googlebot/2.1; +http://www.google.com/bot.html)" "-"
217.76.130.90 - - [14/Dec/2019:07:49:17 +0100] "POST /wp-cron.php?doing_wp_cron=1576306157.4669630527496337890625 HTTP/1.1" 200 3389 "https://amazingsportwear.com/wp-cron.php?doing_wp_cron=1576306157.4669630527496337890625" "WordPress/5.2.5; https://amazingsportwear.com" "-"
66.249.64.148 - - [14/Dec/2019:07:49:16 +0100] "GET /producto/leggins-malla-larga-leire/ HTTP/1.1" 200 102806 "-" "Mozilla/5.0 (Linux; Android 6.0.1; Nexus 5X Build/MMB29P) AppleWebKit/537.36 (KHTML, like Gecko) Chrome/41.0.2272.96 Mobile Safari/537.36 (compatible; Googlebot/2.1; +http://www.google.com/bot.html)" "-"
217.76.130.90 - - [14/Dec/2019:07:52:47 +0100] "POST /wp-cron.php?doing_wp_cron=1576306367.4034759998321533203125 HTTP/1.1" 200 3389 "https://amazingsportwear.com/wp-cron.php?doing_wp_cron=1576306367.4034759998321533203125" "WordPress/5.2.5; https://amazingsportwear.com" "-"
31.13.103.21 - - [14/Dec/2019:07:52:46 +0100] "GET / HTTP/1.1" 200 125575 "-" "facebookexternalhit/1.1 (+http://www.facebook.com/externalhit_uatext.php)" "-"
31.13.103.10 - - [14/Dec/2019:07:52:49 +0100] "GET /contacta-con-nosotros HTTP/1.1" 301 319 "-" "facebookexternalhit/1.1 (+http://www.facebook.com/externalhit_uatext.php)" "-"
31.13.103.10 - - [14/Dec/2019:07:52:50 +0100] "GET /contacta-con-nosotros/ HTTP/1.1" 200 58207 "-" "facebookexternalhit/1.1 (+http://www.facebook.com/externalhit_uatext.php)" "-"
217.76.130.90 - - [14/Dec/2019:07:53:58 +0100] "POST /wp-cron.php?doing_wp_cron=1576306438.5830409526824951171875 HTTP/1.1" 200 3389 "https://amazingsportwear.com/wp-cron.php?doing_wp_cron=1576306438.5830409526824951171875" "WordPress/5.2.5; https://amazingsportwear.com" "-"
66.249.64.148 - - [14/Dec/2019:07:53:57 +0100] "GET /producto/llavero-metalico-juego-golf/ HTTP/1.1" 200 94696 "-" "Mozilla/5.0 (Linux; Android 6.0.1; Nexus 5X Build/MMB29P) AppleWebKit/537.36 (KHTML, like Gecko) Chrome/41.0.2272.96 Mobile Safari/537.36 (compatible; Googlebot/2.1; +http://www.google.com/bot.html)" "-"
217.76.130.90 - - [14/Dec/2019:08:02:10 +0100] "POST /wp-cron.php?doing_wp_cron=1576306930.5294289588928222656250 HTTP/1.1" 200 164 "http://amazingsportwear.com/wp-cron.php?doing_wp_cron=1576306930.5294289588928222656250" "WordPress/5.2.5; https://amazingsportwear.com" "-"
37.115.186.139 - - [14/Dec/2019:08:02:09 +0100] "GET /producto/camiseta-tecnica-manga-larga-sa-0415/ HTTP/1.1" 200 103888 "https://cheatengine6-2.ru/" "Mozilla/4.0 (compatible; MSIE 6.0; Windows NT 5.1; SV1; MRA 4.6 (build 01425); MRSPUTNIK 1, 5, 0, 19 SW)" "-"
37.115.186.139 - - [14/Dec/2019:08:02:10 +0100] "GET /producto/camiseta-tecnica-manga-larga-sa-0415/ HTTP/1.1" 200 103665 "https://cheatengine6-2.ru/" "Mozilla/4.0 (compatible; MSIE 6.0; Windows NT 5.1; SV1; MRA 4.6 (build 01425); MRSPUTNIK 1, 5, 0, 19 SW)" "-"
37.115.186.139 - - [14/Dec/2019:08:02:11 +0100] "GET /producto/camiseta-tecnica-manga-larga-sa-0415/ HTTP/1.1" 200 104031 "https://cheatengine6-2.ru/" "Mozilla/4.0 (compatible; MSIE 6.0; Windows NT 5.1; SV1; MRA 4.6 (build 01425); MRSPUTNIK 1, 5, 0, 19 SW)" "-"
217.76.130.90 - - [14/Dec/2019:08:07:25 +0100] "POST /wp-cron.php?doing_wp_cron=1576307245.8265368938446044921875 HTTP/1.1" 200 3389 "https://amazingsportwear.com/wp-cron.php?doing_wp_cron=1576307245.8265368938446044921875" "WordPress/5.2.5; https://amazingsportwear.com" "-"
66.249.64.146 - - [14/Dec/2019:08:07:25 +0100] "GET /producto/gorra-tecnica-dry-fit/ HTTP/1.1" 200 93213 "-" "Mozilla/5.0 (compatible; Googlebot/2.1; +http://www.google.com/bot.html)" "-"
217.76.130.90 - - [14/Dec/2019:08:22:48 +0100] "POST /wp-cron.php?doing_wp_cron=1576308168.0634920597076416015625 HTTP/1.1" 200 3389 "https://amazingsportwear.com/wp-cron.php?doing_wp_cron=1576308168.0634920597076416015625" "WordPress/5.2.5; https://amazingsportwear.com" "-"
66.249.64.144 - - [14/Dec/2019:08:22:46 +0100] "GET /category/inicio/ HTTP/1.1" 200 70461 "-" "Mozilla/5.0 (Linux; Android 6.0.1; Nexus 5X Build/MMB29P) AppleWebKit/537.36 (KHTML, like Gecko) Chrome/41.0.2272.96 Mobile Safari/537.36 (compatible; Googlebot/2.1; +http://www.google.com/bot.html)" "-"
217.76.130.90 - - [14/Dec/2019:08:23:05 +0100] "POST /wp-cron.php?doing_wp_cron=1576308184.9971530437469482421875 HTTP/1.1" 200 3389 "https://amazingsportwear.com/wp-cron.php?doing_wp_cron=1576308184.9971530437469482421875" "WordPress/5.2.5; https://amazingsportwear.com" "-"
66.249.64.148 - - [14/Dec/2019:08:23:04 +0100] "GET /politica-de-privacidad/ HTTP/1.1" 200 69826 "-" "Mozilla/5.0 (Linux; Android 6.0.1; Nexus 5X Build/MMB29P) AppleWebKit/537.36 (KHTML, like Gecko) Chrome/41.0.2272.96 Mobile Safari/537.36 (compatible; Googlebot/2.1; +http://www.google.com/bot.html)" "-"
217.76.130.90 - - [14/Dec/2019:08:38:00 +0100] "POST /wp-cron.php?doing_wp_cron=1576309080.7988579273223876953125 HTTP/1.1" 200 3389 "https://amazingsportwear.com/wp-cron.php?doing_wp_cron=1576309080.7988579273223876953125" "WordPress/5.2.5; https://amazingsportwear.com" "-"
66.249.64.144 - - [14/Dec/2019:08:37:59 +0100] "GET /producto/bidon-vandix/ HTTP/1.1" 200 99218 "-" "Mozilla/5.0 (Linux; Android 6.0.1; Nexus 5X Build/MMB29P) AppleWebKit/537.36 (KHTML, like Gecko) Chrome/41.0.2272.96 Mobile Safari/537.36 (compatible; Googlebot/2.1; +http://www.google.com/bot.html)" "-"
217.76.130.90 - - [14/Dec/2019:08:38:06 +0100] "POST /wp-cron.php?doing_wp_cron=1576309086.2066779136657714843750 HTTP/1.1" 200 3389 "https://amazingsportwear.com/wp-cron.php?doing_wp_cron=1576309086.2066779136657714843750" "WordPress/5.2.5; https://amazingsportwear.com" "-"
66.249.64.146 - - [14/Dec/2019:08:38:05 +0100] "POST /?wc-ajax=get_refreshed_fragments HTTP/1.1" 200 4760 "https://amazingsportwear.com/producto/bidon-vandix/" "Mozilla/5.0 (Linux; Android 6.0.1; Nexus 5X Build/MMB29P) AppleWebKit/537.36 (KHTML, like Gecko) Chrome/41.0.2272.96 Mobile Safari/537.36 (compatible; Googlebot/2.1; +http://www.google.com/bot.html)" "_ga=GA1.2.969013651.1576281600; _gid=GA1.2.1978218920.1576281600; _gat_gtag_UA_91619287_1=1"
217.76.130.90 - - [14/Dec/2019:08:41:33 +0100] "POST /wp-cron.php?doing_wp_cron=1576309293.2809760570526123046875 HTTP/1.1" 200 3389 "https://amazingsportwear.com/wp-cron.php?doing_wp_cron=1576309293.2809760570526123046875" "WordPress/5.2.5; https://amazingsportwear.com" "-"
157.55.39.30 - - [14/Dec/2019:08:41:32 +0100] "GET /robots.txt HTTP/1.1" 200 2297 "-" "Mozilla/5.0 (compatible; bingbot/2.0; +http://www.bing.com/bingbot.htm)" "-"
157.55.39.30 - - [14/Dec/2019:08:41:34 +0100] "GET /robots.txt HTTP/1.1" 200 3939 "-" "Mozilla/5.0 (compatible; bingbot/2.0; +http://www.bing.com/bingbot.htm)" "-"
157.55.39.174 - - [14/Dec/2019:08:41:37 +0100] "GET /23-ofertas HTTP/1.1" 404 72269 "-" "Mozilla/5.0 (compatible; bingbot/2.0; +http://www.bing.com/bingbot.htm)" "-"
217.76.130.90 - - [14/Dec/2019:09:09:27 +0100] "POST /wp-cron.php?doing_wp_cron=1576310967.5648620128631591796875 HTTP/1.1" 200 3389 "https://amazingsportwear.com/wp-cron.php?doing_wp_cron=1576310967.5648620128631591796875" "WordPress/5.2.5; https://amazingsportwear.com" "-"
66.249.64.146 - - [14/Dec/2019:09:09:25 +0100] "GET /category-sitemap.xml HTTP/1.1" 200 4541 "-" "Mozilla/5.0 (compatible; Googlebot/2.1; +http://www.google.com/bot.html)" "-"
217.76.130.90 - - [14/Dec/2019:09:11:31 +0100] "POST /wp-cron.php?doing_wp_cron=1576311091.0031359195709228515625 HTTP/1.1" 200 164 "http://amazingsportwear.com/wp-cron.php?doing_wp_cron=1576311091.0031359195709228515625" "WordPress/5.2.5; https://amazingsportwear.com" "-"
87.98.165.248 - - [14/Dec/2019:09:11:30 +0100] "GET /wp-includes/wp-tmp.php HTTP/1.1" 404 67998 "-" "Mozilla/5.0 (Windows NT 6.1; WOW64) AppleWebKit/537.36 (KHTML, like Gecko) Chrome/41.0.2227.0 Safari/537.36" "-"
217.76.130.90 - - [14/Dec/2019:09:21:19 +0100] "POST /wp-cron.php?doing_wp_cron=1576311679.5365400314331054687500 HTTP/1.1" 200 3389 "https://amazingsportwear.com/wp-cron.php?doing_wp_cron=1576311679.5365400314331054687500" "WordPress/5.2.5; https://amazingsportwear.com" "-"
66.249.64.144 - - [14/Dec/2019:09:21:17 +0100] "GET /producto/camiseta-tecnica-arabia-eny-ar01-blanca/ HTTP/1.1" 200 105592 "-" "Mozilla/5.0 (Linux; Android 6.0.1; Nexus 5X Build/MMB29P) AppleWebKit/537.36 (KHTML, like Gecko) Chrome/41.0.2272.96 Mobile Safari/537.36 (compatible; Googlebot/2.1; +http://www.google.com/bot.html)" "-"
66.249.64.146 - - [14/Dec/2019:09:21:25 +0100] "GET /wp-content/plugins/woocommerce/assets/css/blocks/style.css?ver=3.6.4 HTTP/1.1" 200 10060 "https://amazingsportwear.com/producto/camiseta-tecnica-arabia-eny-ar01-blanca/" "Mozilla/5.0 (Linux; Android 6.0.1; Nexus 5X Build/MMB29P) AppleWebKit/537.36 (KHTML, like Gecko) Chrome/41.0.2272.96 Mobile Safari/537.36 (compatible; Googlebot/2.1; +http://www.google.com/bot.html)" "-"
217.76.130.90 - - [14/Dec/2019:09:46:05 +0100] "POST /wp-cron.php?doing_wp_cron=1576313165.0014090538024902343750 HTTP/1.1" 200 164 "http://amazingsportwear.com/wp-cron.php?doing_wp_cron=1576313165.0014090538024902343750" "WordPress/5.2.5; https://amazingsportwear.com" "-"
157.55.39.173 - - [14/Dec/2019:09:46:01 +0100] "GET /21-tenis-padel HTTP/1.1" 404 68008 "-" "Mozilla/5.0 (iPhone; CPU iPhone OS 7_0 like Mac OS X) AppleWebKit/537.51.1 (KHTML, like Gecko) Version/7.0 Mobile/11A465 Safari/9537.53 (compatible; bingbot/2.0; +http://www.bing.com/bingbot.htm)" "-"
217.76.130.90 - - [14/Dec/2019:09:46:05 +0100] "POST /wp-admin/admin-ajax.php?action=wp_1_wc_privacy_cleanup&nonce=3738769afd HTTP/1.1" 200 3707 "https://amazingsportwear.com/wp-admin/admin-ajax.php?action=wp_1_wc_privacy_cleanup&nonce=3738769afd" "WordPress/5.2.5; https://amazingsportwear.com" "-"
217.76.130.90 - - [14/Dec/2019:09:56:35 +0100] "POST /wp-cron.php?doing_wp_cron=1576313795.2847349643707275390625 HTTP/1.1" 200 164 "http://amazingsportwear.com/wp-cron.php?doing_wp_cron=1576313795.2847349643707275390625" "WordPress/5.2.5; https://amazingsportwear.com" "-"
5.100.249.231 - - [14/Dec/2019:09:56:34 +0100] "GET /wp-content/themes/azuma/db.php?u=true HTTP/1.1" 404 68024 "-" "Python-urllib/2.7" "-"
217.76.130.90 - - [14/Dec/2019:10:00:50 +0100] "POST /wp-cron.php?doing_wp_cron=1576314050.8126199245452880859375 HTTP/1.1" 200 164 "http://amazingsportwear.com/wp-cron.php?doing_wp_cron=1576314050.8126199245452880859375" "WordPress/5.2.5; https://amazingsportwear.com" "-"
157.55.39.173 - - [14/Dec/2019:10:00:49 +0100] "GET /atletismo/182-chaleco-cortavientos-sublimado-asw.html HTTP/1.1" 404 68092 "-" "Mozilla/5.0 (iPhone; CPU iPhone OS 7_0 like Mac OS X) AppleWebKit/537.51.1 (KHTML, like Gecko) Version/7.0 Mobile/11A465 Safari/9537.53 (compatible; bingbot/2.0; +http://www.bing.com/bingbot.htm)" "-"
217.76.130.90 - - [14/Dec/2019:10:10:17 +0100] "POST /wp-cron.php?doing_wp_cron=1576314617.1474249362945556640625 HTTP/1.1" 200 164 "http://amazingsportwear.com/wp-cron.php?doing_wp_cron=1576314617.1474249362945556640625" "WordPress/5.2.5; https://amazingsportwear.com" "-"
193.93.249.202 - - [14/Dec/2019:10:10:15 +0100] "GET /wp-admin/update-core.php HTTP/1.1" 302 398 "http://site.ru" "Mozilla/5.0 (Windows; U; Windows NT 5.1; en-US) AppleWebKit/533.4 (KHTML, like Gecko) Chrome/5.0.375.99 Safari/533.4" "-"
193.93.249.202 - - [14/Dec/2019:10:10:17 +0100] "GET /wp-admin/update-core.php HTTP/1.1" 302 3701 "http://site.ru" "Mozilla/5.0 (Windows; U; Windows NT 5.1; en-US) AppleWebKit/533.4 (KHTML, like Gecko) Chrome/5.0.375.99 Safari/533.4" "-"
193.93.249.202 - - [14/Dec/2019:10:10:18 +0100] "GET /wp-login.php?redirect_to=https%3A%2F%2Famazingsportwear.com%2Fwp-admin%2Fupdate-core.php&reauth=1 HTTP/1.1" 200 6711 "http://site.ru" "Mozilla/5.0 (Windows; U; Windows NT 5.1; en-US) AppleWebKit/533.4 (KHTML, like Gecko) Chrome/5.0.375.99 Safari/533.4" "-"
193.93.249.202 - - [14/Dec/2019:10:10:42 +0100] "GET /wp-admin/update-core.php HTTP/1.1" 302 398 "http://site.ru" "Mozilla/5.0 (Windows; U; Windows NT 5.1; en-US) AppleWebKit/533.4 (KHTML, like Gecko) Chrome/5.0.375.99 Safari/533.4" "-"
193.93.249.202 - - [14/Dec/2019:10:10:43 +0100] "GET /wp-admin/update-core.php HTTP/1.1" 302 3701 "http://site.ru" "Mozilla/5.0 (Windows; U; Windows NT 5.1; en-US) AppleWebKit/533.4 (KHTML, like Gecko) Chrome/5.0.375.99 Safari/533.4" "-"
193.93.249.202 - - [14/Dec/2019:10:10:44 +0100] "GET /wp-login.php?redirect_to=https%3A%2F%2Famazingsportwear.com%2Fwp-admin%2Fupdate-core.php&reauth=1 HTTP/1.1" 200 6711 "http://site.ru" "Mozilla/5.0 (Windows; U; Windows NT 5.1; en-US) AppleWebKit/533.4 (KHTML, like Gecko) Chrome/5.0.375.99 Safari/533.4" "-"
217.76.130.90 - - [14/Dec/2019:10:12:09 +0100] "POST /wp-cron.php?doing_wp_cron=1576314729.7474999427795410156250 HTTP/1.1" 200 3389 "https://amazingsportwear.com/wp-cron.php?doing_wp_cron=1576314729.7474999427795410156250" "WordPress/5.2.5; https://amazingsportwear.com" "-"
40.77.167.115 - - [14/Dec/2019:10:12:09 +0100] "GET /categoria-producto/cinco/ HTTP/1.1" 200 53935 "-" "Mozilla/5.0 (compatible; bingbot/2.0; +http://www.bing.com/bingbot.htm)" "-"
217.76.130.90 - - [14/Dec/2019:10:14:29 +0100] "POST /wp-cron.php?doing_wp_cron=1576314869.1552131175994873046875 HTTP/1.1" 200 164 "http://amazingsportwear.com/wp-cron.php?doing_wp_cron=1576314869.1552131175994873046875" "WordPress/5.2.5; https://amazingsportwear.com" "-"
157.55.39.30 - - [14/Dec/2019:10:14:28 +0100] "GET /robots.txt HTTP/1.1" 200 432 "-" "Mozilla/5.0 (compatible; bingbot/2.0; +http://www.bing.com/bingbot.htm)" "-"
157.55.39.174 - - [14/Dec/2019:10:14:31 +0100] "GET /producto/toalla-absorvente-gymnasio/ HTTP/1.1" 200 103047 "-" "Mozilla/5.0 (compatible; bingbot/2.0; +http://www.bing.com/bingbot.htm)" "-"
217.76.130.90 - - [14/Dec/2019:10:20:32 +0100] "POST /wp-cron.php?doing_wp_cron=1576315232.4881830215454101562500 HTTP/1.1" 200 3389 "https://amazingsportwear.com/wp-cron.php?doing_wp_cron=1576315232.4881830215454101562500" "WordPress/5.2.5; https://amazingsportwear.com" "-"
69.171.251.19 - - [14/Dec/2019:10:20:31 +0100] "GET / HTTP/1.1" 200 125575 "-" "facebookexternalhit/1.1 (+http://www.facebook.com/externalhit_uatext.php)" "-"
69.171.251.30 - - [14/Dec/2019:10:20:38 +0100] "GET /contacta-con-nosotros HTTP/1.1" 301 319 "-" "facebookexternalhit/1.1 (+http://www.facebook.com/externalhit_uatext.php)" "-"
69.171.251.30 - - [14/Dec/2019:10:20:39 +0100] "GET /contacta-con-nosotros/ HTTP/1.1" 200 58172 "-" "facebookexternalhit/1.1 (+http://www.facebook.com/externalhit_uatext.php)" "-"
217.76.130.90 - - [14/Dec/2019:10:26:12 +0100] "POST /wp-cron.php?doing_wp_cron=1576315572.2725100517272949218750 HTTP/1.1" 200 164 "http://amazingsportwear.com/wp-cron.php?doing_wp_cron=1576315572.2725100517272949218750" "WordPress/5.2.5; https://amazingsportwear.com" "-"
52.240.159.47 - - [14/Dec/2019:10:26:11 +0100] "GET /robots.txt HTTP/1.1" 200 432 "-" "Mozilla/5.0 (compatible; bingbot/2.0; +http://www.bing.com/bingbot.htm)" "-"
52.162.161.148 - - [14/Dec/2019:10:26:51 +0100] "GET /content/18-politica-de-calidad HTTP/1.1" 404 68076 "-" "Mozilla/5.0 (compatible; bingbot/2.0; +http://www.bing.com/bingbot.htm)" "-"
217.76.130.90 - - [14/Dec/2019:10:36:47 +0100] "POST /wp-cron.php?doing_wp_cron=1576316207.2427709102630615234375 HTTP/1.1" 200 3389 "https://amazingsportwear.com/wp-cron.php?doing_wp_cron=1576316207.2427709102630615234375" "WordPress/5.2.5; https://amazingsportwear.com" "-"
66.249.64.148 - - [14/Dec/2019:10:36:46 +0100] "GET /producto/maillot-manga-corta/ HTTP/1.1" 200 91831 "-" "Mozilla/5.0 (Linux; Android 6.0.1; Nexus 5X Build/MMB29P) AppleWebKit/537.36 (KHTML, like Gecko) Chrome/41.0.2272.96 Mobile Safari/537.36 (compatible; Googlebot/2.1; +http://www.google.com/bot.html)" "-"
217.76.130.90 - - [14/Dec/2019:10:40:15 +0100] "POST /wp-cron.php?doing_wp_cron=1576316415.4871809482574462890625 HTTP/1.1" 200 164 "http://amazingsportwear.com/wp-cron.php?doing_wp_cron=1576316415.4871809482574462890625" "WordPress/5.2.5; https://amazingsportwear.com" "-"
66.249.64.159 - - [14/Dec/2019:10:40:14 +0100] "GET /tienda/211-pantalon-largo-aspen-sa-1177.html HTTP/1.1" 404 68114 "-" "Mozilla/5.0 (Linux; Android 6.0.1; Nexus 5X Build/MMB29P) AppleWebKit/537.36 (KHTML, like Gecko) Chrome/41.0.2272.96 Mobile Safari/537.36 (compatible; Googlebot/2.1; +http://www.google.com/bot.html)" "-"
217.76.130.90 - - [14/Dec/2019:10:53:59 +0100] "POST /wp-cron.php?doing_wp_cron=1576317239.9653561115264892578125 HTTP/1.1" 200 3389 "https://amazingsportwear.com/wp-cron.php?doing_wp_cron=1576317239.9653561115264892578125" "WordPress/5.2.5; https://amazingsportwear.com" "-"
223.247.168.175 - - [14/Dec/2019:10:53:58 +0100] "GET /producto/pantalon-deportivo-padel-tenis-nath-energy HTTP/1.1" 301 3575 "-" "Mozilla/5.0(Linux;Android 5.1.1;OPPO A33 Build/LMY47V;wv) AppleWebKit/537.36(KHTML,link Gecko) Version/4.0 Chrome/42.0.2311.138 Mobile Safari/537.36 Mb2345Browser/9.0" "-"
217.76.130.90 - - [14/Dec/2019:10:54:03 +0100] "POST /wp-cron.php?doing_wp_cron=1576317243.2712559700012207031250 HTTP/1.1" 200 3389 "https://amazingsportwear.com/wp-cron.php?doing_wp_cron=1576317243.2712559700012207031250" "WordPress/5.2.5; https://amazingsportwear.com" "-"
223.247.168.175 - - [14/Dec/2019:10:54:02 +0100] "GET /producto/pantalon-deportivo-padel-tenis-nath-energy/ HTTP/1.1" 200 104139 "-" "Mozilla/5.0(Linux;Android 5.1.1;OPPO A33 Build/LMY47V;wv) AppleWebKit/537.36(KHTML,link Gecko) Version/4.0 Chrome/42.0.2311.138 Mobile Safari/537.36 Mb2345Browser/9.0" "wpfront-notification-bar-landingpage=1"
125.36.38.247 - - [14/Dec/2019:10:54:07 +0100] "GET /img/cms/tienda/SA-6653-todos.png HTTP/1.1" 404 68039 "-" "Mozilla/5.0(Linux;Android 5.1.1;OPPO A33 Build/LMY47V;wv) AppleWebKit/537.36(KHTML,link Gecko) Version/4.0 Chrome/43.0.2357.121 Mobile Safari/537.36 LieBaoFast/4.51.3" "-"
183.166.161.89 - - [14/Dec/2019:10:55:18 +0100] "GET /wp-content/uploads/2019/04/SKY-TAPA-NEGRA-DISE%C3%91O-BOHO-PINK-300x300.jpg HTTP/1.1" 200 40662 "-" "Mozilla/5.0 (Linux; Android 7.0; FRD-AL00 Build/HUAWEIFRD-AL00; wv) AppleWebKit/537.36 (KHTML, like Gecko) Version/4.0 Chrome/53.0.2785.49 Mobile MQQBrowser/6.2 TBS/043602 Safari/537.36 MicroMessenger/6.5.16.1120 NetType/WIFI Language/zh_CN" "-"
217.76.130.90 - - [14/Dec/2019:10:55:25 +0100] "POST /wp-cron.php?doing_wp_cron=1576317325.0930080413818359375000 HTTP/1.1" 200 3389 "https://amazingsportwear.com/wp-cron.php?doing_wp_cron=1576317325.0930080413818359375000" "WordPress/5.2.5; https://amazingsportwear.com" "-"
182.246.111.95 - - [14/Dec/2019:10:55:24 +0100] "GET /etiqueta-producto/botella-tritan HTTP/1.1" 301 3556 "-" "Mozilla/5.0(Linux;Android 5.1.1;OPPO A33 Build/LMY47V;wv) AppleWebKit/537.36(KHTML,link Gecko) Version/4.0 Chrome/43.0.2357.121 Mobile Safari/537.36 LieBaoFast/4.51.3" "-"
182.246.111.95 - - [14/Dec/2019:10:55:32 +0100] "GET /etiqueta-producto/botella-tritan/ HTTP/1.1" 200 53738 "-" "Mozilla/5.0(Linux;Android 5.1.1;OPPO A33 Build/LMY47V;wv) AppleWebKit/537.36(KHTML,link Gecko) Version/4.0 Chrome/43.0.2357.121 Mobile Safari/537.36 LieBaoFast/4.51.3" "wpfront-notification-bar-landingpage=1"
217.76.130.90 - - [14/Dec/2019:10:59:06 +0100] "POST /wp-cron.php?doing_wp_cron=1576317546.4615640640258789062500 HTTP/1.1" 200 164 "http://amazingsportwear.com/wp-cron.php?doing_wp_cron=1576317546.4615640640258789062500" "WordPress/5.2.5; https://amazingsportwear.com" "-"
207.46.13.91 - - [14/Dec/2019:10:59:05 +0100] "GET /ciclismo/42-manguito-brazo-ciclismo.html HTTP/1.1" 404 68051 "-" "Mozilla/5.0 (iPhone; CPU iPhone OS 7_0 like Mac OS X) AppleWebKit/537.51.1 (KHTML, like Gecko) Version/7.0 Mobile/11A465 Safari/9537.53 (compatible; bingbot/2.0; +http://www.bing.com/bingbot.htm)" "-"
217.76.130.90 - - [14/Dec/2019:11:05:01 +0100] "POST /wp-cron.php?doing_wp_cron=1576317901.2595129013061523437500 HTTP/1.1" 200 3389 "https://amazingsportwear.com/wp-cron.php?doing_wp_cron=1576317901.2595129013061523437500" "WordPress/5.2.5; https://amazingsportwear.com" "-"
207.46.13.91 - - [14/Dec/2019:11:05:00 +0100] "GET /producto/camiseta-tecnica-combinada-atom-aq-atom/ HTTP/1.1" 200 104375 "-" "Mozilla/5.0 (compatible; bingbot/2.0; +http://www.bing.com/bingbot.htm)" "-"
217.76.130.90 - - [14/Dec/2019:11:23:37 +0100] "POST /wp-cron.php?doing_wp_cron=1576319017.2979280948638916015625 HTTP/1.1" 200 164 "http://amazingsportwear.com/wp-cron.php?doing_wp_cron=1576319017.2979280948638916015625" "WordPress/5.2.5; https://amazingsportwear.com" "-"
52.162.161.148 - - [14/Dec/2019:11:23:34 +0100] "GET /content/18-politica-de-calidad HTTP/1.1" 404 68086 "-" "Mozilla/5.0 (compatible; bingbot/2.0; +http://www.bing.com/bingbot.htm)" "-"
217.76.130.90 - - [14/Dec/2019:11:27:04 +0100] "POST /wp-cron.php?doing_wp_cron=1576319224.8831970691680908203125 HTTP/1.1" 200 3389 "https://amazingsportwear.com/wp-cron.php?doing_wp_cron=1576319224.8831970691680908203125" "WordPress/5.2.5; https://amazingsportwear.com" "-"
66.249.64.146 - - [14/Dec/2019:11:27:04 +0100] "GET /producto/llavero-metalico-tenis/ HTTP/1.1" 200 94637 "-" "Mozilla/5.0 (Linux; Android 6.0.1; Nexus 5X Build/MMB29P) AppleWebKit/537.36 (KHTML, like Gecko) Chrome/41.0.2272.96 Mobile Safari/537.36 (compatible; Googlebot/2.1; +http://www.google.com/bot.html)" "-"
217.76.130.90 - - [14/Dec/2019:11:28:41 +0100] "POST /wp-cron.php?doing_wp_cron=1576319321.2867650985717773437500 HTTP/1.1" 200 3389 "https://amazingsportwear.com/wp-cron.php?doing_wp_cron=1576319321.2867650985717773437500" "WordPress/5.2.5; https://amazingsportwear.com" "-"
66.249.64.148 - - [14/Dec/2019:11:28:40 +0100] "GET /categoria-producto/accesorios/llaveros/ HTTP/1.1" 200 69213 "-" "Mozilla/5.0 (Linux; Android 6.0.1; Nexus 5X Build/MMB29P) AppleWebKit/537.36 (KHTML, like Gecko) Chrome/41.0.2272.96 Mobile Safari/537.36 (compatible; Googlebot/2.1; +http://www.google.com/bot.html)" "-"
217.76.130.90 - - [14/Dec/2019:11:35:41 +0100] "POST /wp-cron.php?doing_wp_cron=1576319741.2383480072021484375000 HTTP/1.1" 200 3389 "https://amazingsportwear.com/wp-cron.php?doing_wp_cron=1576319741.2383480072021484375000" "WordPress/5.2.5; https://amazingsportwear.com" "-"
66.249.64.148 - - [14/Dec/2019:11:35:39 +0100] "GET /17-basket HTTP/1.1" 404 72292 "-" "Mozilla/5.0 (Linux; Android 6.0.1; Nexus 5X Build/MMB29P) AppleWebKit/537.36 (KHTML, like Gecko) Chrome/41.0.2272.96 Mobile Safari/537.36 (compatible; Googlebot/2.1; +http://www.google.com/bot.html)" "-"
222.219.11.84 - - [14/Dec/2019:11:38:10 +0100] "GET /wp-content/uploads/2018/04/aq-armour-aerobic-negro-naranja.jpg HTTP/1.1" 200 72655 "-" "Mozilla/5.0 (Linux; Android 7.0; FRD-AL00 Build/HUAWEIFRD-AL00; wv) AppleWebKit/537.36 (KHTML, like Gecko) Version/4.0 Chrome/53.0.2785.49 Mobile MQQBrowser/6.2 TBS/043602 Safari/537.36 MicroMessenger/6.5.16.1120 NetType/WIFI Language/zh_CN" "-"
116.248.186.57 - - [14/Dec/2019:11:37:52 +0100] "GET /wp-content/uploads/2019/03/SA-6399-6.png HTTP/1.1" 200 187554 "-" "Mozilla/5.0(Linux;U;Android 5.1.1;zh-CN;OPPO A33 Build/LMY47V) AppleWebKit/537.36(KHTML,like Gecko) Version/4.0 Chrome/40.0.2214.89 UCBrowser/11.7.0.953 Mobile Safari/537.36" "-"
217.76.130.90 - - [14/Dec/2019:11:41:13 +0100] "POST /wp-cron.php?doing_wp_cron=1576320073.0860071182250976562500 HTTP/1.1" 200 3389 "https://amazingsportwear.com/wp-cron.php?doing_wp_cron=1576320073.0860071182250976562500" "WordPress/5.2.5; https://amazingsportwear.com" "-"
66.249.64.146 - - [14/Dec/2019:11:41:12 +0100] "GET /937-home_default/pantalon-leggin-adelaida-sa-0459.jpg HTTP/1.1" 404 72361 "-" "Googlebot-Image/1.0" "-"
217.76.130.90 - - [14/Dec/2019:11:44:45 +0100] "POST /wp-cron.php?doing_wp_cron=1576320285.8208880424499511718750 HTTP/1.1" 200 3389 "https://amazingsportwear.com/wp-cron.php?doing_wp_cron=1576320285.8208880424499511718750" "WordPress/5.2.5; https://amazingsportwear.com" "-"
5.153.178.43 - - [14/Dec/2019:11:44:45 +0100] "GET / HTTP/1.0" 200 124742 "https://amazingsportwear.com/" "Mozilla/5.0 (Windows NT 6.3; Win64; x64) AppleWebKit/537.36 (KHTML, like Gecko) Chrome/65.0.3325.146 Safari/537.36" "-"
5.153.178.43 - - [14/Dec/2019:11:44:48 +0100] "POST / HTTP/1.0" 200 125084 "https://amazingsportwear.com/" "Mozilla/5.0 (Windows NT 6.3; Win64; x64) AppleWebKit/537.36 (KHTML, like Gecko) Chrome/65.0.3325.146 Safari/537.36" "wpfront-notification-bar-landingpage=1"
217.76.130.90 - - [14/Dec/2019:11:55:37 +0100] "POST /wp-cron.php?doing_wp_cron=1576320937.1422080993652343750000 HTTP/1.1" 200 3389 "https://amazingsportwear.com/wp-cron.php?doing_wp_cron=1576320937.1422080993652343750000" "WordPress/5.2.5; https://amazingsportwear.com" "-"
66.249.64.148 - - [14/Dec/2019:11:55:35 +0100] "GET /producto/falda-patty-sa-0321/ HTTP/1.1" 200 95422 "-" "Mozilla/5.0 (Linux; Android 6.0.1; Nexus 5X Build/MMB29P) AppleWebKit/537.36 (KHTML, like Gecko) Chrome/41.0.2272.96 Mobile Safari/537.36 (compatible; Googlebot/2.1; +http://www.google.com/bot.html)" "-"
66.249.64.146 - - [14/Dec/2019:11:55:47 +0100] "POST /?wc-ajax=get_refreshed_fragments HTTP/1.1" 200 4760 "https://amazingsportwear.com/producto/falda-patty-sa-0321/" "Mozilla/5.0 (Linux; Android 6.0.1; Nexus 5X Build/MMB29P) AppleWebKit/537.36 (KHTML, like Gecko) Chrome/41.0.2272.96 Mobile Safari/537.36 (compatible; Googlebot/2.1; +http://www.google.com/bot.html)" "_ga=GA1.2.969013651.1576281600; _gid=GA1.2.1978218920.1576281600; _gat_gtag_UA_91619287_1=1"
95.19.240.36 - - [14/Dec/2019:12:01:55 +0100] "GET /wp-content/uploads/2018/05/cif-g221-3.jpg HTTP/1.1" 200 47267 "https://www.google.com/" "Mozilla/5.0 (Windows NT 6.3; Win64; x64) AppleWebKit/537.36 (KHTML, like Gecko) Chrome/78.0.3904.108 Safari/537.36" "-"
217.76.130.90 - - [14/Dec/2019:12:01:57 +0100] "POST /wp-cron.php?doing_wp_cron=1576321317.7234621047973632812500 HTTP/1.1" 200 164 "http://amazingsportwear.com/wp-cron.php?doing_wp_cron=1576321317.7234621047973632812500" "WordPress/5.2.5; https://amazingsportwear.com" "-"
37.115.186.139 - - [14/Dec/2019:12:01:57 +0100] "GET /producto/camiseta-tecnica-manga-larga-sa-0415/ HTTP/1.1" 200 104274 "http://greenshop.su/" "Mozilla/4.0 (compatible; MSIE 7.0b; Windows NT 6.0 ; .NET CLR 2.0.50215; SL Commerce Client v1.0; Tablet PC 2.0" "-"
37.115.186.139 - - [14/Dec/2019:12:01:58 +0100] "GET /producto/camiseta-tecnica-manga-larga-sa-0415/ HTTP/1.1" 200 104079 "http://greenshop.su/" "Mozilla/4.0 (compatible; MSIE 7.0b; Windows NT 6.0 ; .NET CLR 2.0.50215; SL Commerce Client v1.0; Tablet PC 2.0" "-"
37.115.186.139 - - [14/Dec/2019:12:01:59 +0100] "GET /producto/camiseta-tecnica-manga-larga-sa-0415/ HTTP/1.1" 200 103555 "http://greenshop.su/" "Mozilla/4.0 (compatible; MSIE 7.0b; Windows NT 6.0 ; .NET CLR 2.0.50215; SL Commerce Client v1.0; Tablet PC 2.0" "-"
217.76.130.90 - - [14/Dec/2019:12:12:52 +0100] "POST /wp-cron.php?doing_wp_cron=1576321972.8809809684753417968750 HTTP/1.1" 200 3389 "https://amazingsportwear.com/wp-cron.php?doing_wp_cron=1576321972.8809809684753417968750" "WordPress/5.2.5; https://amazingsportwear.com" "-"
66.249.64.146 - - [14/Dec/2019:12:12:51 +0100] "GET /producto/bidon-aluminio-mento/ HTTP/1.1" 200 99813 "-" "Mozilla/5.0 (compatible; Googlebot/2.1; +http://www.google.com/bot.html)" "-"
217.76.130.90 - - [14/Dec/2019:12:17:58 +0100] "POST /wp-cron.php?doing_wp_cron=1576322278.6817591190338134765625 HTTP/1.1" 200 164 "http://amazingsportwear.com/wp-cron.php?doing_wp_cron=1576322278.6817591190338134765625" "WordPress/5.2.5; https://amazingsportwear.com" "-"
103.254.151.3 - - [14/Dec/2019:12:17:57 +0100] "GET /wp-admin/user/profile.php HTTP/1.1" 302 399 "http://site.ru" "Mozilla/5.0 (Windows; U; Windows NT 5.1; en-US) AppleWebKit/533.4 (KHTML, like Gecko) Chrome/5.0.375.99 Safari/533.4" "-"
103.254.151.3 - - [14/Dec/2019:12:18:00 +0100] "GET /wp-admin/user/profile.php HTTP/1.1" 302 399 "http://site.ru" "Mozilla/5.0 (Windows; U; Windows NT 5.1; en-US) AppleWebKit/533.4 (KHTML, like Gecko) Chrome/5.0.375.99 Safari/533.4" "-"
217.76.130.90 - - [14/Dec/2019:12:21:43 +0100] "POST /wp-cron.php?doing_wp_cron=1576322503.2637810707092285156250 HTTP/1.1" 200 3389 "https://amazingsportwear.com/wp-cron.php?doing_wp_cron=1576322503.2637810707092285156250" "WordPress/5.2.5; https://amazingsportwear.com" "-"
125.105.94.251 - - [14/Dec/2019:12:21:42 +0100] "GET /categoria-producto/xxl/page/1 HTTP/1.1" 301 3546 "-" "Mozilla/5.0(Linux;Android 5.1.1;OPPO A33 Build/LMY47V;wv) AppleWebKit/537.36(KHTML,link Gecko) Version/4.0 Chrome/42.0.2311.138 Mobile Safari/537.36 Mb2345Browser/9.0" "-"
125.105.94.251 - - [14/Dec/2019:12:21:46 +0100] "GET /categoria-producto/xxl/ HTTP/1.1" 200 75729 "-" "Mozilla/5.0(Linux;Android 5.1.1;OPPO A33 Build/LMY47V;wv) AppleWebKit/537.36(KHTML,link Gecko) Version/4.0 Chrome/42.0.2311.138 Mobile Safari/537.36 Mb2345Browser/9.0" "-"
217.76.130.90 - - [14/Dec/2019:12:29:15 +0100] "POST /wp-cron.php?doing_wp_cron=1576322955.3029029369354248046875 HTTP/1.1" 200 3389 "https://amazingsportwear.com/wp-cron.php?doing_wp_cron=1576322955.3029029369354248046875" "WordPress/5.2.5; https://amazingsportwear.com" "-"
66.249.64.146 - - [14/Dec/2019:12:29:14 +0100] "GET /producto/camiseta-tecnica-tirantes-ribete-nath-beat/ HTTP/1.1" 200 104588 "-" "Mozilla/5.0 (compatible; Googlebot/2.1; +http://www.google.com/bot.html)" "-"
66.249.64.144 - - [14/Dec/2019:12:29:40 +0100] "GET /producto/braga-gorro-polar-cat-8016/ HTTP/1.1" 200 100229 "-" "Mozilla/5.0 (compatible; Googlebot/2.1; +http://www.google.com/bot.html)" "-"
217.76.130.90 - - [14/Dec/2019:12:50:56 +0100] "POST /wp-cron.php?doing_wp_cron=1576324256.4759879112243652343750 HTTP/1.1" 200 3389 "https://amazingsportwear.com/wp-cron.php?doing_wp_cron=1576324256.4759879112243652343750" "WordPress/5.2.5; https://amazingsportwear.com" "-"
66.249.64.148 - - [14/Dec/2019:12:50:53 +0100] "GET /producto/botella-para-deporte-aqua/ HTTP/1.1" 200 99441 "-" "Mozilla/5.0 (Linux; Android 6.0.1; Nexus 5X Build/MMB29P) AppleWebKit/537.36 (KHTML, like Gecko) Chrome/41.0.2272.96 Mobile Safari/537.36 (compatible; Googlebot/2.1; +http://www.google.com/bot.html)" "-"
217.76.130.90 - - [14/Dec/2019:12:51:07 +0100] "POST /wp-cron.php?doing_wp_cron=1576324267.9082739353179931640625 HTTP/1.1" 200 3389 "https://amazingsportwear.com/wp-cron.php?doing_wp_cron=1576324267.9082739353179931640625" "WordPress/5.2.5; https://amazingsportwear.com" "-"
66.249.64.144 - - [14/Dec/2019:12:51:07 +0100] "POST /?wc-ajax=get_refreshed_fragments HTTP/1.1" 200 4760 "https://amazingsportwear.com/producto/botella-para-deporte-aqua/" "Mozilla/5.0 (Linux; Android 6.0.1; Nexus 5X Build/MMB29P) AppleWebKit/537.36 (KHTML, like Gecko) Chrome/41.0.2272.96 Mobile Safari/537.36 (compatible; Googlebot/2.1; +http://www.google.com/bot.html)" "_ga=GA1.2.969013651.1576281600; _gid=GA1.2.1978218920.1576281600; _gat_gtag_UA_91619287_1=1"
66.249.64.144 - - [14/Dec/2019:12:51:28 +0100] "GET /categoria-producto/carpas/ HTTP/1.1" 200 60491 "-" "Mozilla/5.0 (compatible; Googlebot/2.1; +http://www.google.com/bot.html)" "-"
66.249.64.146 - - [14/Dec/2019:12:51:31 +0100] "POST /?wc-ajax=get_refreshed_fragments HTTP/1.1" 200 4760 "https://amazingsportwear.com/categoria-producto/carpas/" "Mozilla/5.0 AppleWebKit/537.36 (KHTML, like Gecko; compatible; Googlebot/2.1; +http://www.google.com/bot.html) Safari/537.36" "_ga=GA1.2.2114912494.1576281600; _gid=GA1.2.931330593.1576281600; _gat_gtag_UA_91619287_1=1"
217.76.130.90 - - [14/Dec/2019:13:01:34 +0100] "POST /wp-cron.php?doing_wp_cron=1576324894.9764790534973144531250 HTTP/1.1" 200 164 "http://amazingsportwear.com/wp-cron.php?doing_wp_cron=1576324894.9764790534973144531250" "WordPress/5.2.5; https://amazingsportwear.com" "-"
40.77.167.45 - - [14/Dec/2019:13:01:33 +0100] "GET /atletismo/181-chaleco-cortavientos-sublimado-asw.html HTTP/1.1" 404 68102 "-" "Mozilla/5.0 (iPhone; CPU iPhone OS 7_0 like Mac OS X) AppleWebKit/537.51.1 (KHTML, like Gecko) Version/7.0 Mobile/11A465 Safari/9537.53 (compatible; bingbot/2.0; +http://www.bing.com/bingbot.htm)" "-"
121.230.104.17 - - [14/Dec/2019:13:06:52 +0100] "GET /wp-content/uploads/2018/04/pf-39088-colores-1.jpg HTTP/1.1" 200 16821 "-" "Mozilla/5.0(Linux;Android 5.1.1;OPPO A33 Build/LMY47V;wv) AppleWebKit/537.36(KHTML,link Gecko) Version/4.0 Chrome/42.0.2311.138 Mobile Safari/537.36 Mb2345Browser/9.0" "-"
217.76.130.90 - - [14/Dec/2019:13:09:36 +0100] "POST /wp-cron.php?doing_wp_cron=1576325376.2694959640502929687500 HTTP/1.1" 200 164 "http://amazingsportwear.com/wp-cron.php?doing_wp_cron=1576325376.2694959640502929687500" "WordPress/5.2.5; https://amazingsportwear.com" "-"
50.62.176.37 - - [14/Dec/2019:13:09:34 +0100] "GET /wp-admin/user/profile.php HTTP/1.1" 302 399 "http://site.ru" "Mozilla/5.0 (Windows; U; Windows NT 5.1; en-US) AppleWebKit/533.4 (KHTML, like Gecko) Chrome/5.0.375.99 Safari/533.4" "-"
50.62.176.37 - - [14/Dec/2019:13:09:37 +0100] "GET /wp-admin/user/profile.php HTTP/1.1" 302 3704 "http://site.ru" "Mozilla/5.0 (Windows; U; Windows NT 5.1; en-US) AppleWebKit/533.4 (KHTML, like Gecko) Chrome/5.0.375.99 Safari/533.4" "-"
50.62.176.37 - - [14/Dec/2019:13:09:38 +0100] "GET /wp-login.php?redirect_to=https%3A%2F%2Famazingsportwear.com%2Fwp-admin%2Fuser%2Fprofile.php&reauth=1 HTTP/1.1" 200 6712 "http://site.ru" "Mozilla/5.0 (Windows; U; Windows NT 5.1; en-US) AppleWebKit/533.4 (KHTML, like Gecko) Chrome/5.0.375.99 Safari/533.4" "-"
217.76.130.90 - - [14/Dec/2019:13:19:50 +0100] "POST /wp-cron.php?doing_wp_cron=1576325990.7400410175323486328125 HTTP/1.1" 200 164 "http://amazingsportwear.com/wp-cron.php?doing_wp_cron=1576325990.7400410175323486328125" "WordPress/5.2.5; https://amazingsportwear.com" "-"
66.249.64.128 - - [14/Dec/2019:13:19:50 +0100] "GET /robots.txt HTTP/1.1" 200 432 "-" "Mozilla/5.0 (compatible; Googlebot/2.1; +http://www.google.com/bot.html)" "-"
66.249.64.157 - - [14/Dec/2019:13:19:51 +0100] "GET /motocross/19-camiseta-motocross.html HTTP/1.1" 404 68038 "-" "Mozilla/5.0 (Linux; Android 6.0.1; Nexus 5X Build/MMB29P) AppleWebKit/537.36 (KHTML, like Gecko) Chrome/41.0.2272.96 Mobile Safari/537.36 (compatible; Googlebot/2.1; +http://www.google.com/bot.html)" "-"
217.76.130.90 - - [14/Dec/2019:13:32:39 +0100] "POST /wp-cron.php?doing_wp_cron=1576326758.9874060153961181640625 HTTP/1.1" 200 3389 "https://amazingsportwear.com/wp-cron.php?doing_wp_cron=1576326758.9874060153961181640625" "WordPress/5.2.5; https://amazingsportwear.com" "-"
40.77.167.77 - - [14/Dec/2019:13:32:36 +0100] "GET /producto/rinonera-elastica-dorsal-cif-g221/ HTTP/1.1" 200 95600 "-" "Mozilla/5.0 (compatible; bingbot/2.0; +http://www.bing.com/bingbot.htm)" "-"
217.76.130.90 - - [14/Dec/2019:13:40:13 +0100] "POST /wp-cron.php?doing_wp_cron=1576327213.6308519840240478515625 HTTP/1.1" 200 3389 "https://amazingsportwear.com/wp-cron.php?doing_wp_cron=1576327213.6308519840240478515625" "WordPress/5.2.5; https://amazingsportwear.com" "-"
31.4.211.162 - - [14/Dec/2019:13:40:12 +0100] "GET / HTTP/1.1" 200 81455 "-" "Mozilla/5.0 (iPhone; CPU iPhone OS 13_2_3 like Mac OS X) AppleWebKit/605.1.15 (KHTML, like Gecko) Version/13.0.3 Mobile/15E148 Safari/604.1" "_ga=GA1.2.1966625877.1575676564"
217.76.130.90 - - [14/Dec/2019:13:48:44 +0100] "POST /wp-cron.php?doing_wp_cron=1576327724.0339109897613525390625 HTTP/1.1" 200 164 "http://amazingsportwear.com/wp-cron.php?doing_wp_cron=1576327724.0339109897613525390625" "WordPress/5.2.5; https://amazingsportwear.com" "-"
104.222.43.161 - - [14/Dec/2019:13:48:43 +0100] "GET / HTTP/1.1" 301 336 "-" "Mozilla/5.0 (Windows NT 10.0; Win64; x64; rv:64.0) Gecko/20100101 Firefox/64.0" "-"
104.222.33.9 - - [14/Dec/2019:13:48:46 +0100] "GET / HTTP/1.1" 200 125560 "-" "Mozilla/5.0 (Windows NT 10.0; Win64; x64; rv:64.0) Gecko/20100101 Firefox/64.0" "wpfront-notification-bar-landingpage=1; APSERVER_ID=688180fefc45a54fca94d535cefc7f69ba90c3b793a2cd6d1a06688518115f0b"
104.222.33.24 - - [14/Dec/2019:13:48:48 +0100] "GET /wp-content/uploads/2019/05/cropped-favicon-nuevo-logo-amazinf-128px-32x32.png HTTP/1.1" 200 4392 "-" "Mozilla/5.0 (Windows NT 10.0; Win64; x64; rv:64.0) Gecko/20100101 Firefox/64.0" "-"
217.76.130.90 - - [14/Dec/2019:13:55:08 +0100] "POST /wp-cron.php?doing_wp_cron=1576328108.0252420902252197265625 HTTP/1.1" 200 3389 "https://amazingsportwear.com/wp-cron.php?doing_wp_cron=1576328108.0252420902252197265625" "WordPress/5.2.5; https://amazingsportwear.com" "-"
207.46.13.74 - - [14/Dec/2019:13:55:06 +0100] "GET /producto/mochila-reflect-cat-4520/ HTTP/1.1" 200 97859 "-" "Mozilla/5.0 (compatible; bingbot/2.0; +http://www.bing.com/bingbot.htm)" "-"
217.76.130.90 - - [14/Dec/2019:14:23:49 +0100] "POST /wp-cron.php?doing_wp_cron=1576329829.1173050403594970703125 HTTP/1.1" 200 3389 "https://amazingsportwear.com/wp-cron.php?doing_wp_cron=1576329829.1173050403594970703125" "WordPress/5.2.5; https://amazingsportwear.com" "-"
40.77.167.77 - - [14/Dec/2019:14:23:47 +0100] "GET /categoria-producto/hombre/polostecnicos/ HTTP/1.1" 200 76583 "-" "Mozilla/5.0 (compatible; bingbot/2.0; +http://www.bing.com/bingbot.htm)" "-"
40.77.189.26 - - [14/Dec/2019:14:23:51 +0100] "GET /wp-includes/css/dist/block-library/style.min.css?ver=5.2.5 HTTP/1.1" 200 33023 "-" "Mozilla/5.0 (Windows NT 6.1; WOW64) AppleWebKit/534+ (KHTML, like Gecko) BingPreview/1.0b" "-"
40.77.191.55 - - [14/Dec/2019:14:23:52 +0100] "GET /wp-content/plugins/woocommerce/assets/css/blocks/style.css?ver=3.6.4 HTTP/1.1" 200 10060 "-" "Mozilla/5.0 (Windows NT 6.1; WOW64) AppleWebKit/534+ (KHTML, like Gecko) BingPreview/1.0b" "-"
40.77.191.35 - - [14/Dec/2019:14:23:53 +0100] "GET /wp-content/plugins/wpfront-notification-bar/css/wpfront-notification-bar.css?ver=1.7.1 HTTP/1.1" 200 7026 "-" "Mozilla/5.0 (Windows NT 6.1; WOW64) AppleWebKit/534+ (KHTML, like Gecko) BingPreview/1.0b" "-"
40.77.190.78 - - [14/Dec/2019:14:23:54 +0100] "GET /wp-content/themes/shopper/style.css?ver=1.3.8 HTTP/1.1" 200 128678 "-" "Mozilla/5.0 (Windows NT 6.1; WOW64) AppleWebKit/534+ (KHTML, like Gecko) BingPreview/1.0b" "-"
40.77.190.137 - - [14/Dec/2019:14:23:55 +0100] "GET /wp-content/themes/shopper/assets/sass/woocommerce/woocommerce.css?ver=5.2.5 HTTP/1.1" 200 86897 "-" "Mozilla/5.0 (Windows NT 6.1; WOW64) AppleWebKit/534+ (KHTML, like Gecko) BingPreview/1.0b" "-"
40.77.190.137 - - [14/Dec/2019:14:23:56 +0100] "GET /wp-includes/js/jquery/jquery-migrate.min.js?ver=1.4.1 HTTP/1.1" 200 10399 "-" "Mozilla/5.0 (Windows NT 6.1; WOW64) AppleWebKit/534+ (KHTML, like Gecko) BingPreview/1.0b" "-"
40.77.188.57 - - [14/Dec/2019:14:23:56 +0100] "GET /wp-includes/js/jquery/jquery.js?ver=1.12.4-wp HTTP/1.1" 200 100725 "-" "Mozilla/5.0 (Windows NT 6.1; WOW64) AppleWebKit/534+ (KHTML, like Gecko) BingPreview/1.0b" "-"
40.77.191.35 - - [14/Dec/2019:14:23:57 +0100] "GET /wp-content/plugins/cookie-law-info/public/js/cookie-law-info-public.js?ver=1.7.6 HTTP/1.1" 200 17076 "-" "Mozilla/5.0 (Windows NT 6.1; WOW64) AppleWebKit/534+ (KHTML, like Gecko) BingPreview/1.0b" "-"
40.77.191.35 - - [14/Dec/2019:14:23:57 +0100] "GET /wp-content/plugins/wpfront-notification-bar/jquery-plugins/jquery.c.js?ver=1.4.0 HTTP/1.1" 200 3437 "-" "Mozilla/5.0 (Windows NT 6.1; WOW64) AppleWebKit/534+ (KHTML, like Gecko) BingPreview/1.0b" "-"
40.77.191.35 - - [14/Dec/2019:14:23:57 +0100] "GET /wp-content/plugins/wpfront-notification-bar/js/wpfront-notification-bar.js?ver=1.7.1 HTTP/1.1" 200 5662 "-" "Mozilla/5.0 (Windows NT 6.1; WOW64) AppleWebKit/534+ (KHTML, like Gecko) BingPreview/1.0b" "-"
40.77.191.35 - - [14/Dec/2019:14:23:57 +0100] "GET /wp-content/themes/shopper/assets/js/crm.js?ver=1561548510 HTTP/1.1" 200 874 "-" "Mozilla/5.0 (Windows NT 6.1; WOW64) AppleWebKit/534+ (KHTML, like Gecko) BingPreview/1.0b" "-"
40.77.188.5 - - [14/Dec/2019:14:23:58 +0100] "GET /wp-content/plugins/woocommerce/assets/js/frontend/add-to-cart.min.js?ver=3.6.4 HTTP/1.1" 200 6346 "-" "Mozilla/5.0 (Windows NT 6.1; WOW64) AppleWebKit/534+ (KHTML, like Gecko) BingPreview/1.0b" "-"
