40.77.191.37 - - [13/Dec/2019:11:42:56 +0100] "GET /wp-content/plugins/woocommerce/assets/js/zoom/jquery.zoom.min.js?ver=1.7.21 HTTP/1.1" 200 6320 "-" "Mozilla/5.0 (Windows NT 6.1; WOW64) AppleWebKit/534+ (KHTML, like Gecko) BingPreview/1.0b" "-"
40.77.189.21 - - [13/Dec/2019:11:42:57 +0100] "GET /wp-content/plugins/woocommerce/assets/js/flexslider/jquery.flexslider.min.js?ver=2.7.2 HTTP/1.1" 200 26595 "-" "Mozilla/5.0 (Windows NT 6.1; WOW64) AppleWebKit/534+ (KHTML, like Gecko) BingPreview/1.0b" "-"
40.77.189.159 - - [13/Dec/2019:11:42:58 +0100] "GET /wp-content/plugins/woocommerce/assets/js/photoswipe/photoswipe.min.js?ver=4.1.1 HTTP/1.1" 200 35639 "-" "Mozilla/5.0 (Windows NT 6.1; WOW64) AppleWebKit/534+ (KHTML, like Gecko) BingPreview/1.0b" "-"
40.77.188.254 - - [13/Dec/2019:11:43:00 +0100] "GET /wp-content/plugins/woocommerce/assets/js/photoswipe/photoswipe-ui-default.min.js?ver=4.1.1 HTTP/1.1" 200 13583 "-" "Mozilla/5.0 (Windows NT 6.1; WOW64) AppleWebKit/534+ (KHTML, like Gecko) BingPreview/1.0b" "-"
40.77.188.174 - - [13/Dec/2019:11:43:01 +0100] "GET /wp-content/plugins/woocommerce/assets/js/frontend/single-product.min.js?ver=3.6.4 HTTP/1.1" 200 10056 "-" "Mozilla/5.0 (Windows NT 6.1; WOW64) AppleWebKit/534+ (KHTML, like Gecko) BingPreview/1.0b" "-"
40.77.188.158 - - [13/Dec/2019:11:43:03 +0100] "GET /wp-content/themes/shopper/assets/js/shopper.min.js?ver=1.3.8 HTTP/1.1" 200 9357 "-" "Mozilla/5.0 (Windows NT 6.1; WOW64) AppleWebKit/534+ (KHTML, like Gecko) BingPreview/1.0b" "-"
40.77.189.198 - - [13/Dec/2019:11:43:04 +0100] "GET /wp-includes/js/comment-reply.min.js?ver=5.2.5 HTTP/1.1" 200 5938 "-" "Mozilla/5.0 (Windows NT 6.1; WOW64) AppleWebKit/534+ (KHTML, like Gecko) BingPreview/1.0b" "-"
40.77.189.223 - - [13/Dec/2019:11:43:05 +0100] "GET /wp-includes/js/wp-embed.min.js?ver=5.2.5 HTTP/1.1" 200 5107 "-" "Mozilla/5.0 (Windows NT 6.1; WOW64) AppleWebKit/534+ (KHTML, like Gecko) BingPreview/1.0b" "-"
40.77.189.53 - - [13/Dec/2019:11:43:07 +0100] "GET /wp-includes/js/underscore.min.js?ver=1.8.3 HTTP/1.1" 200 19890 "-" "Mozilla/5.0 (Windows NT 6.1; WOW64) AppleWebKit/534+ (KHTML, like Gecko) BingPreview/1.0b" "-"
40.77.189.212 - - [13/Dec/2019:11:43:08 +0100] "GET /wp-includes/js/wp-util.min.js?ver=5.2.5 HTTP/1.1" 200 4750 "-" "Mozilla/5.0 (Windows NT 6.1; WOW64) AppleWebKit/534+ (KHTML, like Gecko) BingPreview/1.0b" "-"
40.77.188.165 - - [13/Dec/2019:11:43:09 +0100] "GET /wp-content/plugins/woocommerce/assets/js/frontend/add-to-cart-variation.min.js?ver=3.6.4 HTTP/1.1" 200 16988 "-" "Mozilla/5.0 (Windows NT 6.1; WOW64) AppleWebKit/534+ (KHTML, like Gecko) BingPreview/1.0b" "-"
40.77.191.40 - - [13/Dec/2019:11:43:10 +0100] "GET /wp-content/plugins/akismet/_inc/form.js?ver=4.1.2 HTTP/1.1" 200 4403 "-" "Mozilla/5.0 (Windows NT 6.1; WOW64) AppleWebKit/534+ (KHTML, like Gecko) BingPreview/1.0b" "-"
40.77.190.179 - - [13/Dec/2019:11:43:11 +0100] "GET /wp-includes/js/jquery/ui/core.min.js?ver=1.11.4 HTTP/1.1" 200 7704 "-" "Mozilla/5.0 (Windows NT 6.1; WOW64) AppleWebKit/534+ (KHTML, like Gecko) BingPreview/1.0b" "-"
40.77.189.94 - - [13/Dec/2019:11:43:13 +0100] "GET /wp-includes/js/jquery/ui/widget.min.js?ver=1.11.4 HTTP/1.1" 200 10613 "-" "Mozilla/5.0 (Windows NT 6.1; WOW64) AppleWebKit/534+ (KHTML, like Gecko) BingPreview/1.0b" "-"
40.77.191.40 - - [13/Dec/2019:11:43:13 +0100] "GET /wp-includes/js/jquery/ui/mouse.min.js?ver=1.11.4 HTTP/1.1" 200 3489 "-" "Mozilla/5.0 (Windows NT 6.1; WOW64) AppleWebKit/534+ (KHTML, like Gecko) BingPreview/1.0b" "-"
40.77.188.165 - - [13/Dec/2019:11:43:13 +0100] "GET /wp-includes/js/jquery/ui/resizable.min.js?ver=1.11.4 HTTP/1.1" 200 18798 "-" "Mozilla/5.0 (Windows NT 6.1; WOW64) AppleWebKit/534+ (KHTML, like Gecko) BingPreview/1.0b" "-"
40.77.188.144 - - [13/Dec/2019:11:43:14 +0100] "GET /wp-includes/js/jquery/ui/draggable.min.js?ver=1.11.4 HTTP/1.1" 200 22640 "-" "Mozilla/5.0 (Windows NT 6.1; WOW64) AppleWebKit/534+ (KHTML, like Gecko) BingPreview/1.0b" "-"
40.77.190.207 - - [13/Dec/2019:11:43:16 +0100] "GET /wp-includes/js/jquery/ui/button.min.js?ver=1.11.4 HTTP/1.1" 200 10941 "-" "Mozilla/5.0 (Windows NT 6.1; WOW64) AppleWebKit/534+ (KHTML, like Gecko) BingPreview/1.0b" "-"
40.77.188.69 - - [13/Dec/2019:11:43:18 +0100] "GET /wp-includes/js/jquery/ui/dialog.min.js?ver=1.11.4 HTTP/1.1" 200 15845 "-" "Mozilla/5.0 (Windows NT 6.1; WOW64) AppleWebKit/534+ (KHTML, like Gecko) BingPreview/1.0b" "-"
40.77.188.98 - - [13/Dec/2019:11:43:18 +0100] "GET /wp-content/plugins/product-enquiry-for-woocommerce/js/wdm_jquery.validate.min.js?ver=5.2.5 HTTP/1.1" 200 25181 "-" "Mozilla/5.0 (Windows NT 6.1; WOW64) AppleWebKit/534+ (KHTML, like Gecko) BingPreview/1.0b" "-"
40.77.190.199 - - [13/Dec/2019:11:43:20 +0100] "GET /wp-content/plugins/product-enquiry-for-woocommerce/js/contact.js?ver=5.2.5 HTTP/1.1" 200 8044 "-" "Mozilla/5.0 (Windows NT 6.1; WOW64) AppleWebKit/534+ (KHTML, like Gecko) BingPreview/1.0b" "-"
157.55.39.145 - - [13/Dec/2019:11:43:23 +0100] "GET /wp-content/plugins/product-enquiry-for-woocommerce/js/contact.js?ver=5.2.5 HTTP/1.1" 200 8044 "-" "msnbot/2.0b (+http://search.msn.com/msnbot.htm)" "-"
157.55.39.145 - - [13/Dec/2019:11:43:23 +0100] "GET /wp-content/plugins/woocommerce/assets/js/zoom/jquery.zoom.min.js?ver=1.7.21 HTTP/1.1" 200 2957 "-" "msnbot/2.0b (+http://search.msn.com/msnbot.htm)" "-"
157.55.39.145 - - [13/Dec/2019:11:43:23 +0100] "GET /wp-content/themes/shopper/assets/js/crm.js?ver=1561548510 HTTP/1.1" 200 874 "-" "msnbot/2.0b (+http://search.msn.com/msnbot.htm)" "-"
157.55.39.145 - - [13/Dec/2019:11:43:24 +0100] "GET /wp-includes/js/comment-reply.min.js?ver=5.2.5 HTTP/1.1" 200 2575 "-" "msnbot/2.0b (+http://search.msn.com/msnbot.htm)" "-"
157.55.39.145 - - [13/Dec/2019:11:43:24 +0100] "GET /wp-includes/js/jquery/jquery.js HTTP/1.1" 200 97362 "-" "msnbot/2.0b (+http://search.msn.com/msnbot.htm)" "-"
157.55.39.145 - - [13/Dec/2019:11:43:24 +0100] "GET /wp-includes/js/jquery/ui/draggable.min.js?ver=1.11.4 HTTP/1.1" 200 19277 "-" "msnbot/2.0b (+http://search.msn.com/msnbot.htm)" "-"
157.55.39.145 - - [13/Dec/2019:11:43:25 +0100] "GET /wp-includes/js/jquery/ui/mouse.min.js?ver=1.11.4 HTTP/1.1" 200 3489 "-" "msnbot/2.0b (+http://search.msn.com/msnbot.htm)" "-"
157.55.39.145 - - [13/Dec/2019:11:43:25 +0100] "GET /wp-includes/js/underscore.min.js?ver=1.8.3 HTTP/1.1" 200 16527 "-" "msnbot/2.0b (+http://search.msn.com/msnbot.htm)" "-"
157.55.39.145 - - [13/Dec/2019:11:43:25 +0100] "GET /wp-includes/js/wp-embed.min.js?ver=5.2.5 HTTP/1.1" 200 1744 "-" "msnbot/2.0b (+http://search.msn.com/msnbot.htm)" "-"
157.55.39.145 - - [13/Dec/2019:11:43:25 +0100] "GET /wp-includes/js/wp-emoji-release.min.js?ver=5.2.5 HTTP/1.1" 200 14183 "-" "msnbot/2.0b (+http://search.msn.com/msnbot.htm)" "-"
207.46.13.23 - - [13/Dec/2019:11:43:32 +0100] "GET /wp-content/plugins/woocommerce/assets/js/frontend/single-product.min.js?ver=3.6.4 HTTP/1.1" 200 10056 "-" "msnbot/2.0b (+http://search.msn.com/msnbot.htm)" "-"
207.46.13.23 - - [13/Dec/2019:11:43:33 +0100] "GET /wp-includes/js/jquery/ui/dialog.min.js?ver=1.11.4 HTTP/1.1" 200 12482 "-" "msnbot/2.0b (+http://search.msn.com/msnbot.htm)" "-"
207.46.13.23 - - [13/Dec/2019:11:43:33 +0100] "GET /wp-includes/js/jquery/ui/resizable.min.js?ver=1.11.4 HTTP/1.1" 200 18798 "-" "msnbot/2.0b (+http://search.msn.com/msnbot.htm)" "-"
207.46.13.23 - - [13/Dec/2019:11:43:33 +0100] "GET /wp-includes/js/jquery/ui/widget.min.js?ver=1.11.4 HTTP/1.1" 200 7250 "-" "msnbot/2.0b (+http://search.msn.com/msnbot.htm)" "-"
40.77.167.220 - - [13/Dec/2019:11:43:38 +0100] "GET /wp-content/plugins/product-enquiry-for-woocommerce/js/wdm_jquery.validate.min.js?ver=5.2.5 HTTP/1.1" 200 25181 "-" "msnbot/2.0b (+http://search.msn.com/msnbot.htm)" "-"
40.77.167.220 - - [13/Dec/2019:11:43:38 +0100] "GET /wp-content/plugins/woocommerce/assets/js/flexslider/jquery.flexslider.min.js?ver=2.7.2 HTTP/1.1" 200 23232 "-" "msnbot/2.0b (+http://search.msn.com/msnbot.htm)" "-"
40.77.167.220 - - [13/Dec/2019:11:43:38 +0100] "GET /wp-content/plugins/woocommerce/assets/js/photoswipe/photoswipe.min.js?ver=4.1.1 HTTP/1.1" 200 32276 "-" "msnbot/2.0b (+http://search.msn.com/msnbot.htm)" "-"
40.77.167.220 - - [13/Dec/2019:11:43:38 +0100] "GET /wp-includes/js/jquery/ui/core.min.js?ver=1.11.4 HTTP/1.1" 200 4341 "-" "msnbot/2.0b (+http://search.msn.com/msnbot.htm)" "-"
207.46.13.25 - - [13/Dec/2019:11:43:43 +0100] "GET /wp-content/plugins/akismet/_inc/form.js?ver=4.1.2 HTTP/1.1" 200 4403 "-" "msnbot/2.0b (+http://search.msn.com/msnbot.htm)" "-"
207.46.13.25 - - [13/Dec/2019:11:43:43 +0100] "GET /wp-content/plugins/woocommerce/assets/js/frontend/add-to-cart-variation.min.js?ver=3.6.4 HTTP/1.1" 200 13625 "-" "msnbot/2.0b (+http://search.msn.com/msnbot.htm)" "-"
207.46.13.25 - - [13/Dec/2019:11:43:43 +0100] "GET /wp-content/plugins/woocommerce/assets/js/frontend/add-to-cart.min.js?ver=3.6.4 HTTP/1.1" 200 2983 "-" "msnbot/2.0b (+http://search.msn.com/msnbot.htm)" "-"
207.46.13.25 - - [13/Dec/2019:11:43:43 +0100] "GET /wp-content/plugins/woocommerce/assets/js/photoswipe/photoswipe-ui-default.min.js?ver=4.1.1 HTTP/1.1" 200 10220 "-" "msnbot/2.0b (+http://search.msn.com/msnbot.htm)" "-"
207.46.13.25 - - [13/Dec/2019:11:43:43 +0100] "GET /wp-content/themes/shopper/assets/js/shopper.min.js?ver=1.3.8 HTTP/1.1" 200 5994 "-" "msnbot/2.0b (+http://search.msn.com/msnbot.htm)" "-"
207.46.13.25 - - [13/Dec/2019:11:43:44 +0100] "GET /wp-includes/js/jquery/ui/button.min.js?ver=1.11.4 HTTP/1.1" 200 7578 "-" "msnbot/2.0b (+http://search.msn.com/msnbot.htm)" "-"
207.46.13.25 - - [13/Dec/2019:11:43:44 +0100] "GET /wp-includes/js/wp-util.min.js?ver=5.2.5 HTTP/1.1" 200 1387 "-" "msnbot/2.0b (+http://search.msn.com/msnbot.htm)" "-"
217.76.130.90 - - [13/Dec/2019:11:46:18 +0100] "POST /wp-cron.php?doing_wp_cron=1576233978.7687890529632568359375 HTTP/1.1" 200 164 "http://amazingsportwear.com/wp-cron.php?doing_wp_cron=1576233978.7687890529632568359375" "WordPress/5.2.5; https://amazingsportwear.com" "-"
171.98.16.35 - - [13/Dec/2019:11:46:16 +0100] "GET / HTTP/1.1" 301 336 "http://progressive-seo.com" "Mozilla/5.0 (Windows NT 10.0; Win64; x64) AppleWebKit/537.36 (KHTML, like Gecko) Chrome/74.0.3729.169 Safari/537.36" "-"
217.76.130.90 - - [13/Dec/2019:11:53:10 +0100] "POST /wp-cron.php?doing_wp_cron=1576234390.8535749912261962890625 HTTP/1.1" 200 3389 "https://amazingsportwear.com/wp-cron.php?doing_wp_cron=1576234390.8535749912261962890625" "WordPress/5.2.5; https://amazingsportwear.com" "-"
66.249.64.144 - - [13/Dec/2019:11:53:10 +0100] "GET /producto/bidon-halmik/ HTTP/1.1" 200 95726 "-" "Mozilla/5.0 (Linux; Android 6.0.1; Nexus 5X Build/MMB29P) AppleWebKit/537.36 (KHTML, like Gecko) Chrome/41.0.2272.96 Mobile Safari/537.36 (compatible; Googlebot/2.1; +http://www.google.com/bot.html)" "-"
66.249.64.146 - - [13/Dec/2019:11:53:16 +0100] "GET /wp-includes/css/dist/block-library/style.min.css?ver=5.2.5 HTTP/1.1" 200 33023 "https://amazingsportwear.com/producto/bidon-halmik/" "Mozilla/5.0 (Linux; Android 6.0.1; Nexus 5X Build/MMB29P) AppleWebKit/537.36 (KHTML, like Gecko) Chrome/41.0.2272.96 Mobile Safari/537.36 (compatible; Googlebot/2.1; +http://www.google.com/bot.html)" "-"
66.249.64.144 - - [13/Dec/2019:11:53:17 +0100] "GET /wp-content/themes/shopper/assets/sass/woocommerce/woocommerce.css?ver=5.2.5 HTTP/1.1" 200 83534 "https://amazingsportwear.com/producto/bidon-halmik/" "Mozilla/5.0 (Linux; Android 6.0.1; Nexus 5X Build/MMB29P) AppleWebKit/537.36 (KHTML, like Gecko) Chrome/41.0.2272.96 Mobile Safari/537.36 (compatible; Googlebot/2.1; +http://www.google.com/bot.html)" "-"
66.249.64.144 - - [13/Dec/2019:11:53:18 +0100] "GET /wp-content/plugins/product-enquiry-for-woocommerce/css/wdm-jquery-ui.css?ver=5.2.5 HTTP/1.1" 200 27001 "https://amazingsportwear.com/producto/bidon-halmik/" "Mozilla/5.0 (Linux; Android 6.0.1; Nexus 5X Build/MMB29P) AppleWebKit/537.36 (KHTML, like Gecko) Chrome/41.0.2272.96 Mobile Safari/537.36 (compatible; Googlebot/2.1; +http://www.google.com/bot.html)" "-"
66.249.64.144 - - [13/Dec/2019:11:53:20 +0100] "GET /wp-includes/js/comment-reply.min.js?ver=5.2.5 HTTP/1.1" 200 2575 "https://amazingsportwear.com/producto/bidon-halmik/" "Mozilla/5.0 (Linux; Android 6.0.1; Nexus 5X Build/MMB29P) AppleWebKit/537.36 (KHTML, like Gecko) Chrome/41.0.2272.96 Mobile Safari/537.36 (compatible; Googlebot/2.1; +http://www.google.com/bot.html)" "-"
66.249.64.144 - - [13/Dec/2019:11:53:21 +0100] "GET /wp-includes/js/wp-embed.min.js?ver=5.2.5 HTTP/1.1" 200 1744 "https://amazingsportwear.com/producto/bidon-halmik/" "Mozilla/5.0 (Linux; Android 6.0.1; Nexus 5X Build/MMB29P) AppleWebKit/537.36 (KHTML, like Gecko) Chrome/41.0.2272.96 Mobile Safari/537.36 (compatible; Googlebot/2.1; +http://www.google.com/bot.html)" "-"
66.249.64.144 - - [13/Dec/2019:11:53:22 +0100] "GET /wp-includes/js/wp-util.min.js?ver=5.2.5 HTTP/1.1" 200 1387 "https://amazingsportwear.com/producto/bidon-halmik/" "Mozilla/5.0 (Linux; Android 6.0.1; Nexus 5X Build/MMB29P) AppleWebKit/537.36 (KHTML, like Gecko) Chrome/41.0.2272.96 Mobile Safari/537.36 (compatible; Googlebot/2.1; +http://www.google.com/bot.html)" "-"
66.249.64.144 - - [13/Dec/2019:11:53:23 +0100] "GET /wp-content/plugins/product-enquiry-for-woocommerce/js/wdm_jquery.validate.min.js?ver=5.2.5 HTTP/1.1" 200 21818 "https://amazingsportwear.com/producto/bidon-halmik/" "Mozilla/5.0 (Linux; Android 6.0.1; Nexus 5X Build/MMB29P) AppleWebKit/537.36 (KHTML, like Gecko) Chrome/41.0.2272.96 Mobile Safari/537.36 (compatible; Googlebot/2.1; +http://www.google.com/bot.html)" "-"
66.249.64.144 - - [13/Dec/2019:11:53:26 +0100] "GET /wp-content/plugins/product-enquiry-for-woocommerce/js/contact.js?ver=5.2.5 HTTP/1.1" 200 4681 "https://amazingsportwear.com/producto/bidon-halmik/" "Mozilla/5.0 (Linux; Android 6.0.1; Nexus 5X Build/MMB29P) AppleWebKit/537.36 (KHTML, like Gecko) Chrome/41.0.2272.96 Mobile Safari/537.36 (compatible; Googlebot/2.1; +http://www.google.com/bot.html)" "-"
66.249.64.144 - - [13/Dec/2019:11:53:27 +0100] "GET /wp-includes/js/wp-emoji-release.min.js?ver=5.2.5 HTTP/1.1" 200 14183 "https://amazingsportwear.com/producto/bidon-halmik/" "Mozilla/5.0 (Linux; Android 6.0.1; Nexus 5X Build/MMB29P) AppleWebKit/537.36 (KHTML, like Gecko) Chrome/41.0.2272.96 Mobile Safari/537.36 (compatible; Googlebot/2.1; +http://www.google.com/bot.html)" "-"
66.249.64.144 - - [13/Dec/2019:11:53:29 +0100] "POST /?wc-ajax=get_refreshed_fragments HTTP/1.1" 200 1397 "https://amazingsportwear.com/producto/bidon-halmik/" "Mozilla/5.0 (Linux; Android 6.0.1; Nexus 5X Build/MMB29P) AppleWebKit/537.36 (KHTML, like Gecko) Chrome/41.0.2272.96 Mobile Safari/537.36 (compatible; Googlebot/2.1; +http://www.google.com/bot.html)" "_ga=GA1.2.969013651.1576195200; _gid=GA1.2.1978218920.1576195200; _gat_gtag_UA_91619287_1=1"
217.76.130.90 - - [13/Dec/2019:11:54:37 +0100] "POST /wp-cron.php?doing_wp_cron=1576234477.0171968936920166015625 HTTP/1.1" 200 164 "http://amazingsportwear.com/wp-cron.php?doing_wp_cron=1576234477.0171968936920166015625" "WordPress/5.2.5; https://amazingsportwear.com" "-"
194.116.202.51 - - [13/Dec/2019:11:54:34 +0100] "GET /wp-admin/network/site-info.php HTTP/1.1" 302 404 "http://site.ru" "Mozilla/5.0 (Windows; U; Windows NT 5.1; en-US) AppleWebKit/533.4 (KHTML, like Gecko) Chrome/5.0.375.99 Safari/533.4" "-"
217.76.130.90 - - [13/Dec/2019:11:55:06 +0100] "POST /wp-cron.php?doing_wp_cron=1576234506.0199620723724365234375 HTTP/1.1" 200 164 "http://amazingsportwear.com/wp-cron.php?doing_wp_cron=1576234506.0199620723724365234375" "WordPress/5.2.5; https://amazingsportwear.com" "-"
194.116.202.51 - - [13/Dec/2019:11:55:05 +0100] "GET /wp-admin/network/site-info.php HTTP/1.1" 302 404 "http://site.ru" "Mozilla/5.0 (Windows; U; Windows NT 5.1; en-US) AppleWebKit/533.4 (KHTML, like Gecko) Chrome/5.0.375.99 Safari/533.4" "-"
217.76.130.90 - - [13/Dec/2019:11:57:37 +0100] "POST /wp-cron.php?doing_wp_cron=1576234657.2720029354095458984375 HTTP/1.1" 200 164 "http://amazingsportwear.com/wp-cron.php?doing_wp_cron=1576234657.2720029354095458984375" "WordPress/5.2.5; https://amazingsportwear.com" "-"
66.249.64.157 - - [13/Dec/2019:11:57:36 +0100] "GET / HTTP/1.1" 301 336 "-" "Mozilla/5.0 (compatible; Googlebot/2.1; +http://www.google.com/bot.html)" "-"
66.249.64.146 - - [13/Dec/2019:11:57:38 +0100] "GET / HTTP/1.1" 200 125781 "-" "Mozilla/5.0 (compatible; Googlebot/2.1; +http://www.google.com/bot.html)" "wpfront-notification-bar-landingpage=1"
66.249.64.146 - - [13/Dec/2019:11:57:45 +0100] "POST /?wc-ajax=get_refreshed_fragments HTTP/1.1" 200 1397 "https://amazingsportwear.com/" "Mozilla/5.0 AppleWebKit/537.36 (KHTML, like Gecko; compatible; Googlebot/2.1; +http://www.google.com/bot.html) Safari/537.36" "_ga=GA1.2.2027415640.1576195200; _gid=GA1.2.827986583.1576195200; _gat_gtag_UA_91619287_1=1"
66.249.64.144 - - [13/Dec/2019:11:57:55 +0100] "GET / HTTP/1.1" 200 125721 "-" "Mozilla/5.0 (compatible; Googlebot/2.1; +http://www.google.com/bot.html)" "wpfront-notification-bar-landingpage=1"
217.76.130.90 - - [13/Dec/2019:11:58:44 +0100] "POST /wp-cron.php?doing_wp_cron=1576234724.1508939266204833984375 HTTP/1.1" 200 3389 "https://amazingsportwear.com/wp-cron.php?doing_wp_cron=1576234724.1508939266204833984375" "WordPress/5.2.5; https://amazingsportwear.com" "-"
66.249.64.146 - - [13/Dec/2019:11:58:43 +0100] "GET /categoria-producto/hombre/page/3/ HTTP/1.1" 200 78123 "-" "Mozilla/5.0 (Linux; Android 6.0.1; Nexus 5X Build/MMB29P) AppleWebKit/537.36 (KHTML, like Gecko) Chrome/41.0.2272.96 Mobile Safari/537.36 (compatible; Googlebot/2.1; +http://www.google.com/bot.html)" "-"
217.76.130.90 - - [13/Dec/2019:12:01:56 +0100] "POST /wp-cron.php?doing_wp_cron=1576234916.0684568881988525390625 HTTP/1.1" 200 3389 "https://amazingsportwear.com/wp-cron.php?doing_wp_cron=1576234916.0684568881988525390625" "WordPress/5.2.5; https://amazingsportwear.com" "-"
66.249.64.144 - - [13/Dec/2019:12:01:53 +0100] "GET /producto/camiseta-tecnica-titan-aq-titan/ HTTP/1.1" 200 99667 "-" "Mozilla/5.0 (Linux; Android 6.0.1; Nexus 5X Build/MMB29P) AppleWebKit/537.36 (KHTML, like Gecko) Chrome/41.0.2272.96 Mobile Safari/537.36 (compatible; Googlebot/2.1; +http://www.google.com/bot.html)" "-"
217.76.130.90 - - [13/Dec/2019:12:02:32 +0100] "POST /wp-cron.php?doing_wp_cron=1576234952.5156118869781494140625 HTTP/1.1" 200 3389 "https://amazingsportwear.com/wp-cron.php?doing_wp_cron=1576234952.5156118869781494140625" "WordPress/5.2.5; https://amazingsportwear.com" "-"
66.249.64.146 - - [13/Dec/2019:12:02:31 +0100] "GET /etiqueta-producto/manga-ranglan/ HTTP/1.1" 200 58088 "-" "Mozilla/5.0 (Linux; Android 6.0.1; Nexus 5X Build/MMB29P) AppleWebKit/537.36 (KHTML, like Gecko) Chrome/41.0.2272.96 Mobile Safari/537.36 (compatible; Googlebot/2.1; +http://www.google.com/bot.html)" "-"
217.76.130.90 - - [13/Dec/2019:12:04:26 +0100] "POST /wp-cron.php?doing_wp_cron=1576235066.7021739482879638671875 HTTP/1.1" 200 3389 "https://amazingsportwear.com/wp-cron.php?doing_wp_cron=1576235066.7021739482879638671875" "WordPress/5.2.5; https://amazingsportwear.com" "-"
66.249.64.144 - - [13/Dec/2019:12:04:26 +0100] "GET /categoria-producto/deportes/tenispadel/ HTTP/1.1" 200 65108 "-" "Mozilla/5.0 (Linux; Android 6.0.1; Nexus 5X Build/MMB29P) AppleWebKit/537.36 (KHTML, like Gecko) Chrome/41.0.2272.96 Mobile Safari/537.36 (compatible; Googlebot/2.1; +http://www.google.com/bot.html)" "-"
217.76.130.90 - - [13/Dec/2019:12:06:11 +0100] "POST /wp-cron.php?doing_wp_cron=1576235171.7146880626678466796875 HTTP/1.1" 200 3389 "https://amazingsportwear.com/wp-cron.php?doing_wp_cron=1576235171.7146880626678466796875" "WordPress/5.2.5; https://amazingsportwear.com" "-"
66.249.64.146 - - [13/Dec/2019:12:06:11 +0100] "GET /categoria-producto/deportes/motocross/ HTTP/1.1" 200 55934 "-" "Mozilla/5.0 (Linux; Android 6.0.1; Nexus 5X Build/MMB29P) AppleWebKit/537.36 (KHTML, like Gecko) Chrome/41.0.2272.96 Mobile Safari/537.36 (compatible; Googlebot/2.1; +http://www.google.com/bot.html)" "-"
217.76.130.90 - - [13/Dec/2019:12:19:37 +0100] "POST /wp-cron.php?doing_wp_cron=1576235977.8976240158081054687500 HTTP/1.1" 200 3389 "https://amazingsportwear.com/wp-cron.php?doing_wp_cron=1576235977.8976240158081054687500" "WordPress/5.2.5; https://amazingsportwear.com" "-"
66.249.64.148 - - [13/Dec/2019:12:19:35 +0100] "GET /producto/sudadera-tecnica-running-melbourne-woman/ HTTP/1.1" 200 110771 "-" "Mozilla/5.0 (Linux; Android 6.0.1; Nexus 5X Build/MMB29P) AppleWebKit/537.36 (KHTML, like Gecko) Chrome/41.0.2272.96 Mobile Safari/537.36 (compatible; Googlebot/2.1; +http://www.google.com/bot.html)" "-"
170.80.173.18 - - [13/Dec/2019:12:34:33 +0100] "GET /wp-content/uploads/2019/07/banner-surf-asw.jpg HTTP/1.1" 200 58916 "https://www.google.com/blank.html" "Mozilla/5.0 (Linux; Android 8.0.0; SM-G570M Build/R16NW; wv) AppleWebKit/537.36 (KHTML, like Gecko) Version/4.0 Chrome/79.0.3945.79 Mobile Safari/537.36 GSA/10.87.15.21.arm" "-"
217.76.130.90 - - [13/Dec/2019:12:44:27 +0100] "POST /wp-cron.php?doing_wp_cron=1576237467.5531210899353027343750 HTTP/1.1" 200 3389 "https://amazingsportwear.com/wp-cron.php?doing_wp_cron=1576237467.5531210899353027343750" "WordPress/5.2.5; https://amazingsportwear.com" "-"
66.249.64.144 - - [13/Dec/2019:12:44:25 +0100] "GET /producto/camiseta-tecnica-reversible-aq-reversible/ HTTP/1.1" 200 101148 "-" "Mozilla/5.0 (Linux; Android 6.0.1; Nexus 5X Build/MMB29P) AppleWebKit/537.36 (KHTML, like Gecko) Chrome/41.0.2272.96 Mobile Safari/537.36 (compatible; Googlebot/2.1; +http://www.google.com/bot.html)" "-"
41.243.14.222 - - [13/Dec/2019:13:38:19 +0100] "GET /wp-content/uploads/2019/04/gorra-five-3.png HTTP/1.1" 200 84607 "https://www.google.com/" "Mozilla/5.0 (Windows NT 10.0; Win64; x64) AppleWebKit/537.36 (KHTML, like Gecko) Chrome/78.0.3904.108 Safari/537.36" "-"
217.76.130.90 - - [13/Dec/2019:13:40:21 +0100] "POST /wp-cron.php?doing_wp_cron=1576240821.7129449844360351562500 HTTP/1.1" 200 164 "http://amazingsportwear.com/wp-cron.php?doing_wp_cron=1576240821.7129449844360351562500" "WordPress/5.2.5; https://amazingsportwear.com" "-"
207.46.13.23 - - [13/Dec/2019:13:40:17 +0100] "GET /atletismo/25-manguito-brazos-atletismo.html HTTP/1.1" 404 68097 "-" "Mozilla/5.0 (iPhone; CPU iPhone OS 7_0 like Mac OS X) AppleWebKit/537.51.1 (KHTML, like Gecko) Version/7.0 Mobile/11A465 Safari/9537.53 (compatible; bingbot/2.0; +http://www.bing.com/bingbot.htm)" "-"
217.76.130.90 - - [13/Dec/2019:13:41:53 +0100] "POST /wp-cron.php?doing_wp_cron=1576240913.4692900180816650390625 HTTP/1.1" 200 164 "http://amazingsportwear.com/wp-cron.php?doing_wp_cron=1576240913.4692900180816650390625" "WordPress/5.2.5; https://amazingsportwear.com" "-"
207.46.13.25 - - [13/Dec/2019:13:41:52 +0100] "GET /tienda/212-pantalon-leggin-bristol-sa-0406.html HTTP/1.1" 404 68080 "-" "Mozilla/5.0 (compatible; bingbot/2.0; +http://www.bing.com/bingbot.htm)" "-"
217.76.130.90 - - [13/Dec/2019:13:42:09 +0100] "POST /wp-cron.php?doing_wp_cron=1576240929.3954091072082519531250 HTTP/1.1" 200 164 "http://amazingsportwear.com/wp-cron.php?doing_wp_cron=1576240929.3954091072082519531250" "WordPress/5.2.5; https://amazingsportwear.com" "-"
116.55.75.155 - - [13/Dec/2019:13:42:08 +0100] "GET /img/cms/tienda/aq-crono-colores.JPG HTTP/1.1" 404 68055 "-" "Mozilla/5.0(Linux;U;Android 5.1.1;zh-CN;OPPO A33 Build/LMY47V) AppleWebKit/537.36(KHTML,like Gecko) Version/4.0 Chrome/40.0.2214.89 UCBrowser/11.7.0.953 Mobile Safari/537.36" "-"
106.87.84.176 - - [13/Dec/2019:13:42:25 +0100] "GET /etiqueta-producto/culot HTTP/1.1" 301 3547 "-" "Mozilla/5.0 (Linux; Android 7.0; FRD-AL00 Build/HUAWEIFRD-AL00; wv) AppleWebKit/537.36 (KHTML, like Gecko) Version/4.0 Chrome/53.0.2785.49 Mobile MQQBrowser/6.2 TBS/043602 Safari/537.36 MicroMessenger/6.5.16.1120 NetType/WIFI Language/zh_CN" "-"
180.127.81.20 - - [13/Dec/2019:13:42:35 +0100] "GET /wp-content/uploads/2019/04/zapatillero-pirlo-2-300x300.png HTTP/1.1" 200 65339 "-" "Mozilla/5.0(Linux;Android 5.1.1;OPPO A33 Build/LMY47V;wv) AppleWebKit/537.36(KHTML,link Gecko) Version/4.0 Chrome/42.0.2311.138 Mobile Safari/537.36 Mb2345Browser/9.0" "-"
106.87.84.176 - - [13/Dec/2019:13:42:36 +0100] "GET /etiqueta-producto/culot/ HTTP/1.1" 200 53800 "-" "Mozilla/5.0 (Linux; Android 7.0; FRD-AL00 Build/HUAWEIFRD-AL00; wv) AppleWebKit/537.36 (KHTML, like Gecko) Version/4.0 Chrome/53.0.2785.49 Mobile MQQBrowser/6.2 TBS/043602 Safari/537.36 MicroMessenger/6.5.16.1120 NetType/WIFI Language/zh_CN" "wpfront-notification-bar-landingpage=1"
217.76.130.90 - - [13/Dec/2019:13:43:28 +0100] "POST /wp-cron.php?doing_wp_cron=1576241008.4339570999145507812500 HTTP/1.1" 200 3389 "https://amazingsportwear.com/wp-cron.php?doing_wp_cron=1576241008.4339570999145507812500" "WordPress/5.2.5; https://amazingsportwear.com" "-"
110.89.131.208 - - [13/Dec/2019:13:43:26 +0100] "GET /etiqueta-producto/llavero-baloncesto HTTP/1.1" 301 3560 "-" "Mozilla/5.0(Linux;Android 5.1.1;OPPO A33 Build/LMY47V;wv) AppleWebKit/537.36(KHTML,link Gecko) Version/4.0 Chrome/42.0.2311.138 Mobile Safari/537.36 Mb2345Browser/9.0" "-"
222.85.32.229 - - [13/Dec/2019:13:43:30 +0100] "GET /etiqueta-producto/bolsillo-para-dorsal HTTP/1.1" 301 3562 "-" "Mozilla/5.0 (Linux; Android 7.0; FRD-AL00 Build/HUAWEIFRD-AL00; wv) AppleWebKit/537.36 (KHTML, like Gecko) Version/4.0 Chrome/53.0.2785.49 Mobile MQQBrowser/6.2 TBS/043602 Safari/537.36 MicroMessenger/6.5.16.1120 NetType/WIFI Language/zh_CN" "-"
117.166.22.15 - - [13/Dec/2019:13:43:32 +0100] "GET /wp-content/uploads/2017/03/CIF-T-1053.jpg HTTP/1.1" 200 58290 "-" "Mozilla/5.0(Linux;Android 5.1.1;OPPO A33 Build/LMY47V;wv) AppleWebKit/537.36(KHTML,link Gecko) Version/4.0 Chrome/42.0.2311.138 Mobile Safari/537.36 Mb2345Browser/9.0" "-"
110.89.131.208 - - [13/Dec/2019:13:43:35 +0100] "GET /etiqueta-producto/llavero-baloncesto/ HTTP/1.1" 200 53915 "-" "Mozilla/5.0(Linux;Android 5.1.1;OPPO A33 Build/LMY47V;wv) AppleWebKit/537.36(KHTML,link Gecko) Version/4.0 Chrome/42.0.2311.138 Mobile Safari/537.36 Mb2345Browser/9.0" "wpfront-notification-bar-landingpage=1"
222.85.32.229 - - [13/Dec/2019:13:43:43 +0100] "GET /etiqueta-producto/bolsillo-para-dorsal/ HTTP/1.1" 200 53796 "-" "Mozilla/5.0 (Linux; Android 7.0; FRD-AL00 Build/HUAWEIFRD-AL00; wv) AppleWebKit/537.36 (KHTML, like Gecko) Version/4.0 Chrome/53.0.2785.49 Mobile MQQBrowser/6.2 TBS/043602 Safari/537.36 MicroMessenger/6.5.16.1120 NetType/WIFI Language/zh_CN" "wpfront-notification-bar-landingpage=1"
218.65.186.131 - - [13/Dec/2019:13:43:58 +0100] "GET /categoria-producto/accesorios/bragasybuffs/ HTTP/1.1" 200 56809 "-" "Mozilla/5.0(Linux;Android 5.1.1;OPPO A33 Build/LMY47V;wv) AppleWebKit/537.36(KHTML,link Gecko) Version/4.0 Chrome/43.0.2357.121 Mobile Safari/537.36 LieBaoFast/4.51.3" "-"
217.76.130.90 - - [13/Dec/2019:13:44:17 +0100] "POST /wp-cron.php?doing_wp_cron=1576241057.1408588886260986328125 HTTP/1.1" 200 3389 "https://amazingsportwear.com/wp-cron.php?doing_wp_cron=1576241057.1408588886260986328125" "WordPress/5.2.5; https://amazingsportwear.com" "-"
121.233.21.137 - - [13/Dec/2019:13:44:16 +0100] "GET /categoria-producto/hombre/chubasqueros/ HTTP/1.1" 200 56881 "-" "Mozilla/5.0 (Linux; Android 7.0; FRD-AL00 Build/HUAWEIFRD-AL00; wv) AppleWebKit/537.36 (KHTML, like Gecko) Version/4.0 Chrome/53.0.2785.49 Mobile MQQBrowser/6.2 TBS/043602 Safari/537.36 MicroMessenger/6.5.16.1120 NetType/WIFI Language/zh_CN" "-"
217.76.130.90 - - [13/Dec/2019:13:46:54 +0100] "POST /wp-cron.php?doing_wp_cron=1576241214.3477699756622314453125 HTTP/1.1" 200 3389 "https://amazingsportwear.com/wp-cron.php?doing_wp_cron=1576241214.3477699756622314453125" "WordPress/5.2.5; https://amazingsportwear.com" "-"
66.249.64.144 - - [13/Dec/2019:13:46:48 +0100] "GET /producto/gorra-sport/ HTTP/1.1" 200 102245 "-" "Mozilla/5.0 (Linux; Android 6.0.1; Nexus 5X Build/MMB29P) AppleWebKit/537.36 (KHTML, like Gecko) Chrome/41.0.2272.96 Mobile Safari/537.36 (compatible; Googlebot/2.1; +http://www.google.com/bot.html)" "-"
66.249.64.146 - - [13/Dec/2019:13:47:00 +0100] "GET /wp-content/plugins/product-enquiry-for-woocommerce/css/wdm-jquery-ui.css?ver=5.2.5 HTTP/1.1" 200 30364 "https://amazingsportwear.com/producto/gorra-sport/" "Mozilla/5.0 (Linux; Android 6.0.1; Nexus 5X Build/MMB29P) AppleWebKit/537.36 (KHTML, like Gecko) Chrome/41.0.2272.96 Mobile Safari/537.36 (compatible; Googlebot/2.1; +http://www.google.com/bot.html)" "-"
66.249.64.146 - - [13/Dec/2019:13:47:02 +0100] "GET /wp-includes/js/comment-reply.min.js?ver=5.2.5 HTTP/1.1" 200 2575 "https://amazingsportwear.com/producto/gorra-sport/" "Mozilla/5.0 (Linux; Android 6.0.1; Nexus 5X Build/MMB29P) AppleWebKit/537.36 (KHTML, like Gecko) Chrome/41.0.2272.96 Mobile Safari/537.36 (compatible; Googlebot/2.1; +http://www.google.com/bot.html)" "-"
66.249.64.144 - - [13/Dec/2019:13:47:04 +0100] "GET /wp-includes/js/wp-util.min.js?ver=5.2.5 HTTP/1.1" 200 1387 "https://amazingsportwear.com/producto/gorra-sport/" "Mozilla/5.0 (Linux; Android 6.0.1; Nexus 5X Build/MMB29P) AppleWebKit/537.36 (KHTML, like Gecko) Chrome/41.0.2272.96 Mobile Safari/537.36 (compatible; Googlebot/2.1; +http://www.google.com/bot.html)" "-"
66.249.64.144 - - [13/Dec/2019:13:47:05 +0100] "GET /wp-content/plugins/product-enquiry-for-woocommerce/js/wdm_jquery.validate.min.js?ver=5.2.5 HTTP/1.1" 200 21818 "https://amazingsportwear.com/producto/gorra-sport/" "Mozilla/5.0 (Linux; Android 6.0.1; Nexus 5X Build/MMB29P) AppleWebKit/537.36 (KHTML, like Gecko) Chrome/41.0.2272.96 Mobile Safari/537.36 (compatible; Googlebot/2.1; +http://www.google.com/bot.html)" "-"
66.249.64.144 - - [13/Dec/2019:13:47:07 +0100] "GET /wp-content/plugins/product-enquiry-for-woocommerce/js/contact.js?ver=5.2.5 HTTP/1.1" 200 4681 "https://amazingsportwear.com/producto/gorra-sport/" "Mozilla/5.0 (Linux; Android 6.0.1; Nexus 5X Build/MMB29P) AppleWebKit/537.36 (KHTML, like Gecko) Chrome/41.0.2272.96 Mobile Safari/537.36 (compatible; Googlebot/2.1; +http://www.google.com/bot.html)" "-"
217.76.130.90 - - [13/Dec/2019:13:48:08 +0100] "POST /wp-cron.php?doing_wp_cron=1576241288.6293230056762695312500 HTTP/1.1" 200 164 "http://amazingsportwear.com/wp-cron.php?doing_wp_cron=1576241288.6293230056762695312500" "WordPress/5.2.5; https://amazingsportwear.com" "-"
81.169.246.201 - - [13/Dec/2019:13:48:07 +0100] "GET / HTTP/1.1" 301 298 "-" "Mozilla/5.0 (Windows NT 6.1; Win64; x64; rv:64.0) Gecko/20100101 Firefox/64.0" "-"
81.169.246.201 - - [13/Dec/2019:13:48:08 +0100] "GET /searchreplacedb2.php HTTP/1.1" 404 68002 "-" "Mozilla/5.0 (Windows NT 6.1; Win64; x64; rv:64.0) Gecko/20100101 Firefox/64.0" "-"
207.46.13.25 - - [13/Dec/2019:13:50:33 +0100] "GET /wp-content/uploads/2019/04/bolsa-deporte-hale-1.png HTTP/1.1" 200 124418 "-" "Mozilla/5.0 (compatible; bingbot/2.0; +http://www.bing.com/bingbot.htm)" "-"
217.76.130.90 - - [13/Dec/2019:13:50:50 +0100] "POST /wp-cron.php?doing_wp_cron=1576241450.7837629318237304687500 HTTP/1.1" 200 3389 "https://amazingsportwear.com/wp-cron.php?doing_wp_cron=1576241450.7837629318237304687500" "WordPress/5.2.5; https://amazingsportwear.com" "-"
66.249.64.144 - - [13/Dec/2019:13:50:48 +0100] "GET /producto/gorra-sport/ HTTP/1.1" 200 102208 "-" "Mozilla/5.0 (compatible; Googlebot/2.1; +http://www.google.com/bot.html)" "-"
217.76.130.90 - - [13/Dec/2019:13:53:44 +0100] "POST /wp-cron.php?doing_wp_cron=1576241624.7382531166076660156250 HTTP/1.1" 200 3389 "https://amazingsportwear.com/wp-cron.php?doing_wp_cron=1576241624.7382531166076660156250" "WordPress/5.2.5; https://amazingsportwear.com" "-"
183.165.60.248 - - [13/Dec/2019:13:53:43 +0100] "GET /etiqueta-producto/camiseta-combinada HTTP/1.1" 301 3560 "-" "Mozilla/5.0(Linux;Android 5.1.1;OPPO A33 Build/LMY47V;wv) AppleWebKit/537.36(KHTML,link Gecko) Version/4.0 Chrome/43.0.2357.121 Mobile Safari/537.36 LieBaoFast/4.51.3" "-"
183.165.60.248 - - [13/Dec/2019:13:53:50 +0100] "GET /etiqueta-producto/camiseta-combinada/ HTTP/1.1" 200 63550 "-" "Mozilla/5.0(Linux;Android 5.1.1;OPPO A33 Build/LMY47V;wv) AppleWebKit/537.36(KHTML,link Gecko) Version/4.0 Chrome/43.0.2357.121 Mobile Safari/537.36 LieBaoFast/4.51.3" "wpfront-notification-bar-landingpage=1"
207.46.13.23 - - [13/Dec/2019:13:59:36 +0100] "GET /wp-content/uploads/2017/03/CIF-T-1056.jpg HTTP/1.1" 200 53858 "-" "Mozilla/5.0 (compatible; bingbot/2.0; +http://www.bing.com/bingbot.htm)" "-"
207.46.13.23 - - [13/Dec/2019:13:59:37 +0100] "GET /wp-content/uploads/2019/04/bidon-camiseta-zablex-5.png HTTP/1.1" 200 104268 "-" "Mozilla/5.0 (compatible; bingbot/2.0; +http://www.bing.com/bingbot.htm)" "-"
190.104.174.26 - - [13/Dec/2019:14:24:04 +0100] "GET /wp-content/uploads/2017/04/chaleco-sublimado-espalda.png HTTP/1.1" 200 75722 "https://www.google.com/blank.html" "Mozilla/5.0 (Linux; Android 5.1.1; HUAWEI Y560-L03 Build/HUAWEIY560-L03; wv) AppleWebKit/537.36 (KHTML, like Gecko) Version/4.0 Chrome/50.0.2661.86 Mobile Safari/537.36 GSA/4.6.10.19.arm" "-"
217.76.130.90 - - [13/Dec/2019:14:27:47 +0100] "POST /wp-cron.php?doing_wp_cron=1576243667.0633840560913085937500 HTTP/1.1" 200 3389 "https://amazingsportwear.com/wp-cron.php?doing_wp_cron=1576243667.0633840560913085937500" "WordPress/5.2.5; https://amazingsportwear.com" "-"
66.249.64.144 - - [13/Dec/2019:14:27:44 +0100] "GET /sitemap_index.xml HTTP/1.1" 200 5007 "-" "Mozilla/5.0 (compatible; Googlebot/2.1; +http://www.google.com/bot.html)" "-"
217.76.130.90 - - [13/Dec/2019:14:32:00 +0100] "POST /wp-cron.php?doing_wp_cron=1576243920.9708759784698486328125 HTTP/1.1" 200 164 "http://amazingsportwear.com/wp-cron.php?doing_wp_cron=1576243920.9708759784698486328125" "WordPress/5.2.5; https://amazingsportwear.com" "-"
77.26.12.4 - - [13/Dec/2019:14:32:00 +0100] "GET / HTTP/1.1" 301 336 "-" "Mozilla/5.0 (Windows NT 10.0; Win64; x64) AppleWebKit/537.36 (KHTML, like Gecko) Chrome/78.0.3904.108 Safari/537.36" "-"
77.26.12.4 - - [13/Dec/2019:14:32:01 +0100] "GET / HTTP/1.1" 200 125736 "-" "Mozilla/5.0 (Windows NT 10.0; Win64; x64) AppleWebKit/537.36 (KHTML, like Gecko) Chrome/78.0.3904.108 Safari/537.36" "wpfront-notification-bar-landingpage=1"
77.26.12.4 - - [13/Dec/2019:14:32:05 +0100] "GET /wp-content/plugins/cookie-law-info/public/css/cookie-law-info-gdpr.css?ver=1.7.6 HTTP/1.1" 200 15808 "https://amazingsportwear.com/" "Mozilla/5.0 (Windows NT 10.0; Win64; x64) AppleWebKit/537.36 (KHTML, like Gecko) Chrome/78.0.3904.108 Safari/537.36" "wpfront-notification-bar-landingpage=1"
77.26.12.4 - - [13/Dec/2019:14:32:05 +0100] "GET /wp-content/plugins/woocommerce/assets/css/blocks/style.css?ver=3.6.4 HTTP/1.1" 200 10060 "https://amazingsportwear.com/" "Mozilla/5.0 (Windows NT 10.0; Win64; x64) AppleWebKit/537.36 (KHTML, like Gecko) Chrome/78.0.3904.108 Safari/537.36" "wpfront-notification-bar-landingpage=1"
77.26.12.4 - - [13/Dec/2019:14:32:05 +0100] "GET /wp-content/uploads/elementor/css/post-16241.css?ver=1562311573 HTTP/1.1" 200 8297 "https://amazingsportwear.com/" "Mozilla/5.0 (Windows NT 10.0; Win64; x64) AppleWebKit/537.36 (KHTML, like Gecko) Chrome/78.0.3904.108 Safari/537.36" "wpfront-notification-bar-landingpage=1"
77.26.12.4 - - [13/Dec/2019:14:32:05 +0100] "GET /wp-content/plugins/elementor/assets/lib/font-awesome/css/font-awesome.min.css?ver=4.7.0 HTTP/1.1" 200 34728 "https://amazingsportwear.com/" "Mozilla/5.0 (Windows NT 10.0; Win64; x64) AppleWebKit/537.36 (KHTML, like Gecko) Chrome/78.0.3904.108 Safari/537.36" "wpfront-notification-bar-landingpage=1"
77.26.12.4 - - [13/Dec/2019:14:32:05 +0100] "GET /wp-content/themes/shopper/assets/sass/woocommerce/woocommerce.css?ver=5.2.5 HTTP/1.1" 200 86897 "https://amazingsportwear.com/" "Mozilla/5.0 (Windows NT 10.0; Win64; x64) AppleWebKit/537.36 (KHTML, like Gecko) Chrome/78.0.3904.108 Safari/537.36" "wpfront-notification-bar-landingpage=1"
77.26.12.4 - - [13/Dec/2019:14:32:05 +0100] "GET /wp-content/plugins/woocommerce/assets/js/frontend/woocommerce.min.js?ver=3.6.4 HTTP/1.1" 200 5176 "https://amazingsportwear.com/" "Mozilla/5.0 (Windows NT 10.0; Win64; x64) AppleWebKit/537.36 (KHTML, like Gecko) Chrome/78.0.3904.108 Safari/537.36" "wpfront-notification-bar-landingpage=1"
77.26.12.4 - - [13/Dec/2019:14:32:05 +0100] "GET /wp-includes/css/dist/block-library/style.min.css?ver=5.2.5 HTTP/1.1" 200 33023 "https://amazingsportwear.com/" "Mozilla/5.0 (Windows NT 10.0; Win64; x64) AppleWebKit/537.36 (KHTML, like Gecko) Chrome/78.0.3904.108 Safari/537.36" "wpfront-notification-bar-landingpage=1"
77.26.12.4 - - [13/Dec/2019:14:32:05 +0100] "GET /wp-content/plugins/wpfront-notification-bar/js/wpfront-notification-bar.js?ver=1.7.1 HTTP/1.1" 200 9025 "https://amazingsportwear.com/" "Mozilla/5.0 (Windows NT 10.0; Win64; x64) AppleWebKit/537.36 (KHTML, like Gecko) Chrome/78.0.3904.108 Safari/537.36" "wpfront-notification-bar-landingpage=1"
77.26.12.4 - - [13/Dec/2019:14:32:05 +0100] "GET /wp-content/plugins/elementor/assets/lib/animations/animations.min.css?ver=2.5.16 HTTP/1.1" 200 22196 "https://amazingsportwear.com/" "Mozilla/5.0 (Windows NT 10.0; Win64; x64) AppleWebKit/537.36 (KHTML, like Gecko) Chrome/78.0.3904.108 Safari/537.36" "wpfront-notification-bar-landingpage=1"
77.26.12.4 - - [13/Dec/2019:14:32:05 +0100] "GET /wp-content/plugins/smart-slider-3/nextend/media/dist/n2.min.js?1559118093 HTTP/1.1" 200 7199 "https://amazingsportwear.com/" "Mozilla/5.0 (Windows NT 10.0; Win64; x64) AppleWebKit/537.36 (KHTML, like Gecko) Chrome/78.0.3904.108 Safari/537.36" "wpfront-notification-bar-landingpage=1"
77.26.12.4 - - [13/Dec/2019:14:32:05 +0100] "GET /wp-content/plugins/woocommerce/assets/js/jquery-blockui/jquery.blockUI.min.js?ver=2.70 HTTP/1.1" 200 13271 "https://amazingsportwear.com/" "Mozilla/5.0 (Windows NT 10.0; Win64; x64) AppleWebKit/537.36 (KHTML, like Gecko) Chrome/78.0.3904.108 Safari/537.36" "wpfront-notification-bar-landingpage=1"
77.26.12.4 - - [13/Dec/2019:14:32:05 +0100] "GET /wp-includes/js/jquery/jquery-migrate.min.js?ver=1.4.1 HTTP/1.1" 200 13762 "https://amazingsportwear.com/" "Mozilla/5.0 (Windows NT 10.0; Win64; x64) AppleWebKit/537.36 (KHTML, like Gecko) Chrome/78.0.3904.108 Safari/537.36" "wpfront-notification-bar-landingpage=1"
77.26.12.4 - - [13/Dec/2019:14:32:05 +0100] "GET /wp-content/uploads/elementor/css/global.css?ver=1559638744 HTTP/1.1" 200 8499 "https://amazingsportwear.com/" "Mozilla/5.0 (Windows NT 10.0; Win64; x64) AppleWebKit/537.36 (KHTML, like Gecko) Chrome/78.0.3904.108 Safari/537.36" "wpfront-notification-bar-landingpage=1"
77.26.12.4 - - [13/Dec/2019:14:32:05 +0100] "GET /wp-content/plugins/smart-slider-3/library/media/smartslider.min.css?1559118093 HTTP/1.1" 200 23322 "https://amazingsportwear.com/" "Mozilla/5.0 (Windows NT 10.0; Win64; x64) AppleWebKit/537.36 (KHTML, like Gecko) Chrome/78.0.3904.108 Safari/537.36" "wpfront-notification-bar-landingpage=1"
77.26.12.4 - - [13/Dec/2019:14:32:05 +0100] "GET /wp-content/plugins/cookie-law-info/public/js/cookie-law-info-public.js?ver=1.7.6 HTTP/1.1" 200 20439 "https://amazingsportwear.com/" "Mozilla/5.0 (Windows NT 10.0; Win64; x64) AppleWebKit/537.36 (KHTML, like Gecko) Chrome/78.0.3904.108 Safari/537.36" "wpfront-notification-bar-landingpage=1"
77.26.12.4 - - [13/Dec/2019:14:32:05 +0100] "GET /wp-content/plugins/simple-social-icons/svgxuse.js?ver=1.1.21 HTTP/1.1" 200 12943 "https://amazingsportwear.com/" "Mozilla/5.0 (Windows NT 10.0; Win64; x64) AppleWebKit/537.36 (KHTML, like Gecko) Chrome/78.0.3904.108 Safari/537.36" "wpfront-notification-bar-landingpage=1"
77.26.12.4 - - [13/Dec/2019:14:32:05 +0100] "GET /wp-content/plugins/simple-social-icons/css/style.css?ver=3.0.1 HTTP/1.1" 200 4925 "https://amazingsportwear.com/" "Mozilla/5.0 (Windows NT 10.0; Win64; x64) AppleWebKit/537.36 (KHTML, like Gecko) Chrome/78.0.3904.108 Safari/537.36" "wpfront-notification-bar-landingpage=1"
77.26.12.4 - - [13/Dec/2019:14:32:05 +0100] "GET /wp-content/plugins/woocommerce/assets/js/js-cookie/js.cookie.min.js?ver=2.1.4 HTTP/1.1" 200 5550 "https://amazingsportwear.com/" "Mozilla/5.0 (Windows NT 10.0; Win64; x64) AppleWebKit/537.36 (KHTML, like Gecko) Chrome/78.0.3904.108 Safari/537.36" "wpfront-notification-bar-landingpage=1"
77.26.12.4 - - [13/Dec/2019:14:32:05 +0100] "GET /wp-content/themes/shopper/style.css?ver=1.3.8 HTTP/1.1" 200 128678 "https://amazingsportwear.com/" "Mozilla/5.0 (Windows NT 10.0; Win64; x64) AppleWebKit/537.36 (KHTML, like Gecko) Chrome/78.0.3904.108 Safari/537.36" "wpfront-notification-bar-landingpage=1"
77.26.12.4 - - [13/Dec/2019:14:32:05 +0100] "GET /wp-content/plugins/smart-slider-3/library/media/plugins/type/simple/simple/dist/smartslider-simple-type-frontend.min.js?1559118093 HTTP/1.1" 200 22336 "https://amazingsportwear.com/" "Mozilla/5.0 (Windows NT 10.0; Win64; x64) AppleWebKit/537.36 (KHTML, like Gecko) Chrome/78.0.3904.108 Safari/537.36" "wpfront-notification-bar-landingpage=1"
77.26.12.4 - - [13/Dec/2019:14:32:05 +0100] "GET /wp-content/plugins/wpfront-notification-bar/jquery-plugins/jquery.c.js?ver=1.4.0 HTTP/1.1" 200 6800 "https://amazingsportwear.com/" "Mozilla/5.0 (Windows NT 10.0; Win64; x64) AppleWebKit/537.36 (KHTML, like Gecko) Chrome/78.0.3904.108 Safari/537.36" "wpfront-notification-bar-landingpage=1"
77.26.12.4 - - [13/Dec/2019:14:32:05 +0100] "GET /wp-content/themes/shopper/assets/js/crm.js?ver=1561548510 HTTP/1.1" 200 4237 "https://amazingsportwear.com/" "Mozilla/5.0 (Windows NT 10.0; Win64; x64) AppleWebKit/537.36 (KHTML, like Gecko) Chrome/78.0.3904.108 Safari/537.36" "wpfront-notification-bar-landingpage=1"
77.26.12.4 - - [13/Dec/2019:14:32:05 +0100] "GET /wp-content/plugins/smart-slider-3/library/media/dist/smartslider-frontend.min.js?1559118093 HTTP/1.1" 200 130656 "https://amazingsportwear.com/" "Mozilla/5.0 (Windows NT 10.0; Win64; x64) AppleWebKit/537.36 (KHTML, like Gecko) Chrome/78.0.3904.108 Safari/537.36" "wpfront-notification-bar-landingpage=1"
77.26.12.4 - - [13/Dec/2019:14:32:05 +0100] "GET /wp-includes/js/jquery/jquery.js?ver=1.12.4-wp HTTP/1.1" 200 100725 "https://amazingsportwear.com/" "Mozilla/5.0 (Windows NT 10.0; Win64; x64) AppleWebKit/537.36 (KHTML, like Gecko) Chrome/78.0.3904.108 Safari/537.36" "wpfront-notification-bar-landingpage=1"
77.26.12.4 - - [13/Dec/2019:14:32:05 +0100] "GET /wp-content/plugins/wpfront-notification-bar/css/wpfront-notification-bar.css?ver=1.7.1 HTTP/1.1" 200 7026 "https://amazingsportwear.com/" "Mozilla/5.0 (Windows NT 10.0; Win64; x64) AppleWebKit/537.36 (KHTML, like Gecko) Chrome/78.0.3904.108 Safari/537.36" "wpfront-notification-bar-landingpage=1"
77.26.12.4 - - [13/Dec/2019:14:32:05 +0100] "GET /wp-content/plugins/elementor/assets/css/frontend.min.css?ver=2.5.16 HTTP/1.1" 200 98729 "https://amazingsportwear.com/" "Mozilla/5.0 (Windows NT 10.0; Win64; x64) AppleWebKit/537.36 (KHTML, like Gecko) Chrome/78.0.3904.108 Safari/537.36" "wpfront-notification-bar-landingpage=1"
77.26.12.4 - - [13/Dec/2019:14:32:05 +0100] "GET /wp-content/plugins/smart-slider-3/nextend/media/dist/nextend-frontend.min.js?1559118093 HTTP/1.1" 200 89702 "https://amazingsportwear.com/" "Mozilla/5.0 (Windows NT 10.0; Win64; x64) AppleWebKit/537.36 (KHTML, like Gecko) Chrome/78.0.3904.108 Safari/537.36" "wpfront-notification-bar-landingpage=1"
77.26.12.4 - - [13/Dec/2019:14:32:05 +0100] "GET /wp-content/plugins/elementor/assets/lib/eicons/css/elementor-icons.min.css?ver=4.3.0 HTTP/1.1" 200 15213 "https://amazingsportwear.com/" "Mozilla/5.0 (Windows NT 10.0; Win64; x64) AppleWebKit/537.36 (KHTML, like Gecko) Chrome/78.0.3904.108 Safari/537.36" "wpfront-notification-bar-landingpage=1"
77.26.12.4 - - [13/Dec/2019:14:32:05 +0100] "GET /wp-content/plugins/cookie-law-info/public/css/cookie-law-info-public.css?ver=1.7.6 HTTP/1.1" 200 6598 "https://amazingsportwear.com/" "Mozilla/5.0 (Windows NT 10.0; Win64; x64) AppleWebKit/537.36 (KHTML, like Gecko) Chrome/78.0.3904.108 Safari/537.36" "wpfront-notification-bar-landingpage=1"
77.26.12.4 - - [13/Dec/2019:14:32:05 +0100] "GET /wp-content/plugins/woocommerce/assets/js/frontend/add-to-cart.min.js?ver=3.6.4 HTTP/1.1" 200 6346 "https://amazingsportwear.com/" "Mozilla/5.0 (Windows NT 10.0; Win64; x64) AppleWebKit/537.36 (KHTML, like Gecko) Chrome/78.0.3904.108 Safari/537.36" "wpfront-notification-bar-landingpage=1"
77.26.12.4 - - [13/Dec/2019:14:32:06 +0100] "GET /wp-content/plugins/woocommerce/assets/js/frontend/cart-fragments.min.js?ver=3.6.4 HTTP/1.1" 200 6644 "https://amazingsportwear.com/" "Mozilla/5.0 (Windows NT 10.0; Win64; x64) AppleWebKit/537.36 (KHTML, like Gecko) Chrome/78.0.3904.108 Safari/537.36" "wpfront-notification-bar-landingpage=1"
77.26.12.4 - - [13/Dec/2019:14:32:06 +0100] "GET /wp-content/themes/shopper/assets/js/shopper.min.js?ver=1.3.8 HTTP/1.1" 200 9357 "https://amazingsportwear.com/" "Mozilla/5.0 (Windows NT 10.0; Win64; x64) AppleWebKit/537.36 (KHTML, like Gecko) Chrome/78.0.3904.108 Safari/537.36" "wpfront-notification-bar-landingpage=1"
77.26.12.4 - - [13/Dec/2019:14:32:06 +0100] "GET /wp-includes/js/wp-embed.min.js?ver=5.2.5 HTTP/1.1" 200 5107 "https://amazingsportwear.com/" "Mozilla/5.0 (Windows NT 10.0; Win64; x64) AppleWebKit/537.36 (KHTML, like Gecko) Chrome/78.0.3904.108 Safari/537.36" "wpfront-notification-bar-landingpage=1"
77.26.12.4 - - [13/Dec/2019:14:32:06 +0100] "GET /wp-content/themes/shopper/assets/js/woocommerce/header-cart.min.js?ver=1.3.8 HTTP/1.1" 200 4335 "https://amazingsportwear.com/" "Mozilla/5.0 (Windows NT 10.0; Win64; x64) AppleWebKit/537.36 (KHTML, like Gecko) Chrome/78.0.3904.108 Safari/537.36" "wpfront-notification-bar-landingpage=1"
77.26.12.4 - - [13/Dec/2019:14:32:06 +0100] "GET /wp-content/plugins/elementor/assets/lib/waypoints/waypoints.min.js?ver=4.0.2 HTTP/1.1" 200 15904 "https://amazingsportwear.com/" "Mozilla/5.0 (Windows NT 10.0; Win64; x64) AppleWebKit/537.36 (KHTML, like Gecko) Chrome/78.0.3904.108 Safari/537.36" "wpfront-notification-bar-landingpage=1"
77.26.12.4 - - [13/Dec/2019:14:32:06 +0100] "GET /wp-content/plugins/elementor/assets/lib/slick/slick.min.js?ver=1.8.1 HTTP/1.1" 200 46627 "https://amazingsportwear.com/" "Mozilla/5.0 (Windows NT 10.0; Win64; x64) AppleWebKit/537.36 (KHTML, like Gecko) Chrome/78.0.3904.108 Safari/537.36" "wpfront-notification-bar-landingpage=1"
77.26.12.4 - - [13/Dec/2019:14:32:06 +0100] "GET /wp-includes/js/jquery/ui/core.min.js?ver=1.11.4 HTTP/1.1" 200 7704 "https://amazingsportwear.com/" "Mozilla/5.0 (Windows NT 10.0; Win64; x64) AppleWebKit/537.36 (KHTML, like Gecko) Chrome/78.0.3904.108 Safari/537.36" "wpfront-notification-bar-landingpage=1"
77.26.12.4 - - [13/Dec/2019:14:32:06 +0100] "GET /wp-content/themes/shopper/assets/js/skip-link-focus-fix.js?ver=1.3.8 HTTP/1.1" 200 4386 "https://amazingsportwear.com/" "Mozilla/5.0 (Windows NT 10.0; Win64; x64) AppleWebKit/537.36 (KHTML, like Gecko) Chrome/78.0.3904.108 Safari/537.36" "wpfront-notification-bar-landingpage=1"
77.26.12.4 - - [13/Dec/2019:14:32:06 +0100] "GET /wp-content/uploads/2019/07/buff-bandana-300x123.jpg HTTP/1.1" 200 19222 "https://amazingsportwear.com/" "Mozilla/5.0 (Windows NT 10.0; Win64; x64) AppleWebKit/537.36 (KHTML, like Gecko) Chrome/78.0.3904.108 Safari/537.36" "wpfront-notification-bar-landingpage=1"
77.26.12.4 - - [13/Dec/2019:14:32:06 +0100] "GET /wp-content/uploads/2019/05/cropped-asw-white.png HTTP/1.1" 200 10863 "https://amazingsportwear.com/" "Mozilla/5.0 (Windows NT 10.0; Win64; x64) AppleWebKit/537.36 (KHTML, like Gecko) Chrome/78.0.3904.108 Safari/537.36" "wpfront-notification-bar-landingpage=1"
77.26.12.4 - - [13/Dec/2019:14:32:06 +0100] "GET /wp-includes/js/jquery/ui/position.min.js?ver=1.11.4 HTTP/1.1" 200 10232 "https://amazingsportwear.com/" "Mozilla/5.0 (Windows NT 10.0; Win64; x64) AppleWebKit/537.36 (KHTML, like Gecko) Chrome/78.0.3904.108 Safari/537.36" "wpfront-notification-bar-landingpage=1"
77.26.12.4 - - [13/Dec/2019:14:32:06 +0100] "GET /wp-content/plugins/elementor/assets/lib/dialog/dialog.min.js?ver=4.7.1 HTTP/1.1" 200 14274 "https://amazingsportwear.com/" "Mozilla/5.0 (Windows NT 10.0; Win64; x64) AppleWebKit/537.36 (KHTML, like Gecko) Chrome/78.0.3904.108 Safari/537.36" "wpfront-notification-bar-landingpage=1"
77.26.12.4 - - [13/Dec/2019:14:32:06 +0100] "GET /wp-content/plugins/si-contact-form/includes/fscf-scripts.js?ver=179 HTTP/1.1" 200 4396 "https://amazingsportwear.com/" "Mozilla/5.0 (Windows NT 10.0; Win64; x64) AppleWebKit/537.36 (KHTML, like Gecko) Chrome/78.0.3904.108 Safari/537.36" "wpfront-notification-bar-landingpage=1"
77.26.12.4 - - [13/Dec/2019:14:32:06 +0100] "GET /wp-content/uploads/2019/07/camiseta-tecnica-mujer-300x124.jpg HTTP/1.1" 200 20683 "https://amazingsportwear.com/" "Mozilla/5.0 (Windows NT 10.0; Win64; x64) AppleWebKit/537.36 (KHTML, like Gecko) Chrome/78.0.3904.108 Safari/537.36" "wpfront-notification-bar-landingpage=1"
77.26.12.4 - - [13/Dec/2019:14:32:06 +0100] "GET /wp-content/uploads/2019/07/camiseta-tecnica-unisex-300x124.jpg HTTP/1.1" 200 20453 "https://amazingsportwear.com/" "Mozilla/5.0 (Windows NT 10.0; Win64; x64) AppleWebKit/537.36 (KHTML, like Gecko) Chrome/78.0.3904.108 Safari/537.36" "wpfront-notification-bar-landingpage=1"
77.26.12.4 - - [13/Dec/2019:14:32:06 +0100] "GET /wp-content/plugins/elementor/assets/js/frontend.min.js?ver=2.5.16 HTTP/1.1" 200 44704 "https://amazingsportwear.com/" "Mozilla/5.0 (Windows NT 10.0; Win64; x64) AppleWebKit/537.36 (KHTML, like Gecko) Chrome/78.0.3904.108 Safari/537.36" "wpfront-notification-bar-landingpage=1"
77.26.12.4 - - [13/Dec/2019:14:32:06 +0100] "GET /wp-content/plugins/elementor/assets/lib/swiper/swiper.min.js?ver=4.4.6 HTTP/1.1" 200 129489 "https://amazingsportwear.com/" "Mozilla/5.0 (Windows NT 10.0; Win64; x64) AppleWebKit/537.36 (KHTML, like Gecko) Chrome/78.0.3904.108 Safari/537.36" "wpfront-notification-bar-landingpage=1"
77.26.12.4 - - [13/Dec/2019:14:32:06 +0100] "GET /wp-includes/js/wp-emoji-release.min.js?ver=5.2.5 HTTP/1.1" 200 17546 "https://amazingsportwear.com/" "Mozilla/5.0 (Windows NT 10.0; Win64; x64) AppleWebKit/537.36 (KHTML, like Gecko) Chrome/78.0.3904.108 Safari/537.36" "wpfront-notification-bar-landingpage=1"
