81.44.180.148 - - [08/Dec/2019:11:46:14 +0100] "GET / HTTP/1.1" 200 122383 "https://amazingsportwear.com/contacta-con-nosotros/" "Mozilla/5.0 (Windows NT 5.1) AppleWebKit/537.36 (KHTML, like Gecko) Chrome/49.0.2623.112 Safari/537.36" "wpfront-notification-bar-landingpage=1; _ga=GA1.2.1385332643.1575801258; _gid=GA1.2.1867499635.1575801258; _gat_gtag_UA_91619287_1=1"
81.44.180.148 - - [08/Dec/2019:11:46:49 +0100] "GET /categoria-producto/mujer/ HTTP/1.1" 200 74236 "https://amazingsportwear.com/" "Mozilla/5.0 (Windows NT 5.1) AppleWebKit/537.36 (KHTML, like Gecko) Chrome/49.0.2623.112 Safari/537.36" "wpfront-notification-bar-landingpage=1; _gat_gtag_UA_91619287_1=1; _ga=GA1.2.1385332643.1575801258; _gid=GA1.2.1867499635.1575801258"
81.44.180.148 - - [08/Dec/2019:11:46:50 +0100] "GET /wp-content/uploads/2017/03/cat-4731-amarilla-300x300.jpg HTTP/1.1" 200 7922 "https://amazingsportwear.com/categoria-producto/mujer/" "Mozilla/5.0 (Windows NT 5.1) AppleWebKit/537.36 (KHTML, like Gecko) Chrome/49.0.2623.112 Safari/537.36" "wpfront-notification-bar-landingpage=1; _gat_gtag_UA_91619287_1=1; _ga=GA1.2.1385332643.1575801258; _gid=GA1.2.1867499635.1575801258"
81.44.180.148 - - [08/Dec/2019:11:46:50 +0100] "GET /wp-content/uploads/2017/03/CAT-5248-21-300x300.jpg HTTP/1.1" 200 10467 "https://amazingsportwear.com/categoria-producto/mujer/" "Mozilla/5.0 (Windows NT 5.1) AppleWebKit/537.36 (KHTML, like Gecko) Chrome/49.0.2623.112 Safari/537.36" "wpfront-notification-bar-landingpage=1; _gat_gtag_UA_91619287_1=1; _ga=GA1.2.1385332643.1575801258; _gid=GA1.2.1867499635.1575801258"
81.44.180.148 - - [08/Dec/2019:11:46:50 +0100] "GET /wp-content/uploads/2017/03/CIF-T-527-300x300.jpg HTTP/1.1" 200 7880 "https://amazingsportwear.com/categoria-producto/mujer/" "Mozilla/5.0 (Windows NT 5.1) AppleWebKit/537.36 (KHTML, like Gecko) Chrome/49.0.2623.112 Safari/537.36" "wpfront-notification-bar-landingpage=1; _gat_gtag_UA_91619287_1=1; _ga=GA1.2.1385332643.1575801258; _gid=GA1.2.1867499635.1575801258"
81.44.180.148 - - [08/Dec/2019:11:46:50 +0100] "GET /wp-content/uploads/2018/04/cat-4186-chica-300x300.jpg HTTP/1.1" 200 23748 "https://amazingsportwear.com/categoria-producto/mujer/" "Mozilla/5.0 (Windows NT 5.1) AppleWebKit/537.36 (KHTML, like Gecko) Chrome/49.0.2623.112 Safari/537.36" "wpfront-notification-bar-landingpage=1; _gat_gtag_UA_91619287_1=1; _ga=GA1.2.1385332643.1575801258; _gid=GA1.2.1867499635.1575801258"
81.44.180.148 - - [08/Dec/2019:11:46:50 +0100] "GET /wp-content/uploads/2017/03/ENY-ARABIA-MUJER-781-300x300.jpg HTTP/1.1" 200 8116 "https://amazingsportwear.com/categoria-producto/mujer/" "Mozilla/5.0 (Windows NT 5.1) AppleWebKit/537.36 (KHTML, like Gecko) Chrome/49.0.2623.112 Safari/537.36" "wpfront-notification-bar-landingpage=1; _gat_gtag_UA_91619287_1=1; _ga=GA1.2.1385332643.1575801258; _gid=GA1.2.1867499635.1575801258"
81.44.180.148 - - [08/Dec/2019:11:46:50 +0100] "GET /wp-content/uploads/2018/02/SA-6656-azul-300x300.png HTTP/1.1" 200 73639 "https://amazingsportwear.com/categoria-producto/mujer/" "Mozilla/5.0 (Windows NT 5.1) AppleWebKit/537.36 (KHTML, like Gecko) Chrome/49.0.2623.112 Safari/537.36" "wpfront-notification-bar-landingpage=1; _gat_gtag_UA_91619287_1=1; _ga=GA1.2.1385332643.1575801258; _gid=GA1.2.1867499635.1575801258"
81.44.180.148 - - [08/Dec/2019:11:46:50 +0100] "GET /wp-content/uploads/2018/02/SA-6658-azul-300x300.png HTTP/1.1" 200 75315 "https://amazingsportwear.com/categoria-producto/mujer/" "Mozilla/5.0 (Windows NT 5.1) AppleWebKit/537.36 (KHTML, like Gecko) Chrome/49.0.2623.112 Safari/537.36" "wpfront-notification-bar-landingpage=1; _gat_gtag_UA_91619287_1=1; _ga=GA1.2.1385332643.1575801258; _gid=GA1.2.1867499635.1575801258"
81.44.180.148 - - [08/Dec/2019:11:46:50 +0100] "GET /wp-content/uploads/2019/03/SA-6664-1-300x300.png HTTP/1.1" 200 91490 "https://amazingsportwear.com/categoria-producto/mujer/" "Mozilla/5.0 (Windows NT 5.1) AppleWebKit/537.36 (KHTML, like Gecko) Chrome/49.0.2623.112 Safari/537.36" "wpfront-notification-bar-landingpage=1; _gat_gtag_UA_91619287_1=1; _ga=GA1.2.1385332643.1575801258; _gid=GA1.2.1867499635.1575801258"
81.44.180.148 - - [08/Dec/2019:11:46:50 +0100] "GET /wp-content/uploads/2019/03/SA-0408-2-300x300.png HTTP/1.1" 200 90658 "https://amazingsportwear.com/categoria-producto/mujer/" "Mozilla/5.0 (Windows NT 5.1) AppleWebKit/537.36 (KHTML, like Gecko) Chrome/49.0.2623.112 Safari/537.36" "wpfront-notification-bar-landingpage=1; _gat_gtag_UA_91619287_1=1; _ga=GA1.2.1385332643.1575801258; _gid=GA1.2.1867499635.1575801258"
81.44.180.148 - - [08/Dec/2019:11:46:50 +0100] "GET /wp-content/uploads/2017/03/sa-0450_12-300x300.jpg HTTP/1.1" 200 22037 "https://amazingsportwear.com/categoria-producto/mujer/" "Mozilla/5.0 (Windows NT 5.1) AppleWebKit/537.36 (KHTML, like Gecko) Chrome/49.0.2623.112 Safari/537.36" "wpfront-notification-bar-landingpage=1; _gat_gtag_UA_91619287_1=1; _ga=GA1.2.1385332643.1575801258; _gid=GA1.2.1867499635.1575801258"
81.44.180.148 - - [08/Dec/2019:11:46:50 +0100] "GET /wp-content/uploads/2017/03/sa-6648_22302-300x300.jpg HTTP/1.1" 200 23776 "https://amazingsportwear.com/categoria-producto/mujer/" "Mozilla/5.0 (Windows NT 5.1) AppleWebKit/537.36 (KHTML, like Gecko) Chrome/49.0.2623.112 Safari/537.36" "wpfront-notification-bar-landingpage=1; _gat_gtag_UA_91619287_1=1; _ga=GA1.2.1385332643.1575801258; _gid=GA1.2.1867499635.1575801258"
81.44.180.148 - - [08/Dec/2019:11:46:50 +0100] "GET /wp-content/uploads/2017/04/aq-woman-mujer-300x300.jpg HTTP/1.1" 200 26073 "https://amazingsportwear.com/categoria-producto/mujer/" "Mozilla/5.0 (Windows NT 5.1) AppleWebKit/537.36 (KHTML, like Gecko) Chrome/49.0.2623.112 Safari/537.36" "wpfront-notification-bar-landingpage=1; _gat_gtag_UA_91619287_1=1; _ga=GA1.2.1385332643.1575801258; _gid=GA1.2.1867499635.1575801258"
217.76.130.90 - - [08/Dec/2019:11:47:14 +0100] "POST /wp-cron.php?doing_wp_cron=1575802034.6678090095520019531250 HTTP/1.1" 200 3389 "https://amazingsportwear.com/wp-cron.php?doing_wp_cron=1575802034.6678090095520019531250" "WordPress/5.2.4; https://amazingsportwear.com" "-"
81.44.180.148 - - [08/Dec/2019:11:47:14 +0100] "GET /categoria-producto/mujer/?orderby=price&paged=1 HTTP/1.1" 301 518 "https://amazingsportwear.com/categoria-producto/mujer/" "Mozilla/5.0 (Windows NT 5.1) AppleWebKit/537.36 (KHTML, like Gecko) Chrome/49.0.2623.112 Safari/537.36" "wpfront-notification-bar-landingpage=1; _ga=GA1.2.1385332643.1575801258; _gid=GA1.2.1867499635.1575801258"
81.44.180.148 - - [08/Dec/2019:11:47:14 +0100] "GET /categoria-producto/mujer/?orderby=price HTTP/1.1" 200 74817 "https://amazingsportwear.com/categoria-producto/mujer/" "Mozilla/5.0 (Windows NT 5.1) AppleWebKit/537.36 (KHTML, like Gecko) Chrome/49.0.2623.112 Safari/537.36" "wpfront-notification-bar-landingpage=1; _ga=GA1.2.1385332643.1575801258; _gid=GA1.2.1867499635.1575801258"
81.44.180.148 - - [08/Dec/2019:11:47:15 +0100] "GET /wp-content/uploads/2017/04/cat-4718-mujer-300x300.jpg HTTP/1.1" 200 21821 "https://amazingsportwear.com/categoria-producto/mujer/?orderby=price" "Mozilla/5.0 (Windows NT 5.1) AppleWebKit/537.36 (KHTML, like Gecko) Chrome/49.0.2623.112 Safari/537.36" "wpfront-notification-bar-landingpage=1; _ga=GA1.2.1385332643.1575801258; _gid=GA1.2.1867499635.1575801258"
81.44.180.148 - - [08/Dec/2019:11:47:15 +0100] "GET /wp-content/uploads/2017/03/sa-0423_223-300x300.jpg HTTP/1.1" 200 9287 "https://amazingsportwear.com/categoria-producto/mujer/?orderby=price" "Mozilla/5.0 (Windows NT 5.1) AppleWebKit/537.36 (KHTML, like Gecko) Chrome/49.0.2623.112 Safari/537.36" "wpfront-notification-bar-landingpage=1; _ga=GA1.2.1385332643.1575801258; _gid=GA1.2.1867499635.1575801258"
81.44.180.148 - - [08/Dec/2019:11:47:15 +0100] "GET /wp-content/uploads/2017/03/nath-instinct-mujer-300x300.jpg HTTP/1.1" 200 7749 "https://amazingsportwear.com/categoria-producto/mujer/?orderby=price" "Mozilla/5.0 (Windows NT 5.1) AppleWebKit/537.36 (KHTML, like Gecko) Chrome/49.0.2623.112 Safari/537.36" "wpfront-notification-bar-landingpage=1; _ga=GA1.2.1385332643.1575801258; _gid=GA1.2.1867499635.1575801258"
81.44.180.148 - - [08/Dec/2019:11:47:15 +0100] "GET /wp-content/uploads/2017/03/nath-beat-mujer-300x300.jpg HTTP/1.1" 200 7956 "https://amazingsportwear.com/categoria-producto/mujer/?orderby=price" "Mozilla/5.0 (Windows NT 5.1) AppleWebKit/537.36 (KHTML, like Gecko) Chrome/49.0.2623.112 Safari/537.36" "wpfront-notification-bar-landingpage=1; _ga=GA1.2.1385332643.1575801258; _gid=GA1.2.1867499635.1575801258"
81.44.180.148 - - [08/Dec/2019:11:47:15 +0100] "GET /wp-content/uploads/2018/02/SA-6657-azul-300x300.png HTTP/1.1" 200 73335 "https://amazingsportwear.com/categoria-producto/mujer/?orderby=price" "Mozilla/5.0 (Windows NT 5.1) AppleWebKit/537.36 (KHTML, like Gecko) Chrome/49.0.2623.112 Safari/537.36" "wpfront-notification-bar-landingpage=1; _ga=GA1.2.1385332643.1575801258; _gid=GA1.2.1867499635.1575801258"
81.44.180.148 - - [08/Dec/2019:11:47:15 +0100] "GET /wp-content/uploads/2017/03/sa-0349-mujer-300x300.jpg HTTP/1.1" 200 11911 "https://amazingsportwear.com/categoria-producto/mujer/?orderby=price" "Mozilla/5.0 (Windows NT 5.1) AppleWebKit/537.36 (KHTML, like Gecko) Chrome/49.0.2623.112 Safari/537.36" "wpfront-notification-bar-landingpage=1; _ga=GA1.2.1385332643.1575801258; _gid=GA1.2.1867499635.1575801258"
81.44.180.148 - - [08/Dec/2019:11:47:38 +0100] "GET /producto/camiseta-tecnica-dryfresh-mujer-cif-t525-529/ HTTP/1.1" 200 99589 "https://amazingsportwear.com/categoria-producto/mujer/?orderby=price" "Mozilla/5.0 (Windows NT 5.1) AppleWebKit/537.36 (KHTML, like Gecko) Chrome/49.0.2623.112 Safari/537.36" "wpfront-notification-bar-landingpage=1; _ga=GA1.2.1385332643.1575801258; _gid=GA1.2.1867499635.1575801258; _gat_gtag_UA_91619287_1=1"
81.44.180.148 - - [08/Dec/2019:11:47:39 +0100] "GET /wp-content/plugins/woocommerce/assets/css/photoswipe/photoswipe.css?ver=3.6.4 HTTP/1.1" 200 4610 "https://amazingsportwear.com/producto/camiseta-tecnica-dryfresh-mujer-cif-t525-529/" "Mozilla/5.0 (Windows NT 5.1) AppleWebKit/537.36 (KHTML, like Gecko) Chrome/49.0.2623.112 Safari/537.36" "wpfront-notification-bar-landingpage=1; _ga=GA1.2.1385332643.1575801258; _gid=GA1.2.1867499635.1575801258; _gat_gtag_UA_91619287_1=1"
81.44.180.148 - - [08/Dec/2019:11:47:39 +0100] "GET /wp-content/plugins/woocommerce/assets/css/photoswipe/default-skin/default-skin.css?ver=3.6.4 HTTP/1.1" 200 12081 "https://amazingsportwear.com/producto/camiseta-tecnica-dryfresh-mujer-cif-t525-529/" "Mozilla/5.0 (Windows NT 5.1) AppleWebKit/537.36 (KHTML, like Gecko) Chrome/49.0.2623.112 Safari/537.36" "wpfront-notification-bar-landingpage=1; _ga=GA1.2.1385332643.1575801258; _gid=GA1.2.1867499635.1575801258; _gat_gtag_UA_91619287_1=1"
81.44.180.148 - - [08/Dec/2019:11:47:39 +0100] "GET /wp-includes/js/jquery/jquery.js HTTP/1.1" 200 97362 "https://amazingsportwear.com/producto/camiseta-tecnica-dryfresh-mujer-cif-t525-529/" "Mozilla/5.0 (Windows NT 5.1) AppleWebKit/537.36 (KHTML, like Gecko) Chrome/49.0.2623.112 Safari/537.36" "wpfront-notification-bar-landingpage=1; _ga=GA1.2.1385332643.1575801258; _gid=GA1.2.1867499635.1575801258; _gat_gtag_UA_91619287_1=1"
81.44.180.148 - - [08/Dec/2019:11:47:39 +0100] "GET /wp-content/plugins/product-enquiry-for-woocommerce/css/wdm-jquery-ui.css?ver=5.2.4 HTTP/1.1" 200 27001 "https://amazingsportwear.com/producto/camiseta-tecnica-dryfresh-mujer-cif-t525-529/" "Mozilla/5.0 (Windows NT 5.1) AppleWebKit/537.36 (KHTML, like Gecko) Chrome/49.0.2623.112 Safari/537.36" "wpfront-notification-bar-landingpage=1; _ga=GA1.2.1385332643.1575801258; _gid=GA1.2.1867499635.1575801258; _gat_gtag_UA_91619287_1=1"
81.44.180.148 - - [08/Dec/2019:11:47:39 +0100] "GET /wp-content/plugins/woocommerce/assets/js/flexslider/jquery.flexslider.min.js?ver=2.7.2 HTTP/1.1" 200 23232 "https://amazingsportwear.com/producto/camiseta-tecnica-dryfresh-mujer-cif-t525-529/" "Mozilla/5.0 (Windows NT 5.1) AppleWebKit/537.36 (KHTML, like Gecko) Chrome/49.0.2623.112 Safari/537.36" "wpfront-notification-bar-landingpage=1; _ga=GA1.2.1385332643.1575801258; _gid=GA1.2.1867499635.1575801258; _gat_gtag_UA_91619287_1=1"
81.44.180.148 - - [08/Dec/2019:11:47:39 +0100] "GET /wp-content/plugins/woocommerce/assets/js/zoom/jquery.zoom.min.js?ver=1.7.21 HTTP/1.1" 200 2957 "https://amazingsportwear.com/producto/camiseta-tecnica-dryfresh-mujer-cif-t525-529/" "Mozilla/5.0 (Windows NT 5.1) AppleWebKit/537.36 (KHTML, like Gecko) Chrome/49.0.2623.112 Safari/537.36" "wpfront-notification-bar-landingpage=1; _ga=GA1.2.1385332643.1575801258; _gid=GA1.2.1867499635.1575801258; _gat_gtag_UA_91619287_1=1"
81.44.180.148 - - [08/Dec/2019:11:47:39 +0100] "GET /wp-content/plugins/woocommerce/assets/js/photoswipe/photoswipe.min.js?ver=4.1.1 HTTP/1.1" 200 32276 "https://amazingsportwear.com/producto/camiseta-tecnica-dryfresh-mujer-cif-t525-529/" "Mozilla/5.0 (Windows NT 5.1) AppleWebKit/537.36 (KHTML, like Gecko) Chrome/49.0.2623.112 Safari/537.36" "wpfront-notification-bar-landingpage=1; _ga=GA1.2.1385332643.1575801258; _gid=GA1.2.1867499635.1575801258; _gat_gtag_UA_91619287_1=1"
81.44.180.148 - - [08/Dec/2019:11:47:39 +0100] "GET /wp-content/plugins/woocommerce/assets/js/photoswipe/photoswipe-ui-default.min.js?ver=4.1.1 HTTP/1.1" 200 10358 "https://amazingsportwear.com/producto/camiseta-tecnica-dryfresh-mujer-cif-t525-529/" "Mozilla/5.0 (Windows NT 5.1) AppleWebKit/537.36 (KHTML, like Gecko) Chrome/49.0.2623.112 Safari/537.36" "wpfront-notification-bar-landingpage=1; _ga=GA1.2.1385332643.1575801258; _gid=GA1.2.1867499635.1575801258; _gat_gtag_UA_91619287_1=1"
81.44.180.148 - - [08/Dec/2019:11:47:39 +0100] "GET /wp-content/plugins/woocommerce/assets/js/frontend/single-product.min.js?ver=3.6.4 HTTP/1.1" 200 6693 "https://amazingsportwear.com/producto/camiseta-tecnica-dryfresh-mujer-cif-t525-529/" "Mozilla/5.0 (Windows NT 5.1) AppleWebKit/537.36 (KHTML, like Gecko) Chrome/49.0.2623.112 Safari/537.36" "wpfront-notification-bar-landingpage=1; _ga=GA1.2.1385332643.1575801258; _gid=GA1.2.1867499635.1575801258; _gat_gtag_UA_91619287_1=1"
81.44.180.148 - - [08/Dec/2019:11:47:39 +0100] "GET /wp-includes/js/underscore.min.js?ver=1.8.3 HTTP/1.1" 200 16665 "https://amazingsportwear.com/producto/camiseta-tecnica-dryfresh-mujer-cif-t525-529/" "Mozilla/5.0 (Windows NT 5.1) AppleWebKit/537.36 (KHTML, like Gecko) Chrome/49.0.2623.112 Safari/537.36" "wpfront-notification-bar-landingpage=1; _ga=GA1.2.1385332643.1575801258; _gid=GA1.2.1867499635.1575801258; _gat_gtag_UA_91619287_1=1"
81.44.180.148 - - [08/Dec/2019:11:47:39 +0100] "GET /wp-includes/js/comment-reply.min.js?ver=5.2.4 HTTP/1.1" 200 2713 "https://amazingsportwear.com/producto/camiseta-tecnica-dryfresh-mujer-cif-t525-529/" "Mozilla/5.0 (Windows NT 5.1) AppleWebKit/537.36 (KHTML, like Gecko) Chrome/49.0.2623.112 Safari/537.36" "wpfront-notification-bar-landingpage=1; _ga=GA1.2.1385332643.1575801258; _gid=GA1.2.1867499635.1575801258; _gat_gtag_UA_91619287_1=1"
81.44.180.148 - - [08/Dec/2019:11:47:39 +0100] "GET /wp-content/plugins/woocommerce/assets/js/frontend/add-to-cart-variation.min.js?ver=3.6.4 HTTP/1.1" 200 13625 "https://amazingsportwear.com/producto/camiseta-tecnica-dryfresh-mujer-cif-t525-529/" "Mozilla/5.0 (Windows NT 5.1) AppleWebKit/537.36 (KHTML, like Gecko) Chrome/49.0.2623.112 Safari/537.36" "wpfront-notification-bar-landingpage=1; _ga=GA1.2.1385332643.1575801258; _gid=GA1.2.1867499635.1575801258; _gat_gtag_UA_91619287_1=1"
81.44.180.148 - - [08/Dec/2019:11:47:39 +0100] "GET /wp-includes/js/jquery/ui/widget.min.js?ver=1.11.4 HTTP/1.1" 200 7250 "https://amazingsportwear.com/producto/camiseta-tecnica-dryfresh-mujer-cif-t525-529/" "Mozilla/5.0 (Windows NT 5.1) AppleWebKit/537.36 (KHTML, like Gecko) Chrome/49.0.2623.112 Safari/537.36" "wpfront-notification-bar-landingpage=1; _ga=GA1.2.1385332643.1575801258; _gid=GA1.2.1867499635.1575801258; _gat_gtag_UA_91619287_1=1"
81.44.180.148 - - [08/Dec/2019:11:47:39 +0100] "GET /wp-includes/js/wp-util.min.js?ver=5.2.4 HTTP/1.1" 200 1387 "https://amazingsportwear.com/producto/camiseta-tecnica-dryfresh-mujer-cif-t525-529/" "Mozilla/5.0 (Windows NT 5.1) AppleWebKit/537.36 (KHTML, like Gecko) Chrome/49.0.2623.112 Safari/537.36" "wpfront-notification-bar-landingpage=1; _ga=GA1.2.1385332643.1575801258; _gid=GA1.2.1867499635.1575801258; _gat_gtag_UA_91619287_1=1"
81.44.180.148 - - [08/Dec/2019:11:47:39 +0100] "GET /wp-content/uploads/2017/03/CIF-T-529-600x600.jpg HTTP/1.1" 200 14470 "https://amazingsportwear.com/producto/camiseta-tecnica-dryfresh-mujer-cif-t525-529/" "Mozilla/5.0 (Windows NT 5.1) AppleWebKit/537.36 (KHTML, like Gecko) Chrome/49.0.2623.112 Safari/537.36" "wpfront-notification-bar-landingpage=1; _ga=GA1.2.1385332643.1575801258; _gid=GA1.2.1867499635.1575801258; _gat_gtag_UA_91619287_1=1"
81.44.180.148 - - [08/Dec/2019:11:47:39 +0100] "GET /wp-content/uploads/2017/03/CIF-T-526.jpg HTTP/1.1" 200 19581 "https://amazingsportwear.com/producto/camiseta-tecnica-dryfresh-mujer-cif-t525-529/" "Mozilla/5.0 (Windows NT 5.1) AppleWebKit/537.36 (KHTML, like Gecko) Chrome/49.0.2623.112 Safari/537.36" "wpfront-notification-bar-landingpage=1; _ga=GA1.2.1385332643.1575801258; _gid=GA1.2.1867499635.1575801258; _gat_gtag_UA_91619287_1=1"
81.44.180.148 - - [08/Dec/2019:11:47:39 +0100] "GET /wp-content/uploads/2017/03/CIF-T-528.jpg HTTP/1.1" 200 20522 "https://amazingsportwear.com/producto/camiseta-tecnica-dryfresh-mujer-cif-t525-529/" "Mozilla/5.0 (Windows NT 5.1) AppleWebKit/537.36 (KHTML, like Gecko) Chrome/49.0.2623.112 Safari/537.36" "wpfront-notification-bar-landingpage=1; _ga=GA1.2.1385332643.1575801258; _gid=GA1.2.1867499635.1575801258; _gat_gtag_UA_91619287_1=1"
81.44.180.148 - - [08/Dec/2019:11:47:39 +0100] "GET /wp-content/uploads/2017/03/CIF-T-525.jpg HTTP/1.1" 200 10682 "https://amazingsportwear.com/producto/camiseta-tecnica-dryfresh-mujer-cif-t525-529/" "Mozilla/5.0 (Windows NT 5.1) AppleWebKit/537.36 (KHTML, like Gecko) Chrome/49.0.2623.112 Safari/537.36" "wpfront-notification-bar-landingpage=1; _ga=GA1.2.1385332643.1575801258; _gid=GA1.2.1867499635.1575801258; _gat_gtag_UA_91619287_1=1"
81.44.180.148 - - [08/Dec/2019:11:47:39 +0100] "GET /wp-content/uploads/2017/03/CIF-T525-colores-1.jpg HTTP/1.1" 200 15326 "https://amazingsportwear.com/producto/camiseta-tecnica-dryfresh-mujer-cif-t525-529/" "Mozilla/5.0 (Windows NT 5.1) AppleWebKit/537.36 (KHTML, like Gecko) Chrome/49.0.2623.112 Safari/537.36" "wpfront-notification-bar-landingpage=1; _ga=GA1.2.1385332643.1575801258; _gid=GA1.2.1867499635.1575801258; _gat_gtag_UA_91619287_1=1"
81.44.180.148 - - [08/Dec/2019:11:47:39 +0100] "GET /wp-includes/js/jquery/ui/mouse.min.js?ver=1.11.4 HTTP/1.1" 200 3489 "https://amazingsportwear.com/producto/camiseta-tecnica-dryfresh-mujer-cif-t525-529/" "Mozilla/5.0 (Windows NT 5.1) AppleWebKit/537.36 (KHTML, like Gecko) Chrome/49.0.2623.112 Safari/537.36" "wpfront-notification-bar-landingpage=1; _gat_gtag_UA_91619287_1=1; _ga=GA1.2.1385332643.1575801258; _gid=GA1.2.1867499635.1575801258"
81.44.180.148 - - [08/Dec/2019:11:47:39 +0100] "GET /wp-includes/js/jquery/ui/resizable.min.js?ver=1.11.4 HTTP/1.1" 200 18798 "https://amazingsportwear.com/producto/camiseta-tecnica-dryfresh-mujer-cif-t525-529/" "Mozilla/5.0 (Windows NT 5.1) AppleWebKit/537.36 (KHTML, like Gecko) Chrome/49.0.2623.112 Safari/537.36" "wpfront-notification-bar-landingpage=1; _gat_gtag_UA_91619287_1=1; _ga=GA1.2.1385332643.1575801258; _gid=GA1.2.1867499635.1575801258"
81.44.180.148 - - [08/Dec/2019:11:47:39 +0100] "GET /wp-content/uploads/2017/03/CIF-T-527.jpg HTTP/1.1" 200 14439 "https://amazingsportwear.com/producto/camiseta-tecnica-dryfresh-mujer-cif-t525-529/" "Mozilla/5.0 (Windows NT 5.1) AppleWebKit/537.36 (KHTML, like Gecko) Chrome/49.0.2623.112 Safari/537.36" "wpfront-notification-bar-landingpage=1; _ga=GA1.2.1385332643.1575801258; _gid=GA1.2.1867499635.1575801258; _gat_gtag_UA_91619287_1=1"
81.44.180.148 - - [08/Dec/2019:11:47:39 +0100] "GET /wp-includes/js/jquery/ui/dialog.min.js?ver=1.11.4 HTTP/1.1" 200 12482 "https://amazingsportwear.com/producto/camiseta-tecnica-dryfresh-mujer-cif-t525-529/" "Mozilla/5.0 (Windows NT 5.1) AppleWebKit/537.36 (KHTML, like Gecko) Chrome/49.0.2623.112 Safari/537.36" "wpfront-notification-bar-landingpage=1; _gat_gtag_UA_91619287_1=1; _ga=GA1.2.1385332643.1575801258; _gid=GA1.2.1867499635.1575801258"
81.44.180.148 - - [08/Dec/2019:11:47:39 +0100] "GET /wp-content/plugins/product-enquiry-for-woocommerce/js/wdm_jquery.validate.min.js?ver=5.2.4 HTTP/1.1" 200 21818 "https://amazingsportwear.com/producto/camiseta-tecnica-dryfresh-mujer-cif-t525-529/" "Mozilla/5.0 (Windows NT 5.1) AppleWebKit/537.36 (KHTML, like Gecko) Chrome/49.0.2623.112 Safari/537.36" "wpfront-notification-bar-landingpage=1; _gat_gtag_UA_91619287_1=1; _ga=GA1.2.1385332643.1575801258; _gid=GA1.2.1867499635.1575801258"
81.44.180.148 - - [08/Dec/2019:11:47:39 +0100] "GET /wp-includes/js/jquery/ui/button.min.js?ver=1.11.4 HTTP/1.1" 200 7578 "https://amazingsportwear.com/producto/camiseta-tecnica-dryfresh-mujer-cif-t525-529/" "Mozilla/5.0 (Windows NT 5.1) AppleWebKit/537.36 (KHTML, like Gecko) Chrome/49.0.2623.112 Safari/537.36" "wpfront-notification-bar-landingpage=1; _gat_gtag_UA_91619287_1=1; _ga=GA1.2.1385332643.1575801258; _gid=GA1.2.1867499635.1575801258"
81.44.180.148 - - [08/Dec/2019:11:47:39 +0100] "GET /wp-includes/js/jquery/ui/draggable.min.js?ver=1.11.4 HTTP/1.1" 200 19277 "https://amazingsportwear.com/producto/camiseta-tecnica-dryfresh-mujer-cif-t525-529/" "Mozilla/5.0 (Windows NT 5.1) AppleWebKit/537.36 (KHTML, like Gecko) Chrome/49.0.2623.112 Safari/537.36" "wpfront-notification-bar-landingpage=1; _gat_gtag_UA_91619287_1=1; _ga=GA1.2.1385332643.1575801258; _gid=GA1.2.1867499635.1575801258"
81.44.180.148 - - [08/Dec/2019:11:47:39 +0100] "GET /wp-content/plugins/product-enquiry-for-woocommerce/js/contact.js?ver=5.2.4 HTTP/1.1" 200 4681 "https://amazingsportwear.com/producto/camiseta-tecnica-dryfresh-mujer-cif-t525-529/" "Mozilla/5.0 (Windows NT 5.1) AppleWebKit/537.36 (KHTML, like Gecko) Chrome/49.0.2623.112 Safari/537.36" "wpfront-notification-bar-landingpage=1; _gat_gtag_UA_91619287_1=1; _ga=GA1.2.1385332643.1575801258; _gid=GA1.2.1867499635.1575801258"
81.44.180.148 - - [08/Dec/2019:11:47:39 +0100] "GET /wp-content/uploads/2017/04/aq-janis-mujer-300x300.jpg HTTP/1.1" 200 26322 "https://amazingsportwear.com/producto/camiseta-tecnica-dryfresh-mujer-cif-t525-529/" "Mozilla/5.0 (Windows NT 5.1) AppleWebKit/537.36 (KHTML, like Gecko) Chrome/49.0.2623.112 Safari/537.36" "wpfront-notification-bar-landingpage=1; _gat_gtag_UA_91619287_1=1; _ga=GA1.2.1385332643.1575801258; _gid=GA1.2.1867499635.1575801258"
81.44.180.148 - - [08/Dec/2019:11:47:39 +0100] "GET /wp-content/plugins/product-enquiry-for-woocommerce/img/contact/loading.gif HTTP/1.1" 200 3834 "https://amazingsportwear.com/producto/camiseta-tecnica-dryfresh-mujer-cif-t525-529/" "Mozilla/5.0 (Windows NT 5.1) AppleWebKit/537.36 (KHTML, like Gecko) Chrome/49.0.2623.112 Safari/537.36" "wpfront-notification-bar-landingpage=1; _gat_gtag_UA_91619287_1=1; _ga=GA1.2.1385332643.1575801258; _gid=GA1.2.1867499635.1575801258"
81.44.180.148 - - [08/Dec/2019:11:47:39 +0100] "GET /wp-content/plugins/akismet/_inc/form.js?ver=4.1.2 HTTP/1.1" 200 1040 "https://amazingsportwear.com/producto/camiseta-tecnica-dryfresh-mujer-cif-t525-529/" "Mozilla/5.0 (Windows NT 5.1) AppleWebKit/537.36 (KHTML, like Gecko) Chrome/49.0.2623.112 Safari/537.36" "wpfront-notification-bar-landingpage=1; _gat_gtag_UA_91619287_1=1; _ga=GA1.2.1385332643.1575801258; _gid=GA1.2.1867499635.1575801258"
81.44.180.148 - - [08/Dec/2019:11:47:40 +0100] "GET /wp-content/uploads/2017/03/CIF-T-527-100x100.jpg HTTP/1.1" 200 2971 "https://amazingsportwear.com/producto/camiseta-tecnica-dryfresh-mujer-cif-t525-529/" "Mozilla/5.0 (Windows NT 5.1) AppleWebKit/537.36 (KHTML, like Gecko) Chrome/49.0.2623.112 Safari/537.36" "wpfront-notification-bar-landingpage=1; _gat_gtag_UA_91619287_1=1; _ga=GA1.2.1385332643.1575801258; _gid=GA1.2.1867499635.1575801258"
81.44.180.148 - - [08/Dec/2019:11:47:40 +0100] "GET /wp-content/uploads/2017/03/CIF-T-526-100x100.jpg HTTP/1.1" 200 3532 "https://amazingsportwear.com/producto/camiseta-tecnica-dryfresh-mujer-cif-t525-529/" "Mozilla/5.0 (Windows NT 5.1) AppleWebKit/537.36 (KHTML, like Gecko) Chrome/49.0.2623.112 Safari/537.36" "wpfront-notification-bar-landingpage=1; _gat_gtag_UA_91619287_1=1; _ga=GA1.2.1385332643.1575801258; _gid=GA1.2.1867499635.1575801258"
81.44.180.148 - - [08/Dec/2019:11:47:40 +0100] "GET /wp-content/uploads/2017/03/CIF-T-529-100x100.jpg HTTP/1.1" 200 2467 "https://amazingsportwear.com/producto/camiseta-tecnica-dryfresh-mujer-cif-t525-529/" "Mozilla/5.0 (Windows NT 5.1) AppleWebKit/537.36 (KHTML, like Gecko) Chrome/49.0.2623.112 Safari/537.36" "wpfront-notification-bar-landingpage=1; _gat_gtag_UA_91619287_1=1; _ga=GA1.2.1385332643.1575801258; _gid=GA1.2.1867499635.1575801258"
81.44.180.148 - - [08/Dec/2019:11:47:40 +0100] "GET /wp-content/uploads/2017/03/CIF-T-528-100x100.jpg HTTP/1.1" 200 3506 "https://amazingsportwear.com/producto/camiseta-tecnica-dryfresh-mujer-cif-t525-529/" "Mozilla/5.0 (Windows NT 5.1) AppleWebKit/537.36 (KHTML, like Gecko) Chrome/49.0.2623.112 Safari/537.36" "wpfront-notification-bar-landingpage=1; _gat_gtag_UA_91619287_1=1; _ga=GA1.2.1385332643.1575801258; _gid=GA1.2.1867499635.1575801258"
81.44.180.148 - - [08/Dec/2019:11:47:40 +0100] "GET /wp-content/uploads/2017/03/CIF-T-525-100x100.jpg HTTP/1.1" 200 2230 "https://amazingsportwear.com/producto/camiseta-tecnica-dryfresh-mujer-cif-t525-529/" "Mozilla/5.0 (Windows NT 5.1) AppleWebKit/537.36 (KHTML, like Gecko) Chrome/49.0.2623.112 Safari/537.36" "wpfront-notification-bar-landingpage=1; _gat_gtag_UA_91619287_1=1; _ga=GA1.2.1385332643.1575801258; _gid=GA1.2.1867499635.1575801258"
81.44.180.148 - - [08/Dec/2019:11:47:39 +0100] "GET /img/cms/tienda/CIF-T525-colores.JPG HTTP/1.1" 404 68036 "-" "Mozilla/5.0 (Windows NT 5.1) AppleWebKit/537.36 (KHTML, like Gecko) Chrome/49.0.2623.112 Safari/537.36" "wpfront-notification-bar-landingpage=1; _ga=GA1.2.1385332643.1575801258; _gid=GA1.2.1867499635.1575801258; _gat_gtag_UA_91619287_1=1"
217.76.130.90 - - [08/Dec/2019:11:48:46 +0100] "POST /wp-cron.php?doing_wp_cron=1575802126.4789021015167236328125 HTTP/1.1" 200 3389 "https://amazingsportwear.com/wp-cron.php?doing_wp_cron=1575802126.4789021015167236328125" "WordPress/5.2.4; https://amazingsportwear.com" "-"
81.44.180.148 - - [08/Dec/2019:11:48:45 +0100] "GET /categoria-producto/mujer/page/2/?orderby=price HTTP/1.1" 200 77777 "https://amazingsportwear.com/categoria-producto/mujer/?orderby=price" "Mozilla/5.0 (Windows NT 5.1) AppleWebKit/537.36 (KHTML, like Gecko) Chrome/49.0.2623.112 Safari/537.36" "wpfront-notification-bar-landingpage=1; _ga=GA1.2.1385332643.1575801258; _gid=GA1.2.1867499635.1575801258; _gat_gtag_UA_91619287_1=1"
81.44.180.148 - - [08/Dec/2019:11:48:46 +0100] "GET /wp-content/uploads/2017/03/nath-only-mujer-300x300.jpg HTTP/1.1" 200 7557 "https://amazingsportwear.com/categoria-producto/mujer/page/2/?orderby=price" "Mozilla/5.0 (Windows NT 5.1) AppleWebKit/537.36 (KHTML, like Gecko) Chrome/49.0.2623.112 Safari/537.36" "wpfront-notification-bar-landingpage=1; _ga=GA1.2.1385332643.1575801258; _gid=GA1.2.1867499635.1575801258; _gat_gtag_UA_91619287_1=1"
81.44.180.148 - - [08/Dec/2019:11:48:47 +0100] "GET /wp-content/uploads/2017/03/aq-giro-woman-mujer-267x300.jpg HTTP/1.1" 200 46806 "https://amazingsportwear.com/categoria-producto/mujer/page/2/?orderby=price" "Mozilla/5.0 (Windows NT 5.1) AppleWebKit/537.36 (KHTML, like Gecko) Chrome/49.0.2623.112 Safari/537.36" "wpfront-notification-bar-landingpage=1; _ga=GA1.2.1385332643.1575801258; _gid=GA1.2.1867499635.1575801258; _gat_gtag_UA_91619287_1=1"
81.44.180.148 - - [08/Dec/2019:11:48:47 +0100] "GET /wp-content/uploads/2018/04/aq-armour-aerobic-chica-300x300.jpg HTTP/1.1" 200 20457 "https://amazingsportwear.com/categoria-producto/mujer/page/2/?orderby=price" "Mozilla/5.0 (Windows NT 5.1) AppleWebKit/537.36 (KHTML, like Gecko) Chrome/49.0.2623.112 Safari/537.36" "wpfront-notification-bar-landingpage=1; _ga=GA1.2.1385332643.1575801258; _gid=GA1.2.1867499635.1575801258; _gat_gtag_UA_91619287_1=1"
81.44.180.148 - - [08/Dec/2019:11:48:47 +0100] "GET /wp-content/uploads/2017/04/AQ-TANDEM-mujer-300x300.jpg HTTP/1.1" 200 22686 "https://amazingsportwear.com/categoria-producto/mujer/page/2/?orderby=price" "Mozilla/5.0 (Windows NT 5.1) AppleWebKit/537.36 (KHTML, like Gecko) Chrome/49.0.2623.112 Safari/537.36" "wpfront-notification-bar-landingpage=1; _ga=GA1.2.1385332643.1575801258; _gid=GA1.2.1867499635.1575801258; _gat_gtag_UA_91619287_1=1"
81.44.180.148 - - [08/Dec/2019:11:48:47 +0100] "GET /wp-content/uploads/2019/03/DYNAMIC-WOMAN-1-300x300.png HTTP/1.1" 200 116291 "https://amazingsportwear.com/categoria-producto/mujer/page/2/?orderby=price" "Mozilla/5.0 (Windows NT 5.1) AppleWebKit/537.36 (KHTML, like Gecko) Chrome/49.0.2623.112 Safari/537.36" "wpfront-notification-bar-landingpage=1; _ga=GA1.2.1385332643.1575801258; _gid=GA1.2.1867499635.1575801258; _gat_gtag_UA_91619287_1=1"
81.44.180.148 - - [08/Dec/2019:11:48:47 +0100] "GET /wp-content/uploads/2017/04/aq-stella-mujer-300x300.jpg HTTP/1.1" 200 28329 "https://amazingsportwear.com/categoria-producto/mujer/page/2/?orderby=price" "Mozilla/5.0 (Windows NT 5.1) AppleWebKit/537.36 (KHTML, like Gecko) Chrome/49.0.2623.112 Safari/537.36" "wpfront-notification-bar-landingpage=1; _ga=GA1.2.1385332643.1575801258; _gid=GA1.2.1867499635.1575801258; _gat_gtag_UA_91619287_1=1"
81.44.180.148 - - [08/Dec/2019:11:48:47 +0100] "GET /wp-content/uploads/2017/03/sa-0351_mujer-300x300.jpg HTTP/1.1" 200 10767 "https://amazingsportwear.com/categoria-producto/mujer/page/2/?orderby=price" "Mozilla/5.0 (Windows NT 5.1) AppleWebKit/537.36 (KHTML, like Gecko) Chrome/49.0.2623.112 Safari/537.36" "wpfront-notification-bar-landingpage=1; _ga=GA1.2.1385332643.1575801258; _gid=GA1.2.1867499635.1575801258; _gat_gtag_UA_91619287_1=1"
217.76.130.90 - - [08/Dec/2019:11:49:05 +0100] "POST /wp-cron.php?doing_wp_cron=1575802145.5761399269104003906250 HTTP/1.1" 200 3389 "https://amazingsportwear.com/wp-cron.php?doing_wp_cron=1575802145.5761399269104003906250" "WordPress/5.2.4; https://amazingsportwear.com" "-"
81.44.180.148 - - [08/Dec/2019:11:49:05 +0100] "GET /categoria-producto/deportes/ciclismo/ HTTP/1.1" 200 61059 "https://amazingsportwear.com/categoria-producto/mujer/page/2/?orderby=price" "Mozilla/5.0 (Windows NT 5.1) AppleWebKit/537.36 (KHTML, like Gecko) Chrome/49.0.2623.112 Safari/537.36" "wpfront-notification-bar-landingpage=1; _gat_gtag_UA_91619287_1=1; _ga=GA1.2.1385332643.1575801258; _gid=GA1.2.1867499635.1575801258"
81.44.180.148 - - [08/Dec/2019:11:49:05 +0100] "GET /wp-content/uploads/2017/02/braga-cuello-ciclismo-300x300.png HTTP/1.1" 200 78259 "https://amazingsportwear.com/categoria-producto/deportes/ciclismo/" "Mozilla/5.0 (Windows NT 5.1) AppleWebKit/537.36 (KHTML, like Gecko) Chrome/49.0.2623.112 Safari/537.36" "wpfront-notification-bar-landingpage=1; _gat_gtag_UA_91619287_1=1; _ga=GA1.2.1385332643.1575801258; _gid=GA1.2.1867499635.1575801258"
81.44.180.148 - - [08/Dec/2019:11:49:06 +0100] "GET /wp-content/uploads/2017/01/chaqueta-ciclismo2-300x300.jpg HTTP/1.1" 200 15720 "https://amazingsportwear.com/categoria-producto/deportes/ciclismo/" "Mozilla/5.0 (Windows NT 5.1) AppleWebKit/537.36 (KHTML, like Gecko) Chrome/49.0.2623.112 Safari/537.36" "wpfront-notification-bar-landingpage=1; _gat_gtag_UA_91619287_1=1; _ga=GA1.2.1385332643.1575801258; _gid=GA1.2.1867499635.1575801258"
81.44.180.148 - - [08/Dec/2019:11:49:06 +0100] "GET /wp-content/uploads/2017/01/cullote-corto2-300x300.jpg HTTP/1.1" 200 9784 "https://amazingsportwear.com/categoria-producto/deportes/ciclismo/" "Mozilla/5.0 (Windows NT 5.1) AppleWebKit/537.36 (KHTML, like Gecko) Chrome/49.0.2623.112 Safari/537.36" "wpfront-notification-bar-landingpage=1; _gat_gtag_UA_91619287_1=1; _ga=GA1.2.1385332643.1575801258; _gid=GA1.2.1867499635.1575801258"
81.44.180.148 - - [08/Dec/2019:11:49:06 +0100] "GET /wp-content/uploads/2017/01/maillot-largo2-300x300.jpg HTTP/1.1" 200 15705 "https://amazingsportwear.com/categoria-producto/deportes/ciclismo/" "Mozilla/5.0 (Windows NT 5.1) AppleWebKit/537.36 (KHTML, like Gecko) Chrome/49.0.2623.112 Safari/537.36" "wpfront-notification-bar-landingpage=1; _gat_gtag_UA_91619287_1=1; _ga=GA1.2.1385332643.1575801258; _gid=GA1.2.1867499635.1575801258"
81.44.180.148 - - [08/Dec/2019:11:49:06 +0100] "GET /wp-content/uploads/2017/01/cullote-largo1-300x300.jpg HTTP/1.1" 200 9155 "https://amazingsportwear.com/categoria-producto/deportes/ciclismo/" "Mozilla/5.0 (Windows NT 5.1) AppleWebKit/537.36 (KHTML, like Gecko) Chrome/49.0.2623.112 Safari/537.36" "wpfront-notification-bar-landingpage=1; _gat_gtag_UA_91619287_1=1; _ga=GA1.2.1385332643.1575801258; _gid=GA1.2.1867499635.1575801258"
81.44.180.148 - - [08/Dec/2019:11:49:06 +0100] "GET /wp-content/uploads/2017/01/maillot-corto3-300x300.jpg HTTP/1.1" 200 23544 "https://amazingsportwear.com/categoria-producto/deportes/ciclismo/" "Mozilla/5.0 (Windows NT 5.1) AppleWebKit/537.36 (KHTML, like Gecko) Chrome/49.0.2623.112 Safari/537.36" "wpfront-notification-bar-landingpage=1; _gat_gtag_UA_91619287_1=1; _ga=GA1.2.1385332643.1575801258; _gid=GA1.2.1867499635.1575801258"
81.44.180.148 - - [08/Dec/2019:11:49:06 +0100] "GET /wp-content/uploads/2017/01/manguitos-ciclismo1-300x300.jpg HTTP/1.1" 200 16480 "https://amazingsportwear.com/categoria-producto/deportes/ciclismo/" "Mozilla/5.0 (Windows NT 5.1) AppleWebKit/537.36 (KHTML, like Gecko) Chrome/49.0.2623.112 Safari/537.36" "wpfront-notification-bar-landingpage=1; _gat_gtag_UA_91619287_1=1; _ga=GA1.2.1385332643.1575801258; _gid=GA1.2.1867499635.1575801258"
81.44.180.148 - - [08/Dec/2019:11:49:24 +0100] "GET /producto/braga-cuello-asw-c07/ HTTP/1.1" 200 93485 "https://amazingsportwear.com/categoria-producto/deportes/ciclismo/" "Mozilla/5.0 (Windows NT 5.1) AppleWebKit/537.36 (KHTML, like Gecko) Chrome/49.0.2623.112 Safari/537.36" "wpfront-notification-bar-landingpage=1; _gat_gtag_UA_91619287_1=1; _ga=GA1.2.1385332643.1575801258; _gid=GA1.2.1867499635.1575801258"
81.44.180.148 - - [08/Dec/2019:11:49:25 +0100] "GET /wp-content/uploads/2017/02/braga-cuello-ciclismo.png HTTP/1.1" 200 225284 "https://amazingsportwear.com/producto/braga-cuello-asw-c07/" "Mozilla/5.0 (Windows NT 5.1) AppleWebKit/537.36 (KHTML, like Gecko) Chrome/49.0.2623.112 Safari/537.36" "wpfront-notification-bar-landingpage=1; _gat_gtag_UA_91619287_1=1; _ga=GA1.2.1385332643.1575801258; _gid=GA1.2.1867499635.1575801258"
81.44.180.148 - - [08/Dec/2019:11:49:25 +0100] "GET /wp-content/uploads/2017/02/braga-cuello-ciclismo-100x100.png HTTP/1.1" 200 11048 "https://amazingsportwear.com/producto/braga-cuello-asw-c07/" "Mozilla/5.0 (Windows NT 5.1) AppleWebKit/537.36 (KHTML, like Gecko) Chrome/49.0.2623.112 Safari/537.36" "wpfront-notification-bar-landingpage=1; _gat_gtag_UA_91619287_1=1; _ga=GA1.2.1385332643.1575801258; _gid=GA1.2.1867499635.1575801258"
81.44.180.148 - - [08/Dec/2019:11:49:47 +0100] "GET /categoria-producto/deportes/ciclismo/ HTTP/1.1" 200 61069 "https://amazingsportwear.com/producto/braga-cuello-asw-c07/" "Mozilla/5.0 (Windows NT 5.1) AppleWebKit/537.36 (KHTML, like Gecko) Chrome/49.0.2623.112 Safari/537.36" "wpfront-notification-bar-landingpage=1; _ga=GA1.2.1385332643.1575801258; _gid=GA1.2.1867499635.1575801258"
81.44.180.148 - - [08/Dec/2019:11:49:55 +0100] "GET /categoria-producto/deportes/atletismo/ HTTP/1.1" 200 58138 "https://amazingsportwear.com/categoria-producto/deportes/ciclismo/" "Mozilla/5.0 (Windows NT 5.1) AppleWebKit/537.36 (KHTML, like Gecko) Chrome/49.0.2623.112 Safari/537.36" "wpfront-notification-bar-landingpage=1; _ga=GA1.2.1385332643.1575801258; _gid=GA1.2.1867499635.1575801258; _gat_gtag_UA_91619287_1=1"
81.44.180.148 - - [08/Dec/2019:11:49:55 +0100] "GET /wp-content/uploads/2017/01/braga-cuello1-300x300.jpg HTTP/1.1" 200 23039 "https://amazingsportwear.com/categoria-producto/deportes/atletismo/" "Mozilla/5.0 (Windows NT 5.1) AppleWebKit/537.36 (KHTML, like Gecko) Chrome/49.0.2623.112 Safari/537.36" "wpfront-notification-bar-landingpage=1; _ga=GA1.2.1385332643.1575801258; _gid=GA1.2.1867499635.1575801258; _gat_gtag_UA_91619287_1=1"
81.44.180.148 - - [08/Dec/2019:11:49:55 +0100] "GET /wp-content/uploads/2017/04/chaleco-sublimado-pecho-300x300.png HTTP/1.1" 200 83290 "https://amazingsportwear.com/categoria-producto/deportes/atletismo/" "Mozilla/5.0 (Windows NT 5.1) AppleWebKit/537.36 (KHTML, like Gecko) Chrome/49.0.2623.112 Safari/537.36" "wpfront-notification-bar-landingpage=1; _ga=GA1.2.1385332643.1575801258; _gid=GA1.2.1867499635.1575801258; _gat_gtag_UA_91619287_1=1"
81.44.180.148 - - [08/Dec/2019:11:49:55 +0100] "GET /wp-content/uploads/2019/04/Brazalete-running-con-led-1-300x300.png HTTP/1.1" 200 43439 "https://amazingsportwear.com/categoria-producto/deportes/atletismo/" "Mozilla/5.0 (Windows NT 5.1) AppleWebKit/537.36 (KHTML, like Gecko) Chrome/49.0.2623.112 Safari/537.36" "wpfront-notification-bar-landingpage=1; _ga=GA1.2.1385332643.1575801258; _gid=GA1.2.1867499635.1575801258; _gat_gtag_UA_91619287_1=1"
81.44.180.148 - - [08/Dec/2019:11:49:55 +0100] "GET /wp-content/uploads/2017/04/chaleco-rejilla-300x300.jpg HTTP/1.1" 200 12223 "https://amazingsportwear.com/categoria-producto/deportes/atletismo/" "Mozilla/5.0 (Windows NT 5.1) AppleWebKit/537.36 (KHTML, like Gecko) Chrome/49.0.2623.112 Safari/537.36" "wpfront-notification-bar-landingpage=1; _ga=GA1.2.1385332643.1575801258; _gid=GA1.2.1867499635.1575801258; _gat_gtag_UA_91619287_1=1"
217.76.130.90 - - [08/Dec/2019:11:50:07 +0100] "POST /wp-cron.php?doing_wp_cron=1575802207.3650579452514648437500 HTTP/1.1" 200 3389 "https://amazingsportwear.com/wp-cron.php?doing_wp_cron=1575802207.3650579452514648437500" "WordPress/5.2.4; https://amazingsportwear.com" "-"
157.55.39.137 - - [08/Dec/2019:11:50:06 +0100] "GET /categoria-producto/xs3x/ HTTP/1.1" 200 53897 "-" "Mozilla/5.0 (compatible; bingbot/2.0; +http://www.bing.com/bingbot.htm)" "-"
81.44.180.148 - - [08/Dec/2019:11:50:13 +0100] "GET /categoria-producto/deportes/ciclismo/ HTTP/1.1" 200 61059 "https://amazingsportwear.com/categoria-producto/deportes/atletismo/" "Mozilla/5.0 (Windows NT 5.1) AppleWebKit/537.36 (KHTML, like Gecko) Chrome/49.0.2623.112 Safari/537.36" "wpfront-notification-bar-landingpage=1; _gat_gtag_UA_91619287_1=1; _ga=GA1.2.1385332643.1575801258; _gid=GA1.2.1867499635.1575801258"
81.44.180.148 - - [08/Dec/2019:11:50:29 +0100] "GET /categoria-producto/accesorios/llaveros/ HTTP/1.1" 200 65818 "https://amazingsportwear.com/categoria-producto/deportes/ciclismo/" "Mozilla/5.0 (Windows NT 5.1) AppleWebKit/537.36 (KHTML, like Gecko) Chrome/49.0.2623.112 Safari/537.36" "wpfront-notification-bar-landingpage=1; _gat_gtag_UA_91619287_1=1; _ga=GA1.2.1385332643.1575801258; _gid=GA1.2.1867499635.1575801258"
81.44.180.148 - - [08/Dec/2019:11:50:30 +0100] "GET /wp-content/uploads/2019/04/Llavero-equipe-1-300x300.png HTTP/1.1" 200 16769 "https://amazingsportwear.com/categoria-producto/accesorios/llaveros/" "Mozilla/5.0 (Windows NT 5.1) AppleWebKit/537.36 (KHTML, like Gecko) Chrome/49.0.2623.112 Safari/537.36" "wpfront-notification-bar-landingpage=1; _gat_gtag_UA_91619287_1=1; _ga=GA1.2.1385332643.1575801258; _gid=GA1.2.1867499635.1575801258"
81.44.180.148 - - [08/Dec/2019:11:50:30 +0100] "GET /wp-content/uploads/2019/04/Llavero-metalico-baloncesto-1-300x300.png HTTP/1.1" 200 35206 "https://amazingsportwear.com/categoria-producto/accesorios/llaveros/" "Mozilla/5.0 (Windows NT 5.1) AppleWebKit/537.36 (KHTML, like Gecko) Chrome/49.0.2623.112 Safari/537.36" "wpfront-notification-bar-landingpage=1; _gat_gtag_UA_91619287_1=1; _ga=GA1.2.1385332643.1575801258; _gid=GA1.2.1867499635.1575801258"
81.44.180.148 - - [08/Dec/2019:11:50:30 +0100] "GET /wp-content/uploads/2019/04/Llavero-metalico-golf-1-300x300.png HTTP/1.1" 200 40943 "https://amazingsportwear.com/categoria-producto/accesorios/llaveros/" "Mozilla/5.0 (Windows NT 5.1) AppleWebKit/537.36 (KHTML, like Gecko) Chrome/49.0.2623.112 Safari/537.36" "wpfront-notification-bar-landingpage=1; _gat_gtag_UA_91619287_1=1; _ga=GA1.2.1385332643.1575801258; _gid=GA1.2.1867499635.1575801258"
81.44.180.148 - - [08/Dec/2019:11:50:30 +0100] "GET /wp-content/uploads/2019/04/Llavero-Metalico-Tenis-1-300x300.png HTTP/1.1" 200 33204 "https://amazingsportwear.com/categoria-producto/accesorios/llaveros/" "Mozilla/5.0 (Windows NT 5.1) AppleWebKit/537.36 (KHTML, like Gecko) Chrome/49.0.2623.112 Safari/537.36" "wpfront-notification-bar-landingpage=1; _gat_gtag_UA_91619287_1=1; _ga=GA1.2.1385332643.1575801258; _gid=GA1.2.1867499635.1575801258"
81.44.180.148 - - [08/Dec/2019:11:50:30 +0100] "GET /wp-content/uploads/2019/04/Llavero-metalico-golf-1-1-300x300.png HTTP/1.1" 200 32372 "https://amazingsportwear.com/categoria-producto/accesorios/llaveros/" "Mozilla/5.0 (Windows NT 5.1) AppleWebKit/537.36 (KHTML, like Gecko) Chrome/49.0.2623.112 Safari/537.36" "wpfront-notification-bar-landingpage=1; _gat_gtag_UA_91619287_1=1; _ga=GA1.2.1385332643.1575801258; _gid=GA1.2.1867499635.1575801258"
81.44.180.148 - - [08/Dec/2019:11:50:30 +0100] "GET /wp-content/uploads/2019/04/Llavero-metalico-futbol-1-300x300.png HTTP/1.1" 200 36715 "https://amazingsportwear.com/categoria-producto/accesorios/llaveros/" "Mozilla/5.0 (Windows NT 5.1) AppleWebKit/537.36 (KHTML, like Gecko) Chrome/49.0.2623.112 Safari/537.36" "wpfront-notification-bar-landingpage=1; _gat_gtag_UA_91619287_1=1; _ga=GA1.2.1385332643.1575801258; _gid=GA1.2.1867499635.1575801258"
81.44.180.148 - - [08/Dec/2019:11:50:30 +0100] "GET /wp-content/uploads/2019/04/Llavero-tenis-metal-1-300x300.png HTTP/1.1" 200 36137 "https://amazingsportwear.com/categoria-producto/accesorios/llaveros/" "Mozilla/5.0 (Windows NT 5.1) AppleWebKit/537.36 (KHTML, like Gecko) Chrome/49.0.2623.112 Safari/537.36" "wpfront-notification-bar-landingpage=1; _gat_gtag_UA_91619287_1=1; _ga=GA1.2.1385332643.1575801258; _gid=GA1.2.1867499635.1575801258"
81.44.180.148 - - [08/Dec/2019:11:50:30 +0100] "GET /wp-content/uploads/2019/04/Llavero-raqueta-1-300x300.png HTTP/1.1" 200 37348 "https://amazingsportwear.com/categoria-producto/accesorios/llaveros/" "Mozilla/5.0 (Windows NT 5.1) AppleWebKit/537.36 (KHTML, like Gecko) Chrome/49.0.2623.112 Safari/537.36" "wpfront-notification-bar-landingpage=1; _gat_gtag_UA_91619287_1=1; _ga=GA1.2.1385332643.1575801258; _gid=GA1.2.1867499635.1575801258"
81.44.180.148 - - [08/Dec/2019:11:50:47 +0100] "GET /categoria-producto/accesorios/bragasybuffs/ HTTP/1.1" 200 53775 "https://amazingsportwear.com/categoria-producto/accesorios/llaveros/" "Mozilla/5.0 (Windows NT 5.1) AppleWebKit/537.36 (KHTML, like Gecko) Chrome/49.0.2623.112 Safari/537.36" "wpfront-notification-bar-landingpage=1; _gat_gtag_UA_91619287_1=1; _ga=GA1.2.1385332643.1575801258; _gid=GA1.2.1867499635.1575801258"
81.44.180.148 - - [08/Dec/2019:11:50:48 +0100] "GET /wp-content/uploads/2018/05/bandanaBuff_comoqueda.jpg HTTP/1.1" 200 5936 "https://amazingsportwear.com/categoria-producto/accesorios/bragasybuffs/" "Mozilla/5.0 (Windows NT 5.1) AppleWebKit/537.36 (KHTML, like Gecko) Chrome/49.0.2623.112 Safari/537.36" "wpfront-notification-bar-landingpage=1; _ga=GA1.2.1385332643.1575801258; _gid=GA1.2.1867499635.1575801258"
81.44.180.148 - - [08/Dec/2019:11:50:48 +0100] "GET /wp-content/uploads/2018/05/cat-8016-02-300x300.jpg HTTP/1.1" 200 15067 "https://amazingsportwear.com/categoria-producto/accesorios/bragasybuffs/" "Mozilla/5.0 (Windows NT 5.1) AppleWebKit/537.36 (KHTML, like Gecko) Chrome/49.0.2623.112 Safari/537.36" "wpfront-notification-bar-landingpage=1; _ga=GA1.2.1385332643.1575801258; _gid=GA1.2.1867499635.1575801258"
217.76.130.90 - - [08/Dec/2019:11:51:05 +0100] "POST /wp-cron.php?doing_wp_cron=1575802265.9578700065612792968750 HTTP/1.1" 200 3389 "https://amazingsportwear.com/wp-cron.php?doing_wp_cron=1575802265.9578700065612792968750" "WordPress/5.2.4; https://amazingsportwear.com" "-"
81.44.180.148 - - [08/Dec/2019:11:51:05 +0100] "GET /categoria-producto/accesorios/pulseras/ HTTP/1.1" 200 56524 "https://amazingsportwear.com/categoria-producto/accesorios/bragasybuffs/" "Mozilla/5.0 (Windows NT 5.1) AppleWebKit/537.36 (KHTML, like Gecko) Chrome/49.0.2623.112 Safari/537.36" "wpfront-notification-bar-landingpage=1; _ga=GA1.2.1385332643.1575801258; _gid=GA1.2.1867499635.1575801258; _gat_gtag_UA_91619287_1=1"
81.44.180.148 - - [08/Dec/2019:11:51:06 +0100] "GET /wp-content/uploads/2018/05/PF-11811001-1-300x300.jpg HTTP/1.1" 200 8054 "https://amazingsportwear.com/categoria-producto/accesorios/pulseras/" "Mozilla/5.0 (Windows NT 5.1) AppleWebKit/537.36 (KHTML, like Gecko) Chrome/49.0.2623.112 Safari/537.36" "wpfront-notification-bar-landingpage=1; _ga=GA1.2.1385332643.1575801258; _gid=GA1.2.1867499635.1575801258; _gat_gtag_UA_91619287_1=1"
81.44.180.148 - - [08/Dec/2019:11:51:06 +0100] "GET /wp-content/uploads/2019/04/MU%C3%91EQUERA-BEKER-5-300x300.png HTTP/1.1" 200 72047 "https://amazingsportwear.com/categoria-producto/accesorios/pulseras/" "Mozilla/5.0 (Windows NT 5.1) AppleWebKit/537.36 (KHTML, like Gecko) Chrome/49.0.2623.112 Safari/537.36" "wpfront-notification-bar-landingpage=1; _ga=GA1.2.1385332643.1575801258; _gid=GA1.2.1867499635.1575801258; _gat_gtag_UA_91619287_1=1"
81.44.180.148 - - [08/Dec/2019:11:51:06 +0100] "GET /wp-content/uploads/2019/04/mu%C3%B1equera-oakley-2-300x300.png HTTP/1.1" 200 70799 "https://amazingsportwear.com/categoria-producto/accesorios/pulseras/" "Mozilla/5.0 (Windows NT 5.1) AppleWebKit/537.36 (KHTML, like Gecko) Chrome/49.0.2623.112 Safari/537.36" "wpfront-notification-bar-landingpage=1; _ga=GA1.2.1385332643.1575801258; _gid=GA1.2.1867499635.1575801258; _gat_gtag_UA_91619287_1=1"
217.76.130.90 - - [08/Dec/2019:11:59:07 +0100] "POST /wp-cron.php?doing_wp_cron=1575802747.4861660003662109375000 HTTP/1.1" 200 3389 "https://amazingsportwear.com/wp-cron.php?doing_wp_cron=1575802747.4861660003662109375000" "WordPress/5.2.4; https://amazingsportwear.com" "-"
66.249.64.146 - - [08/Dec/2019:11:59:06 +0100] "GET /producto/gorra-tecnica-dry-fit/ HTTP/1.1" 200 93175 "-" "Mozilla/5.0 (compatible; Googlebot/2.1; +http://www.google.com/bot.html)" "-"
217.76.130.90 - - [08/Dec/2019:12:00:50 +0100] "POST /wp-cron.php?doing_wp_cron=1575802849.9817459583282470703125 HTTP/1.1" 200 3389 "https://amazingsportwear.com/wp-cron.php?doing_wp_cron=1575802849.9817459583282470703125" "WordPress/5.2.4; https://amazingsportwear.com" "-"
66.249.64.144 - - [08/Dec/2019:12:00:46 +0100] "GET /producto/gorra-tecnica-2/ HTTP/1.1" 200 95434 "-" "Mozilla/5.0 (Linux; Android 6.0.1; Nexus 5X Build/MMB29P) AppleWebKit/537.36 (KHTML, like Gecko) Chrome/41.0.2272.96 Mobile Safari/537.36 (compatible; Googlebot/2.1; +http://www.google.com/bot.html)" "-"
217.76.130.90 - - [08/Dec/2019:12:13:06 +0100] "POST /wp-cron.php?doing_wp_cron=1575803586.1848471164703369140625 HTTP/1.1" 200 3389 "https://amazingsportwear.com/wp-cron.php?doing_wp_cron=1575803586.1848471164703369140625" "WordPress/5.2.4; https://amazingsportwear.com" "-"
66.249.64.148 - - [08/Dec/2019:12:13:03 +0100] "GET /producto/zapatillero-young/ HTTP/1.1" 200 97560 "-" "Mozilla/5.0 (Linux; Android 6.0.1; Nexus 5X Build/MMB29P) AppleWebKit/537.36 (KHTML, like Gecko) Chrome/41.0.2272.96 Mobile Safari/537.36 (compatible; Googlebot/2.1; +http://www.google.com/bot.html)" "-"
217.76.130.90 - - [08/Dec/2019:12:17:18 +0100] "POST /wp-cron.php?doing_wp_cron=1575803838.1766591072082519531250 HTTP/1.1" 200 3389 "https://amazingsportwear.com/wp-cron.php?doing_wp_cron=1575803838.1766591072082519531250" "WordPress/5.2.4; https://amazingsportwear.com" "-"
66.249.64.146 - - [08/Dec/2019:12:17:17 +0100] "GET /producto/mochila-blades/ HTTP/1.1" 200 103171 "-" "Mozilla/5.0 (Linux; Android 6.0.1; Nexus 5X Build/MMB29P) AppleWebKit/537.36 (KHTML, like Gecko) Chrome/41.0.2272.96 Mobile Safari/537.36 (compatible; Googlebot/2.1; +http://www.google.com/bot.html)" "-"
217.76.130.90 - - [08/Dec/2019:12:19:48 +0100] "POST /wp-cron.php?doing_wp_cron=1575803988.4502210617065429687500 HTTP/1.1" 200 3389 "https://amazingsportwear.com/wp-cron.php?doing_wp_cron=1575803988.4502210617065429687500" "WordPress/5.2.4; https://amazingsportwear.com" "-"
66.249.64.146 - - [08/Dec/2019:12:19:47 +0100] "GET /producto/falda-tecnica-padel-tenis/ HTTP/1.1" 200 96433 "-" "Mozilla/5.0 (Linux; Android 6.0.1; Nexus 5X Build/MMB29P) AppleWebKit/537.36 (KHTML, like Gecko) Chrome/41.0.2272.96 Mobile Safari/537.36 (compatible; Googlebot/2.1; +http://www.google.com/bot.html)" "-"
207.46.13.184 - - [08/Dec/2019:12:21:00 +0100] "GET /wp-content/uploads/2019/04/bidon-camiseta-zablex-3.png HTTP/1.1" 200 81658 "-" "Mozilla/5.0 (compatible; bingbot/2.0; +http://www.bing.com/bingbot.htm)" "-"
217.76.130.90 - - [08/Dec/2019:12:21:19 +0100] "POST /wp-cron.php?doing_wp_cron=1575804079.2896890640258789062500 HTTP/1.1" 200 3389 "https://amazingsportwear.com/wp-cron.php?doing_wp_cron=1575804079.2896890640258789062500" "WordPress/5.2.4; https://amazingsportwear.com" "-"
66.249.64.146 - - [08/Dec/2019:12:21:18 +0100] "GET /producto/gorra-tecnica-2/ HTTP/1.1" 200 96114 "-" "Mozilla/5.0 (Linux; Android 6.0.1; Nexus 5X Build/MMB29P) AppleWebKit/537.36 (KHTML, like Gecko) Chrome/41.0.2272.96 Mobile Safari/537.36 (compatible; Googlebot/2.1; +http://www.google.com/bot.html)" "-"
217.76.130.90 - - [08/Dec/2019:12:22:59 +0100] "POST /wp-cron.php?doing_wp_cron=1575804179.2645289897918701171875 HTTP/1.1" 200 3389 "https://amazingsportwear.com/wp-cron.php?doing_wp_cron=1575804179.2645289897918701171875" "WordPress/5.2.4; https://amazingsportwear.com" "-"
66.249.64.148 - - [08/Dec/2019:12:22:58 +0100] "GET /producto/gorra-tecnica-2/ HTTP/1.1" 200 96087 "-" "Mozilla/5.0 (compatible; Googlebot/2.1; +http://www.google.com/bot.html)" "-"
