2.142.95.193 - - [07/Dec/2019:09:23:40 +0100] "GET /wp-content/plugins/elementor/assets/lib/dialog/dialog.min.js?ver=4.7.1 HTTP/1.1" 200 10911 "https://amazingsportwear.com/" "Mozilla/5.0 (iPhone; CPU iPhone OS 13_1_3 like Mac OS X) AppleWebKit/605.1.15 (KHTML, like Gecko) Mobile/15E148 [FBAN/FBIOS;FBDV/iPhone11,8;FBMD/iPhone;FBSN/iOS;FBSV/13.1.3;FBSS/2;FBID/phone;FBLC/es_ES;FBOP/5;FBCR/movistar]" "wpfront-notification-bar-landingpage=1"
2.142.95.193 - - [07/Dec/2019:09:23:40 +0100] "GET /wp-includes/js/jquery/ui/core.min.js?ver=1.11.4 HTTP/1.1" 200 4341 "https://amazingsportwear.com/" "Mozilla/5.0 (iPhone; CPU iPhone OS 13_1_3 like Mac OS X) AppleWebKit/605.1.15 (KHTML, like Gecko) Mobile/15E148 [FBAN/FBIOS;FBDV/iPhone11,8;FBMD/iPhone;FBSN/iOS;FBSV/13.1.3;FBSS/2;FBID/phone;FBLC/es_ES;FBOP/5;FBCR/movistar]" "wpfront-notification-bar-landingpage=1"
2.142.95.193 - - [07/Dec/2019:09:23:40 +0100] "GET /wp-content/plugins/elementor/assets/js/frontend.min.js?ver=2.5.16 HTTP/1.1" 200 41341 "https://amazingsportwear.com/" "Mozilla/5.0 (iPhone; CPU iPhone OS 13_1_3 like Mac OS X) AppleWebKit/605.1.15 (KHTML, like Gecko) Mobile/15E148 [FBAN/FBIOS;FBDV/iPhone11,8;FBMD/iPhone;FBSN/iOS;FBSV/13.1.3;FBSS/2;FBID/phone;FBLC/es_ES;FBOP/5;FBCR/movistar]" "wpfront-notification-bar-landingpage=1"
2.142.95.193 - - [07/Dec/2019:09:23:40 +0100] "GET /wp-content/plugins/elementor/assets/lib/waypoints/waypoints.min.js?ver=4.0.2 HTTP/1.1" 200 12541 "https://amazingsportwear.com/" "Mozilla/5.0 (iPhone; CPU iPhone OS 13_1_3 like Mac OS X) AppleWebKit/605.1.15 (KHTML, like Gecko) Mobile/15E148 [FBAN/FBIOS;FBDV/iPhone11,8;FBMD/iPhone;FBSN/iOS;FBSV/13.1.3;FBSS/2;FBID/phone;FBLC/es_ES;FBOP/5;FBCR/movistar]" "wpfront-notification-bar-landingpage=1"
2.142.95.193 - - [07/Dec/2019:09:23:40 +0100] "GET /wp-content/plugins/elementor/assets/lib/swiper/swiper.min.js?ver=4.4.6 HTTP/1.1" 200 126126 "https://amazingsportwear.com/" "Mozilla/5.0 (iPhone; CPU iPhone OS 13_1_3 like Mac OS X) AppleWebKit/605.1.15 (KHTML, like Gecko) Mobile/15E148 [FBAN/FBIOS;FBDV/iPhone11,8;FBMD/iPhone;FBSN/iOS;FBSV/13.1.3;FBSS/2;FBID/phone;FBLC/es_ES;FBOP/5;FBCR/movistar]" "wpfront-notification-bar-landingpage=1"
2.142.95.193 - - [07/Dec/2019:09:23:40 +0100] "GET /wp-content/plugins/si-contact-form/includes/fscf-scripts.js?ver=179 HTTP/1.1" 200 1033 "https://amazingsportwear.com/" "Mozilla/5.0 (iPhone; CPU iPhone OS 13_1_3 like Mac OS X) AppleWebKit/605.1.15 (KHTML, like Gecko) Mobile/15E148 [FBAN/FBIOS;FBDV/iPhone11,8;FBMD/iPhone;FBSN/iOS;FBSV/13.1.3;FBSS/2;FBID/phone;FBLC/es_ES;FBOP/5;FBCR/movistar]" "wpfront-notification-bar-landingpage=1"
2.142.95.193 - - [07/Dec/2019:09:23:40 +0100] "GET /wp-content/plugins/elementor/assets/lib/font-awesome/fonts/fontawesome-webfont.woff2?v=4.7.0 HTTP/1.1" 200 77615 "https://amazingsportwear.com/" "Mozilla/5.0 (iPhone; CPU iPhone OS 13_1_3 like Mac OS X) AppleWebKit/605.1.15 (KHTML, like Gecko) Mobile/15E148 [FBAN/FBIOS;FBDV/iPhone11,8;FBMD/iPhone;FBSN/iOS;FBSV/13.1.3;FBSS/2;FBID/phone;FBLC/es_ES;FBOP/5;FBCR/movistar]" "_ga=GA1.2.1424007847.1575707020; _gat_gtag_UA_91619287_1=1; _gid=GA1.2.782030398.1575707020; wpfront-notification-bar-landingpage=1"
2.142.95.193 - - [07/Dec/2019:09:23:40 +0100] "GET /wp-content/uploads/2019/05/cropped-asw-white.png HTTP/1.1" 200 7500 "https://amazingsportwear.com/" "Mozilla/5.0 (iPhone; CPU iPhone OS 13_1_3 like Mac OS X) AppleWebKit/605.1.15 (KHTML, like Gecko) Mobile/15E148 [FBAN/FBIOS;FBDV/iPhone11,8;FBMD/iPhone;FBSN/iOS;FBSV/13.1.3;FBSS/2;FBID/phone;FBLC/es_ES;FBOP/5;FBCR/movistar]" "wpfront-notification-bar-landingpage=1"
2.142.95.193 - - [07/Dec/2019:09:23:40 +0100] "GET /wp-content/uploads/2019/07/buff-bandana-300x123.jpg HTTP/1.1" 200 15859 "https://amazingsportwear.com/" "Mozilla/5.0 (iPhone; CPU iPhone OS 13_1_3 like Mac OS X) AppleWebKit/605.1.15 (KHTML, like Gecko) Mobile/15E148 [FBAN/FBIOS;FBDV/iPhone11,8;FBMD/iPhone;FBSN/iOS;FBSV/13.1.3;FBSS/2;FBID/phone;FBLC/es_ES;FBOP/5;FBCR/movistar]" "wpfront-notification-bar-landingpage=1"
2.142.95.193 - - [07/Dec/2019:09:23:40 +0100] "GET /wp-content/uploads/2019/07/camiseta-tecnica-mujer-300x124.jpg HTTP/1.1" 200 17320 "https://amazingsportwear.com/" "Mozilla/5.0 (iPhone; CPU iPhone OS 13_1_3 like Mac OS X) AppleWebKit/605.1.15 (KHTML, like Gecko) Mobile/15E148 [FBAN/FBIOS;FBDV/iPhone11,8;FBMD/iPhone;FBSN/iOS;FBSV/13.1.3;FBSS/2;FBID/phone;FBLC/es_ES;FBOP/5;FBCR/movistar]" "wpfront-notification-bar-landingpage=1"
2.142.95.193 - - [07/Dec/2019:09:23:41 +0100] "GET /wp-content/uploads/2019/07/camiseta-tecnica-unisex-300x124.jpg HTTP/1.1" 200 17090 "https://amazingsportwear.com/" "Mozilla/5.0 (iPhone; CPU iPhone OS 13_1_3 like Mac OS X) AppleWebKit/605.1.15 (KHTML, like Gecko) Mobile/15E148 [FBAN/FBIOS;FBDV/iPhone11,8;FBMD/iPhone;FBSN/iOS;FBSV/13.1.3;FBSS/2;FBID/phone;FBLC/es_ES;FBOP/5;FBCR/movistar]" "wpfront-notification-bar-landingpage=1"
2.142.95.193 - - [07/Dec/2019:09:23:41 +0100] "GET /wp-content/uploads/2019/07/cortavientos-300x124.jpg HTTP/1.1" 200 17094 "https://amazingsportwear.com/" "Mozilla/5.0 (iPhone; CPU iPhone OS 13_1_3 like Mac OS X) AppleWebKit/605.1.15 (KHTML, like Gecko) Mobile/15E148 [FBAN/FBIOS;FBDV/iPhone11,8;FBMD/iPhone;FBSN/iOS;FBSV/13.1.3;FBSS/2;FBID/phone;FBLC/es_ES;FBOP/5;FBCR/movistar]" "wpfront-notification-bar-landingpage=1"
2.142.95.193 - - [07/Dec/2019:09:23:41 +0100] "GET /wp-content/uploads/2019/07/gorra-tecnica-300x124.jpg HTTP/1.1" 200 16844 "https://amazingsportwear.com/" "Mozilla/5.0 (iPhone; CPU iPhone OS 13_1_3 like Mac OS X) AppleWebKit/605.1.15 (KHTML, like Gecko) Mobile/15E148 [FBAN/FBIOS;FBDV/iPhone11,8;FBMD/iPhone;FBSN/iOS;FBSV/13.1.3;FBSS/2;FBID/phone;FBLC/es_ES;FBOP/5;FBCR/movistar]" "wpfront-notification-bar-landingpage=1"
2.142.95.193 - - [07/Dec/2019:09:23:41 +0100] "GET /wp-content/uploads/2019/07/mochila-saco-300x124.jpg HTTP/1.1" 200 16972 "https://amazingsportwear.com/" "Mozilla/5.0 (iPhone; CPU iPhone OS 13_1_3 like Mac OS X) AppleWebKit/605.1.15 (KHTML, like Gecko) Mobile/15E148 [FBAN/FBIOS;FBDV/iPhone11,8;FBMD/iPhone;FBSN/iOS;FBSV/13.1.3;FBSS/2;FBID/phone;FBLC/es_ES;FBOP/5;FBCR/movistar]" "wpfront-notification-bar-landingpage=1"
2.142.95.193 - - [07/Dec/2019:09:23:41 +0100] "GET /wp-content/uploads/2019/07/polo-tecnico-300x124.jpg HTTP/1.1" 200 17539 "https://amazingsportwear.com/" "Mozilla/5.0 (iPhone; CPU iPhone OS 13_1_3 like Mac OS X) AppleWebKit/605.1.15 (KHTML, like Gecko) Mobile/15E148 [FBAN/FBIOS;FBDV/iPhone11,8;FBMD/iPhone;FBSN/iOS;FBSV/13.1.3;FBSS/2;FBID/phone;FBLC/es_ES;FBOP/5;FBCR/movistar]" "wpfront-notification-bar-landingpage=1"
2.142.95.193 - - [07/Dec/2019:09:23:41 +0100] "GET /wp-content/themes/shopper/assets/fonts/fontawesome-webfont.woff2?v=4.7.0 HTTP/1.1" 200 77615 "https://amazingsportwear.com/" "Mozilla/5.0 (iPhone; CPU iPhone OS 13_1_3 like Mac OS X) AppleWebKit/605.1.15 (KHTML, like Gecko) Mobile/15E148 [FBAN/FBIOS;FBDV/iPhone11,8;FBMD/iPhone;FBSN/iOS;FBSV/13.1.3;FBSS/2;FBID/phone;FBLC/es_ES;FBOP/5;FBCR/movistar]" "_ga=GA1.2.1424007847.1575707020; _gat_gtag_UA_91619287_1=1; _gid=GA1.2.782030398.1575707020; wpfront-notification-bar-landingpage=1"
2.142.95.193 - - [07/Dec/2019:09:23:41 +0100] "GET /wp-content/uploads/2019/07/toalla-300x124.jpg HTTP/1.1" 200 16957 "https://amazingsportwear.com/" "Mozilla/5.0 (iPhone; CPU iPhone OS 13_1_3 like Mac OS X) AppleWebKit/605.1.15 (KHTML, like Gecko) Mobile/15E148 [FBAN/FBIOS;FBDV/iPhone11,8;FBMD/iPhone;FBSN/iOS;FBSV/13.1.3;FBSS/2;FBID/phone;FBLC/es_ES;FBOP/5;FBCR/movistar]" "wpfront-notification-bar-landingpage=1"
2.142.95.193 - - [07/Dec/2019:09:23:41 +0100] "GET /wp-content/uploads/2019/07/zapatillero-300x124.jpg HTTP/1.1" 200 16599 "https://amazingsportwear.com/" "Mozilla/5.0 (iPhone; CPU iPhone OS 13_1_3 like Mac OS X) AppleWebKit/605.1.15 (KHTML, like Gecko) Mobile/15E148 [FBAN/FBIOS;FBDV/iPhone11,8;FBMD/iPhone;FBSN/iOS;FBSV/13.1.3;FBSS/2;FBID/phone;FBLC/es_ES;FBOP/5;FBCR/movistar]" "wpfront-notification-bar-landingpage=1"
2.142.95.193 - - [07/Dec/2019:09:23:41 +0100] "GET /wp-content/uploads/2019/07/slider1.jpg HTTP/1.1" 200 244573 "https://amazingsportwear.com/" "Mozilla/5.0 (iPhone; CPU iPhone OS 13_1_3 like Mac OS X) AppleWebKit/605.1.15 (KHTML, like Gecko) Mobile/15E148 [FBAN/FBIOS;FBDV/iPhone11,8;FBMD/iPhone;FBSN/iOS;FBSV/13.1.3;FBSS/2;FBID/phone;FBLC/es_ES;FBOP/5;FBCR/movistar]" "wpfront-notification-bar-landingpage=1"
2.142.95.193 - - [07/Dec/2019:09:23:41 +0100] "GET /wp-content/uploads/2019/07/slider2.jpg HTTP/1.1" 200 250219 "https://amazingsportwear.com/" "Mozilla/5.0 (iPhone; CPU iPhone OS 13_1_3 like Mac OS X) AppleWebKit/605.1.15 (KHTML, like Gecko) Mobile/15E148 [FBAN/FBIOS;FBDV/iPhone11,8;FBMD/iPhone;FBSN/iOS;FBSV/13.1.3;FBSS/2;FBID/phone;FBLC/es_ES;FBOP/5;FBCR/movistar]" "wpfront-notification-bar-landingpage=1"
2.142.95.193 - - [07/Dec/2019:09:23:41 +0100] "POST /?wc-ajax=get_refreshed_fragments HTTP/1.1" 200 1345 "https://amazingsportwear.com/" "Mozilla/5.0 (iPhone; CPU iPhone OS 13_1_3 like Mac OS X) AppleWebKit/605.1.15 (KHTML, like Gecko) Mobile/15E148 [FBAN/FBIOS;FBDV/iPhone11,8;FBMD/iPhone;FBSN/iOS;FBSV/13.1.3;FBSS/2;FBID/phone;FBLC/es_ES;FBOP/5;FBCR/movistar]" "_ga=GA1.2.1424007847.1575707020; _gat_gtag_UA_91619287_1=1; _gid=GA1.2.782030398.1575707020; wpfront-notification-bar-landingpage=1"
2.142.95.193 - - [07/Dec/2019:09:23:41 +0100] "GET /wp-content/uploads/2019/07/slider3.jpg HTTP/1.1" 200 276981 "https://amazingsportwear.com/" "Mozilla/5.0 (iPhone; CPU iPhone OS 13_1_3 like Mac OS X) AppleWebKit/605.1.15 (KHTML, like Gecko) Mobile/15E148 [FBAN/FBIOS;FBDV/iPhone11,8;FBMD/iPhone;FBSN/iOS;FBSV/13.1.3;FBSS/2;FBID/phone;FBLC/es_ES;FBOP/5;FBCR/movistar]" "wpfront-notification-bar-landingpage=1"
2.142.95.193 - - [07/Dec/2019:09:23:42 +0100] "GET /wp-content/uploads/2019/07/carpa-1024x771.jpg HTTP/1.1" 200 89325 "https://amazingsportwear.com/" "Mozilla/5.0 (iPhone; CPU iPhone OS 13_1_3 like Mac OS X) AppleWebKit/605.1.15 (KHTML, like Gecko) Mobile/15E148 [FBAN/FBIOS;FBDV/iPhone11,8;FBMD/iPhone;FBSN/iOS;FBSV/13.1.3;FBSS/2;FBID/phone;FBLC/es_ES;FBOP/5;FBCR/movistar]" "wpfront-notification-bar-landingpage=1"
2.142.95.193 - - [07/Dec/2019:09:23:42 +0100] "GET /wp-content/uploads/2019/04/toalla-absorvente-gymnasio-7.png HTTP/1.1" 200 148381 "https://amazingsportwear.com/" "Mozilla/5.0 (iPhone; CPU iPhone OS 13_1_3 like Mac OS X) AppleWebKit/605.1.15 (KHTML, like Gecko) Mobile/15E148 [FBAN/FBIOS;FBDV/iPhone11,8;FBMD/iPhone;FBSN/iOS;FBSV/13.1.3;FBSS/2;FBID/phone;FBLC/es_ES;FBOP/5;FBCR/movistar]" "wpfront-notification-bar-landingpage=1"
2.142.95.193 - - [07/Dec/2019:09:23:43 +0100] "GET /wp-content/uploads/2019/04/Gorra-sport-12.png HTTP/1.1" 200 92310 "https://amazingsportwear.com/" "Mozilla/5.0 (iPhone; CPU iPhone OS 13_1_3 like Mac OS X) AppleWebKit/605.1.15 (KHTML, like Gecko) Mobile/15E148 [FBAN/FBIOS;FBDV/iPhone11,8;FBMD/iPhone;FBSN/iOS;FBSV/13.1.3;FBSS/2;FBID/phone;FBLC/es_ES;FBOP/5;FBCR/movistar]" "wpfront-notification-bar-landingpage=1"
2.142.95.193 - - [07/Dec/2019:09:23:43 +0100] "GET /wp-content/uploads/2019/04/bidon-match-4.png HTTP/1.1" 200 130221 "https://amazingsportwear.com/" "Mozilla/5.0 (iPhone; CPU iPhone OS 13_1_3 like Mac OS X) AppleWebKit/605.1.15 (KHTML, like Gecko) Mobile/15E148 [FBAN/FBIOS;FBDV/iPhone11,8;FBMD/iPhone;FBSN/iOS;FBSV/13.1.3;FBSS/2;FBID/phone;FBLC/es_ES;FBOP/5;FBCR/movistar]" "wpfront-notification-bar-landingpage=1"
2.142.95.193 - - [07/Dec/2019:09:23:42 +0100] "GET /wp-content/uploads/2019/07/slider4.jpg HTTP/1.1" 200 369750 "https://amazingsportwear.com/" "Mozilla/5.0 (iPhone; CPU iPhone OS 13_1_3 like Mac OS X) AppleWebKit/605.1.15 (KHTML, like Gecko) Mobile/15E148 [FBAN/FBIOS;FBDV/iPhone11,8;FBMD/iPhone;FBSN/iOS;FBSV/13.1.3;FBSS/2;FBID/phone;FBLC/es_ES;FBOP/5;FBCR/movistar]" "wpfront-notification-bar-landingpage=1"
2.142.95.193 - - [07/Dec/2019:09:23:43 +0100] "GET /wp-content/uploads/2019/04/bolsa-deporte-young-1.png HTTP/1.1" 200 140410 "https://amazingsportwear.com/" "Mozilla/5.0 (iPhone; CPU iPhone OS 13_1_3 like Mac OS X) AppleWebKit/605.1.15 (KHTML, like Gecko) Mobile/15E148 [FBAN/FBIOS;FBDV/iPhone11,8;FBMD/iPhone;FBSN/iOS;FBSV/13.1.3;FBSS/2;FBID/phone;FBLC/es_ES;FBOP/5;FBCR/movistar]" "wpfront-notification-bar-landingpage=1"
2.142.95.193 - - [07/Dec/2019:09:23:43 +0100] "GET /wp-content/uploads/2019/04/mochila-decath-5.png HTTP/1.1" 200 127678 "https://amazingsportwear.com/" "Mozilla/5.0 (iPhone; CPU iPhone OS 13_1_3 like Mac OS X) AppleWebKit/605.1.15 (KHTML, like Gecko) Mobile/15E148 [FBAN/FBIOS;FBDV/iPhone11,8;FBMD/iPhone;FBSN/iOS;FBSV/13.1.3;FBSS/2;FBID/phone;FBLC/es_ES;FBOP/5;FBCR/movistar]" "wpfront-notification-bar-landingpage=1"
2.142.95.193 - - [07/Dec/2019:09:23:44 +0100] "GET /wp-content/uploads/2019/04/Llavero-triumph-1.png HTTP/1.1" 200 29839 "https://amazingsportwear.com/" "Mozilla/5.0 (iPhone; CPU iPhone OS 13_1_3 like Mac OS X) AppleWebKit/605.1.15 (KHTML, like Gecko) Mobile/15E148 [FBAN/FBIOS;FBDV/iPhone11,8;FBMD/iPhone;FBSN/iOS;FBSV/13.1.3;FBSS/2;FBID/phone;FBLC/es_ES;FBOP/5;FBCR/movistar]" "wpfront-notification-bar-landingpage=1"
2.142.95.193 - - [07/Dec/2019:09:23:44 +0100] "GET /wp-content/uploads/2019/04/SA-6684-1.png HTTP/1.1" 200 173182 "https://amazingsportwear.com/" "Mozilla/5.0 (iPhone; CPU iPhone OS 13_1_3 like Mac OS X) AppleWebKit/605.1.15 (KHTML, like Gecko) Mobile/15E148 [FBAN/FBIOS;FBDV/iPhone11,8;FBMD/iPhone;FBSN/iOS;FBSV/13.1.3;FBSS/2;FBID/phone;FBLC/es_ES;FBOP/5;FBCR/movistar]" "wpfront-notification-bar-landingpage=1"
2.142.95.193 - - [07/Dec/2019:09:23:44 +0100] "GET /wp-content/uploads/2018/06/sa-6502-naranja.jpg HTTP/1.1" 200 65261 "https://amazingsportwear.com/" "Mozilla/5.0 (iPhone; CPU iPhone OS 13_1_3 like Mac OS X) AppleWebKit/605.1.15 (KHTML, like Gecko) Mobile/15E148 [FBAN/FBIOS;FBDV/iPhone11,8;FBMD/iPhone;FBSN/iOS;FBSV/13.1.3;FBSS/2;FBID/phone;FBLC/es_ES;FBOP/5;FBCR/movistar]" "wpfront-notification-bar-landingpage=1"
2.142.95.193 - - [07/Dec/2019:09:23:44 +0100] "GET /wp-content/uploads/2018/05/cif-g221-2.jpg HTTP/1.1" 200 55476 "https://amazingsportwear.com/" "Mozilla/5.0 (iPhone; CPU iPhone OS 13_1_3 like Mac OS X) AppleWebKit/605.1.15 (KHTML, like Gecko) Mobile/15E148 [FBAN/FBIOS;FBDV/iPhone11,8;FBMD/iPhone;FBSN/iOS;FBSV/13.1.3;FBSS/2;FBID/phone;FBLC/es_ES;FBOP/5;FBCR/movistar]" "wpfront-notification-bar-landingpage=1"
2.142.95.193 - - [07/Dec/2019:09:23:44 +0100] "GET /wp-content/uploads/2018/05/cp-lycra-2.jpg HTTP/1.1" 200 13775 "https://amazingsportwear.com/" "Mozilla/5.0 (iPhone; CPU iPhone OS 13_1_3 like Mac OS X) AppleWebKit/605.1.15 (KHTML, like Gecko) Mobile/15E148 [FBAN/FBIOS;FBDV/iPhone11,8;FBMD/iPhone;FBSN/iOS;FBSV/13.1.3;FBSS/2;FBID/phone;FBLC/es_ES;FBOP/5;FBCR/movistar]" "wpfront-notification-bar-landingpage=1"
2.142.95.193 - - [07/Dec/2019:09:23:44 +0100] "GET /wp-content/uploads/2019/06/amistad3-300x300.jpg HTTP/1.1" 200 12744 "https://amazingsportwear.com/" "Mozilla/5.0 (iPhone; CPU iPhone OS 13_1_3 like Mac OS X) AppleWebKit/605.1.15 (KHTML, like Gecko) Mobile/15E148 [FBAN/FBIOS;FBDV/iPhone11,8;FBMD/iPhone;FBSN/iOS;FBSV/13.1.3;FBSS/2;FBID/phone;FBLC/es_ES;FBOP/5;FBCR/movistar]" "wpfront-notification-bar-landingpage=1"
2.142.95.193 - - [07/Dec/2019:09:23:44 +0100] "GET /wp-content/uploads/2019/06/compartir.jpg HTTP/1.1" 200 14349 "https://amazingsportwear.com/" "Mozilla/5.0 (iPhone; CPU iPhone OS 13_1_3 like Mac OS X) AppleWebKit/605.1.15 (KHTML, like Gecko) Mobile/15E148 [FBAN/FBIOS;FBDV/iPhone11,8;FBMD/iPhone;FBSN/iOS;FBSV/13.1.3;FBSS/2;FBID/phone;FBLC/es_ES;FBOP/5;FBCR/movistar]" "wpfront-notification-bar-landingpage=1"
2.142.95.193 - - [07/Dec/2019:09:23:44 +0100] "GET /wp-content/uploads/2018/05/cat-3164-amarillo-300x300.png HTTP/1.1" 200 72410 "https://amazingsportwear.com/" "Mozilla/5.0 (iPhone; CPU iPhone OS 13_1_3 like Mac OS X) AppleWebKit/605.1.15 (KHTML, like Gecko) Mobile/15E148 [FBAN/FBIOS;FBDV/iPhone11,8;FBMD/iPhone;FBSN/iOS;FBSV/13.1.3;FBSS/2;FBID/phone;FBLC/es_ES;FBOP/5;FBCR/movistar]" "wpfront-notification-bar-landingpage=1"
2.142.95.193 - - [07/Dec/2019:09:23:44 +0100] "GET /wp-content/uploads/2017/03/sa-0415_60.jpg HTTP/1.1" 200 93721 "https://amazingsportwear.com/" "Mozilla/5.0 (iPhone; CPU iPhone OS 13_1_3 like Mac OS X) AppleWebKit/605.1.15 (KHTML, like Gecko) Mobile/15E148 [FBAN/FBIOS;FBDV/iPhone11,8;FBMD/iPhone;FBSN/iOS;FBSV/13.1.3;FBSS/2;FBID/phone;FBLC/es_ES;FBOP/5;FBCR/movistar]" "wpfront-notification-bar-landingpage=1"
2.142.95.193 - - [07/Dec/2019:09:23:44 +0100] "GET /wp-content/uploads/2019/05/asw-white-600x252.png HTTP/1.1" 200 29380 "https://amazingsportwear.com/" "Mozilla/5.0 (iPhone; CPU iPhone OS 13_1_3 like Mac OS X) AppleWebKit/605.1.15 (KHTML, like Gecko) Mobile/15E148 [FBAN/FBIOS;FBDV/iPhone11,8;FBMD/iPhone;FBSN/iOS;FBSV/13.1.3;FBSS/2;FBID/phone;FBLC/es_ES;FBOP/5;FBCR/movistar]" "wpfront-notification-bar-landingpage=1"
2.142.95.193 - - [07/Dec/2019:09:23:44 +0100] "GET /wp-content/plugins/simple-social-icons/symbol-defs.svg HTTP/1.1" 200 19699 "https://amazingsportwear.com/" "Mozilla/5.0 (iPhone; CPU iPhone OS 13_1_3 like Mac OS X) AppleWebKit/605.1.15 (KHTML, like Gecko) Mobile/15E148 [FBAN/FBIOS;FBDV/iPhone11,8;FBMD/iPhone;FBSN/iOS;FBSV/13.1.3;FBSS/2;FBID/phone;FBLC/es_ES;FBOP/5;FBCR/movistar]" "_ga=GA1.2.1424007847.1575707020; _gat_gtag_UA_91619287_1=1; _gid=GA1.2.782030398.1575707020; wpfront-notification-bar-landingpage=1"
123.162.175.251 - - [07/Dec/2019:09:24:28 +0100] "GET /wp-content/uploads/2017/01/motocr-300x300.png HTTP/1.1" 200 97714 "-" "Mozilla/5.0 (Linux; Android 7.0; FRD-AL00 Build/HUAWEIFRD-AL00; wv) AppleWebKit/537.36 (KHTML, like Gecko) Version/4.0 Chrome/53.0.2785.49 Mobile MQQBrowser/6.2 TBS/043602 Safari/537.36 MicroMessenger/6.5.16.1120 NetType/WIFI Language/zh_CN" "-"
217.76.130.90 - - [07/Dec/2019:09:34:11 +0100] "POST /wp-cron.php?doing_wp_cron=1575707651.1591770648956298828125 HTTP/1.1" 200 3389 "https://amazingsportwear.com/wp-cron.php?doing_wp_cron=1575707651.1591770648956298828125" "WordPress/5.2.4; https://amazingsportwear.com" "-"
157.55.39.83 - - [07/Dec/2019:09:34:09 +0100] "GET /categoria-producto/hombre/sudaderas/ HTTP/1.1" 200 60630 "-" "msnbot/2.0b (+http://search.msn.com/msnbot.htm)" "-"
217.76.130.90 - - [07/Dec/2019:09:38:12 +0100] "POST /wp-cron.php?doing_wp_cron=1575707892.8693130016326904296875 HTTP/1.1" 200 3389 "https://amazingsportwear.com/wp-cron.php?doing_wp_cron=1575707892.8693130016326904296875" "WordPress/5.2.4; https://amazingsportwear.com" "-"
157.55.39.83 - - [07/Dec/2019:09:38:12 +0100] "GET /categoria-producto/hombre/sudaderas/ HTTP/1.1" 200 60665 "-" "msnbot/2.0b (+http://search.msn.com/msnbot.htm)" "-"
66.249.64.146 - - [07/Dec/2019:10:00:10 +0100] "GET /wp-content/uploads/2019/07/banner-golf-jeep-300x300.jpg HTTP/1.1" 304 3566 "-" "Googlebot-Image/1.0" "-"
217.76.130.90 - - [07/Dec/2019:10:13:16 +0100] "POST /wp-cron.php?doing_wp_cron=1575709996.0793690681457519531250 HTTP/1.1" 200 3389 "https://amazingsportwear.com/wp-cron.php?doing_wp_cron=1575709996.0793690681457519531250" "WordPress/5.2.4; https://amazingsportwear.com" "-"
66.249.64.146 - - [07/Dec/2019:10:13:13 +0100] "GET /category/inicio/ HTTP/1.1" 200 70456 "-" "Mozilla/5.0 (compatible; Googlebot/2.1; +http://www.google.com/bot.html)" "-"
217.76.130.90 - - [07/Dec/2019:10:13:16 +0100] "POST /wp-admin/admin-ajax.php?action=wp_1_wc_privacy_cleanup&nonce=066b0409ec HTTP/1.1" 200 3711 "https://amazingsportwear.com/wp-admin/admin-ajax.php?action=wp_1_wc_privacy_cleanup&nonce=066b0409ec" "WordPress/5.2.4; https://amazingsportwear.com" "-"
40.77.167.146 - - [07/Dec/2019:10:14:52 +0100] "GET /wp-content/uploads/2019/07/IMG_1572-1024x1024.jpg HTTP/1.1" 200 169494 "-" "Mozilla/5.0 (compatible; bingbot/2.0; +http://www.bing.com/bingbot.htm)" "-"
40.77.167.146 - - [07/Dec/2019:10:19:57 +0100] "GET /wp-content/uploads/2019/07/carpa-cas-300x300.jpg HTTP/1.1" 200 40624 "-" "Mozilla/5.0 (compatible; bingbot/2.0; +http://www.bing.com/bingbot.htm)" "-"
207.46.13.37 - - [07/Dec/2019:10:34:43 +0100] "GET /wp-content/uploads/2019/04/bolsa-deporte-hale-3.png HTTP/1.1" 200 134494 "-" "Mozilla/5.0 (compatible; bingbot/2.0; +http://www.bing.com/bingbot.htm)" "-"
217.76.130.90 - - [07/Dec/2019:10:45:27 +0100] "POST /wp-cron.php?doing_wp_cron=1575711927.2671649456024169921875 HTTP/1.1" 200 3389 "https://amazingsportwear.com/wp-cron.php?doing_wp_cron=1575711927.2671649456024169921875" "WordPress/5.2.4; https://amazingsportwear.com" "-"
207.46.13.231 - - [07/Dec/2019:10:45:25 +0100] "GET /producto/mochila-discovery/ HTTP/1.1" 200 106301 "-" "Mozilla/5.0 (compatible; bingbot/2.0; +http://www.bing.com/bingbot.htm)" "-"
157.55.39.56 - - [07/Dec/2019:11:03:37 +0100] "GET /wp-content/uploads/2019/07/carpa-cas-300x300.jpg HTTP/1.1" 200 40624 "-" "Mozilla/5.0 (compatible; bingbot/2.0; +http://www.bing.com/bingbot.htm)" "-"
217.76.130.90 - - [07/Dec/2019:11:19:32 +0100] "POST /wp-cron.php?doing_wp_cron=1575713972.0557749271392822265625 HTTP/1.1" 200 164 "http://amazingsportwear.com/wp-cron.php?doing_wp_cron=1575713972.0557749271392822265625" "WordPress/5.2.4; https://amazingsportwear.com" "-"
23.226.211.61 - - [07/Dec/2019:11:19:24 +0100] "GET / HTTP/1.1" 301 336 "-" "Mozilla/5.0 (Windows NT 10.0; Win64; x64; rv:64.0) Gecko/20100101 Firefox/64.0" "-"
23.226.211.155 - - [07/Dec/2019:11:19:33 +0100] "GET / HTTP/1.1" 200 125545 "-" "Mozilla/5.0 (Windows NT 10.0; Win64; x64; rv:64.0) Gecko/20100101 Firefox/64.0" "wpfront-notification-bar-landingpage=1; APSERVER_ID=049223bc21fe55f13e431e8aae40a2a0c9eddf1f81b986640d856db5ab115760"
104.222.43.32 - - [07/Dec/2019:11:19:40 +0100] "GET /wp-content/uploads/2019/05/cropped-favicon-nuevo-logo-amazinf-128px-32x32.png HTTP/1.1" 200 4392 "-" "Mozilla/5.0 (Windows NT 10.0; Win64; x64; rv:64.0) Gecko/20100101 Firefox/64.0" "-"
217.76.130.90 - - [07/Dec/2019:11:27:49 +0100] "POST /wp-cron.php?doing_wp_cron=1575714469.8559439182281494140625 HTTP/1.1" 200 3389 "https://amazingsportwear.com/wp-cron.php?doing_wp_cron=1575714469.8559439182281494140625" "WordPress/5.2.4; https://amazingsportwear.com" "-"
207.46.13.231 - - [07/Dec/2019:11:27:49 +0100] "GET /producto/camiseta-tecnica-cuello-pico-woman-aq-woman/ HTTP/1.1" 200 104814 "-" "Mozilla/5.0 (compatible; bingbot/2.0; +http://www.bing.com/bingbot.htm)" "-"
157.55.39.56 - - [07/Dec/2019:11:34:12 +0100] "GET /wp-content/uploads/2019/07/IMG_1589-1024x1024.jpg HTTP/1.1" 200 86399 "-" "Mozilla/5.0 (compatible; bingbot/2.0; +http://www.bing.com/bingbot.htm)" "-"
182.246.10.234 - - [07/Dec/2019:11:39:06 +0100] "GET /wp-content/uploads/2017/04/aq-woman-malva.jpg HTTP/1.1" 200 17846 "-" "Mozilla/5.0(Linux;U;Android 5.1.1;zh-CN;OPPO A33 Build/LMY47V) AppleWebKit/537.36(KHTML,like Gecko) Version/4.0 Chrome/40.0.2214.89 UCBrowser/11.7.0.953 Mobile Safari/537.36" "-"
217.76.130.90 - - [07/Dec/2019:11:39:33 +0100] "POST /wp-cron.php?doing_wp_cron=1575715173.8528110980987548828125 HTTP/1.1" 200 3389 "https://amazingsportwear.com/wp-cron.php?doing_wp_cron=1575715173.8528110980987548828125" "WordPress/5.2.4; https://amazingsportwear.com" "-"
66.249.64.148 - - [07/Dec/2019:11:39:27 +0100] "GET /producto/gorra-sport/ HTTP/1.1" 200 102532 "-" "Mozilla/5.0 (compatible; Googlebot/2.1; +http://www.google.com/bot.html)" "-"
40.77.167.74 - - [07/Dec/2019:11:40:01 +0100] "GET /wp-content/uploads/2019/04/Llavero-triumph-2.png HTTP/1.1" 200 27952 "-" "Mozilla/5.0 (compatible; bingbot/2.0; +http://www.bing.com/bingbot.htm)" "-"
217.76.130.90 - - [07/Dec/2019:11:46:11 +0100] "POST /wp-cron.php?doing_wp_cron=1575715571.2248079776763916015625 HTTP/1.1" 200 3389 "https://amazingsportwear.com/wp-cron.php?doing_wp_cron=1575715571.2248079776763916015625" "WordPress/5.2.4; https://amazingsportwear.com" "-"
157.55.39.56 - - [07/Dec/2019:11:46:10 +0100] "GET /categoria-producto/mujer/faldas/ HTTP/1.1" 200 57070 "-" "msnbot/2.0b (+http://search.msn.com/msnbot.htm)" "-"
217.76.130.90 - - [07/Dec/2019:11:49:10 +0100] "POST /wp-cron.php?doing_wp_cron=1575715749.9562449455261230468750 HTTP/1.1" 200 3389 "https://amazingsportwear.com/wp-cron.php?doing_wp_cron=1575715749.9562449455261230468750" "WordPress/5.2.4; https://amazingsportwear.com" "-"
157.55.39.56 - - [07/Dec/2019:11:49:09 +0100] "GET /categoria-producto/mujer/faldas/ HTTP/1.1" 200 57140 "-" "msnbot/2.0b (+http://search.msn.com/msnbot.htm)" "-"
217.76.130.90 - - [07/Dec/2019:12:01:07 +0100] "POST /wp-cron.php?doing_wp_cron=1575716467.3310949802398681640625 HTTP/1.1" 200 164 "http://amazingsportwear.com/wp-cron.php?doing_wp_cron=1575716467.3310949802398681640625" "WordPress/5.2.4; https://amazingsportwear.com" "-"
41.68.141.175 - - [07/Dec/2019:12:01:05 +0100] "GET / HTTP/1.1" 301 336 "http://progressive-seo.com" "Mozilla/5.0 (Windows NT 10.0; Win64; x64) AppleWebKit/537.36 (KHTML, like Gecko) Chrome/74.0.3729.169 Safari/537.36" "-"
217.76.130.90 - - [07/Dec/2019:12:31:43 +0100] "POST /wp-cron.php?doing_wp_cron=1575718303.6565160751342773437500 HTTP/1.1" 200 3389 "https://amazingsportwear.com/wp-cron.php?doing_wp_cron=1575718303.6565160751342773437500" "WordPress/5.2.4; https://amazingsportwear.com" "-"
157.55.39.31 - - [07/Dec/2019:12:31:41 +0100] "GET /robots.txt HTTP/1.1" 200 2297 "-" "Mozilla/5.0 (compatible; bingbot/2.0; +http://www.bing.com/bingbot.htm)" "-"
40.77.167.74 - - [07/Dec/2019:12:31:41 +0100] "GET /product_tag-sitemap.xml HTTP/1.1" 200 54391 "-" "msnbot/2.0b (+http://search.msn.com/msnbot.htm)" "-"
157.55.39.31 - - [07/Dec/2019:12:31:44 +0100] "GET /robots.txt HTTP/1.1" 200 3939 "-" "Mozilla/5.0 (compatible; bingbot/2.0; +http://www.bing.com/bingbot.htm)" "-"
40.77.167.74 - - [07/Dec/2019:12:36:40 +0100] "GET /wp-content/uploads/2019/07/foto-raquel.jpg HTTP/1.1" 200 93409 "-" "Mozilla/5.0 (compatible; bingbot/2.0; +http://www.bing.com/bingbot.htm)" "-"
217.76.130.90 - - [07/Dec/2019:12:36:54 +0100] "POST /wp-cron.php?doing_wp_cron=1575718614.4799981117248535156250 HTTP/1.1" 200 3389 "https://amazingsportwear.com/wp-cron.php?doing_wp_cron=1575718614.4799981117248535156250" "WordPress/5.2.4; https://amazingsportwear.com" "-"
40.77.167.74 - - [07/Dec/2019:12:36:53 +0100] "GET /etiqueta-producto/bidon-deportivo/ HTTP/1.1" 200 55817 "-" "Mozilla/5.0 (compatible; bingbot/2.0; +http://www.bing.com/bingbot.htm)" "-"
217.76.130.90 - - [07/Dec/2019:12:51:12 +0100] "POST /wp-cron.php?doing_wp_cron=1575719472.0977270603179931640625 HTTP/1.1" 200 3389 "https://amazingsportwear.com/wp-cron.php?doing_wp_cron=1575719472.0977270603179931640625" "WordPress/5.2.4; https://amazingsportwear.com" "-"
66.249.64.148 - - [07/Dec/2019:12:51:11 +0100] "GET /categoria-producto/deportes/futbol/ HTTP/1.1" 200 66346 "-" "Mozilla/5.0 (Linux; Android 6.0.1; Nexus 5X Build/MMB29P) AppleWebKit/537.36 (KHTML, like Gecko) Chrome/41.0.2272.96 Mobile Safari/537.36 (compatible; Googlebot/2.1; +http://www.google.com/bot.html)" "-"
66.249.64.146 - - [07/Dec/2019:12:51:16 +0100] "POST /?wc-ajax=get_refreshed_fragments HTTP/1.1" 200 4760 "https://amazingsportwear.com/categoria-producto/deportes/futbol/" "Mozilla/5.0 (Linux; Android 6.0.1; Nexus 5X Build/MMB29P) AppleWebKit/537.36 (KHTML, like Gecko) Chrome/41.0.2272.96 Mobile Safari/537.36 (compatible; Googlebot/2.1; +http://www.google.com/bot.html)" "_ga=GA1.2.1884029788.1575676800; _gid=GA1.2.969013651.1575676800; _gat_gtag_UA_91619287_1=1"
217.76.130.90 - - [07/Dec/2019:13:06:52 +0100] "POST /wp-cron.php?doing_wp_cron=1575720412.6647920608520507812500 HTTP/1.1" 200 3389 "https://amazingsportwear.com/wp-cron.php?doing_wp_cron=1575720412.6647920608520507812500" "WordPress/5.2.4; https://amazingsportwear.com" "-"
66.249.64.144 - - [07/Dec/2019:13:06:51 +0100] "GET / HTTP/1.1" 200 125813 "-" "Mozilla/5.0 (Linux; Android 6.0.1; Nexus 5X Build/MMB29P) AppleWebKit/537.36 (KHTML, like Gecko) Chrome/41.0.2272.96 Mobile Safari/537.36 (compatible; Googlebot/2.1; +http://www.google.com/bot.html)" "-"
181.199.38.254 - - [07/Dec/2019:13:12:03 +0100] "GET /wp-content/uploads/2019/04/gorra-tecnica-blanca-azul.png HTTP/1.1" 200 63762 "https://www.google.com/" "Mozilla/5.0 (Windows NT 10.0; Win64; x64) AppleWebKit/537.36 (KHTML, like Gecko) Chrome/78.0.3904.108 Safari/537.36" "-"
217.76.130.90 - - [07/Dec/2019:13:18:38 +0100] "POST /wp-cron.php?doing_wp_cron=1575721118.0483961105346679687500 HTTP/1.1" 200 3389 "https://amazingsportwear.com/wp-cron.php?doing_wp_cron=1575721118.0483961105346679687500" "WordPress/5.2.4; https://amazingsportwear.com" "-"
66.249.64.144 - - [07/Dec/2019:13:18:36 +0100] "GET /producto/mochila-tipo-saco-cat-3164/ HTTP/1.1" 200 103630 "-" "Mozilla/5.0 (Linux; Android 6.0.1; Nexus 5X Build/MMB29P) AppleWebKit/537.36 (KHTML, like Gecko) Chrome/41.0.2272.96 Mobile Safari/537.36 (compatible; Googlebot/2.1; +http://www.google.com/bot.html)" "-"
66.249.64.144 - - [07/Dec/2019:13:18:54 +0100] "GET /wp-content/plugins/cookie-law-info/public/css/cookie-law-info-gdpr.css?ver=1.7.6 HTTP/1.1" 200 15808 "https://amazingsportwear.com/producto/mochila-tipo-saco-cat-3164/" "Mozilla/5.0 (Linux; Android 6.0.1; Nexus 5X Build/MMB29P) AppleWebKit/537.36 (KHTML, like Gecko) Chrome/41.0.2272.96 Mobile Safari/537.36 (compatible; Googlebot/2.1; +http://www.google.com/bot.html)" "-"
217.76.130.90 - - [07/Dec/2019:13:34:57 +0100] "POST /wp-cron.php?doing_wp_cron=1575722097.8614699840545654296875 HTTP/1.1" 200 3389 "https://amazingsportwear.com/wp-cron.php?doing_wp_cron=1575722097.8614699840545654296875" "WordPress/5.2.4; https://amazingsportwear.com" "-"
17.58.100.225 - - [07/Dec/2019:13:34:56 +0100] "GET /robots.txt HTTP/1.1" 200 3687 "-" "Mozilla/5.0 (Macintosh; Intel Mac OS X 10_10_1) AppleWebKit/600.2.5 (KHTML, like Gecko) Version/8.0.2 Safari/600.2.5 (Applebot/0.1; +http://www.apple.com/go/applebot)" "-"
17.58.96.177 - - [07/Dec/2019:13:34:58 +0100] "GET /content/2-aviso-legal HTTP/1.1" 404 72020 "-" "Mozilla/5.0 (Macintosh; Intel Mac OS X 10_10_1) AppleWebKit/600.2.5 (KHTML, like Gecko) Version/8.0.2 Safari/600.2.5 (Applebot/0.1; +http://www.apple.com/go/applebot)" "-"
217.76.130.90 - - [07/Dec/2019:13:46:29 +0100] "POST /wp-cron.php?doing_wp_cron=1575722789.0935649871826171875000 HTTP/1.1" 200 164 "http://amazingsportwear.com/wp-cron.php?doing_wp_cron=1575722789.0935649871826171875000" "WordPress/5.2.4; https://amazingsportwear.com" "-"
14.231.27.76 - - [07/Dec/2019:13:46:27 +0100] "GET / HTTP/1.1" 301 336 "-" "Mozilla/5.0 (Windows NT 10.0; Win64; x64) AppleWebKit/537.36 (KHTML, like Gecko) Chrome/77.0.3865.90 Safari/537.36" "-"
14.231.27.76 - - [07/Dec/2019:13:46:32 +0100] "GET / HTTP/1.1" 200 125745 "-" "Mozilla/5.0 (Windows NT 10.0; Win64; x64) AppleWebKit/537.36 (KHTML, like Gecko) Chrome/77.0.3865.90 Safari/537.36" "wpfront-notification-bar-landingpage=1"
14.231.27.76 - - [07/Dec/2019:13:46:35 +0100] "POST / HTTP/1.1" 200 122738 "-" "Mozilla/5.0 (Windows NT 10.0; Win64; x64) AppleWebKit/537.36 (KHTML, like Gecko) Chrome/77.0.3865.90 Safari/537.36" "wpfront-notification-bar-landingpage=1"
14.231.27.76 - - [07/Dec/2019:13:46:39 +0100] "POST / HTTP/1.1" 200 122755 "-" "Mozilla/5.0 (Windows NT 10.0; Win64; x64) AppleWebKit/537.36 (KHTML, like Gecko) Chrome/77.0.3865.90 Safari/537.36" "wpfront-notification-bar-landingpage=1"
14.231.27.76 - - [07/Dec/2019:13:46:43 +0100] "GET /comments/feed/ HTTP/1.1" 200 1258 "-" "Mozilla/5.0 (Windows NT 10.0; Win64; x64) AppleWebKit/537.36 (KHTML, like Gecko) Chrome/77.0.3865.90 Safari/537.36" "wpfront-notification-bar-landingpage=1"
14.231.27.76 - - [07/Dec/2019:13:46:45 +0100] "GET /categoria-producto/accesorios/ HTTP/1.1" 200 72968 "-" "Mozilla/5.0 (Windows NT 10.0; Win64; x64) AppleWebKit/537.36 (KHTML, like Gecko) Chrome/77.0.3865.90 Safari/537.36" "wpfront-notification-bar-landingpage=1"
14.231.27.76 - - [07/Dec/2019:13:46:47 +0100] "GET /categoria-producto/accesorios/page/2/ HTTP/1.1" 200 74302 "-" "Mozilla/5.0 (Windows NT 10.0; Win64; x64) AppleWebKit/537.36 (KHTML, like Gecko) Chrome/77.0.3865.90 Safari/537.36" "wpfront-notification-bar-landingpage=1"
14.231.27.76 - - [07/Dec/2019:13:46:49 +0100] "GET /categoria-producto/accesorios/feed/ HTTP/1.1" 200 15658 "-" "Mozilla/5.0 (Windows NT 10.0; Win64; x64) AppleWebKit/537.36 (KHTML, like Gecko) Chrome/77.0.3865.90 Safari/537.36" "wpfront-notification-bar-landingpage=1"
14.231.27.76 - - [07/Dec/2019:13:46:51 +0100] "GET /categoria-producto/accesorios/bidonesdeportivos/ HTTP/1.1" 200 71995 "-" "Mozilla/5.0 (Windows NT 10.0; Win64; x64) AppleWebKit/537.36 (KHTML, like Gecko) Chrome/77.0.3865.90 Safari/537.36" "wpfront-notification-bar-landingpage=1"
14.231.27.76 - - [07/Dec/2019:13:46:53 +0100] "GET /categoria-producto/accesorios/bidonesdeportivos/feed/ HTTP/1.1" 200 15985 "-" "Mozilla/5.0 (Windows NT 10.0; Win64; x64) AppleWebKit/537.36 (KHTML, like Gecko) Chrome/77.0.3865.90 Safari/537.36" "wpfront-notification-bar-landingpage=1"
14.231.27.76 - - [07/Dec/2019:13:46:55 +0100] "GET /categoria-producto/accesorios/gafas/ HTTP/1.1" 200 56552 "-" "Mozilla/5.0 (Windows NT 10.0; Win64; x64) AppleWebKit/537.36 (KHTML, like Gecko) Chrome/77.0.3865.90 Safari/537.36" "wpfront-notification-bar-landingpage=1"
14.231.27.76 - - [07/Dec/2019:13:46:57 +0100] "GET /categoria-producto/accesorios/gafas/feed/ HTTP/1.1" 200 7261 "-" "Mozilla/5.0 (Windows NT 10.0; Win64; x64) AppleWebKit/537.36 (KHTML, like Gecko) Chrome/77.0.3865.90 Safari/537.36" "wpfront-notification-bar-landingpage=1"
14.231.27.76 - - [07/Dec/2019:13:46:59 +0100] "GET /categoria-producto/accesorios/bragasybuffs/ HTTP/1.1" 200 53597 "-" "Mozilla/5.0 (Windows NT 10.0; Win64; x64) AppleWebKit/537.36 (KHTML, like Gecko) Chrome/77.0.3865.90 Safari/537.36" "wpfront-notification-bar-landingpage=1"
14.231.27.76 - - [07/Dec/2019:13:47:01 +0100] "GET /categoria-producto/accesorios/bragasybuffs/feed/ HTTP/1.1" 200 5358 "-" "Mozilla/5.0 (Windows NT 10.0; Win64; x64) AppleWebKit/537.36 (KHTML, like Gecko) Chrome/77.0.3865.90 Safari/537.36" "wpfront-notification-bar-landingpage=1"
217.76.130.90 - - [07/Dec/2019:13:47:03 +0100] "POST /wp-cron.php?doing_wp_cron=1575722823.6166269779205322265625 HTTP/1.1" 200 3389 "https://amazingsportwear.com/wp-cron.php?doing_wp_cron=1575722823.6166269779205322265625" "WordPress/5.2.4; https://amazingsportwear.com" "-"
14.231.27.76 - - [07/Dec/2019:13:47:03 +0100] "GET /categoria-producto/accesorios/gorrasygorros/ HTTP/1.1" 200 72420 "-" "Mozilla/5.0 (Windows NT 10.0; Win64; x64) AppleWebKit/537.36 (KHTML, like Gecko) Chrome/77.0.3865.90 Safari/537.36" "wpfront-notification-bar-landingpage=1"
14.231.27.76 - - [07/Dec/2019:13:47:05 +0100] "GET /categoria-producto/accesorios/gorrasygorros/page/2/ HTTP/1.1" 200 67826 "-" "Mozilla/5.0 (Windows NT 10.0; Win64; x64) AppleWebKit/537.36 (KHTML, like Gecko) Chrome/77.0.3865.90 Safari/537.36" "wpfront-notification-bar-landingpage=1"
14.231.27.76 - - [07/Dec/2019:13:47:07 +0100] "GET /categoria-producto/accesorios/gorrasygorros/feed/ HTTP/1.1" 200 14726 "-" "Mozilla/5.0 (Windows NT 10.0; Win64; x64) AppleWebKit/537.36 (KHTML, like Gecko) Chrome/77.0.3865.90 Safari/537.36" "wpfront-notification-bar-landingpage=1"
14.231.27.76 - - [07/Dec/2019:13:47:09 +0100] "GET /categoria-producto/accesorios/llaveros/ HTTP/1.1" 200 65838 "-" "Mozilla/5.0 (Windows NT 10.0; Win64; x64) AppleWebKit/537.36 (KHTML, like Gecko) Chrome/77.0.3865.90 Safari/537.36" "wpfront-notification-bar-landingpage=1"
14.231.27.76 - - [07/Dec/2019:13:47:11 +0100] "GET /categoria-producto/accesorios/llaveros/feed/ HTTP/1.1" 200 13665 "-" "Mozilla/5.0 (Windows NT 10.0; Win64; x64) AppleWebKit/537.36 (KHTML, like Gecko) Chrome/77.0.3865.90 Safari/537.36" "wpfront-notification-bar-landingpage=1"
14.231.27.76 - - [07/Dec/2019:13:47:13 +0100] "GET /categoria-producto/accesorios/linternas/ HTTP/1.1" 200 60111 "-" "Mozilla/5.0 (Windows NT 10.0; Win64; x64) AppleWebKit/537.36 (KHTML, like Gecko) Chrome/77.0.3865.90 Safari/537.36" "wpfront-notification-bar-landingpage=1"
14.231.27.76 - - [07/Dec/2019:13:47:15 +0100] "GET /categoria-producto/accesorios/linternas/feed/ HTTP/1.1" 200 10062 "-" "Mozilla/5.0 (Windows NT 10.0; Win64; x64) AppleWebKit/537.36 (KHTML, like Gecko) Chrome/77.0.3865.90 Safari/537.36" "wpfront-notification-bar-landingpage=1"
14.231.27.76 - - [07/Dec/2019:13:47:17 +0100] "GET /categoria-producto/accesorios/pulseras/ HTTP/1.1" 200 56419 "-" "Mozilla/5.0 (Windows NT 10.0; Win64; x64) AppleWebKit/537.36 (KHTML, like Gecko) Chrome/77.0.3865.90 Safari/537.36" "wpfront-notification-bar-landingpage=1"
14.231.27.76 - - [07/Dec/2019:13:47:19 +0100] "GET /categoria-producto/accesorios/pulseras/feed/ HTTP/1.1" 200 7154 "-" "Mozilla/5.0 (Windows NT 10.0; Win64; x64) AppleWebKit/537.36 (KHTML, like Gecko) Chrome/77.0.3865.90 Safari/537.36" "wpfront-notification-bar-landingpage=1"
14.231.27.76 - - [07/Dec/2019:13:47:20 +0100] "GET /categoria-producto/accesorios/toallas/ HTTP/1.1" 200 56433 "-" "Mozilla/5.0 (Windows NT 10.0; Win64; x64) AppleWebKit/537.36 (KHTML, like Gecko) Chrome/77.0.3865.90 Safari/537.36" "wpfront-notification-bar-landingpage=1"
14.231.27.76 - - [07/Dec/2019:13:47:22 +0100] "GET /categoria-producto/accesorios/toallas/feed/ HTTP/1.1" 200 7260 "-" "Mozilla/5.0 (Windows NT 10.0; Win64; x64) AppleWebKit/537.36 (KHTML, like Gecko) Chrome/77.0.3865.90 Safari/537.36" "wpfront-notification-bar-landingpage=1"
14.231.27.76 - - [07/Dec/2019:13:47:24 +0100] "GET /contacta-con-nosotros/ HTTP/1.1" 200 58979 "-" "Mozilla/5.0 (Windows NT 10.0; Win64; x64) AppleWebKit/537.36 (KHTML, like Gecko) Chrome/77.0.3865.90 Safari/537.36" "wpfront-notification-bar-landingpage=1"
14.231.27.76 - - [07/Dec/2019:13:47:26 +0100] "POST /contacta-con-nosotros/ HTTP/1.1" 200 59279 "-" "Mozilla/5.0 (Windows NT 10.0; Win64; x64) AppleWebKit/537.36 (KHTML, like Gecko) Chrome/77.0.3865.90 Safari/537.36" "wpfront-notification-bar-landingpage=1"
14.231.27.76 - - [07/Dec/2019:13:47:29 +0100] "POST /contacta-con-nosotros/ HTTP/1.1" 200 59294 "-" "Mozilla/5.0 (Windows NT 10.0; Win64; x64) AppleWebKit/537.36 (KHTML, like Gecko) Chrome/77.0.3865.90 Safari/537.36" "wpfront-notification-bar-landingpage=1"
14.231.27.76 - - [07/Dec/2019:13:47:33 +0100] "GET /wp-json/oembed/1.0/embed?url=https://amazingsportwear.com/contacta-con-nosotros/ HTTP/1.1" 200 2873 "-" "Mozilla/5.0 (Windows NT 10.0; Win64; x64) AppleWebKit/537.36 (KHTML, like Gecko) Chrome/77.0.3865.90 Safari/537.36" "wpfront-notification-bar-landingpage=1"
14.231.27.76 - - [07/Dec/2019:13:47:35 +0100] "GET /wp-json/oembed/1.0/embed?url=https://amazingsportwear.com/contacta-con-nosotros/& HTTP/1.1" 200 2873 "-" "Mozilla/5.0 (Windows NT 10.0; Win64; x64) AppleWebKit/537.36 (KHTML, like Gecko) Chrome/77.0.3865.90 Safari/537.36" "wpfront-notification-bar-landingpage=1"
106.57.150.66 - - [07/Dec/2019:13:53:39 +0100] "GET /wp-content/uploads/2019/04/linterna-explorer.png HTTP/1.1" 200 106250 "-" "Mozilla/5.0(Linux;Android 5.1.1;OPPO A33 Build/LMY47V;wv) AppleWebKit/537.36(KHTML,link Gecko) Version/4.0 Chrome/42.0.2311.138 Mobile Safari/537.36 Mb2345Browser/9.0" "-"
217.76.130.90 - - [07/Dec/2019:13:54:54 +0100] "POST /wp-cron.php?doing_wp_cron=1575723294.5904879570007324218750 HTTP/1.1" 200 3389 "https://amazingsportwear.com/wp-cron.php?doing_wp_cron=1575723294.5904879570007324218750" "WordPress/5.2.4; https://amazingsportwear.com" "-"
157.55.39.56 - - [07/Dec/2019:13:54:53 +0100] "GET /categoria-producto/deportes/atletismo/ HTTP/1.1" 200 61588 "-" "Mozilla/5.0 (compatible; bingbot/2.0; +http://www.bing.com/bingbot.htm)" "-"
207.46.13.55 - - [07/Dec/2019:13:56:42 +0100] "GET /wp-content/themes/shopper/assets/js/crm.js?ver=1561548510 HTTP/1.1" 200 4237 "-" "msnbot/2.0b (+http://search.msn.com/msnbot.htm)" "-"
157.55.39.83 - - [07/Dec/2019:14:01:24 +0100] "GET /wp-content/uploads/2019/04/Llavero-triumph-3.png HTTP/1.1" 200 63085 "-" "Mozilla/5.0 (compatible; bingbot/2.0; +http://www.bing.com/bingbot.htm)" "-"
157.55.39.56 - - [07/Dec/2019:14:03:13 +0100] "GET /wp-content/plugins/cookie-law-info/public/css/cookie-law-info-public.css?ver=1.7.6 HTTP/1.1" 200 6598 "-" "msnbot/2.0b (+http://search.msn.com/msnbot.htm)" "-"
217.76.130.90 - - [07/Dec/2019:14:06:53 +0100] "POST /wp-cron.php?doing_wp_cron=1575724013.4188048839569091796875 HTTP/1.1" 200 3389 "https://amazingsportwear.com/wp-cron.php?doing_wp_cron=1575724013.4188048839569091796875" "WordPress/5.2.4; https://amazingsportwear.com" "-"
40.77.167.74 - - [07/Dec/2019:14:06:52 +0100] "GET /producto/camiseta-tecnica-suzuka-sa-6657/ HTTP/1.1" 200 99951 "-" "Mozilla/5.0 (compatible; bingbot/2.0; +http://www.bing.com/bingbot.htm)" "-"
217.76.130.90 - - [07/Dec/2019:14:12:22 +0100] "POST /wp-cron.php?doing_wp_cron=1575724342.8900980949401855468750 HTTP/1.1" 200 3389 "https://amazingsportwear.com/wp-cron.php?doing_wp_cron=1575724342.8900980949401855468750" "WordPress/5.2.4; https://amazingsportwear.com" "-"
157.55.39.56 - - [07/Dec/2019:14:12:22 +0100] "GET /etiqueta-producto/combinado/ HTTP/1.1" 200 54113 "-" "Mozilla/5.0 (compatible; bingbot/2.0; +http://www.bing.com/bingbot.htm)" "-"
66.249.64.146 - - [07/Dec/2019:14:12:56 +0100] "GET /wp-content/uploads/2019/04/gorra-tecnica-amarilla-300x300.png HTTP/1.1" 304 3565 "-" "Googlebot-Image/1.0" "-"
217.76.130.90 - - [07/Dec/2019:14:13:30 +0100] "POST /wp-cron.php?doing_wp_cron=1575724410.4887878894805908203125 HTTP/1.1" 200 3389 "https://amazingsportwear.com/wp-cron.php?doing_wp_cron=1575724410.4887878894805908203125" "WordPress/5.2.4; https://amazingsportwear.com" "-"
66.249.64.148 - - [07/Dec/2019:14:13:29 +0100] "GET /producto/pantalon-corto-tenis-padel/ HTTP/1.1" 200 90918 "-" "Mozilla/5.0 (Linux; Android 6.0.1; Nexus 5X Build/MMB29P) AppleWebKit/537.36 (KHTML, like Gecko) Chrome/41.0.2272.96 Mobile Safari/537.36 (compatible; Googlebot/2.1; +http://www.google.com/bot.html)" "-"
157.55.39.56 - - [07/Dec/2019:14:28:02 +0100] "GET /wp-content/uploads/2019/04/baston-luz-con-zappe-3.png HTTP/1.1" 200 16274 "-" "Mozilla/5.0 (compatible; bingbot/2.0; +http://www.bing.com/bingbot.htm)" "-"
217.76.130.90 - - [07/Dec/2019:14:35:15 +0100] "POST /wp-cron.php?doing_wp_cron=1575725715.1936070919036865234375 HTTP/1.1" 200 3389 "https://amazingsportwear.com/wp-cron.php?doing_wp_cron=1575725715.1936070919036865234375" "WordPress/5.2.4; https://amazingsportwear.com" "-"
66.249.64.146 - - [07/Dec/2019:14:35:13 +0100] "GET /producto/gorra-five/ HTTP/1.1" 200 97928 "-" "Mozilla/5.0 (Linux; Android 6.0.1; Nexus 5X Build/MMB29P) AppleWebKit/537.36 (KHTML, like Gecko) Chrome/41.0.2272.96 Mobile Safari/537.36 (compatible; Googlebot/2.1; +http://www.google.com/bot.html)" "-"
217.76.130.90 - - [07/Dec/2019:14:41:27 +0100] "POST /wp-cron.php?doing_wp_cron=1575726087.6729500293731689453125 HTTP/1.1" 200 3389 "https://amazingsportwear.com/wp-cron.php?doing_wp_cron=1575726087.6729500293731689453125" "WordPress/5.2.4; https://amazingsportwear.com" "-"
66.249.64.148 - - [07/Dec/2019:14:41:27 +0100] "GET /producto/gorra-sport/ HTTP/1.1" 200 102743 "-" "Mozilla/5.0 (Linux; Android 6.0.1; Nexus 5X Build/MMB29P) AppleWebKit/537.36 (KHTML, like Gecko) Chrome/41.0.2272.96 Mobile Safari/537.36 (compatible; Googlebot/2.1; +http://www.google.com/bot.html)" "-"
217.76.130.90 - - [07/Dec/2019:14:47:04 +0100] "POST /wp-cron.php?doing_wp_cron=1575726424.0271310806274414062500 HTTP/1.1" 200 164 "http://amazingsportwear.com/wp-cron.php?doing_wp_cron=1575726424.0271310806274414062500" "WordPress/5.2.4; https://amazingsportwear.com" "-"
176.85.125.245 - - [07/Dec/2019:14:47:03 +0100] "GET /?fbclid=IwAR2jjy1xeqgdO5P4E-EpDlYQ-LdmaT9qqzdPHlEkEeXq-do1X4DeloI6kDA HTTP/1.1" 301 405 "https://www.facebook.com/" "Mozilla/5.0 (Windows NT 6.1; WOW64) AppleWebKit/537.36 (KHTML, like Gecko) Chrome/78.0.3904.108 Safari/537.36" "-"
176.85.125.245 - - [07/Dec/2019:14:47:05 +0100] "GET /?fbclid=IwAR2jjy1xeqgdO5P4E-EpDlYQ-LdmaT9qqzdPHlEkEeXq-do1X4DeloI6kDA HTTP/1.1" 200 125872 "https://www.facebook.com/" "Mozilla/5.0 (Windows NT 6.1; WOW64) AppleWebKit/537.36 (KHTML, like Gecko) Chrome/78.0.3904.108 Safari/537.36" "-"
176.85.125.245 - - [07/Dec/2019:14:47:09 +0100] "GET /wp-includes/css/dist/block-library/style.min.css?ver=5.2.4 HTTP/1.1" 200 29660 "https://amazingsportwear.com/?fbclid=IwAR2jjy1xeqgdO5P4E-EpDlYQ-LdmaT9qqzdPHlEkEeXq-do1X4DeloI6kDA" "Mozilla/5.0 (Windows NT 6.1; WOW64) AppleWebKit/537.36 (KHTML, like Gecko) Chrome/78.0.3904.108 Safari/537.36" "wpfront-notification-bar-landingpage=1"
176.85.125.245 - - [07/Dec/2019:14:47:23 +0100] "GET /wp-content/plugins/woocommerce/assets/css/blocks/style.css?ver=3.6.4 HTTP/1.1" 200 10060 "https://amazingsportwear.com/?fbclid=IwAR2jjy1xeqgdO5P4E-EpDlYQ-LdmaT9qqzdPHlEkEeXq-do1X4DeloI6kDA" "Mozilla/5.0 (Windows NT 6.1; WOW64) AppleWebKit/537.36 (KHTML, like Gecko) Chrome/78.0.3904.108 Safari/537.36" "wpfront-notification-bar-landingpage=1"
176.85.125.245 - - [07/Dec/2019:14:47:23 +0100] "GET /wp-content/plugins/cookie-law-info/public/css/cookie-law-info-public.css?ver=1.7.6 HTTP/1.1" 200 3235 "https://amazingsportwear.com/?fbclid=IwAR2jjy1xeqgdO5P4E-EpDlYQ-LdmaT9qqzdPHlEkEeXq-do1X4DeloI6kDA" "Mozilla/5.0 (Windows NT 6.1; WOW64) AppleWebKit/537.36 (KHTML, like Gecko) Chrome/78.0.3904.108 Safari/537.36" "wpfront-notification-bar-landingpage=1"
176.85.125.245 - - [07/Dec/2019:14:47:23 +0100] "GET /wp-content/plugins/cookie-law-info/public/css/cookie-law-info-gdpr.css?ver=1.7.6 HTTP/1.1" 200 12583 "https://amazingsportwear.com/?fbclid=IwAR2jjy1xeqgdO5P4E-EpDlYQ-LdmaT9qqzdPHlEkEeXq-do1X4DeloI6kDA" "Mozilla/5.0 (Windows NT 6.1; WOW64) AppleWebKit/537.36 (KHTML, like Gecko) Chrome/78.0.3904.108 Safari/537.36" "wpfront-notification-bar-landingpage=1"
176.85.125.245 - - [07/Dec/2019:14:47:23 +0100] "GET /wp-content/plugins/wpfront-notification-bar/css/wpfront-notification-bar.css?ver=1.7.1 HTTP/1.1" 200 3663 "https://amazingsportwear.com/?fbclid=IwAR2jjy1xeqgdO5P4E-EpDlYQ-LdmaT9qqzdPHlEkEeXq-do1X4DeloI6kDA" "Mozilla/5.0 (Windows NT 6.1; WOW64) AppleWebKit/537.36 (KHTML, like Gecko) Chrome/78.0.3904.108 Safari/537.36" "wpfront-notification-bar-landingpage=1"
176.85.125.245 - - [07/Dec/2019:14:47:23 +0100] "GET /wp-content/themes/shopper/style.css?ver=1.3.8 HTTP/1.1" 200 125315 "https://amazingsportwear.com/?fbclid=IwAR2jjy1xeqgdO5P4E-EpDlYQ-LdmaT9qqzdPHlEkEeXq-do1X4DeloI6kDA" "Mozilla/5.0 (Windows NT 6.1; WOW64) AppleWebKit/537.36 (KHTML, like Gecko) Chrome/78.0.3904.108 Safari/537.36" "wpfront-notification-bar-landingpage=1"
176.85.125.245 - - [07/Dec/2019:14:47:24 +0100] "GET /wp-content/plugins/simple-social-icons/css/style.css?ver=3.0.1 HTTP/1.1" 200 1562 "https://amazingsportwear.com/?fbclid=IwAR2jjy1xeqgdO5P4E-EpDlYQ-LdmaT9qqzdPHlEkEeXq-do1X4DeloI6kDA" "Mozilla/5.0 (Windows NT 6.1; WOW64) AppleWebKit/537.36 (KHTML, like Gecko) Chrome/78.0.3904.108 Safari/537.36" "wpfront-notification-bar-landingpage=1"
176.85.125.245 - - [07/Dec/2019:14:47:24 +0100] "GET /wp-content/plugins/elementor/assets/lib/eicons/css/elementor-icons.min.css?ver=4.3.0 HTTP/1.1" 200 11850 "https://amazingsportwear.com/?fbclid=IwAR2jjy1xeqgdO5P4E-EpDlYQ-LdmaT9qqzdPHlEkEeXq-do1X4DeloI6kDA" "Mozilla/5.0 (Windows NT 6.1; WOW64) AppleWebKit/537.36 (KHTML, like Gecko) Chrome/78.0.3904.108 Safari/537.36" "wpfront-notification-bar-landingpage=1"
176.85.125.245 - - [07/Dec/2019:14:47:24 +0100] "GET /wp-content/plugins/elementor/assets/lib/font-awesome/css/font-awesome.min.css?ver=4.7.0 HTTP/1.1" 200 31365 "https://amazingsportwear.com/?fbclid=IwAR2jjy1xeqgdO5P4E-EpDlYQ-LdmaT9qqzdPHlEkEeXq-do1X4DeloI6kDA" "Mozilla/5.0 (Windows NT 6.1; WOW64) AppleWebKit/537.36 (KHTML, like Gecko) Chrome/78.0.3904.108 Safari/537.36" "wpfront-notification-bar-landingpage=1"
176.85.125.245 - - [07/Dec/2019:14:47:24 +0100] "GET /wp-content/plugins/elementor/assets/lib/animations/animations.min.css?ver=2.5.16 HTTP/1.1" 200 18833 "https://amazingsportwear.com/?fbclid=IwAR2jjy1xeqgdO5P4E-EpDlYQ-LdmaT9qqzdPHlEkEeXq-do1X4DeloI6kDA" "Mozilla/5.0 (Windows NT 6.1; WOW64) AppleWebKit/537.36 (KHTML, like Gecko) Chrome/78.0.3904.108 Safari/537.36" "wpfront-notification-bar-landingpage=1"
176.85.125.245 - - [07/Dec/2019:14:47:25 +0100] "GET /wp-content/uploads/elementor/css/global.css?ver=1559638744 HTTP/1.1" 200 5136 "https://amazingsportwear.com/?fbclid=IwAR2jjy1xeqgdO5P4E-EpDlYQ-LdmaT9qqzdPHlEkEeXq-do1X4DeloI6kDA" "Mozilla/5.0 (Windows NT 6.1; WOW64) AppleWebKit/537.36 (KHTML, like Gecko) Chrome/78.0.3904.108 Safari/537.36" "wpfront-notification-bar-landingpage=1"
176.85.125.245 - - [07/Dec/2019:14:47:25 +0100] "GET /wp-content/plugins/elementor/assets/css/frontend.min.css?ver=2.5.16 HTTP/1.1" 200 95366 "https://amazingsportwear.com/?fbclid=IwAR2jjy1xeqgdO5P4E-EpDlYQ-LdmaT9qqzdPHlEkEeXq-do1X4DeloI6kDA" "Mozilla/5.0 (Windows NT 6.1; WOW64) AppleWebKit/537.36 (KHTML, like Gecko) Chrome/78.0.3904.108 Safari/537.36" "wpfront-notification-bar-landingpage=1"
176.85.125.245 - - [07/Dec/2019:14:47:26 +0100] "GET /wp-content/uploads/elementor/css/post-16241.css?ver=1562311573 HTTP/1.1" 200 4934 "https://amazingsportwear.com/?fbclid=IwAR2jjy1xeqgdO5P4E-EpDlYQ-LdmaT9qqzdPHlEkEeXq-do1X4DeloI6kDA" "Mozilla/5.0 (Windows NT 6.1; WOW64) AppleWebKit/537.36 (KHTML, like Gecko) Chrome/78.0.3904.108 Safari/537.36" "wpfront-notification-bar-landingpage=1"
176.85.125.245 - - [07/Dec/2019:14:47:27 +0100] "GET /wp-content/themes/shopper/assets/sass/woocommerce/woocommerce.css?ver=5.2.4 HTTP/1.1" 200 83534 "https://amazingsportwear.com/?fbclid=IwAR2jjy1xeqgdO5P4E-EpDlYQ-LdmaT9qqzdPHlEkEeXq-do1X4DeloI6kDA" "Mozilla/5.0 (Windows NT 6.1; WOW64) AppleWebKit/537.36 (KHTML, like Gecko) Chrome/78.0.3904.108 Safari/537.36" "wpfront-notification-bar-landingpage=1"
176.85.125.245 - - [07/Dec/2019:14:47:27 +0100] "GET /wp-content/plugins/smart-slider-3/library/media/smartslider.min.css?1559118093 HTTP/1.1" 200 19959 "https://amazingsportwear.com/?fbclid=IwAR2jjy1xeqgdO5P4E-EpDlYQ-LdmaT9qqzdPHlEkEeXq-do1X4DeloI6kDA" "Mozilla/5.0 (Windows NT 6.1; WOW64) AppleWebKit/537.36 (KHTML, like Gecko) Chrome/78.0.3904.108 Safari/537.36" "wpfront-notification-bar-landingpage=1"
