201.165.221.226 - - [19/Nov/2019:22:03:56 +0100] "GET /wp-content/uploads/2019/07/carpa-1024x771.jpg HTTP/1.1" 200 89325 "https://amazingsportwear.com/" "Mozilla/5.0 (Windows NT 6.3; Win64; x64) AppleWebKit/537.36 (KHTML, like Gecko) Chrome/78.0.3904.97 Safari/537.36" "_ga=GA1.2.780959288.1574197347; _gid=GA1.2.1490140824.1574197347; wpfront-notification-bar-landingpage=1"
201.165.221.226 - - [19/Nov/2019:22:03:56 +0100] "GET /wp-content/uploads/2019/04/toalla-absorvente-gymnasio-7-300x300.png HTTP/1.1" 200 78664 "https://amazingsportwear.com/" "Mozilla/5.0 (Windows NT 6.3; Win64; x64) AppleWebKit/537.36 (KHTML, like Gecko) Chrome/78.0.3904.97 Safari/537.36" "_ga=GA1.2.780959288.1574197347; _gid=GA1.2.1490140824.1574197347; wpfront-notification-bar-landingpage=1"
201.165.221.226 - - [19/Nov/2019:22:03:57 +0100] "GET /wp-content/uploads/2019/04/Gorra-sport-12-300x300.png HTTP/1.1" 200 49394 "https://amazingsportwear.com/" "Mozilla/5.0 (Windows NT 6.3; Win64; x64) AppleWebKit/537.36 (KHTML, like Gecko) Chrome/78.0.3904.97 Safari/537.36" "_ga=GA1.2.780959288.1574197347; _gid=GA1.2.1490140824.1574197347; wpfront-notification-bar-landingpage=1"
201.165.221.226 - - [19/Nov/2019:22:03:57 +0100] "GET /wp-content/uploads/2019/04/bidon-match-4-300x300.png HTTP/1.1" 200 71820 "https://amazingsportwear.com/" "Mozilla/5.0 (Windows NT 6.3; Win64; x64) AppleWebKit/537.36 (KHTML, like Gecko) Chrome/78.0.3904.97 Safari/537.36" "_ga=GA1.2.780959288.1574197347; _gid=GA1.2.1490140824.1574197347; wpfront-notification-bar-landingpage=1"
201.165.221.226 - - [19/Nov/2019:22:03:57 +0100] "GET /wp-content/uploads/2019/04/bolsa-deporte-young-1-300x300.png HTTP/1.1" 200 77335 "https://amazingsportwear.com/" "Mozilla/5.0 (Windows NT 6.3; Win64; x64) AppleWebKit/537.36 (KHTML, like Gecko) Chrome/78.0.3904.97 Safari/537.36" "_ga=GA1.2.780959288.1574197347; _gid=GA1.2.1490140824.1574197347; wpfront-notification-bar-landingpage=1"
201.165.221.226 - - [19/Nov/2019:22:03:57 +0100] "GET /wp-content/uploads/2019/04/mochila-decath-5-300x300.png HTTP/1.1" 200 64031 "https://amazingsportwear.com/" "Mozilla/5.0 (Windows NT 6.3; Win64; x64) AppleWebKit/537.36 (KHTML, like Gecko) Chrome/78.0.3904.97 Safari/537.36" "_ga=GA1.2.780959288.1574197347; _gid=GA1.2.1490140824.1574197347; wpfront-notification-bar-landingpage=1"
201.165.221.226 - - [19/Nov/2019:22:03:57 +0100] "GET /wp-content/uploads/2019/04/Llavero-triumph-1-300x300.png HTTP/1.1" 200 12855 "https://amazingsportwear.com/" "Mozilla/5.0 (Windows NT 6.3; Win64; x64) AppleWebKit/537.36 (KHTML, like Gecko) Chrome/78.0.3904.97 Safari/537.36" "_ga=GA1.2.780959288.1574197347; _gid=GA1.2.1490140824.1574197347; wpfront-notification-bar-landingpage=1"
201.165.221.226 - - [19/Nov/2019:22:03:58 +0100] "GET /wp-content/uploads/2019/04/SA-6684-1-300x300.png HTTP/1.1" 200 94808 "https://amazingsportwear.com/" "Mozilla/5.0 (Windows NT 6.3; Win64; x64) AppleWebKit/537.36 (KHTML, like Gecko) Chrome/78.0.3904.97 Safari/537.36" "_ga=GA1.2.780959288.1574197347; _gid=GA1.2.1490140824.1574197347; wpfront-notification-bar-landingpage=1"
201.165.221.226 - - [19/Nov/2019:22:03:58 +0100] "GET /wp-content/uploads/2018/06/sa-6502-naranja-300x300.jpg HTTP/1.1" 200 42656 "https://amazingsportwear.com/" "Mozilla/5.0 (Windows NT 6.3; Win64; x64) AppleWebKit/537.36 (KHTML, like Gecko) Chrome/78.0.3904.97 Safari/537.36" "_ga=GA1.2.780959288.1574197347; _gid=GA1.2.1490140824.1574197347; wpfront-notification-bar-landingpage=1"
201.165.221.226 - - [19/Nov/2019:22:03:58 +0100] "GET /wp-content/uploads/2018/05/cif-g221-2-300x300.jpg HTTP/1.1" 200 8294 "https://amazingsportwear.com/" "Mozilla/5.0 (Windows NT 6.3; Win64; x64) AppleWebKit/537.36 (KHTML, like Gecko) Chrome/78.0.3904.97 Safari/537.36" "_ga=GA1.2.780959288.1574197347; _gid=GA1.2.1490140824.1574197347; wpfront-notification-bar-landingpage=1"
201.165.221.226 - - [19/Nov/2019:22:03:58 +0100] "GET /wp-content/uploads/2018/05/cp-lycra-2.jpg HTTP/1.1" 200 13775 "https://amazingsportwear.com/" "Mozilla/5.0 (Windows NT 6.3; Win64; x64) AppleWebKit/537.36 (KHTML, like Gecko) Chrome/78.0.3904.97 Safari/537.36" "_ga=GA1.2.780959288.1574197347; _gid=GA1.2.1490140824.1574197347; wpfront-notification-bar-landingpage=1"
201.165.221.226 - - [19/Nov/2019:22:03:58 +0100] "GET /wp-content/uploads/2018/05/cat-3164-amarillo-300x300.png HTTP/1.1" 200 72410 "https://amazingsportwear.com/" "Mozilla/5.0 (Windows NT 6.3; Win64; x64) AppleWebKit/537.36 (KHTML, like Gecko) Chrome/78.0.3904.97 Safari/537.36" "_ga=GA1.2.780959288.1574197347; _gid=GA1.2.1490140824.1574197347; wpfront-notification-bar-landingpage=1"
201.165.221.226 - - [19/Nov/2019:22:03:58 +0100] "GET /wp-content/uploads/2017/03/sa-0415_60-300x300.jpg HTTP/1.1" 200 15272 "https://amazingsportwear.com/" "Mozilla/5.0 (Windows NT 6.3; Win64; x64) AppleWebKit/537.36 (KHTML, like Gecko) Chrome/78.0.3904.97 Safari/537.36" "_ga=GA1.2.780959288.1574197347; _gid=GA1.2.1490140824.1574197347; wpfront-notification-bar-landingpage=1"
201.165.221.226 - - [19/Nov/2019:22:03:58 +0100] "GET /wp-content/uploads/2019/06/amistad3-300x300.jpg HTTP/1.1" 200 12744 "https://amazingsportwear.com/" "Mozilla/5.0 (Windows NT 6.3; Win64; x64) AppleWebKit/537.36 (KHTML, like Gecko) Chrome/78.0.3904.97 Safari/537.36" "_ga=GA1.2.780959288.1574197347; _gid=GA1.2.1490140824.1574197347; wpfront-notification-bar-landingpage=1"
201.165.221.226 - - [19/Nov/2019:22:03:59 +0100] "GET /wp-content/uploads/2019/06/compartir-300x300.jpg HTTP/1.1" 200 10140 "https://amazingsportwear.com/" "Mozilla/5.0 (Windows NT 6.3; Win64; x64) AppleWebKit/537.36 (KHTML, like Gecko) Chrome/78.0.3904.97 Safari/537.36" "_ga=GA1.2.780959288.1574197347; _gid=GA1.2.1490140824.1574197347; wpfront-notification-bar-landingpage=1"
217.76.130.90 - - [19/Nov/2019:22:12:34 +0100] "POST /wp-cron.php?doing_wp_cron=1574197954.4702920913696289062500 HTTP/1.1" 200 164 "http://amazingsportwear.com/wp-cron.php?doing_wp_cron=1574197954.4702920913696289062500" "WordPress/5.2.4; https://amazingsportwear.com" "-"
23.226.211.23 - - [19/Nov/2019:22:12:32 +0100] "GET / HTTP/1.1" 301 336 "-" "Mozilla/5.0 (Windows NT 10.0; Win64; x64; rv:64.0) Gecko/20100101 Firefox/64.0" "-"
104.222.43.104 - - [19/Nov/2019:22:12:35 +0100] "GET / HTTP/1.1" 200 125575 "-" "Mozilla/5.0 (Windows NT 10.0; Win64; x64; rv:64.0) Gecko/20100101 Firefox/64.0" "wpfront-notification-bar-landingpage=1; APSERVER_ID=271cfea39e7c45d237b716b806a43b1a1cc5e7f7334068ed1084b501394dcf34"
23.239.180.201 - - [19/Nov/2019:22:12:39 +0100] "GET /wp-content/uploads/2019/05/cropped-favicon-nuevo-logo-amazinf-128px-32x32.png HTTP/1.1" 200 4392 "-" "Mozilla/5.0 (Windows NT 10.0; Win64; x64; rv:64.0) Gecko/20100101 Firefox/64.0" "-"
88.17.222.30 - - [19/Nov/2019:22:12:43 +0100] "GET /wp-content/uploads/2019/03/SA-6401-2.png HTTP/1.1" 200 62985 "https://www.google.com/" "Mozilla/5.0 (Windows NT 10.0; Win64; x64) AppleWebKit/537.36 (KHTML, like Gecko) Chrome/78.0.3904.97 Safari/537.36" "-"
217.76.130.90 - - [19/Nov/2019:22:17:30 +0100] "POST /wp-cron.php?doing_wp_cron=1574198250.2178270816802978515625 HTTP/1.1" 200 3389 "https://amazingsportwear.com/wp-cron.php?doing_wp_cron=1574198250.2178270816802978515625" "WordPress/5.2.4; https://amazingsportwear.com" "-"
17.58.96.188 - - [19/Nov/2019:22:17:29 +0100] "GET /categoria-producto/hombre/chubasqueros/ HTTP/1.1" 200 56862 "-" "Mozilla/5.0 (Macintosh; Intel Mac OS X 10_10_1) AppleWebKit/600.2.5 (KHTML, like Gecko) Version/8.0.2 Safari/600.2.5 (Applebot/0.1; +http://www.apple.com/go/applebot)" "-"
88.29.223.7 - - [19/Nov/2019:22:18:30 +0100] "GET /wp-content/uploads/2019/04/Gorra-sport-12.png HTTP/1.1" 200 95478 "https://www.google.com/" "Mozilla/5.0 (Macintosh; Intel Mac OS X 10_15_1) AppleWebKit/605.1.15 (KHTML, like Gecko) Version/13.0.3 Safari/605.1.15" "-"
173.252.127.3 - - [19/Nov/2019:22:26:06 +0100] "GET /wp-content/uploads/2019/07/slider1.jpg HTTP/1.1" 200 247684 "-" "facebookexternalhit/1.1 (+http://www.facebook.com/externalhit_uatext.php)" "-"
217.76.130.90 - - [19/Nov/2019:22:26:20 +0100] "POST /wp-cron.php?doing_wp_cron=1574198780.9014599323272705078125 HTTP/1.1" 200 3389 "https://amazingsportwear.com/wp-cron.php?doing_wp_cron=1574198780.9014599323272705078125" "WordPress/5.2.4; https://amazingsportwear.com" "-"
69.171.251.1 - - [19/Nov/2019:22:26:20 +0100] "GET / HTTP/1.1" 200 125525 "-" "facebookexternalhit/1.1 (+http://www.facebook.com/externalhit_uatext.php)" "-"
69.171.251.20 - - [19/Nov/2019:22:26:20 +0100] "GET / HTTP/1.1" 200 125530 "-" "facebookexternalhit/1.1 (+http://www.facebook.com/externalhit_uatext.php)" "-"
217.76.130.90 - - [19/Nov/2019:22:29:39 +0100] "POST /wp-cron.php?doing_wp_cron=1574198978.5284121036529541015625 HTTP/1.1" 200 3389 "https://amazingsportwear.com/wp-cron.php?doing_wp_cron=1574198978.5284121036529541015625" "WordPress/5.2.4; https://amazingsportwear.com" "-"
80.52.124.187 - - [19/Nov/2019:22:29:37 +0100] "GET /img/cms/bidon%20aluminio%20mento.png HTTP/1.1" 404 72298 "https://www.google.com/" "Mozilla/5.0 (Windows NT 10.0; Win64; x64) AppleWebKit/537.36 (KHTML, like Gecko) Chrome/78.0.3904.97 Safari/537.36" "-"
217.76.130.90 - - [19/Nov/2019:22:35:00 +0100] "POST /wp-cron.php?doing_wp_cron=1574199300.2069079875946044921875 HTTP/1.1" 200 3389 "https://amazingsportwear.com/wp-cron.php?doing_wp_cron=1574199300.2069079875946044921875" "WordPress/5.2.4; https://amazingsportwear.com" "-"
52.247.7.166 - - [19/Nov/2019:22:34:59 +0100] "GET /tienda/164-camiseta-tecnica-mujer-potenza-aq-potenza.html HTTP/1.1" 404 72359 "-" "Mozilla/5.0 (compatible; bingbot/2.0; +http://www.bing.com/bingbot.htm)" "-"
66.249.66.70 - - [19/Nov/2019:22:38:17 +0100] "GET /wp-content/uploads/2017/03/CAT-4726-HOMBRE-290x300.jpg HTTP/1.1" 304 3565 "-" "Googlebot-Image/1.0" "-"
217.76.130.90 - - [19/Nov/2019:22:40:36 +0100] "POST /wp-cron.php?doing_wp_cron=1574199636.6635859012603759765625 HTTP/1.1" 200 3389 "https://amazingsportwear.com/wp-cron.php?doing_wp_cron=1574199636.6635859012603759765625" "WordPress/5.2.4; https://amazingsportwear.com" "-"
69.171.251.51 - - [19/Nov/2019:22:40:36 +0100] "GET / HTTP/1.1" 200 125525 "-" "facebookexternalhit/1.1 (+http://www.facebook.com/externalhit_uatext.php)" "-"
69.171.251.19 - - [19/Nov/2019:22:40:38 +0100] "GET /contacta-con-nosotros HTTP/1.1" 301 319 "-" "facebookexternalhit/1.1 (+http://www.facebook.com/externalhit_uatext.php)" "-"
69.171.251.19 - - [19/Nov/2019:22:40:39 +0100] "GET /contacta-con-nosotros/ HTTP/1.1" 200 58169 "-" "facebookexternalhit/1.1 (+http://www.facebook.com/externalhit_uatext.php)" "-"
217.76.130.90 - - [19/Nov/2019:22:44:03 +0100] "POST /wp-cron.php?doing_wp_cron=1574199843.1417629718780517578125 HTTP/1.1" 200 164 "http://amazingsportwear.com/wp-cron.php?doing_wp_cron=1574199843.1417629718780517578125" "WordPress/5.2.4; https://amazingsportwear.com" "-"
106.120.173.81 - - [19/Nov/2019:22:44:02 +0100] "GET / HTTP/1.1" 301 298 "-" "Sogou web spider/4.0(+http://www.sogou.com/docs/help/webmasters.htm#07)" "-"
106.120.173.81 - - [19/Nov/2019:22:44:04 +0100] "GET /robots.txt HTTP/1.1" 200 394 "-" "Sogou web spider/4.0(+http://www.sogou.com/docs/help/webmasters.htm#07)" "-"
106.120.173.81 - - [19/Nov/2019:22:44:04 +0100] "GET / HTTP/1.1" 200 125743 "-" "Sogou web spider/4.0(+http://www.sogou.com/docs/help/webmasters.htm#07)" "wpfront-notification-bar-landingpage=1;"
217.76.130.90 - - [19/Nov/2019:22:45:46 +0100] "POST /wp-cron.php?doing_wp_cron=1574199946.4886488914489746093750 HTTP/1.1" 200 3389 "https://amazingsportwear.com/wp-cron.php?doing_wp_cron=1574199946.4886488914489746093750" "WordPress/5.2.4; https://amazingsportwear.com" "-"
66.249.66.66 - - [19/Nov/2019:22:45:45 +0100] "GET /producto/manta-termica/ HTTP/1.1" 200 90470 "-" "Mozilla/5.0 (Linux; Android 6.0.1; Nexus 5X Build/MMB29P) AppleWebKit/537.36 (KHTML, like Gecko) Chrome/41.0.2272.96 Mobile Safari/537.36 (compatible; Googlebot/2.1; +http://www.google.com/bot.html)" "-"
181.176.97.169 - - [19/Nov/2019:22:48:58 +0100] "GET /wp-content/uploads/2018/05/sa-0404_chico-300x300.jpg HTTP/1.1" 200 13510 "https://www.google.com/" "Mozilla/5.0 (Linux; Android 9; Redmi Note 7 Build/PKQ1.180904.001; wv) AppleWebKit/537.36 (KHTML, like Gecko) Version/4.0 Chrome/74.0.3729.136 Mobile Safari/537.36 GSA/9.94.5.21.arm64" "-"
190.238.154.160 - - [19/Nov/2019:23:06:41 +0100] "GET /wp-content/uploads/2019/04/Gorra-sport-12.png HTTP/1.1" 200 95673 "https://www.google.com/" "Mozilla/5.0 (Windows NT 10.0; Win64; x64) AppleWebKit/537.36 (KHTML, like Gecko) Chrome/78.0.3904.97 Safari/537.36" "-"
217.76.130.90 - - [19/Nov/2019:23:10:59 +0100] "POST /wp-cron.php?doing_wp_cron=1574201459.3528120517730712890625 HTTP/1.1" 200 164 "http://amazingsportwear.com/wp-cron.php?doing_wp_cron=1574201459.3528120517730712890625" "WordPress/5.2.4; https://amazingsportwear.com" "-"
77.104.132.228 - - [19/Nov/2019:23:10:56 +0100] "GET /wp-includes/seter.php HTTP/1.1" 404 67991 "http://site.ru" "Mozilla/5.0 (Windows; U; Windows NT 5.1; en-US) AppleWebKit/533.4 (KHTML, like Gecko) Chrome/5.0.375.99 Safari/533.4" "-"
217.76.130.90 - - [19/Nov/2019:23:11:59 +0100] "POST /wp-cron.php?doing_wp_cron=1574201519.8807239532470703125000 HTTP/1.1" 200 164 "http://amazingsportwear.com/wp-cron.php?doing_wp_cron=1574201519.8807239532470703125000" "WordPress/5.2.4; https://amazingsportwear.com" "-"
207.46.13.24 - - [19/Nov/2019:23:11:59 +0100] "GET /atletismo/21-camiseta-manga-corta-ranglan-atletismo.html HTTP/1.1" 404 68093 "-" "Mozilla/5.0 (iPhone; CPU iPhone OS 7_0 like Mac OS X) AppleWebKit/537.51.1 (KHTML, like Gecko) Version/7.0 Mobile/11A465 Safari/9537.53 (compatible; bingbot/2.0; +http://www.bing.com/bingbot.htm)" "-"
181.210.25.18 - - [19/Nov/2019:23:14:25 +0100] "GET /wp-content/uploads/2019/04/Gorra-sport-6.png HTTP/1.1" 200 44623 "https://www.google.com/" "Mozilla/5.0 (Windows NT 10.0; Win64; x64) AppleWebKit/537.36 (KHTML, like Gecko) Chrome/77.0.3865.120 Safari/537.36" "-"
217.76.130.90 - - [19/Nov/2019:23:21:52 +0100] "POST /wp-cron.php?doing_wp_cron=1574202111.9671759605407714843750 HTTP/1.1" 200 3389 "https://amazingsportwear.com/wp-cron.php?doing_wp_cron=1574202111.9671759605407714843750" "WordPress/5.2.4; https://amazingsportwear.com" "-"
49.234.7.207 - - [19/Nov/2019:23:21:51 +0100] "GET /cfgss.php HTTP/1.1" 301 3639 "-" "-" "-"
49.234.7.207 - - [19/Nov/2019:23:21:53 +0100] "GET /cfgss.php HTTP/1.1" 404 72034 "-" "-" "-"
217.76.130.90 - - [19/Nov/2019:23:25:31 +0100] "POST /wp-cron.php?doing_wp_cron=1574202331.4271929264068603515625 HTTP/1.1" 200 3389 "https://amazingsportwear.com/wp-cron.php?doing_wp_cron=1574202331.4271929264068603515625" "WordPress/5.2.4; https://amazingsportwear.com" "-"
66.249.66.68 - - [19/Nov/2019:23:25:30 +0100] "GET /producto/gorra-sport/ HTTP/1.1" 200 102440 "-" "Mozilla/5.0 (compatible; Googlebot/2.1; +http://www.google.com/bot.html)" "-"
189.148.187.22 - - [19/Nov/2019:23:29:27 +0100] "GET /wp-content/uploads/2019/04/Gorra-sport-10.png HTTP/1.1" 200 60426 "https://www.google.com/" "Mozilla/5.0 (Windows NT 6.3; Win64; x64) AppleWebKit/537.36 (KHTML, like Gecko) Chrome/78.0.3904.97 Safari/537.36" "-"
217.76.130.90 - - [19/Nov/2019:23:31:04 +0100] "POST /wp-cron.php?doing_wp_cron=1574202664.2894289493560791015625 HTTP/1.1" 200 3389 "https://amazingsportwear.com/wp-cron.php?doing_wp_cron=1574202664.2894289493560791015625" "WordPress/5.2.4; https://amazingsportwear.com" "-"
17.58.96.188 - - [19/Nov/2019:23:31:03 +0100] "GET /categoria-producto/mujer/ HTTP/1.1" 200 77271 "-" "Mozilla/5.0 (Macintosh; Intel Mac OS X 10_10_1) AppleWebKit/600.2.5 (KHTML, like Gecko) Version/8.0.2 Safari/600.2.5 (Applebot/0.1; +http://www.apple.com/go/applebot)" "-"
217.76.130.90 - - [19/Nov/2019:23:40:43 +0100] "POST /wp-cron.php?doing_wp_cron=1574203243.8140668869018554687500 HTTP/1.1" 200 164 "http://amazingsportwear.com/wp-cron.php?doing_wp_cron=1574203243.8140668869018554687500" "WordPress/5.2.4; https://amazingsportwear.com" "-"
66.102.8.156 - - [19/Nov/2019:23:40:43 +0100] "GET / HTTP/1.1" 301 336 "-" "Mozilla/5.0 (Windows NT 10.0; Win64; x64) AppleWebKit/537.36 (KHTML, like Gecko) Chrome/77.0.3865.90 Safari/537.36" "-"
66.102.8.146 - - [19/Nov/2019:23:40:44 +0100] "GET / HTTP/1.1" 200 125720 "-" "Mozilla/5.0 (Windows NT 10.0; Win64; x64) AppleWebKit/537.36 (KHTML, like Gecko) Chrome/77.0.3865.90 Safari/537.36" "wpfront-notification-bar-landingpage=1"
66.102.8.146 - - [19/Nov/2019:23:40:46 +0100] "GET /wp-includes/css/dist/block-library/style.min.css?ver=5.2.4 HTTP/1.1" 200 29660 "https://amazingsportwear.com/" "Mozilla/5.0 (Windows NT 10.0; Win64; x64) AppleWebKit/537.36 (KHTML, like Gecko) Chrome/77.0.3865.90 Safari/537.36" "wpfront-notification-bar-landingpage=1"
66.102.8.146 - - [19/Nov/2019:23:40:46 +0100] "GET /wp-includes/js/jquery/ui/position.min.js?ver=1.11.4 HTTP/1.1" 200 6869 "https://amazingsportwear.com/" "Mozilla/5.0 (Windows NT 10.0; Win64; x64) AppleWebKit/537.36 (KHTML, like Gecko) Chrome/77.0.3865.90 Safari/537.36" "wpfront-notification-bar-landingpage=1"
66.102.8.144 - - [19/Nov/2019:23:40:46 +0100] "GET /wp-content/plugins/cookie-law-info/public/css/cookie-law-info-gdpr.css?ver=1.7.6 HTTP/1.1" 200 15808 "https://amazingsportwear.com/" "Mozilla/5.0 (Windows NT 10.0; Win64; x64) AppleWebKit/537.36 (KHTML, like Gecko) Chrome/77.0.3865.90 Safari/537.36" "wpfront-notification-bar-landingpage=1"
66.102.8.146 - - [19/Nov/2019:23:40:46 +0100] "GET /wp-content/plugins/cookie-law-info/public/css/cookie-law-info-public.css?ver=1.7.6 HTTP/1.1" 200 6598 "https://amazingsportwear.com/" "Mozilla/5.0 (Windows NT 10.0; Win64; x64) AppleWebKit/537.36 (KHTML, like Gecko) Chrome/77.0.3865.90 Safari/537.36" "wpfront-notification-bar-landingpage=1"
66.102.8.144 - - [19/Nov/2019:23:40:46 +0100] "GET /wp-content/plugins/cookie-law-info/public/js/cookie-law-info-public.js?ver=1.7.6 HTTP/1.1" 200 20439 "https://amazingsportwear.com/" "Mozilla/5.0 (Windows NT 10.0; Win64; x64) AppleWebKit/537.36 (KHTML, like Gecko) Chrome/77.0.3865.90 Safari/537.36" "wpfront-notification-bar-landingpage=1"
66.102.8.148 - - [19/Nov/2019:23:40:47 +0100] "GET /wp-content/plugins/simple-social-icons/css/style.css?ver=3.0.1 HTTP/1.1" 200 4925 "https://amazingsportwear.com/" "Mozilla/5.0 (Windows NT 10.0; Win64; x64) AppleWebKit/537.36 (KHTML, like Gecko) Chrome/77.0.3865.90 Safari/537.36" "wpfront-notification-bar-landingpage=1"
66.102.8.146 - - [19/Nov/2019:23:40:46 +0100] "GET /wp-content/plugins/wpfront-notification-bar/jquery-plugins/jquery.c.js?ver=1.4.0 HTTP/1.1" 200 6800 "https://amazingsportwear.com/" "Mozilla/5.0 (Windows NT 10.0; Win64; x64) AppleWebKit/537.36 (KHTML, like Gecko) Chrome/77.0.3865.90 Safari/537.36" "wpfront-notification-bar-landingpage=1"
66.102.8.144 - - [19/Nov/2019:23:40:47 +0100] "GET /wp-content/plugins/smart-slider-3/library/media/plugins/type/simple/simple/dist/smartslider-simple-type-frontend.min.js?1559118093 HTTP/1.1" 200 22336 "https://amazingsportwear.com/" "Mozilla/5.0 (Windows NT 10.0; Win64; x64) AppleWebKit/537.36 (KHTML, like Gecko) Chrome/77.0.3865.90 Safari/537.36" "wpfront-notification-bar-landingpage=1"
66.102.8.146 - - [19/Nov/2019:23:40:47 +0100] "GET /wp-content/plugins/elementor/assets/lib/eicons/css/elementor-icons.min.css?ver=4.3.0 HTTP/1.1" 200 15213 "https://amazingsportwear.com/" "Mozilla/5.0 (Windows NT 10.0; Win64; x64) AppleWebKit/537.36 (KHTML, like Gecko) Chrome/77.0.3865.90 Safari/537.36" "wpfront-notification-bar-landingpage=1"
66.102.8.144 - - [19/Nov/2019:23:40:46 +0100] "GET /wp-content/themes/shopper/assets/sass/woocommerce/woocommerce.css?ver=5.2.4 HTTP/1.1" 200 86897 "https://amazingsportwear.com/" "Mozilla/5.0 (Windows NT 10.0; Win64; x64) AppleWebKit/537.36 (KHTML, like Gecko) Chrome/77.0.3865.90 Safari/537.36" "wpfront-notification-bar-landingpage=1"
66.102.8.144 - - [19/Nov/2019:23:40:47 +0100] "GET /wp-content/plugins/woocommerce/assets/js/jquery-blockui/jquery.blockUI.min.js?ver=2.70 HTTP/1.1" 200 13271 "https://amazingsportwear.com/" "Mozilla/5.0 (Windows NT 10.0; Win64; x64) AppleWebKit/537.36 (KHTML, like Gecko) Chrome/77.0.3865.90 Safari/537.36" "wpfront-notification-bar-landingpage=1"
66.102.8.148 - - [19/Nov/2019:23:40:47 +0100] "GET /wp-content/plugins/woocommerce/assets/css/blocks/style.css?ver=3.6.4 HTTP/1.1" 200 10060 "https://amazingsportwear.com/" "Mozilla/5.0 (Windows NT 10.0; Win64; x64) AppleWebKit/537.36 (KHTML, like Gecko) Chrome/77.0.3865.90 Safari/537.36" "wpfront-notification-bar-landingpage=1"
66.102.8.148 - - [19/Nov/2019:23:40:47 +0100] "GET /wp-content/plugins/wpfront-notification-bar/js/wpfront-notification-bar.js?ver=1.7.1 HTTP/1.1" 200 9025 "https://amazingsportwear.com/" "Mozilla/5.0 (Windows NT 10.0; Win64; x64) AppleWebKit/537.36 (KHTML, like Gecko) Chrome/77.0.3865.90 Safari/537.36" "wpfront-notification-bar-landingpage=1"
66.102.8.148 - - [19/Nov/2019:23:40:47 +0100] "GET /wp-content/plugins/woocommerce/assets/js/js-cookie/js.cookie.min.js?ver=2.1.4 HTTP/1.1" 200 5550 "https://amazingsportwear.com/" "Mozilla/5.0 (Windows NT 10.0; Win64; x64) AppleWebKit/537.36 (KHTML, like Gecko) Chrome/77.0.3865.90 Safari/537.36" "wpfront-notification-bar-landingpage=1"
66.102.8.146 - - [19/Nov/2019:23:40:47 +0100] "GET /wp-content/themes/shopper/assets/js/skip-link-focus-fix.js?ver=1.3.8 HTTP/1.1" 200 1023 "https://amazingsportwear.com/" "Mozilla/5.0 (Windows NT 10.0; Win64; x64) AppleWebKit/537.36 (KHTML, like Gecko) Chrome/77.0.3865.90 Safari/537.36" "wpfront-notification-bar-landingpage=1"
66.102.8.148 - - [19/Nov/2019:23:40:47 +0100] "GET /wp-content/plugins/smart-slider-3/library/media/smartslider.min.css?1559118093 HTTP/1.1" 200 23322 "https://amazingsportwear.com/" "Mozilla/5.0 (Windows NT 10.0; Win64; x64) AppleWebKit/537.36 (KHTML, like Gecko) Chrome/77.0.3865.90 Safari/537.36" "wpfront-notification-bar-landingpage=1"
66.102.8.146 - - [19/Nov/2019:23:40:46 +0100] "GET /wp-includes/js/jquery/jquery.js?ver=1.12.4-wp HTTP/1.1" 200 100725 "https://amazingsportwear.com/" "Mozilla/5.0 (Windows NT 10.0; Win64; x64) AppleWebKit/537.36 (KHTML, like Gecko) Chrome/77.0.3865.90 Safari/537.36" "wpfront-notification-bar-landingpage=1"
66.102.8.146 - - [19/Nov/2019:23:40:47 +0100] "GET /wp-content/plugins/elementor/assets/lib/font-awesome/css/font-awesome.min.css?ver=4.7.0 HTTP/1.1" 200 34728 "https://amazingsportwear.com/" "Mozilla/5.0 (Windows NT 10.0; Win64; x64) AppleWebKit/537.36 (KHTML, like Gecko) Chrome/77.0.3865.90 Safari/537.36" "wpfront-notification-bar-landingpage=1"
66.102.8.144 - - [19/Nov/2019:23:40:47 +0100] "GET /wp-content/plugins/smart-slider-3/nextend/media/dist/n2.min.js?1559118093 HTTP/1.1" 200 7199 "https://amazingsportwear.com/" "Mozilla/5.0 (Windows NT 10.0; Win64; x64) AppleWebKit/537.36 (KHTML, like Gecko) Chrome/77.0.3865.90 Safari/537.36" "wpfront-notification-bar-landingpage=1"
66.102.8.144 - - [19/Nov/2019:23:40:47 +0100] "GET /wp-content/themes/shopper/assets/js/shopper.min.js?ver=1.3.8 HTTP/1.1" 200 5994 "https://amazingsportwear.com/" "Mozilla/5.0 (Windows NT 10.0; Win64; x64) AppleWebKit/537.36 (KHTML, like Gecko) Chrome/77.0.3865.90 Safari/537.36" "wpfront-notification-bar-landingpage=1"
66.102.8.146 - - [19/Nov/2019:23:40:47 +0100] "GET /wp-content/plugins/elementor/assets/lib/waypoints/waypoints.min.js?ver=4.0.2 HTTP/1.1" 200 12541 "https://amazingsportwear.com/" "Mozilla/5.0 (Windows NT 10.0; Win64; x64) AppleWebKit/537.36 (KHTML, like Gecko) Chrome/77.0.3865.90 Safari/537.36" "wpfront-notification-bar-landingpage=1"
66.102.8.146 - - [19/Nov/2019:23:40:47 +0100] "GET /wp-content/uploads/elementor/css/post-16241.css?ver=1562311573 HTTP/1.1" 200 8297 "https://amazingsportwear.com/" "Mozilla/5.0 (Windows NT 10.0; Win64; x64) AppleWebKit/537.36 (KHTML, like Gecko) Chrome/77.0.3865.90 Safari/537.36" "wpfront-notification-bar-landingpage=1"
66.102.8.144 - - [19/Nov/2019:23:40:47 +0100] "GET /wp-content/plugins/simple-social-icons/svgxuse.js?ver=1.1.21 HTTP/1.1" 200 12943 "https://amazingsportwear.com/" "Mozilla/5.0 (Windows NT 10.0; Win64; x64) AppleWebKit/537.36 (KHTML, like Gecko) Chrome/77.0.3865.90 Safari/537.36" "wpfront-notification-bar-landingpage=1"
66.102.8.144 - - [19/Nov/2019:23:40:47 +0100] "GET /wp-content/themes/shopper/assets/js/crm.js?ver=1561548510 HTTP/1.1" 200 4237 "https://amazingsportwear.com/" "Mozilla/5.0 (Windows NT 10.0; Win64; x64) AppleWebKit/537.36 (KHTML, like Gecko) Chrome/77.0.3865.90 Safari/537.36" "wpfront-notification-bar-landingpage=1"
66.102.8.144 - - [19/Nov/2019:23:40:47 +0100] "GET /wp-includes/js/jquery/jquery-migrate.min.js?ver=1.4.1 HTTP/1.1" 200 13762 "https://amazingsportwear.com/" "Mozilla/5.0 (Windows NT 10.0; Win64; x64) AppleWebKit/537.36 (KHTML, like Gecko) Chrome/77.0.3865.90 Safari/537.36" "wpfront-notification-bar-landingpage=1"
66.102.8.144 - - [19/Nov/2019:23:40:47 +0100] "GET /wp-content/plugins/wpfront-notification-bar/css/wpfront-notification-bar.css?ver=1.7.1 HTTP/1.1" 200 7026 "https://amazingsportwear.com/" "Mozilla/5.0 (Windows NT 10.0; Win64; x64) AppleWebKit/537.36 (KHTML, like Gecko) Chrome/77.0.3865.90 Safari/537.36" "wpfront-notification-bar-landingpage=1"
66.102.8.144 - - [19/Nov/2019:23:40:47 +0100] "GET /wp-content/plugins/woocommerce/assets/js/frontend/add-to-cart.min.js?ver=3.6.4 HTTP/1.1" 200 6346 "https://amazingsportwear.com/" "Mozilla/5.0 (Windows NT 10.0; Win64; x64) AppleWebKit/537.36 (KHTML, like Gecko) Chrome/77.0.3865.90 Safari/537.36" "wpfront-notification-bar-landingpage=1"
66.102.8.146 - - [19/Nov/2019:23:40:47 +0100] "GET /wp-content/plugins/elementor/assets/lib/animations/animations.min.css?ver=2.5.16 HTTP/1.1" 200 22196 "https://amazingsportwear.com/" "Mozilla/5.0 (Windows NT 10.0; Win64; x64) AppleWebKit/537.36 (KHTML, like Gecko) Chrome/77.0.3865.90 Safari/537.36" "wpfront-notification-bar-landingpage=1"
66.102.8.148 - - [19/Nov/2019:23:40:47 +0100] "GET /wp-content/themes/shopper/assets/js/woocommerce/header-cart.min.js?ver=1.3.8 HTTP/1.1" 200 972 "https://amazingsportwear.com/" "Mozilla/5.0 (Windows NT 10.0; Win64; x64) AppleWebKit/537.36 (KHTML, like Gecko) Chrome/77.0.3865.90 Safari/537.36" "wpfront-notification-bar-landingpage=1"
66.102.8.146 - - [19/Nov/2019:23:40:47 +0100] "GET /wp-includes/js/wp-embed.min.js?ver=5.2.4 HTTP/1.1" 200 1744 "https://amazingsportwear.com/" "Mozilla/5.0 (Windows NT 10.0; Win64; x64) AppleWebKit/537.36 (KHTML, like Gecko) Chrome/77.0.3865.90 Safari/537.36" "wpfront-notification-bar-landingpage=1"
66.102.8.146 - - [19/Nov/2019:23:40:47 +0100] "GET /wp-content/plugins/woocommerce/assets/js/frontend/woocommerce.min.js?ver=3.6.4 HTTP/1.1" 200 5176 "https://amazingsportwear.com/" "Mozilla/5.0 (Windows NT 10.0; Win64; x64) AppleWebKit/537.36 (KHTML, like Gecko) Chrome/77.0.3865.90 Safari/537.36" "wpfront-notification-bar-landingpage=1"
66.102.8.146 - - [19/Nov/2019:23:40:47 +0100] "GET /wp-content/themes/shopper/style.css?ver=1.3.8 HTTP/1.1" 200 128678 "https://amazingsportwear.com/" "Mozilla/5.0 (Windows NT 10.0; Win64; x64) AppleWebKit/537.36 (KHTML, like Gecko) Chrome/77.0.3865.90 Safari/537.36" "wpfront-notification-bar-landingpage=1"
66.102.8.148 - - [19/Nov/2019:23:40:47 +0100] "GET /wp-content/uploads/elementor/css/global.css?ver=1559638744 HTTP/1.1" 200 8499 "https://amazingsportwear.com/" "Mozilla/5.0 (Windows NT 10.0; Win64; x64) AppleWebKit/537.36 (KHTML, like Gecko) Chrome/77.0.3865.90 Safari/537.36" "wpfront-notification-bar-landingpage=1"
66.102.8.148 - - [19/Nov/2019:23:40:47 +0100] "GET /wp-content/plugins/elementor/assets/js/frontend.min.js?ver=2.5.16 HTTP/1.1" 200 41341 "https://amazingsportwear.com/" "Mozilla/5.0 (Windows NT 10.0; Win64; x64) AppleWebKit/537.36 (KHTML, like Gecko) Chrome/77.0.3865.90 Safari/537.36" "wpfront-notification-bar-landingpage=1"
66.102.8.146 - - [19/Nov/2019:23:40:47 +0100] "GET /wp-includes/js/jquery/ui/core.min.js?ver=1.11.4 HTTP/1.1" 200 4341 "https://amazingsportwear.com/" "Mozilla/5.0 (Windows NT 10.0; Win64; x64) AppleWebKit/537.36 (KHTML, like Gecko) Chrome/77.0.3865.90 Safari/537.36" "wpfront-notification-bar-landingpage=1"
66.102.8.144 - - [19/Nov/2019:23:40:47 +0100] "GET /wp-content/plugins/elementor/assets/lib/slick/slick.min.js?ver=1.8.1 HTTP/1.1" 200 43264 "https://amazingsportwear.com/" "Mozilla/5.0 (Windows NT 10.0; Win64; x64) AppleWebKit/537.36 (KHTML, like Gecko) Chrome/77.0.3865.90 Safari/537.36" "wpfront-notification-bar-landingpage=1"
66.102.8.144 - - [19/Nov/2019:23:40:47 +0100] "GET /wp-content/plugins/elementor/assets/js/frontend-modules.min.js?ver=2.5.16 HTTP/1.1" 200 11486 "https://amazingsportwear.com/" "Mozilla/5.0 (Windows NT 10.0; Win64; x64) AppleWebKit/537.36 (KHTML, like Gecko) Chrome/77.0.3865.90 Safari/537.36" "wpfront-notification-bar-landingpage=1"
66.102.8.148 - - [19/Nov/2019:23:40:47 +0100] "GET /wp-content/plugins/si-contact-form/includes/fscf-scripts.js?ver=179 HTTP/1.1" 200 1033 "https://amazingsportwear.com/" "Mozilla/5.0 (Windows NT 10.0; Win64; x64) AppleWebKit/537.36 (KHTML, like Gecko) Chrome/77.0.3865.90 Safari/537.36" "wpfront-notification-bar-landingpage=1"
66.102.8.148 - - [19/Nov/2019:23:40:47 +0100] "GET /wp-content/plugins/elementor/assets/lib/dialog/dialog.min.js?ver=4.7.1 HTTP/1.1" 200 14274 "https://amazingsportwear.com/" "Mozilla/5.0 (Windows NT 10.0; Win64; x64) AppleWebKit/537.36 (KHTML, like Gecko) Chrome/77.0.3865.90 Safari/537.36" "wpfront-notification-bar-landingpage=1"
66.102.8.146 - - [19/Nov/2019:23:40:47 +0100] "GET /wp-content/plugins/smart-slider-3/library/media/dist/smartslider-frontend.min.js?1559118093 HTTP/1.1" 200 130656 "https://amazingsportwear.com/" "Mozilla/5.0 (Windows NT 10.0; Win64; x64) AppleWebKit/537.36 (KHTML, like Gecko) Chrome/77.0.3865.90 Safari/537.36" "wpfront-notification-bar-landingpage=1"
66.102.8.146 - - [19/Nov/2019:23:40:47 +0100] "GET /wp-includes/js/wp-emoji-release.min.js?ver=5.2.4 HTTP/1.1" 200 14183 "https://amazingsportwear.com/" "Mozilla/5.0 (Windows NT 10.0; Win64; x64) AppleWebKit/537.36 (KHTML, like Gecko) Chrome/77.0.3865.90 Safari/537.36" "wpfront-notification-bar-landingpage=1"
66.102.8.144 - - [19/Nov/2019:23:40:47 +0100] "GET /wp-content/plugins/elementor/assets/css/frontend.min.css?ver=2.5.16 HTTP/1.1" 200 98729 "https://amazingsportwear.com/" "Mozilla/5.0 (Windows NT 10.0; Win64; x64) AppleWebKit/537.36 (KHTML, like Gecko) Chrome/77.0.3865.90 Safari/537.36" "wpfront-notification-bar-landingpage=1"
66.102.8.144 - - [19/Nov/2019:23:40:47 +0100] "GET /wp-content/plugins/smart-slider-3/nextend/media/dist/nextend-frontend.min.js?1559118093 HTTP/1.1" 200 89702 "https://amazingsportwear.com/" "Mozilla/5.0 (Windows NT 10.0; Win64; x64) AppleWebKit/537.36 (KHTML, like Gecko) Chrome/77.0.3865.90 Safari/537.36" "wpfront-notification-bar-landingpage=1"
66.102.8.144 - - [19/Nov/2019:23:40:47 +0100] "GET /wp-content/uploads/2019/07/camiseta-tecnica-mujer-300x124.jpg HTTP/1.1" 200 17320 "https://amazingsportwear.com/" "Mozilla/5.0 (Windows NT 10.0; Win64; x64) AppleWebKit/537.36 (KHTML, like Gecko) Chrome/77.0.3865.90 Safari/537.36" "wpfront-notification-bar-landingpage=1"
66.102.8.144 - - [19/Nov/2019:23:40:47 +0100] "GET /wp-content/uploads/2019/07/gorra-tecnica-300x124.jpg HTTP/1.1" 200 16844 "https://amazingsportwear.com/" "Mozilla/5.0 (Windows NT 10.0; Win64; x64) AppleWebKit/537.36 (KHTML, like Gecko) Chrome/77.0.3865.90 Safari/537.36" "wpfront-notification-bar-landingpage=1"
66.102.8.144 - - [19/Nov/2019:23:40:47 +0100] "GET /wp-content/uploads/2019/07/buff-bandana-300x123.jpg HTTP/1.1" 200 15859 "https://amazingsportwear.com/" "Mozilla/5.0 (Windows NT 10.0; Win64; x64) AppleWebKit/537.36 (KHTML, like Gecko) Chrome/77.0.3865.90 Safari/537.36" "wpfront-notification-bar-landingpage=1"
66.102.8.144 - - [19/Nov/2019:23:40:47 +0100] "GET /wp-content/uploads/2019/07/mochila-saco-300x124.jpg HTTP/1.1" 200 16972 "https://amazingsportwear.com/" "Mozilla/5.0 (Windows NT 10.0; Win64; x64) AppleWebKit/537.36 (KHTML, like Gecko) Chrome/77.0.3865.90 Safari/537.36" "wpfront-notification-bar-landingpage=1"
66.102.8.148 - - [19/Nov/2019:23:40:47 +0100] "GET /wp-content/uploads/2019/07/camiseta-tecnica-unisex-300x124.jpg HTTP/1.1" 200 17090 "https://amazingsportwear.com/" "Mozilla/5.0 (Windows NT 10.0; Win64; x64) AppleWebKit/537.36 (KHTML, like Gecko) Chrome/77.0.3865.90 Safari/537.36" "wpfront-notification-bar-landingpage=1"
66.102.8.148 - - [19/Nov/2019:23:40:47 +0100] "GET /wp-content/uploads/2019/07/zapatillero-300x124.jpg HTTP/1.1" 200 16599 "https://amazingsportwear.com/" "Mozilla/5.0 (Windows NT 10.0; Win64; x64) AppleWebKit/537.36 (KHTML, like Gecko) Chrome/77.0.3865.90 Safari/537.36" "wpfront-notification-bar-landingpage=1"
66.102.8.148 - - [19/Nov/2019:23:40:47 +0100] "GET /wp-content/plugins/elementor/assets/lib/swiper/swiper.min.js?ver=4.4.6 HTTP/1.1" 200 126126 "https://amazingsportwear.com/" "Mozilla/5.0 (Windows NT 10.0; Win64; x64) AppleWebKit/537.36 (KHTML, like Gecko) Chrome/77.0.3865.90 Safari/537.36" "wpfront-notification-bar-landingpage=1"
66.102.8.144 - - [19/Nov/2019:23:40:47 +0100] "GET /wp-content/uploads/2019/07/carpa-1024x771.jpg HTTP/1.1" 200 89325 "https://amazingsportwear.com/" "Mozilla/5.0 (Windows NT 10.0; Win64; x64) AppleWebKit/537.36 (KHTML, like Gecko) Chrome/77.0.3865.90 Safari/537.36" "wpfront-notification-bar-landingpage=1"
66.102.8.144 - - [19/Nov/2019:23:40:47 +0100] "GET /wp-content/uploads/2019/04/bidon-match-4-300x300.png HTTP/1.1" 200 71820 "https://amazingsportwear.com/" "Mozilla/5.0 (Windows NT 10.0; Win64; x64) AppleWebKit/537.36 (KHTML, like Gecko) Chrome/77.0.3865.90 Safari/537.36" "wpfront-notification-bar-landingpage=1"
66.102.8.146 - - [19/Nov/2019:23:40:47 +0100] "GET /wp-content/uploads/2019/04/bolsa-deporte-young-1-300x300.png HTTP/1.1" 200 77335 "https://amazingsportwear.com/" "Mozilla/5.0 (Windows NT 10.0; Win64; x64) AppleWebKit/537.36 (KHTML, like Gecko) Chrome/77.0.3865.90 Safari/537.36" "wpfront-notification-bar-landingpage=1"
66.102.8.148 - - [19/Nov/2019:23:40:47 +0100] "GET /wp-content/uploads/2019/04/Gorra-sport-12-300x300.png HTTP/1.1" 200 49394 "https://amazingsportwear.com/" "Mozilla/5.0 (Windows NT 10.0; Win64; x64) AppleWebKit/537.36 (KHTML, like Gecko) Chrome/77.0.3865.90 Safari/537.36" "wpfront-notification-bar-landingpage=1"
66.102.8.146 - - [19/Nov/2019:23:40:47 +0100] "GET /wp-content/uploads/2019/04/Llavero-triumph-1-300x300.png HTTP/1.1" 200 12855 "https://amazingsportwear.com/" "Mozilla/5.0 (Windows NT 10.0; Win64; x64) AppleWebKit/537.36 (KHTML, like Gecko) Chrome/77.0.3865.90 Safari/537.36" "wpfront-notification-bar-landingpage=1"
66.102.8.144 - - [19/Nov/2019:23:40:47 +0100] "GET /wp-content/uploads/2019/04/toalla-absorvente-gymnasio-7-300x300.png HTTP/1.1" 200 78664 "https://amazingsportwear.com/" "Mozilla/5.0 (Windows NT 10.0; Win64; x64) AppleWebKit/537.36 (KHTML, like Gecko) Chrome/77.0.3865.90 Safari/537.36" "wpfront-notification-bar-landingpage=1"
66.102.8.146 - - [19/Nov/2019:23:40:47 +0100] "GET /wp-content/uploads/2019/04/mochila-decath-5-300x300.png HTTP/1.1" 200 64031 "https://amazingsportwear.com/" "Mozilla/5.0 (Windows NT 10.0; Win64; x64) AppleWebKit/537.36 (KHTML, like Gecko) Chrome/77.0.3865.90 Safari/537.36" "wpfront-notification-bar-landingpage=1"
66.102.8.148 - - [19/Nov/2019:23:40:47 +0100] "GET /wp-content/uploads/2018/06/sa-6502-naranja-300x300.jpg HTTP/1.1" 200 42656 "https://amazingsportwear.com/" "Mozilla/5.0 (Windows NT 10.0; Win64; x64) AppleWebKit/537.36 (KHTML, like Gecko) Chrome/77.0.3865.90 Safari/537.36" "wpfront-notification-bar-landingpage=1"
66.102.8.146 - - [19/Nov/2019:23:40:47 +0100] "GET /wp-content/uploads/2019/07/slider1.jpg HTTP/1.1" 200 244573 "https://amazingsportwear.com/" "Mozilla/5.0 (Windows NT 10.0; Win64; x64) AppleWebKit/537.36 (KHTML, like Gecko) Chrome/77.0.3865.90 Safari/537.36" "wpfront-notification-bar-landingpage=1"
66.102.8.146 - - [19/Nov/2019:23:40:47 +0100] "GET /wp-content/uploads/2018/05/cif-g221-2-300x300.jpg HTTP/1.1" 200 8294 "https://amazingsportwear.com/" "Mozilla/5.0 (Windows NT 10.0; Win64; x64) AppleWebKit/537.36 (KHTML, like Gecko) Chrome/77.0.3865.90 Safari/537.36" "wpfront-notification-bar-landingpage=1"
66.102.8.148 - - [19/Nov/2019:23:40:47 +0100] "GET /wp-content/plugins/woocommerce/assets/js/frontend/cart-fragments.min.js?ver=3.6.4 HTTP/1.1" 200 6644 "https://amazingsportwear.com/" "Mozilla/5.0 (Windows NT 10.0; Win64; x64) AppleWebKit/537.36 (KHTML, like Gecko) Chrome/77.0.3865.90 Safari/537.36" "wpfront-notification-bar-landingpage=1"
66.102.8.148 - - [19/Nov/2019:23:40:47 +0100] "GET /wp-content/uploads/2018/05/cp-lycra-2.jpg HTTP/1.1" 200 13775 "https://amazingsportwear.com/" "Mozilla/5.0 (Windows NT 10.0; Win64; x64) AppleWebKit/537.36 (KHTML, like Gecko) Chrome/77.0.3865.90 Safari/537.36" "wpfront-notification-bar-landingpage=1"
66.102.8.148 - - [19/Nov/2019:23:40:47 +0100] "GET /wp-content/uploads/2019/06/amistad3-300x300.jpg HTTP/1.1" 200 12744 "https://amazingsportwear.com/" "Mozilla/5.0 (Windows NT 10.0; Win64; x64) AppleWebKit/537.36 (KHTML, like Gecko) Chrome/77.0.3865.90 Safari/537.36" "wpfront-notification-bar-landingpage=1"
66.102.8.146 - - [19/Nov/2019:23:40:47 +0100] "GET /wp-content/uploads/2019/05/asw-white-300x126.png HTTP/1.1" 200 12061 "https://amazingsportwear.com/" "Mozilla/5.0 (Windows NT 10.0; Win64; x64) AppleWebKit/537.36 (KHTML, like Gecko) Chrome/77.0.3865.90 Safari/537.36" "wpfront-notification-bar-landingpage=1"
66.102.8.144 - - [19/Nov/2019:23:40:47 +0100] "GET /wp-content/uploads/2017/03/sa-0415_60-300x300.jpg HTTP/1.1" 200 15272 "https://amazingsportwear.com/" "Mozilla/5.0 (Windows NT 10.0; Win64; x64) AppleWebKit/537.36 (KHTML, like Gecko) Chrome/77.0.3865.90 Safari/537.36" "wpfront-notification-bar-landingpage=1"
66.102.8.146 - - [19/Nov/2019:23:40:47 +0100] "GET /wp-content/uploads/2018/05/cat-3164-amarillo-300x300.png HTTP/1.1" 200 72410 "https://amazingsportwear.com/" "Mozilla/5.0 (Windows NT 10.0; Win64; x64) AppleWebKit/537.36 (KHTML, like Gecko) Chrome/77.0.3865.90 Safari/537.36" "wpfront-notification-bar-landingpage=1"
66.102.8.148 - - [19/Nov/2019:23:40:47 +0100] "GET /wp-content/uploads/2019/07/slider3.jpg HTTP/1.1" 200 276981 "https://amazingsportwear.com/" "Mozilla/5.0 (Windows NT 10.0; Win64; x64) AppleWebKit/537.36 (KHTML, like Gecko) Chrome/77.0.3865.90 Safari/537.36" "wpfront-notification-bar-landingpage=1"
66.102.8.146 - - [19/Nov/2019:23:40:47 +0100] "GET /wp-content/uploads/2019/04/SA-6684-1-300x300.png HTTP/1.1" 200 94808 "https://amazingsportwear.com/" "Mozilla/5.0 (Windows NT 10.0; Win64; x64) AppleWebKit/537.36 (KHTML, like Gecko) Chrome/77.0.3865.90 Safari/537.36" "wpfront-notification-bar-landingpage=1"
66.102.8.148 - - [19/Nov/2019:23:40:47 +0100] "GET /wp-content/uploads/2019/05/cropped-asw-white.png HTTP/1.1" 200 10863 "https://amazingsportwear.com/" "Mozilla/5.0 (Windows NT 10.0; Win64; x64) AppleWebKit/537.36 (KHTML, like Gecko) Chrome/77.0.3865.90 Safari/537.36" "wpfront-notification-bar-landingpage=1"
66.102.8.148 - - [19/Nov/2019:23:40:47 +0100] "GET /wp-content/uploads/2019/07/polo-tecnico-300x124.jpg HTTP/1.1" 200 20902 "https://amazingsportwear.com/" "Mozilla/5.0 (Windows NT 10.0; Win64; x64) AppleWebKit/537.36 (KHTML, like Gecko) Chrome/77.0.3865.90 Safari/537.36" "wpfront-notification-bar-landingpage=1"
66.102.8.148 - - [19/Nov/2019:23:40:47 +0100] "GET /wp-content/uploads/2019/07/cortavientos-300x124.jpg HTTP/1.1" 200 20457 "https://amazingsportwear.com/" "Mozilla/5.0 (Windows NT 10.0; Win64; x64) AppleWebKit/537.36 (KHTML, like Gecko) Chrome/77.0.3865.90 Safari/537.36" "wpfront-notification-bar-landingpage=1"
66.102.8.148 - - [19/Nov/2019:23:40:47 +0100] "GET /wp-content/uploads/2019/07/toalla-300x124.jpg HTTP/1.1" 200 20320 "https://amazingsportwear.com/" "Mozilla/5.0 (Windows NT 10.0; Win64; x64) AppleWebKit/537.36 (KHTML, like Gecko) Chrome/77.0.3865.90 Safari/537.36" "wpfront-notification-bar-landingpage=1"
66.102.8.144 - - [19/Nov/2019:23:40:47 +0100] "GET /wp-content/uploads/2019/07/slider2.jpg HTTP/1.1" 200 250219 "https://amazingsportwear.com/" "Mozilla/5.0 (Windows NT 10.0; Win64; x64) AppleWebKit/537.36 (KHTML, like Gecko) Chrome/77.0.3865.90 Safari/537.36" "wpfront-notification-bar-landingpage=1"
66.102.8.146 - - [19/Nov/2019:23:40:47 +0100] "GET /wp-content/uploads/2019/07/slider4.jpg HTTP/1.1" 200 369750 "https://amazingsportwear.com/" "Mozilla/5.0 (Windows NT 10.0; Win64; x64) AppleWebKit/537.36 (KHTML, like Gecko) Chrome/77.0.3865.90 Safari/537.36" "wpfront-notification-bar-landingpage=1"
66.102.8.146 - - [19/Nov/2019:23:40:47 +0100] "GET /wp-content/plugins/simple-social-icons/symbol-defs.svg HTTP/1.1" 200 19699 "https://amazingsportwear.com/" "Mozilla/5.0 (Windows NT 10.0; Win64; x64) AppleWebKit/537.36 (KHTML, like Gecko) Chrome/77.0.3865.90 Safari/537.36" "wpfront-notification-bar-landingpage=1"
66.102.8.148 - - [19/Nov/2019:23:40:47 +0100] "GET /wp-content/plugins/wpfront-notification-bar/images/arrow_down.png HTTP/1.1" 200 2562 "https://amazingsportwear.com/wp-content/plugins/wpfront-notification-bar/css/wpfront-notification-bar.css?ver=1.7.1" "Mozilla/5.0 (Windows NT 10.0; Win64; x64) AppleWebKit/537.36 (KHTML, like Gecko) Chrome/77.0.3865.90 Safari/537.36" "wpfront-notification-bar-landingpage=1"
66.102.8.146 - - [19/Nov/2019:23:40:47 +0100] "GET /wp-content/plugins/elementor/assets/lib/font-awesome/fonts/fontawesome-webfont.woff2?v=4.7.0 HTTP/1.1" 200 77615 "https://amazingsportwear.com/wp-content/plugins/elementor/assets/lib/font-awesome/css/font-awesome.min.css?ver=4.7.0" "Mozilla/5.0 (Windows NT 10.0; Win64; x64) AppleWebKit/537.36 (KHTML, like Gecko) Chrome/77.0.3865.90 Safari/537.36" "wpfront-notification-bar-landingpage=1"
66.102.8.148 - - [19/Nov/2019:23:40:47 +0100] "GET /wp-content/uploads/2019/06/compartir-300x300.jpg HTTP/1.1" 200 13503 "https://amazingsportwear.com/" "Mozilla/5.0 (Windows NT 10.0; Win64; x64) AppleWebKit/537.36 (KHTML, like Gecko) Chrome/77.0.3865.90 Safari/537.36" "wpfront-notification-bar-landingpage=1"
66.102.8.148 - - [19/Nov/2019:23:40:48 +0100] "GET /wp-content/plugins/elementor/assets/css/frontend-msie.min.css?2.5.16 HTTP/1.1" 200 8711 "https://amazingsportwear.com/" "Mozilla/5.0 (Windows NT 10.0; Win64; x64) AppleWebKit/537.36 (KHTML, like Gecko) Chrome/77.0.3865.90 Safari/537.36" "wpfront-notification-bar-landingpage=1"
66.102.8.146 - - [19/Nov/2019:23:40:48 +0100] "POST /?wc-ajax=get_refreshed_fragments HTTP/1.1" 200 1345 "https://amazingsportwear.com/" "Mozilla/5.0 (Windows NT 10.0; Win64; x64) AppleWebKit/537.36 (KHTML, like Gecko) Chrome/77.0.3865.90 Safari/537.36" "wpfront-notification-bar-landingpage=1"
66.102.8.148 - - [19/Nov/2019:23:40:49 +0100] "GET /wp-content/themes/shopper/assets/fonts/fontawesome-webfont.woff2?v=4.7.0 HTTP/1.1" 200 77615 "https://amazingsportwear.com/wp-content/themes/shopper/style.css?ver=1.3.8" "Mozilla/5.0 (Windows NT 10.0; Win64; x64) AppleWebKit/537.36 (KHTML, like Gecko) Chrome/77.0.3865.90 Safari/537.36" "wpfront-notification-bar-landingpage=1"
217.76.130.90 - - [19/Nov/2019:23:59:28 +0100] "POST /wp-cron.php?doing_wp_cron=1574204368.7467989921569824218750 HTTP/1.1" 200 164 "http://amazingsportwear.com/wp-cron.php?doing_wp_cron=1574204368.7467989921569824218750" "WordPress/5.2.4; https://amazingsportwear.com" "-"
52.247.2.23 - - [19/Nov/2019:23:59:26 +0100] "GET /tienda/255-calcetin-deportivo-lycra-cp-lycra.html HTTP/1.1" 404 68069 "-" "Mozilla/5.0 (compatible; bingbot/2.0; +http://www.bing.com/bingbot.htm)" "-"
