181.9.158.4 - - [01/Dec/2019:00:08:52 +0100] "GET /wp-content/uploads/2019/04/gorra-krox-1.png HTTP/1.1" 200 109889 "https://www.google.com/" "Mozilla/5.0 (Linux; Android 9; moto g(6) plus) AppleWebKit/537.36 (KHTML, like Gecko) Chrome/78.0.3904.108 Mobile Safari/537.36" "-"
181.9.158.4 - - [01/Dec/2019:00:09:11 +0100] "GET /wp-content/uploads/2019/04/gorra-tecnica-amarilla.png HTTP/1.1" 200 83334 "https://www.google.com/" "Mozilla/5.0 (Linux; Android 9; moto g(6) plus) AppleWebKit/537.36 (KHTML, like Gecko) Chrome/78.0.3904.108 Mobile Safari/537.36" "-"
217.76.130.90 - - [01/Dec/2019:00:14:42 +0100] "POST /wp-cron.php?doing_wp_cron=1575155682.0009889602661132812500 HTTP/1.1" 200 3389 "https://amazingsportwear.com/wp-cron.php?doing_wp_cron=1575155682.0009889602661132812500" "WordPress/5.2.4; https://amazingsportwear.com" "-"
66.249.69.210 - - [01/Dec/2019:00:14:40 +0100] "GET /producto/gorra-dowan/ HTTP/1.1" 200 94865 "-" "Mozilla/5.0 (Linux; Android 6.0.1; Nexus 5X Build/MMB29P) AppleWebKit/537.36 (KHTML, like Gecko) Chrome/41.0.2272.96 Mobile Safari/537.36 (compatible; Googlebot/2.1; +http://www.google.com/bot.html)" "-"
66.249.69.208 - - [01/Dec/2019:00:15:01 +0100] "POST /?wc-ajax=get_refreshed_fragments HTTP/1.1" 200 4760 "https://amazingsportwear.com/producto/gorra-dowan/" "Mozilla/5.0 (Linux; Android 6.0.1; Nexus 5X Build/MMB29P) AppleWebKit/537.36 (KHTML, like Gecko) Chrome/41.0.2272.96 Mobile Safari/537.36 (compatible; Googlebot/2.1; +http://www.google.com/bot.html)" "_ga=GA1.2.969013651.1575072000; _gid=GA1.2.1978218920.1575072000; _gat_gtag_UA_91619287_1=1"
177.241.53.219 - - [01/Dec/2019:00:19:17 +0100] "GET /wp-content/uploads/2019/04/SA-1070-2.png HTTP/1.1" 200 175956 "https://www.google.com/" "Mozilla/5.0 (Macintosh; Intel Mac OS X 10_13_3) AppleWebKit/537.36 (KHTML, like Gecko) Chrome/78.0.3904.108 Safari/537.36" "-"
217.76.130.90 - - [01/Dec/2019:00:23:53 +0100] "POST /wp-cron.php?doing_wp_cron=1575156233.6785249710083007812500 HTTP/1.1" 200 164 "http://amazingsportwear.com/wp-cron.php?doing_wp_cron=1575156233.6785249710083007812500" "WordPress/5.2.4; https://amazingsportwear.com" "-"
66.249.69.223 - - [01/Dec/2019:00:23:53 +0100] "GET /robots.txt HTTP/1.1" 200 432 "-" "Mozilla/5.0 (compatible; Googlebot/2.1; +http://www.google.com/bot.html)" "-"
81.33.65.184 - - [01/Dec/2019:00:25:05 +0100] "GET /wp-content/uploads/2019/03/SA-0317-1.png HTTP/1.1" 200 153325 "https://www.google.es/" "Mozilla/5.0 (Linux; Android 9; SAMSUNG SM-J530F) AppleWebKit/537.36 (KHTML, like Gecko) SamsungBrowser/10.1 Chrome/71.0.3578.99 Mobile Safari/537.36" "-"
217.76.130.90 - - [01/Dec/2019:00:28:50 +0100] "POST /wp-cron.php?doing_wp_cron=1575156530.5590150356292724609375 HTTP/1.1" 200 164 "http://amazingsportwear.com/wp-cron.php?doing_wp_cron=1575156530.5590150356292724609375" "WordPress/5.2.4; https://amazingsportwear.com" "-"
66.249.69.221 - - [01/Dec/2019:00:28:49 +0100] "GET / HTTP/1.1" 301 336 "-" "Mozilla/5.0 (Linux; Android 6.0.1; Nexus 5X Build/MMB29P) AppleWebKit/537.36 (KHTML, like Gecko) Chrome/41.0.2272.96 Mobile Safari/537.36 (compatible; Googlebot/2.1; +http://www.google.com/bot.html)" "-"
66.249.69.210 - - [01/Dec/2019:00:28:51 +0100] "GET / HTTP/1.1" 200 125746 "-" "Mozilla/5.0 (Linux; Android 6.0.1; Nexus 5X Build/MMB29P) AppleWebKit/537.36 (KHTML, like Gecko) Chrome/41.0.2272.96 Mobile Safari/537.36 (compatible; Googlebot/2.1; +http://www.google.com/bot.html)" "wpfront-notification-bar-landingpage=1"
190.111.82.32 - - [01/Dec/2019:00:29:56 +0100] "GET /wp-content/uploads/2018/05/sa-0421-azul-blanco.jpg HTTP/1.1" 200 91825 "https://www.google.com/" "Mozilla/5.0 (Linux; Android 6.0.1; SM-G532M) AppleWebKit/537.36 (KHTML, like Gecko) Chrome/74.0.3729.157 Mobile Safari/537.36" "-"
217.76.130.90 - - [01/Dec/2019:00:44:17 +0100] "POST /wp-cron.php?doing_wp_cron=1575157457.2519059181213378906250 HTTP/1.1" 200 164 "http://amazingsportwear.com/wp-cron.php?doing_wp_cron=1575157457.2519059181213378906250" "WordPress/5.2.4; https://amazingsportwear.com" "-"
207.46.13.7 - - [01/Dec/2019:00:44:16 +0100] "GET /15-atletismo HTTP/1.1" 404 68009 "-" "Mozilla/5.0 (iPhone; CPU iPhone OS 7_0 like Mac OS X) AppleWebKit/537.51.1 (KHTML, like Gecko) Version/7.0 Mobile/11A465 Safari/9537.53 (compatible; bingbot/2.0; +http://www.bing.com/bingbot.htm)" "-"
217.76.130.90 - - [01/Dec/2019:01:20:36 +0100] "POST /wp-cron.php?doing_wp_cron=1575159636.4369049072265625000000 HTTP/1.1" 200 3389 "https://amazingsportwear.com/wp-cron.php?doing_wp_cron=1575159636.4369049072265625000000" "WordPress/5.2.4; https://amazingsportwear.com" "-"
66.249.69.210 - - [01/Dec/2019:01:20:32 +0100] "GET /producto/camiseta-portero-futbol-manga-larga/ HTTP/1.1" 200 92356 "-" "Mozilla/5.0 (Linux; Android 6.0.1; Nexus 5X Build/MMB29P) AppleWebKit/537.36 (KHTML, like Gecko) Chrome/41.0.2272.96 Mobile Safari/537.36 (compatible; Googlebot/2.1; +http://www.google.com/bot.html)" "-"
66.249.69.208 - - [01/Dec/2019:01:20:44 +0100] "POST /?wc-ajax=get_refreshed_fragments HTTP/1.1" 200 4760 "https://amazingsportwear.com/producto/camiseta-portero-futbol-manga-larga/" "Mozilla/5.0 (Linux; Android 6.0.1; Nexus 5X Build/MMB29P) AppleWebKit/537.36 (KHTML, like Gecko) Chrome/41.0.2272.96 Mobile Safari/537.36 (compatible; Googlebot/2.1; +http://www.google.com/bot.html)" "_ga=GA1.2.969013651.1575158400; _gid=GA1.2.1978218920.1575158400; _gat_gtag_UA_91619287_1=1"
217.76.130.90 - - [01/Dec/2019:01:22:45 +0100] "POST /wp-cron.php?doing_wp_cron=1575159764.9808909893035888671875 HTTP/1.1" 200 3389 "https://amazingsportwear.com/wp-cron.php?doing_wp_cron=1575159764.9808909893035888671875" "WordPress/5.2.4; https://amazingsportwear.com" "-"
66.249.69.210 - - [01/Dec/2019:01:22:44 +0100] "POST /?wc-ajax=get_refreshed_fragments HTTP/1.1" 200 4760 "https://amazingsportwear.com/ofertas/?controller=contact" "Mozilla/5.0 (Linux; Android 6.0.1; Nexus 5X Build/MMB29P) AppleWebKit/537.36 (KHTML, like Gecko) Chrome/41.0.2272.96 Mobile Safari/537.36 (compatible; Googlebot/2.1; +http://www.google.com/bot.html)" "_ga=GA1.2.1951319036.1569888000; _gid=GA1.2.1036204339.1569888000; _gat_gtag_UA_91619287_1=1"
217.76.130.90 - - [01/Dec/2019:01:27:55 +0100] "POST /wp-cron.php?doing_wp_cron=1575160075.0711998939514160156250 HTTP/1.1" 200 3389 "https://amazingsportwear.com/wp-cron.php?doing_wp_cron=1575160075.0711998939514160156250" "WordPress/5.2.4; https://amazingsportwear.com" "-"
66.249.69.212 - - [01/Dec/2019:01:27:54 +0100] "GET /producto/camiseta-hombre-dogo-premium/ HTTP/1.1" 200 100707 "-" "Mozilla/5.0 (Linux; Android 6.0.1; Nexus 5X Build/MMB29P) AppleWebKit/537.36 (KHTML, like Gecko) Chrome/41.0.2272.96 Mobile Safari/537.36 (compatible; Googlebot/2.1; +http://www.google.com/bot.html)" "-"
66.249.69.210 - - [01/Dec/2019:01:28:00 +0100] "POST /?wc-ajax=get_refreshed_fragments HTTP/1.1" 200 4760 "https://amazingsportwear.com/producto/camiseta-hombre-dogo-premium/" "Mozilla/5.0 (Linux; Android 6.0.1; Nexus 5X Build/MMB29P) AppleWebKit/537.36 (KHTML, like Gecko) Chrome/41.0.2272.96 Mobile Safari/537.36 (compatible; Googlebot/2.1; +http://www.google.com/bot.html)" "_ga=GA1.2.969013651.1575158400; _gid=GA1.2.1978218920.1575158400; _gat_gtag_UA_91619287_1=1"
217.76.130.90 - - [01/Dec/2019:01:28:59 +0100] "POST /wp-cron.php?doing_wp_cron=1575160139.6573390960693359375000 HTTP/1.1" 200 3389 "https://amazingsportwear.com/wp-cron.php?doing_wp_cron=1575160139.6573390960693359375000" "WordPress/5.2.4; https://amazingsportwear.com" "-"
66.249.69.208 - - [01/Dec/2019:01:28:58 +0100] "GET /producto/chaleco-cortavientos-sublimado-asw/ HTTP/1.1" 200 90744 "-" "Mozilla/5.0 (Linux; Android 6.0.1; Nexus 5X Build/MMB29P) AppleWebKit/537.36 (KHTML, like Gecko) Chrome/41.0.2272.96 Mobile Safari/537.36 (compatible; Googlebot/2.1; +http://www.google.com/bot.html)" "-"
217.76.130.90 - - [01/Dec/2019:01:37:15 +0100] "POST /wp-cron.php?doing_wp_cron=1575160634.9367539882659912109375 HTTP/1.1" 200 3389 "https://amazingsportwear.com/wp-cron.php?doing_wp_cron=1575160634.9367539882659912109375" "WordPress/5.2.4; https://amazingsportwear.com" "-"
66.249.64.144 - - [01/Dec/2019:01:37:14 +0100] "GET /producto/kit-emergencia-redcross/ HTTP/1.1" 200 91678 "-" "Mozilla/5.0 (Linux; Android 6.0.1; Nexus 5X Build/MMB29P) AppleWebKit/537.36 (KHTML, like Gecko) Chrome/41.0.2272.96 Mobile Safari/537.36 (compatible; Googlebot/2.1; +http://www.google.com/bot.html)" "-"
102.137.232.53 - - [01/Dec/2019:01:39:13 +0100] "GET /wp-content/uploads/2019/04/Gorra-sport-6.png HTTP/1.1" 200 44623 "https://www.google.com/" "Mozilla/5.0 (Windows NT 10.0; Win64; x64) AppleWebKit/537.36 (KHTML, like Gecko) Chrome/78.0.3904.108 Safari/537.36" "-"
102.137.232.53 - - [01/Dec/2019:01:40:43 +0100] "GET /wp-content/uploads/2019/04/Gorra-harum-2.png HTTP/1.1" 200 50290 "https://www.google.com/" "Mozilla/5.0 (Windows NT 10.0; Win64; x64) AppleWebKit/537.36 (KHTML, like Gecko) Chrome/78.0.3904.108 Safari/537.36" "-"
217.76.130.90 - - [01/Dec/2019:01:44:12 +0100] "POST /wp-cron.php?doing_wp_cron=1575161051.9595339298248291015625 HTTP/1.1" 200 3389 "https://amazingsportwear.com/wp-cron.php?doing_wp_cron=1575161051.9595339298248291015625" "WordPress/5.2.4; https://amazingsportwear.com" "-"
207.46.13.7 - - [01/Dec/2019:01:44:11 +0100] "GET /categoria-producto/mujer/ HTTP/1.1" 200 77518 "-" "Mozilla/5.0 (compatible; bingbot/2.0; +http://www.bing.com/bingbot.htm)" "-"
217.76.130.90 - - [01/Dec/2019:01:49:26 +0100] "POST /wp-cron.php?doing_wp_cron=1575161366.1717989444732666015625 HTTP/1.1" 200 3389 "https://amazingsportwear.com/wp-cron.php?doing_wp_cron=1575161366.1717989444732666015625" "WordPress/5.2.4; https://amazingsportwear.com" "-"
66.249.69.210 - - [01/Dec/2019:01:49:25 +0100] "GET /producto/mochila-tipo-saco-cat-3164/ HTTP/1.1" 200 103166 "-" "Mozilla/5.0 (Linux; Android 6.0.1; Nexus 5X Build/MMB29P) AppleWebKit/537.36 (KHTML, like Gecko) Chrome/41.0.2272.96 Mobile Safari/537.36 (compatible; Googlebot/2.1; +http://www.google.com/bot.html)" "-"
66.249.69.210 - - [01/Dec/2019:01:49:31 +0100] "POST /?wc-ajax=get_refreshed_fragments HTTP/1.1" 200 1397 "https://amazingsportwear.com/producto/mochila-tipo-saco-cat-3164/" "Mozilla/5.0 (Linux; Android 6.0.1; Nexus 5X Build/MMB29P) AppleWebKit/537.36 (KHTML, like Gecko) Chrome/41.0.2272.96 Mobile Safari/537.36 (compatible; Googlebot/2.1; +http://www.google.com/bot.html)" "_ga=GA1.2.969013651.1575158400; _gid=GA1.2.1978218920.1575158400; _gat_gtag_UA_91619287_1=1"
66.249.69.208 - - [01/Dec/2019:01:49:43 +0100] "GET /producto/gorra-bayon/ HTTP/1.1" 200 100118 "-" "Mozilla/5.0 (Linux; Android 6.0.1; Nexus 5X Build/MMB29P) AppleWebKit/537.36 (KHTML, like Gecko) Chrome/41.0.2272.96 Mobile Safari/537.36 (compatible; Googlebot/2.1; +http://www.google.com/bot.html)" "-"
66.249.79.239 - - [01/Dec/2019:01:49:50 +0100] "POST /?wc-ajax=get_refreshed_fragments HTTP/1.1" 200 4760 "https://amazingsportwear.com/producto/gorra-bayon/" "Mozilla/5.0 (Linux; Android 6.0.1; Nexus 5X Build/MMB29P) AppleWebKit/537.36 (KHTML, like Gecko) Chrome/41.0.2272.96 Mobile Safari/537.36 (compatible; Googlebot/2.1; +http://www.google.com/bot.html)" "_ga=GA1.2.969013651.1575158400; _gid=GA1.2.1978218920.1575158400; _gat_gtag_UA_91619287_1=1"
217.76.130.90 - - [01/Dec/2019:02:02:59 +0100] "POST /wp-cron.php?doing_wp_cron=1575162179.5404570102691650390625 HTTP/1.1" 200 3389 "https://amazingsportwear.com/wp-cron.php?doing_wp_cron=1575162179.5404570102691650390625" "WordPress/5.2.4; https://amazingsportwear.com" "-"
66.249.69.208 - - [01/Dec/2019:02:02:58 +0100] "GET /producto/gorra-tecnica-2/ HTTP/1.1" 200 95816 "-" "Mozilla/5.0 (Linux; Android 6.0.1; Nexus 5X Build/MMB29P) AppleWebKit/537.36 (KHTML, like Gecko) Chrome/41.0.2272.96 Mobile Safari/537.36 (compatible; Googlebot/2.1; +http://www.google.com/bot.html)" "-"
217.76.130.90 - - [01/Dec/2019:02:06:11 +0100] "POST /wp-cron.php?doing_wp_cron=1575162371.3077070713043212890625 HTTP/1.1" 200 164 "http://amazingsportwear.com/wp-cron.php?doing_wp_cron=1575162371.3077070713043212890625" "WordPress/5.2.4; https://amazingsportwear.com" "-"
150.95.52.76 - - [01/Dec/2019:02:06:10 +0100] "GET /wp-admin/ms-delete-site.php HTTP/1.1" 302 401 "http://site.ru" "Mozilla/5.0 (Windows; U; Windows NT 5.1; en-US) AppleWebKit/533.4 (KHTML, like Gecko) Chrome/5.0.375.99 Safari/533.4" "-"
150.95.52.76 - - [01/Dec/2019:02:06:13 +0100] "GET /wp-admin/ms-delete-site.php HTTP/1.1" 302 3704 "http://site.ru" "Mozilla/5.0 (Windows; U; Windows NT 5.1; en-US) AppleWebKit/533.4 (KHTML, like Gecko) Chrome/5.0.375.99 Safari/533.4" "-"
150.95.52.76 - - [01/Dec/2019:02:06:14 +0100] "GET /wp-login.php?redirect_to=https%3A%2F%2Famazingsportwear.com%2Fwp-admin%2Fms-delete-site.php&reauth=1 HTTP/1.1" 200 6714 "http://site.ru" "Mozilla/5.0 (Windows; U; Windows NT 5.1; en-US) AppleWebKit/533.4 (KHTML, like Gecko) Chrome/5.0.375.99 Safari/533.4" "-"
217.76.130.90 - - [01/Dec/2019:02:10:50 +0100] "POST /wp-cron.php?doing_wp_cron=1575162650.1601018905639648437500 HTTP/1.1" 200 164 "http://amazingsportwear.com/wp-cron.php?doing_wp_cron=1575162650.1601018905639648437500" "WordPress/5.2.4; https://amazingsportwear.com" "-"
66.249.69.223 - - [01/Dec/2019:02:10:49 +0100] "GET /img/cms/complementos/cat-3164-colores.png HTTP/1.1" 404 68070 "-" "Googlebot-Image/1.0" "-"
181.61.112.11 - - [01/Dec/2019:02:12:29 +0100] "GET /wp-content/uploads/2019/04/gorra-five-3.png HTTP/1.1" 200 84607 "https://www.google.com/" "Mozilla/5.0 (Windows NT 10.0; Win64; x64) AppleWebKit/537.36 (KHTML, like Gecko) Chrome/78.0.3904.108 Safari/537.36" "-"
217.76.130.90 - - [01/Dec/2019:02:19:42 +0100] "POST /wp-cron.php?doing_wp_cron=1575163182.7000229358673095703125 HTTP/1.1" 200 3389 "https://amazingsportwear.com/wp-cron.php?doing_wp_cron=1575163182.7000229358673095703125" "WordPress/5.2.4; https://amazingsportwear.com" "-"
66.249.69.210 - - [01/Dec/2019:02:19:41 +0100] "GET /producto/polo-tecnico-open-aq-open/ HTTP/1.1" 200 105175 "-" "Mozilla/5.0 (Linux; Android 6.0.1; Nexus 5X Build/MMB29P) AppleWebKit/537.36 (KHTML, like Gecko) Chrome/41.0.2272.96 Mobile Safari/537.36 (compatible; Googlebot/2.1; +http://www.google.com/bot.html)" "-"
217.76.130.90 - - [01/Dec/2019:02:48:48 +0100] "POST /wp-cron.php?doing_wp_cron=1575164928.5144290924072265625000 HTTP/1.1" 200 3389 "https://amazingsportwear.com/wp-cron.php?doing_wp_cron=1575164928.5144290924072265625000" "WordPress/5.2.4; https://amazingsportwear.com" "-"
66.249.69.208 - - [01/Dec/2019:02:48:30 +0100] "GET /producto/mochila-keisy/ HTTP/1.1" 200 97654 "-" "Mozilla/5.0 (Linux; Android 6.0.1; Nexus 5X Build/MMB29P) AppleWebKit/537.36 (KHTML, like Gecko) Chrome/41.0.2272.96 Mobile Safari/537.36 (compatible; Googlebot/2.1; +http://www.google.com/bot.html)" "-"
217.76.130.90 - - [01/Dec/2019:03:02:48 +0100] "POST /wp-cron.php?doing_wp_cron=1575165767.8951189517974853515625 HTTP/1.1" 200 3389 "https://amazingsportwear.com/wp-cron.php?doing_wp_cron=1575165767.8951189517974853515625" "WordPress/5.2.4; https://amazingsportwear.com" "-"
66.249.69.210 - - [01/Dec/2019:03:02:47 +0100] "GET /producto/camiseta-manga-corta-futbol/ HTTP/1.1" 200 95164 "-" "Mozilla/5.0 (Linux; Android 6.0.1; Nexus 5X Build/MMB29P) AppleWebKit/537.36 (KHTML, like Gecko) Chrome/41.0.2272.96 Mobile Safari/537.36 (compatible; Googlebot/2.1; +http://www.google.com/bot.html)" "-"
217.76.130.90 - - [01/Dec/2019:03:08:41 +0100] "POST /wp-cron.php?doing_wp_cron=1575166121.2948799133300781250000 HTTP/1.1" 200 3389 "https://amazingsportwear.com/wp-cron.php?doing_wp_cron=1575166121.2948799133300781250000" "WordPress/5.2.4; https://amazingsportwear.com" "-"
66.249.69.208 - - [01/Dec/2019:03:08:40 +0100] "GET /categoria-producto/accesorios/llaveros/ HTTP/1.1" 200 69253 "-" "Mozilla/5.0 (Linux; Android 6.0.1; Nexus 5X Build/MMB29P) AppleWebKit/537.36 (KHTML, like Gecko) Chrome/41.0.2272.96 Mobile Safari/537.36 (compatible; Googlebot/2.1; +http://www.google.com/bot.html)" "-"
66.249.69.208 - - [01/Dec/2019:03:08:56 +0100] "POST /?wc-ajax=get_refreshed_fragments HTTP/1.1" 200 1397 "https://amazingsportwear.com/categoria-producto/accesorios/llaveros/" "Mozilla/5.0 (Linux; Android 6.0.1; Nexus 5X Build/MMB29P) AppleWebKit/537.36 (KHTML, like Gecko) Chrome/41.0.2272.96 Mobile Safari/537.36 (compatible; Googlebot/2.1; +http://www.google.com/bot.html)" "_ga=GA1.2.1884029788.1575158400; _gid=GA1.2.969013651.1575158400; _gat_gtag_UA_91619287_1=1"
217.76.130.90 - - [01/Dec/2019:03:09:57 +0100] "POST /wp-cron.php?doing_wp_cron=1575166197.8133540153503417968750 HTTP/1.1" 200 3389 "https://amazingsportwear.com/wp-cron.php?doing_wp_cron=1575166197.8133540153503417968750" "WordPress/5.2.4; https://amazingsportwear.com" "-"
66.249.69.210 - - [01/Dec/2019:03:09:57 +0100] "GET /producto/camiseta-tecnica-manga-larga-sa-0415/ HTTP/1.1" 200 108694 "-" "Mozilla/5.0 (Linux; Android 6.0.1; Nexus 5X Build/MMB29P) AppleWebKit/537.36 (KHTML, like Gecko) Chrome/41.0.2272.96 Mobile Safari/537.36 (compatible; Googlebot/2.1; +http://www.google.com/bot.html)" "-"
217.76.130.90 - - [01/Dec/2019:03:10:04 +0100] "POST /wp-cron.php?doing_wp_cron=1575166204.9668400287628173828125 HTTP/1.1" 200 3389 "https://amazingsportwear.com/wp-cron.php?doing_wp_cron=1575166204.9668400287628173828125" "WordPress/5.2.4; https://amazingsportwear.com" "-"
66.249.69.208 - - [01/Dec/2019:03:10:04 +0100] "POST /?wc-ajax=get_refreshed_fragments HTTP/1.1" 200 4760 "https://amazingsportwear.com/producto/camiseta-tecnica-manga-larga-sa-0415/" "Mozilla/5.0 (Linux; Android 6.0.1; Nexus 5X Build/MMB29P) AppleWebKit/537.36 (KHTML, like Gecko) Chrome/41.0.2272.96 Mobile Safari/537.36 (compatible; Googlebot/2.1; +http://www.google.com/bot.html)" "_ga=GA1.2.969013651.1575158400; _gid=GA1.2.1978218920.1575158400; _gat_gtag_UA_91619287_1=1"
190.43.228.193 - - [01/Dec/2019:03:16:44 +0100] "GET /wp-content/uploads/2019/04/Gorra-sport-6.png HTTP/1.1" 200 44628 "https://www.google.com/" "Mozilla/5.0 (Windows NT 10.0; Win64; x64) AppleWebKit/537.36 (KHTML, like Gecko) Chrome/78.0.3904.108 Safari/537.36" "-"
217.76.130.90 - - [01/Dec/2019:03:29:09 +0100] "POST /wp-cron.php?doing_wp_cron=1575167349.0300800800323486328125 HTTP/1.1" 200 3389 "https://amazingsportwear.com/wp-cron.php?doing_wp_cron=1575167349.0300800800323486328125" "WordPress/5.2.4; https://amazingsportwear.com" "-"
66.249.69.212 - - [01/Dec/2019:03:29:03 +0100] "GET /producto/gorra-kisse/ HTTP/1.1" 200 99715 "-" "Mozilla/5.0 (Linux; Android 6.0.1; Nexus 5X Build/MMB29P) AppleWebKit/537.36 (KHTML, like Gecko) Chrome/41.0.2272.96 Mobile Safari/537.36 (compatible; Googlebot/2.1; +http://www.google.com/bot.html)" "-"
66.249.69.208 - - [01/Dec/2019:03:29:25 +0100] "GET /producto/camiseta-tecnica-cosmic-aq-cosmic/ HTTP/1.1" 200 103493 "-" "Mozilla/5.0 (Linux; Android 6.0.1; Nexus 5X Build/MMB29P) AppleWebKit/537.36 (KHTML, like Gecko) Chrome/41.0.2272.96 Mobile Safari/537.36 (compatible; Googlebot/2.1; +http://www.google.com/bot.html)" "-"
217.76.130.90 - - [01/Dec/2019:03:31:59 +0100] "POST /wp-cron.php?doing_wp_cron=1575167519.7135779857635498046875 HTTP/1.1" 200 3389 "https://amazingsportwear.com/wp-cron.php?doing_wp_cron=1575167519.7135779857635498046875" "WordPress/5.2.4; https://amazingsportwear.com" "-"
157.55.39.163 - - [01/Dec/2019:03:31:59 +0100] "GET /content/category/1-inicio HTTP/1.1" 404 72291 "-" "Mozilla/5.0 (compatible; bingbot/2.0; +http://www.bing.com/bingbot.htm)" "-"
217.76.130.90 - - [01/Dec/2019:03:34:29 +0100] "POST /wp-cron.php?doing_wp_cron=1575167669.2580790519714355468750 HTTP/1.1" 200 3389 "https://amazingsportwear.com/wp-cron.php?doing_wp_cron=1575167669.2580790519714355468750" "WordPress/5.2.4; https://amazingsportwear.com" "-"
207.46.13.8 - - [01/Dec/2019:03:34:28 +0100] "GET /feed/ HTTP/1.1" 200 73077 "-" "Mozilla/5.0 (compatible; bingbot/2.0; +http://www.bing.com/bingbot.htm)" "-"
217.76.130.90 - - [01/Dec/2019:03:36:09 +0100] "POST /wp-cron.php?doing_wp_cron=1575167769.0478150844573974609375 HTTP/1.1" 200 164 "http://amazingsportwear.com/wp-cron.php?doing_wp_cron=1575167769.0478150844573974609375" "WordPress/5.2.4; https://amazingsportwear.com" "-"
66.249.69.223 - - [01/Dec/2019:03:36:07 +0100] "GET /img/cms/tienda/SA-0415-colores.JPG HTTP/1.1" 404 68081 "-" "Googlebot-Image/1.0" "-"
217.76.130.90 - - [01/Dec/2019:03:39:08 +0100] "POST /wp-cron.php?doing_wp_cron=1575167948.3361799716949462890625 HTTP/1.1" 200 3389 "https://amazingsportwear.com/wp-cron.php?doing_wp_cron=1575167948.3361799716949462890625" "WordPress/5.2.4; https://amazingsportwear.com" "-"
69.171.251.8 - - [01/Dec/2019:03:39:07 +0100] "GET / HTTP/1.1" 200 125545 "-" "facebookexternalhit/1.1 (+http://www.facebook.com/externalhit_uatext.php)" "-"
69.171.251.27 - - [01/Dec/2019:03:39:07 +0100] "GET / HTTP/1.1" 200 125580 "-" "facebookexternalhit/1.1 (+http://www.facebook.com/externalhit_uatext.php)" "-"
66.249.69.210 - - [01/Dec/2019:03:39:11 +0100] "GET /producto/camiseta-tecnica-mujer-janis-aq-janis/ HTTP/1.1" 200 98580 "-" "Mozilla/5.0 (Linux; Android 6.0.1; Nexus 5X Build/MMB29P) AppleWebKit/537.36 (KHTML, like Gecko) Chrome/41.0.2272.96 Mobile Safari/537.36 (compatible; Googlebot/2.1; +http://www.google.com/bot.html)" "-"
217.76.130.90 - - [01/Dec/2019:03:50:20 +0100] "POST /wp-cron.php?doing_wp_cron=1575168620.5394570827484130859375 HTTP/1.1" 200 3389 "https://amazingsportwear.com/wp-cron.php?doing_wp_cron=1575168620.5394570827484130859375" "WordPress/5.2.4; https://amazingsportwear.com" "-"
66.249.69.210 - - [01/Dec/2019:03:50:17 +0100] "GET /producto/camiseta-tecnica-tirantes-ribete-nath-beat/ HTTP/1.1" 200 104534 "-" "Mozilla/5.0 (Linux; Android 6.0.1; Nexus 5X Build/MMB29P) AppleWebKit/537.36 (KHTML, like Gecko) Chrome/41.0.2272.96 Mobile Safari/537.36 (compatible; Googlebot/2.1; +http://www.google.com/bot.html)" "-"
217.76.130.90 - - [01/Dec/2019:04:01:03 +0100] "POST /wp-cron.php?doing_wp_cron=1575169263.7160999774932861328125 HTTP/1.1" 200 3389 "https://amazingsportwear.com/wp-cron.php?doing_wp_cron=1575169263.7160999774932861328125" "WordPress/5.2.4; https://amazingsportwear.com" "-"
217.76.130.90 - - [01/Dec/2019:04:01:03 +0100] "POST /wp-cron.php?doing_wp_cron=1575169263.7162740230560302734375 HTTP/1.1" 200 3389 "https://amazingsportwear.com/wp-cron.php?doing_wp_cron=1575169263.7162740230560302734375" "WordPress/5.2.4; https://amazingsportwear.com" "-"
157.55.39.174 - - [01/Dec/2019:04:01:01 +0100] "GET /17-basket HTTP/1.1" 404 72232 "-" "Mozilla/5.0 (compatible; bingbot/2.0; +http://www.bing.com/bingbot.htm)" "-"
157.55.39.137 - - [01/Dec/2019:04:00:58 +0100] "GET /tienda/page/4/ HTTP/1.1" 200 77278 "-" "Mozilla/5.0 (compatible; bingbot/2.0; +http://www.bing.com/bingbot.htm)" "-"
217.76.130.90 - - [01/Dec/2019:04:09:13 +0100] "POST /wp-cron.php?doing_wp_cron=1575169753.1495399475097656250000 HTTP/1.1" 200 164 "http://amazingsportwear.com/wp-cron.php?doing_wp_cron=1575169753.1495399475097656250000" "WordPress/5.2.4; https://amazingsportwear.com" "-"
136.243.70.151 - - [01/Dec/2019:04:08:57 +0100] "GET /robots.txt HTTP/1.1" 200 432 "-" "Mozilla/5.0 (compatible; MJ12bot/v1.4.8; http://mj12bot.com/)" "-"
136.243.70.151 - - [01/Dec/2019:04:09:14 +0100] "GET / HTTP/1.1" 301 279 "-" "Mozilla/5.0 (compatible; MJ12bot/v1.4.8; http://mj12bot.com/)" "-"
136.243.70.151 - - [01/Dec/2019:04:09:16 +0100] "GET /robots.txt HTTP/1.1" 200 3939 "-" "Mozilla/5.0 (compatible; MJ12bot/v1.4.8; http://mj12bot.com/)" "-"
136.243.70.151 - - [01/Dec/2019:04:09:18 +0100] "GET / HTTP/1.1" 200 122369 "-" "Mozilla/5.0 (compatible; MJ12bot/v1.4.8; http://mj12bot.com/)" "-"
217.76.130.90 - - [01/Dec/2019:04:12:17 +0100] "POST /wp-cron.php?doing_wp_cron=1575169936.9081630706787109375000 HTTP/1.1" 200 3389 "https://amazingsportwear.com/wp-cron.php?doing_wp_cron=1575169936.9081630706787109375000" "WordPress/5.2.4; https://amazingsportwear.com" "-"
66.249.69.212 - - [01/Dec/2019:04:12:15 +0100] "GET /producto/rinonera-elastica-dorsal-cif-g221/ HTTP/1.1" 200 95247 "-" "Mozilla/5.0 (Linux; Android 6.0.1; Nexus 5X Build/MMB29P) AppleWebKit/537.36 (KHTML, like Gecko) Chrome/41.0.2272.96 Mobile Safari/537.36 (compatible; Googlebot/2.1; +http://www.google.com/bot.html)" "-"
66.249.69.208 - - [01/Dec/2019:04:12:27 +0100] "GET /producto/polo-tecnico-montmelo-sa-0421/ HTTP/1.1" 200 106833 "-" "Mozilla/5.0 (Linux; Android 6.0.1; Nexus 5X Build/MMB29P) AppleWebKit/537.36 (KHTML, like Gecko) Chrome/41.0.2272.96 Mobile Safari/537.36 (compatible; Googlebot/2.1; +http://www.google.com/bot.html)" "-"
217.76.130.90 - - [01/Dec/2019:04:13:22 +0100] "POST /wp-cron.php?doing_wp_cron=1575170002.5040299892425537109375 HTTP/1.1" 200 3389 "https://amazingsportwear.com/wp-cron.php?doing_wp_cron=1575170002.5040299892425537109375" "WordPress/5.2.4; https://amazingsportwear.com" "-"
66.249.69.210 - - [01/Dec/2019:04:13:21 +0100] "GET /categoria-producto/carpas/ HTTP/1.1" 200 60451 "-" "Mozilla/5.0 (compatible; Googlebot/2.1; +http://www.google.com/bot.html)" "-"
217.76.130.90 - - [01/Dec/2019:04:14:36 +0100] "POST /wp-cron.php?doing_wp_cron=1575170076.8196830749511718750000 HTTP/1.1" 200 3389 "https://amazingsportwear.com/wp-cron.php?doing_wp_cron=1575170076.8196830749511718750000" "WordPress/5.2.4; https://amazingsportwear.com" "-"
157.55.39.137 - - [01/Dec/2019:04:14:35 +0100] "GET /tienda/page/8/ HTTP/1.1" 200 79469 "-" "Mozilla/5.0 (compatible; bingbot/2.0; +http://www.bing.com/bingbot.htm)" "-"
217.76.130.90 - - [01/Dec/2019:04:18:11 +0100] "POST /wp-cron.php?doing_wp_cron=1575170291.4812860488891601562500 HTTP/1.1" 200 3389 "https://amazingsportwear.com/wp-cron.php?doing_wp_cron=1575170291.4812860488891601562500" "WordPress/5.2.4; https://amazingsportwear.com" "-"
207.46.13.177 - - [01/Dec/2019:04:18:08 +0100] "GET /producto/camiseta-tecnica-monaco/ HTTP/1.1" 200 105903 "-" "Mozilla/5.0 (compatible; bingbot/2.0; +http://www.bing.com/bingbot.htm)" "-"
217.76.130.90 - - [01/Dec/2019:04:26:10 +0100] "POST /wp-cron.php?doing_wp_cron=1575170770.2045829296112060546875 HTTP/1.1" 200 3389 "https://amazingsportwear.com/wp-cron.php?doing_wp_cron=1575170770.2045829296112060546875" "WordPress/5.2.4; https://amazingsportwear.com" "-"
66.249.69.210 - - [01/Dec/2019:04:26:04 +0100] "GET /producto/guante-tactil-actium-correr-cat-4010/ HTTP/1.1" 200 99372 "-" "Mozilla/5.0 (Linux; Android 6.0.1; Nexus 5X Build/MMB29P) AppleWebKit/537.36 (KHTML, like Gecko) Chrome/41.0.2272.96 Mobile Safari/537.36 (compatible; Googlebot/2.1; +http://www.google.com/bot.html)" "-"
217.76.130.90 - - [01/Dec/2019:04:28:03 +0100] "POST /wp-cron.php?doing_wp_cron=1575170883.2175281047821044921875 HTTP/1.1" 200 164 "http://amazingsportwear.com/wp-cron.php?doing_wp_cron=1575170883.2175281047821044921875" "WordPress/5.2.4; https://amazingsportwear.com" "-"
62.210.172.211 - - [01/Dec/2019:04:28:02 +0100] "GET / HTTP/1.1" 301 298 "-" "Mozilla/5.0 (X11; Linux x86_64; rv:60.0) Gecko/20100101 Firefox/60.0" "-"
62.210.172.211 - - [01/Dec/2019:04:28:03 +0100] "GET / HTTP/1.1" 200 125759 "-" "Mozilla/5.0 (X11; Linux x86_64; rv:60.0) Gecko/20100101 Firefox/60.0" "-"
217.76.130.90 - - [01/Dec/2019:04:57:09 +0100] "POST /wp-cron.php?doing_wp_cron=1575172629.1874079704284667968750 HTTP/1.1" 200 164 "http://amazingsportwear.com/wp-cron.php?doing_wp_cron=1575172629.1874079704284667968750" "WordPress/5.2.4; https://amazingsportwear.com" "-"
198.204.229.106 - - [01/Dec/2019:04:57:00 +0100] "GET / HTTP/1.1" 301 279 "-" "-" ""
198.204.229.106 - - [01/Dec/2019:04:57:10 +0100] "GET / HTTP/1.1" 301 279 "-" "-" ""
198.204.229.106 - - [01/Dec/2019:04:57:09 +0100] "GET / HTTP/1.1" 200 84176 "http://amazingsportwear.com/" "-" ""
198.204.229.106 - - [01/Dec/2019:04:57:11 +0100] "GET / HTTP/1.1" 200 125560 "http://amazingsportwear.com/" "-" ""
201.141.173.209 - - [01/Dec/2019:05:01:34 +0100] "GET /wp-content/uploads/2019/04/SKY-TAPA-AZUL-AE-10050800.png HTTP/1.1" 200 71159 "https://www.google.com/" "Mozilla/5.0 (Macintosh; Intel Mac OS X 10_14_2) AppleWebKit/605.1.15 (KHTML, like Gecko) Version/12.0.2 Safari/605.1.15" "-"
217.76.130.90 - - [01/Dec/2019:05:07:05 +0100] "POST /wp-cron.php?doing_wp_cron=1575173225.9144930839538574218750 HTTP/1.1" 200 3389 "https://amazingsportwear.com/wp-cron.php?doing_wp_cron=1575173225.9144930839538574218750" "WordPress/5.2.4; https://amazingsportwear.com" "-"
66.249.69.210 - - [01/Dec/2019:05:06:54 +0100] "GET /pago-seguro/ HTTP/1.1" 200 60988 "-" "Mozilla/5.0 (Linux; Android 6.0.1; Nexus 5X Build/MMB29P) AppleWebKit/537.36 (KHTML, like Gecko) Chrome/41.0.2272.96 Mobile Safari/537.36 (compatible; Googlebot/2.1; +http://www.google.com/bot.html)" "-"
66.249.69.208 - - [01/Dec/2019:05:07:23 +0100] "POST /?wc-ajax=get_refreshed_fragments HTTP/1.1" 200 4760 "https://amazingsportwear.com/pago-seguro/" "Mozilla/5.0 (Linux; Android 6.0.1; Nexus 5X Build/MMB29P) AppleWebKit/537.36 (KHTML, like Gecko) Chrome/41.0.2272.96 Mobile Safari/537.36 (compatible; Googlebot/2.1; +http://www.google.com/bot.html)" "_ga=GA1.2.1884029788.1575158400; _gid=GA1.2.969013651.1575158400; _gat_gtag_UA_91619287_1=1"
217.76.130.90 - - [01/Dec/2019:05:10:28 +0100] "POST /wp-cron.php?doing_wp_cron=1575173428.8786039352416992187500 HTTP/1.1" 200 164 "http://amazingsportwear.com/wp-cron.php?doing_wp_cron=1575173428.8786039352416992187500" "WordPress/5.2.4; https://amazingsportwear.com" "-"
116.0.20.107 - - [01/Dec/2019:05:10:26 +0100] "GET /wp-admin/network/site-settings.php HTTP/1.1" 302 408 "http://site.ru" "Mozilla/5.0 (Windows; U; Windows NT 5.1; en-US) AppleWebKit/533.4 (KHTML, like Gecko) Chrome/5.0.375.99 Safari/533.4" "-"
116.0.20.107 - - [01/Dec/2019:05:10:47 +0100] "GET /wp-admin/network/site-settings.php HTTP/1.1" 302 408 "http://site.ru" "Mozilla/5.0 (Windows; U; Windows NT 5.1; en-US) AppleWebKit/533.4 (KHTML, like Gecko) Chrome/5.0.375.99 Safari/533.4" "-"
116.0.20.107 - - [01/Dec/2019:05:10:49 +0100] "GET /wp-admin/network/site-settings.php HTTP/1.1" 302 3713 "http://site.ru" "Mozilla/5.0 (Windows; U; Windows NT 5.1; en-US) AppleWebKit/533.4 (KHTML, like Gecko) Chrome/5.0.375.99 Safari/533.4" "-"
116.0.20.107 - - [01/Dec/2019:05:10:50 +0100] "GET /wp-admin/network/site-settings.php HTTP/1.1" 302 408 "http://site.ru" "Mozilla/5.0 (Windows; U; Windows NT 5.1; en-US) AppleWebKit/533.4 (KHTML, like Gecko) Chrome/5.0.375.99 Safari/533.4" "-"
116.0.20.107 - - [01/Dec/2019:05:10:52 +0100] "GET /wp-admin/network/site-settings.php HTTP/1.1" 302 3713 "http://site.ru" "Mozilla/5.0 (Windows; U; Windows NT 5.1; en-US) AppleWebKit/533.4 (KHTML, like Gecko) Chrome/5.0.375.99 Safari/533.4" "-"
116.0.20.107 - - [01/Dec/2019:05:10:53 +0100] "GET /wp-login.php?redirect_to=https%3A%2F%2Famazingsportwear.com%2Fwp-admin%2Fnetwork%2Fsite-settings.php&reauth=1 HTTP/1.1" 200 6721 "http://site.ru" "Mozilla/5.0 (Windows; U; Windows NT 5.1; en-US) AppleWebKit/533.4 (KHTML, like Gecko) Chrome/5.0.375.99 Safari/533.4" "-"
217.76.130.90 - - [01/Dec/2019:05:13:59 +0100] "POST /wp-cron.php?doing_wp_cron=1575173639.5528450012207031250000 HTTP/1.1" 200 3389 "https://amazingsportwear.com/wp-cron.php?doing_wp_cron=1575173639.5528450012207031250000" "WordPress/5.2.4; https://amazingsportwear.com" "-"
157.55.39.137 - - [01/Dec/2019:05:13:56 +0100] "GET /tienda/page/8/ HTTP/1.1" 200 79459 "-" "Mozilla/5.0 (compatible; bingbot/2.0; +http://www.bing.com/bingbot.htm)" "-"
217.76.130.90 - - [01/Dec/2019:05:14:16 +0100] "POST /wp-cron.php?doing_wp_cron=1575173655.9987881183624267578125 HTTP/1.1" 200 164 "http://amazingsportwear.com/wp-cron.php?doing_wp_cron=1575173655.9987881183624267578125" "WordPress/5.2.4; https://amazingsportwear.com" "-"
157.55.39.174 - - [01/Dec/2019:05:14:15 +0100] "GET /17-basket HTTP/1.1" 404 68053 "-" "Mozilla/5.0 (iPhone; CPU iPhone OS 7_0 like Mac OS X) AppleWebKit/537.51.1 (KHTML, like Gecko) Version/7.0 Mobile/11A465 Safari/9537.53 (compatible; bingbot/2.0; +http://www.bing.com/bingbot.htm)" "-"
66.249.69.210 - - [01/Dec/2019:05:14:27 +0100] "GET /producto/pantalon-corto-futbol-2/ HTTP/1.1" 200 92152 "-" "Mozilla/5.0 (Linux; Android 6.0.1; Nexus 5X Build/MMB29P) AppleWebKit/537.36 (KHTML, like Gecko) Chrome/41.0.2272.96 Mobile Safari/537.36 (compatible; Googlebot/2.1; +http://www.google.com/bot.html)" "-"
157.55.39.174 - - [01/Dec/2019:05:14:53 +0100] "GET /producto/lavero-triumph/ HTTP/1.1" 200 94210 "-" "Mozilla/5.0 (compatible; bingbot/2.0; +http://www.bing.com/bingbot.htm)" "-"
157.55.39.174 - - [01/Dec/2019:05:21:32 +0100] "GET /wp-content/uploads/2018/05/bandanaBuff_comoponerlo.jpg HTTP/1.1" 200 14006 "-" "Mozilla/5.0 (compatible; bingbot/2.0; +http://www.bing.com/bingbot.htm)" "-"
217.76.130.90 - - [01/Dec/2019:05:33:20 +0100] "POST /wp-cron.php?doing_wp_cron=1575174800.5817940235137939453125 HTTP/1.1" 200 164 "http://amazingsportwear.com/wp-cron.php?doing_wp_cron=1575174800.5817940235137939453125" "WordPress/5.2.4; https://amazingsportwear.com" "-"
188.65.208.201 - - [01/Dec/2019:05:33:17 +0100] "GET /wp-admin/network/site-themes.php HTTP/1.1" 302 406 "http://site.ru" "Mozilla/5.0 (Windows; U; Windows NT 5.1; en-US) AppleWebKit/533.4 (KHTML, like Gecko) Chrome/5.0.375.99 Safari/533.4" "-"
66.249.69.208 - - [01/Dec/2019:05:33:48 +0100] "GET /producto/camiseta-tecnica-mujer-tirantes-aq-armour-aerobic/ HTTP/1.1" 200 102921 "-" "Mozilla/5.0 (Linux; Android 6.0.1; Nexus 5X Build/MMB29P) AppleWebKit/537.36 (KHTML, like Gecko) Chrome/41.0.2272.96 Mobile Safari/537.36 (compatible; Googlebot/2.1; +http://www.google.com/bot.html)" "-"
217.76.130.90 - - [01/Dec/2019:05:34:25 +0100] "POST /wp-cron.php?doing_wp_cron=1575174865.0950250625610351562500 HTTP/1.1" 200 164 "http://amazingsportwear.com/wp-cron.php?doing_wp_cron=1575174865.0950250625610351562500" "WordPress/5.2.4; https://amazingsportwear.com" "-"
188.65.208.201 - - [01/Dec/2019:05:34:24 +0100] "GET /wp-admin/network/site-themes.php HTTP/1.1" 302 406 "http://site.ru" "Mozilla/5.0 (Windows; U; Windows NT 5.1; en-US) AppleWebKit/533.4 (KHTML, like Gecko) Chrome/5.0.375.99 Safari/533.4" "-"
188.65.208.201 - - [01/Dec/2019:05:34:57 +0100] "GET /wp-admin/network/site-themes.php HTTP/1.1" 302 406 "http://site.ru" "Mozilla/5.0 (Windows; U; Windows NT 5.1; en-US) AppleWebKit/533.4 (KHTML, like Gecko) Chrome/5.0.375.99 Safari/533.4" "-"
217.76.130.90 - - [01/Dec/2019:05:35:30 +0100] "POST /wp-cron.php?doing_wp_cron=1575174930.9298129081726074218750 HTTP/1.1" 200 164 "http://amazingsportwear.com/wp-cron.php?doing_wp_cron=1575174930.9298129081726074218750" "WordPress/5.2.4; https://amazingsportwear.com" "-"
188.65.208.201 - - [01/Dec/2019:05:35:29 +0100] "GET /wp-admin/network/site-themes.php HTTP/1.1" 302 406 "http://site.ru" "Mozilla/5.0 (Windows; U; Windows NT 5.1; en-US) AppleWebKit/533.4 (KHTML, like Gecko) Chrome/5.0.375.99 Safari/533.4" "-"
88.88.232.140 - - [01/Dec/2019:05:35:46 +0100] "GET /wp-content/uploads/2019/04/Gorra-sport-10.png HTTP/1.1" 200 60426 "https://www.google.com/" "Mozilla/5.0 (Windows NT 10.0; Win64; x64) AppleWebKit/537.36 (KHTML, like Gecko) Chrome/70.0.3538.77 Safari/537.36" "-"
217.76.130.90 - - [01/Dec/2019:05:36:03 +0100] "POST /wp-cron.php?doing_wp_cron=1575174963.5229918956756591796875 HTTP/1.1" 200 164 "http://amazingsportwear.com/wp-cron.php?doing_wp_cron=1575174963.5229918956756591796875" "WordPress/5.2.4; https://amazingsportwear.com" "-"
188.65.208.201 - - [01/Dec/2019:05:36:02 +0100] "GET /wp-admin/network/site-themes.php HTTP/1.1" 302 406 "http://site.ru" "Mozilla/5.0 (Windows; U; Windows NT 5.1; en-US) AppleWebKit/533.4 (KHTML, like Gecko) Chrome/5.0.375.99 Safari/533.4" "-"
188.65.208.201 - - [01/Dec/2019:05:36:35 +0100] "GET /wp-admin/network/site-themes.php HTTP/1.1" 302 406 "http://site.ru" "Mozilla/5.0 (Windows; U; Windows NT 5.1; en-US) AppleWebKit/533.4 (KHTML, like Gecko) Chrome/5.0.375.99 Safari/533.4" "-"
217.76.130.90 - - [01/Dec/2019:05:37:09 +0100] "POST /wp-cron.php?doing_wp_cron=1575175029.8756649494171142578125 HTTP/1.1" 200 164 "http://amazingsportwear.com/wp-cron.php?doing_wp_cron=1575175029.8756649494171142578125" "WordPress/5.2.4; https://amazingsportwear.com" "-"
188.65.208.201 - - [01/Dec/2019:05:37:08 +0100] "GET /wp-admin/network/site-themes.php HTTP/1.1" 302 406 "http://site.ru" "Mozilla/5.0 (Windows; U; Windows NT 5.1; en-US) AppleWebKit/533.4 (KHTML, like Gecko) Chrome/5.0.375.99 Safari/533.4" "-"
66.249.69.208 - - [01/Dec/2019:05:37:12 +0100] "GET /producto/mallas-deportivas-mujer-carla/ HTTP/1.1" 200 102904 "-" "Mozilla/5.0 (Linux; Android 6.0.1; Nexus 5X Build/MMB29P) AppleWebKit/537.36 (KHTML, like Gecko) Chrome/41.0.2272.96 Mobile Safari/537.36 (compatible; Googlebot/2.1; +http://www.google.com/bot.html)" "-"
188.65.208.201 - - [01/Dec/2019:05:37:41 +0100] "GET /wp-admin/network/site-themes.php HTTP/1.1" 302 406 "http://site.ru" "Mozilla/5.0 (Windows; U; Windows NT 5.1; en-US) AppleWebKit/533.4 (KHTML, like Gecko) Chrome/5.0.375.99 Safari/533.4" "-"
217.76.130.90 - - [01/Dec/2019:05:38:15 +0100] "POST /wp-cron.php?doing_wp_cron=1575175095.4836609363555908203125 HTTP/1.1" 200 164 "http://amazingsportwear.com/wp-cron.php?doing_wp_cron=1575175095.4836609363555908203125" "WordPress/5.2.4; https://amazingsportwear.com" "-"
188.65.208.201 - - [01/Dec/2019:05:38:14 +0100] "GET /wp-admin/network/site-themes.php HTTP/1.1" 302 406 "http://site.ru" "Mozilla/5.0 (Windows; U; Windows NT 5.1; en-US) AppleWebKit/533.4 (KHTML, like Gecko) Chrome/5.0.375.99 Safari/533.4" "-"
66.249.69.210 - - [01/Dec/2019:05:38:34 +0100] "GET /producto/pantalon-corto-futbol/ HTTP/1.1" 200 91494 "-" "Mozilla/5.0 (Linux; Android 6.0.1; Nexus 5X Build/MMB29P) AppleWebKit/537.36 (KHTML, like Gecko) Chrome/41.0.2272.96 Mobile Safari/537.36 (compatible; Googlebot/2.1; +http://www.google.com/bot.html)" "-"
66.249.69.208 - - [01/Dec/2019:05:38:43 +0100] "POST /?wc-ajax=get_refreshed_fragments HTTP/1.1" 200 4760 "https://amazingsportwear.com/producto/pantalon-corto-futbol/" "Mozilla/5.0 (Linux; Android 6.0.1; Nexus 5X Build/MMB29P) AppleWebKit/537.36 (KHTML, like Gecko) Chrome/41.0.2272.96 Mobile Safari/537.36 (compatible; Googlebot/2.1; +http://www.google.com/bot.html)" "_ga=GA1.2.969013651.1575158400; _gid=GA1.2.1978218920.1575158400; _gat_gtag_UA_91619287_1=1"
188.65.208.201 - - [01/Dec/2019:05:38:47 +0100] "GET /wp-admin/network/site-themes.php HTTP/1.1" 302 406 "http://site.ru" "Mozilla/5.0 (Windows; U; Windows NT 5.1; en-US) AppleWebKit/533.4 (KHTML, like Gecko) Chrome/5.0.375.99 Safari/533.4" "-"
217.76.130.90 - - [01/Dec/2019:05:39:21 +0100] "POST /wp-cron.php?doing_wp_cron=1575175161.4739758968353271484375 HTTP/1.1" 200 164 "http://amazingsportwear.com/wp-cron.php?doing_wp_cron=1575175161.4739758968353271484375" "WordPress/5.2.4; https://amazingsportwear.com" "-"
188.65.208.201 - - [01/Dec/2019:05:39:20 +0100] "GET /wp-admin/network/site-themes.php HTTP/1.1" 302 406 "http://site.ru" "Mozilla/5.0 (Windows; U; Windows NT 5.1; en-US) AppleWebKit/533.4 (KHTML, like Gecko) Chrome/5.0.375.99 Safari/533.4" "-"
188.65.208.201 - - [01/Dec/2019:05:39:53 +0100] "GET /wp-admin/network/site-themes.php HTTP/1.1" 302 406 "http://site.ru" "Mozilla/5.0 (Windows; U; Windows NT 5.1; en-US) AppleWebKit/533.4 (KHTML, like Gecko) Chrome/5.0.375.99 Safari/533.4" "-"
217.76.130.90 - - [01/Dec/2019:05:40:27 +0100] "POST /wp-cron.php?doing_wp_cron=1575175227.7790939807891845703125 HTTP/1.1" 200 164 "http://amazingsportwear.com/wp-cron.php?doing_wp_cron=1575175227.7790939807891845703125" "WordPress/5.2.4; https://amazingsportwear.com" "-"
188.65.208.201 - - [01/Dec/2019:05:40:26 +0100] "GET /wp-admin/network/site-themes.php HTTP/1.1" 302 406 "http://site.ru" "Mozilla/5.0 (Windows; U; Windows NT 5.1; en-US) AppleWebKit/533.4 (KHTML, like Gecko) Chrome/5.0.375.99 Safari/533.4" "-"
217.76.130.90 - - [01/Dec/2019:05:42:08 +0100] "POST /wp-cron.php?doing_wp_cron=1575175328.2482130527496337890625 HTTP/1.1" 200 164 "http://amazingsportwear.com/wp-cron.php?doing_wp_cron=1575175328.2482130527496337890625" "WordPress/5.2.4; https://amazingsportwear.com" "-"
188.65.208.201 - - [01/Dec/2019:05:42:06 +0100] "GET /wp-admin/network/site-themes.php HTTP/1.1" 302 406 "http://site.ru" "Mozilla/5.0 (Windows; U; Windows NT 5.1; en-US) AppleWebKit/533.4 (KHTML, like Gecko) Chrome/5.0.375.99 Safari/533.4" "-"
188.65.208.201 - - [01/Dec/2019:05:42:38 +0100] "GET /wp-admin/network/site-themes.php HTTP/1.1" 302 406 "http://site.ru" "Mozilla/5.0 (Windows; U; Windows NT 5.1; en-US) AppleWebKit/533.4 (KHTML, like Gecko) Chrome/5.0.375.99 Safari/533.4" "-"
217.76.130.90 - - [01/Dec/2019:05:43:12 +0100] "POST /wp-cron.php?doing_wp_cron=1575175392.3200750350952148437500 HTTP/1.1" 200 164 "http://amazingsportwear.com/wp-cron.php?doing_wp_cron=1575175392.3200750350952148437500" "WordPress/5.2.4; https://amazingsportwear.com" "-"
188.65.208.201 - - [01/Dec/2019:05:43:11 +0100] "GET /wp-admin/network/site-themes.php HTTP/1.1" 302 406 "http://site.ru" "Mozilla/5.0 (Windows; U; Windows NT 5.1; en-US) AppleWebKit/533.4 (KHTML, like Gecko) Chrome/5.0.375.99 Safari/533.4" "-"
217.76.130.90 - - [01/Dec/2019:05:44:18 +0100] "POST /wp-cron.php?doing_wp_cron=1575175458.4479420185089111328125 HTTP/1.1" 200 164 "http://amazingsportwear.com/wp-cron.php?doing_wp_cron=1575175458.4479420185089111328125" "WordPress/5.2.4; https://amazingsportwear.com" "-"
188.65.208.201 - - [01/Dec/2019:05:44:17 +0100] "GET /wp-admin/network/site-themes.php HTTP/1.1" 302 406 "http://site.ru" "Mozilla/5.0 (Windows; U; Windows NT 5.1; en-US) AppleWebKit/533.4 (KHTML, like Gecko) Chrome/5.0.375.99 Safari/533.4" "-"
217.76.130.90 - - [01/Dec/2019:05:45:24 +0100] "POST /wp-cron.php?doing_wp_cron=1575175524.6151409149169921875000 HTTP/1.1" 200 164 "http://amazingsportwear.com/wp-cron.php?doing_wp_cron=1575175524.6151409149169921875000" "WordPress/5.2.4; https://amazingsportwear.com" "-"
188.65.208.201 - - [01/Dec/2019:05:45:24 +0100] "GET /wp-admin/network/site-themes.php HTTP/1.1" 302 406 "http://site.ru" "Mozilla/5.0 (Windows; U; Windows NT 5.1; en-US) AppleWebKit/533.4 (KHTML, like Gecko) Chrome/5.0.375.99 Safari/533.4" "-"
217.76.130.90 - - [01/Dec/2019:05:46:30 +0100] "POST /wp-cron.php?doing_wp_cron=1575175590.6302309036254882812500 HTTP/1.1" 200 164 "http://amazingsportwear.com/wp-cron.php?doing_wp_cron=1575175590.6302309036254882812500" "WordPress/5.2.4; https://amazingsportwear.com" "-"
188.65.208.201 - - [01/Dec/2019:05:46:29 +0100] "GET /wp-admin/network/site-themes.php HTTP/1.1" 302 406 "http://site.ru" "Mozilla/5.0 (Windows; U; Windows NT 5.1; en-US) AppleWebKit/533.4 (KHTML, like Gecko) Chrome/5.0.375.99 Safari/533.4" "-"
217.76.130.90 - - [01/Dec/2019:05:47:04 +0100] "POST /wp-cron.php?doing_wp_cron=1575175624.5873510837554931640625 HTTP/1.1" 200 164 "http://amazingsportwear.com/wp-cron.php?doing_wp_cron=1575175624.5873510837554931640625" "WordPress/5.2.4; https://amazingsportwear.com" "-"
188.65.208.201 - - [01/Dec/2019:05:47:03 +0100] "GET /wp-admin/network/site-themes.php HTTP/1.1" 302 406 "http://site.ru" "Mozilla/5.0 (Windows; U; Windows NT 5.1; en-US) AppleWebKit/533.4 (KHTML, like Gecko) Chrome/5.0.375.99 Safari/533.4" "-"
217.76.130.90 - - [01/Dec/2019:05:49:16 +0100] "POST /wp-cron.php?doing_wp_cron=1575175756.3355638980865478515625 HTTP/1.1" 200 164 "http://amazingsportwear.com/wp-cron.php?doing_wp_cron=1575175756.3355638980865478515625" "WordPress/5.2.4; https://amazingsportwear.com" "-"
188.65.208.201 - - [01/Dec/2019:05:49:15 +0100] "GET /wp-admin/network/site-themes.php HTTP/1.1" 302 406 "http://site.ru" "Mozilla/5.0 (Windows; U; Windows NT 5.1; en-US) AppleWebKit/533.4 (KHTML, like Gecko) Chrome/5.0.375.99 Safari/533.4" "-"
217.76.130.90 - - [01/Dec/2019:05:50:21 +0100] "POST /wp-cron.php?doing_wp_cron=1575175821.7822558879852294921875 HTTP/1.1" 200 164 "http://amazingsportwear.com/wp-cron.php?doing_wp_cron=1575175821.7822558879852294921875" "WordPress/5.2.4; https://amazingsportwear.com" "-"
188.65.208.201 - - [01/Dec/2019:05:50:20 +0100] "GET /wp-admin/network/site-themes.php HTTP/1.1" 302 406 "http://site.ru" "Mozilla/5.0 (Windows; U; Windows NT 5.1; en-US) AppleWebKit/533.4 (KHTML, like Gecko) Chrome/5.0.375.99 Safari/533.4" "-"
188.65.208.201 - - [01/Dec/2019:05:50:53 +0100] "GET /wp-admin/network/site-themes.php HTTP/1.1" 302 406 "http://site.ru" "Mozilla/5.0 (Windows; U; Windows NT 5.1; en-US) AppleWebKit/533.4 (KHTML, like Gecko) Chrome/5.0.375.99 Safari/533.4" "-"
217.76.130.90 - - [01/Dec/2019:05:51:27 +0100] "POST /wp-cron.php?doing_wp_cron=1575175887.8398189544677734375000 HTTP/1.1" 200 164 "http://amazingsportwear.com/wp-cron.php?doing_wp_cron=1575175887.8398189544677734375000" "WordPress/5.2.4; https://amazingsportwear.com" "-"
188.65.208.201 - - [01/Dec/2019:05:51:26 +0100] "GET /wp-admin/network/site-themes.php HTTP/1.1" 302 406 "http://site.ru" "Mozilla/5.0 (Windows; U; Windows NT 5.1; en-US) AppleWebKit/533.4 (KHTML, like Gecko) Chrome/5.0.375.99 Safari/533.4" "-"
66.249.69.212 - - [01/Dec/2019:05:51:35 +0100] "GET /categoria-producto/hombre/pantalonesymallas/ HTTP/1.1" 200 75653 "-" "Mozilla/5.0 (Linux; Android 6.0.1; Nexus 5X Build/MMB29P) AppleWebKit/537.36 (KHTML, like Gecko) Chrome/41.0.2272.96 Mobile Safari/537.36 (compatible; Googlebot/2.1; +http://www.google.com/bot.html)" "-"
66.249.69.208 - - [01/Dec/2019:05:51:42 +0100] "POST /?wc-ajax=get_refreshed_fragments HTTP/1.1" 200 4760 "https://amazingsportwear.com/categoria-producto/hombre/pantalonesymallas/" "Mozilla/5.0 (Linux; Android 6.0.1; Nexus 5X Build/MMB29P) AppleWebKit/537.36 (KHTML, like Gecko) Chrome/41.0.2272.96 Mobile Safari/537.36 (compatible; Googlebot/2.1; +http://www.google.com/bot.html)" "_ga=GA1.2.1884029788.1575158400; _gid=GA1.2.969013651.1575158400; _gat_gtag_UA_91619287_1=1"
188.65.208.201 - - [01/Dec/2019:05:51:59 +0100] "GET /wp-admin/network/site-themes.php HTTP/1.1" 302 406 "http://site.ru" "Mozilla/5.0 (Windows; U; Windows NT 5.1; en-US) AppleWebKit/533.4 (KHTML, like Gecko) Chrome/5.0.375.99 Safari/533.4" "-"
190.52.196.6 - - [01/Dec/2019:05:54:10 +0100] "GET /wp-content/uploads/2017/03/nath-only-mujer.jpg HTTP/1.1" 200 20549 "https://www.google.com/" "Mozilla/5.0 (Linux; Android 6.0.1; SM-G532M) AppleWebKit/537.36 (KHTML, like Gecko) Chrome/77.0.3865.73 Mobile Safari/537.36" "-"
217.76.130.90 - - [01/Dec/2019:05:57:25 +0100] "POST /wp-cron.php?doing_wp_cron=1575176245.0771050453186035156250 HTTP/1.1" 200 3389 "https://amazingsportwear.com/wp-cron.php?doing_wp_cron=1575176245.0771050453186035156250" "WordPress/5.2.4; https://amazingsportwear.com" "-"
66.249.69.210 - - [01/Dec/2019:05:57:24 +0100] "GET /producto/pantalon-corto-tenis-padel/ HTTP/1.1" 200 90746 "-" "Mozilla/5.0 (Linux; Android 6.0.1; Nexus 5X Build/MMB29P) AppleWebKit/537.36 (KHTML, like Gecko) Chrome/41.0.2272.96 Mobile Safari/537.36 (compatible; Googlebot/2.1; +http://www.google.com/bot.html)" "-"
66.249.69.210 - - [01/Dec/2019:05:57:36 +0100] "POST /?wc-ajax=get_refreshed_fragments HTTP/1.1" 200 1397 "https://amazingsportwear.com/producto/pantalon-corto-tenis-padel/" "Mozilla/5.0 (Linux; Android 6.0.1; Nexus 5X Build/MMB29P) AppleWebKit/537.36 (KHTML, like Gecko) Chrome/41.0.2272.96 Mobile Safari/537.36 (compatible; Googlebot/2.1; +http://www.google.com/bot.html)" "_ga=GA1.2.969013651.1575158400; _gid=GA1.2.1978218920.1575158400; _gat_gtag_UA_91619287_1=1"
217.76.130.90 - - [01/Dec/2019:06:02:23 +0100] "POST /wp-cron.php?doing_wp_cron=1575176543.5288589000701904296875 HTTP/1.1" 200 164 "http://amazingsportwear.com/wp-cron.php?doing_wp_cron=1575176543.5288589000701904296875" "WordPress/5.2.4; https://amazingsportwear.com" "-"
191.6.196.200 - - [01/Dec/2019:06:02:22 +0100] "GET /wp-admin/tools.php HTTP/1.1" 302 392 "http://site.ru" "Mozilla/5.0 (Windows; U; Windows NT 5.1; en-US) AppleWebKit/533.4 (KHTML, like Gecko) Chrome/5.0.375.99 Safari/533.4" "-"
191.6.196.200 - - [01/Dec/2019:06:02:24 +0100] "GET /wp-admin/tools.php HTTP/1.1" 302 3690 "http://site.ru" "Mozilla/5.0 (Windows; U; Windows NT 5.1; en-US) AppleWebKit/533.4 (KHTML, like Gecko) Chrome/5.0.375.99 Safari/533.4" "-"
191.6.196.200 - - [01/Dec/2019:06:02:25 +0100] "GET /wp-login.php?redirect_to=https%3A%2F%2Famazingsportwear.com%2Fwp-admin%2Ftools.php&reauth=1 HTTP/1.1" 200 6705 "http://site.ru" "Mozilla/5.0 (Windows; U; Windows NT 5.1; en-US) AppleWebKit/533.4 (KHTML, like Gecko) Chrome/5.0.375.99 Safari/533.4" "-"
217.76.130.90 - - [01/Dec/2019:06:12:22 +0100] "POST /wp-cron.php?doing_wp_cron=1575177142.2115259170532226562500 HTTP/1.1" 200 3389 "https://amazingsportwear.com/wp-cron.php?doing_wp_cron=1575177142.2115259170532226562500" "WordPress/5.2.4; https://amazingsportwear.com" "-"
66.249.69.210 - - [01/Dec/2019:06:12:20 +0100] "GET /producto/mono-triatlon/ HTTP/1.1" 200 90947 "-" "Mozilla/5.0 (Linux; Android 6.0.1; Nexus 5X Build/MMB29P) AppleWebKit/537.36 (KHTML, like Gecko) Chrome/41.0.2272.96 Mobile Safari/537.36 (compatible; Googlebot/2.1; +http://www.google.com/bot.html)" "-"
66.249.69.210 - - [01/Dec/2019:06:12:29 +0100] "POST /?wc-ajax=get_refreshed_fragments HTTP/1.1" 200 1397 "https://amazingsportwear.com/producto/mono-triatlon/" "Mozilla/5.0 (Linux; Android 6.0.1; Nexus 5X Build/MMB29P) AppleWebKit/537.36 (KHTML, like Gecko) Chrome/41.0.2272.96 Mobile Safari/537.36 (compatible; Googlebot/2.1; +http://www.google.com/bot.html)" "_ga=GA1.2.969013651.1575158400; _gid=GA1.2.1978218920.1575158400; _gat_gtag_UA_91619287_1=1"
217.76.130.90 - - [01/Dec/2019:06:14:24 +0100] "POST /wp-cron.php?doing_wp_cron=1575177264.4812450408935546875000 HTTP/1.1" 200 3389 "https://amazingsportwear.com/wp-cron.php?doing_wp_cron=1575177264.4812450408935546875000" "WordPress/5.2.4; https://amazingsportwear.com" "-"
66.249.69.208 - - [01/Dec/2019:06:14:23 +0100] "GET /producto/gorra-sport/ HTTP/1.1" 200 102216 "-" "Mozilla/5.0 (Linux; Android 6.0.1; Nexus 5X Build/MMB29P) AppleWebKit/537.36 (KHTML, like Gecko) Chrome/41.0.2272.96 Mobile Safari/537.36 (compatible; Googlebot/2.1; +http://www.google.com/bot.html)" "-"
