190.53.113.252 - - [19/Nov/2019:16:46:21 +0100] "GET /wp-content/uploads/2019/04/Gorra-sport-11.png HTTP/1.1" 200 131116 "https://www.google.com/" "Mozilla/5.0 (Windows NT 10.0; Win64; x64) AppleWebKit/537.36 (KHTML, like Gecko) Chrome/78.0.3904.108 Safari/537.36" "-"
190.53.113.252 - - [19/Nov/2019:16:46:48 +0100] "GET /wp-content/uploads/2019/04/gorra-lorenz-4.png HTTP/1.1" 200 74749 "https://www.google.com/" "Mozilla/5.0 (Windows NT 10.0; Win64; x64) AppleWebKit/537.36 (KHTML, like Gecko) Chrome/78.0.3904.108 Safari/537.36" "-"
217.76.130.90 - - [19/Nov/2019:16:49:02 +0100] "POST /wp-cron.php?doing_wp_cron=1574178542.5272510051727294921875 HTTP/1.1" 200 164 "http://amazingsportwear.com/wp-cron.php?doing_wp_cron=1574178542.5272510051727294921875" "WordPress/5.2.4; https://amazingsportwear.com" "-"
62.149.29.55 - - [19/Nov/2019:16:48:59 +0100] "GET / HTTP/1.0" 301 265 "http://amazingsportwear.com/" "Mozilla/5.0 (Windows NT 6.1; Win64; x64) AppleWebKit/537.36 (KHTML, like Gecko) Chrome/67.0.3396.87 Safari/537.36" "-"
62.149.29.55 - - [19/Nov/2019:16:49:03 +0100] "GET / HTTP/1.0" 200 124670 "https://amazingsportwear.com/" "Mozilla/5.0 (Windows NT 6.1; Win64; x64) AppleWebKit/537.36 (KHTML, like Gecko) Chrome/67.0.3396.87 Safari/537.36" "wpfront-notification-bar-landingpage=1"
62.149.29.55 - - [19/Nov/2019:16:49:07 +0100] "POST / HTTP/1.0" 200 126234 "https://amazingsportwear.com/" "Mozilla/5.0 (Windows NT 6.1; Win64; x64) AppleWebKit/537.36 (KHTML, like Gecko) Chrome/67.0.3396.87 Safari/537.36" "wpfront-notification-bar-landingpage=1"
190.218.170.83 - - [19/Nov/2019:16:58:06 +0100] "GET /wp-content/uploads/2019/04/Gorra-sport-10.png HTTP/1.1" 200 60426 "https://www.google.com/" "Mozilla/5.0 (Windows NT 10.0; Win64; x64) AppleWebKit/537.36 (KHTML, like Gecko) Chrome/78.0.3904.97 Safari/537.36" "-"
217.76.130.90 - - [19/Nov/2019:17:00:41 +0100] "POST /wp-cron.php?doing_wp_cron=1574179241.8682610988616943359375 HTTP/1.1" 200 3389 "https://amazingsportwear.com/wp-cron.php?doing_wp_cron=1574179241.8682610988616943359375" "WordPress/5.2.4; https://amazingsportwear.com" "-"
66.249.66.94 - - [19/Nov/2019:17:00:39 +0100] "GET /producto/camiseta-tecnica-media-cremallera-aq-cross/ HTTP/1.1" 200 102307 "-" "Mozilla/5.0 (compatible; Googlebot/2.1; +http://www.google.com/bot.html)" "-"
66.249.66.94 - - [19/Nov/2019:17:00:46 +0100] "POST /?wc-ajax=get_refreshed_fragments HTTP/1.1" 200 1397 "https://amazingsportwear.com/producto/camiseta-tecnica-media-cremallera-aq-cross/" "Mozilla/5.0 AppleWebKit/537.36 (KHTML, like Gecko; compatible; Googlebot/2.1; +http://www.google.com/bot.html) Safari/537.36" "_ga=GA1.2.931330593.1574121600; _gid=GA1.2.2074753562.1574121600; _gat_gtag_UA_91619287_1=1"
181.53.12.159 - - [19/Nov/2019:17:15:50 +0100] "GET /wp-content/uploads/2019/04/Llavero-metalico-futbol-3.png HTTP/1.1" 200 46821 "https://www.google.com/" "Mozilla/5.0 (Windows NT 10.0; Win64; x64) AppleWebKit/537.36 (KHTML, like Gecko) Chrome/78.0.3904.97 Safari/537.36" "-"
217.76.130.90 - - [19/Nov/2019:17:22:17 +0100] "POST /wp-cron.php?doing_wp_cron=1574180537.7502660751342773437500 HTTP/1.1" 200 164 "http://amazingsportwear.com/wp-cron.php?doing_wp_cron=1574180537.7502660751342773437500" "WordPress/5.2.4; https://amazingsportwear.com" "-"
34.221.203.151 - - [19/Nov/2019:17:22:14 +0100] "GET / HTTP/1.1" 301 279 "-" "Mozilla/5.0 (Windows NT 6.1; Win64; x64) AppleWebKit/537.36 (KHTML, like Gecko) Chrome/72.0.3626.109 Safari/537.36" "-"
34.221.203.151 - - [19/Nov/2019:17:22:18 +0100] "GET / HTTP/1.1" 200 125498 "-" "Mozilla/5.0 (Windows NT 6.1; Win64; x64) AppleWebKit/537.36 (KHTML, like Gecko) Chrome/72.0.3626.109 Safari/537.36" "wpfront-notification-bar-landingpage=1"
186.179.100.99 - - [19/Nov/2019:17:26:41 +0100] "GET /wp-content/uploads/2019/04/gorra-five-7.png HTTP/1.1" 200 86560 "https://www.google.com.co/" "Mozilla/5.0 (Windows NT 10.0; Win64; x64) AppleWebKit/537.36 (KHTML, like Gecko) Chrome/64.0.3282.140 Safari/537.36 Edge/18.17763" "-"
217.76.130.90 - - [19/Nov/2019:17:32:48 +0100] "POST /wp-cron.php?doing_wp_cron=1574181168.7680869102478027343750 HTTP/1.1" 200 164 "http://amazingsportwear.com/wp-cron.php?doing_wp_cron=1574181168.7680869102478027343750" "WordPress/5.2.4; https://amazingsportwear.com" "-"
3.210.174.98 - - [19/Nov/2019:17:32:46 +0100] "GET / HTTP/1.1" 301 336 "-" "Mozilla/5.0 (Windows NT 6.1; Trident/7.0; rv:11.0) like Gecko" "-"
3.210.174.98 - - [19/Nov/2019:17:32:49 +0100] "GET / HTTP/1.1" 200 125735 "-" "Mozilla/5.0 (Windows NT 6.1; Trident/7.0; rv:11.0) like Gecko" "wpfront-notification-bar-landingpage=1"
3.210.174.98 - - [19/Nov/2019:17:32:53 +0100] "GET / HTTP/1.1" 301 336 "-" "Mozilla/5.0 (Windows NT 10.0; Win64; x64) AppleWebKit/537.36 (KHTML, like Gecko) Chrome/73.0.3683.86 Safari/537.36" "-"
3.210.174.98 - - [19/Nov/2019:17:32:55 +0100] "GET / HTTP/1.1" 200 125765 "-" "Mozilla/5.0 (Windows NT 10.0; Win64; x64) AppleWebKit/537.36 (KHTML, like Gecko) Chrome/73.0.3683.86 Safari/537.36" "wpfront-notification-bar-landingpage=1"
3.210.174.98 - - [19/Nov/2019:17:32:57 +0100] "GET /wp-includes/css/dist/block-library/style.min.css?ver=5.2.4 HTTP/1.1" 200 29798 "https://amazingsportwear.com/" "Mozilla/5.0 (Windows NT 10.0; Win64; x64) AppleWebKit/537.36 (KHTML, like Gecko) Chrome/73.0.3683.86 Safari/537.36" "wpfront-notification-bar-landingpage=1"
3.210.174.98 - - [19/Nov/2019:17:32:57 +0100] "GET /wp-content/plugins/woocommerce/assets/css/blocks/style.css?ver=3.6.4 HTTP/1.1" 200 6835 "https://amazingsportwear.com/" "Mozilla/5.0 (Windows NT 10.0; Win64; x64) AppleWebKit/537.36 (KHTML, like Gecko) Chrome/73.0.3683.86 Safari/537.36" "wpfront-notification-bar-landingpage=1"
3.210.174.98 - - [19/Nov/2019:17:32:57 +0100] "GET /wp-content/plugins/cookie-law-info/public/css/cookie-law-info-public.css?ver=1.7.6 HTTP/1.1" 200 3373 "https://amazingsportwear.com/" "Mozilla/5.0 (Windows NT 10.0; Win64; x64) AppleWebKit/537.36 (KHTML, like Gecko) Chrome/73.0.3683.86 Safari/537.36" "wpfront-notification-bar-landingpage=1"
3.210.174.98 - - [19/Nov/2019:17:32:57 +0100] "GET /wp-content/plugins/cookie-law-info/public/css/cookie-law-info-gdpr.css?ver=1.7.6 HTTP/1.1" 200 12583 "https://amazingsportwear.com/" "Mozilla/5.0 (Windows NT 10.0; Win64; x64) AppleWebKit/537.36 (KHTML, like Gecko) Chrome/73.0.3683.86 Safari/537.36" "wpfront-notification-bar-landingpage=1"
3.210.174.98 - - [19/Nov/2019:17:32:57 +0100] "GET /wp-content/plugins/wpfront-notification-bar/css/wpfront-notification-bar.css?ver=1.7.1 HTTP/1.1" 200 3801 "https://amazingsportwear.com/" "Mozilla/5.0 (Windows NT 10.0; Win64; x64) AppleWebKit/537.36 (KHTML, like Gecko) Chrome/73.0.3683.86 Safari/537.36" "wpfront-notification-bar-landingpage=1"
3.210.174.98 - - [19/Nov/2019:17:32:57 +0100] "GET /wp-content/plugins/simple-social-icons/css/style.css?ver=3.0.1 HTTP/1.1" 200 1562 "https://amazingsportwear.com/" "Mozilla/5.0 (Windows NT 10.0; Win64; x64) AppleWebKit/537.36 (KHTML, like Gecko) Chrome/73.0.3683.86 Safari/537.36" "wpfront-notification-bar-landingpage=1"
3.210.174.98 - - [19/Nov/2019:17:32:57 +0100] "GET /wp-content/plugins/elementor/assets/lib/eicons/css/elementor-icons.min.css?ver=4.3.0 HTTP/1.1" 200 11850 "https://amazingsportwear.com/" "Mozilla/5.0 (Windows NT 10.0; Win64; x64) AppleWebKit/537.36 (KHTML, like Gecko) Chrome/73.0.3683.86 Safari/537.36" "wpfront-notification-bar-landingpage=1"
3.210.174.98 - - [19/Nov/2019:17:32:57 +0100] "GET /wp-content/plugins/elementor/assets/lib/font-awesome/css/font-awesome.min.css?ver=4.7.0 HTTP/1.1" 200 31365 "https://amazingsportwear.com/" "Mozilla/5.0 (Windows NT 10.0; Win64; x64) AppleWebKit/537.36 (KHTML, like Gecko) Chrome/73.0.3683.86 Safari/537.36" "wpfront-notification-bar-landingpage=1"
3.210.174.98 - - [19/Nov/2019:17:32:57 +0100] "GET /wp-content/plugins/elementor/assets/lib/animations/animations.min.css?ver=2.5.16 HTTP/1.1" 200 18833 "https://amazingsportwear.com/" "Mozilla/5.0 (Windows NT 10.0; Win64; x64) AppleWebKit/537.36 (KHTML, like Gecko) Chrome/73.0.3683.86 Safari/537.36" "wpfront-notification-bar-landingpage=1"
3.210.174.98 - - [19/Nov/2019:17:32:57 +0100] "GET /wp-content/uploads/elementor/css/global.css?ver=1559638744 HTTP/1.1" 200 5136 "https://amazingsportwear.com/" "Mozilla/5.0 (Windows NT 10.0; Win64; x64) AppleWebKit/537.36 (KHTML, like Gecko) Chrome/73.0.3683.86 Safari/537.36" "wpfront-notification-bar-landingpage=1"
3.210.174.98 - - [19/Nov/2019:17:32:57 +0100] "GET /wp-content/uploads/elementor/css/post-16241.css?ver=1562311573 HTTP/1.1" 200 4934 "https://amazingsportwear.com/" "Mozilla/5.0 (Windows NT 10.0; Win64; x64) AppleWebKit/537.36 (KHTML, like Gecko) Chrome/73.0.3683.86 Safari/537.36" "wpfront-notification-bar-landingpage=1"
3.210.174.98 - - [19/Nov/2019:17:32:57 +0100] "GET /wp-content/themes/shopper/style.css?ver=1.3.8 HTTP/1.1" 200 125315 "https://amazingsportwear.com/" "Mozilla/5.0 (Windows NT 10.0; Win64; x64) AppleWebKit/537.36 (KHTML, like Gecko) Chrome/73.0.3683.86 Safari/537.36" "wpfront-notification-bar-landingpage=1"
3.210.174.98 - - [19/Nov/2019:17:32:57 +0100] "GET /wp-content/themes/shopper/assets/sass/woocommerce/woocommerce.css?ver=5.2.4 HTTP/1.1" 200 83534 "https://amazingsportwear.com/" "Mozilla/5.0 (Windows NT 10.0; Win64; x64) AppleWebKit/537.36 (KHTML, like Gecko) Chrome/73.0.3683.86 Safari/537.36" "wpfront-notification-bar-landingpage=1"
3.210.174.98 - - [19/Nov/2019:17:32:57 +0100] "GET /wp-content/plugins/smart-slider-3/library/media/smartslider.min.css?1559118093 HTTP/1.1" 200 19959 "https://amazingsportwear.com/" "Mozilla/5.0 (Windows NT 10.0; Win64; x64) AppleWebKit/537.36 (KHTML, like Gecko) Chrome/73.0.3683.86 Safari/537.36" "wpfront-notification-bar-landingpage=1"
3.210.174.98 - - [19/Nov/2019:17:32:57 +0100] "GET /wp-content/plugins/elementor/assets/css/frontend.min.css?ver=2.5.16 HTTP/1.1" 200 95366 "https://amazingsportwear.com/" "Mozilla/5.0 (Windows NT 10.0; Win64; x64) AppleWebKit/537.36 (KHTML, like Gecko) Chrome/73.0.3683.86 Safari/537.36" "wpfront-notification-bar-landingpage=1"
3.210.174.98 - - [19/Nov/2019:17:32:57 +0100] "GET /wp-includes/js/jquery/jquery-migrate.min.js?ver=1.4.1 HTTP/1.1" 200 10399 "https://amazingsportwear.com/" "Mozilla/5.0 (Windows NT 10.0; Win64; x64) AppleWebKit/537.36 (KHTML, like Gecko) Chrome/73.0.3683.86 Safari/537.36" "wpfront-notification-bar-landingpage=1"
3.210.174.98 - - [19/Nov/2019:17:32:57 +0100] "GET /wp-includes/js/jquery/jquery.js?ver=1.12.4-wp HTTP/1.1" 200 97362 "https://amazingsportwear.com/" "Mozilla/5.0 (Windows NT 10.0; Win64; x64) AppleWebKit/537.36 (KHTML, like Gecko) Chrome/73.0.3683.86 Safari/537.36" "wpfront-notification-bar-landingpage=1"
3.210.174.98 - - [19/Nov/2019:17:32:57 +0100] "GET /favicon.ico HTTP/1.1" 200 3622 "-" "Mozilla/5.0 (X11; Linux x86_64) AppleWebKit/537.36 (KHTML, like Gecko) Chrome/63.0.3239.108 Safari/537.36" "-"
3.210.174.98 - - [19/Nov/2019:17:32:57 +0100] "GET /wp-content/plugins/cookie-law-info/public/js/cookie-law-info-public.js?ver=1.7.6 HTTP/1.1" 200 17076 "https://amazingsportwear.com/" "Mozilla/5.0 (Windows NT 10.0; Win64; x64) AppleWebKit/537.36 (KHTML, like Gecko) Chrome/73.0.3683.86 Safari/537.36" "wpfront-notification-bar-landingpage=1"
3.210.174.98 - - [19/Nov/2019:17:32:57 +0100] "GET /wp-content/plugins/wpfront-notification-bar/jquery-plugins/jquery.c.js?ver=1.4.0 HTTP/1.1" 200 3437 "https://amazingsportwear.com/" "Mozilla/5.0 (Windows NT 10.0; Win64; x64) AppleWebKit/537.36 (KHTML, like Gecko) Chrome/73.0.3683.86 Safari/537.36" "wpfront-notification-bar-landingpage=1"
3.210.174.98 - - [19/Nov/2019:17:32:57 +0100] "GET /wp-content/plugins/wpfront-notification-bar/js/wpfront-notification-bar.js?ver=1.7.1 HTTP/1.1" 200 5662 "https://amazingsportwear.com/" "Mozilla/5.0 (Windows NT 10.0; Win64; x64) AppleWebKit/537.36 (KHTML, like Gecko) Chrome/73.0.3683.86 Safari/537.36" "wpfront-notification-bar-landingpage=1"
3.210.174.98 - - [19/Nov/2019:17:32:57 +0100] "GET /wp-content/plugins/simple-social-icons/svgxuse.js?ver=1.1.21 HTTP/1.1" 200 9580 "https://amazingsportwear.com/" "Mozilla/5.0 (Windows NT 10.0; Win64; x64) AppleWebKit/537.36 (KHTML, like Gecko) Chrome/73.0.3683.86 Safari/537.36" "wpfront-notification-bar-landingpage=1"
3.210.174.98 - - [19/Nov/2019:17:32:57 +0100] "GET /wp-content/plugins/smart-slider-3/nextend/media/dist/n2.min.js?1559118093 HTTP/1.1" 200 3836 "https://amazingsportwear.com/" "Mozilla/5.0 (Windows NT 10.0; Win64; x64) AppleWebKit/537.36 (KHTML, like Gecko) Chrome/73.0.3683.86 Safari/537.36" "wpfront-notification-bar-landingpage=1"
3.210.174.98 - - [19/Nov/2019:17:32:57 +0100] "GET /wp-content/plugins/smart-slider-3/nextend/media/dist/nextend-frontend.min.js?1559118093 HTTP/1.1" 200 86339 "https://amazingsportwear.com/" "Mozilla/5.0 (Windows NT 10.0; Win64; x64) AppleWebKit/537.36 (KHTML, like Gecko) Chrome/73.0.3683.86 Safari/537.36" "wpfront-notification-bar-landingpage=1"
3.210.174.98 - - [19/Nov/2019:17:32:57 +0100] "GET /wp-content/plugins/smart-slider-3/library/media/dist/smartslider-frontend.min.js?1559118093 HTTP/1.1" 200 127293 "https://amazingsportwear.com/" "Mozilla/5.0 (Windows NT 10.0; Win64; x64) AppleWebKit/537.36 (KHTML, like Gecko) Chrome/73.0.3683.86 Safari/537.36" "wpfront-notification-bar-landingpage=1"
3.210.174.98 - - [19/Nov/2019:17:32:57 +0100] "GET /wp-content/plugins/smart-slider-3/library/media/plugins/type/simple/simple/dist/smartslider-simple-type-frontend.min.js?1559118093 HTTP/1.1" 200 18973 "https://amazingsportwear.com/" "Mozilla/5.0 (Windows NT 10.0; Win64; x64) AppleWebKit/537.36 (KHTML, like Gecko) Chrome/73.0.3683.86 Safari/537.36" "wpfront-notification-bar-landingpage=1"
3.210.174.98 - - [19/Nov/2019:17:32:57 +0100] "GET /wp-includes/js/wp-emoji-release.min.js?ver=5.2.4 HTTP/1.1" 200 14183 "https://amazingsportwear.com/" "Mozilla/5.0 (Windows NT 10.0; Win64; x64) AppleWebKit/537.36 (KHTML, like Gecko) Chrome/73.0.3683.86 Safari/537.36" "wpfront-notification-bar-landingpage=1"
3.210.174.98 - - [19/Nov/2019:17:32:57 +0100] "GET /wp-content/uploads/2019/05/cropped-asw-white.png HTTP/1.1" 200 7500 "https://amazingsportwear.com/" "Mozilla/5.0 (Windows NT 10.0; Win64; x64) AppleWebKit/537.36 (KHTML, like Gecko) Chrome/73.0.3683.86 Safari/537.36" "wpfront-notification-bar-landingpage=1"
3.210.174.98 - - [19/Nov/2019:17:32:57 +0100] "GET /wp-content/themes/shopper/assets/js/crm.js?ver=1561548510 HTTP/1.1" 200 874 "https://amazingsportwear.com/" "Mozilla/5.0 (Windows NT 10.0; Win64; x64) AppleWebKit/537.36 (KHTML, like Gecko) Chrome/73.0.3683.86 Safari/537.36" "wpfront-notification-bar-landingpage=1"
3.210.174.98 - - [19/Nov/2019:17:32:57 +0100] "GET /wp-content/plugins/woocommerce/assets/js/jquery-blockui/jquery.blockUI.min.js?ver=2.70 HTTP/1.1" 200 9908 "https://amazingsportwear.com/" "Mozilla/5.0 (Windows NT 10.0; Win64; x64) AppleWebKit/537.36 (KHTML, like Gecko) Chrome/73.0.3683.86 Safari/537.36" "wpfront-notification-bar-landingpage=1"
3.210.174.98 - - [19/Nov/2019:17:32:57 +0100] "GET /wp-content/plugins/woocommerce/assets/js/js-cookie/js.cookie.min.js?ver=2.1.4 HTTP/1.1" 200 2187 "https://amazingsportwear.com/" "Mozilla/5.0 (Windows NT 10.0; Win64; x64) AppleWebKit/537.36 (KHTML, like Gecko) Chrome/73.0.3683.86 Safari/537.36" "wpfront-notification-bar-landingpage=1"
3.210.174.98 - - [19/Nov/2019:17:32:57 +0100] "GET /wp-content/plugins/woocommerce/assets/js/frontend/add-to-cart.min.js?ver=3.6.4 HTTP/1.1" 200 2983 "https://amazingsportwear.com/" "Mozilla/5.0 (Windows NT 10.0; Win64; x64) AppleWebKit/537.36 (KHTML, like Gecko) Chrome/73.0.3683.86 Safari/537.36" "wpfront-notification-bar-landingpage=1"
3.210.174.98 - - [19/Nov/2019:17:32:57 +0100] "GET /wp-content/plugins/woocommerce/assets/js/frontend/woocommerce.min.js?ver=3.6.4 HTTP/1.1" 200 1813 "https://amazingsportwear.com/" "Mozilla/5.0 (Windows NT 10.0; Win64; x64) AppleWebKit/537.36 (KHTML, like Gecko) Chrome/73.0.3683.86 Safari/537.36" "wpfront-notification-bar-landingpage=1"
3.210.174.98 - - [19/Nov/2019:17:32:57 +0100] "GET /wp-content/plugins/woocommerce/assets/js/frontend/cart-fragments.min.js?ver=3.6.4 HTTP/1.1" 200 3281 "https://amazingsportwear.com/" "Mozilla/5.0 (Windows NT 10.0; Win64; x64) AppleWebKit/537.36 (KHTML, like Gecko) Chrome/73.0.3683.86 Safari/537.36" "wpfront-notification-bar-landingpage=1"
3.210.174.98 - - [19/Nov/2019:17:32:58 +0100] "GET /wp-content/plugins/elementor/assets/lib/font-awesome/fonts/fontawesome-webfont.woff2?v=4.7.0 HTTP/1.1" 200 77615 "https://amazingsportwear.com/wp-content/plugins/elementor/assets/lib/font-awesome/css/font-awesome.min.css?ver=4.7.0" "Mozilla/5.0 (Windows NT 10.0; Win64; x64) AppleWebKit/537.36 (KHTML, like Gecko) Chrome/73.0.3683.86 Safari/537.36" "wpfront-notification-bar-landingpage=1"
3.210.174.98 - - [19/Nov/2019:17:32:58 +0100] "GET /wp-content/themes/shopper/assets/js/skip-link-focus-fix.js?ver=1.3.8 HTTP/1.1" 200 1023 "https://amazingsportwear.com/" "Mozilla/5.0 (Windows NT 10.0; Win64; x64) AppleWebKit/537.36 (KHTML, like Gecko) Chrome/73.0.3683.86 Safari/537.36" "wpfront-notification-bar-landingpage=1"
3.210.174.98 - - [19/Nov/2019:17:32:58 +0100] "GET /wp-content/uploads/2018/05/cif-g221-2-300x300.jpg HTTP/1.1" 200 8294 "https://amazingsportwear.com/" "Mozilla/5.0 (Windows NT 10.0; Win64; x64) AppleWebKit/537.36 (KHTML, like Gecko) Chrome/73.0.3683.86 Safari/537.36" "wpfront-notification-bar-landingpage=1"
3.210.174.98 - - [19/Nov/2019:17:32:58 +0100] "GET /wp-content/uploads/2019/04/Llavero-triumph-1-300x300.png HTTP/1.1" 200 12855 "https://amazingsportwear.com/" "Mozilla/5.0 (Windows NT 10.0; Win64; x64) AppleWebKit/537.36 (KHTML, like Gecko) Chrome/73.0.3683.86 Safari/537.36" "wpfront-notification-bar-landingpage=1"
3.210.174.98 - - [19/Nov/2019:17:32:58 +0100] "GET /wp-content/uploads/2019/04/bidon-match-4-300x300.png HTTP/1.1" 200 71820 "https://amazingsportwear.com/" "Mozilla/5.0 (Windows NT 10.0; Win64; x64) AppleWebKit/537.36 (KHTML, like Gecko) Chrome/73.0.3683.86 Safari/537.36" "wpfront-notification-bar-landingpage=1"
3.210.174.98 - - [19/Nov/2019:17:32:58 +0100] "GET /wp-content/uploads/2018/05/cp-lycra-2.jpg HTTP/1.1" 200 13775 "https://amazingsportwear.com/" "Mozilla/5.0 (Windows NT 10.0; Win64; x64) AppleWebKit/537.36 (KHTML, like Gecko) Chrome/73.0.3683.86 Safari/537.36" "wpfront-notification-bar-landingpage=1"
3.210.174.98 - - [19/Nov/2019:17:32:58 +0100] "GET /wp-content/uploads/2019/04/SA-6684-1-300x300.png HTTP/1.1" 200 94808 "https://amazingsportwear.com/" "Mozilla/5.0 (Windows NT 10.0; Win64; x64) AppleWebKit/537.36 (KHTML, like Gecko) Chrome/73.0.3683.86 Safari/537.36" "wpfront-notification-bar-landingpage=1"
3.210.174.98 - - [19/Nov/2019:17:32:58 +0100] "GET /wp-content/uploads/2019/04/bolsa-deporte-young-1-300x300.png HTTP/1.1" 200 77335 "https://amazingsportwear.com/" "Mozilla/5.0 (Windows NT 10.0; Win64; x64) AppleWebKit/537.36 (KHTML, like Gecko) Chrome/73.0.3683.86 Safari/537.36" "wpfront-notification-bar-landingpage=1"
3.210.174.98 - - [19/Nov/2019:17:32:58 +0100] "GET /wp-content/uploads/2019/04/mochila-decath-5-300x300.png HTTP/1.1" 200 64031 "https://amazingsportwear.com/" "Mozilla/5.0 (Windows NT 10.0; Win64; x64) AppleWebKit/537.36 (KHTML, like Gecko) Chrome/73.0.3683.86 Safari/537.36" "wpfront-notification-bar-landingpage=1"
3.210.174.98 - - [19/Nov/2019:17:32:58 +0100] "GET /wp-content/themes/shopper/assets/fonts/fontawesome-webfont.woff2?v=4.7.0 HTTP/1.1" 200 77615 "https://amazingsportwear.com/wp-content/themes/shopper/style.css?ver=1.3.8" "Mozilla/5.0 (Windows NT 10.0; Win64; x64) AppleWebKit/537.36 (KHTML, like Gecko) Chrome/73.0.3683.86 Safari/537.36" "wpfront-notification-bar-landingpage=1"
3.210.174.98 - - [19/Nov/2019:17:32:58 +0100] "GET /wp-content/uploads/2018/05/cat-3164-amarillo-300x300.png HTTP/1.1" 200 72410 "https://amazingsportwear.com/" "Mozilla/5.0 (Windows NT 10.0; Win64; x64) AppleWebKit/537.36 (KHTML, like Gecko) Chrome/73.0.3683.86 Safari/537.36" "wpfront-notification-bar-landingpage=1"
3.210.174.98 - - [19/Nov/2019:17:32:58 +0100] "GET /wp-content/uploads/2017/03/sa-0415_60-300x300.jpg HTTP/1.1" 200 15272 "https://amazingsportwear.com/" "Mozilla/5.0 (Windows NT 10.0; Win64; x64) AppleWebKit/537.36 (KHTML, like Gecko) Chrome/73.0.3683.86 Safari/537.36" "wpfront-notification-bar-landingpage=1"
3.210.174.98 - - [19/Nov/2019:17:32:58 +0100] "GET /wp-content/uploads/2018/06/sa-6502-naranja-300x300.jpg HTTP/1.1" 200 42656 "https://amazingsportwear.com/" "Mozilla/5.0 (Windows NT 10.0; Win64; x64) AppleWebKit/537.36 (KHTML, like Gecko) Chrome/73.0.3683.86 Safari/537.36" "wpfront-notification-bar-landingpage=1"
3.210.174.98 - - [19/Nov/2019:17:32:58 +0100] "GET /wp-content/uploads/2019/04/toalla-absorvente-gymnasio-7-300x300.png HTTP/1.1" 200 78664 "https://amazingsportwear.com/" "Mozilla/5.0 (Windows NT 10.0; Win64; x64) AppleWebKit/537.36 (KHTML, like Gecko) Chrome/73.0.3683.86 Safari/537.36" "wpfront-notification-bar-landingpage=1"
3.210.174.98 - - [19/Nov/2019:17:32:58 +0100] "GET /wp-content/themes/shopper/assets/js/shopper.min.js?ver=1.3.8 HTTP/1.1" 200 5994 "https://amazingsportwear.com/" "Mozilla/5.0 (Windows NT 10.0; Win64; x64) AppleWebKit/537.36 (KHTML, like Gecko) Chrome/73.0.3683.86 Safari/537.36" "wpfront-notification-bar-landingpage=1"
3.210.174.98 - - [19/Nov/2019:17:32:58 +0100] "GET /wp-content/uploads/2019/04/Gorra-sport-12-300x300.png HTTP/1.1" 200 49394 "https://amazingsportwear.com/" "Mozilla/5.0 (Windows NT 10.0; Win64; x64) AppleWebKit/537.36 (KHTML, like Gecko) Chrome/73.0.3683.86 Safari/537.36" "wpfront-notification-bar-landingpage=1"
3.210.174.98 - - [19/Nov/2019:17:32:58 +0100] "GET /wp-content/uploads/2019/07/carpa-1024x771.jpg HTTP/1.1" 200 89325 "https://amazingsportwear.com/" "Mozilla/5.0 (Windows NT 10.0; Win64; x64) AppleWebKit/537.36 (KHTML, like Gecko) Chrome/73.0.3683.86 Safari/537.36" "wpfront-notification-bar-landingpage=1"
3.210.174.98 - - [19/Nov/2019:17:32:58 +0100] "GET /wp-content/themes/shopper/assets/js/woocommerce/header-cart.min.js?ver=1.3.8 HTTP/1.1" 200 972 "https://amazingsportwear.com/" "Mozilla/5.0 (Windows NT 10.0; Win64; x64) AppleWebKit/537.36 (KHTML, like Gecko) Chrome/73.0.3683.86 Safari/537.36" "wpfront-notification-bar-landingpage=1"
3.210.174.98 - - [19/Nov/2019:17:32:58 +0100] "GET /wp-content/plugins/elementor/assets/js/frontend-modules.min.js?ver=2.5.16 HTTP/1.1" 200 11486 "https://amazingsportwear.com/" "Mozilla/5.0 (Windows NT 10.0; Win64; x64) AppleWebKit/537.36 (KHTML, like Gecko) Chrome/73.0.3683.86 Safari/537.36" "wpfront-notification-bar-landingpage=1"
3.210.174.98 - - [19/Nov/2019:17:32:58 +0100] "GET /wp-includes/js/wp-embed.min.js?ver=5.2.4 HTTP/1.1" 200 1744 "https://amazingsportwear.com/" "Mozilla/5.0 (Windows NT 10.0; Win64; x64) AppleWebKit/537.36 (KHTML, like Gecko) Chrome/73.0.3683.86 Safari/537.36" "wpfront-notification-bar-landingpage=1"
3.210.174.98 - - [19/Nov/2019:17:32:58 +0100] "GET /wp-includes/js/jquery/ui/position.min.js?ver=1.11.4 HTTP/1.1" 200 6869 "https://amazingsportwear.com/" "Mozilla/5.0 (Windows NT 10.0; Win64; x64) AppleWebKit/537.36 (KHTML, like Gecko) Chrome/73.0.3683.86 Safari/537.36" "wpfront-notification-bar-landingpage=1"
3.210.174.98 - - [19/Nov/2019:17:32:58 +0100] "GET /wp-content/plugins/elementor/assets/lib/slick/slick.min.js?ver=1.8.1 HTTP/1.1" 200 43264 "https://amazingsportwear.com/" "Mozilla/5.0 (Windows NT 10.0; Win64; x64) AppleWebKit/537.36 (KHTML, like Gecko) Chrome/73.0.3683.86 Safari/537.36" "wpfront-notification-bar-landingpage=1"
3.210.174.98 - - [19/Nov/2019:17:32:58 +0100] "GET /wp-content/plugins/elementor/assets/lib/dialog/dialog.min.js?ver=4.7.1 HTTP/1.1" 200 10911 "https://amazingsportwear.com/" "Mozilla/5.0 (Windows NT 10.0; Win64; x64) AppleWebKit/537.36 (KHTML, like Gecko) Chrome/73.0.3683.86 Safari/537.36" "wpfront-notification-bar-landingpage=1"
3.210.174.98 - - [19/Nov/2019:17:32:58 +0100] "GET /wp-content/plugins/elementor/assets/lib/waypoints/waypoints.min.js?ver=4.0.2 HTTP/1.1" 200 12541 "https://amazingsportwear.com/" "Mozilla/5.0 (Windows NT 10.0; Win64; x64) AppleWebKit/537.36 (KHTML, like Gecko) Chrome/73.0.3683.86 Safari/537.36" "wpfront-notification-bar-landingpage=1"
3.210.174.98 - - [19/Nov/2019:17:32:58 +0100] "GET /wp-content/plugins/elementor/assets/js/frontend.min.js?ver=2.5.16 HTTP/1.1" 200 41341 "https://amazingsportwear.com/" "Mozilla/5.0 (Windows NT 10.0; Win64; x64) AppleWebKit/537.36 (KHTML, like Gecko) Chrome/73.0.3683.86 Safari/537.36" "wpfront-notification-bar-landingpage=1"
3.210.174.98 - - [19/Nov/2019:17:32:58 +0100] "GET /wp-includes/js/jquery/ui/core.min.js?ver=1.11.4 HTTP/1.1" 200 4341 "https://amazingsportwear.com/" "Mozilla/5.0 (Windows NT 10.0; Win64; x64) AppleWebKit/537.36 (KHTML, like Gecko) Chrome/73.0.3683.86 Safari/537.36" "wpfront-notification-bar-landingpage=1"
3.210.174.98 - - [19/Nov/2019:17:32:58 +0100] "GET /wp-content/plugins/si-contact-form/includes/fscf-scripts.js?ver=179 HTTP/1.1" 200 1033 "https://amazingsportwear.com/" "Mozilla/5.0 (Windows NT 10.0; Win64; x64) AppleWebKit/537.36 (KHTML, like Gecko) Chrome/73.0.3683.86 Safari/537.36" "wpfront-notification-bar-landingpage=1"
3.210.174.98 - - [19/Nov/2019:17:32:58 +0100] "GET /wp-content/plugins/elementor/assets/lib/swiper/swiper.min.js?ver=4.4.6 HTTP/1.1" 200 126126 "https://amazingsportwear.com/" "Mozilla/5.0 (Windows NT 10.0; Win64; x64) AppleWebKit/537.36 (KHTML, like Gecko) Chrome/73.0.3683.86 Safari/537.36" "wpfront-notification-bar-landingpage=1"
3.210.174.98 - - [19/Nov/2019:17:32:58 +0100] "GET /wp-content/uploads/2019/07/buff-bandana-300x123.jpg HTTP/1.1" 200 15859 "https://amazingsportwear.com/" "Mozilla/5.0 (Windows NT 10.0; Win64; x64) AppleWebKit/537.36 (KHTML, like Gecko) Chrome/73.0.3683.86 Safari/537.36" "wpfront-notification-bar-landingpage=1"
3.210.174.98 - - [19/Nov/2019:17:32:58 +0100] "GET /wp-content/uploads/2019/07/camiseta-tecnica-mujer-300x124.jpg HTTP/1.1" 200 17320 "https://amazingsportwear.com/" "Mozilla/5.0 (Windows NT 10.0; Win64; x64) AppleWebKit/537.36 (KHTML, like Gecko) Chrome/73.0.3683.86 Safari/537.36" "wpfront-notification-bar-landingpage=1"
3.210.174.98 - - [19/Nov/2019:17:32:58 +0100] "GET /wp-content/uploads/2019/07/camiseta-tecnica-unisex-300x124.jpg HTTP/1.1" 200 17090 "https://amazingsportwear.com/" "Mozilla/5.0 (Windows NT 10.0; Win64; x64) AppleWebKit/537.36 (KHTML, like Gecko) Chrome/73.0.3683.86 Safari/537.36" "wpfront-notification-bar-landingpage=1"
3.210.174.98 - - [19/Nov/2019:17:32:58 +0100] "GET /wp-content/uploads/2019/07/cortavientos-300x124.jpg HTTP/1.1" 200 17094 "https://amazingsportwear.com/" "Mozilla/5.0 (Windows NT 10.0; Win64; x64) AppleWebKit/537.36 (KHTML, like Gecko) Chrome/73.0.3683.86 Safari/537.36" "wpfront-notification-bar-landingpage=1"
3.210.174.98 - - [19/Nov/2019:17:32:58 +0100] "GET /wp-content/uploads/2019/07/gorra-tecnica-300x124.jpg HTTP/1.1" 200 16844 "https://amazingsportwear.com/" "Mozilla/5.0 (Windows NT 10.0; Win64; x64) AppleWebKit/537.36 (KHTML, like Gecko) Chrome/73.0.3683.86 Safari/537.36" "wpfront-notification-bar-landingpage=1"
3.210.174.98 - - [19/Nov/2019:17:32:58 +0100] "GET /wp-content/uploads/2019/07/mochila-saco-300x124.jpg HTTP/1.1" 200 16972 "https://amazingsportwear.com/" "Mozilla/5.0 (Windows NT 10.0; Win64; x64) AppleWebKit/537.36 (KHTML, like Gecko) Chrome/73.0.3683.86 Safari/537.36" "wpfront-notification-bar-landingpage=1"
3.210.174.98 - - [19/Nov/2019:17:32:58 +0100] "GET /wp-content/uploads/2019/07/polo-tecnico-300x124.jpg HTTP/1.1" 200 17539 "https://amazingsportwear.com/" "Mozilla/5.0 (Windows NT 10.0; Win64; x64) AppleWebKit/537.36 (KHTML, like Gecko) Chrome/73.0.3683.86 Safari/537.36" "wpfront-notification-bar-landingpage=1"
3.210.174.98 - - [19/Nov/2019:17:32:58 +0100] "GET /wp-content/uploads/2019/07/toalla-300x124.jpg HTTP/1.1" 200 16957 "https://amazingsportwear.com/" "Mozilla/5.0 (Windows NT 10.0; Win64; x64) AppleWebKit/537.36 (KHTML, like Gecko) Chrome/73.0.3683.86 Safari/537.36" "wpfront-notification-bar-landingpage=1"
3.210.174.98 - - [19/Nov/2019:17:32:58 +0100] "GET /wp-content/uploads/2019/07/zapatillero-300x124.jpg HTTP/1.1" 200 16599 "https://amazingsportwear.com/" "Mozilla/5.0 (Windows NT 10.0; Win64; x64) AppleWebKit/537.36 (KHTML, like Gecko) Chrome/73.0.3683.86 Safari/537.36" "wpfront-notification-bar-landingpage=1"
3.210.174.98 - - [19/Nov/2019:17:32:58 +0100] "GET /wp-content/uploads/2019/07/slider2.jpg HTTP/1.1" 200 250219 "https://amazingsportwear.com/" "Mozilla/5.0 (Windows NT 10.0; Win64; x64) AppleWebKit/537.36 (KHTML, like Gecko) Chrome/73.0.3683.86 Safari/537.36" "wpfront-notification-bar-landingpage=1"
3.210.174.98 - - [19/Nov/2019:17:32:58 +0100] "GET /wp-content/uploads/2019/07/slider1.jpg HTTP/1.1" 200 244573 "https://amazingsportwear.com/" "Mozilla/5.0 (Windows NT 10.0; Win64; x64) AppleWebKit/537.36 (KHTML, like Gecko) Chrome/73.0.3683.86 Safari/537.36" "wpfront-notification-bar-landingpage=1"
3.210.174.98 - - [19/Nov/2019:17:32:59 +0100] "GET /wp-content/uploads/2019/06/amistad3-300x300.jpg HTTP/1.1" 200 12744 "https://amazingsportwear.com/" "Mozilla/5.0 (Windows NT 10.0; Win64; x64) AppleWebKit/537.36 (KHTML, like Gecko) Chrome/73.0.3683.86 Safari/537.36" "wpfront-notification-bar-landingpage=1"
3.210.174.98 - - [19/Nov/2019:17:32:59 +0100] "GET /wp-content/uploads/2019/06/compartir-300x300.jpg HTTP/1.1" 200 10140 "https://amazingsportwear.com/" "Mozilla/5.0 (Windows NT 10.0; Win64; x64) AppleWebKit/537.36 (KHTML, like Gecko) Chrome/73.0.3683.86 Safari/537.36" "wpfront-notification-bar-landingpage=1"
3.210.174.98 - - [19/Nov/2019:17:32:59 +0100] "GET /wp-content/uploads/2019/05/asw-white-300x126.png HTTP/1.1" 200 12061 "https://amazingsportwear.com/" "Mozilla/5.0 (Windows NT 10.0; Win64; x64) AppleWebKit/537.36 (KHTML, like Gecko) Chrome/73.0.3683.86 Safari/537.36" "wpfront-notification-bar-landingpage=1"
3.210.174.98 - - [19/Nov/2019:17:32:59 +0100] "GET /wp-content/plugins/simple-social-icons/symbol-defs.svg HTTP/1.1" 200 19699 "https://amazingsportwear.com/" "Mozilla/5.0 (Windows NT 10.0; Win64; x64) AppleWebKit/537.36 (KHTML, like Gecko) Chrome/73.0.3683.86 Safari/537.36" "wpfront-notification-bar-landingpage=1"
3.210.174.98 - - [19/Nov/2019:17:32:59 +0100] "GET /wp-content/uploads/2019/07/slider3.jpg HTTP/1.1" 200 276981 "https://amazingsportwear.com/" "Mozilla/5.0 (Windows NT 10.0; Win64; x64) AppleWebKit/537.36 (KHTML, like Gecko) Chrome/73.0.3683.86 Safari/537.36" "wpfront-notification-bar-landingpage=1"
3.210.174.98 - - [19/Nov/2019:17:32:58 +0100] "GET /wp-content/uploads/2019/07/slider4.jpg HTTP/1.1" 200 369750 "https://amazingsportwear.com/" "Mozilla/5.0 (Windows NT 10.0; Win64; x64) AppleWebKit/537.36 (KHTML, like Gecko) Chrome/73.0.3683.86 Safari/537.36" "wpfront-notification-bar-landingpage=1"
3.210.174.98 - - [19/Nov/2019:17:32:59 +0100] "GET /wp-content/plugins/wpfront-notification-bar/images/arrow_down.png HTTP/1.1" 200 2562 "https://amazingsportwear.com/wp-content/plugins/wpfront-notification-bar/css/wpfront-notification-bar.css?ver=1.7.1" "Mozilla/5.0 (Windows NT 10.0; Win64; x64) AppleWebKit/537.36 (KHTML, like Gecko) Chrome/73.0.3683.86 Safari/537.36" "wpfront-notification-bar-landingpage=1"
3.210.174.98 - - [19/Nov/2019:17:32:58 +0100] "POST /?wc-ajax=get_refreshed_fragments HTTP/1.1" 200 1345 "https://amazingsportwear.com/" "Mozilla/5.0 (Windows NT 10.0; Win64; x64) AppleWebKit/537.36 (KHTML, like Gecko) Chrome/73.0.3683.86 Safari/537.36" "wpfront-notification-bar-landingpage=1"
66.249.83.66 - - [19/Nov/2019:17:32:58 +0100] "GET / HTTP/1.1" 200 125812 "-" "Mozilla/5.0 (X11; Linux x86_64) AppleWebKit/537.36 (KHTML, like Gecko) Chrome/49.0.2623.75 Safari/537.36 Google Favicon" "-"
66.249.83.68 - - [19/Nov/2019:17:33:00 +0100] "GET /wp-content/uploads/2019/05/cropped-favicon-nuevo-logo-amazinf-128px-32x32.png HTTP/1.1" 200 4587 "-" "Mozilla/5.0 (X11; Linux x86_64) AppleWebKit/537.36 (KHTML, like Gecko) Chrome/49.0.2623.75 Safari/537.36 Google Favicon" "-"
186.7.120.30 - - [19/Nov/2019:17:36:57 +0100] "GET /wp-content/uploads/2019/04/Gorra-sport-10.png HTTP/1.1" 200 60231 "https://www.google.com.do/" "Mozilla/5.0 (iPhone; CPU iPhone OS 12_4_2 like Mac OS X) AppleWebKit/605.1.15 (KHTML, like Gecko) Version/12.1.2 Mobile/15E148 Safari/604.1" "-"
217.76.130.90 - - [19/Nov/2019:17:37:19 +0100] "POST /wp-cron.php?doing_wp_cron=1574181438.6592919826507568359375 HTTP/1.1" 200 3389 "https://amazingsportwear.com/wp-cron.php?doing_wp_cron=1574181438.6592919826507568359375" "WordPress/5.2.4; https://amazingsportwear.com" "-"
66.249.66.95 - - [19/Nov/2019:17:37:17 +0100] "GET /producto/camiseta-tecnica-manga-larga-sa-0415/ HTTP/1.1" 200 107928 "-" "Mozilla/5.0 (compatible; Googlebot/2.1; +http://www.google.com/bot.html)" "-"
217.76.130.90 - - [19/Nov/2019:17:41:26 +0100] "POST /wp-cron.php?doing_wp_cron=1574181686.6086859703063964843750 HTTP/1.1" 200 164 "http://amazingsportwear.com/wp-cron.php?doing_wp_cron=1574181686.6086859703063964843750" "WordPress/5.2.4; https://amazingsportwear.com" "-"
52.247.7.166 - - [19/Nov/2019:17:41:25 +0100] "GET /tienda/106-camiseta-tecnica-tirantes-sa-0350.html HTTP/1.1" 404 68089 "-" "Mozilla/5.0 (compatible; bingbot/2.0; +http://www.bing.com/bingbot.htm)" "-"
40.77.167.173 - - [19/Nov/2019:17:41:41 +0100] "GET /tienda/120-camiseta-tecnica-manga-larga-maik-cat-4726.html HTTP/1.1" 404 68082 "-" "Mozilla/5.0 (compatible; bingbot/2.0; +http://www.bing.com/bingbot.htm)" "-"
190.146.144.204 - - [19/Nov/2019:17:44:33 +0100] "GET /wp-content/uploads/2019/04/Gorra-sport-6.png HTTP/1.1" 200 44623 "https://www.google.com/" "Mozilla/5.0 (Windows NT 10.0; Win64; x64) AppleWebKit/537.36 (KHTML, like Gecko) Chrome/78.0.3904.108 Safari/537.36" "-"
190.146.144.204 - - [19/Nov/2019:17:44:33 +0100] "GET /wp-content/uploads/2019/04/Gorra-harum-2.png HTTP/1.1" 200 53515 "https://www.google.com/" "Mozilla/5.0 (Windows NT 10.0; Win64; x64) AppleWebKit/537.36 (KHTML, like Gecko) Chrome/78.0.3904.108 Safari/537.36" "-"
187.189.213.230 - - [19/Nov/2019:17:45:08 +0100] "GET /wp-content/uploads/2019/04/Gorra-harum-2.png HTTP/1.1" 200 53515 "https://www.google.com/" "Mozilla/5.0 (Windows NT 10.0; Win64; x64) AppleWebKit/537.36 (KHTML, like Gecko) Chrome/78.0.3904.108 Safari/537.36" "-"
191.99.107.228 - - [19/Nov/2019:17:46:14 +0100] "GET /wp-content/uploads/2019/04/Gorra-sport-10.png HTTP/1.1" 200 60426 "https://www.google.com/" "Mozilla/5.0 (Windows NT 6.3; Win64; x64) AppleWebKit/537.36 (KHTML, like Gecko) Chrome/78.0.3904.97 Safari/537.36" "-"
187.189.213.230 - - [19/Nov/2019:17:50:37 +0100] "GET /wp-content/uploads/2019/04/Gorra-sport-7.png HTTP/1.1" 200 99912 "https://www.google.com/" "Mozilla/5.0 (Windows NT 10.0; Win64; x64) AppleWebKit/537.36 (KHTML, like Gecko) Chrome/78.0.3904.108 Safari/537.36" "-"
217.76.130.90 - - [19/Nov/2019:17:50:55 +0100] "POST /wp-cron.php?doing_wp_cron=1574182255.1911520957946777343750 HTTP/1.1" 200 3389 "https://amazingsportwear.com/wp-cron.php?doing_wp_cron=1574182255.1911520957946777343750" "WordPress/5.2.4; https://amazingsportwear.com" "-"
52.247.7.166 - - [19/Nov/2019:17:50:53 +0100] "GET /producto/camiseta-tecnica-boomer-aq-trail/ HTTP/1.1" 200 100469 "-" "Mozilla/5.0 (compatible; bingbot/2.0; +http://www.bing.com/bingbot.htm)" "-"
187.189.213.230 - - [19/Nov/2019:17:51:14 +0100] "GET /wp-content/uploads/2019/04/Gorra-sport-11.png HTTP/1.1" 200 127891 "https://www.google.com/" "Mozilla/5.0 (Windows NT 10.0; Win64; x64) AppleWebKit/537.36 (KHTML, like Gecko) Chrome/78.0.3904.108 Safari/537.36" "-"
190.99.48.190 - - [19/Nov/2019:17:54:06 +0100] "GET /wp-content/uploads/2019/04/Gorra-sport-12.png HTTP/1.1" 200 95673 "https://www.google.com/" "Mozilla/5.0 (Macintosh; Intel Mac OS X 10_14_6) AppleWebKit/537.36 (KHTML, like Gecko) Chrome/78.0.3904.97 Safari/537.36" "-"
187.143.139.72 - - [19/Nov/2019:17:55:06 +0100] "GET /wp-content/uploads/2017/01/camis-basket1.jpg HTTP/1.1" 200 123568 "https://www.google.com/" "Mozilla/5.0 (Windows NT 10.0; Win64; x64) AppleWebKit/537.36 (KHTML, like Gecko) Chrome/78.0.3904.97 Safari/537.36" "-"
217.76.130.90 - - [19/Nov/2019:17:57:29 +0100] "POST /wp-cron.php?doing_wp_cron=1574182649.6349699497222900390625 HTTP/1.1" 200 164 "http://amazingsportwear.com/wp-cron.php?doing_wp_cron=1574182649.6349699497222900390625" "WordPress/5.2.4; https://amazingsportwear.com" "-"
52.247.7.166 - - [19/Nov/2019:17:57:28 +0100] "GET /tienda/176-pantalon-mujer-rocky-nath-rocky.html HTTP/1.1" 404 68110 "-" "Mozilla/5.0 (compatible; bingbot/2.0; +http://www.bing.com/bingbot.htm)" "-"
190.20.158.118 - - [19/Nov/2019:18:05:25 +0100] "GET /wp-content/uploads/2019/04/gorra-five-7.png HTTP/1.1" 200 86560 "https://www.google.com/" "Mozilla/5.0 (Windows NT 6.3; WOW64) AppleWebKit/537.36 (KHTML, like Gecko) Chrome/78.0.3904.70 Safari/537.36" "-"
217.76.130.90 - - [19/Nov/2019:18:14:14 +0100] "POST /wp-cron.php?doing_wp_cron=1574183654.1798629760742187500000 HTTP/1.1" 200 164 "http://amazingsportwear.com/wp-cron.php?doing_wp_cron=1574183654.1798629760742187500000" "WordPress/5.2.4; https://amazingsportwear.com" "-"
93.174.2.38 - - [19/Nov/2019:18:14:12 +0100] "GET /wp-content/plugins/unicode/w.php HTTP/1.1" 404 68015 "http://site.ru" "Mozilla/5.0 (Windows; U; Windows NT 5.1; en-US) AppleWebKit/533.4 (KHTML, like Gecko) Chrome/5.0.375.99 Safari/533.4" "-"
190.148.78.195 - - [19/Nov/2019:18:15:04 +0100] "GET /wp-content/uploads/2019/04/Gorra-sport-10.png HTTP/1.1" 200 60426 "https://www.google.com/" "Mozilla/5.0 (Windows NT 10.0; Win64; x64) AppleWebKit/537.36 (KHTML, like Gecko) Chrome/78.0.3904.97 Safari/537.36" "-"
217.76.130.90 - - [19/Nov/2019:18:17:17 +0100] "POST /wp-cron.php?doing_wp_cron=1574183837.7055621147155761718750 HTTP/1.1" 200 3389 "https://amazingsportwear.com/wp-cron.php?doing_wp_cron=1574183837.7055621147155761718750" "WordPress/5.2.4; https://amazingsportwear.com" "-"
54.36.148.115 - - [19/Nov/2019:18:17:16 +0100] "GET /15-atletismo HTTP/1.1" 404 72016 "-" "Mozilla/5.0 (compatible; AhrefsBot/6.1; +http://ahrefs.com/robot/)" "-"
217.76.130.90 - - [19/Nov/2019:18:29:12 +0100] "POST /wp-cron.php?doing_wp_cron=1574184552.1726450920104980468750 HTTP/1.1" 200 3389 "https://amazingsportwear.com/wp-cron.php?doing_wp_cron=1574184552.1726450920104980468750" "WordPress/5.2.4; https://amazingsportwear.com" "-"
207.46.13.223 - - [19/Nov/2019:18:29:10 +0100] "GET /tienda/300-falda-tecnica-padel-tenis.html HTTP/1.1" 404 72347 "-" "Mozilla/5.0 (compatible; bingbot/2.0; +http://www.bing.com/bingbot.htm)" "-"
217.76.130.90 - - [19/Nov/2019:18:36:39 +0100] "POST /wp-cron.php?doing_wp_cron=1574184999.3793408870697021484375 HTTP/1.1" 200 164 "http://amazingsportwear.com/wp-cron.php?doing_wp_cron=1574184999.3793408870697021484375" "WordPress/5.2.4; https://amazingsportwear.com" "-"
104.222.33.101 - - [19/Nov/2019:18:36:38 +0100] "GET / HTTP/1.1" 301 336 "-" "Mozilla/5.0 (Windows NT 6.1; WOW64; rv:27.0) Gecko/20100101 Firefox/27.0" "-"
217.76.130.90 - - [19/Nov/2019:18:42:24 +0100] "POST /wp-cron.php?doing_wp_cron=1574185344.3302059173583984375000 HTTP/1.1" 200 164 "http://amazingsportwear.com/wp-cron.php?doing_wp_cron=1574185344.3302059173583984375000" "WordPress/5.2.4; https://amazingsportwear.com" "-"
207.46.13.223 - - [19/Nov/2019:18:42:23 +0100] "GET /img/cms/tienda/nath-electro-negro.jpg HTTP/1.1" 404 68082 "-" "Mozilla/5.0 (compatible; bingbot/2.0; +http://www.bing.com/bingbot.htm)" "-"
217.76.130.90 - - [19/Nov/2019:18:52:34 +0100] "POST /wp-cron.php?doing_wp_cron=1574185954.1127419471740722656250 HTTP/1.1" 200 3389 "https://amazingsportwear.com/wp-cron.php?doing_wp_cron=1574185954.1127419471740722656250" "WordPress/5.2.4; https://amazingsportwear.com" "-"
52.247.2.23 - - [19/Nov/2019:18:52:31 +0100] "GET /producto/bidon-halmik/ HTTP/1.1" 200 95930 "-" "Mozilla/5.0 (compatible; bingbot/2.0; +http://www.bing.com/bingbot.htm)" "-"
217.76.130.90 - - [19/Nov/2019:18:53:13 +0100] "POST /wp-cron.php?doing_wp_cron=1574185993.4974529743194580078125 HTTP/1.1" 200 3389 "https://amazingsportwear.com/wp-cron.php?doing_wp_cron=1574185993.4974529743194580078125" "WordPress/5.2.4; https://amazingsportwear.com" "-"
66.249.66.66 - - [19/Nov/2019:18:53:12 +0100] "GET /robots.txt HTTP/1.1" 200 3939 "-" "Mozilla/5.0 (compatible; Googlebot/2.1; +http://www.google.com/bot.html)" "-"
66.249.66.68 - - [19/Nov/2019:18:53:14 +0100] "GET /producto/pantalon-corto-lanus-sa-6655/ HTTP/1.1" 200 96745 "-" "Mozilla/5.0 (compatible; Googlebot/2.1; +http://www.google.com/bot.html)" "-"
190.239.76.232 - - [19/Nov/2019:18:58:03 +0100] "GET /wp-content/uploads/2019/04/gorra-five-3.png HTTP/1.1" 200 84412 "https://www.google.com/" "Mozilla/5.0 (Macintosh; Intel Mac OS X 10_15) AppleWebKit/605.1.15 (KHTML, like Gecko) Version/13.0.2 Safari/605.1.15" "-"
190.239.76.232 - - [19/Nov/2019:18:58:03 +0100] "GET /wp-content/uploads/2019/04/gorra-bayon-6.png HTTP/1.1" 200 88616 "https://www.google.com/" "Mozilla/5.0 (Macintosh; Intel Mac OS X 10_15) AppleWebKit/605.1.15 (KHTML, like Gecko) Version/13.0.2 Safari/605.1.15" "-"
217.76.130.90 - - [19/Nov/2019:19:02:55 +0100] "POST /wp-cron.php?doing_wp_cron=1574186575.0194380283355712890625 HTTP/1.1" 200 3389 "https://amazingsportwear.com/wp-cron.php?doing_wp_cron=1574186575.0194380283355712890625" "WordPress/5.2.4; https://amazingsportwear.com" "-"
52.247.2.23 - - [19/Nov/2019:19:02:51 +0100] "GET /etiqueta-producto/bidon-vandix/ HTTP/1.1" 200 54000 "-" "Mozilla/5.0 (compatible; bingbot/2.0; +http://www.bing.com/bingbot.htm)" "-"
177.228.77.226 - - [19/Nov/2019:19:03:44 +0100] "GET /wp-content/uploads/2019/04/Llavero-metalico-futbol-3.png HTTP/1.1" 200 46821 "https://www.google.com/" "Mozilla/5.0 (Windows NT 10.0; Win64; x64) AppleWebKit/537.36 (KHTML, like Gecko) Chrome/78.0.3904.97 Safari/537.36" "-"
217.76.130.90 - - [19/Nov/2019:19:08:38 +0100] "POST /wp-cron.php?doing_wp_cron=1574186918.2397940158843994140625 HTTP/1.1" 200 3389 "https://amazingsportwear.com/wp-cron.php?doing_wp_cron=1574186918.2397940158843994140625" "WordPress/5.2.4; https://amazingsportwear.com" "-"
40.77.167.173 - - [19/Nov/2019:19:08:35 +0100] "GET /23-ofertas HTTP/1.1" 404 72249 "-" "Mozilla/5.0 (compatible; bingbot/2.0; +http://www.bing.com/bingbot.htm)" "-"
189.203.199.150 - - [19/Nov/2019:19:21:13 +0100] "GET /wp-content/uploads/2019/04/Gorra-sport-6.png HTTP/1.1" 200 44428 "https://www.google.com/" "Mozilla/5.0 (Macintosh; Intel Mac OS X 10_14_6) AppleWebKit/605.1.15 (KHTML, like Gecko) Version/12.1.2 Safari/605.1.15" "-"
181.53.12.159 - - [19/Nov/2019:19:22:35 +0100] "GET /wp-content/uploads/2019/04/Llavero-Metalico-Tenis-1.png HTTP/1.1" 200 63282 "https://www.google.com/" "Mozilla/5.0 (Windows NT 10.0; Win64; x64) AppleWebKit/537.36 (KHTML, like Gecko) Chrome/78.0.3904.97 Safari/537.36" "-"
217.76.130.90 - - [19/Nov/2019:19:23:51 +0100] "POST /wp-cron.php?doing_wp_cron=1574187831.1482069492340087890625 HTTP/1.1" 200 3389 "https://amazingsportwear.com/wp-cron.php?doing_wp_cron=1574187831.1482069492340087890625" "WordPress/5.2.4; https://amazingsportwear.com" "-"
189.236.85.219 - - [19/Nov/2019:19:23:48 +0100] "GET /producto/gorra-krox/ HTTP/1.1" 200 63562 "https://www.google.com/" "Mozilla/5.0 (Linux; Android 9; FLA-LX3) AppleWebKit/537.36 (KHTML, like Gecko) Chrome/78.0.3904.108 Mobile Safari/537.36" "-"
217.76.130.90 - - [19/Nov/2019:19:28:03 +0100] "POST /wp-cron.php?doing_wp_cron=1574188083.7697649002075195312500 HTTP/1.1" 200 3389 "https://amazingsportwear.com/wp-cron.php?doing_wp_cron=1574188083.7697649002075195312500" "WordPress/5.2.4; https://amazingsportwear.com" "-"
66.249.66.66 - - [19/Nov/2019:19:28:03 +0100] "GET /producto/kit-emergencia-redcross/ HTTP/1.1" 200 91430 "-" "Mozilla/5.0 (Linux; Android 6.0.1; Nexus 5X Build/MMB29P) AppleWebKit/537.36 (KHTML, like Gecko) Chrome/41.0.2272.96 Mobile Safari/537.36 (compatible; Googlebot/2.1; +http://www.google.com/bot.html)" "-"
66.249.66.66 - - [19/Nov/2019:19:28:09 +0100] "POST /?wc-ajax=get_refreshed_fragments HTTP/1.1" 200 1397 "https://amazingsportwear.com/producto/kit-emergencia-redcross/" "Mozilla/5.0 (Linux; Android 6.0.1; Nexus 5X Build/MMB29P) AppleWebKit/537.36 (KHTML, like Gecko) Chrome/41.0.2272.96 Mobile Safari/537.36 (compatible; Googlebot/2.1; +http://www.google.com/bot.html)" "_ga=GA1.2.969013651.1574121600; _gid=GA1.2.1978218920.1574121600; _gat_gtag_UA_91619287_1=1"
217.76.130.90 - - [19/Nov/2019:19:46:25 +0100] "POST /wp-cron.php?doing_wp_cron=1574189185.4195139408111572265625 HTTP/1.1" 200 3389 "https://amazingsportwear.com/wp-cron.php?doing_wp_cron=1574189185.4195139408111572265625" "WordPress/5.2.4; https://amazingsportwear.com" "-"
66.249.66.70 - - [19/Nov/2019:19:46:23 +0100] "GET /producto/munequera-oakley/ HTTP/1.1" 200 99272 "-" "Mozilla/5.0 (Linux; Android 6.0.1; Nexus 5X Build/MMB29P) AppleWebKit/537.36 (KHTML, like Gecko) Chrome/41.0.2272.96 Mobile Safari/537.36 (compatible; Googlebot/2.1; +http://www.google.com/bot.html)" "-"
217.76.130.90 - - [19/Nov/2019:19:49:21 +0100] "POST /wp-cron.php?doing_wp_cron=1574189361.4011430740356445312500 HTTP/1.1" 200 164 "http://amazingsportwear.com/wp-cron.php?doing_wp_cron=1574189361.4011430740356445312500" "WordPress/5.2.4; https://amazingsportwear.com" "-"
50.116.86.15 - - [19/Nov/2019:19:49:20 +0100] "GET /wp-includes/css/css.php HTTP/1.1" 404 68006 "http://site.ru" "Mozilla/5.0 (Windows; U; Windows NT 5.1; en-US) AppleWebKit/533.4 (KHTML, like Gecko) Chrome/5.0.375.99 Safari/533.4" "-"
50.116.86.15 - - [19/Nov/2019:19:49:43 +0100] "GET /wp-includes/css/css.php HTTP/1.1" 404 68011 "http://site.ru" "Mozilla/5.0 (Windows; U; Windows NT 5.1; en-US) AppleWebKit/533.4 (KHTML, like Gecko) Chrome/5.0.375.99 Safari/533.4" "-"
50.116.86.15 - - [19/Nov/2019:19:49:48 +0100] "GET /wp-includes/css/css.php HTTP/1.1" 404 67976 "http://site.ru" "Mozilla/5.0 (Windows; U; Windows NT 5.1; en-US) AppleWebKit/533.4 (KHTML, like Gecko) Chrome/5.0.375.99 Safari/533.4" "-"
129.0.205.7 - - [19/Nov/2019:19:50:35 +0100] "GET /wp-content/uploads/2019/04/Gorra-sport-10.png HTTP/1.1" 200 60426 "-" "com.google.android.apps.searchlite/63665 (Linux; U; Android 8.1.0; fr_FR; TECNO KB7; Build/O11019; Cronet/76.0.3809.111)" "-"
217.76.130.90 - - [19/Nov/2019:20:01:12 +0100] "POST /wp-cron.php?doing_wp_cron=1574190072.5597031116485595703125 HTTP/1.1" 200 164 "http://amazingsportwear.com/wp-cron.php?doing_wp_cron=1574190072.5597031116485595703125" "WordPress/5.2.4; https://amazingsportwear.com" "-"
207.46.13.228 - - [19/Nov/2019:20:01:10 +0100] "GET /robots.txt HTTP/1.1" 200 432 "-" "Mozilla/5.0 (compatible; bingbot/2.0; +http://www.bing.com/bingbot.htm)" "-"
207.46.13.223 - - [19/Nov/2019:20:01:40 +0100] "GET /producto/bidon-doger/ HTTP/1.1" 200 94002 "-" "Mozilla/5.0 (compatible; bingbot/2.0; +http://www.bing.com/bingbot.htm)" "-"
190.255.202.36 - - [19/Nov/2019:20:02:12 +0100] "GET /wp-content/uploads/2019/04/Gorra-sport-7.png HTTP/1.1" 200 99912 "https://www.google.com/" "Mozilla/5.0 (Windows NT 10.0; Win64; x64) AppleWebKit/537.36 (KHTML, like Gecko) Chrome/78.0.3904.97 Safari/537.36" "-"
84.78.188.141 - - [19/Nov/2019:20:04:12 +0100] "GET /wp-content/uploads/2019/04/Gorra-sport-12.png HTTP/1.1" 200 95673 "https://www.google.es/" "Mozilla/5.0 (Windows NT 10.0; Win64; x64) AppleWebKit/537.36 (KHTML, like Gecko) Chrome/78.0.3904.97 Safari/537.36" "-"
84.78.188.141 - - [19/Nov/2019:20:04:12 +0100] "GET /wp-content/uploads/2019/04/gorra-kisse-9.png HTTP/1.1" 200 88804 "https://www.google.es/" "Mozilla/5.0 (Windows NT 10.0; Win64; x64) AppleWebKit/537.36 (KHTML, like Gecko) Chrome/78.0.3904.97 Safari/537.36" "-"
217.76.130.90 - - [19/Nov/2019:20:07:22 +0100] "POST /wp-cron.php?doing_wp_cron=1574190442.3760659694671630859375 HTTP/1.1" 200 3389 "https://amazingsportwear.com/wp-cron.php?doing_wp_cron=1574190442.3760659694671630859375" "WordPress/5.2.4; https://amazingsportwear.com" "-"
66.249.66.70 - - [19/Nov/2019:20:07:21 +0100] "GET /producto/brazalete-running-con-led/ HTTP/1.1" 200 95161 "-" "Mozilla/5.0 (compatible; Googlebot/2.1; +http://www.google.com/bot.html)" "-"
217.76.130.90 - - [19/Nov/2019:20:12:15 +0100] "POST /wp-cron.php?doing_wp_cron=1574190735.5834798812866210937500 HTTP/1.1" 200 3389 "https://amazingsportwear.com/wp-cron.php?doing_wp_cron=1574190735.5834798812866210937500" "WordPress/5.2.4; https://amazingsportwear.com" "-"
52.247.2.23 - - [19/Nov/2019:20:12:14 +0100] "GET /categoria-producto/xxxl/ HTTP/1.1" 200 75493 "-" "Mozilla/5.0 (compatible; bingbot/2.0; +http://www.bing.com/bingbot.htm)" "-"
187.189.69.12 - - [19/Nov/2019:20:14:45 +0100] "GET /wp-content/uploads/2017/03/CAT-5247-04.jpg HTTP/1.1" 200 33434 "https://www.google.com/" "Mozilla/5.0 (Windows NT 10.0; Win64; x64) AppleWebKit/537.36 (KHTML, like Gecko) Chrome/78.0.3904.97 Safari/537.36" "-"
52.247.7.166 - - [19/Nov/2019:20:17:01 +0100] "GET /atletismo/23-pantalon-corto-atletismo.html HTTP/1.1" 404 68075 "-" "Mozilla/5.0 (iPhone; CPU iPhone OS 7_0 like Mac OS X) AppleWebKit/537.51.1 (KHTML, like Gecko) Version/7.0 Mobile/11A465 Safari/9537.53 (compatible; bingbot/2.0; +http://www.bing.com/bingbot.htm)" "-"
83.29.178.40 - - [19/Nov/2019:20:29:33 +0100] "GET /wp-content/uploads/2019/04/gorra-bayon-6.png HTTP/1.1" 200 91841 "https://www.google.pl/" "Mozilla/5.0 (Windows NT 10.0; Win64; x64) AppleWebKit/537.36 (KHTML, like Gecko) Chrome/78.0.3904.97 Safari/537.36" "-"
217.76.130.90 - - [19/Nov/2019:20:29:46 +0100] "POST /wp-cron.php?doing_wp_cron=1574191786.8883678913116455078125 HTTP/1.1" 200 164 "http://amazingsportwear.com/wp-cron.php?doing_wp_cron=1574191786.8883678913116455078125" "WordPress/5.2.4; https://amazingsportwear.com" "-"
23.226.211.97 - - [19/Nov/2019:20:29:45 +0100] "GET / HTTP/1.1" 301 336 "-" "Mozilla/5.0 (Windows NT 10.0; Win64; x64; rv:64.0) Gecko/20100101 Firefox/64.0" "-"
