37.29.214.207 - - [06/Dec/2019:07:55:26 +0100] "GET /wp-content/uploads/2018/05/cat-3164-21.jpg HTTP/1.1" 200 24681 "https://amazingsportwear.com/producto/mochila-tipo-saco-cat-3164/" "Mozilla/5.0 (Linux; Android 9; SAMSUNG SM-A705FN) AppleWebKit/537.36 (KHTML, like Gecko) SamsungBrowser/10.1 Chrome/71.0.3578.99 Mobile Safari/537.36" "wpfront-notification-bar-landingpage=1; _ga=GA1.2.1907358970.1575615277; _gid=GA1.2.2112832498.1575615277; _gat_gtag_UA_91619287_1=1"
37.29.214.207 - - [06/Dec/2019:07:55:26 +0100] "GET /wp-content/uploads/2018/05/cat-3164-279.jpg HTTP/1.1" 200 23194 "https://amazingsportwear.com/producto/mochila-tipo-saco-cat-3164/" "Mozilla/5.0 (Linux; Android 9; SAMSUNG SM-A705FN) AppleWebKit/537.36 (KHTML, like Gecko) SamsungBrowser/10.1 Chrome/71.0.3578.99 Mobile Safari/537.36" "wpfront-notification-bar-landingpage=1; _ga=GA1.2.1907358970.1575615277; _gid=GA1.2.2112832498.1575615277; _gat_gtag_UA_91619287_1=1"
37.29.214.207 - - [06/Dec/2019:07:55:26 +0100] "GET /wp-content/uploads/2018/05/cat-3164-04.jpg HTTP/1.1" 200 53763 "https://amazingsportwear.com/producto/mochila-tipo-saco-cat-3164/" "Mozilla/5.0 (Linux; Android 9; SAMSUNG SM-A705FN) AppleWebKit/537.36 (KHTML, like Gecko) SamsungBrowser/10.1 Chrome/71.0.3578.99 Mobile Safari/537.36" "wpfront-notification-bar-landingpage=1; _ga=GA1.2.1907358970.1575615277; _gid=GA1.2.2112832498.1575615277; _gat_gtag_UA_91619287_1=1"
37.29.214.207 - - [06/Dec/2019:07:55:26 +0100] "GET /wp-content/uploads/2018/05/cat-3164-22.jpg HTTP/1.1" 200 23345 "https://amazingsportwear.com/producto/mochila-tipo-saco-cat-3164/" "Mozilla/5.0 (Linux; Android 9; SAMSUNG SM-A705FN) AppleWebKit/537.36 (KHTML, like Gecko) SamsungBrowser/10.1 Chrome/71.0.3578.99 Mobile Safari/537.36" "wpfront-notification-bar-landingpage=1; _ga=GA1.2.1907358970.1575615277; _gid=GA1.2.2112832498.1575615277; _gat_gtag_UA_91619287_1=1"
37.29.214.207 - - [06/Dec/2019:07:55:26 +0100] "GET /wp-content/uploads/2018/05/cat-3164-colores-1.png HTTP/1.1" 200 78617 "https://amazingsportwear.com/producto/mochila-tipo-saco-cat-3164/" "Mozilla/5.0 (Linux; Android 9; SAMSUNG SM-A705FN) AppleWebKit/537.36 (KHTML, like Gecko) SamsungBrowser/10.1 Chrome/71.0.3578.99 Mobile Safari/537.36" "wpfront-notification-bar-landingpage=1; _ga=GA1.2.1907358970.1575615277; _gid=GA1.2.2112832498.1575615277; _gat_gtag_UA_91619287_1=1"
37.29.214.207 - - [06/Dec/2019:07:55:26 +0100] "GET /wp-content/uploads/2018/05/cat-3164-02.jpg HTTP/1.1" 200 57877 "https://amazingsportwear.com/producto/mochila-tipo-saco-cat-3164/" "Mozilla/5.0 (Linux; Android 9; SAMSUNG SM-A705FN) AppleWebKit/537.36 (KHTML, like Gecko) SamsungBrowser/10.1 Chrome/71.0.3578.99 Mobile Safari/537.36" "wpfront-notification-bar-landingpage=1; _ga=GA1.2.1907358970.1575615277; _gid=GA1.2.2112832498.1575615277; _gat_gtag_UA_91619287_1=1"
37.29.214.207 - - [06/Dec/2019:07:55:26 +0100] "GET /wp-content/uploads/2018/05/cat-3164-07.jpg HTTP/1.1" 200 59978 "https://amazingsportwear.com/producto/mochila-tipo-saco-cat-3164/" "Mozilla/5.0 (Linux; Android 9; SAMSUNG SM-A705FN) AppleWebKit/537.36 (KHTML, like Gecko) SamsungBrowser/10.1 Chrome/71.0.3578.99 Mobile Safari/537.36" "wpfront-notification-bar-landingpage=1; _ga=GA1.2.1907358970.1575615277; _gid=GA1.2.2112832498.1575615277; _gat_gtag_UA_91619287_1=1"
37.29.214.207 - - [06/Dec/2019:07:55:26 +0100] "GET /wp-content/uploads/2018/05/cat-3164-03.jpg HTTP/1.1" 200 64481 "https://amazingsportwear.com/producto/mochila-tipo-saco-cat-3164/" "Mozilla/5.0 (Linux; Android 9; SAMSUNG SM-A705FN) AppleWebKit/537.36 (KHTML, like Gecko) SamsungBrowser/10.1 Chrome/71.0.3578.99 Mobile Safari/537.36" "wpfront-notification-bar-landingpage=1; _ga=GA1.2.1907358970.1575615277; _gid=GA1.2.2112832498.1575615277; _gat_gtag_UA_91619287_1=1"
37.29.214.207 - - [06/Dec/2019:07:55:26 +0100] "GET /wp-content/uploads/2018/05/cat-3164-19.jpg HTTP/1.1" 200 60844 "https://amazingsportwear.com/producto/mochila-tipo-saco-cat-3164/" "Mozilla/5.0 (Linux; Android 9; SAMSUNG SM-A705FN) AppleWebKit/537.36 (KHTML, like Gecko) SamsungBrowser/10.1 Chrome/71.0.3578.99 Mobile Safari/537.36" "wpfront-notification-bar-landingpage=1; _ga=GA1.2.1907358970.1575615277; _gid=GA1.2.2112832498.1575615277; _gat_gtag_UA_91619287_1=1"
37.29.214.207 - - [06/Dec/2019:07:55:27 +0100] "GET /wp-content/uploads/2018/05/cat-3164-01.jpg HTTP/1.1" 200 30180 "https://amazingsportwear.com/producto/mochila-tipo-saco-cat-3164/" "Mozilla/5.0 (Linux; Android 9; SAMSUNG SM-A705FN) AppleWebKit/537.36 (KHTML, like Gecko) SamsungBrowser/10.1 Chrome/71.0.3578.99 Mobile Safari/537.36" "wpfront-notification-bar-landingpage=1; _ga=GA1.2.1907358970.1575615277; _gid=GA1.2.2112832498.1575615277; _gat_gtag_UA_91619287_1=1"
37.29.214.207 - - [06/Dec/2019:07:55:27 +0100] "GET /wp-content/uploads/2018/05/cat-3164-11.jpg HTTP/1.1" 200 62010 "https://amazingsportwear.com/producto/mochila-tipo-saco-cat-3164/" "Mozilla/5.0 (Linux; Android 9; SAMSUNG SM-A705FN) AppleWebKit/537.36 (KHTML, like Gecko) SamsungBrowser/10.1 Chrome/71.0.3578.99 Mobile Safari/537.36" "wpfront-notification-bar-landingpage=1; _ga=GA1.2.1907358970.1575615277; _gid=GA1.2.2112832498.1575615277; _gat_gtag_UA_91619287_1=1"
37.29.214.207 - - [06/Dec/2019:07:55:27 +0100] "GET /wp-content/uploads/2018/05/cat-3164-06.jpg HTTP/1.1" 200 25857 "https://amazingsportwear.com/producto/mochila-tipo-saco-cat-3164/" "Mozilla/5.0 (Linux; Android 9; SAMSUNG SM-A705FN) AppleWebKit/537.36 (KHTML, like Gecko) SamsungBrowser/10.1 Chrome/71.0.3578.99 Mobile Safari/537.36" "wpfront-notification-bar-landingpage=1; _ga=GA1.2.1907358970.1575615277; _gid=GA1.2.2112832498.1575615277; _gat_gtag_UA_91619287_1=1"
37.29.214.207 - - [06/Dec/2019:07:55:27 +0100] "GET /wp-content/uploads/2018/05/cp-coolmax-1-300x300.jpg HTTP/1.1" 200 15700 "https://amazingsportwear.com/producto/mochila-tipo-saco-cat-3164/" "Mozilla/5.0 (Linux; Android 9; SAMSUNG SM-A705FN) AppleWebKit/537.36 (KHTML, like Gecko) SamsungBrowser/10.1 Chrome/71.0.3578.99 Mobile Safari/537.36" "wpfront-notification-bar-landingpage=1; _ga=GA1.2.1907358970.1575615277; _gid=GA1.2.2112832498.1575615277; _gat_gtag_UA_91619287_1=1"
37.29.214.207 - - [06/Dec/2019:07:55:27 +0100] "GET /wp-content/uploads/2018/05/cat-3164-amarillo-100x100.png HTTP/1.1" 200 12350 "https://amazingsportwear.com/producto/mochila-tipo-saco-cat-3164/" "Mozilla/5.0 (Linux; Android 9; SAMSUNG SM-A705FN) AppleWebKit/537.36 (KHTML, like Gecko) SamsungBrowser/10.1 Chrome/71.0.3578.99 Mobile Safari/537.36" "wpfront-notification-bar-landingpage=1; _ga=GA1.2.1907358970.1575615277; _gid=GA1.2.2112832498.1575615277; _gat_gtag_UA_91619287_1=1"
37.29.214.207 - - [06/Dec/2019:07:55:27 +0100] "GET /wp-content/uploads/2018/05/cat-3164-21-100x100.jpg HTTP/1.1" 200 3059 "https://amazingsportwear.com/producto/mochila-tipo-saco-cat-3164/" "Mozilla/5.0 (Linux; Android 9; SAMSUNG SM-A705FN) AppleWebKit/537.36 (KHTML, like Gecko) SamsungBrowser/10.1 Chrome/71.0.3578.99 Mobile Safari/537.36" "wpfront-notification-bar-landingpage=1; _ga=GA1.2.1907358970.1575615277; _gid=GA1.2.2112832498.1575615277; _gat_gtag_UA_91619287_1=1"
37.29.214.207 - - [06/Dec/2019:07:55:27 +0100] "GET /wp-content/uploads/2018/05/cat-3164-19-100x100.jpg HTTP/1.1" 200 19910 "https://amazingsportwear.com/producto/mochila-tipo-saco-cat-3164/" "Mozilla/5.0 (Linux; Android 9; SAMSUNG SM-A705FN) AppleWebKit/537.36 (KHTML, like Gecko) SamsungBrowser/10.1 Chrome/71.0.3578.99 Mobile Safari/537.36" "wpfront-notification-bar-landingpage=1; _ga=GA1.2.1907358970.1575615277; _gid=GA1.2.2112832498.1575615277; _gat_gtag_UA_91619287_1=1"
37.29.214.207 - - [06/Dec/2019:07:55:27 +0100] "GET /wp-content/uploads/2018/05/cat-3164-11-100x100.jpg HTTP/1.1" 200 20188 "https://amazingsportwear.com/producto/mochila-tipo-saco-cat-3164/" "Mozilla/5.0 (Linux; Android 9; SAMSUNG SM-A705FN) AppleWebKit/537.36 (KHTML, like Gecko) SamsungBrowser/10.1 Chrome/71.0.3578.99 Mobile Safari/537.36" "wpfront-notification-bar-landingpage=1; _ga=GA1.2.1907358970.1575615277; _gid=GA1.2.2112832498.1575615277; _gat_gtag_UA_91619287_1=1"
37.29.214.207 - - [06/Dec/2019:07:55:27 +0100] "GET /wp-content/uploads/2018/05/cat-3164-01-100x100.jpg HTTP/1.1" 200 7693 "https://amazingsportwear.com/producto/mochila-tipo-saco-cat-3164/" "Mozilla/5.0 (Linux; Android 9; SAMSUNG SM-A705FN) AppleWebKit/537.36 (KHTML, like Gecko) SamsungBrowser/10.1 Chrome/71.0.3578.99 Mobile Safari/537.36" "wpfront-notification-bar-landingpage=1; _ga=GA1.2.1907358970.1575615277; _gid=GA1.2.2112832498.1575615277; _gat_gtag_UA_91619287_1=1"
37.29.214.207 - - [06/Dec/2019:07:55:27 +0100] "GET /wp-content/uploads/2018/05/cat-3164-07-100x100.jpg HTTP/1.1" 200 19063 "https://amazingsportwear.com/producto/mochila-tipo-saco-cat-3164/" "Mozilla/5.0 (Linux; Android 9; SAMSUNG SM-A705FN) AppleWebKit/537.36 (KHTML, like Gecko) SamsungBrowser/10.1 Chrome/71.0.3578.99 Mobile Safari/537.36" "wpfront-notification-bar-landingpage=1; _ga=GA1.2.1907358970.1575615277; _gid=GA1.2.2112832498.1575615277; _gat_gtag_UA_91619287_1=1"
37.29.214.207 - - [06/Dec/2019:07:55:27 +0100] "GET /wp-content/uploads/2018/05/cat-3164-06-100x100.jpg HTTP/1.1" 200 3053 "https://amazingsportwear.com/producto/mochila-tipo-saco-cat-3164/" "Mozilla/5.0 (Linux; Android 9; SAMSUNG SM-A705FN) AppleWebKit/537.36 (KHTML, like Gecko) SamsungBrowser/10.1 Chrome/71.0.3578.99 Mobile Safari/537.36" "wpfront-notification-bar-landingpage=1; _ga=GA1.2.1907358970.1575615277; _gid=GA1.2.2112832498.1575615277; _gat_gtag_UA_91619287_1=1"
37.29.214.207 - - [06/Dec/2019:07:55:27 +0100] "GET /wp-content/uploads/2018/05/cat-3164-03-100x100.jpg HTTP/1.1" 200 19238 "https://amazingsportwear.com/producto/mochila-tipo-saco-cat-3164/" "Mozilla/5.0 (Linux; Android 9; SAMSUNG SM-A705FN) AppleWebKit/537.36 (KHTML, like Gecko) SamsungBrowser/10.1 Chrome/71.0.3578.99 Mobile Safari/537.36" "wpfront-notification-bar-landingpage=1; _ga=GA1.2.1907358970.1575615277; _gid=GA1.2.2112832498.1575615277; _gat_gtag_UA_91619287_1=1"
37.29.214.207 - - [06/Dec/2019:07:55:27 +0100] "GET /wp-content/uploads/2018/05/cat-3164-02-100x100.jpg HTTP/1.1" 200 18413 "https://amazingsportwear.com/producto/mochila-tipo-saco-cat-3164/" "Mozilla/5.0 (Linux; Android 9; SAMSUNG SM-A705FN) AppleWebKit/537.36 (KHTML, like Gecko) SamsungBrowser/10.1 Chrome/71.0.3578.99 Mobile Safari/537.36" "wpfront-notification-bar-landingpage=1; _ga=GA1.2.1907358970.1575615277; _gid=GA1.2.2112832498.1575615277; _gat_gtag_UA_91619287_1=1"
37.29.214.207 - - [06/Dec/2019:07:55:27 +0100] "GET /wp-content/uploads/2018/05/cat-3164-22-100x100.jpg HTTP/1.1" 200 2974 "https://amazingsportwear.com/producto/mochila-tipo-saco-cat-3164/" "Mozilla/5.0 (Linux; Android 9; SAMSUNG SM-A705FN) AppleWebKit/537.36 (KHTML, like Gecko) SamsungBrowser/10.1 Chrome/71.0.3578.99 Mobile Safari/537.36" "wpfront-notification-bar-landingpage=1; _ga=GA1.2.1907358970.1575615277; _gid=GA1.2.2112832498.1575615277; _gat_gtag_UA_91619287_1=1"
37.29.214.207 - - [06/Dec/2019:07:55:27 +0100] "GET /wp-content/uploads/2018/05/cat-3164-279-100x100.jpg HTTP/1.1" 200 2988 "https://amazingsportwear.com/producto/mochila-tipo-saco-cat-3164/" "Mozilla/5.0 (Linux; Android 9; SAMSUNG SM-A705FN) AppleWebKit/537.36 (KHTML, like Gecko) SamsungBrowser/10.1 Chrome/71.0.3578.99 Mobile Safari/537.36" "wpfront-notification-bar-landingpage=1; _ga=GA1.2.1907358970.1575615277; _gid=GA1.2.2112832498.1575615277; _gat_gtag_UA_91619287_1=1"
37.29.214.207 - - [06/Dec/2019:07:55:27 +0100] "GET /wp-content/uploads/2018/05/cat-3164-04-100x100.jpg HTTP/1.1" 200 18799 "https://amazingsportwear.com/producto/mochila-tipo-saco-cat-3164/" "Mozilla/5.0 (Linux; Android 9; SAMSUNG SM-A705FN) AppleWebKit/537.36 (KHTML, like Gecko) SamsungBrowser/10.1 Chrome/71.0.3578.99 Mobile Safari/537.36" "wpfront-notification-bar-landingpage=1; _ga=GA1.2.1907358970.1575615277; _gid=GA1.2.2112832498.1575615277; _gat_gtag_UA_91619287_1=1"
37.29.214.207 - - [06/Dec/2019:07:55:26 +0100] "GET /img/cms/complementos/cat-3164-colores.png HTTP/1.1" 404 68013 "-" "Mozilla/5.0 (Linux; Android 9; SAMSUNG SM-A705FN) AppleWebKit/537.36 (KHTML, like Gecko) SamsungBrowser/10.1 Chrome/71.0.3578.99 Mobile Safari/537.36" "wpfront-notification-bar-landingpage=1; _ga=GA1.2.1907358970.1575615277; _gid=GA1.2.2112832498.1575615277; _gat_gtag_UA_91619287_1=1"
157.55.39.234 - - [06/Dec/2019:08:00:48 +0100] "GET /wp-content/uploads/2017/03/nath-electro-detalle1.jpg HTTP/1.1" 200 71513 "-" "Mozilla/5.0 (compatible; bingbot/2.0; +http://www.bing.com/bingbot.htm)" "-"
40.77.167.114 - - [06/Dec/2019:08:00:54 +0100] "GET /wp-content/uploads/2019/04/bidon-camiseta-zablex-4.png HTTP/1.1" 200 109702 "-" "Mozilla/5.0 (compatible; bingbot/2.0; +http://www.bing.com/bingbot.htm)" "-"
190.40.184.98 - - [06/Dec/2019:08:01:48 +0100] "GET /wp-content/uploads/2019/04/Gorra-sport-6.png HTTP/1.1" 200 44623 "https://www.google.com/" "Mozilla/5.0 (Windows NT 10.0; Win64; x64) AppleWebKit/537.36 (KHTML, like Gecko) Chrome/78.0.3904.108 Safari/537.36" "-"
217.76.130.90 - - [06/Dec/2019:08:15:34 +0100] "POST /wp-cron.php?doing_wp_cron=1575616534.7452249526977539062500 HTTP/1.1" 200 164 "http://amazingsportwear.com/wp-cron.php?doing_wp_cron=1575616534.7452249526977539062500" "WordPress/5.2.4; https://amazingsportwear.com" "-"
40.77.167.144 - - [06/Dec/2019:08:15:32 +0100] "GET /22-tienda HTTP/1.1" 404 67998 "-" "Mozilla/5.0 (iPhone; CPU iPhone OS 7_0 like Mac OS X) AppleWebKit/537.51.1 (KHTML, like Gecko) Version/7.0 Mobile/11A465 Safari/9537.53 (compatible; bingbot/2.0; +http://www.bing.com/bingbot.htm)" "-"
217.76.130.90 - - [06/Dec/2019:08:16:09 +0100] "POST /wp-cron.php?doing_wp_cron=1575616569.4918990135192871093750 HTTP/1.1" 200 3389 "https://amazingsportwear.com/wp-cron.php?doing_wp_cron=1575616569.4918990135192871093750" "WordPress/5.2.4; https://amazingsportwear.com" "-"
173.252.127.16 - - [06/Dec/2019:08:16:08 +0100] "GET /1250-large_default/camiseta-tecnica-spain.jpg HTTP/1.1" 404 72073 "-" "facebookexternalhit/1.1 (+http://www.facebook.com/externalhit_uatext.php)" "-"
173.252.79.11 - - [06/Dec/2019:08:16:17 +0100] "GET /tienda/276-camiseta-tecnica-spain.html HTTP/1.1" 404 72074 "-" "facebookexternalhit/1.1 (+http://www.facebook.com/externalhit_uatext.php)" "-"
173.252.79.16 - - [06/Dec/2019:08:16:17 +0100] "GET /tienda/276-camiseta-tecnica-spain.html HTTP/1.1" 404 72049 "-" "facebookexternalhit/1.1 (+http://www.facebook.com/externalhit_uatext.php)" "-"
217.76.130.90 - - [06/Dec/2019:08:30:07 +0100] "POST /wp-cron.php?doing_wp_cron=1575617407.3510079383850097656250 HTTP/1.1" 200 164 "http://amazingsportwear.com/wp-cron.php?doing_wp_cron=1575617407.3510079383850097656250" "WordPress/5.2.4; https://amazingsportwear.com" "-"
194.135.86.170 - - [06/Dec/2019:08:30:05 +0100] "GET /content-post.php HTTP/1.1" 404 67935 "http://site.ru" "Mozilla/5.0 (Windows; U; Windows NT 5.1; en-US) AppleWebKit/533.4 (KHTML, like Gecko) Chrome/5.0.375.99 Safari/533.4" "-"
194.135.86.170 - - [06/Dec/2019:08:30:16 +0100] "GET /content-post.php HTTP/1.1" 404 67995 "http://site.ru" "Mozilla/5.0 (Windows; U; Windows NT 5.1; en-US) AppleWebKit/533.4 (KHTML, like Gecko) Chrome/5.0.375.99 Safari/533.4" "-"
217.76.130.90 - - [06/Dec/2019:08:40:25 +0100] "POST /wp-cron.php?doing_wp_cron=1575618025.3202800750732421875000 HTTP/1.1" 200 3389 "https://amazingsportwear.com/wp-cron.php?doing_wp_cron=1575618025.3202800750732421875000" "WordPress/5.2.4; https://amazingsportwear.com" "-"
69.171.251.4 - - [06/Dec/2019:08:40:24 +0100] "GET / HTTP/1.1" 200 125530 "-" "facebookexternalhit/1.1 (+http://www.facebook.com/externalhit_uatext.php)" "-"
69.171.251.23 - - [06/Dec/2019:08:40:24 +0100] "GET / HTTP/1.1" 200 125575 "-" "facebookexternalhit/1.1 (+http://www.facebook.com/externalhit_uatext.php)" "-"
69.171.251.27 - - [06/Dec/2019:08:40:25 +0100] "GET / HTTP/1.1" 200 125535 "-" "facebookexternalhit/1.1 (+http://www.facebook.com/externalhit_uatext.php)" "-"
69.171.251.26 - - [06/Dec/2019:08:40:28 +0100] "GET /contacta-con-nosotros HTTP/1.1" 301 319 "-" "facebookexternalhit/1.1 (+http://www.facebook.com/externalhit_uatext.php)" "-"
69.171.251.40 - - [06/Dec/2019:08:40:28 +0100] "GET /contacta-con-nosotros HTTP/1.1" 301 319 "-" "facebookexternalhit/1.1 (+http://www.facebook.com/externalhit_uatext.php)" "-"
69.171.251.25 - - [06/Dec/2019:08:40:28 +0100] "GET /contacta-con-nosotros HTTP/1.1" 301 319 "-" "facebookexternalhit/1.1 (+http://www.facebook.com/externalhit_uatext.php)" "-"
69.171.251.30 - - [06/Dec/2019:08:40:29 +0100] "GET /contacta-con-nosotros HTTP/1.1" 301 319 "-" "facebookexternalhit/1.1 (+http://www.facebook.com/externalhit_uatext.php)" "-"
69.171.251.40 - - [06/Dec/2019:08:40:29 +0100] "GET /contacta-con-nosotros/ HTTP/1.1" 200 58174 "-" "facebookexternalhit/1.1 (+http://www.facebook.com/externalhit_uatext.php)" "-"
69.171.251.26 - - [06/Dec/2019:08:40:29 +0100] "GET /contacta-con-nosotros/ HTTP/1.1" 200 58184 "-" "facebookexternalhit/1.1 (+http://www.facebook.com/externalhit_uatext.php)" "-"
69.171.251.30 - - [06/Dec/2019:08:40:30 +0100] "GET /contacta-con-nosotros/ HTTP/1.1" 200 58194 "-" "facebookexternalhit/1.1 (+http://www.facebook.com/externalhit_uatext.php)" "-"
69.171.251.25 - - [06/Dec/2019:08:40:30 +0100] "GET /contacta-con-nosotros/ HTTP/1.1" 200 58184 "-" "facebookexternalhit/1.1 (+http://www.facebook.com/externalhit_uatext.php)" "-"
217.76.130.90 - - [06/Dec/2019:08:50:46 +0100] "POST /wp-cron.php?doing_wp_cron=1575618646.0137100219726562500000 HTTP/1.1" 200 164 "http://amazingsportwear.com/wp-cron.php?doing_wp_cron=1575618646.0137100219726562500000" "WordPress/5.2.4; https://amazingsportwear.com" "-"
35.210.13.250 - - [06/Dec/2019:08:50:44 +0100] "GET /robots.txt HTTP/1.1" 200 375 "-" "Go-http-client/1.1" "-"
35.210.13.250 - - [06/Dec/2019:08:50:46 +0100] "GET /producto/mallas-deportivas-icaria-woman HTTP/1.1" 301 318 "-" "Mozilla/5.0 (compatible; VelenPublicWebCrawler/1.0; +https://velen.io)" "-"
35.210.13.250 - - [06/Dec/2019:08:50:48 +0100] "GET /producto/mallas-deportivas-icaria-woman/ HTTP/1.1" 200 95560 "http://amazingsportwear.com/producto/mallas-deportivas-icaria-woman" "Mozilla/5.0 (compatible; VelenPublicWebCrawler/1.0; +https://velen.io)" "-"
217.76.130.90 - - [06/Dec/2019:08:53:00 +0100] "POST /wp-cron.php?doing_wp_cron=1575618780.6880130767822265625000 HTTP/1.1" 200 164 "http://amazingsportwear.com/wp-cron.php?doing_wp_cron=1575618780.6880130767822265625000" "WordPress/5.2.4; https://amazingsportwear.com" "-"
40.77.167.144 - - [06/Dec/2019:08:53:00 +0100] "GET /atletismo/181-chaleco-cortavientos-sublimado-asw.html HTTP/1.1" 404 68067 "-" "Mozilla/5.0 (iPhone; CPU iPhone OS 7_0 like Mac OS X) AppleWebKit/537.51.1 (KHTML, like Gecko) Version/7.0 Mobile/11A465 Safari/9537.53 (compatible; bingbot/2.0; +http://www.bing.com/bingbot.htm)" "-"
217.76.130.90 - - [06/Dec/2019:08:53:08 +0100] "POST /wp-cron.php?doing_wp_cron=1575618788.7606170177459716796875 HTTP/1.1" 200 3389 "https://amazingsportwear.com/wp-cron.php?doing_wp_cron=1575618788.7606170177459716796875" "WordPress/5.2.4; https://amazingsportwear.com" "-"
66.249.66.66 - - [06/Dec/2019:08:53:08 +0100] "GET /producto/gorra-tecnica-2/ HTTP/1.1" 200 95953 "-" "Mozilla/5.0 (Linux; Android 6.0.1; Nexus 5X Build/MMB29P) AppleWebKit/537.36 (KHTML, like Gecko) Chrome/41.0.2272.96 Mobile Safari/537.36 (compatible; Googlebot/2.1; +http://www.google.com/bot.html)" "-"
66.249.66.66 - - [06/Dec/2019:08:53:12 +0100] "POST /?wc-ajax=get_refreshed_fragments HTTP/1.1" 200 1397 "https://amazingsportwear.com/producto/gorra-tecnica-2/" "Mozilla/5.0 (Linux; Android 6.0.1; Nexus 5X Build/MMB29P) AppleWebKit/537.36 (KHTML, like Gecko) Chrome/41.0.2272.96 Mobile Safari/537.36 (compatible; Googlebot/2.1; +http://www.google.com/bot.html)" "_ga=GA1.2.969013651.1575590400; _gid=GA1.2.1978218920.1575590400; _gat_gtag_UA_91619287_1=1"
217.76.130.90 - - [06/Dec/2019:09:01:03 +0100] "POST /wp-cron.php?doing_wp_cron=1575619263.8949260711669921875000 HTTP/1.1" 200 164 "http://amazingsportwear.com/wp-cron.php?doing_wp_cron=1575619263.8949260711669921875000" "WordPress/5.2.4; https://amazingsportwear.com" "-"
198.71.228.60 - - [06/Dec/2019:09:01:02 +0100] "GET /wp-content/uploads/2018/11/content-post.php.suspected HTTP/1.1" 404 68058 "http://site.ru" "Mozilla/5.0 (Windows; U; Windows NT 5.1; en-US) AppleWebKit/533.4 (KHTML, like Gecko) Chrome/5.0.375.99 Safari/533.4" "-"
217.76.130.90 - - [06/Dec/2019:09:09:06 +0100] "POST /wp-cron.php?doing_wp_cron=1575619746.7883958816528320312500 HTTP/1.1" 200 3389 "https://amazingsportwear.com/wp-cron.php?doing_wp_cron=1575619746.7883958816528320312500" "WordPress/5.2.4; https://amazingsportwear.com" "-"
52.240.159.47 - - [06/Dec/2019:09:09:05 +0100] "GET /robots.txt HTTP/1.1" 200 2297 "-" "Mozilla/5.0 (compatible; bingbot/2.0; +http://www.bing.com/bingbot.htm)" "-"
52.240.159.47 - - [06/Dec/2019:09:09:07 +0100] "GET /robots.txt HTTP/1.1" 200 3939 "-" "Mozilla/5.0 (compatible; bingbot/2.0; +http://www.bing.com/bingbot.htm)" "-"
217.76.130.90 - - [06/Dec/2019:09:12:42 +0100] "POST /wp-cron.php?doing_wp_cron=1575619962.9880630970001220703125 HTTP/1.1" 200 164 "http://amazingsportwear.com/wp-cron.php?doing_wp_cron=1575619962.9880630970001220703125" "WordPress/5.2.4; https://amazingsportwear.com" "-"
54.37.23.159 - - [06/Dec/2019:09:12:41 +0100] "GET /img/amazing-logo-1485426812.png HTTP/1.1" 404 67991 "-" "-" "-"
217.76.130.90 - - [06/Dec/2019:09:15:47 +0100] "POST /wp-cron.php?doing_wp_cron=1575620147.7441370487213134765625 HTTP/1.1" 200 164 "http://amazingsportwear.com/wp-cron.php?doing_wp_cron=1575620147.7441370487213134765625" "WordPress/5.2.4; https://amazingsportwear.com" "-"
51.38.47.24 - - [06/Dec/2019:09:15:46 +0100] "GET /img/cms/tienda/cat-4725-colores.JPG HTTP/1.1" 404 67996 "-" "-" "-"
51.38.47.24 - - [06/Dec/2019:09:15:48 +0100] "GET /941-large_default/camiseta-tecnics-sin-mangas-sunit-cat-4725.jpg HTTP/1.1" 404 68082 "-" "-" "-"
51.38.47.24 - - [06/Dec/2019:09:15:49 +0100] "GET /img/amazing-logo-1485426812.png HTTP/1.1" 404 68001 "-" "-" "-"
217.76.130.90 - - [06/Dec/2019:09:16:30 +0100] "POST /wp-cron.php?doing_wp_cron=1575620190.6999731063842773437500 HTTP/1.1" 200 3389 "https://amazingsportwear.com/wp-cron.php?doing_wp_cron=1575620190.6999731063842773437500" "WordPress/5.2.4; https://amazingsportwear.com" "-"
52.162.161.148 - - [06/Dec/2019:09:16:30 +0100] "GET /tienda/395-toalla-absorvente-kefan.html HTTP/1.1" 404 72333 "-" "Mozilla/5.0 (compatible; bingbot/2.0; +http://www.bing.com/bingbot.htm)" "-"
201.141.194.164 - - [06/Dec/2019:09:20:46 +0100] "GET /wp-content/uploads/2019/04/Gorra-sport-6.png HTTP/1.1" 200 44623 "https://www.google.com/" "Mozilla/5.0 (Windows NT 6.1; Win64; x64) AppleWebKit/537.36 (KHTML, like Gecko) Chrome/78.0.3904.108 Safari/537.36" "-"
217.76.130.90 - - [06/Dec/2019:09:22:57 +0100] "POST /wp-cron.php?doing_wp_cron=1575620577.7253050804138183593750 HTTP/1.1" 200 164 "http://amazingsportwear.com/wp-cron.php?doing_wp_cron=1575620577.7253050804138183593750" "WordPress/5.2.4; https://amazingsportwear.com" "-"
162.220.48.34 - - [06/Dec/2019:09:22:56 +0100] "GET /wp-includes/do.php HTTP/1.1" 404 68005 "http://site.ru" "Mozilla/5.0 (Windows; U; Windows NT 5.1; en-US) AppleWebKit/533.4 (KHTML, like Gecko) Chrome/5.0.375.99 Safari/533.4" "-"
217.76.130.90 - - [06/Dec/2019:09:38:50 +0100] "POST /wp-cron.php?doing_wp_cron=1575621530.5947840213775634765625 HTTP/1.1" 200 3389 "https://amazingsportwear.com/wp-cron.php?doing_wp_cron=1575621530.5947840213775634765625" "WordPress/5.2.4; https://amazingsportwear.com" "-"
52.162.161.148 - - [06/Dec/2019:09:38:49 +0100] "GET /tienda/395-toalla-absorvente-kefan.html HTTP/1.1" 404 72273 "-" "Mozilla/5.0 (compatible; bingbot/2.0; +http://www.bing.com/bingbot.htm)" "-"
217.76.130.90 - - [06/Dec/2019:09:38:51 +0100] "POST /wp-admin/admin-ajax.php?action=wp_1_wc_privacy_cleanup&nonce=ed64ec19d9 HTTP/1.1" 200 3709 "https://amazingsportwear.com/wp-admin/admin-ajax.php?action=wp_1_wc_privacy_cleanup&nonce=ed64ec19d9" "WordPress/5.2.4; https://amazingsportwear.com" "-"
217.76.130.90 - - [06/Dec/2019:09:39:35 +0100] "POST /wp-cron.php?doing_wp_cron=1575621575.5773069858551025390625 HTTP/1.1" 200 164 "http://amazingsportwear.com/wp-cron.php?doing_wp_cron=1575621575.5773069858551025390625" "WordPress/5.2.4; https://amazingsportwear.com" "-"
207.46.13.236 - - [06/Dec/2019:09:39:34 +0100] "GET /robots.txt HTTP/1.1" 200 432 "-" "Mozilla/5.0 (compatible; bingbot/2.0; +http://www.bing.com/bingbot.htm)" "-"
217.76.130.90 - - [06/Dec/2019:09:40:23 +0100] "POST /wp-cron.php?doing_wp_cron=1575621623.9460299015045166015625 HTTP/1.1" 200 164 "http://amazingsportwear.com/wp-cron.php?doing_wp_cron=1575621623.9460299015045166015625" "WordPress/5.2.4; https://amazingsportwear.com" "-"
40.77.167.144 - - [06/Dec/2019:09:40:23 +0100] "GET /ciclismo/88-manguito-brazo-ciclismo.html HTTP/1.1" 404 68101 "-" "Mozilla/5.0 (compatible; bingbot/2.0; +http://www.bing.com/bingbot.htm)" "-"
217.76.130.90 - - [06/Dec/2019:09:41:24 +0100] "POST /wp-cron.php?doing_wp_cron=1575621684.3234789371490478515625 HTTP/1.1" 200 164 "http://amazingsportwear.com/wp-cron.php?doing_wp_cron=1575621684.3234789371490478515625" "WordPress/5.2.4; https://amazingsportwear.com" "-"
35.210.80.43 - - [06/Dec/2019:09:41:23 +0100] "GET /robots.txt HTTP/1.1" 200 375 "-" "Go-http-client/1.1" "-"
35.210.80.43 - - [06/Dec/2019:09:41:24 +0100] "GET /ofertas HTTP/1.1" 301 286 "-" "Mozilla/5.0 (compatible; VelenPublicWebCrawler/1.0; +https://velen.io)" "-"
35.210.80.43 - - [06/Dec/2019:09:41:27 +0100] "GET /ofertas/ HTTP/1.1" 200 69138 "http://amazingsportwear.com/ofertas" "Mozilla/5.0 (compatible; VelenPublicWebCrawler/1.0; +https://velen.io)" "-"
217.76.130.90 - - [06/Dec/2019:09:48:06 +0100] "POST /wp-cron.php?doing_wp_cron=1575622086.7138810157775878906250 HTTP/1.1" 200 3389 "https://amazingsportwear.com/wp-cron.php?doing_wp_cron=1575622086.7138810157775878906250" "WordPress/5.2.4; https://amazingsportwear.com" "-"
207.46.13.236 - - [06/Dec/2019:09:48:05 +0100] "GET /robots.txt HTTP/1.1" 200 2297 "-" "Mozilla/5.0 (compatible; bingbot/2.0; +http://www.bing.com/bingbot.htm)" "-"
207.46.13.236 - - [06/Dec/2019:09:48:07 +0100] "GET /robots.txt HTTP/1.1" 200 3939 "-" "Mozilla/5.0 (compatible; bingbot/2.0; +http://www.bing.com/bingbot.htm)" "-"
40.77.167.144 - - [06/Dec/2019:09:49:30 +0100] "GET /wp-content/uploads/2017/03/CIF-T-1052.jpg HTTP/1.1" 200 61148 "-" "Mozilla/5.0 (compatible; bingbot/2.0; +http://www.bing.com/bingbot.htm)" "-"
217.76.130.90 - - [06/Dec/2019:09:49:56 +0100] "POST /wp-cron.php?doing_wp_cron=1575622196.3954041004180908203125 HTTP/1.1" 200 3389 "https://amazingsportwear.com/wp-cron.php?doing_wp_cron=1575622196.3954041004180908203125" "WordPress/5.2.4; https://amazingsportwear.com" "-"
66.249.66.70 - - [06/Dec/2019:09:49:55 +0100] "POST /?wc-ajax=get_refreshed_fragments HTTP/1.1" 200 4708 "https://amazingsportwear.com/" "Mozilla/5.0 (Linux; Android 6.0.1; Nexus 5X Build/MMB29P) AppleWebKit/537.36 (KHTML, like Gecko) Chrome/41.0.2272.96 Mobile Safari/537.36 (compatible; Googlebot/2.1; +http://www.google.com/bot.html)" "wpfront-notification-bar-landingpage=1; _ga=GA1.2.1884029788.1575590400; _gid=GA1.2.969013651.1575590400; _gat_gtag_UA_91619287_1=1"
217.76.130.90 - - [06/Dec/2019:10:01:34 +0100] "POST /wp-cron.php?doing_wp_cron=1575622894.3412809371948242187500 HTTP/1.1" 200 164 "http://amazingsportwear.com/wp-cron.php?doing_wp_cron=1575622894.3412809371948242187500" "WordPress/5.2.4; https://amazingsportwear.com" "-"
17.58.100.225 - - [06/Dec/2019:10:01:33 +0100] "GET /robots.txt HTTP/1.1" 200 375 "-" "Mozilla/5.0 (Macintosh; Intel Mac OS X 10_10_1) AppleWebKit/600.2.5 (KHTML, like Gecko) Version/8.0.2 Safari/600.2.5 (Applebot/0.1; +http://www.apple.com/go/applebot)" "-"
17.58.96.177 - - [06/Dec/2019:10:01:34 +0100] "GET / HTTP/1.1" 301 279 "-" "Mozilla/5.0 (Macintosh; Intel Mac OS X 10_10_1) AppleWebKit/600.2.5 (KHTML, like Gecko) Version/8.0.2 Safari/600.2.5 (Applebot/0.1; +http://www.apple.com/go/applebot)" "-"
17.58.96.177 - - [06/Dec/2019:10:01:36 +0100] "GET / HTTP/1.1" 200 125499 "-" "Mozilla/5.0 (Macintosh; Intel Mac OS X 10_10_1) AppleWebKit/600.2.5 (KHTML, like Gecko) Version/8.0.2 Safari/600.2.5 (Applebot/0.1; +http://www.apple.com/go/applebot)" "wpfront-notification-bar-landingpage=1"
217.76.130.90 - - [06/Dec/2019:10:06:40 +0100] "POST /wp-cron.php?doing_wp_cron=1575623200.0073699951171875000000 HTTP/1.1" 200 3389 "https://amazingsportwear.com/wp-cron.php?doing_wp_cron=1575623200.0073699951171875000000" "WordPress/5.2.4; https://amazingsportwear.com" "-"
185.188.182.170 - - [06/Dec/2019:10:06:39 +0100] "GET /inicio-sesion HTTP/1.1" 404 71998 "-" "-" "-"
157.55.39.234 - - [06/Dec/2019:10:10:30 +0100] "GET /wp-content/uploads/2017/03/nath-electro-blanco-1.jpg HTTP/1.1" 200 15598 "-" "Mozilla/5.0 (compatible; bingbot/2.0; +http://www.bing.com/bingbot.htm)" "-"
217.76.130.90 - - [06/Dec/2019:10:19:48 +0100] "POST /wp-cron.php?doing_wp_cron=1575623988.9845941066741943359375 HTTP/1.1" 200 164 "http://amazingsportwear.com/wp-cron.php?doing_wp_cron=1575623988.9845941066741943359375" "WordPress/5.2.4; https://amazingsportwear.com" "-"
35.210.80.43 - - [06/Dec/2019:10:19:47 +0100] "GET /robots.txt HTTP/1.1" 200 375 "-" "Go-http-client/1.1" "-"
35.210.80.43 - - [06/Dec/2019:10:19:49 +0100] "GET /producto/pantalon-leggin-adelaida-sa-0459 HTTP/1.1" 301 320 "-" "Mozilla/5.0 (compatible; VelenPublicWebCrawler/1.0; +https://velen.io)" "-"
35.210.80.43 - - [06/Dec/2019:10:19:51 +0100] "GET /producto/pantalon-leggin-adelaida-sa-0459/ HTTP/1.1" 200 90472 "http://amazingsportwear.com/producto/pantalon-leggin-adelaida-sa-0459" "Mozilla/5.0 (compatible; VelenPublicWebCrawler/1.0; +https://velen.io)" "-"
217.76.130.90 - - [06/Dec/2019:10:24:47 +0100] "POST /wp-cron.php?doing_wp_cron=1575624287.7852210998535156250000 HTTP/1.1" 200 164 "http://amazingsportwear.com/wp-cron.php?doing_wp_cron=1575624287.7852210998535156250000" "WordPress/5.2.4; https://amazingsportwear.com" "-"
104.222.43.74 - - [06/Dec/2019:10:24:47 +0100] "GET / HTTP/1.1" 301 336 "-" "Mozilla/5.0 (Windows NT 6.1; WOW64; rv:27.0) Gecko/20100101 Firefox/27.0" "-"
217.76.130.90 - - [06/Dec/2019:10:29:14 +0100] "POST /wp-cron.php?doing_wp_cron=1575624554.2552909851074218750000 HTTP/1.1" 200 3389 "https://amazingsportwear.com/wp-cron.php?doing_wp_cron=1575624554.2552909851074218750000" "WordPress/5.2.4; https://amazingsportwear.com" "-"
66.249.66.70 - - [06/Dec/2019:10:29:13 +0100] "GET /categoria-producto/deportes/futbol/ HTTP/1.1" 200 66371 "-" "Mozilla/5.0 (Linux; Android 6.0.1; Nexus 5X Build/MMB29P) AppleWebKit/537.36 (KHTML, like Gecko) Chrome/41.0.2272.96 Mobile Safari/537.36 (compatible; Googlebot/2.1; +http://www.google.com/bot.html)" "-"
217.76.130.90 - - [06/Dec/2019:10:32:54 +0100] "POST /wp-cron.php?doing_wp_cron=1575624774.7470419406890869140625 HTTP/1.1" 200 3389 "https://amazingsportwear.com/wp-cron.php?doing_wp_cron=1575624774.7470419406890869140625" "WordPress/5.2.4; https://amazingsportwear.com" "-"
66.249.66.66 - - [06/Dec/2019:10:32:53 +0100] "POST /?wc-ajax=get_refreshed_fragments HTTP/1.1" 200 4760 "https://amazingsportwear.com/categoria-producto/deportes/futbol/" "Mozilla/5.0 (Linux; Android 6.0.1; Nexus 5X Build/MMB29P) AppleWebKit/537.36 (KHTML, like Gecko) Chrome/41.0.2272.96 Mobile Safari/537.36 (compatible; Googlebot/2.1; +http://www.google.com/bot.html)" "_ga=GA1.2.1884029788.1575590400; _gid=GA1.2.969013651.1575590400; _gat_gtag_UA_91619287_1=1"
217.76.130.90 - - [06/Dec/2019:10:34:19 +0100] "POST /wp-cron.php?doing_wp_cron=1575624859.7244460582733154296875 HTTP/1.1" 200 164 "http://amazingsportwear.com/wp-cron.php?doing_wp_cron=1575624859.7244460582733154296875" "WordPress/5.2.4; https://amazingsportwear.com" "-"
115.84.182.210 - - [06/Dec/2019:10:34:18 +0100] "GET /wp-includes/classkit_method_add.php HTTP/1.1" 404 68014 "http://site.ru" "Mozilla/5.0 (Windows; U; Windows NT 5.1; en-US) AppleWebKit/533.4 (KHTML, like Gecko) Chrome/5.0.375.99 Safari/533.4" "-"
217.76.130.90 - - [06/Dec/2019:10:35:12 +0100] "POST /wp-cron.php?doing_wp_cron=1575624912.5794019699096679687500 HTTP/1.1" 200 164 "http://amazingsportwear.com/wp-cron.php?doing_wp_cron=1575624912.5794019699096679687500" "WordPress/5.2.4; https://amazingsportwear.com" "-"
115.84.182.210 - - [06/Dec/2019:10:35:11 +0100] "GET /wp-includes/classkit_method_add.php HTTP/1.1" 404 67974 "http://site.ru" "Mozilla/5.0 (Windows; U; Windows NT 5.1; en-US) AppleWebKit/533.4 (KHTML, like Gecko) Chrome/5.0.375.99 Safari/533.4" "-"
115.84.182.210 - - [06/Dec/2019:10:35:22 +0100] "GET /wp-includes/classkit_method_add.php HTTP/1.1" 404 68049 "http://site.ru" "Mozilla/5.0 (Windows; U; Windows NT 5.1; en-US) AppleWebKit/533.4 (KHTML, like Gecko) Chrome/5.0.375.99 Safari/533.4" "-"
115.84.182.210 - - [06/Dec/2019:10:35:39 +0100] "GET /wp-includes/classkit_method_add.php HTTP/1.1" 404 68029 "http://site.ru" "Mozilla/5.0 (Windows; U; Windows NT 5.1; en-US) AppleWebKit/533.4 (KHTML, like Gecko) Chrome/5.0.375.99 Safari/533.4" "-"
217.76.130.90 - - [06/Dec/2019:10:36:14 +0100] "POST /wp-cron.php?doing_wp_cron=1575624974.7619810104370117187500 HTTP/1.1" 200 164 "http://amazingsportwear.com/wp-cron.php?doing_wp_cron=1575624974.7619810104370117187500" "WordPress/5.2.4; https://amazingsportwear.com" "-"
115.84.182.210 - - [06/Dec/2019:10:36:13 +0100] "GET /wp-includes/classkit_method_add.php HTTP/1.1" 404 68049 "http://site.ru" "Mozilla/5.0 (Windows; U; Windows NT 5.1; en-US) AppleWebKit/533.4 (KHTML, like Gecko) Chrome/5.0.375.99 Safari/533.4" "-"
115.84.182.210 - - [06/Dec/2019:10:36:25 +0100] "GET /wp-includes/classkit_method_add.php HTTP/1.1" 404 68019 "http://site.ru" "Mozilla/5.0 (Windows; U; Windows NT 5.1; en-US) AppleWebKit/533.4 (KHTML, like Gecko) Chrome/5.0.375.99 Safari/533.4" "-"
115.84.182.210 - - [06/Dec/2019:10:36:44 +0100] "GET /wp-includes/classkit_method_add.php HTTP/1.1" 404 68024 "http://site.ru" "Mozilla/5.0 (Windows; U; Windows NT 5.1; en-US) AppleWebKit/533.4 (KHTML, like Gecko) Chrome/5.0.375.99 Safari/533.4" "-"
115.84.182.210 - - [06/Dec/2019:10:36:56 +0100] "GET /wp-includes/classkit_method_add.php HTTP/1.1" 404 68019 "http://site.ru" "Mozilla/5.0 (Windows; U; Windows NT 5.1; en-US) AppleWebKit/533.4 (KHTML, like Gecko) Chrome/5.0.375.99 Safari/533.4" "-"
217.76.130.90 - - [06/Dec/2019:10:37:20 +0100] "POST /wp-cron.php?doing_wp_cron=1575625040.4848721027374267578125 HTTP/1.1" 200 164 "http://amazingsportwear.com/wp-cron.php?doing_wp_cron=1575625040.4848721027374267578125" "WordPress/5.2.4; https://amazingsportwear.com" "-"
115.84.182.210 - - [06/Dec/2019:10:37:19 +0100] "GET /wp-includes/classkit_method_add.php HTTP/1.1" 404 67999 "http://site.ru" "Mozilla/5.0 (Windows; U; Windows NT 5.1; en-US) AppleWebKit/533.4 (KHTML, like Gecko) Chrome/5.0.375.99 Safari/533.4" "-"
115.84.182.210 - - [06/Dec/2019:10:37:30 +0100] "GET /wp-includes/classkit_method_add.php HTTP/1.1" 404 68024 "http://site.ru" "Mozilla/5.0 (Windows; U; Windows NT 5.1; en-US) AppleWebKit/533.4 (KHTML, like Gecko) Chrome/5.0.375.99 Safari/533.4" "-"
115.84.182.210 - - [06/Dec/2019:10:37:48 +0100] "GET /wp-includes/classkit_method_add.php HTTP/1.1" 404 68004 "http://site.ru" "Mozilla/5.0 (Windows; U; Windows NT 5.1; en-US) AppleWebKit/533.4 (KHTML, like Gecko) Chrome/5.0.375.99 Safari/533.4" "-"
115.84.182.210 - - [06/Dec/2019:10:38:00 +0100] "GET /wp-includes/classkit_method_add.php HTTP/1.1" 404 67969 "http://site.ru" "Mozilla/5.0 (Windows; U; Windows NT 5.1; en-US) AppleWebKit/533.4 (KHTML, like Gecko) Chrome/5.0.375.99 Safari/533.4" "-"
217.76.130.90 - - [06/Dec/2019:10:38:24 +0100] "POST /wp-cron.php?doing_wp_cron=1575625104.3109829425811767578125 HTTP/1.1" 200 164 "http://amazingsportwear.com/wp-cron.php?doing_wp_cron=1575625104.3109829425811767578125" "WordPress/5.2.4; https://amazingsportwear.com" "-"
115.84.182.210 - - [06/Dec/2019:10:38:23 +0100] "GET /wp-includes/classkit_method_add.php HTTP/1.1" 404 68029 "http://site.ru" "Mozilla/5.0 (Windows; U; Windows NT 5.1; en-US) AppleWebKit/533.4 (KHTML, like Gecko) Chrome/5.0.375.99 Safari/533.4" "-"
115.84.182.210 - - [06/Dec/2019:10:38:35 +0100] "GET /wp-includes/classkit_method_add.php HTTP/1.1" 404 68024 "http://site.ru" "Mozilla/5.0 (Windows; U; Windows NT 5.1; en-US) AppleWebKit/533.4 (KHTML, like Gecko) Chrome/5.0.375.99 Safari/533.4" "-"
115.84.182.210 - - [06/Dec/2019:10:38:55 +0100] "GET /wp-includes/classkit_method_add.php HTTP/1.1" 404 67999 "http://site.ru" "Mozilla/5.0 (Windows; U; Windows NT 5.1; en-US) AppleWebKit/533.4 (KHTML, like Gecko) Chrome/5.0.375.99 Safari/533.4" "-"
217.76.130.90 - - [06/Dec/2019:10:39:08 +0100] "POST /wp-cron.php?doing_wp_cron=1575625148.5720698833465576171875 HTTP/1.1" 200 164 "http://amazingsportwear.com/wp-cron.php?doing_wp_cron=1575625148.5720698833465576171875" "WordPress/5.2.4; https://amazingsportwear.com" "-"
115.84.182.210 - - [06/Dec/2019:10:39:07 +0100] "GET /wp-includes/classkit_method_add.php HTTP/1.1" 404 68029 "http://site.ru" "Mozilla/5.0 (Windows; U; Windows NT 5.1; en-US) AppleWebKit/533.4 (KHTML, like Gecko) Chrome/5.0.375.99 Safari/533.4" "-"
115.84.182.210 - - [06/Dec/2019:10:39:30 +0100] "GET /wp-includes/classkit_method_add.php HTTP/1.1" 404 67984 "http://site.ru" "Mozilla/5.0 (Windows; U; Windows NT 5.1; en-US) AppleWebKit/533.4 (KHTML, like Gecko) Chrome/5.0.375.99 Safari/533.4" "-"
115.84.182.210 - - [06/Dec/2019:10:39:42 +0100] "GET /wp-includes/classkit_method_add.php HTTP/1.1" 404 68004 "http://site.ru" "Mozilla/5.0 (Windows; U; Windows NT 5.1; en-US) AppleWebKit/533.4 (KHTML, like Gecko) Chrome/5.0.375.99 Safari/533.4" "-"
115.84.182.210 - - [06/Dec/2019:10:40:00 +0100] "GET /wp-includes/classkit_method_add.php HTTP/1.1" 404 68059 "http://site.ru" "Mozilla/5.0 (Windows; U; Windows NT 5.1; en-US) AppleWebKit/533.4 (KHTML, like Gecko) Chrome/5.0.375.99 Safari/533.4" "-"
217.76.130.90 - - [06/Dec/2019:10:40:13 +0100] "POST /wp-cron.php?doing_wp_cron=1575625213.6826710700988769531250 HTTP/1.1" 200 164 "http://amazingsportwear.com/wp-cron.php?doing_wp_cron=1575625213.6826710700988769531250" "WordPress/5.2.4; https://amazingsportwear.com" "-"
115.84.182.210 - - [06/Dec/2019:10:40:13 +0100] "GET /wp-includes/classkit_method_add.php HTTP/1.1" 404 68004 "http://site.ru" "Mozilla/5.0 (Windows; U; Windows NT 5.1; en-US) AppleWebKit/533.4 (KHTML, like Gecko) Chrome/5.0.375.99 Safari/533.4" "-"
115.84.182.210 - - [06/Dec/2019:10:40:34 +0100] "GET /wp-includes/classkit_method_add.php HTTP/1.1" 404 68004 "http://site.ru" "Mozilla/5.0 (Windows; U; Windows NT 5.1; en-US) AppleWebKit/533.4 (KHTML, like Gecko) Chrome/5.0.375.99 Safari/533.4" "-"
115.84.182.210 - - [06/Dec/2019:10:40:46 +0100] "GET /wp-includes/classkit_method_add.php HTTP/1.1" 404 67979 "http://site.ru" "Mozilla/5.0 (Windows; U; Windows NT 5.1; en-US) AppleWebKit/533.4 (KHTML, like Gecko) Chrome/5.0.375.99 Safari/533.4" "-"
217.76.130.90 - - [06/Dec/2019:10:41:05 +0100] "POST /wp-cron.php?doing_wp_cron=1575625265.3010289669036865234375 HTTP/1.1" 200 164 "http://amazingsportwear.com/wp-cron.php?doing_wp_cron=1575625265.3010289669036865234375" "WordPress/5.2.4; https://amazingsportwear.com" "-"
115.84.182.210 - - [06/Dec/2019:10:41:04 +0100] "GET /wp-includes/classkit_method_add.php HTTP/1.1" 404 68029 "http://site.ru" "Mozilla/5.0 (Windows; U; Windows NT 5.1; en-US) AppleWebKit/533.4 (KHTML, like Gecko) Chrome/5.0.375.99 Safari/533.4" "-"
115.84.182.210 - - [06/Dec/2019:10:41:15 +0100] "GET /wp-includes/classkit_method_add.php HTTP/1.1" 404 68009 "http://site.ru" "Mozilla/5.0 (Windows; U; Windows NT 5.1; en-US) AppleWebKit/533.4 (KHTML, like Gecko) Chrome/5.0.375.99 Safari/533.4" "-"
115.84.182.210 - - [06/Dec/2019:10:41:35 +0100] "GET /wp-includes/classkit_method_add.php HTTP/1.1" 404 68019 "http://site.ru" "Mozilla/5.0 (Windows; U; Windows NT 5.1; en-US) AppleWebKit/533.4 (KHTML, like Gecko) Chrome/5.0.375.99 Safari/533.4" "-"
217.76.130.90 - - [06/Dec/2019:10:42:11 +0100] "POST /wp-cron.php?doing_wp_cron=1575625331.8382248878479003906250 HTTP/1.1" 200 164 "http://amazingsportwear.com/wp-cron.php?doing_wp_cron=1575625331.8382248878479003906250" "WordPress/5.2.4; https://amazingsportwear.com" "-"
115.84.182.210 - - [06/Dec/2019:10:42:11 +0100] "GET /wp-includes/classkit_method_add.php HTTP/1.1" 404 68039 "http://site.ru" "Mozilla/5.0 (Windows; U; Windows NT 5.1; en-US) AppleWebKit/533.4 (KHTML, like Gecko) Chrome/5.0.375.99 Safari/533.4" "-"
115.84.182.210 - - [06/Dec/2019:10:42:22 +0100] "GET /wp-includes/classkit_method_add.php HTTP/1.1" 404 68004 "http://site.ru" "Mozilla/5.0 (Windows; U; Windows NT 5.1; en-US) AppleWebKit/533.4 (KHTML, like Gecko) Chrome/5.0.375.99 Safari/533.4" "-"
115.84.182.210 - - [06/Dec/2019:10:42:41 +0100] "GET /wp-includes/classkit_method_add.php HTTP/1.1" 404 68044 "http://site.ru" "Mozilla/5.0 (Windows; U; Windows NT 5.1; en-US) AppleWebKit/533.4 (KHTML, like Gecko) Chrome/5.0.375.99 Safari/533.4" "-"
217.76.130.90 - - [06/Dec/2019:10:43:14 +0100] "POST /wp-cron.php?doing_wp_cron=1575625394.6692070960998535156250 HTTP/1.1" 200 164 "http://amazingsportwear.com/wp-cron.php?doing_wp_cron=1575625394.6692070960998535156250" "WordPress/5.2.4; https://amazingsportwear.com" "-"
115.84.182.210 - - [06/Dec/2019:10:43:14 +0100] "GET /wp-includes/classkit_method_add.php HTTP/1.1" 404 67999 "http://site.ru" "Mozilla/5.0 (Windows; U; Windows NT 5.1; en-US) AppleWebKit/533.4 (KHTML, like Gecko) Chrome/5.0.375.99 Safari/533.4" "-"
115.84.182.210 - - [06/Dec/2019:10:43:26 +0100] "GET /wp-includes/classkit_method_add.php HTTP/1.1" 404 67999 "http://site.ru" "Mozilla/5.0 (Windows; U; Windows NT 5.1; en-US) AppleWebKit/533.4 (KHTML, like Gecko) Chrome/5.0.375.99 Safari/533.4" "-"
115.84.182.210 - - [06/Dec/2019:10:43:46 +0100] "GET /wp-includes/classkit_method_add.php HTTP/1.1" 404 68024 "http://site.ru" "Mozilla/5.0 (Windows; U; Windows NT 5.1; en-US) AppleWebKit/533.4 (KHTML, like Gecko) Chrome/5.0.375.99 Safari/533.4" "-"
217.76.130.90 - - [06/Dec/2019:10:44:23 +0100] "POST /wp-cron.php?doing_wp_cron=1575625463.2653191089630126953125 HTTP/1.1" 200 164 "http://amazingsportwear.com/wp-cron.php?doing_wp_cron=1575625463.2653191089630126953125" "WordPress/5.2.4; https://amazingsportwear.com" "-"
115.84.182.210 - - [06/Dec/2019:10:44:22 +0100] "GET /wp-includes/classkit_method_add.php HTTP/1.1" 404 68019 "http://site.ru" "Mozilla/5.0 (Windows; U; Windows NT 5.1; en-US) AppleWebKit/533.4 (KHTML, like Gecko) Chrome/5.0.375.99 Safari/533.4" "-"
115.84.182.210 - - [06/Dec/2019:10:44:52 +0100] "GET /wp-includes/classkit_method_add.php HTTP/1.1" 404 67999 "http://site.ru" "Mozilla/5.0 (Windows; U; Windows NT 5.1; en-US) AppleWebKit/533.4 (KHTML, like Gecko) Chrome/5.0.375.99 Safari/533.4" "-"
217.76.130.90 - - [06/Dec/2019:10:45:04 +0100] "POST /wp-cron.php?doing_wp_cron=1575625504.7303009033203125000000 HTTP/1.1" 200 164 "http://amazingsportwear.com/wp-cron.php?doing_wp_cron=1575625504.7303009033203125000000" "WordPress/5.2.4; https://amazingsportwear.com" "-"
115.84.182.210 - - [06/Dec/2019:10:45:04 +0100] "GET /wp-includes/classkit_method_add.php HTTP/1.1" 404 68029 "http://site.ru" "Mozilla/5.0 (Windows; U; Windows NT 5.1; en-US) AppleWebKit/533.4 (KHTML, like Gecko) Chrome/5.0.375.99 Safari/533.4" "-"
115.84.182.210 - - [06/Dec/2019:10:45:24 +0100] "GET /wp-includes/classkit_method_add.php HTTP/1.1" 404 67969 "http://site.ru" "Mozilla/5.0 (Windows; U; Windows NT 5.1; en-US) AppleWebKit/533.4 (KHTML, like Gecko) Chrome/5.0.375.99 Safari/533.4" "-"
115.84.182.210 - - [06/Dec/2019:10:45:36 +0100] "GET /wp-includes/classkit_method_add.php HTTP/1.1" 404 67999 "http://site.ru" "Mozilla/5.0 (Windows; U; Windows NT 5.1; en-US) AppleWebKit/533.4 (KHTML, like Gecko) Chrome/5.0.375.99 Safari/533.4" "-"
115.84.182.210 - - [06/Dec/2019:10:45:56 +0100] "GET /wp-includes/classkit_method_add.php HTTP/1.1" 404 68024 "http://site.ru" "Mozilla/5.0 (Windows; U; Windows NT 5.1; en-US) AppleWebKit/533.4 (KHTML, like Gecko) Chrome/5.0.375.99 Safari/533.4" "-"
217.76.130.90 - - [06/Dec/2019:10:46:28 +0100] "POST /wp-cron.php?doing_wp_cron=1575625588.7088479995727539062500 HTTP/1.1" 200 164 "http://amazingsportwear.com/wp-cron.php?doing_wp_cron=1575625588.7088479995727539062500" "WordPress/5.2.4; https://amazingsportwear.com" "-"
115.84.182.210 - - [06/Dec/2019:10:46:28 +0100] "GET /wp-includes/classkit_method_add.php HTTP/1.1" 404 67989 "http://site.ru" "Mozilla/5.0 (Windows; U; Windows NT 5.1; en-US) AppleWebKit/533.4 (KHTML, like Gecko) Chrome/5.0.375.99 Safari/533.4" "-"
115.84.182.210 - - [06/Dec/2019:10:46:40 +0100] "GET /wp-includes/classkit_method_add.php HTTP/1.1" 404 68039 "http://site.ru" "Mozilla/5.0 (Windows; U; Windows NT 5.1; en-US) AppleWebKit/533.4 (KHTML, like Gecko) Chrome/5.0.375.99 Safari/533.4" "-"
115.84.182.210 - - [06/Dec/2019:10:46:59 +0100] "GET /wp-includes/classkit_method_add.php HTTP/1.1" 404 68019 "http://site.ru" "Mozilla/5.0 (Windows; U; Windows NT 5.1; en-US) AppleWebKit/533.4 (KHTML, like Gecko) Chrome/5.0.375.99 Safari/533.4" "-"
217.76.130.90 - - [06/Dec/2019:10:47:12 +0100] "POST /wp-cron.php?doing_wp_cron=1575625632.5350949764251708984375 HTTP/1.1" 200 164 "http://amazingsportwear.com/wp-cron.php?doing_wp_cron=1575625632.5350949764251708984375" "WordPress/5.2.4; https://amazingsportwear.com" "-"
115.84.182.210 - - [06/Dec/2019:10:47:12 +0100] "GET /wp-includes/classkit_method_add.php HTTP/1.1" 404 67999 "http://site.ru" "Mozilla/5.0 (Windows; U; Windows NT 5.1; en-US) AppleWebKit/533.4 (KHTML, like Gecko) Chrome/5.0.375.99 Safari/533.4" "-"
115.84.182.210 - - [06/Dec/2019:10:47:33 +0100] "GET /wp-includes/classkit_method_add.php HTTP/1.1" 404 68004 "http://site.ru" "Mozilla/5.0 (Windows; U; Windows NT 5.1; en-US) AppleWebKit/533.4 (KHTML, like Gecko) Chrome/5.0.375.99 Safari/533.4" "-"
115.84.182.210 - - [06/Dec/2019:10:47:46 +0100] "GET /wp-includes/classkit_method_add.php HTTP/1.1" 404 68019 "http://site.ru" "Mozilla/5.0 (Windows; U; Windows NT 5.1; en-US) AppleWebKit/533.4 (KHTML, like Gecko) Chrome/5.0.375.99 Safari/533.4" "-"
217.76.130.90 - - [06/Dec/2019:10:48:04 +0100] "POST /wp-cron.php?doing_wp_cron=1575625684.6147530078887939453125 HTTP/1.1" 200 164 "http://amazingsportwear.com/wp-cron.php?doing_wp_cron=1575625684.6147530078887939453125" "WordPress/5.2.4; https://amazingsportwear.com" "-"
115.84.182.210 - - [06/Dec/2019:10:48:04 +0100] "GET /wp-includes/classkit_method_add.php HTTP/1.1" 404 68034 "http://site.ru" "Mozilla/5.0 (Windows; U; Windows NT 5.1; en-US) AppleWebKit/533.4 (KHTML, like Gecko) Chrome/5.0.375.99 Safari/533.4" "-"
115.84.182.210 - - [06/Dec/2019:10:48:37 +0100] "GET /wp-includes/classkit_method_add.php HTTP/1.1" 404 68019 "http://site.ru" "Mozilla/5.0 (Windows; U; Windows NT 5.1; en-US) AppleWebKit/533.4 (KHTML, like Gecko) Chrome/5.0.375.99 Safari/533.4" "-"
115.84.182.210 - - [06/Dec/2019:10:48:49 +0100] "GET /wp-includes/classkit_method_add.php HTTP/1.1" 404 68029 "http://site.ru" "Mozilla/5.0 (Windows; U; Windows NT 5.1; en-US) AppleWebKit/533.4 (KHTML, like Gecko) Chrome/5.0.375.99 Safari/533.4" "-"
217.76.130.90 - - [06/Dec/2019:10:49:12 +0100] "POST /wp-cron.php?doing_wp_cron=1575625752.8530879020690917968750 HTTP/1.1" 200 164 "http://amazingsportwear.com/wp-cron.php?doing_wp_cron=1575625752.8530879020690917968750" "WordPress/5.2.4; https://amazingsportwear.com" "-"
115.84.182.210 - - [06/Dec/2019:10:49:12 +0100] "GET /wp-includes/classkit_method_add.php HTTP/1.1" 404 68034 "http://site.ru" "Mozilla/5.0 (Windows; U; Windows NT 5.1; en-US) AppleWebKit/533.4 (KHTML, like Gecko) Chrome/5.0.375.99 Safari/533.4" "-"
115.84.182.210 - - [06/Dec/2019:10:49:23 +0100] "GET /wp-includes/classkit_method_add.php HTTP/1.1" 404 68054 "http://site.ru" "Mozilla/5.0 (Windows; U; Windows NT 5.1; en-US) AppleWebKit/533.4 (KHTML, like Gecko) Chrome/5.0.375.99 Safari/533.4" "-"
115.84.182.210 - - [06/Dec/2019:10:49:46 +0100] "GET /wp-includes/classkit_method_add.php HTTP/1.1" 404 68024 "http://site.ru" "Mozilla/5.0 (Windows; U; Windows NT 5.1; en-US) AppleWebKit/533.4 (KHTML, like Gecko) Chrome/5.0.375.99 Safari/533.4" "-"
115.84.182.210 - - [06/Dec/2019:10:49:58 +0100] "GET /wp-includes/classkit_method_add.php HTTP/1.1" 404 68024 "http://site.ru" "Mozilla/5.0 (Windows; U; Windows NT 5.1; en-US) AppleWebKit/533.4 (KHTML, like Gecko) Chrome/5.0.375.99 Safari/533.4" "-"
217.76.130.90 - - [06/Dec/2019:10:50:16 +0100] "POST /wp-cron.php?doing_wp_cron=1575625816.5192480087280273437500 HTTP/1.1" 200 164 "http://amazingsportwear.com/wp-cron.php?doing_wp_cron=1575625816.5192480087280273437500" "WordPress/5.2.4; https://amazingsportwear.com" "-"
115.84.182.210 - - [06/Dec/2019:10:50:16 +0100] "GET /wp-includes/classkit_method_add.php HTTP/1.1" 404 68029 "http://site.ru" "Mozilla/5.0 (Windows; U; Windows NT 5.1; en-US) AppleWebKit/533.4 (KHTML, like Gecko) Chrome/5.0.375.99 Safari/533.4" "-"
115.84.182.210 - - [06/Dec/2019:10:50:48 +0100] "GET /wp-includes/classkit_method_add.php HTTP/1.1" 404 68014 "http://site.ru" "Mozilla/5.0 (Windows; U; Windows NT 5.1; en-US) AppleWebKit/533.4 (KHTML, like Gecko) Chrome/5.0.375.99 Safari/533.4" "-"
217.76.130.90 - - [06/Dec/2019:10:51:22 +0100] "POST /wp-cron.php?doing_wp_cron=1575625882.2207190990447998046875 HTTP/1.1" 200 164 "http://amazingsportwear.com/wp-cron.php?doing_wp_cron=1575625882.2207190990447998046875" "WordPress/5.2.4; https://amazingsportwear.com" "-"
115.84.182.210 - - [06/Dec/2019:10:51:21 +0100] "GET /wp-includes/classkit_method_add.php HTTP/1.1" 404 68004 "http://site.ru" "Mozilla/5.0 (Windows; U; Windows NT 5.1; en-US) AppleWebKit/533.4 (KHTML, like Gecko) Chrome/5.0.375.99 Safari/533.4" "-"
115.84.182.210 - - [06/Dec/2019:10:51:33 +0100] "GET /wp-includes/classkit_method_add.php HTTP/1.1" 404 68029 "http://site.ru" "Mozilla/5.0 (Windows; U; Windows NT 5.1; en-US) AppleWebKit/533.4 (KHTML, like Gecko) Chrome/5.0.375.99 Safari/533.4" "-"
