200.83.72.58 - - [27/Nov/2019:03:41:56 +0100] "GET /wp-content/uploads/2019/04/Gorra-sport-5-100x100.png HTTP/1.1" 200 4986 "https://amazingsportwear.com/producto/gorra-sport/" "Mozilla/5.0 (Linux; Android 7.0; Moto C Plus) AppleWebKit/537.36 (KHTML, like Gecko) Chrome/78.0.3904.108 Mobile Safari/537.36" "_ga=GA1.2.1652455732.1574822513; _gid=GA1.2.203554081.1574822513; _gat_gtag_UA_91619287_1=1"
200.83.72.58 - - [27/Nov/2019:03:41:56 +0100] "POST /?wc-ajax=get_refreshed_fragments HTTP/1.1" 200 1397 "https://amazingsportwear.com/producto/gorra-sport/" "Mozilla/5.0 (Linux; Android 7.0; Moto C Plus) AppleWebKit/537.36 (KHTML, like Gecko) Chrome/78.0.3904.108 Mobile Safari/537.36" "_ga=GA1.2.1652455732.1574822513; _gid=GA1.2.203554081.1574822513; _gat_gtag_UA_91619287_1=1"
200.83.72.58 - - [27/Nov/2019:03:41:56 +0100] "GET /wp-content/uploads/2019/04/Gorra-sport-12-100x100.png HTTP/1.1" 200 7269 "https://amazingsportwear.com/producto/gorra-sport/" "Mozilla/5.0 (Linux; Android 7.0; Moto C Plus) AppleWebKit/537.36 (KHTML, like Gecko) Chrome/78.0.3904.108 Mobile Safari/537.36" "_ga=GA1.2.1652455732.1574822513; _gid=GA1.2.203554081.1574822513; _gat_gtag_UA_91619287_1=1"
200.83.72.58 - - [27/Nov/2019:03:41:56 +0100] "GET /wp-content/uploads/2019/04/Gorra-sport-3-100x100.png HTTP/1.1" 200 7010 "https://amazingsportwear.com/producto/gorra-sport/" "Mozilla/5.0 (Linux; Android 7.0; Moto C Plus) AppleWebKit/537.36 (KHTML, like Gecko) Chrome/78.0.3904.108 Mobile Safari/537.36" "_ga=GA1.2.1652455732.1574822513; _gid=GA1.2.203554081.1574822513; _gat_gtag_UA_91619287_1=1"
200.83.72.58 - - [27/Nov/2019:03:41:56 +0100] "GET /wp-content/uploads/2019/04/Gorra-sport-2-100x100.png HTTP/1.1" 200 6895 "https://amazingsportwear.com/producto/gorra-sport/" "Mozilla/5.0 (Linux; Android 7.0; Moto C Plus) AppleWebKit/537.36 (KHTML, like Gecko) Chrome/78.0.3904.108 Mobile Safari/537.36" "_ga=GA1.2.1652455732.1574822513; _gid=GA1.2.203554081.1574822513; _gat_gtag_UA_91619287_1=1"
200.83.72.58 - - [27/Nov/2019:03:41:57 +0100] "GET /wp-content/uploads/2019/04/Gorra-sport-1-100x100.png HTTP/1.1" 200 6780 "https://amazingsportwear.com/producto/gorra-sport/" "Mozilla/5.0 (Linux; Android 7.0; Moto C Plus) AppleWebKit/537.36 (KHTML, like Gecko) Chrome/78.0.3904.108 Mobile Safari/537.36" "_ga=GA1.2.1652455732.1574822513; _gid=GA1.2.203554081.1574822513; _gat_gtag_UA_91619287_1=1"
200.83.72.58 - - [27/Nov/2019:03:41:57 +0100] "GET /wp-content/uploads/2018/05/ENY-FL14W-1-300x300.jpg HTTP/1.1" 200 18075 "https://amazingsportwear.com/producto/gorra-sport/" "Mozilla/5.0 (Linux; Android 7.0; Moto C Plus) AppleWebKit/537.36 (KHTML, like Gecko) Chrome/78.0.3904.108 Mobile Safari/537.36" "_ga=GA1.2.1652455732.1574822513; _gid=GA1.2.203554081.1574822513; _gat_gtag_UA_91619287_1=1; wpfront-notification-bar-landingpage=1"
200.83.72.58 - - [27/Nov/2019:03:41:57 +0100] "GET /wp-content/uploads/2018/05/cp-lycra-2.jpg HTTP/1.1" 200 13775 "https://amazingsportwear.com/producto/gorra-sport/" "Mozilla/5.0 (Linux; Android 7.0; Moto C Plus) AppleWebKit/537.36 (KHTML, like Gecko) Chrome/78.0.3904.108 Mobile Safari/537.36" "_ga=GA1.2.1652455732.1574822513; _gid=GA1.2.203554081.1574822513; _gat_gtag_UA_91619287_1=1; wpfront-notification-bar-landingpage=1"
200.83.72.58 - - [27/Nov/2019:03:41:57 +0100] "GET /wp-content/uploads/2019/04/Gorra-sport-7-100x100.png HTTP/1.1" 200 6931 "https://amazingsportwear.com/producto/gorra-sport/" "Mozilla/5.0 (Linux; Android 7.0; Moto C Plus) AppleWebKit/537.36 (KHTML, like Gecko) Chrome/78.0.3904.108 Mobile Safari/537.36" "_ga=GA1.2.1652455732.1574822513; _gid=GA1.2.203554081.1574822513; _gat_gtag_UA_91619287_1=1"
200.83.72.58 - - [27/Nov/2019:03:41:57 +0100] "GET /wp-content/uploads/2019/05/asw-white-600x252.png HTTP/1.1" 200 29380 "https://amazingsportwear.com/producto/gorra-sport/" "Mozilla/5.0 (Linux; Android 7.0; Moto C Plus) AppleWebKit/537.36 (KHTML, like Gecko) Chrome/78.0.3904.108 Mobile Safari/537.36" "_ga=GA1.2.1652455732.1574822513; _gid=GA1.2.203554081.1574822513; _gat_gtag_UA_91619287_1=1; wpfront-notification-bar-landingpage=1"
200.83.72.58 - - [27/Nov/2019:03:41:57 +0100] "GET /wp-content/uploads/2018/05/cif-g221-2.jpg HTTP/1.1" 200 55476 "https://amazingsportwear.com/producto/gorra-sport/" "Mozilla/5.0 (Linux; Android 7.0; Moto C Plus) AppleWebKit/537.36 (KHTML, like Gecko) Chrome/78.0.3904.108 Mobile Safari/537.36" "_ga=GA1.2.1652455732.1574822513; _gid=GA1.2.203554081.1574822513; _gat_gtag_UA_91619287_1=1; wpfront-notification-bar-landingpage=1"
200.83.72.58 - - [27/Nov/2019:03:41:57 +0100] "GET /wp-content/uploads/2019/05/cropped-favicon-nuevo-logo-amazinf-128px-180x180.png HTTP/1.1" 200 10066 "https://amazingsportwear.com/producto/gorra-sport/" "Mozilla/5.0 (Linux; Android 7.0; Moto C Plus) AppleWebKit/537.36 (KHTML, like Gecko) Chrome/78.0.3904.108 Mobile Safari/537.36" "_ga=GA1.2.1652455732.1574822513; _gid=GA1.2.203554081.1574822513; _gat_gtag_UA_91619287_1=1; wpfront-notification-bar-landingpage=1"
200.83.72.58 - - [27/Nov/2019:03:41:57 +0100] "GET /wp-content/uploads/2019/05/cropped-favicon-nuevo-logo-amazinf-128px-192x192.png HTTP/1.1" 200 10880 "https://amazingsportwear.com/producto/gorra-sport/" "Mozilla/5.0 (Linux; Android 7.0; Moto C Plus) AppleWebKit/537.36 (KHTML, like Gecko) Chrome/78.0.3904.108 Mobile Safari/537.36" "_ga=GA1.2.1652455732.1574822513; _gid=GA1.2.203554081.1574822513; _gat_gtag_UA_91619287_1=1; wpfront-notification-bar-landingpage=1"
217.76.130.90 - - [27/Nov/2019:03:48:16 +0100] "POST /wp-cron.php?doing_wp_cron=1574822896.3309481143951416015625 HTTP/1.1" 200 3389 "https://amazingsportwear.com/wp-cron.php?doing_wp_cron=1574822896.3309481143951416015625" "WordPress/5.2.4; https://amazingsportwear.com" "-"
200.83.72.58 - - [27/Nov/2019:03:48:15 +0100] "POST /?wc-ajax=get_refreshed_fragments HTTP/1.1" 200 4760 "https://amazingsportwear.com/producto/gorra-sport/" "Mozilla/5.0 (Linux; Android 7.0; Moto C Plus) AppleWebKit/537.36 (KHTML, like Gecko) Chrome/78.0.3904.108 Mobile Safari/537.36" "_ga=GA1.2.1652455732.1574822513; _gid=GA1.2.203554081.1574822513"
217.76.130.90 - - [27/Nov/2019:03:52:04 +0100] "POST /wp-cron.php?doing_wp_cron=1574823124.4701569080352783203125 HTTP/1.1" 200 3389 "https://amazingsportwear.com/wp-cron.php?doing_wp_cron=1574823124.4701569080352783203125" "WordPress/5.2.4; https://amazingsportwear.com" "-"
66.249.64.146 - - [27/Nov/2019:03:52:03 +0100] "GET /etiqueta-producto/cortavientos/ HTTP/1.1" 200 54015 "-" "Mozilla/5.0 (Linux; Android 6.0.1; Nexus 5X Build/MMB29P) AppleWebKit/537.36 (KHTML, like Gecko) Chrome/41.0.2272.96 Mobile Safari/537.36 (compatible; Googlebot/2.1; +http://www.google.com/bot.html)" "-"
66.249.64.146 - - [27/Nov/2019:03:52:09 +0100] "POST /?wc-ajax=get_refreshed_fragments HTTP/1.1" 200 1397 "https://amazingsportwear.com/etiqueta-producto/cortavientos/" "Mozilla/5.0 (Linux; Android 6.0.1; Nexus 5X Build/MMB29P) AppleWebKit/537.36 (KHTML, like Gecko) Chrome/41.0.2272.96 Mobile Safari/537.36 (compatible; Googlebot/2.1; +http://www.google.com/bot.html)" "_ga=GA1.2.1884029788.1574812800; _gid=GA1.2.969013651.1574812800; _gat_gtag_UA_91619287_1=1"
201.141.166.23 - - [27/Nov/2019:03:58:45 +0100] "GET /wp-content/uploads/2019/04/SA-1070-4.png HTTP/1.1" 200 69427 "https://www.google.com/" "Mozilla/5.0 (Windows NT 10.0; Win64; x64) AppleWebKit/537.36 (KHTML, like Gecko) Chrome/78.0.3904.108 Safari/537.36" "-"
217.76.130.90 - - [27/Nov/2019:04:04:39 +0100] "POST /wp-cron.php?doing_wp_cron=1574823879.9708020687103271484375 HTTP/1.1" 200 3389 "https://amazingsportwear.com/wp-cron.php?doing_wp_cron=1574823879.9708020687103271484375" "WordPress/5.2.4; https://amazingsportwear.com" "-"
207.46.13.83 - - [27/Nov/2019:04:04:37 +0100] "GET /futbol/28-camiseta-manga-corta-ranglan-futbol.html HTTP/1.1" 404 72325 "-" "Mozilla/5.0 (compatible; bingbot/2.0; +http://www.bing.com/bingbot.htm)" "-"
217.76.130.90 - - [27/Nov/2019:04:11:16 +0100] "POST /wp-cron.php?doing_wp_cron=1574824276.0287530422210693359375 HTTP/1.1" 200 3389 "https://amazingsportwear.com/wp-cron.php?doing_wp_cron=1574824276.0287530422210693359375" "WordPress/5.2.4; https://amazingsportwear.com" "-"
66.249.64.146 - - [27/Nov/2019:04:11:15 +0100] "GET /categoria-producto/hombre/pantalonesymallas/ HTTP/1.1" 200 75683 "-" "Mozilla/5.0 (compatible; Googlebot/2.1; +http://www.google.com/bot.html)" "-"
40.77.167.43 - - [27/Nov/2019:04:19:42 +0100] "GET /wp-content/uploads/2019/04/Bidon-doger-4.png HTTP/1.1" 200 62607 "-" "Mozilla/5.0 (compatible; bingbot/2.0; +http://www.bing.com/bingbot.htm)" "-"
207.46.13.196 - - [27/Nov/2019:04:21:45 +0100] "GET /wp-content/uploads/2017/01/cam-ranglan3-maristas.jpg HTTP/1.1" 200 83269 "-" "Mozilla/5.0 (compatible; bingbot/2.0; +http://www.bing.com/bingbot.htm)" "-"
217.76.130.90 - - [27/Nov/2019:04:25:04 +0100] "POST /wp-cron.php?doing_wp_cron=1574825103.9996449947357177734375 HTTP/1.1" 200 3389 "https://amazingsportwear.com/wp-cron.php?doing_wp_cron=1574825103.9996449947357177734375" "WordPress/5.2.4; https://amazingsportwear.com" "-"
66.249.64.144 - - [27/Nov/2019:04:25:00 +0100] "GET /categoria-producto/inicio/page/3/ HTTP/1.1" 200 77506 "-" "Mozilla/5.0 (Linux; Android 6.0.1; Nexus 5X Build/MMB29P) AppleWebKit/537.36 (KHTML, like Gecko) Chrome/41.0.2272.96 Mobile Safari/537.36 (compatible; Googlebot/2.1; +http://www.google.com/bot.html)" "-"
66.249.64.146 - - [27/Nov/2019:04:25:05 +0100] "GET /categoria-producto/inicio/page/3/ HTTP/1.1" 200 77541 "-" "Mozilla/5.0 (Linux; Android 6.0.1; Nexus 5X Build/MMB29P) AppleWebKit/537.36 (KHTML, like Gecko) Chrome/41.0.2272.96 Mobile Safari/537.36 (compatible; Googlebot/2.1; +http://www.google.com/bot.html)" "-"
217.76.130.90 - - [27/Nov/2019:04:28:56 +0100] "POST /wp-cron.php?doing_wp_cron=1574825336.2377879619598388671875 HTTP/1.1" 200 3389 "https://amazingsportwear.com/wp-cron.php?doing_wp_cron=1574825336.2377879619598388671875" "WordPress/5.2.4; https://amazingsportwear.com" "-"
104.200.19.184 - - [27/Nov/2019:04:28:55 +0100] "GET /admin HTTP/1.1" 302 3900 "-" "Python-urllib/3.6" "-"
104.200.19.184 - - [27/Nov/2019:04:28:56 +0100] "GET /wp-admin/ HTTP/1.1" 302 3900 "-" "Python-urllib/3.6" "-"
104.200.19.184 - - [27/Nov/2019:04:29:00 +0100] "GET /wp-login.php?redirect_to=https%3A%2F%2Famazingsportwear.com%2Fwp-admin%2F&reauth=1 HTTP/1.1" 200 10082 "-" "Python-urllib/3.6" "-"
104.200.19.184 - - [27/Nov/2019:04:29:01 +0100] "GET / HTTP/1.1" 200 125724 "-" "Mozilla/5.0 (Macintosh; Intel Mac OS X 10_9_3) AppleWebKit/537.75.14 (KHTML, like Gecko) Version/7.0.3 Safari/7046A194A" "-"
217.76.130.90 - - [27/Nov/2019:04:42:04 +0100] "POST /wp-cron.php?doing_wp_cron=1574826124.0391559600830078125000 HTTP/1.1" 200 3389 "https://amazingsportwear.com/wp-cron.php?doing_wp_cron=1574826124.0391559600830078125000" "WordPress/5.2.4; https://amazingsportwear.com" "-"
17.58.96.178 - - [27/Nov/2019:04:42:03 +0100] "GET /pago-seguro/ HTTP/1.1" 200 60745 "-" "Mozilla/5.0 (Macintosh; Intel Mac OS X 10_10_1) AppleWebKit/600.2.5 (KHTML, like Gecko) Version/8.0.2 Safari/600.2.5 (Applebot/0.1; +http://www.apple.com/go/applebot)" "-"
179.32.219.176 - - [27/Nov/2019:04:46:18 +0100] "GET /wp-content/uploads/2019/04/Gorra-harum-2.png HTTP/1.1" 200 53515 "https://www.google.com/" "Mozilla/5.0 (Windows NT 6.1; Win64; x64) AppleWebKit/537.36 (KHTML, like Gecko) Chrome/78.0.3904.108 Safari/537.36" "-"
217.76.130.90 - - [27/Nov/2019:04:47:38 +0100] "POST /wp-cron.php?doing_wp_cron=1574826458.4718608856201171875000 HTTP/1.1" 200 3389 "https://amazingsportwear.com/wp-cron.php?doing_wp_cron=1574826458.4718608856201171875000" "WordPress/5.2.4; https://amazingsportwear.com" "-"
66.249.64.148 - - [27/Nov/2019:04:47:37 +0100] "GET /etiqueta-producto/camiseta-race/ HTTP/1.1" 200 54111 "-" "Mozilla/5.0 (Linux; Android 6.0.1; Nexus 5X Build/MMB29P) AppleWebKit/537.36 (KHTML, like Gecko) Chrome/41.0.2272.96 Mobile Safari/537.36 (compatible; Googlebot/2.1; +http://www.google.com/bot.html)" "-"
186.178.169.151 - - [27/Nov/2019:05:07:29 +0100] "GET /wp-content/uploads/2019/04/Gorra-sport-11.png HTTP/1.1" 200 131116 "https://www.google.com/" "Mozilla/5.0 (Windows NT 6.1; Win64; x64) AppleWebKit/537.36 (KHTML, like Gecko) Chrome/78.0.3904.108 Safari/537.36" "-"
217.76.130.90 - - [27/Nov/2019:05:10:05 +0100] "POST /wp-cron.php?doing_wp_cron=1574827805.6796638965606689453125 HTTP/1.1" 200 3389 "https://amazingsportwear.com/wp-cron.php?doing_wp_cron=1574827805.6796638965606689453125" "WordPress/5.2.4; https://amazingsportwear.com" "-"
207.46.13.83 - - [27/Nov/2019:05:10:03 +0100] "GET /etiqueta-producto/bidon-match/ HTTP/1.1" 200 54002 "-" "Mozilla/5.0 (compatible; bingbot/2.0; +http://www.bing.com/bingbot.htm)" "-"
40.77.167.43 - - [27/Nov/2019:05:10:56 +0100] "GET /wp-content/uploads/2019/04/bidon-match-4.png HTTP/1.1" 200 133584 "-" "Mozilla/5.0 (compatible; bingbot/2.0; +http://www.bing.com/bingbot.htm)" "-"
217.76.130.90 - - [27/Nov/2019:05:15:24 +0100] "POST /wp-cron.php?doing_wp_cron=1574828124.4252429008483886718750 HTTP/1.1" 200 3389 "https://amazingsportwear.com/wp-cron.php?doing_wp_cron=1574828124.4252429008483886718750" "WordPress/5.2.4; https://amazingsportwear.com" "-"
40.77.167.43 - - [27/Nov/2019:05:15:23 +0100] "GET /?page_id=3 HTTP/1.1" 404 72224 "-" "Mozilla/5.0 (compatible; bingbot/2.0; +http://www.bing.com/bingbot.htm)" "-"
207.46.13.196 - - [27/Nov/2019:05:17:59 +0100] "GET /wp-content/uploads/2017/03/sa-6650_22302.jpg HTTP/1.1" 200 15883 "-" "Mozilla/5.0 (compatible; bingbot/2.0; +http://www.bing.com/bingbot.htm)" "-"
207.46.13.196 - - [27/Nov/2019:05:26:12 +0100] "GET /wp-content/uploads/2019/04/Bidon-boxter-2.png HTTP/1.1" 200 47537 "-" "Mozilla/5.0 (compatible; bingbot/2.0; +http://www.bing.com/bingbot.htm)" "-"
157.55.39.143 - - [27/Nov/2019:05:35:40 +0100] "GET /wp-content/uploads/2019/04/HALMIK-ROSA.png HTTP/1.1" 200 111683 "-" "Mozilla/5.0 (compatible; bingbot/2.0; +http://www.bing.com/bingbot.htm)" "-"
217.76.130.90 - - [27/Nov/2019:05:40:18 +0100] "POST /wp-cron.php?doing_wp_cron=1574829618.1678309440612792968750 HTTP/1.1" 200 164 "http://amazingsportwear.com/wp-cron.php?doing_wp_cron=1574829618.1678309440612792968750" "WordPress/5.2.4; https://amazingsportwear.com" "-"
157.55.39.152 - - [27/Nov/2019:05:40:14 +0100] "GET /robots.txt HTTP/1.1" 200 432 "-" "Mozilla/5.0 (compatible; bingbot/2.0; +http://www.bing.com/bingbot.htm)" "-"
40.77.167.43 - - [27/Nov/2019:05:40:22 +0100] "GET /tienda/179-chubasquero-plegable-nath-storm.html HTTP/1.1" 404 68085 "-" "Mozilla/5.0 (compatible; bingbot/2.0; +http://www.bing.com/bingbot.htm)" "-"
217.76.130.90 - - [27/Nov/2019:05:41:45 +0100] "POST /wp-cron.php?doing_wp_cron=1574829705.0104839801788330078125 HTTP/1.1" 200 3389 "https://amazingsportwear.com/wp-cron.php?doing_wp_cron=1574829705.0104839801788330078125" "WordPress/5.2.4; https://amazingsportwear.com" "-"
17.58.96.178 - - [27/Nov/2019:05:41:44 +0100] "GET /quienes-somos/ HTTP/1.1" 200 59807 "-" "Mozilla/5.0 (Macintosh; Intel Mac OS X 10_10_1) AppleWebKit/600.2.5 (KHTML, like Gecko) Version/8.0.2 Safari/600.2.5 (Applebot/0.1; +http://www.apple.com/go/applebot)" "-"
40.77.167.43 - - [27/Nov/2019:05:44:24 +0100] "GET /wp-content/uploads/2019/04/mochila-decath-4.png HTTP/1.1" 200 104018 "-" "Mozilla/5.0 (compatible; bingbot/2.0; +http://www.bing.com/bingbot.htm)" "-"
217.76.130.90 - - [27/Nov/2019:05:46:34 +0100] "POST /wp-cron.php?doing_wp_cron=1574829994.1457600593566894531250 HTTP/1.1" 200 3389 "https://amazingsportwear.com/wp-cron.php?doing_wp_cron=1574829994.1457600593566894531250" "WordPress/5.2.4; https://amazingsportwear.com" "-"
66.249.64.148 - - [27/Nov/2019:05:46:33 +0100] "GET /producto/camiseta-tecnica-plus-combinada-cif-t1050/ HTTP/1.1" 200 107282 "-" "Mozilla/5.0 (Linux; Android 6.0.1; Nexus 5X Build/MMB29P) AppleWebKit/537.36 (KHTML, like Gecko) Chrome/41.0.2272.96 Mobile Safari/537.36 (compatible; Googlebot/2.1; +http://www.google.com/bot.html)" "-"
66.249.64.146 - - [27/Nov/2019:05:46:38 +0100] "POST /?wc-ajax=get_refreshed_fragments HTTP/1.1" 200 4760 "https://amazingsportwear.com/producto/camiseta-tecnica-plus-combinada-cif-t1050/" "Mozilla/5.0 (Linux; Android 6.0.1; Nexus 5X Build/MMB29P) AppleWebKit/537.36 (KHTML, like Gecko) Chrome/41.0.2272.96 Mobile Safari/537.36 (compatible; Googlebot/2.1; +http://www.google.com/bot.html)" "_ga=GA1.2.969013651.1574812800; _gid=GA1.2.1978218920.1574812800; _gat_gtag_UA_91619287_1=1"
217.76.130.90 - - [27/Nov/2019:05:47:35 +0100] "POST /wp-cron.php?doing_wp_cron=1574830055.8256630897521972656250 HTTP/1.1" 200 3389 "https://amazingsportwear.com/wp-cron.php?doing_wp_cron=1574830055.8256630897521972656250" "WordPress/5.2.4; https://amazingsportwear.com" "-"
66.249.64.148 - - [27/Nov/2019:05:47:35 +0100] "GET /etiqueta-producto/humus/ HTTP/1.1" 200 53881 "-" "Mozilla/5.0 (Linux; Android 6.0.1; Nexus 5X Build/MMB29P) AppleWebKit/537.36 (KHTML, like Gecko) Chrome/41.0.2272.96 Mobile Safari/537.36 (compatible; Googlebot/2.1; +http://www.google.com/bot.html)" "-"
186.118.15.110 - - [27/Nov/2019:05:53:42 +0100] "GET /wp-content/uploads/2019/04/mochila-decath-3.png HTTP/1.1" 200 79673 "https://www.google.com/" "Mozilla/5.0 (Windows NT 10.0; Win64; x64) AppleWebKit/537.36 (KHTML, like Gecko) Chrome/78.0.3904.108 Safari/537.36" "-"
181.137.224.142 - - [27/Nov/2019:05:54:48 +0100] "GET /wp-content/uploads/2019/04/Gorra-sport-10.png HTTP/1.1" 200 60426 "https://www.google.es/" "Mozilla/5.0 (Windows NT 10.0; Win64; x64) AppleWebKit/537.36 (KHTML, like Gecko) Chrome/78.0.3904.108 Safari/537.36" "-"
217.76.130.90 - - [27/Nov/2019:05:56:33 +0100] "POST /wp-cron.php?doing_wp_cron=1574830593.6781389713287353515625 HTTP/1.1" 200 164 "http://amazingsportwear.com/wp-cron.php?doing_wp_cron=1574830593.6781389713287353515625" "WordPress/5.2.4; https://amazingsportwear.com" "-"
104.41.225.47 - - [27/Nov/2019:05:56:32 +0100] "GET / HTTP/1.1" 301 336 "-" "Mozilla/5.0 (Windows NT 10.0; WOW64; Trident/7.0; rv:11.0) like Gecko" "-"
104.41.225.47 - - [27/Nov/2019:05:56:35 +0100] "GET / HTTP/1.1" 200 125755 "-" "Mozilla/5.0 (Windows NT 10.0; WOW64; Trident/7.0; rv:11.0) like Gecko" "wpfront-notification-bar-landingpage=1"
217.76.130.90 - - [27/Nov/2019:05:57:06 +0100] "POST /wp-cron.php?doing_wp_cron=1574830626.7285621166229248046875 HTTP/1.1" 200 3389 "https://amazingsportwear.com/wp-cron.php?doing_wp_cron=1574830626.7285621166229248046875" "WordPress/5.2.4; https://amazingsportwear.com" "-"
13.69.199.207 - - [27/Nov/2019:05:57:06 +0100] "GET /carrito HTTP/1.1" 301 3871 "-" "Mozilla/5.0 (Windows NT 10.0; WOW64; Trident/7.0; rv:11.0) like Gecko" "-"
13.69.199.207 - - [27/Nov/2019:05:57:07 +0100] "GET /carrito/ HTTP/1.1" 200 88277 "-" "Mozilla/5.0 (Windows NT 10.0; WOW64; Trident/7.0; rv:11.0) like Gecko" "wpfront-notification-bar-landingpage=1"
13.69.199.207 - - [27/Nov/2019:05:57:19 +0100] "GET /contacta-con-nosotros HTTP/1.1" 301 521 "-" "Mozilla/5.0 (Windows NT 10.0; WOW64; Trident/7.0; rv:11.0) like Gecko" "-"
13.69.199.207 - - [27/Nov/2019:05:57:20 +0100] "GET /contacta-con-nosotros/ HTTP/1.1" 200 58923 "-" "Mozilla/5.0 (Windows NT 10.0; WOW64; Trident/7.0; rv:11.0) like Gecko" "wpfront-notification-bar-landingpage=1"
104.41.225.47 - - [27/Nov/2019:05:57:32 +0100] "GET /politica-de-privacidad-rgpd-2018 HTTP/1.1" 301 3842 "-" "Mozilla/5.0 (Windows NT 10.0; WOW64; Trident/7.0; rv:11.0) like Gecko" "-"
104.41.225.47 - - [27/Nov/2019:05:57:33 +0100] "GET /politica-de-privacidad-rgpd-2018/ HTTP/1.1" 200 71928 "-" "Mozilla/5.0 (Windows NT 10.0; WOW64; Trident/7.0; rv:11.0) like Gecko" "wpfront-notification-bar-landingpage=1"
104.41.225.47 - - [27/Nov/2019:05:57:43 +0100] "GET /producto/toalla-absorvente-gymnasio HTTP/1.1" 301 535 "-" "Mozilla/5.0 (Windows NT 10.0; WOW64; Trident/7.0; rv:11.0) like Gecko" "-"
104.41.225.47 - - [27/Nov/2019:05:57:44 +0100] "GET /producto/toalla-absorvente-gymnasio/ HTTP/1.1" 200 99553 "-" "Mozilla/5.0 (Windows NT 10.0; WOW64; Trident/7.0; rv:11.0) like Gecko" "wpfront-notification-bar-landingpage=1"
13.69.199.207 - - [27/Nov/2019:05:57:52 +0100] "GET /pago-seguro HTTP/1.1" 301 564 "-" "Mozilla/5.0 (Windows NT 10.0; WOW64; Trident/7.0; rv:11.0) like Gecko" "-"
13.69.199.207 - - [27/Nov/2019:05:57:54 +0100] "GET /pago-seguro/ HTTP/1.1" 200 57541 "-" "Mozilla/5.0 (Windows NT 10.0; WOW64; Trident/7.0; rv:11.0) like Gecko" "wpfront-notification-bar-landingpage=1"
104.41.228.253 - - [27/Nov/2019:05:58:01 +0100] "GET /tienda HTTP/1.1" 301 3763 "-" "Mozilla/5.0 (Windows NT 10.0; WOW64; Trident/7.0; rv:11.0) like Gecko" "-"
217.76.130.90 - - [27/Nov/2019:05:58:03 +0100] "POST /wp-cron.php?doing_wp_cron=1574830683.3355529308319091796875 HTTP/1.1" 200 3389 "https://amazingsportwear.com/wp-cron.php?doing_wp_cron=1574830683.3355529308319091796875" "WordPress/5.2.4; https://amazingsportwear.com" "-"
104.41.228.253 - - [27/Nov/2019:05:58:02 +0100] "GET /tienda/ HTTP/1.1" 200 71531 "-" "Mozilla/5.0 (Windows NT 10.0; WOW64; Trident/7.0; rv:11.0) like Gecko" "wpfront-notification-bar-landingpage=1"
157.55.39.143 - - [27/Nov/2019:06:05:36 +0100] "GET /wp-content/uploads/2017/03/aq-crono-rosa.jpg HTTP/1.1" 200 56106 "-" "Mozilla/5.0 (compatible; bingbot/2.0; +http://www.bing.com/bingbot.htm)" "-"
207.46.13.83 - - [27/Nov/2019:06:06:27 +0100] "GET /wp-content/uploads/2017/04/nath-sunset-mujer.jpg HTTP/1.1" 200 20155 "-" "Mozilla/5.0 (compatible; bingbot/2.0; +http://www.bing.com/bingbot.htm)" "-"
217.76.130.90 - - [27/Nov/2019:06:13:54 +0100] "POST /wp-cron.php?doing_wp_cron=1574831634.4964289665222167968750 HTTP/1.1" 200 3389 "https://amazingsportwear.com/wp-cron.php?doing_wp_cron=1574831634.4964289665222167968750" "WordPress/5.2.4; https://amazingsportwear.com" "-"
66.249.64.146 - - [27/Nov/2019:06:13:53 +0100] "GET /etiqueta-producto/manga-ranglan/ HTTP/1.1" 200 58068 "-" "Mozilla/5.0 (compatible; Googlebot/2.1; +http://www.google.com/bot.html)" "-"
217.76.130.90 - - [27/Nov/2019:06:30:55 +0100] "POST /wp-cron.php?doing_wp_cron=1574832655.0600130558013916015625 HTTP/1.1" 200 3389 "https://amazingsportwear.com/wp-cron.php?doing_wp_cron=1574832655.0600130558013916015625" "WordPress/5.2.4; https://amazingsportwear.com" "-"
17.58.96.178 - - [27/Nov/2019:06:30:53 +0100] "GET /categoria-producto/hombre/pantalonesymallas/ HTTP/1.1" 200 75386 "-" "Mozilla/5.0 (Macintosh; Intel Mac OS X 10_10_1) AppleWebKit/600.2.5 (KHTML, like Gecko) Version/8.0.2 Safari/600.2.5 (Applebot/0.1; +http://www.apple.com/go/applebot)" "-"
157.55.39.143 - - [27/Nov/2019:06:32:32 +0100] "GET /wp-content/uploads/2017/03/sa-0425_221.jpg HTTP/1.1" 200 88203 "-" "Mozilla/5.0 (compatible; bingbot/2.0; +http://www.bing.com/bingbot.htm)" "-"
201.157.85.132 - - [27/Nov/2019:06:34:50 +0100] "GET /wp-content/uploads/2019/04/Gorra-sport-6.png HTTP/1.1" 200 44623 "https://www.google.com/" "Mozilla/5.0 (Windows NT 10.0; WOW64) AppleWebKit/537.36 (KHTML, like Gecko) Chrome/78.0.3904.108 Safari/537.36" "-"
217.76.130.90 - - [27/Nov/2019:06:34:55 +0100] "POST /wp-cron.php?doing_wp_cron=1574832895.7052829265594482421875 HTTP/1.1" 200 3389 "https://amazingsportwear.com/wp-cron.php?doing_wp_cron=1574832895.7052829265594482421875" "WordPress/5.2.4; https://amazingsportwear.com" "-"
66.249.64.146 - - [27/Nov/2019:06:34:55 +0100] "GET /27-pantalones-y-mallas HTTP/1.1" 404 72293 "-" "Mozilla/5.0 (Linux; Android 6.0.1; Nexus 5X Build/MMB29P) AppleWebKit/537.36 (KHTML, like Gecko) Chrome/41.0.2272.96 Mobile Safari/537.36 (compatible; Googlebot/2.1; +http://www.google.com/bot.html)" "-"
207.46.13.191 - - [27/Nov/2019:06:40:32 +0100] "GET /wp-content/uploads/2019/04/mochila-decath-3.png HTTP/1.1" 200 79673 "-" "Mozilla/5.0 (compatible; bingbot/2.0; +http://www.bing.com/bingbot.htm)" "-"
217.76.130.90 - - [27/Nov/2019:06:45:52 +0100] "POST /wp-cron.php?doing_wp_cron=1574833552.1715428829193115234375 HTTP/1.1" 200 3389 "https://amazingsportwear.com/wp-cron.php?doing_wp_cron=1574833552.1715428829193115234375" "WordPress/5.2.4; https://amazingsportwear.com" "-"
66.249.64.146 - - [27/Nov/2019:06:45:51 +0100] "GET /etiqueta-producto/camiseta-dryfresh/ HTTP/1.1" 200 56039 "-" "Mozilla/5.0 (Linux; Android 6.0.1; Nexus 5X Build/MMB29P) AppleWebKit/537.36 (KHTML, like Gecko) Chrome/41.0.2272.96 Mobile Safari/537.36 (compatible; Googlebot/2.1; +http://www.google.com/bot.html)" "-"
190.148.209.113 - - [27/Nov/2019:06:55:18 +0100] "GET /wp-content/uploads/2019/04/Gorra-sport-6.png HTTP/1.1" 200 44623 "https://www.google.com/" "Mozilla/5.0 (Windows NT 6.1) AppleWebKit/537.36 (KHTML, like Gecko) Chrome/78.0.3904.108 Safari/537.36" "-"
217.76.130.90 - - [27/Nov/2019:07:04:33 +0100] "POST /wp-cron.php?doing_wp_cron=1574834673.7346398830413818359375 HTTP/1.1" 200 3389 "https://amazingsportwear.com/wp-cron.php?doing_wp_cron=1574834673.7346398830413818359375" "WordPress/5.2.4; https://amazingsportwear.com" "-"
31.13.103.17 - - [27/Nov/2019:07:04:31 +0100] "GET / HTTP/1.1" 200 125560 "-" "facebookexternalhit/1.1 (+http://www.facebook.com/externalhit_uatext.php)" "-"
31.13.103.6 - - [27/Nov/2019:07:04:35 +0100] "GET /contacta-con-nosotros HTTP/1.1" 301 319 "-" "facebookexternalhit/1.1 (+http://www.facebook.com/externalhit_uatext.php)" "-"
31.13.103.6 - - [27/Nov/2019:07:04:36 +0100] "GET /contacta-con-nosotros/ HTTP/1.1" 200 58172 "-" "facebookexternalhit/1.1 (+http://www.facebook.com/externalhit_uatext.php)" "-"
66.249.64.146 - - [27/Nov/2019:07:12:01 +0100] "GET /wp-content/uploads/2019/04/SA-1087-3.png HTTP/1.1" 304 3566 "-" "Googlebot-Image/1.0" "-"
217.76.130.90 - - [27/Nov/2019:07:14:12 +0100] "POST /wp-cron.php?doing_wp_cron=1574835252.2974159717559814453125 HTTP/1.1" 200 3389 "https://amazingsportwear.com/wp-cron.php?doing_wp_cron=1574835252.2974159717559814453125" "WordPress/5.2.4; https://amazingsportwear.com" "-"
207.46.13.191 - - [27/Nov/2019:07:14:11 +0100] "GET /tienda/page/3/ HTTP/1.1" 200 76688 "-" "Mozilla/5.0 (compatible; bingbot/2.0; +http://www.bing.com/bingbot.htm)" "-"
157.55.39.143 - - [27/Nov/2019:07:22:18 +0100] "GET /wp-content/uploads/2019/04/Brazalete-running-con-led-1.png HTTP/1.1" 200 74300 "-" "Mozilla/5.0 (compatible; bingbot/2.0; +http://www.bing.com/bingbot.htm)" "-"
157.55.39.236 - - [27/Nov/2019:07:22:30 +0100] "GET /wp-content/uploads/2017/03/CAT-3581-06-300x300.jpg HTTP/1.1" 200 45921 "-" "Mozilla/5.0 (compatible; bingbot/2.0; +http://www.bing.com/bingbot.htm)" "-"
217.76.130.90 - - [27/Nov/2019:07:23:24 +0100] "POST /wp-cron.php?doing_wp_cron=1574835804.3451778888702392578125 HTTP/1.1" 200 3389 "https://amazingsportwear.com/wp-cron.php?doing_wp_cron=1574835804.3451778888702392578125" "WordPress/5.2.4; https://amazingsportwear.com" "-"
66.249.64.144 - - [27/Nov/2019:07:23:22 +0100] "GET /etiqueta-producto/slazenger/ HTTP/1.1" 200 56137 "-" "Mozilla/5.0 (Linux; Android 6.0.1; Nexus 5X Build/MMB29P) AppleWebKit/537.36 (KHTML, like Gecko) Chrome/41.0.2272.96 Mobile Safari/537.36 (compatible; Googlebot/2.1; +http://www.google.com/bot.html)" "-"
157.55.39.236 - - [27/Nov/2019:07:26:22 +0100] "GET /wp-content/uploads/2019/04/Brazalete-running-con-led-2.png HTTP/1.1" 200 35705 "-" "Mozilla/5.0 (compatible; bingbot/2.0; +http://www.bing.com/bingbot.htm)" "-"
189.165.220.240 - - [27/Nov/2019:07:27:14 +0100] "GET /wp-content/uploads/2019/04/Gorra-sport-10.png HTTP/1.1" 200 60426 "https://www.google.com/" "Mozilla/5.0 (Windows NT 10.0; Win64; x64) AppleWebKit/537.36 (KHTML, like Gecko) Chrome/78.0.3904.108 Safari/537.36" "-"
217.76.130.90 - - [27/Nov/2019:07:28:14 +0100] "POST /wp-cron.php?doing_wp_cron=1574836094.4172708988189697265625 HTTP/1.1" 200 3389 "https://amazingsportwear.com/wp-cron.php?doing_wp_cron=1574836094.4172708988189697265625" "WordPress/5.2.4; https://amazingsportwear.com" "-"
66.249.64.144 - - [27/Nov/2019:07:28:13 +0100] "GET /producto/botella-transparente-sky/ HTTP/1.1" 200 100104 "-" "Mozilla/5.0 (compatible; Googlebot/2.1; +http://www.google.com/bot.html)" "-"
66.249.64.146 - - [27/Nov/2019:07:28:18 +0100] "POST /?wc-ajax=get_refreshed_fragments HTTP/1.1" 200 4760 "https://amazingsportwear.com/producto/botella-transparente-sky/" "Mozilla/5.0 AppleWebKit/537.36 (KHTML, like Gecko; compatible; Googlebot/2.1; +http://www.google.com/bot.html) Safari/537.36" "_ga=GA1.2.931330593.1574812800; _gid=GA1.2.2074753562.1574812800; _gat_gtag_UA_91619287_1=1"
207.46.13.191 - - [27/Nov/2019:07:34:17 +0100] "GET /wp-content/uploads/2017/03/sa-0425_223.jpg HTTP/1.1" 200 86554 "-" "Mozilla/5.0 (compatible; bingbot/2.0; +http://www.bing.com/bingbot.htm)" "-"
217.76.130.90 - - [27/Nov/2019:07:34:45 +0100] "POST /wp-cron.php?doing_wp_cron=1574836485.7957339286804199218750 HTTP/1.1" 200 3389 "https://amazingsportwear.com/wp-cron.php?doing_wp_cron=1574836485.7957339286804199218750" "WordPress/5.2.4; https://amazingsportwear.com" "-"
157.55.39.143 - - [27/Nov/2019:07:34:45 +0100] "GET /tienda/166-camiseta-tecnica-mujer-janis-aq-janis.html HTTP/1.1" 404 72346 "-" "Mozilla/5.0 (compatible; bingbot/2.0; +http://www.bing.com/bingbot.htm)" "-"
157.55.39.236 - - [27/Nov/2019:07:35:56 +0100] "GET /wp-content/uploads/2019/04/gorra-tecnica-blanca-azul.png HTTP/1.1" 200 63762 "-" "Mozilla/5.0 (compatible; bingbot/2.0; +http://www.bing.com/bingbot.htm)" "-"
190.92.13.90 - - [27/Nov/2019:07:46:53 +0100] "GET /wp-content/uploads/2017/03/VA-CAVAMAUGB-4.jpg HTTP/1.1" 200 11361 "https://www.google.com/" "Mozilla/5.0 (Linux; Android 5.1; HUAWEI CUN-U29) AppleWebKit/537.36 (KHTML, like Gecko) Chrome/78.0.3904.108 Mobile Safari/537.36" "-"
40.77.167.208 - - [27/Nov/2019:07:51:41 +0100] "GET /wp-content/uploads/2017/03/sa-6650_22155.jpg HTTP/1.1" 200 14650 "-" "Mozilla/5.0 (compatible; bingbot/2.0; +http://www.bing.com/bingbot.htm)" "-"
217.76.130.90 - - [27/Nov/2019:08:01:09 +0100] "POST /wp-cron.php?doing_wp_cron=1574838069.5786499977111816406250 HTTP/1.1" 200 164 "http://amazingsportwear.com/wp-cron.php?doing_wp_cron=1574838069.5786499977111816406250" "WordPress/5.2.4; https://amazingsportwear.com" "-"
157.55.39.143 - - [27/Nov/2019:08:01:07 +0100] "GET /img/cms/tienda/SA-6657-todos.png HTTP/1.1" 404 68037 "-" "Mozilla/5.0 (compatible; bingbot/2.0; +http://www.bing.com/bingbot.htm)" "-"
217.76.130.90 - - [27/Nov/2019:08:11:07 +0100] "POST /wp-cron.php?doing_wp_cron=1574838667.8611390590667724609375 HTTP/1.1" 200 3389 "https://amazingsportwear.com/wp-cron.php?doing_wp_cron=1574838667.8611390590667724609375" "WordPress/5.2.4; https://amazingsportwear.com" "-"
222.212.25.7 - - [27/Nov/2019:08:11:07 +0100] "GET /producto/bolsa-deporte-athlete HTTP/1.1" 301 3554 "-" "Mozilla/5.0 (Linux; Android 7.0; FRD-AL00 Build/HUAWEIFRD-AL00; wv) AppleWebKit/537.36 (KHTML, like Gecko) Version/4.0 Chrome/53.0.2785.49 Mobile MQQBrowser/6.2 TBS/043602 Safari/537.36 MicroMessenger/6.5.16.1120 NetType/WIFI Language/zh_CN" "-"
222.212.25.7 - - [27/Nov/2019:08:11:09 +0100] "GET /producto/bolsa-deporte-athlete/ HTTP/1.1" 200 98473 "-" "Mozilla/5.0 (Linux; Android 7.0; FRD-AL00 Build/HUAWEIFRD-AL00; wv) AppleWebKit/537.36 (KHTML, like Gecko) Version/4.0 Chrome/53.0.2785.49 Mobile MQQBrowser/6.2 TBS/043602 Safari/537.36 MicroMessenger/6.5.16.1120 NetType/WIFI Language/zh_CN" "wpfront-notification-bar-landingpage=1"
66.249.64.146 - - [27/Nov/2019:08:11:58 +0100] "GET /etiqueta-producto/camiseta-fleser/ HTTP/1.1" 200 54161 "-" "Mozilla/5.0 (Linux; Android 6.0.1; Nexus 5X Build/MMB29P) AppleWebKit/537.36 (KHTML, like Gecko) Chrome/41.0.2272.96 Mobile Safari/537.36 (compatible; Googlebot/2.1; +http://www.google.com/bot.html)" "-"
157.55.39.236 - - [27/Nov/2019:08:14:32 +0100] "GET /wp-content/uploads/2017/03/sa-0563-hombre-300x300.jpg HTTP/1.1" 200 15241 "-" "Mozilla/5.0 (compatible; bingbot/2.0; +http://www.bing.com/bingbot.htm)" "-"
217.76.130.90 - - [27/Nov/2019:08:16:18 +0100] "POST /wp-cron.php?doing_wp_cron=1574838978.7677409648895263671875 HTTP/1.1" 200 3389 "https://amazingsportwear.com/wp-cron.php?doing_wp_cron=1574838978.7677409648895263671875" "WordPress/5.2.4; https://amazingsportwear.com" "-"
66.249.64.148 - - [27/Nov/2019:08:16:17 +0100] "GET /category/inicio/ HTTP/1.1" 200 70481 "-" "Mozilla/5.0 (compatible; Googlebot/2.1; +http://www.google.com/bot.html)" "-"
157.55.39.236 - - [27/Nov/2019:08:18:56 +0100] "GET /wp-content/uploads/2017/03/eny-cubik-naranja.jpg HTTP/1.1" 200 20183 "-" "Mozilla/5.0 (compatible; bingbot/2.0; +http://www.bing.com/bingbot.htm)" "-"
217.76.130.90 - - [27/Nov/2019:08:21:51 +0100] "POST /wp-cron.php?doing_wp_cron=1574839311.6623370647430419921875 HTTP/1.1" 200 3389 "https://amazingsportwear.com/wp-cron.php?doing_wp_cron=1574839311.6623370647430419921875" "WordPress/5.2.4; https://amazingsportwear.com" "-"
66.249.64.144 - - [27/Nov/2019:08:21:49 +0100] "GET /categoria-producto/accesorios/linternas/ HTTP/1.1" 200 63586 "-" "Mozilla/5.0 (compatible; Googlebot/2.1; +http://www.google.com/bot.html)" "-"
66.249.64.144 - - [27/Nov/2019:08:21:59 +0100] "GET /categoria-producto/accesorios/gorrasygorros/ HTTP/1.1" 200 72457 "-" "Mozilla/5.0 (compatible; Googlebot/2.1; +http://www.google.com/bot.html)" "-"
40.77.167.228 - - [27/Nov/2019:08:28:02 +0100] "GET /wp-content/uploads/2019/04/Bidon-doger-1.png HTTP/1.1" 200 56874 "-" "Mozilla/5.0 (compatible; bingbot/2.0; +http://www.bing.com/bingbot.htm)" "-"
157.55.39.236 - - [27/Nov/2019:08:31:08 +0100] "GET /wp-content/uploads/2019/04/Brazalete-running-con-led-4.png HTTP/1.1" 200 71289 "-" "Mozilla/5.0 (compatible; bingbot/2.0; +http://www.bing.com/bingbot.htm)" "-"
157.55.39.190 - - [27/Nov/2019:08:33:02 +0100] "GET /wp-content/uploads/2017/03/sa-6650_22302-300x300.jpg HTTP/1.1" 200 13719 "-" "Mozilla/5.0 (compatible; bingbot/2.0; +http://www.bing.com/bingbot.htm)" "-"
157.55.39.190 - - [27/Nov/2019:08:33:03 +0100] "GET /wp-content/uploads/2017/03/sa-0425_12-300x300.jpg HTTP/1.1" 200 25203 "-" "Mozilla/5.0 (compatible; bingbot/2.0; +http://www.bing.com/bingbot.htm)" "-"
40.77.167.208 - - [27/Nov/2019:08:35:06 +0100] "GET /wp-content/uploads/2019/04/Bidon-doger-6.png HTTP/1.1" 200 70639 "-" "Mozilla/5.0 (compatible; bingbot/2.0; +http://www.bing.com/bingbot.htm)" "-"
217.76.130.90 - - [27/Nov/2019:08:40:36 +0100] "POST /wp-cron.php?doing_wp_cron=1574840436.8201189041137695312500 HTTP/1.1" 200 3389 "https://amazingsportwear.com/wp-cron.php?doing_wp_cron=1574840436.8201189041137695312500" "WordPress/5.2.4; https://amazingsportwear.com" "-"
66.249.64.148 - - [27/Nov/2019:08:40:30 +0100] "GET /etiqueta-producto/falda-pantalon/ HTTP/1.1" 200 54007 "-" "Mozilla/5.0 (Linux; Android 6.0.1; Nexus 5X Build/MMB29P) AppleWebKit/537.36 (KHTML, like Gecko) Chrome/41.0.2272.96 Mobile Safari/537.36 (compatible; Googlebot/2.1; +http://www.google.com/bot.html)" "-"
66.249.64.144 - - [27/Nov/2019:08:41:01 +0100] "GET /etiqueta-producto/nadadora/ HTTP/1.1" 200 53929 "-" "Mozilla/5.0 (Linux; Android 6.0.1; Nexus 5X Build/MMB29P) AppleWebKit/537.36 (KHTML, like Gecko) Chrome/41.0.2272.96 Mobile Safari/537.36 (compatible; Googlebot/2.1; +http://www.google.com/bot.html)" "-"
217.76.130.90 - - [27/Nov/2019:08:41:35 +0100] "POST /wp-cron.php?doing_wp_cron=1574840494.9834740161895751953125 HTTP/1.1" 200 3389 "https://amazingsportwear.com/wp-cron.php?doing_wp_cron=1574840494.9834740161895751953125" "WordPress/5.2.4; https://amazingsportwear.com" "-"
157.55.39.143 - - [27/Nov/2019:08:41:34 +0100] "GET /producto/bidon-iskan/ HTTP/1.1" 200 99790 "-" "Mozilla/5.0 (compatible; bingbot/2.0; +http://www.bing.com/bingbot.htm)" "-"
157.55.39.143 - - [27/Nov/2019:08:41:37 +0100] "GET /wp-content/uploads/2019/04/mochila-decath-7.png HTTP/1.1" 200 106965 "-" "Mozilla/5.0 (compatible; bingbot/2.0; +http://www.bing.com/bingbot.htm)" "-"
157.55.39.143 - - [27/Nov/2019:08:41:38 +0100] "GET /wp-content/uploads/2017/03/sa-0425_55.jpg HTTP/1.1" 200 76143 "-" "Mozilla/5.0 (compatible; bingbot/2.0; +http://www.bing.com/bingbot.htm)" "-"
157.55.39.143 - - [27/Nov/2019:08:41:38 +0100] "GET /wp-content/uploads/2018/02/SA-6657-azul.png HTTP/1.1" 200 509363 "-" "Mozilla/5.0 (compatible; bingbot/2.0; +http://www.bing.com/bingbot.htm)" "-"
66.249.64.146 - - [27/Nov/2019:08:41:50 +0100] "GET /etiqueta-producto/sudadera-capucha/ HTTP/1.1" 200 54060 "-" "Mozilla/5.0 (Linux; Android 6.0.1; Nexus 5X Build/MMB29P) AppleWebKit/537.36 (KHTML, like Gecko) Chrome/41.0.2272.96 Mobile Safari/537.36 (compatible; Googlebot/2.1; +http://www.google.com/bot.html)" "-"
157.55.39.250 - - [27/Nov/2019:08:41:51 +0100] "GET /wp-content/uploads/2019/04/mochila-decath-5.png HTTP/1.1" 200 131041 "-" "Mozilla/5.0 (compatible; bingbot/2.0; +http://www.bing.com/bingbot.htm)" "-"
157.55.39.250 - - [27/Nov/2019:08:41:53 +0100] "GET /wp-content/uploads/2019/04/Bidon-doger-5.png HTTP/1.1" 200 64941 "-" "Mozilla/5.0 (compatible; bingbot/2.0; +http://www.bing.com/bingbot.htm)" "-"
217.76.130.90 - - [27/Nov/2019:08:47:40 +0100] "POST /wp-cron.php?doing_wp_cron=1574840859.9941051006317138671875 HTTP/1.1" 200 164 "http://amazingsportwear.com/wp-cron.php?doing_wp_cron=1574840859.9941051006317138671875" "WordPress/5.2.4; https://amazingsportwear.com" "-"
40.77.167.208 - - [27/Nov/2019:08:47:39 +0100] "GET /17-basket HTTP/1.1" 404 68023 "-" "Mozilla/5.0 (iPhone; CPU iPhone OS 7_0 like Mac OS X) AppleWebKit/537.51.1 (KHTML, like Gecko) Version/7.0 Mobile/11A465 Safari/9537.53 (compatible; bingbot/2.0; +http://www.bing.com/bingbot.htm)" "-"
217.76.130.90 - - [27/Nov/2019:08:52:27 +0100] "POST /wp-cron.php?doing_wp_cron=1574841147.1668970584869384765625 HTTP/1.1" 200 3389 "https://amazingsportwear.com/wp-cron.php?doing_wp_cron=1574841147.1668970584869384765625" "WordPress/5.2.4; https://amazingsportwear.com" "-"
222.212.36.167 - - [27/Nov/2019:08:52:26 +0100] "GET /producto/gorra-tecnica-dry-fit HTTP/1.1" 301 3554 "-" "Mozilla/5.0(Linux;Android 5.1.1;OPPO A33 Build/LMY47V;wv) AppleWebKit/537.36(KHTML,link Gecko) Version/4.0 Chrome/42.0.2311.138 Mobile Safari/537.36 Mb2345Browser/9.0" "-"
113.100.89.90 - - [27/Nov/2019:08:52:30 +0100] "GET /2016/12 HTTP/1.1" 301 3531 "-" "Mozilla/5.0(Linux;U;Android 5.1.1;zh-CN;OPPO A33 Build/LMY47V) AppleWebKit/537.36(KHTML,like Gecko) Version/4.0 Chrome/40.0.2214.89 UCBrowser/11.7.0.953 Mobile Safari/537.36" "-"
222.212.36.167 - - [27/Nov/2019:08:52:31 +0100] "GET /producto/gorra-tecnica-dry-fit/ HTTP/1.1" 200 93228 "-" "Mozilla/5.0(Linux;Android 5.1.1;OPPO A33 Build/LMY47V;wv) AppleWebKit/537.36(KHTML,link Gecko) Version/4.0 Chrome/42.0.2311.138 Mobile Safari/537.36 Mb2345Browser/9.0" "wpfront-notification-bar-landingpage=1"
113.100.89.90 - - [27/Nov/2019:08:52:37 +0100] "GET /2016/12/ HTTP/1.1" 200 70058 "-" "Mozilla/5.0(Linux;U;Android 5.1.1;zh-CN;OPPO A33 Build/LMY47V) AppleWebKit/537.36(KHTML,like Gecko) Version/4.0 Chrome/40.0.2214.89 UCBrowser/11.7.0.953 Mobile Safari/537.36" "wpfront-notification-bar-landingpage=1"
66.249.64.148 - - [27/Nov/2019:08:52:38 +0100] "GET /producto/polo-tecnico-cremallera/ HTTP/1.1" 200 98438 "-" "Mozilla/5.0 (Linux; Android 6.0.1; Nexus 5X Build/MMB29P) AppleWebKit/537.36 (KHTML, like Gecko) Chrome/41.0.2272.96 Mobile Safari/537.36 (compatible; Googlebot/2.1; +http://www.google.com/bot.html)" "-"
112.65.52.203 - - [27/Nov/2019:08:52:38 +0100] "GET /categoria-producto/mujer/camisetas-mujer/page/3 HTTP/1.1" 301 3571 "-" "Mozilla/5.0(Linux;Android 5.1.1;OPPO A33 Build/LMY47V;wv) AppleWebKit/537.36(KHTML,link Gecko) Version/4.0 Chrome/42.0.2311.138 Mobile Safari/537.36 Mb2345Browser/9.0" "-"
112.65.52.203 - - [27/Nov/2019:08:52:45 +0100] "GET /categoria-producto/mujer/camisetas-mujer/page/3/ HTTP/1.1" 200 68431 "-" "Mozilla/5.0(Linux;Android 5.1.1;OPPO A33 Build/LMY47V;wv) AppleWebKit/537.36(KHTML,link Gecko) Version/4.0 Chrome/42.0.2311.138 Mobile Safari/537.36 Mb2345Browser/9.0" "wpfront-notification-bar-landingpage=1"
207.46.13.191 - - [27/Nov/2019:08:56:00 +0100] "GET /wp-content/uploads/2017/03/nath-beat-mujer-300x300.jpg HTTP/1.1" 200 11181 "-" "Mozilla/5.0 (compatible; bingbot/2.0; +http://www.bing.com/bingbot.htm)" "-"
207.46.13.191 - - [27/Nov/2019:08:56:00 +0100] "GET /wp-content/uploads/2017/04/nath-sunset-azul.jpg HTTP/1.1" 200 18633 "-" "Mozilla/5.0 (compatible; bingbot/2.0; +http://www.bing.com/bingbot.htm)" "-"
207.46.13.191 - - [27/Nov/2019:08:56:01 +0100] "GET /wp-content/uploads/2019/04/bidon-match-5.png HTTP/1.1" 200 90314 "-" "Mozilla/5.0 (compatible; bingbot/2.0; +http://www.bing.com/bingbot.htm)" "-"
207.46.13.191 - - [27/Nov/2019:08:56:02 +0100] "GET /wp-content/uploads/2019/04/bidon-match-3.png HTTP/1.1" 200 95723 "-" "Mozilla/5.0 (compatible; bingbot/2.0; +http://www.bing.com/bingbot.htm)" "-"
207.46.13.191 - - [27/Nov/2019:08:56:03 +0100] "GET /wp-content/uploads/2019/04/bolsa-deporte-young-3.png HTTP/1.1" 200 117230 "-" "Mozilla/5.0 (compatible; bingbot/2.0; +http://www.bing.com/bingbot.htm)" "-"
207.46.13.191 - - [27/Nov/2019:08:56:04 +0100] "GET /wp-content/uploads/2018/04/aq-armour-aerobic-chica.jpg HTTP/1.1" 200 128676 "-" "Mozilla/5.0 (compatible; bingbot/2.0; +http://www.bing.com/bingbot.htm)" "-"
207.46.13.191 - - [27/Nov/2019:08:56:05 +0100] "GET /wp-content/uploads/2019/04/HALMIK-VERDE.png HTTP/1.1" 200 105866 "-" "Mozilla/5.0 (compatible; bingbot/2.0; +http://www.bing.com/bingbot.htm)" "-"
217.76.130.90 - - [27/Nov/2019:09:23:56 +0100] "POST /wp-cron.php?doing_wp_cron=1574843036.6435201168060302734375 HTTP/1.1" 200 3389 "https://amazingsportwear.com/wp-cron.php?doing_wp_cron=1574843036.6435201168060302734375" "WordPress/5.2.4; https://amazingsportwear.com" "-"
66.249.64.144 - - [27/Nov/2019:09:23:54 +0100] "GET /etiqueta-producto/unisex/ HTTP/1.1" 200 53993 "-" "Mozilla/5.0 (Linux; Android 6.0.1; Nexus 5X Build/MMB29P) AppleWebKit/537.36 (KHTML, like Gecko) Chrome/41.0.2272.96 Mobile Safari/537.36 (compatible; Googlebot/2.1; +http://www.google.com/bot.html)" "-"
217.76.130.90 - - [27/Nov/2019:09:24:18 +0100] "POST /wp-cron.php?doing_wp_cron=1574843058.4886219501495361328125 HTTP/1.1" 200 3389 "https://amazingsportwear.com/wp-cron.php?doing_wp_cron=1574843058.4886219501495361328125" "WordPress/5.2.4; https://amazingsportwear.com" "-"
69.171.251.19 - - [27/Nov/2019:09:24:17 +0100] "GET / HTTP/1.1" 200 125570 "-" "facebookexternalhit/1.1 (+http://www.facebook.com/externalhit_uatext.php)" "-"
69.171.251.13 - - [27/Nov/2019:09:24:17 +0100] "GET / HTTP/1.1" 200 125545 "-" "facebookexternalhit/1.1 (+http://www.facebook.com/externalhit_uatext.php)" "-"
69.171.251.19 - - [27/Nov/2019:09:24:22 +0100] "GET /contacta-con-nosotros HTTP/1.1" 301 319 "-" "facebookexternalhit/1.1 (+http://www.facebook.com/externalhit_uatext.php)" "-"
69.171.251.1 - - [27/Nov/2019:09:24:22 +0100] "GET /contacta-con-nosotros HTTP/1.1" 301 319 "-" "facebookexternalhit/1.1 (+http://www.facebook.com/externalhit_uatext.php)" "-"
69.171.251.1 - - [27/Nov/2019:09:24:23 +0100] "GET /contacta-con-nosotros/ HTTP/1.1" 200 58217 "-" "facebookexternalhit/1.1 (+http://www.facebook.com/externalhit_uatext.php)" "-"
69.171.251.19 - - [27/Nov/2019:09:24:23 +0100] "GET /contacta-con-nosotros/ HTTP/1.1" 200 58202 "-" "facebookexternalhit/1.1 (+http://www.facebook.com/externalhit_uatext.php)" "-"
66.249.64.146 - - [27/Nov/2019:09:29:48 +0100] "GET /wp-content/uploads/2019/04/SA-1087-4-100x100.png HTTP/1.1" 304 3565 "-" "Googlebot-Image/1.0" "-"
217.76.130.90 - - [27/Nov/2019:09:30:18 +0100] "POST /wp-cron.php?doing_wp_cron=1574843418.5968608856201171875000 HTTP/1.1" 200 3389 "https://amazingsportwear.com/wp-cron.php?doing_wp_cron=1574843418.5968608856201171875000" "WordPress/5.2.4; https://amazingsportwear.com" "-"
66.249.64.148 - - [27/Nov/2019:09:30:17 +0100] "GET /producto/linterna-frontal/ HTTP/1.1" 200 92428 "-" "Mozilla/5.0 (Linux; Android 6.0.1; Nexus 5X Build/MMB29P) AppleWebKit/537.36 (KHTML, like Gecko) Chrome/41.0.2272.96 Mobile Safari/537.36 (compatible; Googlebot/2.1; +http://www.google.com/bot.html)" "-"
66.249.64.146 - - [27/Nov/2019:09:30:23 +0100] "POST /?wc-ajax=get_refreshed_fragments HTTP/1.1" 200 4760 "https://amazingsportwear.com/producto/linterna-frontal/" "Mozilla/5.0 (Linux; Android 6.0.1; Nexus 5X Build/MMB29P) AppleWebKit/537.36 (KHTML, like Gecko) Chrome/41.0.2272.96 Mobile Safari/537.36 (compatible; Googlebot/2.1; +http://www.google.com/bot.html)" "_ga=GA1.2.969013651.1574812800; _gid=GA1.2.1978218920.1574812800; _gat_gtag_UA_91619287_1=1"
66.249.64.144 - - [27/Nov/2019:09:30:28 +0100] "GET /producto/linterna-frontal/ HTTP/1.1" 200 92189 "-" "Mozilla/5.0 (Linux; Android 6.0.1; Nexus 5X Build/MMB29P) AppleWebKit/537.36 (KHTML, like Gecko) Chrome/41.0.2272.96 Mobile Safari/537.36 (compatible; Googlebot/2.1; +http://www.google.com/bot.html)" "-"
217.76.130.90 - - [27/Nov/2019:09:35:35 +0100] "POST /wp-cron.php?doing_wp_cron=1574843735.5227351188659667968750 HTTP/1.1" 200 3389 "https://amazingsportwear.com/wp-cron.php?doing_wp_cron=1574843735.5227351188659667968750" "WordPress/5.2.4; https://amazingsportwear.com" "-"
140.250.73.47 - - [27/Nov/2019:09:35:34 +0100] "GET /producto/chaleco-tecnico-ligero-running-jnnu/ HTTP/1.1" 200 108627 "-" "Mozilla/5.0(Linux;Android 5.1.1;OPPO A33 Build/LMY47V;wv) AppleWebKit/537.36(KHTML,link Gecko) Version/4.0 Chrome/42.0.2311.138 Mobile Safari/537.36 Mb2345Browser/9.0" "-"
217.76.130.90 - - [27/Nov/2019:09:36:19 +0100] "POST /wp-cron.php?doing_wp_cron=1574843779.1564679145812988281250 HTTP/1.1" 200 164 "http://amazingsportwear.com/wp-cron.php?doing_wp_cron=1574843779.1564679145812988281250" "WordPress/5.2.4; https://amazingsportwear.com" "-"
223.244.161.40 - - [27/Nov/2019:09:36:18 +0100] "GET /img/cms/tienda/sa-0416-colores.JPG HTTP/1.1" 404 68063 "-" "Mozilla/5.0(Linux;U;Android 5.1.1;zh-CN;OPPO A33 Build/LMY47V) AppleWebKit/537.36(KHTML,like Gecko) Version/4.0 Chrome/40.0.2214.89 UCBrowser/11.7.0.953 Mobile Safari/537.36" "-"
217.76.130.90 - - [27/Nov/2019:09:42:59 +0100] "POST /wp-cron.php?doing_wp_cron=1574844179.2645549774169921875000 HTTP/1.1" 200 164 "http://amazingsportwear.com/wp-cron.php?doing_wp_cron=1574844179.2645549774169921875000" "WordPress/5.2.4; https://amazingsportwear.com" "-"
207.182.140.210 - - [27/Nov/2019:09:42:57 +0100] "GET / HTTP/1.1" 301 336 "-" "Mozilla/5.0 (Windows NT 6.1; Win64; x64; +http://www.komodia.com/newwiki/index.php/URL_server_crawler) KomodiaBot/1.0" "-"
217.76.130.90 - - [27/Nov/2019:09:42:59 +0100] "POST /wp-admin/admin-ajax.php?action=wp_1_wc_privacy_cleanup&nonce=de887d368f HTTP/1.1" 200 3709 "https://amazingsportwear.com/wp-admin/admin-ajax.php?action=wp_1_wc_privacy_cleanup&nonce=de887d368f" "WordPress/5.2.4; https://amazingsportwear.com" "-"
207.182.140.210 - - [27/Nov/2019:09:43:00 +0100] "GET / HTTP/1.1" 200 125788 "http://www.amazingsportwear.com" "Mozilla/5.0 (Windows NT 6.1; Win64; x64; +http://www.komodia.com/newwiki/index.php/URL_server_crawler) KomodiaBot/1.0" "-"
217.76.130.90 - - [27/Nov/2019:09:44:51 +0100] "POST /wp-cron.php?doing_wp_cron=1574844291.1013300418853759765625 HTTP/1.1" 200 3389 "https://amazingsportwear.com/wp-cron.php?doing_wp_cron=1574844291.1013300418853759765625" "WordPress/5.2.4; https://amazingsportwear.com" "-"
157.55.39.143 - - [27/Nov/2019:09:44:50 +0100] "GET /producto/camiseta-tecnica-maurice/ HTTP/1.1" 200 103438 "-" "Mozilla/5.0 (compatible; bingbot/2.0; +http://www.bing.com/bingbot.htm)" "-"
157.55.39.143 - - [27/Nov/2019:09:46:16 +0100] "GET /wp-content/uploads/2017/03/aq-cosmic-hombre-peq.jpg HTTP/1.1" 200 731387 "-" "Mozilla/5.0 (compatible; bingbot/2.0; +http://www.bing.com/bingbot.htm)" "-"
217.76.130.90 - - [27/Nov/2019:09:51:13 +0100] "POST /wp-cron.php?doing_wp_cron=1574844673.3999528884887695312500 HTTP/1.1" 200 164 "http://amazingsportwear.com/wp-cron.php?doing_wp_cron=1574844673.3999528884887695312500" "WordPress/5.2.4; https://amazingsportwear.com" "-"
3.210.174.98 - - [27/Nov/2019:09:51:12 +0100] "GET / HTTP/1.1" 301 336 "-" "Mozilla/5.0 (Windows NT 6.1; Trident/7.0; rv:11.0) like Gecko" "-"
3.210.174.98 - - [27/Nov/2019:09:51:14 +0100] "GET / HTTP/1.1" 200 125740 "-" "Mozilla/5.0 (Windows NT 6.1; Trident/7.0; rv:11.0) like Gecko" "wpfront-notification-bar-landingpage=1"
3.210.174.98 - - [27/Nov/2019:09:51:17 +0100] "GET / HTTP/1.1" 301 336 "-" "Mozilla/5.0 (Windows NT 10.0; Win64; x64) AppleWebKit/537.36 (KHTML, like Gecko) Chrome/73.0.3683.86 Safari/537.36" "-"
3.210.174.98 - - [27/Nov/2019:09:51:19 +0100] "GET /wp-content/plugins/cookie-law-info/public/css/cookie-law-info-public.css?ver=1.7.6 HTTP/1.1" 200 3373 "https://amazingsportwear.com/" "Mozilla/5.0 (Windows NT 10.0; Win64; x64) AppleWebKit/537.36 (KHTML, like Gecko) Chrome/73.0.3683.86 Safari/537.36" "wpfront-notification-bar-landingpage=1"
3.210.174.98 - - [27/Nov/2019:09:51:19 +0100] "GET /wp-content/plugins/woocommerce/assets/css/blocks/style.css?ver=3.6.4 HTTP/1.1" 200 6835 "https://amazingsportwear.com/" "Mozilla/5.0 (Windows NT 10.0; Win64; x64) AppleWebKit/537.36 (KHTML, like Gecko) Chrome/73.0.3683.86 Safari/537.36" "wpfront-notification-bar-landingpage=1"
3.210.174.98 - - [27/Nov/2019:09:51:19 +0100] "GET /wp-content/plugins/cookie-law-info/public/css/cookie-law-info-gdpr.css?ver=1.7.6 HTTP/1.1" 200 12583 "https://amazingsportwear.com/" "Mozilla/5.0 (Windows NT 10.0; Win64; x64) AppleWebKit/537.36 (KHTML, like Gecko) Chrome/73.0.3683.86 Safari/537.36" "wpfront-notification-bar-landingpage=1"
3.210.174.98 - - [27/Nov/2019:09:51:19 +0100] "GET /wp-content/plugins/wpfront-notification-bar/css/wpfront-notification-bar.css?ver=1.7.1 HTTP/1.1" 200 3801 "https://amazingsportwear.com/" "Mozilla/5.0 (Windows NT 10.0; Win64; x64) AppleWebKit/537.36 (KHTML, like Gecko) Chrome/73.0.3683.86 Safari/537.36" "wpfront-notification-bar-landingpage=1"
3.210.174.98 - - [27/Nov/2019:09:51:19 +0100] "GET /wp-includes/css/dist/block-library/style.min.css?ver=5.2.4 HTTP/1.1" 200 29798 "https://amazingsportwear.com/" "Mozilla/5.0 (Windows NT 10.0; Win64; x64) AppleWebKit/537.36 (KHTML, like Gecko) Chrome/73.0.3683.86 Safari/537.36" "wpfront-notification-bar-landingpage=1"
3.210.174.98 - - [27/Nov/2019:09:51:18 +0100] "GET / HTTP/1.1" 200 125740 "-" "Mozilla/5.0 (Windows NT 10.0; Win64; x64) AppleWebKit/537.36 (KHTML, like Gecko) Chrome/73.0.3683.86 Safari/537.36" "wpfront-notification-bar-landingpage=1"
