78.46.99.254 - - [09/Dec/2019:22:03:23 +0100] "GET /wp-content/uploads/2019/04/mu%C3%B1equera-oakley-2.png HTTP/1.1" 200 145799 "-" "Mozilla/5.0 (compatible; MJ12bot/v1.4.8; http://mj12bot.com/)" "-"
78.46.99.254 - - [09/Dec/2019:22:03:25 +0100] "GET /wp-content/uploads/2019/04/mu%C3%B1equera-oakley-3.png HTTP/1.1" 200 79629 "-" "Mozilla/5.0 (compatible; MJ12bot/v1.4.8; http://mj12bot.com/)" "-"
78.46.99.254 - - [09/Dec/2019:22:03:28 +0100] "GET /wp-content/uploads/2019/04/mu%C3%B1equera-oakley-4.png HTTP/1.1" 200 145881 "-" "Mozilla/5.0 (compatible; MJ12bot/v1.4.8; http://mj12bot.com/)" "-"
78.46.99.254 - - [09/Dec/2019:22:03:31 +0100] "GET /wp-content/uploads/2019/04/mu%C3%B1equera-oakley-5.png HTTP/1.1" 200 98550 "-" "Mozilla/5.0 (compatible; MJ12bot/v1.4.8; http://mj12bot.com/)" "-"
78.46.99.254 - - [09/Dec/2019:22:03:33 +0100] "GET /wp-content/uploads/2019/04/mu%C3%B1equera-oakley-6.png HTTP/1.1" 200 134920 "-" "Mozilla/5.0 (compatible; MJ12bot/v1.4.8; http://mj12bot.com/)" "-"
78.46.99.254 - - [09/Dec/2019:22:03:35 +0100] "GET /wp-content/uploads/2019/04/mu%C3%B1equera-oakley-7.png HTTP/1.1" 200 123351 "-" "Mozilla/5.0 (compatible; MJ12bot/v1.4.8; http://mj12bot.com/)" "-"
85.51.22.189 - - [09/Dec/2019:22:11:50 +0100] "GET /wp-content/uploads/2017/04/chaleco-sublimado-pecho.png HTTP/1.1" 200 60440 "https://www.google.com/" "Mozilla/5.0 (Linux; Android 9; SAMSUNG SM-A105FN) AppleWebKit/537.36 (KHTML, like Gecko) SamsungBrowser/10.1 Chrome/71.0.3578.99 Mobile Safari/537.36" "-"
217.76.130.90 - - [09/Dec/2019:22:13:06 +0100] "POST /wp-cron.php?doing_wp_cron=1575925985.9496829509735107421875 HTTP/1.1" 200 3389 "https://amazingsportwear.com/wp-cron.php?doing_wp_cron=1575925985.9496829509735107421875" "WordPress/5.2.4; https://amazingsportwear.com" "-"
66.249.64.144 - - [09/Dec/2019:22:13:03 +0100] "GET /etiqueta-producto/mallas-deportivas/ HTTP/1.1" 200 59776 "-" "Mozilla/5.0 (Linux; Android 6.0.1; Nexus 5X Build/MMB29P) AppleWebKit/537.36 (KHTML, like Gecko) Chrome/41.0.2272.96 Mobile Safari/537.36 (compatible; Googlebot/2.1; +http://www.google.com/bot.html)" "-"
217.76.130.90 - - [09/Dec/2019:22:14:53 +0100] "POST /wp-cron.php?doing_wp_cron=1575926093.1430668830871582031250 HTTP/1.1" 200 3389 "https://amazingsportwear.com/wp-cron.php?doing_wp_cron=1575926093.1430668830871582031250" "WordPress/5.2.4; https://amazingsportwear.com" "-"
40.77.167.126 - - [09/Dec/2019:22:14:52 +0100] "GET /etiqueta-producto/jeremy/feed/ HTTP/1.1" 200 6391 "-" "msnbot/2.0b (+http://search.msn.com/msnbot.htm)" "-"
66.249.64.146 - - [09/Dec/2019:22:15:02 +0100] "GET /wp-content/plugins/woocommerce/assets/js/frontend/add-to-cart.min.js?ver=3.6.4 HTTP/1.1" 200 6346 "https://amazingsportwear.com/etiqueta-producto/mallas-deportivas/" "Mozilla/5.0 (Linux; Android 6.0.1; Nexus 5X Build/MMB29P) AppleWebKit/537.36 (KHTML, like Gecko) Chrome/41.0.2272.96 Mobile Safari/537.36 (compatible; Googlebot/2.1; +http://www.google.com/bot.html)" "-"
217.76.130.90 - - [09/Dec/2019:22:15:33 +0100] "POST /wp-cron.php?doing_wp_cron=1575926133.8523690700531005859375 HTTP/1.1" 200 3389 "https://amazingsportwear.com/wp-cron.php?doing_wp_cron=1575926133.8523690700531005859375" "WordPress/5.2.4; https://amazingsportwear.com" "-"
157.55.39.160 - - [09/Dec/2019:22:15:33 +0100] "GET /categoria-producto/seis/feed/ HTTP/1.1" 200 14596 "-" "msnbot/2.0b (+http://search.msn.com/msnbot.htm)" "-"
217.76.130.90 - - [09/Dec/2019:22:18:33 +0100] "POST /wp-cron.php?doing_wp_cron=1575926313.4868021011352539062500 HTTP/1.1" 200 3389 "https://amazingsportwear.com/wp-cron.php?doing_wp_cron=1575926313.4868021011352539062500" "WordPress/5.2.4; https://amazingsportwear.com" "-"
217.76.130.90 - - [09/Dec/2019:22:18:33 +0100] "POST /wp-cron.php?doing_wp_cron=1575926313.4890429973602294921875 HTTP/1.1" 200 3389 "https://amazingsportwear.com/wp-cron.php?doing_wp_cron=1575926313.4890429973602294921875" "WordPress/5.2.4; https://amazingsportwear.com" "-"
40.77.167.126 - - [09/Dec/2019:22:18:31 +0100] "GET /etiqueta-producto/jeremy/feed/ HTTP/1.1" 200 6391 "-" "msnbot/2.0b (+http://search.msn.com/msnbot.htm)" "-"
157.55.39.73 - - [09/Dec/2019:22:18:32 +0100] "GET /producto/camiseta-tecnica-plus-combinada-cif-t1050/ HTTP/1.1" 200 106890 "-" "Mozilla/5.0 (compatible; bingbot/2.0; +http://www.bing.com/bingbot.htm)" "-"
217.76.130.90 - - [09/Dec/2019:22:19:20 +0100] "POST /wp-cron.php?doing_wp_cron=1575926360.2738289833068847656250 HTTP/1.1" 200 3389 "https://amazingsportwear.com/wp-cron.php?doing_wp_cron=1575926360.2738289833068847656250" "WordPress/5.2.4; https://amazingsportwear.com" "-"
157.55.39.160 - - [09/Dec/2019:22:19:19 +0100] "GET /categoria-producto/seis/feed/ HTTP/1.1" 200 14596 "-" "msnbot/2.0b (+http://search.msn.com/msnbot.htm)" "-"
217.76.130.90 - - [09/Dec/2019:22:23:24 +0100] "POST /wp-cron.php?doing_wp_cron=1575926604.1847629547119140625000 HTTP/1.1" 200 3389 "https://amazingsportwear.com/wp-cron.php?doing_wp_cron=1575926604.1847629547119140625000" "WordPress/5.2.4; https://amazingsportwear.com" "-"
66.249.64.146 - - [09/Dec/2019:22:23:22 +0100] "GET / HTTP/1.1" 200 125823 "-" "Mozilla/5.0 (compatible; Googlebot/2.1; +http://www.google.com/bot.html)" "-"
66.249.64.146 - - [09/Dec/2019:22:23:32 +0100] "POST /?wc-ajax=get_refreshed_fragments HTTP/1.1" 200 1345 "https://amazingsportwear.com/" "Mozilla/5.0 AppleWebKit/537.36 (KHTML, like Gecko; compatible; Googlebot/2.1; +http://www.google.com/bot.html) Safari/537.36" "wpfront-notification-bar-landingpage=1; _ga=GA1.2.2114912494.1575926606; _gid=GA1.2.931330593.1575926606; _gat_gtag_UA_91619287_1=1"
66.249.64.144 - - [09/Dec/2019:22:23:36 +0100] "GET / HTTP/1.1" 200 125833 "-" "Mozilla/5.0 (Linux; Android 6.0.1; Nexus 5X Build/MMB29P) AppleWebKit/537.36 (KHTML, like Gecko) Chrome/41.0.2272.96 Mobile Safari/537.36 (compatible; Googlebot/2.1; +http://www.google.com/bot.html)" "-"
66.249.64.144 - - [09/Dec/2019:22:23:43 +0100] "GET /wp-content/plugins/elementor/assets/lib/eicons/css/elementor-icons.min.css?ver=4.3.0 HTTP/1.1" 200 11850 "https://amazingsportwear.com/" "Mozilla/5.0 (Linux; Android 6.0.1; Nexus 5X Build/MMB29P) AppleWebKit/537.36 (KHTML, like Gecko) Chrome/41.0.2272.96 Mobile Safari/537.36 (compatible; Googlebot/2.1; +http://www.google.com/bot.html)" "wpfront-notification-bar-landingpage=1"
66.249.64.144 - - [09/Dec/2019:22:23:44 +0100] "GET /wp-content/plugins/elementor/assets/lib/dialog/dialog.min.js?ver=4.7.1 HTTP/1.1" 200 10911 "https://amazingsportwear.com/" "Mozilla/5.0 (Linux; Android 6.0.1; Nexus 5X Build/MMB29P) AppleWebKit/537.36 (KHTML, like Gecko) Chrome/41.0.2272.96 Mobile Safari/537.36 (compatible; Googlebot/2.1; +http://www.google.com/bot.html)" "wpfront-notification-bar-landingpage=1"
66.249.64.144 - - [09/Dec/2019:22:23:45 +0100] "GET /wp-content/plugins/elementor/assets/lib/waypoints/waypoints.min.js?ver=4.0.2 HTTP/1.1" 200 12541 "https://amazingsportwear.com/" "Mozilla/5.0 (Linux; Android 6.0.1; Nexus 5X Build/MMB29P) AppleWebKit/537.36 (KHTML, like Gecko) Chrome/41.0.2272.96 Mobile Safari/537.36 (compatible; Googlebot/2.1; +http://www.google.com/bot.html)" "wpfront-notification-bar-landingpage=1"
66.249.64.144 - - [09/Dec/2019:22:23:54 +0100] "GET /wp-content/plugins/si-contact-form/includes/fscf-scripts.js?ver=179 HTTP/1.1" 200 1033 "https://amazingsportwear.com/" "Mozilla/5.0 (Linux; Android 6.0.1; Nexus 5X Build/MMB29P) AppleWebKit/537.36 (KHTML, like Gecko) Chrome/41.0.2272.96 Mobile Safari/537.36 (compatible; Googlebot/2.1; +http://www.google.com/bot.html)" "wpfront-notification-bar-landingpage=1"
66.249.64.144 - - [09/Dec/2019:22:23:56 +0100] "POST /?wc-ajax=get_refreshed_fragments HTTP/1.1" 200 1345 "https://amazingsportwear.com/" "Mozilla/5.0 (Linux; Android 6.0.1; Nexus 5X Build/MMB29P) AppleWebKit/537.36 (KHTML, like Gecko) Chrome/41.0.2272.96 Mobile Safari/537.36 (compatible; Googlebot/2.1; +http://www.google.com/bot.html)" "wpfront-notification-bar-landingpage=1; _ga=GA1.2.1884029788.1575926618; _gid=GA1.2.969013651.1575926618; _gat_gtag_UA_91619287_1=1"
66.249.64.146 - - [09/Dec/2019:22:24:00 +0100] "POST /?wc-ajax=get_refreshed_fragments HTTP/1.1" 200 4708 "https://amazingsportwear.com/" "Mozilla/5.0 (Linux; Android 6.0.1; Nexus 5X Build/MMB29P) AppleWebKit/537.36 (KHTML, like Gecko) Chrome/41.0.2272.96 Mobile Safari/537.36 (compatible; Googlebot/2.1; +http://www.google.com/bot.html)" "wpfront-notification-bar-landingpage=1; _ga=GA1.2.1884029788.1575926618; _gid=GA1.2.969013651.1575926618; _gat_gtag_UA_91619287_1=1"
66.249.64.146 - - [09/Dec/2019:22:24:06 +0100] "GET /favicon.ico HTTP/1.1" 200 259 "-" "Googlebot-Image/1.0" "-"
66.249.64.144 - - [09/Dec/2019:22:24:09 +0100] "GET /favicon.ico HTTP/1.1" 200 259 "-" "Googlebot-Image/1.0" "-"
66.249.64.144 - - [09/Dec/2019:22:24:30 +0100] "GET /favicon.ico HTTP/1.1" 200 3622 "-" "Googlebot-Image/1.0" "-"
189.165.82.246 - - [09/Dec/2019:22:27:38 +0100] "GET /wp-content/uploads/2019/04/Gorra-sport-10.png HTTP/1.1" 200 60426 "https://www.google.com.mx/" "Mozilla/5.0 (Windows NT 10.0; Win64; x64) AppleWebKit/537.36 (KHTML, like Gecko) Chrome/78.0.3904.108 Safari/537.36" "-"
217.76.130.90 - - [09/Dec/2019:22:33:06 +0100] "POST /wp-cron.php?doing_wp_cron=1575927185.9576790332794189453125 HTTP/1.1" 200 3389 "https://amazingsportwear.com/wp-cron.php?doing_wp_cron=1575927185.9576790332794189453125" "WordPress/5.2.4; https://amazingsportwear.com" "-"
31.13.127.5 - - [09/Dec/2019:22:33:03 +0100] "GET / HTTP/1.1" 200 125560 "-" "facebookexternalhit/1.1 (+http://www.facebook.com/externalhit_uatext.php)" "-"
31.13.127.5 - - [09/Dec/2019:22:33:08 +0100] "GET /contacta-con-nosotros HTTP/1.1" 301 319 "-" "facebookexternalhit/1.1 (+http://www.facebook.com/externalhit_uatext.php)" "-"
31.13.127.5 - - [09/Dec/2019:22:33:09 +0100] "GET /contacta-con-nosotros/ HTTP/1.1" 200 58174 "-" "facebookexternalhit/1.1 (+http://www.facebook.com/externalhit_uatext.php)" "-"
217.76.130.90 - - [09/Dec/2019:22:35:11 +0100] "POST /wp-cron.php?doing_wp_cron=1575927311.3730928897857666015625 HTTP/1.1" 200 164 "http://amazingsportwear.com/wp-cron.php?doing_wp_cron=1575927311.3730928897857666015625" "WordPress/5.2.4; https://amazingsportwear.com" "-"
68.183.239.171 - - [09/Dec/2019:22:35:10 +0100] "GET / HTTP/1.0" 301 265 "-" "-" "-"
68.183.239.171 - - [09/Dec/2019:22:35:11 +0100] "GET /phpminiadmin.php HTTP/1.0" 404 67875 "-" "-" "-"
68.183.239.171 - - [09/Dec/2019:22:35:12 +0100] "GET /phpmini.php HTTP/1.0" 404 67885 "-" "-" "-"
68.183.239.171 - - [09/Dec/2019:22:35:12 +0100] "GET /miniadmin.php HTTP/1.0" 404 67884 "-" "-" "-"
68.183.239.171 - - [09/Dec/2019:22:35:13 +0100] "GET /mini.php HTTP/1.0" 404 67884 "-" "-" "-"
68.183.239.171 - - [09/Dec/2019:22:35:14 +0100] "GET /php.php HTTP/1.0" 404 67867 "-" "-" "-"
68.183.239.171 - - [09/Dec/2019:22:35:15 +0100] "GET /pma.php HTTP/1.0" 404 67872 "-" "-" "-"
68.183.239.171 - - [09/Dec/2019:22:35:15 +0100] "GET /amp.php HTTP/1.0" 404 67867 "-" "-" "-"
68.183.239.171 - - [09/Dec/2019:22:35:16 +0100] "GET /p.php HTTP/1.0" 404 67878 "-" "-" "-"
68.183.239.171 - - [09/Dec/2019:22:35:17 +0100] "GET /test/phpminiadmin.php HTTP/1.0" 404 67891 "-" "-" "-"
68.183.239.171 - - [09/Dec/2019:22:35:17 +0100] "GET /sql/phpminiadmin.php HTTP/1.0" 404 67899 "-" "-" "-"
68.183.239.171 - - [09/Dec/2019:22:35:18 +0100] "GET /dev/phpminiadmin.php HTTP/1.0" 404 67904 "-" "-" "-"
68.183.239.171 - - [09/Dec/2019:22:35:19 +0100] "GET /test/pma.php HTTP/1.0" 404 67893 "-" "-" "-"
68.183.239.171 - - [09/Dec/2019:22:35:20 +0100] "GET /dev/pma.php HTTP/1.0" 404 67861 "-" "-" "-"
68.183.239.171 - - [09/Dec/2019:22:35:21 +0100] "GET /sql/pma.php HTTP/1.0" 404 67896 "-" "-" "-"
68.183.239.171 - - [09/Dec/2019:22:35:21 +0100] "GET /db.php HTTP/1.0" 404 67890 "-" "-" "-"
68.183.239.171 - - [09/Dec/2019:22:35:22 +0100] "GET /sql.php HTTP/1.0" 404 67867 "-" "-" "-"
68.183.239.171 - - [09/Dec/2019:22:35:23 +0100] "GET /scripts/phpminiadmin.php HTTP/1.0" 404 67907 "-" "-" "-"
68.183.239.171 - - [09/Dec/2019:22:35:23 +0100] "GET /adminmysql.php HTTP/1.0" 404 67856 "-" "-" "-"
68.183.239.171 - - [09/Dec/2019:22:35:24 +0100] "GET /mysql-adminer.php HTTP/1.0" 404 67857 "-" "-" "-"
68.183.239.171 - - [09/Dec/2019:22:35:25 +0100] "GET /admindb.php HTTP/1.0" 404 67860 "-" "-" "-"
68.183.239.171 - - [09/Dec/2019:22:35:26 +0100] "GET /m_admin_mysql.php HTTP/1.0" 404 67877 "-" "-" "-"
68.183.239.171 - - [09/Dec/2019:22:35:26 +0100] "GET /mysql.php HTTP/1.0" 404 67866 "-" "-" "-"
68.183.239.171 - - [09/Dec/2019:22:35:27 +0100] "GET /database.php HTTP/1.0" 404 67887 "-" "-" "-"
68.183.239.171 - - [09/Dec/2019:22:35:28 +0100] "GET /phpadmin.php HTTP/1.0" 404 67892 "-" "-" "-"
68.183.239.171 - - [09/Dec/2019:22:35:29 +0100] "GET /phpadminer.php HTTP/1.0" 404 67906 "-" "-" "-"
217.76.130.90 - - [09/Dec/2019:22:45:10 +0100] "POST /wp-cron.php?doing_wp_cron=1575927910.7959818840026855468750 HTTP/1.1" 200 3389 "https://amazingsportwear.com/wp-cron.php?doing_wp_cron=1575927910.7959818840026855468750" "WordPress/5.2.4; https://amazingsportwear.com" "-"
207.46.13.159 - - [09/Dec/2019:22:45:08 +0100] "GET /etiqueta-producto/bidon-match/feed/ HTTP/1.1" 200 6472 "-" "msnbot/2.0b (+http://search.msn.com/msnbot.htm)" "-"
217.76.130.90 - - [09/Dec/2019:22:47:31 +0100] "POST /wp-cron.php?doing_wp_cron=1575928051.4789791107177734375000 HTTP/1.1" 200 3389 "https://amazingsportwear.com/wp-cron.php?doing_wp_cron=1575928051.4789791107177734375000" "WordPress/5.2.4; https://amazingsportwear.com" "-"
157.55.39.160 - - [09/Dec/2019:22:47:30 +0100] "GET /etiqueta-producto/5-peneles/feed/ HTTP/1.1" 200 6326 "-" "msnbot/2.0b (+http://search.msn.com/msnbot.htm)" "-"
66.249.64.148 - - [09/Dec/2019:22:47:42 +0100] "GET /producto/pantalon-corto-tenis-padel/ HTTP/1.1" 200 90770 "-" "Mozilla/5.0 (Linux; Android 6.0.1; Nexus 5X Build/MMB29P) AppleWebKit/537.36 (KHTML, like Gecko) Chrome/41.0.2272.96 Mobile Safari/537.36 (compatible; Googlebot/2.1; +http://www.google.com/bot.html)" "-"
217.76.130.90 - - [09/Dec/2019:22:48:47 +0100] "POST /wp-cron.php?doing_wp_cron=1575928127.3068399429321289062500 HTTP/1.1" 200 3389 "https://amazingsportwear.com/wp-cron.php?doing_wp_cron=1575928127.3068399429321289062500" "WordPress/5.2.4; https://amazingsportwear.com" "-"
95.63.180.55 - - [09/Dec/2019:22:48:46 +0100] "GET / HTTP/1.1" 200 125633 "-" "Mozilla/5.0 (iPhone; CPU iPhone OS 13_2_3 like Mac OS X) AppleWebKit/605.1.15 (KHTML, like Gecko) Version/13.0.3 Mobile/15E148 Safari/604.1" "_ga=GA1.2.1966625877.1575676564; viewed_cookie_policy=yes"
207.46.13.159 - - [09/Dec/2019:22:48:57 +0100] "GET /etiqueta-producto/bidon-match/feed/ HTTP/1.1" 200 6472 "-" "msnbot/2.0b (+http://search.msn.com/msnbot.htm)" "-"
217.76.130.90 - - [09/Dec/2019:22:51:24 +0100] "POST /wp-cron.php?doing_wp_cron=1575928284.5940530300140380859375 HTTP/1.1" 200 3389 "https://amazingsportwear.com/wp-cron.php?doing_wp_cron=1575928284.5940530300140380859375" "WordPress/5.2.4; https://amazingsportwear.com" "-"
157.55.39.160 - - [09/Dec/2019:22:51:23 +0100] "GET /etiqueta-producto/5-peneles/feed/ HTTP/1.1" 200 6326 "-" "msnbot/2.0b (+http://search.msn.com/msnbot.htm)" "-"
217.76.130.90 - - [09/Dec/2019:22:52:36 +0100] "POST /wp-cron.php?doing_wp_cron=1575928356.1905469894409179687500 HTTP/1.1" 200 3389 "https://amazingsportwear.com/wp-cron.php?doing_wp_cron=1575928356.1905469894409179687500" "WordPress/5.2.4; https://amazingsportwear.com" "-"
66.249.64.146 - - [09/Dec/2019:22:52:35 +0100] "GET /producto/gorra-sport/ HTTP/1.1" 200 102144 "-" "Mozilla/5.0 (compatible; Googlebot/2.1; +http://www.google.com/bot.html)" "-"
217.76.130.90 - - [09/Dec/2019:22:58:10 +0100] "POST /wp-cron.php?doing_wp_cron=1575928690.3233640193939208984375 HTTP/1.1" 200 3389 "https://amazingsportwear.com/wp-cron.php?doing_wp_cron=1575928690.3233640193939208984375" "WordPress/5.2.4; https://amazingsportwear.com" "-"
207.46.13.159 - - [09/Dec/2019:22:58:08 +0100] "GET /etiqueta-producto/bidon-halmik/feed/ HTTP/1.1" 200 6480 "-" "msnbot/2.0b (+http://search.msn.com/msnbot.htm)" "-"
217.76.130.90 - - [09/Dec/2019:23:01:57 +0100] "POST /wp-cron.php?doing_wp_cron=1575928917.6855928897857666015625 HTTP/1.1" 200 3389 "https://amazingsportwear.com/wp-cron.php?doing_wp_cron=1575928917.6855928897857666015625" "WordPress/5.2.4; https://amazingsportwear.com" "-"
207.46.13.159 - - [09/Dec/2019:23:01:57 +0100] "GET /etiqueta-producto/bidon-halmik/feed/ HTTP/1.1" 200 6480 "-" "msnbot/2.0b (+http://search.msn.com/msnbot.htm)" "-"
217.76.130.90 - - [09/Dec/2019:23:06:33 +0100] "POST /wp-cron.php?doing_wp_cron=1575929193.7074460983276367187500 HTTP/1.1" 200 3389 "https://amazingsportwear.com/wp-cron.php?doing_wp_cron=1575929193.7074460983276367187500" "WordPress/5.2.4; https://amazingsportwear.com" "-"
157.55.39.73 - - [09/Dec/2019:23:06:31 +0100] "GET /producto/soporte-monedero-donic/feed/ HTTP/1.1" 200 4826 "-" "msnbot/2.0b (+http://search.msn.com/msnbot.htm)" "-"
85.85.193.188 - - [09/Dec/2019:23:06:35 +0100] "GET /wp-content/uploads/2018/05/cat-3164-amarillo.png HTTP/1.1" 200 124611 "https://www.google.es/" "Mozilla/5.0 (iPhone; CPU iPhone OS 13_2_3 like Mac OS X) AppleWebKit/605.1.15 (KHTML, like Gecko) Version/13.0.3 Mobile/15E148 Safari/604.1" "-"
217.76.130.90 - - [09/Dec/2019:23:10:17 +0100] "POST /wp-cron.php?doing_wp_cron=1575929417.6096289157867431640625 HTTP/1.1" 200 3389 "https://amazingsportwear.com/wp-cron.php?doing_wp_cron=1575929417.6096289157867431640625" "WordPress/5.2.4; https://amazingsportwear.com" "-"
157.55.39.73 - - [09/Dec/2019:23:10:17 +0100] "GET /producto/soporte-monedero-donic/feed/ HTTP/1.1" 200 4826 "-" "msnbot/2.0b (+http://search.msn.com/msnbot.htm)" "-"
157.55.39.73 - - [09/Dec/2019:23:10:53 +0100] "GET /producto/gorra-sport/feed/ HTTP/1.1" 200 4793 "-" "msnbot/2.0b (+http://search.msn.com/msnbot.htm)" "-"
217.76.130.90 - - [09/Dec/2019:23:14:46 +0100] "POST /wp-cron.php?doing_wp_cron=1575929686.9206199645996093750000 HTTP/1.1" 200 3389 "https://amazingsportwear.com/wp-cron.php?doing_wp_cron=1575929686.9206199645996093750000" "WordPress/5.2.4; https://amazingsportwear.com" "-"
157.55.39.73 - - [09/Dec/2019:23:14:46 +0100] "GET /producto/gorra-sport/feed/ HTTP/1.1" 200 4793 "-" "msnbot/2.0b (+http://search.msn.com/msnbot.htm)" "-"
148.0.227.245 - - [09/Dec/2019:23:15:30 +0100] "GET /wp-content/uploads/2019/04/Gorra-sport-6.png HTTP/1.1" 200 44623 "https://www.google.com/" "Mozilla/5.0 (Windows NT 10.0; Win64; x64; rv:71.0) Gecko/20100101 Firefox/71.0" "-"
217.76.130.90 - - [09/Dec/2019:23:15:38 +0100] "POST /wp-cron.php?doing_wp_cron=1575929738.5932359695434570312500 HTTP/1.1" 200 164 "http://amazingsportwear.com/wp-cron.php?doing_wp_cron=1575929738.5932359695434570312500" "WordPress/5.2.4; https://amazingsportwear.com" "-"
87.98.165.248 - - [09/Dec/2019:23:15:37 +0100] "GET /wp-load.php?up2018info HTTP/1.1" 200 197 "-" "Mozilla/5.0 (Windows NT 6.1; WOW64) AppleWebKit/537.36 (KHTML, like Gecko) Chrome/41.0.2227.0 Safari/537.36" "-"
217.76.130.90 - - [09/Dec/2019:23:16:37 +0100] "POST /wp-cron.php?doing_wp_cron=1575929797.6008400917053222656250 HTTP/1.1" 200 164 "http://amazingsportwear.com/wp-cron.php?doing_wp_cron=1575929797.6008400917053222656250" "WordPress/5.2.4; https://amazingsportwear.com" "-"
31.14.103.240 - - [09/Dec/2019:23:16:36 +0100] "GET /gallery.php HTTP/1.1" 404 67945 "http://site.ru" "Mozilla/5.0 (Windows; U; Windows NT 5.1; en-US) AppleWebKit/533.4 (KHTML, like Gecko) Chrome/5.0.375.99 Safari/533.4" "-"
190.148.50.40 - - [09/Dec/2019:23:18:38 +0100] "GET /wp-content/uploads/2019/04/SA-1070-4.png HTTP/1.1" 200 69427 "https://www.google.com/" "Mozilla/5.0 (Macintosh; Intel Mac OS X 10_14_6) AppleWebKit/537.36 (KHTML, like Gecko) Chrome/78.0.3904.108 Safari/537.36" "-"
217.76.130.90 - - [09/Dec/2019:23:20:27 +0100] "POST /wp-cron.php?doing_wp_cron=1575930027.6583120822906494140625 HTTP/1.1" 200 164 "http://amazingsportwear.com/wp-cron.php?doing_wp_cron=1575930027.6583120822906494140625" "WordPress/5.2.4; https://amazingsportwear.com" "-"
206.72.196.155 - - [09/Dec/2019:23:20:26 +0100] "GET /feal.php.suspected HTTP/1.1" 404 68004 "http://site.ru" "Mozilla/5.0 (Windows; U; Windows NT 5.1; en-US) AppleWebKit/533.4 (KHTML, like Gecko) Chrome/5.0.375.99 Safari/533.4" "-"
2.207.51.218 - - [09/Dec/2019:23:23:34 +0100] "GET /wp-content/uploads/2019/04/CIF-T60-FORMENTERA-2.png HTTP/1.1" 200 93097 "https://www.google.de/" "Mozilla/5.0 (iPad; CPU OS 12_4_3 like Mac OS X) AppleWebKit/605.1.15 (KHTML, like Gecko) Version/12.1.2 Mobile/15E148 Safari/604.1" "-"
217.76.130.90 - - [09/Dec/2019:23:28:02 +0100] "POST /wp-cron.php?doing_wp_cron=1575930482.0667269229888916015625 HTTP/1.1" 200 164 "http://amazingsportwear.com/wp-cron.php?doing_wp_cron=1575930482.0667269229888916015625" "WordPress/5.2.4; https://amazingsportwear.com" "-"
106.120.173.81 - - [09/Dec/2019:23:28:00 +0100] "GET /robots.txt HTTP/1.1" 200 394 "-" "Sogou web spider/4.0(+http://www.sogou.com/docs/help/webmasters.htm#07)" "-"
106.120.173.81 - - [09/Dec/2019:23:27:59 +0100] "GET / HTTP/1.1" 301 298 "-" "Sogou web spider/4.0(+http://www.sogou.com/docs/help/webmasters.htm#07)" "-"
217.76.130.90 - - [09/Dec/2019:23:28:03 +0100] "POST /wp-cron.php?doing_wp_cron=1575930483.7470309734344482421875 HTTP/1.1" 200 3389 "https://amazingsportwear.com/wp-cron.php?doing_wp_cron=1575930483.7470309734344482421875" "WordPress/5.2.4; https://amazingsportwear.com" "-"
106.120.173.81 - - [09/Dec/2019:23:28:03 +0100] "GET / HTTP/1.1" 200 125718 "-" "Sogou web spider/4.0(+http://www.sogou.com/docs/help/webmasters.htm#07)" "wpfront-notification-bar-landingpage=1;"
31.13.115.28 - - [09/Dec/2019:23:38:13 +0100] "GET /wp-content/uploads/2019/07/slider1.jpg HTTP/1.1" 206 247735 "-" "facebookexternalhit/1.1 (+http://www.facebook.com/externalhit_uatext.php)" "-"
190.237.162.233 - - [09/Dec/2019:23:42:32 +0100] "GET /wp-content/uploads/2019/04/Gorra-sport-1.png HTTP/1.1" 200 93681 "https://www.google.com.pe/" "Mozilla/5.0 (Windows NT 6.1) AppleWebKit/537.36 (KHTML, like Gecko) Chrome/77.0.3865.90 Safari/537.36" "-"
181.58.38.129 - - [09/Dec/2019:23:43:13 +0100] "GET /wp-content/uploads/2019/04/Gorra-sport-11.png HTTP/1.1" 200 131116 "https://www.google.com/" "Mozilla/5.0 (Windows NT 6.3; Win64; x64) AppleWebKit/537.36 (KHTML, like Gecko) Chrome/78.0.3904.108 Safari/537.36" "-"
217.76.130.90 - - [09/Dec/2019:23:44:51 +0100] "POST /wp-cron.php?doing_wp_cron=1575931491.8576788902282714843750 HTTP/1.1" 200 164 "http://amazingsportwear.com/wp-cron.php?doing_wp_cron=1575931491.8576788902282714843750" "WordPress/5.2.4; https://amazingsportwear.com" "-"
194.135.86.170 - - [09/Dec/2019:23:44:49 +0100] "GET /wp-admin/user/credits.php HTTP/1.1" 302 399 "http://site.ru" "Mozilla/5.0 (Windows; U; Windows NT 5.1; en-US) AppleWebKit/533.4 (KHTML, like Gecko) Chrome/5.0.375.99 Safari/533.4" "-"
194.135.86.170 - - [09/Dec/2019:23:44:52 +0100] "GET /wp-admin/user/credits.php HTTP/1.1" 302 399 "http://site.ru" "Mozilla/5.0 (Windows; U; Windows NT 5.1; en-US) AppleWebKit/533.4 (KHTML, like Gecko) Chrome/5.0.375.99 Safari/533.4" "-"
194.135.86.170 - - [09/Dec/2019:23:44:52 +0100] "GET /wp-admin/user/credits.php HTTP/1.1" 302 3699 "http://site.ru" "Mozilla/5.0 (Windows; U; Windows NT 5.1; en-US) AppleWebKit/533.4 (KHTML, like Gecko) Chrome/5.0.375.99 Safari/533.4" "-"
194.135.86.170 - - [09/Dec/2019:23:44:53 +0100] "GET /wp-login.php?redirect_to=https%3A%2F%2Famazingsportwear.com%2Fwp-admin%2Fuser%2Fcredits.php&reauth=1 HTTP/1.1" 200 6712 "http://site.ru" "Mozilla/5.0 (Windows; U; Windows NT 5.1; en-US) AppleWebKit/533.4 (KHTML, like Gecko) Chrome/5.0.375.99 Safari/533.4" "-"
194.135.86.170 - - [09/Dec/2019:23:44:53 +0100] "GET /wp-admin/user/credits.php HTTP/1.1" 302 3699 "http://site.ru" "Mozilla/5.0 (Windows; U; Windows NT 5.1; en-US) AppleWebKit/533.4 (KHTML, like Gecko) Chrome/5.0.375.99 Safari/533.4" "-"
194.135.86.170 - - [09/Dec/2019:23:44:54 +0100] "GET /wp-login.php?redirect_to=https%3A%2F%2Famazingsportwear.com%2Fwp-admin%2Fuser%2Fcredits.php&reauth=1 HTTP/1.1" 200 6712 "http://site.ru" "Mozilla/5.0 (Windows; U; Windows NT 5.1; en-US) AppleWebKit/533.4 (KHTML, like Gecko) Chrome/5.0.375.99 Safari/533.4" "-"
181.66.165.125 - - [09/Dec/2019:23:51:15 +0100] "GET /wp-content/uploads/2019/04/Gorra-sport-11.png HTTP/1.1" 200 131116 "https://www.google.com/" "Mozilla/5.0 (Windows NT 10.0; Win64; x64) AppleWebKit/537.36 (KHTML, like Gecko) Chrome/78.0.3904.108 Safari/537.36 OPR/65.0.3467.62" "-"
