103.73.236.119 - - [28/Nov/2019:11:51:06 +0100] "GET / HTTP/1.1" 301 336 "https://l.facebook.com/" "Mozilla/5.0 (Linux; Android 8.0.0; RNE-L22 Build/HUAWEIRNE-L22; wv) AppleWebKit/537.36 (KHTML, like Gecko) Version/4.0 Chrome/78.0.3904.108 Mobile Safari/537.36 [FB_IAB/FB4A;FBAV/248.1.0.44.116;]" "-"
103.73.236.119 - - [28/Nov/2019:11:51:12 +0100] "GET /wp-includes/css/dist/block-library/style.min.css?ver=5.2.4 HTTP/1.1" 200 33023 "https://amazingsportwear.com/" "Mozilla/5.0 (Linux; Android 8.0.0; RNE-L22 Build/HUAWEIRNE-L22; wv) AppleWebKit/537.36 (KHTML, like Gecko) Version/4.0 Chrome/78.0.3904.108 Mobile Safari/537.36 [FB_IAB/FB4A;FBAV/248.1.0.44.116;]" "wpfront-notification-bar-landingpage=1"
103.73.236.119 - - [28/Nov/2019:11:51:10 +0100] "GET / HTTP/1.1" 200 125812 "https://l.facebook.com/" "Mozilla/5.0 (Linux; Android 8.0.0; RNE-L22 Build/HUAWEIRNE-L22; wv) AppleWebKit/537.36 (KHTML, like Gecko) Version/4.0 Chrome/78.0.3904.108 Mobile Safari/537.36 [FB_IAB/FB4A;FBAV/248.1.0.44.116;]" "-"
103.73.236.119 - - [28/Nov/2019:11:51:12 +0100] "GET /wp-content/plugins/woocommerce/assets/css/blocks/style.css?ver=3.6.4 HTTP/1.1" 200 6835 "https://amazingsportwear.com/" "Mozilla/5.0 (Linux; Android 8.0.0; RNE-L22 Build/HUAWEIRNE-L22; wv) AppleWebKit/537.36 (KHTML, like Gecko) Version/4.0 Chrome/78.0.3904.108 Mobile Safari/537.36 [FB_IAB/FB4A;FBAV/248.1.0.44.116;]" "wpfront-notification-bar-landingpage=1"
103.73.236.119 - - [28/Nov/2019:11:51:12 +0100] "GET /wp-content/plugins/cookie-law-info/public/css/cookie-law-info-public.css?ver=1.7.6 HTTP/1.1" 200 3373 "https://amazingsportwear.com/" "Mozilla/5.0 (Linux; Android 8.0.0; RNE-L22 Build/HUAWEIRNE-L22; wv) AppleWebKit/537.36 (KHTML, like Gecko) Version/4.0 Chrome/78.0.3904.108 Mobile Safari/537.36 [FB_IAB/FB4A;FBAV/248.1.0.44.116;]" "wpfront-notification-bar-landingpage=1"
103.73.236.119 - - [28/Nov/2019:11:51:12 +0100] "GET /wp-content/plugins/cookie-law-info/public/css/cookie-law-info-gdpr.css?ver=1.7.6 HTTP/1.1" 200 12583 "https://amazingsportwear.com/" "Mozilla/5.0 (Linux; Android 8.0.0; RNE-L22 Build/HUAWEIRNE-L22; wv) AppleWebKit/537.36 (KHTML, like Gecko) Version/4.0 Chrome/78.0.3904.108 Mobile Safari/537.36 [FB_IAB/FB4A;FBAV/248.1.0.44.116;]" "wpfront-notification-bar-landingpage=1"
103.73.236.119 - - [28/Nov/2019:11:51:12 +0100] "GET /wp-content/plugins/wpfront-notification-bar/css/wpfront-notification-bar.css?ver=1.7.1 HTTP/1.1" 200 3801 "https://amazingsportwear.com/" "Mozilla/5.0 (Linux; Android 8.0.0; RNE-L22 Build/HUAWEIRNE-L22; wv) AppleWebKit/537.36 (KHTML, like Gecko) Version/4.0 Chrome/78.0.3904.108 Mobile Safari/537.36 [FB_IAB/FB4A;FBAV/248.1.0.44.116;]" "wpfront-notification-bar-landingpage=1"
103.73.236.119 - - [28/Nov/2019:11:51:13 +0100] "GET /wp-content/plugins/simple-social-icons/css/style.css?ver=3.0.1 HTTP/1.1" 200 1562 "https://amazingsportwear.com/" "Mozilla/5.0 (Linux; Android 8.0.0; RNE-L22 Build/HUAWEIRNE-L22; wv) AppleWebKit/537.36 (KHTML, like Gecko) Version/4.0 Chrome/78.0.3904.108 Mobile Safari/537.36 [FB_IAB/FB4A;FBAV/248.1.0.44.116;]" "wpfront-notification-bar-landingpage=1"
103.73.236.119 - - [28/Nov/2019:11:51:13 +0100] "GET /wp-content/plugins/elementor/assets/lib/eicons/css/elementor-icons.min.css?ver=4.3.0 HTTP/1.1" 200 11850 "https://amazingsportwear.com/" "Mozilla/5.0 (Linux; Android 8.0.0; RNE-L22 Build/HUAWEIRNE-L22; wv) AppleWebKit/537.36 (KHTML, like Gecko) Version/4.0 Chrome/78.0.3904.108 Mobile Safari/537.36 [FB_IAB/FB4A;FBAV/248.1.0.44.116;]" "wpfront-notification-bar-landingpage=1"
103.73.236.119 - - [28/Nov/2019:11:51:13 +0100] "GET /wp-content/plugins/elementor/assets/lib/font-awesome/css/font-awesome.min.css?ver=4.7.0 HTTP/1.1" 200 31365 "https://amazingsportwear.com/" "Mozilla/5.0 (Linux; Android 8.0.0; RNE-L22 Build/HUAWEIRNE-L22; wv) AppleWebKit/537.36 (KHTML, like Gecko) Version/4.0 Chrome/78.0.3904.108 Mobile Safari/537.36 [FB_IAB/FB4A;FBAV/248.1.0.44.116;]" "wpfront-notification-bar-landingpage=1"
103.73.236.119 - - [28/Nov/2019:11:51:12 +0100] "GET /wp-content/themes/shopper/style.css?ver=1.3.8 HTTP/1.1" 200 125315 "https://amazingsportwear.com/" "Mozilla/5.0 (Linux; Android 8.0.0; RNE-L22 Build/HUAWEIRNE-L22; wv) AppleWebKit/537.36 (KHTML, like Gecko) Version/4.0 Chrome/78.0.3904.108 Mobile Safari/537.36 [FB_IAB/FB4A;FBAV/248.1.0.44.116;]" "wpfront-notification-bar-landingpage=1"
103.73.236.119 - - [28/Nov/2019:11:51:13 +0100] "GET /wp-content/plugins/elementor/assets/lib/animations/animations.min.css?ver=2.5.16 HTTP/1.1" 200 18833 "https://amazingsportwear.com/" "Mozilla/5.0 (Linux; Android 8.0.0; RNE-L22 Build/HUAWEIRNE-L22; wv) AppleWebKit/537.36 (KHTML, like Gecko) Version/4.0 Chrome/78.0.3904.108 Mobile Safari/537.36 [FB_IAB/FB4A;FBAV/248.1.0.44.116;]" "wpfront-notification-bar-landingpage=1"
103.73.236.119 - - [28/Nov/2019:11:51:13 +0100] "GET /wp-content/uploads/elementor/css/global.css?ver=1559638744 HTTP/1.1" 200 5136 "https://amazingsportwear.com/" "Mozilla/5.0 (Linux; Android 8.0.0; RNE-L22 Build/HUAWEIRNE-L22; wv) AppleWebKit/537.36 (KHTML, like Gecko) Version/4.0 Chrome/78.0.3904.108 Mobile Safari/537.36 [FB_IAB/FB4A;FBAV/248.1.0.44.116;]" "wpfront-notification-bar-landingpage=1"
103.73.236.119 - - [28/Nov/2019:11:51:13 +0100] "GET /wp-content/uploads/elementor/css/post-16241.css?ver=1562311573 HTTP/1.1" 200 4934 "https://amazingsportwear.com/" "Mozilla/5.0 (Linux; Android 8.0.0; RNE-L22 Build/HUAWEIRNE-L22; wv) AppleWebKit/537.36 (KHTML, like Gecko) Version/4.0 Chrome/78.0.3904.108 Mobile Safari/537.36 [FB_IAB/FB4A;FBAV/248.1.0.44.116;]" "wpfront-notification-bar-landingpage=1"
103.73.236.119 - - [28/Nov/2019:11:51:13 +0100] "GET /wp-content/plugins/elementor/assets/css/frontend.min.css?ver=2.5.16 HTTP/1.1" 200 95366 "https://amazingsportwear.com/" "Mozilla/5.0 (Linux; Android 8.0.0; RNE-L22 Build/HUAWEIRNE-L22; wv) AppleWebKit/537.36 (KHTML, like Gecko) Version/4.0 Chrome/78.0.3904.108 Mobile Safari/537.36 [FB_IAB/FB4A;FBAV/248.1.0.44.116;]" "wpfront-notification-bar-landingpage=1"
103.73.236.119 - - [28/Nov/2019:11:51:13 +0100] "GET /wp-content/plugins/smart-slider-3/library/media/smartslider.min.css?1559118093 HTTP/1.1" 200 19959 "https://amazingsportwear.com/" "Mozilla/5.0 (Linux; Android 8.0.0; RNE-L22 Build/HUAWEIRNE-L22; wv) AppleWebKit/537.36 (KHTML, like Gecko) Version/4.0 Chrome/78.0.3904.108 Mobile Safari/537.36 [FB_IAB/FB4A;FBAV/248.1.0.44.116;]" "wpfront-notification-bar-landingpage=1"
103.73.236.119 - - [28/Nov/2019:11:51:13 +0100] "GET /wp-includes/js/jquery/jquery.js?ver=1.12.4-wp HTTP/1.1" 200 97362 "https://amazingsportwear.com/" "Mozilla/5.0 (Linux; Android 8.0.0; RNE-L22 Build/HUAWEIRNE-L22; wv) AppleWebKit/537.36 (KHTML, like Gecko) Version/4.0 Chrome/78.0.3904.108 Mobile Safari/537.36 [FB_IAB/FB4A;FBAV/248.1.0.44.116;]" "wpfront-notification-bar-landingpage=1"
103.73.236.119 - - [28/Nov/2019:11:51:13 +0100] "GET /wp-content/plugins/smart-slider-3/nextend/media/dist/n2.min.js?1559118093 HTTP/1.1" 200 3836 "https://amazingsportwear.com/" "Mozilla/5.0 (Linux; Android 8.0.0; RNE-L22 Build/HUAWEIRNE-L22; wv) AppleWebKit/537.36 (KHTML, like Gecko) Version/4.0 Chrome/78.0.3904.108 Mobile Safari/537.36 [FB_IAB/FB4A;FBAV/248.1.0.44.116;]" "wpfront-notification-bar-landingpage=1"
103.73.236.119 - - [28/Nov/2019:11:51:13 +0100] "GET /wp-includes/js/jquery/jquery-migrate.min.js?ver=1.4.1 HTTP/1.1" 200 10399 "https://amazingsportwear.com/" "Mozilla/5.0 (Linux; Android 8.0.0; RNE-L22 Build/HUAWEIRNE-L22; wv) AppleWebKit/537.36 (KHTML, like Gecko) Version/4.0 Chrome/78.0.3904.108 Mobile Safari/537.36 [FB_IAB/FB4A;FBAV/248.1.0.44.116;]" "wpfront-notification-bar-landingpage=1"
103.73.236.119 - - [28/Nov/2019:11:51:13 +0100] "GET /wp-content/themes/shopper/assets/sass/woocommerce/woocommerce.css?ver=5.2.4 HTTP/1.1" 200 83534 "https://amazingsportwear.com/" "Mozilla/5.0 (Linux; Android 8.0.0; RNE-L22 Build/HUAWEIRNE-L22; wv) AppleWebKit/537.36 (KHTML, like Gecko) Version/4.0 Chrome/78.0.3904.108 Mobile Safari/537.36 [FB_IAB/FB4A;FBAV/248.1.0.44.116;]" "wpfront-notification-bar-landingpage=1"
103.73.236.119 - - [28/Nov/2019:11:51:13 +0100] "GET /wp-content/plugins/cookie-law-info/public/js/cookie-law-info-public.js?ver=1.7.6 HTTP/1.1" 200 17076 "https://amazingsportwear.com/" "Mozilla/5.0 (Linux; Android 8.0.0; RNE-L22 Build/HUAWEIRNE-L22; wv) AppleWebKit/537.36 (KHTML, like Gecko) Version/4.0 Chrome/78.0.3904.108 Mobile Safari/537.36 [FB_IAB/FB4A;FBAV/248.1.0.44.116;]" "wpfront-notification-bar-landingpage=1"
103.73.236.119 - - [28/Nov/2019:11:51:14 +0100] "GET /wp-content/plugins/wpfront-notification-bar/js/wpfront-notification-bar.js?ver=1.7.1 HTTP/1.1" 200 5662 "https://amazingsportwear.com/" "Mozilla/5.0 (Linux; Android 8.0.0; RNE-L22 Build/HUAWEIRNE-L22; wv) AppleWebKit/537.36 (KHTML, like Gecko) Version/4.0 Chrome/78.0.3904.108 Mobile Safari/537.36 [FB_IAB/FB4A;FBAV/248.1.0.44.116;]" "wpfront-notification-bar-landingpage=1"
103.73.236.119 - - [28/Nov/2019:11:51:14 +0100] "GET /wp-content/plugins/wpfront-notification-bar/jquery-plugins/jquery.c.js?ver=1.4.0 HTTP/1.1" 200 3437 "https://amazingsportwear.com/" "Mozilla/5.0 (Linux; Android 8.0.0; RNE-L22 Build/HUAWEIRNE-L22; wv) AppleWebKit/537.36 (KHTML, like Gecko) Version/4.0 Chrome/78.0.3904.108 Mobile Safari/537.36 [FB_IAB/FB4A;FBAV/248.1.0.44.116;]" "wpfront-notification-bar-landingpage=1"
103.73.236.119 - - [28/Nov/2019:11:51:14 +0100] "GET /wp-content/plugins/simple-social-icons/svgxuse.js?ver=1.1.21 HTTP/1.1" 200 9580 "https://amazingsportwear.com/" "Mozilla/5.0 (Linux; Android 8.0.0; RNE-L22 Build/HUAWEIRNE-L22; wv) AppleWebKit/537.36 (KHTML, like Gecko) Version/4.0 Chrome/78.0.3904.108 Mobile Safari/537.36 [FB_IAB/FB4A;FBAV/248.1.0.44.116;]" "wpfront-notification-bar-landingpage=1"
103.73.236.119 - - [28/Nov/2019:11:51:14 +0100] "GET /wp-content/plugins/smart-slider-3/nextend/media/dist/nextend-frontend.min.js?1559118093 HTTP/1.1" 200 86339 "https://amazingsportwear.com/" "Mozilla/5.0 (Linux; Android 8.0.0; RNE-L22 Build/HUAWEIRNE-L22; wv) AppleWebKit/537.36 (KHTML, like Gecko) Version/4.0 Chrome/78.0.3904.108 Mobile Safari/537.36 [FB_IAB/FB4A;FBAV/248.1.0.44.116;]" "wpfront-notification-bar-landingpage=1"
103.73.236.119 - - [28/Nov/2019:11:51:14 +0100] "GET /wp-content/plugins/smart-slider-3/library/media/plugins/type/simple/simple/dist/smartslider-simple-type-frontend.min.js?1559118093 HTTP/1.1" 200 18973 "https://amazingsportwear.com/" "Mozilla/5.0 (Linux; Android 8.0.0; RNE-L22 Build/HUAWEIRNE-L22; wv) AppleWebKit/537.36 (KHTML, like Gecko) Version/4.0 Chrome/78.0.3904.108 Mobile Safari/537.36 [FB_IAB/FB4A;FBAV/248.1.0.44.116;]" "wpfront-notification-bar-landingpage=1"
103.73.236.119 - - [28/Nov/2019:11:51:14 +0100] "GET /wp-content/plugins/smart-slider-3/library/media/dist/smartslider-frontend.min.js?1559118093 HTTP/1.1" 200 127293 "https://amazingsportwear.com/" "Mozilla/5.0 (Linux; Android 8.0.0; RNE-L22 Build/HUAWEIRNE-L22; wv) AppleWebKit/537.36 (KHTML, like Gecko) Version/4.0 Chrome/78.0.3904.108 Mobile Safari/537.36 [FB_IAB/FB4A;FBAV/248.1.0.44.116;]" "wpfront-notification-bar-landingpage=1"
103.73.236.119 - - [28/Nov/2019:11:51:14 +0100] "GET /wp-includes/js/wp-emoji-release.min.js?ver=5.2.4 HTTP/1.1" 200 14183 "https://amazingsportwear.com/" "Mozilla/5.0 (Linux; Android 8.0.0; RNE-L22 Build/HUAWEIRNE-L22; wv) AppleWebKit/537.36 (KHTML, like Gecko) Version/4.0 Chrome/78.0.3904.108 Mobile Safari/537.36 [FB_IAB/FB4A;FBAV/248.1.0.44.116;]" "wpfront-notification-bar-landingpage=1"
103.73.236.119 - - [28/Nov/2019:11:51:14 +0100] "GET /wp-content/uploads/2019/05/cropped-asw-white.png HTTP/1.1" 200 7500 "https://amazingsportwear.com/" "Mozilla/5.0 (Linux; Android 8.0.0; RNE-L22 Build/HUAWEIRNE-L22; wv) AppleWebKit/537.36 (KHTML, like Gecko) Version/4.0 Chrome/78.0.3904.108 Mobile Safari/537.36 [FB_IAB/FB4A;FBAV/248.1.0.44.116;]" "wpfront-notification-bar-landingpage=1"
103.73.236.119 - - [28/Nov/2019:11:51:15 +0100] "GET /wp-content/themes/shopper/assets/js/crm.js?ver=1561548510 HTTP/1.1" 200 874 "https://amazingsportwear.com/" "Mozilla/5.0 (Linux; Android 8.0.0; RNE-L22 Build/HUAWEIRNE-L22; wv) AppleWebKit/537.36 (KHTML, like Gecko) Version/4.0 Chrome/78.0.3904.108 Mobile Safari/537.36 [FB_IAB/FB4A;FBAV/248.1.0.44.116;]" "wpfront-notification-bar-landingpage=1"
103.73.236.119 - - [28/Nov/2019:11:51:15 +0100] "GET /wp-content/plugins/woocommerce/assets/js/jquery-blockui/jquery.blockUI.min.js?ver=2.70 HTTP/1.1" 200 9908 "https://amazingsportwear.com/" "Mozilla/5.0 (Linux; Android 8.0.0; RNE-L22 Build/HUAWEIRNE-L22; wv) AppleWebKit/537.36 (KHTML, like Gecko) Version/4.0 Chrome/78.0.3904.108 Mobile Safari/537.36 [FB_IAB/FB4A;FBAV/248.1.0.44.116;]" "wpfront-notification-bar-landingpage=1"
103.73.236.119 - - [28/Nov/2019:11:51:15 +0100] "GET /wp-content/plugins/woocommerce/assets/js/js-cookie/js.cookie.min.js?ver=2.1.4 HTTP/1.1" 200 2187 "https://amazingsportwear.com/" "Mozilla/5.0 (Linux; Android 8.0.0; RNE-L22 Build/HUAWEIRNE-L22; wv) AppleWebKit/537.36 (KHTML, like Gecko) Version/4.0 Chrome/78.0.3904.108 Mobile Safari/537.36 [FB_IAB/FB4A;FBAV/248.1.0.44.116;]" "wpfront-notification-bar-landingpage=1"
103.73.236.119 - - [28/Nov/2019:11:51:15 +0100] "GET /wp-content/plugins/woocommerce/assets/js/frontend/add-to-cart.min.js?ver=3.6.4 HTTP/1.1" 200 2983 "https://amazingsportwear.com/" "Mozilla/5.0 (Linux; Android 8.0.0; RNE-L22 Build/HUAWEIRNE-L22; wv) AppleWebKit/537.36 (KHTML, like Gecko) Version/4.0 Chrome/78.0.3904.108 Mobile Safari/537.36 [FB_IAB/FB4A;FBAV/248.1.0.44.116;]" "wpfront-notification-bar-landingpage=1"
103.73.236.119 - - [28/Nov/2019:11:51:15 +0100] "GET /wp-content/plugins/woocommerce/assets/js/frontend/woocommerce.min.js?ver=3.6.4 HTTP/1.1" 200 1813 "https://amazingsportwear.com/" "Mozilla/5.0 (Linux; Android 8.0.0; RNE-L22 Build/HUAWEIRNE-L22; wv) AppleWebKit/537.36 (KHTML, like Gecko) Version/4.0 Chrome/78.0.3904.108 Mobile Safari/537.36 [FB_IAB/FB4A;FBAV/248.1.0.44.116;]" "wpfront-notification-bar-landingpage=1"
103.73.236.119 - - [28/Nov/2019:11:51:15 +0100] "GET /wp-content/plugins/woocommerce/assets/js/frontend/cart-fragments.min.js?ver=3.6.4 HTTP/1.1" 200 3281 "https://amazingsportwear.com/" "Mozilla/5.0 (Linux; Android 8.0.0; RNE-L22 Build/HUAWEIRNE-L22; wv) AppleWebKit/537.36 (KHTML, like Gecko) Version/4.0 Chrome/78.0.3904.108 Mobile Safari/537.36 [FB_IAB/FB4A;FBAV/248.1.0.44.116;]" "wpfront-notification-bar-landingpage=1"
103.73.236.119 - - [28/Nov/2019:11:51:15 +0100] "GET /wp-content/plugins/elementor/assets/js/frontend-modules.min.js?ver=2.5.16 HTTP/1.1" 200 11486 "https://amazingsportwear.com/" "Mozilla/5.0 (Linux; Android 8.0.0; RNE-L22 Build/HUAWEIRNE-L22; wv) AppleWebKit/537.36 (KHTML, like Gecko) Version/4.0 Chrome/78.0.3904.108 Mobile Safari/537.36 [FB_IAB/FB4A;FBAV/248.1.0.44.116;]" "wpfront-notification-bar-landingpage=1"
103.73.236.119 - - [28/Nov/2019:11:51:15 +0100] "GET /wp-content/plugins/elementor/assets/lib/font-awesome/fonts/fontawesome-webfont.woff2?v=4.7.0 HTTP/1.1" 200 77615 "https://amazingsportwear.com/wp-content/plugins/elementor/assets/lib/font-awesome/css/font-awesome.min.css?ver=4.7.0" "Mozilla/5.0 (Linux; Android 8.0.0; RNE-L22 Build/HUAWEIRNE-L22; wv) AppleWebKit/537.36 (KHTML, like Gecko) Version/4.0 Chrome/78.0.3904.108 Mobile Safari/537.36 [FB_IAB/FB4A;FBAV/248.1.0.44.116;]" "wpfront-notification-bar-landingpage=1"
103.73.236.119 - - [28/Nov/2019:11:51:15 +0100] "GET /wp-content/themes/shopper/assets/js/skip-link-focus-fix.js?ver=1.3.8 HTTP/1.1" 200 1023 "https://amazingsportwear.com/" "Mozilla/5.0 (Linux; Android 8.0.0; RNE-L22 Build/HUAWEIRNE-L22; wv) AppleWebKit/537.36 (KHTML, like Gecko) Version/4.0 Chrome/78.0.3904.108 Mobile Safari/537.36 [FB_IAB/FB4A;FBAV/248.1.0.44.116;]" "wpfront-notification-bar-landingpage=1"
103.73.236.119 - - [28/Nov/2019:11:51:15 +0100] "GET /wp-content/themes/shopper/assets/js/shopper.min.js?ver=1.3.8 HTTP/1.1" 200 5994 "https://amazingsportwear.com/" "Mozilla/5.0 (Linux; Android 8.0.0; RNE-L22 Build/HUAWEIRNE-L22; wv) AppleWebKit/537.36 (KHTML, like Gecko) Version/4.0 Chrome/78.0.3904.108 Mobile Safari/537.36 [FB_IAB/FB4A;FBAV/248.1.0.44.116;]" "wpfront-notification-bar-landingpage=1"
103.73.236.119 - - [28/Nov/2019:11:51:15 +0100] "GET /wp-content/plugins/elementor/assets/lib/waypoints/waypoints.min.js?ver=4.0.2 HTTP/1.1" 200 12541 "https://amazingsportwear.com/" "Mozilla/5.0 (Linux; Android 8.0.0; RNE-L22 Build/HUAWEIRNE-L22; wv) AppleWebKit/537.36 (KHTML, like Gecko) Version/4.0 Chrome/78.0.3904.108 Mobile Safari/537.36 [FB_IAB/FB4A;FBAV/248.1.0.44.116;]" "wpfront-notification-bar-landingpage=1"
103.73.236.119 - - [28/Nov/2019:11:51:15 +0100] "GET /wp-includes/js/wp-embed.min.js?ver=5.2.4 HTTP/1.1" 200 1744 "https://amazingsportwear.com/" "Mozilla/5.0 (Linux; Android 8.0.0; RNE-L22 Build/HUAWEIRNE-L22; wv) AppleWebKit/537.36 (KHTML, like Gecko) Version/4.0 Chrome/78.0.3904.108 Mobile Safari/537.36 [FB_IAB/FB4A;FBAV/248.1.0.44.116;]" "wpfront-notification-bar-landingpage=1"
103.73.236.119 - - [28/Nov/2019:11:51:15 +0100] "GET /wp-content/plugins/elementor/assets/lib/slick/slick.min.js?ver=1.8.1 HTTP/1.1" 200 43264 "https://amazingsportwear.com/" "Mozilla/5.0 (Linux; Android 8.0.0; RNE-L22 Build/HUAWEIRNE-L22; wv) AppleWebKit/537.36 (KHTML, like Gecko) Version/4.0 Chrome/78.0.3904.108 Mobile Safari/537.36 [FB_IAB/FB4A;FBAV/248.1.0.44.116;]" "wpfront-notification-bar-landingpage=1"
103.73.236.119 - - [28/Nov/2019:11:51:15 +0100] "GET /wp-content/themes/shopper/assets/js/woocommerce/header-cart.min.js?ver=1.3.8 HTTP/1.1" 200 972 "https://amazingsportwear.com/" "Mozilla/5.0 (Linux; Android 8.0.0; RNE-L22 Build/HUAWEIRNE-L22; wv) AppleWebKit/537.36 (KHTML, like Gecko) Version/4.0 Chrome/78.0.3904.108 Mobile Safari/537.36 [FB_IAB/FB4A;FBAV/248.1.0.44.116;]" "wpfront-notification-bar-landingpage=1"
103.73.236.119 - - [28/Nov/2019:11:51:15 +0100] "GET /wp-content/plugins/si-contact-form/includes/fscf-scripts.js?ver=179 HTTP/1.1" 200 1033 "https://amazingsportwear.com/" "Mozilla/5.0 (Linux; Android 8.0.0; RNE-L22 Build/HUAWEIRNE-L22; wv) AppleWebKit/537.36 (KHTML, like Gecko) Version/4.0 Chrome/78.0.3904.108 Mobile Safari/537.36 [FB_IAB/FB4A;FBAV/248.1.0.44.116;]" "wpfront-notification-bar-landingpage=1; _ga=GA1.2.1531817570.1574938261; _gid=GA1.2.1904345637.1574938261; _gat_gtag_UA_91619287_1=1"
103.73.236.119 - - [28/Nov/2019:11:51:16 +0100] "GET /wp-content/themes/shopper/assets/fonts/fontawesome-webfont.woff2?v=4.7.0 HTTP/1.1" 200 77615 "https://amazingsportwear.com/wp-content/themes/shopper/style.css?ver=1.3.8" "Mozilla/5.0 (Linux; Android 8.0.0; RNE-L22 Build/HUAWEIRNE-L22; wv) AppleWebKit/537.36 (KHTML, like Gecko) Version/4.0 Chrome/78.0.3904.108 Mobile Safari/537.36 [FB_IAB/FB4A;FBAV/248.1.0.44.116;]" "wpfront-notification-bar-landingpage=1; _ga=GA1.2.1531817570.1574938261; _gid=GA1.2.1904345637.1574938261; _gat_gtag_UA_91619287_1=1"
103.73.236.119 - - [28/Nov/2019:11:51:16 +0100] "GET /wp-includes/js/jquery/ui/position.min.js?ver=1.11.4 HTTP/1.1" 200 6869 "https://amazingsportwear.com/" "Mozilla/5.0 (Linux; Android 8.0.0; RNE-L22 Build/HUAWEIRNE-L22; wv) AppleWebKit/537.36 (KHTML, like Gecko) Version/4.0 Chrome/78.0.3904.108 Mobile Safari/537.36 [FB_IAB/FB4A;FBAV/248.1.0.44.116;]" "wpfront-notification-bar-landingpage=1; _ga=GA1.2.1531817570.1574938261; _gid=GA1.2.1904345637.1574938261; _gat_gtag_UA_91619287_1=1"
103.73.236.119 - - [28/Nov/2019:11:51:16 +0100] "GET /wp-content/plugins/elementor/assets/lib/dialog/dialog.min.js?ver=4.7.1 HTTP/1.1" 200 10911 "https://amazingsportwear.com/" "Mozilla/5.0 (Linux; Android 8.0.0; RNE-L22 Build/HUAWEIRNE-L22; wv) AppleWebKit/537.36 (KHTML, like Gecko) Version/4.0 Chrome/78.0.3904.108 Mobile Safari/537.36 [FB_IAB/FB4A;FBAV/248.1.0.44.116;]" "wpfront-notification-bar-landingpage=1; _ga=GA1.2.1531817570.1574938261; _gid=GA1.2.1904345637.1574938261; _gat_gtag_UA_91619287_1=1"
103.73.236.119 - - [28/Nov/2019:11:51:16 +0100] "GET /wp-includes/js/jquery/ui/core.min.js?ver=1.11.4 HTTP/1.1" 200 4341 "https://amazingsportwear.com/" "Mozilla/5.0 (Linux; Android 8.0.0; RNE-L22 Build/HUAWEIRNE-L22; wv) AppleWebKit/537.36 (KHTML, like Gecko) Version/4.0 Chrome/78.0.3904.108 Mobile Safari/537.36 [FB_IAB/FB4A;FBAV/248.1.0.44.116;]" "wpfront-notification-bar-landingpage=1; _ga=GA1.2.1531817570.1574938261; _gid=GA1.2.1904345637.1574938261; _gat_gtag_UA_91619287_1=1"
103.73.236.119 - - [28/Nov/2019:11:51:16 +0100] "GET /wp-content/plugins/elementor/assets/js/frontend.min.js?ver=2.5.16 HTTP/1.1" 200 41341 "https://amazingsportwear.com/" "Mozilla/5.0 (Linux; Android 8.0.0; RNE-L22 Build/HUAWEIRNE-L22; wv) AppleWebKit/537.36 (KHTML, like Gecko) Version/4.0 Chrome/78.0.3904.108 Mobile Safari/537.36 [FB_IAB/FB4A;FBAV/248.1.0.44.116;]" "wpfront-notification-bar-landingpage=1; _ga=GA1.2.1531817570.1574938261; _gid=GA1.2.1904345637.1574938261; _gat_gtag_UA_91619287_1=1"
103.73.236.119 - - [28/Nov/2019:11:51:16 +0100] "GET /wp-content/plugins/elementor/assets/lib/swiper/swiper.min.js?ver=4.4.6 HTTP/1.1" 200 126126 "https://amazingsportwear.com/" "Mozilla/5.0 (Linux; Android 8.0.0; RNE-L22 Build/HUAWEIRNE-L22; wv) AppleWebKit/537.36 (KHTML, like Gecko) Version/4.0 Chrome/78.0.3904.108 Mobile Safari/537.36 [FB_IAB/FB4A;FBAV/248.1.0.44.116;]" "wpfront-notification-bar-landingpage=1; _ga=GA1.2.1531817570.1574938261; _gid=GA1.2.1904345637.1574938261; _gat_gtag_UA_91619287_1=1"
103.73.236.119 - - [28/Nov/2019:11:51:16 +0100] "GET /wp-content/uploads/2019/07/buff-bandana-300x123.jpg HTTP/1.1" 200 15859 "https://amazingsportwear.com/" "Mozilla/5.0 (Linux; Android 8.0.0; RNE-L22 Build/HUAWEIRNE-L22; wv) AppleWebKit/537.36 (KHTML, like Gecko) Version/4.0 Chrome/78.0.3904.108 Mobile Safari/537.36 [FB_IAB/FB4A;FBAV/248.1.0.44.116;]" "wpfront-notification-bar-landingpage=1; _ga=GA1.2.1531817570.1574938261; _gid=GA1.2.1904345637.1574938261; _gat_gtag_UA_91619287_1=1"
103.73.236.119 - - [28/Nov/2019:11:51:16 +0100] "GET /wp-content/uploads/2019/07/camiseta-tecnica-mujer-300x124.jpg HTTP/1.1" 200 17320 "https://amazingsportwear.com/" "Mozilla/5.0 (Linux; Android 8.0.0; RNE-L22 Build/HUAWEIRNE-L22; wv) AppleWebKit/537.36 (KHTML, like Gecko) Version/4.0 Chrome/78.0.3904.108 Mobile Safari/537.36 [FB_IAB/FB4A;FBAV/248.1.0.44.116;]" "wpfront-notification-bar-landingpage=1; _ga=GA1.2.1531817570.1574938261; _gid=GA1.2.1904345637.1574938261; _gat_gtag_UA_91619287_1=1"
103.73.236.119 - - [28/Nov/2019:11:51:16 +0100] "GET /wp-content/uploads/2019/07/camiseta-tecnica-unisex-300x124.jpg HTTP/1.1" 200 17090 "https://amazingsportwear.com/" "Mozilla/5.0 (Linux; Android 8.0.0; RNE-L22 Build/HUAWEIRNE-L22; wv) AppleWebKit/537.36 (KHTML, like Gecko) Version/4.0 Chrome/78.0.3904.108 Mobile Safari/537.36 [FB_IAB/FB4A;FBAV/248.1.0.44.116;]" "wpfront-notification-bar-landingpage=1; _ga=GA1.2.1531817570.1574938261; _gid=GA1.2.1904345637.1574938261; _gat_gtag_UA_91619287_1=1"
103.73.236.119 - - [28/Nov/2019:11:51:16 +0100] "GET /wp-content/uploads/2019/07/cortavientos-300x124.jpg HTTP/1.1" 200 17094 "https://amazingsportwear.com/" "Mozilla/5.0 (Linux; Android 8.0.0; RNE-L22 Build/HUAWEIRNE-L22; wv) AppleWebKit/537.36 (KHTML, like Gecko) Version/4.0 Chrome/78.0.3904.108 Mobile Safari/537.36 [FB_IAB/FB4A;FBAV/248.1.0.44.116;]" "wpfront-notification-bar-landingpage=1; _ga=GA1.2.1531817570.1574938261; _gid=GA1.2.1904345637.1574938261; _gat_gtag_UA_91619287_1=1"
103.73.236.119 - - [28/Nov/2019:11:51:16 +0100] "GET /wp-content/uploads/2019/07/gorra-tecnica-300x124.jpg HTTP/1.1" 200 16844 "https://amazingsportwear.com/" "Mozilla/5.0 (Linux; Android 8.0.0; RNE-L22 Build/HUAWEIRNE-L22; wv) AppleWebKit/537.36 (KHTML, like Gecko) Version/4.0 Chrome/78.0.3904.108 Mobile Safari/537.36 [FB_IAB/FB4A;FBAV/248.1.0.44.116;]" "wpfront-notification-bar-landingpage=1; _ga=GA1.2.1531817570.1574938261; _gid=GA1.2.1904345637.1574938261; _gat_gtag_UA_91619287_1=1"
103.73.236.119 - - [28/Nov/2019:11:51:16 +0100] "GET /wp-content/uploads/2019/07/mochila-saco-300x124.jpg HTTP/1.1" 200 16972 "https://amazingsportwear.com/" "Mozilla/5.0 (Linux; Android 8.0.0; RNE-L22 Build/HUAWEIRNE-L22; wv) AppleWebKit/537.36 (KHTML, like Gecko) Version/4.0 Chrome/78.0.3904.108 Mobile Safari/537.36 [FB_IAB/FB4A;FBAV/248.1.0.44.116;]" "wpfront-notification-bar-landingpage=1; _ga=GA1.2.1531817570.1574938261; _gid=GA1.2.1904345637.1574938261; _gat_gtag_UA_91619287_1=1"
103.73.236.119 - - [28/Nov/2019:11:51:16 +0100] "GET /wp-content/uploads/2019/07/polo-tecnico-300x124.jpg HTTP/1.1" 200 17539 "https://amazingsportwear.com/" "Mozilla/5.0 (Linux; Android 8.0.0; RNE-L22 Build/HUAWEIRNE-L22; wv) AppleWebKit/537.36 (KHTML, like Gecko) Version/4.0 Chrome/78.0.3904.108 Mobile Safari/537.36 [FB_IAB/FB4A;FBAV/248.1.0.44.116;]" "wpfront-notification-bar-landingpage=1; _ga=GA1.2.1531817570.1574938261; _gid=GA1.2.1904345637.1574938261; _gat_gtag_UA_91619287_1=1"
103.73.236.119 - - [28/Nov/2019:11:51:16 +0100] "GET /wp-content/uploads/2019/07/zapatillero-300x124.jpg HTTP/1.1" 200 16599 "https://amazingsportwear.com/" "Mozilla/5.0 (Linux; Android 8.0.0; RNE-L22 Build/HUAWEIRNE-L22; wv) AppleWebKit/537.36 (KHTML, like Gecko) Version/4.0 Chrome/78.0.3904.108 Mobile Safari/537.36 [FB_IAB/FB4A;FBAV/248.1.0.44.116;]" "wpfront-notification-bar-landingpage=1; _ga=GA1.2.1531817570.1574938261; _gid=GA1.2.1904345637.1574938261; _gat_gtag_UA_91619287_1=1"
103.73.236.119 - - [28/Nov/2019:11:51:16 +0100] "GET /wp-content/uploads/2019/07/toalla-300x124.jpg HTTP/1.1" 200 16957 "https://amazingsportwear.com/" "Mozilla/5.0 (Linux; Android 8.0.0; RNE-L22 Build/HUAWEIRNE-L22; wv) AppleWebKit/537.36 (KHTML, like Gecko) Version/4.0 Chrome/78.0.3904.108 Mobile Safari/537.36 [FB_IAB/FB4A;FBAV/248.1.0.44.116;]" "wpfront-notification-bar-landingpage=1; _ga=GA1.2.1531817570.1574938261; _gid=GA1.2.1904345637.1574938261; _gat_gtag_UA_91619287_1=1"
103.73.236.119 - - [28/Nov/2019:11:51:17 +0100] "GET /wp-content/uploads/2019/07/slider3.jpg HTTP/1.1" 200 276981 "https://amazingsportwear.com/" "Mozilla/5.0 (Linux; Android 8.0.0; RNE-L22 Build/HUAWEIRNE-L22; wv) AppleWebKit/537.36 (KHTML, like Gecko) Version/4.0 Chrome/78.0.3904.108 Mobile Safari/537.36 [FB_IAB/FB4A;FBAV/248.1.0.44.116;]" "wpfront-notification-bar-landingpage=1; _ga=GA1.2.1531817570.1574938261; _gid=GA1.2.1904345637.1574938261; _gat_gtag_UA_91619287_1=1"
103.73.236.119 - - [28/Nov/2019:11:51:17 +0100] "GET /wp-content/uploads/2019/07/carpa-1024x771.jpg HTTP/1.1" 200 89325 "https://amazingsportwear.com/" "Mozilla/5.0 (Linux; Android 8.0.0; RNE-L22 Build/HUAWEIRNE-L22; wv) AppleWebKit/537.36 (KHTML, like Gecko) Version/4.0 Chrome/78.0.3904.108 Mobile Safari/537.36 [FB_IAB/FB4A;FBAV/248.1.0.44.116;]" "wpfront-notification-bar-landingpage=1; _ga=GA1.2.1531817570.1574938261; _gid=GA1.2.1904345637.1574938261; _gat_gtag_UA_91619287_1=1"
103.73.236.119 - - [28/Nov/2019:11:51:16 +0100] "GET /wp-content/uploads/2019/07/slider1.jpg HTTP/1.1" 200 244573 "https://amazingsportwear.com/" "Mozilla/5.0 (Linux; Android 8.0.0; RNE-L22 Build/HUAWEIRNE-L22; wv) AppleWebKit/537.36 (KHTML, like Gecko) Version/4.0 Chrome/78.0.3904.108 Mobile Safari/537.36 [FB_IAB/FB4A;FBAV/248.1.0.44.116;]" "wpfront-notification-bar-landingpage=1; _ga=GA1.2.1531817570.1574938261; _gid=GA1.2.1904345637.1574938261; _gat_gtag_UA_91619287_1=1"
103.73.236.119 - - [28/Nov/2019:11:51:16 +0100] "GET /wp-content/uploads/2019/07/slider2.jpg HTTP/1.1" 200 250219 "https://amazingsportwear.com/" "Mozilla/5.0 (Linux; Android 8.0.0; RNE-L22 Build/HUAWEIRNE-L22; wv) AppleWebKit/537.36 (KHTML, like Gecko) Version/4.0 Chrome/78.0.3904.108 Mobile Safari/537.36 [FB_IAB/FB4A;FBAV/248.1.0.44.116;]" "wpfront-notification-bar-landingpage=1; _ga=GA1.2.1531817570.1574938261; _gid=GA1.2.1904345637.1574938261; _gat_gtag_UA_91619287_1=1"
103.73.236.119 - - [28/Nov/2019:11:51:17 +0100] "GET /wp-content/uploads/2019/04/bolsa-deporte-young-1.png HTTP/1.1" 200 140410 "https://amazingsportwear.com/" "Mozilla/5.0 (Linux; Android 8.0.0; RNE-L22 Build/HUAWEIRNE-L22; wv) AppleWebKit/537.36 (KHTML, like Gecko) Version/4.0 Chrome/78.0.3904.108 Mobile Safari/537.36 [FB_IAB/FB4A;FBAV/248.1.0.44.116;]" "wpfront-notification-bar-landingpage=1; _ga=GA1.2.1531817570.1574938261; _gid=GA1.2.1904345637.1574938261; _gat_gtag_UA_91619287_1=1"
103.73.236.119 - - [28/Nov/2019:11:51:17 +0100] "GET /wp-content/uploads/2019/07/slider4.jpg HTTP/1.1" 200 369750 "https://amazingsportwear.com/" "Mozilla/5.0 (Linux; Android 8.0.0; RNE-L22 Build/HUAWEIRNE-L22; wv) AppleWebKit/537.36 (KHTML, like Gecko) Version/4.0 Chrome/78.0.3904.108 Mobile Safari/537.36 [FB_IAB/FB4A;FBAV/248.1.0.44.116;]" "wpfront-notification-bar-landingpage=1; _ga=GA1.2.1531817570.1574938261; _gid=GA1.2.1904345637.1574938261; _gat_gtag_UA_91619287_1=1"
103.73.236.119 - - [28/Nov/2019:11:51:18 +0100] "GET /wp-content/uploads/2019/04/toalla-absorvente-gymnasio-7.png HTTP/1.1" 200 148381 "https://amazingsportwear.com/" "Mozilla/5.0 (Linux; Android 8.0.0; RNE-L22 Build/HUAWEIRNE-L22; wv) AppleWebKit/537.36 (KHTML, like Gecko) Version/4.0 Chrome/78.0.3904.108 Mobile Safari/537.36 [FB_IAB/FB4A;FBAV/248.1.0.44.116;]" "wpfront-notification-bar-landingpage=1; _ga=GA1.2.1531817570.1574938261; _gid=GA1.2.1904345637.1574938261; _gat_gtag_UA_91619287_1=1"
103.73.236.119 - - [28/Nov/2019:11:51:18 +0100] "GET /wp-content/uploads/2019/04/Gorra-sport-12.png HTTP/1.1" 200 92310 "https://amazingsportwear.com/" "Mozilla/5.0 (Linux; Android 8.0.0; RNE-L22 Build/HUAWEIRNE-L22; wv) AppleWebKit/537.36 (KHTML, like Gecko) Version/4.0 Chrome/78.0.3904.108 Mobile Safari/537.36 [FB_IAB/FB4A;FBAV/248.1.0.44.116;]" "wpfront-notification-bar-landingpage=1; _ga=GA1.2.1531817570.1574938261; _gid=GA1.2.1904345637.1574938261; _gat_gtag_UA_91619287_1=1"
103.73.236.119 - - [28/Nov/2019:11:51:19 +0100] "GET /wp-content/uploads/2019/04/bidon-match-4.png HTTP/1.1" 200 130221 "https://amazingsportwear.com/" "Mozilla/5.0 (Linux; Android 8.0.0; RNE-L22 Build/HUAWEIRNE-L22; wv) AppleWebKit/537.36 (KHTML, like Gecko) Version/4.0 Chrome/78.0.3904.108 Mobile Safari/537.36 [FB_IAB/FB4A;FBAV/248.1.0.44.116;]" "wpfront-notification-bar-landingpage=1; _ga=GA1.2.1531817570.1574938261; _gid=GA1.2.1904345637.1574938261; _gat_gtag_UA_91619287_1=1"
103.73.236.119 - - [28/Nov/2019:11:51:18 +0100] "POST /?wc-ajax=get_refreshed_fragments HTTP/1.1" 200 1345 "https://amazingsportwear.com/" "Mozilla/5.0 (Linux; Android 8.0.0; RNE-L22 Build/HUAWEIRNE-L22; wv) AppleWebKit/537.36 (KHTML, like Gecko) Version/4.0 Chrome/78.0.3904.108 Mobile Safari/537.36 [FB_IAB/FB4A;FBAV/248.1.0.44.116;]" "wpfront-notification-bar-landingpage=1; _ga=GA1.2.1531817570.1574938261; _gid=GA1.2.1904345637.1574938261; _gat_gtag_UA_91619287_1=1"
103.73.236.119 - - [28/Nov/2019:11:51:19 +0100] "GET /wp-content/uploads/2019/04/mochila-decath-5.png HTTP/1.1" 200 127678 "https://amazingsportwear.com/" "Mozilla/5.0 (Linux; Android 8.0.0; RNE-L22 Build/HUAWEIRNE-L22; wv) AppleWebKit/537.36 (KHTML, like Gecko) Version/4.0 Chrome/78.0.3904.108 Mobile Safari/537.36 [FB_IAB/FB4A;FBAV/248.1.0.44.116;]" "wpfront-notification-bar-landingpage=1; _ga=GA1.2.1531817570.1574938261; _gid=GA1.2.1904345637.1574938261; _gat_gtag_UA_91619287_1=1"
103.73.236.119 - - [28/Nov/2019:11:51:20 +0100] "GET /wp-content/uploads/2019/04/Llavero-triumph-1.png HTTP/1.1" 200 29839 "https://amazingsportwear.com/" "Mozilla/5.0 (Linux; Android 8.0.0; RNE-L22 Build/HUAWEIRNE-L22; wv) AppleWebKit/537.36 (KHTML, like Gecko) Version/4.0 Chrome/78.0.3904.108 Mobile Safari/537.36 [FB_IAB/FB4A;FBAV/248.1.0.44.116;]" "wpfront-notification-bar-landingpage=1; _ga=GA1.2.1531817570.1574938261; _gid=GA1.2.1904345637.1574938261; _gat_gtag_UA_91619287_1=1"
103.73.236.119 - - [28/Nov/2019:11:51:20 +0100] "GET /wp-content/uploads/2018/05/cat-3164-amarillo-300x300.png HTTP/1.1" 200 72410 "https://amazingsportwear.com/" "Mozilla/5.0 (Linux; Android 8.0.0; RNE-L22 Build/HUAWEIRNE-L22; wv) AppleWebKit/537.36 (KHTML, like Gecko) Version/4.0 Chrome/78.0.3904.108 Mobile Safari/537.36 [FB_IAB/FB4A;FBAV/248.1.0.44.116;]" "wpfront-notification-bar-landingpage=1; _ga=GA1.2.1531817570.1574938261; _gid=GA1.2.1904345637.1574938261; _gat_gtag_UA_91619287_1=1"
103.73.236.119 - - [28/Nov/2019:11:51:20 +0100] "GET /wp-content/uploads/2018/06/sa-6502-naranja.jpg HTTP/1.1" 200 65261 "https://amazingsportwear.com/" "Mozilla/5.0 (Linux; Android 8.0.0; RNE-L22 Build/HUAWEIRNE-L22; wv) AppleWebKit/537.36 (KHTML, like Gecko) Version/4.0 Chrome/78.0.3904.108 Mobile Safari/537.36 [FB_IAB/FB4A;FBAV/248.1.0.44.116;]" "wpfront-notification-bar-landingpage=1; _ga=GA1.2.1531817570.1574938261; _gid=GA1.2.1904345637.1574938261; _gat_gtag_UA_91619287_1=1"
103.73.236.119 - - [28/Nov/2019:11:51:20 +0100] "GET /wp-content/uploads/2018/05/cp-lycra-2.jpg HTTP/1.1" 200 13775 "https://amazingsportwear.com/" "Mozilla/5.0 (Linux; Android 8.0.0; RNE-L22 Build/HUAWEIRNE-L22; wv) AppleWebKit/537.36 (KHTML, like Gecko) Version/4.0 Chrome/78.0.3904.108 Mobile Safari/537.36 [FB_IAB/FB4A;FBAV/248.1.0.44.116;]" "wpfront-notification-bar-landingpage=1; _ga=GA1.2.1531817570.1574938261; _gid=GA1.2.1904345637.1574938261; _gat_gtag_UA_91619287_1=1"
103.73.236.119 - - [28/Nov/2019:11:51:20 +0100] "GET /wp-content/uploads/2018/05/cif-g221-2.jpg HTTP/1.1" 200 55476 "https://amazingsportwear.com/" "Mozilla/5.0 (Linux; Android 8.0.0; RNE-L22 Build/HUAWEIRNE-L22; wv) AppleWebKit/537.36 (KHTML, like Gecko) Version/4.0 Chrome/78.0.3904.108 Mobile Safari/537.36 [FB_IAB/FB4A;FBAV/248.1.0.44.116;]" "wpfront-notification-bar-landingpage=1; _ga=GA1.2.1531817570.1574938261; _gid=GA1.2.1904345637.1574938261; _gat_gtag_UA_91619287_1=1"
103.73.236.119 - - [28/Nov/2019:11:51:20 +0100] "GET /wp-content/uploads/2017/03/sa-0415_60.jpg HTTP/1.1" 200 93721 "https://amazingsportwear.com/" "Mozilla/5.0 (Linux; Android 8.0.0; RNE-L22 Build/HUAWEIRNE-L22; wv) AppleWebKit/537.36 (KHTML, like Gecko) Version/4.0 Chrome/78.0.3904.108 Mobile Safari/537.36 [FB_IAB/FB4A;FBAV/248.1.0.44.116;]" "wpfront-notification-bar-landingpage=1; _ga=GA1.2.1531817570.1574938261; _gid=GA1.2.1904345637.1574938261; _gat_gtag_UA_91619287_1=1"
217.76.130.90 - - [28/Nov/2019:11:53:30 +0100] "POST /wp-cron.php?doing_wp_cron=1574938410.2190580368041992187500 HTTP/1.1" 200 3389 "https://amazingsportwear.com/wp-cron.php?doing_wp_cron=1574938410.2190580368041992187500" "WordPress/5.2.4; https://amazingsportwear.com" "-"
66.249.64.148 - - [28/Nov/2019:11:53:29 +0100] "GET /etiqueta-producto/pantalon/ HTTP/1.1" 200 55797 "-" "Mozilla/5.0 (compatible; Googlebot/2.1; +http://www.google.com/bot.html)" "-"
217.76.130.90 - - [28/Nov/2019:11:58:11 +0100] "POST /wp-cron.php?doing_wp_cron=1574938691.1734690666198730468750 HTTP/1.1" 200 3389 "https://amazingsportwear.com/wp-cron.php?doing_wp_cron=1574938691.1734690666198730468750" "WordPress/5.2.4; https://amazingsportwear.com" "-"
17.58.96.178 - - [28/Nov/2019:11:58:10 +0100] "GET /categoria-producto/hombre/camisetas/ HTTP/1.1" 200 77071 "-" "Mozilla/5.0 (Macintosh; Intel Mac OS X 10_10_1) AppleWebKit/600.2.5 (KHTML, like Gecko) Version/8.0.2 Safari/600.2.5 (Applebot/0.1; +http://www.apple.com/go/applebot)" "-"
40.77.167.55 - - [28/Nov/2019:12:07:02 +0100] "GET /wp-content/uploads/2017/03/sa-0425_226.jpg HTTP/1.1" 200 86197 "-" "Mozilla/5.0 (compatible; bingbot/2.0; +http://www.bing.com/bingbot.htm)" "-"
217.76.130.90 - - [28/Nov/2019:12:07:41 +0100] "POST /wp-cron.php?doing_wp_cron=1574939261.1282899379730224609375 HTTP/1.1" 200 3389 "https://amazingsportwear.com/wp-cron.php?doing_wp_cron=1574939261.1282899379730224609375" "WordPress/5.2.4; https://amazingsportwear.com" "-"
207.46.13.136 - - [28/Nov/2019:12:07:39 +0100] "GET /producto/bidon-sumo/ HTTP/1.1" 200 96795 "-" "Mozilla/5.0 (compatible; bingbot/2.0; +http://www.bing.com/bingbot.htm)" "-"
207.46.13.136 - - [28/Nov/2019:12:07:44 +0100] "GET /producto/producto-prueba/ HTTP/1.1" 200 76430 "-" "Mozilla/5.0 (compatible; bingbot/2.0; +http://www.bing.com/bingbot.htm)" "-"
217.76.130.90 - - [28/Nov/2019:12:10:28 +0100] "POST /wp-cron.php?doing_wp_cron=1574939428.9090321063995361328125 HTTP/1.1" 200 3389 "https://amazingsportwear.com/wp-cron.php?doing_wp_cron=1574939428.9090321063995361328125" "WordPress/5.2.4; https://amazingsportwear.com" "-"
66.249.64.144 - - [28/Nov/2019:12:10:28 +0100] "GET /producto/camiseta-manga-corta-basket/ HTTP/1.1" 200 93018 "-" "Mozilla/5.0 (Linux; Android 6.0.1; Nexus 5X Build/MMB29P) AppleWebKit/537.36 (KHTML, like Gecko) Chrome/41.0.2272.96 Mobile Safari/537.36 (compatible; Googlebot/2.1; +http://www.google.com/bot.html)" "-"
66.249.65.114 - - [28/Nov/2019:12:10:35 +0100] "POST /?wc-ajax=get_refreshed_fragments HTTP/1.1" 200 4760 "https://amazingsportwear.com/producto/camiseta-manga-corta-basket/" "Mozilla/5.0 (Linux; Android 6.0.1; Nexus 5X Build/MMB29P) AppleWebKit/537.36 (KHTML, like Gecko) Chrome/41.0.2272.96 Mobile Safari/537.36 (compatible; Googlebot/2.1; +http://www.google.com/bot.html)" "_ga=GA1.2.969013651.1574899200; _gid=GA1.2.1978218920.1574899200; _gat_gtag_UA_91619287_1=1"
217.76.130.90 - - [28/Nov/2019:12:16:12 +0100] "POST /wp-cron.php?doing_wp_cron=1574939772.1582579612731933593750 HTTP/1.1" 200 3389 "https://amazingsportwear.com/wp-cron.php?doing_wp_cron=1574939772.1582579612731933593750" "WordPress/5.2.4; https://amazingsportwear.com" "-"
66.249.64.144 - - [28/Nov/2019:12:16:10 +0100] "GET /producto/camiseta-tecnica-tirantes-shura-sa-0349/ HTTP/1.1" 200 109898 "-" "Mozilla/5.0 (Linux; Android 6.0.1; Nexus 5X Build/MMB29P) AppleWebKit/537.36 (KHTML, like Gecko) Chrome/41.0.2272.96 Mobile Safari/537.36 (compatible; Googlebot/2.1; +http://www.google.com/bot.html)" "-"
66.249.64.146 - - [28/Nov/2019:12:16:23 +0100] "GET /wp-includes/js/comment-reply.min.js?ver=5.2.4 HTTP/1.1" 200 5938 "https://amazingsportwear.com/producto/camiseta-tecnica-tirantes-shura-sa-0349/" "Mozilla/5.0 (Linux; Android 6.0.1; Nexus 5X Build/MMB29P) AppleWebKit/537.36 (KHTML, like Gecko) Chrome/41.0.2272.96 Mobile Safari/537.36 (compatible; Googlebot/2.1; +http://www.google.com/bot.html)" "-"
217.76.130.90 - - [28/Nov/2019:12:20:32 +0100] "POST /wp-cron.php?doing_wp_cron=1574940032.0348260402679443359375 HTTP/1.1" 200 3389 "https://amazingsportwear.com/wp-cron.php?doing_wp_cron=1574940032.0348260402679443359375" "WordPress/5.2.4; https://amazingsportwear.com" "-"
40.77.167.197 - - [28/Nov/2019:12:20:31 +0100] "GET /categoria-producto/accesorios/bragasybuffs/ HTTP/1.1" 200 57017 "-" "Mozilla/5.0 (compatible; bingbot/2.0; +http://www.bing.com/bingbot.htm)" "-"
40.77.189.122 - - [28/Nov/2019:12:20:33 +0100] "GET /wp-includes/js/wp-emoji-release.min.js?ver=5.2.4 HTTP/1.1" 200 17546 "-" "Mozilla/5.0 (Windows NT 6.1; WOW64) AppleWebKit/534+ (KHTML, like Gecko) BingPreview/1.0b" "-"
40.77.189.95 - - [28/Nov/2019:12:20:34 +0100] "GET /wp-includes/css/dist/block-library/style.min.css?ver=5.2.4 HTTP/1.1" 200 33023 "-" "Mozilla/5.0 (Windows NT 6.1; WOW64) AppleWebKit/534+ (KHTML, like Gecko) BingPreview/1.0b" "-"
40.77.189.122 - - [28/Nov/2019:12:20:34 +0100] "GET /wp-content/plugins/woocommerce/assets/css/blocks/style.css?ver=3.6.4 HTTP/1.1" 200 6697 "-" "Mozilla/5.0 (Windows NT 6.1; WOW64) AppleWebKit/534+ (KHTML, like Gecko) BingPreview/1.0b" "-"
40.77.189.98 - - [28/Nov/2019:12:20:35 +0100] "GET /wp-content/plugins/cookie-law-info/public/css/cookie-law-info-public.css?ver=1.7.6 HTTP/1.1" 200 6598 "-" "Mozilla/5.0 (Windows NT 6.1; WOW64) AppleWebKit/534+ (KHTML, like Gecko) BingPreview/1.0b" "-"
40.77.188.255 - - [28/Nov/2019:12:20:36 +0100] "GET /wp-content/plugins/wpfront-notification-bar/css/wpfront-notification-bar.css?ver=1.7.1 HTTP/1.1" 200 7026 "-" "Mozilla/5.0 (Windows NT 6.1; WOW64) AppleWebKit/534+ (KHTML, like Gecko) BingPreview/1.0b" "-"
40.77.189.95 - - [28/Nov/2019:12:20:36 +0100] "GET /wp-content/themes/shopper/style.css?ver=1.3.8 HTTP/1.1" 200 125315 "-" "Mozilla/5.0 (Windows NT 6.1; WOW64) AppleWebKit/534+ (KHTML, like Gecko) BingPreview/1.0b" "-"
40.77.167.197 - - [28/Nov/2019:12:20:36 +0100] "GET /robots.txt HTTP/1.1" 200 432 "-" "msnbot/2.0b (+http://search.msn.com/msnbot.htm)" "-"
40.77.189.72 - - [28/Nov/2019:12:20:37 +0100] "GET /wp-content/themes/shopper/assets/sass/woocommerce/woocommerce.css?ver=5.2.4 HTTP/1.1" 200 86897 "-" "Mozilla/5.0 (Windows NT 6.1; WOW64) AppleWebKit/534+ (KHTML, like Gecko) BingPreview/1.0b" "-"
40.77.167.197 - - [28/Nov/2019:12:20:37 +0100] "GET /robots.txt HTTP/1.1" 200 431 "-" "msnbot/2.0b (+http://search.msn.com/msnbot.htm)" "-"
40.77.190.193 - - [28/Nov/2019:12:20:38 +0100] "GET /wp-includes/js/jquery/jquery-migrate.min.js?ver=1.4.1 HTTP/1.1" 200 13762 "-" "Mozilla/5.0 (Windows NT 6.1; WOW64) AppleWebKit/534+ (KHTML, like Gecko) BingPreview/1.0b" "-"
40.77.167.197 - - [28/Nov/2019:12:20:37 +0100] "GET /robots.txt HTTP/1.1" 200 431 "-" "msnbot/2.0b (+http://search.msn.com/msnbot.htm)" "-"
40.77.189.115 - - [28/Nov/2019:12:20:38 +0100] "GET /wp-content/plugins/cookie-law-info/public/js/cookie-law-info-public.js?ver=1.7.6 HTTP/1.1" 200 20439 "-" "Mozilla/5.0 (Windows NT 6.1; WOW64) AppleWebKit/534+ (KHTML, like Gecko) BingPreview/1.0b" "-"
40.77.167.197 - - [28/Nov/2019:12:20:38 +0100] "GET /robots.txt HTTP/1.1" 200 431 "-" "msnbot/2.0b (+http://search.msn.com/msnbot.htm)" "-"
40.77.190.14 - - [28/Nov/2019:12:20:39 +0100] "GET /wp-content/plugins/wpfront-notification-bar/jquery-plugins/jquery.c.js?ver=1.4.0 HTTP/1.1" 200 6800 "-" "Mozilla/5.0 (Windows NT 6.1; WOW64) AppleWebKit/534+ (KHTML, like Gecko) BingPreview/1.0b" "-"
40.77.167.197 - - [28/Nov/2019:12:20:39 +0100] "GET /robots.txt HTTP/1.1" 200 431 "-" "msnbot/2.0b (+http://search.msn.com/msnbot.htm)" "-"
40.77.188.208 - - [28/Nov/2019:12:20:40 +0100] "GET /wp-content/plugins/wpfront-notification-bar/js/wpfront-notification-bar.js?ver=1.7.1 HTTP/1.1" 200 9025 "-" "Mozilla/5.0 (Windows NT 6.1; WOW64) AppleWebKit/534+ (KHTML, like Gecko) BingPreview/1.0b" "-"
40.77.167.197 - - [28/Nov/2019:12:20:39 +0100] "GET /robots.txt HTTP/1.1" 200 431 "-" "msnbot/2.0b (+http://search.msn.com/msnbot.htm)" "-"
40.77.167.197 - - [28/Nov/2019:12:20:40 +0100] "GET /robots.txt HTTP/1.1" 200 431 "-" "msnbot/2.0b (+http://search.msn.com/msnbot.htm)" "-"
40.77.189.176 - - [28/Nov/2019:12:20:41 +0100] "GET /wp-content/themes/shopper/assets/js/crm.js?ver=1561548510 HTTP/1.1" 200 4237 "-" "Mozilla/5.0 (Windows NT 6.1; WOW64) AppleWebKit/534+ (KHTML, like Gecko) BingPreview/1.0b" "-"
40.77.190.39 - - [28/Nov/2019:12:20:41 +0100] "GET /wp-content/plugins/woocommerce/assets/js/jquery-blockui/jquery.blockUI.min.js?ver=2.70 HTTP/1.1" 200 13271 "-" "Mozilla/5.0 (Windows NT 6.1; WOW64) AppleWebKit/534+ (KHTML, like Gecko) BingPreview/1.0b" "-"
40.77.167.197 - - [28/Nov/2019:12:20:41 +0100] "GET /robots.txt HTTP/1.1" 200 431 "-" "msnbot/2.0b (+http://search.msn.com/msnbot.htm)" "-"
40.77.189.57 - - [28/Nov/2019:12:20:42 +0100] "GET /wp-content/plugins/woocommerce/assets/js/frontend/add-to-cart.min.js?ver=3.6.4 HTTP/1.1" 200 6346 "-" "Mozilla/5.0 (Windows NT 6.1; WOW64) AppleWebKit/534+ (KHTML, like Gecko) BingPreview/1.0b" "-"
40.77.167.197 - - [28/Nov/2019:12:20:41 +0100] "GET /robots.txt HTTP/1.1" 200 431 "-" "msnbot/2.0b (+http://search.msn.com/msnbot.htm)" "-"
40.77.189.120 - - [28/Nov/2019:12:20:43 +0100] "GET /wp-content/plugins/woocommerce/assets/js/js-cookie/js.cookie.min.js?ver=2.1.4 HTTP/1.1" 200 5550 "-" "Mozilla/5.0 (Windows NT 6.1; WOW64) AppleWebKit/534+ (KHTML, like Gecko) BingPreview/1.0b" "-"
40.77.188.72 - - [28/Nov/2019:12:20:43 +0100] "GET /wp-content/plugins/woocommerce/assets/js/frontend/woocommerce.min.js?ver=3.6.4 HTTP/1.1" 200 5176 "-" "Mozilla/5.0 (Windows NT 6.1; WOW64) AppleWebKit/534+ (KHTML, like Gecko) BingPreview/1.0b" "-"
40.77.190.254 - - [28/Nov/2019:12:20:44 +0100] "GET /wp-content/plugins/woocommerce/assets/js/frontend/cart-fragments.min.js?ver=3.6.4 HTTP/1.1" 200 6644 "-" "Mozilla/5.0 (Windows NT 6.1; WOW64) AppleWebKit/534+ (KHTML, like Gecko) BingPreview/1.0b" "-"
40.77.189.95 - - [28/Nov/2019:12:20:44 +0100] "GET /wp-content/themes/shopper/assets/js/skip-link-focus-fix.js?ver=1.3.8 HTTP/1.1" 200 1023 "-" "Mozilla/5.0 (Windows NT 6.1; WOW64) AppleWebKit/534+ (KHTML, like Gecko) BingPreview/1.0b" "-"
40.77.190.14 - - [28/Nov/2019:12:20:44 +0100] "GET /wp-content/themes/shopper/assets/js/shopper.min.js?ver=1.3.8 HTTP/1.1" 200 5994 "-" "Mozilla/5.0 (Windows NT 6.1; WOW64) AppleWebKit/534+ (KHTML, like Gecko) BingPreview/1.0b" "-"
40.77.189.115 - - [28/Nov/2019:12:20:44 +0100] "GET /wp-content/themes/shopper/assets/js/woocommerce/header-cart.min.js?ver=1.3.8 HTTP/1.1" 200 972 "-" "Mozilla/5.0 (Windows NT 6.1; WOW64) AppleWebKit/534+ (KHTML, like Gecko) BingPreview/1.0b" "-"
40.77.189.57 - - [28/Nov/2019:12:20:44 +0100] "GET /?wc-ajax=get_refreshed_fragments HTTP/1.1" 200 1298 "-" "Mozilla/5.0 (Windows NT 6.1; WOW64) AppleWebKit/534+ (KHTML, like Gecko) BingPreview/1.0b" "-"
40.77.190.39 - - [28/Nov/2019:12:20:45 +0100] "GET /wp-content/themes/shopper/assets/fonts/fontawesome-webfont.ttf?v=4.7.0 HTTP/1.1" 200 166178 "-" "Mozilla/5.0 (Windows NT 6.1; WOW64) AppleWebKit/534+ (KHTML, like Gecko) BingPreview/1.0b" "-"
217.76.130.90 - - [28/Nov/2019:12:23:34 +0100] "POST /wp-cron.php?doing_wp_cron=1574940214.9279780387878417968750 HTTP/1.1" 200 164 "http://amazingsportwear.com/wp-cron.php?doing_wp_cron=1574940214.9279780387878417968750" "WordPress/5.2.4; https://amazingsportwear.com" "-"
66.249.64.157 - - [28/Nov/2019:12:23:34 +0100] "GET /img/cms/tienda/SA-6652-todos.png HTTP/1.1" 404 68047 "-" "Googlebot-Image/1.0" "-"
187.163.199.251 - - [28/Nov/2019:12:43:45 +0100] "GET /wp-content/uploads/2019/04/gorra-dowan-2.png HTTP/1.1" 200 88550 "https://www.google.com/" "Mozilla/5.0 (Windows NT 10.0; Win64; x64; rv:70.0) Gecko/20100101 Firefox/70.0" "-"
217.76.130.90 - - [28/Nov/2019:12:44:17 +0100] "POST /wp-cron.php?doing_wp_cron=1574941457.2921769618988037109375 HTTP/1.1" 200 164 "http://amazingsportwear.com/wp-cron.php?doing_wp_cron=1574941457.2921769618988037109375" "WordPress/5.2.4; https://amazingsportwear.com" "-"
23.239.180.176 - - [28/Nov/2019:12:44:13 +0100] "GET / HTTP/1.1" 301 336 "-" "Mozilla/5.0 (Windows NT 6.1; WOW64; rv:27.0) Gecko/20100101 Firefox/27.0" "-"
37.248.152.104 - - [28/Nov/2019:12:53:35 +0100] "GET /wp-content/uploads/2018/04/aq-armour-espalda.jpg HTTP/1.1" 200 126163 "https://www.google.pl/" "Mozilla/5.0 (Windows NT 6.1; Win64; x64) AppleWebKit/537.36 (KHTML, like Gecko) Chrome/69.0.3497.100 Safari/537.36" "-"
40.77.167.55 - - [28/Nov/2019:13:09:11 +0100] "GET /wp-content/uploads/2017/03/sa-0425_219.jpg HTTP/1.1" 200 73515 "-" "Mozilla/5.0 (compatible; bingbot/2.0; +http://www.bing.com/bingbot.htm)" "-"
217.76.130.90 - - [28/Nov/2019:13:14:46 +0100] "POST /wp-cron.php?doing_wp_cron=1574943286.2723929882049560546875 HTTP/1.1" 200 164 "http://amazingsportwear.com/wp-cron.php?doing_wp_cron=1574943286.2723929882049560546875" "WordPress/5.2.4; https://amazingsportwear.com" "-"
188.213.14.207 - - [28/Nov/2019:13:14:43 +0100] "GET /index.php? HTTP/1.1" 301 336 "-" "Mozilla/5.0 (Macintosh; Intel Mac OS X 10_14_5) AppleWebKit/605.1.15 (KHTML, like Gecko)" "-"
188.213.14.207 - - [28/Nov/2019:13:14:46 +0100] "GET / HTTP/1.1" 200 125658 "-" "Mozilla/5.0 (Macintosh; Intel Mac OS X 10_14_5) AppleWebKit/605.1.15 (KHTML, like Gecko)" "-"
188.213.14.207 - - [28/Nov/2019:13:14:50 +0100] "GET /wp-content/uploads/2019/05/cropped-favicon-nuevo-logo-amazinf-128px-180x180.png HTTP/1.1" 200 13234 "-" "Safari/14607.2.6.1.1 CFNetwork/978.0.7 Darwin/18.6.0 (x86_64)" "-"
212.170.119.145 - - [28/Nov/2019:13:18:07 +0100] "GET /wp-content/uploads/2019/04/Gorra-sport-10.png HTTP/1.1" 200 60426 "https://www.google.com/" "Mozilla/5.0 (Windows NT 6.1) AppleWebKit/537.36 (KHTML, like Gecko) Chrome/78.0.3904.108 Safari/537.36" "-"
217.76.130.90 - - [28/Nov/2019:13:23:18 +0100] "POST /wp-cron.php?doing_wp_cron=1574943798.2985479831695556640625 HTTP/1.1" 200 3389 "https://amazingsportwear.com/wp-cron.php?doing_wp_cron=1574943798.2985479831695556640625" "WordPress/5.2.4; https://amazingsportwear.com" "-"
66.249.64.144 - - [28/Nov/2019:13:23:15 +0100] "GET /producto/gorra-sport/ HTTP/1.1" 200 102200 "-" "Mozilla/5.0 (Linux; Android 6.0.1; Nexus 5X Build/MMB29P) AppleWebKit/537.36 (KHTML, like Gecko) Chrome/41.0.2272.96 Mobile Safari/537.36 (compatible; Googlebot/2.1; +http://www.google.com/bot.html)" "-"
66.249.64.144 - - [28/Nov/2019:13:39:37 +0100] "GET /wp-content/uploads/2019/04/SA-1087-2.png HTTP/1.1" 304 3566 "-" "Googlebot-Image/1.0" "-"
217.76.130.90 - - [28/Nov/2019:13:42:57 +0100] "POST /wp-cron.php?doing_wp_cron=1574944977.2847180366516113281250 HTTP/1.1" 200 3389 "https://amazingsportwear.com/wp-cron.php?doing_wp_cron=1574944977.2847180366516113281250" "WordPress/5.2.4; https://amazingsportwear.com" "-"
217.76.130.90 - - [28/Nov/2019:13:42:57 +0100] "POST /wp-cron.php?doing_wp_cron=1574944977.2740659713745117187500 HTTP/1.1" 200 164 "http://amazingsportwear.com/wp-cron.php?doing_wp_cron=1574944977.2740659713745117187500" "WordPress/5.2.4; https://amazingsportwear.com" "-"
157.55.39.152 - - [28/Nov/2019:13:42:54 +0100] "GET /robots.txt HTTP/1.1" 200 432 "-" "Mozilla/5.0 (compatible; bingbot/2.0; +http://www.bing.com/bingbot.htm)" "-"
40.77.167.197 - - [28/Nov/2019:13:42:55 +0100] "GET /?page_id=3 HTTP/1.1" 404 72299 "-" "Mozilla/5.0 (compatible; bingbot/2.0; +http://www.bing.com/bingbot.htm)" "-"
66.249.64.144 - - [28/Nov/2019:13:43:26 +0100] "GET /wp-includes/js/comment-reply.min.js?ver=5.2.2 HTTP/1.1" 200 5938 "https://amazingsportwear.com/producto/camiseta-basket-con-costadillos-3/" "Mozilla/5.0 AppleWebKit/537.36 (KHTML, like Gecko; compatible; Googlebot/2.1; +http://www.google.com/bot.html) Safari/537.36" "-"
66.249.64.146 - - [28/Nov/2019:13:43:27 +0100] "GET /wp-content/plugins/product-enquiry-for-woocommerce/js/wdm_jquery.validate.min.js?ver=5.2.2 HTTP/1.1" 200 25181 "https://amazingsportwear.com/producto/camiseta-basket-con-costadillos-3/" "Mozilla/5.0 AppleWebKit/537.36 (KHTML, like Gecko; compatible; Googlebot/2.1; +http://www.google.com/bot.html) Safari/537.36" "-"
