66.249.66.68 - - [25/Nov/2019:03:12:53 +0100] "GET /etiqueta-producto/cordon-gafas-de-sol/ HTTP/1.1" 200 54139 "-" "Mozilla/5.0 (compatible; Googlebot/2.1; +http://www.google.com/bot.html)" "-"
66.249.66.66 - - [25/Nov/2019:03:12:57 +0100] "POST /?wc-ajax=get_refreshed_fragments HTTP/1.1" 200 4760 "https://amazingsportwear.com/etiqueta-producto/cordon-gafas-de-sol/" "Mozilla/5.0 AppleWebKit/537.36 (KHTML, like Gecko; compatible; Googlebot/2.1; +http://www.google.com/bot.html) Safari/537.36" "_ga=GA1.2.2114912494.1574640000; _gid=GA1.2.931330593.1574640000; _gat_gtag_UA_91619287_1=1"
217.76.130.90 - - [25/Nov/2019:03:20:33 +0100] "POST /wp-cron.php?doing_wp_cron=1574648433.4656369686126708984375 HTTP/1.1" 200 3389 "https://amazingsportwear.com/wp-cron.php?doing_wp_cron=1574648433.4656369686126708984375" "WordPress/5.2.4; https://amazingsportwear.com" "-"
66.249.66.70 - - [25/Nov/2019:03:20:29 +0100] "GET /producto/camiseta-tecnica-dinamic-2/ HTTP/1.1" 200 102672 "-" "Mozilla/5.0 (Linux; Android 6.0.1; Nexus 5X Build/MMB29P) AppleWebKit/537.36 (KHTML, like Gecko) Chrome/41.0.2272.96 Mobile Safari/537.36 (compatible; Googlebot/2.1; +http://www.google.com/bot.html)" "-"
217.76.130.90 - - [25/Nov/2019:03:22:02 +0100] "POST /wp-cron.php?doing_wp_cron=1574648522.5964789390563964843750 HTTP/1.1" 200 3389 "https://amazingsportwear.com/wp-cron.php?doing_wp_cron=1574648522.5964789390563964843750" "WordPress/5.2.4; https://amazingsportwear.com" "-"
60.160.81.211 - - [25/Nov/2019:03:22:01 +0100] "GET /producto/camiseta-basket-sin-costadillos-3?add-to-cart=18689 HTTP/1.1" 301 4825 "-" "Mozilla/5.0(Linux;U;Android 5.1.1;zh-CN;OPPO A33 Build/LMY47V) AppleWebKit/537.36(KHTML,like Gecko) Version/4.0 Chrome/40.0.2214.89 UCBrowser/11.7.0.953 Mobile Safari/537.36" "-"
60.160.81.211 - - [25/Nov/2019:03:22:24 +0100] "GET /producto/camiseta-basket-sin-costadillos-3/?add-to-cart=18689 HTTP/1.1" 200 78351 "-" "Mozilla/5.0(Linux;U;Android 5.1.1;zh-CN;OPPO A33 Build/LMY47V) AppleWebKit/537.36(KHTML,like Gecko) Version/4.0 Chrome/40.0.2214.89 UCBrowser/11.7.0.953 Mobile Safari/537.36" "woocommerce_cart_hash=1138c57c52f9c78089b2bfc96eca19f8; woocommerce_items_in_cart=1; wp_woocommerce_session_fb86dbb0e6335d960ea3e94e06b25287=708cf500dd59f9a49d79d5b823770984%7C%7C1574821322%7C%7C1574817722%7C%7Cdae369cf9e44b59d205ff92ae35ec13d; wpfront-notification-bar-landingpage=1"
217.76.130.90 - - [25/Nov/2019:03:26:59 +0100] "POST /wp-cron.php?doing_wp_cron=1574648818.9940879344940185546875 HTTP/1.1" 200 3389 "https://amazingsportwear.com/wp-cron.php?doing_wp_cron=1574648818.9940879344940185546875" "WordPress/5.2.4; https://amazingsportwear.com" "-"
66.249.66.68 - - [25/Nov/2019:03:26:55 +0100] "GET /producto/chaqueta-triatlon/ HTTP/1.1" 200 90665 "-" "Mozilla/5.0 (Linux; Android 6.0.1; Nexus 5X Build/MMB29P) AppleWebKit/537.36 (KHTML, like Gecko) Chrome/41.0.2272.96 Mobile Safari/537.36 (compatible; Googlebot/2.1; +http://www.google.com/bot.html)" "-"
217.76.130.90 - - [25/Nov/2019:03:27:06 +0100] "POST /wp-cron.php?doing_wp_cron=1574648826.7709949016571044921875 HTTP/1.1" 200 3389 "https://amazingsportwear.com/wp-cron.php?doing_wp_cron=1574648826.7709949016571044921875" "WordPress/5.2.4; https://amazingsportwear.com" "-"
66.249.66.66 - - [25/Nov/2019:03:27:06 +0100] "POST /?wc-ajax=get_refreshed_fragments HTTP/1.1" 200 4760 "https://amazingsportwear.com/producto/chaqueta-triatlon/" "Mozilla/5.0 (Linux; Android 6.0.1; Nexus 5X Build/MMB29P) AppleWebKit/537.36 (KHTML, like Gecko) Chrome/41.0.2272.96 Mobile Safari/537.36 (compatible; Googlebot/2.1; +http://www.google.com/bot.html)" "_ga=GA1.2.969013651.1574640000; _gid=GA1.2.1978218920.1574640000; _gat_gtag_UA_91619287_1=1"
186.154.191.156 - - [25/Nov/2019:03:33:24 +0100] "GET /wp-content/uploads/2019/04/Gorra-sport-6.png HTTP/1.1" 200 44623 "https://www.google.com/" "Mozilla/5.0 (Windows NT 10.0; Win64; x64) AppleWebKit/537.36 (KHTML, like Gecko) Chrome/78.0.3904.108 Safari/537.36" "-"
217.76.130.90 - - [25/Nov/2019:03:43:07 +0100] "POST /wp-cron.php?doing_wp_cron=1574649787.7868180274963378906250 HTTP/1.1" 200 3389 "https://amazingsportwear.com/wp-cron.php?doing_wp_cron=1574649787.7868180274963378906250" "WordPress/5.2.4; https://amazingsportwear.com" "-"
66.249.66.68 - - [25/Nov/2019:03:43:01 +0100] "GET /sitemap.xml HTTP/1.1" 301 3880 "-" "Mozilla/5.0 (compatible; Googlebot/2.1; +http://www.google.com/bot.html)" "-"
66.249.66.66 - - [25/Nov/2019:03:43:08 +0100] "GET /sitemap_index.xml HTTP/1.1" 200 5007 "-" "Mozilla/5.0 (compatible; Googlebot/2.1; +http://www.google.com/bot.html)" "-"
186.11.75.170 - - [25/Nov/2019:03:44:42 +0100] "GET /wp-content/uploads/2019/04/Gorra-harum-2.png HTTP/1.1" 200 53515 "https://www.google.com/" "Mozilla/5.0 (Windows NT 6.1) AppleWebKit/537.36 (KHTML, like Gecko) Chrome/78.0.3904.108 Safari/537.36" "-"
217.76.130.90 - - [25/Nov/2019:03:44:46 +0100] "POST /wp-cron.php?doing_wp_cron=1574649886.9475719928741455078125 HTTP/1.1" 200 164 "http://amazingsportwear.com/wp-cron.php?doing_wp_cron=1574649886.9475719928741455078125" "WordPress/5.2.4; https://amazingsportwear.com" "-"
157.55.39.95 - - [25/Nov/2019:03:44:46 +0100] "GET /24-camisetas-hombre HTTP/1.1" 404 68038 "-" "Mozilla/5.0 (compatible; bingbot/2.0; +http://www.bing.com/bingbot.htm)" "-"
217.76.130.90 - - [25/Nov/2019:03:46:28 +0100] "POST /wp-cron.php?doing_wp_cron=1574649988.4243800640106201171875 HTTP/1.1" 200 3389 "https://amazingsportwear.com/wp-cron.php?doing_wp_cron=1574649988.4243800640106201171875" "WordPress/5.2.4; https://amazingsportwear.com" "-"
66.249.66.70 - - [25/Nov/2019:03:46:27 +0100] "GET /etiqueta-producto/manta-termica/ HTTP/1.1" 200 53996 "-" "Mozilla/5.0 (compatible; Googlebot/2.1; +http://www.google.com/bot.html)" "-"
217.76.130.90 - - [25/Nov/2019:03:50:20 +0100] "POST /wp-cron.php?doing_wp_cron=1574650220.5521540641784667968750 HTTP/1.1" 200 3389 "https://amazingsportwear.com/wp-cron.php?doing_wp_cron=1574650220.5521540641784667968750" "WordPress/5.2.4; https://amazingsportwear.com" "-"
66.249.66.68 - - [25/Nov/2019:03:50:18 +0100] "GET /producto/camiseta-tecnica-mujer-olimpia-aq-olimpia/ HTTP/1.1" 200 98425 "-" "Mozilla/5.0 (Linux; Android 6.0.1; Nexus 5X Build/MMB29P) AppleWebKit/537.36 (KHTML, like Gecko) Chrome/41.0.2272.96 Mobile Safari/537.36 (compatible; Googlebot/2.1; +http://www.google.com/bot.html)" "-"
66.249.66.66 - - [25/Nov/2019:03:50:27 +0100] "POST /?wc-ajax=get_refreshed_fragments HTTP/1.1" 200 4760 "https://amazingsportwear.com/producto/camiseta-tecnica-mujer-olimpia-aq-olimpia/" "Mozilla/5.0 (Linux; Android 6.0.1; Nexus 5X Build/MMB29P) AppleWebKit/537.36 (KHTML, like Gecko) Chrome/41.0.2272.96 Mobile Safari/537.36 (compatible; Googlebot/2.1; +http://www.google.com/bot.html)" "_ga=GA1.2.969013651.1574640000; _gid=GA1.2.1978218920.1574640000; _gat_gtag_UA_91619287_1=1"
217.76.130.90 - - [25/Nov/2019:03:55:54 +0100] "POST /wp-cron.php?doing_wp_cron=1574650554.2067930698394775390625 HTTP/1.1" 200 3389 "https://amazingsportwear.com/wp-cron.php?doing_wp_cron=1574650554.2067930698394775390625" "WordPress/5.2.4; https://amazingsportwear.com" "-"
157.55.39.160 - - [25/Nov/2019:03:55:53 +0100] "GET /?page_id=3 HTTP/1.1" 404 72269 "-" "Mozilla/5.0 (compatible; bingbot/2.0; +http://www.bing.com/bingbot.htm)" "-"
217.76.130.90 - - [25/Nov/2019:04:07:17 +0100] "POST /wp-cron.php?doing_wp_cron=1574651236.9601650238037109375000 HTTP/1.1" 200 3389 "https://amazingsportwear.com/wp-cron.php?doing_wp_cron=1574651236.9601650238037109375000" "WordPress/5.2.4; https://amazingsportwear.com" "-"
66.249.66.66 - - [25/Nov/2019:04:07:13 +0100] "GET /producto/mochila-cobra/ HTTP/1.1" 200 98193 "-" "Mozilla/5.0 (Linux; Android 6.0.1; Nexus 5X Build/MMB29P) AppleWebKit/537.36 (KHTML, like Gecko) Chrome/41.0.2272.96 Mobile Safari/537.36 (compatible; Googlebot/2.1; +http://www.google.com/bot.html)" "-"
66.249.66.68 - - [25/Nov/2019:04:07:23 +0100] "POST /?wc-ajax=get_refreshed_fragments HTTP/1.1" 200 4760 "https://amazingsportwear.com/producto/mochila-cobra/" "Mozilla/5.0 (Linux; Android 6.0.1; Nexus 5X Build/MMB29P) AppleWebKit/537.36 (KHTML, like Gecko) Chrome/41.0.2272.96 Mobile Safari/537.36 (compatible; Googlebot/2.1; +http://www.google.com/bot.html)" "_ga=GA1.2.969013651.1574640000; _gid=GA1.2.1978218920.1574640000; _gat_gtag_UA_91619287_1=1"
186.84.52.179 - - [25/Nov/2019:04:22:11 +0100] "GET /wp-content/uploads/2019/04/Gorra-sport-6.png HTTP/1.1" 200 44623 "https://www.google.com/" "Mozilla/5.0 (Macintosh; Intel Mac OS X 10_14_0) AppleWebKit/537.36 (KHTML, like Gecko) Chrome/78.0.3904.108 Safari/537.36" "-"
190.238.29.243 - - [25/Nov/2019:04:22:56 +0100] "GET /wp-content/uploads/2019/04/Llavero-metalico-futbol-3.png HTTP/1.1" 200 46821 "https://www.google.com/" "Mozilla/5.0 (Windows NT 6.1; Win64; x64) AppleWebKit/537.36 (KHTML, like Gecko) Chrome/78.0.3904.108 Safari/537.36" "-"
217.76.130.90 - - [25/Nov/2019:04:45:12 +0100] "POST /wp-cron.php?doing_wp_cron=1574653512.0455820560455322265625 HTTP/1.1" 200 3389 "https://amazingsportwear.com/wp-cron.php?doing_wp_cron=1574653512.0455820560455322265625" "WordPress/5.2.4; https://amazingsportwear.com" "-"
66.249.66.66 - - [25/Nov/2019:04:45:06 +0100] "GET /producto/kit-emergencia-yardim/ HTTP/1.1" 200 90956 "-" "Mozilla/5.0 (compatible; Googlebot/2.1; +http://www.google.com/bot.html)" "-"
66.249.66.68 - - [25/Nov/2019:04:45:20 +0100] "POST /?wc-ajax=get_refreshed_fragments HTTP/1.1" 200 4760 "https://amazingsportwear.com/producto/kit-emergencia-yardim/" "Mozilla/5.0 AppleWebKit/537.36 (KHTML, like Gecko; compatible; Googlebot/2.1; +http://www.google.com/bot.html) Safari/537.36" "_ga=GA1.2.931330593.1574640000; _gid=GA1.2.2074753562.1574640000; _gat_gtag_UA_91619287_1=1"
66.249.66.66 - - [25/Nov/2019:04:45:25 +0100] "GET /producto/cordon-gafas-de-sol-pf-10041102/ HTTP/1.1" 200 90180 "-" "Mozilla/5.0 (compatible; Googlebot/2.1; +http://www.google.com/bot.html)" "-"
66.249.66.66 - - [25/Nov/2019:04:45:33 +0100] "POST /?wc-ajax=get_refreshed_fragments HTTP/1.1" 200 1397 "https://amazingsportwear.com/producto/cordon-gafas-de-sol-pf-10041102/" "Mozilla/5.0 AppleWebKit/537.36 (KHTML, like Gecko; compatible; Googlebot/2.1; +http://www.google.com/bot.html) Safari/537.36" "_ga=GA1.2.931330593.1574640000; _gid=GA1.2.2074753562.1574640000; _gat_gtag_UA_91619287_1=1"
217.76.130.90 - - [25/Nov/2019:04:51:45 +0100] "POST /wp-cron.php?doing_wp_cron=1574653905.4479179382324218750000 HTTP/1.1" 200 3389 "https://amazingsportwear.com/wp-cron.php?doing_wp_cron=1574653905.4479179382324218750000" "WordPress/5.2.4; https://amazingsportwear.com" "-"
17.58.96.178 - - [25/Nov/2019:04:51:44 +0100] "GET /categoria-producto/hombre/ HTTP/1.1" 200 76913 "-" "Mozilla/5.0 (Macintosh; Intel Mac OS X 10_10_1) AppleWebKit/600.2.5 (KHTML, like Gecko) Version/8.0.2 Safari/600.2.5 (Applebot/0.1; +http://www.apple.com/go/applebot)" "-"
217.76.130.90 - - [25/Nov/2019:04:59:46 +0100] "POST /wp-cron.php?doing_wp_cron=1574654386.5638749599456787109375 HTTP/1.1" 200 3389 "https://amazingsportwear.com/wp-cron.php?doing_wp_cron=1574654386.5638749599456787109375" "WordPress/5.2.4; https://amazingsportwear.com" "-"
66.249.66.68 - - [25/Nov/2019:04:59:44 +0100] "GET /producto/camiseta-tecnica-tirantes-sa-0563/ HTTP/1.1" 200 107229 "-" "Mozilla/5.0 (compatible; Googlebot/2.1; +http://www.google.com/bot.html)" "-"
66.249.66.68 - - [25/Nov/2019:04:59:50 +0100] "POST /?wc-ajax=get_refreshed_fragments HTTP/1.1" 200 1397 "https://amazingsportwear.com/producto/camiseta-tecnica-tirantes-sa-0563/" "Mozilla/5.0 AppleWebKit/537.36 (KHTML, like Gecko; compatible; Googlebot/2.1; +http://www.google.com/bot.html) Safari/537.36" "_ga=GA1.2.931330593.1574640000; _gid=GA1.2.2074753562.1574640000; _gat_gtag_UA_91619287_1=1"
217.76.130.90 - - [25/Nov/2019:05:02:52 +0100] "POST /wp-cron.php?doing_wp_cron=1574654572.4868249893188476562500 HTTP/1.1" 200 3389 "https://amazingsportwear.com/wp-cron.php?doing_wp_cron=1574654572.4868249893188476562500" "WordPress/5.2.4; https://amazingsportwear.com" "-"
66.249.66.70 - - [25/Nov/2019:05:02:51 +0100] "GET /categoria-producto/hombre/camisetas/page/6/ HTTP/1.1" 200 78816 "-" "Mozilla/5.0 (Linux; Android 6.0.1; Nexus 5X Build/MMB29P) AppleWebKit/537.36 (KHTML, like Gecko) Chrome/41.0.2272.96 Mobile Safari/537.36 (compatible; Googlebot/2.1; +http://www.google.com/bot.html)" "-"
217.76.130.90 - - [25/Nov/2019:05:47:50 +0100] "POST /wp-cron.php?doing_wp_cron=1574657270.0360949039459228515625 HTTP/1.1" 200 3389 "https://amazingsportwear.com/wp-cron.php?doing_wp_cron=1574657270.0360949039459228515625" "WordPress/5.2.4; https://amazingsportwear.com" "-"
223.245.212.233 - - [25/Nov/2019:05:47:47 +0100] "GET /producto/mochila-keisy HTTP/1.1" 301 3546 "-" "Mozilla/5.0(Linux;U;Android 5.1.1;zh-CN;OPPO A33 Build/LMY47V) AppleWebKit/537.36(KHTML,like Gecko) Version/4.0 Chrome/40.0.2214.89 UCBrowser/11.7.0.953 Mobile Safari/537.36" "-"
223.245.212.233 - - [25/Nov/2019:05:47:57 +0100] "GET /producto/mochila-keisy/ HTTP/1.1" 200 97548 "-" "Mozilla/5.0(Linux;U;Android 5.1.1;zh-CN;OPPO A33 Build/LMY47V) AppleWebKit/537.36(KHTML,like Gecko) Version/4.0 Chrome/40.0.2214.89 UCBrowser/11.7.0.953 Mobile Safari/537.36" "wpfront-notification-bar-landingpage=1"
217.76.130.90 - - [25/Nov/2019:05:49:07 +0100] "POST /wp-cron.php?doing_wp_cron=1574657347.2122759819030761718750 HTTP/1.1" 200 3389 "https://amazingsportwear.com/wp-cron.php?doing_wp_cron=1574657347.2122759819030761718750" "WordPress/5.2.4; https://amazingsportwear.com" "-"
66.249.66.68 - - [25/Nov/2019:05:49:06 +0100] "GET /producto/polo-tecnico-sol-palladium/ HTTP/1.1" 200 105710 "-" "Mozilla/5.0 (Linux; Android 6.0.1; Nexus 5X Build/MMB29P) AppleWebKit/537.36 (KHTML, like Gecko) Chrome/41.0.2272.96 Mobile Safari/537.36 (compatible; Googlebot/2.1; +http://www.google.com/bot.html)" "-"
66.249.66.66 - - [25/Nov/2019:05:49:09 +0100] "POST /?wc-ajax=get_refreshed_fragments HTTP/1.1" 200 4760 "https://amazingsportwear.com/producto/polo-tecnico-sol-palladium/" "Mozilla/5.0 (Linux; Android 6.0.1; Nexus 5X Build/MMB29P) AppleWebKit/537.36 (KHTML, like Gecko) Chrome/41.0.2272.96 Mobile Safari/537.36 (compatible; Googlebot/2.1; +http://www.google.com/bot.html)" "_ga=GA1.2.969013651.1574640000; _gid=GA1.2.1978218920.1574640000; _gat_gtag_UA_91619287_1=1"
217.76.130.90 - - [25/Nov/2019:05:51:37 +0100] "POST /wp-cron.php?doing_wp_cron=1574657497.3551189899444580078125 HTTP/1.1" 200 3389 "https://amazingsportwear.com/wp-cron.php?doing_wp_cron=1574657497.3551189899444580078125" "WordPress/5.2.4; https://amazingsportwear.com" "-"
207.46.13.69 - - [25/Nov/2019:05:51:36 +0100] "GET /basket/36-camiseta-manga-corta-basket.html HTTP/1.1" 404 72309 "-" "Mozilla/5.0 (compatible; bingbot/2.0; +http://www.bing.com/bingbot.htm)" "-"
217.76.130.90 - - [25/Nov/2019:06:24:40 +0100] "POST /wp-cron.php?doing_wp_cron=1574659480.0873079299926757812500 HTTP/1.1" 200 3389 "https://amazingsportwear.com/wp-cron.php?doing_wp_cron=1574659480.0873079299926757812500" "WordPress/5.2.4; https://amazingsportwear.com" "-"
66.249.66.70 - - [25/Nov/2019:06:24:36 +0100] "GET /producto/camiseta-tecnica-dinamic-2/ HTTP/1.1" 200 103168 "-" "Mozilla/5.0 (compatible; Googlebot/2.1; +http://www.google.com/bot.html)" "-"
217.76.130.90 - - [25/Nov/2019:06:31:50 +0100] "POST /wp-cron.php?doing_wp_cron=1574659910.6058371067047119140625 HTTP/1.1" 200 3389 "https://amazingsportwear.com/wp-cron.php?doing_wp_cron=1574659910.6058371067047119140625" "WordPress/5.2.4; https://amazingsportwear.com" "-"
17.58.96.178 - - [25/Nov/2019:06:31:49 +0100] "GET /categoria-producto/accesorios/ HTTP/1.1" 200 76137 "-" "Mozilla/5.0 (Macintosh; Intel Mac OS X 10_10_1) AppleWebKit/600.2.5 (KHTML, like Gecko) Version/8.0.2 Safari/600.2.5 (Applebot/0.1; +http://www.apple.com/go/applebot)" "-"
217.76.130.90 - - [25/Nov/2019:06:34:09 +0100] "POST /wp-cron.php?doing_wp_cron=1574660049.6399750709533691406250 HTTP/1.1" 200 3389 "https://amazingsportwear.com/wp-cron.php?doing_wp_cron=1574660049.6399750709533691406250" "WordPress/5.2.4; https://amazingsportwear.com" "-"
66.249.66.70 - - [25/Nov/2019:06:34:09 +0100] "GET /sitemap_index.xml HTTP/1.1" 200 5007 "-" "Mozilla/5.0 (compatible; Googlebot/2.1; +http://www.google.com/bot.html)" "-"
217.76.130.90 - - [25/Nov/2019:06:47:03 +0100] "POST /wp-cron.php?doing_wp_cron=1574660823.1671481132507324218750 HTTP/1.1" 200 3389 "https://amazingsportwear.com/wp-cron.php?doing_wp_cron=1574660823.1671481132507324218750" "WordPress/5.2.4; https://amazingsportwear.com" "-"
66.249.66.66 - - [25/Nov/2019:06:47:02 +0100] "GET /categoria-producto/hombre/camisetas/page/3/ HTTP/1.1" 200 77966 "-" "Mozilla/5.0 (Linux; Android 6.0.1; Nexus 5X Build/MMB29P) AppleWebKit/537.36 (KHTML, like Gecko) Chrome/41.0.2272.96 Mobile Safari/537.36 (compatible; Googlebot/2.1; +http://www.google.com/bot.html)" "-"
190.62.208.75 - - [25/Nov/2019:06:47:48 +0100] "GET /wp-content/uploads/2019/04/Gorra-harum-2.png HTTP/1.1" 200 53515 "https://www.google.com/" "Mozilla/5.0 (Windows NT 10.0; Win64; x64) AppleWebKit/537.36 (KHTML, like Gecko) Chrome/78.0.3904.97 Safari/537.36" "-"
217.76.130.90 - - [25/Nov/2019:06:57:00 +0100] "POST /wp-cron.php?doing_wp_cron=1574661420.2872929573059082031250 HTTP/1.1" 200 3389 "https://amazingsportwear.com/wp-cron.php?doing_wp_cron=1574661420.2872929573059082031250" "WordPress/5.2.4; https://amazingsportwear.com" "-"
66.249.66.66 - - [25/Nov/2019:06:56:59 +0100] "GET /producto/maillot-manga-larga-ciclismo/ HTTP/1.1" 200 92985 "-" "Mozilla/5.0 (compatible; Googlebot/2.1; +http://www.google.com/bot.html)" "-"
217.76.130.90 - - [25/Nov/2019:07:04:19 +0100] "POST /wp-cron.php?doing_wp_cron=1574661859.1502969264984130859375 HTTP/1.1" 200 3389 "https://amazingsportwear.com/wp-cron.php?doing_wp_cron=1574661859.1502969264984130859375" "WordPress/5.2.4; https://amazingsportwear.com" "-"
217.76.130.90 - - [25/Nov/2019:07:04:19 +0100] "POST /wp-cron.php?doing_wp_cron=1574661859.1503210067749023437500 HTTP/1.1" 200 3389 "https://amazingsportwear.com/wp-cron.php?doing_wp_cron=1574661859.1503210067749023437500" "WordPress/5.2.4; https://amazingsportwear.com" "-"
31.13.103.18 - - [25/Nov/2019:07:04:18 +0100] "GET / HTTP/1.1" 200 125560 "-" "facebookexternalhit/1.1 (+http://www.facebook.com/externalhit_uatext.php)" "-"
31.13.103.7 - - [25/Nov/2019:07:04:18 +0100] "GET / HTTP/1.1" 200 125535 "-" "facebookexternalhit/1.1 (+http://www.facebook.com/externalhit_uatext.php)" "-"
217.76.130.90 - - [25/Nov/2019:07:39:56 +0100] "POST /wp-cron.php?doing_wp_cron=1574663996.7426381111145019531250 HTTP/1.1" 200 3389 "https://amazingsportwear.com/wp-cron.php?doing_wp_cron=1574663996.7426381111145019531250" "WordPress/5.2.4; https://amazingsportwear.com" "-"
66.249.66.70 - - [25/Nov/2019:07:39:55 +0100] "GET /etiqueta-producto/rinonera-movil/ HTTP/1.1" 200 53687 "-" "Mozilla/5.0 (Linux; Android 6.0.1; Nexus 5X Build/MMB29P) AppleWebKit/537.36 (KHTML, like Gecko) Chrome/41.0.2272.96 Mobile Safari/537.36 (compatible; Googlebot/2.1; +http://www.google.com/bot.html)" "-"
66.249.66.68 - - [25/Nov/2019:07:40:00 +0100] "POST /?wc-ajax=get_refreshed_fragments HTTP/1.1" 200 4760 "https://amazingsportwear.com/etiqueta-producto/rinonera-movil/" "Mozilla/5.0 (Linux; Android 6.0.1; Nexus 5X Build/MMB29P) AppleWebKit/537.36 (KHTML, like Gecko) Chrome/41.0.2272.96 Mobile Safari/537.36 (compatible; Googlebot/2.1; +http://www.google.com/bot.html)" "_ga=GA1.2.1884029788.1574640000; _gid=GA1.2.969013651.1574640000; _gat_gtag_UA_91619287_1=1"
217.76.130.90 - - [25/Nov/2019:07:40:16 +0100] "POST /wp-cron.php?doing_wp_cron=1574664016.0926790237426757812500 HTTP/1.1" 200 3389 "https://amazingsportwear.com/wp-cron.php?doing_wp_cron=1574664016.0926790237426757812500" "WordPress/5.2.4; https://amazingsportwear.com" "-"
66.249.66.68 - - [25/Nov/2019:07:40:15 +0100] "GET /producto/camiseta-tecnica-bahrein/ HTTP/1.1" 200 99488 "-" "Mozilla/5.0 (Linux; Android 6.0.1; Nexus 5X Build/MMB29P) AppleWebKit/537.36 (KHTML, like Gecko) Chrome/41.0.2272.96 Mobile Safari/537.36 (compatible; Googlebot/2.1; +http://www.google.com/bot.html)" "-"
80.15.207.38 - - [25/Nov/2019:08:00:14 +0100] "GET /wp-content/uploads/2017/03/VA-CAVAMAURB-2.jpg HTTP/1.1" 200 12538 "https://www.google.com/" "Mozilla/5.0 (Windows NT 10.0; Win64; x64) AppleWebKit/537.36 (KHTML, like Gecko) Chrome/78.0.3904.108 Safari/537.36" "-"
80.15.207.38 - - [25/Nov/2019:08:00:22 +0100] "GET /wp-content/uploads/2017/03/VA-CAVAMAURB-2.jpg HTTP/1.1" 200 12538 "-" "Mozilla/4.0 (compatible; MSIE 7.0; Windows NT 10.0; Win64; x64; Trident/7.0; .NET4.0C; .NET4.0E; .NET CLR 2.0.50727; .NET CLR 3.0.30729; .NET CLR 3.5.30729; Microsoft Outlook 16.0.4266; ms-office; MSOffice 16)" "-"
179.32.67.131 - - [25/Nov/2019:08:04:53 +0100] "GET /wp-content/uploads/2019/04/Gorra-sport-10.png HTTP/1.1" 200 60426 "https://www.google.com/" "Mozilla/5.0 (Windows NT 10.0; Win64; x64) AppleWebKit/537.36 (KHTML, like Gecko) Chrome/78.0.3904.108 Safari/537.36" "-"
217.76.130.90 - - [25/Nov/2019:08:10:09 +0100] "POST /wp-cron.php?doing_wp_cron=1574665809.8308169841766357421875 HTTP/1.1" 200 3389 "https://amazingsportwear.com/wp-cron.php?doing_wp_cron=1574665809.8308169841766357421875" "WordPress/5.2.4; https://amazingsportwear.com" "-"
5.153.178.92 - - [25/Nov/2019:08:10:08 +0100] "GET / HTTP/1.0" 200 124712 "https://amazingsportwear.com/" "Mozilla/5.0 (Windows NT 10.0) AppleWebKit/537.36 (KHTML, like Gecko) Chrome/67.0.3396.99 Safari/537.36" "-"
5.153.178.92 - - [25/Nov/2019:08:10:11 +0100] "POST / HTTP/1.0" 200 125187 "https://amazingsportwear.com/" "Mozilla/5.0 (Windows NT 10.0) AppleWebKit/537.36 (KHTML, like Gecko) Chrome/67.0.3396.99 Safari/537.36" "wpfront-notification-bar-landingpage=1"
217.76.130.90 - - [25/Nov/2019:08:11:13 +0100] "POST /wp-cron.php?doing_wp_cron=1574665873.1578879356384277343750 HTTP/1.1" 200 3389 "https://amazingsportwear.com/wp-cron.php?doing_wp_cron=1574665873.1578879356384277343750" "WordPress/5.2.4; https://amazingsportwear.com" "-"
157.55.39.152 - - [25/Nov/2019:08:11:12 +0100] "GET /robots.txt HTTP/1.1" 200 2297 "-" "Mozilla/5.0 (compatible; bingbot/2.0; +http://www.bing.com/bingbot.htm)" "-"
157.55.39.152 - - [25/Nov/2019:08:11:14 +0100] "GET /robots.txt HTTP/1.1" 200 3955 "-" "Mozilla/5.0 (compatible; bingbot/2.0; +http://www.bing.com/bingbot.htm)" "-"
157.55.39.160 - - [25/Nov/2019:08:11:16 +0100] "GET /ciclismo/?controller=contact HTTP/1.1" 301 3907 "-" "Mozilla/5.0 (compatible; bingbot/2.0; +http://www.bing.com/bingbot.htm)" "-"
217.76.130.90 - - [25/Nov/2019:08:15:16 +0100] "POST /wp-cron.php?doing_wp_cron=1574666116.5162858963012695312500 HTTP/1.1" 200 164 "http://amazingsportwear.com/wp-cron.php?doing_wp_cron=1574666116.5162858963012695312500" "WordPress/5.2.4; https://amazingsportwear.com" "-"
66.249.66.85 - - [25/Nov/2019:08:15:15 +0100] "GET /robots.txt HTTP/1.1" 200 432 "-" "Mozilla/5.0 (compatible; Googlebot/2.1; +http://www.google.com/bot.html)" "-"
66.249.66.86 - - [25/Nov/2019:08:15:16 +0100] "GET /img/cms/tienda/CAT-4726-COLORES.jpg HTTP/1.1" 404 68103 "-" "Googlebot-Image/1.0" "-"
66.249.66.66 - - [25/Nov/2019:08:15:51 +0100] "GET /etiqueta-producto/gorra-bayet/ HTTP/1.1" 200 53965 "-" "Mozilla/5.0 (Linux; Android 6.0.1; Nexus 5X Build/MMB29P) AppleWebKit/537.36 (KHTML, like Gecko) Chrome/41.0.2272.96 Mobile Safari/537.36 (compatible; Googlebot/2.1; +http://www.google.com/bot.html)" "-"
217.76.130.90 - - [25/Nov/2019:08:19:54 +0100] "POST /wp-cron.php?doing_wp_cron=1574666394.5301721096038818359375 HTTP/1.1" 200 164 "http://amazingsportwear.com/wp-cron.php?doing_wp_cron=1574666394.5301721096038818359375" "WordPress/5.2.4; https://amazingsportwear.com" "-"
34.223.110.190 - - [25/Nov/2019:08:19:53 +0100] "GET / HTTP/1.1" 301 279 "-" "Go-http-client/1.1" "-"
217.76.130.90 - - [25/Nov/2019:08:20:56 +0100] "POST /wp-cron.php?doing_wp_cron=1574666455.9929089546203613281250 HTTP/1.1" 200 3389 "https://amazingsportwear.com/wp-cron.php?doing_wp_cron=1574666455.9929089546203613281250" "WordPress/5.2.4; https://amazingsportwear.com" "-"
66.249.66.68 - - [25/Nov/2019:08:20:55 +0100] "GET /categoria-producto/hombre/camisetas/page/7/ HTTP/1.1" 200 68560 "-" "Mozilla/5.0 (Linux; Android 6.0.1; Nexus 5X Build/MMB29P) AppleWebKit/537.36 (KHTML, like Gecko) Chrome/41.0.2272.96 Mobile Safari/537.36 (compatible; Googlebot/2.1; +http://www.google.com/bot.html)" "-"
66.249.66.68 - - [25/Nov/2019:08:20:59 +0100] "POST /?wc-ajax=get_refreshed_fragments HTTP/1.1" 200 1397 "https://amazingsportwear.com/categoria-producto/hombre/camisetas/page/7/" "Mozilla/5.0 (Linux; Android 6.0.1; Nexus 5X Build/MMB29P) AppleWebKit/537.36 (KHTML, like Gecko) Chrome/41.0.2272.96 Mobile Safari/537.36 (compatible; Googlebot/2.1; +http://www.google.com/bot.html)" "_ga=GA1.2.1884029788.1574640000; _gid=GA1.2.969013651.1574640000; _gat_gtag_UA_91619287_1=1"
217.76.130.90 - - [25/Nov/2019:08:21:25 +0100] "POST /wp-cron.php?doing_wp_cron=1574666485.6749589443206787109375 HTTP/1.1" 200 3389 "https://amazingsportwear.com/wp-cron.php?doing_wp_cron=1574666485.6749589443206787109375" "WordPress/5.2.4; https://amazingsportwear.com" "-"
157.55.39.152 - - [25/Nov/2019:08:21:25 +0100] "GET /robots.txt HTTP/1.1" 200 432 "-" "Mozilla/5.0 (compatible; bingbot/2.0; +http://www.bing.com/bingbot.htm)" "-"
157.55.39.95 - - [25/Nov/2019:08:21:25 +0100] "GET / HTTP/1.1" 200 125813 "-" "Mozilla/5.0 (compatible; bingbot/2.0; +http://www.bing.com/bingbot.htm)" "-"
40.77.189.71 - - [25/Nov/2019:08:21:28 +0100] "GET /wp-includes/js/wp-emoji-release.min.js?ver=5.2.4 HTTP/1.1" 200 17546 "-" "Mozilla/5.0 (Windows NT 6.1; WOW64) AppleWebKit/534+ (KHTML, like Gecko) BingPreview/1.0b" "-"
40.77.188.186 - - [25/Nov/2019:08:21:28 +0100] "GET /wp-includes/css/dist/block-library/style.min.css?ver=5.2.4 HTTP/1.1" 200 33023 "-" "Mozilla/5.0 (Windows NT 6.1; WOW64) AppleWebKit/534+ (KHTML, like Gecko) BingPreview/1.0b" "-"
40.77.189.71 - - [25/Nov/2019:08:21:29 +0100] "GET /wp-content/plugins/woocommerce/assets/css/blocks/style.css?ver=3.6.4 HTTP/1.1" 200 6697 "-" "Mozilla/5.0 (Windows NT 6.1; WOW64) AppleWebKit/534+ (KHTML, like Gecko) BingPreview/1.0b" "-"
40.77.189.17 - - [25/Nov/2019:08:21:29 +0100] "GET /wp-content/plugins/cookie-law-info/public/css/cookie-law-info-public.css?ver=1.7.6 HTTP/1.1" 200 6598 "-" "Mozilla/5.0 (Windows NT 6.1; WOW64) AppleWebKit/534+ (KHTML, like Gecko) BingPreview/1.0b" "-"
40.77.189.71 - - [25/Nov/2019:08:21:29 +0100] "GET /wp-content/plugins/cookie-law-info/public/css/cookie-law-info-gdpr.css?ver=1.7.6 HTTP/1.1" 200 12445 "-" "Mozilla/5.0 (Windows NT 6.1; WOW64) AppleWebKit/534+ (KHTML, like Gecko) BingPreview/1.0b" "-"
40.77.189.77 - - [25/Nov/2019:08:21:30 +0100] "GET /wp-content/plugins/wpfront-notification-bar/css/wpfront-notification-bar.css?ver=1.7.1 HTTP/1.1" 200 7026 "-" "Mozilla/5.0 (Windows NT 6.1; WOW64) AppleWebKit/534+ (KHTML, like Gecko) BingPreview/1.0b" "-"
40.77.189.197 - - [25/Nov/2019:08:21:31 +0100] "GET /wp-content/themes/shopper/style.css?ver=1.3.8 HTTP/1.1" 200 128678 "-" "Mozilla/5.0 (Windows NT 6.1; WOW64) AppleWebKit/534+ (KHTML, like Gecko) BingPreview/1.0b" "-"
157.55.39.160 - - [25/Nov/2019:08:21:31 +0100] "GET /robots.txt HTTP/1.1" 200 432 "-" "msnbot/2.0b (+http://search.msn.com/msnbot.htm)" "-"
40.77.188.186 - - [25/Nov/2019:08:21:32 +0100] "GET /wp-content/plugins/elementor/assets/lib/eicons/css/elementor-icons.min.css?ver=4.3.0 HTTP/1.1" 200 11850 "-" "Mozilla/5.0 (Windows NT 6.1; WOW64) AppleWebKit/534+ (KHTML, like Gecko) BingPreview/1.0b" "-"
40.77.188.186 - - [25/Nov/2019:08:21:32 +0100] "GET /wp-content/plugins/elementor/assets/lib/font-awesome/css/font-awesome.min.css?ver=4.7.0 HTTP/1.1" 200 31365 "-" "Mozilla/5.0 (Windows NT 6.1; WOW64) AppleWebKit/534+ (KHTML, like Gecko) BingPreview/1.0b" "-"
40.77.189.77 - - [25/Nov/2019:08:21:32 +0100] "GET /wp-content/plugins/elementor/assets/lib/animations/animations.min.css?ver=2.5.16 HTTP/1.1" 200 18833 "-" "Mozilla/5.0 (Windows NT 6.1; WOW64) AppleWebKit/534+ (KHTML, like Gecko) BingPreview/1.0b" "-"
40.77.189.197 - - [25/Nov/2019:08:21:32 +0100] "GET /wp-content/plugins/elementor/assets/css/frontend.min.css?ver=2.5.16 HTTP/1.1" 200 95366 "-" "Mozilla/5.0 (Windows NT 6.1; WOW64) AppleWebKit/534+ (KHTML, like Gecko) BingPreview/1.0b" "-"
40.77.189.197 - - [25/Nov/2019:08:21:33 +0100] "GET /wp-content/uploads/elementor/css/global.css?ver=1559638744 HTTP/1.1" 200 5136 "-" "Mozilla/5.0 (Windows NT 6.1; WOW64) AppleWebKit/534+ (KHTML, like Gecko) BingPreview/1.0b" "-"
40.77.188.186 - - [25/Nov/2019:08:21:33 +0100] "GET /wp-content/uploads/elementor/css/post-16241.css?ver=1562311573 HTTP/1.1" 200 4934 "-" "Mozilla/5.0 (Windows NT 6.1; WOW64) AppleWebKit/534+ (KHTML, like Gecko) BingPreview/1.0b" "-"
40.77.189.17 - - [25/Nov/2019:08:21:33 +0100] "GET /wp-content/themes/shopper/assets/sass/woocommerce/woocommerce.css?ver=5.2.4 HTTP/1.1" 200 83534 "-" "Mozilla/5.0 (Windows NT 6.1; WOW64) AppleWebKit/534+ (KHTML, like Gecko) BingPreview/1.0b" "-"
40.77.190.233 - - [25/Nov/2019:08:21:34 +0100] "GET /wp-content/plugins/smart-slider-3/library/media/smartslider.min.css?1559118093 HTTP/1.1" 200 23322 "-" "Mozilla/5.0 (Windows NT 6.1; WOW64) AppleWebKit/534+ (KHTML, like Gecko) BingPreview/1.0b" "-"
40.77.188.186 - - [25/Nov/2019:08:21:35 +0100] "GET /wp-includes/js/jquery/jquery.js?ver=1.12.4-wp HTTP/1.1" 200 97362 "-" "Mozilla/5.0 (Windows NT 6.1; WOW64) AppleWebKit/534+ (KHTML, like Gecko) BingPreview/1.0b" "-"
40.77.190.233 - - [25/Nov/2019:08:21:35 +0100] "GET /wp-includes/js/jquery/jquery-migrate.min.js?ver=1.4.1 HTTP/1.1" 200 10399 "-" "Mozilla/5.0 (Windows NT 6.1; WOW64) AppleWebKit/534+ (KHTML, like Gecko) BingPreview/1.0b" "-"
40.77.189.17 - - [25/Nov/2019:08:21:35 +0100] "GET /wp-content/plugins/cookie-law-info/public/js/cookie-law-info-public.js?ver=1.7.6 HTTP/1.1" 200 17076 "-" "Mozilla/5.0 (Windows NT 6.1; WOW64) AppleWebKit/534+ (KHTML, like Gecko) BingPreview/1.0b" "-"
40.77.189.71 - - [25/Nov/2019:08:21:36 +0100] "GET /wp-content/plugins/wpfront-notification-bar/jquery-plugins/jquery.c.js?ver=1.4.0 HTTP/1.1" 200 3437 "-" "Mozilla/5.0 (Windows NT 6.1; WOW64) AppleWebKit/534+ (KHTML, like Gecko) BingPreview/1.0b" "-"
40.77.189.17 - - [25/Nov/2019:08:21:36 +0100] "GET /wp-content/plugins/wpfront-notification-bar/js/wpfront-notification-bar.js?ver=1.7.1 HTTP/1.1" 200 5662 "-" "Mozilla/5.0 (Windows NT 6.1; WOW64) AppleWebKit/534+ (KHTML, like Gecko) BingPreview/1.0b" "-"
40.77.189.197 - - [25/Nov/2019:08:21:36 +0100] "GET /wp-content/plugins/smart-slider-3/nextend/media/dist/n2.min.js?1559118093 HTTP/1.1" 200 3836 "-" "Mozilla/5.0 (Windows NT 6.1; WOW64) AppleWebKit/534+ (KHTML, like Gecko) BingPreview/1.0b" "-"
40.77.190.233 - - [25/Nov/2019:08:21:36 +0100] "GET /wp-content/plugins/smart-slider-3/nextend/media/dist/nextend-frontend.min.js?1559118093 HTTP/1.1" 200 86339 "-" "Mozilla/5.0 (Windows NT 6.1; WOW64) AppleWebKit/534+ (KHTML, like Gecko) BingPreview/1.0b" "-"
40.77.189.17 - - [25/Nov/2019:08:21:37 +0100] "GET /wp-content/plugins/smart-slider-3/library/media/dist/smartslider-frontend.min.js?1559118093 HTTP/1.1" 200 127293 "-" "Mozilla/5.0 (Windows NT 6.1; WOW64) AppleWebKit/534+ (KHTML, like Gecko) BingPreview/1.0b" "-"
40.77.190.233 - - [25/Nov/2019:08:21:37 +0100] "GET /wp-content/plugins/smart-slider-3/library/media/plugins/type/simple/simple/dist/smartslider-simple-type-frontend.min.js?1559118093 HTTP/1.1" 200 18973 "-" "Mozilla/5.0 (Windows NT 6.1; WOW64) AppleWebKit/534+ (KHTML, like Gecko) BingPreview/1.0b" "-"
40.77.189.17 - - [25/Nov/2019:08:21:38 +0100] "GET /wp-content/plugins/elementor/assets/lib/font-awesome/fonts/fontawesome-webfont.ttf?v=4.7.0 HTTP/1.1" 200 166178 "-" "Mozilla/5.0 (Windows NT 6.1; WOW64) AppleWebKit/534+ (KHTML, like Gecko) BingPreview/1.0b" "-"
40.77.190.233 - - [25/Nov/2019:08:21:39 +0100] "GET /wp-content/themes/shopper/assets/fonts/fontawesome-webfont.ttf?v=4.7.0 HTTP/1.1" 200 166178 "-" "Mozilla/5.0 (Windows NT 6.1; WOW64) AppleWebKit/534+ (KHTML, like Gecko) BingPreview/1.0b" "-"
40.77.188.186 - - [25/Nov/2019:08:21:39 +0100] "GET /wp-content/themes/shopper/assets/js/crm.js?ver=1561548510 HTTP/1.1" 200 874 "-" "Mozilla/5.0 (Windows NT 6.1; WOW64) AppleWebKit/534+ (KHTML, like Gecko) BingPreview/1.0b" "-"
40.77.189.197 - - [25/Nov/2019:08:21:40 +0100] "GET /wp-content/plugins/woocommerce/assets/js/jquery-blockui/jquery.blockUI.min.js?ver=2.70 HTTP/1.1" 200 9908 "-" "Mozilla/5.0 (Windows NT 6.1; WOW64) AppleWebKit/534+ (KHTML, like Gecko) BingPreview/1.0b" "-"
40.77.188.186 - - [25/Nov/2019:08:21:40 +0100] "GET /wp-content/plugins/woocommerce/assets/js/frontend/add-to-cart.min.js?ver=3.6.4 HTTP/1.1" 200 2983 "-" "Mozilla/5.0 (Windows NT 6.1; WOW64) AppleWebKit/534+ (KHTML, like Gecko) BingPreview/1.0b" "-"
40.77.190.233 - - [25/Nov/2019:08:21:40 +0100] "GET /wp-content/plugins/woocommerce/assets/js/js-cookie/js.cookie.min.js?ver=2.1.4 HTTP/1.1" 200 2187 "-" "Mozilla/5.0 (Windows NT 6.1; WOW64) AppleWebKit/534+ (KHTML, like Gecko) BingPreview/1.0b" "-"
40.77.189.17 - - [25/Nov/2019:08:21:41 +0100] "GET /wp-content/plugins/woocommerce/assets/js/frontend/woocommerce.min.js?ver=3.6.4 HTTP/1.1" 200 1813 "-" "Mozilla/5.0 (Windows NT 6.1; WOW64) AppleWebKit/534+ (KHTML, like Gecko) BingPreview/1.0b" "-"
40.77.188.186 - - [25/Nov/2019:08:21:41 +0100] "GET /wp-content/plugins/woocommerce/assets/js/frontend/cart-fragments.min.js?ver=3.6.4 HTTP/1.1" 200 3281 "-" "Mozilla/5.0 (Windows NT 6.1; WOW64) AppleWebKit/534+ (KHTML, like Gecko) BingPreview/1.0b" "-"
40.77.189.71 - - [25/Nov/2019:08:21:41 +0100] "GET /wp-content/themes/shopper/assets/js/skip-link-focus-fix.js?ver=1.3.8 HTTP/1.1" 200 1023 "-" "Mozilla/5.0 (Windows NT 6.1; WOW64) AppleWebKit/534+ (KHTML, like Gecko) BingPreview/1.0b" "-"
40.77.188.186 - - [25/Nov/2019:08:21:41 +0100] "GET /wp-content/themes/shopper/assets/js/shopper.min.js?ver=1.3.8 HTTP/1.1" 200 5994 "-" "Mozilla/5.0 (Windows NT 6.1; WOW64) AppleWebKit/534+ (KHTML, like Gecko) BingPreview/1.0b" "-"
40.77.189.197 - - [25/Nov/2019:08:21:41 +0100] "GET /wp-content/themes/shopper/assets/js/woocommerce/header-cart.min.js?ver=1.3.8 HTTP/1.1" 200 972 "-" "Mozilla/5.0 (Windows NT 6.1; WOW64) AppleWebKit/534+ (KHTML, like Gecko) BingPreview/1.0b" "-"
40.77.189.197 - - [25/Nov/2019:08:21:41 +0100] "GET /wp-content/plugins/elementor/assets/lib/slick/slick.min.js?ver=1.8.1 HTTP/1.1" 200 43264 "-" "Mozilla/5.0 (Windows NT 6.1; WOW64) AppleWebKit/534+ (KHTML, like Gecko) BingPreview/1.0b" "-"
40.77.189.17 - - [25/Nov/2019:08:21:42 +0100] "GET /wp-content/plugins/elementor/assets/js/frontend-modules.min.js?ver=2.5.16 HTTP/1.1" 200 11486 "-" "Mozilla/5.0 (Windows NT 6.1; WOW64) AppleWebKit/534+ (KHTML, like Gecko) BingPreview/1.0b" "-"
40.77.189.197 - - [25/Nov/2019:08:21:42 +0100] "GET /wp-includes/js/jquery/ui/position.min.js?ver=1.11.4 HTTP/1.1" 200 6869 "-" "Mozilla/5.0 (Windows NT 6.1; WOW64) AppleWebKit/534+ (KHTML, like Gecko) BingPreview/1.0b" "-"
40.77.189.17 - - [25/Nov/2019:08:21:42 +0100] "GET /wp-content/plugins/elementor/assets/lib/dialog/dialog.min.js?ver=4.7.1 HTTP/1.1" 200 10911 "-" "Mozilla/5.0 (Windows NT 6.1; WOW64) AppleWebKit/534+ (KHTML, like Gecko) BingPreview/1.0b" "-"
40.77.188.186 - - [25/Nov/2019:08:21:42 +0100] "GET /wp-content/plugins/elementor/assets/lib/waypoints/waypoints.min.js?ver=4.0.2 HTTP/1.1" 200 12541 "-" "Mozilla/5.0 (Windows NT 6.1; WOW64) AppleWebKit/534+ (KHTML, like Gecko) BingPreview/1.0b" "-"
40.77.188.186 - - [25/Nov/2019:08:21:43 +0100] "GET /wp-content/plugins/elementor/assets/lib/swiper/swiper.min.js?ver=4.4.6 HTTP/1.1" 200 126126 "-" "Mozilla/5.0 (Windows NT 6.1; WOW64) AppleWebKit/534+ (KHTML, like Gecko) BingPreview/1.0b" "-"
40.77.190.233 - - [25/Nov/2019:08:21:43 +0100] "GET /wp-content/plugins/elementor/assets/js/frontend.min.js?ver=2.5.16 HTTP/1.1" 200 41341 "-" "Mozilla/5.0 (Windows NT 6.1; WOW64) AppleWebKit/534+ (KHTML, like Gecko) BingPreview/1.0b" "-"
40.77.190.233 - - [25/Nov/2019:08:21:43 +0100] "GET /wp-includes/js/jquery/ui/core.min.js?ver=1.11.4 HTTP/1.1" 200 4341 "-" "Mozilla/5.0 (Windows NT 6.1; WOW64) AppleWebKit/534+ (KHTML, like Gecko) BingPreview/1.0b" "-"
40.77.189.71 - - [25/Nov/2019:08:21:44 +0100] "GET /wp-content/plugins/si-contact-form/includes/fscf-scripts.js?ver=179 HTTP/1.1" 200 1033 "-" "Mozilla/5.0 (Windows NT 6.1; WOW64) AppleWebKit/534+ (KHTML, like Gecko) BingPreview/1.0b" "-"
40.77.188.186 - - [25/Nov/2019:08:21:44 +0100] "GET /?wc-ajax=get_refreshed_fragments HTTP/1.1" 200 1298 "-" "Mozilla/5.0 (Windows NT 6.1; WOW64) AppleWebKit/534+ (KHTML, like Gecko) BingPreview/1.0b" "-"
40.77.188.186 - - [25/Nov/2019:08:21:45 +0100] "GET /wp-content/plugins/elementor/assets/css/frontend-msie.min.css?2.5.16 HTTP/1.1" 200 8711 "-" "Mozilla/5.0 (Windows NT 6.1; WOW64) AppleWebKit/534+ (KHTML, like Gecko) BingPreview/1.0b" "-"
217.76.130.90 - - [25/Nov/2019:08:30:43 +0100] "POST /wp-cron.php?doing_wp_cron=1574667042.9566600322723388671875 HTTP/1.1" 200 3389 "https://amazingsportwear.com/wp-cron.php?doing_wp_cron=1574667042.9566600322723388671875" "WordPress/5.2.4; https://amazingsportwear.com" "-"
66.249.66.70 - - [25/Nov/2019:08:30:42 +0100] "GET /producto/cordon-gafas-de-sol-pf-10041102/ HTTP/1.1" 200 93935 "-" "Mozilla/5.0 (Linux; Android 6.0.1; Nexus 5X Build/MMB29P) AppleWebKit/537.36 (KHTML, like Gecko) Chrome/41.0.2272.96 Mobile Safari/537.36 (compatible; Googlebot/2.1; +http://www.google.com/bot.html)" "-"
66.249.66.68 - - [25/Nov/2019:08:30:54 +0100] "GET /producto/cordon-gafas-de-sol-pf-10041102/ HTTP/1.1" 200 93478 "-" "Mozilla/5.0 (Linux; Android 6.0.1; Nexus 5X Build/MMB29P) AppleWebKit/537.36 (KHTML, like Gecko) Chrome/41.0.2272.96 Mobile Safari/537.36 (compatible; Googlebot/2.1; +http://www.google.com/bot.html)" "-"
217.76.130.90 - - [25/Nov/2019:08:31:03 +0100] "POST /wp-cron.php?doing_wp_cron=1574667063.3584070205688476562500 HTTP/1.1" 200 3389 "https://amazingsportwear.com/wp-cron.php?doing_wp_cron=1574667063.3584070205688476562500" "WordPress/5.2.4; https://amazingsportwear.com" "-"
66.249.66.70 - - [25/Nov/2019:08:31:02 +0100] "GET /producto/cordon-gafas-de-sol-pf-10041102/ HTTP/1.1" 200 93910 "-" "Mozilla/5.0 (Linux; Android 6.0.1; Nexus 5X Build/MMB29P) AppleWebKit/537.36 (KHTML, like Gecko) Chrome/41.0.2272.96 Mobile Safari/537.36 (compatible; Googlebot/2.1; +http://www.google.com/bot.html)" "-"
189.243.76.91 - - [25/Nov/2019:08:31:44 +0100] "GET /wp-content/uploads/2019/04/Gorra-sport-10.png HTTP/1.1" 200 60426 "https://www.google.com/" "Mozilla/5.0 (Windows NT 10.0; Win64; x64) AppleWebKit/537.36 (KHTML, like Gecko) Chrome/78.0.3904.108 Safari/537.36" "-"
217.76.130.90 - - [25/Nov/2019:08:34:43 +0100] "POST /wp-cron.php?doing_wp_cron=1574667283.5304279327392578125000 HTTP/1.1" 200 3389 "https://amazingsportwear.com/wp-cron.php?doing_wp_cron=1574667283.5304279327392578125000" "WordPress/5.2.4; https://amazingsportwear.com" "-"
66.249.66.70 - - [25/Nov/2019:08:34:42 +0100] "GET /producto/kit-emergencia-yardim/ HTTP/1.1" 200 91276 "-" "Mozilla/5.0 (Linux; Android 6.0.1; Nexus 5X Build/MMB29P) AppleWebKit/537.36 (KHTML, like Gecko) Chrome/41.0.2272.96 Mobile Safari/537.36 (compatible; Googlebot/2.1; +http://www.google.com/bot.html)" "-"
66.249.66.68 - - [25/Nov/2019:08:34:48 +0100] "POST /?wc-ajax=get_refreshed_fragments HTTP/1.1" 200 4760 "https://amazingsportwear.com/producto/kit-emergencia-yardim/" "Mozilla/5.0 (Linux; Android 6.0.1; Nexus 5X Build/MMB29P) AppleWebKit/537.36 (KHTML, like Gecko) Chrome/41.0.2272.96 Mobile Safari/537.36 (compatible; Googlebot/2.1; +http://www.google.com/bot.html)" "_ga=GA1.2.969013651.1574640000; _gid=GA1.2.1978218920.1574640000; _gat_gtag_UA_91619287_1=1"
177.247.86.183 - - [25/Nov/2019:08:36:16 +0100] "GET /wp-content/uploads/2019/04/Gorra-sport-10.png HTTP/1.1" 200 60426 "https://www.google.com/" "Mozilla/5.0 (Windows NT 10.0; Win64; x64) AppleWebKit/537.36 (KHTML, like Gecko) Chrome/78.0.3904.108 Safari/537.36" "-"
217.76.130.90 - - [25/Nov/2019:08:43:31 +0100] "POST /wp-cron.php?doing_wp_cron=1574667811.3448119163513183593750 HTTP/1.1" 200 3389 "https://amazingsportwear.com/wp-cron.php?doing_wp_cron=1574667811.3448119163513183593750" "WordPress/5.2.4; https://amazingsportwear.com" "-"
157.55.39.152 - - [25/Nov/2019:08:43:30 +0100] "GET /robots.txt HTTP/1.1" 200 2297 "-" "Mozilla/5.0 (compatible; bingbot/2.0; +http://www.bing.com/bingbot.htm)" "-"
207.46.13.69 - - [25/Nov/2019:08:43:31 +0100] "GET /tienda/260-rinonera-wanel-cat-5311.html HTTP/1.1" 404 68079 "-" "Mozilla/5.0 (compatible; bingbot/2.0; +http://www.bing.com/bingbot.htm)" "-"
157.55.39.152 - - [25/Nov/2019:08:43:32 +0100] "GET /robots.txt HTTP/1.1" 200 3939 "-" "Mozilla/5.0 (compatible; bingbot/2.0; +http://www.bing.com/bingbot.htm)" "-"
217.76.130.90 - - [25/Nov/2019:08:57:45 +0100] "POST /wp-cron.php?doing_wp_cron=1574668665.3440420627593994140625 HTTP/1.1" 200 3389 "https://amazingsportwear.com/wp-cron.php?doing_wp_cron=1574668665.3440420627593994140625" "WordPress/5.2.4; https://amazingsportwear.com" "-"
66.249.66.70 - - [25/Nov/2019:08:57:44 +0100] "GET /categoria-producto/hombre/camisetas/page/7/ HTTP/1.1" 200 68590 "-" "Mozilla/5.0 (Linux; Android 6.0.1; Nexus 5X Build/MMB29P) AppleWebKit/537.36 (KHTML, like Gecko) Chrome/41.0.2272.96 Mobile Safari/537.36 (compatible; Googlebot/2.1; +http://www.google.com/bot.html)" "-"
217.76.130.90 - - [25/Nov/2019:09:04:34 +0100] "POST /wp-cron.php?doing_wp_cron=1574669074.4387369155883789062500 HTTP/1.1" 200 164 "http://amazingsportwear.com/wp-cron.php?doing_wp_cron=1574669074.4387369155883789062500" "WordPress/5.2.4; https://amazingsportwear.com" "-"
175.42.87.96 - - [25/Nov/2019:09:04:33 +0100] "GET / HTTP/1.1" 301 336 "http://www.barbarahome.top/blog/25045224/view/" "Mozilla/5.0 (Windows NT 6.1; Win64; x64; rv:69.0) Gecko/20100101 Firefox/69.0" "-"
175.42.87.96 - - [25/Nov/2019:09:04:38 +0100] "GET / HTTP/1.1" 200 125740 "http://www.barbarahome.top/blog/25045224/view/" "Mozilla/5.0 (Windows NT 6.1; Win64; x64; rv:69.0) Gecko/20100101 Firefox/69.0" "wpfront-notification-bar-landingpage=1"
147.75.127.215 - - [25/Nov/2019:09:08:23 +0100] "GET /wp-content/uploads/2019/04/Gorra-sport-10.png HTTP/1.1" 200 60426 "https://www.google.com/" "Mozilla/5.0 (Macintosh; Intel Mac OS X 10_14_6) AppleWebKit/537.36 (KHTML, like Gecko) Chrome/78.0.3904.97 Safari/537.36" "-"
217.76.130.90 - - [25/Nov/2019:09:23:29 +0100] "POST /wp-cron.php?doing_wp_cron=1574670208.9925019741058349609375 HTTP/1.1" 200 3389 "https://amazingsportwear.com/wp-cron.php?doing_wp_cron=1574670208.9925019741058349609375" "WordPress/5.2.4; https://amazingsportwear.com" "-"
66.249.66.68 - - [25/Nov/2019:09:23:24 +0100] "GET /categoria-producto/hombre/page/10/ HTTP/1.1" 200 71874 "-" "Mozilla/5.0 (compatible; Googlebot/2.1; +http://www.google.com/bot.html)" "-"
217.76.130.90 - - [25/Nov/2019:09:28:50 +0100] "POST /wp-cron.php?doing_wp_cron=1574670530.3244090080261230468750 HTTP/1.1" 200 164 "http://amazingsportwear.com/wp-cron.php?doing_wp_cron=1574670530.3244090080261230468750" "WordPress/5.2.4; https://amazingsportwear.com" "-"
66.102.8.156 - - [25/Nov/2019:09:28:48 +0100] "GET / HTTP/1.1" 301 336 "-" "Mozilla/5.0 (Windows NT 10.0; Win64; x64) AppleWebKit/537.36 (KHTML, like Gecko) Chrome/78.0.3904.70 Safari/537.36" "-"
66.102.8.146 - - [25/Nov/2019:09:28:50 +0100] "GET / HTTP/1.1" 200 125765 "-" "Mozilla/5.0 (Windows NT 10.0; Win64; x64) AppleWebKit/537.36 (KHTML, like Gecko) Chrome/78.0.3904.70 Safari/537.36" "wpfront-notification-bar-landingpage=1"
66.102.8.146 - - [25/Nov/2019:09:28:52 +0100] "GET /wp-content/plugins/smart-slider-3/nextend/media/dist/nextend-frontend.min.js?1559118093 HTTP/1.1" 200 86339 "https://amazingsportwear.com/" "Mozilla/5.0 (Windows NT 10.0; Win64; x64) AppleWebKit/537.36 (KHTML, like Gecko) Chrome/78.0.3904.70 Safari/537.36" "wpfront-notification-bar-landingpage=1"
66.102.8.144 - - [25/Nov/2019:09:28:53 +0100] "GET /wp-content/plugins/woocommerce/assets/css/blocks/style.css?ver=3.6.4 HTTP/1.1" 200 10060 "https://amazingsportwear.com/" "Mozilla/5.0 (Windows NT 10.0; Win64; x64) AppleWebKit/537.36 (KHTML, like Gecko) Chrome/78.0.3904.70 Safari/537.36" "wpfront-notification-bar-landingpage=1"
66.102.8.148 - - [25/Nov/2019:09:28:53 +0100] "GET /wp-content/plugins/cookie-law-info/public/js/cookie-law-info-public.js?ver=1.7.6 HTTP/1.1" 200 20439 "https://amazingsportwear.com/" "Mozilla/5.0 (Windows NT 10.0; Win64; x64) AppleWebKit/537.36 (KHTML, like Gecko) Chrome/78.0.3904.70 Safari/537.36" "wpfront-notification-bar-landingpage=1"
66.102.8.146 - - [25/Nov/2019:09:28:53 +0100] "GET /wp-content/plugins/woocommerce/assets/js/jquery-blockui/jquery.blockUI.min.js?ver=2.70 HTTP/1.1" 200 13271 "https://amazingsportwear.com/" "Mozilla/5.0 (Windows NT 10.0; Win64; x64) AppleWebKit/537.36 (KHTML, like Gecko) Chrome/78.0.3904.70 Safari/537.36" "wpfront-notification-bar-landingpage=1"
66.102.8.148 - - [25/Nov/2019:09:28:53 +0100] "GET /wp-content/plugins/smart-slider-3/library/media/plugins/type/simple/simple/dist/smartslider-simple-type-frontend.min.js?1559118093 HTTP/1.1" 200 22336 "https://amazingsportwear.com/" "Mozilla/5.0 (Windows NT 10.0; Win64; x64) AppleWebKit/537.36 (KHTML, like Gecko) Chrome/78.0.3904.70 Safari/537.36" "wpfront-notification-bar-landingpage=1"
66.102.8.146 - - [25/Nov/2019:09:28:53 +0100] "GET /wp-content/plugins/wpfront-notification-bar/jquery-plugins/jquery.c.js?ver=1.4.0 HTTP/1.1" 200 6800 "https://amazingsportwear.com/" "Mozilla/5.0 (Windows NT 10.0; Win64; x64) AppleWebKit/537.36 (KHTML, like Gecko) Chrome/78.0.3904.70 Safari/537.36" "wpfront-notification-bar-landingpage=1"
66.102.8.146 - - [25/Nov/2019:09:28:53 +0100] "GET /wp-content/plugins/simple-social-icons/css/style.css?ver=3.0.1 HTTP/1.1" 200 4925 "https://amazingsportwear.com/" "Mozilla/5.0 (Windows NT 10.0; Win64; x64) AppleWebKit/537.36 (KHTML, like Gecko) Chrome/78.0.3904.70 Safari/537.36" "wpfront-notification-bar-landingpage=1"
66.102.8.148 - - [25/Nov/2019:09:28:53 +0100] "GET /wp-content/plugins/wpfront-notification-bar/css/wpfront-notification-bar.css?ver=1.7.1 HTTP/1.1" 200 7026 "https://amazingsportwear.com/" "Mozilla/5.0 (Windows NT 10.0; Win64; x64) AppleWebKit/537.36 (KHTML, like Gecko) Chrome/78.0.3904.70 Safari/537.36" "wpfront-notification-bar-landingpage=1"
66.102.8.144 - - [25/Nov/2019:09:28:53 +0100] "GET /wp-content/plugins/woocommerce/assets/js/frontend/woocommerce.min.js?ver=3.6.4 HTTP/1.1" 200 5176 "https://amazingsportwear.com/" "Mozilla/5.0 (Windows NT 10.0; Win64; x64) AppleWebKit/537.36 (KHTML, like Gecko) Chrome/78.0.3904.70 Safari/537.36" "wpfront-notification-bar-landingpage=1"
66.102.8.144 - - [25/Nov/2019:09:28:53 +0100] "GET /wp-content/plugins/smart-slider-3/nextend/media/dist/n2.min.js?1559118093 HTTP/1.1" 200 7199 "https://amazingsportwear.com/" "Mozilla/5.0 (Windows NT 10.0; Win64; x64) AppleWebKit/537.36 (KHTML, like Gecko) Chrome/78.0.3904.70 Safari/537.36" "wpfront-notification-bar-landingpage=1"
66.102.8.144 - - [25/Nov/2019:09:28:53 +0100] "GET /wp-content/plugins/simple-social-icons/svgxuse.js?ver=1.1.21 HTTP/1.1" 200 12943 "https://amazingsportwear.com/" "Mozilla/5.0 (Windows NT 10.0; Win64; x64) AppleWebKit/537.36 (KHTML, like Gecko) Chrome/78.0.3904.70 Safari/537.36" "wpfront-notification-bar-landingpage=1"
66.102.8.146 - - [25/Nov/2019:09:28:53 +0100] "GET /wp-content/themes/shopper/assets/js/crm.js?ver=1561548510 HTTP/1.1" 200 4237 "https://amazingsportwear.com/" "Mozilla/5.0 (Windows NT 10.0; Win64; x64) AppleWebKit/537.36 (KHTML, like Gecko) Chrome/78.0.3904.70 Safari/537.36" "wpfront-notification-bar-landingpage=1"
66.102.8.148 - - [25/Nov/2019:09:28:53 +0100] "GET /wp-content/themes/shopper/style.css?ver=1.3.8 HTTP/1.1" 200 128678 "https://amazingsportwear.com/" "Mozilla/5.0 (Windows NT 10.0; Win64; x64) AppleWebKit/537.36 (KHTML, like Gecko) Chrome/78.0.3904.70 Safari/537.36" "wpfront-notification-bar-landingpage=1"
66.102.8.148 - - [25/Nov/2019:09:28:53 +0100] "GET /wp-content/plugins/elementor/assets/lib/animations/animations.min.css?ver=2.5.16 HTTP/1.1" 200 22196 "https://amazingsportwear.com/" "Mozilla/5.0 (Windows NT 10.0; Win64; x64) AppleWebKit/537.36 (KHTML, like Gecko) Chrome/78.0.3904.70 Safari/537.36" "wpfront-notification-bar-landingpage=1"
66.102.8.144 - - [25/Nov/2019:09:28:53 +0100] "GET /wp-includes/css/dist/block-library/style.min.css?ver=5.2.4 HTTP/1.1" 200 33023 "https://amazingsportwear.com/" "Mozilla/5.0 (Windows NT 10.0; Win64; x64) AppleWebKit/537.36 (KHTML, like Gecko) Chrome/78.0.3904.70 Safari/537.36" "wpfront-notification-bar-landingpage=1"
66.102.8.144 - - [25/Nov/2019:09:28:53 +0100] "GET /wp-content/themes/shopper/assets/js/shopper.min.js?ver=1.3.8 HTTP/1.1" 200 5994 "https://amazingsportwear.com/" "Mozilla/5.0 (Windows NT 10.0; Win64; x64) AppleWebKit/537.36 (KHTML, like Gecko) Chrome/78.0.3904.70 Safari/537.36" "wpfront-notification-bar-landingpage=1"
66.102.8.146 - - [25/Nov/2019:09:28:53 +0100] "GET /wp-includes/js/jquery/jquery-migrate.min.js?ver=1.4.1 HTTP/1.1" 200 13762 "https://amazingsportwear.com/" "Mozilla/5.0 (Windows NT 10.0; Win64; x64) AppleWebKit/537.36 (KHTML, like Gecko) Chrome/78.0.3904.70 Safari/537.36" "wpfront-notification-bar-landingpage=1"
66.102.8.148 - - [25/Nov/2019:09:28:53 +0100] "GET /wp-content/plugins/woocommerce/assets/js/frontend/add-to-cart.min.js?ver=3.6.4 HTTP/1.1" 200 6346 "https://amazingsportwear.com/" "Mozilla/5.0 (Windows NT 10.0; Win64; x64) AppleWebKit/537.36 (KHTML, like Gecko) Chrome/78.0.3904.70 Safari/537.36" "wpfront-notification-bar-landingpage=1"
66.102.8.144 - - [25/Nov/2019:09:28:53 +0100] "GET /wp-content/plugins/cookie-law-info/public/css/cookie-law-info-gdpr.css?ver=1.7.6 HTTP/1.1" 200 15808 "https://amazingsportwear.com/" "Mozilla/5.0 (Windows NT 10.0; Win64; x64) AppleWebKit/537.36 (KHTML, like Gecko) Chrome/78.0.3904.70 Safari/537.36" "wpfront-notification-bar-landingpage=1"
