60.185.73.234 - - [16/Dec/2019:13:08:54 +0100] "GET /producto/camiseta-tecnica-dinamic HTTP/1.1" 301 3557 "-" "Mozilla/5.0 (Linux; Android 7.0; FRD-AL00 Build/HUAWEIFRD-AL00; wv) AppleWebKit/537.36 (KHTML, like Gecko) Version/4.0 Chrome/53.0.2785.49 Mobile MQQBrowser/6.2 TBS/043602 Safari/537.36 MicroMessenger/6.5.16.1120 NetType/WIFI Language/zh_CN" "-"
40.77.167.39 - - [16/Dec/2019:13:08:55 +0100] "GET /wp-content/uploads/2019/04/HALMIK-VERDE.png HTTP/1.1" 200 109229 "-" "Mozilla/5.0 (compatible; bingbot/2.0; +http://www.bing.com/bingbot.htm)" "-"
217.76.130.90 - - [16/Dec/2019:13:09:03 +0100] "POST /wp-cron.php?doing_wp_cron=1576498143.6155090332031250000000 HTTP/1.1" 200 3389 "https://amazingsportwear.com/wp-cron.php?doing_wp_cron=1576498143.6155090332031250000000" "WordPress/5.2.5; https://amazingsportwear.com" "-"
60.185.73.234 - - [16/Dec/2019:13:08:57 +0100] "GET /producto/camiseta-tecnica-dinamic/ HTTP/1.1" 200 102259 "-" "Mozilla/5.0 (Linux; Android 7.0; FRD-AL00 Build/HUAWEIFRD-AL00; wv) AppleWebKit/537.36 (KHTML, like Gecko) Version/4.0 Chrome/53.0.2785.49 Mobile MQQBrowser/6.2 TBS/043602 Safari/537.36 MicroMessenger/6.5.16.1120 NetType/WIFI Language/zh_CN" "wpfront-notification-bar-landingpage=1"
115.153.141.238 - - [16/Dec/2019:13:09:02 +0100] "GET /producto/camiseta-portero-futbol-manga-larga-2/?add-to-cart=18687 HTTP/1.1" 200 76910 "-" "Mozilla/5.0(Linux;U;Android 5.1.1;zh-CN;OPPO A33 Build/LMY47V) AppleWebKit/537.36(KHTML,like Gecko) Version/4.0 Chrome/40.0.2214.89 UCBrowser/11.7.0.953 Mobile Safari/537.36" "woocommerce_cart_hash=3a9b7e7b54187cee8ef2a0db1406fb4e; woocommerce_items_in_cart=1; wp_woocommerce_session_fb86dbb0e6335d960ea3e94e06b25287=622492a84a0d51958f90a13503b42a65%7C%7C1576670929%7C%7C1576667329%7C%7Cb50d1abbe5c3b0dc6660251d82919788; wpfront-notification-bar-landingpage=1"
59.63.75.206 - - [16/Dec/2019:13:09:10 +0100] "GET /etiqueta-producto/polo-nino HTTP/1.1" 301 3551 "-" "Mozilla/5.0 (Linux; Android 7.0; FRD-AL00 Build/HUAWEIFRD-AL00; wv) AppleWebKit/537.36 (KHTML, like Gecko) Version/4.0 Chrome/53.0.2785.49 Mobile MQQBrowser/6.2 TBS/043602 Safari/537.36 MicroMessenger/6.5.16.1120 NetType/WIFI Language/zh_CN" "-"
59.63.75.206 - - [16/Dec/2019:13:09:19 +0100] "GET /etiqueta-producto/polo-nino/ HTTP/1.1" 200 53723 "-" "Mozilla/5.0 (Linux; Android 7.0; FRD-AL00 Build/HUAWEIFRD-AL00; wv) AppleWebKit/537.36 (KHTML, like Gecko) Version/4.0 Chrome/53.0.2785.49 Mobile MQQBrowser/6.2 TBS/043602 Safari/537.36 MicroMessenger/6.5.16.1120 NetType/WIFI Language/zh_CN" "wpfront-notification-bar-landingpage=1"
17.58.96.177 - - [16/Dec/2019:13:09:34 +0100] "GET /nuestros-trabajos/ HTTP/1.1" 200 68587 "-" "Mozilla/5.0 (Macintosh; Intel Mac OS X 10_10_1) AppleWebKit/600.2.5 (KHTML, like Gecko) Version/8.0.2 Safari/600.2.5 (Applebot/0.1; +http://www.apple.com/go/applebot)" "-"
217.76.130.90 - - [16/Dec/2019:13:16:32 +0100] "POST /wp-cron.php?doing_wp_cron=1576498592.1492500305175781250000 HTTP/1.1" 200 3389 "https://amazingsportwear.com/wp-cron.php?doing_wp_cron=1576498592.1492500305175781250000" "WordPress/5.2.5; https://amazingsportwear.com" "-"
40.77.167.39 - - [16/Dec/2019:13:16:29 +0100] "GET /etiqueta-producto/tapon-rosca/ HTTP/1.1" 200 53987 "-" "Mozilla/5.0 (compatible; bingbot/2.0; +http://www.bing.com/bingbot.htm)" "-"
83.48.53.127 - - [16/Dec/2019:13:18:50 +0100] "GET /wp-content/uploads/2019/04/mochila-decath-8.png HTTP/1.1" 200 100019 "https://www.google.com/" "Mozilla/5.0 (Windows NT 6.1; Win64; x64) AppleWebKit/537.36 (KHTML, like Gecko) Chrome/78.0.3904.108 Safari/537.36" "-"
217.76.130.90 - - [16/Dec/2019:13:19:32 +0100] "POST /wp-cron.php?doing_wp_cron=1576498772.3566100597381591796875 HTTP/1.1" 200 164 "http://amazingsportwear.com/wp-cron.php?doing_wp_cron=1576498772.3566100597381591796875" "WordPress/5.2.5; https://amazingsportwear.com" "-"
67.227.39.196 - - [16/Dec/2019:13:19:31 +0100] "GET / HTTP/1.1" 301 336 "-" "Mozilla/5.0 (Windows NT 10.0; Win64; x64) AppleWebKit/537.36 (KHTML, like Gecko) Chrome/76.0.3809.132 Safari/537.36" "-"
67.227.39.196 - - [16/Dec/2019:13:19:33 +0100] "GET / HTTP/1.1" 200 125807 "-" "Mozilla/5.0 (Windows NT 10.0; Win64; x64) AppleWebKit/537.36 (KHTML, like Gecko) Chrome/76.0.3809.132 Safari/537.36" "-"
217.76.130.90 - - [16/Dec/2019:13:26:09 +0100] "POST /wp-cron.php?doing_wp_cron=1576499169.9065411090850830078125 HTTP/1.1" 200 3389 "https://amazingsportwear.com/wp-cron.php?doing_wp_cron=1576499169.9065411090850830078125" "WordPress/5.2.5; https://amazingsportwear.com" "-"
66.249.69.210 - - [16/Dec/2019:13:26:08 +0100] "GET /producto/gorra-sport/ HTTP/1.1" 200 102823 "-" "Mozilla/5.0 (compatible; Googlebot/2.1; +http://www.google.com/bot.html)" "-"
66.249.69.208 - - [16/Dec/2019:13:26:18 +0100] "POST /?wc-ajax=get_refreshed_fragments HTTP/1.1" 200 4760 "https://amazingsportwear.com/producto/gorra-sport/" "Mozilla/5.0 AppleWebKit/537.36 (KHTML, like Gecko; compatible; Googlebot/2.1; +http://www.google.com/bot.html) Safari/537.36" "_ga=GA1.2.931330593.1576454400; _gid=GA1.2.2074753562.1576454400; _gat_gtag_UA_91619287_1=1"
217.76.130.90 - - [16/Dec/2019:13:28:30 +0100] "POST /wp-cron.php?doing_wp_cron=1576499310.5228700637817382812500 HTTP/1.1" 200 3389 "https://amazingsportwear.com/wp-cron.php?doing_wp_cron=1576499310.5228700637817382812500" "WordPress/5.2.5; https://amazingsportwear.com" "-"
112.113.68.96 - - [16/Dec/2019:13:28:29 +0100] "GET /producto/gorra-lorenz HTTP/1.1" 301 3545 "-" "Mozilla/5.0(Linux;Android 5.1.1;OPPO A33 Build/LMY47V;wv) AppleWebKit/537.36(KHTML,link Gecko) Version/4.0 Chrome/42.0.2311.138 Mobile Safari/537.36 Mb2345Browser/9.0" "-"
88.0.158.222 - - [16/Dec/2019:13:28:37 +0100] "GET /wp-content/uploads/2019/04/Gorra-sport-12.png HTTP/1.1" 200 95673 "https://www.google.com/" "Mozilla/5.0 (Macintosh; Intel Mac OS X 10_12_2) AppleWebKit/537.36 (KHTML, like Gecko) Chrome/78.0.3904.97 Safari/537.36" "-"
183.93.98.48 - - [16/Dec/2019:13:28:39 +0100] "GET /producto/polo-tecnico-woman-aq-polo-woman HTTP/1.1" 301 3565 "-" "Mozilla/5.0 (Linux; Android 7.0; FRD-AL00 Build/HUAWEIFRD-AL00; wv) AppleWebKit/537.36 (KHTML, like Gecko) Version/4.0 Chrome/53.0.2785.49 Mobile MQQBrowser/6.2 TBS/043602 Safari/537.36 MicroMessenger/6.5.16.1120 NetType/WIFI Language/zh_CN" "-"
112.113.68.96 - - [16/Dec/2019:13:28:47 +0100] "GET /producto/gorra-lorenz/ HTTP/1.1" 200 94338 "-" "Mozilla/5.0(Linux;Android 5.1.1;OPPO A33 Build/LMY47V;wv) AppleWebKit/537.36(KHTML,link Gecko) Version/4.0 Chrome/42.0.2311.138 Mobile Safari/537.36 Mb2345Browser/9.0" "wpfront-notification-bar-landingpage=1"
167.62.150.191 - - [16/Dec/2019:13:34:24 +0100] "GET /wp-content/uploads/2019/04/gorra-five-3.png HTTP/1.1" 200 84607 "https://www.google.com/" "Mozilla/5.0 (Windows NT 10.0; Win64; x64) AppleWebKit/537.36 (KHTML, like Gecko) Chrome/78.0.3904.108 Safari/537.36" "-"
217.76.130.90 - - [16/Dec/2019:13:47:03 +0100] "POST /wp-cron.php?doing_wp_cron=1576500423.4957540035247802734375 HTTP/1.1" 200 3389 "https://amazingsportwear.com/wp-cron.php?doing_wp_cron=1576500423.4957540035247802734375" "WordPress/5.2.5; https://amazingsportwear.com" "-"
120.230.80.184 - - [16/Dec/2019:13:47:01 +0100] "GET /producto/camiseta-tecnica-dinamic-combi HTTP/1.1" 301 3563 "-" "Mozilla/5.0(Linux;Android 5.1.1;OPPO A33 Build/LMY47V;wv) AppleWebKit/537.36(KHTML,link Gecko) Version/4.0 Chrome/43.0.2357.121 Mobile Safari/537.36 LieBaoFast/4.51.3" "-"
217.76.130.90 - - [16/Dec/2019:13:55:01 +0100] "POST /wp-cron.php?doing_wp_cron=1576500901.2886090278625488281250 HTTP/1.1" 200 164 "http://amazingsportwear.com/wp-cron.php?doing_wp_cron=1576500901.2886090278625488281250" "WordPress/5.2.5; https://amazingsportwear.com" "-"
162.220.48.34 - - [16/Dec/2019:13:54:58 +0100] "GET /wp-admin/comment.php HTTP/1.1" 302 394 "http://site.ru" "Mozilla/5.0 (Windows; U; Windows NT 5.1; en-US) AppleWebKit/533.4 (KHTML, like Gecko) Chrome/5.0.375.99 Safari/533.4" "-"
162.220.48.34 - - [16/Dec/2019:13:55:00 +0100] "GET /wp-admin/comment.php HTTP/1.1" 302 394 "http://site.ru" "Mozilla/5.0 (Windows; U; Windows NT 5.1; en-US) AppleWebKit/533.4 (KHTML, like Gecko) Chrome/5.0.375.99 Safari/533.4" "-"
217.76.130.90 - - [16/Dec/2019:13:55:03 +0100] "POST /wp-cron.php?doing_wp_cron=1576500903.1845850944519042968750 HTTP/1.1" 200 3389 "https://amazingsportwear.com/wp-cron.php?doing_wp_cron=1576500903.1845850944519042968750" "WordPress/5.2.5; https://amazingsportwear.com" "-"
162.220.48.34 - - [16/Dec/2019:13:55:02 +0100] "GET /wp-admin/comment.php HTTP/1.1" 302 3697 "http://site.ru" "Mozilla/5.0 (Windows; U; Windows NT 5.1; en-US) AppleWebKit/533.4 (KHTML, like Gecko) Chrome/5.0.375.99 Safari/533.4" "-"
162.220.48.34 - - [16/Dec/2019:13:55:02 +0100] "GET /wp-admin/comment.php HTTP/1.1" 302 3697 "http://site.ru" "Mozilla/5.0 (Windows; U; Windows NT 5.1; en-US) AppleWebKit/533.4 (KHTML, like Gecko) Chrome/5.0.375.99 Safari/533.4" "-"
162.220.48.34 - - [16/Dec/2019:13:55:03 +0100] "GET /wp-login.php?redirect_to=https%3A%2F%2Famazingsportwear.com%2Fwp-admin%2Fcomment.php&reauth=1 HTTP/1.1" 200 6707 "http://site.ru" "Mozilla/5.0 (Windows; U; Windows NT 5.1; en-US) AppleWebKit/533.4 (KHTML, like Gecko) Chrome/5.0.375.99 Safari/533.4" "-"
162.220.48.34 - - [16/Dec/2019:13:55:03 +0100] "GET /wp-login.php?redirect_to=https%3A%2F%2Famazingsportwear.com%2Fwp-admin%2Fcomment.php&reauth=1 HTTP/1.1" 200 6707 "http://site.ru" "Mozilla/5.0 (Windows; U; Windows NT 5.1; en-US) AppleWebKit/533.4 (KHTML, like Gecko) Chrome/5.0.375.99 Safari/533.4" "-"
157.55.39.168 - - [16/Dec/2019:14:02:57 +0100] "GET /producto/zapatillero-pirlo/ HTTP/1.1" 200 95117 "-" "Mozilla/5.0 (compatible; bingbot/2.0; +http://www.bing.com/bingbot.htm)" "-"
88.19.50.199 - - [16/Dec/2019:14:03:32 +0100] "GET /wp-content/uploads/2019/03/SA-0405-2.png HTTP/1.1" 200 47210 "https://www.google.com/blank.html" "Mozilla/5.0 (Linux; Android 9; FIG-LX1 Build/HUAWEIFIG-L31; wv) AppleWebKit/537.36 (KHTML, like Gecko) Version/4.0 Chrome/78.0.3904.108 Mobile Safari/537.36 GSA/10.87.15.21.arm64" "-"
217.76.130.90 - - [16/Dec/2019:14:16:25 +0100] "POST /wp-cron.php?doing_wp_cron=1576502185.0499010086059570312500 HTTP/1.1" 200 3389 "https://amazingsportwear.com/wp-cron.php?doing_wp_cron=1576502185.0499010086059570312500" "WordPress/5.2.5; https://amazingsportwear.com" "-"
106.38.241.105 - - [16/Dec/2019:14:16:22 +0100] "GET /robots.txt HTTP/1.1" 200 3906 "-" "Sogou web spider/4.0(+http://www.sogou.com/docs/help/webmasters.htm#07)" "-"
177.224.205.176 - - [16/Dec/2019:14:23:59 +0100] "GET /wp-content/uploads/2019/04/Gorra-sport-6.png HTTP/1.1" 200 44623 "https://www.google.com/" "Mozilla/5.0 (Windows NT 10.0; Win64; x64) AppleWebKit/537.36 (KHTML, like Gecko) Chrome/79.0.3945.79 Safari/537.36" "-"
217.76.130.90 - - [16/Dec/2019:14:33:12 +0100] "POST /wp-cron.php?doing_wp_cron=1576503192.2827010154724121093750 HTTP/1.1" 200 3389 "https://amazingsportwear.com/wp-cron.php?doing_wp_cron=1576503192.2827010154724121093750" "WordPress/5.2.5; https://amazingsportwear.com" "-"
157.55.39.168 - - [16/Dec/2019:14:33:09 +0100] "GET /aviso-legal/ HTTP/1.1" 200 58757 "-" "Mozilla/5.0 (compatible; bingbot/2.0; +http://www.bing.com/bingbot.htm)" "-"
217.76.130.90 - - [16/Dec/2019:14:43:20 +0100] "POST /wp-cron.php?doing_wp_cron=1576503800.4564409255981445312500 HTTP/1.1" 200 3389 "https://amazingsportwear.com/wp-cron.php?doing_wp_cron=1576503800.4564409255981445312500" "WordPress/5.2.5; https://amazingsportwear.com" "-"
66.249.69.212 - - [16/Dec/2019:14:43:18 +0100] "GET /producto/llavero-metalico-golf/ HTTP/1.1" 200 94554 "-" "Mozilla/5.0 (Linux; Android 6.0.1; Nexus 5X Build/MMB29P) AppleWebKit/537.36 (KHTML, like Gecko) Chrome/41.0.2272.96 Mobile Safari/537.36 (compatible; Googlebot/2.1; +http://www.google.com/bot.html)" "-"
217.76.130.90 - - [16/Dec/2019:14:44:56 +0100] "POST /wp-cron.php?doing_wp_cron=1576503896.8709220886230468750000 HTTP/1.1" 200 3389 "https://amazingsportwear.com/wp-cron.php?doing_wp_cron=1576503896.8709220886230468750000" "WordPress/5.2.5; https://amazingsportwear.com" "-"
66.249.69.212 - - [16/Dec/2019:14:44:55 +0100] "GET /producto/camiseta-tecnica-combinada-shangai-mujer/ HTTP/1.1" 200 111637 "-" "Mozilla/5.0 (Linux; Android 6.0.1; Nexus 5X Build/MMB29P) AppleWebKit/537.36 (KHTML, like Gecko) Chrome/41.0.2272.96 Mobile Safari/537.36 (compatible; Googlebot/2.1; +http://www.google.com/bot.html)" "-"
66.249.69.208 - - [16/Dec/2019:14:44:59 +0100] "GET /producto/camiseta-tecnica-combinada-shangai-mujer/ HTTP/1.1" 200 111111 "-" "Mozilla/5.0 (Linux; Android 6.0.1; Nexus 5X Build/MMB29P) AppleWebKit/537.36 (KHTML, like Gecko) Chrome/41.0.2272.96 Mobile Safari/537.36 (compatible; Googlebot/2.1; +http://www.google.com/bot.html)" "-"
66.249.69.208 - - [16/Dec/2019:14:45:04 +0100] "GET /wp-content/plugins/wpfront-notification-bar/css/wpfront-notification-bar.css?ver=1.7.1 HTTP/1.1" 200 3663 "https://amazingsportwear.com/producto/camiseta-tecnica-combinada-shangai-mujer/" "Mozilla/5.0 (Linux; Android 6.0.1; Nexus 5X Build/MMB29P) AppleWebKit/537.36 (KHTML, like Gecko) Chrome/41.0.2272.96 Mobile Safari/537.36 (compatible; Googlebot/2.1; +http://www.google.com/bot.html)" "-"
66.249.69.208 - - [16/Dec/2019:14:45:06 +0100] "GET /wp-content/plugins/wpfront-notification-bar/jquery-plugins/jquery.c.js?ver=1.4.0 HTTP/1.1" 200 3437 "https://amazingsportwear.com/producto/camiseta-tecnica-combinada-shangai-mujer/" "Mozilla/5.0 (Linux; Android 6.0.1; Nexus 5X Build/MMB29P) AppleWebKit/537.36 (KHTML, like Gecko) Chrome/41.0.2272.96 Mobile Safari/537.36 (compatible; Googlebot/2.1; +http://www.google.com/bot.html)" "-"
66.249.69.210 - - [16/Dec/2019:14:45:07 +0100] "GET /wp-content/plugins/woocommerce/assets/css/blocks/style.css?ver=3.6.4 HTTP/1.1" 200 10060 "https://amazingsportwear.com/producto/camiseta-tecnica-combinada-shangai-mujer/" "Mozilla/5.0 (Linux; Android 6.0.1; Nexus 5X Build/MMB29P) AppleWebKit/537.36 (KHTML, like Gecko) Chrome/41.0.2272.96 Mobile Safari/537.36 (compatible; Googlebot/2.1; +http://www.google.com/bot.html)" "-"
66.249.69.208 - - [16/Dec/2019:14:45:08 +0100] "GET /wp-includes/js/jquery/jquery.js?ver=1.12.4-wp HTTP/1.1" 200 97362 "https://amazingsportwear.com/producto/camiseta-tecnica-combinada-shangai-mujer/" "Mozilla/5.0 (Linux; Android 6.0.1; Nexus 5X Build/MMB29P) AppleWebKit/537.36 (KHTML, like Gecko) Chrome/41.0.2272.96 Mobile Safari/537.36 (compatible; Googlebot/2.1; +http://www.google.com/bot.html)" "-"
66.249.69.208 - - [16/Dec/2019:14:45:10 +0100] "GET /wp-content/plugins/woocommerce/assets/css/photoswipe/default-skin/default-skin.css?ver=3.6.4 HTTP/1.1" 200 11943 "https://amazingsportwear.com/producto/camiseta-tecnica-combinada-shangai-mujer/" "Mozilla/5.0 (Linux; Android 6.0.1; Nexus 5X Build/MMB29P) AppleWebKit/537.36 (KHTML, like Gecko) Chrome/41.0.2272.96 Mobile Safari/537.36 (compatible; Googlebot/2.1; +http://www.google.com/bot.html)" "-"
66.249.69.208 - - [16/Dec/2019:14:45:11 +0100] "GET /wp-content/plugins/cookie-law-info/public/css/cookie-law-info-public.css?ver=1.7.6 HTTP/1.1" 200 3235 "https://amazingsportwear.com/producto/camiseta-tecnica-combinada-shangai-mujer/" "Mozilla/5.0 (Linux; Android 6.0.1; Nexus 5X Build/MMB29P) AppleWebKit/537.36 (KHTML, like Gecko) Chrome/41.0.2272.96 Mobile Safari/537.36 (compatible; Googlebot/2.1; +http://www.google.com/bot.html)" "-"
66.249.69.208 - - [16/Dec/2019:14:45:12 +0100] "GET /wp-includes/css/dist/block-library/style.min.css?ver=5.2.5 HTTP/1.1" 200 29660 "https://amazingsportwear.com/producto/camiseta-tecnica-combinada-shangai-mujer/" "Mozilla/5.0 (Linux; Android 6.0.1; Nexus 5X Build/MMB29P) AppleWebKit/537.36 (KHTML, like Gecko) Chrome/41.0.2272.96 Mobile Safari/537.36 (compatible; Googlebot/2.1; +http://www.google.com/bot.html)" "-"
66.249.69.208 - - [16/Dec/2019:14:45:12 +0100] "GET /wp-content/themes/shopper/assets/sass/woocommerce/woocommerce.css?ver=5.2.5 HTTP/1.1" 200 83534 "https://amazingsportwear.com/producto/camiseta-tecnica-combinada-shangai-mujer/" "Mozilla/5.0 (Linux; Android 6.0.1; Nexus 5X Build/MMB29P) AppleWebKit/537.36 (KHTML, like Gecko) Chrome/41.0.2272.96 Mobile Safari/537.36 (compatible; Googlebot/2.1; +http://www.google.com/bot.html)" "-"
66.249.69.208 - - [16/Dec/2019:14:45:13 +0100] "GET /wp-content/themes/shopper/style.css?ver=1.3.8 HTTP/1.1" 200 125315 "https://amazingsportwear.com/producto/camiseta-tecnica-combinada-shangai-mujer/" "Mozilla/5.0 (Linux; Android 6.0.1; Nexus 5X Build/MMB29P) AppleWebKit/537.36 (KHTML, like Gecko) Chrome/41.0.2272.96 Mobile Safari/537.36 (compatible; Googlebot/2.1; +http://www.google.com/bot.html)" "-"
66.249.69.208 - - [16/Dec/2019:14:45:14 +0100] "GET /wp-content/plugins/simple-social-icons/css/style.css?ver=3.0.1 HTTP/1.1" 200 1562 "https://amazingsportwear.com/producto/camiseta-tecnica-combinada-shangai-mujer/" "Mozilla/5.0 (Linux; Android 6.0.1; Nexus 5X Build/MMB29P) AppleWebKit/537.36 (KHTML, like Gecko) Chrome/41.0.2272.96 Mobile Safari/537.36 (compatible; Googlebot/2.1; +http://www.google.com/bot.html)" "-"
66.249.69.208 - - [16/Dec/2019:14:45:15 +0100] "GET /wp-includes/js/jquery/jquery-migrate.min.js?ver=1.4.1 HTTP/1.1" 200 10399 "https://amazingsportwear.com/producto/camiseta-tecnica-combinada-shangai-mujer/" "Mozilla/5.0 (Linux; Android 6.0.1; Nexus 5X Build/MMB29P) AppleWebKit/537.36 (KHTML, like Gecko) Chrome/41.0.2272.96 Mobile Safari/537.36 (compatible; Googlebot/2.1; +http://www.google.com/bot.html)" "-"
66.249.69.208 - - [16/Dec/2019:14:45:15 +0100] "GET /wp-content/plugins/cookie-law-info/public/js/cookie-law-info-public.js?ver=1.7.6 HTTP/1.1" 200 17076 "https://amazingsportwear.com/producto/camiseta-tecnica-combinada-shangai-mujer/" "Mozilla/5.0 (Linux; Android 6.0.1; Nexus 5X Build/MMB29P) AppleWebKit/537.36 (KHTML, like Gecko) Chrome/41.0.2272.96 Mobile Safari/537.36 (compatible; Googlebot/2.1; +http://www.google.com/bot.html)" "-"
66.249.69.208 - - [16/Dec/2019:14:45:16 +0100] "GET /wp-includes/js/jquery/jquery.js HTTP/1.1" 200 97362 "https://amazingsportwear.com/producto/camiseta-tecnica-combinada-shangai-mujer/" "Mozilla/5.0 (Linux; Android 6.0.1; Nexus 5X Build/MMB29P) AppleWebKit/537.36 (KHTML, like Gecko) Chrome/41.0.2272.96 Mobile Safari/537.36 (compatible; Googlebot/2.1; +http://www.google.com/bot.html)" "-"
66.249.69.208 - - [16/Dec/2019:14:45:17 +0100] "GET /wp-content/plugins/simple-social-icons/svgxuse.js?ver=1.1.21 HTTP/1.1" 200 9580 "https://amazingsportwear.com/producto/camiseta-tecnica-combinada-shangai-mujer/" "Mozilla/5.0 (Linux; Android 6.0.1; Nexus 5X Build/MMB29P) AppleWebKit/537.36 (KHTML, like Gecko) Chrome/41.0.2272.96 Mobile Safari/537.36 (compatible; Googlebot/2.1; +http://www.google.com/bot.html)" "-"
66.249.69.208 - - [16/Dec/2019:14:45:18 +0100] "GET /wp-content/plugins/woocommerce/assets/css/photoswipe/photoswipe.css?ver=3.6.4 HTTP/1.1" 200 4472 "https://amazingsportwear.com/producto/camiseta-tecnica-combinada-shangai-mujer/" "Mozilla/5.0 (Linux; Android 6.0.1; Nexus 5X Build/MMB29P) AppleWebKit/537.36 (KHTML, like Gecko) Chrome/41.0.2272.96 Mobile Safari/537.36 (compatible; Googlebot/2.1; +http://www.google.com/bot.html)" "-"
66.249.69.208 - - [16/Dec/2019:14:45:18 +0100] "GET /wp-content/plugins/cookie-law-info/public/css/cookie-law-info-gdpr.css?ver=1.7.6 HTTP/1.1" 200 12445 "https://amazingsportwear.com/producto/camiseta-tecnica-combinada-shangai-mujer/" "Mozilla/5.0 (Linux; Android 6.0.1; Nexus 5X Build/MMB29P) AppleWebKit/537.36 (KHTML, like Gecko) Chrome/41.0.2272.96 Mobile Safari/537.36 (compatible; Googlebot/2.1; +http://www.google.com/bot.html)" "-"
66.249.69.208 - - [16/Dec/2019:14:45:19 +0100] "GET /wp-content/plugins/product-enquiry-for-woocommerce/css/wdm-jquery-ui.css?ver=5.2.5 HTTP/1.1" 200 27001 "https://amazingsportwear.com/producto/camiseta-tecnica-combinada-shangai-mujer/" "Mozilla/5.0 (Linux; Android 6.0.1; Nexus 5X Build/MMB29P) AppleWebKit/537.36 (KHTML, like Gecko) Chrome/41.0.2272.96 Mobile Safari/537.36 (compatible; Googlebot/2.1; +http://www.google.com/bot.html)" "-"
66.249.69.208 - - [16/Dec/2019:14:45:31 +0100] "GET /wp-content/plugins/wpfront-notification-bar/js/wpfront-notification-bar.js?ver=1.7.1 HTTP/1.1" 200 5662 "https://amazingsportwear.com/producto/camiseta-tecnica-combinada-shangai-mujer/" "Mozilla/5.0 (Linux; Android 6.0.1; Nexus 5X Build/MMB29P) AppleWebKit/537.36 (KHTML, like Gecko) Chrome/41.0.2272.96 Mobile Safari/537.36 (compatible; Googlebot/2.1; +http://www.google.com/bot.html)" "-"
66.249.69.208 - - [16/Dec/2019:14:45:33 +0100] "GET /wp-content/themes/shopper/assets/js/crm.js?ver=1561548510 HTTP/1.1" 200 874 "https://amazingsportwear.com/producto/camiseta-tecnica-combinada-shangai-mujer/" "Mozilla/5.0 (Linux; Android 6.0.1; Nexus 5X Build/MMB29P) AppleWebKit/537.36 (KHTML, like Gecko) Chrome/41.0.2272.96 Mobile Safari/537.36 (compatible; Googlebot/2.1; +http://www.google.com/bot.html)" "-"
66.249.69.208 - - [16/Dec/2019:14:45:34 +0100] "GET /wp-content/plugins/woocommerce/assets/js/jquery-blockui/jquery.blockUI.min.js?ver=2.70 HTTP/1.1" 200 9908 "https://amazingsportwear.com/producto/camiseta-tecnica-combinada-shangai-mujer/" "Mozilla/5.0 (Linux; Android 6.0.1; Nexus 5X Build/MMB29P) AppleWebKit/537.36 (KHTML, like Gecko) Chrome/41.0.2272.96 Mobile Safari/537.36 (compatible; Googlebot/2.1; +http://www.google.com/bot.html)" "-"
66.249.69.208 - - [16/Dec/2019:14:45:36 +0100] "GET /wp-content/plugins/woocommerce/assets/js/frontend/add-to-cart.min.js?ver=3.6.4 HTTP/1.1" 200 2983 "https://amazingsportwear.com/producto/camiseta-tecnica-combinada-shangai-mujer/" "Mozilla/5.0 (Linux; Android 6.0.1; Nexus 5X Build/MMB29P) AppleWebKit/537.36 (KHTML, like Gecko) Chrome/41.0.2272.96 Mobile Safari/537.36 (compatible; Googlebot/2.1; +http://www.google.com/bot.html)" "-"
66.249.69.208 - - [16/Dec/2019:14:45:37 +0100] "GET /wp-content/plugins/woocommerce/assets/js/zoom/jquery.zoom.min.js?ver=1.7.21 HTTP/1.1" 200 2957 "https://amazingsportwear.com/producto/camiseta-tecnica-combinada-shangai-mujer/" "Mozilla/5.0 (Linux; Android 6.0.1; Nexus 5X Build/MMB29P) AppleWebKit/537.36 (KHTML, like Gecko) Chrome/41.0.2272.96 Mobile Safari/537.36 (compatible; Googlebot/2.1; +http://www.google.com/bot.html)" "-"
66.249.69.208 - - [16/Dec/2019:14:45:38 +0100] "GET /wp-content/plugins/woocommerce/assets/js/flexslider/jquery.flexslider.min.js?ver=2.7.2 HTTP/1.1" 200 23232 "https://amazingsportwear.com/producto/camiseta-tecnica-combinada-shangai-mujer/" "Mozilla/5.0 (Linux; Android 6.0.1; Nexus 5X Build/MMB29P) AppleWebKit/537.36 (KHTML, like Gecko) Chrome/41.0.2272.96 Mobile Safari/537.36 (compatible; Googlebot/2.1; +http://www.google.com/bot.html)" "-"
66.249.69.208 - - [16/Dec/2019:14:45:39 +0100] "GET /wp-content/plugins/woocommerce/assets/js/photoswipe/photoswipe.min.js?ver=4.1.1 HTTP/1.1" 200 32276 "https://amazingsportwear.com/producto/camiseta-tecnica-combinada-shangai-mujer/" "Mozilla/5.0 (Linux; Android 6.0.1; Nexus 5X Build/MMB29P) AppleWebKit/537.36 (KHTML, like Gecko) Chrome/41.0.2272.96 Mobile Safari/537.36 (compatible; Googlebot/2.1; +http://www.google.com/bot.html)" "-"
66.249.69.208 - - [16/Dec/2019:14:45:40 +0100] "GET /wp-content/plugins/woocommerce/assets/js/photoswipe/photoswipe-ui-default.min.js?ver=4.1.1 HTTP/1.1" 200 10220 "https://amazingsportwear.com/producto/camiseta-tecnica-combinada-shangai-mujer/" "Mozilla/5.0 (Linux; Android 6.0.1; Nexus 5X Build/MMB29P) AppleWebKit/537.36 (KHTML, like Gecko) Chrome/41.0.2272.96 Mobile Safari/537.36 (compatible; Googlebot/2.1; +http://www.google.com/bot.html)" "-"
66.249.69.208 - - [16/Dec/2019:14:45:43 +0100] "GET /wp-content/plugins/woocommerce/assets/js/frontend/single-product.min.js?ver=3.6.4 HTTP/1.1" 200 6693 "https://amazingsportwear.com/producto/camiseta-tecnica-combinada-shangai-mujer/" "Mozilla/5.0 (Linux; Android 6.0.1; Nexus 5X Build/MMB29P) AppleWebKit/537.36 (KHTML, like Gecko) Chrome/41.0.2272.96 Mobile Safari/537.36 (compatible; Googlebot/2.1; +http://www.google.com/bot.html)" "-"
66.249.69.208 - - [16/Dec/2019:14:45:43 +0100] "GET /wp-content/plugins/woocommerce/assets/js/js-cookie/js.cookie.min.js?ver=2.1.4 HTTP/1.1" 200 2187 "https://amazingsportwear.com/producto/camiseta-tecnica-combinada-shangai-mujer/" "Mozilla/5.0 (Linux; Android 6.0.1; Nexus 5X Build/MMB29P) AppleWebKit/537.36 (KHTML, like Gecko) Chrome/41.0.2272.96 Mobile Safari/537.36 (compatible; Googlebot/2.1; +http://www.google.com/bot.html)" "-"
66.249.69.208 - - [16/Dec/2019:14:45:44 +0100] "GET /wp-content/plugins/woocommerce/assets/js/frontend/woocommerce.min.js?ver=3.6.4 HTTP/1.1" 200 1813 "https://amazingsportwear.com/producto/camiseta-tecnica-combinada-shangai-mujer/" "Mozilla/5.0 (Linux; Android 6.0.1; Nexus 5X Build/MMB29P) AppleWebKit/537.36 (KHTML, like Gecko) Chrome/41.0.2272.96 Mobile Safari/537.36 (compatible; Googlebot/2.1; +http://www.google.com/bot.html)" "-"
66.249.69.208 - - [16/Dec/2019:14:45:45 +0100] "GET /wp-content/plugins/woocommerce/assets/js/frontend/cart-fragments.min.js?ver=3.6.4 HTTP/1.1" 200 3281 "https://amazingsportwear.com/producto/camiseta-tecnica-combinada-shangai-mujer/" "Mozilla/5.0 (Linux; Android 6.0.1; Nexus 5X Build/MMB29P) AppleWebKit/537.36 (KHTML, like Gecko) Chrome/41.0.2272.96 Mobile Safari/537.36 (compatible; Googlebot/2.1; +http://www.google.com/bot.html)" "-"
66.249.69.208 - - [16/Dec/2019:14:45:45 +0100] "GET /wp-content/themes/shopper/assets/js/shopper.min.js?ver=1.3.8 HTTP/1.1" 200 5994 "https://amazingsportwear.com/producto/camiseta-tecnica-combinada-shangai-mujer/" "Mozilla/5.0 (Linux; Android 6.0.1; Nexus 5X Build/MMB29P) AppleWebKit/537.36 (KHTML, like Gecko) Chrome/41.0.2272.96 Mobile Safari/537.36 (compatible; Googlebot/2.1; +http://www.google.com/bot.html)" "-"
66.249.69.208 - - [16/Dec/2019:14:45:46 +0100] "GET /wp-content/themes/shopper/assets/js/skip-link-focus-fix.js?ver=1.3.8 HTTP/1.1" 200 1023 "https://amazingsportwear.com/producto/camiseta-tecnica-combinada-shangai-mujer/" "Mozilla/5.0 (Linux; Android 6.0.1; Nexus 5X Build/MMB29P) AppleWebKit/537.36 (KHTML, like Gecko) Chrome/41.0.2272.96 Mobile Safari/537.36 (compatible; Googlebot/2.1; +http://www.google.com/bot.html)" "-"
66.249.69.208 - - [16/Dec/2019:14:45:47 +0100] "GET /wp-includes/js/comment-reply.min.js?ver=5.2.5 HTTP/1.1" 200 2575 "https://amazingsportwear.com/producto/camiseta-tecnica-combinada-shangai-mujer/" "Mozilla/5.0 (Linux; Android 6.0.1; Nexus 5X Build/MMB29P) AppleWebKit/537.36 (KHTML, like Gecko) Chrome/41.0.2272.96 Mobile Safari/537.36 (compatible; Googlebot/2.1; +http://www.google.com/bot.html)" "-"
66.249.69.208 - - [16/Dec/2019:14:45:48 +0100] "GET /wp-content/themes/shopper/assets/js/woocommerce/header-cart.min.js?ver=1.3.8 HTTP/1.1" 200 972 "https://amazingsportwear.com/producto/camiseta-tecnica-combinada-shangai-mujer/" "Mozilla/5.0 (Linux; Android 6.0.1; Nexus 5X Build/MMB29P) AppleWebKit/537.36 (KHTML, like Gecko) Chrome/41.0.2272.96 Mobile Safari/537.36 (compatible; Googlebot/2.1; +http://www.google.com/bot.html)" "-"
66.249.69.208 - - [16/Dec/2019:14:45:48 +0100] "GET /wp-includes/js/wp-embed.min.js?ver=5.2.5 HTTP/1.1" 200 1744 "https://amazingsportwear.com/producto/camiseta-tecnica-combinada-shangai-mujer/" "Mozilla/5.0 (Linux; Android 6.0.1; Nexus 5X Build/MMB29P) AppleWebKit/537.36 (KHTML, like Gecko) Chrome/41.0.2272.96 Mobile Safari/537.36 (compatible; Googlebot/2.1; +http://www.google.com/bot.html)" "-"
66.249.69.208 - - [16/Dec/2019:14:45:49 +0100] "GET /wp-includes/js/underscore.min.js?ver=1.8.3 HTTP/1.1" 200 16527 "https://amazingsportwear.com/producto/camiseta-tecnica-combinada-shangai-mujer/" "Mozilla/5.0 (Linux; Android 6.0.1; Nexus 5X Build/MMB29P) AppleWebKit/537.36 (KHTML, like Gecko) Chrome/41.0.2272.96 Mobile Safari/537.36 (compatible; Googlebot/2.1; +http://www.google.com/bot.html)" "-"
66.249.69.208 - - [16/Dec/2019:14:45:50 +0100] "GET /wp-includes/js/wp-util.min.js?ver=5.2.5 HTTP/1.1" 200 1387 "https://amazingsportwear.com/producto/camiseta-tecnica-combinada-shangai-mujer/" "Mozilla/5.0 (Linux; Android 6.0.1; Nexus 5X Build/MMB29P) AppleWebKit/537.36 (KHTML, like Gecko) Chrome/41.0.2272.96 Mobile Safari/537.36 (compatible; Googlebot/2.1; +http://www.google.com/bot.html)" "-"
66.249.69.208 - - [16/Dec/2019:14:45:51 +0100] "GET /wp-content/plugins/woocommerce/assets/js/frontend/add-to-cart-variation.min.js?ver=3.6.4 HTTP/1.1" 200 13625 "https://amazingsportwear.com/producto/camiseta-tecnica-combinada-shangai-mujer/" "Mozilla/5.0 (Linux; Android 6.0.1; Nexus 5X Build/MMB29P) AppleWebKit/537.36 (KHTML, like Gecko) Chrome/41.0.2272.96 Mobile Safari/537.36 (compatible; Googlebot/2.1; +http://www.google.com/bot.html)" "-"
66.249.69.208 - - [16/Dec/2019:14:45:52 +0100] "GET /wp-includes/js/jquery/ui/core.min.js?ver=1.11.4 HTTP/1.1" 200 4341 "https://amazingsportwear.com/producto/camiseta-tecnica-combinada-shangai-mujer/" "Mozilla/5.0 (Linux; Android 6.0.1; Nexus 5X Build/MMB29P) AppleWebKit/537.36 (KHTML, like Gecko) Chrome/41.0.2272.96 Mobile Safari/537.36 (compatible; Googlebot/2.1; +http://www.google.com/bot.html)" "-"
66.249.69.208 - - [16/Dec/2019:14:45:52 +0100] "GET /wp-includes/js/jquery/ui/widget.min.js?ver=1.11.4 HTTP/1.1" 200 7250 "https://amazingsportwear.com/producto/camiseta-tecnica-combinada-shangai-mujer/" "Mozilla/5.0 (Linux; Android 6.0.1; Nexus 5X Build/MMB29P) AppleWebKit/537.36 (KHTML, like Gecko) Chrome/41.0.2272.96 Mobile Safari/537.36 (compatible; Googlebot/2.1; +http://www.google.com/bot.html)" "-"
66.249.69.208 - - [16/Dec/2019:14:45:53 +0100] "GET /wp-includes/js/jquery/ui/resizable.min.js?ver=1.11.4 HTTP/1.1" 200 18798 "https://amazingsportwear.com/producto/camiseta-tecnica-combinada-shangai-mujer/" "Mozilla/5.0 (Linux; Android 6.0.1; Nexus 5X Build/MMB29P) AppleWebKit/537.36 (KHTML, like Gecko) Chrome/41.0.2272.96 Mobile Safari/537.36 (compatible; Googlebot/2.1; +http://www.google.com/bot.html)" "-"
66.249.69.208 - - [16/Dec/2019:14:45:54 +0100] "GET /wp-includes/js/jquery/ui/mouse.min.js?ver=1.11.4 HTTP/1.1" 200 3489 "https://amazingsportwear.com/producto/camiseta-tecnica-combinada-shangai-mujer/" "Mozilla/5.0 (Linux; Android 6.0.1; Nexus 5X Build/MMB29P) AppleWebKit/537.36 (KHTML, like Gecko) Chrome/41.0.2272.96 Mobile Safari/537.36 (compatible; Googlebot/2.1; +http://www.google.com/bot.html)" "-"
66.249.69.208 - - [16/Dec/2019:14:45:55 +0100] "GET /wp-includes/js/jquery/ui/draggable.min.js?ver=1.11.4 HTTP/1.1" 200 19277 "https://amazingsportwear.com/producto/camiseta-tecnica-combinada-shangai-mujer/" "Mozilla/5.0 (Linux; Android 6.0.1; Nexus 5X Build/MMB29P) AppleWebKit/537.36 (KHTML, like Gecko) Chrome/41.0.2272.96 Mobile Safari/537.36 (compatible; Googlebot/2.1; +http://www.google.com/bot.html)" "-"
66.249.69.208 - - [16/Dec/2019:14:45:55 +0100] "GET /wp-includes/js/jquery/ui/button.min.js?ver=1.11.4 HTTP/1.1" 200 7578 "https://amazingsportwear.com/producto/camiseta-tecnica-combinada-shangai-mujer/" "Mozilla/5.0 (Linux; Android 6.0.1; Nexus 5X Build/MMB29P) AppleWebKit/537.36 (KHTML, like Gecko) Chrome/41.0.2272.96 Mobile Safari/537.36 (compatible; Googlebot/2.1; +http://www.google.com/bot.html)" "-"
66.249.69.208 - - [16/Dec/2019:14:45:56 +0100] "GET /wp-includes/js/jquery/ui/position.min.js?ver=1.11.4 HTTP/1.1" 200 6869 "https://amazingsportwear.com/producto/camiseta-tecnica-combinada-shangai-mujer/" "Mozilla/5.0 (Linux; Android 6.0.1; Nexus 5X Build/MMB29P) AppleWebKit/537.36 (KHTML, like Gecko) Chrome/41.0.2272.96 Mobile Safari/537.36 (compatible; Googlebot/2.1; +http://www.google.com/bot.html)" "-"
66.249.69.208 - - [16/Dec/2019:14:45:57 +0100] "GET /wp-includes/js/jquery/ui/dialog.min.js?ver=1.11.4 HTTP/1.1" 200 12482 "https://amazingsportwear.com/producto/camiseta-tecnica-combinada-shangai-mujer/" "Mozilla/5.0 (Linux; Android 6.0.1; Nexus 5X Build/MMB29P) AppleWebKit/537.36 (KHTML, like Gecko) Chrome/41.0.2272.96 Mobile Safari/537.36 (compatible; Googlebot/2.1; +http://www.google.com/bot.html)" "-"
66.249.69.208 - - [16/Dec/2019:14:45:57 +0100] "GET /wp-content/plugins/product-enquiry-for-woocommerce/js/wdm_jquery.validate.min.js?ver=5.2.5 HTTP/1.1" 200 21818 "https://amazingsportwear.com/producto/camiseta-tecnica-combinada-shangai-mujer/" "Mozilla/5.0 (Linux; Android 6.0.1; Nexus 5X Build/MMB29P) AppleWebKit/537.36 (KHTML, like Gecko) Chrome/41.0.2272.96 Mobile Safari/537.36 (compatible; Googlebot/2.1; +http://www.google.com/bot.html)" "-"
66.249.69.208 - - [16/Dec/2019:14:45:58 +0100] "GET /wp-content/plugins/product-enquiry-for-woocommerce/js/contact.js?ver=5.2.5 HTTP/1.1" 200 4681 "https://amazingsportwear.com/producto/camiseta-tecnica-combinada-shangai-mujer/" "Mozilla/5.0 (Linux; Android 6.0.1; Nexus 5X Build/MMB29P) AppleWebKit/537.36 (KHTML, like Gecko) Chrome/41.0.2272.96 Mobile Safari/537.36 (compatible; Googlebot/2.1; +http://www.google.com/bot.html)" "-"
66.249.69.208 - - [16/Dec/2019:14:45:59 +0100] "GET /wp-includes/js/wp-emoji-release.min.js?ver=5.2.5 HTTP/1.1" 200 14183 "https://amazingsportwear.com/producto/camiseta-tecnica-combinada-shangai-mujer/" "Mozilla/5.0 (Linux; Android 6.0.1; Nexus 5X Build/MMB29P) AppleWebKit/537.36 (KHTML, like Gecko) Chrome/41.0.2272.96 Mobile Safari/537.36 (compatible; Googlebot/2.1; +http://www.google.com/bot.html)" "-"
66.249.69.208 - - [16/Dec/2019:14:46:00 +0100] "GET /wp-content/plugins/akismet/_inc/form.js?ver=4.1.2 HTTP/1.1" 200 1040 "https://amazingsportwear.com/producto/camiseta-tecnica-combinada-shangai-mujer/" "Mozilla/5.0 (Linux; Android 6.0.1; Nexus 5X Build/MMB29P) AppleWebKit/537.36 (KHTML, like Gecko) Chrome/41.0.2272.96 Mobile Safari/537.36 (compatible; Googlebot/2.1; +http://www.google.com/bot.html)" "-"
66.249.69.208 - - [16/Dec/2019:14:46:00 +0100] "GET /wp-content/themes/shopper/assets/fonts/fontawesome-webfont.woff2?v=4.7.0 HTTP/1.1" 200 77615 "https://amazingsportwear.com/wp-content/themes/shopper/style.css?ver=1.3.8" "Mozilla/5.0 (Linux; Android 6.0.1; Nexus 5X Build/MMB29P) AppleWebKit/537.36 (KHTML, like Gecko) Chrome/41.0.2272.96 Mobile Safari/537.36 (compatible; Googlebot/2.1; +http://www.google.com/bot.html)" "-"
217.76.130.90 - - [16/Dec/2019:14:46:07 +0100] "POST /wp-cron.php?doing_wp_cron=1576503967.5644249916076660156250 HTTP/1.1" 200 3389 "https://amazingsportwear.com/wp-cron.php?doing_wp_cron=1576503967.5644249916076660156250" "WordPress/5.2.5; https://amazingsportwear.com" "-"
66.249.69.208 - - [16/Dec/2019:14:46:06 +0100] "POST /?wc-ajax=get_refreshed_fragments HTTP/1.1" 200 1397 "https://amazingsportwear.com/producto/camiseta-tecnica-combinada-shangai-mujer/" "Mozilla/5.0 (Linux; Android 6.0.1; Nexus 5X Build/MMB29P) AppleWebKit/537.36 (KHTML, like Gecko) Chrome/41.0.2272.96 Mobile Safari/537.36 (compatible; Googlebot/2.1; +http://www.google.com/bot.html)" "_ga=GA1.2.1039738742.1576503899; _gid=GA1.2.631427653.1576503899; _gat_gtag_UA_91619287_1=1"
157.55.39.73 - - [16/Dec/2019:14:48:38 +0100] "GET /categoria-producto/xxxl/ HTTP/1.1" 404 4265 "-" "Mozilla/5.0 (compatible; bingbot/2.0; +http://www.bing.com/bingbot.htm)" "-"
110.188.94.9 - - [16/Dec/2019:15:07:36 +0100] "GET /wp-content/uploads/2019/04/MU%C3%91EQUERA-BEKER-2.png HTTP/1.1" 200 112246 "-" "Mozilla/5.0(Linux;Android 5.1.1;OPPO A33 Build/LMY47V;wv) AppleWebKit/537.36(KHTML,link Gecko) Version/4.0 Chrome/42.0.2311.138 Mobile Safari/537.36 Mb2345Browser/9.0" "-"
217.76.130.90 - - [16/Dec/2019:15:07:44 +0100] "POST /wp-cron.php?doing_wp_cron=1576505264.2761890888214111328125 HTTP/1.1" 200 3389 "https://amazingsportwear.com/wp-cron.php?doing_wp_cron=1576505264.2761890888214111328125" "WordPress/5.2.5; https://amazingsportwear.com" "-"
217.76.130.90 - - [16/Dec/2019:15:07:44 +0100] "POST /wp-cron.php?doing_wp_cron=1576505264.2761280536651611328125 HTTP/1.1" 200 3389 "https://amazingsportwear.com/wp-cron.php?doing_wp_cron=1576505264.2761280536651611328125" "WordPress/5.2.5; https://amazingsportwear.com" "-"
36.56.150.173 - - [16/Dec/2019:15:07:40 +0100] "GET /producto/camiseta-tecnica-cuello-pico-woman-aq-woman HTTP/1.1" 301 3576 "-" "Mozilla/5.0(Linux;Android 5.1.1;OPPO A33 Build/LMY47V;wv) AppleWebKit/537.36(KHTML,link Gecko) Version/4.0 Chrome/43.0.2357.121 Mobile Safari/537.36 LieBaoFast/4.51.3" "-"
114.99.161.253 - - [16/Dec/2019:15:07:42 +0100] "GET /producto/camiseta-manga-corta-basket-2?add-to-cart=18684 HTTP/1.1" 301 4821 "-" "Mozilla/5.0 (Linux; Android 7.0; FRD-AL00 Build/HUAWEIFRD-AL00; wv) AppleWebKit/537.36 (KHTML, like Gecko) Version/4.0 Chrome/53.0.2785.49 Mobile MQQBrowser/6.2 TBS/043602 Safari/537.36 MicroMessenger/6.5.16.1120 NetType/WIFI Language/zh_CN" "-"
182.107.157.233 - - [16/Dec/2019:15:07:45 +0100] "GET /producto/camiseta-manga-corta-ranglan-futbol-3?add-to-cart=18696 HTTP/1.1" 301 4829 "-" "Mozilla/5.0(Linux;Android 5.1.1;OPPO A33 Build/LMY47V;wv) AppleWebKit/537.36(KHTML,link Gecko) Version/4.0 Chrome/43.0.2357.121 Mobile Safari/537.36 LieBaoFast/4.51.3" "-"
114.99.161.253 - - [16/Dec/2019:15:07:47 +0100] "GET /producto/camiseta-manga-corta-basket-2/?add-to-cart=18684 HTTP/1.1" 200 77866 "-" "Mozilla/5.0 (Linux; Android 7.0; FRD-AL00 Build/HUAWEIFRD-AL00; wv) AppleWebKit/537.36 (KHTML, like Gecko) Version/4.0 Chrome/53.0.2785.49 Mobile MQQBrowser/6.2 TBS/043602 Safari/537.36 MicroMessenger/6.5.16.1120 NetType/WIFI Language/zh_CN" "woocommerce_cart_hash=98484dff5e8761fe340e73ab7c45e25a; woocommerce_items_in_cart=1; wp_woocommerce_session_fb86dbb0e6335d960ea3e94e06b25287=53daa3f4ed78f1d0a6722d293688687d%7C%7C1576678064%7C%7C1576674464%7C%7C339006705aa9a747f09367f2ff66e069; wpfront-notification-bar-landingpage=1"
182.87.132.81 - - [16/Dec/2019:15:07:51 +0100] "GET /producto/camiseta-manga-corta-ranglan-futbol-3?add-to-cart=18698 HTTP/1.1" 301 4829 "-" "Mozilla/5.0(Linux;U;Android 5.1.1;zh-CN;OPPO A33 Build/LMY47V) AppleWebKit/537.36(KHTML,like Gecko) Version/4.0 Chrome/40.0.2214.89 UCBrowser/11.7.0.953 Mobile Safari/537.36" "-"
36.6.135.107 - - [16/Dec/2019:15:07:24 +0100] "GET /wp-content/uploads/2017/03/aq-rever-blanco.jpg HTTP/1.1" 200 105366 "-" "Mozilla/5.0 (Linux; Android 7.0; FRD-AL00 Build/HUAWEIFRD-AL00; wv) AppleWebKit/537.36 (KHTML, like Gecko) Version/4.0 Chrome/53.0.2785.49 Mobile MQQBrowser/6.2 TBS/043602 Safari/537.36 MicroMessenger/6.5.16.1120 NetType/WIFI Language/zh_CN" "-"
183.165.41.23 - - [16/Dec/2019:15:07:52 +0100] "GET /producto/pantalon-basket-2?add-to-cart=18678 HTTP/1.1" 301 4809 "-" "Mozilla/5.0(Linux;Android 5.1.1;OPPO A33 Build/LMY47V;wv) AppleWebKit/537.36(KHTML,link Gecko) Version/4.0 Chrome/43.0.2357.121 Mobile Safari/537.36 LieBaoFast/4.51.3" "-"
182.107.157.233 - - [16/Dec/2019:15:07:49 +0100] "GET /producto/camiseta-manga-corta-ranglan-futbol-3/?add-to-cart=18696 HTTP/1.1" 200 78135 "-" "Mozilla/5.0(Linux;Android 5.1.1;OPPO A33 Build/LMY47V;wv) AppleWebKit/537.36(KHTML,link Gecko) Version/4.0 Chrome/43.0.2357.121 Mobile Safari/537.36 LieBaoFast/4.51.3" "woocommerce_cart_hash=4c7f452bb634c8dc2075a4e15ed94e60; woocommerce_items_in_cart=1; wp_woocommerce_session_fb86dbb0e6335d960ea3e94e06b25287=ebcfa64ec5d5d43b824d5dc824929892%7C%7C1576678066%7C%7C1576674466%7C%7Cfbaf5404c5142a49c311b3c0dbf4f666; wpfront-notification-bar-landingpage=1"
36.56.150.173 - - [16/Dec/2019:15:07:51 +0100] "GET /producto/camiseta-tecnica-cuello-pico-woman-aq-woman/ HTTP/1.1" 200 104767 "-" "Mozilla/5.0(Linux;Android 5.1.1;OPPO A33 Build/LMY47V;wv) AppleWebKit/537.36(KHTML,link Gecko) Version/4.0 Chrome/43.0.2357.121 Mobile Safari/537.36 LieBaoFast/4.51.3" "wpfront-notification-bar-landingpage=1"
182.87.132.81 - - [16/Dec/2019:15:07:55 +0100] "GET /producto/camiseta-manga-corta-ranglan-futbol-3/?add-to-cart=18698 HTTP/1.1" 200 78122 "-" "Mozilla/5.0(Linux;U;Android 5.1.1;zh-CN;OPPO A33 Build/LMY47V) AppleWebKit/537.36(KHTML,like Gecko) Version/4.0 Chrome/40.0.2214.89 UCBrowser/11.7.0.953 Mobile Safari/537.36" "woocommerce_cart_hash=4675fb67b8b694e62541814e106fa3d9; woocommerce_items_in_cart=1; wp_woocommerce_session_fb86dbb0e6335d960ea3e94e06b25287=bf801e05957c4a8229fc71baf7f76e51%7C%7C1576678071%7C%7C1576674471%7C%7C54e51a07116e4d5ff0d51a75d466a994; wpfront-notification-bar-landingpage=1"
183.165.41.23 - - [16/Dec/2019:15:07:56 +0100] "GET /producto/pantalon-basket-2/?add-to-cart=18678 HTTP/1.1" 200 76788 "-" "Mozilla/5.0(Linux;Android 5.1.1;OPPO A33 Build/LMY47V;wv) AppleWebKit/537.36(KHTML,link Gecko) Version/4.0 Chrome/43.0.2357.121 Mobile Safari/537.36 LieBaoFast/4.51.3" "woocommerce_cart_hash=4124c28410e9152fd0477c6fc589209e; woocommerce_items_in_cart=1; wp_woocommerce_session_fb86dbb0e6335d960ea3e94e06b25287=8ccfe134b11fec06aac8da26272530e4%7C%7C1576678073%7C%7C1576674473%7C%7Cd255cfd5ec045e7cd5b03dabebff9651; wpfront-notification-bar-landingpage=1"
125.106.78.7 - - [16/Dec/2019:15:07:57 +0100] "GET /producto/pantalon-basket-2?add-to-cart=18697 HTTP/1.1" 301 4809 "-" "Mozilla/5.0(Linux;U;Android 5.1.1;zh-CN;OPPO A33 Build/LMY47V) AppleWebKit/537.36(KHTML,like Gecko) Version/4.0 Chrome/40.0.2214.89 UCBrowser/11.7.0.953 Mobile Safari/537.36" "-"
182.32.64.174 - - [16/Dec/2019:15:07:59 +0100] "GET /producto/camiseta-tecnic-rox-mujer-cat-5248 HTTP/1.1" 301 3567 "-" "Mozilla/5.0(Linux;Android 5.1.1;OPPO A33 Build/LMY47V;wv) AppleWebKit/537.36(KHTML,link Gecko) Version/4.0 Chrome/43.0.2357.121 Mobile Safari/537.36 LieBaoFast/4.51.3" "-"
218.201.242.24 - - [16/Dec/2019:15:08:00 +0100] "GET /wp-content/uploads/2019/03/SA-6662-3.png HTTP/1.1" 200 255035 "-" "Mozilla/5.0(Linux;Android 5.1.1;OPPO A33 Build/LMY47V;wv) AppleWebKit/537.36(KHTML,link Gecko) Version/4.0 Chrome/43.0.2357.121 Mobile Safari/537.36 LieBaoFast/4.51.3" "-"
125.106.78.7 - - [16/Dec/2019:15:08:02 +0100] "GET /producto/pantalon-basket-2/?add-to-cart=18697 HTTP/1.1" 200 76706 "-" "Mozilla/5.0(Linux;U;Android 5.1.1;zh-CN;OPPO A33 Build/LMY47V) AppleWebKit/537.36(KHTML,like Gecko) Version/4.0 Chrome/40.0.2214.89 UCBrowser/11.7.0.953 Mobile Safari/537.36" "woocommerce_cart_hash=6c31cde2fa295fd5928c5b26fb3c9409; woocommerce_items_in_cart=1; wp_woocommerce_session_fb86dbb0e6335d960ea3e94e06b25287=f7c958f51849f6018234c095abc39e19%7C%7C1576678078%7C%7C1576674478%7C%7Ce1aa68deefcf18e049ddbdfac527a70a; wpfront-notification-bar-landingpage=1"
217.76.130.90 - - [16/Dec/2019:15:08:05 +0100] "POST /wp-cron.php?doing_wp_cron=1576505285.3516271114349365234375 HTTP/1.1" 200 3389 "https://amazingsportwear.com/wp-cron.php?doing_wp_cron=1576505285.3516271114349365234375" "WordPress/5.2.5; https://amazingsportwear.com" "-"
182.32.64.174 - - [16/Dec/2019:15:08:04 +0100] "GET /producto/camiseta-tecnic-rox-mujer-cat-5248/ HTTP/1.1" 200 104676 "-" "Mozilla/5.0(Linux;Android 5.1.1;OPPO A33 Build/LMY47V;wv) AppleWebKit/537.36(KHTML,link Gecko) Version/4.0 Chrome/43.0.2357.121 Mobile Safari/537.36 LieBaoFast/4.51.3" "wpfront-notification-bar-landingpage=1"
106.57.150.44 - - [16/Dec/2019:15:08:10 +0100] "GET /producto/camiseta-tecnica-tandem-woman-aq-tandem-woman HTTP/1.1" 301 3578 "-" "Mozilla/5.0(Linux;Android 5.1.1;OPPO A33 Build/LMY47V;wv) AppleWebKit/537.36(KHTML,link Gecko) Version/4.0 Chrome/42.0.2311.138 Mobile Safari/537.36 Mb2345Browser/9.0" "-"
106.57.150.44 - - [16/Dec/2019:15:08:17 +0100] "GET /producto/camiseta-tecnica-tandem-woman-aq-tandem-woman/ HTTP/1.1" 200 103943 "-" "Mozilla/5.0(Linux;Android 5.1.1;OPPO A33 Build/LMY47V;wv) AppleWebKit/537.36(KHTML,link Gecko) Version/4.0 Chrome/42.0.2311.138 Mobile Safari/537.36 Mb2345Browser/9.0" "wpfront-notification-bar-landingpage=1"
217.76.130.90 - - [16/Dec/2019:15:16:40 +0100] "POST /wp-cron.php?doing_wp_cron=1576505800.0371849536895751953125 HTTP/1.1" 200 3389 "https://amazingsportwear.com/wp-cron.php?doing_wp_cron=1576505800.0371849536895751953125" "WordPress/5.2.5; https://amazingsportwear.com" "-"
66.249.69.208 - - [16/Dec/2019:15:16:37 +0100] "GET /producto/camiseta-tecnica-combinada-shangai-mujer/ HTTP/1.1" 200 111451 "-" "Mozilla/5.0 (Linux; Android 6.0.1; Nexus 5X Build/MMB29P) AppleWebKit/537.36 (KHTML, like Gecko) Chrome/41.0.2272.96 Mobile Safari/537.36 (compatible; Googlebot/2.1; +http://www.google.com/bot.html)" "-"
66.249.69.208 - - [16/Dec/2019:15:16:54 +0100] "GET /wp-content/plugins/cookie-law-info/public/css/cookie-law-info-gdpr.css?ver=1.7.6 HTTP/1.1" 200 12445 "https://amazingsportwear.com/producto/camiseta-tecnica-combinada-shangai-mujer/" "Mozilla/5.0 (Linux; Android 6.0.1; Nexus 5X Build/MMB29P) AppleWebKit/537.36 (KHTML, like Gecko) Chrome/41.0.2272.96 Mobile Safari/537.36 (compatible; Googlebot/2.1; +http://www.google.com/bot.html)" "-"
66.249.69.208 - - [16/Dec/2019:15:16:55 +0100] "GET /wp-content/plugins/cookie-law-info/public/css/cookie-law-info-public.css?ver=1.7.6 HTTP/1.1" 200 3235 "https://amazingsportwear.com/producto/camiseta-tecnica-combinada-shangai-mujer/" "Mozilla/5.0 (Linux; Android 6.0.1; Nexus 5X Build/MMB29P) AppleWebKit/537.36 (KHTML, like Gecko) Chrome/41.0.2272.96 Mobile Safari/537.36 (compatible; Googlebot/2.1; +http://www.google.com/bot.html)" "-"
66.249.69.208 - - [16/Dec/2019:15:16:55 +0100] "GET /wp-content/plugins/woocommerce/assets/css/photoswipe/default-skin/default-skin.css?ver=3.6.4 HTTP/1.1" 200 11943 "https://amazingsportwear.com/producto/camiseta-tecnica-combinada-shangai-mujer/" "Mozilla/5.0 (Linux; Android 6.0.1; Nexus 5X Build/MMB29P) AppleWebKit/537.36 (KHTML, like Gecko) Chrome/41.0.2272.96 Mobile Safari/537.36 (compatible; Googlebot/2.1; +http://www.google.com/bot.html)" "-"
66.249.69.208 - - [16/Dec/2019:15:16:56 +0100] "GET /wp-content/plugins/simple-social-icons/svgxuse.js?ver=1.1.21 HTTP/1.1" 200 9580 "https://amazingsportwear.com/producto/camiseta-tecnica-combinada-shangai-mujer/" "Mozilla/5.0 (Linux; Android 6.0.1; Nexus 5X Build/MMB29P) AppleWebKit/537.36 (KHTML, like Gecko) Chrome/41.0.2272.96 Mobile Safari/537.36 (compatible; Googlebot/2.1; +http://www.google.com/bot.html)" "-"
66.249.69.208 - - [16/Dec/2019:15:16:57 +0100] "GET /wp-content/plugins/wpfront-notification-bar/js/wpfront-notification-bar.js?ver=1.7.1 HTTP/1.1" 200 5662 "https://amazingsportwear.com/producto/camiseta-tecnica-combinada-shangai-mujer/" "Mozilla/5.0 (Linux; Android 6.0.1; Nexus 5X Build/MMB29P) AppleWebKit/537.36 (KHTML, like Gecko) Chrome/41.0.2272.96 Mobile Safari/537.36 (compatible; Googlebot/2.1; +http://www.google.com/bot.html)" "-"
66.249.69.208 - - [16/Dec/2019:15:16:58 +0100] "GET /wp-includes/js/jquery/jquery.js?ver=1.12.4-wp HTTP/1.1" 200 97362 "https://amazingsportwear.com/producto/camiseta-tecnica-combinada-shangai-mujer/" "Mozilla/5.0 (Linux; Android 6.0.1; Nexus 5X Build/MMB29P) AppleWebKit/537.36 (KHTML, like Gecko) Chrome/41.0.2272.96 Mobile Safari/537.36 (compatible; Googlebot/2.1; +http://www.google.com/bot.html)" "-"
66.249.69.208 - - [16/Dec/2019:15:16:59 +0100] "GET /wp-includes/js/jquery/jquery.js HTTP/1.1" 200 97362 "https://amazingsportwear.com/producto/camiseta-tecnica-combinada-shangai-mujer/" "Mozilla/5.0 (Linux; Android 6.0.1; Nexus 5X Build/MMB29P) AppleWebKit/537.36 (KHTML, like Gecko) Chrome/41.0.2272.96 Mobile Safari/537.36 (compatible; Googlebot/2.1; +http://www.google.com/bot.html)" "-"
66.249.69.208 - - [16/Dec/2019:15:16:59 +0100] "GET /wp-content/plugins/wpfront-notification-bar/css/wpfront-notification-bar.css?ver=1.7.1 HTTP/1.1" 200 3663 "https://amazingsportwear.com/producto/camiseta-tecnica-combinada-shangai-mujer/" "Mozilla/5.0 (Linux; Android 6.0.1; Nexus 5X Build/MMB29P) AppleWebKit/537.36 (KHTML, like Gecko) Chrome/41.0.2272.96 Mobile Safari/537.36 (compatible; Googlebot/2.1; +http://www.google.com/bot.html)" "-"
66.249.69.208 - - [16/Dec/2019:15:17:00 +0100] "GET /wp-includes/css/dist/block-library/style.min.css?ver=5.2.5 HTTP/1.1" 200 29660 "https://amazingsportwear.com/producto/camiseta-tecnica-combinada-shangai-mujer/" "Mozilla/5.0 (Linux; Android 6.0.1; Nexus 5X Build/MMB29P) AppleWebKit/537.36 (KHTML, like Gecko) Chrome/41.0.2272.96 Mobile Safari/537.36 (compatible; Googlebot/2.1; +http://www.google.com/bot.html)" "-"
66.249.69.208 - - [16/Dec/2019:15:17:03 +0100] "GET /wp-content/plugins/woocommerce/assets/css/blocks/style.css?ver=3.6.4 HTTP/1.1" 200 6697 "https://amazingsportwear.com/producto/camiseta-tecnica-combinada-shangai-mujer/" "Mozilla/5.0 (Linux; Android 6.0.1; Nexus 5X Build/MMB29P) AppleWebKit/537.36 (KHTML, like Gecko) Chrome/41.0.2272.96 Mobile Safari/537.36 (compatible; Googlebot/2.1; +http://www.google.com/bot.html)" "-"
66.249.69.208 - - [16/Dec/2019:15:17:04 +0100] "GET /wp-content/plugins/woocommerce/assets/css/photoswipe/photoswipe.css?ver=3.6.4 HTTP/1.1" 200 4472 "https://amazingsportwear.com/producto/camiseta-tecnica-combinada-shangai-mujer/" "Mozilla/5.0 (Linux; Android 6.0.1; Nexus 5X Build/MMB29P) AppleWebKit/537.36 (KHTML, like Gecko) Chrome/41.0.2272.96 Mobile Safari/537.36 (compatible; Googlebot/2.1; +http://www.google.com/bot.html)" "-"
66.249.69.208 - - [16/Dec/2019:15:17:05 +0100] "GET /wp-includes/js/jquery/jquery-migrate.min.js?ver=1.4.1 HTTP/1.1" 200 10399 "https://amazingsportwear.com/producto/camiseta-tecnica-combinada-shangai-mujer/" "Mozilla/5.0 (Linux; Android 6.0.1; Nexus 5X Build/MMB29P) AppleWebKit/537.36 (KHTML, like Gecko) Chrome/41.0.2272.96 Mobile Safari/537.36 (compatible; Googlebot/2.1; +http://www.google.com/bot.html)" "-"
66.249.69.208 - - [16/Dec/2019:15:17:06 +0100] "GET /wp-content/themes/shopper/style.css?ver=1.3.8 HTTP/1.1" 200 125315 "https://amazingsportwear.com/producto/camiseta-tecnica-combinada-shangai-mujer/" "Mozilla/5.0 (Linux; Android 6.0.1; Nexus 5X Build/MMB29P) AppleWebKit/537.36 (KHTML, like Gecko) Chrome/41.0.2272.96 Mobile Safari/537.36 (compatible; Googlebot/2.1; +http://www.google.com/bot.html)" "-"
66.249.69.208 - - [16/Dec/2019:15:17:09 +0100] "GET /wp-content/plugins/product-enquiry-for-woocommerce/css/wdm-jquery-ui.css?ver=5.2.5 HTTP/1.1" 200 27001 "https://amazingsportwear.com/producto/camiseta-tecnica-combinada-shangai-mujer/" "Mozilla/5.0 (Linux; Android 6.0.1; Nexus 5X Build/MMB29P) AppleWebKit/537.36 (KHTML, like Gecko) Chrome/41.0.2272.96 Mobile Safari/537.36 (compatible; Googlebot/2.1; +http://www.google.com/bot.html)" "-"
