115.207.238.65 - - [10/Dec/2019:01:41:16 +0100] "GET /wp-content/uploads/2019/04/Parche-termico-debbly-3.png HTTP/1.1" 200 154541 "-" "Mozilla/5.0 (Linux; Android 7.0; FRD-AL00 Build/HUAWEIFRD-AL00; wv) AppleWebKit/537.36 (KHTML, like Gecko) Version/4.0 Chrome/53.0.2785.49 Mobile MQQBrowser/6.2 TBS/043602 Safari/537.36 MicroMessenger/6.5.16.1120 NetType/WIFI Language/zh_CN" "-"
114.102.37.95 - - [10/Dec/2019:01:41:38 +0100] "GET /etiqueta-producto/gorra-zodak/ HTTP/1.1" 200 53684 "-" "Mozilla/5.0(Linux;Android 5.1.1;OPPO A33 Build/LMY47V;wv) AppleWebKit/537.36(KHTML,link Gecko) Version/4.0 Chrome/43.0.2357.121 Mobile Safari/537.36 LieBaoFast/4.51.3" "wpfront-notification-bar-landingpage=1"
117.94.213.163 - - [10/Dec/2019:01:41:44 +0100] "GET /producto/camiseta-tecnica-chica-lemery-cat-4731 HTTP/1.1" 301 3571 "-" "Mozilla/5.0(Linux;Android 5.1.1;OPPO A33 Build/LMY47V;wv) AppleWebKit/537.36(KHTML,link Gecko) Version/4.0 Chrome/42.0.2311.138 Mobile Safari/537.36 Mb2345Browser/9.0" "-"
182.247.36.55 - - [10/Dec/2019:01:41:54 +0100] "GET /categoria-producto/accesorios/rinoneras HTTP/1.1" 301 3563 "-" "Mozilla/5.0 (Linux; Android 7.0; FRD-AL00 Build/HUAWEIFRD-AL00; wv) AppleWebKit/537.36 (KHTML, like Gecko) Version/4.0 Chrome/53.0.2785.49 Mobile MQQBrowser/6.2 TBS/043602 Safari/537.36 MicroMessenger/6.5.16.1120 NetType/WIFI Language/zh_CN" "-"
117.94.213.163 - - [10/Dec/2019:01:41:54 +0100] "GET /producto/camiseta-tecnica-chica-lemery-cat-4731/ HTTP/1.1" 200 101658 "-" "Mozilla/5.0(Linux;Android 5.1.1;OPPO A33 Build/LMY47V;wv) AppleWebKit/537.36(KHTML,link Gecko) Version/4.0 Chrome/42.0.2311.138 Mobile Safari/537.36 Mb2345Browser/9.0" "wpfront-notification-bar-landingpage=1"
217.76.130.90 - - [10/Dec/2019:01:42:10 +0100] "POST /wp-cron.php?doing_wp_cron=1575938530.1778779029846191406250 HTTP/1.1" 200 3389 "https://amazingsportwear.com/wp-cron.php?doing_wp_cron=1575938530.1778779029846191406250" "WordPress/5.2.4; https://amazingsportwear.com" "-"
183.166.133.167 - - [10/Dec/2019:01:42:09 +0100] "GET /producto/camiseta-manga-corta-futbol-5?add-to-cart=18686 HTTP/1.1" 301 4821 "-" "Mozilla/5.0(Linux;U;Android 5.1.1;zh-CN;OPPO A33 Build/LMY47V) AppleWebKit/537.36(KHTML,like Gecko) Version/4.0 Chrome/40.0.2214.89 UCBrowser/11.7.0.953 Mobile Safari/537.36" "-"
217.76.130.90 - - [10/Dec/2019:01:45:12 +0100] "POST /wp-cron.php?doing_wp_cron=1575938712.6791279315948486328125 HTTP/1.1" 200 3389 "https://amazingsportwear.com/wp-cron.php?doing_wp_cron=1575938712.6791279315948486328125" "WordPress/5.2.4; https://amazingsportwear.com" "-"
66.249.64.144 - - [10/Dec/2019:01:45:11 +0100] "GET /producto/camiseta-tecnica-mujer-tirantes-aq-armour-aerobic/ HTTP/1.1" 200 102964 "-" "Mozilla/5.0 (Linux; Android 6.0.1; Nexus 5X Build/MMB29P) AppleWebKit/537.36 (KHTML, like Gecko) Chrome/41.0.2272.96 Mobile Safari/537.36 (compatible; Googlebot/2.1; +http://www.google.com/bot.html)" "-"
66.249.64.144 - - [10/Dec/2019:01:45:18 +0100] "POST /?wc-ajax=get_refreshed_fragments HTTP/1.1" 200 1397 "https://amazingsportwear.com/producto/camiseta-tecnica-mujer-tirantes-aq-armour-aerobic/" "Mozilla/5.0 (Linux; Android 6.0.1; Nexus 5X Build/MMB29P) AppleWebKit/537.36 (KHTML, like Gecko) Chrome/41.0.2272.96 Mobile Safari/537.36 (compatible; Googlebot/2.1; +http://www.google.com/bot.html)" "_ga=GA1.2.969013651.1575936000; _gid=GA1.2.1978218920.1575936000; _gat_gtag_UA_91619287_1=1"
207.46.13.220 - - [10/Dec/2019:01:45:29 +0100] "GET /etiqueta-producto/bidon-deportivo/feed/ HTTP/1.1" 200 7821 "-" "msnbot/2.0b (+http://search.msn.com/msnbot.htm)" "-"
217.76.130.90 - - [10/Dec/2019:01:47:18 +0100] "POST /wp-cron.php?doing_wp_cron=1575938838.4805729389190673828125 HTTP/1.1" 200 3389 "https://amazingsportwear.com/wp-cron.php?doing_wp_cron=1575938838.4805729389190673828125" "WordPress/5.2.4; https://amazingsportwear.com" "-"
173.252.127.43 - - [10/Dec/2019:01:47:17 +0100] "GET / HTTP/1.1" 200 125525 "-" "facebookexternalhit/1.1 (+http://www.facebook.com/externalhit_uatext.php)" "-"
217.76.130.90 - - [10/Dec/2019:01:50:25 +0100] "POST /wp-cron.php?doing_wp_cron=1575939025.6438679695129394531250 HTTP/1.1" 200 3389 "https://amazingsportwear.com/wp-cron.php?doing_wp_cron=1575939025.6438679695129394531250" "WordPress/5.2.4; https://amazingsportwear.com" "-"
157.55.39.43 - - [10/Dec/2019:01:50:24 +0100] "GET /robots.txt HTTP/1.1" 200 2297 "-" "Mozilla/5.0 (compatible; bingbot/2.0; +http://www.bing.com/bingbot.htm)" "-"
157.55.39.43 - - [10/Dec/2019:01:50:26 +0100] "GET /robots.txt HTTP/1.1" 200 3939 "-" "Mozilla/5.0 (compatible; bingbot/2.0; +http://www.bing.com/bingbot.htm)" "-"
207.46.13.220 - - [10/Dec/2019:01:50:42 +0100] "GET /etiqueta-producto/bidon-deportivo/feed/ HTTP/1.1" 200 7821 "-" "msnbot/2.0b (+http://search.msn.com/msnbot.htm)" "-"
217.76.130.90 - - [10/Dec/2019:01:51:42 +0100] "POST /wp-cron.php?doing_wp_cron=1575939102.4629600048065185546875 HTTP/1.1" 200 3389 "https://amazingsportwear.com/wp-cron.php?doing_wp_cron=1575939102.4629600048065185546875" "WordPress/5.2.4; https://amazingsportwear.com" "-"
137.226.113.28 - - [10/Dec/2019:01:51:41 +0100] "GET / HTTP/1.1" 301 3504 "-" "Mozilla/5.0 zgrab/0.x (compatible; Researchscan/t12sns; +http://researchscan.comsys.rwth-aachen.de)" "-"
217.76.130.90 - - [10/Dec/2019:01:54:13 +0100] "POST /wp-cron.php?doing_wp_cron=1575939253.5016970634460449218750 HTTP/1.1" 200 3389 "https://amazingsportwear.com/wp-cron.php?doing_wp_cron=1575939253.5016970634460449218750" "WordPress/5.2.4; https://amazingsportwear.com" "-"
157.55.39.73 - - [10/Dec/2019:01:54:11 +0100] "GET /producto/mochila-cobra/ HTTP/1.1" 200 98368 "-" "Mozilla/5.0 (compatible; bingbot/2.0; +http://www.bing.com/bingbot.htm)" "-"
217.76.130.90 - - [10/Dec/2019:01:55:16 +0100] "POST /wp-cron.php?doing_wp_cron=1575939316.3252739906311035156250 HTTP/1.1" 200 3389 "https://amazingsportwear.com/wp-cron.php?doing_wp_cron=1575939316.3252739906311035156250" "WordPress/5.2.4; https://amazingsportwear.com" "-"
66.249.64.146 - - [10/Dec/2019:01:55:15 +0100] "GET /producto/manguito-brazo-ciclismo/ HTTP/1.1" 200 91944 "-" "Mozilla/5.0 (compatible; Googlebot/2.1; +http://www.google.com/bot.html)" "-"
217.76.130.90 - - [10/Dec/2019:01:56:42 +0100] "POST /wp-cron.php?doing_wp_cron=1575939402.9334540367126464843750 HTTP/1.1" 200 3389 "https://amazingsportwear.com/wp-cron.php?doing_wp_cron=1575939402.9334540367126464843750" "WordPress/5.2.4; https://amazingsportwear.com" "-"
66.249.64.146 - - [10/Dec/2019:01:56:42 +0100] "GET /producto/munequera-beker/ HTTP/1.1" 200 97086 "-" "Mozilla/5.0 (Linux; Android 6.0.1; Nexus 5X Build/MMB29P) AppleWebKit/537.36 (KHTML, like Gecko) Chrome/41.0.2272.96 Mobile Safari/537.36 (compatible; Googlebot/2.1; +http://www.google.com/bot.html)" "-"
217.76.130.90 - - [10/Dec/2019:01:58:35 +0100] "POST /wp-cron.php?doing_wp_cron=1575939515.4884090423583984375000 HTTP/1.1" 200 164 "http://amazingsportwear.com/wp-cron.php?doing_wp_cron=1575939515.4884090423583984375000" "WordPress/5.2.4; https://amazingsportwear.com" "-"
66.249.64.128 - - [10/Dec/2019:01:58:34 +0100] "GET /ciclismo/87-cazadora-invierno-ciclismo.html HTTP/1.1" 404 68092 "-" "Mozilla/5.0 (Linux; Android 6.0.1; Nexus 5X Build/MMB29P) AppleWebKit/537.36 (KHTML, like Gecko) Chrome/41.0.2272.96 Mobile Safari/537.36 (compatible; Googlebot/2.1; +http://www.google.com/bot.html)" "-"
217.76.130.90 - - [10/Dec/2019:01:59:17 +0100] "POST /wp-cron.php?doing_wp_cron=1575939557.5165989398956298828125 HTTP/1.1" 200 164 "http://amazingsportwear.com/wp-cron.php?doing_wp_cron=1575939557.5165989398956298828125" "WordPress/5.2.4; https://amazingsportwear.com" "-"
66.249.64.157 - - [10/Dec/2019:01:59:16 +0100] "GET /tienda/135-camiseta-tecnica-cosmic-aq-cosmic.html HTTP/1.1" 404 68084 "-" "Mozilla/5.0 (Linux; Android 6.0.1; Nexus 5X Build/MMB29P) AppleWebKit/537.36 (KHTML, like Gecko) Chrome/41.0.2272.96 Mobile Safari/537.36 (compatible; Googlebot/2.1; +http://www.google.com/bot.html)" "-"
207.46.13.159 - - [10/Dec/2019:01:59:21 +0100] "GET /etiqueta-producto/bidon-vandix/feed/ HTTP/1.1" 200 6485 "-" "msnbot/2.0b (+http://search.msn.com/msnbot.htm)" "-"
207.46.13.159 - - [10/Dec/2019:01:59:22 +0100] "GET /22-tienda HTTP/1.1" 404 68013 "-" "Mozilla/5.0 (iPhone; CPU iPhone OS 7_0 like Mac OS X) AppleWebKit/537.51.1 (KHTML, like Gecko) Version/7.0 Mobile/11A465 Safari/9537.53 (compatible; bingbot/2.0; +http://www.bing.com/bingbot.htm)" "-"
207.46.13.159 - - [10/Dec/2019:01:59:27 +0100] "GET /wp-content/uploads/2019/04/Bidon-doger-4.png HTTP/1.1" 200 62607 "-" "Mozilla/5.0 (compatible; bingbot/2.0; +http://www.bing.com/bingbot.htm)" "-"
217.76.130.90 - - [10/Dec/2019:02:03:46 +0100] "POST /wp-cron.php?doing_wp_cron=1575939826.0307710170745849609375 HTTP/1.1" 200 3389 "https://amazingsportwear.com/wp-cron.php?doing_wp_cron=1575939826.0307710170745849609375" "WordPress/5.2.4; https://amazingsportwear.com" "-"
207.46.13.159 - - [10/Dec/2019:02:03:45 +0100] "GET /etiqueta-producto/bidon-vandix/feed/ HTTP/1.1" 200 6485 "-" "msnbot/2.0b (+http://search.msn.com/msnbot.htm)" "-"
179.33.81.140 - - [10/Dec/2019:02:03:54 +0100] "GET /wp-content/uploads/2019/04/Gorra-sport-11.png HTTP/1.1" 200 131116 "https://www.google.com/" "Mozilla/5.0 (Windows NT 6.1; Win64; x64) AppleWebKit/537.36 (KHTML, like Gecko) Chrome/78.0.3904.108 Safari/537.36" "-"
212.195.108.1 - - [10/Dec/2019:02:04:41 +0100] "GET /wp-content/uploads/2019/04/SA-1070-2.png HTTP/1.1" 200 175956 "https://www.google.fr/" "Mozilla/5.0 (Linux; Android 8.1.0; Sunny3) AppleWebKit/537.36 (KHTML, like Gecko) Chrome/73.0.3683.90 Mobile Safari/537.36" "-"
207.46.13.220 - - [10/Dec/2019:02:08:21 +0100] "GET /wp-content/uploads/2018/05/bandanaBuff.jpg HTTP/1.1" 200 23756 "-" "Mozilla/5.0 (compatible; bingbot/2.0; +http://www.bing.com/bingbot.htm)" "-"
217.76.130.90 - - [10/Dec/2019:02:08:25 +0100] "POST /wp-cron.php?doing_wp_cron=1575940105.0180220603942871093750 HTTP/1.1" 200 3389 "https://amazingsportwear.com/wp-cron.php?doing_wp_cron=1575940105.0180220603942871093750" "WordPress/5.2.4; https://amazingsportwear.com" "-"
207.46.13.220 - - [10/Dec/2019:02:08:23 +0100] "GET /producto/parche-termico-pikur/feed/ HTTP/1.1" 200 4821 "-" "msnbot/2.0b (+http://search.msn.com/msnbot.htm)" "-"
190.92.22.10 - - [10/Dec/2019:02:11:15 +0100] "GET /wp-content/uploads/2019/04/Gorra-sport-12.png HTTP/1.1" 200 95673 "https://www.google.com/" "Mozilla/5.0 (Windows NT 6.1) AppleWebKit/537.36 (KHTML, like Gecko) Chrome/78.0.3904.108 Safari/537.36" "-"
217.76.130.90 - - [10/Dec/2019:02:13:25 +0100] "POST /wp-cron.php?doing_wp_cron=1575940404.9612660408020019531250 HTTP/1.1" 200 3389 "https://amazingsportwear.com/wp-cron.php?doing_wp_cron=1575940404.9612660408020019531250" "WordPress/5.2.4; https://amazingsportwear.com" "-"
207.46.13.220 - - [10/Dec/2019:02:13:23 +0100] "GET /producto/parche-termico-pikur/feed/ HTTP/1.1" 200 4821 "-" "msnbot/2.0b (+http://search.msn.com/msnbot.htm)" "-"
217.76.130.90 - - [10/Dec/2019:02:16:31 +0100] "POST /wp-cron.php?doing_wp_cron=1575940591.8945250511169433593750 HTTP/1.1" 200 3389 "https://amazingsportwear.com/wp-cron.php?doing_wp_cron=1575940591.8945250511169433593750" "WordPress/5.2.4; https://amazingsportwear.com" "-"
157.55.39.160 - - [10/Dec/2019:02:16:31 +0100] "GET /producto/polo-tecnico-hombre-cif-t611-613-615/ HTTP/1.1" 200 102547 "-" "Mozilla/5.0 (compatible; bingbot/2.0; +http://www.bing.com/bingbot.htm)" "-"
40.77.190.242 - - [10/Dec/2019:02:16:39 +0100] "GET /wp-includes/js/wp-emoji-release.min.js?ver=5.2.4 HTTP/1.1" 200 17546 "-" "Mozilla/5.0 (Windows NT 6.1; WOW64) AppleWebKit/534+ (KHTML, like Gecko) BingPreview/1.0b" "-"
40.77.189.67 - - [10/Dec/2019:02:16:42 +0100] "GET /wp-includes/css/dist/block-library/style.min.css?ver=5.2.4 HTTP/1.1" 200 33023 "-" "Mozilla/5.0 (Windows NT 6.1; WOW64) AppleWebKit/534+ (KHTML, like Gecko) BingPreview/1.0b" "-"
40.77.188.68 - - [10/Dec/2019:02:16:43 +0100] "GET /wp-content/plugins/woocommerce/assets/css/blocks/style.css?ver=3.6.4 HTTP/1.1" 200 10060 "-" "Mozilla/5.0 (Windows NT 6.1; WOW64) AppleWebKit/534+ (KHTML, like Gecko) BingPreview/1.0b" "-"
40.77.190.46 - - [10/Dec/2019:02:16:45 +0100] "GET /wp-content/plugins/cookie-law-info/public/css/cookie-law-info-public.css?ver=1.7.6 HTTP/1.1" 200 6598 "-" "Mozilla/5.0 (Windows NT 6.1; WOW64) AppleWebKit/534+ (KHTML, like Gecko) BingPreview/1.0b" "-"
40.77.190.241 - - [10/Dec/2019:02:16:46 +0100] "GET /wp-content/plugins/woocommerce/assets/css/photoswipe/photoswipe.css?ver=3.6.4 HTTP/1.1" 200 7835 "-" "Mozilla/5.0 (Windows NT 6.1; WOW64) AppleWebKit/534+ (KHTML, like Gecko) BingPreview/1.0b" "-"
40.77.188.179 - - [10/Dec/2019:02:16:47 +0100] "GET /wp-content/plugins/woocommerce/assets/css/photoswipe/default-skin/default-skin.css?ver=3.6.4 HTTP/1.1" 200 15306 "-" "Mozilla/5.0 (Windows NT 6.1; WOW64) AppleWebKit/534+ (KHTML, like Gecko) BingPreview/1.0b" "-"
40.77.190.4 - - [10/Dec/2019:02:16:48 +0100] "GET /wp-content/plugins/wpfront-notification-bar/css/wpfront-notification-bar.css?ver=1.7.1 HTTP/1.1" 200 7026 "-" "Mozilla/5.0 (Windows NT 6.1; WOW64) AppleWebKit/534+ (KHTML, like Gecko) BingPreview/1.0b" "-"
157.55.39.160 - - [10/Dec/2019:02:16:47 +0100] "GET /etiqueta-producto/bidon-boxter/feed/ HTTP/1.1" 200 6426 "-" "msnbot/2.0b (+http://search.msn.com/msnbot.htm)" "-"
40.77.190.51 - - [10/Dec/2019:02:16:49 +0100] "GET /wp-content/themes/shopper/style.css?ver=1.3.8 HTTP/1.1" 200 128678 "-" "Mozilla/5.0 (Windows NT 6.1; WOW64) AppleWebKit/534+ (KHTML, like Gecko) BingPreview/1.0b" "-"
40.77.190.170 - - [10/Dec/2019:02:16:51 +0100] "GET /wp-content/themes/shopper/assets/sass/woocommerce/woocommerce.css?ver=5.2.4 HTTP/1.1" 200 86897 "-" "Mozilla/5.0 (Windows NT 6.1; WOW64) AppleWebKit/534+ (KHTML, like Gecko) BingPreview/1.0b" "-"
40.77.190.170 - - [10/Dec/2019:02:16:54 +0100] "GET /wp-includes/js/jquery/jquery-migrate.min.js?ver=1.4.1 HTTP/1.1" 200 10399 "-" "Mozilla/5.0 (Windows NT 6.1; WOW64) AppleWebKit/534+ (KHTML, like Gecko) BingPreview/1.0b" "-"
40.77.190.7 - - [10/Dec/2019:02:16:55 +0100] "GET /wp-content/plugins/cookie-law-info/public/js/cookie-law-info-public.js?ver=1.7.6 HTTP/1.1" 200 20439 "-" "Mozilla/5.0 (Windows NT 6.1; WOW64) AppleWebKit/534+ (KHTML, like Gecko) BingPreview/1.0b" "-"
40.77.190.4 - - [10/Dec/2019:02:16:56 +0100] "GET /wp-content/plugins/wpfront-notification-bar/jquery-plugins/jquery.c.js?ver=1.4.0 HTTP/1.1" 200 3437 "-" "Mozilla/5.0 (Windows NT 6.1; WOW64) AppleWebKit/534+ (KHTML, like Gecko) BingPreview/1.0b" "-"
40.77.188.179 - - [10/Dec/2019:02:16:57 +0100] "GET /wp-content/plugins/wpfront-notification-bar/js/wpfront-notification-bar.js?ver=1.7.1 HTTP/1.1" 200 5662 "-" "Mozilla/5.0 (Windows NT 6.1; WOW64) AppleWebKit/534+ (KHTML, like Gecko) BingPreview/1.0b" "-"
40.77.188.166 - - [10/Dec/2019:02:16:59 +0100] "GET /wp-includes/js/jquery/jquery.js HTTP/1.1" 200 100725 "-" "Mozilla/5.0 (Windows NT 6.1; WOW64) AppleWebKit/534+ (KHTML, like Gecko) BingPreview/1.0b" "-"
40.77.190.51 - - [10/Dec/2019:02:17:00 +0100] "GET /wp-content/themes/shopper/assets/fonts/fontawesome-webfont.ttf?v=4.7.0 HTTP/1.1" 200 166178 "-" "Mozilla/5.0 (Windows NT 6.1; WOW64) AppleWebKit/534+ (KHTML, like Gecko) BingPreview/1.0b" "-"
40.77.190.27 - - [10/Dec/2019:02:17:03 +0100] "GET /wp-content/plugins/product-enquiry-for-woocommerce/css/wdm-jquery-ui.css?ver=5.2.4 HTTP/1.1" 200 30364 "-" "Mozilla/5.0 (Windows NT 6.1; WOW64) AppleWebKit/534+ (KHTML, like Gecko) BingPreview/1.0b" "-"
40.77.190.27 - - [10/Dec/2019:02:17:03 +0100] "GET /wp-content/themes/shopper/assets/js/crm.js?ver=1561548510 HTTP/1.1" 200 874 "-" "Mozilla/5.0 (Windows NT 6.1; WOW64) AppleWebKit/534+ (KHTML, like Gecko) BingPreview/1.0b" "-"
40.77.188.63 - - [10/Dec/2019:02:17:04 +0100] "GET /wp-content/plugins/woocommerce/assets/js/jquery-blockui/jquery.blockUI.min.js?ver=2.70 HTTP/1.1" 200 13271 "-" "Mozilla/5.0 (Windows NT 6.1; WOW64) AppleWebKit/534+ (KHTML, like Gecko) BingPreview/1.0b" "-"
40.77.190.46 - - [10/Dec/2019:02:17:06 +0100] "GET /wp-content/plugins/woocommerce/assets/js/frontend/add-to-cart.min.js?ver=3.6.4 HTTP/1.1" 200 6346 "-" "Mozilla/5.0 (Windows NT 6.1; WOW64) AppleWebKit/534+ (KHTML, like Gecko) BingPreview/1.0b" "-"
40.77.189.114 - - [10/Dec/2019:02:17:07 +0100] "GET /wp-content/plugins/woocommerce/assets/js/zoom/jquery.zoom.min.js?ver=1.7.21 HTTP/1.1" 200 6320 "-" "Mozilla/5.0 (Windows NT 6.1; WOW64) AppleWebKit/534+ (KHTML, like Gecko) BingPreview/1.0b" "-"
40.77.190.4 - - [10/Dec/2019:02:17:08 +0100] "GET /wp-content/plugins/woocommerce/assets/js/flexslider/jquery.flexslider.min.js?ver=2.7.2 HTTP/1.1" 200 23232 "-" "Mozilla/5.0 (Windows NT 6.1; WOW64) AppleWebKit/534+ (KHTML, like Gecko) BingPreview/1.0b" "-"
40.77.190.125 - - [10/Dec/2019:02:17:09 +0100] "GET /wp-content/plugins/woocommerce/assets/js/photoswipe/photoswipe.min.js?ver=4.1.1 HTTP/1.1" 200 35639 "-" "Mozilla/5.0 (Windows NT 6.1; WOW64) AppleWebKit/534+ (KHTML, like Gecko) BingPreview/1.0b" "-"
40.77.189.35 - - [10/Dec/2019:02:17:10 +0100] "GET /wp-content/plugins/woocommerce/assets/js/photoswipe/photoswipe-ui-default.min.js?ver=4.1.1 HTTP/1.1" 200 13583 "-" "Mozilla/5.0 (Windows NT 6.1; WOW64) AppleWebKit/534+ (KHTML, like Gecko) BingPreview/1.0b" "-"
40.77.191.33 - - [10/Dec/2019:02:17:11 +0100] "GET /wp-content/plugins/woocommerce/assets/js/frontend/single-product.min.js?ver=3.6.4 HTTP/1.1" 200 10056 "-" "Mozilla/5.0 (Windows NT 6.1; WOW64) AppleWebKit/534+ (KHTML, like Gecko) BingPreview/1.0b" "-"
40.77.190.218 - - [10/Dec/2019:02:17:13 +0100] "GET /wp-content/plugins/woocommerce/assets/js/js-cookie/js.cookie.min.js?ver=2.1.4 HTTP/1.1" 200 5550 "-" "Mozilla/5.0 (Windows NT 6.1; WOW64) AppleWebKit/534+ (KHTML, like Gecko) BingPreview/1.0b" "-"
40.77.189.132 - - [10/Dec/2019:02:17:14 +0100] "GET /wp-content/plugins/woocommerce/assets/js/frontend/woocommerce.min.js?ver=3.6.4 HTTP/1.1" 200 5176 "-" "Mozilla/5.0 (Windows NT 6.1; WOW64) AppleWebKit/534+ (KHTML, like Gecko) BingPreview/1.0b" "-"
40.77.189.130 - - [10/Dec/2019:02:17:15 +0100] "GET /wp-content/plugins/woocommerce/assets/js/frontend/cart-fragments.min.js?ver=3.6.4 HTTP/1.1" 200 6644 "-" "Mozilla/5.0 (Windows NT 6.1; WOW64) AppleWebKit/534+ (KHTML, like Gecko) BingPreview/1.0b" "-"
40.77.190.241 - - [10/Dec/2019:02:17:16 +0100] "GET /wp-content/themes/shopper/assets/js/skip-link-focus-fix.js?ver=1.3.8 HTTP/1.1" 200 4386 "-" "Mozilla/5.0 (Windows NT 6.1; WOW64) AppleWebKit/534+ (KHTML, like Gecko) BingPreview/1.0b" "-"
40.77.188.43 - - [10/Dec/2019:02:17:17 +0100] "GET /wp-content/themes/shopper/assets/js/shopper.min.js?ver=1.3.8 HTTP/1.1" 200 9357 "-" "Mozilla/5.0 (Windows NT 6.1; WOW64) AppleWebKit/534+ (KHTML, like Gecko) BingPreview/1.0b" "-"
40.77.191.33 - - [10/Dec/2019:02:17:17 +0100] "GET /wp-includes/js/comment-reply.min.js?ver=5.2.4 HTTP/1.1" 200 2575 "-" "Mozilla/5.0 (Windows NT 6.1; WOW64) AppleWebKit/534+ (KHTML, like Gecko) BingPreview/1.0b" "-"
40.77.190.92 - - [10/Dec/2019:02:17:18 +0100] "GET /wp-content/themes/shopper/assets/js/woocommerce/header-cart.min.js?ver=1.3.8 HTTP/1.1" 200 4335 "-" "Mozilla/5.0 (Windows NT 6.1; WOW64) AppleWebKit/534+ (KHTML, like Gecko) BingPreview/1.0b" "-"
40.77.190.46 - - [10/Dec/2019:02:17:19 +0100] "GET /wp-includes/js/wp-embed.min.js?ver=5.2.4 HTTP/1.1" 200 1744 "-" "Mozilla/5.0 (Windows NT 6.1; WOW64) AppleWebKit/534+ (KHTML, like Gecko) BingPreview/1.0b" "-"
40.77.190.148 - - [10/Dec/2019:02:17:20 +0100] "GET /wp-includes/js/underscore.min.js?ver=1.8.3 HTTP/1.1" 200 19890 "-" "Mozilla/5.0 (Windows NT 6.1; WOW64) AppleWebKit/534+ (KHTML, like Gecko) BingPreview/1.0b" "-"
40.77.190.209 - - [10/Dec/2019:02:17:21 +0100] "GET /wp-includes/js/wp-util.min.js?ver=5.2.4 HTTP/1.1" 200 4750 "-" "Mozilla/5.0 (Windows NT 6.1; WOW64) AppleWebKit/534+ (KHTML, like Gecko) BingPreview/1.0b" "-"
40.77.190.148 - - [10/Dec/2019:02:17:22 +0100] "GET /wp-content/plugins/woocommerce/assets/js/frontend/add-to-cart-variation.min.js?ver=3.6.4 HTTP/1.1" 200 13625 "-" "Mozilla/5.0 (Windows NT 6.1; WOW64) AppleWebKit/534+ (KHTML, like Gecko) BingPreview/1.0b" "-"
40.77.188.150 - - [10/Dec/2019:02:17:25 +0100] "GET /wp-content/plugins/akismet/_inc/form.js?ver=4.1.2 HTTP/1.1" 200 4403 "-" "Mozilla/5.0 (Windows NT 6.1; WOW64) AppleWebKit/534+ (KHTML, like Gecko) BingPreview/1.0b" "-"
40.77.190.7 - - [10/Dec/2019:02:17:26 +0100] "GET /wp-includes/js/jquery/ui/core.min.js?ver=1.11.4 HTTP/1.1" 200 7704 "-" "Mozilla/5.0 (Windows NT 6.1; WOW64) AppleWebKit/534+ (KHTML, like Gecko) BingPreview/1.0b" "-"
40.77.189.238 - - [10/Dec/2019:02:17:27 +0100] "GET /wp-includes/js/jquery/ui/widget.min.js?ver=1.11.4 HTTP/1.1" 200 10613 "-" "Mozilla/5.0 (Windows NT 6.1; WOW64) AppleWebKit/534+ (KHTML, like Gecko) BingPreview/1.0b" "-"
40.77.190.27 - - [10/Dec/2019:02:17:29 +0100] "GET /wp-includes/js/jquery/ui/mouse.min.js?ver=1.11.4 HTTP/1.1" 200 6852 "-" "Mozilla/5.0 (Windows NT 6.1; WOW64) AppleWebKit/534+ (KHTML, like Gecko) BingPreview/1.0b" "-"
40.77.190.46 - - [10/Dec/2019:02:17:30 +0100] "GET /wp-includes/js/jquery/ui/resizable.min.js?ver=1.11.4 HTTP/1.1" 200 18798 "-" "Mozilla/5.0 (Windows NT 6.1; WOW64) AppleWebKit/534+ (KHTML, like Gecko) BingPreview/1.0b" "-"
40.77.188.243 - - [10/Dec/2019:02:17:31 +0100] "GET /wp-includes/js/jquery/ui/draggable.min.js?ver=1.11.4 HTTP/1.1" 200 22640 "-" "Mozilla/5.0 (Windows NT 6.1; WOW64) AppleWebKit/534+ (KHTML, like Gecko) BingPreview/1.0b" "-"
157.55.39.160 - - [10/Dec/2019:02:22:15 +0100] "GET /wp-content/plugins/product-enquiry-for-woocommerce/js/wdm_jquery.validate.min.js?ver=5.2.4 HTTP/1.1" 200 25181 "-" "msnbot/2.0b (+http://search.msn.com/msnbot.htm)" "-"
217.76.130.90 - - [10/Dec/2019:02:22:19 +0100] "POST /wp-cron.php?doing_wp_cron=1575940939.4590001106262207031250 HTTP/1.1" 200 3389 "https://amazingsportwear.com/wp-cron.php?doing_wp_cron=1575940939.4590001106262207031250" "WordPress/5.2.4; https://amazingsportwear.com" "-"
157.55.39.160 - - [10/Dec/2019:02:22:18 +0100] "GET /etiqueta-producto/bidon-boxter/feed/ HTTP/1.1" 200 6426 "-" "msnbot/2.0b (+http://search.msn.com/msnbot.htm)" "-"
207.46.13.159 - - [10/Dec/2019:02:22:47 +0100] "GET /robots.txt HTTP/1.1" 200 432 "-" "msnbot/2.0b (+http://search.msn.com/msnbot.htm)" "-"
207.46.13.159 - - [10/Dec/2019:02:22:48 +0100] "GET /wp-content/plugins/akismet/_inc/form.js?ver=4.1.2 HTTP/1.1" 200 4403 "-" "msnbot/2.0b (+http://search.msn.com/msnbot.htm)" "-"
207.46.13.159 - - [10/Dec/2019:02:22:48 +0100] "GET /wp-content/plugins/cookie-law-info/public/js/cookie-law-info-public.js?ver=1.7.6 HTTP/1.1" 200 17076 "-" "msnbot/2.0b (+http://search.msn.com/msnbot.htm)" "-"
207.46.13.159 - - [10/Dec/2019:02:22:49 +0100] "GET /wp-content/plugins/product-enquiry-for-woocommerce/js/contact.js?ver=5.2.4 HTTP/1.1" 200 4681 "-" "msnbot/2.0b (+http://search.msn.com/msnbot.htm)" "-"
207.46.13.159 - - [10/Dec/2019:02:22:49 +0100] "GET /wp-content/plugins/woocommerce/assets/js/frontend/add-to-cart-variation.min.js?ver=3.6.4 HTTP/1.1" 200 13625 "-" "msnbot/2.0b (+http://search.msn.com/msnbot.htm)" "-"
207.46.13.159 - - [10/Dec/2019:02:22:49 +0100] "GET /wp-content/plugins/woocommerce/assets/js/frontend/add-to-cart.min.js?ver=3.6.4 HTTP/1.1" 200 2983 "-" "msnbot/2.0b (+http://search.msn.com/msnbot.htm)" "-"
207.46.13.159 - - [10/Dec/2019:02:22:49 +0100] "GET /wp-content/plugins/woocommerce/assets/js/frontend/cart-fragments.min.js?ver=3.6.4 HTTP/1.1" 200 3281 "-" "msnbot/2.0b (+http://search.msn.com/msnbot.htm)" "-"
207.46.13.159 - - [10/Dec/2019:02:22:50 +0100] "GET /wp-content/plugins/woocommerce/assets/js/frontend/woocommerce.min.js?ver=3.6.4 HTTP/1.1" 200 1813 "-" "msnbot/2.0b (+http://search.msn.com/msnbot.htm)" "-"
207.46.13.159 - - [10/Dec/2019:02:22:50 +0100] "GET /wp-content/plugins/woocommerce/assets/js/jquery-blockui/jquery.blockUI.min.js?ver=2.70 HTTP/1.1" 200 9908 "-" "msnbot/2.0b (+http://search.msn.com/msnbot.htm)" "-"
207.46.13.159 - - [10/Dec/2019:02:22:50 +0100] "GET /wp-content/plugins/woocommerce/assets/js/photoswipe/photoswipe-ui-default.min.js?ver=4.1.1 HTTP/1.1" 200 10220 "-" "msnbot/2.0b (+http://search.msn.com/msnbot.htm)" "-"
207.46.13.159 - - [10/Dec/2019:02:22:50 +0100] "GET /wp-content/themes/shopper/assets/js/shopper.min.js?ver=1.3.8 HTTP/1.1" 200 5994 "-" "msnbot/2.0b (+http://search.msn.com/msnbot.htm)" "-"
207.46.13.159 - - [10/Dec/2019:02:22:50 +0100] "GET /wp-content/themes/shopper/assets/js/skip-link-focus-fix.js?ver=1.3.8 HTTP/1.1" 200 1023 "-" "msnbot/2.0b (+http://search.msn.com/msnbot.htm)" "-"
207.46.13.159 - - [10/Dec/2019:02:22:51 +0100] "GET /wp-includes/js/comment-reply.min.js?ver=5.2.4 HTTP/1.1" 200 2575 "-" "msnbot/2.0b (+http://search.msn.com/msnbot.htm)" "-"
207.46.13.159 - - [10/Dec/2019:02:22:51 +0100] "GET /wp-includes/js/jquery/ui/button.min.js?ver=1.11.4 HTTP/1.1" 200 7578 "-" "msnbot/2.0b (+http://search.msn.com/msnbot.htm)" "-"
207.46.13.159 - - [10/Dec/2019:02:22:51 +0100] "GET /wp-includes/js/wp-embed.min.js?ver=5.2.4 HTTP/1.1" 200 1744 "-" "msnbot/2.0b (+http://search.msn.com/msnbot.htm)" "-"
207.46.13.159 - - [10/Dec/2019:02:22:51 +0100] "GET /wp-includes/js/wp-emoji-release.min.js?ver=5.2.4 HTTP/1.1" 200 14183 "-" "msnbot/2.0b (+http://search.msn.com/msnbot.htm)" "-"
157.55.39.73 - - [10/Dec/2019:02:25:34 +0100] "GET /wp-content/plugins/woocommerce/assets/css/blocks/style.css?ver=3.6.4 HTTP/1.1" 200 10060 "-" "msnbot/2.0b (+http://search.msn.com/msnbot.htm)" "-"
157.55.39.73 - - [10/Dec/2019:02:25:34 +0100] "GET /wp-content/plugins/woocommerce/assets/js/flexslider/jquery.flexslider.min.js?ver=2.7.2 HTTP/1.1" 200 23232 "-" "msnbot/2.0b (+http://search.msn.com/msnbot.htm)" "-"
157.55.39.73 - - [10/Dec/2019:02:25:34 +0100] "GET /wp-content/uploads/2019/04/Gorra-sport-3.png HTTP/1.1" 200 87849 "-" "Mozilla/5.0 (compatible; bingbot/2.0; +http://www.bing.com/bingbot.htm)" "-"
157.55.39.73 - - [10/Dec/2019:02:25:35 +0100] "GET /wp-content/plugins/woocommerce/assets/js/js-cookie/js.cookie.min.js?ver=2.1.4 HTTP/1.1" 200 2187 "-" "msnbot/2.0b (+http://search.msn.com/msnbot.htm)" "-"
157.55.39.73 - - [10/Dec/2019:02:25:35 +0100] "GET /wp-content/plugins/woocommerce/assets/js/photoswipe/photoswipe.min.js?ver=4.1.1 HTTP/1.1" 200 32276 "-" "msnbot/2.0b (+http://search.msn.com/msnbot.htm)" "-"
157.55.39.73 - - [10/Dec/2019:02:25:35 +0100] "GET /wp-content/plugins/wpfront-notification-bar/jquery-plugins/jquery.c.js?ver=1.4.0 HTTP/1.1" 200 3437 "-" "msnbot/2.0b (+http://search.msn.com/msnbot.htm)" "-"
157.55.39.73 - - [10/Dec/2019:02:25:35 +0100] "GET /wp-content/plugins/wpfront-notification-bar/js/wpfront-notification-bar.js?ver=1.7.1 HTTP/1.1" 200 5662 "-" "msnbot/2.0b (+http://search.msn.com/msnbot.htm)" "-"
157.55.39.73 - - [10/Dec/2019:02:25:58 +0100] "GET /wp-includes/js/jquery/ui/core.min.js?ver=1.11.4 HTTP/1.1" 200 7704 "-" "msnbot/2.0b (+http://search.msn.com/msnbot.htm)" "-"
217.76.130.90 - - [10/Dec/2019:02:27:45 +0100] "POST /wp-cron.php?doing_wp_cron=1575941265.0922501087188720703125 HTTP/1.1" 200 164 "http://amazingsportwear.com/wp-cron.php?doing_wp_cron=1575941265.0922501087188720703125" "WordPress/5.2.4; https://amazingsportwear.com" "-"
157.55.39.160 - - [10/Dec/2019:02:27:43 +0100] "GET /tienda/105-camiseta-tecnica-bandera-cat-3581.html HTTP/1.1" 404 68109 "-" "Mozilla/5.0 (iPhone; CPU iPhone OS 7_0 like Mac OS X) AppleWebKit/537.51.1 (KHTML, like Gecko) Version/7.0 Mobile/11A465 Safari/9537.53 (compatible; bingbot/2.0; +http://www.bing.com/bingbot.htm)" "-"
157.55.39.160 - - [10/Dec/2019:02:27:47 +0100] "GET /wp-content/plugins/woocommerce/assets/js/frontend/single-product.min.js?ver=3.6.4 HTTP/1.1" 200 10056 "-" "msnbot/2.0b (+http://search.msn.com/msnbot.htm)" "-"
157.55.39.160 - - [10/Dec/2019:02:27:48 +0100] "GET /wp-includes/js/jquery/ui/dialog.min.js?ver=1.11.4 HTTP/1.1" 200 12482 "-" "msnbot/2.0b (+http://search.msn.com/msnbot.htm)" "-"
157.55.39.160 - - [10/Dec/2019:02:27:49 +0100] "GET /wp-includes/js/jquery/ui/resizable.min.js?ver=1.11.4 HTTP/1.1" 200 18798 "-" "msnbot/2.0b (+http://search.msn.com/msnbot.htm)" "-"
217.76.130.90 - - [10/Dec/2019:02:28:20 +0100] "POST /wp-cron.php?doing_wp_cron=1575941300.9068250656127929687500 HTTP/1.1" 200 164 "http://amazingsportwear.com/wp-cron.php?doing_wp_cron=1575941300.9068250656127929687500" "WordPress/5.2.4; https://amazingsportwear.com" "-"
104.131.148.172 - - [10/Dec/2019:02:28:19 +0100] "GET / HTTP/1.0" 301 265 "-" "-" "-"
217.76.130.90 - - [10/Dec/2019:02:28:21 +0100] "POST /wp-cron.php?doing_wp_cron=1575941301.8129739761352539062500 HTTP/1.1" 200 164 "http://amazingsportwear.com/wp-cron.php?doing_wp_cron=1575941301.8129739761352539062500" "WordPress/5.2.4; https://amazingsportwear.com" "-"
104.131.148.172 - - [10/Dec/2019:02:28:20 +0100] "GET /phpminiadmin.php HTTP/1.0" 404 67920 "-" "-" "-"
104.131.148.172 - - [10/Dec/2019:02:28:21 +0100] "GET /phpmini.php HTTP/1.0" 404 67890 "-" "-" "-"
104.131.148.172 - - [10/Dec/2019:02:28:22 +0100] "GET /miniadmin.php HTTP/1.0" 404 67859 "-" "-" "-"
104.131.148.172 - - [10/Dec/2019:02:28:23 +0100] "GET /mini.php HTTP/1.0" 404 67879 "-" "-" "-"
104.131.148.172 - - [10/Dec/2019:02:28:24 +0100] "GET /php.php HTTP/1.0" 404 67852 "-" "-" "-"
104.131.148.172 - - [10/Dec/2019:02:28:24 +0100] "GET /pma.php HTTP/1.0" 404 67872 "-" "-" "-"
104.131.148.172 - - [10/Dec/2019:02:28:25 +0100] "GET /amp.php HTTP/1.0" 404 67867 "-" "-" "-"
104.131.148.172 - - [10/Dec/2019:02:28:26 +0100] "GET /p.php HTTP/1.0" 404 67863 "-" "-" "-"
104.131.148.172 - - [10/Dec/2019:02:28:27 +0100] "GET /test/phpminiadmin.php HTTP/1.0" 404 67926 "-" "-" "-"
104.131.148.172 - - [10/Dec/2019:02:28:28 +0100] "GET /sql/phpminiadmin.php HTTP/1.0" 404 67904 "-" "-" "-"
104.131.148.172 - - [10/Dec/2019:02:28:28 +0100] "GET /dev/phpminiadmin.php HTTP/1.0" 404 67889 "-" "-" "-"
104.131.148.172 - - [10/Dec/2019:02:28:29 +0100] "GET /test/pma.php HTTP/1.0" 404 67883 "-" "-" "-"
104.131.148.172 - - [10/Dec/2019:02:28:30 +0100] "GET /dev/pma.php HTTP/1.0" 404 67881 "-" "-" "-"
104.131.148.172 - - [10/Dec/2019:02:28:31 +0100] "GET /sql/pma.php HTTP/1.0" 404 67876 "-" "-" "-"
104.131.148.172 - - [10/Dec/2019:02:28:32 +0100] "GET /sql.php HTTP/1.0" 404 67862 "-" "-" "-"
104.131.148.172 - - [10/Dec/2019:02:28:31 +0100] "GET /db.php HTTP/1.0" 404 67885 "-" "-" "-"
104.131.148.172 - - [10/Dec/2019:02:28:33 +0100] "GET /scripts/phpminiadmin.php HTTP/1.0" 404 67912 "-" "-" "-"
104.131.148.172 - - [10/Dec/2019:02:28:33 +0100] "GET /adminmysql.php HTTP/1.0" 404 67911 "-" "-" "-"
104.131.148.172 - - [10/Dec/2019:02:28:34 +0100] "GET /mysql-adminer.php HTTP/1.0" 404 67887 "-" "-" "-"
104.131.148.172 - - [10/Dec/2019:02:28:35 +0100] "GET /admindb.php HTTP/1.0" 404 67885 "-" "-" "-"
104.131.148.172 - - [10/Dec/2019:02:28:35 +0100] "GET /m_admin_mysql.php HTTP/1.0" 404 67892 "-" "-" "-"
104.131.148.172 - - [10/Dec/2019:02:28:36 +0100] "GET /mysql.php HTTP/1.0" 404 67836 "-" "-" "-"
104.131.148.172 - - [10/Dec/2019:02:28:37 +0100] "GET /database.php HTTP/1.0" 404 67872 "-" "-" "-"
104.131.148.172 - - [10/Dec/2019:02:28:38 +0100] "GET /phpadmin.php HTTP/1.0" 404 67897 "-" "-" "-"
104.131.148.172 - - [10/Dec/2019:02:28:38 +0100] "GET /phpadminer.php HTTP/1.0" 404 67881 "-" "-" "-"
207.46.13.220 - - [10/Dec/2019:02:28:57 +0100] "GET /wp-content/plugins/woocommerce/assets/js/zoom/jquery.zoom.min.js?ver=1.7.21 HTTP/1.1" 200 6320 "-" "msnbot/2.0b (+http://search.msn.com/msnbot.htm)" "-"
207.46.13.220 - - [10/Dec/2019:02:28:58 +0100] "GET /wp-content/themes/shopper/assets/js/crm.js?ver=1561548510 HTTP/1.1" 200 874 "-" "msnbot/2.0b (+http://search.msn.com/msnbot.htm)" "-"
207.46.13.220 - - [10/Dec/2019:02:28:58 +0100] "GET /wp-content/themes/shopper/assets/js/woocommerce/header-cart.min.js?ver=1.3.8 HTTP/1.1" 200 972 "-" "msnbot/2.0b (+http://search.msn.com/msnbot.htm)" "-"
207.46.13.220 - - [10/Dec/2019:02:28:59 +0100] "GET /wp-includes/js/jquery/jquery-migrate.min.js?ver=1.4.1 HTTP/1.1" 200 10399 "-" "msnbot/2.0b (+http://search.msn.com/msnbot.htm)" "-"
207.46.13.220 - - [10/Dec/2019:02:28:59 +0100] "GET /wp-includes/js/jquery/jquery.js HTTP/1.1" 200 97362 "-" "msnbot/2.0b (+http://search.msn.com/msnbot.htm)" "-"
207.46.13.220 - - [10/Dec/2019:02:29:00 +0100] "GET /wp-includes/js/jquery/ui/draggable.min.js?ver=1.11.4 HTTP/1.1" 200 19277 "-" "msnbot/2.0b (+http://search.msn.com/msnbot.htm)" "-"
207.46.13.220 - - [10/Dec/2019:02:29:00 +0100] "GET /wp-includes/js/jquery/ui/mouse.min.js?ver=1.11.4 HTTP/1.1" 200 3489 "-" "msnbot/2.0b (+http://search.msn.com/msnbot.htm)" "-"
207.46.13.220 - - [10/Dec/2019:02:29:02 +0100] "GET /wp-includes/js/jquery/ui/position.min.js?ver=1.11.4 HTTP/1.1" 200 6869 "-" "msnbot/2.0b (+http://search.msn.com/msnbot.htm)" "-"
207.46.13.220 - - [10/Dec/2019:02:29:03 +0100] "GET /wp-includes/js/underscore.min.js?ver=1.8.3 HTTP/1.1" 200 16527 "-" "msnbot/2.0b (+http://search.msn.com/msnbot.htm)" "-"
207.46.13.220 - - [10/Dec/2019:02:29:05 +0100] "GET /wp-includes/js/wp-util.min.js?ver=5.2.4 HTTP/1.1" 200 1387 "-" "msnbot/2.0b (+http://search.msn.com/msnbot.htm)" "-"
217.76.130.90 - - [10/Dec/2019:02:31:58 +0100] "POST /wp-cron.php?doing_wp_cron=1575941518.9143369197845458984375 HTTP/1.1" 200 3389 "https://amazingsportwear.com/wp-cron.php?doing_wp_cron=1575941518.9143369197845458984375" "WordPress/5.2.4; https://amazingsportwear.com" "-"
207.46.13.220 - - [10/Dec/2019:02:31:58 +0100] "GET /etiqueta-producto/bolsa-tinsul/feed/ HTTP/1.1" 200 6351 "-" "msnbot/2.0b (+http://search.msn.com/msnbot.htm)" "-"
217.76.130.90 - - [10/Dec/2019:02:35:49 +0100] "POST /wp-cron.php?doing_wp_cron=1575941749.2314529418945312500000 HTTP/1.1" 200 3389 "https://amazingsportwear.com/wp-cron.php?doing_wp_cron=1575941749.2314529418945312500000" "WordPress/5.2.4; https://amazingsportwear.com" "-"
13.66.139.0 - - [10/Dec/2019:02:35:48 +0100] "GET /producto/polo-tecnico-sol-palladium/ HTTP/1.1" 200 105663 "-" "Mozilla/5.0 (compatible; bingbot/2.0; +http://www.bing.com/bingbot.htm)" "-"
217.76.130.90 - - [10/Dec/2019:02:38:39 +0100] "POST /wp-cron.php?doing_wp_cron=1575941919.2803969383239746093750 HTTP/1.1" 200 3389 "https://amazingsportwear.com/wp-cron.php?doing_wp_cron=1575941919.2803969383239746093750" "WordPress/5.2.4; https://amazingsportwear.com" "-"
207.46.13.220 - - [10/Dec/2019:02:38:38 +0100] "GET /etiqueta-producto/bolsa-tinsul/feed/ HTTP/1.1" 200 6351 "-" "msnbot/2.0b (+http://search.msn.com/msnbot.htm)" "-"
216.244.66.250 - - [10/Dec/2019:02:45:42 +0100] "GET /robots.txt HTTP/1.1" 404 628 "-" "Mozilla/5.0 (compatible; DotBot/1.1; http://www.opensiteexplorer.org/dotbot, help@moz.com)" "-"
217.76.130.90 - - [10/Dec/2019:02:46:03 +0100] "POST /wp-cron.php?doing_wp_cron=1575942363.1065208911895751953125 HTTP/1.1" 200 3389 "https://amazingsportwear.com/wp-cron.php?doing_wp_cron=1575942363.1065208911895751953125" "WordPress/5.2.4; https://amazingsportwear.com" "-"
157.55.39.160 - - [10/Dec/2019:02:46:02 +0100] "GET /mi-cuenta/ HTTP/1.1" 200 57249 "-" "Mozilla/5.0 (compatible; bingbot/2.0; +http://www.bing.com/bingbot.htm)" "-"
157.55.39.160 - - [10/Dec/2019:02:50:21 +0100] "GET /wp-includes/js/jquery/ui/widget.min.js?ver=1.11.4 HTTP/1.1" 200 10613 "-" "msnbot/2.0b (+http://search.msn.com/msnbot.htm)" "-"
217.76.130.90 - - [10/Dec/2019:02:51:46 +0100] "POST /wp-cron.php?doing_wp_cron=1575942706.8996479511260986328125 HTTP/1.1" 200 3389 "https://amazingsportwear.com/wp-cron.php?doing_wp_cron=1575942706.8996479511260986328125" "WordPress/5.2.4; https://amazingsportwear.com" "-"
157.55.39.73 - - [10/Dec/2019:02:51:45 +0100] "GET /producto/camiseta-tecnica-tirantes-dream-eny-dream-ti/ HTTP/1.1" 200 102626 "-" "Mozilla/5.0 (compatible; bingbot/2.0; +http://www.bing.com/bingbot.htm)" "-"
217.76.130.90 - - [10/Dec/2019:02:55:30 +0100] "POST /wp-cron.php?doing_wp_cron=1575942930.0699019432067871093750 HTTP/1.1" 200 3389 "https://amazingsportwear.com/wp-cron.php?doing_wp_cron=1575942930.0699019432067871093750" "WordPress/5.2.4; https://amazingsportwear.com" "-"
157.55.39.73 - - [10/Dec/2019:02:55:28 +0100] "GET /etiqueta-producto/gorra-sport/feed/ HTTP/1.1" 200 6332 "-" "msnbot/2.0b (+http://search.msn.com/msnbot.htm)" "-"
217.76.130.90 - - [10/Dec/2019:03:00:10 +0100] "POST /wp-cron.php?doing_wp_cron=1575943210.3345599174499511718750 HTTP/1.1" 200 3389 "https://amazingsportwear.com/wp-cron.php?doing_wp_cron=1575943210.3345599174499511718750" "WordPress/5.2.4; https://amazingsportwear.com" "-"
157.55.39.73 - - [10/Dec/2019:03:00:09 +0100] "GET /etiqueta-producto/gorra-sport/feed/ HTTP/1.1" 200 6332 "-" "msnbot/2.0b (+http://search.msn.com/msnbot.htm)" "-"
217.76.130.90 - - [10/Dec/2019:03:02:44 +0100] "POST /wp-cron.php?doing_wp_cron=1575943364.9141919612884521484375 HTTP/1.1" 200 3389 "https://amazingsportwear.com/wp-cron.php?doing_wp_cron=1575943364.9141919612884521484375" "WordPress/5.2.4; https://amazingsportwear.com" "-"
66.220.149.37 - - [10/Dec/2019:03:02:44 +0100] "GET /?fbclid=IwAR23hc1tvSc8dGkuFUE7Q-VwnMgtUfh7cdkXzhCF_Liu56ZoiRaUKn2-0_I HTTP/1.1" 200 125866 "-" "Mozilla/5.0 (iPhone; CPU iPhone OS 13_1_3 like Mac OS X) AppleWebKit/605.1.15 (KHTML, like Gecko) Version/13.0.1 Mobile/15E148 Safari/604.1" "-"
66.220.149.15 - - [10/Dec/2019:03:02:48 +0100] "GET /wp-includes/css/dist/block-library/style.min.css?ver=5.2.4 HTTP/1.1" 200 33023 "-" "Mozilla/5.0 (iPhone; CPU iPhone OS 13_1_3 like Mac OS X) AppleWebKit/605.1.15 (KHTML, like Gecko) Version/13.0.1 Mobile/15E148 Safari/604.1" "wpfront-notification-bar-landingpage=1"
66.220.149.48 - - [10/Dec/2019:03:02:48 +0100] "GET /wp-content/plugins/woocommerce/assets/css/blocks/style.css?ver=3.6.4 HTTP/1.1" 200 10060 "-" "Mozilla/5.0 (iPhone; CPU iPhone OS 13_1_3 like Mac OS X) AppleWebKit/605.1.15 (KHTML, like Gecko) Version/13.0.1 Mobile/15E148 Safari/604.1" "wpfront-notification-bar-landingpage=1"
66.220.149.15 - - [10/Dec/2019:03:02:48 +0100] "GET /wp-content/plugins/cookie-law-info/public/css/cookie-law-info-public.css?ver=1.7.6 HTTP/1.1" 200 6598 "-" "Mozilla/5.0 (iPhone; CPU iPhone OS 13_1_3 like Mac OS X) AppleWebKit/605.1.15 (KHTML, like Gecko) Version/13.0.1 Mobile/15E148 Safari/604.1" "wpfront-notification-bar-landingpage=1"
66.220.149.48 - - [10/Dec/2019:03:02:48 +0100] "GET /wp-content/plugins/cookie-law-info/public/css/cookie-law-info-gdpr.css?ver=1.7.6 HTTP/1.1" 200 15808 "-" "Mozilla/5.0 (iPhone; CPU iPhone OS 13_1_3 like Mac OS X) AppleWebKit/605.1.15 (KHTML, like Gecko) Version/13.0.1 Mobile/15E148 Safari/604.1" "wpfront-notification-bar-landingpage=1"
66.220.149.15 - - [10/Dec/2019:03:02:49 +0100] "GET /wp-content/plugins/wpfront-notification-bar/css/wpfront-notification-bar.css?ver=1.7.1 HTTP/1.1" 200 7026 "-" "Mozilla/5.0 (iPhone; CPU iPhone OS 13_1_3 like Mac OS X) AppleWebKit/605.1.15 (KHTML, like Gecko) Version/13.0.1 Mobile/15E148 Safari/604.1" "wpfront-notification-bar-landingpage=1"
66.220.149.48 - - [10/Dec/2019:03:02:49 +0100] "GET /wp-content/themes/shopper/style.css?ver=1.3.8 HTTP/1.1" 200 128678 "-" "Mozilla/5.0 (iPhone; CPU iPhone OS 13_1_3 like Mac OS X) AppleWebKit/605.1.15 (KHTML, like Gecko) Version/13.0.1 Mobile/15E148 Safari/604.1" "wpfront-notification-bar-landingpage=1"
66.220.149.15 - - [10/Dec/2019:03:02:50 +0100] "GET /wp-content/plugins/simple-social-icons/css/style.css?ver=3.0.1 HTTP/1.1" 200 4925 "-" "Mozilla/5.0 (iPhone; CPU iPhone OS 13_1_3 like Mac OS X) AppleWebKit/605.1.15 (KHTML, like Gecko) Version/13.0.1 Mobile/15E148 Safari/604.1" "wpfront-notification-bar-landingpage=1"
66.220.149.48 - - [10/Dec/2019:03:02:50 +0100] "GET /wp-content/plugins/elementor/assets/lib/eicons/css/elementor-icons.min.css?ver=4.3.0 HTTP/1.1" 200 15213 "-" "Mozilla/5.0 (iPhone; CPU iPhone OS 13_1_3 like Mac OS X) AppleWebKit/605.1.15 (KHTML, like Gecko) Version/13.0.1 Mobile/15E148 Safari/604.1" "wpfront-notification-bar-landingpage=1"
66.220.149.15 - - [10/Dec/2019:03:02:50 +0100] "GET /wp-content/plugins/elementor/assets/lib/font-awesome/css/font-awesome.min.css?ver=4.7.0 HTTP/1.1" 200 34728 "-" "Mozilla/5.0 (iPhone; CPU iPhone OS 13_1_3 like Mac OS X) AppleWebKit/605.1.15 (KHTML, like Gecko) Version/13.0.1 Mobile/15E148 Safari/604.1" "wpfront-notification-bar-landingpage=1"
66.220.149.48 - - [10/Dec/2019:03:02:51 +0100] "GET /wp-content/plugins/elementor/assets/lib/animations/animations.min.css?ver=2.5.16 HTTP/1.1" 200 22196 "-" "Mozilla/5.0 (iPhone; CPU iPhone OS 13_1_3 like Mac OS X) AppleWebKit/605.1.15 (KHTML, like Gecko) Version/13.0.1 Mobile/15E148 Safari/604.1" "wpfront-notification-bar-landingpage=1"
66.220.149.15 - - [10/Dec/2019:03:02:51 +0100] "GET /wp-content/plugins/elementor/assets/css/frontend.min.css?ver=2.5.16 HTTP/1.1" 200 98729 "-" "Mozilla/5.0 (iPhone; CPU iPhone OS 13_1_3 like Mac OS X) AppleWebKit/605.1.15 (KHTML, like Gecko) Version/13.0.1 Mobile/15E148 Safari/604.1" "wpfront-notification-bar-landingpage=1"
66.220.149.48 - - [10/Dec/2019:03:02:52 +0100] "GET /wp-content/uploads/elementor/css/global.css?ver=1559638744 HTTP/1.1" 200 8499 "-" "Mozilla/5.0 (iPhone; CPU iPhone OS 13_1_3 like Mac OS X) AppleWebKit/605.1.15 (KHTML, like Gecko) Version/13.0.1 Mobile/15E148 Safari/604.1" "wpfront-notification-bar-landingpage=1"
66.220.149.15 - - [10/Dec/2019:03:02:52 +0100] "GET /wp-content/uploads/elementor/css/post-16241.css?ver=1562311573 HTTP/1.1" 200 8297 "-" "Mozilla/5.0 (iPhone; CPU iPhone OS 13_1_3 like Mac OS X) AppleWebKit/605.1.15 (KHTML, like Gecko) Version/13.0.1 Mobile/15E148 Safari/604.1" "wpfront-notification-bar-landingpage=1"
66.220.149.48 - - [10/Dec/2019:03:02:53 +0100] "GET /wp-content/themes/shopper/assets/sass/woocommerce/woocommerce.css?ver=5.2.4 HTTP/1.1" 200 86897 "-" "Mozilla/5.0 (iPhone; CPU iPhone OS 13_1_3 like Mac OS X) AppleWebKit/605.1.15 (KHTML, like Gecko) Version/13.0.1 Mobile/15E148 Safari/604.1" "wpfront-notification-bar-landingpage=1"
66.220.149.24 - - [10/Dec/2019:03:02:53 +0100] "GET /wp-includes/js/jquery/jquery-migrate.min.js?ver=1.4.1 HTTP/1.1" 200 13762 "-" "Mozilla/5.0 (iPhone; CPU iPhone OS 13_1_3 like Mac OS X) AppleWebKit/605.1.15 (KHTML, like Gecko) Version/13.0.1 Mobile/15E148 Safari/604.1" "wpfront-notification-bar-landingpage=1"
66.220.149.46 - - [10/Dec/2019:03:02:53 +0100] "GET /wp-content/plugins/cookie-law-info/public/js/cookie-law-info-public.js?ver=1.7.6 HTTP/1.1" 200 20439 "-" "Mozilla/5.0 (iPhone; CPU iPhone OS 13_1_3 like Mac OS X) AppleWebKit/605.1.15 (KHTML, like Gecko) Version/13.0.1 Mobile/15E148 Safari/604.1" "wpfront-notification-bar-landingpage=1"
66.220.149.35 - - [10/Dec/2019:03:02:53 +0100] "GET /wp-content/plugins/smart-slider-3/library/media/smartslider.min.css?1559118093 HTTP/1.1" 200 23322 "-" "Mozilla/5.0 (iPhone; CPU iPhone OS 13_1_3 like Mac OS X) AppleWebKit/605.1.15 (KHTML, like Gecko) Version/13.0.1 Mobile/15E148 Safari/604.1" "wpfront-notification-bar-landingpage=1"
66.220.149.34 - - [10/Dec/2019:03:02:54 +0100] "GET /wp-content/plugins/wpfront-notification-bar/jquery-plugins/jquery.c.js?ver=1.4.0 HTTP/1.1" 200 6800 "-" "Mozilla/5.0 (iPhone; CPU iPhone OS 13_1_3 like Mac OS X) AppleWebKit/605.1.15 (KHTML, like Gecko) Version/13.0.1 Mobile/15E148 Safari/604.1" "wpfront-notification-bar-landingpage=1"
66.220.149.48 - - [10/Dec/2019:03:02:54 +0100] "GET /wp-content/plugins/wpfront-notification-bar/js/wpfront-notification-bar.js?ver=1.7.1 HTTP/1.1" 200 9025 "-" "Mozilla/5.0 (iPhone; CPU iPhone OS 13_1_3 like Mac OS X) AppleWebKit/605.1.15 (KHTML, like Gecko) Version/13.0.1 Mobile/15E148 Safari/604.1" "wpfront-notification-bar-landingpage=1"
66.220.149.22 - - [10/Dec/2019:03:02:53 +0100] "GET /wp-includes/js/jquery/jquery.js?ver=1.12.4-wp HTTP/1.1" 200 100725 "-" "Mozilla/5.0 (iPhone; CPU iPhone OS 13_1_3 like Mac OS X) AppleWebKit/605.1.15 (KHTML, like Gecko) Version/13.0.1 Mobile/15E148 Safari/604.1" "wpfront-notification-bar-landingpage=1"
66.220.149.24 - - [10/Dec/2019:03:02:54 +0100] "GET /wp-content/plugins/simple-social-icons/svgxuse.js?ver=1.1.21 HTTP/1.1" 200 12943 "-" "Mozilla/5.0 (iPhone; CPU iPhone OS 13_1_3 like Mac OS X) AppleWebKit/605.1.15 (KHTML, like Gecko) Version/13.0.1 Mobile/15E148 Safari/604.1" "wpfront-notification-bar-landingpage=1"
66.220.149.34 - - [10/Dec/2019:03:02:54 +0100] "GET /wp-content/plugins/smart-slider-3/nextend/media/dist/n2.min.js?1559118093 HTTP/1.1" 200 7199 "-" "Mozilla/5.0 (iPhone; CPU iPhone OS 13_1_3 like Mac OS X) AppleWebKit/605.1.15 (KHTML, like Gecko) Version/13.0.1 Mobile/15E148 Safari/604.1" "wpfront-notification-bar-landingpage=1"
66.220.149.35 - - [10/Dec/2019:03:02:54 +0100] "GET /wp-content/plugins/smart-slider-3/library/media/plugins/type/simple/simple/dist/smartslider-simple-type-frontend.min.js?1559118093 HTTP/1.1" 200 22336 "-" "Mozilla/5.0 (iPhone; CPU iPhone OS 13_1_3 like Mac OS X) AppleWebKit/605.1.15 (KHTML, like Gecko) Version/13.0.1 Mobile/15E148 Safari/604.1" "wpfront-notification-bar-landingpage=1"
66.220.149.48 - - [10/Dec/2019:03:02:54 +0100] "GET /wp-content/plugins/smart-slider-3/nextend/media/dist/nextend-frontend.min.js?1559118093 HTTP/1.1" 200 89702 "-" "Mozilla/5.0 (iPhone; CPU iPhone OS 13_1_3 like Mac OS X) AppleWebKit/605.1.15 (KHTML, like Gecko) Version/13.0.1 Mobile/15E148 Safari/604.1" "wpfront-notification-bar-landingpage=1"
66.220.149.46 - - [10/Dec/2019:03:02:54 +0100] "GET /wp-content/plugins/smart-slider-3/library/media/dist/smartslider-frontend.min.js?1559118093 HTTP/1.1" 200 130656 "-" "Mozilla/5.0 (iPhone; CPU iPhone OS 13_1_3 like Mac OS X) AppleWebKit/605.1.15 (KHTML, like Gecko) Version/13.0.1 Mobile/15E148 Safari/604.1" "wpfront-notification-bar-landingpage=1"
66.220.149.48 - - [10/Dec/2019:03:02:55 +0100] "GET /wp-content/themes/shopper/assets/js/crm.js?ver=1561548510 HTTP/1.1" 200 4237 "-" "Mozilla/5.0 (iPhone; CPU iPhone OS 13_1_3 like Mac OS X) AppleWebKit/605.1.15 (KHTML, like Gecko) Version/13.0.1 Mobile/15E148 Safari/604.1" "wpfront-notification-bar-landingpage=1"
66.220.149.46 - - [10/Dec/2019:03:02:56 +0100] "GET /wp-content/plugins/woocommerce/assets/js/jquery-blockui/jquery.blockUI.min.js?ver=2.70 HTTP/1.1" 200 13271 "-" "Mozilla/5.0 (iPhone; CPU iPhone OS 13_1_3 like Mac OS X) AppleWebKit/605.1.15 (KHTML, like Gecko) Version/13.0.1 Mobile/15E148 Safari/604.1" "wpfront-notification-bar-landingpage=1"
66.220.149.22 - - [10/Dec/2019:03:02:56 +0100] "GET /wp-content/plugins/woocommerce/assets/js/frontend/cart-fragments.min.js?ver=3.6.4 HTTP/1.1" 200 6644 "-" "Mozilla/5.0 (iPhone; CPU iPhone OS 13_1_3 like Mac OS X) AppleWebKit/605.1.15 (KHTML, like Gecko) Version/13.0.1 Mobile/15E148 Safari/604.1" "wpfront-notification-bar-landingpage=1"
66.220.149.24 - - [10/Dec/2019:03:02:56 +0100] "GET /wp-content/plugins/woocommerce/assets/js/frontend/woocommerce.min.js?ver=3.6.4 HTTP/1.1" 200 5176 "-" "Mozilla/5.0 (iPhone; CPU iPhone OS 13_1_3 like Mac OS X) AppleWebKit/605.1.15 (KHTML, like Gecko) Version/13.0.1 Mobile/15E148 Safari/604.1" "wpfront-notification-bar-landingpage=1"
66.220.149.34 - - [10/Dec/2019:03:02:56 +0100] "GET /wp-content/plugins/woocommerce/assets/js/js-cookie/js.cookie.min.js?ver=2.1.4 HTTP/1.1" 200 5550 "-" "Mozilla/5.0 (iPhone; CPU iPhone OS 13_1_3 like Mac OS X) AppleWebKit/605.1.15 (KHTML, like Gecko) Version/13.0.1 Mobile/15E148 Safari/604.1" "wpfront-notification-bar-landingpage=1"
66.220.149.35 - - [10/Dec/2019:03:02:56 +0100] "GET /wp-content/plugins/woocommerce/assets/js/frontend/add-to-cart.min.js?ver=3.6.4 HTTP/1.1" 200 6346 "-" "Mozilla/5.0 (iPhone; CPU iPhone OS 13_1_3 like Mac OS X) AppleWebKit/605.1.15 (KHTML, like Gecko) Version/13.0.1 Mobile/15E148 Safari/604.1" "wpfront-notification-bar-landingpage=1"
66.220.149.48 - - [10/Dec/2019:03:02:56 +0100] "GET /wp-content/plugins/elementor/assets/lib/font-awesome/fonts/fontawesome-webfont.woff2?v=4.7.0 HTTP/1.1" 200 80978 "-" "Mozilla/5.0 (iPhone; CPU iPhone OS 13_1_3 like Mac OS X) AppleWebKit/605.1.15 (KHTML, like Gecko) Version/13.0.1 Mobile/15E148 Safari/604.1" "wpfront-notification-bar-landingpage=1"
66.220.149.46 - - [10/Dec/2019:03:02:56 +0100] "GET /wp-content/themes/shopper/assets/js/skip-link-focus-fix.js?ver=1.3.8 HTTP/1.1" 200 4386 "-" "Mozilla/5.0 (iPhone; CPU iPhone OS 13_1_3 like Mac OS X) AppleWebKit/605.1.15 (KHTML, like Gecko) Version/13.0.1 Mobile/15E148 Safari/604.1" "wpfront-notification-bar-landingpage=1; _ga=GA1.2.1353374164.1575943376; _gid=GA1.2.855544491.1575943376; _gat_gtag_UA_91619287_1=1"
66.220.149.24 - - [10/Dec/2019:03:02:57 +0100] "GET /wp-content/themes/shopper/assets/js/woocommerce/header-cart.min.js?ver=1.3.8 HTTP/1.1" 200 4335 "-" "Mozilla/5.0 (iPhone; CPU iPhone OS 13_1_3 like Mac OS X) AppleWebKit/605.1.15 (KHTML, like Gecko) Version/13.0.1 Mobile/15E148 Safari/604.1" "wpfront-notification-bar-landingpage=1; _ga=GA1.2.1353374164.1575943376; _gid=GA1.2.855544491.1575943376; _gat_gtag_UA_91619287_1=1"
66.220.149.22 - - [10/Dec/2019:03:02:57 +0100] "GET /wp-content/themes/shopper/assets/js/shopper.min.js?ver=1.3.8 HTTP/1.1" 200 9357 "-" "Mozilla/5.0 (iPhone; CPU iPhone OS 13_1_3 like Mac OS X) AppleWebKit/605.1.15 (KHTML, like Gecko) Version/13.0.1 Mobile/15E148 Safari/604.1" "wpfront-notification-bar-landingpage=1; _ga=GA1.2.1353374164.1575943376; _gid=GA1.2.855544491.1575943376; _gat_gtag_UA_91619287_1=1"
66.220.149.34 - - [10/Dec/2019:03:02:57 +0100] "GET /wp-includes/js/wp-embed.min.js?ver=5.2.4 HTTP/1.1" 200 5107 "-" "Mozilla/5.0 (iPhone; CPU iPhone OS 13_1_3 like Mac OS X) AppleWebKit/605.1.15 (KHTML, like Gecko) Version/13.0.1 Mobile/15E148 Safari/604.1" "wpfront-notification-bar-landingpage=1; _ga=GA1.2.1353374164.1575943376; _gid=GA1.2.855544491.1575943376; _gat_gtag_UA_91619287_1=1"
66.220.149.35 - - [10/Dec/2019:03:02:57 +0100] "GET /wp-content/plugins/elementor/assets/lib/slick/slick.min.js?ver=1.8.1 HTTP/1.1" 200 46627 "-" "Mozilla/5.0 (iPhone; CPU iPhone OS 13_1_3 like Mac OS X) AppleWebKit/605.1.15 (KHTML, like Gecko) Version/13.0.1 Mobile/15E148 Safari/604.1" "wpfront-notification-bar-landingpage=1; _ga=GA1.2.1353374164.1575943376; _gid=GA1.2.855544491.1575943376; _gat_gtag_UA_91619287_1=1"
