84.76.2.180 - - [16/Dec/2019:20:02:46 +0100] "GET /wp-content/themes/shopper/assets/js/shopper.min.js?ver=1.3.8 HTTP/1.1" 200 5994 "https://amazingsportwear.com/" "Mozilla/5.0 (Windows NT 6.1; Win64; x64; rv:71.0) Gecko/20100101 Firefox/71.0" "wpfront-notification-bar-landingpage=1"
84.76.2.180 - - [16/Dec/2019:20:02:46 +0100] "GET /wp-content/themes/shopper/assets/js/woocommerce/header-cart.min.js?ver=1.3.8 HTTP/1.1" 200 972 "https://amazingsportwear.com/" "Mozilla/5.0 (Windows NT 6.1; Win64; x64; rv:71.0) Gecko/20100101 Firefox/71.0" "wpfront-notification-bar-landingpage=1"
84.76.2.180 - - [16/Dec/2019:20:02:46 +0100] "GET /wp-includes/js/wp-embed.min.js?ver=5.2.5 HTTP/1.1" 200 1744 "https://amazingsportwear.com/" "Mozilla/5.0 (Windows NT 6.1; Win64; x64; rv:71.0) Gecko/20100101 Firefox/71.0" "wpfront-notification-bar-landingpage=1"
84.76.2.180 - - [16/Dec/2019:20:02:46 +0100] "GET /wp-content/plugins/elementor/assets/js/frontend-modules.min.js?ver=2.5.16 HTTP/1.1" 200 11486 "https://amazingsportwear.com/" "Mozilla/5.0 (Windows NT 6.1; Win64; x64; rv:71.0) Gecko/20100101 Firefox/71.0" "wpfront-notification-bar-landingpage=1"
84.76.2.180 - - [16/Dec/2019:20:02:46 +0100] "GET /wp-content/plugins/elementor/assets/lib/slick/slick.min.js?ver=1.8.1 HTTP/1.1" 200 43264 "https://amazingsportwear.com/" "Mozilla/5.0 (Windows NT 6.1; Win64; x64; rv:71.0) Gecko/20100101 Firefox/71.0" "wpfront-notification-bar-landingpage=1"
84.76.2.180 - - [16/Dec/2019:20:02:46 +0100] "GET /wp-content/plugins/elementor/assets/lib/dialog/dialog.min.js?ver=4.7.1 HTTP/1.1" 200 10911 "https://amazingsportwear.com/" "Mozilla/5.0 (Windows NT 6.1; Win64; x64; rv:71.0) Gecko/20100101 Firefox/71.0" "wpfront-notification-bar-landingpage=1"
84.76.2.180 - - [16/Dec/2019:20:02:46 +0100] "GET /wp-includes/js/jquery/ui/position.min.js?ver=1.11.4 HTTP/1.1" 200 6869 "https://amazingsportwear.com/" "Mozilla/5.0 (Windows NT 6.1; Win64; x64; rv:71.0) Gecko/20100101 Firefox/71.0" "wpfront-notification-bar-landingpage=1"
84.76.2.180 - - [16/Dec/2019:20:02:46 +0100] "GET /wp-content/plugins/elementor/assets/lib/waypoints/waypoints.min.js?ver=4.0.2 HTTP/1.1" 200 12541 "https://amazingsportwear.com/" "Mozilla/5.0 (Windows NT 6.1; Win64; x64; rv:71.0) Gecko/20100101 Firefox/71.0" "wpfront-notification-bar-landingpage=1"
84.76.2.180 - - [16/Dec/2019:20:02:46 +0100] "GET /wp-content/plugins/elementor/assets/js/frontend.min.js?ver=2.5.16 HTTP/1.1" 200 41341 "https://amazingsportwear.com/" "Mozilla/5.0 (Windows NT 6.1; Win64; x64; rv:71.0) Gecko/20100101 Firefox/71.0" "wpfront-notification-bar-landingpage=1"
84.76.2.180 - - [16/Dec/2019:20:02:47 +0100] "GET /wp-includes/js/jquery/ui/core.min.js?ver=1.11.4 HTTP/1.1" 200 4341 "https://amazingsportwear.com/" "Mozilla/5.0 (Windows NT 6.1; Win64; x64; rv:71.0) Gecko/20100101 Firefox/71.0" "wpfront-notification-bar-landingpage=1"
84.76.2.180 - - [16/Dec/2019:20:02:47 +0100] "GET /wp-content/plugins/si-contact-form/includes/fscf-scripts.js?ver=179 HTTP/1.1" 200 1033 "https://amazingsportwear.com/" "Mozilla/5.0 (Windows NT 6.1; Win64; x64; rv:71.0) Gecko/20100101 Firefox/71.0" "wpfront-notification-bar-landingpage=1"
84.76.2.180 - - [16/Dec/2019:20:02:47 +0100] "GET /wp-content/plugins/simple-social-icons/symbol-defs.svg HTTP/1.1" 200 19699 "https://amazingsportwear.com/" "Mozilla/5.0 (Windows NT 6.1; Win64; x64; rv:71.0) Gecko/20100101 Firefox/71.0" "wpfront-notification-bar-landingpage=1"
84.76.2.180 - - [16/Dec/2019:20:02:47 +0100] "GET /wp-content/uploads/2019/05/cropped-asw-white.png HTTP/1.1" 200 7500 "https://amazingsportwear.com/" "Mozilla/5.0 (Windows NT 6.1; Win64; x64; rv:71.0) Gecko/20100101 Firefox/71.0" "wpfront-notification-bar-landingpage=1"
84.76.2.180 - - [16/Dec/2019:20:02:47 +0100] "GET /wp-content/plugins/elementor/assets/lib/font-awesome/fonts/fontawesome-webfont.woff2?v=4.7.0 HTTP/1.1" 200 77615 "https://amazingsportwear.com/wp-content/plugins/elementor/assets/lib/font-awesome/css/font-awesome.min.css?ver=4.7.0" "Mozilla/5.0 (Windows NT 6.1; Win64; x64; rv:71.0) Gecko/20100101 Firefox/71.0" "wpfront-notification-bar-landingpage=1"
84.76.2.180 - - [16/Dec/2019:20:02:46 +0100] "GET /wp-content/plugins/elementor/assets/lib/swiper/swiper.min.js?ver=4.4.6 HTTP/1.1" 200 126126 "https://amazingsportwear.com/" "Mozilla/5.0 (Windows NT 6.1; Win64; x64; rv:71.0) Gecko/20100101 Firefox/71.0" "wpfront-notification-bar-landingpage=1"
84.76.2.180 - - [16/Dec/2019:20:02:47 +0100] "GET /wp-content/uploads/2019/04/Gorra-sport-12-300x300.png HTTP/1.1" 200 49394 "https://amazingsportwear.com/" "Mozilla/5.0 (Windows NT 6.1; Win64; x64; rv:71.0) Gecko/20100101 Firefox/71.0" "wpfront-notification-bar-landingpage=1"
84.76.2.180 - - [16/Dec/2019:20:02:47 +0100] "GET /wp-content/uploads/2019/04/bidon-match-4-300x300.png HTTP/1.1" 200 71820 "https://amazingsportwear.com/" "Mozilla/5.0 (Windows NT 6.1; Win64; x64; rv:71.0) Gecko/20100101 Firefox/71.0" "wpfront-notification-bar-landingpage=1"
84.76.2.180 - - [16/Dec/2019:20:02:47 +0100] "GET /wp-content/uploads/2019/04/bolsa-deporte-young-1-300x300.png HTTP/1.1" 200 77335 "https://amazingsportwear.com/" "Mozilla/5.0 (Windows NT 6.1; Win64; x64; rv:71.0) Gecko/20100101 Firefox/71.0" "wpfront-notification-bar-landingpage=1"
84.76.2.180 - - [16/Dec/2019:20:02:47 +0100] "GET /wp-content/uploads/2019/07/carpa-1024x771.jpg HTTP/1.1" 200 89325 "https://amazingsportwear.com/" "Mozilla/5.0 (Windows NT 6.1; Win64; x64; rv:71.0) Gecko/20100101 Firefox/71.0" "wpfront-notification-bar-landingpage=1"
84.76.2.180 - - [16/Dec/2019:20:02:47 +0100] "GET /wp-content/uploads/2019/04/toalla-absorvente-gymnasio-7-300x300.png HTTP/1.1" 200 78664 "https://amazingsportwear.com/" "Mozilla/5.0 (Windows NT 6.1; Win64; x64; rv:71.0) Gecko/20100101 Firefox/71.0" "wpfront-notification-bar-landingpage=1"
84.76.2.180 - - [16/Dec/2019:20:02:47 +0100] "GET /wp-content/uploads/2019/04/mochila-decath-5-300x300.png HTTP/1.1" 200 64031 "https://amazingsportwear.com/" "Mozilla/5.0 (Windows NT 6.1; Win64; x64; rv:71.0) Gecko/20100101 Firefox/71.0" "wpfront-notification-bar-landingpage=1"
84.76.2.180 - - [16/Dec/2019:20:02:47 +0100] "GET /wp-content/themes/shopper/assets/fonts/fontawesome-webfont.woff2?v=4.7.0 HTTP/1.1" 200 77615 "https://amazingsportwear.com/wp-content/themes/shopper/style.css?ver=1.3.8" "Mozilla/5.0 (Windows NT 6.1; Win64; x64; rv:71.0) Gecko/20100101 Firefox/71.0" "wpfront-notification-bar-landingpage=1"
84.76.2.180 - - [16/Dec/2019:20:02:47 +0100] "GET /wp-content/uploads/2019/04/Llavero-triumph-1-300x300.png HTTP/1.1" 200 12855 "https://amazingsportwear.com/" "Mozilla/5.0 (Windows NT 6.1; Win64; x64; rv:71.0) Gecko/20100101 Firefox/71.0" "wpfront-notification-bar-landingpage=1"
84.76.2.180 - - [16/Dec/2019:20:02:47 +0100] "GET /wp-content/uploads/2018/06/sa-6502-naranja-300x300.jpg HTTP/1.1" 200 42656 "https://amazingsportwear.com/" "Mozilla/5.0 (Windows NT 6.1; Win64; x64; rv:71.0) Gecko/20100101 Firefox/71.0" "wpfront-notification-bar-landingpage=1"
84.76.2.180 - - [16/Dec/2019:20:02:47 +0100] "GET /wp-content/uploads/2018/05/cif-g221-2-300x300.jpg HTTP/1.1" 200 8294 "https://amazingsportwear.com/" "Mozilla/5.0 (Windows NT 6.1; Win64; x64; rv:71.0) Gecko/20100101 Firefox/71.0" "wpfront-notification-bar-landingpage=1"
84.76.2.180 - - [16/Dec/2019:20:02:47 +0100] "GET /wp-content/uploads/2019/04/SA-6684-1-300x300.png HTTP/1.1" 200 94808 "https://amazingsportwear.com/" "Mozilla/5.0 (Windows NT 6.1; Win64; x64; rv:71.0) Gecko/20100101 Firefox/71.0" "wpfront-notification-bar-landingpage=1"
84.76.2.180 - - [16/Dec/2019:20:02:47 +0100] "GET /wp-content/uploads/2018/05/cp-lycra-2.jpg HTTP/1.1" 200 13775 "https://amazingsportwear.com/" "Mozilla/5.0 (Windows NT 6.1; Win64; x64; rv:71.0) Gecko/20100101 Firefox/71.0" "wpfront-notification-bar-landingpage=1"
84.76.2.180 - - [16/Dec/2019:20:02:47 +0100] "GET /wp-content/uploads/2017/03/sa-0415_60-300x300.jpg HTTP/1.1" 200 15272 "https://amazingsportwear.com/" "Mozilla/5.0 (Windows NT 6.1; Win64; x64; rv:71.0) Gecko/20100101 Firefox/71.0" "wpfront-notification-bar-landingpage=1"
84.76.2.180 - - [16/Dec/2019:20:02:47 +0100] "GET /wp-content/uploads/2018/05/cat-3164-amarillo-300x300.png HTTP/1.1" 200 72410 "https://amazingsportwear.com/" "Mozilla/5.0 (Windows NT 6.1; Win64; x64; rv:71.0) Gecko/20100101 Firefox/71.0" "wpfront-notification-bar-landingpage=1"
84.76.2.180 - - [16/Dec/2019:20:02:47 +0100] "GET /wp-content/uploads/2019/06/amistad3-300x300.jpg HTTP/1.1" 200 12744 "https://amazingsportwear.com/" "Mozilla/5.0 (Windows NT 6.1; Win64; x64; rv:71.0) Gecko/20100101 Firefox/71.0" "wpfront-notification-bar-landingpage=1"
84.76.2.180 - - [16/Dec/2019:20:02:47 +0100] "GET /wp-content/uploads/2019/06/compartir-300x300.jpg HTTP/1.1" 200 10140 "https://amazingsportwear.com/" "Mozilla/5.0 (Windows NT 6.1; Win64; x64; rv:71.0) Gecko/20100101 Firefox/71.0" "wpfront-notification-bar-landingpage=1"
84.76.2.180 - - [16/Dec/2019:20:02:47 +0100] "GET /wp-content/uploads/2019/05/asw-white-300x126.png HTTP/1.1" 200 12061 "https://amazingsportwear.com/" "Mozilla/5.0 (Windows NT 6.1; Win64; x64; rv:71.0) Gecko/20100101 Firefox/71.0" "wpfront-notification-bar-landingpage=1"
84.76.2.180 - - [16/Dec/2019:20:02:47 +0100] "GET /wp-content/uploads/2019/07/buff-bandana-300x123.jpg HTTP/1.1" 200 15859 "https://amazingsportwear.com/" "Mozilla/5.0 (Windows NT 6.1; Win64; x64; rv:71.0) Gecko/20100101 Firefox/71.0" "wpfront-notification-bar-landingpage=1"
84.76.2.180 - - [16/Dec/2019:20:02:47 +0100] "GET /wp-content/uploads/2019/07/camiseta-tecnica-mujer-300x124.jpg HTTP/1.1" 200 17320 "https://amazingsportwear.com/" "Mozilla/5.0 (Windows NT 6.1; Win64; x64; rv:71.0) Gecko/20100101 Firefox/71.0" "wpfront-notification-bar-landingpage=1"
84.76.2.180 - - [16/Dec/2019:20:02:47 +0100] "GET /wp-content/uploads/2019/07/camiseta-tecnica-unisex-300x124.jpg HTTP/1.1" 200 17090 "https://amazingsportwear.com/" "Mozilla/5.0 (Windows NT 6.1; Win64; x64; rv:71.0) Gecko/20100101 Firefox/71.0" "wpfront-notification-bar-landingpage=1"
84.76.2.180 - - [16/Dec/2019:20:02:47 +0100] "GET /wp-content/uploads/2019/07/cortavientos-300x124.jpg HTTP/1.1" 200 17094 "https://amazingsportwear.com/" "Mozilla/5.0 (Windows NT 6.1; Win64; x64; rv:71.0) Gecko/20100101 Firefox/71.0" "wpfront-notification-bar-landingpage=1"
84.76.2.180 - - [16/Dec/2019:20:02:47 +0100] "GET /wp-content/uploads/2019/07/gorra-tecnica-300x124.jpg HTTP/1.1" 200 16844 "https://amazingsportwear.com/" "Mozilla/5.0 (Windows NT 6.1; Win64; x64; rv:71.0) Gecko/20100101 Firefox/71.0" "wpfront-notification-bar-landingpage=1"
84.76.2.180 - - [16/Dec/2019:20:02:47 +0100] "GET /wp-content/uploads/2019/07/mochila-saco-300x124.jpg HTTP/1.1" 200 16972 "https://amazingsportwear.com/" "Mozilla/5.0 (Windows NT 6.1; Win64; x64; rv:71.0) Gecko/20100101 Firefox/71.0" "wpfront-notification-bar-landingpage=1"
84.76.2.180 - - [16/Dec/2019:20:02:47 +0100] "GET /wp-content/uploads/2019/07/toalla-300x124.jpg HTTP/1.1" 200 16957 "https://amazingsportwear.com/" "Mozilla/5.0 (Windows NT 6.1; Win64; x64; rv:71.0) Gecko/20100101 Firefox/71.0" "wpfront-notification-bar-landingpage=1"
84.76.2.180 - - [16/Dec/2019:20:02:47 +0100] "GET /wp-content/uploads/2019/07/zapatillero-300x124.jpg HTTP/1.1" 200 16599 "https://amazingsportwear.com/" "Mozilla/5.0 (Windows NT 6.1; Win64; x64; rv:71.0) Gecko/20100101 Firefox/71.0" "wpfront-notification-bar-landingpage=1"
84.76.2.180 - - [16/Dec/2019:20:02:47 +0100] "GET /wp-content/uploads/2019/07/slider1.jpg HTTP/1.1" 200 244573 "https://amazingsportwear.com/" "Mozilla/5.0 (Windows NT 6.1; Win64; x64; rv:71.0) Gecko/20100101 Firefox/71.0" "wpfront-notification-bar-landingpage=1"
84.76.2.180 - - [16/Dec/2019:20:02:47 +0100] "GET /wp-content/uploads/2019/07/slider2.jpg HTTP/1.1" 200 250219 "https://amazingsportwear.com/" "Mozilla/5.0 (Windows NT 6.1; Win64; x64; rv:71.0) Gecko/20100101 Firefox/71.0" "wpfront-notification-bar-landingpage=1"
84.76.2.180 - - [16/Dec/2019:20:02:47 +0100] "GET /wp-content/uploads/2019/07/slider3.jpg HTTP/1.1" 200 276981 "https://amazingsportwear.com/" "Mozilla/5.0 (Windows NT 6.1; Win64; x64; rv:71.0) Gecko/20100101 Firefox/71.0" "wpfront-notification-bar-landingpage=1"
84.76.2.180 - - [16/Dec/2019:20:02:47 +0100] "GET /wp-content/uploads/2019/07/slider4.jpg HTTP/1.1" 200 369750 "https://amazingsportwear.com/" "Mozilla/5.0 (Windows NT 6.1; Win64; x64; rv:71.0) Gecko/20100101 Firefox/71.0" "wpfront-notification-bar-landingpage=1"
84.76.2.180 - - [16/Dec/2019:20:02:47 +0100] "GET /wp-content/uploads/2019/05/cropped-favicon-nuevo-logo-amazinf-128px-32x32.png HTTP/1.1" 200 1224 "-" "Mozilla/5.0 (Windows NT 6.1; Win64; x64; rv:71.0) Gecko/20100101 Firefox/71.0" "wpfront-notification-bar-landingpage=1"
84.76.2.180 - - [16/Dec/2019:20:02:47 +0100] "GET /wp-content/uploads/2019/05/cropped-favicon-nuevo-logo-amazinf-128px-192x192.png HTTP/1.1" 200 10880 "-" "Mozilla/5.0 (Windows NT 6.1; Win64; x64; rv:71.0) Gecko/20100101 Firefox/71.0" "wpfront-notification-bar-landingpage=1"
84.76.2.180 - - [16/Dec/2019:20:02:47 +0100] "POST /?wc-ajax=get_refreshed_fragments HTTP/1.1" 200 1345 "https://amazingsportwear.com/" "Mozilla/5.0 (Windows NT 6.1; Win64; x64; rv:71.0) Gecko/20100101 Firefox/71.0" "wpfront-notification-bar-landingpage=1"
217.76.130.90 - - [16/Dec/2019:20:03:37 +0100] "POST /wp-cron.php?doing_wp_cron=1576523017.2042160034179687500000 HTTP/1.1" 200 3389 "https://amazingsportwear.com/wp-cron.php?doing_wp_cron=1576523017.2042160034179687500000" "WordPress/5.2.5; https://amazingsportwear.com" "-"
84.76.2.180 - - [16/Dec/2019:20:03:36 +0100] "GET /ofertas/ HTTP/1.1" 200 70176 "https://amazingsportwear.com/" "Mozilla/5.0 (Windows NT 6.1; Win64; x64; rv:71.0) Gecko/20100101 Firefox/71.0" "wpfront-notification-bar-landingpage=1; _ga=GA1.2.568078595.1576522968; _gid=GA1.2.486531991.1576522968; _gat_gtag_UA_91619287_1=1"
84.76.2.180 - - [16/Dec/2019:20:03:37 +0100] "GET /wp-content/uploads/2017/04/sa-5089-hombre-300x300.jpg HTTP/1.1" 200 13043 "https://amazingsportwear.com/ofertas/" "Mozilla/5.0 (Windows NT 6.1; Win64; x64; rv:71.0) Gecko/20100101 Firefox/71.0" "wpfront-notification-bar-landingpage=1; _ga=GA1.2.568078595.1576522968; _gid=GA1.2.486531991.1576522968; _gat_gtag_UA_91619287_1=1"
84.76.2.180 - - [16/Dec/2019:20:03:38 +0100] "GET /wp-content/uploads/2018/05/sa-0421-chico-300x300.jpg HTTP/1.1" 200 11910 "https://amazingsportwear.com/ofertas/" "Mozilla/5.0 (Windows NT 6.1; Win64; x64; rv:71.0) Gecko/20100101 Firefox/71.0" "wpfront-notification-bar-landingpage=1; _ga=GA1.2.568078595.1576522968; _gid=GA1.2.486531991.1576522968; _gat_gtag_UA_91619287_1=1"
84.76.2.180 - - [16/Dec/2019:20:03:38 +0100] "GET /wp-content/plugins/simple-social-icons/symbol-defs.svg HTTP/1.1" 200 19699 "https://amazingsportwear.com/ofertas/" "Mozilla/5.0 (Windows NT 6.1; Win64; x64; rv:71.0) Gecko/20100101 Firefox/71.0" "wpfront-notification-bar-landingpage=1; _ga=GA1.2.568078595.1576522968; _gid=GA1.2.486531991.1576522968; _gat_gtag_UA_91619287_1=1"
84.76.2.180 - - [16/Dec/2019:20:03:38 +0100] "GET /wp-content/uploads/2019/04/gorra-tecnica-amarilla-300x300.png HTTP/1.1" 200 43139 "https://amazingsportwear.com/ofertas/" "Mozilla/5.0 (Windows NT 6.1; Win64; x64; rv:71.0) Gecko/20100101 Firefox/71.0" "wpfront-notification-bar-landingpage=1; _ga=GA1.2.568078595.1576522968; _gid=GA1.2.486531991.1576522968; _gat_gtag_UA_91619287_1=1"
84.76.2.180 - - [16/Dec/2019:20:03:38 +0100] "GET /wp-content/uploads/2017/03/sa-0424_6003-300x300.jpg HTTP/1.1" 200 11286 "https://amazingsportwear.com/ofertas/" "Mozilla/5.0 (Windows NT 6.1; Win64; x64; rv:71.0) Gecko/20100101 Firefox/71.0" "wpfront-notification-bar-landingpage=1; _ga=GA1.2.568078595.1576522968; _gid=GA1.2.486531991.1576522968; _gat_gtag_UA_91619287_1=1"
84.76.2.180 - - [16/Dec/2019:20:03:38 +0100] "GET /wp-content/uploads/2018/05/bandanaBuff_comoqueda.jpg HTTP/1.1" 200 6074 "https://amazingsportwear.com/ofertas/" "Mozilla/5.0 (Windows NT 6.1; Win64; x64; rv:71.0) Gecko/20100101 Firefox/71.0" "wpfront-notification-bar-landingpage=1; _ga=GA1.2.568078595.1576522968; _gid=GA1.2.486531991.1576522968; _gat_gtag_UA_91619287_1=1"
84.76.2.180 - - [16/Dec/2019:20:03:38 +0100] "GET /wp-content/uploads/2019/04/zapatillero-pirlo-2-300x300.png HTTP/1.1" 200 62347 "https://amazingsportwear.com/ofertas/" "Mozilla/5.0 (Windows NT 6.1; Win64; x64; rv:71.0) Gecko/20100101 Firefox/71.0" "wpfront-notification-bar-landingpage=1; _ga=GA1.2.568078595.1576522968; _gid=GA1.2.486531991.1576522968; _gat_gtag_UA_91619287_1=1"
84.76.2.180 - - [16/Dec/2019:20:03:38 +0100] "GET /wp-content/uploads/2017/03/sa-0450_12-300x300.jpg HTTP/1.1" 200 22175 "https://amazingsportwear.com/ofertas/" "Mozilla/5.0 (Windows NT 6.1; Win64; x64; rv:71.0) Gecko/20100101 Firefox/71.0" "wpfront-notification-bar-landingpage=1; _ga=GA1.2.568078595.1576522968; _gid=GA1.2.486531991.1576522968; _gat_gtag_UA_91619287_1=1"
84.76.2.180 - - [16/Dec/2019:20:03:38 +0100] "GET /wp-content/uploads/2018/02/SA-6656-azul-300x300.png HTTP/1.1" 200 73639 "https://amazingsportwear.com/ofertas/" "Mozilla/5.0 (Windows NT 6.1; Win64; x64; rv:71.0) Gecko/20100101 Firefox/71.0" "wpfront-notification-bar-landingpage=1; _ga=GA1.2.568078595.1576522968; _gid=GA1.2.486531991.1576522968; _gat_gtag_UA_91619287_1=1"
84.76.2.180 - - [16/Dec/2019:20:03:46 +0100] "GET /producto/polo-tecnico-montmelo-sa-0421/ HTTP/1.1" 200 103103 "https://amazingsportwear.com/ofertas/" "Mozilla/5.0 (Windows NT 6.1; Win64; x64; rv:71.0) Gecko/20100101 Firefox/71.0" "wpfront-notification-bar-landingpage=1; _ga=GA1.2.568078595.1576522968; _gid=GA1.2.486531991.1576522968; _gat_gtag_UA_91619287_1=1"
84.76.2.180 - - [16/Dec/2019:20:03:47 +0100] "GET /wp-content/plugins/woocommerce/assets/css/photoswipe/photoswipe.css?ver=3.6.4 HTTP/1.1" 200 4472 "https://amazingsportwear.com/producto/polo-tecnico-montmelo-sa-0421/" "Mozilla/5.0 (Windows NT 6.1; Win64; x64; rv:71.0) Gecko/20100101 Firefox/71.0" "wpfront-notification-bar-landingpage=1; _ga=GA1.2.568078595.1576522968; _gid=GA1.2.486531991.1576522968; _gat_gtag_UA_91619287_1=1"
84.76.2.180 - - [16/Dec/2019:20:03:47 +0100] "GET /wp-content/plugins/woocommerce/assets/css/photoswipe/default-skin/default-skin.css?ver=3.6.4 HTTP/1.1" 200 11943 "https://amazingsportwear.com/producto/polo-tecnico-montmelo-sa-0421/" "Mozilla/5.0 (Windows NT 6.1; Win64; x64; rv:71.0) Gecko/20100101 Firefox/71.0" "wpfront-notification-bar-landingpage=1; _ga=GA1.2.568078595.1576522968; _gid=GA1.2.486531991.1576522968; _gat_gtag_UA_91619287_1=1"
84.76.2.180 - - [16/Dec/2019:20:03:47 +0100] "GET /wp-content/plugins/woocommerce/assets/js/zoom/jquery.zoom.min.js?ver=1.7.21 HTTP/1.1" 200 2920 "https://amazingsportwear.com/producto/polo-tecnico-montmelo-sa-0421/" "Mozilla/5.0 (Windows NT 6.1; Win64; x64; rv:71.0) Gecko/20100101 Firefox/71.0" "wpfront-notification-bar-landingpage=1; _ga=GA1.2.568078595.1576522968; _gid=GA1.2.486531991.1576522968; _gat_gtag_UA_91619287_1=1"
84.76.2.180 - - [16/Dec/2019:20:03:47 +0100] "GET /wp-includes/js/jquery/jquery.js HTTP/1.1" 200 97362 "https://amazingsportwear.com/producto/polo-tecnico-montmelo-sa-0421/" "Mozilla/5.0 (Windows NT 6.1; Win64; x64; rv:71.0) Gecko/20100101 Firefox/71.0" "wpfront-notification-bar-landingpage=1; _ga=GA1.2.568078595.1576522968; _gid=GA1.2.486531991.1576522968; _gat_gtag_UA_91619287_1=1"
84.76.2.180 - - [16/Dec/2019:20:03:47 +0100] "GET /wp-content/plugins/woocommerce/assets/js/flexslider/jquery.flexslider.min.js?ver=2.7.2 HTTP/1.1" 200 23232 "https://amazingsportwear.com/producto/polo-tecnico-montmelo-sa-0421/" "Mozilla/5.0 (Windows NT 6.1; Win64; x64; rv:71.0) Gecko/20100101 Firefox/71.0" "wpfront-notification-bar-landingpage=1; _ga=GA1.2.568078595.1576522968; _gid=GA1.2.486531991.1576522968; _gat_gtag_UA_91619287_1=1"
84.76.2.180 - - [16/Dec/2019:20:03:47 +0100] "GET /wp-content/plugins/product-enquiry-for-woocommerce/css/wdm-jquery-ui.css?ver=5.2.5 HTTP/1.1" 200 27001 "https://amazingsportwear.com/producto/polo-tecnico-montmelo-sa-0421/" "Mozilla/5.0 (Windows NT 6.1; Win64; x64; rv:71.0) Gecko/20100101 Firefox/71.0" "wpfront-notification-bar-landingpage=1; _ga=GA1.2.568078595.1576522968; _gid=GA1.2.486531991.1576522968; _gat_gtag_UA_91619287_1=1"
84.76.2.180 - - [16/Dec/2019:20:03:47 +0100] "GET /wp-content/plugins/woocommerce/assets/js/photoswipe/photoswipe.min.js?ver=4.1.1 HTTP/1.1" 200 32276 "https://amazingsportwear.com/producto/polo-tecnico-montmelo-sa-0421/" "Mozilla/5.0 (Windows NT 6.1; Win64; x64; rv:71.0) Gecko/20100101 Firefox/71.0" "wpfront-notification-bar-landingpage=1; _ga=GA1.2.568078595.1576522968; _gid=GA1.2.486531991.1576522968; _gat_gtag_UA_91619287_1=1"
84.76.2.180 - - [16/Dec/2019:20:03:47 +0100] "GET /wp-includes/js/underscore.min.js?ver=1.8.3 HTTP/1.1" 200 16527 "https://amazingsportwear.com/producto/polo-tecnico-montmelo-sa-0421/" "Mozilla/5.0 (Windows NT 6.1; Win64; x64; rv:71.0) Gecko/20100101 Firefox/71.0" "wpfront-notification-bar-landingpage=1; _ga=GA1.2.568078595.1576522968; _gid=GA1.2.486531991.1576522968; _gat_gtag_UA_91619287_1=1"
84.76.2.180 - - [16/Dec/2019:20:03:47 +0100] "GET /wp-content/plugins/woocommerce/assets/js/photoswipe/photoswipe-ui-default.min.js?ver=4.1.1 HTTP/1.1" 200 10358 "https://amazingsportwear.com/producto/polo-tecnico-montmelo-sa-0421/" "Mozilla/5.0 (Windows NT 6.1; Win64; x64; rv:71.0) Gecko/20100101 Firefox/71.0" "wpfront-notification-bar-landingpage=1; _ga=GA1.2.568078595.1576522968; _gid=GA1.2.486531991.1576522968; _gat_gtag_UA_91619287_1=1"
84.76.2.180 - - [16/Dec/2019:20:03:47 +0100] "GET /wp-content/plugins/woocommerce/assets/js/frontend/add-to-cart-variation.min.js?ver=3.6.4 HTTP/1.1" 200 13625 "https://amazingsportwear.com/producto/polo-tecnico-montmelo-sa-0421/" "Mozilla/5.0 (Windows NT 6.1; Win64; x64; rv:71.0) Gecko/20100101 Firefox/71.0" "wpfront-notification-bar-landingpage=1; _ga=GA1.2.568078595.1576522968; _gid=GA1.2.486531991.1576522968; _gat_gtag_UA_91619287_1=1"
84.76.2.180 - - [16/Dec/2019:20:03:47 +0100] "GET /wp-content/plugins/woocommerce/assets/js/frontend/single-product.min.js?ver=3.6.4 HTTP/1.1" 200 6831 "https://amazingsportwear.com/producto/polo-tecnico-montmelo-sa-0421/" "Mozilla/5.0 (Windows NT 6.1; Win64; x64; rv:71.0) Gecko/20100101 Firefox/71.0" "wpfront-notification-bar-landingpage=1; _ga=GA1.2.568078595.1576522968; _gid=GA1.2.486531991.1576522968; _gat_gtag_UA_91619287_1=1"
84.76.2.180 - - [16/Dec/2019:20:03:47 +0100] "GET /wp-includes/js/comment-reply.min.js?ver=5.2.5 HTTP/1.1" 200 2575 "https://amazingsportwear.com/producto/polo-tecnico-montmelo-sa-0421/" "Mozilla/5.0 (Windows NT 6.1; Win64; x64; rv:71.0) Gecko/20100101 Firefox/71.0" "wpfront-notification-bar-landingpage=1; _ga=GA1.2.568078595.1576522968; _gid=GA1.2.486531991.1576522968; _gat_gtag_UA_91619287_1=1"
84.76.2.180 - - [16/Dec/2019:20:03:47 +0100] "GET /wp-includes/js/jquery/ui/widget.min.js?ver=1.11.4 HTTP/1.1" 200 7250 "https://amazingsportwear.com/producto/polo-tecnico-montmelo-sa-0421/" "Mozilla/5.0 (Windows NT 6.1; Win64; x64; rv:71.0) Gecko/20100101 Firefox/71.0" "wpfront-notification-bar-landingpage=1; _ga=GA1.2.568078595.1576522968; _gid=GA1.2.486531991.1576522968; _gat_gtag_UA_91619287_1=1"
84.76.2.180 - - [16/Dec/2019:20:03:47 +0100] "GET /wp-includes/js/wp-util.min.js?ver=5.2.5 HTTP/1.1" 200 1387 "https://amazingsportwear.com/producto/polo-tecnico-montmelo-sa-0421/" "Mozilla/5.0 (Windows NT 6.1; Win64; x64; rv:71.0) Gecko/20100101 Firefox/71.0" "wpfront-notification-bar-landingpage=1; _ga=GA1.2.568078595.1576522968; _gid=GA1.2.486531991.1576522968; _gat_gtag_UA_91619287_1=1"
84.76.2.180 - - [16/Dec/2019:20:03:47 +0100] "GET /wp-includes/js/jquery/ui/mouse.min.js?ver=1.11.4 HTTP/1.1" 200 3489 "https://amazingsportwear.com/producto/polo-tecnico-montmelo-sa-0421/" "Mozilla/5.0 (Windows NT 6.1; Win64; x64; rv:71.0) Gecko/20100101 Firefox/71.0" "wpfront-notification-bar-landingpage=1; _ga=GA1.2.568078595.1576522968; _gid=GA1.2.486531991.1576522968; _gat_gtag_UA_91619287_1=1"
84.76.2.180 - - [16/Dec/2019:20:03:47 +0100] "GET /wp-includes/js/jquery/ui/resizable.min.js?ver=1.11.4 HTTP/1.1" 200 18798 "https://amazingsportwear.com/producto/polo-tecnico-montmelo-sa-0421/" "Mozilla/5.0 (Windows NT 6.1; Win64; x64; rv:71.0) Gecko/20100101 Firefox/71.0" "wpfront-notification-bar-landingpage=1; _ga=GA1.2.568078595.1576522968; _gid=GA1.2.486531991.1576522968; _gat_gtag_UA_91619287_1=1"
84.76.2.180 - - [16/Dec/2019:20:03:47 +0100] "GET /wp-includes/js/jquery/ui/draggable.min.js?ver=1.11.4 HTTP/1.1" 200 19277 "https://amazingsportwear.com/producto/polo-tecnico-montmelo-sa-0421/" "Mozilla/5.0 (Windows NT 6.1; Win64; x64; rv:71.0) Gecko/20100101 Firefox/71.0" "wpfront-notification-bar-landingpage=1; _ga=GA1.2.568078595.1576522968; _gid=GA1.2.486531991.1576522968; _gat_gtag_UA_91619287_1=1"
84.76.2.180 - - [16/Dec/2019:20:03:47 +0100] "GET /wp-content/plugins/akismet/_inc/form.js?ver=4.1.2 HTTP/1.1" 200 1040 "https://amazingsportwear.com/producto/polo-tecnico-montmelo-sa-0421/" "Mozilla/5.0 (Windows NT 6.1; Win64; x64; rv:71.0) Gecko/20100101 Firefox/71.0" "wpfront-notification-bar-landingpage=1; _ga=GA1.2.568078595.1576522968; _gid=GA1.2.486531991.1576522968; _gat_gtag_UA_91619287_1=1"
84.76.2.180 - - [16/Dec/2019:20:03:47 +0100] "GET /wp-includes/js/jquery/ui/button.min.js?ver=1.11.4 HTTP/1.1" 200 7578 "https://amazingsportwear.com/producto/polo-tecnico-montmelo-sa-0421/" "Mozilla/5.0 (Windows NT 6.1; Win64; x64; rv:71.0) Gecko/20100101 Firefox/71.0" "wpfront-notification-bar-landingpage=1; _ga=GA1.2.568078595.1576522968; _gid=GA1.2.486531991.1576522968; _gat_gtag_UA_91619287_1=1"
84.76.2.180 - - [16/Dec/2019:20:03:47 +0100] "GET /wp-includes/js/jquery/ui/dialog.min.js?ver=1.11.4 HTTP/1.1" 200 12482 "https://amazingsportwear.com/producto/polo-tecnico-montmelo-sa-0421/" "Mozilla/5.0 (Windows NT 6.1; Win64; x64; rv:71.0) Gecko/20100101 Firefox/71.0" "wpfront-notification-bar-landingpage=1; _ga=GA1.2.568078595.1576522968; _gid=GA1.2.486531991.1576522968; _gat_gtag_UA_91619287_1=1"
84.76.2.180 - - [16/Dec/2019:20:03:47 +0100] "GET /wp-content/plugins/product-enquiry-for-woocommerce/js/wdm_jquery.validate.min.js?ver=5.2.5 HTTP/1.1" 200 21818 "https://amazingsportwear.com/producto/polo-tecnico-montmelo-sa-0421/" "Mozilla/5.0 (Windows NT 6.1; Win64; x64; rv:71.0) Gecko/20100101 Firefox/71.0" "wpfront-notification-bar-landingpage=1; _ga=GA1.2.568078595.1576522968; _gid=GA1.2.486531991.1576522968; _gat_gtag_UA_91619287_1=1"
84.76.2.180 - - [16/Dec/2019:20:03:47 +0100] "GET /wp-content/plugins/product-enquiry-for-woocommerce/js/contact.js?ver=5.2.5 HTTP/1.1" 200 4681 "https://amazingsportwear.com/producto/polo-tecnico-montmelo-sa-0421/" "Mozilla/5.0 (Windows NT 6.1; Win64; x64; rv:71.0) Gecko/20100101 Firefox/71.0" "wpfront-notification-bar-landingpage=1; _ga=GA1.2.568078595.1576522968; _gid=GA1.2.486531991.1576522968; _gat_gtag_UA_91619287_1=1"
84.76.2.180 - - [16/Dec/2019:20:03:47 +0100] "GET /wp-content/uploads/2018/05/sa-0421-negro-lima.jpg HTTP/1.1" 200 9323 "https://amazingsportwear.com/producto/polo-tecnico-montmelo-sa-0421/" "Mozilla/5.0 (Windows NT 6.1; Win64; x64; rv:71.0) Gecko/20100101 Firefox/71.0" "wpfront-notification-bar-landingpage=1; _ga=GA1.2.568078595.1576522968; _gid=GA1.2.486531991.1576522968; _gat_gtag_UA_91619287_1=1"
84.76.2.180 - - [16/Dec/2019:20:03:47 +0100] "GET /wp-content/uploads/2018/05/sa-0421-colores-1.jpg HTTP/1.1" 200 15816 "https://amazingsportwear.com/producto/polo-tecnico-montmelo-sa-0421/" "Mozilla/5.0 (Windows NT 6.1; Win64; x64; rv:71.0) Gecko/20100101 Firefox/71.0" "wpfront-notification-bar-landingpage=1; _ga=GA1.2.568078595.1576522968; _gid=GA1.2.486531991.1576522968; _gat_gtag_UA_91619287_1=1"
84.76.2.180 - - [16/Dec/2019:20:03:47 +0100] "GET /wp-content/uploads/2018/05/sa-0421-negro-blanco.jpg HTTP/1.1" 200 75477 "https://amazingsportwear.com/producto/polo-tecnico-montmelo-sa-0421/" "Mozilla/5.0 (Windows NT 6.1; Win64; x64; rv:71.0) Gecko/20100101 Firefox/71.0" "wpfront-notification-bar-landingpage=1; _ga=GA1.2.568078595.1576522968; _gid=GA1.2.486531991.1576522968; _gat_gtag_UA_91619287_1=1"
84.76.2.180 - - [16/Dec/2019:20:03:47 +0100] "GET /wp-content/uploads/2018/05/sa-0421-chico.jpg HTTP/1.1" 200 76165 "https://amazingsportwear.com/producto/polo-tecnico-montmelo-sa-0421/" "Mozilla/5.0 (Windows NT 6.1; Win64; x64; rv:71.0) Gecko/20100101 Firefox/71.0" "wpfront-notification-bar-landingpage=1; _ga=GA1.2.568078595.1576522968; _gid=GA1.2.486531991.1576522968; _gat_gtag_UA_91619287_1=1"
84.76.2.180 - - [16/Dec/2019:20:03:47 +0100] "GET /wp-content/uploads/2018/05/sa-0421-blanco-azul.jpg HTTP/1.1" 200 103356 "https://amazingsportwear.com/producto/polo-tecnico-montmelo-sa-0421/" "Mozilla/5.0 (Windows NT 6.1; Win64; x64; rv:71.0) Gecko/20100101 Firefox/71.0" "wpfront-notification-bar-landingpage=1; _ga=GA1.2.568078595.1576522968; _gid=GA1.2.486531991.1576522968; _gat_gtag_UA_91619287_1=1"
84.76.2.180 - - [16/Dec/2019:20:03:47 +0100] "GET /wp-content/uploads/2018/05/sa-0421-azul-blanco.jpg HTTP/1.1" 200 88462 "https://amazingsportwear.com/producto/polo-tecnico-montmelo-sa-0421/" "Mozilla/5.0 (Windows NT 6.1; Win64; x64; rv:71.0) Gecko/20100101 Firefox/71.0" "wpfront-notification-bar-landingpage=1; _ga=GA1.2.568078595.1576522968; _gid=GA1.2.486531991.1576522968; _gat_gtag_UA_91619287_1=1"
84.76.2.180 - - [16/Dec/2019:20:03:47 +0100] "GET /wp-content/uploads/2018/05/sa-0421-roji-blanco.jpg HTTP/1.1" 200 105303 "https://amazingsportwear.com/producto/polo-tecnico-montmelo-sa-0421/" "Mozilla/5.0 (Windows NT 6.1; Win64; x64; rv:71.0) Gecko/20100101 Firefox/71.0" "wpfront-notification-bar-landingpage=1; _ga=GA1.2.568078595.1576522968; _gid=GA1.2.486531991.1576522968; _gat_gtag_UA_91619287_1=1"
84.76.2.180 - - [16/Dec/2019:20:03:47 +0100] "GET /wp-content/uploads/2017/03/sa-6650_22302-300x300.jpg HTTP/1.1" 200 10356 "https://amazingsportwear.com/producto/polo-tecnico-montmelo-sa-0421/" "Mozilla/5.0 (Windows NT 6.1; Win64; x64; rv:71.0) Gecko/20100101 Firefox/71.0" "wpfront-notification-bar-landingpage=1; _ga=GA1.2.568078595.1576522968; _gid=GA1.2.486531991.1576522968; _gat_gtag_UA_91619287_1=1"
84.76.2.180 - - [16/Dec/2019:20:03:47 +0100] "GET /wp-content/uploads/2017/03/ENY-LONDON-VERDE.jpg HTTP/1.1" 200 51908 "https://amazingsportwear.com/producto/polo-tecnico-montmelo-sa-0421/" "Mozilla/5.0 (Windows NT 6.1; Win64; x64; rv:71.0) Gecko/20100101 Firefox/71.0" "wpfront-notification-bar-landingpage=1; _ga=GA1.2.568078595.1576522968; _gid=GA1.2.486531991.1576522968; _gat_gtag_UA_91619287_1=1"
84.76.2.180 - - [16/Dec/2019:20:03:47 +0100] "GET /wp-content/uploads/2018/05/sa-0421-marino-celeste.jpg HTTP/1.1" 200 95791 "https://amazingsportwear.com/producto/polo-tecnico-montmelo-sa-0421/" "Mozilla/5.0 (Windows NT 6.1; Win64; x64; rv:71.0) Gecko/20100101 Firefox/71.0" "wpfront-notification-bar-landingpage=1; _ga=GA1.2.568078595.1576522968; _gid=GA1.2.486531991.1576522968; _gat_gtag_UA_91619287_1=1"
84.76.2.180 - - [16/Dec/2019:20:03:47 +0100] "GET /wp-content/plugins/product-enquiry-for-woocommerce/img/contact/loading.gif HTTP/1.1" 200 3834 "https://amazingsportwear.com/producto/polo-tecnico-montmelo-sa-0421/" "Mozilla/5.0 (Windows NT 6.1; Win64; x64; rv:71.0) Gecko/20100101 Firefox/71.0" "wpfront-notification-bar-landingpage=1; _ga=GA1.2.568078595.1576522968; _gid=GA1.2.486531991.1576522968; _gat_gtag_UA_91619287_1=1"
84.76.2.180 - - [16/Dec/2019:20:03:47 +0100] "GET /wp-content/uploads/2017/03/aq-crono-joven-300x300.jpg HTTP/1.1" 200 72963 "https://amazingsportwear.com/producto/polo-tecnico-montmelo-sa-0421/" "Mozilla/5.0 (Windows NT 6.1; Win64; x64; rv:71.0) Gecko/20100101 Firefox/71.0" "wpfront-notification-bar-landingpage=1; _ga=GA1.2.568078595.1576522968; _gid=GA1.2.486531991.1576522968; _gat_gtag_UA_91619287_1=1"
84.76.2.180 - - [16/Dec/2019:20:03:47 +0100] "GET /wp-content/uploads/2018/05/sa-0421-negro-blanco-100x100.jpg HTTP/1.1" 200 17844 "https://amazingsportwear.com/producto/polo-tecnico-montmelo-sa-0421/" "Mozilla/5.0 (Windows NT 6.1; Win64; x64; rv:71.0) Gecko/20100101 Firefox/71.0" "wpfront-notification-bar-landingpage=1; _ga=GA1.2.568078595.1576522968; _gid=GA1.2.486531991.1576522968; _gat_gtag_UA_91619287_1=1"
84.76.2.180 - - [16/Dec/2019:20:03:47 +0100] "GET /wp-content/uploads/2018/05/sa-0421-chico-100x100.jpg HTTP/1.1" 200 3251 "https://amazingsportwear.com/producto/polo-tecnico-montmelo-sa-0421/" "Mozilla/5.0 (Windows NT 6.1; Win64; x64; rv:71.0) Gecko/20100101 Firefox/71.0" "wpfront-notification-bar-landingpage=1; _ga=GA1.2.568078595.1576522968; _gid=GA1.2.486531991.1576522968; _gat_gtag_UA_91619287_1=1"
84.76.2.180 - - [16/Dec/2019:20:03:47 +0100] "GET /wp-content/uploads/2018/05/sa-0421-azul-blanco-100x100.jpg HTTP/1.1" 200 18642 "https://amazingsportwear.com/producto/polo-tecnico-montmelo-sa-0421/" "Mozilla/5.0 (Windows NT 6.1; Win64; x64; rv:71.0) Gecko/20100101 Firefox/71.0" "wpfront-notification-bar-landingpage=1; _ga=GA1.2.568078595.1576522968; _gid=GA1.2.486531991.1576522968; _gat_gtag_UA_91619287_1=1"
84.76.2.180 - - [16/Dec/2019:20:03:47 +0100] "GET /wp-content/uploads/2018/05/sa-0421-negro-lima-100x100.jpg HTTP/1.1" 200 2572 "https://amazingsportwear.com/producto/polo-tecnico-montmelo-sa-0421/" "Mozilla/5.0 (Windows NT 6.1; Win64; x64; rv:71.0) Gecko/20100101 Firefox/71.0" "wpfront-notification-bar-landingpage=1; _ga=GA1.2.568078595.1576522968; _gid=GA1.2.486531991.1576522968; _gat_gtag_UA_91619287_1=1"
84.76.2.180 - - [16/Dec/2019:20:03:47 +0100] "GET /wp-content/uploads/2018/05/sa-0421-blanco-azul-100x100.jpg HTTP/1.1" 200 19731 "https://amazingsportwear.com/producto/polo-tecnico-montmelo-sa-0421/" "Mozilla/5.0 (Windows NT 6.1; Win64; x64; rv:71.0) Gecko/20100101 Firefox/71.0" "wpfront-notification-bar-landingpage=1; _ga=GA1.2.568078595.1576522968; _gid=GA1.2.486531991.1576522968; _gat_gtag_UA_91619287_1=1"
84.76.2.180 - - [16/Dec/2019:20:03:47 +0100] "GET /wp-content/uploads/2018/05/sa-0421-roji-blanco-100x100.jpg HTTP/1.1" 200 19783 "https://amazingsportwear.com/producto/polo-tecnico-montmelo-sa-0421/" "Mozilla/5.0 (Windows NT 6.1; Win64; x64; rv:71.0) Gecko/20100101 Firefox/71.0" "wpfront-notification-bar-landingpage=1; _ga=GA1.2.568078595.1576522968; _gid=GA1.2.486531991.1576522968; _gat_gtag_UA_91619287_1=1"
84.76.2.180 - - [16/Dec/2019:20:03:47 +0100] "GET /wp-content/uploads/2018/05/sa-0421-marino-celeste-100x100.jpg HTTP/1.1" 200 20072 "https://amazingsportwear.com/producto/polo-tecnico-montmelo-sa-0421/" "Mozilla/5.0 (Windows NT 6.1; Win64; x64; rv:71.0) Gecko/20100101 Firefox/71.0" "wpfront-notification-bar-landingpage=1; _ga=GA1.2.568078595.1576522968; _gid=GA1.2.486531991.1576522968; _gat_gtag_UA_91619287_1=1"
84.76.2.180 - - [16/Dec/2019:20:03:47 +0100] "GET /img/cms/tienda/sa-0421-colores.jpg HTTP/1.1" 404 68004 "-" "Mozilla/5.0 (Windows NT 6.1; Win64; x64; rv:71.0) Gecko/20100101 Firefox/71.0" "wpfront-notification-bar-landingpage=1; _ga=GA1.2.568078595.1576522968; _gid=GA1.2.486531991.1576522968; _gat_gtag_UA_91619287_1=1"
217.76.130.90 - - [16/Dec/2019:20:26:21 +0100] "POST /wp-cron.php?doing_wp_cron=1576524381.3374409675598144531250 HTTP/1.1" 200 3389 "https://amazingsportwear.com/wp-cron.php?doing_wp_cron=1576524381.3374409675598144531250" "WordPress/5.2.5; https://amazingsportwear.com" "-"
66.249.69.208 - - [16/Dec/2019:20:26:19 +0100] "GET /producto/camiseta-manga-corta-futbol/ HTTP/1.1" 200 95150 "-" "Mozilla/5.0 (Linux; Android 6.0.1; Nexus 5X Build/MMB29P) AppleWebKit/537.36 (KHTML, like Gecko) Chrome/41.0.2272.96 Mobile Safari/537.36 (compatible; Googlebot/2.1; +http://www.google.com/bot.html)" "-"
148.101.128.210 - - [16/Dec/2019:20:29:50 +0100] "GET /wp-content/uploads/2019/04/gorra-kisse-6.png HTTP/1.1" 200 90101 "https://www.google.com/" "Mozilla/5.0 (Macintosh; Intel Mac OS X 10_13_2) AppleWebKit/537.36 (KHTML, like Gecko) Chrome/79.0.3945.79 Safari/537.36" "-"
148.101.128.210 - - [16/Dec/2019:20:30:22 +0100] "GET /wp-content/uploads/2019/04/Gorra-sport-10.png HTTP/1.1" 200 57201 "https://www.google.com/" "Mozilla/5.0 (Macintosh; Intel Mac OS X 10_13_2) AppleWebKit/537.36 (KHTML, like Gecko) Chrome/79.0.3945.79 Safari/537.36" "-"
190.198.188.81 - - [16/Dec/2019:20:34:50 +0100] "GET /wp-content/uploads/2019/04/Gorra-sport-10.png HTTP/1.1" 200 60426 "https://www.google.com/" "Mozilla/5.0 (Windows NT 6.1; Win64; x64) AppleWebKit/537.36 (KHTML, like Gecko) Chrome/78.0.3904.108 Safari/537.36" "-"
217.76.130.90 - - [16/Dec/2019:20:36:15 +0100] "POST /wp-cron.php?doing_wp_cron=1576524975.5724089145660400390625 HTTP/1.1" 200 3389 "https://amazingsportwear.com/wp-cron.php?doing_wp_cron=1576524975.5724089145660400390625" "WordPress/5.2.5; https://amazingsportwear.com" "-"
119.250.200.184 - - [16/Dec/2019:20:36:13 +0100] "GET /categoria-producto/hombre/camisetas/page/3 HTTP/1.1" 301 3566 "-" "Mozilla/5.0(Linux;Android 5.1.1;OPPO A33 Build/LMY47V;wv) AppleWebKit/537.36(KHTML,link Gecko) Version/4.0 Chrome/42.0.2311.138 Mobile Safari/537.36 Mb2345Browser/9.0" "-"
119.250.200.184 - - [16/Dec/2019:20:36:19 +0100] "GET /categoria-producto/hombre/camisetas/page/3/ HTTP/1.1" 200 77670 "-" "Mozilla/5.0(Linux;Android 5.1.1;OPPO A33 Build/LMY47V;wv) AppleWebKit/537.36(KHTML,link Gecko) Version/4.0 Chrome/42.0.2311.138 Mobile Safari/537.36 Mb2345Browser/9.0" "wpfront-notification-bar-landingpage=1"
220.180.2.240 - - [16/Dec/2019:20:36:36 +0100] "GET /wp-content/uploads/2019/07/slider1.jpg HTTP/1.1" 200 247703 "-" "Mozilla/5.0(Linux;Android 5.1.1;OPPO A33 Build/LMY47V;wv) AppleWebKit/537.36(KHTML,link Gecko) Version/4.0 Chrome/43.0.2357.121 Mobile Safari/537.36 LieBaoFast/4.51.3" "-"
222.220.152.33 - - [16/Dec/2019:20:37:01 +0100] "GET /producto/catadioptico-trasero-cif-z281 HTTP/1.1" 301 3562 "-" "Mozilla/5.0(Linux;U;Android 5.1.1;zh-CN;OPPO A33 Build/LMY47V) AppleWebKit/537.36(KHTML,like Gecko) Version/4.0 Chrome/40.0.2214.89 UCBrowser/11.7.0.953 Mobile Safari/537.36" "-"
217.76.130.90 - - [16/Dec/2019:20:37:14 +0100] "POST /wp-cron.php?doing_wp_cron=1576525034.7738089561462402343750 HTTP/1.1" 200 3389 "https://amazingsportwear.com/wp-cron.php?doing_wp_cron=1576525034.7738089561462402343750" "WordPress/5.2.5; https://amazingsportwear.com" "-"
222.220.152.33 - - [16/Dec/2019:20:37:14 +0100] "GET /producto/catadioptico-trasero-cif-z281/ HTTP/1.1" 200 92024 "-" "Mozilla/5.0(Linux;U;Android 5.1.1;zh-CN;OPPO A33 Build/LMY47V) AppleWebKit/537.36(KHTML,like Gecko) Version/4.0 Chrome/40.0.2214.89 UCBrowser/11.7.0.953 Mobile Safari/537.36" "wpfront-notification-bar-landingpage=1"
217.76.130.90 - - [16/Dec/2019:20:43:35 +0100] "POST /wp-cron.php?doing_wp_cron=1576525415.0538170337677001953125 HTTP/1.1" 200 164 "http://amazingsportwear.com/wp-cron.php?doing_wp_cron=1576525415.0538170337677001953125" "WordPress/5.2.5; https://amazingsportwear.com" "-"
104.222.33.90 - - [16/Dec/2019:20:43:33 +0100] "GET / HTTP/1.1" 301 336 "-" "Mozilla/5.0 (Windows NT 6.1; WOW64; rv:27.0) Gecko/20100101 Firefox/27.0" "-"
217.76.130.90 - - [16/Dec/2019:20:43:35 +0100] "POST /wp-cron.php?doing_wp_cron=1576525415.0538508892059326171875 HTTP/1.1" 200 164 "http://amazingsportwear.com/wp-cron.php?doing_wp_cron=1576525415.0538508892059326171875" "WordPress/5.2.5; https://amazingsportwear.com" "-"
141.8.142.79 - - [16/Dec/2019:20:43:32 +0100] "GET /robots.txt HTTP/1.1" 200 431 "-" "Mozilla/5.0 (compatible; YandexBot/3.0; +http://yandex.com/bots)" "-"
141.8.142.79 - - [16/Dec/2019:20:43:36 +0100] "GET / HTTP/1.1" 301 335 "-" "Mozilla/5.0 (compatible; YandexBot/3.0; +http://yandex.com/bots)" "-"
104.222.43.92 - - [16/Dec/2019:20:43:38 +0100] "GET / HTTP/1.1" 301 336 "-" "Mozilla/5.0 (Windows NT 10.0; Win64; x64; rv:64.0) Gecko/20100101 Firefox/64.0" "-"
104.222.43.131 - - [16/Dec/2019:20:43:40 +0100] "GET / HTTP/1.1" 200 125540 "-" "Mozilla/5.0 (Windows NT 10.0; Win64; x64; rv:64.0) Gecko/20100101 Firefox/64.0" "wpfront-notification-bar-landingpage=1; APSERVER_ID=443d6251c0144e746372a99224dc10e92429706242d6b42a374cb4b09bbacf74"
141.8.142.79 - - [16/Dec/2019:20:43:41 +0100] "GET /robots.txt HTTP/1.1" 200 3944 "-" "Mozilla/5.0 (compatible; YandexBot/3.0; +http://yandex.com/bots)" "-"
141.8.142.79 - - [16/Dec/2019:20:43:45 +0100] "GET / HTTP/1.1" 200 122430 "-" "Mozilla/5.0 (compatible; YandexBot/3.0; +http://yandex.com/bots)" "-"
186.18.132.164 - - [16/Dec/2019:20:45:46 +0100] "GET /wp-content/uploads/2019/04/mochila-humus-1.png HTTP/1.1" 200 120267 "https://www.google.com/" "Mozilla/5.0 (Linux; Android 8.0.0; SM-G570M Build/R16NW; wv) AppleWebKit/537.36 (KHTML, like Gecko) Version/4.0 Chrome/78.0.3904.108 Mobile Safari/537.36 GSA/10.87.15.21.arm" "-"
217.76.130.90 - - [16/Dec/2019:20:54:35 +0100] "POST /wp-cron.php?doing_wp_cron=1576526075.4942290782928466796875 HTTP/1.1" 200 164 "http://amazingsportwear.com/wp-cron.php?doing_wp_cron=1576526075.4942290782928466796875" "WordPress/5.2.5; https://amazingsportwear.com" "-"
217.76.130.90 - - [16/Dec/2019:20:54:35 +0100] "POST /wp-cron.php?doing_wp_cron=1576526075.4950010776519775390625 HTTP/1.1" 200 164 "http://amazingsportwear.com/wp-cron.php?doing_wp_cron=1576526075.4950010776519775390625" "WordPress/5.2.5; https://amazingsportwear.com" "-"
46.119.171.176 - - [16/Dec/2019:20:54:34 +0100] "GET /producto/camiseta-tecnica-manga-larga-sa-0415/ HTTP/1.1" 200 103856 "https://books-top.com/" "Opera/9.0 (Windows NT 5.1; U; en)" "-"
46.119.171.176 - - [16/Dec/2019:20:54:32 +0100] "GET /producto/camiseta-tecnica-manga-larga-sa-0415/ HTTP/1.1" 200 104099 "https://books-top.com/" "Opera/9.0 (Windows NT 5.1; U; en)" "-"
46.119.171.176 - - [16/Dec/2019:20:54:35 +0100] "GET /producto/camiseta-tecnica-manga-larga-sa-0415/ HTTP/1.1" 200 103804 "https://books-top.com/" "Opera/9.0 (Windows NT 5.1; U; en)" "-"
217.76.130.90 - - [16/Dec/2019:20:55:53 +0100] "POST /wp-cron.php?doing_wp_cron=1576526153.1437540054321289062500 HTTP/1.1" 200 3389 "https://amazingsportwear.com/wp-cron.php?doing_wp_cron=1576526153.1437540054321289062500" "WordPress/5.2.5; https://amazingsportwear.com" "-"
49.234.7.207 - - [16/Dec/2019:20:55:52 +0100] "GET /hello.php HTTP/1.1" 301 3639 "-" "-" "-"
49.234.7.207 - - [16/Dec/2019:20:55:55 +0100] "GET /hello.php HTTP/1.1" 404 71994 "-" "-" "-"
217.76.130.90 - - [16/Dec/2019:21:03:46 +0100] "POST /wp-cron.php?doing_wp_cron=1576526626.3879959583282470703125 HTTP/1.1" 200 3389 "https://amazingsportwear.com/wp-cron.php?doing_wp_cron=1576526626.3879959583282470703125" "WordPress/5.2.5; https://amazingsportwear.com" "-"
17.58.96.177 - - [16/Dec/2019:21:03:44 +0100] "GET /categoria-producto/mujer/camisetas-mujer/ HTTP/1.1" 200 77532 "-" "Mozilla/5.0 (Macintosh; Intel Mac OS X 10_10_1) AppleWebKit/600.2.5 (KHTML, like Gecko) Version/8.0.2 Safari/600.2.5 (Applebot/0.1; +http://www.apple.com/go/applebot)" "-"
217.76.130.90 - - [16/Dec/2019:21:07:38 +0100] "POST /wp-cron.php?doing_wp_cron=1576526858.5460929870605468750000 HTTP/1.1" 200 3389 "https://amazingsportwear.com/wp-cron.php?doing_wp_cron=1576526858.5460929870605468750000" "WordPress/5.2.5; https://amazingsportwear.com" "-"
17.58.96.177 - - [16/Dec/2019:21:07:36 +0100] "GET /guia-de-tallas/ HTTP/1.1" 200 81197 "-" "Mozilla/5.0 (Macintosh; Intel Mac OS X 10_10_1) AppleWebKit/600.2.5 (KHTML, like Gecko) Version/8.0.2 Safari/600.2.5 (Applebot/0.1; +http://www.apple.com/go/applebot)" "-"
187.135.88.183 - - [16/Dec/2019:21:20:22 +0100] "GET /wp-content/uploads/2019/04/Gorra-sport-6.png HTTP/1.1" 200 44623 "https://www.google.com/" "Mozilla/5.0 (Windows NT 10.0; Win64; x64) AppleWebKit/537.36 (KHTML, like Gecko) Chrome/73.0.3683.86 Safari/537.36" "-"
217.76.130.90 - - [16/Dec/2019:21:23:20 +0100] "POST /wp-cron.php?doing_wp_cron=1576527800.9021029472351074218750 HTTP/1.1" 200 3389 "https://amazingsportwear.com/wp-cron.php?doing_wp_cron=1576527800.9021029472351074218750" "WordPress/5.2.5; https://amazingsportwear.com" "-"
66.249.69.212 - - [16/Dec/2019:21:23:18 +0100] "GET /producto/camiseta-portero-futbol-manga-larga/ HTTP/1.1" 200 92208 "-" "Mozilla/5.0 (Linux; Android 6.0.1; Nexus 5X Build/MMB29P) AppleWebKit/537.36 (KHTML, like Gecko) Chrome/41.0.2272.96 Mobile Safari/537.36 (compatible; Googlebot/2.1; +http://www.google.com/bot.html)" "-"
66.249.69.208 - - [16/Dec/2019:21:23:25 +0100] "GET /wp-content/themes/shopper/assets/js/crm.js?ver=1561548510 HTTP/1.1" 200 4237 "https://amazingsportwear.com/producto/camiseta-portero-futbol-manga-larga/" "Mozilla/5.0 (Linux; Android 6.0.1; Nexus 5X Build/MMB29P) AppleWebKit/537.36 (KHTML, like Gecko) Chrome/41.0.2272.96 Mobile Safari/537.36 (compatible; Googlebot/2.1; +http://www.google.com/bot.html)" "-"
217.76.130.90 - - [16/Dec/2019:21:26:22 +0100] "POST /wp-cron.php?doing_wp_cron=1576527982.3139359951019287109375 HTTP/1.1" 200 3389 "https://amazingsportwear.com/wp-cron.php?doing_wp_cron=1576527982.3139359951019287109375" "WordPress/5.2.5; https://amazingsportwear.com" "-"
66.249.69.208 - - [16/Dec/2019:21:26:21 +0100] "GET /producto/pantalon-corto-tenis-padel/ HTTP/1.1" 200 90843 "-" "Mozilla/5.0 (Linux; Android 6.0.1; Nexus 5X Build/MMB29P) AppleWebKit/537.36 (KHTML, like Gecko) Chrome/41.0.2272.96 Mobile Safari/537.36 (compatible; Googlebot/2.1; +http://www.google.com/bot.html)" "-"
217.76.130.90 - - [16/Dec/2019:21:36:11 +0100] "POST /wp-cron.php?doing_wp_cron=1576528571.0174889564514160156250 HTTP/1.1" 200 3389 "https://amazingsportwear.com/wp-cron.php?doing_wp_cron=1576528571.0174889564514160156250" "WordPress/5.2.5; https://amazingsportwear.com" "-"
220.201.85.46 - - [16/Dec/2019:21:36:08 +0100] "GET /producto/maillot-manga-larga-ciclismo-2?add-to-cart=18701 HTTP/1.1" 301 4822 "-" "Mozilla/5.0(Linux;Android 5.1.1;OPPO A33 Build/LMY47V;wv) AppleWebKit/537.36(KHTML,link Gecko) Version/4.0 Chrome/42.0.2311.138 Mobile Safari/537.36 Mb2345Browser/9.0" "-"
106.57.151.107 - - [16/Dec/2019:21:36:12 +0100] "GET /producto/camiseta-portero-futbol-manga-larga-2?add-to-cart=18683 HTTP/1.1" 301 4829 "-" "Mozilla/5.0(Linux;U;Android 5.1.1;zh-CN;OPPO A33 Build/LMY47V) AppleWebKit/537.36(KHTML,like Gecko) Version/4.0 Chrome/40.0.2214.89 UCBrowser/11.7.0.953 Mobile Safari/537.36" "-"
220.201.85.46 - - [16/Dec/2019:21:36:16 +0100] "GET /producto/maillot-manga-larga-ciclismo-2/?add-to-cart=18701 HTTP/1.1" 200 76676 "-" "Mozilla/5.0(Linux;Android 5.1.1;OPPO A33 Build/LMY47V;wv) AppleWebKit/537.36(KHTML,link Gecko) Version/4.0 Chrome/42.0.2311.138 Mobile Safari/537.36 Mb2345Browser/9.0" "woocommerce_cart_hash=257fee4f09767f86696098def668e6bc; woocommerce_items_in_cart=1; wp_woocommerce_session_fb86dbb0e6335d960ea3e94e06b25287=9d8947b05186d4dad70a4fbbd64ecc9b%7C%7C1576701370%7C%7C1576697770%7C%7C0413be2db4d45f8ae300ab55c4d13ec7; wpfront-notification-bar-landingpage=1"
106.57.151.107 - - [16/Dec/2019:21:36:17 +0100] "GET /producto/camiseta-portero-futbol-manga-larga-2/?add-to-cart=18683 HTTP/1.1" 200 76942 "-" "Mozilla/5.0(Linux;U;Android 5.1.1;zh-CN;OPPO A33 Build/LMY47V) AppleWebKit/537.36(KHTML,like Gecko) Version/4.0 Chrome/40.0.2214.89 UCBrowser/11.7.0.953 Mobile Safari/537.36" "woocommerce_cart_hash=f4a4486237b2f8800edc6d65bb29c680; woocommerce_items_in_cart=1; wp_woocommerce_session_fb86dbb0e6335d960ea3e94e06b25287=63f20ff6a1846211243f01d5d6b3f5ea%7C%7C1576701373%7C%7C1576697773%7C%7Cdab29d8a002965001ccd3bcecc5738e3; wpfront-notification-bar-landingpage=1"
182.35.87.79 - - [16/Dec/2019:21:36:32 +0100] "GET /producto/camiseta-tecnica-giro-aq-giro HTTP/1.1" 301 3562 "-" "Mozilla/5.0(Linux;U;Android 5.1.1;zh-CN;OPPO A33 Build/LMY47V) AppleWebKit/537.36(KHTML,like Gecko) Version/4.0 Chrome/40.0.2214.89 UCBrowser/11.7.0.953 Mobile Safari/537.36" "-"
182.35.87.79 - - [16/Dec/2019:21:36:39 +0100] "GET /producto/camiseta-tecnica-giro-aq-giro/ HTTP/1.1" 200 102108 "-" "Mozilla/5.0(Linux;U;Android 5.1.1;zh-CN;OPPO A33 Build/LMY47V) AppleWebKit/537.36(KHTML,like Gecko) Version/4.0 Chrome/40.0.2214.89 UCBrowser/11.7.0.953 Mobile Safari/537.36" "wpfront-notification-bar-landingpage=1"
217.76.130.90 - - [16/Dec/2019:21:37:05 +0100] "POST /wp-cron.php?doing_wp_cron=1576528625.7575860023498535156250 HTTP/1.1" 200 3389 "https://amazingsportwear.com/wp-cron.php?doing_wp_cron=1576528625.7575860023498535156250" "WordPress/5.2.5; https://amazingsportwear.com" "-"
66.249.69.210 - - [16/Dec/2019:21:37:05 +0100] "GET /producto/llavero-metalico-futbol/ HTTP/1.1" 200 94491 "-" "Mozilla/5.0 (Linux; Android 6.0.1; Nexus 5X Build/MMB29P) AppleWebKit/537.36 (KHTML, like Gecko) Chrome/41.0.2272.96 Mobile Safari/537.36 (compatible; Googlebot/2.1; +http://www.google.com/bot.html)" "-"
1.180.164.178 - - [16/Dec/2019:21:37:14 +0100] "GET /wp-content/uploads/2019/04/gorra-bayet-4.png HTTP/1.1" 200 154599 "-" "Mozilla/5.0(Linux;Android 5.1.1;OPPO A33 Build/LMY47V;wv) AppleWebKit/537.36(KHTML,link Gecko) Version/4.0 Chrome/42.0.2311.138 Mobile Safari/537.36 Mb2345Browser/9.0" "-"
217.76.130.90 - - [16/Dec/2019:21:54:55 +0100] "POST /wp-cron.php?doing_wp_cron=1576529695.2768630981445312500000 HTTP/1.1" 200 3389 "https://amazingsportwear.com/wp-cron.php?doing_wp_cron=1576529695.2768630981445312500000" "WordPress/5.2.5; https://amazingsportwear.com" "-"
13.66.139.0 - - [16/Dec/2019:21:54:51 +0100] "GET /basket/79-camiseta-basket-con-costadillos.html HTTP/1.1" 404 72357 "-" "Mozilla/5.0 (compatible; bingbot/2.0; +http://www.bing.com/bingbot.htm)" "-"
217.76.130.90 - - [16/Dec/2019:21:57:44 +0100] "POST /wp-cron.php?doing_wp_cron=1576529864.2674429416656494140625 HTTP/1.1" 200 164 "http://amazingsportwear.com/wp-cron.php?doing_wp_cron=1576529864.2674429416656494140625" "WordPress/5.2.5; https://amazingsportwear.com" "-"
185.191.204.11 - - [16/Dec/2019:21:57:43 +0100] "GET / HTTP/1.0" 301 265 "-" "Mozilla/5.0 (Windows NT 6.3; WOW64) AppleWebKit/537.36 (KHTML, like Gecko) Chrome/34.0.1847.137 Safari/537.36" "-"
185.191.204.11 - - [16/Dec/2019:21:57:48 +0100] "GET / HTTP/1.0" 200 124655 "-" "Mozilla/5.0 (Windows NT 6.3; WOW64) AppleWebKit/537.36 (KHTML, like Gecko) Chrome/34.0.1847.137 Safari/537.36" "wpfront-notification-bar-landingpage=1"
