217.76.130.90 - - [05/Dec/2019:00:00:38 +0100] "POST /wp-cron.php?doing_wp_cron=1575500438.5647759437561035156250 HTTP/1.1" 200 3389 "https://amazingsportwear.com/wp-cron.php?doing_wp_cron=1575500438.5647759437561035156250" "WordPress/5.2.4; https://amazingsportwear.com" "-"
157.55.39.10 - - [05/Dec/2019:00:00:35 +0100] "GET /producto/polo-tecnico-hombre-cif-t611-613-615/ HTTP/1.1" 200 102812 "-" "msnbot/2.0b (+http://search.msn.com/msnbot.htm)" "-"
78.243.155.59 - - [05/Dec/2019:00:15:56 +0100] "GET /wp-content/uploads/2019/04/Gorra-sport-11.png HTTP/1.1" 200 131116 "https://www.google.com/" "Mozilla/5.0 (Windows NT 10.0; Win64; x64) AppleWebKit/537.36 (KHTML, like Gecko) Chrome/78.0.3904.108 Safari/537.36" "-"
78.243.155.59 - - [05/Dec/2019:00:15:56 +0100] "GET /wp-content/uploads/2019/04/gorra-lorenz-4.png HTTP/1.1" 200 77974 "https://www.google.com/" "Mozilla/5.0 (Windows NT 10.0; Win64; x64) AppleWebKit/537.36 (KHTML, like Gecko) Chrome/78.0.3904.108 Safari/537.36" "-"
66.249.66.66 - - [05/Dec/2019:00:20:03 +0100] "GET /robots.txt HTTP/1.1" 200 3939 "-" "Mozilla/5.0 (compatible; Googlebot/2.1; +http://www.google.com/bot.html)" "-"
217.76.130.90 - - [05/Dec/2019:00:20:05 +0100] "POST /wp-cron.php?doing_wp_cron=1575501605.2890360355377197265625 HTTP/1.1" 200 3389 "https://amazingsportwear.com/wp-cron.php?doing_wp_cron=1575501605.2890360355377197265625" "WordPress/5.2.4; https://amazingsportwear.com" "-"
66.249.66.70 - - [05/Dec/2019:00:20:03 +0100] "GET /categoria-producto/accesorios/toallas/ HTTP/1.1" 200 59808 "-" "Mozilla/5.0 (Linux; Android 6.0.1; Nexus 5X Build/MMB29P) AppleWebKit/537.36 (KHTML, like Gecko) Chrome/41.0.2272.96 Mobile Safari/537.36 (compatible; Googlebot/2.1; +http://www.google.com/bot.html)" "-"
217.76.130.90 - - [05/Dec/2019:00:21:47 +0100] "POST /wp-cron.php?doing_wp_cron=1575501707.7975580692291259765625 HTTP/1.1" 200 3389 "https://amazingsportwear.com/wp-cron.php?doing_wp_cron=1575501707.7975580692291259765625" "WordPress/5.2.4; https://amazingsportwear.com" "-"
66.249.66.68 - - [05/Dec/2019:00:21:46 +0100] "POST /?wc-ajax=get_refreshed_fragments HTTP/1.1" 200 4760 "https://amazingsportwear.com/categoria-producto/accesorios/toallas/" "Mozilla/5.0 (Linux; Android 6.0.1; Nexus 5X Build/MMB29P) AppleWebKit/537.36 (KHTML, like Gecko) Chrome/41.0.2272.96 Mobile Safari/537.36 (compatible; Googlebot/2.1; +http://www.google.com/bot.html)" "_ga=GA1.2.1884029788.1575417600; _gid=GA1.2.969013651.1575417600; _gat_gtag_UA_91619287_1=1"
217.76.130.90 - - [05/Dec/2019:00:23:23 +0100] "POST /wp-cron.php?doing_wp_cron=1575501803.7245779037475585937500 HTTP/1.1" 200 3389 "https://amazingsportwear.com/wp-cron.php?doing_wp_cron=1575501803.7245779037475585937500" "WordPress/5.2.4; https://amazingsportwear.com" "-"
17.58.96.177 - - [05/Dec/2019:00:23:23 +0100] "GET /mi-cuenta/ HTTP/1.1" 200 57042 "-" "Mozilla/5.0 (Macintosh; Intel Mac OS X 10_10_1) AppleWebKit/600.2.5 (KHTML, like Gecko) Version/8.0.2 Safari/600.2.5 (Applebot/0.1; +http://www.apple.com/go/applebot)" "-"
217.76.130.90 - - [05/Dec/2019:00:35:24 +0100] "POST /wp-cron.php?doing_wp_cron=1575502524.0250039100646972656250 HTTP/1.1" 200 3389 "https://amazingsportwear.com/wp-cron.php?doing_wp_cron=1575502524.0250039100646972656250" "WordPress/5.2.4; https://amazingsportwear.com" "-"
17.58.96.177 - - [05/Dec/2019:00:35:21 +0100] "GET /producto/rinonera-elastica-dorsal-cif-g221/ HTTP/1.1" 200 95241 "-" "Mozilla/5.0 (Macintosh; Intel Mac OS X 10_10_1) AppleWebKit/600.2.5 (KHTML, like Gecko) Version/8.0.2 Safari/600.2.5 (Applebot/0.1; +http://www.apple.com/go/applebot)" "-"
217.76.130.90 - - [05/Dec/2019:00:40:44 +0100] "POST /wp-cron.php?doing_wp_cron=1575502844.8819429874420166015625 HTTP/1.1" 200 3389 "https://amazingsportwear.com/wp-cron.php?doing_wp_cron=1575502844.8819429874420166015625" "WordPress/5.2.4; https://amazingsportwear.com" "-"
66.249.66.70 - - [05/Dec/2019:00:40:43 +0100] "GET /producto/camiseta-tecnica-nath-combi-2/ HTTP/1.1" 200 102443 "-" "Mozilla/5.0 (compatible; Googlebot/2.1; +http://www.google.com/bot.html)" "-"
217.76.130.90 - - [05/Dec/2019:00:48:12 +0100] "POST /wp-cron.php?doing_wp_cron=1575503292.4049870967864990234375 HTTP/1.1" 200 3389 "https://amazingsportwear.com/wp-cron.php?doing_wp_cron=1575503292.4049870967864990234375" "WordPress/5.2.4; https://amazingsportwear.com" "-"
66.249.66.70 - - [05/Dec/2019:00:48:11 +0100] "GET /producto/fly-banner-tipo-surf-completo/ HTTP/1.1" 200 114330 "-" "Mozilla/5.0 (compatible; Googlebot/2.1; +http://www.google.com/bot.html)" "-"
217.76.130.90 - - [05/Dec/2019:00:50:14 +0100] "POST /wp-cron.php?doing_wp_cron=1575503414.1730120182037353515625 HTTP/1.1" 200 3389 "https://amazingsportwear.com/wp-cron.php?doing_wp_cron=1575503414.1730120182037353515625" "WordPress/5.2.4; https://amazingsportwear.com" "-"
66.249.66.66 - - [05/Dec/2019:00:50:13 +0100] "GET /category-sitemap.xml HTTP/1.1" 200 4541 "-" "Mozilla/5.0 (compatible; Googlebot/2.1; +http://www.google.com/bot.html)" "-"
217.76.130.90 - - [05/Dec/2019:00:51:08 +0100] "POST /wp-cron.php?doing_wp_cron=1575503467.9712429046630859375000 HTTP/1.1" 200 3389 "https://amazingsportwear.com/wp-cron.php?doing_wp_cron=1575503467.9712429046630859375000" "WordPress/5.2.4; https://amazingsportwear.com" "-"
201.144.206.33 - - [05/Dec/2019:00:51:09 +0100] "GET /wp-includes/css/dist/block-library/style.min.css?ver=5.2.4 HTTP/1.1" 200 33023 "https://amazingsportwear.com/" "Mozilla/5.0 (Windows NT 10.0; Win64; x64) AppleWebKit/537.36 (KHTML, like Gecko) Chrome/77.0.3865.90 Safari/537.36" "wpfront-notification-bar-landingpage=1"
201.144.206.33 - - [05/Dec/2019:00:51:09 +0100] "GET /wp-content/plugins/woocommerce/assets/css/blocks/style.css?ver=3.6.4 HTTP/1.1" 200 10060 "https://amazingsportwear.com/" "Mozilla/5.0 (Windows NT 10.0; Win64; x64) AppleWebKit/537.36 (KHTML, like Gecko) Chrome/77.0.3865.90 Safari/537.36" "wpfront-notification-bar-landingpage=1"
201.144.206.33 - - [05/Dec/2019:00:51:06 +0100] "GET / HTTP/1.1" 200 125837 "https://www.google.com/" "Mozilla/5.0 (Windows NT 10.0; Win64; x64) AppleWebKit/537.36 (KHTML, like Gecko) Chrome/77.0.3865.90 Safari/537.36" "-"
201.144.206.33 - - [05/Dec/2019:00:51:09 +0100] "GET /wp-content/plugins/cookie-law-info/public/css/cookie-law-info-public.css?ver=1.7.6 HTTP/1.1" 200 3235 "https://amazingsportwear.com/" "Mozilla/5.0 (Windows NT 10.0; Win64; x64) AppleWebKit/537.36 (KHTML, like Gecko) Chrome/77.0.3865.90 Safari/537.36" "wpfront-notification-bar-landingpage=1"
201.144.206.33 - - [05/Dec/2019:00:51:10 +0100] "GET /wp-content/plugins/cookie-law-info/public/css/cookie-law-info-gdpr.css?ver=1.7.6 HTTP/1.1" 200 12445 "https://amazingsportwear.com/" "Mozilla/5.0 (Windows NT 10.0; Win64; x64) AppleWebKit/537.36 (KHTML, like Gecko) Chrome/77.0.3865.90 Safari/537.36" "wpfront-notification-bar-landingpage=1"
201.144.206.33 - - [05/Dec/2019:00:51:10 +0100] "GET /wp-content/plugins/wpfront-notification-bar/css/wpfront-notification-bar.css?ver=1.7.1 HTTP/1.1" 200 3663 "https://amazingsportwear.com/" "Mozilla/5.0 (Windows NT 10.0; Win64; x64) AppleWebKit/537.36 (KHTML, like Gecko) Chrome/77.0.3865.90 Safari/537.36" "wpfront-notification-bar-landingpage=1"
201.144.206.33 - - [05/Dec/2019:00:51:10 +0100] "GET /wp-content/themes/shopper/style.css?ver=1.3.8 HTTP/1.1" 200 125315 "https://amazingsportwear.com/" "Mozilla/5.0 (Windows NT 10.0; Win64; x64) AppleWebKit/537.36 (KHTML, like Gecko) Chrome/77.0.3865.90 Safari/537.36" "wpfront-notification-bar-landingpage=1"
201.144.206.33 - - [05/Dec/2019:00:51:10 +0100] "GET /wp-content/plugins/simple-social-icons/css/style.css?ver=3.0.1 HTTP/1.1" 200 1562 "https://amazingsportwear.com/" "Mozilla/5.0 (Windows NT 10.0; Win64; x64) AppleWebKit/537.36 (KHTML, like Gecko) Chrome/77.0.3865.90 Safari/537.36" "wpfront-notification-bar-landingpage=1"
201.144.206.33 - - [05/Dec/2019:00:51:10 +0100] "GET /wp-content/plugins/elementor/assets/lib/eicons/css/elementor-icons.min.css?ver=4.3.0 HTTP/1.1" 200 11988 "https://amazingsportwear.com/" "Mozilla/5.0 (Windows NT 10.0; Win64; x64) AppleWebKit/537.36 (KHTML, like Gecko) Chrome/77.0.3865.90 Safari/537.36" "wpfront-notification-bar-landingpage=1"
201.144.206.33 - - [05/Dec/2019:00:51:10 +0100] "GET /wp-content/plugins/elementor/assets/lib/animations/animations.min.css?ver=2.5.16 HTTP/1.1" 200 18971 "https://amazingsportwear.com/" "Mozilla/5.0 (Windows NT 10.0; Win64; x64) AppleWebKit/537.36 (KHTML, like Gecko) Chrome/77.0.3865.90 Safari/537.36" "wpfront-notification-bar-landingpage=1"
201.144.206.33 - - [05/Dec/2019:00:51:10 +0100] "GET /wp-content/plugins/elementor/assets/lib/font-awesome/css/font-awesome.min.css?ver=4.7.0 HTTP/1.1" 200 31365 "https://amazingsportwear.com/" "Mozilla/5.0 (Windows NT 10.0; Win64; x64) AppleWebKit/537.36 (KHTML, like Gecko) Chrome/77.0.3865.90 Safari/537.36" "wpfront-notification-bar-landingpage=1"
201.144.206.33 - - [05/Dec/2019:00:51:10 +0100] "GET /wp-content/uploads/elementor/css/global.css?ver=1559638744 HTTP/1.1" 200 5136 "https://amazingsportwear.com/" "Mozilla/5.0 (Windows NT 10.0; Win64; x64) AppleWebKit/537.36 (KHTML, like Gecko) Chrome/77.0.3865.90 Safari/537.36" "wpfront-notification-bar-landingpage=1"
201.144.206.33 - - [05/Dec/2019:00:51:10 +0100] "GET /wp-content/uploads/elementor/css/post-16241.css?ver=1562311573 HTTP/1.1" 200 4934 "https://amazingsportwear.com/" "Mozilla/5.0 (Windows NT 10.0; Win64; x64) AppleWebKit/537.36 (KHTML, like Gecko) Chrome/77.0.3865.90 Safari/537.36" "wpfront-notification-bar-landingpage=1"
201.144.206.33 - - [05/Dec/2019:00:51:10 +0100] "GET /wp-content/themes/shopper/assets/sass/woocommerce/woocommerce.css?ver=5.2.4 HTTP/1.1" 200 83534 "https://amazingsportwear.com/" "Mozilla/5.0 (Windows NT 10.0; Win64; x64) AppleWebKit/537.36 (KHTML, like Gecko) Chrome/77.0.3865.90 Safari/537.36" "wpfront-notification-bar-landingpage=1"
201.144.206.33 - - [05/Dec/2019:00:51:10 +0100] "GET /wp-content/plugins/elementor/assets/css/frontend.min.css?ver=2.5.16 HTTP/1.1" 200 95504 "https://amazingsportwear.com/" "Mozilla/5.0 (Windows NT 10.0; Win64; x64) AppleWebKit/537.36 (KHTML, like Gecko) Chrome/77.0.3865.90 Safari/537.36" "wpfront-notification-bar-landingpage=1"
201.144.206.33 - - [05/Dec/2019:00:51:10 +0100] "GET /wp-content/plugins/smart-slider-3/library/media/smartslider.min.css?1559118093 HTTP/1.1" 200 19959 "https://amazingsportwear.com/" "Mozilla/5.0 (Windows NT 10.0; Win64; x64) AppleWebKit/537.36 (KHTML, like Gecko) Chrome/77.0.3865.90 Safari/537.36" "wpfront-notification-bar-landingpage=1"
201.144.206.33 - - [05/Dec/2019:00:51:11 +0100] "GET /wp-includes/js/jquery/jquery-migrate.min.js?ver=1.4.1 HTTP/1.1" 200 10399 "https://amazingsportwear.com/" "Mozilla/5.0 (Windows NT 10.0; Win64; x64) AppleWebKit/537.36 (KHTML, like Gecko) Chrome/77.0.3865.90 Safari/537.36" "wpfront-notification-bar-landingpage=1"
201.144.206.33 - - [05/Dec/2019:00:51:11 +0100] "GET /wp-content/plugins/wpfront-notification-bar/jquery-plugins/jquery.c.js?ver=1.4.0 HTTP/1.1" 200 3437 "https://amazingsportwear.com/" "Mozilla/5.0 (Windows NT 10.0; Win64; x64) AppleWebKit/537.36 (KHTML, like Gecko) Chrome/77.0.3865.90 Safari/537.36" "wpfront-notification-bar-landingpage=1"
201.144.206.33 - - [05/Dec/2019:00:51:11 +0100] "GET /wp-content/plugins/cookie-law-info/public/js/cookie-law-info-public.js?ver=1.7.6 HTTP/1.1" 200 17076 "https://amazingsportwear.com/" "Mozilla/5.0 (Windows NT 10.0; Win64; x64) AppleWebKit/537.36 (KHTML, like Gecko) Chrome/77.0.3865.90 Safari/537.36" "wpfront-notification-bar-landingpage=1"
201.144.206.33 - - [05/Dec/2019:00:51:11 +0100] "GET /wp-content/plugins/wpfront-notification-bar/js/wpfront-notification-bar.js?ver=1.7.1 HTTP/1.1" 200 5662 "https://amazingsportwear.com/" "Mozilla/5.0 (Windows NT 10.0; Win64; x64) AppleWebKit/537.36 (KHTML, like Gecko) Chrome/77.0.3865.90 Safari/537.36" "wpfront-notification-bar-landingpage=1"
201.144.206.33 - - [05/Dec/2019:00:51:11 +0100] "GET /wp-includes/js/jquery/jquery.js?ver=1.12.4-wp HTTP/1.1" 200 97362 "https://amazingsportwear.com/" "Mozilla/5.0 (Windows NT 10.0; Win64; x64) AppleWebKit/537.36 (KHTML, like Gecko) Chrome/77.0.3865.90 Safari/537.36" "wpfront-notification-bar-landingpage=1"
201.144.206.33 - - [05/Dec/2019:00:51:11 +0100] "GET /wp-content/plugins/simple-social-icons/svgxuse.js?ver=1.1.21 HTTP/1.1" 200 9580 "https://amazingsportwear.com/" "Mozilla/5.0 (Windows NT 10.0; Win64; x64) AppleWebKit/537.36 (KHTML, like Gecko) Chrome/77.0.3865.90 Safari/537.36" "wpfront-notification-bar-landingpage=1"
201.144.206.33 - - [05/Dec/2019:00:51:11 +0100] "GET /wp-content/plugins/smart-slider-3/nextend/media/dist/n2.min.js?1559118093 HTTP/1.1" 200 3836 "https://amazingsportwear.com/" "Mozilla/5.0 (Windows NT 10.0; Win64; x64) AppleWebKit/537.36 (KHTML, like Gecko) Chrome/77.0.3865.90 Safari/537.36" "wpfront-notification-bar-landingpage=1"
201.144.206.33 - - [05/Dec/2019:00:51:11 +0100] "GET /wp-content/plugins/smart-slider-3/library/media/plugins/type/simple/simple/dist/smartslider-simple-type-frontend.min.js?1559118093 HTTP/1.1" 200 18973 "https://amazingsportwear.com/" "Mozilla/5.0 (Windows NT 10.0; Win64; x64) AppleWebKit/537.36 (KHTML, like Gecko) Chrome/77.0.3865.90 Safari/537.36" "wpfront-notification-bar-landingpage=1"
201.144.206.33 - - [05/Dec/2019:00:51:11 +0100] "GET /wp-includes/js/wp-emoji-release.min.js?ver=5.2.4 HTTP/1.1" 200 14183 "https://amazingsportwear.com/" "Mozilla/5.0 (Windows NT 10.0; Win64; x64) AppleWebKit/537.36 (KHTML, like Gecko) Chrome/77.0.3865.90 Safari/537.36" "wpfront-notification-bar-landingpage=1"
201.144.206.33 - - [05/Dec/2019:00:51:11 +0100] "GET /wp-content/plugins/smart-slider-3/nextend/media/dist/nextend-frontend.min.js?1559118093 HTTP/1.1" 200 86339 "https://amazingsportwear.com/" "Mozilla/5.0 (Windows NT 10.0; Win64; x64) AppleWebKit/537.36 (KHTML, like Gecko) Chrome/77.0.3865.90 Safari/537.36" "wpfront-notification-bar-landingpage=1"
201.144.206.33 - - [05/Dec/2019:00:51:11 +0100] "GET /wp-content/uploads/2019/05/cropped-asw-white.png HTTP/1.1" 200 7500 "https://amazingsportwear.com/" "Mozilla/5.0 (Windows NT 10.0; Win64; x64) AppleWebKit/537.36 (KHTML, like Gecko) Chrome/77.0.3865.90 Safari/537.36" "wpfront-notification-bar-landingpage=1"
201.144.206.33 - - [05/Dec/2019:00:51:11 +0100] "GET /wp-content/plugins/smart-slider-3/library/media/dist/smartslider-frontend.min.js?1559118093 HTTP/1.1" 200 127293 "https://amazingsportwear.com/" "Mozilla/5.0 (Windows NT 10.0; Win64; x64) AppleWebKit/537.36 (KHTML, like Gecko) Chrome/77.0.3865.90 Safari/537.36" "wpfront-notification-bar-landingpage=1"
201.144.206.33 - - [05/Dec/2019:00:51:11 +0100] "GET /wp-content/themes/shopper/assets/js/crm.js?ver=1561548510 HTTP/1.1" 200 874 "https://amazingsportwear.com/" "Mozilla/5.0 (Windows NT 10.0; Win64; x64) AppleWebKit/537.36 (KHTML, like Gecko) Chrome/77.0.3865.90 Safari/537.36" "wpfront-notification-bar-landingpage=1"
201.144.206.33 - - [05/Dec/2019:00:51:11 +0100] "GET /wp-content/plugins/woocommerce/assets/js/jquery-blockui/jquery.blockUI.min.js?ver=2.70 HTTP/1.1" 200 9908 "https://amazingsportwear.com/" "Mozilla/5.0 (Windows NT 10.0; Win64; x64) AppleWebKit/537.36 (KHTML, like Gecko) Chrome/77.0.3865.90 Safari/537.36" "wpfront-notification-bar-landingpage=1"
201.144.206.33 - - [05/Dec/2019:00:51:12 +0100] "GET /wp-content/plugins/woocommerce/assets/js/frontend/add-to-cart.min.js?ver=3.6.4 HTTP/1.1" 200 2983 "https://amazingsportwear.com/" "Mozilla/5.0 (Windows NT 10.0; Win64; x64) AppleWebKit/537.36 (KHTML, like Gecko) Chrome/77.0.3865.90 Safari/537.36" "wpfront-notification-bar-landingpage=1"
201.144.206.33 - - [05/Dec/2019:00:51:12 +0100] "GET /wp-content/plugins/woocommerce/assets/js/frontend/cart-fragments.min.js?ver=3.6.4 HTTP/1.1" 200 3281 "https://amazingsportwear.com/" "Mozilla/5.0 (Windows NT 10.0; Win64; x64) AppleWebKit/537.36 (KHTML, like Gecko) Chrome/77.0.3865.90 Safari/537.36" "wpfront-notification-bar-landingpage=1"
201.144.206.33 - - [05/Dec/2019:00:51:12 +0100] "GET /wp-content/plugins/woocommerce/assets/js/frontend/woocommerce.min.js?ver=3.6.4 HTTP/1.1" 200 1813 "https://amazingsportwear.com/" "Mozilla/5.0 (Windows NT 10.0; Win64; x64) AppleWebKit/537.36 (KHTML, like Gecko) Chrome/77.0.3865.90 Safari/537.36" "wpfront-notification-bar-landingpage=1"
201.144.206.33 - - [05/Dec/2019:00:51:12 +0100] "GET /wp-content/plugins/woocommerce/assets/js/js-cookie/js.cookie.min.js?ver=2.1.4 HTTP/1.1" 200 2187 "https://amazingsportwear.com/" "Mozilla/5.0 (Windows NT 10.0; Win64; x64) AppleWebKit/537.36 (KHTML, like Gecko) Chrome/77.0.3865.90 Safari/537.36" "wpfront-notification-bar-landingpage=1"
201.144.206.33 - - [05/Dec/2019:00:51:12 +0100] "GET /wp-content/themes/shopper/assets/js/skip-link-focus-fix.js?ver=1.3.8 HTTP/1.1" 200 1023 "https://amazingsportwear.com/" "Mozilla/5.0 (Windows NT 10.0; Win64; x64) AppleWebKit/537.36 (KHTML, like Gecko) Chrome/77.0.3865.90 Safari/537.36" "wpfront-notification-bar-landingpage=1"
201.144.206.33 - - [05/Dec/2019:00:51:12 +0100] "GET /wp-content/themes/shopper/assets/js/shopper.min.js?ver=1.3.8 HTTP/1.1" 200 5994 "https://amazingsportwear.com/" "Mozilla/5.0 (Windows NT 10.0; Win64; x64) AppleWebKit/537.36 (KHTML, like Gecko) Chrome/77.0.3865.90 Safari/537.36" "wpfront-notification-bar-landingpage=1"
201.144.206.33 - - [05/Dec/2019:00:51:12 +0100] "GET /wp-content/themes/shopper/assets/js/woocommerce/header-cart.min.js?ver=1.3.8 HTTP/1.1" 200 972 "https://amazingsportwear.com/" "Mozilla/5.0 (Windows NT 10.0; Win64; x64) AppleWebKit/537.36 (KHTML, like Gecko) Chrome/77.0.3865.90 Safari/537.36" "wpfront-notification-bar-landingpage=1"
201.144.206.33 - - [05/Dec/2019:00:51:12 +0100] "GET /wp-includes/js/wp-embed.min.js?ver=5.2.4 HTTP/1.1" 200 1744 "https://amazingsportwear.com/" "Mozilla/5.0 (Windows NT 10.0; Win64; x64) AppleWebKit/537.36 (KHTML, like Gecko) Chrome/77.0.3865.90 Safari/537.36" "wpfront-notification-bar-landingpage=1"
201.144.206.33 - - [05/Dec/2019:00:51:12 +0100] "GET /wp-content/plugins/elementor/assets/lib/slick/slick.min.js?ver=1.8.1 HTTP/1.1" 200 43264 "https://amazingsportwear.com/" "Mozilla/5.0 (Windows NT 10.0; Win64; x64) AppleWebKit/537.36 (KHTML, like Gecko) Chrome/77.0.3865.90 Safari/537.36" "wpfront-notification-bar-landingpage=1"
201.144.206.33 - - [05/Dec/2019:00:51:12 +0100] "GET /wp-content/plugins/elementor/assets/lib/dialog/dialog.min.js?ver=4.7.1 HTTP/1.1" 200 10911 "https://amazingsportwear.com/" "Mozilla/5.0 (Windows NT 10.0; Win64; x64) AppleWebKit/537.36 (KHTML, like Gecko) Chrome/77.0.3865.90 Safari/537.36" "wpfront-notification-bar-landingpage=1"
201.144.206.33 - - [05/Dec/2019:00:51:12 +0100] "GET /wp-includes/js/jquery/ui/position.min.js?ver=1.11.4 HTTP/1.1" 200 6869 "https://amazingsportwear.com/" "Mozilla/5.0 (Windows NT 10.0; Win64; x64) AppleWebKit/537.36 (KHTML, like Gecko) Chrome/77.0.3865.90 Safari/537.36" "wpfront-notification-bar-landingpage=1"
201.144.206.33 - - [05/Dec/2019:00:51:12 +0100] "GET /wp-content/plugins/elementor/assets/js/frontend-modules.min.js?ver=2.5.16 HTTP/1.1" 200 11486 "https://amazingsportwear.com/" "Mozilla/5.0 (Windows NT 10.0; Win64; x64) AppleWebKit/537.36 (KHTML, like Gecko) Chrome/77.0.3865.90 Safari/537.36" "wpfront-notification-bar-landingpage=1"
201.144.206.33 - - [05/Dec/2019:00:51:12 +0100] "GET /wp-content/plugins/elementor/assets/lib/waypoints/waypoints.min.js?ver=4.0.2 HTTP/1.1" 200 12541 "https://amazingsportwear.com/" "Mozilla/5.0 (Windows NT 10.0; Win64; x64) AppleWebKit/537.36 (KHTML, like Gecko) Chrome/77.0.3865.90 Safari/537.36" "wpfront-notification-bar-landingpage=1"
201.144.206.33 - - [05/Dec/2019:00:51:12 +0100] "GET /wp-content/plugins/elementor/assets/js/frontend.min.js?ver=2.5.16 HTTP/1.1" 200 41341 "https://amazingsportwear.com/" "Mozilla/5.0 (Windows NT 10.0; Win64; x64) AppleWebKit/537.36 (KHTML, like Gecko) Chrome/77.0.3865.90 Safari/537.36" "wpfront-notification-bar-landingpage=1"
201.144.206.33 - - [05/Dec/2019:00:51:12 +0100] "GET /wp-includes/js/jquery/ui/core.min.js?ver=1.11.4 HTTP/1.1" 200 4341 "https://amazingsportwear.com/" "Mozilla/5.0 (Windows NT 10.0; Win64; x64) AppleWebKit/537.36 (KHTML, like Gecko) Chrome/77.0.3865.90 Safari/537.36" "wpfront-notification-bar-landingpage=1"
201.144.206.33 - - [05/Dec/2019:00:51:12 +0100] "GET /wp-content/plugins/elementor/assets/lib/swiper/swiper.min.js?ver=4.4.6 HTTP/1.1" 200 126126 "https://amazingsportwear.com/" "Mozilla/5.0 (Windows NT 10.0; Win64; x64) AppleWebKit/537.36 (KHTML, like Gecko) Chrome/77.0.3865.90 Safari/537.36" "wpfront-notification-bar-landingpage=1"
201.144.206.33 - - [05/Dec/2019:00:51:12 +0100] "GET /wp-content/plugins/elementor/assets/lib/font-awesome/fonts/fontawesome-webfont.woff2?v=4.7.0 HTTP/1.1" 200 77615 "https://amazingsportwear.com/wp-content/plugins/elementor/assets/lib/font-awesome/css/font-awesome.min.css?ver=4.7.0" "Mozilla/5.0 (Windows NT 10.0; Win64; x64) AppleWebKit/537.36 (KHTML, like Gecko) Chrome/77.0.3865.90 Safari/537.36" "wpfront-notification-bar-landingpage=1"
201.144.206.33 - - [05/Dec/2019:00:51:12 +0100] "GET /wp-content/plugins/si-contact-form/includes/fscf-scripts.js?ver=179 HTTP/1.1" 200 1033 "https://amazingsportwear.com/" "Mozilla/5.0 (Windows NT 10.0; Win64; x64) AppleWebKit/537.36 (KHTML, like Gecko) Chrome/77.0.3865.90 Safari/537.36" "wpfront-notification-bar-landingpage=1"
201.144.206.33 - - [05/Dec/2019:00:51:12 +0100] "GET /wp-content/uploads/2019/07/camiseta-tecnica-mujer-300x124.jpg HTTP/1.1" 200 17320 "https://amazingsportwear.com/" "Mozilla/5.0 (Windows NT 10.0; Win64; x64) AppleWebKit/537.36 (KHTML, like Gecko) Chrome/77.0.3865.90 Safari/537.36" "wpfront-notification-bar-landingpage=1"
201.144.206.33 - - [05/Dec/2019:00:51:12 +0100] "GET /wp-content/uploads/2019/07/buff-bandana-300x123.jpg HTTP/1.1" 200 15859 "https://amazingsportwear.com/" "Mozilla/5.0 (Windows NT 10.0; Win64; x64) AppleWebKit/537.36 (KHTML, like Gecko) Chrome/77.0.3865.90 Safari/537.36" "wpfront-notification-bar-landingpage=1"
201.144.206.33 - - [05/Dec/2019:00:51:13 +0100] "GET /wp-content/uploads/2019/07/camiseta-tecnica-unisex-300x124.jpg HTTP/1.1" 200 17090 "https://amazingsportwear.com/" "Mozilla/5.0 (Windows NT 10.0; Win64; x64) AppleWebKit/537.36 (KHTML, like Gecko) Chrome/77.0.3865.90 Safari/537.36" "wpfront-notification-bar-landingpage=1; _ga=GA1.2.1881884035.1575503513; _gid=GA1.2.2031555595.1575503513; _gat_gtag_UA_91619287_1=1"
201.144.206.33 - - [05/Dec/2019:00:51:13 +0100] "GET /wp-content/uploads/2019/07/cortavientos-300x124.jpg HTTP/1.1" 200 17094 "https://amazingsportwear.com/" "Mozilla/5.0 (Windows NT 10.0; Win64; x64) AppleWebKit/537.36 (KHTML, like Gecko) Chrome/77.0.3865.90 Safari/537.36" "wpfront-notification-bar-landingpage=1; _ga=GA1.2.1881884035.1575503513; _gid=GA1.2.2031555595.1575503513; _gat_gtag_UA_91619287_1=1"
201.144.206.33 - - [05/Dec/2019:00:51:13 +0100] "GET /wp-content/uploads/2019/07/mochila-saco-300x124.jpg HTTP/1.1" 200 16972 "https://amazingsportwear.com/" "Mozilla/5.0 (Windows NT 10.0; Win64; x64) AppleWebKit/537.36 (KHTML, like Gecko) Chrome/77.0.3865.90 Safari/537.36" "wpfront-notification-bar-landingpage=1; _ga=GA1.2.1881884035.1575503513; _gid=GA1.2.2031555595.1575503513; _gat_gtag_UA_91619287_1=1"
201.144.206.33 - - [05/Dec/2019:00:51:13 +0100] "GET /wp-content/themes/shopper/assets/fonts/fontawesome-webfont.woff2?v=4.7.0 HTTP/1.1" 200 77615 "https://amazingsportwear.com/wp-content/themes/shopper/style.css?ver=1.3.8" "Mozilla/5.0 (Windows NT 10.0; Win64; x64) AppleWebKit/537.36 (KHTML, like Gecko) Chrome/77.0.3865.90 Safari/537.36" "wpfront-notification-bar-landingpage=1; _ga=GA1.2.1881884035.1575503513; _gid=GA1.2.2031555595.1575503513; _gat_gtag_UA_91619287_1=1"
201.144.206.33 - - [05/Dec/2019:00:51:13 +0100] "GET /wp-content/uploads/2019/07/gorra-tecnica-300x124.jpg HTTP/1.1" 200 16844 "https://amazingsportwear.com/" "Mozilla/5.0 (Windows NT 10.0; Win64; x64) AppleWebKit/537.36 (KHTML, like Gecko) Chrome/77.0.3865.90 Safari/537.36" "wpfront-notification-bar-landingpage=1; _ga=GA1.2.1881884035.1575503513; _gid=GA1.2.2031555595.1575503513; _gat_gtag_UA_91619287_1=1"
201.144.206.33 - - [05/Dec/2019:00:51:13 +0100] "GET /wp-content/uploads/2019/07/polo-tecnico-300x124.jpg HTTP/1.1" 200 17539 "https://amazingsportwear.com/" "Mozilla/5.0 (Windows NT 10.0; Win64; x64) AppleWebKit/537.36 (KHTML, like Gecko) Chrome/77.0.3865.90 Safari/537.36" "wpfront-notification-bar-landingpage=1; _ga=GA1.2.1881884035.1575503513; _gid=GA1.2.2031555595.1575503513; _gat_gtag_UA_91619287_1=1"
201.144.206.33 - - [05/Dec/2019:00:51:13 +0100] "GET /wp-content/uploads/2019/07/toalla-300x124.jpg HTTP/1.1" 200 16957 "https://amazingsportwear.com/" "Mozilla/5.0 (Windows NT 10.0; Win64; x64) AppleWebKit/537.36 (KHTML, like Gecko) Chrome/77.0.3865.90 Safari/537.36" "wpfront-notification-bar-landingpage=1; _ga=GA1.2.1881884035.1575503513; _gid=GA1.2.2031555595.1575503513; _gat_gtag_UA_91619287_1=1"
201.144.206.33 - - [05/Dec/2019:00:51:13 +0100] "GET /wp-content/uploads/2019/07/zapatillero-300x124.jpg HTTP/1.1" 200 16599 "https://amazingsportwear.com/" "Mozilla/5.0 (Windows NT 10.0; Win64; x64) AppleWebKit/537.36 (KHTML, like Gecko) Chrome/77.0.3865.90 Safari/537.36" "wpfront-notification-bar-landingpage=1; _ga=GA1.2.1881884035.1575503513; _gid=GA1.2.2031555595.1575503513; _gat_gtag_UA_91619287_1=1"
201.144.206.33 - - [05/Dec/2019:00:51:13 +0100] "GET /wp-content/uploads/2019/07/slider1.jpg HTTP/1.1" 200 244573 "https://amazingsportwear.com/" "Mozilla/5.0 (Windows NT 10.0; Win64; x64) AppleWebKit/537.36 (KHTML, like Gecko) Chrome/77.0.3865.90 Safari/537.36" "wpfront-notification-bar-landingpage=1; _ga=GA1.2.1881884035.1575503513; _gid=GA1.2.2031555595.1575503513; _gat_gtag_UA_91619287_1=1"
201.144.206.33 - - [05/Dec/2019:00:51:13 +0100] "GET /wp-content/uploads/2019/07/carpa-1024x771.jpg HTTP/1.1" 200 89325 "https://amazingsportwear.com/" "Mozilla/5.0 (Windows NT 10.0; Win64; x64) AppleWebKit/537.36 (KHTML, like Gecko) Chrome/77.0.3865.90 Safari/537.36" "wpfront-notification-bar-landingpage=1; _ga=GA1.2.1881884035.1575503513; _gid=GA1.2.2031555595.1575503513; _gat_gtag_UA_91619287_1=1"
201.144.206.33 - - [05/Dec/2019:00:51:13 +0100] "GET /wp-content/uploads/2019/07/slider2.jpg HTTP/1.1" 200 250219 "https://amazingsportwear.com/" "Mozilla/5.0 (Windows NT 10.0; Win64; x64) AppleWebKit/537.36 (KHTML, like Gecko) Chrome/77.0.3865.90 Safari/537.36" "wpfront-notification-bar-landingpage=1; _ga=GA1.2.1881884035.1575503513; _gid=GA1.2.2031555595.1575503513; _gat_gtag_UA_91619287_1=1"
201.144.206.33 - - [05/Dec/2019:00:51:13 +0100] "GET /wp-content/uploads/2019/07/slider3.jpg HTTP/1.1" 200 276981 "https://amazingsportwear.com/" "Mozilla/5.0 (Windows NT 10.0; Win64; x64) AppleWebKit/537.36 (KHTML, like Gecko) Chrome/77.0.3865.90 Safari/537.36" "wpfront-notification-bar-landingpage=1; _ga=GA1.2.1881884035.1575503513; _gid=GA1.2.2031555595.1575503513; _gat_gtag_UA_91619287_1=1"
201.144.206.33 - - [05/Dec/2019:00:51:13 +0100] "GET /wp-content/uploads/2019/07/slider4.jpg HTTP/1.1" 200 369750 "https://amazingsportwear.com/" "Mozilla/5.0 (Windows NT 10.0; Win64; x64) AppleWebKit/537.36 (KHTML, like Gecko) Chrome/77.0.3865.90 Safari/537.36" "wpfront-notification-bar-landingpage=1; _ga=GA1.2.1881884035.1575503513; _gid=GA1.2.2031555595.1575503513; _gat_gtag_UA_91619287_1=1"
201.144.206.33 - - [05/Dec/2019:00:51:13 +0100] "POST /?wc-ajax=get_refreshed_fragments HTTP/1.1" 200 1345 "https://amazingsportwear.com/" "Mozilla/5.0 (Windows NT 10.0; Win64; x64) AppleWebKit/537.36 (KHTML, like Gecko) Chrome/77.0.3865.90 Safari/537.36" "wpfront-notification-bar-landingpage=1; _ga=GA1.2.1881884035.1575503513; _gid=GA1.2.2031555595.1575503513; _gat_gtag_UA_91619287_1=1"
201.144.206.33 - - [05/Dec/2019:00:51:14 +0100] "GET /wp-content/uploads/2019/04/toalla-absorvente-gymnasio-7-300x300.png HTTP/1.1" 200 78664 "https://amazingsportwear.com/" "Mozilla/5.0 (Windows NT 10.0; Win64; x64) AppleWebKit/537.36 (KHTML, like Gecko) Chrome/77.0.3865.90 Safari/537.36" "wpfront-notification-bar-landingpage=1; _ga=GA1.2.1881884035.1575503513; _gid=GA1.2.2031555595.1575503513; _gat_gtag_UA_91619287_1=1"
201.144.206.33 - - [05/Dec/2019:00:51:14 +0100] "GET /wp-content/uploads/2019/04/Gorra-sport-12-300x300.png HTTP/1.1" 200 49394 "https://amazingsportwear.com/" "Mozilla/5.0 (Windows NT 10.0; Win64; x64) AppleWebKit/537.36 (KHTML, like Gecko) Chrome/77.0.3865.90 Safari/537.36" "wpfront-notification-bar-landingpage=1; _ga=GA1.2.1881884035.1575503513; _gid=GA1.2.2031555595.1575503513; _gat_gtag_UA_91619287_1=1"
201.144.206.33 - - [05/Dec/2019:00:51:14 +0100] "GET /wp-content/uploads/2019/04/bidon-match-4-300x300.png HTTP/1.1" 200 71820 "https://amazingsportwear.com/" "Mozilla/5.0 (Windows NT 10.0; Win64; x64) AppleWebKit/537.36 (KHTML, like Gecko) Chrome/77.0.3865.90 Safari/537.36" "wpfront-notification-bar-landingpage=1; _ga=GA1.2.1881884035.1575503513; _gid=GA1.2.2031555595.1575503513; _gat_gtag_UA_91619287_1=1"
201.144.206.33 - - [05/Dec/2019:00:51:15 +0100] "GET /wp-content/uploads/2019/04/bolsa-deporte-young-1-300x300.png HTTP/1.1" 200 77335 "https://amazingsportwear.com/" "Mozilla/5.0 (Windows NT 10.0; Win64; x64) AppleWebKit/537.36 (KHTML, like Gecko) Chrome/77.0.3865.90 Safari/537.36" "wpfront-notification-bar-landingpage=1; _ga=GA1.2.1881884035.1575503513; _gid=GA1.2.2031555595.1575503513; _gat_gtag_UA_91619287_1=1"
201.144.206.33 - - [05/Dec/2019:00:51:15 +0100] "GET /wp-content/uploads/2019/04/mochila-decath-5-300x300.png HTTP/1.1" 200 64031 "https://amazingsportwear.com/" "Mozilla/5.0 (Windows NT 10.0; Win64; x64) AppleWebKit/537.36 (KHTML, like Gecko) Chrome/77.0.3865.90 Safari/537.36" "wpfront-notification-bar-landingpage=1; _ga=GA1.2.1881884035.1575503513; _gid=GA1.2.2031555595.1575503513; _gat_gtag_UA_91619287_1=1"
201.144.206.33 - - [05/Dec/2019:00:51:15 +0100] "GET /wp-content/uploads/2019/04/Llavero-triumph-1-300x300.png HTTP/1.1" 200 12855 "https://amazingsportwear.com/" "Mozilla/5.0 (Windows NT 10.0; Win64; x64) AppleWebKit/537.36 (KHTML, like Gecko) Chrome/77.0.3865.90 Safari/537.36" "wpfront-notification-bar-landingpage=1; _ga=GA1.2.1881884035.1575503513; _gid=GA1.2.2031555595.1575503513; _gat_gtag_UA_91619287_1=1"
201.144.206.33 - - [05/Dec/2019:00:51:15 +0100] "GET /wp-content/uploads/2019/04/SA-6684-1-300x300.png HTTP/1.1" 200 94808 "https://amazingsportwear.com/" "Mozilla/5.0 (Windows NT 10.0; Win64; x64) AppleWebKit/537.36 (KHTML, like Gecko) Chrome/77.0.3865.90 Safari/537.36" "wpfront-notification-bar-landingpage=1; _ga=GA1.2.1881884035.1575503513; _gid=GA1.2.2031555595.1575503513; _gat_gtag_UA_91619287_1=1"
201.144.206.33 - - [05/Dec/2019:00:51:15 +0100] "GET /wp-content/uploads/2018/05/cif-g221-2-300x300.jpg HTTP/1.1" 200 8294 "https://amazingsportwear.com/" "Mozilla/5.0 (Windows NT 10.0; Win64; x64) AppleWebKit/537.36 (KHTML, like Gecko) Chrome/77.0.3865.90 Safari/537.36" "wpfront-notification-bar-landingpage=1; _ga=GA1.2.1881884035.1575503513; _gid=GA1.2.2031555595.1575503513; _gat_gtag_UA_91619287_1=1"
201.144.206.33 - - [05/Dec/2019:00:51:15 +0100] "GET /wp-content/uploads/2018/06/sa-6502-naranja-300x300.jpg HTTP/1.1" 200 42656 "https://amazingsportwear.com/" "Mozilla/5.0 (Windows NT 10.0; Win64; x64) AppleWebKit/537.36 (KHTML, like Gecko) Chrome/77.0.3865.90 Safari/537.36" "wpfront-notification-bar-landingpage=1; _ga=GA1.2.1881884035.1575503513; _gid=GA1.2.2031555595.1575503513; _gat_gtag_UA_91619287_1=1"
201.144.206.33 - - [05/Dec/2019:00:51:15 +0100] "GET /wp-content/uploads/2018/05/cp-lycra-2.jpg HTTP/1.1" 200 13775 "https://amazingsportwear.com/" "Mozilla/5.0 (Windows NT 10.0; Win64; x64) AppleWebKit/537.36 (KHTML, like Gecko) Chrome/77.0.3865.90 Safari/537.36" "wpfront-notification-bar-landingpage=1; _ga=GA1.2.1881884035.1575503513; _gid=GA1.2.2031555595.1575503513; _gat_gtag_UA_91619287_1=1"
201.144.206.33 - - [05/Dec/2019:00:51:15 +0100] "GET /wp-content/uploads/2018/05/cat-3164-amarillo-300x300.png HTTP/1.1" 200 72410 "https://amazingsportwear.com/" "Mozilla/5.0 (Windows NT 10.0; Win64; x64) AppleWebKit/537.36 (KHTML, like Gecko) Chrome/77.0.3865.90 Safari/537.36" "wpfront-notification-bar-landingpage=1; _ga=GA1.2.1881884035.1575503513; _gid=GA1.2.2031555595.1575503513; _gat_gtag_UA_91619287_1=1"
201.144.206.33 - - [05/Dec/2019:00:51:15 +0100] "GET /wp-content/uploads/2017/03/sa-0415_60-300x300.jpg HTTP/1.1" 200 15272 "https://amazingsportwear.com/" "Mozilla/5.0 (Windows NT 10.0; Win64; x64) AppleWebKit/537.36 (KHTML, like Gecko) Chrome/77.0.3865.90 Safari/537.36" "wpfront-notification-bar-landingpage=1; _ga=GA1.2.1881884035.1575503513; _gid=GA1.2.2031555595.1575503513; _gat_gtag_UA_91619287_1=1"
201.144.206.33 - - [05/Dec/2019:00:51:15 +0100] "GET /wp-content/uploads/2019/06/amistad3-300x300.jpg HTTP/1.1" 200 12744 "https://amazingsportwear.com/" "Mozilla/5.0 (Windows NT 10.0; Win64; x64) AppleWebKit/537.36 (KHTML, like Gecko) Chrome/77.0.3865.90 Safari/537.36" "wpfront-notification-bar-landingpage=1; _ga=GA1.2.1881884035.1575503513; _gid=GA1.2.2031555595.1575503513; _gat_gtag_UA_91619287_1=1"
201.144.206.33 - - [05/Dec/2019:00:51:15 +0100] "GET /wp-content/uploads/2019/06/compartir-300x300.jpg HTTP/1.1" 200 10140 "https://amazingsportwear.com/" "Mozilla/5.0 (Windows NT 10.0; Win64; x64) AppleWebKit/537.36 (KHTML, like Gecko) Chrome/77.0.3865.90 Safari/537.36" "wpfront-notification-bar-landingpage=1; _ga=GA1.2.1881884035.1575503513; _gid=GA1.2.2031555595.1575503513; _gat_gtag_UA_91619287_1=1"
201.144.206.33 - - [05/Dec/2019:00:51:15 +0100] "GET /wp-content/plugins/simple-social-icons/symbol-defs.svg HTTP/1.1" 200 19699 "https://amazingsportwear.com/" "Mozilla/5.0 (Windows NT 10.0; Win64; x64) AppleWebKit/537.36 (KHTML, like Gecko) Chrome/77.0.3865.90 Safari/537.36" "wpfront-notification-bar-landingpage=1; _ga=GA1.2.1881884035.1575503513; _gid=GA1.2.2031555595.1575503513; _gat_gtag_UA_91619287_1=1"
201.144.206.33 - - [05/Dec/2019:00:51:15 +0100] "GET /wp-content/uploads/2019/05/asw-white-300x126.png HTTP/1.1" 200 12061 "https://amazingsportwear.com/" "Mozilla/5.0 (Windows NT 10.0; Win64; x64) AppleWebKit/537.36 (KHTML, like Gecko) Chrome/77.0.3865.90 Safari/537.36" "wpfront-notification-bar-landingpage=1; _ga=GA1.2.1881884035.1575503513; _gid=GA1.2.2031555595.1575503513; _gat_gtag_UA_91619287_1=1"
201.144.206.33 - - [05/Dec/2019:00:51:15 +0100] "GET /wp-content/plugins/wpfront-notification-bar/images/arrow_down.png HTTP/1.1" 200 2562 "https://amazingsportwear.com/wp-content/plugins/wpfront-notification-bar/css/wpfront-notification-bar.css?ver=1.7.1" "Mozilla/5.0 (Windows NT 10.0; Win64; x64) AppleWebKit/537.36 (KHTML, like Gecko) Chrome/77.0.3865.90 Safari/537.36" "wpfront-notification-bar-landingpage=1; _ga=GA1.2.1881884035.1575503513; _gid=GA1.2.2031555595.1575503513; _gat_gtag_UA_91619287_1=1"
201.144.206.33 - - [05/Dec/2019:00:51:16 +0100] "GET /wp-content/uploads/2019/05/cropped-favicon-nuevo-logo-amazinf-128px-32x32.png HTTP/1.1" 200 1224 "https://amazingsportwear.com/" "Mozilla/5.0 (Windows NT 10.0; Win64; x64) AppleWebKit/537.36 (KHTML, like Gecko) Chrome/77.0.3865.90 Safari/537.36" "wpfront-notification-bar-landingpage=1; _ga=GA1.2.1881884035.1575503513; _gid=GA1.2.2031555595.1575503513; _gat_gtag_UA_91619287_1=1"
217.76.130.90 - - [05/Dec/2019:01:23:15 +0100] "POST /wp-cron.php?doing_wp_cron=1575505395.1594579219818115234375 HTTP/1.1" 200 164 "http://amazingsportwear.com/wp-cron.php?doing_wp_cron=1575505395.1594579219818115234375" "WordPress/5.2.4; https://amazingsportwear.com" "-"
66.249.66.87 - - [05/Dec/2019:01:23:12 +0100] "GET /robots.txt HTTP/1.1" 200 432 "-" "Mozilla/5.0 (compatible; Googlebot/2.1; +http://www.google.com/bot.html)" "-"
66.249.66.85 - - [05/Dec/2019:01:23:17 +0100] "GET /content/2-aviso-legal HTTP/1.1" 404 68063 "-" "Mozilla/5.0 (Linux; Android 6.0.1; Nexus 5X Build/MMB29P) AppleWebKit/537.36 (KHTML, like Gecko) Chrome/41.0.2272.96 Mobile Safari/537.36 (compatible; Googlebot/2.1; +http://www.google.com/bot.html)" "-"
217.76.130.90 - - [05/Dec/2019:01:32:39 +0100] "POST /wp-cron.php?doing_wp_cron=1575505959.2852230072021484375000 HTTP/1.1" 200 164 "http://amazingsportwear.com/wp-cron.php?doing_wp_cron=1575505959.2852230072021484375000" "WordPress/5.2.4; https://amazingsportwear.com" "-"
34.219.80.60 - - [05/Dec/2019:01:32:38 +0100] "GET / HTTP/1.1" 301 279 "-" "Go-http-client/1.1" "-"
217.76.130.90 - - [05/Dec/2019:01:44:55 +0100] "POST /wp-cron.php?doing_wp_cron=1575506695.5533130168914794921875 HTTP/1.1" 200 3389 "https://amazingsportwear.com/wp-cron.php?doing_wp_cron=1575506695.5533130168914794921875" "WordPress/5.2.4; https://amazingsportwear.com" "-"
157.55.39.250 - - [05/Dec/2019:01:44:54 +0100] "GET /producto/calcetin-deportivo-sublimado-bp-38040/ HTTP/1.1" 200 94138 "-" "msnbot/2.0b (+http://search.msn.com/msnbot.htm)" "-"
177.228.175.24 - - [05/Dec/2019:01:45:46 +0100] "GET /wp-content/uploads/2019/04/Gorra-sport-6.png HTTP/1.1" 200 44623 "https://www.google.com/" "Mozilla/5.0 (Macintosh; Intel Mac OS X 10_14_3) AppleWebKit/537.36 (KHTML, like Gecko) Chrome/78.0.3904.108 Safari/537.36" "-"
217.76.130.90 - - [05/Dec/2019:01:46:16 +0100] "POST /wp-cron.php?doing_wp_cron=1575506776.6420218944549560546875 HTTP/1.1" 200 3389 "https://amazingsportwear.com/wp-cron.php?doing_wp_cron=1575506776.6420218944549560546875" "WordPress/5.2.4; https://amazingsportwear.com" "-"
157.55.39.250 - - [05/Dec/2019:01:46:16 +0100] "GET /producto/calcetin-deportivo-sublimado-bp-38040/ HTTP/1.1" 200 94506 "-" "msnbot/2.0b (+http://search.msn.com/msnbot.htm)" "-"
217.76.130.90 - - [05/Dec/2019:01:47:26 +0100] "POST /wp-cron.php?doing_wp_cron=1575506846.2510619163513183593750 HTTP/1.1" 200 3389 "https://amazingsportwear.com/wp-cron.php?doing_wp_cron=1575506846.2510619163513183593750" "WordPress/5.2.4; https://amazingsportwear.com" "-"
66.249.66.66 - - [05/Dec/2019:01:47:25 +0100] "GET /producto/camiseta-tecnica-tirantes-dream-eny-dream-ti/ HTTP/1.1" 200 102986 "-" "Mozilla/5.0 (Linux; Android 6.0.1; Nexus 5X Build/MMB29P) AppleWebKit/537.36 (KHTML, like Gecko) Chrome/41.0.2272.96 Mobile Safari/537.36 (compatible; Googlebot/2.1; +http://www.google.com/bot.html)" "-"
66.249.66.66 - - [05/Dec/2019:01:47:36 +0100] "POST /?wc-ajax=get_refreshed_fragments HTTP/1.1" 200 1397 "https://amazingsportwear.com/producto/camiseta-tecnica-tirantes-dream-eny-dream-ti/" "Mozilla/5.0 (Linux; Android 6.0.1; Nexus 5X Build/MMB29P) AppleWebKit/537.36 (KHTML, like Gecko) Chrome/41.0.2272.96 Mobile Safari/537.36 (compatible; Googlebot/2.1; +http://www.google.com/bot.html)" "_ga=GA1.2.969013651.1575504000; _gid=GA1.2.1978218920.1575504000; _gat_gtag_UA_91619287_1=1"
217.76.130.90 - - [05/Dec/2019:01:49:03 +0100] "POST /wp-cron.php?doing_wp_cron=1575506943.8631379604339599609375 HTTP/1.1" 200 3389 "https://amazingsportwear.com/wp-cron.php?doing_wp_cron=1575506943.8631379604339599609375" "WordPress/5.2.4; https://amazingsportwear.com" "-"
66.249.66.66 - - [05/Dec/2019:01:49:03 +0100] "GET /producto/parche-termico-pikur/ HTTP/1.1" 200 98520 "-" "Mozilla/5.0 (Linux; Android 6.0.1; Nexus 5X Build/MMB29P) AppleWebKit/537.36 (KHTML, like Gecko) Chrome/41.0.2272.96 Mobile Safari/537.36 (compatible; Googlebot/2.1; +http://www.google.com/bot.html)" "-"
66.249.66.70 - - [05/Dec/2019:01:49:07 +0100] "POST /?wc-ajax=get_refreshed_fragments HTTP/1.1" 200 4760 "https://amazingsportwear.com/producto/parche-termico-pikur/" "Mozilla/5.0 (Linux; Android 6.0.1; Nexus 5X Build/MMB29P) AppleWebKit/537.36 (KHTML, like Gecko) Chrome/41.0.2272.96 Mobile Safari/537.36 (compatible; Googlebot/2.1; +http://www.google.com/bot.html)" "_ga=GA1.2.969013651.1575504000; _gid=GA1.2.1978218920.1575504000; _gat_gtag_UA_91619287_1=1"
217.76.130.90 - - [05/Dec/2019:01:54:13 +0100] "POST /wp-cron.php?doing_wp_cron=1575507253.5418400764465332031250 HTTP/1.1" 200 3389 "https://amazingsportwear.com/wp-cron.php?doing_wp_cron=1575507253.5418400764465332031250" "WordPress/5.2.4; https://amazingsportwear.com" "-"
17.58.96.177 - - [05/Dec/2019:01:54:12 +0100] "GET /categoria-producto/deportes/ HTTP/1.1" 200 74094 "-" "Mozilla/5.0 (Macintosh; Intel Mac OS X 10_10_1) AppleWebKit/600.2.5 (KHTML, like Gecko) Version/8.0.2 Safari/600.2.5 (Applebot/0.1; +http://www.apple.com/go/applebot)" "-"
217.76.130.90 - - [05/Dec/2019:01:55:10 +0100] "POST /wp-cron.php?doing_wp_cron=1575507310.2105140686035156250000 HTTP/1.1" 200 3389 "https://amazingsportwear.com/wp-cron.php?doing_wp_cron=1575507310.2105140686035156250000" "WordPress/5.2.4; https://amazingsportwear.com" "-"
66.249.66.68 - - [05/Dec/2019:01:55:09 +0100] "POST /?wc-ajax=get_refreshed_fragments HTTP/1.1" 200 4760 "https://amazingsportwear.com/categoria-producto/inicio/ropa-amazing-sport-wear/page/2/" "Mozilla/5.0 (Linux; Android 6.0.1; Nexus 5X Build/MMB29P) AppleWebKit/537.36 (KHTML, like Gecko) Chrome/41.0.2272.96 Mobile Safari/537.36 (compatible; Googlebot/2.1; +http://www.google.com/bot.html)" "_ga=GA1.2.1884029788.1575417600; _gid=GA1.2.969013651.1575417600; _gat_gtag_UA_91619287_1=1"
189.244.200.18 - - [05/Dec/2019:02:05:53 +0100] "GET /wp-content/uploads/2019/04/Gorra-sport-10.png HTTP/1.1" 200 60426 "https://www.google.com/" "Mozilla/5.0 (Linux; Android 9; Mi A2) AppleWebKit/537.36 (KHTML, like Gecko) Chrome/78.0.3904.108 Mobile Safari/537.36" "-"
217.76.130.90 - - [05/Dec/2019:02:10:22 +0100] "POST /wp-cron.php?doing_wp_cron=1575508222.5894470214843750000000 HTTP/1.1" 200 164 "http://amazingsportwear.com/wp-cron.php?doing_wp_cron=1575508222.5894470214843750000000" "WordPress/5.2.4; https://amazingsportwear.com" "-"
69.171.251.8 - - [05/Dec/2019:02:10:19 +0100] "GET / HTTP/1.1" 301 298 "-" "facebookexternalhit/1.1 (+http://www.facebook.com/externalhit_uatext.php)" "-"
69.171.251.8 - - [05/Dec/2019:02:10:23 +0100] "GET / HTTP/1.1" 200 125525 "-" "facebookexternalhit/1.1 (+http://www.facebook.com/externalhit_uatext.php)" "-"
190.113.101.19 - - [05/Dec/2019:02:14:40 +0100] "GET /wp-content/uploads/2019/04/Gorra-sport-10.png HTTP/1.1" 200 60426 "https://www.google.com/" "Mozilla/5.0 (Linux; Android 7.0; SAMSUNG SM-G920I) AppleWebKit/537.36 (KHTML, like Gecko) SamsungBrowser/10.2 Chrome/71.0.3578.99 Mobile Safari/537.36" "-"
217.76.130.90 - - [05/Dec/2019:02:16:37 +0100] "POST /wp-cron.php?doing_wp_cron=1575508597.5829501152038574218750 HTTP/1.1" 200 3389 "https://amazingsportwear.com/wp-cron.php?doing_wp_cron=1575508597.5829501152038574218750" "WordPress/5.2.4; https://amazingsportwear.com" "-"
66.249.66.66 - - [05/Dec/2019:02:16:36 +0100] "GET /category/inicio/ HTTP/1.1" 200 70496 "-" "Mozilla/5.0 (Linux; Android 6.0.1; Nexus 5X Build/MMB29P) AppleWebKit/537.36 (KHTML, like Gecko) Chrome/41.0.2272.96 Mobile Safari/537.36 (compatible; Googlebot/2.1; +http://www.google.com/bot.html)" "-"
66.249.66.68 - - [05/Dec/2019:02:16:43 +0100] "POST /?wc-ajax=get_refreshed_fragments HTTP/1.1" 200 4760 "https://amazingsportwear.com/category/inicio/" "Mozilla/5.0 (Linux; Android 6.0.1; Nexus 5X Build/MMB29P) AppleWebKit/537.36 (KHTML, like Gecko) Chrome/41.0.2272.96 Mobile Safari/537.36 (compatible; Googlebot/2.1; +http://www.google.com/bot.html)" "_ga=GA1.2.1884029788.1575504000; _gid=GA1.2.969013651.1575504000; _gat_gtag_UA_91619287_1=1"
217.76.130.90 - - [05/Dec/2019:02:24:39 +0100] "POST /wp-cron.php?doing_wp_cron=1575509079.6266229152679443359375 HTTP/1.1" 200 164 "http://amazingsportwear.com/wp-cron.php?doing_wp_cron=1575509079.6266229152679443359375" "WordPress/5.2.4; https://amazingsportwear.com" "-"
66.249.66.86 - - [05/Dec/2019:02:24:39 +0100] "GET /index.php HTTP/1.1" 301 336 "-" "Mozilla/5.0 (Linux; Android 6.0.1; Nexus 5X Build/MMB29P) AppleWebKit/537.36 (KHTML, like Gecko) Chrome/41.0.2272.96 Mobile Safari/537.36 (compatible; Googlebot/2.1; +http://www.google.com/bot.html)" "-"
66.249.66.66 - - [05/Dec/2019:02:24:40 +0100] "GET / HTTP/1.1" 200 125721 "-" "Mozilla/5.0 (Linux; Android 6.0.1; Nexus 5X Build/MMB29P) AppleWebKit/537.36 (KHTML, like Gecko) Chrome/41.0.2272.96 Mobile Safari/537.36 (compatible; Googlebot/2.1; +http://www.google.com/bot.html)" "wpfront-notification-bar-landingpage=1"
66.249.66.68 - - [05/Dec/2019:02:24:49 +0100] "GET /wp-content/plugins/elementor/assets/css/frontend.min.css?ver=2.5.16 HTTP/1.1" 200 98729 "https://amazingsportwear.com/" "Mozilla/5.0 (Linux; Android 6.0.1; Nexus 5X Build/MMB29P) AppleWebKit/537.36 (KHTML, like Gecko) Chrome/41.0.2272.96 Mobile Safari/537.36 (compatible; Googlebot/2.1; +http://www.google.com/bot.html)" "-"
66.249.66.68 - - [05/Dec/2019:02:24:50 +0100] "GET /wp-content/plugins/elementor/assets/lib/animations/animations.min.css?ver=2.5.16 HTTP/1.1" 200 18833 "https://amazingsportwear.com/" "Mozilla/5.0 (Linux; Android 6.0.1; Nexus 5X Build/MMB29P) AppleWebKit/537.36 (KHTML, like Gecko) Chrome/41.0.2272.96 Mobile Safari/537.36 (compatible; Googlebot/2.1; +http://www.google.com/bot.html)" "-"
66.249.66.68 - - [05/Dec/2019:02:24:51 +0100] "GET /wp-content/plugins/smart-slider-3/nextend/media/dist/n2.min.js?1559118093 HTTP/1.1" 200 3836 "https://amazingsportwear.com/" "Mozilla/5.0 (Linux; Android 6.0.1; Nexus 5X Build/MMB29P) AppleWebKit/537.36 (KHTML, like Gecko) Chrome/41.0.2272.96 Mobile Safari/537.36 (compatible; Googlebot/2.1; +http://www.google.com/bot.html)" "-"
66.249.66.68 - - [05/Dec/2019:02:24:52 +0100] "GET /wp-content/uploads/elementor/css/global.css?ver=1559638744 HTTP/1.1" 200 5136 "https://amazingsportwear.com/" "Mozilla/5.0 (Linux; Android 6.0.1; Nexus 5X Build/MMB29P) AppleWebKit/537.36 (KHTML, like Gecko) Chrome/41.0.2272.96 Mobile Safari/537.36 (compatible; Googlebot/2.1; +http://www.google.com/bot.html)" "-"
66.249.66.66 - - [05/Dec/2019:02:24:53 +0100] "GET /wp-content/plugins/elementor/assets/lib/eicons/css/elementor-icons.min.css?ver=4.3.0 HTTP/1.1" 200 11850 "https://amazingsportwear.com/" "Mozilla/5.0 (Linux; Android 6.0.1; Nexus 5X Build/MMB29P) AppleWebKit/537.36 (KHTML, like Gecko) Chrome/41.0.2272.96 Mobile Safari/537.36 (compatible; Googlebot/2.1; +http://www.google.com/bot.html)" "-"
66.249.66.66 - - [05/Dec/2019:02:24:54 +0100] "GET /wp-content/plugins/smart-slider-3/library/media/dist/smartslider-frontend.min.js?1559118093 HTTP/1.1" 200 127293 "https://amazingsportwear.com/" "Mozilla/5.0 (Linux; Android 6.0.1; Nexus 5X Build/MMB29P) AppleWebKit/537.36 (KHTML, like Gecko) Chrome/41.0.2272.96 Mobile Safari/537.36 (compatible; Googlebot/2.1; +http://www.google.com/bot.html)" "-"
66.249.66.66 - - [05/Dec/2019:02:24:55 +0100] "GET /wp-content/plugins/smart-slider-3/library/media/smartslider.min.css?1559118093 HTTP/1.1" 200 19959 "https://amazingsportwear.com/" "Mozilla/5.0 (Linux; Android 6.0.1; Nexus 5X Build/MMB29P) AppleWebKit/537.36 (KHTML, like Gecko) Chrome/41.0.2272.96 Mobile Safari/537.36 (compatible; Googlebot/2.1; +http://www.google.com/bot.html)" "-"
66.249.66.66 - - [05/Dec/2019:02:24:56 +0100] "GET /wp-content/plugins/elementor/assets/lib/font-awesome/css/font-awesome.min.css?ver=4.7.0 HTTP/1.1" 200 31365 "https://amazingsportwear.com/" "Mozilla/5.0 (Linux; Android 6.0.1; Nexus 5X Build/MMB29P) AppleWebKit/537.36 (KHTML, like Gecko) Chrome/41.0.2272.96 Mobile Safari/537.36 (compatible; Googlebot/2.1; +http://www.google.com/bot.html)" "-"
66.249.66.66 - - [05/Dec/2019:02:24:57 +0100] "GET /wp-content/plugins/smart-slider-3/nextend/media/dist/nextend-frontend.min.js?1559118093 HTTP/1.1" 200 86339 "https://amazingsportwear.com/" "Mozilla/5.0 (Linux; Android 6.0.1; Nexus 5X Build/MMB29P) AppleWebKit/537.36 (KHTML, like Gecko) Chrome/41.0.2272.96 Mobile Safari/537.36 (compatible; Googlebot/2.1; +http://www.google.com/bot.html)" "-"
66.249.66.66 - - [05/Dec/2019:02:24:58 +0100] "GET /?id_cms=16&controller=cms HTTP/1.1" 200 122460 "-" "Mozilla/5.0 (Linux; Android 6.0.1; Nexus 5X Build/MMB29P) AppleWebKit/537.36 (KHTML, like Gecko) Chrome/41.0.2272.96 Mobile Safari/537.36 (compatible; Googlebot/2.1; +http://www.google.com/bot.html)" "-"
66.249.66.66 - - [05/Dec/2019:02:25:00 +0100] "GET /wp-content/plugins/smart-slider-3/library/media/plugins/type/simple/simple/dist/smartslider-simple-type-frontend.min.js?1559118093 HTTP/1.1" 200 18973 "https://amazingsportwear.com/" "Mozilla/5.0 (Linux; Android 6.0.1; Nexus 5X Build/MMB29P) AppleWebKit/537.36 (KHTML, like Gecko) Chrome/41.0.2272.96 Mobile Safari/537.36 (compatible; Googlebot/2.1; +http://www.google.com/bot.html)" "-"
66.249.66.66 - - [05/Dec/2019:02:25:00 +0100] "GET /wp-content/plugins/elementor/assets/lib/waypoints/waypoints.min.js?ver=4.0.2 HTTP/1.1" 200 12541 "https://amazingsportwear.com/" "Mozilla/5.0 (Linux; Android 6.0.1; Nexus 5X Build/MMB29P) AppleWebKit/537.36 (KHTML, like Gecko) Chrome/41.0.2272.96 Mobile Safari/537.36 (compatible; Googlebot/2.1; +http://www.google.com/bot.html)" "-"
66.249.66.66 - - [05/Dec/2019:02:25:01 +0100] "GET /wp-content/plugins/elementor/assets/lib/swiper/swiper.min.js?ver=4.4.6 HTTP/1.1" 200 126126 "https://amazingsportwear.com/" "Mozilla/5.0 (Linux; Android 6.0.1; Nexus 5X Build/MMB29P) AppleWebKit/537.36 (KHTML, like Gecko) Chrome/41.0.2272.96 Mobile Safari/537.36 (compatible; Googlebot/2.1; +http://www.google.com/bot.html)" "-"
66.249.66.66 - - [05/Dec/2019:02:25:02 +0100] "GET /wp-content/plugins/elementor/assets/js/frontend.min.js?ver=2.5.16 HTTP/1.1" 200 41341 "https://amazingsportwear.com/" "Mozilla/5.0 (Linux; Android 6.0.1; Nexus 5X Build/MMB29P) AppleWebKit/537.36 (KHTML, like Gecko) Chrome/41.0.2272.96 Mobile Safari/537.36 (compatible; Googlebot/2.1; +http://www.google.com/bot.html)" "-"
66.249.66.66 - - [05/Dec/2019:02:25:04 +0100] "GET /wp-content/plugins/si-contact-form/includes/fscf-scripts.js?ver=179 HTTP/1.1" 200 1033 "https://amazingsportwear.com/" "Mozilla/5.0 (Linux; Android 6.0.1; Nexus 5X Build/MMB29P) AppleWebKit/537.36 (KHTML, like Gecko) Chrome/41.0.2272.96 Mobile Safari/537.36 (compatible; Googlebot/2.1; +http://www.google.com/bot.html)" "-"
