31.13.103.2 - - [23/Nov/2019:15:54:52 +0100] "GET / HTTP/1.1" 200 125525 "-" "facebookexternalhit/1.1 (+http://www.facebook.com/externalhit_uatext.php)" "-"
31.13.103.8 - - [23/Nov/2019:15:54:52 +0100] "GET / HTTP/1.1" 200 125520 "-" "facebookexternalhit/1.1 (+http://www.facebook.com/externalhit_uatext.php)" "-"
31.13.103.2 - - [23/Nov/2019:15:54:52 +0100] "GET / HTTP/1.1" 200 125560 "-" "facebookexternalhit/1.1 (+http://www.facebook.com/externalhit_uatext.php)" "-"
31.13.103.2 - - [23/Nov/2019:15:54:55 +0100] "GET /contacta-con-nosotros HTTP/1.1" 301 319 "-" "facebookexternalhit/1.1 (+http://www.facebook.com/externalhit_uatext.php)" "-"
31.13.103.9 - - [23/Nov/2019:15:54:55 +0100] "GET /contacta-con-nosotros HTTP/1.1" 301 319 "-" "facebookexternalhit/1.1 (+http://www.facebook.com/externalhit_uatext.php)" "-"
31.13.103.2 - - [23/Nov/2019:15:54:55 +0100] "GET /contacta-con-nosotros HTTP/1.1" 301 319 "-" "facebookexternalhit/1.1 (+http://www.facebook.com/externalhit_uatext.php)" "-"
31.13.103.2 - - [23/Nov/2019:15:54:56 +0100] "GET /contacta-con-nosotros/ HTTP/1.1" 200 58197 "-" "facebookexternalhit/1.1 (+http://www.facebook.com/externalhit_uatext.php)" "-"
31.13.103.9 - - [23/Nov/2019:15:54:56 +0100] "GET /contacta-con-nosotros/ HTTP/1.1" 200 58172 "-" "facebookexternalhit/1.1 (+http://www.facebook.com/externalhit_uatext.php)" "-"
31.13.103.2 - - [23/Nov/2019:15:54:57 +0100] "GET /contacta-con-nosotros/ HTTP/1.1" 200 58167 "-" "facebookexternalhit/1.1 (+http://www.facebook.com/externalhit_uatext.php)" "-"
217.76.130.90 - - [23/Nov/2019:16:01:35 +0100] "POST /wp-cron.php?doing_wp_cron=1574521295.2518699169158935546875 HTTP/1.1" 200 3389 "https://amazingsportwear.com/wp-cron.php?doing_wp_cron=1574521295.2518699169158935546875" "WordPress/5.2.4; https://amazingsportwear.com" "-"
115.203.78.48 - - [23/Nov/2019:16:01:33 +0100] "GET /etiqueta-producto/bidon-deportivo HTTP/1.1" 301 3557 "-" "Mozilla/5.0(Linux;Android 5.1.1;OPPO A33 Build/LMY47V;wv) AppleWebKit/537.36(KHTML,link Gecko) Version/4.0 Chrome/43.0.2357.121 Mobile Safari/537.36 LieBaoFast/4.51.3" "-"
115.202.179.135 - - [23/Nov/2019:16:01:38 +0100] "GET /etiqueta-producto/bidon-deportivo/ HTTP/1.1" 200 55482 "-" "Mozilla/5.0(Linux;Android 5.1.1;OPPO A33 Build/LMY47V;wv) AppleWebKit/537.36(KHTML,link Gecko) Version/4.0 Chrome/43.0.2357.121 Mobile Safari/537.36 LieBaoFast/4.51.3" "wpfront-notification-bar-landingpage=1"
217.76.130.90 - - [23/Nov/2019:16:06:12 +0100] "POST /wp-cron.php?doing_wp_cron=1574521572.0661458969116210937500 HTTP/1.1" 200 3389 "https://amazingsportwear.com/wp-cron.php?doing_wp_cron=1574521572.0661458969116210937500" "WordPress/5.2.4; https://amazingsportwear.com" "-"
66.249.66.66 - - [23/Nov/2019:16:06:11 +0100] "GET /producto/maillot-manga-larga-ciclismo/ HTTP/1.1" 200 93166 "-" "Mozilla/5.0 (compatible; Googlebot/2.1; +http://www.google.com/bot.html)" "-"
189.218.221.34 - - [23/Nov/2019:16:08:29 +0100] "GET /wp-content/uploads/2019/04/Gorra-sport-10.png HTTP/1.1" 200 60426 "https://www.google.com.mx/" "Mozilla/5.0 (Windows NT 6.3; Win64; x64) AppleWebKit/537.36 (KHTML, like Gecko) Chrome/78.0.3904.108 Safari/537.36" "-"
217.76.130.90 - - [23/Nov/2019:16:11:48 +0100] "POST /wp-cron.php?doing_wp_cron=1574521908.5771679878234863281250 HTTP/1.1" 200 164 "http://amazingsportwear.com/wp-cron.php?doing_wp_cron=1574521908.5771679878234863281250" "WordPress/5.2.4; https://amazingsportwear.com" "-"
157.55.39.5 - - [23/Nov/2019:16:11:47 +0100] "GET /robots.txt HTTP/1.1" 200 432 "-" "Mozilla/5.0 (compatible; bingbot/2.0; +http://www.bing.com/bingbot.htm)" "-"
157.55.39.106 - - [23/Nov/2019:16:11:49 +0100] "GET /ciclismo/88-manguito-brazo-ciclismo.html HTTP/1.1" 404 68056 "-" "Mozilla/5.0 (compatible; bingbot/2.0; +http://www.bing.com/bingbot.htm)" "-"
66.249.66.70 - - [23/Nov/2019:16:16:00 +0100] "GET /wp-content/uploads/2017/01/cam-basic1-100x100.png HTTP/1.1" 304 3565 "-" "Googlebot-Image/1.0" "-"
217.76.130.90 - - [23/Nov/2019:16:16:18 +0100] "POST /wp-cron.php?doing_wp_cron=1574522178.8324370384216308593750 HTTP/1.1" 200 3389 "https://amazingsportwear.com/wp-cron.php?doing_wp_cron=1574522178.8324370384216308593750" "WordPress/5.2.4; https://amazingsportwear.com" "-"
66.249.66.68 - - [23/Nov/2019:16:16:17 +0100] "GET /producto/sudadera-capucha/ HTTP/1.1" 200 101677 "-" "Mozilla/5.0 (compatible; Googlebot/2.1; +http://www.google.com/bot.html)" "-"
66.249.66.66 - - [23/Nov/2019:16:16:33 +0100] "GET /contacta-con-nosotros/ HTTP/1.1" 200 62394 "-" "Mozilla/5.0 (Linux; Android 6.0.1; Nexus 5X Build/MMB29P) AppleWebKit/537.36 (KHTML, like Gecko) Chrome/41.0.2272.96 Mobile Safari/537.36 (compatible; Googlebot/2.1; +http://www.google.com/bot.html)" "-"
66.249.66.66 - - [23/Nov/2019:16:16:38 +0100] "POST /?wc-ajax=get_refreshed_fragments HTTP/1.1" 200 1397 "https://amazingsportwear.com/contacta-con-nosotros/" "Mozilla/5.0 (Linux; Android 6.0.1; Nexus 5X Build/MMB29P) AppleWebKit/537.36 (KHTML, like Gecko) Chrome/41.0.2272.96 Mobile Safari/537.36 (compatible; Googlebot/2.1; +http://www.google.com/bot.html)" "_ga=GA1.2.1884029788.1574467200; _gid=GA1.2.969013651.1574467200; _gat_gtag_UA_91619287_1=1"
217.76.130.90 - - [23/Nov/2019:16:19:45 +0100] "POST /wp-cron.php?doing_wp_cron=1574522385.8864738941192626953125 HTTP/1.1" 200 3389 "https://amazingsportwear.com/wp-cron.php?doing_wp_cron=1574522385.8864738941192626953125" "WordPress/5.2.4; https://amazingsportwear.com" "-"
66.249.66.70 - - [23/Nov/2019:16:19:44 +0100] "GET /producto/llavero-metalico-juego-golf/ HTTP/1.1" 200 94748 "-" "Mozilla/5.0 (Linux; Android 6.0.1; Nexus 5X Build/MMB29P) AppleWebKit/537.36 (KHTML, like Gecko) Chrome/41.0.2272.96 Mobile Safari/537.36 (compatible; Googlebot/2.1; +http://www.google.com/bot.html)" "-"
217.76.130.90 - - [23/Nov/2019:16:31:01 +0100] "POST /wp-cron.php?doing_wp_cron=1574523061.9257171154022216796875 HTTP/1.1" 200 3389 "https://amazingsportwear.com/wp-cron.php?doing_wp_cron=1574523061.9257171154022216796875" "WordPress/5.2.4; https://amazingsportwear.com" "-"
66.249.66.70 - - [23/Nov/2019:16:31:00 +0100] "GET /producto/camiseta-tecnic-combi-cat-4473/ HTTP/1.1" 200 102872 "-" "Mozilla/5.0 (Linux; Android 6.0.1; Nexus 5X Build/MMB29P) AppleWebKit/537.36 (KHTML, like Gecko) Chrome/41.0.2272.96 Mobile Safari/537.36 (compatible; Googlebot/2.1; +http://www.google.com/bot.html)" "-"
182.111.49.10 - - [23/Nov/2019:16:37:30 +0100] "GET /wp-content/uploads/2017/03/CIF-T-529.jpg HTTP/1.1" 200 240603 "-" "Mozilla/5.0(Linux;Android 5.1.1;OPPO A33 Build/LMY47V;wv) AppleWebKit/537.36(KHTML,link Gecko) Version/4.0 Chrome/42.0.2311.138 Mobile Safari/537.36 Mb2345Browser/9.0" "-"
217.76.130.90 - - [23/Nov/2019:16:38:28 +0100] "POST /wp-cron.php?doing_wp_cron=1574523508.5099968910217285156250 HTTP/1.1" 200 3389 "https://amazingsportwear.com/wp-cron.php?doing_wp_cron=1574523508.5099968910217285156250" "WordPress/5.2.4; https://amazingsportwear.com" "-"
61.138.222.66 - - [23/Nov/2019:16:38:27 +0100] "GET /categoria-producto/mujer/sudaderas-mujer/ HTTP/1.1" 200 55322 "-" "Mozilla/5.0(Linux;Android 5.1.1;OPPO A33 Build/LMY47V;wv) AppleWebKit/537.36(KHTML,link Gecko) Version/4.0 Chrome/43.0.2357.121 Mobile Safari/537.36 LieBaoFast/4.51.3" "-"
42.5.148.22 - - [23/Nov/2019:16:38:37 +0100] "GET /wp-content/uploads/2017/01/pant-basket1-300x300.jpg HTTP/1.1" 200 14203 "-" "Mozilla/5.0(Linux;Android 5.1.1;OPPO A33 Build/LMY47V;wv) AppleWebKit/537.36(KHTML,link Gecko) Version/4.0 Chrome/43.0.2357.121 Mobile Safari/537.36 LieBaoFast/4.51.3" "-"
66.249.66.66 - - [23/Nov/2019:16:44:49 +0100] "GET /wp-content/uploads/2019/04/Llavero-metalico-golf-1.png HTTP/1.1" 304 3566 "-" "Googlebot-Image/1.0" "-"
181.9.163.65 - - [23/Nov/2019:16:45:18 +0100] "GET /wp-content/uploads/2019/04/gorra-lorenz-4.png HTTP/1.1" 200 77974 "https://www.google.com/blank.html" "Mozilla/5.0 (Linux; Android 7.0; SM-J710MN Build/NRD90M; wv) AppleWebKit/537.36 (KHTML, like Gecko) Version/4.0 Chrome/64.0.3282.137 Mobile Safari/537.36 GSA/7.17.28.21.arm" "-"
66.249.66.70 - - [23/Nov/2019:16:45:41 +0100] "GET /wp-content/uploads/2019/04/Llavero-metalico-golf-2.png HTTP/1.1" 304 3566 "-" "Googlebot-Image/1.0" "-"
117.67.92.11 - - [23/Nov/2019:16:45:43 +0100] "GET /wp-content/uploads/2017/02/pantalon-tenis-padel.jpg HTTP/1.1" 200 53027 "-" "Mozilla/5.0 (Linux; Android 7.0; FRD-AL00 Build/HUAWEIFRD-AL00; wv) AppleWebKit/537.36 (KHTML, like Gecko) Version/4.0 Chrome/53.0.2785.49 Mobile MQQBrowser/6.2 TBS/043602 Safari/537.36 MicroMessenger/6.5.16.1120 NetType/WIFI Language/zh_CN" "-"
66.249.66.66 - - [23/Nov/2019:16:46:34 +0100] "GET /wp-content/uploads/2019/04/gorra-bayon-6-100x100.png HTTP/1.1" 304 3527 "-" "Googlebot-Image/1.0" "-"
217.76.130.90 - - [23/Nov/2019:16:47:11 +0100] "POST /wp-cron.php?doing_wp_cron=1574524031.8906180858612060546875 HTTP/1.1" 200 3389 "https://amazingsportwear.com/wp-cron.php?doing_wp_cron=1574524031.8906180858612060546875" "WordPress/5.2.4; https://amazingsportwear.com" "-"
221.1.124.7 - - [23/Nov/2019:16:47:10 +0100] "GET /producto/falda-patty-sa-0321 HTTP/1.1" 301 3552 "-" "Mozilla/5.0 (Linux; Android 7.0; FRD-AL00 Build/HUAWEIFRD-AL00; wv) AppleWebKit/537.36 (KHTML, like Gecko) Version/4.0 Chrome/53.0.2785.49 Mobile MQQBrowser/6.2 TBS/043602 Safari/537.36 MicroMessenger/6.5.16.1120 NetType/WIFI Language/zh_CN" "-"
221.1.124.7 - - [23/Nov/2019:16:47:22 +0100] "GET /producto/falda-patty-sa-0321/ HTTP/1.1" 200 95094 "-" "Mozilla/5.0 (Linux; Android 7.0; FRD-AL00 Build/HUAWEIFRD-AL00; wv) AppleWebKit/537.36 (KHTML, like Gecko) Version/4.0 Chrome/53.0.2785.49 Mobile MQQBrowser/6.2 TBS/043602 Safari/537.36 MicroMessenger/6.5.16.1120 NetType/WIFI Language/zh_CN" "wpfront-notification-bar-landingpage=1"
187.172.183.153 - - [23/Nov/2019:16:47:46 +0100] "GET /wp-content/uploads/2019/04/Gorra-sport-12.png HTTP/1.1" 200 95673 "https://www.google.com/" "Mozilla/5.0 (Windows NT 6.1; Win64; x64) AppleWebKit/537.36 (KHTML, like Gecko) Chrome/78.0.3904.108 Safari/537.36" "-"
217.76.130.90 - - [23/Nov/2019:16:48:17 +0100] "POST /wp-cron.php?doing_wp_cron=1574524097.2939600944519042968750 HTTP/1.1" 200 3389 "https://amazingsportwear.com/wp-cron.php?doing_wp_cron=1574524097.2939600944519042968750" "WordPress/5.2.4; https://amazingsportwear.com" "-"
66.249.66.66 - - [23/Nov/2019:16:48:16 +0100] "GET /producto/gorra-krox/ HTTP/1.1" 200 99795 "-" "Mozilla/5.0 (compatible; Googlebot/2.1; +http://www.google.com/bot.html)" "-"
190.117.71.213 - - [23/Nov/2019:16:54:27 +0100] "GET /wp-content/uploads/2019/04/Gorra-sport-11.png HTTP/1.1" 200 131121 "https://www.google.com/" "Mozilla/5.0 (Windows NT 6.1; Win64; x64) AppleWebKit/537.36 (KHTML, like Gecko) Chrome/78.0.3904.97 Safari/537.36" "-"
217.76.130.90 - - [23/Nov/2019:16:59:55 +0100] "POST /wp-cron.php?doing_wp_cron=1574524795.5401339530944824218750 HTTP/1.1" 200 3389 "https://amazingsportwear.com/wp-cron.php?doing_wp_cron=1574524795.5401339530944824218750" "WordPress/5.2.4; https://amazingsportwear.com" "-"
66.249.66.70 - - [23/Nov/2019:16:59:54 +0100] "GET /producto/falda-patty-sa-0321/ HTTP/1.1" 200 95410 "-" "Mozilla/5.0 (Linux; Android 6.0.1; Nexus 5X Build/MMB29P) AppleWebKit/537.36 (KHTML, like Gecko) Chrome/41.0.2272.96 Mobile Safari/537.36 (compatible; Googlebot/2.1; +http://www.google.com/bot.html)" "-"
217.76.130.90 - - [23/Nov/2019:17:00:05 +0100] "POST /wp-cron.php?doing_wp_cron=1574524805.7328360080718994140625 HTTP/1.1" 200 3389 "https://amazingsportwear.com/wp-cron.php?doing_wp_cron=1574524805.7328360080718994140625" "WordPress/5.2.4; https://amazingsportwear.com" "-"
66.249.66.66 - - [23/Nov/2019:17:00:05 +0100] "POST /?wc-ajax=get_refreshed_fragments HTTP/1.1" 200 4760 "https://amazingsportwear.com/producto/falda-patty-sa-0321/" "Mozilla/5.0 (Linux; Android 6.0.1; Nexus 5X Build/MMB29P) AppleWebKit/537.36 (KHTML, like Gecko) Chrome/41.0.2272.96 Mobile Safari/537.36 (compatible; Googlebot/2.1; +http://www.google.com/bot.html)" "_ga=GA1.2.969013651.1574467200; _gid=GA1.2.1978218920.1574467200; _gat_gtag_UA_91619287_1=1"
217.76.130.90 - - [23/Nov/2019:17:02:27 +0100] "POST /wp-cron.php?doing_wp_cron=1574524947.5465900897979736328125 HTTP/1.1" 200 3389 "https://amazingsportwear.com/wp-cron.php?doing_wp_cron=1574524947.5465900897979736328125" "WordPress/5.2.4; https://amazingsportwear.com" "-"
66.249.66.70 - - [23/Nov/2019:17:02:26 +0100] "GET /producto/fly-banner-tipo-surf-completo/ HTTP/1.1" 200 114290 "-" "Mozilla/5.0 (compatible; Googlebot/2.1; +http://www.google.com/bot.html)" "-"
217.76.130.90 - - [23/Nov/2019:17:03:09 +0100] "POST /wp-cron.php?doing_wp_cron=1574524989.0429561138153076171875 HTTP/1.1" 200 3389 "https://amazingsportwear.com/wp-cron.php?doing_wp_cron=1574524989.0429561138153076171875" "WordPress/5.2.4; https://amazingsportwear.com" "-"
112.252.69.5 - - [23/Nov/2019:17:03:08 +0100] "GET /etiqueta-producto/braga-gorro HTTP/1.1" 301 3553 "-" "Mozilla/5.0(Linux;U;Android 5.1.1;zh-CN;OPPO A33 Build/LMY47V) AppleWebKit/537.36(KHTML,like Gecko) Version/4.0 Chrome/40.0.2214.89 UCBrowser/11.7.0.953 Mobile Safari/537.36" "-"
112.195.207.66 - - [23/Nov/2019:17:03:30 +0100] "GET /wp-content/uploads/2017/03/T-1040.jpg HTTP/1.1" 200 16038 "-" "Mozilla/5.0(Linux;Android 5.1.1;OPPO A33 Build/LMY47V;wv) AppleWebKit/537.36(KHTML,link Gecko) Version/4.0 Chrome/43.0.2357.121 Mobile Safari/537.36 LieBaoFast/4.51.3" "-"
217.76.130.90 - - [23/Nov/2019:17:04:05 +0100] "POST /wp-cron.php?doing_wp_cron=1574525045.8580849170684814453125 HTTP/1.1" 200 3389 "https://amazingsportwear.com/wp-cron.php?doing_wp_cron=1574525045.8580849170684814453125" "WordPress/5.2.4; https://amazingsportwear.com" "-"
66.249.66.70 - - [23/Nov/2019:17:04:05 +0100] "GET /categoria-producto/hombre/ HTTP/1.1" 200 77180 "-" "Mozilla/5.0 (Linux; Android 6.0.1; Nexus 5X Build/MMB29P) AppleWebKit/537.36 (KHTML, like Gecko) Chrome/41.0.2272.96 Mobile Safari/537.36 (compatible; Googlebot/2.1; +http://www.google.com/bot.html)" "-"
181.188.170.90 - - [23/Nov/2019:17:07:56 +0100] "GET /wp-content/uploads/2019/04/SA-1087-3.png HTTP/1.1" 200 117007 "https://www.google.com/" "Mozilla/5.0 (Linux; Android 9; MRD-LX3) AppleWebKit/537.36 (KHTML, like Gecko) Chrome/78.0.3904.108 Mobile Safari/537.36" "-"
217.76.130.90 - - [23/Nov/2019:17:09:21 +0100] "POST /wp-cron.php?doing_wp_cron=1574525361.9264409542083740234375 HTTP/1.1" 200 3389 "https://amazingsportwear.com/wp-cron.php?doing_wp_cron=1574525361.9264409542083740234375" "WordPress/5.2.4; https://amazingsportwear.com" "-"
66.249.66.70 - - [23/Nov/2019:17:09:21 +0100] "GET /producto/llavero-metalico-juego-golf/ HTTP/1.1" 200 94342 "-" "Mozilla/5.0 (Linux; Android 6.0.1; Nexus 5X Build/MMB29P) AppleWebKit/537.36 (KHTML, like Gecko) Chrome/41.0.2272.96 Mobile Safari/537.36 (compatible; Googlebot/2.1; +http://www.google.com/bot.html)" "-"
217.76.130.90 - - [23/Nov/2019:17:11:28 +0100] "POST /wp-cron.php?doing_wp_cron=1574525488.4941189289093017578125 HTTP/1.1" 200 3389 "https://amazingsportwear.com/wp-cron.php?doing_wp_cron=1574525488.4941189289093017578125" "WordPress/5.2.4; https://amazingsportwear.com" "-"
88.16.57.144 - - [23/Nov/2019:17:11:27 +0100] "GET / HTTP/1.1" 200 78655 "-" "Mozilla/5.0 (iPhone; CPU iPhone OS 12_4_1 like Mac OS X) AppleWebKit/605.1.15 (KHTML, like Gecko) Version/12.1.2 Mobile/15E148 Safari/604.1" "-"
217.76.130.90 - - [23/Nov/2019:17:13:34 +0100] "POST /wp-cron.php?doing_wp_cron=1574525613.7413649559020996093750 HTTP/1.1" 200 3389 "https://amazingsportwear.com/wp-cron.php?doing_wp_cron=1574525613.7413649559020996093750" "WordPress/5.2.4; https://amazingsportwear.com" "-"
66.249.66.66 - - [23/Nov/2019:17:13:32 +0100] "GET /producto/leggins-malla-larga-leire/ HTTP/1.1" 200 103351 "-" "Mozilla/5.0 (Linux; Android 6.0.1; Nexus 5X Build/MMB29P) AppleWebKit/537.36 (KHTML, like Gecko) Chrome/41.0.2272.96 Mobile Safari/537.36 (compatible; Googlebot/2.1; +http://www.google.com/bot.html)" "-"
66.249.66.68 - - [23/Nov/2019:17:13:43 +0100] "GET /producto/bidon-camiseta-zablex/ HTTP/1.1" 200 95158 "-" "Mozilla/5.0 (Linux; Android 6.0.1; Nexus 5X Build/MMB29P) AppleWebKit/537.36 (KHTML, like Gecko) Chrome/41.0.2272.96 Mobile Safari/537.36 (compatible; Googlebot/2.1; +http://www.google.com/bot.html)" "-"
181.188.201.129 - - [23/Nov/2019:17:15:47 +0100] "GET /wp-content/uploads/2019/04/gorra-lorenz-4.png HTTP/1.1" 200 77974 "https://www.google.com/" "Mozilla/5.0 (Windows NT 6.3; Win64; x64) AppleWebKit/537.36 (KHTML, like Gecko) Chrome/78.0.3904.108 Safari/537.36" "-"
217.76.130.90 - - [23/Nov/2019:17:16:52 +0100] "POST /wp-cron.php?doing_wp_cron=1574525812.0926620960235595703125 HTTP/1.1" 200 164 "http://amazingsportwear.com/wp-cron.php?doing_wp_cron=1574525812.0926620960235595703125" "WordPress/5.2.4; https://amazingsportwear.com" "-"
185.220.101.35 - - [23/Nov/2019:17:16:50 +0100] "GET / HTTP/1.1" 301 336 "-" "Mozilla/5.0 (Windows NT 10.0; Win64; x64; rv:68.0) Gecko/20100101 Firefox/68.0" "-"
185.220.101.35 - - [23/Nov/2019:17:16:52 +0100] "GET / HTTP/1.1" 200 125612 "-" "Mozilla/5.0 (Windows NT 10.0; Win64; x64; rv:68.0) Gecko/20100101 Firefox/68.0" "-"
185.220.101.35 - - [23/Nov/2019:17:16:54 +0100] "GET /?author=1 HTTP/1.1" 301 412 "-" "Mozilla/5.0 (Windows NT 10.0; Win64; x64; rv:68.0) Gecko/20100101 Firefox/68.0" "-"
185.220.101.35 - - [23/Nov/2019:17:16:56 +0100] "GET /author/emarketing2/ HTTP/1.1" 200 64316 "-" "Mozilla/5.0 (Windows NT 10.0; Win64; x64; rv:68.0) Gecko/20100101 Firefox/68.0" "-"
185.220.101.35 - - [23/Nov/2019:17:16:57 +0100] "GET /?author=2 HTTP/1.1" 302 49879 "-" "Mozilla/5.0 (Windows NT 10.0; Win64; x64; rv:68.0) Gecko/20100101 Firefox/68.0" "-"
185.220.102.8 - - [23/Nov/2019:17:16:58 +0100] "GET /tienda/ HTTP/1.1" 200 74807 "-" "Mozilla/5.0 (Windows NT 10.0; Win64; x64; rv:68.0) Gecko/20100101 Firefox/68.0" "-"
185.220.102.8 - - [23/Nov/2019:17:17:00 +0100] "GET /?author=3 HTTP/1.1" 404 68889 "-" "Mozilla/5.0 (Windows NT 10.0; Win64; x64; rv:68.0) Gecko/20100101 Firefox/68.0" "-"
185.220.102.8 - - [23/Nov/2019:17:17:01 +0100] "GET /?author=4 HTTP/1.1" 404 68894 "-" "Mozilla/5.0 (Windows NT 10.0; Win64; x64; rv:68.0) Gecko/20100101 Firefox/68.0" "-"
217.76.130.90 - - [23/Nov/2019:17:17:04 +0100] "POST /wp-cron.php?doing_wp_cron=1574525824.2854559421539306640625 HTTP/1.1" 200 3389 "https://amazingsportwear.com/wp-cron.php?doing_wp_cron=1574525824.2854559421539306640625" "WordPress/5.2.4; https://amazingsportwear.com" "-"
185.220.102.8 - - [23/Nov/2019:17:17:03 +0100] "GET /?author=5 HTTP/1.1" 404 68884 "-" "Mozilla/5.0 (Windows NT 10.0; Win64; x64; rv:68.0) Gecko/20100101 Firefox/68.0" "-"
185.220.102.8 - - [23/Nov/2019:17:17:05 +0100] "GET /?author=6 HTTP/1.1" 404 68889 "-" "Mozilla/5.0 (Windows NT 10.0; Win64; x64; rv:68.0) Gecko/20100101 Firefox/68.0" "-"
185.220.102.8 - - [23/Nov/2019:17:17:07 +0100] "GET /?author=7 HTTP/1.1" 404 68914 "-" "Mozilla/5.0 (Windows NT 10.0; Win64; x64; rv:68.0) Gecko/20100101 Firefox/68.0" "-"
185.220.102.8 - - [23/Nov/2019:17:17:09 +0100] "GET /?author=8 HTTP/1.1" 404 68869 "-" "Mozilla/5.0 (Windows NT 10.0; Win64; x64; rv:68.0) Gecko/20100101 Firefox/68.0" "-"
185.220.102.8 - - [23/Nov/2019:17:17:11 +0100] "GET /?author=9 HTTP/1.1" 404 68889 "-" "Mozilla/5.0 (Windows NT 10.0; Win64; x64; rv:68.0) Gecko/20100101 Firefox/68.0" "-"
185.220.102.8 - - [23/Nov/2019:17:17:12 +0100] "GET /?author=10 HTTP/1.1" 404 68906 "-" "Mozilla/5.0 (Windows NT 10.0; Win64; x64; rv:68.0) Gecko/20100101 Firefox/68.0" "-"
185.220.102.8 - - [23/Nov/2019:17:17:14 +0100] "GET /wp-json/wp/v2/users/1 HTTP/1.1" 200 1300 "-" "Mozilla/5.0 (Windows NT 10.0; Win64; x64; rv:68.0) Gecko/20100101 Firefox/68.0" "-"
185.220.102.8 - - [23/Nov/2019:17:17:17 +0100] "GET /wp-json/wp/v2/users/2 HTTP/1.1" 401 801 "-" "Mozilla/5.0 (Windows NT 10.0; Win64; x64; rv:68.0) Gecko/20100101 Firefox/68.0" "-"
185.220.102.8 - - [23/Nov/2019:17:17:18 +0100] "GET /wp-json/wp/v2/users/3 HTTP/1.1" 404 775 "-" "Mozilla/5.0 (Windows NT 10.0; Win64; x64; rv:68.0) Gecko/20100101 Firefox/68.0" "-"
185.220.102.8 - - [23/Nov/2019:17:17:19 +0100] "GET /wp-json/wp/v2/users/4 HTTP/1.1" 404 775 "-" "Mozilla/5.0 (Windows NT 10.0; Win64; x64; rv:68.0) Gecko/20100101 Firefox/68.0" "-"
185.220.102.8 - - [23/Nov/2019:17:17:19 +0100] "GET /wp-json/wp/v2/users/5 HTTP/1.1" 404 775 "-" "Mozilla/5.0 (Windows NT 10.0; Win64; x64; rv:68.0) Gecko/20100101 Firefox/68.0" "-"
185.220.102.8 - - [23/Nov/2019:17:17:20 +0100] "GET /wp-json/wp/v2/users/6 HTTP/1.1" 404 775 "-" "Mozilla/5.0 (Windows NT 10.0; Win64; x64; rv:68.0) Gecko/20100101 Firefox/68.0" "-"
185.220.102.8 - - [23/Nov/2019:17:17:21 +0100] "GET /wp-json/wp/v2/users/7 HTTP/1.1" 404 775 "-" "Mozilla/5.0 (Windows NT 10.0; Win64; x64; rv:68.0) Gecko/20100101 Firefox/68.0" "-"
185.220.102.8 - - [23/Nov/2019:17:17:22 +0100] "GET /wp-json/wp/v2/users/8 HTTP/1.1" 404 775 "-" "Mozilla/5.0 (Windows NT 10.0; Win64; x64; rv:68.0) Gecko/20100101 Firefox/68.0" "-"
185.220.102.8 - - [23/Nov/2019:17:17:23 +0100] "GET /wp-json/wp/v2/users/9 HTTP/1.1" 404 775 "-" "Mozilla/5.0 (Windows NT 10.0; Win64; x64; rv:68.0) Gecko/20100101 Firefox/68.0" "-"
185.220.102.8 - - [23/Nov/2019:17:17:24 +0100] "GET /wp-json/wp/v2/users/10 HTTP/1.1" 404 775 "-" "Mozilla/5.0 (Windows NT 10.0; Win64; x64; rv:68.0) Gecko/20100101 Firefox/68.0" "-"
217.76.130.90 - - [23/Nov/2019:17:21:21 +0100] "POST /wp-cron.php?doing_wp_cron=1574526081.7348179817199707031250 HTTP/1.1" 200 3389 "https://amazingsportwear.com/wp-cron.php?doing_wp_cron=1574526081.7348179817199707031250" "WordPress/5.2.4; https://amazingsportwear.com" "-"
66.249.66.66 - - [23/Nov/2019:17:21:21 +0100] "GET /producto/braga-cuello-motocross/ HTTP/1.1" 200 97157 "-" "Mozilla/5.0 (Linux; Android 6.0.1; Nexus 5X Build/MMB29P) AppleWebKit/537.36 (KHTML, like Gecko) Chrome/41.0.2272.96 Mobile Safari/537.36 (compatible; Googlebot/2.1; +http://www.google.com/bot.html)" "-"
189.228.43.49 - - [23/Nov/2019:17:30:27 +0100] "GET /wp-content/uploads/2019/04/Gorra-sport-6.png HTTP/1.1" 200 44628 "https://www.google.com/" "Mozilla/5.0 (Windows NT 6.3; Win64; x64) AppleWebKit/537.36 (KHTML, like Gecko) Chrome/78.0.3904.97 Safari/537.36" "-"
217.76.130.90 - - [23/Nov/2019:17:40:16 +0100] "POST /wp-cron.php?doing_wp_cron=1574527216.4423370361328125000000 HTTP/1.1" 200 164 "http://amazingsportwear.com/wp-cron.php?doing_wp_cron=1574527216.4423370361328125000000" "WordPress/5.2.4; https://amazingsportwear.com" "-"
112.244.178.237 - - [23/Nov/2019:17:40:13 +0100] "GET /img/cms/camiseta_Carol_frente.jpg HTTP/1.1" 404 68020 "-" "Mozilla/5.0(Linux;U;Android 5.1.1;zh-CN;OPPO A33 Build/LMY47V) AppleWebKit/537.36(KHTML,like Gecko) Version/4.0 Chrome/40.0.2214.89 UCBrowser/11.7.0.953 Mobile Safari/537.36" "-"
117.95.232.112 - - [23/Nov/2019:17:40:17 +0100] "GET /categoria-producto/accesorios/kit-emergencia HTTP/1.1" 301 3568 "-" "Mozilla/5.0(Linux;Android 5.1.1;OPPO A33 Build/LMY47V;wv) AppleWebKit/537.36(KHTML,link Gecko) Version/4.0 Chrome/42.0.2311.138 Mobile Safari/537.36 Mb2345Browser/9.0" "-"
117.91.229.8 - - [23/Nov/2019:17:40:18 +0100] "GET /etiqueta-producto/calcetin HTTP/1.1" 301 3550 "-" "Mozilla/5.0 (Linux; Android 7.0; FRD-AL00 Build/HUAWEIFRD-AL00; wv) AppleWebKit/537.36 (KHTML, like Gecko) Version/4.0 Chrome/53.0.2785.49 Mobile MQQBrowser/6.2 TBS/043602 Safari/537.36 MicroMessenger/6.5.16.1120 NetType/WIFI Language/zh_CN" "-"
114.97.186.97 - - [23/Nov/2019:17:40:19 +0100] "GET /producto/linterna-frontal HTTP/1.1" 301 3549 "-" "Mozilla/5.0(Linux;U;Android 5.1.1;zh-CN;OPPO A33 Build/LMY47V) AppleWebKit/537.36(KHTML,like Gecko) Version/4.0 Chrome/40.0.2214.89 UCBrowser/11.7.0.953 Mobile Safari/537.36" "-"
117.70.38.155 - - [23/Nov/2019:17:40:17 +0100] "GET /wp-content/uploads/2019/03/Dinamic-combi-1.png HTTP/1.1" 200 219310 "-" "Mozilla/5.0(Linux;Android 5.1.1;OPPO A33 Build/LMY47V;wv) AppleWebKit/537.36(KHTML,link Gecko) Version/4.0 Chrome/42.0.2311.138 Mobile Safari/537.36 Mb2345Browser/9.0" "-"
117.91.229.8 - - [23/Nov/2019:17:40:21 +0100] "GET /etiqueta-producto/calcetin/ HTTP/1.1" 200 56985 "-" "Mozilla/5.0 (Linux; Android 7.0; FRD-AL00 Build/HUAWEIFRD-AL00; wv) AppleWebKit/537.36 (KHTML, like Gecko) Version/4.0 Chrome/53.0.2785.49 Mobile MQQBrowser/6.2 TBS/043602 Safari/537.36 MicroMessenger/6.5.16.1120 NetType/WIFI Language/zh_CN" "wpfront-notification-bar-landingpage=1"
117.95.232.112 - - [23/Nov/2019:17:40:26 +0100] "GET /categoria-producto/accesorios/kit-emergencia/ HTTP/1.1" 200 66258 "-" "Mozilla/5.0(Linux;Android 5.1.1;OPPO A33 Build/LMY47V;wv) AppleWebKit/537.36(KHTML,link Gecko) Version/4.0 Chrome/42.0.2311.138 Mobile Safari/537.36 Mb2345Browser/9.0" "wpfront-notification-bar-landingpage=1"
175.173.221.30 - - [23/Nov/2019:17:40:31 +0100] "GET /producto/camiseta-tecnica-mujer-olimpia-aq-olimpia HTTP/1.1" 301 3574 "-" "Mozilla/5.0(Linux;Android 5.1.1;OPPO A33 Build/LMY47V;wv) AppleWebKit/537.36(KHTML,link Gecko) Version/4.0 Chrome/42.0.2311.138 Mobile Safari/537.36 Mb2345Browser/9.0" "-"
114.97.186.97 - - [23/Nov/2019:17:40:31 +0100] "GET /producto/linterna-frontal/ HTTP/1.1" 200 92074 "-" "Mozilla/5.0(Linux;U;Android 5.1.1;zh-CN;OPPO A33 Build/LMY47V) AppleWebKit/537.36(KHTML,like Gecko) Version/4.0 Chrome/40.0.2214.89 UCBrowser/11.7.0.953 Mobile Safari/537.36" "wpfront-notification-bar-landingpage=1"
175.173.221.30 - - [23/Nov/2019:17:40:32 +0100] "GET /producto/camiseta-tecnica-mujer-olimpia-aq-olimpia/ HTTP/1.1" 200 98335 "-" "Mozilla/5.0(Linux;Android 5.1.1;OPPO A33 Build/LMY47V;wv) AppleWebKit/537.36(KHTML,link Gecko) Version/4.0 Chrome/42.0.2311.138 Mobile Safari/537.36 Mb2345Browser/9.0" "wpfront-notification-bar-landingpage=1"
183.13.207.50 - - [23/Nov/2019:17:40:21 +0100] "GET /wp-content/uploads/2019/03/VA-PARADE-6-300x300.png HTTP/1.1" 200 201397 "-" "Mozilla/5.0 (Linux; Android 7.0; FRD-AL00 Build/HUAWEIFRD-AL00; wv) AppleWebKit/537.36 (KHTML, like Gecko) Version/4.0 Chrome/53.0.2785.49 Mobile MQQBrowser/6.2 TBS/043602 Safari/537.36 MicroMessenger/6.5.16.1120 NetType/WIFI Language/zh_CN" "-"
175.42.158.19 - - [23/Nov/2019:17:40:42 +0100] "GET /categoria-producto/mujer/ HTTP/1.1" 200 77260 "-" "Mozilla/5.0(Linux;U;Android 5.1.1;zh-CN;OPPO A33 Build/LMY47V) AppleWebKit/537.36(KHTML,like Gecko) Version/4.0 Chrome/40.0.2214.89 UCBrowser/11.7.0.953 Mobile Safari/537.36" "-"
116.5.86.84 - - [23/Nov/2019:17:40:53 +0100] "GET /categoria-producto/deportes/tenispadel HTTP/1.1" 301 3562 "-" "Mozilla/5.0(Linux;Android 5.1.1;OPPO A33 Build/LMY47V;wv) AppleWebKit/537.36(KHTML,link Gecko) Version/4.0 Chrome/42.0.2311.138 Mobile Safari/537.36 Mb2345Browser/9.0" "-"
116.5.86.84 - - [23/Nov/2019:17:40:59 +0100] "GET /categoria-producto/deportes/tenispadel/ HTTP/1.1" 200 64845 "-" "Mozilla/5.0(Linux;Android 5.1.1;OPPO A33 Build/LMY47V;wv) AppleWebKit/537.36(KHTML,link Gecko) Version/4.0 Chrome/42.0.2311.138 Mobile Safari/537.36 Mb2345Browser/9.0" "wpfront-notification-bar-landingpage=1"
217.76.130.90 - - [23/Nov/2019:17:50:49 +0100] "POST /wp-cron.php?doing_wp_cron=1574527849.4493188858032226562500 HTTP/1.1" 200 3389 "https://amazingsportwear.com/wp-cron.php?doing_wp_cron=1574527849.4493188858032226562500" "WordPress/5.2.4; https://amazingsportwear.com" "-"
207.46.13.99 - - [23/Nov/2019:17:50:47 +0100] "GET /tienda/116-camiseta-tecnica-tirantes-speed-aq-speed.html HTTP/1.1" 404 72337 "-" "Mozilla/5.0 (compatible; bingbot/2.0; +http://www.bing.com/bingbot.htm)" "-"
217.76.130.90 - - [23/Nov/2019:18:01:25 +0100] "POST /wp-cron.php?doing_wp_cron=1574528485.2711069583892822265625 HTTP/1.1" 200 3389 "https://amazingsportwear.com/wp-cron.php?doing_wp_cron=1574528485.2711069583892822265625" "WordPress/5.2.4; https://amazingsportwear.com" "-"
159.65.150.235 - - [23/Nov/2019:18:01:23 +0100] "POST /xmlrpc.php HTTP/1.1" 200 4149 "-" "Mozilla/5.0 (Windows; U; Windows NT 5.1; en-US; rv:1.9.0.1) Gecko/2008070208 Firefox/3.0.1" "-"
159.65.150.235 - - [23/Nov/2019:18:01:27 +0100] "POST /xmlrpc.php HTTP/1.1" 200 4149 "-" "Mozilla/5.0 (Windows; U; Windows NT 5.1; en-US; rv:1.9.0.1) Gecko/2008070208 Firefox/3.0.1" "-"
200.125.230.111 - - [23/Nov/2019:18:04:50 +0100] "GET /wp-content/uploads/2017/03/sa-6648_0146-600x600.jpg HTTP/1.1" 200 34576 "https://www.google.com/blank.html" "Mozilla/5.0 (Linux; Android 8.0.0; WAS-LX3 Build/HUAWEIWAS-LX3; wv) AppleWebKit/537.36 (KHTML, like Gecko) Version/4.0 Chrome/78.0.3904.108 Mobile Safari/537.36 GSA/10.84.19.21.arm64" "-"
186.11.68.34 - - [23/Nov/2019:18:08:57 +0100] "GET /wp-content/uploads/2019/04/Gorra-sport-10.png HTTP/1.1" 200 60426 "https://www.google.com/" "Mozilla/5.0 (Linux; Android 9; SM-J701M) AppleWebKit/537.36 (KHTML, like Gecko) Chrome/78.0.3904.90 Mobile Safari/537.36" "-"
217.76.130.90 - - [23/Nov/2019:18:15:10 +0100] "POST /wp-cron.php?doing_wp_cron=1574529310.2213060855865478515625 HTTP/1.1" 200 3389 "https://amazingsportwear.com/wp-cron.php?doing_wp_cron=1574529310.2213060855865478515625" "WordPress/5.2.4; https://amazingsportwear.com" "-"
66.249.66.66 - - [23/Nov/2019:18:15:08 +0100] "GET /producto/pantalon-largo-cerler-sa-0461/ HTTP/1.1" 200 95239 "-" "Mozilla/5.0 (Linux; Android 6.0.1; Nexus 5X Build/MMB29P) AppleWebKit/537.36 (KHTML, like Gecko) Chrome/41.0.2272.96 Mobile Safari/537.36 (compatible; Googlebot/2.1; +http://www.google.com/bot.html)" "-"
217.76.130.90 - - [23/Nov/2019:18:17:20 +0100] "POST /wp-cron.php?doing_wp_cron=1574529440.6945130825042724609375 HTTP/1.1" 200 3389 "https://amazingsportwear.com/wp-cron.php?doing_wp_cron=1574529440.6945130825042724609375" "WordPress/5.2.4; https://amazingsportwear.com" "-"
66.249.66.66 - - [23/Nov/2019:18:17:19 +0100] "GET /categoria-producto/accesorios/llaveros/ HTTP/1.1" 200 69233 "-" "Mozilla/5.0 (Linux; Android 6.0.1; Nexus 5X Build/MMB29P) AppleWebKit/537.36 (KHTML, like Gecko) Chrome/41.0.2272.96 Mobile Safari/537.36 (compatible; Googlebot/2.1; +http://www.google.com/bot.html)" "-"
77.240.126.145 - - [23/Nov/2019:18:18:15 +0100] "GET /wp-content/uploads/2017/03/sa-0415_02.jpg HTTP/1.1" 200 56795 "https://www.google.com/" "Mozilla/5.0 (Windows NT 6.1; Win64; x64) AppleWebKit/537.36 (KHTML, like Gecko) Chrome/78.0.3904.108 Safari/537.36" "-"
66.249.66.66 - - [23/Nov/2019:18:19:14 +0100] "GET /wp-content/uploads/2019/04/Llavero-metalico-golf-3.png HTTP/1.1" 304 3565 "-" "Googlebot-Image/1.0" "-"
66.249.66.66 - - [23/Nov/2019:18:20:08 +0100] "GET /wp-content/uploads/2019/04/gorra-five-1-100x100.png HTTP/1.1" 304 3565 "-" "Googlebot-Image/1.0" "-"
66.249.66.66 - - [23/Nov/2019:18:21:01 +0100] "GET /wp-content/uploads/2019/04/gorra-five-2-100x100.png HTTP/1.1" 304 3565 "-" "Googlebot-Image/1.0" "-"
217.76.130.90 - - [23/Nov/2019:18:21:44 +0100] "POST /wp-cron.php?doing_wp_cron=1574529704.4738349914550781250000 HTTP/1.1" 200 3389 "https://amazingsportwear.com/wp-cron.php?doing_wp_cron=1574529704.4738349914550781250000" "WordPress/5.2.4; https://amazingsportwear.com" "-"
66.249.66.68 - - [23/Nov/2019:18:21:42 +0100] "GET /producto/camiseta-basket-sin-costadillos/ HTTP/1.1" 200 94590 "-" "Mozilla/5.0 (Linux; Android 6.0.1; Nexus 5X Build/MMB29P) AppleWebKit/537.36 (KHTML, like Gecko) Chrome/41.0.2272.96 Mobile Safari/537.36 (compatible; Googlebot/2.1; +http://www.google.com/bot.html)" "-"
66.249.66.66 - - [23/Nov/2019:18:21:50 +0100] "POST /?wc-ajax=get_refreshed_fragments HTTP/1.1" 200 4760 "https://amazingsportwear.com/producto/camiseta-basket-sin-costadillos/" "Mozilla/5.0 (Linux; Android 6.0.1; Nexus 5X Build/MMB29P) AppleWebKit/537.36 (KHTML, like Gecko) Chrome/41.0.2272.96 Mobile Safari/537.36 (compatible; Googlebot/2.1; +http://www.google.com/bot.html)" "_ga=GA1.2.969013651.1574467200; _gid=GA1.2.1978218920.1574467200; _gat_gtag_UA_91619287_1=1"
66.249.66.66 - - [23/Nov/2019:18:21:54 +0100] "GET /wp-content/uploads/2019/04/gorra-five-4-100x100.png HTTP/1.1" 304 202 "-" "Googlebot-Image/1.0" "-"
217.76.130.90 - - [23/Nov/2019:18:23:24 +0100] "POST /wp-cron.php?doing_wp_cron=1574529804.6009869575500488281250 HTTP/1.1" 200 3389 "https://amazingsportwear.com/wp-cron.php?doing_wp_cron=1574529804.6009869575500488281250" "WordPress/5.2.4; https://amazingsportwear.com" "-"
31.13.103.23 - - [23/Nov/2019:18:23:23 +0100] "GET / HTTP/1.1" 200 125550 "-" "facebookexternalhit/1.1 (+http://www.facebook.com/externalhit_uatext.php)" "-"
31.13.103.16 - - [23/Nov/2019:18:23:24 +0100] "GET / HTTP/1.1" 200 125550 "-" "facebookexternalhit/1.1 (+http://www.facebook.com/externalhit_uatext.php)" "-"
31.13.103.14 - - [23/Nov/2019:18:23:25 +0100] "GET / HTTP/1.1" 200 125560 "-" "facebookexternalhit/1.1 (+http://www.facebook.com/externalhit_uatext.php)" "-"
31.13.103.8 - - [23/Nov/2019:18:23:26 +0100] "GET /contacta-con-nosotros HTTP/1.1" 301 319 "-" "facebookexternalhit/1.1 (+http://www.facebook.com/externalhit_uatext.php)" "-"
31.13.103.7 - - [23/Nov/2019:18:23:26 +0100] "GET / HTTP/1.1" 200 125555 "-" "facebookexternalhit/1.1 (+http://www.facebook.com/externalhit_uatext.php)" "-"
31.13.103.18 - - [23/Nov/2019:18:23:26 +0100] "GET /contacta-con-nosotros HTTP/1.1" 301 319 "-" "facebookexternalhit/1.1 (+http://www.facebook.com/externalhit_uatext.php)" "-"
31.13.103.8 - - [23/Nov/2019:18:23:27 +0100] "GET /contacta-con-nosotros/ HTTP/1.1" 200 58192 "-" "facebookexternalhit/1.1 (+http://www.facebook.com/externalhit_uatext.php)" "-"
31.13.103.1 - - [23/Nov/2019:18:23:27 +0100] "GET /contacta-con-nosotros HTTP/1.1" 301 319 "-" "facebookexternalhit/1.1 (+http://www.facebook.com/externalhit_uatext.php)" "-"
31.13.103.18 - - [23/Nov/2019:18:23:27 +0100] "GET /contacta-con-nosotros/ HTTP/1.1" 200 58212 "-" "facebookexternalhit/1.1 (+http://www.facebook.com/externalhit_uatext.php)" "-"
31.13.103.1 - - [23/Nov/2019:18:23:28 +0100] "GET /contacta-con-nosotros/ HTTP/1.1" 200 58177 "-" "facebookexternalhit/1.1 (+http://www.facebook.com/externalhit_uatext.php)" "-"
197.218.92.79 - - [23/Nov/2019:18:33:13 +0100] "GET /wp-content/uploads/2019/04/gorra-five-3.png HTTP/1.1" 200 84607 "https://www.google.com/" "Mozilla/5.0 (Windows NT 10.0; Win64; x64) AppleWebKit/537.36 (KHTML, like Gecko) Chrome/42.0.2311.135 Safari/537.36 Edge/12.10240" "-"
217.76.130.90 - - [23/Nov/2019:18:34:37 +0100] "POST /wp-cron.php?doing_wp_cron=1574530476.9413828849792480468750 HTTP/1.1" 200 3389 "https://amazingsportwear.com/wp-cron.php?doing_wp_cron=1574530476.9413828849792480468750" "WordPress/5.2.4; https://amazingsportwear.com" "-"
66.249.66.70 - - [23/Nov/2019:18:34:35 +0100] "GET /pago-seguro/ HTTP/1.1" 200 61007 "-" "Mozilla/5.0 (compatible; Googlebot/2.1; +http://www.google.com/bot.html)" "-"
217.76.130.90 - - [23/Nov/2019:18:36:24 +0100] "POST /wp-cron.php?doing_wp_cron=1574530584.8897330760955810546875 HTTP/1.1" 200 3389 "https://amazingsportwear.com/wp-cron.php?doing_wp_cron=1574530584.8897330760955810546875" "WordPress/5.2.4; https://amazingsportwear.com" "-"
66.249.66.68 - - [23/Nov/2019:18:36:24 +0100] "GET /producto/zapatillero-pirlo/ HTTP/1.1" 200 95402 "-" "Mozilla/5.0 (compatible; Googlebot/2.1; +http://www.google.com/bot.html)" "-"
217.76.130.90 - - [23/Nov/2019:18:38:14 +0100] "POST /wp-cron.php?doing_wp_cron=1574530694.9096000194549560546875 HTTP/1.1" 200 3389 "https://amazingsportwear.com/wp-cron.php?doing_wp_cron=1574530694.9096000194549560546875" "WordPress/5.2.4; https://amazingsportwear.com" "-"
66.249.66.66 - - [23/Nov/2019:18:38:13 +0100] "GET /producto/culoute-corto-ciclismo/ HTTP/1.1" 200 92345 "-" "Mozilla/5.0 (compatible; Googlebot/2.1; +http://www.google.com/bot.html)" "-"
217.76.130.90 - - [23/Nov/2019:18:41:08 +0100] "POST /wp-cron.php?doing_wp_cron=1574530868.4921851158142089843750 HTTP/1.1" 200 3389 "https://amazingsportwear.com/wp-cron.php?doing_wp_cron=1574530868.4921851158142089843750" "WordPress/5.2.4; https://amazingsportwear.com" "-"
66.249.66.70 - - [23/Nov/2019:18:41:07 +0100] "GET /producto/sudadera-capucha/ HTTP/1.1" 200 101405 "-" "Mozilla/5.0 (Linux; Android 6.0.1; Nexus 5X Build/MMB29P) AppleWebKit/537.36 (KHTML, like Gecko) Chrome/41.0.2272.96 Mobile Safari/537.36 (compatible; Googlebot/2.1; +http://www.google.com/bot.html)" "-"
217.76.130.90 - - [23/Nov/2019:18:48:05 +0100] "POST /wp-cron.php?doing_wp_cron=1574531285.3632628917694091796875 HTTP/1.1" 200 3389 "https://amazingsportwear.com/wp-cron.php?doing_wp_cron=1574531285.3632628917694091796875" "WordPress/5.2.4; https://amazingsportwear.com" "-"
110.243.131.220 - - [23/Nov/2019:18:48:03 +0100] "GET /categoria-producto/deportes/motocross HTTP/1.1" 301 3561 "-" "Mozilla/5.0(Linux;U;Android 5.1.1;zh-CN;OPPO A33 Build/LMY47V) AppleWebKit/537.36(KHTML,like Gecko) Version/4.0 Chrome/40.0.2214.89 UCBrowser/11.7.0.953 Mobile Safari/537.36" "-"
181.139.163.109 - - [23/Nov/2019:18:48:13 +0100] "GET /wp-content/uploads/2019/04/gorra-lorenz-4.png HTTP/1.1" 200 77974 "https://www.google.com/" "Mozilla/5.0 (Windows NT 6.3; Win64; x64) AppleWebKit/537.36 (KHTML, like Gecko) Chrome/78.0.3904.108 Safari/537.36" "-"
120.4.235.83 - - [23/Nov/2019:18:48:12 +0100] "GET /categoria-producto/deportes/motocross/ HTTP/1.1" 200 55644 "-" "Mozilla/5.0(Linux;U;Android 5.1.1;zh-CN;OPPO A33 Build/LMY47V) AppleWebKit/537.36(KHTML,like Gecko) Version/4.0 Chrome/40.0.2214.89 UCBrowser/11.7.0.953 Mobile Safari/537.36" "wpfront-notification-bar-landingpage=1"
113.85.21.215 - - [23/Nov/2019:18:48:15 +0100] "GET /producto/funda-mochila-impermeable HTTP/1.1" 301 3558 "-" "Mozilla/5.0 (Linux; Android 7.0; FRD-AL00 Build/HUAWEIFRD-AL00; wv) AppleWebKit/537.36 (KHTML, like Gecko) Version/4.0 Chrome/53.0.2785.49 Mobile MQQBrowser/6.2 TBS/043602 Safari/537.36 MicroMessenger/6.5.16.1120 NetType/WIFI Language/zh_CN" "-"
113.85.21.215 - - [23/Nov/2019:18:48:22 +0100] "GET /producto/funda-mochila-impermeable/ HTTP/1.1" 200 95874 "-" "Mozilla/5.0 (Linux; Android 7.0; FRD-AL00 Build/HUAWEIFRD-AL00; wv) AppleWebKit/537.36 (KHTML, like Gecko) Version/4.0 Chrome/53.0.2785.49 Mobile MQQBrowser/6.2 TBS/043602 Safari/537.36 MicroMessenger/6.5.16.1120 NetType/WIFI Language/zh_CN" "wpfront-notification-bar-landingpage=1"
117.65.46.109 - - [23/Nov/2019:18:48:34 +0100] "GET /producto/camiseta-basket-sin-costadillos-2?add-to-cart=18678 HTTP/1.1" 301 4825 "-" "Mozilla/5.0(Linux;U;Android 5.1.1;zh-CN;OPPO A33 Build/LMY47V) AppleWebKit/537.36(KHTML,like Gecko) Version/4.0 Chrome/40.0.2214.89 UCBrowser/11.7.0.953 Mobile Safari/537.36" "-"
117.65.46.109 - - [23/Nov/2019:18:48:47 +0100] "GET /producto/camiseta-basket-sin-costadillos-2/?add-to-cart=18678 HTTP/1.1" 200 78350 "-" "Mozilla/5.0(Linux;U;Android 5.1.1;zh-CN;OPPO A33 Build/LMY47V) AppleWebKit/537.36(KHTML,like Gecko) Version/4.0 Chrome/40.0.2214.89 UCBrowser/11.7.0.953 Mobile Safari/537.36" "woocommerce_cart_hash=4124c28410e9152fd0477c6fc589209e; woocommerce_items_in_cart=1; wp_woocommerce_session_fb86dbb0e6335d960ea3e94e06b25287=40207e2c935403d5cda8d8baafdaebbe%7C%7C1574704114%7C%7C1574700514%7C%7Cc9d0f6f68666c577da9dfb9ef124ba6a; wpfront-notification-bar-landingpage=1"
124.113.242.126 - - [23/Nov/2019:18:48:52 +0100] "GET /producto/camiseta-portero-futbol-manga-larga HTTP/1.1" 301 3568 "-" "Mozilla/5.0(Linux;Android 5.1.1;OPPO A33 Build/LMY47V;wv) AppleWebKit/537.36(KHTML,link Gecko) Version/4.0 Chrome/43.0.2357.121 Mobile Safari/537.36 LieBaoFast/4.51.3" "-"
114.99.19.98 - - [23/Nov/2019:18:48:53 +0100] "GET /producto/camiseta-manga-corta-basket-2 HTTP/1.1" 301 3562 "-" "Mozilla/5.0(Linux;Android 5.1.1;OPPO A33 Build/LMY47V;wv) AppleWebKit/537.36(KHTML,link Gecko) Version/4.0 Chrome/43.0.2357.121 Mobile Safari/537.36 LieBaoFast/4.51.3" "-"
124.113.242.126 - - [23/Nov/2019:18:49:02 +0100] "GET /producto/camiseta-portero-futbol-manga-larga/ HTTP/1.1" 200 91994 "-" "Mozilla/5.0(Linux;Android 5.1.1;OPPO A33 Build/LMY47V;wv) AppleWebKit/537.36(KHTML,link Gecko) Version/4.0 Chrome/43.0.2357.121 Mobile Safari/537.36 LieBaoFast/4.51.3" "wpfront-notification-bar-landingpage=1"
114.99.19.98 - - [23/Nov/2019:18:48:57 +0100] "GET /producto/camiseta-manga-corta-basket-2/ HTTP/1.1" 200 77160 "-" "Mozilla/5.0(Linux;Android 5.1.1;OPPO A33 Build/LMY47V;wv) AppleWebKit/537.36(KHTML,link Gecko) Version/4.0 Chrome/43.0.2357.121 Mobile Safari/537.36 LieBaoFast/4.51.3" "wpfront-notification-bar-landingpage=1"
197.218.92.79 - - [23/Nov/2019:18:52:18 +0100] "GET /wp-content/uploads/2019/04/gorra-bayon-6.png HTTP/1.1" 200 91841 "https://www.google.com/" "Mozilla/5.0 (Windows NT 10.0; Win64; x64) AppleWebKit/537.36 (KHTML, like Gecko) Chrome/42.0.2311.135 Safari/537.36 Edge/12.10240" "-"
217.76.130.90 - - [23/Nov/2019:18:56:41 +0100] "POST /wp-cron.php?doing_wp_cron=1574531801.7939889430999755859375 HTTP/1.1" 200 3389 "https://amazingsportwear.com/wp-cron.php?doing_wp_cron=1574531801.7939889430999755859375" "WordPress/5.2.4; https://amazingsportwear.com" "-"
66.249.66.70 - - [23/Nov/2019:18:56:40 +0100] "GET /512-cart_default/camiseta-tecnica-manga-larga-sa-0415.jpg HTTP/1.1" 404 72354 "-" "Googlebot-Image/1.0" "-"
217.76.130.90 - - [23/Nov/2019:18:57:21 +0100] "POST /wp-cron.php?doing_wp_cron=1574531841.7558848857879638671875 HTTP/1.1" 200 164 "http://amazingsportwear.com/wp-cron.php?doing_wp_cron=1574531841.7558848857879638671875" "WordPress/5.2.4; https://amazingsportwear.com" "-"
66.249.66.87 - - [23/Nov/2019:18:57:21 +0100] "GET /robots.txt HTTP/1.1" 200 432 "-" "Mozilla/5.0 (compatible; Googlebot/2.1; +http://www.google.com/bot.html)" "-"
66.249.66.87 - - [23/Nov/2019:18:57:21 +0100] "GET /img/cms/tienda/CAT-4473-colores.jpg HTTP/1.1" 404 68072 "-" "Googlebot-Image/1.0" "-"
217.76.130.90 - - [23/Nov/2019:19:04:32 +0100] "POST /wp-cron.php?doing_wp_cron=1574532272.0763239860534667968750 HTTP/1.1" 200 3389 "https://amazingsportwear.com/wp-cron.php?doing_wp_cron=1574532272.0763239860534667968750" "WordPress/5.2.4; https://amazingsportwear.com" "-"
61.131.243.227 - - [23/Nov/2019:19:04:30 +0100] "GET /fonts.googleapis.com HTTP/1.1" 404 72031 "-" "Mozilla/5.0(Linux;Android 5.1.1;OPPO A33 Build/LMY47V;wv) AppleWebKit/537.36(KHTML,link Gecko) Version/4.0 Chrome/42.0.2311.138 Mobile Safari/537.36 Mb2345Browser/9.0" "-"
66.249.66.68 - - [23/Nov/2019:19:04:55 +0100] "GET /producto/gorra-fandol/ HTTP/1.1" 200 96943 "-" "Mozilla/5.0 (Linux; Android 6.0.1; Nexus 5X Build/MMB29P) AppleWebKit/537.36 (KHTML, like Gecko) Chrome/41.0.2272.96 Mobile Safari/537.36 (compatible; Googlebot/2.1; +http://www.google.com/bot.html)" "-"
217.76.130.90 - - [23/Nov/2019:19:09:04 +0100] "POST /wp-cron.php?doing_wp_cron=1574532544.3879370689392089843750 HTTP/1.1" 200 3389 "https://amazingsportwear.com/wp-cron.php?doing_wp_cron=1574532544.3879370689392089843750" "WordPress/5.2.4; https://amazingsportwear.com" "-"
66.249.66.70 - - [23/Nov/2019:19:09:03 +0100] "GET /producto/llavero-metalico-futbol/ HTTP/1.1" 200 95065 "-" "Mozilla/5.0 (Linux; Android 6.0.1; Nexus 5X Build/MMB29P) AppleWebKit/537.36 (KHTML, like Gecko) Chrome/41.0.2272.96 Mobile Safari/537.36 (compatible; Googlebot/2.1; +http://www.google.com/bot.html)" "-"
217.76.130.90 - - [23/Nov/2019:19:11:39 +0100] "POST /wp-cron.php?doing_wp_cron=1574532699.3440799713134765625000 HTTP/1.1" 200 164 "http://amazingsportwear.com/wp-cron.php?doing_wp_cron=1574532699.3440799713134765625000" "WordPress/5.2.4; https://amazingsportwear.com" "-"
176.8.251.103 - - [23/Nov/2019:19:11:38 +0100] "GET /25-camisetas-y-faldas-mujer/ HTTP/1.1" 404 67980 "https://gdzkurokam.ru/" "Opera/9.00 (Windows NT 5.1; U; en)" "-"
176.8.251.103 - - [23/Nov/2019:19:11:39 +0100] "GET /25-camisetas-y-faldas-mujer/ HTTP/1.1" 404 68005 "https://gdzkurokam.ru/" "Opera/9.00 (Windows NT 5.1; U; en)" "-"
176.8.251.103 - - [23/Nov/2019:19:11:40 +0100] "GET /25-camisetas-y-faldas-mujer/ HTTP/1.1" 404 68005 "https://gdzkurokam.ru/" "Opera/9.00 (Windows NT 5.1; U; en)" "-"
66.249.66.70 - - [23/Nov/2019:19:11:49 +0100] "GET /wp-content/uploads/2018/05/sa-7118-amarillo-300x300.jpg HTTP/1.1" 304 3565 "-" "Googlebot-Image/1.0" "-"
217.76.130.90 - - [23/Nov/2019:19:16:54 +0100] "POST /wp-cron.php?doing_wp_cron=1574533014.8529961109161376953125 HTTP/1.1" 200 164 "http://amazingsportwear.com/wp-cron.php?doing_wp_cron=1574533014.8529961109161376953125" "WordPress/5.2.4; https://amazingsportwear.com" "-"
162.247.74.217 - - [23/Nov/2019:19:16:51 +0100] "GET / HTTP/1.1" 301 336 "-" "Mozilla/5.0 (Windows NT 10.0; Win64; x64; rv:68.0) Gecko/20100101 Firefox/68.0" "-"
162.247.74.217 - - [23/Nov/2019:19:16:56 +0100] "GET / HTTP/1.1" 200 125562 "-" "Mozilla/5.0 (Windows NT 10.0; Win64; x64; rv:68.0) Gecko/20100101 Firefox/68.0" "-"
162.247.74.217 - - [23/Nov/2019:19:16:59 +0100] "GET /?author=1 HTTP/1.1" 301 412 "-" "Mozilla/5.0 (Windows NT 10.0; Win64; x64; rv:68.0) Gecko/20100101 Firefox/68.0" "-"
185.150.44.22 - - [23/Nov/2019:19:17:00 +0100] "GET /author/emarketing2/ HTTP/1.1" 200 64321 "-" "Mozilla/5.0 (Windows NT 10.0; Win64; x64; rv:68.0) Gecko/20100101 Firefox/68.0" "-"
185.150.44.22 - - [23/Nov/2019:19:17:02 +0100] "GET /?author=2 HTTP/1.1" 302 49869 "-" "Mozilla/5.0 (Windows NT 10.0; Win64; x64; rv:68.0) Gecko/20100101 Firefox/68.0" "-"
217.76.130.90 - - [23/Nov/2019:19:17:04 +0100] "POST /wp-cron.php?doing_wp_cron=1574533024.9576969146728515625000 HTTP/1.1" 200 3389 "https://amazingsportwear.com/wp-cron.php?doing_wp_cron=1574533024.9576969146728515625000" "WordPress/5.2.4; https://amazingsportwear.com" "-"
185.150.44.22 - - [23/Nov/2019:19:17:04 +0100] "GET /tienda/ HTTP/1.1" 200 74772 "-" "Mozilla/5.0 (Windows NT 10.0; Win64; x64; rv:68.0) Gecko/20100101 Firefox/68.0" "-"
185.150.44.22 - - [23/Nov/2019:19:17:05 +0100] "GET /?author=3 HTTP/1.1" 404 68854 "-" "Mozilla/5.0 (Windows NT 10.0; Win64; x64; rv:68.0) Gecko/20100101 Firefox/68.0" "-"
185.150.44.22 - - [23/Nov/2019:19:17:06 +0100] "GET /?author=4 HTTP/1.1" 404 68904 "-" "Mozilla/5.0 (Windows NT 10.0; Win64; x64; rv:68.0) Gecko/20100101 Firefox/68.0" "-"
185.150.44.22 - - [23/Nov/2019:19:17:07 +0100] "GET /?author=5 HTTP/1.1" 404 68899 "-" "Mozilla/5.0 (Windows NT 10.0; Win64; x64; rv:68.0) Gecko/20100101 Firefox/68.0" "-"
185.150.44.22 - - [23/Nov/2019:19:17:08 +0100] "GET /?author=6 HTTP/1.1" 404 68904 "-" "Mozilla/5.0 (Windows NT 10.0; Win64; x64; rv:68.0) Gecko/20100101 Firefox/68.0" "-"
185.150.44.22 - - [23/Nov/2019:19:17:10 +0100] "GET /?author=7 HTTP/1.1" 404 68889 "-" "Mozilla/5.0 (Windows NT 10.0; Win64; x64; rv:68.0) Gecko/20100101 Firefox/68.0" "-"
185.150.44.22 - - [23/Nov/2019:19:17:11 +0100] "GET /?author=8 HTTP/1.1" 404 68874 "-" "Mozilla/5.0 (Windows NT 10.0; Win64; x64; rv:68.0) Gecko/20100101 Firefox/68.0" "-"
185.150.44.22 - - [23/Nov/2019:19:17:12 +0100] "GET /?author=9 HTTP/1.1" 404 68904 "-" "Mozilla/5.0 (Windows NT 10.0; Win64; x64; rv:68.0) Gecko/20100101 Firefox/68.0" "-"
185.150.44.22 - - [23/Nov/2019:19:17:13 +0100] "GET /?author=10 HTTP/1.1" 404 68891 "-" "Mozilla/5.0 (Windows NT 10.0; Win64; x64; rv:68.0) Gecko/20100101 Firefox/68.0" "-"
185.150.44.22 - - [23/Nov/2019:19:17:14 +0100] "GET /wp-json/wp/v2/users/1 HTTP/1.1" 200 1300 "-" "Mozilla/5.0 (Windows NT 10.0; Win64; x64; rv:68.0) Gecko/20100101 Firefox/68.0" "-"
185.150.44.22 - - [23/Nov/2019:19:17:15 +0100] "GET /wp-json/wp/v2/users/2 HTTP/1.1" 401 801 "-" "Mozilla/5.0 (Windows NT 10.0; Win64; x64; rv:68.0) Gecko/20100101 Firefox/68.0" "-"
185.150.44.22 - - [23/Nov/2019:19:17:16 +0100] "GET /wp-json/wp/v2/users/3 HTTP/1.1" 404 775 "-" "Mozilla/5.0 (Windows NT 10.0; Win64; x64; rv:68.0) Gecko/20100101 Firefox/68.0" "-"
185.150.44.22 - - [23/Nov/2019:19:17:17 +0100] "GET /wp-json/wp/v2/users/4 HTTP/1.1" 404 775 "-" "Mozilla/5.0 (Windows NT 10.0; Win64; x64; rv:68.0) Gecko/20100101 Firefox/68.0" "-"
185.150.44.22 - - [23/Nov/2019:19:17:18 +0100] "GET /wp-json/wp/v2/users/5 HTTP/1.1" 404 775 "-" "Mozilla/5.0 (Windows NT 10.0; Win64; x64; rv:68.0) Gecko/20100101 Firefox/68.0" "-"
185.150.44.22 - - [23/Nov/2019:19:17:19 +0100] "GET /wp-json/wp/v2/users/6 HTTP/1.1" 404 775 "-" "Mozilla/5.0 (Windows NT 10.0; Win64; x64; rv:68.0) Gecko/20100101 Firefox/68.0" "-"
185.150.44.22 - - [23/Nov/2019:19:17:20 +0100] "GET /wp-json/wp/v2/users/7 HTTP/1.1" 404 775 "-" "Mozilla/5.0 (Windows NT 10.0; Win64; x64; rv:68.0) Gecko/20100101 Firefox/68.0" "-"
185.150.44.22 - - [23/Nov/2019:19:17:20 +0100] "GET /wp-json/wp/v2/users/8 HTTP/1.1" 404 775 "-" "Mozilla/5.0 (Windows NT 10.0; Win64; x64; rv:68.0) Gecko/20100101 Firefox/68.0" "-"
185.150.44.22 - - [23/Nov/2019:19:17:21 +0100] "GET /wp-json/wp/v2/users/9 HTTP/1.1" 404 775 "-" "Mozilla/5.0 (Windows NT 10.0; Win64; x64; rv:68.0) Gecko/20100101 Firefox/68.0" "-"
185.150.44.22 - - [23/Nov/2019:19:17:22 +0100] "GET /wp-json/wp/v2/users/10 HTTP/1.1" 404 775 "-" "Mozilla/5.0 (Windows NT 10.0; Win64; x64; rv:68.0) Gecko/20100101 Firefox/68.0" "-"
217.76.130.90 - - [23/Nov/2019:19:22:45 +0100] "POST /wp-cron.php?doing_wp_cron=1574533365.2457280158996582031250 HTTP/1.1" 200 3389 "https://amazingsportwear.com/wp-cron.php?doing_wp_cron=1574533365.2457280158996582031250" "WordPress/5.2.4; https://amazingsportwear.com" "-"
66.249.66.70 - - [23/Nov/2019:19:22:44 +0100] "GET /producto/camiseta-manga-corta-futbol/ HTTP/1.1" 200 94936 "-" "Mozilla/5.0 (compatible; Googlebot/2.1; +http://www.google.com/bot.html)" "-"
217.76.130.90 - - [23/Nov/2019:19:25:38 +0100] "POST /wp-cron.php?doing_wp_cron=1574533538.1379139423370361328125 HTTP/1.1" 200 164 "http://amazingsportwear.com/wp-cron.php?doing_wp_cron=1574533538.1379139423370361328125" "WordPress/5.2.4; https://amazingsportwear.com" "-"
66.249.66.85 - - [23/Nov/2019:19:25:36 +0100] "GET /20-triatlon HTTP/1.1" 404 67997 "-" "Mozilla/5.0 (Linux; Android 6.0.1; Nexus 5X Build/MMB29P) AppleWebKit/537.36 (KHTML, like Gecko) Chrome/41.0.2272.96 Mobile Safari/537.36 (compatible; Googlebot/2.1; +http://www.google.com/bot.html)" "-"
217.76.130.90 - - [23/Nov/2019:19:28:55 +0100] "POST /wp-cron.php?doing_wp_cron=1574533735.9191379547119140625000 HTTP/1.1" 200 3389 "https://amazingsportwear.com/wp-cron.php?doing_wp_cron=1574533735.9191379547119140625000" "WordPress/5.2.4; https://amazingsportwear.com" "-"
