91.208.99.2 - - [23/Nov/2019:08:27:21 +0100] "GET /wp-content/plugins/rois/idx.php HTTP/1.1" 404 68028 "http://site.ru" "Mozilla/5.0 (Windows; U; Windows NT 5.1; en-US) AppleWebKit/533.4 (KHTML, like Gecko) Chrome/5.0.375.99 Safari/533.4" "-"
217.76.130.90 - - [23/Nov/2019:08:29:50 +0100] "POST /wp-cron.php?doing_wp_cron=1574494190.1614639759063720703125 HTTP/1.1" 200 3389 "https://amazingsportwear.com/wp-cron.php?doing_wp_cron=1574494190.1614639759063720703125" "WordPress/5.2.4; https://amazingsportwear.com" "-"
157.55.39.5 - - [23/Nov/2019:08:29:49 +0100] "GET /robots.txt HTTP/1.1" 200 2297 "-" "Mozilla/5.0 (compatible; bingbot/2.0; +http://www.bing.com/bingbot.htm)" "-"
157.55.39.5 - - [23/Nov/2019:08:29:50 +0100] "GET /robots.txt HTTP/1.1" 200 3939 "-" "Mozilla/5.0 (compatible; bingbot/2.0; +http://www.bing.com/bingbot.htm)" "-"
40.77.167.127 - - [23/Nov/2019:08:29:58 +0100] "GET /etiqueta-producto/tapon-rosca/ HTTP/1.1" 200 54017 "-" "Mozilla/5.0 (compatible; bingbot/2.0; +http://www.bing.com/bingbot.htm)" "-"
217.76.130.90 - - [23/Nov/2019:08:33:38 +0100] "POST /wp-cron.php?doing_wp_cron=1574494418.8976829051971435546875 HTTP/1.1" 200 3389 "https://amazingsportwear.com/wp-cron.php?doing_wp_cron=1574494418.8976829051971435546875" "WordPress/5.2.4; https://amazingsportwear.com" "-"
66.249.66.68 - - [23/Nov/2019:08:33:38 +0100] "GET /producto/bidon-camiseta-zablex/ HTTP/1.1" 200 95114 "-" "Mozilla/5.0 (compatible; Googlebot/2.1; +http://www.google.com/bot.html)" "-"
217.76.130.90 - - [23/Nov/2019:08:43:14 +0100] "POST /wp-cron.php?doing_wp_cron=1574494994.1940939426422119140625 HTTP/1.1" 200 3389 "https://amazingsportwear.com/wp-cron.php?doing_wp_cron=1574494994.1940939426422119140625" "WordPress/5.2.4; https://amazingsportwear.com" "-"
66.249.66.68 - - [23/Nov/2019:08:43:13 +0100] "GET /categoria-producto/deportes/tenispadel/ HTTP/1.1" 200 65153 "-" "Mozilla/5.0 (Linux; Android 6.0.1; Nexus 5X Build/MMB29P) AppleWebKit/537.36 (KHTML, like Gecko) Chrome/41.0.2272.96 Mobile Safari/537.36 (compatible; Googlebot/2.1; +http://www.google.com/bot.html)" "-"
217.76.130.90 - - [23/Nov/2019:09:25:45 +0100] "POST /wp-cron.php?doing_wp_cron=1574497545.7795701026916503906250 HTTP/1.1" 200 3389 "https://amazingsportwear.com/wp-cron.php?doing_wp_cron=1574497545.7795701026916503906250" "WordPress/5.2.4; https://amazingsportwear.com" "-"
66.249.66.66 - - [23/Nov/2019:09:25:43 +0100] "GET /producto/pantalon-basket/ HTTP/1.1" 200 93275 "-" "Mozilla/5.0 (Linux; Android 6.0.1; Nexus 5X Build/MMB29P) AppleWebKit/537.36 (KHTML, like Gecko) Chrome/41.0.2272.96 Mobile Safari/537.36 (compatible; Googlebot/2.1; +http://www.google.com/bot.html)" "-"
217.76.130.90 - - [23/Nov/2019:09:49:44 +0100] "POST /wp-cron.php?doing_wp_cron=1574498984.3124179840087890625000 HTTP/1.1" 200 164 "http://amazingsportwear.com/wp-cron.php?doing_wp_cron=1574498984.3124179840087890625000" "WordPress/5.2.4; https://amazingsportwear.com" "-"
157.55.39.5 - - [23/Nov/2019:09:49:42 +0100] "GET /robots.txt HTTP/1.1" 200 432 "-" "Mozilla/5.0 (compatible; bingbot/2.0; +http://www.bing.com/bingbot.htm)" "-"
217.76.130.90 - - [23/Nov/2019:09:49:45 +0100] "POST /wp-admin/admin-ajax.php?action=wp_1_wc_privacy_cleanup&nonce=4b068ee3b7 HTTP/1.1" 200 3711 "https://amazingsportwear.com/wp-admin/admin-ajax.php?action=wp_1_wc_privacy_cleanup&nonce=4b068ee3b7" "WordPress/5.2.4; https://amazingsportwear.com" "-"
217.76.130.90 - - [23/Nov/2019:09:49:53 +0100] "POST /wp-cron.php?doing_wp_cron=1574498993.9931480884552001953125 HTTP/1.1" 200 164 "http://amazingsportwear.com/wp-cron.php?doing_wp_cron=1574498993.9931480884552001953125" "WordPress/5.2.4; https://amazingsportwear.com" "-"
157.55.39.186 - - [23/Nov/2019:09:49:53 +0100] "GET /tienda/103-camiseta-tecnica-bandera-cif-t500.html HTTP/1.1" 404 68074 "-" "Mozilla/5.0 (compatible; bingbot/2.0; +http://www.bing.com/bingbot.htm)" "-"
157.55.39.5 - - [23/Nov/2019:09:52:16 +0100] "GET /robots.txt HTTP/1.1" 200 2297 "-" "Mozilla/5.0 (compatible; bingbot/2.0; +http://www.bing.com/bingbot.htm)" "-"
157.55.39.5 - - [23/Nov/2019:09:52:18 +0100] "GET /robots.txt HTTP/1.1" 200 3939 "-" "Mozilla/5.0 (compatible; bingbot/2.0; +http://www.bing.com/bingbot.htm)" "-"
207.46.13.158 - - [23/Nov/2019:09:52:37 +0100] "GET /producto/gorra-sport/ HTTP/1.1" 200 102242 "-" "Mozilla/5.0 (compatible; bingbot/2.0; +http://www.bing.com/bingbot.htm)" "-"
157.55.39.186 - - [23/Nov/2019:09:52:42 +0100] "GET /robots.txt HTTP/1.1" 200 432 "-" "msnbot/2.0b (+http://search.msn.com/msnbot.htm)" "-"
157.55.39.186 - - [23/Nov/2019:09:52:44 +0100] "GET /robots.txt HTTP/1.1" 200 431 "-" "msnbot/2.0b (+http://search.msn.com/msnbot.htm)" "-"
157.55.39.186 - - [23/Nov/2019:09:52:45 +0100] "GET /robots.txt HTTP/1.1" 200 431 "-" "msnbot/2.0b (+http://search.msn.com/msnbot.htm)" "-"
157.55.39.186 - - [23/Nov/2019:09:52:46 +0100] "GET /robots.txt HTTP/1.1" 200 431 "-" "msnbot/2.0b (+http://search.msn.com/msnbot.htm)" "-"
157.55.39.186 - - [23/Nov/2019:09:52:47 +0100] "GET /robots.txt HTTP/1.1" 200 431 "-" "msnbot/2.0b (+http://search.msn.com/msnbot.htm)" "-"
157.55.39.186 - - [23/Nov/2019:09:52:47 +0100] "GET /robots.txt HTTP/1.1" 200 431 "-" "msnbot/2.0b (+http://search.msn.com/msnbot.htm)" "-"
157.55.39.186 - - [23/Nov/2019:09:52:48 +0100] "GET /robots.txt HTTP/1.1" 200 431 "-" "msnbot/2.0b (+http://search.msn.com/msnbot.htm)" "-"
157.55.39.186 - - [23/Nov/2019:09:52:49 +0100] "GET /robots.txt HTTP/1.1" 200 431 "-" "msnbot/2.0b (+http://search.msn.com/msnbot.htm)" "-"
157.55.39.186 - - [23/Nov/2019:09:52:49 +0100] "GET /robots.txt HTTP/1.1" 200 431 "-" "msnbot/2.0b (+http://search.msn.com/msnbot.htm)" "-"
157.55.39.186 - - [23/Nov/2019:09:52:50 +0100] "GET /robots.txt HTTP/1.1" 200 431 "-" "msnbot/2.0b (+http://search.msn.com/msnbot.htm)" "-"
157.55.39.186 - - [23/Nov/2019:09:52:56 +0100] "GET /robots.txt HTTP/1.1" 200 431 "-" "msnbot/2.0b (+http://search.msn.com/msnbot.htm)" "-"
157.55.39.186 - - [23/Nov/2019:09:52:57 +0100] "GET /robots.txt HTTP/1.1" 200 431 "-" "msnbot/2.0b (+http://search.msn.com/msnbot.htm)" "-"
157.55.39.186 - - [23/Nov/2019:09:52:58 +0100] "GET /wp-content/plugins/cookie-law-info/public/js/cookie-law-info-public.js?ver=1.7.6 HTTP/1.1" 200 20439 "-" "msnbot/2.0b (+http://search.msn.com/msnbot.htm)" "-"
157.55.39.186 - - [23/Nov/2019:09:52:58 +0100] "GET /wp-content/plugins/akismet/_inc/form.js?ver=4.1.2 HTTP/1.1" 200 1040 "-" "msnbot/2.0b (+http://search.msn.com/msnbot.htm)" "-"
157.55.39.186 - - [23/Nov/2019:09:52:59 +0100] "GET /wp-content/plugins/product-enquiry-for-woocommerce/js/contact.js?ver=5.2.4 HTTP/1.1" 200 4681 "-" "msnbot/2.0b (+http://search.msn.com/msnbot.htm)" "-"
157.55.39.186 - - [23/Nov/2019:09:52:59 +0100] "GET /wp-content/plugins/woocommerce/assets/js/frontend/add-to-cart-variation.min.js?ver=3.6.4 HTTP/1.1" 200 13625 "-" "msnbot/2.0b (+http://search.msn.com/msnbot.htm)" "-"
157.55.39.186 - - [23/Nov/2019:09:52:59 +0100] "GET /wp-content/plugins/woocommerce/assets/js/frontend/cart-fragments.min.js?ver=3.6.4 HTTP/1.1" 200 3281 "-" "msnbot/2.0b (+http://search.msn.com/msnbot.htm)" "-"
157.55.39.186 - - [23/Nov/2019:09:52:59 +0100] "GET /wp-content/plugins/woocommerce/assets/js/frontend/add-to-cart.min.js?ver=3.6.4 HTTP/1.1" 200 2983 "-" "msnbot/2.0b (+http://search.msn.com/msnbot.htm)" "-"
157.55.39.186 - - [23/Nov/2019:09:52:59 +0100] "GET /wp-content/plugins/woocommerce/assets/js/jquery-blockui/jquery.blockUI.min.js?ver=2.70 HTTP/1.1" 200 9908 "-" "msnbot/2.0b (+http://search.msn.com/msnbot.htm)" "-"
157.55.39.186 - - [23/Nov/2019:09:53:00 +0100] "GET /wp-content/plugins/woocommerce/assets/js/frontend/woocommerce.min.js?ver=3.6.4 HTTP/1.1" 200 1813 "-" "msnbot/2.0b (+http://search.msn.com/msnbot.htm)" "-"
157.55.39.186 - - [23/Nov/2019:09:53:00 +0100] "GET /wp-content/plugins/woocommerce/assets/js/photoswipe/photoswipe-ui-default.min.js?ver=4.1.1 HTTP/1.1" 200 10220 "-" "msnbot/2.0b (+http://search.msn.com/msnbot.htm)" "-"
157.55.39.186 - - [23/Nov/2019:09:53:00 +0100] "GET /wp-content/themes/shopper/assets/js/shopper.min.js?ver=1.3.8 HTTP/1.1" 200 5994 "-" "msnbot/2.0b (+http://search.msn.com/msnbot.htm)" "-"
157.55.39.186 - - [23/Nov/2019:09:53:00 +0100] "GET /wp-content/themes/shopper/assets/js/skip-link-focus-fix.js?ver=1.3.8 HTTP/1.1" 200 1023 "-" "msnbot/2.0b (+http://search.msn.com/msnbot.htm)" "-"
157.55.39.186 - - [23/Nov/2019:09:53:00 +0100] "GET /wp-includes/js/comment-reply.min.js?ver=5.2.4 HTTP/1.1" 200 2575 "-" "msnbot/2.0b (+http://search.msn.com/msnbot.htm)" "-"
157.55.39.186 - - [23/Nov/2019:09:53:00 +0100] "GET /wp-includes/js/jquery/ui/button.min.js?ver=1.11.4 HTTP/1.1" 200 7578 "-" "msnbot/2.0b (+http://search.msn.com/msnbot.htm)" "-"
157.55.39.186 - - [23/Nov/2019:09:53:01 +0100] "GET /wp-includes/js/wp-embed.min.js?ver=5.2.4 HTTP/1.1" 200 1744 "-" "msnbot/2.0b (+http://search.msn.com/msnbot.htm)" "-"
157.55.39.186 - - [23/Nov/2019:09:53:01 +0100] "GET /wp-includes/js/wp-emoji-release.min.js?ver=5.2.4 HTTP/1.1" 200 14183 "-" "msnbot/2.0b (+http://search.msn.com/msnbot.htm)" "-"
217.76.130.90 - - [23/Nov/2019:09:54:57 +0100] "POST /wp-cron.php?doing_wp_cron=1574499297.6890931129455566406250 HTTP/1.1" 200 3389 "https://amazingsportwear.com/wp-cron.php?doing_wp_cron=1574499297.6890931129455566406250" "WordPress/5.2.4; https://amazingsportwear.com" "-"
112.239.211.98 - - [23/Nov/2019:09:54:56 +0100] "GET /categoria-producto/accesorios/page/6 HTTP/1.1" 301 3560 "-" "Mozilla/5.0(Linux;Android 5.1.1;OPPO A33 Build/LMY47V;wv) AppleWebKit/537.36(KHTML,link Gecko) Version/4.0 Chrome/43.0.2357.121 Mobile Safari/537.36 LieBaoFast/4.51.3" "-"
217.76.130.90 - - [23/Nov/2019:09:55:03 +0100] "POST /wp-cron.php?doing_wp_cron=1574499303.2174510955810546875000 HTTP/1.1" 200 3389 "https://amazingsportwear.com/wp-cron.php?doing_wp_cron=1574499303.2174510955810546875000" "WordPress/5.2.4; https://amazingsportwear.com" "-"
112.239.211.98 - - [23/Nov/2019:09:55:02 +0100] "GET /categoria-producto/accesorios/page/6/ HTTP/1.1" 200 77728 "-" "Mozilla/5.0(Linux;Android 5.1.1;OPPO A33 Build/LMY47V;wv) AppleWebKit/537.36(KHTML,link Gecko) Version/4.0 Chrome/43.0.2357.121 Mobile Safari/537.36 LieBaoFast/4.51.3" "wpfront-notification-bar-landingpage=1"
221.4.34.59 - - [23/Nov/2019:09:55:04 +0100] "GET /aviso-legal HTTP/1.1" 301 3535 "-" "Mozilla/5.0(Linux;U;Android 5.1.1;zh-CN;OPPO A33 Build/LMY47V) AppleWebKit/537.36(KHTML,like Gecko) Version/4.0 Chrome/40.0.2214.89 UCBrowser/11.7.0.953 Mobile Safari/537.36" "-"
221.4.34.59 - - [23/Nov/2019:09:55:10 +0100] "GET /aviso-legal/ HTTP/1.1" 200 58467 "-" "Mozilla/5.0(Linux;U;Android 5.1.1;zh-CN;OPPO A33 Build/LMY47V) AppleWebKit/537.36(KHTML,like Gecko) Version/4.0 Chrome/40.0.2214.89 UCBrowser/11.7.0.953 Mobile Safari/537.36" "wpfront-notification-bar-landingpage=1"
106.35.173.141 - - [23/Nov/2019:09:55:15 +0100] "GET /wp-content/uploads/2019/03/SA-0405-1-300x300.png HTTP/1.1" 200 27477 "-" "Mozilla/5.0(Linux;U;Android 5.1.1;zh-CN;OPPO A33 Build/LMY47V) AppleWebKit/537.36(KHTML,like Gecko) Version/4.0 Chrome/40.0.2214.89 UCBrowser/11.7.0.953 Mobile Safari/537.36" "-"
182.247.60.136 - - [23/Nov/2019:09:55:17 +0100] "GET /etiqueta-producto/transpirable HTTP/1.1" 301 3554 "-" "Mozilla/5.0(Linux;Android 5.1.1;OPPO A33 Build/LMY47V;wv) AppleWebKit/537.36(KHTML,link Gecko) Version/4.0 Chrome/43.0.2357.121 Mobile Safari/537.36 LieBaoFast/4.51.3" "-"
182.247.60.136 - - [23/Nov/2019:09:55:20 +0100] "GET /etiqueta-producto/transpirable/ HTTP/1.1" 200 55261 "-" "Mozilla/5.0(Linux;Android 5.1.1;OPPO A33 Build/LMY47V;wv) AppleWebKit/537.36(KHTML,link Gecko) Version/4.0 Chrome/43.0.2357.121 Mobile Safari/537.36 LieBaoFast/4.51.3" "wpfront-notification-bar-landingpage=1"
106.57.150.221 - - [23/Nov/2019:09:55:23 +0100] "GET /etiqueta-producto/camiseta-power HTTP/1.1" 301 3556 "-" "Mozilla/5.0(Linux;U;Android 5.1.1;zh-CN;OPPO A33 Build/LMY47V) AppleWebKit/537.36(KHTML,like Gecko) Version/4.0 Chrome/40.0.2214.89 UCBrowser/11.7.0.953 Mobile Safari/537.36" "-"
123.186.228.121 - - [23/Nov/2019:09:55:17 +0100] "GET /wp-content/uploads/2019/04/linterna-explorer.png HTTP/1.1" 200 106250 "-" "Mozilla/5.0 (Linux; Android 7.0; FRD-AL00 Build/HUAWEIFRD-AL00; wv) AppleWebKit/537.36 (KHTML, like Gecko) Version/4.0 Chrome/53.0.2785.49 Mobile MQQBrowser/6.2 TBS/043602 Safari/537.36 MicroMessenger/6.5.16.1120 NetType/WIFI Language/zh_CN" "-"
106.57.150.221 - - [23/Nov/2019:09:55:32 +0100] "GET /etiqueta-producto/camiseta-power/ HTTP/1.1" 200 53863 "-" "Mozilla/5.0(Linux;U;Android 5.1.1;zh-CN;OPPO A33 Build/LMY47V) AppleWebKit/537.36(KHTML,like Gecko) Version/4.0 Chrome/40.0.2214.89 UCBrowser/11.7.0.953 Mobile Safari/537.36" "wpfront-notification-bar-landingpage=1"
112.22.10.83 - - [23/Nov/2019:09:55:44 +0100] "GET /etiqueta-producto/sudadera-fuji HTTP/1.1" 301 3555 "-" "Mozilla/5.0(Linux;Android 5.1.1;OPPO A33 Build/LMY47V;wv) AppleWebKit/537.36(KHTML,link Gecko) Version/4.0 Chrome/43.0.2357.121 Mobile Safari/537.36 LieBaoFast/4.51.3" "-"
217.76.130.90 - - [23/Nov/2019:09:57:36 +0100] "POST /wp-cron.php?doing_wp_cron=1574499456.4454810619354248046875 HTTP/1.1" 200 3389 "https://amazingsportwear.com/wp-cron.php?doing_wp_cron=1574499456.4454810619354248046875" "WordPress/5.2.4; https://amazingsportwear.com" "-"
178.63.11.212 - - [23/Nov/2019:09:57:35 +0100] "GET /robots.txt HTTP/1.1" 200 3939 "-" "Mozilla/5.0 (compatible; MJ12bot/v1.4.8; http://mj12bot.com/)" "-"
178.63.11.212 - - [23/Nov/2019:09:57:38 +0100] "GET /wp-content/uploads/2019/04/AQUA-10043400-TRANSPARENTE-DISE%C3%91O.png HTTP/1.1" 200 106128 "-" "Mozilla/5.0 (compatible; MJ12bot/v1.4.8; http://mj12bot.com/)" "-"
178.63.11.212 - - [23/Nov/2019:09:57:40 +0100] "GET /wp-content/uploads/2019/04/BOTELLA-TRIT%C3%81N-DISE%C3%91O-1.png HTTP/1.1" 200 134920 "-" "Mozilla/5.0 (compatible; MJ12bot/v1.4.8; http://mj12bot.com/)" "-"
178.63.11.212 - - [23/Nov/2019:09:57:42 +0100] "GET /wp-content/uploads/2019/04/Bid%C3%B3n-Iskan-1.png HTTP/1.1" 200 51365 "-" "Mozilla/5.0 (compatible; MJ12bot/v1.4.8; http://mj12bot.com/)" "-"
178.63.11.212 - - [23/Nov/2019:09:57:44 +0100] "GET /wp-content/uploads/2019/04/Bid%C3%B3n-Iskan-2.png HTTP/1.1" 200 73304 "-" "Mozilla/5.0 (compatible; MJ12bot/v1.4.8; http://mj12bot.com/)" "-"
178.63.11.212 - - [23/Nov/2019:09:57:46 +0100] "GET /wp-content/uploads/2019/04/Bid%C3%B3n-Iskan-3.png HTTP/1.1" 200 44502 "-" "Mozilla/5.0 (compatible; MJ12bot/v1.4.8; http://mj12bot.com/)" "-"
178.63.11.212 - - [23/Nov/2019:09:57:48 +0100] "GET /wp-content/uploads/2019/04/Bid%C3%B3n-Iskan-4.png HTTP/1.1" 200 74092 "-" "Mozilla/5.0 (compatible; MJ12bot/v1.4.8; http://mj12bot.com/)" "-"
178.63.11.212 - - [23/Nov/2019:09:57:50 +0100] "GET /wp-content/uploads/2019/04/Bid%C3%B3n-Iskan-5.png HTTP/1.1" 200 74672 "-" "Mozilla/5.0 (compatible; MJ12bot/v1.4.8; http://mj12bot.com/)" "-"
178.63.11.212 - - [23/Nov/2019:09:57:52 +0100] "GET /wp-content/uploads/2019/04/Bid%C3%B3n-Iskan-6.png HTTP/1.1" 200 68718 "-" "Mozilla/5.0 (compatible; MJ12bot/v1.4.8; http://mj12bot.com/)" "-"
178.63.11.212 - - [23/Nov/2019:09:57:54 +0100] "GET /wp-content/uploads/2019/04/Bid%C3%B3n-Iskan-7.png HTTP/1.1" 200 71019 "-" "Mozilla/5.0 (compatible; MJ12bot/v1.4.8; http://mj12bot.com/)" "-"
178.63.11.212 - - [23/Nov/2019:09:57:58 +0100] "GET /wp-content/uploads/2019/04/Bid%C3%B3n-Iskan-8.png HTTP/1.1" 200 72473 "-" "Mozilla/5.0 (compatible; MJ12bot/v1.4.8; http://mj12bot.com/)" "-"
178.63.11.212 - - [23/Nov/2019:09:58:01 +0100] "GET /wp-content/uploads/2019/04/MU%C3%91EQUERA-BEKER-1.png HTTP/1.1" 200 134920 "-" "Mozilla/5.0 (compatible; MJ12bot/v1.4.8; http://mj12bot.com/)" "-"
178.63.11.212 - - [23/Nov/2019:09:58:03 +0100] "GET /wp-content/uploads/2019/04/MU%C3%91EQUERA-BEKER-2.png HTTP/1.1" 200 112422 "-" "Mozilla/5.0 (compatible; MJ12bot/v1.4.8; http://mj12bot.com/)" "-"
178.63.11.212 - - [23/Nov/2019:09:58:05 +0100] "GET /wp-content/uploads/2019/04/MU%C3%91EQUERA-BEKER-3.png HTTP/1.1" 200 90242 "-" "Mozilla/5.0 (compatible; MJ12bot/v1.4.8; http://mj12bot.com/)" "-"
178.63.11.212 - - [23/Nov/2019:09:58:09 +0100] "GET /wp-content/uploads/2019/04/MU%C3%91EQUERA-BEKER-4.png HTTP/1.1" 200 108481 "-" "Mozilla/5.0 (compatible; MJ12bot/v1.4.8; http://mj12bot.com/)" "-"
178.63.11.212 - - [23/Nov/2019:09:58:11 +0100] "GET /wp-content/uploads/2019/04/MU%C3%91EQUERA-BEKER-5.png HTTP/1.1" 200 145431 "-" "Mozilla/5.0 (compatible; MJ12bot/v1.4.8; http://mj12bot.com/)" "-"
178.63.11.212 - - [23/Nov/2019:09:58:13 +0100] "GET /wp-content/uploads/2019/04/Ri%C3%B1onera-gran-formato-1.png HTTP/1.1" 200 102945 "-" "Mozilla/5.0 (compatible; MJ12bot/v1.4.8; http://mj12bot.com/)" "-"
178.63.11.212 - - [23/Nov/2019:09:58:17 +0100] "GET /wp-content/uploads/2019/04/Ri%C3%B1onera-gran-formato-2.png HTTP/1.1" 200 72894 "-" "Mozilla/5.0 (compatible; MJ12bot/v1.4.8; http://mj12bot.com/)" "-"
178.63.11.212 - - [23/Nov/2019:09:58:19 +0100] "GET /wp-content/uploads/2019/04/Ri%C3%B1onera-gran-formato-3.png HTTP/1.1" 200 90242 "-" "Mozilla/5.0 (compatible; MJ12bot/v1.4.8; http://mj12bot.com/)" "-"
178.63.11.212 - - [23/Nov/2019:09:58:21 +0100] "GET /wp-content/uploads/2019/04/Ri%C3%B1onera-gran-formato-4.png HTTP/1.1" 200 76802 "-" "Mozilla/5.0 (compatible; MJ12bot/v1.4.8; http://mj12bot.com/)" "-"
178.63.11.212 - - [23/Nov/2019:09:58:23 +0100] "GET /wp-content/uploads/2019/04/SKY-TAPA-NEGRA-DISE%C3%91O-BOHO-PINK.jpg HTTP/1.1" 200 95327 "-" "Mozilla/5.0 (compatible; MJ12bot/v1.4.8; http://mj12bot.com/)" "-"
178.63.11.212 - - [23/Nov/2019:09:58:26 +0100] "GET /wp-content/uploads/2019/04/SUMO-TRANSPARENTE-DISE%C3%91O-CARDINALS.png HTTP/1.1" 200 134921 "-" "Mozilla/5.0 (compatible; MJ12bot/v1.4.8; http://mj12bot.com/)" "-"
178.63.11.212 - - [23/Nov/2019:09:58:28 +0100] "GET /wp-content/uploads/2019/04/VANDIX-AZUL-DISE%C3%91O.png HTTP/1.1" 200 150937 "-" "Mozilla/5.0 (compatible; MJ12bot/v1.4.8; http://mj12bot.com/)" "-"
178.63.11.212 - - [23/Nov/2019:09:58:30 +0100] "GET /wp-content/uploads/2019/04/VANDIX-AZU%C3%91L.png HTTP/1.1" 200 120513 "-" "Mozilla/5.0 (compatible; MJ12bot/v1.4.8; http://mj12bot.com/)" "-"
178.63.11.212 - - [23/Nov/2019:09:58:36 +0100] "GET /wp-content/uploads/2019/04/mu%C3%B1equera-oakley-1.png HTTP/1.1" 200 107042 "-" "Mozilla/5.0 (compatible; MJ12bot/v1.4.8; http://mj12bot.com/)" "-"
178.63.11.212 - - [23/Nov/2019:09:58:40 +0100] "GET /wp-content/uploads/2019/04/mu%C3%B1equera-oakley-2.png HTTP/1.1" 200 102094 "-" "Mozilla/5.0 (compatible; MJ12bot/v1.4.8; http://mj12bot.com/)" "-"
178.63.11.212 - - [23/Nov/2019:09:58:46 +0100] "GET /wp-content/uploads/2019/04/mu%C3%B1equera-oakley-3.png HTTP/1.1" 200 79629 "-" "Mozilla/5.0 (compatible; MJ12bot/v1.4.8; http://mj12bot.com/)" "-"
178.63.11.212 - - [23/Nov/2019:09:58:49 +0100] "GET /wp-content/uploads/2019/04/mu%C3%B1equera-oakley-4.png HTTP/1.1" 200 145881 "-" "Mozilla/5.0 (compatible; MJ12bot/v1.4.8; http://mj12bot.com/)" "-"
178.63.11.212 - - [23/Nov/2019:09:58:52 +0100] "GET /wp-content/uploads/2019/04/mu%C3%B1equera-oakley-5.png HTTP/1.1" 200 98550 "-" "Mozilla/5.0 (compatible; MJ12bot/v1.4.8; http://mj12bot.com/)" "-"
178.63.11.212 - - [23/Nov/2019:09:59:00 +0100] "GET /wp-content/uploads/2019/04/mu%C3%B1equera-oakley-6.png HTTP/1.1" 200 143343 "-" "Mozilla/5.0 (compatible; MJ12bot/v1.4.8; http://mj12bot.com/)" "-"
178.63.11.212 - - [23/Nov/2019:09:59:02 +0100] "GET /wp-content/uploads/2019/04/mu%C3%B1equera-oakley-7.png HTTP/1.1" 200 123351 "-" "Mozilla/5.0 (compatible; MJ12bot/v1.4.8; http://mj12bot.com/)" "-"
217.76.130.90 - - [23/Nov/2019:10:01:34 +0100] "POST /wp-cron.php?doing_wp_cron=1574499694.4115099906921386718750 HTTP/1.1" 200 3389 "https://amazingsportwear.com/wp-cron.php?doing_wp_cron=1574499694.4115099906921386718750" "WordPress/5.2.4; https://amazingsportwear.com" "-"
49.88.168.250 - - [23/Nov/2019:10:01:33 +0100] "GET /categoria-producto/hombre/ HTTP/1.1" 200 76932 "-" "Mozilla/5.0(Linux;Android 5.1.1;OPPO A33 Build/LMY47V;wv) AppleWebKit/537.36(KHTML,link Gecko) Version/4.0 Chrome/42.0.2311.138 Mobile Safari/537.36 Mb2345Browser/9.0" "-"
157.55.39.121 - - [23/Nov/2019:10:08:41 +0100] "GET /wp-content/plugins/woocommerce/assets/js/zoom/jquery.zoom.min.js?ver=1.7.21 HTTP/1.1" 200 6320 "-" "msnbot/2.0b (+http://search.msn.com/msnbot.htm)" "-"
157.55.39.121 - - [23/Nov/2019:10:08:42 +0100] "GET /wp-content/themes/shopper/assets/js/crm.js?ver=1561548510 HTTP/1.1" 200 874 "-" "msnbot/2.0b (+http://search.msn.com/msnbot.htm)" "-"
157.55.39.121 - - [23/Nov/2019:10:08:44 +0100] "GET /wp-content/themes/shopper/assets/js/woocommerce/header-cart.min.js?ver=1.3.8 HTTP/1.1" 200 972 "-" "msnbot/2.0b (+http://search.msn.com/msnbot.htm)" "-"
157.55.39.121 - - [23/Nov/2019:10:08:45 +0100] "GET /wp-includes/js/jquery/jquery-migrate.min.js?ver=1.4.1 HTTP/1.1" 200 10399 "-" "msnbot/2.0b (+http://search.msn.com/msnbot.htm)" "-"
157.55.39.121 - - [23/Nov/2019:10:08:47 +0100] "GET /wp-includes/js/jquery/jquery.js HTTP/1.1" 200 97362 "-" "msnbot/2.0b (+http://search.msn.com/msnbot.htm)" "-"
157.55.39.121 - - [23/Nov/2019:10:08:49 +0100] "GET /wp-includes/js/jquery/jquery.js?ver=1.12.4-wp HTTP/1.1" 200 97362 "-" "msnbot/2.0b (+http://search.msn.com/msnbot.htm)" "-"
157.55.39.121 - - [23/Nov/2019:10:08:50 +0100] "GET /wp-includes/js/jquery/ui/draggable.min.js?ver=1.11.4 HTTP/1.1" 200 19277 "-" "msnbot/2.0b (+http://search.msn.com/msnbot.htm)" "-"
157.55.39.121 - - [23/Nov/2019:10:08:52 +0100] "GET /wp-includes/js/jquery/ui/mouse.min.js?ver=1.11.4 HTTP/1.1" 200 3489 "-" "msnbot/2.0b (+http://search.msn.com/msnbot.htm)" "-"
157.55.39.121 - - [23/Nov/2019:10:08:53 +0100] "GET /wp-includes/js/jquery/ui/position.min.js?ver=1.11.4 HTTP/1.1" 200 6869 "-" "msnbot/2.0b (+http://search.msn.com/msnbot.htm)" "-"
157.55.39.121 - - [23/Nov/2019:10:08:54 +0100] "GET /wp-includes/js/underscore.min.js?ver=1.8.3 HTTP/1.1" 200 16527 "-" "msnbot/2.0b (+http://search.msn.com/msnbot.htm)" "-"
157.55.39.121 - - [23/Nov/2019:10:08:56 +0100] "GET /wp-includes/js/wp-util.min.js?ver=5.2.4 HTTP/1.1" 200 1387 "-" "msnbot/2.0b (+http://search.msn.com/msnbot.htm)" "-"
217.76.130.90 - - [23/Nov/2019:10:16:13 +0100] "POST /wp-cron.php?doing_wp_cron=1574500573.0289919376373291015625 HTTP/1.1" 200 3389 "https://amazingsportwear.com/wp-cron.php?doing_wp_cron=1574500573.0289919376373291015625" "WordPress/5.2.4; https://amazingsportwear.com" "-"
13.66.139.1 - - [23/Nov/2019:10:16:11 +0100] "GET /robots.txt HTTP/1.1" 200 2297 "-" "Mozilla/5.0 (compatible; bingbot/2.0; +http://www.bing.com/bingbot.htm)" "-"
13.66.139.1 - - [23/Nov/2019:10:16:13 +0100] "GET /robots.txt HTTP/1.1" 200 3939 "-" "Mozilla/5.0 (compatible; bingbot/2.0; +http://www.bing.com/bingbot.htm)" "-"
13.66.139.0 - - [23/Nov/2019:10:16:17 +0100] "GET /tienda/204-camiseta-tecnica-avus-sa-6658.html HTTP/1.1" 404 72330 "-" "Mozilla/5.0 (compatible; bingbot/2.0; +http://www.bing.com/bingbot.htm)" "-"
66.249.66.66 - - [23/Nov/2019:10:22:32 +0100] "GET /wp-content/uploads/2019/04/gorra-bayon-4-100x100.png HTTP/1.1" 304 3565 "-" "Googlebot-Image/1.0" "-"
217.76.130.90 - - [23/Nov/2019:10:30:26 +0100] "POST /wp-cron.php?doing_wp_cron=1574501426.5894520282745361328125 HTTP/1.1" 200 3389 "https://amazingsportwear.com/wp-cron.php?doing_wp_cron=1574501426.5894520282745361328125" "WordPress/5.2.4; https://amazingsportwear.com" "-"
66.249.66.68 - - [23/Nov/2019:10:30:25 +0100] "GET /producto/zapatillero-pirlo/ HTTP/1.1" 200 95443 "-" "Mozilla/5.0 (Linux; Android 6.0.1; Nexus 5X Build/MMB29P) AppleWebKit/537.36 (KHTML, like Gecko) Chrome/41.0.2272.96 Mobile Safari/537.36 (compatible; Googlebot/2.1; +http://www.google.com/bot.html)" "-"
66.249.66.68 - - [23/Nov/2019:10:30:29 +0100] "POST /?wc-ajax=get_refreshed_fragments HTTP/1.1" 200 1397 "https://amazingsportwear.com/producto/zapatillero-pirlo/" "Mozilla/5.0 (Linux; Android 6.0.1; Nexus 5X Build/MMB29P) AppleWebKit/537.36 (KHTML, like Gecko) Chrome/41.0.2272.96 Mobile Safari/537.36 (compatible; Googlebot/2.1; +http://www.google.com/bot.html)" "_ga=GA1.2.969013651.1574467200; _gid=GA1.2.1978218920.1574467200; _gat_gtag_UA_91619287_1=1"
217.76.130.90 - - [23/Nov/2019:10:35:49 +0100] "POST /wp-cron.php?doing_wp_cron=1574501749.4493830204010009765625 HTTP/1.1" 200 164 "http://amazingsportwear.com/wp-cron.php?doing_wp_cron=1574501749.4493830204010009765625" "WordPress/5.2.4; https://amazingsportwear.com" "-"
104.222.33.56 - - [23/Nov/2019:10:35:48 +0100] "GET / HTTP/1.1" 301 336 "-" "Mozilla/5.0 (Windows NT 10.0; Win64; x64; rv:64.0) Gecko/20100101 Firefox/64.0" "-"
104.222.33.152 - - [23/Nov/2019:10:35:50 +0100] "GET / HTTP/1.1" 200 125545 "-" "Mozilla/5.0 (Windows NT 10.0; Win64; x64; rv:64.0) Gecko/20100101 Firefox/64.0" "wpfront-notification-bar-landingpage=1; APSERVER_ID=7964b397239f0a5270a2ebd01f839f79a8bf5bc38baae894cde73be434a062e5"
104.222.43.18 - - [23/Nov/2019:10:36:00 +0100] "GET /wp-content/uploads/2019/05/cropped-favicon-nuevo-logo-amazinf-128px-32x32.png HTTP/1.1" 200 4392 "-" "Mozilla/5.0 (Windows NT 10.0; Win64; x64; rv:64.0) Gecko/20100101 Firefox/64.0" "-"
83.49.106.220 - - [23/Nov/2019:10:46:04 +0100] "GET /wp-content/uploads/2017/04/chaleco-sublimado-pecho.png HTTP/1.1" 200 60440 "https://www.google.com/" "Mozilla/5.0 (Windows NT 6.1; rv:70.0) Gecko/20100101 Firefox/70.0" "-"
217.76.130.90 - - [23/Nov/2019:10:57:22 +0100] "POST /wp-cron.php?doing_wp_cron=1574503042.1371870040893554687500 HTTP/1.1" 200 164 "http://amazingsportwear.com/wp-cron.php?doing_wp_cron=1574503042.1371870040893554687500" "WordPress/5.2.4; https://amazingsportwear.com" "-"
188.213.14.207 - - [23/Nov/2019:10:57:20 +0100] "GET /index.php? HTTP/1.1" 301 336 "-" "Mozilla/5.0 (Macintosh; Intel Mac OS X 10_14_5) AppleWebKit/605.1.15 (KHTML, like Gecko)" "-"
188.213.14.207 - - [23/Nov/2019:10:57:22 +0100] "GET / HTTP/1.1" 200 125633 "-" "Mozilla/5.0 (Macintosh; Intel Mac OS X 10_14_5) AppleWebKit/605.1.15 (KHTML, like Gecko)" "-"
188.213.14.207 - - [23/Nov/2019:10:57:23 +0100] "GET /wp-content/uploads/2019/05/cropped-favicon-nuevo-logo-amazinf-128px-180x180.png HTTP/1.1" 200 13234 "-" "Safari/14607.2.6.1.1 CFNetwork/978.0.7 Darwin/18.6.0 (x86_64)" "-"
217.76.130.90 - - [23/Nov/2019:11:03:05 +0100] "POST /wp-cron.php?doing_wp_cron=1574503385.5200409889221191406250 HTTP/1.1" 200 3389 "https://amazingsportwear.com/wp-cron.php?doing_wp_cron=1574503385.5200409889221191406250" "WordPress/5.2.4; https://amazingsportwear.com" "-"
66.249.66.66 - - [23/Nov/2019:11:03:04 +0100] "GET /producto/braga-gorro-polar-cat-8016/ HTTP/1.1" 200 100820 "-" "Mozilla/5.0 (compatible; Googlebot/2.1; +http://www.google.com/bot.html)" "-"
187.160.100.202 - - [23/Nov/2019:11:14:14 +0100] "GET /wp-content/uploads/2019/03/SA-0405-1.png HTTP/1.1" 200 47840 "https://www.google.com/" "Mozilla/5.0 (Windows NT 10.0; Win64; x64) AppleWebKit/537.36 (KHTML, like Gecko) Chrome/78.0.3904.108 Safari/537.36" "-"
66.249.66.66 - - [23/Nov/2019:11:28:18 +0100] "GET /wp-content/uploads/2017/01/cam-basic-gimnastica-100x100.jpg HTTP/1.1" 304 3564 "-" "Googlebot-Image/1.0" "-"
66.249.66.66 - - [23/Nov/2019:11:29:02 +0100] "GET /wp-content/uploads/2019/04/gorra-bayon-2-100x100.png HTTP/1.1" 304 3565 "-" "Googlebot-Image/1.0" "-"
217.76.130.90 - - [23/Nov/2019:11:30:23 +0100] "POST /wp-cron.php?doing_wp_cron=1574505022.9266929626464843750000 HTTP/1.1" 200 3389 "https://amazingsportwear.com/wp-cron.php?doing_wp_cron=1574505022.9266929626464843750000" "WordPress/5.2.4; https://amazingsportwear.com" "-"
183.163.42.236 - - [23/Nov/2019:11:30:20 +0100] "GET /producto/mochila-humus HTTP/1.1" 301 3546 "-" "Mozilla/5.0(Linux;U;Android 5.1.1;zh-CN;OPPO A33 Build/LMY47V) AppleWebKit/537.36(KHTML,like Gecko) Version/4.0 Chrome/40.0.2214.89 UCBrowser/11.7.0.953 Mobile Safari/537.36" "-"
60.185.202.52 - - [23/Nov/2019:11:30:34 +0100] "GET /img/cms/complementos/ENY-IR11-Colores.jpg HTTP/1.1" 404 68037 "-" "Mozilla/5.0(Linux;Android 5.1.1;OPPO A33 Build/LMY47V;wv) AppleWebKit/537.36(KHTML,link Gecko) Version/4.0 Chrome/42.0.2311.138 Mobile Safari/537.36 Mb2345Browser/9.0" "-"
223.215.186.176 - - [23/Nov/2019:11:30:35 +0100] "GET /wp-content/uploads/2018/04/pf-39086-azul-marino.jpg HTTP/1.1" 200 41096 "-" "Mozilla/5.0 (Linux; Android 7.0; FRD-AL00 Build/HUAWEIFRD-AL00; wv) AppleWebKit/537.36 (KHTML, like Gecko) Version/4.0 Chrome/53.0.2785.49 Mobile MQQBrowser/6.2 TBS/043602 Safari/537.36 MicroMessenger/6.5.16.1120 NetType/WIFI Language/zh_CN" "-"
183.163.42.236 - - [23/Nov/2019:11:30:42 +0100] "GET /producto/mochila-humus/ HTTP/1.1" 200 96909 "-" "Mozilla/5.0(Linux;U;Android 5.1.1;zh-CN;OPPO A33 Build/LMY47V) AppleWebKit/537.36(KHTML,like Gecko) Version/4.0 Chrome/40.0.2214.89 UCBrowser/11.7.0.953 Mobile Safari/537.36" "wpfront-notification-bar-landingpage=1"
114.105.168.114 - - [23/Nov/2019:11:30:45 +0100] "GET /wp-content/uploads/2018/02/SA-0461-azul.png HTTP/1.1" 200 333943 "-" "Mozilla/5.0(Linux;Android 5.1.1;OPPO A33 Build/LMY47V;wv) AppleWebKit/537.36(KHTML,link Gecko) Version/4.0 Chrome/43.0.2357.121 Mobile Safari/537.36 LieBaoFast/4.51.3" "-"
123.179.131.113 - - [23/Nov/2019:11:30:50 +0100] "GET /categoria-producto/accesorios/llaveros HTTP/1.1" 301 3562 "-" "Mozilla/5.0(Linux;Android 5.1.1;OPPO A33 Build/LMY47V;wv) AppleWebKit/537.36(KHTML,link Gecko) Version/4.0 Chrome/42.0.2311.138 Mobile Safari/537.36 Mb2345Browser/9.0" "-"
114.227.104.179 - - [23/Nov/2019:11:30:52 +0100] "GET /producto/polo-manga-corta-tenis-padel-2 HTTP/1.1" 301 3563 "-" "Mozilla/5.0(Linux;Android 5.1.1;OPPO A33 Build/LMY47V;wv) AppleWebKit/537.36(KHTML,link Gecko) Version/4.0 Chrome/43.0.2357.121 Mobile Safari/537.36 LieBaoFast/4.51.3" "-"
117.68.244.168 - - [23/Nov/2019:11:30:54 +0100] "GET /etiqueta-producto/gorra-bayet HTTP/1.1" 301 3553 "-" "Mozilla/5.0 (Linux; Android 7.0; FRD-AL00 Build/HUAWEIFRD-AL00; wv) AppleWebKit/537.36 (KHTML, like Gecko) Version/4.0 Chrome/53.0.2785.49 Mobile MQQBrowser/6.2 TBS/043602 Safari/537.36 MicroMessenger/6.5.16.1120 NetType/WIFI Language/zh_CN" "-"
120.239.150.145 - - [23/Nov/2019:11:30:55 +0100] "GET /etiqueta-producto/unisex HTTP/1.1" 301 3548 "-" "Mozilla/5.0 (Linux; Android 7.0; FRD-AL00 Build/HUAWEIFRD-AL00; wv) AppleWebKit/537.36 (KHTML, like Gecko) Version/4.0 Chrome/53.0.2785.49 Mobile MQQBrowser/6.2 TBS/043602 Safari/537.36 MicroMessenger/6.5.16.1120 NetType/WIFI Language/zh_CN" "-"
1.62.133.172 - - [23/Nov/2019:11:30:57 +0100] "GET /wp-content/uploads/2019/04/SA-1087-1-300x300.png HTTP/1.1" 200 86037 "-" "Mozilla/5.0(Linux;Android 5.1.1;OPPO A33 Build/LMY47V;wv) AppleWebKit/537.36(KHTML,link Gecko) Version/4.0 Chrome/42.0.2311.138 Mobile Safari/537.36 Mb2345Browser/9.0" "-"
117.68.244.168 - - [23/Nov/2019:11:30:57 +0100] "GET /etiqueta-producto/gorra-bayet/ HTTP/1.1" 200 53630 "-" "Mozilla/5.0 (Linux; Android 7.0; FRD-AL00 Build/HUAWEIFRD-AL00; wv) AppleWebKit/537.36 (KHTML, like Gecko) Version/4.0 Chrome/53.0.2785.49 Mobile MQQBrowser/6.2 TBS/043602 Safari/537.36 MicroMessenger/6.5.16.1120 NetType/WIFI Language/zh_CN" "wpfront-notification-bar-landingpage=1"
114.227.104.179 - - [23/Nov/2019:11:30:58 +0100] "GET /producto/polo-manga-corta-tenis-padel-2/ HTTP/1.1" 200 75510 "-" "Mozilla/5.0(Linux;Android 5.1.1;OPPO A33 Build/LMY47V;wv) AppleWebKit/537.36(KHTML,link Gecko) Version/4.0 Chrome/43.0.2357.121 Mobile Safari/537.36 LieBaoFast/4.51.3" "wpfront-notification-bar-landingpage=1"
117.69.149.18 - - [23/Nov/2019:11:30:59 +0100] "GET /producto/falda-tecnica-padel-tenis HTTP/1.1" 301 3558 "-" "Mozilla/5.0(Linux;Android 5.1.1;OPPO A33 Build/LMY47V;wv) AppleWebKit/537.36(KHTML,link Gecko) Version/4.0 Chrome/42.0.2311.138 Mobile Safari/537.36 Mb2345Browser/9.0" "-"
123.179.131.113 - - [23/Nov/2019:11:31:01 +0100] "GET /categoria-producto/accesorios/llaveros/ HTTP/1.1" 200 68938 "-" "Mozilla/5.0(Linux;Android 5.1.1;OPPO A33 Build/LMY47V;wv) AppleWebKit/537.36(KHTML,link Gecko) Version/4.0 Chrome/42.0.2311.138 Mobile Safari/537.36 Mb2345Browser/9.0" "wpfront-notification-bar-landingpage=1"
217.76.130.90 - - [23/Nov/2019:11:31:04 +0100] "POST /wp-cron.php?doing_wp_cron=1574505064.1381659507751464843750 HTTP/1.1" 200 3389 "https://amazingsportwear.com/wp-cron.php?doing_wp_cron=1574505064.1381659507751464843750" "WordPress/5.2.4; https://amazingsportwear.com" "-"
117.69.149.18 - - [23/Nov/2019:11:31:03 +0100] "GET /producto/falda-tecnica-padel-tenis/ HTTP/1.1" 200 96349 "-" "Mozilla/5.0(Linux;Android 5.1.1;OPPO A33 Build/LMY47V;wv) AppleWebKit/537.36(KHTML,link Gecko) Version/4.0 Chrome/42.0.2311.138 Mobile Safari/537.36 Mb2345Browser/9.0" "wpfront-notification-bar-landingpage=1"
112.113.157.95 - - [23/Nov/2019:11:31:38 +0100] "GET /producto/camiseta-hombre-dogo-premium/ HTTP/1.1" 200 100127 "-" "Mozilla/5.0 (Linux; Android 7.0; FRD-AL00 Build/HUAWEIFRD-AL00; wv) AppleWebKit/537.36 (KHTML, like Gecko) Version/4.0 Chrome/53.0.2785.49 Mobile MQQBrowser/6.2 TBS/043602 Safari/537.36 MicroMessenger/6.5.16.1120 NetType/WIFI Language/zh_CN" "-"
217.76.130.90 - - [23/Nov/2019:11:34:40 +0100] "POST /wp-cron.php?doing_wp_cron=1574505280.3811280727386474609375 HTTP/1.1" 200 3389 "https://amazingsportwear.com/wp-cron.php?doing_wp_cron=1574505280.3811280727386474609375" "WordPress/5.2.4; https://amazingsportwear.com" "-"
115.150.35.101 - - [23/Nov/2019:11:34:39 +0100] "GET /producto/camiseta-tecnica-mujer-janis-aq-janis HTTP/1.1" 301 3570 "-" "Mozilla/5.0(Linux;U;Android 5.1.1;zh-CN;OPPO A33 Build/LMY47V) AppleWebKit/537.36(KHTML,like Gecko) Version/4.0 Chrome/40.0.2214.89 UCBrowser/11.7.0.953 Mobile Safari/537.36" "-"
115.150.35.101 - - [23/Nov/2019:11:34:50 +0100] "GET /producto/camiseta-tecnica-mujer-janis-aq-janis/ HTTP/1.1" 200 98253 "-" "Mozilla/5.0(Linux;U;Android 5.1.1;zh-CN;OPPO A33 Build/LMY47V) AppleWebKit/537.36(KHTML,like Gecko) Version/4.0 Chrome/40.0.2214.89 UCBrowser/11.7.0.953 Mobile Safari/537.36" "wpfront-notification-bar-landingpage=1"
42.106.81.196 - - [23/Nov/2019:11:34:51 +0100] "GET /wp-content/uploads/2019/04/Gorra-sport-7.png HTTP/1.1" 200 99912 "https://www.google.co.in/" "Mozilla/5.0 (Windows NT 6.3; Win64; x64) AppleWebKit/537.36 (KHTML, like Gecko) Chrome/78.0.3904.108 Safari/537.36" "-"
42.106.81.196 - - [23/Nov/2019:11:35:01 +0100] "GET /wp-content/uploads/2019/04/Gorra-sport-7.png HTTP/1.1" 200 100354 "-" "Mozilla/4.0 (compatible; MSIE 7.0; Windows NT 6.2; WOW64; Trident/7.0; .NET4.0E; .NET4.0C; InfoPath.2; MSOffice 12)" "-"
182.107.206.195 - - [23/Nov/2019:11:36:38 +0100] "GET /wp-content/uploads/2018/04/pd-39085-AZULmARINO.jpg HTTP/1.1" 200 39807 "-" "Mozilla/5.0(Linux;Android 5.1.1;OPPO A33 Build/LMY47V;wv) AppleWebKit/537.36(KHTML,link Gecko) Version/4.0 Chrome/42.0.2311.138 Mobile Safari/537.36 Mb2345Browser/9.0" "-"
217.76.130.90 - - [23/Nov/2019:11:40:06 +0100] "POST /wp-cron.php?doing_wp_cron=1574505606.0283970832824707031250 HTTP/1.1" 200 3389 "https://amazingsportwear.com/wp-cron.php?doing_wp_cron=1574505606.0283970832824707031250" "WordPress/5.2.4; https://amazingsportwear.com" "-"
106.125.236.122 - - [23/Nov/2019:11:40:05 +0100] "GET /producto/camiseta-manga-corta-ranglan-futbol-2 HTTP/1.1" 301 3570 "-" "Mozilla/5.0(Linux;Android 5.1.1;OPPO A33 Build/LMY47V;wv) AppleWebKit/537.36(KHTML,link Gecko) Version/4.0 Chrome/42.0.2311.138 Mobile Safari/537.36 Mb2345Browser/9.0" "-"
106.125.236.122 - - [23/Nov/2019:11:40:11 +0100] "GET /producto/camiseta-manga-corta-ranglan-futbol-2/ HTTP/1.1" 200 77379 "-" "Mozilla/5.0(Linux;Android 5.1.1;OPPO A33 Build/LMY47V;wv) AppleWebKit/537.36(KHTML,link Gecko) Version/4.0 Chrome/42.0.2311.138 Mobile Safari/537.36 Mb2345Browser/9.0" "wpfront-notification-bar-landingpage=1"
66.249.66.66 - - [23/Nov/2019:11:44:13 +0100] "GET /wp-content/uploads/2019/04/Gorra-sport-10.png HTTP/1.1" 304 3565 "-" "Googlebot-Image/1.0" "-"
217.76.130.90 - - [23/Nov/2019:11:46:35 +0100] "POST /wp-cron.php?doing_wp_cron=1574505995.4898910522460937500000 HTTP/1.1" 200 164 "http://amazingsportwear.com/wp-cron.php?doing_wp_cron=1574505995.4898910522460937500000" "WordPress/5.2.4; https://amazingsportwear.com" "-"
175.153.88.30 - - [23/Nov/2019:11:46:34 +0100] "GET / HTTP/1.1" 301 298 "-" "Mozilla/5.0 (Linux; Android 7.0; FRD-AL00 Build/HUAWEIFRD-AL00; wv) AppleWebKit/537.36 (KHTML, like Gecko) Version/4.0 Chrome/53.0.2785.49 Mobile MQQBrowser/6.2 TBS/043602 Safari/537.36 MicroMessenger/6.5.16.1120 NetType/WIFI Language/zh_CN" "-"
66.249.66.66 - - [23/Nov/2019:11:50:30 +0100] "GET /wp-content/uploads/2019/04/gorra-bayon-7-100x100.png HTTP/1.1" 304 3565 "-" "Googlebot-Image/1.0" "-"
217.76.130.90 - - [23/Nov/2019:11:52:19 +0100] "POST /wp-cron.php?doing_wp_cron=1574506339.7296879291534423828125 HTTP/1.1" 200 3389 "https://amazingsportwear.com/wp-cron.php?doing_wp_cron=1574506339.7296879291534423828125" "WordPress/5.2.4; https://amazingsportwear.com" "-"
66.249.66.66 - - [23/Nov/2019:11:52:18 +0100] "GET /etiqueta-producto/sunit/ HTTP/1.1" 200 54099 "-" "Mozilla/5.0 (Linux; Android 6.0.1; Nexus 5X Build/MMB29P) AppleWebKit/537.36 (KHTML, like Gecko) Chrome/41.0.2272.96 Mobile Safari/537.36 (compatible; Googlebot/2.1; +http://www.google.com/bot.html)" "-"
183.195.39.123 - - [23/Nov/2019:11:52:29 +0100] "GET /wp-content/uploads/2019/04/SA-1087-2.png HTTP/1.1" 200 120963 "-" "Mozilla/5.0(Linux;U;Android 5.1.1;zh-CN;OPPO A33 Build/LMY47V) AppleWebKit/537.36(KHTML,like Gecko) Version/4.0 Chrome/40.0.2214.89 UCBrowser/11.7.0.953 Mobile Safari/537.36" "-"
217.76.130.90 - - [23/Nov/2019:11:55:10 +0100] "POST /wp-cron.php?doing_wp_cron=1574506510.7947120666503906250000 HTTP/1.1" 200 3389 "https://amazingsportwear.com/wp-cron.php?doing_wp_cron=1574506510.7947120666503906250000" "WordPress/5.2.4; https://amazingsportwear.com" "-"
66.249.66.70 - - [23/Nov/2019:11:55:10 +0100] "GET /producto/braga-cuello-asw-c07/ HTTP/1.1" 200 96773 "-" "Mozilla/5.0 (Linux; Android 6.0.1; Nexus 5X Build/MMB29P) AppleWebKit/537.36 (KHTML, like Gecko) Chrome/41.0.2272.96 Mobile Safari/537.36 (compatible; Googlebot/2.1; +http://www.google.com/bot.html)" "-"
217.76.130.90 - - [23/Nov/2019:11:56:43 +0100] "POST /wp-cron.php?doing_wp_cron=1574506602.9564950466156005859375 HTTP/1.1" 200 3389 "https://amazingsportwear.com/wp-cron.php?doing_wp_cron=1574506602.9564950466156005859375" "WordPress/5.2.4; https://amazingsportwear.com" "-"
60.188.55.97 - - [23/Nov/2019:11:56:42 +0100] "GET /producto/braga-cuello-asw-f07 HTTP/1.1" 301 3553 "-" "Mozilla/5.0 (Linux; Android 7.0; FRD-AL00 Build/HUAWEIFRD-AL00; wv) AppleWebKit/537.36 (KHTML, like Gecko) Version/4.0 Chrome/53.0.2785.49 Mobile MQQBrowser/6.2 TBS/043602 Safari/537.36 MicroMessenger/6.5.16.1120 NetType/WIFI Language/zh_CN" "-"
60.188.55.97 - - [23/Nov/2019:11:56:46 +0100] "GET /producto/braga-cuello-asw-f07/ HTTP/1.1" 200 96468 "-" "Mozilla/5.0 (Linux; Android 7.0; FRD-AL00 Build/HUAWEIFRD-AL00; wv) AppleWebKit/537.36 (KHTML, like Gecko) Version/4.0 Chrome/53.0.2785.49 Mobile MQQBrowser/6.2 TBS/043602 Safari/537.36 MicroMessenger/6.5.16.1120 NetType/WIFI Language/zh_CN" "wpfront-notification-bar-landingpage=1"
180.123.80.24 - - [23/Nov/2019:11:56:58 +0100] "GET /etiqueta-producto/cortavientos HTTP/1.1" 301 3554 "-" "Mozilla/5.0(Linux;Android 5.1.1;OPPO A33 Build/LMY47V;wv) AppleWebKit/537.36(KHTML,link Gecko) Version/4.0 Chrome/42.0.2311.138 Mobile Safari/537.36 Mb2345Browser/9.0" "-"
217.76.130.90 - - [23/Nov/2019:11:57:13 +0100] "POST /wp-cron.php?doing_wp_cron=1574506633.0191938877105712890625 HTTP/1.1" 200 3389 "https://amazingsportwear.com/wp-cron.php?doing_wp_cron=1574506633.0191938877105712890625" "WordPress/5.2.4; https://amazingsportwear.com" "-"
180.123.80.24 - - [23/Nov/2019:11:57:12 +0100] "GET /etiqueta-producto/cortavientos/ HTTP/1.1" 200 53779 "-" "Mozilla/5.0(Linux;Android 5.1.1;OPPO A33 Build/LMY47V;wv) AppleWebKit/537.36(KHTML,link Gecko) Version/4.0 Chrome/42.0.2311.138 Mobile Safari/537.36 Mb2345Browser/9.0" "wpfront-notification-bar-landingpage=1"
27.194.137.52 - - [23/Nov/2019:11:57:16 +0100] "GET /img/cms/tienda/nath-rocky-colores.PNG HTTP/1.1" 404 68029 "-" "Mozilla/5.0(Linux;U;Android 5.1.1;zh-CN;OPPO A33 Build/LMY47V) AppleWebKit/537.36(KHTML,like Gecko) Version/4.0 Chrome/40.0.2214.89 UCBrowser/11.7.0.953 Mobile Safari/537.36" "-"
217.76.130.90 - - [23/Nov/2019:12:05:17 +0100] "POST /wp-cron.php?doing_wp_cron=1574507117.4398140907287597656250 HTTP/1.1" 200 3389 "https://amazingsportwear.com/wp-cron.php?doing_wp_cron=1574507117.4398140907287597656250" "WordPress/5.2.4; https://amazingsportwear.com" "-"
66.249.66.70 - - [23/Nov/2019:12:05:16 +0100] "GET /etiqueta-producto/poliester/ HTTP/1.1" 200 55949 "-" "Mozilla/5.0 (Linux; Android 6.0.1; Nexus 5X Build/MMB29P) AppleWebKit/537.36 (KHTML, like Gecko) Chrome/41.0.2272.96 Mobile Safari/537.36 (compatible; Googlebot/2.1; +http://www.google.com/bot.html)" "-"
217.76.130.90 - - [23/Nov/2019:12:08:52 +0100] "POST /wp-cron.php?doing_wp_cron=1574507332.7951478958129882812500 HTTP/1.1" 200 3389 "https://amazingsportwear.com/wp-cron.php?doing_wp_cron=1574507332.7951478958129882812500" "WordPress/5.2.4; https://amazingsportwear.com" "-"
207.46.13.158 - - [23/Nov/2019:12:08:52 +0100] "GET /etiqueta-producto/bidon-match/ HTTP/1.1" 200 53977 "-" "Mozilla/5.0 (compatible; bingbot/2.0; +http://www.bing.com/bingbot.htm)" "-"
217.76.130.90 - - [23/Nov/2019:12:13:11 +0100] "POST /wp-cron.php?doing_wp_cron=1574507591.0639479160308837890625 HTTP/1.1" 200 3389 "https://amazingsportwear.com/wp-cron.php?doing_wp_cron=1574507591.0639479160308837890625" "WordPress/5.2.4; https://amazingsportwear.com" "-"
114.105.217.231 - - [23/Nov/2019:12:13:10 +0100] "GET /img/cms/kit%20emergencia%20yardim.PNG HTTP/1.1" 404 72082 "-" "Mozilla/5.0(Linux;Android 5.1.1;OPPO A33 Build/LMY47V;wv) AppleWebKit/537.36(KHTML,link Gecko) Version/4.0 Chrome/43.0.2357.121 Mobile Safari/537.36 LieBaoFast/4.51.3" "-"
182.34.210.168 - - [23/Nov/2019:12:13:23 +0100] "GET /wp-content/uploads/2017/03/aq-indoor-joven.jpg HTTP/1.1" 200 148687 "-" "Mozilla/5.0(Linux;Android 5.1.1;OPPO A33 Build/LMY47V;wv) AppleWebKit/537.36(KHTML,link Gecko) Version/4.0 Chrome/42.0.2311.138 Mobile Safari/537.36 Mb2345Browser/9.0" "-"
175.173.220.78 - - [23/Nov/2019:12:13:23 +0100] "GET /img/cms/tienda/SA-0415-colores.JPG HTTP/1.1" 404 68063 "-" "Mozilla/5.0(Linux;Android 5.1.1;OPPO A33 Build/LMY47V;wv) AppleWebKit/537.36(KHTML,link Gecko) Version/4.0 Chrome/43.0.2357.121 Mobile Safari/537.36 LieBaoFast/4.51.3" "-"
61.145.48.221 - - [23/Nov/2019:12:13:57 +0100] "GET /categoria-producto/hombre/cortavientos/ HTTP/1.1" 200 57142 "-" "Mozilla/5.0(Linux;U;Android 5.1.1;zh-CN;OPPO A33 Build/LMY47V) AppleWebKit/537.36(KHTML,like Gecko) Version/4.0 Chrome/40.0.2214.89 UCBrowser/11.7.0.953 Mobile Safari/537.36" "-"
182.244.123.186 - - [23/Nov/2019:12:14:19 +0100] "GET /wp-content/uploads/2017/03/ENY-LONDON-AMARILLA.jpg HTTP/1.1" 200 27890 "-" "Mozilla/5.0(Linux;Android 5.1.1;OPPO A33 Build/LMY47V;wv) AppleWebKit/537.36(KHTML,link Gecko) Version/4.0 Chrome/43.0.2357.121 Mobile Safari/537.36 LieBaoFast/4.51.3" "-"
217.76.130.90 - - [23/Nov/2019:12:14:35 +0100] "POST /wp-cron.php?doing_wp_cron=1574507675.0531799793243408203125 HTTP/1.1" 200 3389 "https://amazingsportwear.com/wp-cron.php?doing_wp_cron=1574507675.0531799793243408203125" "WordPress/5.2.4; https://amazingsportwear.com" "-"
60.166.149.230 - - [23/Nov/2019:12:14:34 +0100] "GET /etiqueta-producto/short-tecnico HTTP/1.1" 301 3555 "-" "Mozilla/5.0(Linux;Android 5.1.1;OPPO A33 Build/LMY47V;wv) AppleWebKit/537.36(KHTML,link Gecko) Version/4.0 Chrome/43.0.2357.121 Mobile Safari/537.36 LieBaoFast/4.51.3" "-"
60.166.149.230 - - [23/Nov/2019:12:14:43 +0100] "GET /etiqueta-producto/short-tecnico/ HTTP/1.1" 200 57519 "-" "Mozilla/5.0(Linux;Android 5.1.1;OPPO A33 Build/LMY47V;wv) AppleWebKit/537.36(KHTML,link Gecko) Version/4.0 Chrome/43.0.2357.121 Mobile Safari/537.36 LieBaoFast/4.51.3" "wpfront-notification-bar-landingpage=1"
217.76.130.90 - - [23/Nov/2019:12:15:54 +0100] "POST /wp-cron.php?doing_wp_cron=1574507754.6305060386657714843750 HTTP/1.1" 200 3389 "https://amazingsportwear.com/wp-cron.php?doing_wp_cron=1574507754.6305060386657714843750" "WordPress/5.2.4; https://amazingsportwear.com" "-"
66.249.66.70 - - [23/Nov/2019:12:15:54 +0100] "GET /producto/polo-tecnico-open-aq-open/ HTTP/1.1" 200 105027 "-" "Mozilla/5.0 (compatible; Googlebot/2.1; +http://www.google.com/bot.html)" "-"
217.76.130.90 - - [23/Nov/2019:12:16:50 +0100] "POST /wp-cron.php?doing_wp_cron=1574507810.0677530765533447265625 HTTP/1.1" 200 3389 "https://amazingsportwear.com/wp-cron.php?doing_wp_cron=1574507810.0677530765533447265625" "WordPress/5.2.4; https://amazingsportwear.com" "-"
122.194.87.32 - - [23/Nov/2019:12:16:49 +0100] "GET /etiqueta-producto/spain HTTP/1.1" 301 3547 "-" "Mozilla/5.0(Linux;U;Android 5.1.1;zh-CN;OPPO A33 Build/LMY47V) AppleWebKit/537.36(KHTML,like Gecko) Version/4.0 Chrome/40.0.2214.89 UCBrowser/11.7.0.953 Mobile Safari/537.36" "-"
122.194.87.32 - - [23/Nov/2019:12:16:52 +0100] "GET /etiqueta-producto/spain/ HTTP/1.1" 200 53679 "-" "Mozilla/5.0(Linux;U;Android 5.1.1;zh-CN;OPPO A33 Build/LMY47V) AppleWebKit/537.36(KHTML,like Gecko) Version/4.0 Chrome/40.0.2214.89 UCBrowser/11.7.0.953 Mobile Safari/537.36" "wpfront-notification-bar-landingpage=1"
217.76.130.90 - - [23/Nov/2019:12:30:52 +0100] "POST /wp-cron.php?doing_wp_cron=1574508652.3537709712982177734375 HTTP/1.1" 200 3389 "https://amazingsportwear.com/wp-cron.php?doing_wp_cron=1574508652.3537709712982177734375" "WordPress/5.2.4; https://amazingsportwear.com" "-"
42.242.10.59 - - [23/Nov/2019:12:30:51 +0100] "GET /producto/pantalon-corto-futbol HTTP/1.1" 301 3554 "-" "Mozilla/5.0 (Linux; Android 7.0; FRD-AL00 Build/HUAWEIFRD-AL00; wv) AppleWebKit/537.36 (KHTML, like Gecko) Version/4.0 Chrome/53.0.2785.49 Mobile MQQBrowser/6.2 TBS/043602 Safari/537.36 MicroMessenger/6.5.16.1120 NetType/WIFI Language/zh_CN" "-"
42.242.10.59 - - [23/Nov/2019:12:30:55 +0100] "GET /producto/pantalon-corto-futbol/ HTTP/1.1" 200 91082 "-" "Mozilla/5.0 (Linux; Android 7.0; FRD-AL00 Build/HUAWEIFRD-AL00; wv) AppleWebKit/537.36 (KHTML, like Gecko) Version/4.0 Chrome/53.0.2785.49 Mobile MQQBrowser/6.2 TBS/043602 Safari/537.36 MicroMessenger/6.5.16.1120 NetType/WIFI Language/zh_CN" "wpfront-notification-bar-landingpage=1"
217.76.130.90 - - [23/Nov/2019:12:31:08 +0100] "POST /wp-cron.php?doing_wp_cron=1574508668.8201010227203369140625 HTTP/1.1" 200 3389 "https://amazingsportwear.com/wp-cron.php?doing_wp_cron=1574508668.8201010227203369140625" "WordPress/5.2.4; https://amazingsportwear.com" "-"
114.235.46.225 - - [23/Nov/2019:12:31:08 +0100] "GET /etiqueta-producto/misano HTTP/1.1" 301 3548 "-" "Mozilla/5.0(Linux;Android 5.1.1;OPPO A33 Build/LMY47V;wv) AppleWebKit/537.36(KHTML,link Gecko) Version/4.0 Chrome/42.0.2311.138 Mobile Safari/537.36 Mb2345Browser/9.0" "-"
42.87.163.113 - - [23/Nov/2019:12:31:11 +0100] "GET /wp-content/uploads/2019/04/kit-emergencia-abierto.png HTTP/1.1" 200 118156 "-" "Mozilla/5.0 (Linux; Android 7.0; FRD-AL00 Build/HUAWEIFRD-AL00; wv) AppleWebKit/537.36 (KHTML, like Gecko) Version/4.0 Chrome/53.0.2785.49 Mobile MQQBrowser/6.2 TBS/043602 Safari/537.36 MicroMessenger/6.5.16.1120 NetType/WIFI Language/zh_CN" "-"
124.132.118.32 - - [23/Nov/2019:12:30:58 +0100] "GET /wp-content/uploads/2019/04/SA-1105-3.png HTTP/1.1" 200 176895 "-" "Mozilla/5.0(Linux;U;Android 5.1.1;zh-CN;OPPO A33 Build/LMY47V) AppleWebKit/537.36(KHTML,like Gecko) Version/4.0 Chrome/40.0.2214.89 UCBrowser/11.7.0.953 Mobile Safari/537.36" "-"
114.235.46.225 - - [23/Nov/2019:12:31:16 +0100] "GET /etiqueta-producto/misano/ HTTP/1.1" 200 53783 "-" "Mozilla/5.0(Linux;Android 5.1.1;OPPO A33 Build/LMY47V;wv) AppleWebKit/537.36(KHTML,link Gecko) Version/4.0 Chrome/42.0.2311.138 Mobile Safari/537.36 Mb2345Browser/9.0" "wpfront-notification-bar-landingpage=1"
106.125.237.226 - - [23/Nov/2019:12:31:46 +0100] "GET /author/emarketing2 HTTP/1.1" 301 3542 "-" "Mozilla/5.0 (Linux; Android 7.0; FRD-AL00 Build/HUAWEIFRD-AL00; wv) AppleWebKit/537.36 (KHTML, like Gecko) Version/4.0 Chrome/53.0.2785.49 Mobile MQQBrowser/6.2 TBS/043602 Safari/537.36 MicroMessenger/6.5.16.1120 NetType/WIFI Language/zh_CN" "-"
106.125.237.226 - - [23/Nov/2019:12:31:59 +0100] "GET /author/emarketing2/ HTTP/1.1" 200 64206 "-" "Mozilla/5.0 (Linux; Android 7.0; FRD-AL00 Build/HUAWEIFRD-AL00; wv) AppleWebKit/537.36 (KHTML, like Gecko) Version/4.0 Chrome/53.0.2785.49 Mobile MQQBrowser/6.2 TBS/043602 Safari/537.36 MicroMessenger/6.5.16.1120 NetType/WIFI Language/zh_CN" "wpfront-notification-bar-landingpage=1"
49.115.209.94 - - [23/Nov/2019:12:31:46 +0100] "GET /wp-content/uploads/2019/04/AQ-SHORT-PADEL-2-1.png HTTP/1.1" 200 224927 "-" "Mozilla/5.0(Linux;Android 5.1.1;OPPO A33 Build/LMY47V;wv) AppleWebKit/537.36(KHTML,link Gecko) Version/4.0 Chrome/43.0.2357.121 Mobile Safari/537.36 LieBaoFast/4.51.3" "-"
217.76.130.90 - - [23/Nov/2019:12:37:19 +0100] "POST /wp-cron.php?doing_wp_cron=1574509039.8911380767822265625000 HTTP/1.1" 200 3389 "https://amazingsportwear.com/wp-cron.php?doing_wp_cron=1574509039.8911380767822265625000" "WordPress/5.2.4; https://amazingsportwear.com" "-"
31.13.103.24 - - [23/Nov/2019:12:37:19 +0100] "GET / HTTP/1.1" 200 125535 "-" "facebookexternalhit/1.1 (+http://www.facebook.com/externalhit_uatext.php)" "-"
31.13.103.10 - - [23/Nov/2019:12:37:19 +0100] "GET / HTTP/1.1" 200 125555 "-" "facebookexternalhit/1.1 (+http://www.facebook.com/externalhit_uatext.php)" "-"
31.13.103.7 - - [23/Nov/2019:12:37:19 +0100] "GET / HTTP/1.1" 200 125570 "-" "facebookexternalhit/1.1 (+http://www.facebook.com/externalhit_uatext.php)" "-"
31.13.103.9 - - [23/Nov/2019:12:37:21 +0100] "GET /contacta-con-nosotros HTTP/1.1" 301 319 "-" "facebookexternalhit/1.1 (+http://www.facebook.com/externalhit_uatext.php)" "-"
31.13.103.10 - - [23/Nov/2019:12:37:22 +0100] "GET /contacta-con-nosotros HTTP/1.1" 301 319 "-" "facebookexternalhit/1.1 (+http://www.facebook.com/externalhit_uatext.php)" "-"
31.13.103.14 - - [23/Nov/2019:12:37:22 +0100] "GET /contacta-con-nosotros HTTP/1.1" 301 319 "-" "facebookexternalhit/1.1 (+http://www.facebook.com/externalhit_uatext.php)" "-"
