190.152.163.149 - - [11/Dec/2019:20:43:20 +0100] "GET /wp-includes/js/jquery/ui/draggable.min.js?ver=1.11.4 HTTP/1.1" 200 19277 "https://amazingsportwear.com/producto/gorra-sport/" "Mozilla/5.0 (Windows NT 10.0; Win64; x64; rv:71.0) Gecko/20100101 Firefox/71.0" "-"
190.152.163.149 - - [11/Dec/2019:20:43:21 +0100] "GET /wp-includes/js/jquery/ui/button.min.js?ver=1.11.4 HTTP/1.1" 200 7578 "https://amazingsportwear.com/producto/gorra-sport/" "Mozilla/5.0 (Windows NT 10.0; Win64; x64; rv:71.0) Gecko/20100101 Firefox/71.0" "-"
190.152.163.149 - - [11/Dec/2019:20:43:21 +0100] "GET /wp-includes/js/jquery/ui/position.min.js?ver=1.11.4 HTTP/1.1" 200 6869 "https://amazingsportwear.com/producto/gorra-sport/" "Mozilla/5.0 (Windows NT 10.0; Win64; x64; rv:71.0) Gecko/20100101 Firefox/71.0" "-"
190.152.163.149 - - [11/Dec/2019:20:43:21 +0100] "GET /wp-includes/js/jquery/ui/dialog.min.js?ver=1.11.4 HTTP/1.1" 200 12482 "https://amazingsportwear.com/producto/gorra-sport/" "Mozilla/5.0 (Windows NT 10.0; Win64; x64; rv:71.0) Gecko/20100101 Firefox/71.0" "-"
190.152.163.149 - - [11/Dec/2019:20:43:21 +0100] "GET /wp-content/plugins/product-enquiry-for-woocommerce/js/wdm_jquery.validate.min.js?ver=5.2.4 HTTP/1.1" 200 21818 "https://amazingsportwear.com/producto/gorra-sport/" "Mozilla/5.0 (Windows NT 10.0; Win64; x64; rv:71.0) Gecko/20100101 Firefox/71.0" "-"
190.152.163.149 - - [11/Dec/2019:20:43:21 +0100] "GET /wp-content/plugins/product-enquiry-for-woocommerce/js/contact.js?ver=5.2.4 HTTP/1.1" 200 4681 "https://amazingsportwear.com/producto/gorra-sport/" "Mozilla/5.0 (Windows NT 10.0; Win64; x64; rv:71.0) Gecko/20100101 Firefox/71.0" "-"
190.152.163.149 - - [11/Dec/2019:20:43:21 +0100] "GET /wp-content/uploads/2019/05/cropped-asw-white.png HTTP/1.1" 200 7500 "https://amazingsportwear.com/producto/gorra-sport/" "Mozilla/5.0 (Windows NT 10.0; Win64; x64; rv:71.0) Gecko/20100101 Firefox/71.0" "-"
190.152.163.149 - - [11/Dec/2019:20:43:21 +0100] "GET /wp-content/themes/shopper/assets/fonts/fontawesome-webfont.woff2?v=4.7.0 HTTP/1.1" 200 77615 "https://amazingsportwear.com/wp-content/themes/shopper/style.css?ver=1.3.8" "Mozilla/5.0 (Windows NT 10.0; Win64; x64; rv:71.0) Gecko/20100101 Firefox/71.0" "-"
190.152.163.149 - - [11/Dec/2019:20:43:21 +0100] "GET /wp-content/uploads/2019/04/Gorra-sport-11.png HTTP/1.1" 200 127753 "https://amazingsportwear.com/producto/gorra-sport/" "Mozilla/5.0 (Windows NT 10.0; Win64; x64; rv:71.0) Gecko/20100101 Firefox/71.0" "-"
190.152.163.149 - - [11/Dec/2019:20:43:21 +0100] "GET /wp-content/uploads/2019/04/Gorra-sport-9.png HTTP/1.1" 200 109366 "https://amazingsportwear.com/producto/gorra-sport/" "Mozilla/5.0 (Windows NT 10.0; Win64; x64; rv:71.0) Gecko/20100101 Firefox/71.0" "-"
190.152.163.149 - - [11/Dec/2019:20:43:21 +0100] "GET /wp-content/uploads/2019/04/Gorra-sport-12.png HTTP/1.1" 200 92310 "https://amazingsportwear.com/producto/gorra-sport/" "Mozilla/5.0 (Windows NT 10.0; Win64; x64; rv:71.0) Gecko/20100101 Firefox/71.0" "-"
190.152.163.149 - - [11/Dec/2019:20:43:21 +0100] "GET /wp-content/uploads/2019/04/Gorra-sport-8.png HTTP/1.1" 200 85579 "https://amazingsportwear.com/producto/gorra-sport/" "Mozilla/5.0 (Windows NT 10.0; Win64; x64; rv:71.0) Gecko/20100101 Firefox/71.0" "-"
190.152.163.149 - - [11/Dec/2019:20:43:21 +0100] "GET /wp-content/plugins/simple-social-icons/symbol-defs.svg HTTP/1.1" 200 19699 "https://amazingsportwear.com/producto/gorra-sport/" "Mozilla/5.0 (Windows NT 10.0; Win64; x64; rv:71.0) Gecko/20100101 Firefox/71.0" "-"
190.152.163.149 - - [11/Dec/2019:20:43:21 +0100] "GET /wp-content/uploads/2019/04/Gorra-sport-6.png HTTP/1.1" 200 41260 "https://amazingsportwear.com/producto/gorra-sport/" "Mozilla/5.0 (Windows NT 10.0; Win64; x64; rv:71.0) Gecko/20100101 Firefox/71.0" "-"
190.152.163.149 - - [11/Dec/2019:20:43:21 +0100] "GET /wp-content/uploads/2019/04/Gorra-sport-7.png HTTP/1.1" 200 96549 "https://amazingsportwear.com/producto/gorra-sport/" "Mozilla/5.0 (Windows NT 10.0; Win64; x64; rv:71.0) Gecko/20100101 Firefox/71.0" "-"
190.152.163.149 - - [11/Dec/2019:20:43:21 +0100] "GET /wp-content/uploads/2019/04/Gorra-sport-5.png HTTP/1.1" 200 49407 "https://amazingsportwear.com/producto/gorra-sport/" "Mozilla/5.0 (Windows NT 10.0; Win64; x64; rv:71.0) Gecko/20100101 Firefox/71.0" "-"
190.152.163.149 - - [11/Dec/2019:20:43:21 +0100] "GET /wp-content/uploads/2019/04/Gorra-sport-3.png HTTP/1.1" 200 87849 "https://amazingsportwear.com/producto/gorra-sport/" "Mozilla/5.0 (Windows NT 10.0; Win64; x64; rv:71.0) Gecko/20100101 Firefox/71.0" "-"
190.152.163.149 - - [11/Dec/2019:20:43:21 +0100] "GET /wp-content/uploads/2019/04/Gorra-sport-1.png HTTP/1.1" 200 90318 "https://amazingsportwear.com/producto/gorra-sport/" "Mozilla/5.0 (Windows NT 10.0; Win64; x64; rv:71.0) Gecko/20100101 Firefox/71.0" "-"
190.152.163.149 - - [11/Dec/2019:20:43:21 +0100] "GET /wp-content/uploads/2019/04/Gorra-sport-2.png HTTP/1.1" 200 121983 "https://amazingsportwear.com/producto/gorra-sport/" "Mozilla/5.0 (Windows NT 10.0; Win64; x64; rv:71.0) Gecko/20100101 Firefox/71.0" "-"
190.152.163.149 - - [11/Dec/2019:20:43:21 +0100] "GET /wp-content/uploads/2018/05/cat-4010-04-300x300.jpg HTTP/1.1" 200 28285 "https://amazingsportwear.com/producto/gorra-sport/" "Mozilla/5.0 (Windows NT 10.0; Win64; x64; rv:71.0) Gecko/20100101 Firefox/71.0" "-"
190.152.163.149 - - [11/Dec/2019:20:43:21 +0100] "GET /wp-content/uploads/2018/05/CIF-Z281-1-300x300.jpg HTTP/1.1" 200 10474 "https://amazingsportwear.com/producto/gorra-sport/" "Mozilla/5.0 (Windows NT 10.0; Win64; x64; rv:71.0) Gecko/20100101 Firefox/71.0" "-"
190.152.163.149 - - [11/Dec/2019:20:43:22 +0100] "GET /wp-content/uploads/2019/05/asw-white-300x126.png HTTP/1.1" 200 12061 "https://amazingsportwear.com/producto/gorra-sport/" "Mozilla/5.0 (Windows NT 10.0; Win64; x64; rv:71.0) Gecko/20100101 Firefox/71.0" "-"
190.152.163.149 - - [11/Dec/2019:20:43:22 +0100] "GET /wp-content/uploads/2018/05/cif-s-004-RO-300x300.jpg HTTP/1.1" 200 9033 "https://amazingsportwear.com/producto/gorra-sport/" "Mozilla/5.0 (Windows NT 10.0; Win64; x64; rv:71.0) Gecko/20100101 Firefox/71.0" "-"
190.152.163.149 - - [11/Dec/2019:20:43:22 +0100] "GET /wp-content/uploads/2019/04/Gorra-sport-12-100x100.png HTTP/1.1" 200 7269 "https://amazingsportwear.com/producto/gorra-sport/" "Mozilla/5.0 (Windows NT 10.0; Win64; x64; rv:71.0) Gecko/20100101 Firefox/71.0" "-"
190.152.163.149 - - [11/Dec/2019:20:43:22 +0100] "GET /wp-content/uploads/2019/04/Gorra-sport-10-100x100.png HTTP/1.1" 200 3483 "https://amazingsportwear.com/producto/gorra-sport/" "Mozilla/5.0 (Windows NT 10.0; Win64; x64; rv:71.0) Gecko/20100101 Firefox/71.0" "-"
190.152.163.149 - - [11/Dec/2019:20:43:22 +0100] "GET /wp-content/uploads/2019/04/Gorra-sport-11-100x100.png HTTP/1.1" 200 7943 "https://amazingsportwear.com/producto/gorra-sport/" "Mozilla/5.0 (Windows NT 10.0; Win64; x64; rv:71.0) Gecko/20100101 Firefox/71.0" "-"
190.152.163.149 - - [11/Dec/2019:20:43:22 +0100] "GET /wp-content/uploads/2019/04/Gorra-sport-9-100x100.png HTTP/1.1" 200 6570 "https://amazingsportwear.com/producto/gorra-sport/" "Mozilla/5.0 (Windows NT 10.0; Win64; x64; rv:71.0) Gecko/20100101 Firefox/71.0" "-"
190.152.163.149 - - [11/Dec/2019:20:43:22 +0100] "GET /wp-content/uploads/2019/04/Gorra-sport-8-100x100.png HTTP/1.1" 200 6945 "https://amazingsportwear.com/producto/gorra-sport/" "Mozilla/5.0 (Windows NT 10.0; Win64; x64; rv:71.0) Gecko/20100101 Firefox/71.0" "-"
190.152.163.149 - - [11/Dec/2019:20:43:22 +0100] "GET /wp-content/uploads/2019/04/Gorra-sport-7-100x100.png HTTP/1.1" 200 6931 "https://amazingsportwear.com/producto/gorra-sport/" "Mozilla/5.0 (Windows NT 10.0; Win64; x64; rv:71.0) Gecko/20100101 Firefox/71.0" "-"
190.152.163.149 - - [11/Dec/2019:20:43:22 +0100] "GET /wp-content/uploads/2019/04/Gorra-sport-6-100x100.png HTTP/1.1" 200 2993 "https://amazingsportwear.com/producto/gorra-sport/" "Mozilla/5.0 (Windows NT 10.0; Win64; x64; rv:71.0) Gecko/20100101 Firefox/71.0" "-"
190.152.163.149 - - [11/Dec/2019:20:43:22 +0100] "GET /wp-content/uploads/2019/04/Gorra-sport-5-100x100.png HTTP/1.1" 200 4986 "https://amazingsportwear.com/producto/gorra-sport/" "Mozilla/5.0 (Windows NT 10.0; Win64; x64; rv:71.0) Gecko/20100101 Firefox/71.0" "-"
190.152.163.149 - - [11/Dec/2019:20:43:22 +0100] "GET /wp-content/uploads/2019/04/Gorra-sport-3-100x100.png HTTP/1.1" 200 7010 "https://amazingsportwear.com/producto/gorra-sport/" "Mozilla/5.0 (Windows NT 10.0; Win64; x64; rv:71.0) Gecko/20100101 Firefox/71.0" "-"
190.152.163.149 - - [11/Dec/2019:20:43:22 +0100] "GET /wp-content/uploads/2019/04/Gorra-sport-2-100x100.png HTTP/1.1" 200 6895 "https://amazingsportwear.com/producto/gorra-sport/" "Mozilla/5.0 (Windows NT 10.0; Win64; x64; rv:71.0) Gecko/20100101 Firefox/71.0" "-"
190.152.163.149 - - [11/Dec/2019:20:43:22 +0100] "GET /wp-content/uploads/2019/04/Gorra-sport-1-100x100.png HTTP/1.1" 200 6780 "https://amazingsportwear.com/producto/gorra-sport/" "Mozilla/5.0 (Windows NT 10.0; Win64; x64; rv:71.0) Gecko/20100101 Firefox/71.0" "-"
190.152.163.149 - - [11/Dec/2019:20:43:21 +0100] "POST /?wc-ajax=get_refreshed_fragments HTTP/1.1" 200 1397 "https://amazingsportwear.com/producto/gorra-sport/" "Mozilla/5.0 (Windows NT 10.0; Win64; x64; rv:71.0) Gecko/20100101 Firefox/71.0" "-"
190.152.163.149 - - [11/Dec/2019:20:43:22 +0100] "GET /wp-content/plugins/product-enquiry-for-woocommerce/img/contact/loading.gif HTTP/1.1" 200 3834 "https://amazingsportwear.com/producto/gorra-sport/" "Mozilla/5.0 (Windows NT 10.0; Win64; x64; rv:71.0) Gecko/20100101 Firefox/71.0" "-"
190.152.163.149 - - [11/Dec/2019:20:43:22 +0100] "GET /wp-content/uploads/2019/05/cropped-favicon-nuevo-logo-amazinf-128px-32x32.png HTTP/1.1" 200 1224 "-" "Mozilla/5.0 (Windows NT 10.0; Win64; x64; rv:71.0) Gecko/20100101 Firefox/71.0" "wpfront-notification-bar-landingpage=1"
190.152.163.149 - - [11/Dec/2019:20:43:22 +0100] "GET /wp-content/uploads/2019/05/cropped-favicon-nuevo-logo-amazinf-128px-192x192.png HTTP/1.1" 200 10880 "-" "Mozilla/5.0 (Windows NT 10.0; Win64; x64; rv:71.0) Gecko/20100101 Firefox/71.0" "wpfront-notification-bar-landingpage=1"
190.152.163.149 - - [11/Dec/2019:20:44:22 +0100] "GET /wp-content/uploads/2019/04/Gorra-sport-12.png HTTP/1.1" 200 95673 "-" "Mozilla/5.0 (Windows NT 10.0; Win64; x64; rv:71.0) Gecko/20100101 Firefox/71.0" "-"
190.152.163.149 - - [11/Dec/2019:20:44:24 +0100] "GET /favicon.ico HTTP/1.1" 200 259 "-" "Mozilla/5.0 (Windows NT 10.0; Win64; x64; rv:71.0) Gecko/20100101 Firefox/71.0" "-"
217.76.130.90 - - [11/Dec/2019:20:50:59 +0100] "POST /wp-cron.php?doing_wp_cron=1576093859.4192590713500976562500 HTTP/1.1" 200 164 "http://amazingsportwear.com/wp-cron.php?doing_wp_cron=1576093859.4192590713500976562500" "WordPress/5.2.4; https://amazingsportwear.com" "-"
66.249.64.157 - - [11/Dec/2019:20:50:58 +0100] "GET / HTTP/1.1" 301 336 "-" "Mozilla/5.0 (compatible; Googlebot/2.1; +http://www.google.com/bot.html)" "-"
66.249.64.146 - - [11/Dec/2019:20:51:00 +0100] "GET / HTTP/1.1" 200 125736 "-" "Mozilla/5.0 (compatible; Googlebot/2.1; +http://www.google.com/bot.html)" "wpfront-notification-bar-landingpage=1"
217.76.130.90 - - [11/Dec/2019:21:07:36 +0100] "POST /wp-cron.php?doing_wp_cron=1576094856.2992870807647705078125 HTTP/1.1" 200 3389 "https://amazingsportwear.com/wp-cron.php?doing_wp_cron=1576094856.2992870807647705078125" "WordPress/5.2.4; https://amazingsportwear.com" "-"
207.46.13.196 - - [11/Dec/2019:21:07:32 +0100] "GET /etiqueta-producto/tapon-rosca/feed/ HTTP/1.1" 200 6405 "-" "msnbot/2.0b (+http://search.msn.com/msnbot.htm)" "-"
217.76.130.90 - - [11/Dec/2019:21:15:23 +0100] "POST /wp-cron.php?doing_wp_cron=1576095323.1737999916076660156250 HTTP/1.1" 200 3389 "https://amazingsportwear.com/wp-cron.php?doing_wp_cron=1576095323.1737999916076660156250" "WordPress/5.2.4; https://amazingsportwear.com" "-"
207.46.13.196 - - [11/Dec/2019:21:15:19 +0100] "GET /etiqueta-producto/tapon-rosca/feed/ HTTP/1.1" 200 6405 "-" "msnbot/2.0b (+http://search.msn.com/msnbot.htm)" "-"
217.76.130.90 - - [11/Dec/2019:21:17:25 +0100] "POST /wp-cron.php?doing_wp_cron=1576095445.5171029567718505859375 HTTP/1.1" 200 3389 "https://amazingsportwear.com/wp-cron.php?doing_wp_cron=1576095445.5171029567718505859375" "WordPress/5.2.4; https://amazingsportwear.com" "-"
66.249.64.144 - - [11/Dec/2019:21:17:24 +0100] "GET /etiqueta-producto/cierre-velcro/ HTTP/1.1" 200 53994 "-" "Mozilla/5.0 (compatible; Googlebot/2.1; +http://www.google.com/bot.html)" "-"
157.55.39.75 - - [11/Dec/2019:21:18:13 +0100] "GET /wp-content/themes/shopper/assets/fonts/fontawesome-webfont.svg?v=4.7.0 HTTP/1.1" 200 448868 "-" "msnbot/2.0b (+http://search.msn.com/msnbot.htm)" "-"
157.55.39.75 - - [11/Dec/2019:21:18:15 +0100] "GET /wp-content/themes/shopper/assets/fonts/fontawesome-webfont.ttf?v=4.7.0 HTTP/1.1" 200 166178 "-" "msnbot/2.0b (+http://search.msn.com/msnbot.htm)" "-"
217.76.130.90 - - [11/Dec/2019:21:18:18 +0100] "POST /wp-cron.php?doing_wp_cron=1576095498.7060110569000244140625 HTTP/1.1" 200 3389 "https://amazingsportwear.com/wp-cron.php?doing_wp_cron=1576095498.7060110569000244140625" "WordPress/5.2.4; https://amazingsportwear.com" "-"
207.46.13.196 - - [11/Dec/2019:21:18:18 +0100] "GET /?wc-ajax=get_refreshed_fragments HTTP/1.1" 200 4661 "-" "msnbot/2.0b (+http://search.msn.com/msnbot.htm)" "-"
217.76.130.90 - - [11/Dec/2019:21:19:22 +0100] "POST /wp-cron.php?doing_wp_cron=1576095562.8403949737548828125000 HTTP/1.1" 200 164 "http://amazingsportwear.com/wp-cron.php?doing_wp_cron=1576095562.8403949737548828125000" "WordPress/5.2.4; https://amazingsportwear.com" "-"
40.77.167.152 - - [11/Dec/2019:21:19:22 +0100] "GET /atletismo/23-pantalon-corto-atletismo.html HTTP/1.1" 404 68060 "-" "Mozilla/5.0 (iPhone; CPU iPhone OS 7_0 like Mac OS X) AppleWebKit/537.51.1 (KHTML, like Gecko) Version/7.0 Mobile/11A465 Safari/9537.53 (compatible; bingbot/2.0; +http://www.bing.com/bingbot.htm)" "-"
207.46.13.223 - - [11/Dec/2019:21:19:44 +0100] "GET /wp-content/uploads/2019/04/Gorra-sport-3.png HTTP/1.1" 200 91212 "-" "Mozilla/5.0 (compatible; bingbot/2.0; +http://www.bing.com/bingbot.htm)" "-"
217.76.130.90 - - [11/Dec/2019:21:20:53 +0100] "POST /wp-cron.php?doing_wp_cron=1576095652.9984579086303710937500 HTTP/1.1" 200 164 "http://amazingsportwear.com/wp-cron.php?doing_wp_cron=1576095652.9984579086303710937500" "WordPress/5.2.4; https://amazingsportwear.com" "-"
207.46.13.196 - - [11/Dec/2019:21:20:51 +0100] "GET /ciclismo/88-manguito-brazo-ciclismo.html HTTP/1.1" 404 68096 "-" "Mozilla/5.0 (iPhone; CPU iPhone OS 7_0 like Mac OS X) AppleWebKit/537.51.1 (KHTML, like Gecko) Version/7.0 Mobile/11A465 Safari/9537.53 (compatible; bingbot/2.0; +http://www.bing.com/bingbot.htm)" "-"
207.46.13.223 - - [11/Dec/2019:21:23:37 +0100] "GET /wp-content/uploads/2019/04/Brazalete-running-con-led-3.png HTTP/1.1" 200 206752 "-" "Mozilla/5.0 (compatible; bingbot/2.0; +http://www.bing.com/bingbot.htm)" "-"
217.76.130.90 - - [11/Dec/2019:21:25:32 +0100] "POST /wp-cron.php?doing_wp_cron=1576095932.3021979331970214843750 HTTP/1.1" 200 3389 "https://amazingsportwear.com/wp-cron.php?doing_wp_cron=1576095932.3021979331970214843750" "WordPress/5.2.4; https://amazingsportwear.com" "-"
40.77.167.152 - - [11/Dec/2019:21:25:29 +0100] "GET /producto/polo-tecnico-prater-hombre-pf-39088/ HTTP/1.1" 200 102263 "-" "Mozilla/5.0 (compatible; bingbot/2.0; +http://www.bing.com/bingbot.htm)" "-"
40.77.167.152 - - [11/Dec/2019:21:25:33 +0100] "GET /categoria-producto/dos/feed/ HTTP/1.1" 200 20963 "-" "msnbot/2.0b (+http://search.msn.com/msnbot.htm)" "-"
207.46.13.223 - - [11/Dec/2019:21:25:44 +0100] "GET /22-tienda?p=13 HTTP/1.1" 301 3870 "-" "Mozilla/5.0 (compatible; bingbot/2.0; +http://www.bing.com/bingbot.htm)" "-"
217.76.130.90 - - [11/Dec/2019:21:27:14 +0100] "POST /wp-cron.php?doing_wp_cron=1576096034.4962649345397949218750 HTTP/1.1" 200 3389 "https://amazingsportwear.com/wp-cron.php?doing_wp_cron=1576096034.4962649345397949218750" "WordPress/5.2.4; https://amazingsportwear.com" "-"
173.252.127.33 - - [11/Dec/2019:21:27:11 +0100] "GET / HTTP/1.1" 200 125550 "-" "facebookexternalhit/1.1 (+http://www.facebook.com/externalhit_uatext.php)" "-"
173.252.127.24 - - [11/Dec/2019:21:27:17 +0100] "GET /contacta-con-nosotros HTTP/1.1" 301 319 "-" "facebookexternalhit/1.1 (+http://www.facebook.com/externalhit_uatext.php)" "-"
173.252.127.24 - - [11/Dec/2019:21:27:18 +0100] "GET /contacta-con-nosotros/ HTTP/1.1" 200 58162 "-" "facebookexternalhit/1.1 (+http://www.facebook.com/externalhit_uatext.php)" "-"
180.92.233.162 - - [11/Dec/2019:21:27:47 +0100] "GET /adminer-4.3.1.php HTTP/1.1" 404 67956 "http://amazingsportwear.com/adminer-4.3.1.php" "Mozilla/4.0 (compatible; MSIE 6.0; Windows NT 5.1; SV1)" "-"
101.68.64.198 - - [11/Dec/2019:21:27:54 +0100] "GET /adminer-4.4.0.php HTTP/1.1" 404 68001 "http://amazingsportwear.com/adminer-4.4.0.php" "Mozilla/4.0 (compatible; MSIE 6.0; Windows NT 5.1; SV1)" "-"
217.76.130.90 - - [11/Dec/2019:21:33:40 +0100] "POST /wp-cron.php?doing_wp_cron=1576096420.8089270591735839843750 HTTP/1.1" 200 3389 "https://amazingsportwear.com/wp-cron.php?doing_wp_cron=1576096420.8089270591735839843750" "WordPress/5.2.4; https://amazingsportwear.com" "-"
40.77.167.152 - - [11/Dec/2019:21:33:38 +0100] "GET /categoria-producto/dos/feed/ HTTP/1.1" 200 20963 "-" "msnbot/2.0b (+http://search.msn.com/msnbot.htm)" "-"
217.76.130.90 - - [11/Dec/2019:21:53:50 +0100] "POST /wp-cron.php?doing_wp_cron=1576097630.0614829063415527343750 HTTP/1.1" 200 164 "http://amazingsportwear.com/wp-cron.php?doing_wp_cron=1576097630.0614829063415527343750" "WordPress/5.2.4; https://amazingsportwear.com" "-"
23.19.73.80 - - [11/Dec/2019:21:53:46 +0100] "GET /wp-content/wp-info.php HTTP/1.1" 404 67963 "http://site.ru" "Mozilla/5.0 (Windows; U; Windows NT 5.1; en-US) AppleWebKit/533.4 (KHTML, like Gecko) Chrome/5.0.375.99 Safari/533.4" "-"
66.249.64.146 - - [11/Dec/2019:21:55:55 +0100] "GET /wp-content/uploads/2019/04/Gorra-sport-10.png HTTP/1.1" 304 3565 "-" "Googlebot-Image/1.0" "-"
85.84.19.235 - - [11/Dec/2019:21:56:20 +0100] "GET /wp-content/uploads/2017/03/sa-6648_22202-600x600.jpg HTTP/1.1" 200 40666 "https://www.google.com/" "Mozilla/5.0 (Windows NT 10.0; Win64; x64) AppleWebKit/537.36 (KHTML, like Gecko) Chrome/79.0.3945.79 Safari/537.36" "-"
217.76.130.90 - - [11/Dec/2019:22:01:18 +0100] "POST /wp-cron.php?doing_wp_cron=1576098078.1945240497589111328125 HTTP/1.1" 200 164 "http://amazingsportwear.com/wp-cron.php?doing_wp_cron=1576098078.1945240497589111328125" "WordPress/5.2.4; https://amazingsportwear.com" "-"
207.46.13.223 - - [11/Dec/2019:22:01:15 +0100] "GET / HTTP/1.1" 301 336 "-" "Mozilla/5.0 (compatible; bingbot/2.0; +http://www.bing.com/bingbot.htm)" "-"
217.76.130.90 - - [11/Dec/2019:22:05:21 +0100] "POST /wp-cron.php?doing_wp_cron=1576098321.8242490291595458984375 HTTP/1.1" 200 3389 "https://amazingsportwear.com/wp-cron.php?doing_wp_cron=1576098321.8242490291595458984375" "WordPress/5.2.4; https://amazingsportwear.com" "-"
207.46.13.196 - - [11/Dec/2019:22:05:19 +0100] "GET /producto/cortavientos-angelo/feed/ HTTP/1.1" 200 4817 "-" "msnbot/2.0b (+http://search.msn.com/msnbot.htm)" "-"
217.76.130.90 - - [11/Dec/2019:22:13:54 +0100] "POST /wp-cron.php?doing_wp_cron=1576098834.6851370334625244140625 HTTP/1.1" 200 3389 "https://amazingsportwear.com/wp-cron.php?doing_wp_cron=1576098834.6851370334625244140625" "WordPress/5.2.4; https://amazingsportwear.com" "-"
207.46.13.196 - - [11/Dec/2019:22:13:54 +0100] "GET /producto/cortavientos-angelo/feed/ HTTP/1.1" 200 4817 "-" "msnbot/2.0b (+http://search.msn.com/msnbot.htm)" "-"
103.23.224.121 - - [11/Dec/2019:22:18:10 +0100] "GET /wp-login.php HTTP/1.1" 404 628 "-" "Mozilla/5.0 (X11; Ubuntu; Linux x86_64; rv:62.0) Gecko/20100101 Firefox/62.0" "-"
217.76.130.90 - - [11/Dec/2019:22:23:49 +0100] "POST /wp-cron.php?doing_wp_cron=1576099429.8765709400177001953125 HTTP/1.1" 200 3389 "https://amazingsportwear.com/wp-cron.php?doing_wp_cron=1576099429.8765709400177001953125" "WordPress/5.2.4; https://amazingsportwear.com" "-"
213.37.191.123 - - [11/Dec/2019:22:23:48 +0100] "GET /producto/braga-gorro-polar-cat-8016/ HTTP/1.1" 200 100312 "https://www.google.es/" "Mozilla/5.0 (iPhone; CPU iPhone OS 12_4_2 like Mac OS X) AppleWebKit/605.1.15 (KHTML, like Gecko) Version/12.1.2 Mobile/15E148 Safari/604.1" "-"
213.37.191.123 - - [11/Dec/2019:22:23:50 +0100] "GET /wp-includes/js/wp-emoji-release.min.js?ver=5.2.4 HTTP/1.1" 200 14183 "https://amazingsportwear.com/producto/braga-gorro-polar-cat-8016/" "Mozilla/5.0 (iPhone; CPU iPhone OS 12_4_2 like Mac OS X) AppleWebKit/605.1.15 (KHTML, like Gecko) Version/12.1.2 Mobile/15E148 Safari/604.1" "-"
213.37.191.123 - - [11/Dec/2019:22:23:51 +0100] "GET /wp-content/plugins/cookie-law-info/public/css/cookie-law-info-gdpr.css?ver=1.7.6 HTTP/1.1" 200 12445 "https://amazingsportwear.com/producto/braga-gorro-polar-cat-8016/" "Mozilla/5.0 (iPhone; CPU iPhone OS 12_4_2 like Mac OS X) AppleWebKit/605.1.15 (KHTML, like Gecko) Version/12.1.2 Mobile/15E148 Safari/604.1" "-"
213.37.191.123 - - [11/Dec/2019:22:23:51 +0100] "GET /wp-includes/css/dist/block-library/style.min.css?ver=5.2.4 HTTP/1.1" 200 29798 "https://amazingsportwear.com/producto/braga-gorro-polar-cat-8016/" "Mozilla/5.0 (iPhone; CPU iPhone OS 12_4_2 like Mac OS X) AppleWebKit/605.1.15 (KHTML, like Gecko) Version/12.1.2 Mobile/15E148 Safari/604.1" "-"
213.37.191.123 - - [11/Dec/2019:22:23:51 +0100] "GET /wp-content/plugins/woocommerce/assets/css/photoswipe/photoswipe.css?ver=3.6.4 HTTP/1.1" 200 4472 "https://amazingsportwear.com/producto/braga-gorro-polar-cat-8016/" "Mozilla/5.0 (iPhone; CPU iPhone OS 12_4_2 like Mac OS X) AppleWebKit/605.1.15 (KHTML, like Gecko) Version/12.1.2 Mobile/15E148 Safari/604.1" "-"
213.37.191.123 - - [11/Dec/2019:22:23:51 +0100] "GET /wp-content/plugins/woocommerce/assets/css/blocks/style.css?ver=3.6.4 HTTP/1.1" 200 6835 "https://amazingsportwear.com/producto/braga-gorro-polar-cat-8016/" "Mozilla/5.0 (iPhone; CPU iPhone OS 12_4_2 like Mac OS X) AppleWebKit/605.1.15 (KHTML, like Gecko) Version/12.1.2 Mobile/15E148 Safari/604.1" "-"
213.37.191.123 - - [11/Dec/2019:22:23:51 +0100] "GET /wp-content/plugins/cookie-law-info/public/css/cookie-law-info-public.css?ver=1.7.6 HTTP/1.1" 200 3373 "https://amazingsportwear.com/producto/braga-gorro-polar-cat-8016/" "Mozilla/5.0 (iPhone; CPU iPhone OS 12_4_2 like Mac OS X) AppleWebKit/605.1.15 (KHTML, like Gecko) Version/12.1.2 Mobile/15E148 Safari/604.1" "-"
213.37.191.123 - - [11/Dec/2019:22:23:51 +0100] "GET /wp-content/plugins/woocommerce/assets/css/photoswipe/default-skin/default-skin.css?ver=3.6.4 HTTP/1.1" 200 11943 "https://amazingsportwear.com/producto/braga-gorro-polar-cat-8016/" "Mozilla/5.0 (iPhone; CPU iPhone OS 12_4_2 like Mac OS X) AppleWebKit/605.1.15 (KHTML, like Gecko) Version/12.1.2 Mobile/15E148 Safari/604.1" "-"
213.37.191.123 - - [11/Dec/2019:22:23:51 +0100] "GET /wp-content/plugins/wpfront-notification-bar/css/wpfront-notification-bar.css?ver=1.7.1 HTTP/1.1" 200 3663 "https://amazingsportwear.com/producto/braga-gorro-polar-cat-8016/" "Mozilla/5.0 (iPhone; CPU iPhone OS 12_4_2 like Mac OS X) AppleWebKit/605.1.15 (KHTML, like Gecko) Version/12.1.2 Mobile/15E148 Safari/604.1" "-"
213.37.191.123 - - [11/Dec/2019:22:23:51 +0100] "GET /wp-content/themes/shopper/style.css?ver=1.3.8 HTTP/1.1" 200 125315 "https://amazingsportwear.com/producto/braga-gorro-polar-cat-8016/" "Mozilla/5.0 (iPhone; CPU iPhone OS 12_4_2 like Mac OS X) AppleWebKit/605.1.15 (KHTML, like Gecko) Version/12.1.2 Mobile/15E148 Safari/604.1" "-"
213.37.191.123 - - [11/Dec/2019:22:23:51 +0100] "GET /wp-content/plugins/simple-social-icons/css/style.css?ver=3.0.1 HTTP/1.1" 200 1562 "https://amazingsportwear.com/producto/braga-gorro-polar-cat-8016/" "Mozilla/5.0 (iPhone; CPU iPhone OS 12_4_2 like Mac OS X) AppleWebKit/605.1.15 (KHTML, like Gecko) Version/12.1.2 Mobile/15E148 Safari/604.1" "-"
213.37.191.123 - - [11/Dec/2019:22:23:51 +0100] "GET /wp-includes/js/jquery/jquery.js?ver=1.12.4-wp HTTP/1.1" 200 97362 "https://amazingsportwear.com/producto/braga-gorro-polar-cat-8016/" "Mozilla/5.0 (iPhone; CPU iPhone OS 12_4_2 like Mac OS X) AppleWebKit/605.1.15 (KHTML, like Gecko) Version/12.1.2 Mobile/15E148 Safari/604.1" "-"
213.37.191.123 - - [11/Dec/2019:22:23:51 +0100] "GET /wp-includes/js/jquery/jquery-migrate.min.js?ver=1.4.1 HTTP/1.1" 200 10399 "https://amazingsportwear.com/producto/braga-gorro-polar-cat-8016/" "Mozilla/5.0 (iPhone; CPU iPhone OS 12_4_2 like Mac OS X) AppleWebKit/605.1.15 (KHTML, like Gecko) Version/12.1.2 Mobile/15E148 Safari/604.1" "-"
213.37.191.123 - - [11/Dec/2019:22:23:51 +0100] "GET /wp-content/themes/shopper/assets/sass/woocommerce/woocommerce.css?ver=5.2.4 HTTP/1.1" 200 83534 "https://amazingsportwear.com/producto/braga-gorro-polar-cat-8016/" "Mozilla/5.0 (iPhone; CPU iPhone OS 12_4_2 like Mac OS X) AppleWebKit/605.1.15 (KHTML, like Gecko) Version/12.1.2 Mobile/15E148 Safari/604.1" "-"
213.37.191.123 - - [11/Dec/2019:22:23:51 +0100] "GET /wp-content/plugins/cookie-law-info/public/js/cookie-law-info-public.js?ver=1.7.6 HTTP/1.1" 200 17076 "https://amazingsportwear.com/producto/braga-gorro-polar-cat-8016/" "Mozilla/5.0 (iPhone; CPU iPhone OS 12_4_2 like Mac OS X) AppleWebKit/605.1.15 (KHTML, like Gecko) Version/12.1.2 Mobile/15E148 Safari/604.1" "-"
213.37.191.123 - - [11/Dec/2019:22:23:51 +0100] "GET /wp-content/plugins/wpfront-notification-bar/jquery-plugins/jquery.c.js?ver=1.4.0 HTTP/1.1" 200 3437 "https://amazingsportwear.com/producto/braga-gorro-polar-cat-8016/" "Mozilla/5.0 (iPhone; CPU iPhone OS 12_4_2 like Mac OS X) AppleWebKit/605.1.15 (KHTML, like Gecko) Version/12.1.2 Mobile/15E148 Safari/604.1" "-"
213.37.191.123 - - [11/Dec/2019:22:23:51 +0100] "GET /wp-content/plugins/simple-social-icons/svgxuse.js?ver=1.1.21 HTTP/1.1" 200 9580 "https://amazingsportwear.com/producto/braga-gorro-polar-cat-8016/" "Mozilla/5.0 (iPhone; CPU iPhone OS 12_4_2 like Mac OS X) AppleWebKit/605.1.15 (KHTML, like Gecko) Version/12.1.2 Mobile/15E148 Safari/604.1" "-"
213.37.191.123 - - [11/Dec/2019:22:23:51 +0100] "GET /wp-content/plugins/wpfront-notification-bar/js/wpfront-notification-bar.js?ver=1.7.1 HTTP/1.1" 200 5662 "https://amazingsportwear.com/producto/braga-gorro-polar-cat-8016/" "Mozilla/5.0 (iPhone; CPU iPhone OS 12_4_2 like Mac OS X) AppleWebKit/605.1.15 (KHTML, like Gecko) Version/12.1.2 Mobile/15E148 Safari/604.1" "-"
213.37.191.123 - - [11/Dec/2019:22:23:51 +0100] "GET /wp-includes/js/jquery/jquery.js HTTP/1.1" 200 97362 "https://amazingsportwear.com/producto/braga-gorro-polar-cat-8016/" "Mozilla/5.0 (iPhone; CPU iPhone OS 12_4_2 like Mac OS X) AppleWebKit/605.1.15 (KHTML, like Gecko) Version/12.1.2 Mobile/15E148 Safari/604.1" "-"
213.37.191.123 - - [11/Dec/2019:22:23:51 +0100] "GET /wp-content/plugins/product-enquiry-for-woocommerce/css/wdm-jquery-ui.css?ver=5.2.4 HTTP/1.1" 200 27001 "https://amazingsportwear.com/producto/braga-gorro-polar-cat-8016/" "Mozilla/5.0 (iPhone; CPU iPhone OS 12_4_2 like Mac OS X) AppleWebKit/605.1.15 (KHTML, like Gecko) Version/12.1.2 Mobile/15E148 Safari/604.1" "-"
213.37.191.123 - - [11/Dec/2019:22:23:51 +0100] "GET /wp-content/themes/shopper/assets/js/crm.js?ver=1561548510 HTTP/1.1" 200 874 "https://amazingsportwear.com/producto/braga-gorro-polar-cat-8016/" "Mozilla/5.0 (iPhone; CPU iPhone OS 12_4_2 like Mac OS X) AppleWebKit/605.1.15 (KHTML, like Gecko) Version/12.1.2 Mobile/15E148 Safari/604.1" "-"
213.37.191.123 - - [11/Dec/2019:22:23:51 +0100] "GET /wp-content/plugins/woocommerce/assets/js/jquery-blockui/jquery.blockUI.min.js?ver=2.70 HTTP/1.1" 200 9908 "https://amazingsportwear.com/producto/braga-gorro-polar-cat-8016/" "Mozilla/5.0 (iPhone; CPU iPhone OS 12_4_2 like Mac OS X) AppleWebKit/605.1.15 (KHTML, like Gecko) Version/12.1.2 Mobile/15E148 Safari/604.1" "-"
213.37.191.123 - - [11/Dec/2019:22:23:51 +0100] "GET /wp-content/plugins/woocommerce/assets/js/frontend/add-to-cart.min.js?ver=3.6.4 HTTP/1.1" 200 2983 "https://amazingsportwear.com/producto/braga-gorro-polar-cat-8016/" "Mozilla/5.0 (iPhone; CPU iPhone OS 12_4_2 like Mac OS X) AppleWebKit/605.1.15 (KHTML, like Gecko) Version/12.1.2 Mobile/15E148 Safari/604.1" "-"
213.37.191.123 - - [11/Dec/2019:22:23:51 +0100] "GET /wp-content/plugins/woocommerce/assets/js/zoom/jquery.zoom.min.js?ver=1.7.21 HTTP/1.1" 200 2957 "https://amazingsportwear.com/producto/braga-gorro-polar-cat-8016/" "Mozilla/5.0 (iPhone; CPU iPhone OS 12_4_2 like Mac OS X) AppleWebKit/605.1.15 (KHTML, like Gecko) Version/12.1.2 Mobile/15E148 Safari/604.1" "-"
213.37.191.123 - - [11/Dec/2019:22:23:51 +0100] "GET /wp-content/plugins/woocommerce/assets/js/photoswipe/photoswipe-ui-default.min.js?ver=4.1.1 HTTP/1.1" 200 10220 "https://amazingsportwear.com/producto/braga-gorro-polar-cat-8016/" "Mozilla/5.0 (iPhone; CPU iPhone OS 12_4_2 like Mac OS X) AppleWebKit/605.1.15 (KHTML, like Gecko) Version/12.1.2 Mobile/15E148 Safari/604.1" "-"
213.37.191.123 - - [11/Dec/2019:22:23:51 +0100] "GET /wp-content/plugins/woocommerce/assets/js/flexslider/jquery.flexslider.min.js?ver=2.7.2 HTTP/1.1" 200 23232 "https://amazingsportwear.com/producto/braga-gorro-polar-cat-8016/" "Mozilla/5.0 (iPhone; CPU iPhone OS 12_4_2 like Mac OS X) AppleWebKit/605.1.15 (KHTML, like Gecko) Version/12.1.2 Mobile/15E148 Safari/604.1" "-"
213.37.191.123 - - [11/Dec/2019:22:23:51 +0100] "GET /wp-content/plugins/woocommerce/assets/js/photoswipe/photoswipe.min.js?ver=4.1.1 HTTP/1.1" 200 32276 "https://amazingsportwear.com/producto/braga-gorro-polar-cat-8016/" "Mozilla/5.0 (iPhone; CPU iPhone OS 12_4_2 like Mac OS X) AppleWebKit/605.1.15 (KHTML, like Gecko) Version/12.1.2 Mobile/15E148 Safari/604.1" "-"
213.37.191.123 - - [11/Dec/2019:22:23:51 +0100] "GET /wp-content/plugins/woocommerce/assets/js/frontend/single-product.min.js?ver=3.6.4 HTTP/1.1" 200 6693 "https://amazingsportwear.com/producto/braga-gorro-polar-cat-8016/" "Mozilla/5.0 (iPhone; CPU iPhone OS 12_4_2 like Mac OS X) AppleWebKit/605.1.15 (KHTML, like Gecko) Version/12.1.2 Mobile/15E148 Safari/604.1" "-"
213.37.191.123 - - [11/Dec/2019:22:23:51 +0100] "GET /wp-content/plugins/woocommerce/assets/js/js-cookie/js.cookie.min.js?ver=2.1.4 HTTP/1.1" 200 2187 "https://amazingsportwear.com/producto/braga-gorro-polar-cat-8016/" "Mozilla/5.0 (iPhone; CPU iPhone OS 12_4_2 like Mac OS X) AppleWebKit/605.1.15 (KHTML, like Gecko) Version/12.1.2 Mobile/15E148 Safari/604.1" "-"
213.37.191.123 - - [11/Dec/2019:22:23:51 +0100] "GET /wp-content/plugins/woocommerce/assets/js/frontend/cart-fragments.min.js?ver=3.6.4 HTTP/1.1" 200 3281 "https://amazingsportwear.com/producto/braga-gorro-polar-cat-8016/" "Mozilla/5.0 (iPhone; CPU iPhone OS 12_4_2 like Mac OS X) AppleWebKit/605.1.15 (KHTML, like Gecko) Version/12.1.2 Mobile/15E148 Safari/604.1" "-"
213.37.191.123 - - [11/Dec/2019:22:23:51 +0100] "GET /wp-content/plugins/woocommerce/assets/js/frontend/woocommerce.min.js?ver=3.6.4 HTTP/1.1" 200 1813 "https://amazingsportwear.com/producto/braga-gorro-polar-cat-8016/" "Mozilla/5.0 (iPhone; CPU iPhone OS 12_4_2 like Mac OS X) AppleWebKit/605.1.15 (KHTML, like Gecko) Version/12.1.2 Mobile/15E148 Safari/604.1" "-"
213.37.191.123 - - [11/Dec/2019:22:23:51 +0100] "GET /wp-content/themes/shopper/assets/js/skip-link-focus-fix.js?ver=1.3.8 HTTP/1.1" 200 1023 "https://amazingsportwear.com/producto/braga-gorro-polar-cat-8016/" "Mozilla/5.0 (iPhone; CPU iPhone OS 12_4_2 like Mac OS X) AppleWebKit/605.1.15 (KHTML, like Gecko) Version/12.1.2 Mobile/15E148 Safari/604.1" "-"
213.37.191.123 - - [11/Dec/2019:22:23:51 +0100] "GET /wp-includes/js/comment-reply.min.js?ver=5.2.4 HTTP/1.1" 200 2575 "https://amazingsportwear.com/producto/braga-gorro-polar-cat-8016/" "Mozilla/5.0 (iPhone; CPU iPhone OS 12_4_2 like Mac OS X) AppleWebKit/605.1.15 (KHTML, like Gecko) Version/12.1.2 Mobile/15E148 Safari/604.1" "-"
213.37.191.123 - - [11/Dec/2019:22:23:51 +0100] "GET /wp-content/themes/shopper/assets/js/woocommerce/header-cart.min.js?ver=1.3.8 HTTP/1.1" 200 972 "https://amazingsportwear.com/producto/braga-gorro-polar-cat-8016/" "Mozilla/5.0 (iPhone; CPU iPhone OS 12_4_2 like Mac OS X) AppleWebKit/605.1.15 (KHTML, like Gecko) Version/12.1.2 Mobile/15E148 Safari/604.1" "-"
213.37.191.123 - - [11/Dec/2019:22:23:51 +0100] "GET /wp-includes/js/wp-embed.min.js?ver=5.2.4 HTTP/1.1" 200 1744 "https://amazingsportwear.com/producto/braga-gorro-polar-cat-8016/" "Mozilla/5.0 (iPhone; CPU iPhone OS 12_4_2 like Mac OS X) AppleWebKit/605.1.15 (KHTML, like Gecko) Version/12.1.2 Mobile/15E148 Safari/604.1" "-"
213.37.191.123 - - [11/Dec/2019:22:23:51 +0100] "GET /wp-content/themes/shopper/assets/js/shopper.min.js?ver=1.3.8 HTTP/1.1" 200 5994 "https://amazingsportwear.com/producto/braga-gorro-polar-cat-8016/" "Mozilla/5.0 (iPhone; CPU iPhone OS 12_4_2 like Mac OS X) AppleWebKit/605.1.15 (KHTML, like Gecko) Version/12.1.2 Mobile/15E148 Safari/604.1" "-"
213.37.191.123 - - [11/Dec/2019:22:23:51 +0100] "GET /wp-includes/js/underscore.min.js?ver=1.8.3 HTTP/1.1" 200 16527 "https://amazingsportwear.com/producto/braga-gorro-polar-cat-8016/" "Mozilla/5.0 (iPhone; CPU iPhone OS 12_4_2 like Mac OS X) AppleWebKit/605.1.15 (KHTML, like Gecko) Version/12.1.2 Mobile/15E148 Safari/604.1" "-"
213.37.191.123 - - [11/Dec/2019:22:23:51 +0100] "GET /wp-includes/js/wp-util.min.js?ver=5.2.4 HTTP/1.1" 200 1387 "https://amazingsportwear.com/producto/braga-gorro-polar-cat-8016/" "Mozilla/5.0 (iPhone; CPU iPhone OS 12_4_2 like Mac OS X) AppleWebKit/605.1.15 (KHTML, like Gecko) Version/12.1.2 Mobile/15E148 Safari/604.1" "-"
213.37.191.123 - - [11/Dec/2019:22:23:51 +0100] "GET /wp-content/plugins/woocommerce/assets/js/frontend/add-to-cart-variation.min.js?ver=3.6.4 HTTP/1.1" 200 13625 "https://amazingsportwear.com/producto/braga-gorro-polar-cat-8016/" "Mozilla/5.0 (iPhone; CPU iPhone OS 12_4_2 like Mac OS X) AppleWebKit/605.1.15 (KHTML, like Gecko) Version/12.1.2 Mobile/15E148 Safari/604.1" "-"
213.37.191.123 - - [11/Dec/2019:22:23:51 +0100] "GET /wp-content/plugins/akismet/_inc/form.js?ver=4.1.2 HTTP/1.1" 200 1040 "https://amazingsportwear.com/producto/braga-gorro-polar-cat-8016/" "Mozilla/5.0 (iPhone; CPU iPhone OS 12_4_2 like Mac OS X) AppleWebKit/605.1.15 (KHTML, like Gecko) Version/12.1.2 Mobile/15E148 Safari/604.1" "-"
213.37.191.123 - - [11/Dec/2019:22:23:51 +0100] "GET /wp-includes/js/jquery/ui/core.min.js?ver=1.11.4 HTTP/1.1" 200 4341 "https://amazingsportwear.com/producto/braga-gorro-polar-cat-8016/" "Mozilla/5.0 (iPhone; CPU iPhone OS 12_4_2 like Mac OS X) AppleWebKit/605.1.15 (KHTML, like Gecko) Version/12.1.2 Mobile/15E148 Safari/604.1" "-"
213.37.191.123 - - [11/Dec/2019:22:23:51 +0100] "GET /wp-includes/js/jquery/ui/widget.min.js?ver=1.11.4 HTTP/1.1" 200 7250 "https://amazingsportwear.com/producto/braga-gorro-polar-cat-8016/" "Mozilla/5.0 (iPhone; CPU iPhone OS 12_4_2 like Mac OS X) AppleWebKit/605.1.15 (KHTML, like Gecko) Version/12.1.2 Mobile/15E148 Safari/604.1" "-"
213.37.191.123 - - [11/Dec/2019:22:23:51 +0100] "GET /wp-includes/js/jquery/ui/resizable.min.js?ver=1.11.4 HTTP/1.1" 200 18798 "https://amazingsportwear.com/producto/braga-gorro-polar-cat-8016/" "Mozilla/5.0 (iPhone; CPU iPhone OS 12_4_2 like Mac OS X) AppleWebKit/605.1.15 (KHTML, like Gecko) Version/12.1.2 Mobile/15E148 Safari/604.1" "-"
213.37.191.123 - - [11/Dec/2019:22:23:51 +0100] "GET /wp-includes/js/jquery/ui/mouse.min.js?ver=1.11.4 HTTP/1.1" 200 3489 "https://amazingsportwear.com/producto/braga-gorro-polar-cat-8016/" "Mozilla/5.0 (iPhone; CPU iPhone OS 12_4_2 like Mac OS X) AppleWebKit/605.1.15 (KHTML, like Gecko) Version/12.1.2 Mobile/15E148 Safari/604.1" "-"
213.37.191.123 - - [11/Dec/2019:22:23:51 +0100] "GET /wp-includes/js/jquery/ui/draggable.min.js?ver=1.11.4 HTTP/1.1" 200 19277 "https://amazingsportwear.com/producto/braga-gorro-polar-cat-8016/" "Mozilla/5.0 (iPhone; CPU iPhone OS 12_4_2 like Mac OS X) AppleWebKit/605.1.15 (KHTML, like Gecko) Version/12.1.2 Mobile/15E148 Safari/604.1" "-"
213.37.191.123 - - [11/Dec/2019:22:23:51 +0100] "GET /wp-includes/js/jquery/ui/button.min.js?ver=1.11.4 HTTP/1.1" 200 7578 "https://amazingsportwear.com/producto/braga-gorro-polar-cat-8016/" "Mozilla/5.0 (iPhone; CPU iPhone OS 12_4_2 like Mac OS X) AppleWebKit/605.1.15 (KHTML, like Gecko) Version/12.1.2 Mobile/15E148 Safari/604.1" "-"
213.37.191.123 - - [11/Dec/2019:22:23:51 +0100] "GET /wp-includes/js/jquery/ui/position.min.js?ver=1.11.4 HTTP/1.1" 200 6869 "https://amazingsportwear.com/producto/braga-gorro-polar-cat-8016/" "Mozilla/5.0 (iPhone; CPU iPhone OS 12_4_2 like Mac OS X) AppleWebKit/605.1.15 (KHTML, like Gecko) Version/12.1.2 Mobile/15E148 Safari/604.1" "-"
213.37.191.123 - - [11/Dec/2019:22:23:51 +0100] "GET /wp-includes/js/jquery/ui/dialog.min.js?ver=1.11.4 HTTP/1.1" 200 12482 "https://amazingsportwear.com/producto/braga-gorro-polar-cat-8016/" "Mozilla/5.0 (iPhone; CPU iPhone OS 12_4_2 like Mac OS X) AppleWebKit/605.1.15 (KHTML, like Gecko) Version/12.1.2 Mobile/15E148 Safari/604.1" "-"
213.37.191.123 - - [11/Dec/2019:22:23:51 +0100] "GET /wp-content/plugins/product-enquiry-for-woocommerce/js/wdm_jquery.validate.min.js?ver=5.2.4 HTTP/1.1" 200 21818 "https://amazingsportwear.com/producto/braga-gorro-polar-cat-8016/" "Mozilla/5.0 (iPhone; CPU iPhone OS 12_4_2 like Mac OS X) AppleWebKit/605.1.15 (KHTML, like Gecko) Version/12.1.2 Mobile/15E148 Safari/604.1" "-"
213.37.191.123 - - [11/Dec/2019:22:23:51 +0100] "GET /wp-content/plugins/product-enquiry-for-woocommerce/js/contact.js?ver=5.2.4 HTTP/1.1" 200 4681 "https://amazingsportwear.com/producto/braga-gorro-polar-cat-8016/" "Mozilla/5.0 (iPhone; CPU iPhone OS 12_4_2 like Mac OS X) AppleWebKit/605.1.15 (KHTML, like Gecko) Version/12.1.2 Mobile/15E148 Safari/604.1" "-"
213.37.191.123 - - [11/Dec/2019:22:23:51 +0100] "GET /wp-content/uploads/2019/05/cropped-asw-white.png HTTP/1.1" 200 7500 "https://amazingsportwear.com/producto/braga-gorro-polar-cat-8016/" "Mozilla/5.0 (iPhone; CPU iPhone OS 12_4_2 like Mac OS X) AppleWebKit/605.1.15 (KHTML, like Gecko) Version/12.1.2 Mobile/15E148 Safari/604.1" "-"
213.37.191.123 - - [11/Dec/2019:22:23:51 +0100] "GET /wp-content/uploads/2018/05/cat-8016-02.jpg HTTP/1.1" 200 47079 "https://amazingsportwear.com/producto/braga-gorro-polar-cat-8016/" "Mozilla/5.0 (iPhone; CPU iPhone OS 12_4_2 like Mac OS X) AppleWebKit/605.1.15 (KHTML, like Gecko) Version/12.1.2 Mobile/15E148 Safari/604.1" "-"
213.37.191.123 - - [11/Dec/2019:22:23:51 +0100] "GET /wp-content/uploads/2018/05/cat-8016-03.jpg HTTP/1.1" 200 67903 "https://amazingsportwear.com/producto/braga-gorro-polar-cat-8016/" "Mozilla/5.0 (iPhone; CPU iPhone OS 12_4_2 like Mac OS X) AppleWebKit/605.1.15 (KHTML, like Gecko) Version/12.1.2 Mobile/15E148 Safari/604.1" "-"
213.37.191.123 - - [11/Dec/2019:22:23:51 +0100] "GET /wp-content/uploads/2018/05/cat-8016-07.jpg HTTP/1.1" 200 64176 "https://amazingsportwear.com/producto/braga-gorro-polar-cat-8016/" "Mozilla/5.0 (iPhone; CPU iPhone OS 12_4_2 like Mac OS X) AppleWebKit/605.1.15 (KHTML, like Gecko) Version/12.1.2 Mobile/15E148 Safari/604.1" "-"
213.37.191.123 - - [11/Dec/2019:22:23:51 +0100] "GET /wp-content/uploads/2018/05/cat-8016-06.jpg HTTP/1.1" 200 52419 "https://amazingsportwear.com/producto/braga-gorro-polar-cat-8016/" "Mozilla/5.0 (iPhone; CPU iPhone OS 12_4_2 like Mac OS X) AppleWebKit/605.1.15 (KHTML, like Gecko) Version/12.1.2 Mobile/15E148 Safari/604.1" "-"
213.37.191.123 - - [11/Dec/2019:22:23:51 +0100] "GET /wp-content/uploads/2018/05/cat-8016-04.jpg HTTP/1.1" 200 69701 "https://amazingsportwear.com/producto/braga-gorro-polar-cat-8016/" "Mozilla/5.0 (iPhone; CPU iPhone OS 12_4_2 like Mac OS X) AppleWebKit/605.1.15 (KHTML, like Gecko) Version/12.1.2 Mobile/15E148 Safari/604.1" "-"
213.37.191.123 - - [11/Dec/2019:22:23:51 +0100] "GET /wp-content/uploads/2018/05/cat-8016-228.jpg HTTP/1.1" 200 71760 "https://amazingsportwear.com/producto/braga-gorro-polar-cat-8016/" "Mozilla/5.0 (iPhone; CPU iPhone OS 12_4_2 like Mac OS X) AppleWebKit/605.1.15 (KHTML, like Gecko) Version/12.1.2 Mobile/15E148 Safari/604.1" "-"
213.37.191.123 - - [11/Dec/2019:22:23:51 +0100] "GET /wp-content/uploads/2018/05/cat-8016-11.jpg HTTP/1.1" 200 63700 "https://amazingsportwear.com/producto/braga-gorro-polar-cat-8016/" "Mozilla/5.0 (iPhone; CPU iPhone OS 12_4_2 like Mac OS X) AppleWebKit/605.1.15 (KHTML, like Gecko) Version/12.1.2 Mobile/15E148 Safari/604.1" "-"
213.37.191.123 - - [11/Dec/2019:22:23:51 +0100] "GET /wp-content/uploads/2018/05/cat-8016-colores-1.jpg HTTP/1.1" 200 20450 "https://amazingsportwear.com/producto/braga-gorro-polar-cat-8016/" "Mozilla/5.0 (iPhone; CPU iPhone OS 12_4_2 like Mac OS X) AppleWebKit/605.1.15 (KHTML, like Gecko) Version/12.1.2 Mobile/15E148 Safari/604.1" "-"
213.37.191.123 - - [11/Dec/2019:22:23:51 +0100] "GET /wp-content/themes/shopper/assets/fonts/fontawesome-webfont.woff2?v=4.7.0 HTTP/1.1" 200 77615 "https://amazingsportwear.com/producto/braga-gorro-polar-cat-8016/" "Mozilla/5.0 (iPhone; CPU iPhone OS 12_4_2 like Mac OS X) AppleWebKit/605.1.15 (KHTML, like Gecko) Version/12.1.2 Mobile/15E148 Safari/604.1" "_ga=GA1.2.1955656674.1576099431; _gat_gtag_UA_91619287_1=1; _gid=GA1.2.1383909537.1576099431"
213.37.191.123 - - [11/Dec/2019:22:23:51 +0100] "GET /wp-content/uploads/2018/05/cp-lycra-2.jpg HTTP/1.1" 200 13775 "https://amazingsportwear.com/producto/braga-gorro-polar-cat-8016/" "Mozilla/5.0 (iPhone; CPU iPhone OS 12_4_2 like Mac OS X) AppleWebKit/605.1.15 (KHTML, like Gecko) Version/12.1.2 Mobile/15E148 Safari/604.1" "-"
213.37.191.123 - - [11/Dec/2019:22:23:51 +0100] "GET /wp-content/uploads/2019/04/mento1-600x600.jpg HTTP/1.1" 200 29420 "https://amazingsportwear.com/producto/braga-gorro-polar-cat-8016/" "Mozilla/5.0 (iPhone; CPU iPhone OS 12_4_2 like Mac OS X) AppleWebKit/605.1.15 (KHTML, like Gecko) Version/12.1.2 Mobile/15E148 Safari/604.1" "-"
213.37.191.123 - - [11/Dec/2019:22:23:51 +0100] "GET /wp-content/plugins/simple-social-icons/symbol-defs.svg HTTP/1.1" 200 19699 "https://amazingsportwear.com/producto/braga-gorro-polar-cat-8016/" "Mozilla/5.0 (iPhone; CPU iPhone OS 12_4_2 like Mac OS X) AppleWebKit/605.1.15 (KHTML, like Gecko) Version/12.1.2 Mobile/15E148 Safari/604.1" "_ga=GA1.2.1955656674.1576099431; _gat_gtag_UA_91619287_1=1; _gid=GA1.2.1383909537.1576099431"
213.37.191.123 - - [11/Dec/2019:22:23:51 +0100] "GET /wp-content/uploads/2018/05/ENY-FL14W-1-300x300.jpg HTTP/1.1" 200 18075 "https://amazingsportwear.com/producto/braga-gorro-polar-cat-8016/" "Mozilla/5.0 (iPhone; CPU iPhone OS 12_4_2 like Mac OS X) AppleWebKit/605.1.15 (KHTML, like Gecko) Version/12.1.2 Mobile/15E148 Safari/604.1" "-"
213.37.191.123 - - [11/Dec/2019:22:23:51 +0100] "GET /wp-content/plugins/product-enquiry-for-woocommerce/img/contact/loading.gif HTTP/1.1" 200 3834 "https://amazingsportwear.com/producto/braga-gorro-polar-cat-8016/" "Mozilla/5.0 (iPhone; CPU iPhone OS 12_4_2 like Mac OS X) AppleWebKit/605.1.15 (KHTML, like Gecko) Version/12.1.2 Mobile/15E148 Safari/604.1" "-"
213.37.191.123 - - [11/Dec/2019:22:23:51 +0100] "GET /wp-content/uploads/2019/05/asw-white-600x252.png HTTP/1.1" 200 29380 "https://amazingsportwear.com/producto/braga-gorro-polar-cat-8016/" "Mozilla/5.0 (iPhone; CPU iPhone OS 12_4_2 like Mac OS X) AppleWebKit/605.1.15 (KHTML, like Gecko) Version/12.1.2 Mobile/15E148 Safari/604.1" "-"
213.37.191.123 - - [11/Dec/2019:22:23:51 +0100] "GET /wp-content/uploads/2018/05/cat-8016-03-100x100.jpg HTTP/1.1" 200 11124 "https://amazingsportwear.com/producto/braga-gorro-polar-cat-8016/" "Mozilla/5.0 (iPhone; CPU iPhone OS 12_4_2 like Mac OS X) AppleWebKit/605.1.15 (KHTML, like Gecko) Version/12.1.2 Mobile/15E148 Safari/604.1" "_ga=GA1.2.1955656674.1576099431; _gat_gtag_UA_91619287_1=1; _gid=GA1.2.1383909537.1576099431"
213.37.191.123 - - [11/Dec/2019:22:23:51 +0100] "GET /wp-content/uploads/2018/05/cat-8016-07-100x100.jpg HTTP/1.1" 200 12052 "https://amazingsportwear.com/producto/braga-gorro-polar-cat-8016/" "Mozilla/5.0 (iPhone; CPU iPhone OS 12_4_2 like Mac OS X) AppleWebKit/605.1.15 (KHTML, like Gecko) Version/12.1.2 Mobile/15E148 Safari/604.1" "_ga=GA1.2.1955656674.1576099431; _gat_gtag_UA_91619287_1=1; _gid=GA1.2.1383909537.1576099431"
213.37.191.123 - - [11/Dec/2019:22:23:51 +0100] "GET /wp-content/uploads/2018/05/cat-8016-04-100x100.jpg HTTP/1.1" 200 11982 "https://amazingsportwear.com/producto/braga-gorro-polar-cat-8016/" "Mozilla/5.0 (iPhone; CPU iPhone OS 12_4_2 like Mac OS X) AppleWebKit/605.1.15 (KHTML, like Gecko) Version/12.1.2 Mobile/15E148 Safari/604.1" "_ga=GA1.2.1955656674.1576099431; _gat_gtag_UA_91619287_1=1; _gid=GA1.2.1383909537.1576099431"
213.37.191.123 - - [11/Dec/2019:22:23:51 +0100] "GET /wp-content/uploads/2018/05/cat-8016-02-100x100.jpg HTTP/1.1" 200 10205 "https://amazingsportwear.com/producto/braga-gorro-polar-cat-8016/" "Mozilla/5.0 (iPhone; CPU iPhone OS 12_4_2 like Mac OS X) AppleWebKit/605.1.15 (KHTML, like Gecko) Version/12.1.2 Mobile/15E148 Safari/604.1" "_ga=GA1.2.1955656674.1576099431; _gat_gtag_UA_91619287_1=1; _gid=GA1.2.1383909537.1576099431"
213.37.191.123 - - [11/Dec/2019:22:23:51 +0100] "GET /wp-content/uploads/2018/05/cat-8016-228-100x100.jpg HTTP/1.1" 200 12071 "https://amazingsportwear.com/producto/braga-gorro-polar-cat-8016/" "Mozilla/5.0 (iPhone; CPU iPhone OS 12_4_2 like Mac OS X) AppleWebKit/605.1.15 (KHTML, like Gecko) Version/12.1.2 Mobile/15E148 Safari/604.1" "_ga=GA1.2.1955656674.1576099431; _gat_gtag_UA_91619287_1=1; _gid=GA1.2.1383909537.1576099431"
213.37.191.123 - - [11/Dec/2019:22:23:51 +0100] "GET /wp-content/uploads/2018/05/cat-8016-06-100x100.jpg HTTP/1.1" 200 10991 "https://amazingsportwear.com/producto/braga-gorro-polar-cat-8016/" "Mozilla/5.0 (iPhone; CPU iPhone OS 12_4_2 like Mac OS X) AppleWebKit/605.1.15 (KHTML, like Gecko) Version/12.1.2 Mobile/15E148 Safari/604.1" "_ga=GA1.2.1955656674.1576099431; _gat_gtag_UA_91619287_1=1; _gid=GA1.2.1383909537.1576099431"
213.37.191.123 - - [11/Dec/2019:22:23:51 +0100] "GET /wp-content/uploads/2018/05/cat-8016-11-100x100.jpg HTTP/1.1" 200 11978 "https://amazingsportwear.com/producto/braga-gorro-polar-cat-8016/" "Mozilla/5.0 (iPhone; CPU iPhone OS 12_4_2 like Mac OS X) AppleWebKit/605.1.15 (KHTML, like Gecko) Version/12.1.2 Mobile/15E148 Safari/604.1" "_ga=GA1.2.1955656674.1576099431; _gat_gtag_UA_91619287_1=1; _gid=GA1.2.1383909537.1576099431"
213.37.191.123 - - [11/Dec/2019:22:23:51 +0100] "GET /img/cms/complementos/cat-8016-colores.JPG HTTP/1.1" 404 68055 "-" "Mozilla/5.0 (iPhone; CPU iPhone OS 12_4_2 like Mac OS X) AppleWebKit/605.1.15 (KHTML, like Gecko) Version/12.1.2 Mobile/15E148 Safari/604.1" "-"
213.37.191.123 - - [11/Dec/2019:22:23:51 +0100] "POST /?wc-ajax=get_refreshed_fragments HTTP/1.1" 200 1397 "https://amazingsportwear.com/producto/braga-gorro-polar-cat-8016/" "Mozilla/5.0 (iPhone; CPU iPhone OS 12_4_2 like Mac OS X) AppleWebKit/605.1.15 (KHTML, like Gecko) Version/12.1.2 Mobile/15E148 Safari/604.1" "_ga=GA1.2.1955656674.1576099431; _gat_gtag_UA_91619287_1=1; _gid=GA1.2.1383909537.1576099431"
213.37.191.123 - - [11/Dec/2019:22:23:52 +0100] "GET /wp-content/uploads/2019/05/cropped-favicon-nuevo-logo-amazinf-128px-192x192.png HTTP/1.1" 200 14048 "https://amazingsportwear.com/producto/braga-gorro-polar-cat-8016/" "Mozilla/5.0 (iPhone; CPU iPhone OS 12_4_2 like Mac OS X) AppleWebKit/605.1.15 (KHTML, like Gecko) Version/12.1.2 Mobile/15E148 Safari/604.1" "wpfront-notification-bar-landingpage=1; _ga=GA1.2.1955656674.1576099431; _gat_gtag_UA_91619287_1=1; _gid=GA1.2.1383909537.1576099431"
213.37.191.123 - - [11/Dec/2019:22:23:52 +0100] "GET /wp-content/uploads/2019/05/cropped-favicon-nuevo-logo-amazinf-128px-32x32.png HTTP/1.1" 200 1362 "https://amazingsportwear.com/producto/braga-gorro-polar-cat-8016/" "Mozilla/5.0 (iPhone; CPU iPhone OS 12_4_2 like Mac OS X) AppleWebKit/605.1.15 (KHTML, like Gecko) Version/12.1.2 Mobile/15E148 Safari/604.1" "wpfront-notification-bar-landingpage=1; _ga=GA1.2.1955656674.1576099431; _gat_gtag_UA_91619287_1=1; _gid=GA1.2.1383909537.1576099431"
189.173.46.116 - - [11/Dec/2019:22:28:47 +0100] "GET /wp-content/uploads/2019/04/Gorra-sport-10.png HTTP/1.1" 200 60231 "https://www.google.com/" "Mozilla/5.0 (iPhone; CPU iPhone OS 13_1 like Mac OS X) AppleWebKit/605.1.15 (KHTML, like Gecko) CriOS/78.0.3904.84 Mobile/15E148 Safari/604.1" "-"
207.46.13.223 - - [11/Dec/2019:22:37:26 +0100] "GET /wp-content/uploads/2017/03/CIF-T-1059.jpg HTTP/1.1" 200 57816 "-" "Mozilla/5.0 (compatible; bingbot/2.0; +http://www.bing.com/bingbot.htm)" "-"
207.46.13.196 - - [11/Dec/2019:22:43:35 +0100] "GET /wp-content/uploads/2019/04/Bidon-doger-4.png HTTP/1.1" 200 62607 "-" "Mozilla/5.0 (compatible; bingbot/2.0; +http://www.bing.com/bingbot.htm)" "-"
217.76.130.90 - - [11/Dec/2019:22:51:55 +0100] "POST /wp-cron.php?doing_wp_cron=1576101115.4628539085388183593750 HTTP/1.1" 200 3389 "https://amazingsportwear.com/wp-cron.php?doing_wp_cron=1576101115.4628539085388183593750" "WordPress/5.2.4; https://amazingsportwear.com" "-"
116.27.245.96 - - [11/Dec/2019:22:51:52 +0100] "GET /categoria-producto/accesorios/page/1 HTTP/1.1" 301 3553 "-" "Mozilla/5.0(Linux;U;Android 5.1.1;zh-CN;OPPO A33 Build/LMY47V) AppleWebKit/537.36(KHTML,like Gecko) Version/4.0 Chrome/40.0.2214.89 UCBrowser/11.7.0.953 Mobile Safari/537.36" "-"
116.248.186.108 - - [11/Dec/2019:22:51:55 +0100] "GET /etiqueta-producto/gorra-de-diseno HTTP/1.1" 301 3557 "-" "Mozilla/5.0(Linux;Android 5.1.1;OPPO A33 Build/LMY47V;wv) AppleWebKit/537.36(KHTML,link Gecko) Version/4.0 Chrome/42.0.2311.138 Mobile Safari/537.36 Mb2345Browser/9.0" "-"
116.27.245.96 - - [11/Dec/2019:22:51:57 +0100] "GET /categoria-producto/accesorios/ HTTP/1.1" 200 76160 "-" "Mozilla/5.0(Linux;U;Android 5.1.1;zh-CN;OPPO A33 Build/LMY47V) AppleWebKit/537.36(KHTML,like Gecko) Version/4.0 Chrome/40.0.2214.89 UCBrowser/11.7.0.953 Mobile Safari/537.36" "-"
