207.46.13.185 - - [04/Dec/2019:00:05:06 +0100] "GET /wp-content/uploads/2019/04/mochila-decath-7.png HTTP/1.1" 200 106965 "-" "Mozilla/5.0 (compatible; bingbot/2.0; +http://www.bing.com/bingbot.htm)" "-"
148.255.157.251 - - [04/Dec/2019:00:07:57 +0100] "GET /wp-content/uploads/2019/04/gorra-kisse-6.png HTTP/1.1" 200 89906 "https://www.google.com.do/" "Mozilla/5.0 (iPhone; CPU iPhone OS 13_1_3 like Mac OS X) AppleWebKit/605.1.15 (KHTML, like Gecko) Version/13.0.1 Mobile/15E148 Safari/604.1" "-"
207.46.13.47 - - [04/Dec/2019:00:11:13 +0100] "GET /wp-content/uploads/2019/04/mochila-decath-5.png HTTP/1.1" 200 131041 "-" "Mozilla/5.0 (compatible; bingbot/2.0; +http://www.bing.com/bingbot.htm)" "-"
217.76.130.90 - - [04/Dec/2019:00:13:47 +0100] "POST /wp-cron.php?doing_wp_cron=1575414827.4875469207763671875000 HTTP/1.1" 200 3389 "https://amazingsportwear.com/wp-cron.php?doing_wp_cron=1575414827.4875469207763671875000" "WordPress/5.2.4; https://amazingsportwear.com" "-"
66.249.66.70 - - [04/Dec/2019:00:13:14 +0100] "GET /robots.txt HTTP/1.1" 200 3939 "-" "Mozilla/5.0 (compatible; Googlebot/2.1; +http://www.google.com/bot.html)" "-"
66.249.66.68 - - [04/Dec/2019:00:13:48 +0100] "GET /wp-content/uploads/2017/03/nath-rex-hombre-300x300.jpg HTTP/1.1" 304 3565 "-" "Googlebot-Image/1.0" "-"
157.55.39.51 - - [04/Dec/2019:00:29:26 +0100] "GET /wp-content/uploads/2019/04/kit-emergencia-cerrado.png HTTP/1.1" 200 118691 "-" "Mozilla/5.0 (compatible; bingbot/2.0; +http://www.bing.com/bingbot.htm)" "-"
106.5.11.162 - - [04/Dec/2019:00:33:38 +0100] "GET /wp-content/uploads/2017/01/pant-futbol1.jpg HTTP/1.1" 200 56913 "-" "Mozilla/5.0(Linux;Android 5.1.1;OPPO A33 Build/LMY47V;wv) AppleWebKit/537.36(KHTML,link Gecko) Version/4.0 Chrome/43.0.2357.121 Mobile Safari/537.36 LieBaoFast/4.51.3" "-"
157.55.39.51 - - [04/Dec/2019:00:36:47 +0100] "GET /wp-content/uploads/2019/04/VANDIX-AZU%C3%91L.png HTTP/1.1" 200 120570 "-" "Mozilla/5.0 (compatible; bingbot/2.0; +http://www.bing.com/bingbot.htm)" "-"
217.76.130.90 - - [04/Dec/2019:00:41:40 +0100] "POST /wp-cron.php?doing_wp_cron=1575416500.3948850631713867187500 HTTP/1.1" 200 3389 "https://amazingsportwear.com/wp-cron.php?doing_wp_cron=1575416500.3948850631713867187500" "WordPress/5.2.4; https://amazingsportwear.com" "-"
117.67.0.25 - - [04/Dec/2019:00:41:37 +0100] "GET /producto/camiseta-manga-corta-basket-2?add-to-cart=18688 HTTP/1.1" 301 4821 "-" "Mozilla/5.0(Linux;Android 5.1.1;OPPO A33 Build/LMY47V;wv) AppleWebKit/537.36(KHTML,link Gecko) Version/4.0 Chrome/43.0.2357.121 Mobile Safari/537.36 LieBaoFast/4.51.3" "-"
117.67.0.25 - - [04/Dec/2019:00:41:56 +0100] "GET /producto/camiseta-manga-corta-basket-2/?add-to-cart=18688 HTTP/1.1" 200 77940 "-" "Mozilla/5.0(Linux;Android 5.1.1;OPPO A33 Build/LMY47V;wv) AppleWebKit/537.36(KHTML,link Gecko) Version/4.0 Chrome/43.0.2357.121 Mobile Safari/537.36 LieBaoFast/4.51.3" "woocommerce_cart_hash=29ae7f948d64baeb4f4898796d76fa30; woocommerce_items_in_cart=1; wp_woocommerce_session_fb86dbb0e6335d960ea3e94e06b25287=32c483f2321a2cfc02392d6820a87352%7C%7C1575589300%7C%7C1575585700%7C%7C097dcb8edbcdd6bc2cb345de47b93807; wpfront-notification-bar-landingpage=1"
179.7.193.96 - - [04/Dec/2019:00:56:24 +0100] "GET /wp-content/uploads/2019/04/Llavero-metalico-golf-3.png HTTP/1.1" 200 46821 "https://www.google.com/" "Mozilla/5.0 (Windows NT 6.3; Win64; x64) AppleWebKit/537.36 (KHTML, like Gecko) Chrome/78.0.3904.108 Safari/537.36" "-"
207.46.13.47 - - [04/Dec/2019:00:58:33 +0100] "GET /wp-content/uploads/2019/04/HALMIK-VERDE.png HTTP/1.1" 200 109229 "-" "Mozilla/5.0 (compatible; bingbot/2.0; +http://www.bing.com/bingbot.htm)" "-"
190.31.139.237 - - [04/Dec/2019:01:07:32 +0100] "GET /wp-content/uploads/2019/04/Llavero-metalico-golf-3.png HTTP/1.1" 200 46821 "https://www.google.com/" "Mozilla/5.0 (Windows NT 10.0; Win64; x64) AppleWebKit/537.36 (KHTML, like Gecko) Chrome/78.0.3904.108 Safari/537.36" "-"
157.55.39.51 - - [04/Dec/2019:01:12:06 +0100] "GET /wp-content/uploads/2019/04/VANDIX-AZU%C3%91L.png HTTP/1.1" 200 120570 "-" "Mozilla/5.0 (compatible; bingbot/2.0; +http://www.bing.com/bingbot.htm)" "-"
217.76.130.90 - - [04/Dec/2019:01:15:37 +0100] "POST /wp-cron.php?doing_wp_cron=1575418537.0930650234222412109375 HTTP/1.1" 200 164 "http://amazingsportwear.com/wp-cron.php?doing_wp_cron=1575418537.0930650234222412109375" "WordPress/5.2.4; https://amazingsportwear.com" "-"
157.55.39.121 - - [04/Dec/2019:01:15:34 +0100] "GET /22-tienda HTTP/1.1" 404 68018 "-" "Mozilla/5.0 (iPhone; CPU iPhone OS 7_0 like Mac OS X) AppleWebKit/537.51.1 (KHTML, like Gecko) Version/7.0 Mobile/11A465 Safari/9537.53 (compatible; bingbot/2.0; +http://www.bing.com/bingbot.htm)" "-"
157.55.39.51 - - [04/Dec/2019:01:15:38 +0100] "GET /tienda/105-camiseta-tecnica-bandera-cat-3581.html HTTP/1.1" 404 68134 "-" "Mozilla/5.0 (iPhone; CPU iPhone OS 7_0 like Mac OS X) AppleWebKit/537.51.1 (KHTML, like Gecko) Version/7.0 Mobile/11A465 Safari/9537.53 (compatible; bingbot/2.0; +http://www.bing.com/bingbot.htm)" "-"
157.55.39.121 - - [04/Dec/2019:01:15:39 +0100] "GET /wp-content/uploads/2017/03/sa-0563-hombre-300x300.jpg HTTP/1.1" 200 15241 "-" "Mozilla/5.0 (compatible; bingbot/2.0; +http://www.bing.com/bingbot.htm)" "-"
207.46.13.47 - - [04/Dec/2019:01:25:38 +0100] "GET /wp-content/uploads/2017/03/sa-0425_12.jpg HTTP/1.1" 200 77231 "-" "Mozilla/5.0 (compatible; bingbot/2.0; +http://www.bing.com/bingbot.htm)" "-"
217.76.130.90 - - [04/Dec/2019:01:31:40 +0100] "POST /wp-cron.php?doing_wp_cron=1575419500.3035719394683837890625 HTTP/1.1" 200 3389 "https://amazingsportwear.com/wp-cron.php?doing_wp_cron=1575419500.3035719394683837890625" "WordPress/5.2.4; https://amazingsportwear.com" "-"
157.55.39.51 - - [04/Dec/2019:01:31:37 +0100] "GET /tienda/page/2/ HTTP/1.1" 200 76218 "-" "Mozilla/5.0 (compatible; bingbot/2.0; +http://www.bing.com/bingbot.htm)" "-"
157.55.39.51 - - [04/Dec/2019:01:32:55 +0100] "GET /wp-content/uploads/2019/04/mochila-jeremy-1-300x300.png HTTP/1.1" 200 47688 "-" "Mozilla/5.0 (compatible; bingbot/2.0; +http://www.bing.com/bingbot.htm)" "-"
217.76.130.90 - - [04/Dec/2019:01:42:17 +0100] "POST /wp-cron.php?doing_wp_cron=1575420137.0372679233551025390625 HTTP/1.1" 200 3389 "https://amazingsportwear.com/wp-cron.php?doing_wp_cron=1575420137.0372679233551025390625" "WordPress/5.2.4; https://amazingsportwear.com" "-"
128.14.134.170 - - [04/Dec/2019:01:42:14 +0100] "GET / HTTP/1.1" 200 125545 "-" "Mozilla/5.0 (Windows NT 10.0; Win64; x64) AppleWebKit/537.36 (KHTML, like Gecko) Chrome/60.0.3112.113 Safari/537.36" "-"
217.76.130.90 - - [04/Dec/2019:01:43:41 +0100] "POST /wp-cron.php?doing_wp_cron=1575420221.0290579795837402343750 HTTP/1.1" 200 164 "http://amazingsportwear.com/wp-cron.php?doing_wp_cron=1575420221.0290579795837402343750" "WordPress/5.2.4; https://amazingsportwear.com" "-"
106.120.173.81 - - [04/Dec/2019:01:43:40 +0100] "GET / HTTP/1.1" 301 298 "-" "Sogou web spider/4.0(+http://www.sogou.com/docs/help/webmasters.htm#07)" "-"
106.120.173.81 - - [04/Dec/2019:01:43:40 +0100] "GET /robots.txt HTTP/1.1" 200 394 "-" "Sogou web spider/4.0(+http://www.sogou.com/docs/help/webmasters.htm#07)" "-"
106.120.173.81 - - [04/Dec/2019:01:43:42 +0100] "GET / HTTP/1.1" 200 125733 "-" "Sogou web spider/4.0(+http://www.sogou.com/docs/help/webmasters.htm#07)" "wpfront-notification-bar-landingpage=1;"
148.202.102.182 - - [04/Dec/2019:01:51:57 +0100] "GET /wp-content/uploads/2019/04/Gorra-sport-10.png HTTP/1.1" 200 60426 "https://www.google.com/" "Mozilla/5.0 (Windows NT 10.0; Win64; x64) AppleWebKit/537.36 (KHTML, like Gecko) Chrome/78.0.3904.108 Safari/537.36" "-"
217.76.130.90 - - [04/Dec/2019:02:14:10 +0100] "POST /wp-cron.php?doing_wp_cron=1575422050.9388699531555175781250 HTTP/1.1" 200 164 "http://amazingsportwear.com/wp-cron.php?doing_wp_cron=1575422050.9388699531555175781250" "WordPress/5.2.4; https://amazingsportwear.com" "-"
185.37.150.110 - - [04/Dec/2019:02:14:08 +0100] "GET /doc.php HTTP/1.1" 404 67972 "http://site.ru" "Mozilla/5.0 (Windows; U; Windows NT 5.1; en-US) AppleWebKit/533.4 (KHTML, like Gecko) Chrome/5.0.375.99 Safari/533.4" "-"
104.222.33.182 - - [04/Dec/2019:02:14:36 +0100] "GET / HTTP/1.1" 301 336 "-" "Mozilla/5.0 (Windows NT 10.0; Win64; x64; rv:64.0) Gecko/20100101 Firefox/64.0" "-"
23.239.180.137 - - [04/Dec/2019:02:14:37 +0100] "GET / HTTP/1.1" 200 125570 "-" "Mozilla/5.0 (Windows NT 10.0; Win64; x64; rv:64.0) Gecko/20100101 Firefox/64.0" "wpfront-notification-bar-landingpage=1; APSERVER_ID=a572b9efce17a2fc53acdedadb53be3eed646b17fc0a8556e0ec3c48188265cf"
104.222.43.52 - - [04/Dec/2019:02:14:42 +0100] "GET /wp-content/uploads/2019/05/cropped-favicon-nuevo-logo-amazinf-128px-32x32.png HTTP/1.1" 200 4392 "-" "Mozilla/5.0 (Windows NT 10.0; Win64; x64; rv:64.0) Gecko/20100101 Firefox/64.0" "-"
189.216.123.28 - - [04/Dec/2019:02:15:20 +0100] "GET /wp-content/uploads/2019/04/SA-1070-2.png HTTP/1.1" 200 175956 "https://www.google.com/" "Mozilla/5.0 (Windows NT 10.0; Win64; x64) AppleWebKit/537.36 (KHTML, like Gecko) Chrome/78.0.3904.108 Safari/537.36" "-"
217.76.130.90 - - [04/Dec/2019:02:17:55 +0100] "POST /wp-cron.php?doing_wp_cron=1575422275.8805460929870605468750 HTTP/1.1" 200 3389 "https://amazingsportwear.com/wp-cron.php?doing_wp_cron=1575422275.8805460929870605468750" "WordPress/5.2.4; https://amazingsportwear.com" "-"
189.216.123.28 - - [04/Dec/2019:02:17:54 +0100] "HEAD /https://amazingsportwear.com/ HTTP/1.1" 301 3772 "-" "Test Certificate Info" "-"
157.55.39.121 - - [04/Dec/2019:02:22:34 +0100] "GET /wp-content/uploads/2017/01/cam-ranglan1.jpg HTTP/1.1" 200 149095 "-" "Mozilla/5.0 (compatible; bingbot/2.0; +http://www.bing.com/bingbot.htm)" "-"
157.55.39.121 - - [04/Dec/2019:02:35:55 +0100] "GET /wp-content/uploads/2019/04/Mochila-keisy-1.png HTTP/1.1" 200 85160 "-" "Mozilla/5.0 (compatible; bingbot/2.0; +http://www.bing.com/bingbot.htm)" "-"
186.185.108.77 - - [04/Dec/2019:02:39:01 +0100] "GET /wp-content/uploads/2017/03/nath-only-mujer.jpg HTTP/1.1" 200 20549 "https://www.google.com/" "Mozilla/5.0 (Linux; Android 7.0; Moto C Build/NRD90M.059; wv) AppleWebKit/537.36 (KHTML, like Gecko) Version/4.0 Chrome/78.0.3904.108 Mobile Safari/537.36 GSA/9.72.4.21.arm" "-"
217.76.130.90 - - [04/Dec/2019:02:39:24 +0100] "POST /wp-cron.php?doing_wp_cron=1575423564.2647459506988525390625 HTTP/1.1" 200 3389 "https://amazingsportwear.com/wp-cron.php?doing_wp_cron=1575423564.2647459506988525390625" "WordPress/5.2.4; https://amazingsportwear.com" "-"
186.185.108.77 - - [04/Dec/2019:02:39:21 +0100] "GET /producto/top-deportivo-nath-only/ HTTP/1.1" 200 65822 "https://www.google.com/" "Mozilla/5.0 (Linux; Android 7.0; Moto C) AppleWebKit/537.36 (KHTML, like Gecko) Chrome/78.0.3904.108 Mobile Safari/537.36" "-"
186.185.108.77 - - [04/Dec/2019:02:40:02 +0100] "GET /producto/top-deportivo-nath-only/ HTTP/1.1" 200 65822 "https://www.google.com/" "Mozilla/5.0 (Linux; Android 7.0; Moto C) AppleWebKit/537.36 (KHTML, like Gecko) Chrome/78.0.3904.108 Mobile Safari/537.36" "-"
217.76.130.90 - - [04/Dec/2019:02:41:49 +0100] "POST /wp-cron.php?doing_wp_cron=1575423709.4256160259246826171875 HTTP/1.1" 200 164 "http://amazingsportwear.com/wp-cron.php?doing_wp_cron=1575423709.4256160259246826171875" "WordPress/5.2.4; https://amazingsportwear.com" "-"
103.238.224.98 - - [04/Dec/2019:02:41:48 +0100] "GET /seter.php.suspected HTTP/1.1" 404 68006 "http://site.ru" "Mozilla/5.0 (Windows; U; Windows NT 5.1; en-US) AppleWebKit/533.4 (KHTML, like Gecko) Chrome/5.0.375.99 Safari/533.4" "-"
217.76.130.90 - - [04/Dec/2019:02:44:40 +0100] "POST /wp-cron.php?doing_wp_cron=1575423880.4669489860534667968750 HTTP/1.1" 200 3389 "https://amazingsportwear.com/wp-cron.php?doing_wp_cron=1575423880.4669489860534667968750" "WordPress/5.2.4; https://amazingsportwear.com" "-"
157.55.39.121 - - [04/Dec/2019:02:44:39 +0100] "GET /etiqueta-producto/dosificador-seguridad/ HTTP/1.1" 200 54137 "-" "Mozilla/5.0 (compatible; bingbot/2.0; +http://www.bing.com/bingbot.htm)" "-"
217.76.130.90 - - [04/Dec/2019:02:51:21 +0100] "POST /wp-cron.php?doing_wp_cron=1575424281.7818379402160644531250 HTTP/1.1" 200 3389 "https://amazingsportwear.com/wp-cron.php?doing_wp_cron=1575424281.7818379402160644531250" "WordPress/5.2.4; https://amazingsportwear.com" "-"
157.55.39.184 - - [04/Dec/2019:02:51:20 +0100] "GET /producto/mochila-decath/ HTTP/1.1" 200 97142 "-" "Mozilla/5.0 (compatible; bingbot/2.0; +http://www.bing.com/bingbot.htm)" "-"
207.46.13.51 - - [04/Dec/2019:02:51:44 +0100] "GET /tienda/176-pantalon-mujer-rocky-nath-rocky.html HTTP/1.1" 404 68085 "-" "Mozilla/5.0 (iPhone; CPU iPhone OS 7_0 like Mac OS X) AppleWebKit/537.51.1 (KHTML, like Gecko) Version/7.0 Mobile/11A465 Safari/9537.53 (compatible; bingbot/2.0; +http://www.bing.com/bingbot.htm)" "-"
207.46.13.51 - - [04/Dec/2019:02:57:13 +0100] "GET /wp-content/uploads/2017/03/sa-0425_219.jpg HTTP/1.1" 200 73515 "-" "Mozilla/5.0 (compatible; bingbot/2.0; +http://www.bing.com/bingbot.htm)" "-"
217.76.130.90 - - [04/Dec/2019:02:59:11 +0100] "POST /wp-cron.php?doing_wp_cron=1575424751.8681969642639160156250 HTTP/1.1" 200 3389 "https://amazingsportwear.com/wp-cron.php?doing_wp_cron=1575424751.8681969642639160156250" "WordPress/5.2.4; https://amazingsportwear.com" "-"
18.237.193.223 - - [04/Dec/2019:02:59:10 +0100] "GET / HTTP/1.1" 200 89963 "-" "Go-http-client/1.1" "-"
207.46.13.47 - - [04/Dec/2019:03:05:31 +0100] "GET /wp-content/uploads/2017/03/nath-beat-mujer-300x300.jpg HTTP/1.1" 200 11181 "-" "Mozilla/5.0 (compatible; bingbot/2.0; +http://www.bing.com/bingbot.htm)" "-"
181.114.125.120 - - [04/Dec/2019:03:08:41 +0100] "GET /wp-content/uploads/2019/04/gorra-dowan-4.png HTTP/1.1" 200 76783 "https://www.google.com/" "Mozilla/5.0 (Windows NT 6.2; Win64; x64) AppleWebKit/537.36 (KHTML, like Gecko) Chrome/78.0.3904.97 Safari/537.36 OPR/65.0.3467.48" "-"
217.76.130.90 - - [04/Dec/2019:03:11:18 +0100] "POST /wp-cron.php?doing_wp_cron=1575425478.2511320114135742187500 HTTP/1.1" 200 3389 "https://amazingsportwear.com/wp-cron.php?doing_wp_cron=1575425478.2511320114135742187500" "WordPress/5.2.4; https://amazingsportwear.com" "-"
66.249.66.68 - - [04/Dec/2019:03:11:16 +0100] "GET /producto/manta-termica/ HTTP/1.1" 200 90477 "-" "Mozilla/5.0 (Linux; Android 6.0.1; Nexus 5X Build/MMB29P) AppleWebKit/537.36 (KHTML, like Gecko) Chrome/41.0.2272.96 Mobile Safari/537.36 (compatible; Googlebot/2.1; +http://www.google.com/bot.html)" "-"
157.55.39.184 - - [04/Dec/2019:03:12:13 +0100] "GET /wp-content/uploads/2019/04/gorra-tecnica-roja.png HTTP/1.1" 200 83280 "-" "Mozilla/5.0 (compatible; bingbot/2.0; +http://www.bing.com/bingbot.htm)" "-"
157.55.39.121 - - [04/Dec/2019:03:12:43 +0100] "GET /wp-content/uploads/2017/04/nath-sunset-colores1-1.png HTTP/1.1" 200 42925 "-" "Mozilla/5.0 (compatible; bingbot/2.0; +http://www.bing.com/bingbot.htm)" "-"
217.76.130.90 - - [04/Dec/2019:03:13:19 +0100] "POST /wp-cron.php?doing_wp_cron=1575425599.1555669307708740234375 HTTP/1.1" 200 3389 "https://amazingsportwear.com/wp-cron.php?doing_wp_cron=1575425599.1555669307708740234375" "WordPress/5.2.4; https://amazingsportwear.com" "-"
66.249.66.70 - - [04/Dec/2019:03:13:18 +0100] "POST /?wc-ajax=get_refreshed_fragments HTTP/1.1" 200 4760 "https://amazingsportwear.com/producto/manta-termica/" "Mozilla/5.0 (Linux; Android 6.0.1; Nexus 5X Build/MMB29P) AppleWebKit/537.36 (KHTML, like Gecko) Chrome/41.0.2272.96 Mobile Safari/537.36 (compatible; Googlebot/2.1; +http://www.google.com/bot.html)" "_ga=GA1.2.969013651.1575417600; _gid=GA1.2.1978218920.1575417600; _gat_gtag_UA_91619287_1=1"
207.46.13.47 - - [04/Dec/2019:03:15:00 +0100] "GET /wp-content/uploads/2019/04/VANDIX-ROJO.png HTTP/1.1" 200 130103 "-" "Mozilla/5.0 (compatible; bingbot/2.0; +http://www.bing.com/bingbot.htm)" "-"
187.189.50.93 - - [04/Dec/2019:03:17:18 +0100] "GET /wp-content/uploads/2019/04/Gorra-sport-10.png HTTP/1.1" 200 60426 "https://www.google.com/" "Mozilla/5.0 (Windows NT 10.0; Win64; x64) AppleWebKit/537.36 (KHTML, like Gecko) Chrome/78.0.3904.108 Safari/537.36" "-"
148.255.90.22 - - [04/Dec/2019:03:19:21 +0100] "GET /wp-content/uploads/2019/04/Gorra-sport-6.png HTTP/1.1" 200 44623 "https://www.google.com/" "Mozilla/5.0 (Windows NT 10.0; Win64; x64) AppleWebKit/537.36 (KHTML, like Gecko) Chrome/78.0.3904.108 Safari/537.36" "-"
217.76.130.90 - - [04/Dec/2019:03:23:49 +0100] "POST /wp-cron.php?doing_wp_cron=1575426229.0369710922241210937500 HTTP/1.1" 200 3389 "https://amazingsportwear.com/wp-cron.php?doing_wp_cron=1575426229.0369710922241210937500" "WordPress/5.2.4; https://amazingsportwear.com" "-"
141.8.142.79 - - [04/Dec/2019:03:23:48 +0100] "GET /robots.txt HTTP/1.1" 200 3944 "-" "Mozilla/5.0 (compatible; YandexBot/3.0; +http://yandex.com/bots)" "-"
141.8.142.79 - - [04/Dec/2019:03:23:52 +0100] "GET /wp-content/uploads/2019/04/CIF-T60-FORMENTERA-1-300x300.png HTTP/1.1" 200 49542 "-" "Mozilla/5.0 (compatible; YandexImages/3.0; +http://yandex.com/bots)" "-"
217.76.130.90 - - [04/Dec/2019:03:33:56 +0100] "POST /wp-cron.php?doing_wp_cron=1575426836.0867290496826171875000 HTTP/1.1" 200 3389 "https://amazingsportwear.com/wp-cron.php?doing_wp_cron=1575426836.0867290496826171875000" "WordPress/5.2.4; https://amazingsportwear.com" "-"
17.58.96.177 - - [04/Dec/2019:03:33:55 +0100] "GET /producto/bidon-match/ HTTP/1.1" 200 96738 "-" "Mozilla/5.0 (Macintosh; Intel Mac OS X 10_10_1) AppleWebKit/600.2.5 (KHTML, like Gecko) Version/8.0.2 Safari/600.2.5 (Applebot/0.1; +http://www.apple.com/go/applebot)" "-"
217.76.130.90 - - [04/Dec/2019:03:43:39 +0100] "POST /wp-cron.php?doing_wp_cron=1575427419.8313689231872558593750 HTTP/1.1" 200 3389 "https://amazingsportwear.com/wp-cron.php?doing_wp_cron=1575427419.8313689231872558593750" "WordPress/5.2.4; https://amazingsportwear.com" "-"
157.55.39.19 - - [04/Dec/2019:03:43:39 +0100] "GET /robots.txt HTTP/1.1" 200 2297 "-" "Mozilla/5.0 (compatible; bingbot/2.0; +http://www.bing.com/bingbot.htm)" "-"
157.55.39.19 - - [04/Dec/2019:03:43:40 +0100] "GET /robots.txt HTTP/1.1" 200 3939 "-" "Mozilla/5.0 (compatible; bingbot/2.0; +http://www.bing.com/bingbot.htm)" "-"
207.46.13.47 - - [04/Dec/2019:03:44:08 +0100] "GET /wp-content/uploads/2019/04/VANDIX-ROJO.png HTTP/1.1" 200 130103 "-" "Mozilla/5.0 (compatible; bingbot/2.0; +http://www.bing.com/bingbot.htm)" "-"
207.46.13.47 - - [04/Dec/2019:03:47:50 +0100] "GET /wp-content/uploads/2017/03/sa-0425_223.jpg HTTP/1.1" 200 86554 "-" "Mozilla/5.0 (compatible; bingbot/2.0; +http://www.bing.com/bingbot.htm)" "-"
157.55.39.184 - - [04/Dec/2019:03:59:11 +0100] "GET /wp-content/uploads/2017/03/sa-0425_221.jpg HTTP/1.1" 200 88203 "-" "Mozilla/5.0 (compatible; bingbot/2.0; +http://www.bing.com/bingbot.htm)" "-"
217.76.130.90 - - [04/Dec/2019:04:01:46 +0100] "POST /wp-cron.php?doing_wp_cron=1575428506.5420799255371093750000 HTTP/1.1" 200 164 "http://amazingsportwear.com/wp-cron.php?doing_wp_cron=1575428506.5420799255371093750000" "WordPress/5.2.4; https://amazingsportwear.com" "-"
136.243.80.209 - - [04/Dec/2019:04:01:45 +0100] "GET /default.php HTTP/1.1" 404 67985 "http://site.ru" "Mozilla/5.0 (Windows; U; Windows NT 5.1; en-US) AppleWebKit/533.4 (KHTML, like Gecko) Chrome/5.0.375.99 Safari/533.4" "-"
136.243.80.209 - - [04/Dec/2019:04:01:50 +0100] "GET /default.php HTTP/1.1" 404 67965 "http://site.ru" "Mozilla/5.0 (Windows; U; Windows NT 5.1; en-US) AppleWebKit/533.4 (KHTML, like Gecko) Chrome/5.0.375.99 Safari/533.4" "-"
186.12.97.31 - - [04/Dec/2019:04:02:44 +0100] "GET /wp-content/uploads/2019/04/Gorra-sport-10.png HTTP/1.1" 200 60231 "https://www.google.com.ar/" "Mozilla/5.0 (iPhone; CPU iPhone OS 13_2_3 like Mac OS X) AppleWebKit/605.1.15 (KHTML, like Gecko) Version/13.0.3 Mobile/15E148 Safari/604.1" "-"
186.12.97.31 - - [04/Dec/2019:04:02:46 +0100] "GET /wp-content/uploads/2019/04/Gorra-sport-10.png HTTP/1.1" 200 57063 "-" "Mozilla/5.0 (iPhone; CPU iPhone OS 13_2_3 like Mac OS X) AppleWebKit/605.1.15 (KHTML, like Gecko) Version/13.0.3 Mobile/15E148 Safari/604.1" "-"
186.12.97.31 - - [04/Dec/2019:04:02:48 +0100] "GET /favicon.ico HTTP/1.1" 200 3427 "https://amazingsportwear.com/wp-content/uploads/2019/04/Gorra-sport-10.png" "Mozilla/5.0 (iPhone; CPU iPhone OS 13_2_3 like Mac OS X) AppleWebKit/605.1.15 (KHTML, like Gecko) Version/13.0.3 Mobile/15E148 Safari/604.1" "-"
157.55.39.184 - - [04/Dec/2019:04:05:47 +0100] "GET /wp-content/uploads/2019/04/Brazalete-running-con-led-1.png HTTP/1.1" 200 74300 "-" "Mozilla/5.0 (compatible; bingbot/2.0; +http://www.bing.com/bingbot.htm)" "-"
217.76.130.90 - - [04/Dec/2019:04:08:35 +0100] "POST /wp-cron.php?doing_wp_cron=1575428915.6832060813903808593750 HTTP/1.1" 200 164 "http://amazingsportwear.com/wp-cron.php?doing_wp_cron=1575428915.6832060813903808593750" "WordPress/5.2.4; https://amazingsportwear.com" "-"
34.235.233.220 - - [04/Dec/2019:04:08:35 +0100] "GET / HTTP/1.1" 301 279 "-" "Mozilla/5.0 (Windows NT 10.0; Win64; x64) AppleWebKit/537.36 (KHTML, like Gecko) Chrome/74.0.3729.169 Safari/537.36" "-"
34.235.233.220 - - [04/Dec/2019:04:08:36 +0100] "GET / HTTP/1.1" 200 125503 "-" "Mozilla/5.0 (Windows NT 10.0; Win64; x64) AppleWebKit/537.36 (KHTML, like Gecko) Chrome/74.0.3729.169 Safari/537.36" "wpfront-notification-bar-landingpage=1"
217.76.130.90 - - [04/Dec/2019:04:18:12 +0100] "POST /wp-cron.php?doing_wp_cron=1575429492.4330790042877197265625 HTTP/1.1" 200 164 "http://amazingsportwear.com/wp-cron.php?doing_wp_cron=1575429492.4330790042877197265625" "WordPress/5.2.4; https://amazingsportwear.com" "-"
157.55.39.184 - - [04/Dec/2019:04:18:11 +0100] "GET /atletismo/182-chaleco-cortavientos-sublimado-asw.html HTTP/1.1" 404 68112 "-" "Mozilla/5.0 (iPhone; CPU iPhone OS 7_0 like Mac OS X) AppleWebKit/537.51.1 (KHTML, like Gecko) Version/7.0 Mobile/11A465 Safari/9537.53 (compatible; bingbot/2.0; +http://www.bing.com/bingbot.htm)" "-"
157.55.39.184 - - [04/Dec/2019:04:18:13 +0100] "GET /wp-content/uploads/2017/03/aq-cosmic-hombre-peq.jpg HTTP/1.1" 200 731387 "-" "Mozilla/5.0 (compatible; bingbot/2.0; +http://www.bing.com/bingbot.htm)" "-"
207.46.13.47 - - [04/Dec/2019:04:29:13 +0100] "GET /wp-content/uploads/2017/03/sa-0425_12.jpg HTTP/1.1" 200 77231 "-" "Mozilla/5.0 (compatible; bingbot/2.0; +http://www.bing.com/bingbot.htm)" "-"
73.125.106.140 - - [04/Dec/2019:04:29:21 +0100] "GET /wp-content/uploads/2017/01/cam-ranglan3-maristas.jpg HTTP/1.1" 200 83269 "https://www.google.com/" "Mozilla/5.0 (Linux; Android 8.0.0; moto e5 supra) AppleWebKit/537.36 (KHTML, like Gecko) Chrome/78.0.3904.108 Mobile Safari/537.36" "-"
217.76.130.90 - - [04/Dec/2019:04:51:06 +0100] "POST /wp-cron.php?doing_wp_cron=1575431466.1450920104980468750000 HTTP/1.1" 200 3389 "https://amazingsportwear.com/wp-cron.php?doing_wp_cron=1575431466.1450920104980468750000" "WordPress/5.2.4; https://amazingsportwear.com" "-"
207.46.13.51 - - [04/Dec/2019:04:51:05 +0100] "GET /tenis-padel/51-pantalon-corto-tenis-padel.html HTTP/1.1" 404 72332 "-" "Mozilla/5.0 (compatible; bingbot/2.0; +http://www.bing.com/bingbot.htm)" "-"
157.55.39.121 - - [04/Dec/2019:05:00:45 +0100] "GET /wp-content/uploads/2017/03/sa-0425_63.jpg HTTP/1.1" 200 19202 "-" "Mozilla/5.0 (compatible; bingbot/2.0; +http://www.bing.com/bingbot.htm)" "-"
217.76.130.90 - - [04/Dec/2019:05:08:10 +0100] "POST /wp-cron.php?doing_wp_cron=1575432490.8044869899749755859375 HTTP/1.1" 200 3389 "https://amazingsportwear.com/wp-cron.php?doing_wp_cron=1575432490.8044869899749755859375" "WordPress/5.2.4; https://amazingsportwear.com" "-"
207.46.13.51 - - [04/Dec/2019:05:08:06 +0100] "GET /tienda/page/2/ HTTP/1.1" 200 76228 "-" "Mozilla/5.0 (compatible; bingbot/2.0; +http://www.bing.com/bingbot.htm)" "-"
157.55.39.121 - - [04/Dec/2019:05:25:11 +0100] "GET /wp-content/uploads/2017/03/sa-6650_0105.jpg HTTP/1.1" 200 14553 "-" "Mozilla/5.0 (compatible; bingbot/2.0; +http://www.bing.com/bingbot.htm)" "-"
207.46.13.47 - - [04/Dec/2019:05:27:43 +0100] "GET /wp-content/uploads/2019/04/Bidon-doger-3.png HTTP/1.1" 200 31140 "-" "Mozilla/5.0 (compatible; bingbot/2.0; +http://www.bing.com/bingbot.htm)" "-"
217.76.130.90 - - [04/Dec/2019:05:30:12 +0100] "POST /wp-cron.php?doing_wp_cron=1575433811.9147040843963623046875 HTTP/1.1" 200 3389 "https://amazingsportwear.com/wp-cron.php?doing_wp_cron=1575433811.9147040843963623046875" "WordPress/5.2.4; https://amazingsportwear.com" "-"
66.249.66.68 - - [04/Dec/2019:05:30:08 +0100] "GET / HTTP/1.1" 200 125823 "-" "Mozilla/5.0 (compatible; Googlebot/2.1; +http://www.google.com/bot.html)" "-"
66.249.66.66 - - [04/Dec/2019:05:30:16 +0100] "GET /wp-content/plugins/smart-slider-3/library/media/smartslider.min.css?1559118093 HTTP/1.1" 200 23322 "https://amazingsportwear.com/" "Mozilla/5.0 AppleWebKit/537.36 (KHTML, like Gecko; compatible; Googlebot/2.1; +http://www.google.com/bot.html) Safari/537.36" "wpfront-notification-bar-landingpage=1"
66.249.66.66 - - [04/Dec/2019:05:30:17 +0100] "GET /wp-content/plugins/elementor/assets/lib/eicons/css/elementor-icons.min.css?ver=4.3.0 HTTP/1.1" 200 11850 "https://amazingsportwear.com/" "Mozilla/5.0 AppleWebKit/537.36 (KHTML, like Gecko; compatible; Googlebot/2.1; +http://www.google.com/bot.html) Safari/537.36" "wpfront-notification-bar-landingpage=1"
66.249.66.66 - - [04/Dec/2019:05:30:19 +0100] "GET /wp-content/plugins/elementor/assets/css/frontend.min.css?ver=2.5.16 HTTP/1.1" 200 95366 "https://amazingsportwear.com/" "Mozilla/5.0 AppleWebKit/537.36 (KHTML, like Gecko; compatible; Googlebot/2.1; +http://www.google.com/bot.html) Safari/537.36" "wpfront-notification-bar-landingpage=1"
66.249.66.66 - - [04/Dec/2019:05:30:21 +0100] "GET /wp-content/plugins/smart-slider-3/nextend/media/dist/nextend-frontend.min.js?1559118093 HTTP/1.1" 200 86339 "https://amazingsportwear.com/" "Mozilla/5.0 AppleWebKit/537.36 (KHTML, like Gecko; compatible; Googlebot/2.1; +http://www.google.com/bot.html) Safari/537.36" "wpfront-notification-bar-landingpage=1"
66.249.66.66 - - [04/Dec/2019:05:30:22 +0100] "GET /wp-content/plugins/elementor/assets/lib/slick/slick.min.js?ver=1.8.1 HTTP/1.1" 200 43264 "https://amazingsportwear.com/" "Mozilla/5.0 AppleWebKit/537.36 (KHTML, like Gecko; compatible; Googlebot/2.1; +http://www.google.com/bot.html) Safari/537.36" "wpfront-notification-bar-landingpage=1"
66.249.66.66 - - [04/Dec/2019:05:30:24 +0100] "GET /wp-content/plugins/elementor/assets/js/frontend-modules.min.js?ver=2.5.16 HTTP/1.1" 200 11486 "https://amazingsportwear.com/" "Mozilla/5.0 AppleWebKit/537.36 (KHTML, like Gecko; compatible; Googlebot/2.1; +http://www.google.com/bot.html) Safari/537.36" "wpfront-notification-bar-landingpage=1"
66.249.66.66 - - [04/Dec/2019:05:30:25 +0100] "POST /?wc-ajax=get_refreshed_fragments HTTP/1.1" 200 1345 "https://amazingsportwear.com/" "Mozilla/5.0 AppleWebKit/537.36 (KHTML, like Gecko; compatible; Googlebot/2.1; +http://www.google.com/bot.html) Safari/537.36" "wpfront-notification-bar-landingpage=1; _ga=GA1.2.2114912494.1575433813; _gid=GA1.2.931330593.1575433813; _gat_gtag_UA_91619287_1=1"
66.249.66.66 - - [04/Dec/2019:05:30:30 +0100] "GET /favicon.ico HTTP/1.1" 200 259 "-" "Googlebot-Image/1.0" "-"
217.76.130.90 - - [04/Dec/2019:05:34:26 +0100] "POST /wp-cron.php?doing_wp_cron=1575434066.4168789386749267578125 HTTP/1.1" 200 164 "http://amazingsportwear.com/wp-cron.php?doing_wp_cron=1575434066.4168789386749267578125" "WordPress/5.2.4; https://amazingsportwear.com" "-"
66.249.66.87 - - [04/Dec/2019:05:34:25 +0100] "GET / HTTP/1.1" 301 336 "-" "Mozilla/5.0 (compatible; Googlebot/2.1; +http://www.google.com/bot.html)" "-"
66.249.66.66 - - [04/Dec/2019:05:34:30 +0100] "GET / HTTP/1.1" 200 125741 "-" "Mozilla/5.0 (compatible; Googlebot/2.1; +http://www.google.com/bot.html)" "wpfront-notification-bar-landingpage=1"
217.76.130.90 - - [04/Dec/2019:05:43:33 +0100] "POST /wp-cron.php?doing_wp_cron=1575434613.0948350429534912109375 HTTP/1.1" 200 3389 "https://amazingsportwear.com/wp-cron.php?doing_wp_cron=1575434613.0948350429534912109375" "WordPress/5.2.4; https://amazingsportwear.com" "-"
42.243.36.103 - - [04/Dec/2019:05:43:30 +0100] "GET /123/pantalon-corto-futbol.jpg HTTP/1.1" 404 72045 "-" "Mozilla/5.0(Linux;Android 5.1.1;OPPO A33 Build/LMY47V;wv) AppleWebKit/537.36(KHTML,link Gecko) Version/4.0 Chrome/43.0.2357.121 Mobile Safari/537.36 LieBaoFast/4.51.3" "-"
217.76.130.90 - - [04/Dec/2019:05:45:08 +0100] "POST /wp-cron.php?doing_wp_cron=1575434708.1551489830017089843750 HTTP/1.1" 200 164 "http://amazingsportwear.com/wp-cron.php?doing_wp_cron=1575434708.1551489830017089843750" "WordPress/5.2.4; https://amazingsportwear.com" "-"
66.249.66.86 - - [04/Dec/2019:05:45:07 +0100] "GET /img/cms/tienda/nath-rex-colores.JPG HTTP/1.1" 404 68098 "-" "Googlebot-Image/1.0" "-"
157.55.39.121 - - [04/Dec/2019:05:53:33 +0100] "GET /wp-content/uploads/2017/03/sa-0563-hombre-300x300.jpg HTTP/1.1" 200 15241 "-" "Mozilla/5.0 (compatible; bingbot/2.0; +http://www.bing.com/bingbot.htm)" "-"
207.46.13.51 - - [04/Dec/2019:05:54:12 +0100] "GET /wp-content/uploads/2019/04/gorra-dry-fit-1-300x300.png HTTP/1.1" 200 60732 "-" "Mozilla/5.0 (compatible; bingbot/2.0; +http://www.bing.com/bingbot.htm)" "-"
190.171.245.155 - - [04/Dec/2019:05:56:22 +0100] "GET /wp-content/uploads/2019/04/Gorra-sport-6.png HTTP/1.1" 200 44623 "https://www.google.com/" "Mozilla/5.0 (Windows NT 10.0; Win64; x64) AppleWebKit/537.36 (KHTML, like Gecko) Chrome/78.0.3904.108 Safari/537.36" "-"
179.51.61.117 - - [04/Dec/2019:06:07:20 +0100] "GET /wp-content/uploads/2019/04/Gorra-sport-6.png HTTP/1.1" 200 44623 "https://www.google.com/" "Mozilla/5.0 (Windows NT 10.0; Win64; x64) AppleWebKit/537.36 (KHTML, like Gecko) Chrome/78.0.3904.108 Safari/537.36" "-"
217.76.130.90 - - [04/Dec/2019:06:10:25 +0100] "POST /wp-cron.php?doing_wp_cron=1575436225.3102040290832519531250 HTTP/1.1" 200 3389 "https://amazingsportwear.com/wp-cron.php?doing_wp_cron=1575436225.3102040290832519531250" "WordPress/5.2.4; https://amazingsportwear.com" "-"
66.249.66.68 - - [04/Dec/2019:06:10:18 +0100] "GET /producto/polo-tecnico-montmelo-sa-0421/ HTTP/1.1" 200 106802 "-" "Mozilla/5.0 (compatible; Googlebot/2.1; +http://www.google.com/bot.html)" "-"
66.249.66.68 - - [04/Dec/2019:06:10:29 +0100] "POST /?wc-ajax=get_refreshed_fragments HTTP/1.1" 200 1397 "https://amazingsportwear.com/producto/polo-tecnico-montmelo-sa-0421/" "Mozilla/5.0 AppleWebKit/537.36 (KHTML, like Gecko; compatible; Googlebot/2.1; +http://www.google.com/bot.html) Safari/537.36" "_ga=GA1.2.931330593.1575417600; _gid=GA1.2.2074753562.1575417600; _gat_gtag_UA_91619287_1=1"
217.76.130.90 - - [04/Dec/2019:06:20:22 +0100] "POST /wp-cron.php?doing_wp_cron=1575436822.0692229270935058593750 HTTP/1.1" 200 3389 "https://amazingsportwear.com/wp-cron.php?doing_wp_cron=1575436822.0692229270935058593750" "WordPress/5.2.4; https://amazingsportwear.com" "-"
66.249.66.66 - - [04/Dec/2019:06:20:21 +0100] "GET / HTTP/1.1" 200 125798 "-" "Mozilla/5.0 (Linux; Android 6.0.1; Nexus 5X Build/MMB29P) AppleWebKit/537.36 (KHTML, like Gecko) Chrome/41.0.2272.96 Mobile Safari/537.36 (compatible; Googlebot/2.1; +http://www.google.com/bot.html)" "-"
66.249.66.66 - - [04/Dec/2019:06:20:29 +0100] "POST /?wc-ajax=get_refreshed_fragments HTTP/1.1" 200 1345 "https://amazingsportwear.com/" "Mozilla/5.0 (Linux; Android 6.0.1; Nexus 5X Build/MMB29P) AppleWebKit/537.36 (KHTML, like Gecko) Chrome/41.0.2272.96 Mobile Safari/537.36 (compatible; Googlebot/2.1; +http://www.google.com/bot.html)" "wpfront-notification-bar-landingpage=1; _ga=GA1.2.1884029788.1575436824; _gid=GA1.2.969013651.1575436824; _gat_gtag_UA_91619287_1=1"
66.249.66.70 - - [04/Dec/2019:06:50:56 +0100] "GET /favicon.ico HTTP/1.1" 200 3622 "-" "Googlebot-Image/1.0" "-"
177.226.247.123 - - [04/Dec/2019:07:10:37 +0100] "GET /wp-content/uploads/2019/04/gorra-dry-fit-5.png HTTP/1.1" 200 79311 "https://www.google.com.mx/" "Mozilla/5.0 (Windows NT 10.0; Win64; x64) AppleWebKit/537.36 (KHTML, like Gecko) Chrome/64.0.3282.140 Safari/537.36 Edge/18.17763" "-"
217.76.130.90 - - [04/Dec/2019:07:13:07 +0100] "POST /wp-cron.php?doing_wp_cron=1575439987.4146599769592285156250 HTTP/1.1" 200 3389 "https://amazingsportwear.com/wp-cron.php?doing_wp_cron=1575439987.4146599769592285156250" "WordPress/5.2.4; https://amazingsportwear.com" "-"
66.249.66.70 - - [04/Dec/2019:07:13:03 +0100] "GET /producto/camiseta-tecnica-nath-combi-2/ HTTP/1.1" 200 102203 "-" "Mozilla/5.0 (Linux; Android 6.0.1; Nexus 5X Build/MMB29P) AppleWebKit/537.36 (KHTML, like Gecko) Chrome/41.0.2272.96 Mobile Safari/537.36 (compatible; Googlebot/2.1; +http://www.google.com/bot.html)" "-"
217.76.130.90 - - [04/Dec/2019:07:35:19 +0100] "POST /wp-cron.php?doing_wp_cron=1575441319.0028650760650634765625 HTTP/1.1" 200 3389 "https://amazingsportwear.com/wp-cron.php?doing_wp_cron=1575441319.0028650760650634765625" "WordPress/5.2.4; https://amazingsportwear.com" "-"
66.249.66.66 - - [04/Dec/2019:07:35:16 +0100] "GET /producto/mallas-deportivas-mujer-carla/ HTTP/1.1" 200 102691 "-" "Mozilla/5.0 (Linux; Android 6.0.1; Nexus 5X Build/MMB29P) AppleWebKit/537.36 (KHTML, like Gecko) Chrome/41.0.2272.96 Mobile Safari/537.36 (compatible; Googlebot/2.1; +http://www.google.com/bot.html)" "-"
157.55.39.184 - - [04/Dec/2019:07:39:44 +0100] "GET /wp-content/uploads/2019/04/mochila-decath-1.png HTTP/1.1" 200 104887 "-" "Mozilla/5.0 (compatible; bingbot/2.0; +http://www.bing.com/bingbot.htm)" "-"
40.77.167.49 - - [04/Dec/2019:07:43:36 +0100] "GET /wp-content/uploads/2019/04/gorra-tecnica-roja-2.png HTTP/1.1" 200 85566 "-" "Mozilla/5.0 (compatible; bingbot/2.0; +http://www.bing.com/bingbot.htm)" "-"
217.76.130.90 - - [04/Dec/2019:07:47:21 +0100] "POST /wp-cron.php?doing_wp_cron=1575442041.2243568897247314453125 HTTP/1.1" 200 3389 "https://amazingsportwear.com/wp-cron.php?doing_wp_cron=1575442041.2243568897247314453125" "WordPress/5.2.4; https://amazingsportwear.com" "-"
66.249.66.68 - - [04/Dec/2019:07:47:20 +0100] "GET /categoria-producto/mujer/polostecnicos-mujer/ HTTP/1.1" 200 67015 "-" "Mozilla/5.0 (Linux; Android 6.0.1; Nexus 5X Build/MMB29P) AppleWebKit/537.36 (KHTML, like Gecko) Chrome/41.0.2272.96 Mobile Safari/537.36 (compatible; Googlebot/2.1; +http://www.google.com/bot.html)" "-"
66.249.66.66 - - [04/Dec/2019:07:47:26 +0100] "POST /?wc-ajax=get_refreshed_fragments HTTP/1.1" 200 4760 "https://amazingsportwear.com/categoria-producto/mujer/polostecnicos-mujer/" "Mozilla/5.0 (Linux; Android 6.0.1; Nexus 5X Build/MMB29P) AppleWebKit/537.36 (KHTML, like Gecko) Chrome/41.0.2272.96 Mobile Safari/537.36 (compatible; Googlebot/2.1; +http://www.google.com/bot.html)" "_ga=GA1.2.1884029788.1575417600; _gid=GA1.2.969013651.1575417600; _gat_gtag_UA_91619287_1=1"
77.229.239.9 - - [04/Dec/2019:07:47:47 +0100] "GET / HTTP/1.1" 200 125793 "https://www.google.com/" "Mozilla/5.0 (Windows NT 10.0; Win64; x64) AppleWebKit/537.36 (KHTML, like Gecko) Chrome/78.0.3904.108 Safari/537.36" "-"
77.229.239.9 - - [04/Dec/2019:07:47:49 +0100] "GET /wp-includes/css/dist/block-library/style.min.css?ver=5.2.4 HTTP/1.1" 200 33023 "https://amazingsportwear.com/" "Mozilla/5.0 (Windows NT 10.0; Win64; x64) AppleWebKit/537.36 (KHTML, like Gecko) Chrome/78.0.3904.108 Safari/537.36" "wpfront-notification-bar-landingpage=1"
77.229.239.9 - - [04/Dec/2019:07:47:49 +0100] "GET /wp-content/plugins/wpfront-notification-bar/css/wpfront-notification-bar.css?ver=1.7.1 HTTP/1.1" 200 7026 "https://amazingsportwear.com/" "Mozilla/5.0 (Windows NT 10.0; Win64; x64) AppleWebKit/537.36 (KHTML, like Gecko) Chrome/78.0.3904.108 Safari/537.36" "wpfront-notification-bar-landingpage=1"
77.229.239.9 - - [04/Dec/2019:07:47:49 +0100] "GET /wp-content/plugins/cookie-law-info/public/css/cookie-law-info-gdpr.css?ver=1.7.6 HTTP/1.1" 200 15808 "https://amazingsportwear.com/" "Mozilla/5.0 (Windows NT 10.0; Win64; x64) AppleWebKit/537.36 (KHTML, like Gecko) Chrome/78.0.3904.108 Safari/537.36" "wpfront-notification-bar-landingpage=1"
77.229.239.9 - - [04/Dec/2019:07:47:49 +0100] "GET /wp-content/plugins/cookie-law-info/public/css/cookie-law-info-public.css?ver=1.7.6 HTTP/1.1" 200 6598 "https://amazingsportwear.com/" "Mozilla/5.0 (Windows NT 10.0; Win64; x64) AppleWebKit/537.36 (KHTML, like Gecko) Chrome/78.0.3904.108 Safari/537.36" "wpfront-notification-bar-landingpage=1"
77.229.239.9 - - [04/Dec/2019:07:47:49 +0100] "GET /wp-content/themes/shopper/style.css?ver=1.3.8 HTTP/1.1" 200 128678 "https://amazingsportwear.com/" "Mozilla/5.0 (Windows NT 10.0; Win64; x64) AppleWebKit/537.36 (KHTML, like Gecko) Chrome/78.0.3904.108 Safari/537.36" "wpfront-notification-bar-landingpage=1"
77.229.239.9 - - [04/Dec/2019:07:47:49 +0100] "GET /wp-content/plugins/simple-social-icons/css/style.css?ver=3.0.1 HTTP/1.1" 200 1562 "https://amazingsportwear.com/" "Mozilla/5.0 (Windows NT 10.0; Win64; x64) AppleWebKit/537.36 (KHTML, like Gecko) Chrome/78.0.3904.108 Safari/537.36" "wpfront-notification-bar-landingpage=1"
77.229.239.9 - - [04/Dec/2019:07:47:50 +0100] "GET /wp-content/plugins/elementor/assets/lib/eicons/css/elementor-icons.min.css?ver=4.3.0 HTTP/1.1" 200 11850 "https://amazingsportwear.com/" "Mozilla/5.0 (Windows NT 10.0; Win64; x64) AppleWebKit/537.36 (KHTML, like Gecko) Chrome/78.0.3904.108 Safari/537.36" "wpfront-notification-bar-landingpage=1"
77.229.239.9 - - [04/Dec/2019:07:47:49 +0100] "GET /wp-content/plugins/woocommerce/assets/css/blocks/style.css?ver=3.6.4 HTTP/1.1" 200 6697 "https://amazingsportwear.com/" "Mozilla/5.0 (Windows NT 10.0; Win64; x64) AppleWebKit/537.36 (KHTML, like Gecko) Chrome/78.0.3904.108 Safari/537.36" "wpfront-notification-bar-landingpage=1"
77.229.239.9 - - [04/Dec/2019:07:47:50 +0100] "GET /wp-content/plugins/elementor/assets/lib/animations/animations.min.css?ver=2.5.16 HTTP/1.1" 200 18833 "https://amazingsportwear.com/" "Mozilla/5.0 (Windows NT 10.0; Win64; x64) AppleWebKit/537.36 (KHTML, like Gecko) Chrome/78.0.3904.108 Safari/537.36" "wpfront-notification-bar-landingpage=1"
77.229.239.9 - - [04/Dec/2019:07:47:50 +0100] "GET /wp-content/plugins/elementor/assets/lib/font-awesome/css/font-awesome.min.css?ver=4.7.0 HTTP/1.1" 200 31365 "https://amazingsportwear.com/" "Mozilla/5.0 (Windows NT 10.0; Win64; x64) AppleWebKit/537.36 (KHTML, like Gecko) Chrome/78.0.3904.108 Safari/537.36" "wpfront-notification-bar-landingpage=1"
77.229.239.9 - - [04/Dec/2019:07:47:50 +0100] "GET /wp-content/uploads/elementor/css/global.css?ver=1559638744 HTTP/1.1" 200 5136 "https://amazingsportwear.com/" "Mozilla/5.0 (Windows NT 10.0; Win64; x64) AppleWebKit/537.36 (KHTML, like Gecko) Chrome/78.0.3904.108 Safari/537.36" "wpfront-notification-bar-landingpage=1"
77.229.239.9 - - [04/Dec/2019:07:47:50 +0100] "GET /wp-content/uploads/elementor/css/post-16241.css?ver=1562311573 HTTP/1.1" 200 4934 "https://amazingsportwear.com/" "Mozilla/5.0 (Windows NT 10.0; Win64; x64) AppleWebKit/537.36 (KHTML, like Gecko) Chrome/78.0.3904.108 Safari/537.36" "wpfront-notification-bar-landingpage=1"
77.229.239.9 - - [04/Dec/2019:07:47:50 +0100] "GET /wp-content/plugins/elementor/assets/css/frontend.min.css?ver=2.5.16 HTTP/1.1" 200 95366 "https://amazingsportwear.com/" "Mozilla/5.0 (Windows NT 10.0; Win64; x64) AppleWebKit/537.36 (KHTML, like Gecko) Chrome/78.0.3904.108 Safari/537.36" "wpfront-notification-bar-landingpage=1"
77.229.239.9 - - [04/Dec/2019:07:47:50 +0100] "GET /wp-content/plugins/smart-slider-3/library/media/smartslider.min.css?1559118093 HTTP/1.1" 200 19959 "https://amazingsportwear.com/" "Mozilla/5.0 (Windows NT 10.0; Win64; x64) AppleWebKit/537.36 (KHTML, like Gecko) Chrome/78.0.3904.108 Safari/537.36" "wpfront-notification-bar-landingpage=1"
77.229.239.9 - - [04/Dec/2019:07:47:50 +0100] "GET /wp-includes/js/jquery/jquery.js?ver=1.12.4-wp HTTP/1.1" 200 97362 "https://amazingsportwear.com/" "Mozilla/5.0 (Windows NT 10.0; Win64; x64) AppleWebKit/537.36 (KHTML, like Gecko) Chrome/78.0.3904.108 Safari/537.36" "wpfront-notification-bar-landingpage=1"
77.229.239.9 - - [04/Dec/2019:07:47:50 +0100] "GET /wp-includes/js/jquery/jquery-migrate.min.js?ver=1.4.1 HTTP/1.1" 200 10399 "https://amazingsportwear.com/" "Mozilla/5.0 (Windows NT 10.0; Win64; x64) AppleWebKit/537.36 (KHTML, like Gecko) Chrome/78.0.3904.108 Safari/537.36" "wpfront-notification-bar-landingpage=1"
77.229.239.9 - - [04/Dec/2019:07:47:50 +0100] "GET /wp-content/plugins/cookie-law-info/public/js/cookie-law-info-public.js?ver=1.7.6 HTTP/1.1" 200 17076 "https://amazingsportwear.com/" "Mozilla/5.0 (Windows NT 10.0; Win64; x64) AppleWebKit/537.36 (KHTML, like Gecko) Chrome/78.0.3904.108 Safari/537.36" "wpfront-notification-bar-landingpage=1"
77.229.239.9 - - [04/Dec/2019:07:47:50 +0100] "GET /wp-content/themes/shopper/assets/sass/woocommerce/woocommerce.css?ver=5.2.4 HTTP/1.1" 200 83534 "https://amazingsportwear.com/" "Mozilla/5.0 (Windows NT 10.0; Win64; x64) AppleWebKit/537.36 (KHTML, like Gecko) Chrome/78.0.3904.108 Safari/537.36" "wpfront-notification-bar-landingpage=1"
77.229.239.9 - - [04/Dec/2019:07:47:50 +0100] "GET /wp-content/plugins/wpfront-notification-bar/jquery-plugins/jquery.c.js?ver=1.4.0 HTTP/1.1" 200 3437 "https://amazingsportwear.com/" "Mozilla/5.0 (Windows NT 10.0; Win64; x64) AppleWebKit/537.36 (KHTML, like Gecko) Chrome/78.0.3904.108 Safari/537.36" "wpfront-notification-bar-landingpage=1"
77.229.239.9 - - [04/Dec/2019:07:47:50 +0100] "GET /wp-content/plugins/wpfront-notification-bar/js/wpfront-notification-bar.js?ver=1.7.1 HTTP/1.1" 200 5662 "https://amazingsportwear.com/" "Mozilla/5.0 (Windows NT 10.0; Win64; x64) AppleWebKit/537.36 (KHTML, like Gecko) Chrome/78.0.3904.108 Safari/537.36" "wpfront-notification-bar-landingpage=1"
77.229.239.9 - - [04/Dec/2019:07:47:50 +0100] "GET /wp-content/plugins/simple-social-icons/svgxuse.js?ver=1.1.21 HTTP/1.1" 200 9580 "https://amazingsportwear.com/" "Mozilla/5.0 (Windows NT 10.0; Win64; x64) AppleWebKit/537.36 (KHTML, like Gecko) Chrome/78.0.3904.108 Safari/537.36" "wpfront-notification-bar-landingpage=1"
77.229.239.9 - - [04/Dec/2019:07:47:50 +0100] "GET /wp-content/uploads/2019/05/cropped-asw-white.png HTTP/1.1" 200 7500 "https://amazingsportwear.com/" "Mozilla/5.0 (Windows NT 10.0; Win64; x64) AppleWebKit/537.36 (KHTML, like Gecko) Chrome/78.0.3904.108 Safari/537.36" "wpfront-notification-bar-landingpage=1"
77.229.239.9 - - [04/Dec/2019:07:47:50 +0100] "GET /wp-content/plugins/smart-slider-3/nextend/media/dist/n2.min.js?1559118093 HTTP/1.1" 200 3836 "https://amazingsportwear.com/" "Mozilla/5.0 (Windows NT 10.0; Win64; x64) AppleWebKit/537.36 (KHTML, like Gecko) Chrome/78.0.3904.108 Safari/537.36" "wpfront-notification-bar-landingpage=1"
77.229.239.9 - - [04/Dec/2019:07:47:50 +0100] "GET /wp-content/plugins/smart-slider-3/library/media/dist/smartslider-frontend.min.js?1559118093 HTTP/1.1" 200 127293 "https://amazingsportwear.com/" "Mozilla/5.0 (Windows NT 10.0; Win64; x64) AppleWebKit/537.36 (KHTML, like Gecko) Chrome/78.0.3904.108 Safari/537.36" "wpfront-notification-bar-landingpage=1"
77.229.239.9 - - [04/Dec/2019:07:47:50 +0100] "GET /wp-content/plugins/smart-slider-3/nextend/media/dist/nextend-frontend.min.js?1559118093 HTTP/1.1" 200 86339 "https://amazingsportwear.com/" "Mozilla/5.0 (Windows NT 10.0; Win64; x64) AppleWebKit/537.36 (KHTML, like Gecko) Chrome/78.0.3904.108 Safari/537.36" "wpfront-notification-bar-landingpage=1"
77.229.239.9 - - [04/Dec/2019:07:47:50 +0100] "GET /wp-content/plugins/smart-slider-3/library/media/plugins/type/simple/simple/dist/smartslider-simple-type-frontend.min.js?1559118093 HTTP/1.1" 200 18973 "https://amazingsportwear.com/" "Mozilla/5.0 (Windows NT 10.0; Win64; x64) AppleWebKit/537.36 (KHTML, like Gecko) Chrome/78.0.3904.108 Safari/537.36" "wpfront-notification-bar-landingpage=1"
77.229.239.9 - - [04/Dec/2019:07:47:50 +0100] "GET /wp-content/uploads/2019/07/camiseta-tecnica-mujer-300x124.jpg HTTP/1.1" 200 17320 "https://amazingsportwear.com/" "Mozilla/5.0 (Windows NT 10.0; Win64; x64) AppleWebKit/537.36 (KHTML, like Gecko) Chrome/78.0.3904.108 Safari/537.36" "wpfront-notification-bar-landingpage=1"
77.229.239.9 - - [04/Dec/2019:07:47:50 +0100] "GET /wp-content/themes/shopper/assets/js/crm.js?ver=1561548510 HTTP/1.1" 200 874 "https://amazingsportwear.com/" "Mozilla/5.0 (Windows NT 10.0; Win64; x64) AppleWebKit/537.36 (KHTML, like Gecko) Chrome/78.0.3904.108 Safari/537.36" "wpfront-notification-bar-landingpage=1"
77.229.239.9 - - [04/Dec/2019:07:47:50 +0100] "GET /wp-content/uploads/2019/07/buff-bandana-300x123.jpg HTTP/1.1" 200 15859 "https://amazingsportwear.com/" "Mozilla/5.0 (Windows NT 10.0; Win64; x64) AppleWebKit/537.36 (KHTML, like Gecko) Chrome/78.0.3904.108 Safari/537.36" "wpfront-notification-bar-landingpage=1"
77.229.239.9 - - [04/Dec/2019:07:47:51 +0100] "GET /wp-content/plugins/woocommerce/assets/js/jquery-blockui/jquery.blockUI.min.js?ver=2.70 HTTP/1.1" 200 9908 "https://amazingsportwear.com/" "Mozilla/5.0 (Windows NT 10.0; Win64; x64) AppleWebKit/537.36 (KHTML, like Gecko) Chrome/78.0.3904.108 Safari/537.36" "wpfront-notification-bar-landingpage=1"
77.229.239.9 - - [04/Dec/2019:07:47:51 +0100] "GET /wp-content/uploads/2019/07/camiseta-tecnica-unisex-300x124.jpg HTTP/1.1" 200 17090 "https://amazingsportwear.com/" "Mozilla/5.0 (Windows NT 10.0; Win64; x64) AppleWebKit/537.36 (KHTML, like Gecko) Chrome/78.0.3904.108 Safari/537.36" "wpfront-notification-bar-landingpage=1"
77.229.239.9 - - [04/Dec/2019:07:47:51 +0100] "GET /wp-content/uploads/2019/07/cortavientos-300x124.jpg HTTP/1.1" 200 17094 "https://amazingsportwear.com/" "Mozilla/5.0 (Windows NT 10.0; Win64; x64) AppleWebKit/537.36 (KHTML, like Gecko) Chrome/78.0.3904.108 Safari/537.36" "wpfront-notification-bar-landingpage=1"
77.229.239.9 - - [04/Dec/2019:07:47:51 +0100] "GET /wp-content/uploads/2019/07/mochila-saco-300x124.jpg HTTP/1.1" 200 16972 "https://amazingsportwear.com/" "Mozilla/5.0 (Windows NT 10.0; Win64; x64) AppleWebKit/537.36 (KHTML, like Gecko) Chrome/78.0.3904.108 Safari/537.36" "wpfront-notification-bar-landingpage=1"
77.229.239.9 - - [04/Dec/2019:07:47:51 +0100] "GET /wp-content/uploads/2019/07/gorra-tecnica-300x124.jpg HTTP/1.1" 200 16844 "https://amazingsportwear.com/" "Mozilla/5.0 (Windows NT 10.0; Win64; x64) AppleWebKit/537.36 (KHTML, like Gecko) Chrome/78.0.3904.108 Safari/537.36" "wpfront-notification-bar-landingpage=1"
77.229.239.9 - - [04/Dec/2019:07:47:51 +0100] "GET /wp-content/plugins/woocommerce/assets/js/js-cookie/js.cookie.min.js?ver=2.1.4 HTTP/1.1" 200 2187 "https://amazingsportwear.com/" "Mozilla/5.0 (Windows NT 10.0; Win64; x64) AppleWebKit/537.36 (KHTML, like Gecko) Chrome/78.0.3904.108 Safari/537.36" "wpfront-notification-bar-landingpage=1"
77.229.239.9 - - [04/Dec/2019:07:47:51 +0100] "GET /wp-content/plugins/woocommerce/assets/js/frontend/woocommerce.min.js?ver=3.6.4 HTTP/1.1" 200 1813 "https://amazingsportwear.com/" "Mozilla/5.0 (Windows NT 10.0; Win64; x64) AppleWebKit/537.36 (KHTML, like Gecko) Chrome/78.0.3904.108 Safari/537.36" "wpfront-notification-bar-landingpage=1"
77.229.239.9 - - [04/Dec/2019:07:47:51 +0100] "GET /wp-content/plugins/woocommerce/assets/js/frontend/add-to-cart.min.js?ver=3.6.4 HTTP/1.1" 200 2983 "https://amazingsportwear.com/" "Mozilla/5.0 (Windows NT 10.0; Win64; x64) AppleWebKit/537.36 (KHTML, like Gecko) Chrome/78.0.3904.108 Safari/537.36" "wpfront-notification-bar-landingpage=1"
77.229.239.9 - - [04/Dec/2019:07:47:51 +0100] "GET /wp-content/themes/shopper/assets/js/shopper.min.js?ver=1.3.8 HTTP/1.1" 200 5994 "https://amazingsportwear.com/" "Mozilla/5.0 (Windows NT 10.0; Win64; x64) AppleWebKit/537.36 (KHTML, like Gecko) Chrome/78.0.3904.108 Safari/537.36" "wpfront-notification-bar-landingpage=1"
77.229.239.9 - - [04/Dec/2019:07:47:51 +0100] "GET /wp-content/plugins/woocommerce/assets/js/frontend/cart-fragments.min.js?ver=3.6.4 HTTP/1.1" 200 3281 "https://amazingsportwear.com/" "Mozilla/5.0 (Windows NT 10.0; Win64; x64) AppleWebKit/537.36 (KHTML, like Gecko) Chrome/78.0.3904.108 Safari/537.36" "wpfront-notification-bar-landingpage=1"
77.229.239.9 - - [04/Dec/2019:07:47:51 +0100] "GET /wp-content/uploads/2019/07/zapatillero-300x124.jpg HTTP/1.1" 200 16599 "https://amazingsportwear.com/" "Mozilla/5.0 (Windows NT 10.0; Win64; x64) AppleWebKit/537.36 (KHTML, like Gecko) Chrome/78.0.3904.108 Safari/537.36" "wpfront-notification-bar-landingpage=1"
77.229.239.9 - - [04/Dec/2019:07:47:51 +0100] "GET /wp-content/themes/shopper/assets/js/skip-link-focus-fix.js?ver=1.3.8 HTTP/1.1" 200 1023 "https://amazingsportwear.com/" "Mozilla/5.0 (Windows NT 10.0; Win64; x64) AppleWebKit/537.36 (KHTML, like Gecko) Chrome/78.0.3904.108 Safari/537.36" "wpfront-notification-bar-landingpage=1"
77.229.239.9 - - [04/Dec/2019:07:47:51 +0100] "GET /wp-content/uploads/2019/07/toalla-300x124.jpg HTTP/1.1" 200 16957 "https://amazingsportwear.com/" "Mozilla/5.0 (Windows NT 10.0; Win64; x64) AppleWebKit/537.36 (KHTML, like Gecko) Chrome/78.0.3904.108 Safari/537.36" "wpfront-notification-bar-landingpage=1"
77.229.239.9 - - [04/Dec/2019:07:47:51 +0100] "GET /wp-content/uploads/2019/07/polo-tecnico-300x124.jpg HTTP/1.1" 200 17539 "https://amazingsportwear.com/" "Mozilla/5.0 (Windows NT 10.0; Win64; x64) AppleWebKit/537.36 (KHTML, like Gecko) Chrome/78.0.3904.108 Safari/537.36" "wpfront-notification-bar-landingpage=1"
77.229.239.9 - - [04/Dec/2019:07:47:51 +0100] "GET /wp-content/themes/shopper/assets/js/woocommerce/header-cart.min.js?ver=1.3.8 HTTP/1.1" 200 972 "https://amazingsportwear.com/" "Mozilla/5.0 (Windows NT 10.0; Win64; x64) AppleWebKit/537.36 (KHTML, like Gecko) Chrome/78.0.3904.108 Safari/537.36" "wpfront-notification-bar-landingpage=1"
77.229.239.9 - - [04/Dec/2019:07:47:51 +0100] "GET /wp-content/plugins/elementor/assets/lib/slick/slick.min.js?ver=1.8.1 HTTP/1.1" 200 43264 "https://amazingsportwear.com/" "Mozilla/5.0 (Windows NT 10.0; Win64; x64) AppleWebKit/537.36 (KHTML, like Gecko) Chrome/78.0.3904.108 Safari/537.36" "wpfront-notification-bar-landingpage=1"
