217.76.130.90 - - [25/Nov/2019:00:01:07 +0100] "POST /wp-cron.php?doing_wp_cron=1574636466.9624168872833251953125 HTTP/1.1" 200 3389 "https://amazingsportwear.com/wp-cron.php?doing_wp_cron=1574636466.9624168872833251953125" "WordPress/5.2.4; https://amazingsportwear.com" "-"
112.113.155.167 - - [25/Nov/2019:00:01:06 +0100] "GET /producto/camiseta-basket-sin-costadillos-3?add-to-cart=18685 HTTP/1.1" 301 4825 "-" "Mozilla/5.0 (Linux; Android 7.0; FRD-AL00 Build/HUAWEIFRD-AL00; wv) AppleWebKit/537.36 (KHTML, like Gecko) Version/4.0 Chrome/53.0.2785.49 Mobile MQQBrowser/6.2 TBS/043602 Safari/537.36 MicroMessenger/6.5.16.1120 NetType/WIFI Language/zh_CN" "-"
111.75.117.114 - - [25/Nov/2019:00:01:13 +0100] "GET /etiqueta-producto/adulto HTTP/1.1" 301 3548 "-" "Mozilla/5.0(Linux;U;Android 5.1.1;zh-CN;OPPO A33 Build/LMY47V) AppleWebKit/537.36(KHTML,like Gecko) Version/4.0 Chrome/40.0.2214.89 UCBrowser/11.7.0.953 Mobile Safari/537.36" "-"
112.113.155.167 - - [25/Nov/2019:00:01:13 +0100] "GET /producto/camiseta-basket-sin-costadillos-3/?add-to-cart=18685 HTTP/1.1" 200 78459 "-" "Mozilla/5.0 (Linux; Android 7.0; FRD-AL00 Build/HUAWEIFRD-AL00; wv) AppleWebKit/537.36 (KHTML, like Gecko) Version/4.0 Chrome/53.0.2785.49 Mobile MQQBrowser/6.2 TBS/043602 Safari/537.36 MicroMessenger/6.5.16.1120 NetType/WIFI Language/zh_CN" "woocommerce_cart_hash=fc0fbfa1ded6af098a4ea4bb011035a5; woocommerce_items_in_cart=1; wp_woocommerce_session_fb86dbb0e6335d960ea3e94e06b25287=f75dc20e141a4f6559724b7614f7104d%7C%7C1574809266%7C%7C1574805666%7C%7C26ac0ba81398ce602abfd18737ffacea; wpfront-notification-bar-landingpage=1"
27.214.194.109 - - [25/Nov/2019:00:01:15 +0100] "GET /categoria-producto/inicio/ropa-amazing-sport-wear/futbol-ropa-amazing-sport-wear HTTP/1.1" 301 3604 "-" "Mozilla/5.0(Linux;Android 5.1.1;OPPO A33 Build/LMY47V;wv) AppleWebKit/537.36(KHTML,link Gecko) Version/4.0 Chrome/43.0.2357.121 Mobile Safari/537.36 LieBaoFast/4.51.3" "-"
27.214.194.109 - - [25/Nov/2019:00:01:18 +0100] "GET /categoria-producto/inicio/ropa-amazing-sport-wear/futbol-ropa-amazing-sport-wear/ HTTP/1.1" 200 68306 "-" "Mozilla/5.0(Linux;Android 5.1.1;OPPO A33 Build/LMY47V;wv) AppleWebKit/537.36(KHTML,link Gecko) Version/4.0 Chrome/43.0.2357.121 Mobile Safari/537.36 LieBaoFast/4.51.3" "wpfront-notification-bar-landingpage=1"
111.75.117.114 - - [25/Nov/2019:00:01:26 +0100] "GET /etiqueta-producto/adulto/ HTTP/1.1" 200 76188 "-" "Mozilla/5.0(Linux;U;Android 5.1.1;zh-CN;OPPO A33 Build/LMY47V) AppleWebKit/537.36(KHTML,like Gecko) Version/4.0 Chrome/40.0.2214.89 UCBrowser/11.7.0.953 Mobile Safari/537.36" "wpfront-notification-bar-landingpage=1"
104.222.43.170 - - [25/Nov/2019:00:01:40 +0100] "GET / HTTP/1.1" 301 336 "-" "Mozilla/5.0 (Windows NT 10.0; Win64; x64; rv:64.0) Gecko/20100101 Firefox/64.0" "-"
104.222.33.120 - - [25/Nov/2019:00:01:42 +0100] "GET / HTTP/1.1" 200 125545 "-" "Mozilla/5.0 (Windows NT 10.0; Win64; x64; rv:64.0) Gecko/20100101 Firefox/64.0" "wpfront-notification-bar-landingpage=1; APSERVER_ID=b4ec90efb07816a640f79db7d9dac16684d97a62fcb4d9d8a2e56bc9e8b44169"
104.222.43.204 - - [25/Nov/2019:00:01:47 +0100] "GET /wp-content/uploads/2019/05/cropped-favicon-nuevo-logo-amazinf-128px-32x32.png HTTP/1.1" 200 4392 "-" "Mozilla/5.0 (Windows NT 10.0; Win64; x64; rv:64.0) Gecko/20100101 Firefox/64.0" "-"
217.76.130.90 - - [25/Nov/2019:00:02:46 +0100] "POST /wp-cron.php?doing_wp_cron=1574636566.0701189041137695312500 HTTP/1.1" 200 3389 "https://amazingsportwear.com/wp-cron.php?doing_wp_cron=1574636566.0701189041137695312500" "WordPress/5.2.4; https://amazingsportwear.com" "-"
66.249.66.66 - - [25/Nov/2019:00:02:45 +0100] "GET /etiqueta-producto/braga/ HTTP/1.1" 200 53928 "-" "Mozilla/5.0 (Linux; Android 6.0.1; Nexus 5X Build/MMB29P) AppleWebKit/537.36 (KHTML, like Gecko) Chrome/41.0.2272.96 Mobile Safari/537.36 (compatible; Googlebot/2.1; +http://www.google.com/bot.html)" "-"
217.76.130.90 - - [25/Nov/2019:00:03:48 +0100] "POST /wp-cron.php?doing_wp_cron=1574636628.8389959335327148437500 HTTP/1.1" 200 3389 "https://amazingsportwear.com/wp-cron.php?doing_wp_cron=1574636628.8389959335327148437500" "WordPress/5.2.4; https://amazingsportwear.com" "-"
66.249.66.70 - - [25/Nov/2019:00:03:48 +0100] "GET /etiqueta-producto/cordon-gafas-de-sol/ HTTP/1.1" 200 54154 "-" "Mozilla/5.0 (Linux; Android 6.0.1; Nexus 5X Build/MMB29P) AppleWebKit/537.36 (KHTML, like Gecko) Chrome/41.0.2272.96 Mobile Safari/537.36 (compatible; Googlebot/2.1; +http://www.google.com/bot.html)" "-"
113.101.159.208 - - [25/Nov/2019:00:03:56 +0100] "GET /wp-content/uploads/2019/04/Gorra-sport-3.png HTTP/1.1" 200 90979 "-" "Mozilla/5.0 (Linux; Android 7.0; FRD-AL00 Build/HUAWEIFRD-AL00; wv) AppleWebKit/537.36 (KHTML, like Gecko) Version/4.0 Chrome/53.0.2785.49 Mobile MQQBrowser/6.2 TBS/043602 Safari/537.36 MicroMessenger/6.5.16.1120 NetType/WIFI Language/zh_CN" "-"
217.76.130.90 - - [25/Nov/2019:00:04:09 +0100] "POST /wp-cron.php?doing_wp_cron=1574636649.8951830863952636718750 HTTP/1.1" 200 3389 "https://amazingsportwear.com/wp-cron.php?doing_wp_cron=1574636649.8951830863952636718750" "WordPress/5.2.4; https://amazingsportwear.com" "-"
1.180.164.158 - - [25/Nov/2019:00:04:09 +0100] "GET /producto/camiseta-basket-con-costadillos-2 HTTP/1.1" 301 3566 "-" "Mozilla/5.0(Linux;Android 5.1.1;OPPO A33 Build/LMY47V;wv) AppleWebKit/537.36(KHTML,link Gecko) Version/4.0 Chrome/42.0.2311.138 Mobile Safari/537.36 Mb2345Browser/9.0" "-"
1.180.164.158 - - [25/Nov/2019:00:04:11 +0100] "GET /producto/camiseta-basket-con-costadillos-2/ HTTP/1.1" 200 77543 "-" "Mozilla/5.0(Linux;Android 5.1.1;OPPO A33 Build/LMY47V;wv) AppleWebKit/537.36(KHTML,link Gecko) Version/4.0 Chrome/42.0.2311.138 Mobile Safari/537.36 Mb2345Browser/9.0" "wpfront-notification-bar-landingpage=1"
222.135.79.34 - - [25/Nov/2019:00:04:54 +0100] "GET /etiqueta-producto/camisdeta-tecnica HTTP/1.1" 301 3559 "-" "Mozilla/5.0(Linux;Android 5.1.1;OPPO A33 Build/LMY47V;wv) AppleWebKit/537.36(KHTML,link Gecko) Version/4.0 Chrome/42.0.2311.138 Mobile Safari/537.36 Mb2345Browser/9.0" "-"
222.135.79.34 - - [25/Nov/2019:00:04:57 +0100] "GET /etiqueta-producto/camisdeta-tecnica/ HTTP/1.1" 200 59247 "-" "Mozilla/5.0(Linux;Android 5.1.1;OPPO A33 Build/LMY47V;wv) AppleWebKit/537.36(KHTML,link Gecko) Version/4.0 Chrome/42.0.2311.138 Mobile Safari/537.36 Mb2345Browser/9.0" "wpfront-notification-bar-landingpage=1"
78.30.23.227 - - [25/Nov/2019:00:05:25 +0100] "GET /wp-content/uploads/2019/04/toalla-absorvente-gymnasio-6.png HTTP/1.1" 200 155745 "https://www.google.com/" "Mozilla/5.0 (Windows NT 10.0; Win64; x64) AppleWebKit/537.36 (KHTML, like Gecko) Chrome/78.0.3904.108 Safari/537.36" "-"
217.76.130.90 - - [25/Nov/2019:00:07:26 +0100] "POST /wp-cron.php?doing_wp_cron=1574636846.0761249065399169921875 HTTP/1.1" 200 3389 "https://amazingsportwear.com/wp-cron.php?doing_wp_cron=1574636846.0761249065399169921875" "WordPress/5.2.4; https://amazingsportwear.com" "-"
66.249.66.68 - - [25/Nov/2019:00:07:25 +0100] "GET /etiqueta-producto/gorra-bayon/ HTTP/1.1" 200 53924 "-" "Mozilla/5.0 (Linux; Android 6.0.1; Nexus 5X Build/MMB29P) AppleWebKit/537.36 (KHTML, like Gecko) Chrome/41.0.2272.96 Mobile Safari/537.36 (compatible; Googlebot/2.1; +http://www.google.com/bot.html)" "-"
138.246.253.5 - - [25/Nov/2019:00:07:33 +0100] "HEAD / HTTP/1.1" 200 3682 "-" "Mozilla/5.0 (Windows NT 6.1; Win64; x64) AppleWebKit/537.36 (KHTML, like Gecko) Chrome/40.0.2214.85 Safari/537.36" "-"
217.76.130.90 - - [25/Nov/2019:00:08:40 +0100] "POST /wp-cron.php?doing_wp_cron=1574636920.7459759712219238281250 HTTP/1.1" 200 3389 "https://amazingsportwear.com/wp-cron.php?doing_wp_cron=1574636920.7459759712219238281250" "WordPress/5.2.4; https://amazingsportwear.com" "-"
175.153.20.52 - - [25/Nov/2019:00:08:40 +0100] "GET /producto/polo-tecnico-hombre-cif-t611-613-615 HTTP/1.1" 301 3569 "-" "Mozilla/5.0(Linux;Android 5.1.1;OPPO A33 Build/LMY47V;wv) AppleWebKit/537.36(KHTML,link Gecko) Version/4.0 Chrome/43.0.2357.121 Mobile Safari/537.36 LieBaoFast/4.51.3" "-"
175.153.20.52 - - [25/Nov/2019:00:08:43 +0100] "GET /producto/polo-tecnico-hombre-cif-t611-613-615/ HTTP/1.1" 200 102434 "-" "Mozilla/5.0(Linux;Android 5.1.1;OPPO A33 Build/LMY47V;wv) AppleWebKit/537.36(KHTML,link Gecko) Version/4.0 Chrome/43.0.2357.121 Mobile Safari/537.36 LieBaoFast/4.51.3" "wpfront-notification-bar-landingpage=1"
114.229.219.248 - - [25/Nov/2019:00:08:54 +0100] "GET /etiqueta-producto/nino HTTP/1.1" 301 3546 "-" "Mozilla/5.0(Linux;U;Android 5.1.1;zh-CN;OPPO A33 Build/LMY47V) AppleWebKit/537.36(KHTML,like Gecko) Version/4.0 Chrome/40.0.2214.89 UCBrowser/11.7.0.953 Mobile Safari/537.36" "-"
62.99.110.23 - - [25/Nov/2019:00:12:13 +0100] "GET /wp-content/uploads/2019/07/carpa-cas-300x300.jpg HTTP/1.1" 200 40624 "https://www.google.com/search?q=carpa+personalizada&client=firefox-b-m&sxsrf=ACYBGNR-oYShPWmSfbvVgsXol4K_F-CfvA:1574637024076&source=lnms&tbm=isch&sa=X&ved=0ahUKEwiTjeGD_IPmAhWHFxQKHdXrBQIQ_AUIBigB&biw=360&bih=549" "Mozilla/5.0 (Android 8.1.0; Mobile; rv:70.0) Gecko/70.0 Firefox/70.0" "-"
217.76.130.90 - - [25/Nov/2019:00:12:16 +0100] "POST /wp-cron.php?doing_wp_cron=1574637136.2599279880523681640625 HTTP/1.1" 200 3389 "https://amazingsportwear.com/wp-cron.php?doing_wp_cron=1574637136.2599279880523681640625" "WordPress/5.2.4; https://amazingsportwear.com" "-"
62.99.110.23 - - [25/Nov/2019:00:12:15 +0100] "GET /producto/carpa-personalizada-modelo-3x45/ HTTP/1.1" 200 97087 "https://www.google.com/search?q=carpa+personalizada&client=firefox-b-m&sxsrf=ACYBGNR-oYShPWmSfbvVgsXol4K_F-CfvA:1574637024076&source=lnms&tbm=isch&sa=X&ved=0ahUKEwiTjeGD_IPmAhWHFxQKHdXrBQIQ_AUIBigB&biw=360&bih=549" "Mozilla/5.0 (Android 8.1.0; Mobile; rv:70.0) Gecko/70.0 Firefox/70.0" "-"
62.99.110.23 - - [25/Nov/2019:00:12:16 +0100] "GET /wp-includes/css/dist/block-library/style.min.css?ver=5.2.4 HTTP/1.1" 200 29660 "https://amazingsportwear.com/producto/carpa-personalizada-modelo-3x45/" "Mozilla/5.0 (Android 8.1.0; Mobile; rv:70.0) Gecko/70.0 Firefox/70.0" "-"
62.99.110.23 - - [25/Nov/2019:00:12:17 +0100] "GET /wp-includes/js/jquery/jquery-migrate.min.js?ver=1.4.1 HTTP/1.1" 200 10399 "https://amazingsportwear.com/producto/carpa-personalizada-modelo-3x45/" "Mozilla/5.0 (Android 8.1.0; Mobile; rv:70.0) Gecko/70.0 Firefox/70.0" "-"
62.99.110.23 - - [25/Nov/2019:00:12:17 +0100] "GET /wp-content/plugins/woocommerce/assets/css/blocks/style.css?ver=3.6.4 HTTP/1.1" 200 6835 "https://amazingsportwear.com/producto/carpa-personalizada-modelo-3x45/" "Mozilla/5.0 (Android 8.1.0; Mobile; rv:70.0) Gecko/70.0 Firefox/70.0" "-"
62.99.110.23 - - [25/Nov/2019:00:12:17 +0100] "GET /wp-content/plugins/wpfront-notification-bar/css/wpfront-notification-bar.css?ver=1.7.1 HTTP/1.1" 200 3663 "https://amazingsportwear.com/producto/carpa-personalizada-modelo-3x45/" "Mozilla/5.0 (Android 8.1.0; Mobile; rv:70.0) Gecko/70.0 Firefox/70.0" "-"
62.99.110.23 - - [25/Nov/2019:00:12:17 +0100] "GET /wp-content/plugins/cookie-law-info/public/css/cookie-law-info-public.css?ver=1.7.6 HTTP/1.1" 200 3373 "https://amazingsportwear.com/producto/carpa-personalizada-modelo-3x45/" "Mozilla/5.0 (Android 8.1.0; Mobile; rv:70.0) Gecko/70.0 Firefox/70.0" "-"
62.99.110.23 - - [25/Nov/2019:00:12:17 +0100] "GET /wp-content/plugins/simple-social-icons/css/style.css?ver=3.0.1 HTTP/1.1" 200 1562 "https://amazingsportwear.com/producto/carpa-personalizada-modelo-3x45/" "Mozilla/5.0 (Android 8.1.0; Mobile; rv:70.0) Gecko/70.0 Firefox/70.0" "-"
62.99.110.23 - - [25/Nov/2019:00:12:17 +0100] "GET /wp-content/plugins/cookie-law-info/public/css/cookie-law-info-gdpr.css?ver=1.7.6 HTTP/1.1" 200 12583 "https://amazingsportwear.com/producto/carpa-personalizada-modelo-3x45/" "Mozilla/5.0 (Android 8.1.0; Mobile; rv:70.0) Gecko/70.0 Firefox/70.0" "-"
62.99.110.23 - - [25/Nov/2019:00:12:17 +0100] "GET /wp-content/themes/shopper/assets/sass/woocommerce/woocommerce.css?ver=5.2.4 HTTP/1.1" 200 83534 "https://amazingsportwear.com/producto/carpa-personalizada-modelo-3x45/" "Mozilla/5.0 (Android 8.1.0; Mobile; rv:70.0) Gecko/70.0 Firefox/70.0" "-"
62.99.110.23 - - [25/Nov/2019:00:12:17 +0100] "GET /wp-content/themes/shopper/style.css?ver=1.3.8 HTTP/1.1" 200 125315 "https://amazingsportwear.com/producto/carpa-personalizada-modelo-3x45/" "Mozilla/5.0 (Android 8.1.0; Mobile; rv:70.0) Gecko/70.0 Firefox/70.0" "-"
62.99.110.23 - - [25/Nov/2019:00:12:17 +0100] "GET /wp-content/plugins/woocommerce/assets/css/photoswipe/default-skin/default-skin.css?ver=3.6.4 HTTP/1.1" 200 12081 "https://amazingsportwear.com/producto/carpa-personalizada-modelo-3x45/" "Mozilla/5.0 (Android 8.1.0; Mobile; rv:70.0) Gecko/70.0 Firefox/70.0" "-"
62.99.110.23 - - [25/Nov/2019:00:12:17 +0100] "GET /wp-includes/js/jquery/jquery.js?ver=1.12.4-wp HTTP/1.1" 200 97362 "https://amazingsportwear.com/producto/carpa-personalizada-modelo-3x45/" "Mozilla/5.0 (Android 8.1.0; Mobile; rv:70.0) Gecko/70.0 Firefox/70.0" "-"
62.99.110.23 - - [25/Nov/2019:00:12:17 +0100] "GET /wp-content/plugins/woocommerce/assets/css/photoswipe/photoswipe.css?ver=3.6.4 HTTP/1.1" 200 4610 "https://amazingsportwear.com/producto/carpa-personalizada-modelo-3x45/" "Mozilla/5.0 (Android 8.1.0; Mobile; rv:70.0) Gecko/70.0 Firefox/70.0" "-"
62.99.110.23 - - [25/Nov/2019:00:12:17 +0100] "GET /wp-content/plugins/cookie-law-info/public/js/cookie-law-info-public.js?ver=1.7.6 HTTP/1.1" 200 17076 "https://amazingsportwear.com/producto/carpa-personalizada-modelo-3x45/" "Mozilla/5.0 (Android 8.1.0; Mobile; rv:70.0) Gecko/70.0 Firefox/70.0" "-"
62.99.110.23 - - [25/Nov/2019:00:12:17 +0100] "GET /wp-content/plugins/wpfront-notification-bar/jquery-plugins/jquery.c.js?ver=1.4.0 HTTP/1.1" 200 3437 "https://amazingsportwear.com/producto/carpa-personalizada-modelo-3x45/" "Mozilla/5.0 (Android 8.1.0; Mobile; rv:70.0) Gecko/70.0 Firefox/70.0" "-"
62.99.110.23 - - [25/Nov/2019:00:12:17 +0100] "GET /wp-includes/js/jquery/jquery.js HTTP/1.1" 200 97362 "https://amazingsportwear.com/producto/carpa-personalizada-modelo-3x45/" "Mozilla/5.0 (Android 8.1.0; Mobile; rv:70.0) Gecko/70.0 Firefox/70.0" "-"
62.99.110.23 - - [25/Nov/2019:00:12:17 +0100] "GET /wp-content/plugins/wpfront-notification-bar/js/wpfront-notification-bar.js?ver=1.7.1 HTTP/1.1" 200 5662 "https://amazingsportwear.com/producto/carpa-personalizada-modelo-3x45/" "Mozilla/5.0 (Android 8.1.0; Mobile; rv:70.0) Gecko/70.0 Firefox/70.0" "-"
62.99.110.23 - - [25/Nov/2019:00:12:17 +0100] "GET /wp-content/themes/shopper/assets/js/crm.js?ver=1561548510 HTTP/1.1" 200 874 "https://amazingsportwear.com/producto/carpa-personalizada-modelo-3x45/" "Mozilla/5.0 (Android 8.1.0; Mobile; rv:70.0) Gecko/70.0 Firefox/70.0" "-"
62.99.110.23 - - [25/Nov/2019:00:12:17 +0100] "GET /wp-content/plugins/simple-social-icons/svgxuse.js?ver=1.1.21 HTTP/1.1" 200 9580 "https://amazingsportwear.com/producto/carpa-personalizada-modelo-3x45/" "Mozilla/5.0 (Android 8.1.0; Mobile; rv:70.0) Gecko/70.0 Firefox/70.0" "-"
62.99.110.23 - - [25/Nov/2019:00:12:17 +0100] "GET /wp-content/plugins/woocommerce/assets/js/jquery-blockui/jquery.blockUI.min.js?ver=2.70 HTTP/1.1" 200 9908 "https://amazingsportwear.com/producto/carpa-personalizada-modelo-3x45/" "Mozilla/5.0 (Android 8.1.0; Mobile; rv:70.0) Gecko/70.0 Firefox/70.0" "-"
62.99.110.23 - - [25/Nov/2019:00:12:17 +0100] "GET /wp-content/plugins/product-enquiry-for-woocommerce/css/wdm-jquery-ui.css?ver=5.2.4 HTTP/1.1" 200 27001 "https://amazingsportwear.com/producto/carpa-personalizada-modelo-3x45/" "Mozilla/5.0 (Android 8.1.0; Mobile; rv:70.0) Gecko/70.0 Firefox/70.0" "-"
62.99.110.23 - - [25/Nov/2019:00:12:17 +0100] "GET /wp-content/plugins/woocommerce/assets/js/frontend/add-to-cart.min.js?ver=3.6.4 HTTP/1.1" 200 2983 "https://amazingsportwear.com/producto/carpa-personalizada-modelo-3x45/" "Mozilla/5.0 (Android 8.1.0; Mobile; rv:70.0) Gecko/70.0 Firefox/70.0" "-"
62.99.110.23 - - [25/Nov/2019:00:12:17 +0100] "GET /wp-content/plugins/woocommerce/assets/js/photoswipe/photoswipe.min.js?ver=4.1.1 HTTP/1.1" 200 32276 "https://amazingsportwear.com/producto/carpa-personalizada-modelo-3x45/" "Mozilla/5.0 (Android 8.1.0; Mobile; rv:70.0) Gecko/70.0 Firefox/70.0" "-"
62.99.110.23 - - [25/Nov/2019:00:12:17 +0100] "GET /wp-content/plugins/woocommerce/assets/js/photoswipe/photoswipe-ui-default.min.js?ver=4.1.1 HTTP/1.1" 200 10220 "https://amazingsportwear.com/producto/carpa-personalizada-modelo-3x45/" "Mozilla/5.0 (Android 8.1.0; Mobile; rv:70.0) Gecko/70.0 Firefox/70.0" "-"
62.99.110.23 - - [25/Nov/2019:00:12:17 +0100] "GET /wp-content/plugins/woocommerce/assets/js/zoom/jquery.zoom.min.js?ver=1.7.21 HTTP/1.1" 200 2957 "https://amazingsportwear.com/producto/carpa-personalizada-modelo-3x45/" "Mozilla/5.0 (Android 8.1.0; Mobile; rv:70.0) Gecko/70.0 Firefox/70.0" "-"
62.99.110.23 - - [25/Nov/2019:00:12:17 +0100] "GET /wp-content/plugins/woocommerce/assets/js/flexslider/jquery.flexslider.min.js?ver=2.7.2 HTTP/1.1" 200 23232 "https://amazingsportwear.com/producto/carpa-personalizada-modelo-3x45/" "Mozilla/5.0 (Android 8.1.0; Mobile; rv:70.0) Gecko/70.0 Firefox/70.0" "-"
62.99.110.23 - - [25/Nov/2019:00:12:17 +0100] "GET /wp-content/plugins/woocommerce/assets/js/frontend/single-product.min.js?ver=3.6.4 HTTP/1.1" 200 6693 "https://amazingsportwear.com/producto/carpa-personalizada-modelo-3x45/" "Mozilla/5.0 (Android 8.1.0; Mobile; rv:70.0) Gecko/70.0 Firefox/70.0" "-"
62.99.110.23 - - [25/Nov/2019:00:12:17 +0100] "GET /wp-content/plugins/woocommerce/assets/js/js-cookie/js.cookie.min.js?ver=2.1.4 HTTP/1.1" 200 2187 "https://amazingsportwear.com/producto/carpa-personalizada-modelo-3x45/" "Mozilla/5.0 (Android 8.1.0; Mobile; rv:70.0) Gecko/70.0 Firefox/70.0" "-"
62.99.110.23 - - [25/Nov/2019:00:12:17 +0100] "GET /wp-content/plugins/woocommerce/assets/js/frontend/woocommerce.min.js?ver=3.6.4 HTTP/1.1" 200 1813 "https://amazingsportwear.com/producto/carpa-personalizada-modelo-3x45/" "Mozilla/5.0 (Android 8.1.0; Mobile; rv:70.0) Gecko/70.0 Firefox/70.0" "-"
62.99.110.23 - - [25/Nov/2019:00:12:17 +0100] "GET /wp-content/themes/shopper/assets/js/skip-link-focus-fix.js?ver=1.3.8 HTTP/1.1" 200 1023 "https://amazingsportwear.com/producto/carpa-personalizada-modelo-3x45/" "Mozilla/5.0 (Android 8.1.0; Mobile; rv:70.0) Gecko/70.0 Firefox/70.0" "-"
62.99.110.23 - - [25/Nov/2019:00:12:17 +0100] "GET /wp-content/themes/shopper/assets/js/shopper.min.js?ver=1.3.8 HTTP/1.1" 200 5994 "https://amazingsportwear.com/producto/carpa-personalizada-modelo-3x45/" "Mozilla/5.0 (Android 8.1.0; Mobile; rv:70.0) Gecko/70.0 Firefox/70.0" "-"
62.99.110.23 - - [25/Nov/2019:00:12:17 +0100] "GET /wp-content/plugins/woocommerce/assets/js/frontend/cart-fragments.min.js?ver=3.6.4 HTTP/1.1" 200 3281 "https://amazingsportwear.com/producto/carpa-personalizada-modelo-3x45/" "Mozilla/5.0 (Android 8.1.0; Mobile; rv:70.0) Gecko/70.0 Firefox/70.0" "-"
62.99.110.23 - - [25/Nov/2019:00:12:17 +0100] "GET /wp-includes/js/comment-reply.min.js?ver=5.2.4 HTTP/1.1" 200 2575 "https://amazingsportwear.com/producto/carpa-personalizada-modelo-3x45/" "Mozilla/5.0 (Android 8.1.0; Mobile; rv:70.0) Gecko/70.0 Firefox/70.0" "-"
62.99.110.23 - - [25/Nov/2019:00:12:17 +0100] "GET /wp-content/themes/shopper/assets/js/woocommerce/header-cart.min.js?ver=1.3.8 HTTP/1.1" 200 972 "https://amazingsportwear.com/producto/carpa-personalizada-modelo-3x45/" "Mozilla/5.0 (Android 8.1.0; Mobile; rv:70.0) Gecko/70.0 Firefox/70.0" "-"
62.99.110.23 - - [25/Nov/2019:00:12:17 +0100] "GET /wp-includes/js/underscore.min.js?ver=1.8.3 HTTP/1.1" 200 16527 "https://amazingsportwear.com/producto/carpa-personalizada-modelo-3x45/" "Mozilla/5.0 (Android 8.1.0; Mobile; rv:70.0) Gecko/70.0 Firefox/70.0" "-"
62.99.110.23 - - [25/Nov/2019:00:12:17 +0100] "GET /wp-includes/js/wp-embed.min.js?ver=5.2.4 HTTP/1.1" 200 1744 "https://amazingsportwear.com/producto/carpa-personalizada-modelo-3x45/" "Mozilla/5.0 (Android 8.1.0; Mobile; rv:70.0) Gecko/70.0 Firefox/70.0" "-"
62.99.110.23 - - [25/Nov/2019:00:12:17 +0100] "GET /wp-content/plugins/akismet/_inc/form.js?ver=4.1.2 HTTP/1.1" 200 1040 "https://amazingsportwear.com/producto/carpa-personalizada-modelo-3x45/" "Mozilla/5.0 (Android 8.1.0; Mobile; rv:70.0) Gecko/70.0 Firefox/70.0" "-"
62.99.110.23 - - [25/Nov/2019:00:12:17 +0100] "GET /wp-includes/js/jquery/ui/core.min.js?ver=1.11.4 HTTP/1.1" 200 4341 "https://amazingsportwear.com/producto/carpa-personalizada-modelo-3x45/" "Mozilla/5.0 (Android 8.1.0; Mobile; rv:70.0) Gecko/70.0 Firefox/70.0" "-"
62.99.110.23 - - [25/Nov/2019:00:12:17 +0100] "GET /wp-includes/js/wp-util.min.js?ver=5.2.4 HTTP/1.1" 200 1387 "https://amazingsportwear.com/producto/carpa-personalizada-modelo-3x45/" "Mozilla/5.0 (Android 8.1.0; Mobile; rv:70.0) Gecko/70.0 Firefox/70.0" "-"
62.99.110.23 - - [25/Nov/2019:00:12:17 +0100] "GET /wp-content/plugins/woocommerce/assets/js/frontend/add-to-cart-variation.min.js?ver=3.6.4 HTTP/1.1" 200 13625 "https://amazingsportwear.com/producto/carpa-personalizada-modelo-3x45/" "Mozilla/5.0 (Android 8.1.0; Mobile; rv:70.0) Gecko/70.0 Firefox/70.0" "-"
62.99.110.23 - - [25/Nov/2019:00:12:17 +0100] "GET /wp-includes/js/jquery/ui/widget.min.js?ver=1.11.4 HTTP/1.1" 200 7250 "https://amazingsportwear.com/producto/carpa-personalizada-modelo-3x45/" "Mozilla/5.0 (Android 8.1.0; Mobile; rv:70.0) Gecko/70.0 Firefox/70.0" "-"
62.99.110.23 - - [25/Nov/2019:00:12:17 +0100] "GET /wp-includes/js/jquery/ui/resizable.min.js?ver=1.11.4 HTTP/1.1" 200 18798 "https://amazingsportwear.com/producto/carpa-personalizada-modelo-3x45/" "Mozilla/5.0 (Android 8.1.0; Mobile; rv:70.0) Gecko/70.0 Firefox/70.0" "-"
62.99.110.23 - - [25/Nov/2019:00:12:17 +0100] "GET /wp-includes/js/jquery/ui/mouse.min.js?ver=1.11.4 HTTP/1.1" 200 3489 "https://amazingsportwear.com/producto/carpa-personalizada-modelo-3x45/" "Mozilla/5.0 (Android 8.1.0; Mobile; rv:70.0) Gecko/70.0 Firefox/70.0" "-"
62.99.110.23 - - [25/Nov/2019:00:12:17 +0100] "GET /wp-includes/js/jquery/ui/draggable.min.js?ver=1.11.4 HTTP/1.1" 200 19277 "https://amazingsportwear.com/producto/carpa-personalizada-modelo-3x45/" "Mozilla/5.0 (Android 8.1.0; Mobile; rv:70.0) Gecko/70.0 Firefox/70.0" "-"
62.99.110.23 - - [25/Nov/2019:00:12:17 +0100] "GET /wp-includes/js/jquery/ui/position.min.js?ver=1.11.4 HTTP/1.1" 200 6869 "https://amazingsportwear.com/producto/carpa-personalizada-modelo-3x45/" "Mozilla/5.0 (Android 8.1.0; Mobile; rv:70.0) Gecko/70.0 Firefox/70.0" "-"
62.99.110.23 - - [25/Nov/2019:00:12:17 +0100] "GET /wp-includes/js/jquery/ui/button.min.js?ver=1.11.4 HTTP/1.1" 200 7578 "https://amazingsportwear.com/producto/carpa-personalizada-modelo-3x45/" "Mozilla/5.0 (Android 8.1.0; Mobile; rv:70.0) Gecko/70.0 Firefox/70.0" "-"
62.99.110.23 - - [25/Nov/2019:00:12:17 +0100] "GET /wp-includes/js/jquery/ui/dialog.min.js?ver=1.11.4 HTTP/1.1" 200 12482 "https://amazingsportwear.com/producto/carpa-personalizada-modelo-3x45/" "Mozilla/5.0 (Android 8.1.0; Mobile; rv:70.0) Gecko/70.0 Firefox/70.0" "-"
62.99.110.23 - - [25/Nov/2019:00:12:17 +0100] "GET /wp-content/plugins/product-enquiry-for-woocommerce/js/wdm_jquery.validate.min.js?ver=5.2.4 HTTP/1.1" 200 21818 "https://amazingsportwear.com/producto/carpa-personalizada-modelo-3x45/" "Mozilla/5.0 (Android 8.1.0; Mobile; rv:70.0) Gecko/70.0 Firefox/70.0" "-"
62.99.110.23 - - [25/Nov/2019:00:12:17 +0100] "GET /wp-includes/js/wp-emoji-release.min.js?ver=5.2.4 HTTP/1.1" 200 14183 "https://amazingsportwear.com/producto/carpa-personalizada-modelo-3x45/" "Mozilla/5.0 (Android 8.1.0; Mobile; rv:70.0) Gecko/70.0 Firefox/70.0" "-"
62.99.110.23 - - [25/Nov/2019:00:12:17 +0100] "GET /wp-content/plugins/product-enquiry-for-woocommerce/js/contact.js?ver=5.2.4 HTTP/1.1" 200 4681 "https://amazingsportwear.com/producto/carpa-personalizada-modelo-3x45/" "Mozilla/5.0 (Android 8.1.0; Mobile; rv:70.0) Gecko/70.0 Firefox/70.0" "-"
62.99.110.23 - - [25/Nov/2019:00:12:17 +0100] "GET /wp-content/plugins/simple-social-icons/symbol-defs.svg HTTP/1.1" 200 19699 "https://amazingsportwear.com/producto/carpa-personalizada-modelo-3x45/" "Mozilla/5.0 (Android 8.1.0; Mobile; rv:70.0) Gecko/70.0 Firefox/70.0" "-"
62.99.110.23 - - [25/Nov/2019:00:12:17 +0100] "GET /wp-content/uploads/2019/07/carpa-criba-768x768.jpg HTTP/1.1" 200 121941 "https://amazingsportwear.com/producto/carpa-personalizada-modelo-3x45/" "Mozilla/5.0 (Android 8.1.0; Mobile; rv:70.0) Gecko/70.0 Firefox/70.0" "-"
62.99.110.23 - - [25/Nov/2019:00:12:17 +0100] "GET /wp-content/uploads/2019/07/carpa-campo-768x768.jpg HTTP/1.1" 200 114641 "https://amazingsportwear.com/producto/carpa-personalizada-modelo-3x45/" "Mozilla/5.0 (Android 8.1.0; Mobile; rv:70.0) Gecko/70.0 Firefox/70.0" "-"
62.99.110.23 - - [25/Nov/2019:00:12:17 +0100] "GET /wp-content/uploads/2019/05/cropped-asw-white.png HTTP/1.1" 200 7500 "https://amazingsportwear.com/producto/carpa-personalizada-modelo-3x45/" "Mozilla/5.0 (Android 8.1.0; Mobile; rv:70.0) Gecko/70.0 Firefox/70.0" "-"
62.99.110.23 - - [25/Nov/2019:00:12:17 +0100] "GET /wp-content/uploads/2019/07/carpa-cas-768x768.jpg HTTP/1.1" 200 112380 "https://amazingsportwear.com/producto/carpa-personalizada-modelo-3x45/" "Mozilla/5.0 (Android 8.1.0; Mobile; rv:70.0) Gecko/70.0 Firefox/70.0" "-"
62.99.110.23 - - [25/Nov/2019:00:12:18 +0100] "GET /wp-content/uploads/2019/07/carpa-montenevado-768x768.jpg HTTP/1.1" 200 80904 "https://amazingsportwear.com/producto/carpa-personalizada-modelo-3x45/" "Mozilla/5.0 (Android 8.1.0; Mobile; rv:70.0) Gecko/70.0 Firefox/70.0" "-"
62.99.110.23 - - [25/Nov/2019:00:12:18 +0100] "GET /wp-content/uploads/2019/07/IMAGEN-CARPA-3X45.jpg HTTP/1.1" 200 41480 "https://amazingsportwear.com/producto/carpa-personalizada-modelo-3x45/" "Mozilla/5.0 (Android 8.1.0; Mobile; rv:70.0) Gecko/70.0 Firefox/70.0" "-"
62.99.110.23 - - [25/Nov/2019:00:12:17 +0100] "GET /wp-content/themes/shopper/assets/fonts/fontawesome-webfont.woff2?v=4.7.0 HTTP/1.1" 200 77615 "https://amazingsportwear.com/wp-content/themes/shopper/style.css?ver=1.3.8" "Mozilla/5.0 (Android 8.1.0; Mobile; rv:70.0) Gecko/70.0 Firefox/70.0" "-"
62.99.110.23 - - [25/Nov/2019:00:12:18 +0100] "GET /wp-content/uploads/2019/07/IMAGEN-PARED-CARPA-3X45.jpg HTTP/1.1" 200 35383 "https://amazingsportwear.com/producto/carpa-personalizada-modelo-3x45/" "Mozilla/5.0 (Android 8.1.0; Mobile; rv:70.0) Gecko/70.0 Firefox/70.0" "-"
62.99.110.23 - - [25/Nov/2019:00:12:18 +0100] "GET /wp-content/uploads/2019/07/banner-surf-asw-300x300.jpg HTTP/1.1" 200 7399 "https://amazingsportwear.com/producto/carpa-personalizada-modelo-3x45/" "Mozilla/5.0 (Android 8.1.0; Mobile; rv:70.0) Gecko/70.0 Firefox/70.0" "-"
62.99.110.23 - - [25/Nov/2019:00:12:18 +0100] "GET /wp-content/uploads/2019/07/ANCLAJES-CARPAS.jpg HTTP/1.1" 200 39038 "https://amazingsportwear.com/producto/carpa-personalizada-modelo-3x45/" "Mozilla/5.0 (Android 8.1.0; Mobile; rv:70.0) Gecko/70.0 Firefox/70.0" "-"
62.99.110.23 - - [25/Nov/2019:00:12:18 +0100] "GET /wp-content/uploads/2019/07/carpa-cas-600x600.jpg HTTP/1.1" 200 81667 "https://amazingsportwear.com/producto/carpa-personalizada-modelo-3x45/" "Mozilla/5.0 (Android 8.1.0; Mobile; rv:70.0) Gecko/70.0 Firefox/70.0" "-"
62.99.110.23 - - [25/Nov/2019:00:12:18 +0100] "GET /wp-content/uploads/2019/05/asw-white-600x252.png HTTP/1.1" 200 29380 "https://amazingsportwear.com/producto/carpa-personalizada-modelo-3x45/" "Mozilla/5.0 (Android 8.1.0; Mobile; rv:70.0) Gecko/70.0 Firefox/70.0" "-"
62.99.110.23 - - [25/Nov/2019:00:12:18 +0100] "GET /wp-content/uploads/2019/07/banner-golf-jeep.jpg HTTP/1.1" 200 51118 "https://amazingsportwear.com/producto/carpa-personalizada-modelo-3x45/" "Mozilla/5.0 (Android 8.1.0; Mobile; rv:70.0) Gecko/70.0 Firefox/70.0" "-"
62.99.110.23 - - [25/Nov/2019:00:12:18 +0100] "GET /wp-content/plugins/product-enquiry-for-woocommerce/img/contact/loading.gif HTTP/1.1" 200 3834 "https://amazingsportwear.com/producto/carpa-personalizada-modelo-3x45/" "Mozilla/5.0 (Android 8.1.0; Mobile; rv:70.0) Gecko/70.0 Firefox/70.0" "-"
62.99.110.23 - - [25/Nov/2019:00:12:18 +0100] "GET /wp-content/uploads/2019/05/cropped-favicon-nuevo-logo-amazinf-128px-180x180.png HTTP/1.1" 200 10066 "-" "MozacFetch/18.0.0" "-"
62.99.110.23 - - [25/Nov/2019:00:12:18 +0100] "GET /wp-content/uploads/2019/07/carpa-criba-100x100.jpg HTTP/1.1" 200 16412 "https://amazingsportwear.com/producto/carpa-personalizada-modelo-3x45/" "Mozilla/5.0 (Android 8.1.0; Mobile; rv:70.0) Gecko/70.0 Firefox/70.0" "-"
62.99.110.23 - - [25/Nov/2019:00:12:18 +0100] "GET /wp-content/uploads/2019/07/carpa-cas-100x100.jpg HTTP/1.1" 200 17599 "https://amazingsportwear.com/producto/carpa-personalizada-modelo-3x45/" "Mozilla/5.0 (Android 8.1.0; Mobile; rv:70.0) Gecko/70.0 Firefox/70.0" "-"
62.99.110.23 - - [25/Nov/2019:00:12:18 +0100] "GET /wp-content/uploads/2019/07/carpa-campo-100x100.jpg HTTP/1.1" 200 16063 "https://amazingsportwear.com/producto/carpa-personalizada-modelo-3x45/" "Mozilla/5.0 (Android 8.1.0; Mobile; rv:70.0) Gecko/70.0 Firefox/70.0" "-"
62.99.110.23 - - [25/Nov/2019:00:12:18 +0100] "GET /wp-content/uploads/2019/07/carpa-montenevado-100x100.jpg HTTP/1.1" 200 14782 "https://amazingsportwear.com/producto/carpa-personalizada-modelo-3x45/" "Mozilla/5.0 (Android 8.1.0; Mobile; rv:70.0) Gecko/70.0 Firefox/70.0" "-"
62.99.110.23 - - [25/Nov/2019:00:12:18 +0100] "GET /wp-content/uploads/2019/07/carpa-criba.jpg HTTP/1.1" 200 277519 "https://amazingsportwear.com/producto/carpa-personalizada-modelo-3x45/" "Mozilla/5.0 (Android 8.1.0; Mobile; rv:70.0) Gecko/70.0 Firefox/70.0" "-"
62.99.110.23 - - [25/Nov/2019:00:12:19 +0100] "POST /?wc-ajax=get_refreshed_fragments HTTP/1.1" 200 1397 "https://amazingsportwear.com/producto/carpa-personalizada-modelo-3x45/" "Mozilla/5.0 (Android 8.1.0; Mobile; rv:70.0) Gecko/70.0 Firefox/70.0" "-"
217.76.130.90 - - [25/Nov/2019:00:17:03 +0100] "POST /wp-cron.php?doing_wp_cron=1574637423.8739778995513916015625 HTTP/1.1" 200 3389 "https://amazingsportwear.com/wp-cron.php?doing_wp_cron=1574637423.8739778995513916015625" "WordPress/5.2.4; https://amazingsportwear.com" "-"
119.85.10.12 - - [25/Nov/2019:00:17:02 +0100] "GET /img/cms/misano.png HTTP/1.1" 404 72054 "-" "Mozilla/5.0 (Linux; Android 7.0; FRD-AL00 Build/HUAWEIFRD-AL00; wv) AppleWebKit/537.36 (KHTML, like Gecko) Version/4.0 Chrome/53.0.2785.49 Mobile MQQBrowser/6.2 TBS/043602 Safari/537.36 MicroMessenger/6.5.16.1120 NetType/WIFI Language/zh_CN" "-"
121.60.126.223 - - [25/Nov/2019:00:25:19 +0100] "GET /wp-content/uploads/2019/03/SA-6399-3.png HTTP/1.1" 200 73240 "-" "Mozilla/5.0 (Linux; Android 7.0; FRD-AL00 Build/HUAWEIFRD-AL00; wv) AppleWebKit/537.36 (KHTML, like Gecko) Version/4.0 Chrome/53.0.2785.49 Mobile MQQBrowser/6.2 TBS/043602 Safari/537.36 MicroMessenger/6.5.16.1120 NetType/WIFI Language/zh_CN" "-"
217.76.130.90 - - [25/Nov/2019:00:30:33 +0100] "POST /wp-cron.php?doing_wp_cron=1574638233.9250800609588623046875 HTTP/1.1" 200 3389 "https://amazingsportwear.com/wp-cron.php?doing_wp_cron=1574638233.9250800609588623046875" "WordPress/5.2.4; https://amazingsportwear.com" "-"
119.185.232.15 - - [25/Nov/2019:00:30:32 +0100] "GET /categoria-producto/deportes/futbol/ HTTP/1.1" 200 66103 "-" "Mozilla/5.0(Linux;Android 5.1.1;OPPO A33 Build/LMY47V;wv) AppleWebKit/537.36(KHTML,link Gecko) Version/4.0 Chrome/42.0.2311.138 Mobile Safari/537.36 Mb2345Browser/9.0" "-"
217.76.130.90 - - [25/Nov/2019:00:37:02 +0100] "POST /wp-cron.php?doing_wp_cron=1574638622.6917719841003417968750 HTTP/1.1" 200 3389 "https://amazingsportwear.com/wp-cron.php?doing_wp_cron=1574638622.6917719841003417968750" "WordPress/5.2.4; https://amazingsportwear.com" "-"
40.77.167.152 - - [25/Nov/2019:00:37:01 +0100] "GET /categoria-producto/mujer/ HTTP/1.1" 200 77498 "-" "Mozilla/5.0 (compatible; bingbot/2.0; +http://www.bing.com/bingbot.htm)" "-"
217.76.130.90 - - [25/Nov/2019:00:38:31 +0100] "POST /wp-cron.php?doing_wp_cron=1574638711.0345239639282226562500 HTTP/1.1" 200 3389 "https://amazingsportwear.com/wp-cron.php?doing_wp_cron=1574638711.0345239639282226562500" "WordPress/5.2.4; https://amazingsportwear.com" "-"
115.230.15.133 - - [25/Nov/2019:00:38:30 +0100] "GET /categoria-producto/hombre/page/4 HTTP/1.1" 301 3556 "-" "Mozilla/5.0(Linux;Android 5.1.1;OPPO A33 Build/LMY47V;wv) AppleWebKit/537.36(KHTML,link Gecko) Version/4.0 Chrome/43.0.2357.121 Mobile Safari/537.36 LieBaoFast/4.51.3" "-"
115.230.15.133 - - [25/Nov/2019:00:38:32 +0100] "GET /categoria-producto/hombre/page/4/ HTTP/1.1" 200 77591 "-" "Mozilla/5.0(Linux;Android 5.1.1;OPPO A33 Build/LMY47V;wv) AppleWebKit/537.36(KHTML,link Gecko) Version/4.0 Chrome/43.0.2357.121 Mobile Safari/537.36 LieBaoFast/4.51.3" "wpfront-notification-bar-landingpage=1"
217.76.130.90 - - [25/Nov/2019:00:40:38 +0100] "POST /wp-cron.php?doing_wp_cron=1574638838.6108150482177734375000 HTTP/1.1" 200 3389 "https://amazingsportwear.com/wp-cron.php?doing_wp_cron=1574638838.6108150482177734375000" "WordPress/5.2.4; https://amazingsportwear.com" "-"
114.231.241.151 - - [25/Nov/2019:00:40:37 +0100] "GET /etiqueta-producto/poliester HTTP/1.1" 301 3551 "-" "Mozilla/5.0(Linux;Android 5.1.1;OPPO A33 Build/LMY47V;wv) AppleWebKit/537.36(KHTML,link Gecko) Version/4.0 Chrome/42.0.2311.138 Mobile Safari/537.36 Mb2345Browser/9.0" "-"
217.76.130.90 - - [25/Nov/2019:00:43:28 +0100] "POST /wp-cron.php?doing_wp_cron=1574639008.6924390792846679687500 HTTP/1.1" 200 3389 "https://amazingsportwear.com/wp-cron.php?doing_wp_cron=1574639008.6924390792846679687500" "WordPress/5.2.4; https://amazingsportwear.com" "-"
113.83.60.111 - - [25/Nov/2019:00:43:28 +0100] "GET /etiqueta-producto/marcaje-360o HTTP/1.1" 301 3554 "-" "Mozilla/5.0(Linux;U;Android 5.1.1;zh-CN;OPPO A33 Build/LMY47V) AppleWebKit/537.36(KHTML,like Gecko) Version/4.0 Chrome/40.0.2214.89 UCBrowser/11.7.0.953 Mobile Safari/537.36" "-"
113.83.60.111 - - [25/Nov/2019:00:43:31 +0100] "GET /etiqueta-producto/marcaje-360o/ HTTP/1.1" 200 60703 "-" "Mozilla/5.0(Linux;U;Android 5.1.1;zh-CN;OPPO A33 Build/LMY47V) AppleWebKit/537.36(KHTML,like Gecko) Version/4.0 Chrome/40.0.2214.89 UCBrowser/11.7.0.953 Mobile Safari/537.36" "wpfront-notification-bar-landingpage=1"
115.213.98.2 - - [25/Nov/2019:00:45:48 +0100] "GET /wp-content/uploads/2018/05/sa-6639_royal.jpg HTTP/1.1" 200 3159897 "-" "Mozilla/5.0(Linux;U;Android 5.1.1;zh-CN;OPPO A33 Build/LMY47V) AppleWebKit/537.36(KHTML,like Gecko) Version/4.0 Chrome/40.0.2214.89 UCBrowser/11.7.0.953 Mobile Safari/537.36" "-"
217.76.130.90 - - [25/Nov/2019:00:47:44 +0100] "POST /wp-cron.php?doing_wp_cron=1574639264.6621899604797363281250 HTTP/1.1" 200 3389 "https://amazingsportwear.com/wp-cron.php?doing_wp_cron=1574639264.6621899604797363281250" "WordPress/5.2.4; https://amazingsportwear.com" "-"
36.4.85.188 - - [25/Nov/2019:00:47:43 +0100] "GET /producto/baston-con-luz-zappe HTTP/1.1" 301 3553 "-" "Mozilla/5.0(Linux;Android 5.1.1;OPPO A33 Build/LMY47V;wv) AppleWebKit/537.36(KHTML,link Gecko) Version/4.0 Chrome/42.0.2311.138 Mobile Safari/537.36 Mb2345Browser/9.0" "-"
177.228.141.104 - - [25/Nov/2019:00:51:48 +0100] "GET /wp-content/uploads/2019/04/Gorra-sport-10.png HTTP/1.1" 200 60426 "https://www.google.com/" "Mozilla/5.0 (Windows NT 10.0; Win64; x64) AppleWebKit/537.36 (KHTML, like Gecko) Chrome/78.0.3904.108 Safari/537.36" "-"
217.76.130.90 - - [25/Nov/2019:00:51:50 +0100] "POST /wp-cron.php?doing_wp_cron=1574639510.8357520103454589843750 HTTP/1.1" 200 164 "http://amazingsportwear.com/wp-cron.php?doing_wp_cron=1574639510.8357520103454589843750" "WordPress/5.2.4; https://amazingsportwear.com" "-"
116.27.4.74 - - [25/Nov/2019:00:51:50 +0100] "GET /img/cms/tienda/CIF-T790-794-colores.JPG HTTP/1.1" 404 68028 "-" "Mozilla/5.0(Linux;U;Android 5.1.1;zh-CN;OPPO A33 Build/LMY47V) AppleWebKit/537.36(KHTML,like Gecko) Version/4.0 Chrome/40.0.2214.89 UCBrowser/11.7.0.953 Mobile Safari/537.36" "-"
217.76.130.90 - - [25/Nov/2019:00:53:30 +0100] "POST /wp-cron.php?doing_wp_cron=1574639610.5262620449066162109375 HTTP/1.1" 200 3389 "https://amazingsportwear.com/wp-cron.php?doing_wp_cron=1574639610.5262620449066162109375" "WordPress/5.2.4; https://amazingsportwear.com" "-"
106.122.169.222 - - [25/Nov/2019:00:53:29 +0100] "GET /producto/peto-reversible-deportivo HTTP/1.1" 301 3558 "-" "Mozilla/5.0 (Linux; Android 7.0; FRD-AL00 Build/HUAWEIFRD-AL00; wv) AppleWebKit/537.36 (KHTML, like Gecko) Version/4.0 Chrome/53.0.2785.49 Mobile MQQBrowser/6.2 TBS/043602 Safari/537.36 MicroMessenger/6.5.16.1120 NetType/WIFI Language/zh_CN" "-"
40.77.167.151 - - [25/Nov/2019:00:53:45 +0100] "GET /atletismo/199-oferta-manguito-brazos-atletismo.html HTTP/1.1" 404 72342 "-" "Mozilla/5.0 (compatible; bingbot/2.0; +http://www.bing.com/bingbot.htm)" "-"
217.76.130.90 - - [25/Nov/2019:00:57:38 +0100] "POST /wp-cron.php?doing_wp_cron=1574639858.7399470806121826171875 HTTP/1.1" 200 164 "http://amazingsportwear.com/wp-cron.php?doing_wp_cron=1574639858.7399470806121826171875" "WordPress/5.2.4; https://amazingsportwear.com" "-"
54.209.60.20 - - [25/Nov/2019:00:57:37 +0100] "GET / HTTP/1.1" 301 298 "-" "Mozilla/5.0 (Macintosh; Intel Mac OS X 10_14_0) AppleWebKit/537.36 (KHTML, like Gecko) Chrome/78.0.3904.97 Safari/537.36" "-"
54.209.60.20 - - [25/Nov/2019:00:57:40 +0100] "GET / HTTP/1.1" 200 125759 "http://amazingsportwear.com/" "Mozilla/5.0 (Macintosh; Intel Mac OS X 10_14_0) AppleWebKit/537.36 (KHTML, like Gecko) Chrome/78.0.3904.97 Safari/537.36" "-"
217.76.130.90 - - [25/Nov/2019:00:59:56 +0100] "POST /wp-cron.php?doing_wp_cron=1574639996.8795039653778076171875 HTTP/1.1" 200 3389 "https://amazingsportwear.com/wp-cron.php?doing_wp_cron=1574639996.8795039653778076171875" "WordPress/5.2.4; https://amazingsportwear.com" "-"
17.58.96.178 - - [25/Nov/2019:00:59:56 +0100] "GET /categoria-producto/accesorios/bidonesdeportivos/ HTTP/1.1" 200 75144 "-" "Mozilla/5.0 (Macintosh; Intel Mac OS X 10_10_1) AppleWebKit/600.2.5 (KHTML, like Gecko) Version/8.0.2 Safari/600.2.5 (Applebot/0.1; +http://www.apple.com/go/applebot)" "-"
123.134.228.250 - - [25/Nov/2019:01:02:02 +0100] "GET /wp-content/uploads/2019/03/SA-6399-1-300x300.png HTTP/1.1" 200 66791 "-" "Mozilla/5.0(Linux;Android 5.1.1;OPPO A33 Build/LMY47V;wv) AppleWebKit/537.36(KHTML,link Gecko) Version/4.0 Chrome/42.0.2311.138 Mobile Safari/537.36 Mb2345Browser/9.0" "-"
217.76.130.90 - - [25/Nov/2019:01:12:16 +0100] "POST /wp-cron.php?doing_wp_cron=1574640736.0145521163940429687500 HTTP/1.1" 200 3389 "https://amazingsportwear.com/wp-cron.php?doing_wp_cron=1574640736.0145521163940429687500" "WordPress/5.2.4; https://amazingsportwear.com" "-"
27.196.18.70 - - [25/Nov/2019:01:12:13 +0100] "GET /producto/camiseta-tecnica-mujer-tirantes-aq-armour-aerobic HTTP/1.1" 301 3582 "-" "Mozilla/5.0(Linux;U;Android 5.1.1;zh-CN;OPPO A33 Build/LMY47V) AppleWebKit/537.36(KHTML,like Gecko) Version/4.0 Chrome/40.0.2214.89 UCBrowser/11.7.0.953 Mobile Safari/537.36" "-"
183.166.98.236 - - [25/Nov/2019:01:12:22 +0100] "GET /etiqueta-producto/gorra-sport HTTP/1.1" 301 3553 "-" "Mozilla/5.0 (Linux; Android 7.0; FRD-AL00 Build/HUAWEIFRD-AL00; wv) AppleWebKit/537.36 (KHTML, like Gecko) Version/4.0 Chrome/53.0.2785.49 Mobile MQQBrowser/6.2 TBS/043602 Safari/537.36 MicroMessenger/6.5.16.1120 NetType/WIFI Language/zh_CN" "-"
183.166.98.236 - - [25/Nov/2019:01:12:31 +0100] "GET /etiqueta-producto/gorra-sport/ HTTP/1.1" 200 53685 "-" "Mozilla/5.0 (Linux; Android 7.0; FRD-AL00 Build/HUAWEIFRD-AL00; wv) AppleWebKit/537.36 (KHTML, like Gecko) Version/4.0 Chrome/53.0.2785.49 Mobile MQQBrowser/6.2 TBS/043602 Safari/537.36 MicroMessenger/6.5.16.1120 NetType/WIFI Language/zh_CN" "wpfront-notification-bar-landingpage=1"
217.76.130.90 - - [25/Nov/2019:01:16:59 +0100] "POST /wp-cron.php?doing_wp_cron=1574641019.5585689544677734375000 HTTP/1.1" 200 3389 "https://amazingsportwear.com/wp-cron.php?doing_wp_cron=1574641019.5585689544677734375000" "WordPress/5.2.4; https://amazingsportwear.com" "-"
221.230.120.222 - - [25/Nov/2019:01:16:58 +0100] "GET /categoria-producto/accesorios/calcetines HTTP/1.1" 301 3564 "-" "Mozilla/5.0(Linux;Android 5.1.1;OPPO A33 Build/LMY47V;wv) AppleWebKit/537.36(KHTML,link Gecko) Version/4.0 Chrome/43.0.2357.121 Mobile Safari/537.36 LieBaoFast/4.51.3" "-"
217.76.130.90 - - [25/Nov/2019:01:17:08 +0100] "POST /wp-cron.php?doing_wp_cron=1574641028.7274210453033447265625 HTTP/1.1" 200 3389 "https://amazingsportwear.com/wp-cron.php?doing_wp_cron=1574641028.7274210453033447265625" "WordPress/5.2.4; https://amazingsportwear.com" "-"
66.249.66.68 - - [25/Nov/2019:01:17:07 +0100] "GET /producto/camiseta-hombre-dogo-premium/ HTTP/1.1" 200 100742 "-" "Mozilla/5.0 (compatible; Googlebot/2.1; +http://www.google.com/bot.html)" "-"
66.249.66.68 - - [25/Nov/2019:01:17:15 +0100] "POST /?wc-ajax=get_refreshed_fragments HTTP/1.1" 200 1397 "https://amazingsportwear.com/producto/camiseta-hombre-dogo-premium/" "Mozilla/5.0 AppleWebKit/537.36 (KHTML, like Gecko; compatible; Googlebot/2.1; +http://www.google.com/bot.html) Safari/537.36" "_ga=GA1.2.931330593.1574640000; _gid=GA1.2.2074753562.1574640000; _gat_gtag_UA_91619287_1=1"
221.230.120.222 - - [25/Nov/2019:01:17:15 +0100] "GET /categoria-producto/accesorios/calcetines/ HTTP/1.1" 200 58179 "-" "Mozilla/5.0(Linux;Android 5.1.1;OPPO A33 Build/LMY47V;wv) AppleWebKit/537.36(KHTML,link Gecko) Version/4.0 Chrome/43.0.2357.121 Mobile Safari/537.36 LieBaoFast/4.51.3" "wpfront-notification-bar-landingpage=1"
66.249.66.66 - - [25/Nov/2019:01:17:22 +0100] "GET /etiqueta-producto/chaleco-tecnico/ HTTP/1.1" 200 54169 "-" "Mozilla/5.0 (Linux; Android 6.0.1; Nexus 5X Build/MMB29P) AppleWebKit/537.36 (KHTML, like Gecko) Chrome/41.0.2272.96 Mobile Safari/537.36 (compatible; Googlebot/2.1; +http://www.google.com/bot.html)" "-"
66.249.66.66 - - [25/Nov/2019:01:17:27 +0100] "POST /?wc-ajax=get_refreshed_fragments HTTP/1.1" 200 1397 "https://amazingsportwear.com/etiqueta-producto/chaleco-tecnico/" "Mozilla/5.0 (Linux; Android 6.0.1; Nexus 5X Build/MMB29P) AppleWebKit/537.36 (KHTML, like Gecko) Chrome/41.0.2272.96 Mobile Safari/537.36 (compatible; Googlebot/2.1; +http://www.google.com/bot.html)" "_ga=GA1.2.1884029788.1574640000; _gid=GA1.2.969013651.1574640000; _gat_gtag_UA_91619287_1=1"
60.190.156.210 - - [25/Nov/2019:01:24:39 +0100] "GET /wp-content/uploads/2017/03/nath-combi-hombre-256x300.jpg HTTP/1.1" 200 20659 "-" "Mozilla/5.0(Linux;U;Android 5.1.1;zh-CN;OPPO A33 Build/LMY47V) AppleWebKit/537.36(KHTML,like Gecko) Version/4.0 Chrome/40.0.2214.89 UCBrowser/11.7.0.953 Mobile Safari/537.36" "-"
217.76.130.90 - - [25/Nov/2019:01:28:23 +0100] "POST /wp-cron.php?doing_wp_cron=1574641703.3790340423583984375000 HTTP/1.1" 200 3389 "https://amazingsportwear.com/wp-cron.php?doing_wp_cron=1574641703.3790340423583984375000" "WordPress/5.2.4; https://amazingsportwear.com" "-"
157.55.39.160 - - [25/Nov/2019:01:28:22 +0100] "GET /atletismo/198-oferta-top-atletismo.html HTTP/1.1" 404 72293 "-" "Mozilla/5.0 (compatible; bingbot/2.0; +http://www.bing.com/bingbot.htm)" "-"
217.76.130.90 - - [25/Nov/2019:01:45:15 +0100] "POST /wp-cron.php?doing_wp_cron=1574642715.8665730953216552734375 HTTP/1.1" 200 3389 "https://amazingsportwear.com/wp-cron.php?doing_wp_cron=1574642715.8665730953216552734375" "WordPress/5.2.4; https://amazingsportwear.com" "-"
207.46.13.97 - - [25/Nov/2019:01:45:14 +0100] "GET /producto/bidon-doger/ HTTP/1.1" 200 94316 "-" "Mozilla/5.0 (compatible; bingbot/2.0; +http://www.bing.com/bingbot.htm)" "-"
1.199.192.22 - - [25/Nov/2019:01:49:25 +0100] "GET /wp-content/uploads/2018/05/CIF-T-613-rojo.jpg HTTP/1.1" 200 59709 "-" "Mozilla/5.0(Linux;Android 5.1.1;OPPO A33 Build/LMY47V;wv) AppleWebKit/537.36(KHTML,link Gecko) Version/4.0 Chrome/43.0.2357.121 Mobile Safari/537.36 LieBaoFast/4.51.3" "-"
217.76.130.90 - - [25/Nov/2019:01:49:59 +0100] "POST /wp-cron.php?doing_wp_cron=1574642999.8571510314941406250000 HTTP/1.1" 200 3389 "https://amazingsportwear.com/wp-cron.php?doing_wp_cron=1574642999.8571510314941406250000" "WordPress/5.2.4; https://amazingsportwear.com" "-"
106.57.151.27 - - [25/Nov/2019:01:49:59 +0100] "GET /etiqueta-producto/gorra-deportiva HTTP/1.1" 301 3557 "-" "Mozilla/5.0(Linux;Android 5.1.1;OPPO A33 Build/LMY47V;wv) AppleWebKit/537.36(KHTML,link Gecko) Version/4.0 Chrome/43.0.2357.121 Mobile Safari/537.36 LieBaoFast/4.51.3" "-"
106.57.151.27 - - [25/Nov/2019:01:50:01 +0100] "GET /etiqueta-producto/gorra-deportiva/ HTTP/1.1" 200 53758 "-" "Mozilla/5.0(Linux;Android 5.1.1;OPPO A33 Build/LMY47V;wv) AppleWebKit/537.36(KHTML,link Gecko) Version/4.0 Chrome/43.0.2357.121 Mobile Safari/537.36 LieBaoFast/4.51.3" "wpfront-notification-bar-landingpage=1"
217.76.130.90 - - [25/Nov/2019:01:54:10 +0100] "POST /wp-cron.php?doing_wp_cron=1574643250.2944469451904296875000 HTTP/1.1" 200 3389 "https://amazingsportwear.com/wp-cron.php?doing_wp_cron=1574643250.2944469451904296875000" "WordPress/5.2.4; https://amazingsportwear.com" "-"
40.77.167.152 - - [25/Nov/2019:01:54:09 +0100] "GET /tienda/201-camiseta-tecnicamanga-corta-zolder-sa-6653.html HTTP/1.1" 404 72351 "-" "Mozilla/5.0 (compatible; bingbot/2.0; +http://www.bing.com/bingbot.htm)" "-"
217.76.130.90 - - [25/Nov/2019:02:25:17 +0100] "POST /wp-cron.php?doing_wp_cron=1574645117.1376779079437255859375 HTTP/1.1" 200 3389 "https://amazingsportwear.com/wp-cron.php?doing_wp_cron=1574645117.1376779079437255859375" "WordPress/5.2.4; https://amazingsportwear.com" "-"
66.249.66.68 - - [25/Nov/2019:02:25:15 +0100] "GET /categoria-producto/hombre/page/2/ HTTP/1.1" 200 78258 "-" "Mozilla/5.0 (Linux; Android 6.0.1; Nexus 5X Build/MMB29P) AppleWebKit/537.36 (KHTML, like Gecko) Chrome/41.0.2272.96 Mobile Safari/537.36 (compatible; Googlebot/2.1; +http://www.google.com/bot.html)" "-"
66.249.66.66 - - [25/Nov/2019:02:25:21 +0100] "POST /?wc-ajax=get_refreshed_fragments HTTP/1.1" 200 4760 "https://amazingsportwear.com/categoria-producto/hombre/page/2/" "Mozilla/5.0 (Linux; Android 6.0.1; Nexus 5X Build/MMB29P) AppleWebKit/537.36 (KHTML, like Gecko) Chrome/41.0.2272.96 Mobile Safari/537.36 (compatible; Googlebot/2.1; +http://www.google.com/bot.html)" "_ga=GA1.2.1884029788.1574640000; _gid=GA1.2.969013651.1574640000; _gat_gtag_UA_91619287_1=1"
181.44.60.121 - - [25/Nov/2019:02:25:34 +0100] "GET /wp-content/uploads/2019/04/Gorra-sport-10.png HTTP/1.1" 200 60231 "https://www.google.com/" "Mozilla/5.0 (Macintosh; Intel Mac OS X 10_14_6) AppleWebKit/605.1.15 (KHTML, like Gecko) Version/13.0.3 Safari/605.1.15" "-"
217.76.130.90 - - [25/Nov/2019:02:28:54 +0100] "POST /wp-cron.php?doing_wp_cron=1574645334.7080540657043457031250 HTTP/1.1" 200 3389 "https://amazingsportwear.com/wp-cron.php?doing_wp_cron=1574645334.7080540657043457031250" "WordPress/5.2.4; https://amazingsportwear.com" "-"
114.99.13.251 - - [25/Nov/2019:02:28:53 +0100] "GET /etiqueta-producto/dinamic-combi HTTP/1.1" 301 3555 "-" "Mozilla/5.0(Linux;Android 5.1.1;OPPO A33 Build/LMY47V;wv) AppleWebKit/537.36(KHTML,link Gecko) Version/4.0 Chrome/42.0.2311.138 Mobile Safari/537.36 Mb2345Browser/9.0" "-"
217.76.130.90 - - [25/Nov/2019:02:45:09 +0100] "POST /wp-cron.php?doing_wp_cron=1574646309.5364129543304443359375 HTTP/1.1" 200 3389 "https://amazingsportwear.com/wp-cron.php?doing_wp_cron=1574646309.5364129543304443359375" "WordPress/5.2.4; https://amazingsportwear.com" "-"
66.249.66.66 - - [25/Nov/2019:02:45:08 +0100] "GET /producto/mallas-deportivas-icaria/ HTTP/1.1" 200 100465 "-" "Mozilla/5.0 (compatible; Googlebot/2.1; +http://www.google.com/bot.html)" "-"
66.249.66.68 - - [25/Nov/2019:02:45:22 +0100] "POST /?wc-ajax=get_refreshed_fragments HTTP/1.1" 200 4760 "https://amazingsportwear.com/producto/mallas-deportivas-icaria/" "Mozilla/5.0 AppleWebKit/537.36 (KHTML, like Gecko; compatible; Googlebot/2.1; +http://www.google.com/bot.html) Safari/537.36" "_ga=GA1.2.931330593.1574640000; _gid=GA1.2.2074753562.1574640000; _gat_gtag_UA_91619287_1=1"
189.142.159.83 - - [25/Nov/2019:02:53:57 +0100] "GET /wp-content/uploads/2019/04/Gorra-sport-11.png HTTP/1.1" 200 131116 "https://www.google.com.mx/" "Mozilla/5.0 (Windows NT 6.1) AppleWebKit/537.36 (KHTML, like Gecko) Chrome/75.0.3770.100 Safari/537.36" "-"
217.76.130.90 - - [25/Nov/2019:02:53:59 +0100] "POST /wp-cron.php?doing_wp_cron=1574646839.0449790954589843750000 HTTP/1.1" 200 164 "http://amazingsportwear.com/wp-cron.php?doing_wp_cron=1574646839.0449790954589843750000" "WordPress/5.2.4; https://amazingsportwear.com" "-"
124.113.219.121 - - [25/Nov/2019:02:53:57 +0100] "GET /img/cms/tienda/CAT-5249-colores.jpg HTTP/1.1" 404 68055 "-" "Mozilla/5.0(Linux;Android 5.1.1;OPPO A33 Build/LMY47V;wv) AppleWebKit/537.36(KHTML,link Gecko) Version/4.0 Chrome/43.0.2357.121 Mobile Safari/537.36 LieBaoFast/4.51.3" "-"
114.100.83.227 - - [25/Nov/2019:02:53:58 +0100] "GET /wp-content/uploads/2019/04/AQ-FALDA-1.png HTTP/1.1" 200 325034 "-" "Mozilla/5.0(Linux;Android 5.1.1;OPPO A33 Build/LMY47V;wv) AppleWebKit/537.36(KHTML,link Gecko) Version/4.0 Chrome/42.0.2311.138 Mobile Safari/537.36 Mb2345Browser/9.0" "-"
217.76.130.90 - - [25/Nov/2019:03:09:37 +0100] "POST /wp-cron.php?doing_wp_cron=1574647777.1406080722808837890625 HTTP/1.1" 200 3389 "https://amazingsportwear.com/wp-cron.php?doing_wp_cron=1574647777.1406080722808837890625" "WordPress/5.2.4; https://amazingsportwear.com" "-"
66.249.66.70 - - [25/Nov/2019:03:09:36 +0100] "GET /producto/sudadera-clasica/ HTTP/1.1" 200 101479 "-" "Mozilla/5.0 (Linux; Android 6.0.1; Nexus 5X Build/MMB29P) AppleWebKit/537.36 (KHTML, like Gecko) Chrome/41.0.2272.96 Mobile Safari/537.36 (compatible; Googlebot/2.1; +http://www.google.com/bot.html)" "-"
189.154.117.196 - - [25/Nov/2019:03:12:52 +0100] "GET /wp-content/uploads/2019/04/SA-1087-5.png HTTP/1.1" 200 81039 "https://www.google.com/" "Mozilla/5.0 (Windows NT 10.0; Win64; x64) AppleWebKit/537.36 (KHTML, like Gecko) Chrome/78.0.3904.108 Safari/537.36" "-"
217.76.130.90 - - [25/Nov/2019:03:12:54 +0100] "POST /wp-cron.php?doing_wp_cron=1574647974.0450210571289062500000 HTTP/1.1" 200 3389 "https://amazingsportwear.com/wp-cron.php?doing_wp_cron=1574647974.0450210571289062500000" "WordPress/5.2.4; https://amazingsportwear.com" "-"
