217.76.130.90 - - [30/Nov/2019:00:09:14 +0100] "POST /wp-cron.php?doing_wp_cron=1575068954.8724460601806640625000 HTTP/1.1" 200 3389 "https://amazingsportwear.com/wp-cron.php?doing_wp_cron=1575068954.8724460601806640625000" "WordPress/5.2.4; https://amazingsportwear.com" "-"
66.249.64.148 - - [30/Nov/2019:00:09:13 +0100] "GET /producto/camiseta-tecnica-combinada-shangai-mujer/ HTTP/1.1" 200 111322 "-" "Mozilla/5.0 (Linux; Android 6.0.1; Nexus 5X Build/MMB29P) AppleWebKit/537.36 (KHTML, like Gecko) Chrome/41.0.2272.96 Mobile Safari/537.36 (compatible; Googlebot/2.1; +http://www.google.com/bot.html)" "-"
217.76.130.90 - - [30/Nov/2019:00:17:17 +0100] "POST /wp-cron.php?doing_wp_cron=1575069437.2712800502777099609375 HTTP/1.1" 200 3389 "https://amazingsportwear.com/wp-cron.php?doing_wp_cron=1575069437.2712800502777099609375" "WordPress/5.2.4; https://amazingsportwear.com" "-"
173.252.127.14 - - [30/Nov/2019:00:17:16 +0100] "GET / HTTP/1.1" 200 125535 "-" "facebookexternalhit/1.1 (+http://www.facebook.com/externalhit_uatext.php)" "-"
173.252.127.41 - - [30/Nov/2019:00:17:20 +0100] "GET /contacta-con-nosotros HTTP/1.1" 301 319 "-" "facebookexternalhit/1.1 (+http://www.facebook.com/externalhit_uatext.php)" "-"
173.252.127.41 - - [30/Nov/2019:00:17:20 +0100] "GET /contacta-con-nosotros/ HTTP/1.1" 200 58209 "-" "facebookexternalhit/1.1 (+http://www.facebook.com/externalhit_uatext.php)" "-"
60.214.167.117 - - [30/Nov/2019:00:22:39 +0100] "GET /wp-content/uploads/2017/01/cullote-largo1.jpg HTTP/1.1" 200 51316 "-" "Mozilla/5.0(Linux;Android 5.1.1;OPPO A33 Build/LMY47V;wv) AppleWebKit/537.36(KHTML,link Gecko) Version/4.0 Chrome/43.0.2357.121 Mobile Safari/537.36 LieBaoFast/4.51.3" "-"
217.76.130.90 - - [30/Nov/2019:00:26:10 +0100] "POST /wp-cron.php?doing_wp_cron=1575069970.0109610557556152343750 HTTP/1.1" 200 3389 "https://amazingsportwear.com/wp-cron.php?doing_wp_cron=1575069970.0109610557556152343750" "WordPress/5.2.4; https://amazingsportwear.com" "-"
223.91.223.109 - - [30/Nov/2019:00:26:09 +0100] "GET /producto/mochila-cobra HTTP/1.1" 301 3546 "-" "Mozilla/5.0 (Linux; Android 7.0; FRD-AL00 Build/HUAWEIFRD-AL00; wv) AppleWebKit/537.36 (KHTML, like Gecko) Version/4.0 Chrome/53.0.2785.49 Mobile MQQBrowser/6.2 TBS/043602 Safari/537.36 MicroMessenger/6.5.16.1120 NetType/WIFI Language/zh_CN" "-"
223.91.223.109 - - [30/Nov/2019:00:26:11 +0100] "GET /producto/mochila-cobra/ HTTP/1.1" 200 97240 "-" "Mozilla/5.0 (Linux; Android 7.0; FRD-AL00 Build/HUAWEIFRD-AL00; wv) AppleWebKit/537.36 (KHTML, like Gecko) Version/4.0 Chrome/53.0.2785.49 Mobile MQQBrowser/6.2 TBS/043602 Safari/537.36 MicroMessenger/6.5.16.1120 NetType/WIFI Language/zh_CN" "wpfront-notification-bar-landingpage=1"
217.76.130.90 - - [30/Nov/2019:00:43:52 +0100] "POST /wp-cron.php?doing_wp_cron=1575071032.0684649944305419921875 HTTP/1.1" 200 164 "http://amazingsportwear.com/wp-cron.php?doing_wp_cron=1575071032.0684649944305419921875" "WordPress/5.2.4; https://amazingsportwear.com" "-"
107.170.247.224 - - [30/Nov/2019:00:43:50 +0100] "GET /wp-content/plugins/linklove/ini_xml_rpc.class.php?sort=ZWNobyAnMTExMTExMTExMTIyMjIyMjIyMjIyMjIyMTExMTExMTExMSc7 HTTP/1.1" 404 68197 "amazingsportwear.com" "Mozilla/5.1 (Windows NT 6.0; WOW64) AppleWebKit/537.37 (KHTML, like Gecko) Chrome/58.0.1145.75 Safari/537.37" "-"
217.76.130.90 - - [30/Nov/2019:00:45:16 +0100] "POST /wp-cron.php?doing_wp_cron=1575071116.2728769779205322265625 HTTP/1.1" 200 164 "http://amazingsportwear.com/wp-cron.php?doing_wp_cron=1575071116.2728769779205322265625" "WordPress/5.2.4; https://amazingsportwear.com" "-"
107.170.247.224 - - [30/Nov/2019:00:45:15 +0100] "GET /wp-content/plugins/linklove/linklove.php?sort=ZWNobyAnMTExMTExMTExMTIyMjIyMjIyMjIyMjIyMTExMTExMTExMSc7 HTTP/1.1" 404 68154 "amazingsportwear.com" "Mozilla/5.1 (Windows NT 6.0; WOW64) AppleWebKit/537.37 (KHTML, like Gecko) Chrome/58.0.1145.75 Safari/537.37" "-"
217.76.130.90 - - [30/Nov/2019:00:52:06 +0100] "POST /wp-cron.php?doing_wp_cron=1575071526.6706299781799316406250 HTTP/1.1" 200 3389 "https://amazingsportwear.com/wp-cron.php?doing_wp_cron=1575071526.6706299781799316406250" "WordPress/5.2.4; https://amazingsportwear.com" "-"
157.55.39.152 - - [30/Nov/2019:00:52:06 +0100] "GET /robots.txt HTTP/1.1" 200 2297 "-" "Mozilla/5.0 (compatible; bingbot/2.0; +http://www.bing.com/bingbot.htm)" "-"
157.55.39.152 - - [30/Nov/2019:00:52:07 +0100] "GET /robots.txt HTTP/1.1" 200 3939 "-" "Mozilla/5.0 (compatible; bingbot/2.0; +http://www.bing.com/bingbot.htm)" "-"
207.46.13.57 - - [30/Nov/2019:00:52:07 +0100] "GET /17-basket HTTP/1.1" 404 72242 "-" "Mozilla/5.0 (compatible; bingbot/2.0; +http://www.bing.com/bingbot.htm)" "-"
207.46.13.57 - - [30/Nov/2019:00:52:44 +0100] "GET /atletismo/23-pantalon-corto-atletismo.html HTTP/1.1" 404 68090 "-" "Mozilla/5.0 (iPhone; CPU iPhone OS 7_0 like Mac OS X) AppleWebKit/537.51.1 (KHTML, like Gecko) Version/7.0 Mobile/11A465 Safari/9537.53 (compatible; bingbot/2.0; +http://www.bing.com/bingbot.htm)" "-"
217.76.130.90 - - [30/Nov/2019:00:59:26 +0100] "POST /wp-cron.php?doing_wp_cron=1575071966.2404940128326416015625 HTTP/1.1" 200 3389 "https://amazingsportwear.com/wp-cron.php?doing_wp_cron=1575071966.2404940128326416015625" "WordPress/5.2.4; https://amazingsportwear.com" "-"
66.249.64.148 - - [30/Nov/2019:00:59:25 +0100] "GET /producto/bidon-camiseta-zablex/ HTTP/1.1" 200 94629 "-" "Mozilla/5.0 (Linux; Android 6.0.1; Nexus 5X Build/MMB29P) AppleWebKit/537.36 (KHTML, like Gecko) Chrome/41.0.2272.96 Mobile Safari/537.36 (compatible; Googlebot/2.1; +http://www.google.com/bot.html)" "-"
66.249.64.144 - - [30/Nov/2019:00:59:29 +0100] "GET /producto/camiseta-portero-futbol-manga-larga/ HTTP/1.1" 200 92352 "-" "Mozilla/5.0 (compatible; Googlebot/2.1; +http://www.google.com/bot.html)" "-"
217.76.130.90 - - [30/Nov/2019:01:02:00 +0100] "POST /wp-cron.php?doing_wp_cron=1575072120.8804640769958496093750 HTTP/1.1" 200 3389 "https://amazingsportwear.com/wp-cron.php?doing_wp_cron=1575072120.8804640769958496093750" "WordPress/5.2.4; https://amazingsportwear.com" "-"
66.249.64.144 - - [30/Nov/2019:01:02:00 +0100] "GET /producto/bidon-aluminio-mento/ HTTP/1.1" 200 99791 "-" "Mozilla/5.0 (Linux; Android 6.0.1; Nexus 5X Build/MMB29P) AppleWebKit/537.36 (KHTML, like Gecko) Chrome/41.0.2272.96 Mobile Safari/537.36 (compatible; Googlebot/2.1; +http://www.google.com/bot.html)" "-"
217.76.130.90 - - [30/Nov/2019:01:04:07 +0100] "POST /wp-cron.php?doing_wp_cron=1575072247.2714118957519531250000 HTTP/1.1" 200 164 "http://amazingsportwear.com/wp-cron.php?doing_wp_cron=1575072247.2714118957519531250000" "WordPress/5.2.4; https://amazingsportwear.com" "-"
106.120.173.81 - - [30/Nov/2019:01:04:06 +0100] "GET / HTTP/1.1" 301 298 "-" "Sogou web spider/4.0(+http://www.sogou.com/docs/help/webmasters.htm#07)" "-"
106.120.173.81 - - [30/Nov/2019:01:04:07 +0100] "GET /robots.txt HTTP/1.1" 200 394 "-" "Sogou web spider/4.0(+http://www.sogou.com/docs/help/webmasters.htm#07)" "-"
106.120.173.81 - - [30/Nov/2019:01:04:08 +0100] "GET / HTTP/1.1" 200 125728 "-" "Sogou web spider/4.0(+http://www.sogou.com/docs/help/webmasters.htm#07)" "wpfront-notification-bar-landingpage=1;"
201.170.123.1 - - [30/Nov/2019:01:19:16 +0100] "GET /wp-content/uploads/2019/05/web-icono-pagina-web-en-construccion.jpg HTTP/1.1" 200 18405 "https://www.google.com/" "Mozilla/5.0 (Windows NT 10.0; Win64; x64) AppleWebKit/537.36 (KHTML, like Gecko) Chrome/78.0.3904.108 Safari/537.36" "-"
181.44.131.79 - - [30/Nov/2019:01:19:40 +0100] "GET /wp-content/uploads/2019/04/Gorra-sport-10.png HTTP/1.1" 200 60426 "https://www.google.com/" "Mozilla/5.0 (Windows NT 10.0; Win64; x64) AppleWebKit/537.36 (KHTML, like Gecko) Chrome/78.0.3904.108 Safari/537.36" "-"
217.76.130.90 - - [30/Nov/2019:01:20:07 +0100] "POST /wp-cron.php?doing_wp_cron=1575073207.9052169322967529296875 HTTP/1.1" 200 3389 "https://amazingsportwear.com/wp-cron.php?doing_wp_cron=1575073207.9052169322967529296875" "WordPress/5.2.4; https://amazingsportwear.com" "-"
66.249.64.144 - - [30/Nov/2019:01:20:06 +0100] "GET /producto/camiseta-tecnica-manga-larga-sa-0415/ HTTP/1.1" 200 108763 "-" "Mozilla/5.0 (Linux; Android 6.0.1; Nexus 5X Build/MMB29P) AppleWebKit/537.36 (KHTML, like Gecko) Chrome/41.0.2272.96 Mobile Safari/537.36 (compatible; Googlebot/2.1; +http://www.google.com/bot.html)" "-"
217.76.130.90 - - [30/Nov/2019:01:30:50 +0100] "POST /wp-cron.php?doing_wp_cron=1575073850.9008619785308837890625 HTTP/1.1" 200 3389 "https://amazingsportwear.com/wp-cron.php?doing_wp_cron=1575073850.9008619785308837890625" "WordPress/5.2.4; https://amazingsportwear.com" "-"
66.249.64.146 - - [30/Nov/2019:01:30:50 +0100] "GET /producto/camiseta-tecnica-manga-larga-sa-0415/ HTTP/1.1" 200 108815 "-" "Mozilla/5.0 (compatible; Googlebot/2.1; +http://www.google.com/bot.html)" "-"
217.76.130.90 - - [30/Nov/2019:01:40:14 +0100] "POST /wp-cron.php?doing_wp_cron=1575074414.2399408817291259765625 HTTP/1.1" 200 3389 "https://amazingsportwear.com/wp-cron.php?doing_wp_cron=1575074414.2399408817291259765625" "WordPress/5.2.4; https://amazingsportwear.com" "-"
17.58.100.225 - - [30/Nov/2019:01:40:13 +0100] "GET /robots.txt HTTP/1.1" 200 3687 "-" "Mozilla/5.0 (Macintosh; Intel Mac OS X 10_10_1) AppleWebKit/600.2.5 (KHTML, like Gecko) Version/8.0.2 Safari/600.2.5 (Applebot/0.1; +http://www.apple.com/go/applebot)" "-"
17.58.96.177 - - [30/Nov/2019:01:40:15 +0100] "GET / HTTP/1.1" 200 125571 "-" "Mozilla/5.0 (Macintosh; Intel Mac OS X 10_10_1) AppleWebKit/600.2.5 (KHTML, like Gecko) Version/8.0.2 Safari/600.2.5 (Applebot/0.1; +http://www.apple.com/go/applebot)" "-"
66.249.64.148 - - [30/Nov/2019:01:40:18 +0100] "GET /categoria-producto/deportes/futbol/ HTTP/1.1" 200 66351 "-" "Mozilla/5.0 (compatible; Googlebot/2.1; +http://www.google.com/bot.html)" "-"
217.76.130.90 - - [30/Nov/2019:01:50:41 +0100] "POST /wp-cron.php?doing_wp_cron=1575075041.0540740489959716796875 HTTP/1.1" 200 3389 "https://amazingsportwear.com/wp-cron.php?doing_wp_cron=1575075041.0540740489959716796875" "WordPress/5.2.4; https://amazingsportwear.com" "-"
66.249.64.146 - - [30/Nov/2019:01:50:40 +0100] "GET /producto/pantalon-corto-tenis-padel/ HTTP/1.1" 200 90807 "-" "Mozilla/5.0 (Linux; Android 6.0.1; Nexus 5X Build/MMB29P) AppleWebKit/537.36 (KHTML, like Gecko) Chrome/41.0.2272.96 Mobile Safari/537.36 (compatible; Googlebot/2.1; +http://www.google.com/bot.html)" "-"
217.76.130.90 - - [30/Nov/2019:02:02:36 +0100] "POST /wp-cron.php?doing_wp_cron=1575075756.3484389781951904296875 HTTP/1.1" 200 3389 "https://amazingsportwear.com/wp-cron.php?doing_wp_cron=1575075756.3484389781951904296875" "WordPress/5.2.4; https://amazingsportwear.com" "-"
207.46.13.41 - - [30/Nov/2019:02:02:35 +0100] "GET /tienda/page/6/ HTTP/1.1" 200 77727 "-" "Mozilla/5.0 (compatible; bingbot/2.0; +http://www.bing.com/bingbot.htm)" "-"
217.76.130.90 - - [30/Nov/2019:02:03:14 +0100] "POST /wp-cron.php?doing_wp_cron=1575075794.5513260364532470703125 HTTP/1.1" 200 3389 "https://amazingsportwear.com/wp-cron.php?doing_wp_cron=1575075794.5513260364532470703125" "WordPress/5.2.4; https://amazingsportwear.com" "-"
66.249.64.146 - - [30/Nov/2019:02:03:13 +0100] "GET /producto/mochila-blades/ HTTP/1.1" 200 102938 "-" "Mozilla/5.0 (Linux; Android 6.0.1; Nexus 5X Build/MMB29P) AppleWebKit/537.36 (KHTML, like Gecko) Chrome/41.0.2272.96 Mobile Safari/537.36 (compatible; Googlebot/2.1; +http://www.google.com/bot.html)" "-"
190.12.77.82 - - [30/Nov/2019:02:03:16 +0100] "GET /wp-content/uploads/2019/04/Llavero-metalico-golf-3.png HTTP/1.1" 200 46821 "https://www.google.es/" "Mozilla/5.0 (Macintosh; Intel Mac OS X 10_14_4) AppleWebKit/537.36 (KHTML, like Gecko) Chrome/66.0.3359.117 Safari/537.36" "-"
223.243.133.122 - - [30/Nov/2019:02:03:49 +0100] "GET /etiqueta-producto/gorra-de-diseno HTTP/1.1" 301 3557 "-" "Mozilla/5.0 (Linux; Android 7.0; FRD-AL00 Build/HUAWEIFRD-AL00; wv) AppleWebKit/537.36 (KHTML, like Gecko) Version/4.0 Chrome/53.0.2785.49 Mobile MQQBrowser/6.2 TBS/043602 Safari/537.36 MicroMessenger/6.5.16.1120 NetType/WIFI Language/zh_CN" "-"
223.243.133.122 - - [30/Nov/2019:02:03:52 +0100] "GET /etiqueta-producto/gorra-de-diseno/ HTTP/1.1" 200 53773 "-" "Mozilla/5.0 (Linux; Android 7.0; FRD-AL00 Build/HUAWEIFRD-AL00; wv) AppleWebKit/537.36 (KHTML, like Gecko) Version/4.0 Chrome/53.0.2785.49 Mobile MQQBrowser/6.2 TBS/043602 Safari/537.36 MicroMessenger/6.5.16.1120 NetType/WIFI Language/zh_CN" "wpfront-notification-bar-landingpage=1"
217.76.130.90 - - [30/Nov/2019:02:17:34 +0100] "POST /wp-cron.php?doing_wp_cron=1575076654.6694018840789794921875 HTTP/1.1" 200 164 "http://amazingsportwear.com/wp-cron.php?doing_wp_cron=1575076654.6694018840789794921875" "WordPress/5.2.4; https://amazingsportwear.com" "-"
207.46.13.41 - - [30/Nov/2019:02:17:33 +0100] "GET /22-tienda HTTP/1.1" 404 67993 "-" "Mozilla/5.0 (iPhone; CPU iPhone OS 7_0 like Mac OS X) AppleWebKit/537.51.1 (KHTML, like Gecko) Version/7.0 Mobile/11A465 Safari/9537.53 (compatible; bingbot/2.0; +http://www.bing.com/bingbot.htm)" "-"
217.76.130.90 - - [30/Nov/2019:02:25:22 +0100] "POST /wp-cron.php?doing_wp_cron=1575077122.6543719768524169921875 HTTP/1.1" 200 3389 "https://amazingsportwear.com/wp-cron.php?doing_wp_cron=1575077122.6543719768524169921875" "WordPress/5.2.4; https://amazingsportwear.com" "-"
182.200.120.220 - - [30/Nov/2019:02:25:22 +0100] "GET /tienda/305-sudadera-capucha.html HTTP/1.1" 404 72304 "-" "Mozilla/5.0 (Windows NT 6.3; Win64; x64) AppleWebKit/537.36 (KHTML, like Gecko) Chrome/66.0.3359.181 Safari/537.36" "-"
217.76.130.90 - - [30/Nov/2019:02:32:39 +0100] "POST /wp-cron.php?doing_wp_cron=1575077559.4946250915527343750000 HTTP/1.1" 200 164 "http://amazingsportwear.com/wp-cron.php?doing_wp_cron=1575077559.4946250915527343750000" "WordPress/5.2.4; https://amazingsportwear.com" "-"
207.46.13.139 - - [30/Nov/2019:02:32:38 +0100] "GET /tienda/105-camiseta-tecnica-bandera-cat-3581.html HTTP/1.1" 404 68094 "-" "Mozilla/5.0 (iPhone; CPU iPhone OS 7_0 like Mac OS X) AppleWebKit/537.51.1 (KHTML, like Gecko) Version/7.0 Mobile/11A465 Safari/9537.53 (compatible; bingbot/2.0; +http://www.bing.com/bingbot.htm)" "-"
217.76.130.90 - - [30/Nov/2019:02:35:47 +0100] "POST /wp-cron.php?doing_wp_cron=1575077747.8934619426727294921875 HTTP/1.1" 200 3389 "https://amazingsportwear.com/wp-cron.php?doing_wp_cron=1575077747.8934619426727294921875" "WordPress/5.2.4; https://amazingsportwear.com" "-"
92.185.44.165 - - [30/Nov/2019:02:35:47 +0100] "GET /producto/toalla-absorvente-kefan/ HTTP/1.1" 200 102556 "https://www.google.com/" "Mozilla/5.0 (Windows NT 10.0; Win64; x64) AppleWebKit/537.36 (KHTML, like Gecko) Chrome/78.0.3904.108 Safari/537.36" "-"
92.185.44.165 - - [30/Nov/2019:02:35:49 +0100] "GET /wp-includes/css/dist/block-library/style.min.css?ver=5.2.4 HTTP/1.1" 200 29660 "https://amazingsportwear.com/producto/toalla-absorvente-kefan/" "Mozilla/5.0 (Windows NT 10.0; Win64; x64) AppleWebKit/537.36 (KHTML, like Gecko) Chrome/78.0.3904.108 Safari/537.36" "-"
92.185.44.165 - - [30/Nov/2019:02:35:49 +0100] "GET /wp-content/plugins/woocommerce/assets/css/blocks/style.css?ver=3.6.4 HTTP/1.1" 200 10060 "https://amazingsportwear.com/producto/toalla-absorvente-kefan/" "Mozilla/5.0 (Windows NT 10.0; Win64; x64) AppleWebKit/537.36 (KHTML, like Gecko) Chrome/78.0.3904.108 Safari/537.36" "-"
92.185.44.165 - - [30/Nov/2019:02:35:49 +0100] "GET /wp-content/plugins/woocommerce/assets/css/photoswipe/photoswipe.css?ver=3.6.4 HTTP/1.1" 200 4610 "https://amazingsportwear.com/producto/toalla-absorvente-kefan/" "Mozilla/5.0 (Windows NT 10.0; Win64; x64) AppleWebKit/537.36 (KHTML, like Gecko) Chrome/78.0.3904.108 Safari/537.36" "-"
92.185.44.165 - - [30/Nov/2019:02:35:49 +0100] "GET /wp-content/plugins/cookie-law-info/public/css/cookie-law-info-public.css?ver=1.7.6 HTTP/1.1" 200 3235 "https://amazingsportwear.com/producto/toalla-absorvente-kefan/" "Mozilla/5.0 (Windows NT 10.0; Win64; x64) AppleWebKit/537.36 (KHTML, like Gecko) Chrome/78.0.3904.108 Safari/537.36" "-"
92.185.44.165 - - [30/Nov/2019:02:35:49 +0100] "GET /wp-content/plugins/cookie-law-info/public/css/cookie-law-info-gdpr.css?ver=1.7.6 HTTP/1.1" 200 12445 "https://amazingsportwear.com/producto/toalla-absorvente-kefan/" "Mozilla/5.0 (Windows NT 10.0; Win64; x64) AppleWebKit/537.36 (KHTML, like Gecko) Chrome/78.0.3904.108 Safari/537.36" "-"
92.185.44.165 - - [30/Nov/2019:02:35:49 +0100] "GET /wp-content/plugins/wpfront-notification-bar/css/wpfront-notification-bar.css?ver=1.7.1 HTTP/1.1" 200 7026 "https://amazingsportwear.com/producto/toalla-absorvente-kefan/" "Mozilla/5.0 (Windows NT 10.0; Win64; x64) AppleWebKit/537.36 (KHTML, like Gecko) Chrome/78.0.3904.108 Safari/537.36" "-"
92.185.44.165 - - [30/Nov/2019:02:35:49 +0100] "GET /wp-content/plugins/woocommerce/assets/css/photoswipe/default-skin/default-skin.css?ver=3.6.4 HTTP/1.1" 200 15306 "https://amazingsportwear.com/producto/toalla-absorvente-kefan/" "Mozilla/5.0 (Windows NT 10.0; Win64; x64) AppleWebKit/537.36 (KHTML, like Gecko) Chrome/78.0.3904.108 Safari/537.36" "-"
92.185.44.165 - - [30/Nov/2019:02:35:49 +0100] "GET /wp-content/themes/shopper/style.css?ver=1.3.8 HTTP/1.1" 200 128678 "https://amazingsportwear.com/producto/toalla-absorvente-kefan/" "Mozilla/5.0 (Windows NT 10.0; Win64; x64) AppleWebKit/537.36 (KHTML, like Gecko) Chrome/78.0.3904.108 Safari/537.36" "-"
92.185.44.165 - - [30/Nov/2019:02:35:49 +0100] "GET /wp-content/plugins/simple-social-icons/css/style.css?ver=3.0.1 HTTP/1.1" 200 1562 "https://amazingsportwear.com/producto/toalla-absorvente-kefan/" "Mozilla/5.0 (Windows NT 10.0; Win64; x64) AppleWebKit/537.36 (KHTML, like Gecko) Chrome/78.0.3904.108 Safari/537.36" "-"
92.185.44.165 - - [30/Nov/2019:02:35:49 +0100] "GET /wp-content/plugins/cookie-law-info/public/js/cookie-law-info-public.js?ver=1.7.6 HTTP/1.1" 200 17076 "https://amazingsportwear.com/producto/toalla-absorvente-kefan/" "Mozilla/5.0 (Windows NT 10.0; Win64; x64) AppleWebKit/537.36 (KHTML, like Gecko) Chrome/78.0.3904.108 Safari/537.36" "-"
92.185.44.165 - - [30/Nov/2019:02:35:49 +0100] "GET /wp-includes/js/jquery/jquery-migrate.min.js?ver=1.4.1 HTTP/1.1" 200 10399 "https://amazingsportwear.com/producto/toalla-absorvente-kefan/" "Mozilla/5.0 (Windows NT 10.0; Win64; x64) AppleWebKit/537.36 (KHTML, like Gecko) Chrome/78.0.3904.108 Safari/537.36" "-"
92.185.44.165 - - [30/Nov/2019:02:35:49 +0100] "GET /wp-content/plugins/wpfront-notification-bar/jquery-plugins/jquery.c.js?ver=1.4.0 HTTP/1.1" 200 3437 "https://amazingsportwear.com/producto/toalla-absorvente-kefan/" "Mozilla/5.0 (Windows NT 10.0; Win64; x64) AppleWebKit/537.36 (KHTML, like Gecko) Chrome/78.0.3904.108 Safari/537.36" "-"
92.185.44.165 - - [30/Nov/2019:02:35:49 +0100] "GET /wp-includes/js/jquery/jquery.js?ver=1.12.4-wp HTTP/1.1" 200 97362 "https://amazingsportwear.com/producto/toalla-absorvente-kefan/" "Mozilla/5.0 (Windows NT 10.0; Win64; x64) AppleWebKit/537.36 (KHTML, like Gecko) Chrome/78.0.3904.108 Safari/537.36" "-"
92.185.44.165 - - [30/Nov/2019:02:35:49 +0100] "GET /wp-content/themes/shopper/assets/sass/woocommerce/woocommerce.css?ver=5.2.4 HTTP/1.1" 200 83534 "https://amazingsportwear.com/producto/toalla-absorvente-kefan/" "Mozilla/5.0 (Windows NT 10.0; Win64; x64) AppleWebKit/537.36 (KHTML, like Gecko) Chrome/78.0.3904.108 Safari/537.36" "-"
92.185.44.165 - - [30/Nov/2019:02:35:49 +0100] "GET /wp-includes/js/jquery/jquery.js HTTP/1.1" 200 97362 "https://amazingsportwear.com/producto/toalla-absorvente-kefan/" "Mozilla/5.0 (Windows NT 10.0; Win64; x64) AppleWebKit/537.36 (KHTML, like Gecko) Chrome/78.0.3904.108 Safari/537.36" "-"
92.185.44.165 - - [30/Nov/2019:02:35:49 +0100] "GET /wp-content/plugins/wpfront-notification-bar/js/wpfront-notification-bar.js?ver=1.7.1 HTTP/1.1" 200 5662 "https://amazingsportwear.com/producto/toalla-absorvente-kefan/" "Mozilla/5.0 (Windows NT 10.0; Win64; x64) AppleWebKit/537.36 (KHTML, like Gecko) Chrome/78.0.3904.108 Safari/537.36" "-"
92.185.44.165 - - [30/Nov/2019:02:35:49 +0100] "GET /wp-content/plugins/simple-social-icons/svgxuse.js?ver=1.1.21 HTTP/1.1" 200 9580 "https://amazingsportwear.com/producto/toalla-absorvente-kefan/" "Mozilla/5.0 (Windows NT 10.0; Win64; x64) AppleWebKit/537.36 (KHTML, like Gecko) Chrome/78.0.3904.108 Safari/537.36" "-"
92.185.44.165 - - [30/Nov/2019:02:35:49 +0100] "GET /wp-content/uploads/2019/05/cropped-asw-white.png HTTP/1.1" 200 7500 "https://amazingsportwear.com/producto/toalla-absorvente-kefan/" "Mozilla/5.0 (Windows NT 10.0; Win64; x64) AppleWebKit/537.36 (KHTML, like Gecko) Chrome/78.0.3904.108 Safari/537.36" "-"
92.185.44.165 - - [30/Nov/2019:02:35:49 +0100] "GET /wp-content/plugins/woocommerce/assets/js/zoom/jquery.zoom.min.js?ver=1.7.21 HTTP/1.1" 200 2957 "https://amazingsportwear.com/producto/toalla-absorvente-kefan/" "Mozilla/5.0 (Windows NT 10.0; Win64; x64) AppleWebKit/537.36 (KHTML, like Gecko) Chrome/78.0.3904.108 Safari/537.36" "-"
92.185.44.165 - - [30/Nov/2019:02:35:49 +0100] "GET /wp-content/plugins/woocommerce/assets/js/frontend/add-to-cart.min.js?ver=3.6.4 HTTP/1.1" 200 2983 "https://amazingsportwear.com/producto/toalla-absorvente-kefan/" "Mozilla/5.0 (Windows NT 10.0; Win64; x64) AppleWebKit/537.36 (KHTML, like Gecko) Chrome/78.0.3904.108 Safari/537.36" "-"
92.185.44.165 - - [30/Nov/2019:02:35:49 +0100] "GET /wp-content/themes/shopper/assets/js/crm.js?ver=1561548510 HTTP/1.1" 200 874 "https://amazingsportwear.com/producto/toalla-absorvente-kefan/" "Mozilla/5.0 (Windows NT 10.0; Win64; x64) AppleWebKit/537.36 (KHTML, like Gecko) Chrome/78.0.3904.108 Safari/537.36" "-"
92.185.44.165 - - [30/Nov/2019:02:35:49 +0100] "GET /wp-content/plugins/woocommerce/assets/js/jquery-blockui/jquery.blockUI.min.js?ver=2.70 HTTP/1.1" 200 9908 "https://amazingsportwear.com/producto/toalla-absorvente-kefan/" "Mozilla/5.0 (Windows NT 10.0; Win64; x64) AppleWebKit/537.36 (KHTML, like Gecko) Chrome/78.0.3904.108 Safari/537.36" "-"
92.185.44.165 - - [30/Nov/2019:02:35:49 +0100] "GET /wp-content/plugins/product-enquiry-for-woocommerce/css/wdm-jquery-ui.css?ver=5.2.4 HTTP/1.1" 200 27001 "https://amazingsportwear.com/producto/toalla-absorvente-kefan/" "Mozilla/5.0 (Windows NT 10.0; Win64; x64) AppleWebKit/537.36 (KHTML, like Gecko) Chrome/78.0.3904.108 Safari/537.36" "-"
92.185.44.165 - - [30/Nov/2019:02:35:49 +0100] "GET /wp-content/uploads/2019/04/toalla-absorvente-kefan-7.png HTTP/1.1" 200 85296 "https://amazingsportwear.com/producto/toalla-absorvente-kefan/" "Mozilla/5.0 (Windows NT 10.0; Win64; x64) AppleWebKit/537.36 (KHTML, like Gecko) Chrome/78.0.3904.108 Safari/537.36" "-"
92.185.44.165 - - [30/Nov/2019:02:35:49 +0100] "GET /wp-content/uploads/2019/04/toalla-absorvente-kefan-1.png HTTP/1.1" 200 83364 "https://amazingsportwear.com/producto/toalla-absorvente-kefan/" "Mozilla/5.0 (Windows NT 10.0; Win64; x64) AppleWebKit/537.36 (KHTML, like Gecko) Chrome/78.0.3904.108 Safari/537.36" "-"
92.185.44.165 - - [30/Nov/2019:02:35:49 +0100] "GET /wp-content/themes/shopper/assets/fonts/fontawesome-webfont.woff2?v=4.7.0 HTTP/1.1" 200 77615 "https://amazingsportwear.com/wp-content/themes/shopper/style.css?ver=1.3.8" "Mozilla/5.0 (Windows NT 10.0; Win64; x64) AppleWebKit/537.36 (KHTML, like Gecko) Chrome/78.0.3904.108 Safari/537.36" "-"
92.185.44.165 - - [30/Nov/2019:02:35:49 +0100] "GET /wp-content/uploads/2019/04/toalla-absorvente-kefan-6.png HTTP/1.1" 200 87594 "https://amazingsportwear.com/producto/toalla-absorvente-kefan/" "Mozilla/5.0 (Windows NT 10.0; Win64; x64) AppleWebKit/537.36 (KHTML, like Gecko) Chrome/78.0.3904.108 Safari/537.36" "-"
92.185.44.165 - - [30/Nov/2019:02:35:49 +0100] "GET /wp-content/plugins/woocommerce/assets/js/flexslider/jquery.flexslider.min.js?ver=2.7.2 HTTP/1.1" 200 23232 "https://amazingsportwear.com/producto/toalla-absorvente-kefan/" "Mozilla/5.0 (Windows NT 10.0; Win64; x64) AppleWebKit/537.36 (KHTML, like Gecko) Chrome/78.0.3904.108 Safari/537.36" "-"
92.185.44.165 - - [30/Nov/2019:02:35:49 +0100] "GET /wp-content/uploads/2019/04/toalla-absorvente-kefan-2.png HTTP/1.1" 200 87360 "https://amazingsportwear.com/producto/toalla-absorvente-kefan/" "Mozilla/5.0 (Windows NT 10.0; Win64; x64) AppleWebKit/537.36 (KHTML, like Gecko) Chrome/78.0.3904.108 Safari/537.36" "-"
92.185.44.165 - - [30/Nov/2019:02:35:49 +0100] "GET /wp-content/uploads/2019/04/toalla-absorvente-kefan-3.png HTTP/1.1" 200 67939 "https://amazingsportwear.com/producto/toalla-absorvente-kefan/" "Mozilla/5.0 (Windows NT 10.0; Win64; x64) AppleWebKit/537.36 (KHTML, like Gecko) Chrome/78.0.3904.108 Safari/537.36" "-"
92.185.44.165 - - [30/Nov/2019:02:35:49 +0100] "GET /wp-content/uploads/2019/04/toalla-absorvente-kefan-5.png HTTP/1.1" 200 54561 "https://amazingsportwear.com/producto/toalla-absorvente-kefan/" "Mozilla/5.0 (Windows NT 10.0; Win64; x64) AppleWebKit/537.36 (KHTML, like Gecko) Chrome/78.0.3904.108 Safari/537.36" "-"
92.185.44.165 - - [30/Nov/2019:02:35:49 +0100] "GET /wp-content/plugins/woocommerce/assets/js/photoswipe/photoswipe.min.js?ver=4.1.1 HTTP/1.1" 200 32276 "https://amazingsportwear.com/producto/toalla-absorvente-kefan/" "Mozilla/5.0 (Windows NT 10.0; Win64; x64) AppleWebKit/537.36 (KHTML, like Gecko) Chrome/78.0.3904.108 Safari/537.36" "_ga=GA1.2.94865080.1575077751; _gid=GA1.2.1963764105.1575077751; _gat_gtag_UA_91619287_1=1"
92.185.44.165 - - [30/Nov/2019:02:35:49 +0100] "GET /wp-content/uploads/2019/04/toalla-absorvente-kefan-4.png HTTP/1.1" 200 79233 "https://amazingsportwear.com/producto/toalla-absorvente-kefan/" "Mozilla/5.0 (Windows NT 10.0; Win64; x64) AppleWebKit/537.36 (KHTML, like Gecko) Chrome/78.0.3904.108 Safari/537.36" "-"
92.185.44.165 - - [30/Nov/2019:02:35:49 +0100] "GET /wp-content/plugins/woocommerce/assets/js/frontend/single-product.min.js?ver=3.6.4 HTTP/1.1" 200 6693 "https://amazingsportwear.com/producto/toalla-absorvente-kefan/" "Mozilla/5.0 (Windows NT 10.0; Win64; x64) AppleWebKit/537.36 (KHTML, like Gecko) Chrome/78.0.3904.108 Safari/537.36" "_ga=GA1.2.94865080.1575077751; _gid=GA1.2.1963764105.1575077751; _gat_gtag_UA_91619287_1=1"
92.185.44.165 - - [30/Nov/2019:02:35:49 +0100] "GET /wp-content/plugins/woocommerce/assets/js/photoswipe/photoswipe-ui-default.min.js?ver=4.1.1 HTTP/1.1" 200 10220 "https://amazingsportwear.com/producto/toalla-absorvente-kefan/" "Mozilla/5.0 (Windows NT 10.0; Win64; x64) AppleWebKit/537.36 (KHTML, like Gecko) Chrome/78.0.3904.108 Safari/537.36" "_ga=GA1.2.94865080.1575077751; _gid=GA1.2.1963764105.1575077751; _gat_gtag_UA_91619287_1=1"
92.185.44.165 - - [30/Nov/2019:02:35:49 +0100] "GET /wp-content/plugins/woocommerce/assets/js/frontend/woocommerce.min.js?ver=3.6.4 HTTP/1.1" 200 1813 "https://amazingsportwear.com/producto/toalla-absorvente-kefan/" "Mozilla/5.0 (Windows NT 10.0; Win64; x64) AppleWebKit/537.36 (KHTML, like Gecko) Chrome/78.0.3904.108 Safari/537.36" "_ga=GA1.2.94865080.1575077751; _gid=GA1.2.1963764105.1575077751; _gat_gtag_UA_91619287_1=1"
92.185.44.165 - - [30/Nov/2019:02:35:49 +0100] "GET /wp-content/plugins/woocommerce/assets/js/js-cookie/js.cookie.min.js?ver=2.1.4 HTTP/1.1" 200 2187 "https://amazingsportwear.com/producto/toalla-absorvente-kefan/" "Mozilla/5.0 (Windows NT 10.0; Win64; x64) AppleWebKit/537.36 (KHTML, like Gecko) Chrome/78.0.3904.108 Safari/537.36" "_ga=GA1.2.94865080.1575077751; _gid=GA1.2.1963764105.1575077751; _gat_gtag_UA_91619287_1=1"
92.185.44.165 - - [30/Nov/2019:02:35:49 +0100] "GET /wp-content/themes/shopper/assets/js/shopper.min.js?ver=1.3.8 HTTP/1.1" 200 5994 "https://amazingsportwear.com/producto/toalla-absorvente-kefan/" "Mozilla/5.0 (Windows NT 10.0; Win64; x64) AppleWebKit/537.36 (KHTML, like Gecko) Chrome/78.0.3904.108 Safari/537.36" "_ga=GA1.2.94865080.1575077751; _gid=GA1.2.1963764105.1575077751; _gat_gtag_UA_91619287_1=1"
92.185.44.165 - - [30/Nov/2019:02:35:49 +0100] "GET /wp-content/plugins/woocommerce/assets/js/frontend/cart-fragments.min.js?ver=3.6.4 HTTP/1.1" 200 3281 "https://amazingsportwear.com/producto/toalla-absorvente-kefan/" "Mozilla/5.0 (Windows NT 10.0; Win64; x64) AppleWebKit/537.36 (KHTML, like Gecko) Chrome/78.0.3904.108 Safari/537.36" "_ga=GA1.2.94865080.1575077751; _gid=GA1.2.1963764105.1575077751; _gat_gtag_UA_91619287_1=1"
92.185.44.165 - - [30/Nov/2019:02:35:49 +0100] "GET /wp-content/themes/shopper/assets/js/skip-link-focus-fix.js?ver=1.3.8 HTTP/1.1" 200 1023 "https://amazingsportwear.com/producto/toalla-absorvente-kefan/" "Mozilla/5.0 (Windows NT 10.0; Win64; x64) AppleWebKit/537.36 (KHTML, like Gecko) Chrome/78.0.3904.108 Safari/537.36" "_ga=GA1.2.94865080.1575077751; _gid=GA1.2.1963764105.1575077751; _gat_gtag_UA_91619287_1=1"
92.185.44.165 - - [30/Nov/2019:02:35:49 +0100] "GET /wp-includes/js/comment-reply.min.js?ver=5.2.4 HTTP/1.1" 200 2575 "https://amazingsportwear.com/producto/toalla-absorvente-kefan/" "Mozilla/5.0 (Windows NT 10.0; Win64; x64) AppleWebKit/537.36 (KHTML, like Gecko) Chrome/78.0.3904.108 Safari/537.36" "_ga=GA1.2.94865080.1575077751; _gid=GA1.2.1963764105.1575077751; _gat_gtag_UA_91619287_1=1"
92.185.44.165 - - [30/Nov/2019:02:35:49 +0100] "GET /wp-content/themes/shopper/assets/js/woocommerce/header-cart.min.js?ver=1.3.8 HTTP/1.1" 200 972 "https://amazingsportwear.com/producto/toalla-absorvente-kefan/" "Mozilla/5.0 (Windows NT 10.0; Win64; x64) AppleWebKit/537.36 (KHTML, like Gecko) Chrome/78.0.3904.108 Safari/537.36" "_ga=GA1.2.94865080.1575077751; _gid=GA1.2.1963764105.1575077751; _gat_gtag_UA_91619287_1=1"
92.185.44.165 - - [30/Nov/2019:02:35:49 +0100] "GET /wp-includes/js/underscore.min.js?ver=1.8.3 HTTP/1.1" 200 16527 "https://amazingsportwear.com/producto/toalla-absorvente-kefan/" "Mozilla/5.0 (Windows NT 10.0; Win64; x64) AppleWebKit/537.36 (KHTML, like Gecko) Chrome/78.0.3904.108 Safari/537.36" "_ga=GA1.2.94865080.1575077751; _gid=GA1.2.1963764105.1575077751; _gat_gtag_UA_91619287_1=1"
92.185.44.165 - - [30/Nov/2019:02:35:49 +0100] "GET /wp-content/plugins/woocommerce/assets/js/frontend/add-to-cart-variation.min.js?ver=3.6.4 HTTP/1.1" 200 13625 "https://amazingsportwear.com/producto/toalla-absorvente-kefan/" "Mozilla/5.0 (Windows NT 10.0; Win64; x64) AppleWebKit/537.36 (KHTML, like Gecko) Chrome/78.0.3904.108 Safari/537.36" "_ga=GA1.2.94865080.1575077751; _gid=GA1.2.1963764105.1575077751; _gat_gtag_UA_91619287_1=1"
92.185.44.165 - - [30/Nov/2019:02:35:49 +0100] "GET /wp-includes/js/wp-embed.min.js?ver=5.2.4 HTTP/1.1" 200 1744 "https://amazingsportwear.com/producto/toalla-absorvente-kefan/" "Mozilla/5.0 (Windows NT 10.0; Win64; x64) AppleWebKit/537.36 (KHTML, like Gecko) Chrome/78.0.3904.108 Safari/537.36" "_ga=GA1.2.94865080.1575077751; _gid=GA1.2.1963764105.1575077751; _gat_gtag_UA_91619287_1=1"
92.185.44.165 - - [30/Nov/2019:02:35:49 +0100] "GET /wp-includes/js/wp-util.min.js?ver=5.2.4 HTTP/1.1" 200 1387 "https://amazingsportwear.com/producto/toalla-absorvente-kefan/" "Mozilla/5.0 (Windows NT 10.0; Win64; x64) AppleWebKit/537.36 (KHTML, like Gecko) Chrome/78.0.3904.108 Safari/537.36" "_ga=GA1.2.94865080.1575077751; _gid=GA1.2.1963764105.1575077751; _gat_gtag_UA_91619287_1=1"
92.185.44.165 - - [30/Nov/2019:02:35:49 +0100] "GET /wp-includes/js/jquery/ui/widget.min.js?ver=1.11.4 HTTP/1.1" 200 7250 "https://amazingsportwear.com/producto/toalla-absorvente-kefan/" "Mozilla/5.0 (Windows NT 10.0; Win64; x64) AppleWebKit/537.36 (KHTML, like Gecko) Chrome/78.0.3904.108 Safari/537.36" "_ga=GA1.2.94865080.1575077751; _gid=GA1.2.1963764105.1575077751; _gat_gtag_UA_91619287_1=1"
92.185.44.165 - - [30/Nov/2019:02:35:49 +0100] "GET /wp-includes/js/jquery/ui/mouse.min.js?ver=1.11.4 HTTP/1.1" 200 3489 "https://amazingsportwear.com/producto/toalla-absorvente-kefan/" "Mozilla/5.0 (Windows NT 10.0; Win64; x64) AppleWebKit/537.36 (KHTML, like Gecko) Chrome/78.0.3904.108 Safari/537.36" "_ga=GA1.2.94865080.1575077751; _gid=GA1.2.1963764105.1575077751; _gat_gtag_UA_91619287_1=1"
92.185.44.165 - - [30/Nov/2019:02:35:49 +0100] "GET /wp-includes/js/jquery/ui/resizable.min.js?ver=1.11.4 HTTP/1.1" 200 18798 "https://amazingsportwear.com/producto/toalla-absorvente-kefan/" "Mozilla/5.0 (Windows NT 10.0; Win64; x64) AppleWebKit/537.36 (KHTML, like Gecko) Chrome/78.0.3904.108 Safari/537.36" "_ga=GA1.2.94865080.1575077751; _gid=GA1.2.1963764105.1575077751; _gat_gtag_UA_91619287_1=1"
92.185.44.165 - - [30/Nov/2019:02:35:49 +0100] "GET /wp-includes/js/jquery/ui/core.min.js?ver=1.11.4 HTTP/1.1" 200 4341 "https://amazingsportwear.com/producto/toalla-absorvente-kefan/" "Mozilla/5.0 (Windows NT 10.0; Win64; x64) AppleWebKit/537.36 (KHTML, like Gecko) Chrome/78.0.3904.108 Safari/537.36" "_ga=GA1.2.94865080.1575077751; _gid=GA1.2.1963764105.1575077751; _gat_gtag_UA_91619287_1=1"
92.185.44.165 - - [30/Nov/2019:02:35:49 +0100] "GET /wp-includes/js/jquery/ui/draggable.min.js?ver=1.11.4 HTTP/1.1" 200 19277 "https://amazingsportwear.com/producto/toalla-absorvente-kefan/" "Mozilla/5.0 (Windows NT 10.0; Win64; x64) AppleWebKit/537.36 (KHTML, like Gecko) Chrome/78.0.3904.108 Safari/537.36" "_ga=GA1.2.94865080.1575077751; _gid=GA1.2.1963764105.1575077751; _gat_gtag_UA_91619287_1=1"
92.185.44.165 - - [30/Nov/2019:02:35:49 +0100] "GET /wp-includes/js/jquery/ui/button.min.js?ver=1.11.4 HTTP/1.1" 200 7578 "https://amazingsportwear.com/producto/toalla-absorvente-kefan/" "Mozilla/5.0 (Windows NT 10.0; Win64; x64) AppleWebKit/537.36 (KHTML, like Gecko) Chrome/78.0.3904.108 Safari/537.36" "_ga=GA1.2.94865080.1575077751; _gid=GA1.2.1963764105.1575077751; _gat_gtag_UA_91619287_1=1"
92.185.44.165 - - [30/Nov/2019:02:35:49 +0100] "GET /wp-includes/js/jquery/ui/position.min.js?ver=1.11.4 HTTP/1.1" 200 6869 "https://amazingsportwear.com/producto/toalla-absorvente-kefan/" "Mozilla/5.0 (Windows NT 10.0; Win64; x64) AppleWebKit/537.36 (KHTML, like Gecko) Chrome/78.0.3904.108 Safari/537.36" "_ga=GA1.2.94865080.1575077751; _gid=GA1.2.1963764105.1575077751; _gat_gtag_UA_91619287_1=1"
92.185.44.165 - - [30/Nov/2019:02:35:49 +0100] "GET /wp-includes/js/jquery/ui/dialog.min.js?ver=1.11.4 HTTP/1.1" 200 12482 "https://amazingsportwear.com/producto/toalla-absorvente-kefan/" "Mozilla/5.0 (Windows NT 10.0; Win64; x64) AppleWebKit/537.36 (KHTML, like Gecko) Chrome/78.0.3904.108 Safari/537.36" "_ga=GA1.2.94865080.1575077751; _gid=GA1.2.1963764105.1575077751; _gat_gtag_UA_91619287_1=1"
92.185.44.165 - - [30/Nov/2019:02:35:49 +0100] "GET /wp-includes/js/wp-emoji-release.min.js?ver=5.2.4 HTTP/1.1" 200 14183 "https://amazingsportwear.com/producto/toalla-absorvente-kefan/" "Mozilla/5.0 (Windows NT 10.0; Win64; x64) AppleWebKit/537.36 (KHTML, like Gecko) Chrome/78.0.3904.108 Safari/537.36" "_ga=GA1.2.94865080.1575077751; _gid=GA1.2.1963764105.1575077751; _gat_gtag_UA_91619287_1=1"
92.185.44.165 - - [30/Nov/2019:02:35:49 +0100] "GET /wp-content/plugins/product-enquiry-for-woocommerce/js/contact.js?ver=5.2.4 HTTP/1.1" 200 4681 "https://amazingsportwear.com/producto/toalla-absorvente-kefan/" "Mozilla/5.0 (Windows NT 10.0; Win64; x64) AppleWebKit/537.36 (KHTML, like Gecko) Chrome/78.0.3904.108 Safari/537.36" "_ga=GA1.2.94865080.1575077751; _gid=GA1.2.1963764105.1575077751; _gat_gtag_UA_91619287_1=1"
92.185.44.165 - - [30/Nov/2019:02:35:49 +0100] "GET /wp-content/plugins/product-enquiry-for-woocommerce/js/wdm_jquery.validate.min.js?ver=5.2.4 HTTP/1.1" 200 21818 "https://amazingsportwear.com/producto/toalla-absorvente-kefan/" "Mozilla/5.0 (Windows NT 10.0; Win64; x64) AppleWebKit/537.36 (KHTML, like Gecko) Chrome/78.0.3904.108 Safari/537.36" "_ga=GA1.2.94865080.1575077751; _gid=GA1.2.1963764105.1575077751; _gat_gtag_UA_91619287_1=1"
92.185.44.165 - - [30/Nov/2019:02:35:49 +0100] "GET /wp-content/uploads/2019/04/mento1-300x300.jpg HTTP/1.1" 200 20469 "https://amazingsportwear.com/producto/toalla-absorvente-kefan/" "Mozilla/5.0 (Windows NT 10.0; Win64; x64) AppleWebKit/537.36 (KHTML, like Gecko) Chrome/78.0.3904.108 Safari/537.36" "_ga=GA1.2.94865080.1575077751; _gid=GA1.2.1963764105.1575077751; _gat_gtag_UA_91619287_1=1"
92.185.44.165 - - [30/Nov/2019:02:35:49 +0100] "GET /wp-content/uploads/2018/05/cp-lycra-2.jpg HTTP/1.1" 200 13775 "https://amazingsportwear.com/producto/toalla-absorvente-kefan/" "Mozilla/5.0 (Windows NT 10.0; Win64; x64) AppleWebKit/537.36 (KHTML, like Gecko) Chrome/78.0.3904.108 Safari/537.36" "_ga=GA1.2.94865080.1575077751; _gid=GA1.2.1963764105.1575077751; _gat_gtag_UA_91619287_1=1"
92.185.44.165 - - [30/Nov/2019:02:35:49 +0100] "GET /wp-content/uploads/2018/05/ENY-NI11G-1-300x274.jpg HTTP/1.1" 200 6517 "https://amazingsportwear.com/producto/toalla-absorvente-kefan/" "Mozilla/5.0 (Windows NT 10.0; Win64; x64) AppleWebKit/537.36 (KHTML, like Gecko) Chrome/78.0.3904.108 Safari/537.36" "_ga=GA1.2.94865080.1575077751; _gid=GA1.2.1963764105.1575077751; _gat_gtag_UA_91619287_1=1"
92.185.44.165 - - [30/Nov/2019:02:35:49 +0100] "GET /wp-content/plugins/product-enquiry-for-woocommerce/img/contact/loading.gif HTTP/1.1" 200 3834 "https://amazingsportwear.com/producto/toalla-absorvente-kefan/" "Mozilla/5.0 (Windows NT 10.0; Win64; x64) AppleWebKit/537.36 (KHTML, like Gecko) Chrome/78.0.3904.108 Safari/537.36" "_ga=GA1.2.94865080.1575077751; _gid=GA1.2.1963764105.1575077751; _gat_gtag_UA_91619287_1=1"
92.185.44.165 - - [30/Nov/2019:02:35:49 +0100] "GET /wp-content/uploads/2019/05/asw-white-300x126.png HTTP/1.1" 200 12061 "https://amazingsportwear.com/producto/toalla-absorvente-kefan/" "Mozilla/5.0 (Windows NT 10.0; Win64; x64) AppleWebKit/537.36 (KHTML, like Gecko) Chrome/78.0.3904.108 Safari/537.36" "_ga=GA1.2.94865080.1575077751; _gid=GA1.2.1963764105.1575077751; _gat_gtag_UA_91619287_1=1"
92.185.44.165 - - [30/Nov/2019:02:35:50 +0100] "GET /wp-content/plugins/wpfront-notification-bar/images/arrow_down.png HTTP/1.1" 200 2562 "https://amazingsportwear.com/wp-content/plugins/wpfront-notification-bar/css/wpfront-notification-bar.css?ver=1.7.1" "Mozilla/5.0 (Windows NT 10.0; Win64; x64) AppleWebKit/537.36 (KHTML, like Gecko) Chrome/78.0.3904.108 Safari/537.36" "_ga=GA1.2.94865080.1575077751; _gid=GA1.2.1963764105.1575077751; _gat_gtag_UA_91619287_1=1"
92.185.44.165 - - [30/Nov/2019:02:35:50 +0100] "GET /wp-content/plugins/simple-social-icons/symbol-defs.svg HTTP/1.1" 200 19699 "https://amazingsportwear.com/producto/toalla-absorvente-kefan/" "Mozilla/5.0 (Windows NT 10.0; Win64; x64) AppleWebKit/537.36 (KHTML, like Gecko) Chrome/78.0.3904.108 Safari/537.36" "_ga=GA1.2.94865080.1575077751; _gid=GA1.2.1963764105.1575077751; _gat_gtag_UA_91619287_1=1"
92.185.44.165 - - [30/Nov/2019:02:35:50 +0100] "GET /wp-content/plugins/akismet/_inc/form.js?ver=4.1.2 HTTP/1.1" 200 1040 "https://amazingsportwear.com/producto/toalla-absorvente-kefan/" "Mozilla/5.0 (Windows NT 10.0; Win64; x64) AppleWebKit/537.36 (KHTML, like Gecko) Chrome/78.0.3904.108 Safari/537.36" "_ga=GA1.2.94865080.1575077751; _gid=GA1.2.1963764105.1575077751; _gat_gtag_UA_91619287_1=1"
92.185.44.165 - - [30/Nov/2019:02:35:50 +0100] "GET /wp-content/uploads/2019/04/toalla-absorvente-kefan-6-100x100.png HTTP/1.1" 200 6129 "https://amazingsportwear.com/producto/toalla-absorvente-kefan/" "Mozilla/5.0 (Windows NT 10.0; Win64; x64) AppleWebKit/537.36 (KHTML, like Gecko) Chrome/78.0.3904.108 Safari/537.36" "_ga=GA1.2.94865080.1575077751; _gid=GA1.2.1963764105.1575077751; _gat_gtag_UA_91619287_1=1"
92.185.44.165 - - [30/Nov/2019:02:35:50 +0100] "GET /wp-content/uploads/2019/04/toalla-absorvente-kefan-5-100x100.png HTTP/1.1" 200 5084 "https://amazingsportwear.com/producto/toalla-absorvente-kefan/" "Mozilla/5.0 (Windows NT 10.0; Win64; x64) AppleWebKit/537.36 (KHTML, like Gecko) Chrome/78.0.3904.108 Safari/537.36" "_ga=GA1.2.94865080.1575077751; _gid=GA1.2.1963764105.1575077751; _gat_gtag_UA_91619287_1=1"
92.185.44.165 - - [30/Nov/2019:02:35:50 +0100] "GET /wp-content/uploads/2019/04/toalla-absorvente-kefan-7-100x100.png HTTP/1.1" 200 6096 "https://amazingsportwear.com/producto/toalla-absorvente-kefan/" "Mozilla/5.0 (Windows NT 10.0; Win64; x64) AppleWebKit/537.36 (KHTML, like Gecko) Chrome/78.0.3904.108 Safari/537.36" "_ga=GA1.2.94865080.1575077751; _gid=GA1.2.1963764105.1575077751; _gat_gtag_UA_91619287_1=1"
92.185.44.165 - - [30/Nov/2019:02:35:50 +0100] "GET /wp-content/uploads/2019/04/toalla-absorvente-kefan-4-100x100.png HTTP/1.1" 200 5729 "https://amazingsportwear.com/producto/toalla-absorvente-kefan/" "Mozilla/5.0 (Windows NT 10.0; Win64; x64) AppleWebKit/537.36 (KHTML, like Gecko) Chrome/78.0.3904.108 Safari/537.36" "_ga=GA1.2.94865080.1575077751; _gid=GA1.2.1963764105.1575077751; _gat_gtag_UA_91619287_1=1"
92.185.44.165 - - [30/Nov/2019:02:35:50 +0100] "GET /wp-content/uploads/2019/04/toalla-absorvente-kefan-2-100x100.png HTTP/1.1" 200 6140 "https://amazingsportwear.com/producto/toalla-absorvente-kefan/" "Mozilla/5.0 (Windows NT 10.0; Win64; x64) AppleWebKit/537.36 (KHTML, like Gecko) Chrome/78.0.3904.108 Safari/537.36" "_ga=GA1.2.94865080.1575077751; _gid=GA1.2.1963764105.1575077751; _gat_gtag_UA_91619287_1=1"
92.185.44.165 - - [30/Nov/2019:02:35:50 +0100] "GET /wp-content/uploads/2019/04/toalla-absorvente-kefan-1-100x100.png HTTP/1.1" 200 5820 "https://amazingsportwear.com/producto/toalla-absorvente-kefan/" "Mozilla/5.0 (Windows NT 10.0; Win64; x64) AppleWebKit/537.36 (KHTML, like Gecko) Chrome/78.0.3904.108 Safari/537.36" "_ga=GA1.2.94865080.1575077751; _gid=GA1.2.1963764105.1575077751; _gat_gtag_UA_91619287_1=1"
92.185.44.165 - - [30/Nov/2019:02:35:50 +0100] "GET /wp-content/uploads/2019/04/toalla-absorvente-kefan-3-100x100.png HTTP/1.1" 200 5231 "https://amazingsportwear.com/producto/toalla-absorvente-kefan/" "Mozilla/5.0 (Windows NT 10.0; Win64; x64) AppleWebKit/537.36 (KHTML, like Gecko) Chrome/78.0.3904.108 Safari/537.36" "_ga=GA1.2.94865080.1575077751; _gid=GA1.2.1963764105.1575077751; _gat_gtag_UA_91619287_1=1"
92.185.44.165 - - [30/Nov/2019:02:35:50 +0100] "GET /wp-content/uploads/2019/05/cropped-favicon-nuevo-logo-amazinf-128px-32x32.png HTTP/1.1" 200 1224 "https://amazingsportwear.com/producto/toalla-absorvente-kefan/" "Mozilla/5.0 (Windows NT 10.0; Win64; x64) AppleWebKit/537.36 (KHTML, like Gecko) Chrome/78.0.3904.108 Safari/537.36" "_ga=GA1.2.94865080.1575077751; _gid=GA1.2.1963764105.1575077751; _gat_gtag_UA_91619287_1=1"
92.185.44.165 - - [30/Nov/2019:02:35:50 +0100] "POST /?wc-ajax=get_refreshed_fragments HTTP/1.1" 200 1397 "https://amazingsportwear.com/producto/toalla-absorvente-kefan/" "Mozilla/5.0 (Windows NT 10.0; Win64; x64) AppleWebKit/537.36 (KHTML, like Gecko) Chrome/78.0.3904.108 Safari/537.36" "_ga=GA1.2.94865080.1575077751; _gid=GA1.2.1963764105.1575077751; _gat_gtag_UA_91619287_1=1"
217.76.130.90 - - [30/Nov/2019:02:42:47 +0100] "POST /wp-cron.php?doing_wp_cron=1575078167.6455318927764892578125 HTTP/1.1" 200 3389 "https://amazingsportwear.com/wp-cron.php?doing_wp_cron=1575078167.6455318927764892578125" "WordPress/5.2.4; https://amazingsportwear.com" "-"
157.55.39.138 - - [30/Nov/2019:02:42:47 +0100] "GET /tienda/291-mallas-deportivas-icaria.html HTTP/1.1" 404 72285 "-" "Mozilla/5.0 (compatible; bingbot/2.0; +http://www.bing.com/bingbot.htm)" "-"
217.76.130.90 - - [30/Nov/2019:02:44:20 +0100] "POST /wp-cron.php?doing_wp_cron=1575078260.2060420513153076171875 HTTP/1.1" 200 3389 "https://amazingsportwear.com/wp-cron.php?doing_wp_cron=1575078260.2060420513153076171875" "WordPress/5.2.4; https://amazingsportwear.com" "-"
66.249.64.148 - - [30/Nov/2019:02:44:19 +0100] "GET /producto/gorra-sport/ HTTP/1.1" 200 102213 "-" "Mozilla/5.0 (compatible; Googlebot/2.1; +http://www.google.com/bot.html)" "-"
66.249.64.146 - - [30/Nov/2019:02:44:31 +0100] "GET /producto/gorra-lorenz/ HTTP/1.1" 200 94576 "-" "Mozilla/5.0 (Linux; Android 6.0.1; Nexus 5X Build/MMB29P) AppleWebKit/537.36 (KHTML, like Gecko) Chrome/41.0.2272.96 Mobile Safari/537.36 (compatible; Googlebot/2.1; +http://www.google.com/bot.html)" "-"
217.76.130.90 - - [30/Nov/2019:02:48:42 +0100] "POST /wp-cron.php?doing_wp_cron=1575078522.7166259288787841796875 HTTP/1.1" 200 3389 "https://amazingsportwear.com/wp-cron.php?doing_wp_cron=1575078522.7166259288787841796875" "WordPress/5.2.4; https://amazingsportwear.com" "-"
66.249.64.148 - - [30/Nov/2019:02:48:42 +0100] "GET /product_cat-sitemap.xml HTTP/1.1" 200 13353 "-" "Mozilla/5.0 (compatible; Googlebot/2.1; +http://www.google.com/bot.html)" "-"
217.76.130.90 - - [30/Nov/2019:03:19:23 +0100] "POST /wp-cron.php?doing_wp_cron=1575080363.6842100620269775390625 HTTP/1.1" 200 164 "http://amazingsportwear.com/wp-cron.php?doing_wp_cron=1575080363.6842100620269775390625" "WordPress/5.2.4; https://amazingsportwear.com" "-"
113.11.255.24 - - [30/Nov/2019:03:19:17 +0100] "GET /wp-content/uploads/2019/03/simple.php5 HTTP/1.1" 404 68018 "http://site.ru" "Mozilla/5.0 (Windows; U; Windows NT 5.1; en-US) AppleWebKit/533.4 (KHTML, like Gecko) Chrome/5.0.375.99 Safari/533.4" "-"
181.9.178.242 - - [30/Nov/2019:03:28:30 +0100] "GET /wp-content/uploads/2017/01/cam-basic2.png HTTP/1.1" 200 168035 "https://www.google.com/blank.html" "Mozilla/5.0 (Linux; Android 9; SM-A530F Build/PPR1.180610.011; wv) AppleWebKit/537.36 (KHTML, like Gecko) Version/4.0 Chrome/78.0.3904.62 Mobile Safari/537.36 GSA/9.91.6.21.arm64" "-"
88.124.66.85 - - [30/Nov/2019:03:44:44 +0100] "GET /wp-content/uploads/2019/04/gorra-dry-fit-3.png HTTP/1.1" 200 44708 "https://www.google.com/" "Mozilla/5.0 (Windows NT 6.3; WOW64) AppleWebKit/537.36 (KHTML, like Gecko) Chrome/78.0.3904.108 Safari/537.36" "-"
217.76.130.90 - - [30/Nov/2019:03:54:19 +0100] "POST /wp-cron.php?doing_wp_cron=1575082459.9660289287567138671875 HTTP/1.1" 200 3389 "https://amazingsportwear.com/wp-cron.php?doing_wp_cron=1575082459.9660289287567138671875" "WordPress/5.2.4; https://amazingsportwear.com" "-"
66.249.64.144 - - [30/Nov/2019:03:54:16 +0100] "GET /etiqueta-producto/running/ HTTP/1.1" 200 57389 "-" "Mozilla/5.0 (Linux; Android 6.0.1; Nexus 5X Build/MMB29P) AppleWebKit/537.36 (KHTML, like Gecko) Chrome/41.0.2272.96 Mobile Safari/537.36 (compatible; Googlebot/2.1; +http://www.google.com/bot.html)" "-"
217.76.130.90 - - [30/Nov/2019:04:16:55 +0100] "POST /wp-cron.php?doing_wp_cron=1575083815.7925400733947753906250 HTTP/1.1" 200 164 "http://amazingsportwear.com/wp-cron.php?doing_wp_cron=1575083815.7925400733947753906250" "WordPress/5.2.4; https://amazingsportwear.com" "-"
157.55.39.152 - - [30/Nov/2019:04:16:52 +0100] "GET /robots.txt HTTP/1.1" 200 432 "-" "Mozilla/5.0 (compatible; bingbot/2.0; +http://www.bing.com/bingbot.htm)" "-"
217.76.130.90 - - [30/Nov/2019:04:17:04 +0100] "POST /wp-cron.php?doing_wp_cron=1575083824.7194139957427978515625 HTTP/1.1" 200 3389 "https://amazingsportwear.com/wp-cron.php?doing_wp_cron=1575083824.7194139957427978515625" "WordPress/5.2.4; https://amazingsportwear.com" "-"
207.46.13.139 - - [30/Nov/2019:04:17:04 +0100] "GET /page-sitemap.xml HTTP/1.1" 200 9623 "-" "msnbot/2.0b (+http://search.msn.com/msnbot.htm)" "-"
177.236.92.103 - - [30/Nov/2019:04:21:45 +0100] "GET /wp-content/uploads/2019/04/Gorra-harum-2.png HTTP/1.1" 200 53515 "https://www.google.com/" "Mozilla/5.0 (Windows NT 6.1) AppleWebKit/537.36 (KHTML, like Gecko) Chrome/78.0.3904.108 Safari/537.36" "-"
177.236.92.103 - - [30/Nov/2019:04:21:45 +0100] "GET /wp-content/uploads/2019/04/Gorra-sport-6.png HTTP/1.1" 200 44623 "https://www.google.com/" "Mozilla/5.0 (Windows NT 6.1) AppleWebKit/537.36 (KHTML, like Gecko) Chrome/78.0.3904.108 Safari/537.36" "-"
192.227.143.46 - - [30/Nov/2019:04:54:32 +0100] "GET /wp-content/plugins/background-image-cropper/content-post.php.suspected HTTP/1.1" 404 68101 "http://site.ru" "Mozilla/5.0 (Windows; U; Windows NT 5.1; en-US) AppleWebKit/533.4 (KHTML, like Gecko) Chrome/5.0.375.99 Safari/533.4" "-"
45.66.35.35 - - [30/Nov/2019:04:54:35 +0100] "GET /?author=4 HTTP/1.1" 404 68038 "-" "Mozilla/5.0 (Windows NT 10.0; Win64; x64; rv:68.0) Gecko/20100101 Firefox/68.0" "-"
192.227.143.46 - - [30/Nov/2019:04:54:38 +0100] "GET /wp-content/plugins/background-image-cropper/content-post.php.suspected HTTP/1.1" 404 68086 "http://site.ru" "Mozilla/5.0 (Windows; U; Windows NT 5.1; en-US) AppleWebKit/533.4 (KHTML, like Gecko) Chrome/5.0.375.99 Safari/533.4" "-"
192.227.143.46 - - [30/Nov/2019:04:54:39 +0100] "GET /wp-content/plugins/background-image-cropper/content-post.php.suspected HTTP/1.1" 404 68051 "http://site.ru" "Mozilla/5.0 (Windows; U; Windows NT 5.1; en-US) AppleWebKit/533.4 (KHTML, like Gecko) Chrome/5.0.375.99 Safari/533.4" "-"
45.66.35.35 - - [30/Nov/2019:04:54:39 +0100] "GET /?author=5 HTTP/1.1" 404 68002 "-" "Mozilla/5.0 (Windows NT 10.0; Win64; x64; rv:68.0) Gecko/20100101 Firefox/68.0" "-"
45.66.35.35 - - [30/Nov/2019:04:54:42 +0100] "GET /?author=6 HTTP/1.1" 404 67992 "-" "Mozilla/5.0 (Windows NT 10.0; Win64; x64; rv:68.0) Gecko/20100101 Firefox/68.0" "-"
192.227.143.46 - - [30/Nov/2019:04:54:44 +0100] "GET /wp-content/plugins/background-image-cropper/content-post.php.suspected HTTP/1.1" 404 68096 "http://site.ru" "Mozilla/5.0 (Windows; U; Windows NT 5.1; en-US) AppleWebKit/533.4 (KHTML, like Gecko) Chrome/5.0.375.99 Safari/533.4" "-"
45.66.35.35 - - [30/Nov/2019:04:54:45 +0100] "GET /?author=7 HTTP/1.1" 404 68037 "-" "Mozilla/5.0 (Windows NT 10.0; Win64; x64; rv:68.0) Gecko/20100101 Firefox/68.0" "-"
45.66.35.35 - - [30/Nov/2019:04:54:47 +0100] "GET /?author=8 HTTP/1.1" 404 68012 "-" "Mozilla/5.0 (Windows NT 10.0; Win64; x64; rv:68.0) Gecko/20100101 Firefox/68.0" "-"
45.66.35.35 - - [30/Nov/2019:04:54:49 +0100] "GET /?author=9 HTTP/1.1" 404 68067 "-" "Mozilla/5.0 (Windows NT 10.0; Win64; x64; rv:68.0) Gecko/20100101 Firefox/68.0" "-"
217.76.130.90 - - [30/Nov/2019:04:54:53 +0100] "POST /wp-cron.php?doing_wp_cron=1575086077.9656410217285156250000 HTTP/1.1" 200 159 "http://amazingsportwear.com/wp-cron.php?doing_wp_cron=1575086077.9656410217285156250000" "WordPress/5.2.4; https://amazingsportwear.com" "-"
45.66.35.35 - - [30/Nov/2019:04:54:52 +0100] "GET /?author=10 HTTP/1.1" 404 68009 "-" "Mozilla/5.0 (Windows NT 10.0; Win64; x64; rv:68.0) Gecko/20100101 Firefox/68.0" "-"
45.66.35.35 - - [30/Nov/2019:04:54:54 +0100] "GET /wp-json/wp/v2/users/1 HTTP/1.1" 200 1137 "-" "Mozilla/5.0 (Windows NT 10.0; Win64; x64; rv:68.0) Gecko/20100101 Firefox/68.0" "-"
