217.76.130.90 - - [09/Dec/2019:00:01:00 +0100] "POST /wp-cron.php?doing_wp_cron=1575846060.4935059547424316406250 HTTP/1.1" 200 3389 "https://amazingsportwear.com/wp-cron.php?doing_wp_cron=1575846060.4935059547424316406250" "WordPress/5.2.4; https://amazingsportwear.com" "-"
66.249.64.144 - - [09/Dec/2019:00:00:58 +0100] "GET /producto/polo-tecnico-open-aq-open/ HTTP/1.1" 200 105074 "-" "Mozilla/5.0 (compatible; Googlebot/2.1; +http://www.google.com/bot.html)" "-"
217.76.130.90 - - [09/Dec/2019:00:05:56 +0100] "POST /wp-cron.php?doing_wp_cron=1575846356.6796779632568359375000 HTTP/1.1" 200 3389 "https://amazingsportwear.com/wp-cron.php?doing_wp_cron=1575846356.6796779632568359375000" "WordPress/5.2.4; https://amazingsportwear.com" "-"
66.249.64.144 - - [09/Dec/2019:00:05:54 +0100] "GET /producto/polo-tecnico-open-aq-open/ HTTP/1.1" 200 105263 "-" "Mozilla/5.0 (compatible; Googlebot/2.1; +http://www.google.com/bot.html)" "-"
217.76.130.90 - - [09/Dec/2019:00:06:05 +0100] "POST /wp-cron.php?doing_wp_cron=1575846365.4663579463958740234375 HTTP/1.1" 200 164 "http://amazingsportwear.com/wp-cron.php?doing_wp_cron=1575846365.4663579463958740234375" "WordPress/5.2.4; https://amazingsportwear.com" "-"
157.55.39.160 - - [09/Dec/2019:00:06:04 +0100] "GET /15-atletismo HTTP/1.1" 404 68019 "-" "Mozilla/5.0 (iPhone; CPU iPhone OS 7_0 like Mac OS X) AppleWebKit/537.51.1 (KHTML, like Gecko) Version/7.0 Mobile/11A465 Safari/9537.53 (compatible; bingbot/2.0; +http://www.bing.com/bingbot.htm)" "-"
217.76.130.90 - - [09/Dec/2019:00:12:39 +0100] "POST /wp-cron.php?doing_wp_cron=1575846759.6688029766082763671875 HTTP/1.1" 200 164 "http://amazingsportwear.com/wp-cron.php?doing_wp_cron=1575846759.6688029766082763671875" "WordPress/5.2.4; https://amazingsportwear.com" "-"
192.3.16.249 - - [09/Dec/2019:00:12:37 +0100] "GET /wp-content/uploads/2019/03/blackhat.php HTTP/1.1" 404 68035 "http://site.ru" "Mozilla/5.0 (Windows; U; Windows NT 5.1; en-US) AppleWebKit/533.4 (KHTML, like Gecko) Chrome/5.0.375.99 Safari/533.4" "-"
217.76.130.90 - - [09/Dec/2019:00:13:51 +0100] "POST /wp-cron.php?doing_wp_cron=1575846831.7535989284515380859375 HTTP/1.1" 200 3389 "https://amazingsportwear.com/wp-cron.php?doing_wp_cron=1575846831.7535989284515380859375" "WordPress/5.2.4; https://amazingsportwear.com" "-"
66.249.64.144 - - [09/Dec/2019:00:13:50 +0100] "GET /producto/short-tecnico-padel-tenis-sun/ HTTP/1.1" 200 97320 "-" "Mozilla/5.0 (Linux; Android 6.0.1; Nexus 5X Build/MMB29P) AppleWebKit/537.36 (KHTML, like Gecko) Chrome/41.0.2272.96 Mobile Safari/537.36 (compatible; Googlebot/2.1; +http://www.google.com/bot.html)" "-"
217.76.130.90 - - [09/Dec/2019:00:14:30 +0100] "POST /wp-cron.php?doing_wp_cron=1575846870.0062088966369628906250 HTTP/1.1" 200 3389 "https://amazingsportwear.com/wp-cron.php?doing_wp_cron=1575846870.0062088966369628906250" "WordPress/5.2.4; https://amazingsportwear.com" "-"
66.249.64.146 - - [09/Dec/2019:00:14:29 +0100] "GET /producto/toalla-absorvente-kefan/ HTTP/1.1" 200 102641 "-" "Mozilla/5.0 (Linux; Android 6.0.1; Nexus 5X Build/MMB29P) AppleWebKit/537.36 (KHTML, like Gecko) Chrome/41.0.2272.96 Mobile Safari/537.36 (compatible; Googlebot/2.1; +http://www.google.com/bot.html)" "-"
66.249.64.148 - - [09/Dec/2019:00:46:57 +0100] "GET /wp-content/uploads/2018/05/cif-g221-2-300x300.jpg HTTP/1.1" 304 3565 "-" "Googlebot-Image/1.0" "-"
217.76.130.90 - - [09/Dec/2019:01:00:00 +0100] "POST /wp-cron.php?doing_wp_cron=1575849599.9295849800109863281250 HTTP/1.1" 200 3389 "https://amazingsportwear.com/wp-cron.php?doing_wp_cron=1575849599.9295849800109863281250" "WordPress/5.2.4; https://amazingsportwear.com" "-"
66.249.64.148 - - [09/Dec/2019:00:59:56 +0100] "GET /producto/pantalon-corto-tenis-padel/ HTTP/1.1" 200 90775 "-" "Mozilla/5.0 (Linux; Android 6.0.1; Nexus 5X Build/MMB29P) AppleWebKit/537.36 (KHTML, like Gecko) Chrome/41.0.2272.96 Mobile Safari/537.36 (compatible; Googlebot/2.1; +http://www.google.com/bot.html)" "-"
217.76.130.90 - - [09/Dec/2019:01:00:13 +0100] "POST /wp-cron.php?doing_wp_cron=1575849613.9422500133514404296875 HTTP/1.1" 200 3389 "https://amazingsportwear.com/wp-cron.php?doing_wp_cron=1575849613.9422500133514404296875" "WordPress/5.2.4; https://amazingsportwear.com" "-"
66.249.64.144 - - [09/Dec/2019:01:00:13 +0100] "POST /?wc-ajax=get_refreshed_fragments HTTP/1.1" 200 4760 "https://amazingsportwear.com/producto/pantalon-corto-tenis-padel/" "Mozilla/5.0 (Linux; Android 6.0.1; Nexus 5X Build/MMB29P) AppleWebKit/537.36 (KHTML, like Gecko) Chrome/41.0.2272.96 Mobile Safari/537.36 (compatible; Googlebot/2.1; +http://www.google.com/bot.html)" "_ga=GA1.2.969013651.1575849600; _gid=GA1.2.1978218920.1575849600; _gat_gtag_UA_91619287_1=1"
217.76.130.90 - - [09/Dec/2019:01:02:48 +0100] "POST /wp-cron.php?doing_wp_cron=1575849768.1960260868072509765625 HTTP/1.1" 200 3389 "https://amazingsportwear.com/wp-cron.php?doing_wp_cron=1575849768.1960260868072509765625" "WordPress/5.2.4; https://amazingsportwear.com" "-"
157.55.39.160 - - [09/Dec/2019:01:02:47 +0100] "GET /pago-seguro/ HTTP/1.1" 200 61007 "-" "Mozilla/5.0 (compatible; bingbot/2.0; +http://www.bing.com/bingbot.htm)" "-"
40.77.190.254 - - [09/Dec/2019:01:02:51 +0100] "GET /wp-includes/js/comment-reply.min.js?ver=5.2.4 HTTP/1.1" 200 5938 "-" "Mozilla/5.0 (Windows NT 6.1; WOW64) AppleWebKit/534+ (KHTML, like Gecko) BingPreview/1.0b" "-"
40.77.189.82 - - [09/Dec/2019:01:02:52 +0100] "GET /wp-content/plugins/akismet/_inc/form.js?ver=4.1.2 HTTP/1.1" 200 4403 "-" "Mozilla/5.0 (Windows NT 6.1; WOW64) AppleWebKit/534+ (KHTML, like Gecko) BingPreview/1.0b" "-"
217.76.130.90 - - [09/Dec/2019:01:15:16 +0100] "POST /wp-cron.php?doing_wp_cron=1575850516.5112819671630859375000 HTTP/1.1" 200 3389 "https://amazingsportwear.com/wp-cron.php?doing_wp_cron=1575850516.5112819671630859375000" "WordPress/5.2.4; https://amazingsportwear.com" "-"
66.249.64.148 - - [09/Dec/2019:01:15:14 +0100] "GET /producto/kit-botiquin-10/ HTTP/1.1" 200 96094 "-" "Mozilla/5.0 (Linux; Android 6.0.1; Nexus 5X Build/MMB29P) AppleWebKit/537.36 (KHTML, like Gecko) Chrome/41.0.2272.96 Mobile Safari/537.36 (compatible; Googlebot/2.1; +http://www.google.com/bot.html)" "-"
66.249.64.146 - - [09/Dec/2019:01:15:24 +0100] "POST /?wc-ajax=get_refreshed_fragments HTTP/1.1" 200 4760 "https://amazingsportwear.com/producto/kit-botiquin-10/" "Mozilla/5.0 (Linux; Android 6.0.1; Nexus 5X Build/MMB29P) AppleWebKit/537.36 (KHTML, like Gecko) Chrome/41.0.2272.96 Mobile Safari/537.36 (compatible; Googlebot/2.1; +http://www.google.com/bot.html)" "_ga=GA1.2.969013651.1575849600; _gid=GA1.2.1978218920.1575849600; _gat_gtag_UA_91619287_1=1"
66.249.64.148 - - [09/Dec/2019:01:33:30 +0100] "GET /wp-content/uploads/2018/05/PF-11811001-1-300x300.jpg HTTP/1.1" 304 3565 "-" "Googlebot-Image/1.0" "-"
217.76.130.90 - - [09/Dec/2019:01:34:59 +0100] "POST /wp-cron.php?doing_wp_cron=1575851699.0320971012115478515625 HTTP/1.1" 200 164 "http://amazingsportwear.com/wp-cron.php?doing_wp_cron=1575851699.0320971012115478515625" "WordPress/5.2.4; https://amazingsportwear.com" "-"
139.180.212.126 - - [09/Dec/2019:01:34:56 +0100] "GET /conf.ini.php HTTP/1.1" 404 67957 "http://site.ru" "Mozilla/5.0 (Windows; U; Windows NT 5.1; en-US) AppleWebKit/533.4 (KHTML, like Gecko) Chrome/5.0.375.99 Safari/533.4" "-"
188.165.214.104 - - [09/Dec/2019:02:04:17 +0100] "GET /wp-admin/admin-ajax.php?action=revslider_show_image&img=..%2Fwp-config.php HTTP/1.1" 406 3649 "-" "Mozilla/5.0 (Windows NT 6.1; WOW64; rv:38.0) Gecko/20100101 Firefox/38.0" "-"
217.76.130.90 - - [09/Dec/2019:02:11:35 +0100] "POST /wp-cron.php?doing_wp_cron=1575853895.7514948844909667968750 HTTP/1.1" 200 3389 "https://amazingsportwear.com/wp-cron.php?doing_wp_cron=1575853895.7514948844909667968750" "WordPress/5.2.4; https://amazingsportwear.com" "-"
66.249.80.52 - - [09/Dec/2019:02:11:32 +0100] "GET /producto/camiseta-tecnica-monaco/ HTTP/1.1" 200 105821 "-" "Mozilla/5.0 (Linux; Android 4.2.1; en-us; Nexus 5 Build/JOP40D) AppleWebKit/535.19 (KHTML, like Gecko; googleweblight) Chrome/38.0.1025.166 Mobile Safari/535.19" "-"
66.102.6.18 - - [09/Dec/2019:02:11:31 +0100] "GET /producto/camiseta-tecnica-monaco/ HTTP/1.1" 200 106355 "-" "Mozilla/5.0 (Linux; Android 4.2.1; en-us; Nexus 5 Build/JOP40D) AppleWebKit/535.19 (KHTML, like Gecko; googleweblight) Chrome/38.0.1025.166 Mobile Safari/535.19" "-"
66.249.80.52 - - [09/Dec/2019:02:11:37 +0100] "GET /wp-content/themes/shopper/assets/sass/woocommerce/woocommerce.css?ver=5.2.4 HTTP/1.1" 200 83534 "https://amazingsportwear.com/producto/camiseta-tecnica-monaco/" "Mozilla/5.0 (Linux; Android 4.2.1; en-us; Nexus 5 Build/JOP40D) AppleWebKit/535.19 (KHTML, like Gecko; googleweblight) Chrome/38.0.1025.166 Mobile Safari/535.19" "-"
66.249.80.52 - - [09/Dec/2019:02:11:37 +0100] "GET /wp-content/plugins/cookie-law-info/public/js/cookie-law-info-public.js?ver=1.7.6 HTTP/1.1" 200 17076 "https://amazingsportwear.com/producto/camiseta-tecnica-monaco/" "Mozilla/5.0 (Linux; Android 4.2.1; en-us; Nexus 5 Build/JOP40D) AppleWebKit/535.19 (KHTML, like Gecko; googleweblight) Chrome/38.0.1025.166 Mobile Safari/535.19" "-"
66.102.6.18 - - [09/Dec/2019:02:11:37 +0100] "GET /wp-content/plugins/product-enquiry-for-woocommerce/css/wdm-jquery-ui.css?ver=5.2.4 HTTP/1.1" 200 27001 "https://amazingsportwear.com/producto/camiseta-tecnica-monaco/" "Mozilla/5.0 (Linux; Android 4.2.1; en-us; Nexus 5 Build/JOP40D) AppleWebKit/535.19 (KHTML, like Gecko; googleweblight) Chrome/38.0.1025.166 Mobile Safari/535.19" "-"
66.102.6.18 - - [09/Dec/2019:02:11:38 +0100] "GET /wp-content/plugins/woocommerce/assets/js/frontend/add-to-cart.min.js?ver=3.6.4 HTTP/1.1" 200 2983 "https://amazingsportwear.com/producto/camiseta-tecnica-monaco/" "Mozilla/5.0 (Linux; Android 4.2.1; en-us; Nexus 5 Build/JOP40D) AppleWebKit/535.19 (KHTML, like Gecko; googleweblight) Chrome/38.0.1025.166 Mobile Safari/535.19" "-"
66.249.80.48 - - [09/Dec/2019:02:11:38 +0100] "GET /wp-content/plugins/wpfront-notification-bar/jquery-plugins/jquery.c.js?ver=1.4.0 HTTP/1.1" 200 6800 "https://amazingsportwear.com/producto/camiseta-tecnica-monaco/" "Mozilla/5.0 (Linux; Android 4.2.1; en-us; Nexus 5 Build/JOP40D) AppleWebKit/535.19 (KHTML, like Gecko; googleweblight) Chrome/38.0.1025.166 Mobile Safari/535.19" "-"
66.249.80.48 - - [09/Dec/2019:02:11:38 +0100] "GET /wp-content/plugins/cookie-law-info/public/css/cookie-law-info-gdpr.css?ver=1.7.6 HTTP/1.1" 200 15808 "https://amazingsportwear.com/producto/camiseta-tecnica-monaco/" "Mozilla/5.0 (Linux; Android 4.2.1; en-us; Nexus 5 Build/JOP40D) AppleWebKit/535.19 (KHTML, like Gecko; googleweblight) Chrome/38.0.1025.166 Mobile Safari/535.19" "-"
66.249.80.48 - - [09/Dec/2019:02:11:38 +0100] "GET /wp-content/plugins/product-enquiry-for-woocommerce/css/wdm-jquery-ui.css?ver=5.2.4 HTTP/1.1" 200 30364 "https://amazingsportwear.com/producto/camiseta-tecnica-monaco/" "Mozilla/5.0 (Linux; Android 4.2.1; en-us; Nexus 5 Build/JOP40D) AppleWebKit/535.19 (KHTML, like Gecko; googleweblight) Chrome/38.0.1025.166 Mobile Safari/535.19" "-"
66.249.80.50 - - [09/Dec/2019:02:11:38 +0100] "GET /wp-content/themes/shopper/assets/js/crm.js?ver=1561548510 HTTP/1.1" 200 4237 "https://amazingsportwear.com/producto/camiseta-tecnica-monaco/" "Mozilla/5.0 (Linux; Android 4.2.1; en-us; Nexus 5 Build/JOP40D) AppleWebKit/535.19 (KHTML, like Gecko; googleweblight) Chrome/38.0.1025.166 Mobile Safari/535.19" "-"
66.249.80.48 - - [09/Dec/2019:02:11:38 +0100] "GET /wp-content/plugins/woocommerce/assets/js/jquery-blockui/jquery.blockUI.min.js?ver=2.70 HTTP/1.1" 200 13271 "https://amazingsportwear.com/producto/camiseta-tecnica-monaco/" "Mozilla/5.0 (Linux; Android 4.2.1; en-us; Nexus 5 Build/JOP40D) AppleWebKit/535.19 (KHTML, like Gecko; googleweblight) Chrome/38.0.1025.166 Mobile Safari/535.19" "-"
66.249.80.50 - - [09/Dec/2019:02:11:38 +0100] "GET /wp-content/plugins/wpfront-notification-bar/js/wpfront-notification-bar.js?ver=1.7.1 HTTP/1.1" 200 9025 "https://amazingsportwear.com/producto/camiseta-tecnica-monaco/" "Mozilla/5.0 (Linux; Android 4.2.1; en-us; Nexus 5 Build/JOP40D) AppleWebKit/535.19 (KHTML, like Gecko; googleweblight) Chrome/38.0.1025.166 Mobile Safari/535.19" "-"
66.249.80.50 - - [09/Dec/2019:02:11:38 +0100] "GET /wp-content/plugins/woocommerce/assets/css/blocks/style.css?ver=3.6.4 HTTP/1.1" 200 10060 "https://amazingsportwear.com/producto/camiseta-tecnica-monaco/" "Mozilla/5.0 (Linux; Android 4.2.1; en-us; Nexus 5 Build/JOP40D) AppleWebKit/535.19 (KHTML, like Gecko; googleweblight) Chrome/38.0.1025.166 Mobile Safari/535.19" "-"
66.249.80.48 - - [09/Dec/2019:02:11:38 +0100] "GET /wp-content/plugins/wpfront-notification-bar/css/wpfront-notification-bar.css?ver=1.7.1 HTTP/1.1" 200 7026 "https://amazingsportwear.com/producto/camiseta-tecnica-monaco/" "Mozilla/5.0 (Linux; Android 4.2.1; en-us; Nexus 5 Build/JOP40D) AppleWebKit/535.19 (KHTML, like Gecko; googleweblight) Chrome/38.0.1025.166 Mobile Safari/535.19" "-"
66.249.80.50 - - [09/Dec/2019:02:11:38 +0100] "GET /wp-content/plugins/cookie-law-info/public/css/cookie-law-info-public.css?ver=1.7.6 HTTP/1.1" 200 6598 "https://amazingsportwear.com/producto/camiseta-tecnica-monaco/" "Mozilla/5.0 (Linux; Android 4.2.1; en-us; Nexus 5 Build/JOP40D) AppleWebKit/535.19 (KHTML, like Gecko; googleweblight) Chrome/38.0.1025.166 Mobile Safari/535.19" "-"
66.249.80.48 - - [09/Dec/2019:02:11:38 +0100] "GET /wp-content/plugins/simple-social-icons/css/style.css?ver=3.0.1 HTTP/1.1" 200 4925 "https://amazingsportwear.com/producto/camiseta-tecnica-monaco/" "Mozilla/5.0 (Linux; Android 4.2.1; en-us; Nexus 5 Build/JOP40D) AppleWebKit/535.19 (KHTML, like Gecko; googleweblight) Chrome/38.0.1025.166 Mobile Safari/535.19" "-"
66.249.80.50 - - [09/Dec/2019:02:11:38 +0100] "GET /wp-content/plugins/woocommerce/assets/css/photoswipe/photoswipe.css?ver=3.6.4 HTTP/1.1" 200 7835 "https://amazingsportwear.com/producto/camiseta-tecnica-monaco/" "Mozilla/5.0 (Linux; Android 4.2.1; en-us; Nexus 5 Build/JOP40D) AppleWebKit/535.19 (KHTML, like Gecko; googleweblight) Chrome/38.0.1025.166 Mobile Safari/535.19" "-"
66.249.80.48 - - [09/Dec/2019:02:11:38 +0100] "GET /wp-includes/js/jquery/jquery-migrate.min.js?ver=1.4.1 HTTP/1.1" 200 13762 "https://amazingsportwear.com/producto/camiseta-tecnica-monaco/" "Mozilla/5.0 (Linux; Android 4.2.1; en-us; Nexus 5 Build/JOP40D) AppleWebKit/535.19 (KHTML, like Gecko; googleweblight) Chrome/38.0.1025.166 Mobile Safari/535.19" "-"
66.249.80.50 - - [09/Dec/2019:02:11:38 +0100] "GET /wp-content/plugins/woocommerce/assets/css/photoswipe/default-skin/default-skin.css?ver=3.6.4 HTTP/1.1" 200 15306 "https://amazingsportwear.com/producto/camiseta-tecnica-monaco/" "Mozilla/5.0 (Linux; Android 4.2.1; en-us; Nexus 5 Build/JOP40D) AppleWebKit/535.19 (KHTML, like Gecko; googleweblight) Chrome/38.0.1025.166 Mobile Safari/535.19" "-"
66.249.80.50 - - [09/Dec/2019:02:11:38 +0100] "GET /wp-content/plugins/woocommerce/assets/js/photoswipe/photoswipe-ui-default.min.js?ver=4.1.1 HTTP/1.1" 200 10220 "https://amazingsportwear.com/producto/camiseta-tecnica-monaco/" "Mozilla/5.0 (Linux; Android 4.2.1; en-us; Nexus 5 Build/JOP40D) AppleWebKit/535.19 (KHTML, like Gecko; googleweblight) Chrome/38.0.1025.166 Mobile Safari/535.19" "-"
66.102.6.20 - - [09/Dec/2019:02:11:38 +0100] "GET /wp-content/plugins/cookie-law-info/public/css/cookie-law-info-gdpr.css?ver=1.7.6 HTTP/1.1" 200 15808 "https://amazingsportwear.com/producto/camiseta-tecnica-monaco/" "Mozilla/5.0 (Linux; Android 4.2.1; en-us; Nexus 5 Build/JOP40D) AppleWebKit/535.19 (KHTML, like Gecko; googleweblight) Chrome/38.0.1025.166 Mobile Safari/535.19" "-"
66.249.80.50 - - [09/Dec/2019:02:11:38 +0100] "GET /wp-content/plugins/simple-social-icons/svgxuse.js?ver=1.1.21 HTTP/1.1" 200 12943 "https://amazingsportwear.com/producto/camiseta-tecnica-monaco/" "Mozilla/5.0 (Linux; Android 4.2.1; en-us; Nexus 5 Build/JOP40D) AppleWebKit/535.19 (KHTML, like Gecko; googleweblight) Chrome/38.0.1025.166 Mobile Safari/535.19" "-"
66.102.6.20 - - [09/Dec/2019:02:11:38 +0100] "GET /wp-content/plugins/wpfront-notification-bar/jquery-plugins/jquery.c.js?ver=1.4.0 HTTP/1.1" 200 6800 "https://amazingsportwear.com/producto/camiseta-tecnica-monaco/" "Mozilla/5.0 (Linux; Android 4.2.1; en-us; Nexus 5 Build/JOP40D) AppleWebKit/535.19 (KHTML, like Gecko; googleweblight) Chrome/38.0.1025.166 Mobile Safari/535.19" "-"
66.102.6.18 - - [09/Dec/2019:02:11:38 +0100] "GET /wp-content/plugins/simple-social-icons/svgxuse.js?ver=1.1.21 HTTP/1.1" 200 12943 "https://amazingsportwear.com/producto/camiseta-tecnica-monaco/" "Mozilla/5.0 (Linux; Android 4.2.1; en-us; Nexus 5 Build/JOP40D) AppleWebKit/535.19 (KHTML, like Gecko; googleweblight) Chrome/38.0.1025.166 Mobile Safari/535.19" "-"
66.102.6.20 - - [09/Dec/2019:02:11:38 +0100] "GET /wp-content/plugins/woocommerce/assets/css/photoswipe/default-skin/default-skin.css?ver=3.6.4 HTTP/1.1" 200 15306 "https://amazingsportwear.com/producto/camiseta-tecnica-monaco/" "Mozilla/5.0 (Linux; Android 4.2.1; en-us; Nexus 5 Build/JOP40D) AppleWebKit/535.19 (KHTML, like Gecko; googleweblight) Chrome/38.0.1025.166 Mobile Safari/535.19" "-"
66.249.80.50 - - [09/Dec/2019:02:11:38 +0100] "GET /wp-content/plugins/woocommerce/assets/js/frontend/add-to-cart.min.js?ver=3.6.4 HTTP/1.1" 200 6346 "https://amazingsportwear.com/producto/camiseta-tecnica-monaco/" "Mozilla/5.0 (Linux; Android 4.2.1; en-us; Nexus 5 Build/JOP40D) AppleWebKit/535.19 (KHTML, like Gecko; googleweblight) Chrome/38.0.1025.166 Mobile Safari/535.19" "-"
66.102.6.18 - - [09/Dec/2019:02:11:38 +0100] "GET /wp-content/plugins/simple-social-icons/css/style.css?ver=3.0.1 HTTP/1.1" 200 4925 "https://amazingsportwear.com/producto/camiseta-tecnica-monaco/" "Mozilla/5.0 (Linux; Android 4.2.1; en-us; Nexus 5 Build/JOP40D) AppleWebKit/535.19 (KHTML, like Gecko; googleweblight) Chrome/38.0.1025.166 Mobile Safari/535.19" "-"
66.102.6.16 - - [09/Dec/2019:02:11:38 +0100] "GET /wp-includes/css/dist/block-library/style.min.css?ver=5.2.4 HTTP/1.1" 200 33023 "https://amazingsportwear.com/producto/camiseta-tecnica-monaco/" "Mozilla/5.0 (Linux; Android 4.2.1; en-us; Nexus 5 Build/JOP40D) AppleWebKit/535.19 (KHTML, like Gecko; googleweblight) Chrome/38.0.1025.166 Mobile Safari/535.19" "-"
66.249.80.52 - - [09/Dec/2019:02:11:38 +0100] "GET /wp-includes/css/dist/block-library/style.min.css?ver=5.2.4 HTTP/1.1" 200 33023 "https://amazingsportwear.com/producto/camiseta-tecnica-monaco/" "Mozilla/5.0 (Linux; Android 4.2.1; en-us; Nexus 5 Build/JOP40D) AppleWebKit/535.19 (KHTML, like Gecko; googleweblight) Chrome/38.0.1025.166 Mobile Safari/535.19" "-"
66.102.6.16 - - [09/Dec/2019:02:11:38 +0100] "GET /wp-content/plugins/cookie-law-info/public/css/cookie-law-info-public.css?ver=1.7.6 HTTP/1.1" 200 6598 "https://amazingsportwear.com/producto/camiseta-tecnica-monaco/" "Mozilla/5.0 (Linux; Android 4.2.1; en-us; Nexus 5 Build/JOP40D) AppleWebKit/535.19 (KHTML, like Gecko; googleweblight) Chrome/38.0.1025.166 Mobile Safari/535.19" "-"
66.102.6.16 - - [09/Dec/2019:02:11:38 +0100] "GET /wp-content/themes/shopper/assets/sass/woocommerce/woocommerce.css?ver=5.2.4 HTTP/1.1" 200 86897 "https://amazingsportwear.com/producto/camiseta-tecnica-monaco/" "Mozilla/5.0 (Linux; Android 4.2.1; en-us; Nexus 5 Build/JOP40D) AppleWebKit/535.19 (KHTML, like Gecko; googleweblight) Chrome/38.0.1025.166 Mobile Safari/535.19" "-"
66.102.6.20 - - [09/Dec/2019:02:11:38 +0100] "GET /wp-content/themes/shopper/assets/js/crm.js?ver=1561548510 HTTP/1.1" 200 4237 "https://amazingsportwear.com/producto/camiseta-tecnica-monaco/" "Mozilla/5.0 (Linux; Android 4.2.1; en-us; Nexus 5 Build/JOP40D) AppleWebKit/535.19 (KHTML, like Gecko; googleweblight) Chrome/38.0.1025.166 Mobile Safari/535.19" "-"
66.102.6.16 - - [09/Dec/2019:02:11:38 +0100] "GET /wp-content/plugins/wpfront-notification-bar/js/wpfront-notification-bar.js?ver=1.7.1 HTTP/1.1" 200 9025 "https://amazingsportwear.com/producto/camiseta-tecnica-monaco/" "Mozilla/5.0 (Linux; Android 4.2.1; en-us; Nexus 5 Build/JOP40D) AppleWebKit/535.19 (KHTML, like Gecko; googleweblight) Chrome/38.0.1025.166 Mobile Safari/535.19" "-"
66.249.80.52 - - [09/Dec/2019:02:11:38 +0100] "GET /wp-content/plugins/woocommerce/assets/js/frontend/single-product.min.js?ver=3.6.4 HTTP/1.1" 200 6693 "https://amazingsportwear.com/producto/camiseta-tecnica-monaco/" "Mozilla/5.0 (Linux; Android 4.2.1; en-us; Nexus 5 Build/JOP40D) AppleWebKit/535.19 (KHTML, like Gecko; googleweblight) Chrome/38.0.1025.166 Mobile Safari/535.19" "-"
66.249.80.48 - - [09/Dec/2019:02:11:38 +0100] "GET /wp-content/plugins/woocommerce/assets/js/js-cookie/js.cookie.min.js?ver=2.1.4 HTTP/1.1" 200 2187 "https://amazingsportwear.com/producto/camiseta-tecnica-monaco/" "Mozilla/5.0 (Linux; Android 4.2.1; en-us; Nexus 5 Build/JOP40D) AppleWebKit/535.19 (KHTML, like Gecko; googleweblight) Chrome/38.0.1025.166 Mobile Safari/535.19" "-"
66.249.80.50 - - [09/Dec/2019:02:11:38 +0100] "GET /wp-content/themes/shopper/style.css?ver=1.3.8 HTTP/1.1" 200 128678 "https://amazingsportwear.com/producto/camiseta-tecnica-monaco/" "Mozilla/5.0 (Linux; Android 4.2.1; en-us; Nexus 5 Build/JOP40D) AppleWebKit/535.19 (KHTML, like Gecko; googleweblight) Chrome/38.0.1025.166 Mobile Safari/535.19" "-"
66.249.80.48 - - [09/Dec/2019:02:11:38 +0100] "GET /wp-includes/js/comment-reply.min.js?ver=5.2.4 HTTP/1.1" 200 2575 "https://amazingsportwear.com/producto/camiseta-tecnica-monaco/" "Mozilla/5.0 (Linux; Android 4.2.1; en-us; Nexus 5 Build/JOP40D) AppleWebKit/535.19 (KHTML, like Gecko; googleweblight) Chrome/38.0.1025.166 Mobile Safari/535.19" "-"
66.102.6.16 - - [09/Dec/2019:02:11:38 +0100] "GET /wp-content/themes/shopper/style.css?ver=1.3.8 HTTP/1.1" 200 128678 "https://amazingsportwear.com/producto/camiseta-tecnica-monaco/" "Mozilla/5.0 (Linux; Android 4.2.1; en-us; Nexus 5 Build/JOP40D) AppleWebKit/535.19 (KHTML, like Gecko; googleweblight) Chrome/38.0.1025.166 Mobile Safari/535.19" "-"
66.102.6.20 - - [09/Dec/2019:02:11:38 +0100] "GET /wp-content/plugins/woocommerce/assets/js/flexslider/jquery.flexslider.min.js?ver=2.7.2 HTTP/1.1" 200 23232 "https://amazingsportwear.com/producto/camiseta-tecnica-monaco/" "Mozilla/5.0 (Linux; Android 4.2.1; en-us; Nexus 5 Build/JOP40D) AppleWebKit/535.19 (KHTML, like Gecko; googleweblight) Chrome/38.0.1025.166 Mobile Safari/535.19" "-"
66.102.6.18 - - [09/Dec/2019:02:11:38 +0100] "GET /wp-content/plugins/woocommerce/assets/js/js-cookie/js.cookie.min.js?ver=2.1.4 HTTP/1.1" 200 2187 "https://amazingsportwear.com/producto/camiseta-tecnica-monaco/" "Mozilla/5.0 (Linux; Android 4.2.1; en-us; Nexus 5 Build/JOP40D) AppleWebKit/535.19 (KHTML, like Gecko; googleweblight) Chrome/38.0.1025.166 Mobile Safari/535.19" "-"
66.102.6.18 - - [09/Dec/2019:02:11:38 +0100] "GET /wp-content/plugins/wpfront-notification-bar/css/wpfront-notification-bar.css?ver=1.7.1 HTTP/1.1" 200 7026 "https://amazingsportwear.com/producto/camiseta-tecnica-monaco/" "Mozilla/5.0 (Linux; Android 4.2.1; en-us; Nexus 5 Build/JOP40D) AppleWebKit/535.19 (KHTML, like Gecko; googleweblight) Chrome/38.0.1025.166 Mobile Safari/535.19" "-"
66.102.6.18 - - [09/Dec/2019:02:11:38 +0100] "GET /wp-includes/js/jquery/jquery-migrate.min.js?ver=1.4.1 HTTP/1.1" 200 13762 "https://amazingsportwear.com/producto/camiseta-tecnica-monaco/" "Mozilla/5.0 (Linux; Android 4.2.1; en-us; Nexus 5 Build/JOP40D) AppleWebKit/535.19 (KHTML, like Gecko; googleweblight) Chrome/38.0.1025.166 Mobile Safari/535.19" "-"
66.249.80.50 - - [09/Dec/2019:02:11:38 +0100] "GET /wp-includes/js/wp-util.min.js?ver=5.2.4 HTTP/1.1" 200 1387 "https://amazingsportwear.com/producto/camiseta-tecnica-monaco/" "Mozilla/5.0 (Linux; Android 4.2.1; en-us; Nexus 5 Build/JOP40D) AppleWebKit/535.19 (KHTML, like Gecko; googleweblight) Chrome/38.0.1025.166 Mobile Safari/535.19" "-"
66.249.80.48 - - [09/Dec/2019:02:11:38 +0100] "GET /wp-content/plugins/woocommerce/assets/js/frontend/cart-fragments.min.js?ver=3.6.4 HTTP/1.1" 200 3281 "https://amazingsportwear.com/producto/camiseta-tecnica-monaco/" "Mozilla/5.0 (Linux; Android 4.2.1; en-us; Nexus 5 Build/JOP40D) AppleWebKit/535.19 (KHTML, like Gecko; googleweblight) Chrome/38.0.1025.166 Mobile Safari/535.19" "-"
66.102.6.20 - - [09/Dec/2019:02:11:38 +0100] "GET /wp-content/plugins/woocommerce/assets/css/blocks/style.css?ver=3.6.4 HTTP/1.1" 200 10060 "https://amazingsportwear.com/producto/camiseta-tecnica-monaco/" "Mozilla/5.0 (Linux; Android 4.2.1; en-us; Nexus 5 Build/JOP40D) AppleWebKit/535.19 (KHTML, like Gecko; googleweblight) Chrome/38.0.1025.166 Mobile Safari/535.19" "-"
66.249.80.48 - - [09/Dec/2019:02:11:38 +0100] "GET /wp-content/plugins/woocommerce/assets/js/frontend/add-to-cart-variation.min.js?ver=3.6.4 HTTP/1.1" 200 13625 "https://amazingsportwear.com/producto/camiseta-tecnica-monaco/" "Mozilla/5.0 (Linux; Android 4.2.1; en-us; Nexus 5 Build/JOP40D) AppleWebKit/535.19 (KHTML, like Gecko; googleweblight) Chrome/38.0.1025.166 Mobile Safari/535.19" "-"
66.102.6.20 - - [09/Dec/2019:02:11:38 +0100] "GET /wp-content/plugins/cookie-law-info/public/js/cookie-law-info-public.js?ver=1.7.6 HTTP/1.1" 200 20439 "https://amazingsportwear.com/producto/camiseta-tecnica-monaco/" "Mozilla/5.0 (Linux; Android 4.2.1; en-us; Nexus 5 Build/JOP40D) AppleWebKit/535.19 (KHTML, like Gecko; googleweblight) Chrome/38.0.1025.166 Mobile Safari/535.19" "-"
66.249.80.48 - - [09/Dec/2019:02:11:38 +0100] "GET /wp-includes/js/jquery/jquery.js?ver=1.12.4-wp HTTP/1.1" 200 100725 "https://amazingsportwear.com/producto/camiseta-tecnica-monaco/" "Mozilla/5.0 (Linux; Android 4.2.1; en-us; Nexus 5 Build/JOP40D) AppleWebKit/535.19 (KHTML, like Gecko; googleweblight) Chrome/38.0.1025.166 Mobile Safari/535.19" "-"
66.102.6.18 - - [09/Dec/2019:02:11:38 +0100] "GET /wp-content/plugins/woocommerce/assets/js/jquery-blockui/jquery.blockUI.min.js?ver=2.70 HTTP/1.1" 200 13271 "https://amazingsportwear.com/producto/camiseta-tecnica-monaco/" "Mozilla/5.0 (Linux; Android 4.2.1; en-us; Nexus 5 Build/JOP40D) AppleWebKit/535.19 (KHTML, like Gecko; googleweblight) Chrome/38.0.1025.166 Mobile Safari/535.19" "-"
66.249.80.52 - - [09/Dec/2019:02:11:38 +0100] "GET /wp-includes/js/jquery/jquery.js HTTP/1.1" 200 100725 "https://amazingsportwear.com/producto/camiseta-tecnica-monaco/" "Mozilla/5.0 (Linux; Android 4.2.1; en-us; Nexus 5 Build/JOP40D) AppleWebKit/535.19 (KHTML, like Gecko; googleweblight) Chrome/38.0.1025.166 Mobile Safari/535.19" "-"
66.102.6.16 - - [09/Dec/2019:02:11:38 +0100] "GET /wp-content/plugins/woocommerce/assets/js/frontend/cart-fragments.min.js?ver=3.6.4 HTTP/1.1" 200 3281 "https://amazingsportwear.com/producto/camiseta-tecnica-monaco/" "Mozilla/5.0 (Linux; Android 4.2.1; en-us; Nexus 5 Build/JOP40D) AppleWebKit/535.19 (KHTML, like Gecko; googleweblight) Chrome/38.0.1025.166 Mobile Safari/535.19" "-"
66.249.80.50 - - [09/Dec/2019:02:11:38 +0100] "GET /wp-content/plugins/woocommerce/assets/js/zoom/jquery.zoom.min.js?ver=1.7.21 HTTP/1.1" 200 6320 "https://amazingsportwear.com/producto/camiseta-tecnica-monaco/" "Mozilla/5.0 (Linux; Android 4.2.1; en-us; Nexus 5 Build/JOP40D) AppleWebKit/535.19 (KHTML, like Gecko; googleweblight) Chrome/38.0.1025.166 Mobile Safari/535.19" "-"
66.102.6.16 - - [09/Dec/2019:02:11:38 +0100] "GET /wp-content/plugins/woocommerce/assets/js/frontend/woocommerce.min.js?ver=3.6.4 HTTP/1.1" 200 1813 "https://amazingsportwear.com/producto/camiseta-tecnica-monaco/" "Mozilla/5.0 (Linux; Android 4.2.1; en-us; Nexus 5 Build/JOP40D) AppleWebKit/535.19 (KHTML, like Gecko; googleweblight) Chrome/38.0.1025.166 Mobile Safari/535.19" "-"
66.249.80.48 - - [09/Dec/2019:02:11:38 +0100] "GET /wp-includes/js/jquery/ui/core.min.js?ver=1.11.4 HTTP/1.1" 200 4341 "https://amazingsportwear.com/producto/camiseta-tecnica-monaco/" "Mozilla/5.0 (Linux; Android 4.2.1; en-us; Nexus 5 Build/JOP40D) AppleWebKit/535.19 (KHTML, like Gecko; googleweblight) Chrome/38.0.1025.166 Mobile Safari/535.19" "-"
66.249.80.50 - - [09/Dec/2019:02:11:38 +0100] "GET /wp-includes/js/jquery/ui/widget.min.js?ver=1.11.4 HTTP/1.1" 200 7250 "https://amazingsportwear.com/producto/camiseta-tecnica-monaco/" "Mozilla/5.0 (Linux; Android 4.2.1; en-us; Nexus 5 Build/JOP40D) AppleWebKit/535.19 (KHTML, like Gecko; googleweblight) Chrome/38.0.1025.166 Mobile Safari/535.19" "-"
66.102.6.20 - - [09/Dec/2019:02:11:38 +0100] "GET /wp-content/plugins/woocommerce/assets/css/photoswipe/photoswipe.css?ver=3.6.4 HTTP/1.1" 200 7835 "https://amazingsportwear.com/producto/camiseta-tecnica-monaco/" "Mozilla/5.0 (Linux; Android 4.2.1; en-us; Nexus 5 Build/JOP40D) AppleWebKit/535.19 (KHTML, like Gecko; googleweblight) Chrome/38.0.1025.166 Mobile Safari/535.19" "-"
66.249.80.48 - - [09/Dec/2019:02:11:38 +0100] "GET /wp-includes/js/jquery/ui/mouse.min.js?ver=1.11.4 HTTP/1.1" 200 3489 "https://amazingsportwear.com/producto/camiseta-tecnica-monaco/" "Mozilla/5.0 (Linux; Android 4.2.1; en-us; Nexus 5 Build/JOP40D) AppleWebKit/535.19 (KHTML, like Gecko; googleweblight) Chrome/38.0.1025.166 Mobile Safari/535.19" "-"
66.102.6.20 - - [09/Dec/2019:02:11:38 +0100] "GET /wp-includes/js/jquery/jquery.js?ver=1.12.4-wp HTTP/1.1" 200 100725 "https://amazingsportwear.com/producto/camiseta-tecnica-monaco/" "Mozilla/5.0 (Linux; Android 4.2.1; en-us; Nexus 5 Build/JOP40D) AppleWebKit/535.19 (KHTML, like Gecko; googleweblight) Chrome/38.0.1025.166 Mobile Safari/535.19" "-"
66.102.6.16 - - [09/Dec/2019:02:11:38 +0100] "GET /wp-content/themes/shopper/assets/js/shopper.min.js?ver=1.3.8 HTTP/1.1" 200 5994 "https://amazingsportwear.com/producto/camiseta-tecnica-monaco/" "Mozilla/5.0 (Linux; Android 4.2.1; en-us; Nexus 5 Build/JOP40D) AppleWebKit/535.19 (KHTML, like Gecko; googleweblight) Chrome/38.0.1025.166 Mobile Safari/535.19" "-"
66.249.80.52 - - [09/Dec/2019:02:11:38 +0100] "GET /wp-includes/js/jquery/ui/resizable.min.js?ver=1.11.4 HTTP/1.1" 200 18798 "https://amazingsportwear.com/producto/camiseta-tecnica-monaco/" "Mozilla/5.0 (Linux; Android 4.2.1; en-us; Nexus 5 Build/JOP40D) AppleWebKit/535.19 (KHTML, like Gecko; googleweblight) Chrome/38.0.1025.166 Mobile Safari/535.19" "-"
66.249.80.48 - - [09/Dec/2019:02:11:38 +0100] "GET /wp-includes/js/jquery/ui/draggable.min.js?ver=1.11.4 HTTP/1.1" 200 19277 "https://amazingsportwear.com/producto/camiseta-tecnica-monaco/" "Mozilla/5.0 (Linux; Android 4.2.1; en-us; Nexus 5 Build/JOP40D) AppleWebKit/535.19 (KHTML, like Gecko; googleweblight) Chrome/38.0.1025.166 Mobile Safari/535.19" "-"
66.102.6.18 - - [09/Dec/2019:02:11:38 +0100] "GET /wp-content/plugins/woocommerce/assets/js/frontend/add-to-cart-variation.min.js?ver=3.6.4 HTTP/1.1" 200 13625 "https://amazingsportwear.com/producto/camiseta-tecnica-monaco/" "Mozilla/5.0 (Linux; Android 4.2.1; en-us; Nexus 5 Build/JOP40D) AppleWebKit/535.19 (KHTML, like Gecko; googleweblight) Chrome/38.0.1025.166 Mobile Safari/535.19" "-"
66.249.80.50 - - [09/Dec/2019:02:11:38 +0100] "GET /wp-includes/js/jquery/ui/position.min.js?ver=1.11.4 HTTP/1.1" 200 6869 "https://amazingsportwear.com/producto/camiseta-tecnica-monaco/" "Mozilla/5.0 (Linux; Android 4.2.1; en-us; Nexus 5 Build/JOP40D) AppleWebKit/535.19 (KHTML, like Gecko; googleweblight) Chrome/38.0.1025.166 Mobile Safari/535.19" "-"
66.249.80.48 - - [09/Dec/2019:02:11:38 +0100] "GET /wp-includes/js/jquery/ui/button.min.js?ver=1.11.4 HTTP/1.1" 200 7578 "https://amazingsportwear.com/producto/camiseta-tecnica-monaco/" "Mozilla/5.0 (Linux; Android 4.2.1; en-us; Nexus 5 Build/JOP40D) AppleWebKit/535.19 (KHTML, like Gecko; googleweblight) Chrome/38.0.1025.166 Mobile Safari/535.19" "-"
66.102.6.16 - - [09/Dec/2019:02:11:38 +0100] "GET /wp-includes/js/wp-util.min.js?ver=5.2.4 HTTP/1.1" 200 1387 "https://amazingsportwear.com/producto/camiseta-tecnica-monaco/" "Mozilla/5.0 (Linux; Android 4.2.1; en-us; Nexus 5 Build/JOP40D) AppleWebKit/535.19 (KHTML, like Gecko; googleweblight) Chrome/38.0.1025.166 Mobile Safari/535.19" "-"
66.249.80.48 - - [09/Dec/2019:02:11:38 +0100] "GET /wp-includes/js/jquery/ui/dialog.min.js?ver=1.11.4 HTTP/1.1" 200 12482 "https://amazingsportwear.com/producto/camiseta-tecnica-monaco/" "Mozilla/5.0 (Linux; Android 4.2.1; en-us; Nexus 5 Build/JOP40D) AppleWebKit/535.19 (KHTML, like Gecko; googleweblight) Chrome/38.0.1025.166 Mobile Safari/535.19" "-"
66.102.6.20 - - [09/Dec/2019:02:11:38 +0100] "GET /wp-content/themes/shopper/assets/js/woocommerce/header-cart.min.js?ver=1.3.8 HTTP/1.1" 200 972 "https://amazingsportwear.com/producto/camiseta-tecnica-monaco/" "Mozilla/5.0 (Linux; Android 4.2.1; en-us; Nexus 5 Build/JOP40D) AppleWebKit/535.19 (KHTML, like Gecko; googleweblight) Chrome/38.0.1025.166 Mobile Safari/535.19" "-"
66.102.6.16 - - [09/Dec/2019:02:11:38 +0100] "GET /wp-includes/js/jquery/ui/widget.min.js?ver=1.11.4 HTTP/1.1" 200 7250 "https://amazingsportwear.com/producto/camiseta-tecnica-monaco/" "Mozilla/5.0 (Linux; Android 4.2.1; en-us; Nexus 5 Build/JOP40D) AppleWebKit/535.19 (KHTML, like Gecko; googleweblight) Chrome/38.0.1025.166 Mobile Safari/535.19" "-"
66.249.80.48 - - [09/Dec/2019:02:11:38 +0100] "GET /wp-content/plugins/product-enquiry-for-woocommerce/js/contact.js?ver=5.2.4 HTTP/1.1" 200 4681 "https://amazingsportwear.com/producto/camiseta-tecnica-monaco/" "Mozilla/5.0 (Linux; Android 4.2.1; en-us; Nexus 5 Build/JOP40D) AppleWebKit/535.19 (KHTML, like Gecko; googleweblight) Chrome/38.0.1025.166 Mobile Safari/535.19" "-"
66.249.80.50 - - [09/Dec/2019:02:11:38 +0100] "GET /wp-content/plugins/product-enquiry-for-woocommerce/js/wdm_jquery.validate.min.js?ver=5.2.4 HTTP/1.1" 200 21818 "https://amazingsportwear.com/producto/camiseta-tecnica-monaco/" "Mozilla/5.0 (Linux; Android 4.2.1; en-us; Nexus 5 Build/JOP40D) AppleWebKit/535.19 (KHTML, like Gecko; googleweblight) Chrome/38.0.1025.166 Mobile Safari/535.19" "-"
66.102.6.20 - - [09/Dec/2019:02:11:38 +0100] "GET /wp-includes/js/jquery/jquery.js HTTP/1.1" 200 100725 "https://amazingsportwear.com/producto/camiseta-tecnica-monaco/" "Mozilla/5.0 (Linux; Android 4.2.1; en-us; Nexus 5 Build/JOP40D) AppleWebKit/535.19 (KHTML, like Gecko; googleweblight) Chrome/38.0.1025.166 Mobile Safari/535.19" "-"
66.102.6.20 - - [09/Dec/2019:02:11:38 +0100] "GET /wp-content/plugins/woocommerce/assets/js/zoom/jquery.zoom.min.js?ver=1.7.21 HTTP/1.1" 200 6320 "https://amazingsportwear.com/producto/camiseta-tecnica-monaco/" "Mozilla/5.0 (Linux; Android 4.2.1; en-us; Nexus 5 Build/JOP40D) AppleWebKit/535.19 (KHTML, like Gecko; googleweblight) Chrome/38.0.1025.166 Mobile Safari/535.19" "-"
66.249.80.48 - - [09/Dec/2019:02:11:38 +0100] "GET /wp-content/plugins/akismet/_inc/form.js?ver=4.1.2 HTTP/1.1" 200 1040 "https://amazingsportwear.com/producto/camiseta-tecnica-monaco/" "Mozilla/5.0 (Linux; Android 4.2.1; en-us; Nexus 5 Build/JOP40D) AppleWebKit/535.19 (KHTML, like Gecko; googleweblight) Chrome/38.0.1025.166 Mobile Safari/535.19" "-"
66.249.80.50 - - [09/Dec/2019:02:11:38 +0100] "GET /wp-includes/js/wp-emoji-release.min.js?ver=5.2.4 HTTP/1.1" 200 14183 "https://amazingsportwear.com/producto/camiseta-tecnica-monaco/" "Mozilla/5.0 (Linux; Android 4.2.1; en-us; Nexus 5 Build/JOP40D) AppleWebKit/535.19 (KHTML, like Gecko; googleweblight) Chrome/38.0.1025.166 Mobile Safari/535.19" "-"
66.249.80.50 - - [09/Dec/2019:02:11:38 +0100] "GET /wp-content/plugins/woocommerce/assets/js/flexslider/jquery.flexslider.min.js?ver=2.7.2 HTTP/1.1" 200 26595 "https://amazingsportwear.com/producto/camiseta-tecnica-monaco/" "Mozilla/5.0 (Linux; Android 4.2.1; en-us; Nexus 5 Build/JOP40D) AppleWebKit/535.19 (KHTML, like Gecko; googleweblight) Chrome/38.0.1025.166 Mobile Safari/535.19" "-"
66.102.6.20 - - [09/Dec/2019:02:11:38 +0100] "GET /wp-includes/js/jquery/ui/resizable.min.js?ver=1.11.4 HTTP/1.1" 200 18798 "https://amazingsportwear.com/producto/camiseta-tecnica-monaco/" "Mozilla/5.0 (Linux; Android 4.2.1; en-us; Nexus 5 Build/JOP40D) AppleWebKit/535.19 (KHTML, like Gecko; googleweblight) Chrome/38.0.1025.166 Mobile Safari/535.19" "-"
66.102.6.20 - - [09/Dec/2019:02:11:38 +0100] "GET /wp-includes/js/jquery/ui/draggable.min.js?ver=1.11.4 HTTP/1.1" 200 19277 "https://amazingsportwear.com/producto/camiseta-tecnica-monaco/" "Mozilla/5.0 (Linux; Android 4.2.1; en-us; Nexus 5 Build/JOP40D) AppleWebKit/535.19 (KHTML, like Gecko; googleweblight) Chrome/38.0.1025.166 Mobile Safari/535.19" "-"
66.102.6.20 - - [09/Dec/2019:02:11:38 +0100] "GET /wp-includes/js/jquery/ui/button.min.js?ver=1.11.4 HTTP/1.1" 200 7578 "https://amazingsportwear.com/producto/camiseta-tecnica-monaco/" "Mozilla/5.0 (Linux; Android 4.2.1; en-us; Nexus 5 Build/JOP40D) AppleWebKit/535.19 (KHTML, like Gecko; googleweblight) Chrome/38.0.1025.166 Mobile Safari/535.19" "-"
66.102.6.20 - - [09/Dec/2019:02:11:38 +0100] "GET /wp-includes/js/jquery/ui/position.min.js?ver=1.11.4 HTTP/1.1" 200 6869 "https://amazingsportwear.com/producto/camiseta-tecnica-monaco/" "Mozilla/5.0 (Linux; Android 4.2.1; en-us; Nexus 5 Build/JOP40D) AppleWebKit/535.19 (KHTML, like Gecko; googleweblight) Chrome/38.0.1025.166 Mobile Safari/535.19" "-"
66.102.6.20 - - [09/Dec/2019:02:11:38 +0100] "GET /wp-includes/js/jquery/ui/dialog.min.js?ver=1.11.4 HTTP/1.1" 200 12482 "https://amazingsportwear.com/producto/camiseta-tecnica-monaco/" "Mozilla/5.0 (Linux; Android 4.2.1; en-us; Nexus 5 Build/JOP40D) AppleWebKit/535.19 (KHTML, like Gecko; googleweblight) Chrome/38.0.1025.166 Mobile Safari/535.19" "-"
66.102.6.18 - - [09/Dec/2019:02:11:38 +0100] "GET /wp-content/plugins/product-enquiry-for-woocommerce/js/wdm_jquery.validate.min.js?ver=5.2.4 HTTP/1.1" 200 21818 "https://amazingsportwear.com/producto/camiseta-tecnica-monaco/" "Mozilla/5.0 (Linux; Android 4.2.1; en-us; Nexus 5 Build/JOP40D) AppleWebKit/535.19 (KHTML, like Gecko; googleweblight) Chrome/38.0.1025.166 Mobile Safari/535.19" "-"
66.102.6.20 - - [09/Dec/2019:02:11:38 +0100] "GET /wp-content/plugins/product-enquiry-for-woocommerce/js/contact.js?ver=5.2.4 HTTP/1.1" 200 4681 "https://amazingsportwear.com/producto/camiseta-tecnica-monaco/" "Mozilla/5.0 (Linux; Android 4.2.1; en-us; Nexus 5 Build/JOP40D) AppleWebKit/535.19 (KHTML, like Gecko; googleweblight) Chrome/38.0.1025.166 Mobile Safari/535.19" "-"
66.249.80.52 - - [09/Dec/2019:02:11:38 +0100] "GET /wp-content/uploads/2019/05/cropped-asw-white.png HTTP/1.1" 200 7500 "https://amazingsportwear.com/producto/camiseta-tecnica-monaco/" "Mozilla/5.0 (Linux; Android 4.2.1; en-us; Nexus 5 Build/JOP40D) AppleWebKit/535.19 (KHTML, like Gecko; googleweblight) Chrome/38.0.1025.166 Mobile Safari/535.19" "-"
66.102.6.20 - - [09/Dec/2019:02:11:38 +0100] "GET /wp-includes/js/wp-emoji-release.min.js?ver=5.2.4 HTTP/1.1" 200 14183 "https://amazingsportwear.com/producto/camiseta-tecnica-monaco/" "Mozilla/5.0 (Linux; Android 4.2.1; en-us; Nexus 5 Build/JOP40D) AppleWebKit/535.19 (KHTML, like Gecko; googleweblight) Chrome/38.0.1025.166 Mobile Safari/535.19" "-"
66.249.80.48 - - [09/Dec/2019:02:11:38 +0100] "GET /wp-content/uploads/2019/03/SA-6401-3.png HTTP/1.1" 200 59737 "https://amazingsportwear.com/producto/camiseta-tecnica-monaco/" "Mozilla/5.0 (Linux; Android 4.2.1; en-us; Nexus 5 Build/JOP40D) AppleWebKit/535.19 (KHTML, like Gecko; googleweblight) Chrome/38.0.1025.166 Mobile Safari/535.19" "-"
66.249.80.50 - - [09/Dec/2019:02:11:38 +0100] "GET /wp-content/uploads/2019/03/SA-6401-5.png HTTP/1.1" 200 86223 "https://amazingsportwear.com/producto/camiseta-tecnica-monaco/" "Mozilla/5.0 (Linux; Android 4.2.1; en-us; Nexus 5 Build/JOP40D) AppleWebKit/535.19 (KHTML, like Gecko; googleweblight) Chrome/38.0.1025.166 Mobile Safari/535.19" "-"
66.249.80.48 - - [09/Dec/2019:02:11:38 +0100] "GET /wp-content/uploads/2019/03/SA-6401-4.png HTTP/1.1" 200 92698 "https://amazingsportwear.com/producto/camiseta-tecnica-monaco/" "Mozilla/5.0 (Linux; Android 4.2.1; en-us; Nexus 5 Build/JOP40D) AppleWebKit/535.19 (KHTML, like Gecko; googleweblight) Chrome/38.0.1025.166 Mobile Safari/535.19" "-"
66.102.6.18 - - [09/Dec/2019:02:11:38 +0100] "GET /wp-includes/js/jquery/ui/mouse.min.js?ver=1.11.4 HTTP/1.1" 200 3489 "https://amazingsportwear.com/producto/camiseta-tecnica-monaco/" "Mozilla/5.0 (Linux; Android 4.2.1; en-us; Nexus 5 Build/JOP40D) AppleWebKit/535.19 (KHTML, like Gecko; googleweblight) Chrome/38.0.1025.166 Mobile Safari/535.19" "-"
66.249.80.48 - - [09/Dec/2019:02:11:38 +0100] "GET /wp-content/uploads/2019/03/SA-6401-2.png HTTP/1.1" 200 59622 "https://amazingsportwear.com/producto/camiseta-tecnica-monaco/" "Mozilla/5.0 (Linux; Android 4.2.1; en-us; Nexus 5 Build/JOP40D) AppleWebKit/535.19 (KHTML, like Gecko; googleweblight) Chrome/38.0.1025.166 Mobile Safari/535.19" "-"
66.249.80.50 - - [09/Dec/2019:02:11:38 +0100] "GET /wp-content/plugins/woocommerce/assets/js/photoswipe/photoswipe.min.js?ver=4.1.1 HTTP/1.1" 200 35639 "https://amazingsportwear.com/producto/camiseta-tecnica-monaco/" "Mozilla/5.0 (Linux; Android 4.2.1; en-us; Nexus 5 Build/JOP40D) AppleWebKit/535.19 (KHTML, like Gecko; googleweblight) Chrome/38.0.1025.166 Mobile Safari/535.19" "-"
66.249.80.52 - - [09/Dec/2019:02:11:38 +0100] "GET /wp-content/plugins/woocommerce/assets/js/frontend/woocommerce.min.js?ver=3.6.4 HTTP/1.1" 200 5176 "https://amazingsportwear.com/producto/camiseta-tecnica-monaco/" "Mozilla/5.0 (Linux; Android 4.2.1; en-us; Nexus 5 Build/JOP40D) AppleWebKit/535.19 (KHTML, like Gecko; googleweblight) Chrome/38.0.1025.166 Mobile Safari/535.19" "-"
66.102.6.20 - - [09/Dec/2019:02:11:38 +0100] "GET /wp-content/plugins/akismet/_inc/form.js?ver=4.1.2 HTTP/1.1" 200 1040 "https://amazingsportwear.com/producto/camiseta-tecnica-monaco/" "Mozilla/5.0 (Linux; Android 4.2.1; en-us; Nexus 5 Build/JOP40D) AppleWebKit/535.19 (KHTML, like Gecko; googleweblight) Chrome/38.0.1025.166 Mobile Safari/535.19" "-"
66.102.6.16 - - [09/Dec/2019:02:11:38 +0100] "GET /wp-content/plugins/woocommerce/assets/js/photoswipe/photoswipe.min.js?ver=4.1.1 HTTP/1.1" 200 35639 "https://amazingsportwear.com/producto/camiseta-tecnica-monaco/" "Mozilla/5.0 (Linux; Android 4.2.1; en-us; Nexus 5 Build/JOP40D) AppleWebKit/535.19 (KHTML, like Gecko; googleweblight) Chrome/38.0.1025.166 Mobile Safari/535.19" "-"
66.249.80.52 - - [09/Dec/2019:02:11:38 +0100] "GET /wp-includes/js/wp-embed.min.js?ver=5.2.4 HTTP/1.1" 200 5107 "https://amazingsportwear.com/producto/camiseta-tecnica-monaco/" "Mozilla/5.0 (Linux; Android 4.2.1; en-us; Nexus 5 Build/JOP40D) AppleWebKit/535.19 (KHTML, like Gecko; googleweblight) Chrome/38.0.1025.166 Mobile Safari/535.19" "-"
66.102.6.16 - - [09/Dec/2019:02:11:38 +0100] "GET /wp-content/uploads/2019/05/cropped-asw-white.png HTTP/1.1" 200 7500 "https://amazingsportwear.com/producto/camiseta-tecnica-monaco/" "Mozilla/5.0 (Linux; Android 4.2.1; en-us; Nexus 5 Build/JOP40D) AppleWebKit/535.19 (KHTML, like Gecko; googleweblight) Chrome/38.0.1025.166 Mobile Safari/535.19" "-"
66.102.6.16 - - [09/Dec/2019:02:11:38 +0100] "GET /wp-content/plugins/woocommerce/assets/js/photoswipe/photoswipe-ui-default.min.js?ver=4.1.1 HTTP/1.1" 200 13583 "https://amazingsportwear.com/producto/camiseta-tecnica-monaco/" "Mozilla/5.0 (Linux; Android 4.2.1; en-us; Nexus 5 Build/JOP40D) AppleWebKit/535.19 (KHTML, like Gecko; googleweblight) Chrome/38.0.1025.166 Mobile Safari/535.19" "-"
66.102.6.16 - - [09/Dec/2019:02:11:38 +0100] "GET /wp-content/plugins/woocommerce/assets/js/frontend/single-product.min.js?ver=3.6.4 HTTP/1.1" 200 10056 "https://amazingsportwear.com/producto/camiseta-tecnica-monaco/" "Mozilla/5.0 (Linux; Android 4.2.1; en-us; Nexus 5 Build/JOP40D) AppleWebKit/535.19 (KHTML, like Gecko; googleweblight) Chrome/38.0.1025.166 Mobile Safari/535.19" "-"
66.249.80.52 - - [09/Dec/2019:02:11:38 +0100] "GET /wp-content/themes/shopper/assets/js/shopper.min.js?ver=1.3.8 HTTP/1.1" 200 9357 "https://amazingsportwear.com/producto/camiseta-tecnica-monaco/" "Mozilla/5.0 (Linux; Android 4.2.1; en-us; Nexus 5 Build/JOP40D) AppleWebKit/535.19 (KHTML, like Gecko; googleweblight) Chrome/38.0.1025.166 Mobile Safari/535.19" "-"
66.249.80.52 - - [09/Dec/2019:02:11:38 +0100] "GET /wp-content/themes/shopper/assets/js/woocommerce/header-cart.min.js?ver=1.3.8 HTTP/1.1" 200 4335 "https://amazingsportwear.com/producto/camiseta-tecnica-monaco/" "Mozilla/5.0 (Linux; Android 4.2.1; en-us; Nexus 5 Build/JOP40D) AppleWebKit/535.19 (KHTML, like Gecko; googleweblight) Chrome/38.0.1025.166 Mobile Safari/535.19" "-"
66.249.80.52 - - [09/Dec/2019:02:11:38 +0100] "GET /wp-content/themes/shopper/assets/js/skip-link-focus-fix.js?ver=1.3.8 HTTP/1.1" 200 4386 "https://amazingsportwear.com/producto/camiseta-tecnica-monaco/" "Mozilla/5.0 (Linux; Android 4.2.1; en-us; Nexus 5 Build/JOP40D) AppleWebKit/535.19 (KHTML, like Gecko; googleweblight) Chrome/38.0.1025.166 Mobile Safari/535.19" "-"
66.249.80.52 - - [09/Dec/2019:02:11:38 +0100] "GET /wp-includes/js/underscore.min.js?ver=1.8.3 HTTP/1.1" 200 19890 "https://amazingsportwear.com/producto/camiseta-tecnica-monaco/" "Mozilla/5.0 (Linux; Android 4.2.1; en-us; Nexus 5 Build/JOP40D) AppleWebKit/535.19 (KHTML, like Gecko; googleweblight) Chrome/38.0.1025.166 Mobile Safari/535.19" "-"
66.102.6.16 - - [09/Dec/2019:02:11:38 +0100] "GET /wp-content/themes/shopper/assets/js/skip-link-focus-fix.js?ver=1.3.8 HTTP/1.1" 200 4386 "https://amazingsportwear.com/producto/camiseta-tecnica-monaco/" "Mozilla/5.0 (Linux; Android 4.2.1; en-us; Nexus 5 Build/JOP40D) AppleWebKit/535.19 (KHTML, like Gecko; googleweblight) Chrome/38.0.1025.166 Mobile Safari/535.19" "-"
66.249.80.52 - - [09/Dec/2019:02:11:38 +0100] "GET /wp-content/uploads/2019/03/SA-6401-1.png HTTP/1.1" 200 165753 "https://amazingsportwear.com/producto/camiseta-tecnica-monaco/" "Mozilla/5.0 (Linux; Android 4.2.1; en-us; Nexus 5 Build/JOP40D) AppleWebKit/535.19 (KHTML, like Gecko; googleweblight) Chrome/38.0.1025.166 Mobile Safari/535.19" "-"
66.102.6.20 - - [09/Dec/2019:02:11:38 +0100] "GET /wp-content/uploads/2019/03/SA-6401-5.png HTTP/1.1" 200 86223 "https://amazingsportwear.com/producto/camiseta-tecnica-monaco/" "Mozilla/5.0 (Linux; Android 4.2.1; en-us; Nexus 5 Build/JOP40D) AppleWebKit/535.19 (KHTML, like Gecko; googleweblight) Chrome/38.0.1025.166 Mobile Safari/535.19" "-"
66.102.6.16 - - [09/Dec/2019:02:11:38 +0100] "GET /wp-content/uploads/2019/03/SA-6401-4.png HTTP/1.1" 200 92698 "https://amazingsportwear.com/producto/camiseta-tecnica-monaco/" "Mozilla/5.0 (Linux; Android 4.2.1; en-us; Nexus 5 Build/JOP40D) AppleWebKit/535.19 (KHTML, like Gecko; googleweblight) Chrome/38.0.1025.166 Mobile Safari/535.19" "-"
66.249.80.52 - - [09/Dec/2019:02:11:38 +0100] "GET /wp-content/uploads/2019/03/SA-6401-7.png HTTP/1.1" 200 233479 "https://amazingsportwear.com/producto/camiseta-tecnica-monaco/" "Mozilla/5.0 (Linux; Android 4.2.1; en-us; Nexus 5 Build/JOP40D) AppleWebKit/535.19 (KHTML, like Gecko; googleweblight) Chrome/38.0.1025.166 Mobile Safari/535.19" "-"
66.102.6.16 - - [09/Dec/2019:02:11:38 +0100] "GET /wp-content/uploads/2019/03/SA-6401-3.png HTTP/1.1" 200 59737 "https://amazingsportwear.com/producto/camiseta-tecnica-monaco/" "Mozilla/5.0 (Linux; Android 4.2.1; en-us; Nexus 5 Build/JOP40D) AppleWebKit/535.19 (KHTML, like Gecko; googleweblight) Chrome/38.0.1025.166 Mobile Safari/535.19" "-"
66.102.6.18 - - [09/Dec/2019:02:11:38 +0100] "GET /wp-content/uploads/2019/03/SA-6401-2.png HTTP/1.1" 200 59622 "https://amazingsportwear.com/producto/camiseta-tecnica-monaco/" "Mozilla/5.0 (Linux; Android 4.2.1; en-us; Nexus 5 Build/JOP40D) AppleWebKit/535.19 (KHTML, like Gecko; googleweblight) Chrome/38.0.1025.166 Mobile Safari/535.19" "-"
66.249.80.52 - - [09/Dec/2019:02:11:38 +0100] "GET /wp-content/uploads/2017/03/CAT-4726-HOMBRE-290x300.jpg HTTP/1.1" 200 9851 "https://amazingsportwear.com/producto/camiseta-tecnica-monaco/" "Mozilla/5.0 (Linux; Android 4.2.1; en-us; Nexus 5 Build/JOP40D) AppleWebKit/535.19 (KHTML, like Gecko; googleweblight) Chrome/38.0.1025.166 Mobile Safari/535.19" "-"
66.249.80.48 - - [09/Dec/2019:02:11:38 +0100] "GET /wp-content/uploads/2017/03/aq-cosmic-hombre-300x300.jpg HTTP/1.1" 200 63855 "https://amazingsportwear.com/producto/camiseta-tecnica-monaco/" "Mozilla/5.0 (Linux; Android 4.2.1; en-us; Nexus 5 Build/JOP40D) AppleWebKit/535.19 (KHTML, like Gecko; googleweblight) Chrome/38.0.1025.166 Mobile Safari/535.19" "-"
66.102.6.16 - - [09/Dec/2019:02:11:38 +0100] "GET /wp-includes/js/wp-embed.min.js?ver=5.2.4 HTTP/1.1" 200 5107 "https://amazingsportwear.com/producto/camiseta-tecnica-monaco/" "Mozilla/5.0 (Linux; Android 4.2.1; en-us; Nexus 5 Build/JOP40D) AppleWebKit/535.19 (KHTML, like Gecko; googleweblight) Chrome/38.0.1025.166 Mobile Safari/535.19" "-"
66.102.6.16 - - [09/Dec/2019:02:11:38 +0100] "GET /wp-includes/js/comment-reply.min.js?ver=5.2.4 HTTP/1.1" 200 5938 "https://amazingsportwear.com/producto/camiseta-tecnica-monaco/" "Mozilla/5.0 (Linux; Android 4.2.1; en-us; Nexus 5 Build/JOP40D) AppleWebKit/535.19 (KHTML, like Gecko; googleweblight) Chrome/38.0.1025.166 Mobile Safari/535.19" "-"
66.249.80.50 - - [09/Dec/2019:02:11:38 +0100] "GET /wp-content/uploads/2017/03/aq-rever-494-300x300.jpg HTTP/1.1" 200 26882 "https://amazingsportwear.com/producto/camiseta-tecnica-monaco/" "Mozilla/5.0 (Linux; Android 4.2.1; en-us; Nexus 5 Build/JOP40D) AppleWebKit/535.19 (KHTML, like Gecko; googleweblight) Chrome/38.0.1025.166 Mobile Safari/535.19" "-"
66.102.6.16 - - [09/Dec/2019:02:11:38 +0100] "GET /wp-includes/js/underscore.min.js?ver=1.8.3 HTTP/1.1" 200 19890 "https://amazingsportwear.com/producto/camiseta-tecnica-monaco/" "Mozilla/5.0 (Linux; Android 4.2.1; en-us; Nexus 5 Build/JOP40D) AppleWebKit/535.19 (KHTML, like Gecko; googleweblight) Chrome/38.0.1025.166 Mobile Safari/535.19" "-"
66.102.6.20 - - [09/Dec/2019:02:11:38 +0100] "GET /wp-content/uploads/2019/03/SA-6401-1.png HTTP/1.1" 200 165753 "https://amazingsportwear.com/producto/camiseta-tecnica-monaco/" "Mozilla/5.0 (Linux; Android 4.2.1; en-us; Nexus 5 Build/JOP40D) AppleWebKit/535.19 (KHTML, like Gecko; googleweblight) Chrome/38.0.1025.166 Mobile Safari/535.19" "-"
