217.76.130.90 - - [18/Nov/2019:00:08:24 +0100] "POST /wp-cron.php?doing_wp_cron=1574032104.3184609413146972656250 HTTP/1.1" 200 164 "http://amazingsportwear.com/wp-cron.php?doing_wp_cron=1574032104.3184609413146972656250" "WordPress/5.2.4; https://amazingsportwear.com" "-"
182.55.245.77 - - [18/Nov/2019:00:08:22 +0100] "GET /wp-content/plugins/css-ready-selectors/file.php HTTP/1.1" 404 68030 "http://site.ru" "Mozilla/5.0 (Windows; U; Windows NT 5.1; en-US) AppleWebKit/533.4 (KHTML, like Gecko) Chrome/5.0.375.99 Safari/533.4" "-"
77.27.18.118 - - [18/Nov/2019:00:08:29 +0100] "GET /wp-content/uploads/2019/04/Gorra-sport-10.png HTTP/1.1" 200 60426 "https://www.google.com/" "Mozilla/5.0 (Windows NT 10.0) AppleWebKit/537.36 (KHTML, like Gecko) Chrome/78.0.3904.97 Safari/537.36" "-"
40.77.167.106 - - [18/Nov/2019:00:08:57 +0100] "GET / HTTP/1.1" 301 336 "-" "Mozilla/5.0 (compatible; bingbot/2.0; +http://www.bing.com/bingbot.htm)" "-"
66.249.66.66 - - [18/Nov/2019:00:15:02 +0100] "GET /wp-content/uploads/2019/04/gorra-krox-5-100x100.png HTTP/1.1" 200 11048 "-" "Googlebot-Image/1.0" "-"
217.76.130.90 - - [18/Nov/2019:00:17:50 +0100] "POST /wp-cron.php?doing_wp_cron=1574032670.0920369625091552734375 HTTP/1.1" 200 3389 "https://amazingsportwear.com/wp-cron.php?doing_wp_cron=1574032670.0920369625091552734375" "WordPress/5.2.4; https://amazingsportwear.com" "-"
185.188.182.170 - - [18/Nov/2019:00:17:49 +0100] "GET /inicio-sesion HTTP/1.1" 404 71993 "-" "-" "-"
217.76.130.90 - - [18/Nov/2019:00:24:10 +0100] "POST /wp-cron.php?doing_wp_cron=1574033050.0209410190582275390625 HTTP/1.1" 200 164 "http://amazingsportwear.com/wp-cron.php?doing_wp_cron=1574033050.0209410190582275390625" "WordPress/5.2.4; https://amazingsportwear.com" "-"
212.92.107.35 - - [18/Nov/2019:00:24:08 +0100] "GET /wordpress/ HTTP/1.1" 404 68036 "-" "Mozilla/5.0 (Windows NT 6.3; Win64; x64; rv:63.0) Gecko/20100101 Firefox/63.0" "-"
212.92.107.35 - - [18/Nov/2019:00:24:10 +0100] "GET /wp/ HTTP/1.1" 404 67939 "-" "Mozilla/5.0 (Windows NT 6.3; Win64; x64; rv:63.0) Gecko/20100101 Firefox/63.0" "wpfront-notification-bar-landingpage=1"
212.92.107.35 - - [18/Nov/2019:00:24:11 +0100] "GET /blog/ HTTP/1.1" 302 457 "-" "Mozilla/5.0 (Windows NT 6.3; Win64; x64; rv:63.0) Gecko/20100101 Firefox/63.0" "wpfront-notification-bar-landingpage=1"
212.92.107.35 - - [18/Nov/2019:00:24:12 +0100] "GET /new/ HTTP/1.1" 404 67942 "-" "Mozilla/5.0 (Windows NT 6.3; Win64; x64; rv:63.0) Gecko/20100101 Firefox/63.0" "wpfront-notification-bar-landingpage=1"
212.92.107.35 - - [18/Nov/2019:00:24:13 +0100] "GET /old/ HTTP/1.1" 404 67956 "-" "Mozilla/5.0 (Windows NT 6.3; Win64; x64; rv:63.0) Gecko/20100101 Firefox/63.0" "wpfront-notification-bar-landingpage=1"
212.92.107.35 - - [18/Nov/2019:00:24:14 +0100] "GET /test/ HTTP/1.1" 404 67968 "-" "Mozilla/5.0 (Windows NT 6.3; Win64; x64; rv:63.0) Gecko/20100101 Firefox/63.0" "wpfront-notification-bar-landingpage=1"
212.92.107.35 - - [18/Nov/2019:00:24:15 +0100] "GET /main/ HTTP/1.1" 404 67948 "-" "Mozilla/5.0 (Windows NT 6.3; Win64; x64; rv:63.0) Gecko/20100101 Firefox/63.0" "wpfront-notification-bar-landingpage=1"
212.92.107.35 - - [18/Nov/2019:00:24:16 +0100] "GET /site/ HTTP/1.1" 404 67933 "-" "Mozilla/5.0 (Windows NT 6.3; Win64; x64; rv:63.0) Gecko/20100101 Firefox/63.0" "wpfront-notification-bar-landingpage=1"
212.92.107.35 - - [18/Nov/2019:00:24:17 +0100] "GET /backup/ HTTP/1.1" 404 67947 "-" "Mozilla/5.0 (Windows NT 6.3; Win64; x64; rv:63.0) Gecko/20100101 Firefox/63.0" "wpfront-notification-bar-landingpage=1"
212.92.107.35 - - [18/Nov/2019:00:24:18 +0100] "GET /demo/ HTTP/1.1" 404 67943 "-" "Mozilla/5.0 (Windows NT 6.3; Win64; x64; rv:63.0) Gecko/20100101 Firefox/63.0" "wpfront-notification-bar-landingpage=1"
212.92.107.35 - - [18/Nov/2019:00:24:20 +0100] "GET /home/ HTTP/1.1" 404 67963 "-" "Mozilla/5.0 (Windows NT 6.3; Win64; x64; rv:63.0) Gecko/20100101 Firefox/63.0" "wpfront-notification-bar-landingpage=1"
212.92.107.35 - - [18/Nov/2019:00:24:21 +0100] "GET /tmp/ HTTP/1.1" 404 67921 "-" "Mozilla/5.0 (Windows NT 6.3; Win64; x64; rv:63.0) Gecko/20100101 Firefox/63.0" "wpfront-notification-bar-landingpage=1"
212.92.107.35 - - [18/Nov/2019:00:24:22 +0100] "GET /cms/ HTTP/1.1" 404 67951 "-" "Mozilla/5.0 (Windows NT 6.3; Win64; x64; rv:63.0) Gecko/20100101 Firefox/63.0" "wpfront-notification-bar-landingpage=1"
212.92.107.35 - - [18/Nov/2019:00:24:23 +0100] "GET /dev/ HTTP/1.1" 404 67951 "-" "Mozilla/5.0 (Windows NT 6.3; Win64; x64; rv:63.0) Gecko/20100101 Firefox/63.0" "wpfront-notification-bar-landingpage=1"
212.92.107.35 - - [18/Nov/2019:00:24:24 +0100] "GET /portal/ HTTP/1.1" 404 67947 "-" "Mozilla/5.0 (Windows NT 6.3; Win64; x64; rv:63.0) Gecko/20100101 Firefox/63.0" "wpfront-notification-bar-landingpage=1"
212.92.107.35 - - [18/Nov/2019:00:24:25 +0100] "GET /web/ HTTP/1.1" 404 67951 "-" "Mozilla/5.0 (Windows NT 6.3; Win64; x64; rv:63.0) Gecko/20100101 Firefox/63.0" "wpfront-notification-bar-landingpage=1"
212.92.107.35 - - [18/Nov/2019:00:24:26 +0100] "GET /temp/ HTTP/1.1" 404 67933 "-" "Mozilla/5.0 (Windows NT 6.3; Win64; x64; rv:63.0) Gecko/20100101 Firefox/63.0" "wpfront-notification-bar-landingpage=1"
212.92.107.35 - - [18/Nov/2019:00:24:27 +0100] "GET / HTTP/1.1" 301 283 "-" "Mozilla/5.0 (Windows NT 6.3; Win64; x64; rv:63.0) Gecko/20100101 Firefox/63.0" "wpfront-notification-bar-landingpage=1"
212.92.107.35 - - [18/Nov/2019:00:24:28 +0100] "GET / HTTP/1.1" 200 126187 "-" "Mozilla/5.0 (Windows NT 6.3; Win64; x64; rv:63.0) Gecko/20100101 Firefox/63.0" "wpfront-notification-bar-landingpage=1"
217.76.130.90 - - [18/Nov/2019:00:39:15 +0100] "POST /wp-cron.php?doing_wp_cron=1574033955.1056959629058837890625 HTTP/1.1" 200 164 "http://amazingsportwear.com/wp-cron.php?doing_wp_cron=1574033955.1056959629058837890625" "WordPress/5.2.4; https://amazingsportwear.com" "-"
85.17.184.32 - - [18/Nov/2019:00:39:13 +0100] "GET /wp-admin/maint/maint.php HTTP/1.1" 404 68013 "http://site.ru" "Mozilla/5.0 (Windows; U; Windows NT 5.1; en-US) AppleWebKit/533.4 (KHTML, like Gecko) Chrome/5.0.375.99 Safari/533.4" "-"
186.61.112.184 - - [18/Nov/2019:00:40:56 +0100] "GET /wp-content/uploads/2017/01/cam-portero1.jpg HTTP/1.1" 200 135718 "https://www.google.com/blank.html" "Mozilla/5.0 (Linux; Android 9; SM-J415G Build/PPR1.180610.011; wv) AppleWebKit/537.36 (KHTML, like Gecko) Version/4.0 Chrome/78.0.3904.96 Mobile Safari/537.36 GSA/10.83.10.21.arm" "-"
217.76.130.90 - - [18/Nov/2019:00:45:18 +0100] "POST /wp-cron.php?doing_wp_cron=1574034318.0013549327850341796875 HTTP/1.1" 200 164 "http://amazingsportwear.com/wp-cron.php?doing_wp_cron=1574034318.0013549327850341796875" "WordPress/5.2.4; https://amazingsportwear.com" "-"
207.46.13.26 - - [18/Nov/2019:00:45:17 +0100] "GET /futbol/68-camiseta-manga-corta-futbol.html HTTP/1.1" 404 68065 "-" "Mozilla/5.0 (compatible; bingbot/2.0; +http://www.bing.com/bingbot.htm)" "-"
217.76.130.90 - - [18/Nov/2019:00:55:11 +0100] "POST /wp-cron.php?doing_wp_cron=1574034911.9032039642333984375000 HTTP/1.1" 200 3389 "https://amazingsportwear.com/wp-cron.php?doing_wp_cron=1574034911.9032039642333984375000" "WordPress/5.2.4; https://amazingsportwear.com" "-"
66.249.66.66 - - [18/Nov/2019:00:55:11 +0100] "GET /producto/camiseta-tecnica-nath-combi/ HTTP/1.1" 200 107712 "-" "Mozilla/5.0 (compatible; Googlebot/2.1; +http://www.google.com/bot.html)" "-"
66.249.66.68 - - [18/Nov/2019:00:55:17 +0100] "POST /?wc-ajax=get_refreshed_fragments HTTP/1.1" 200 4760 "https://amazingsportwear.com/producto/camiseta-tecnica-nath-combi/" "Mozilla/5.0 AppleWebKit/537.36 (KHTML, like Gecko; compatible; Googlebot/2.1; +http://www.google.com/bot.html) Safari/537.36" "_ga=GA1.2.931330593.1573948800; _gid=GA1.2.2074753562.1573948800; _gat_gtag_UA_91619287_1=1"
217.76.130.90 - - [18/Nov/2019:00:56:55 +0100] "POST /wp-cron.php?doing_wp_cron=1574035015.1613230705261230468750 HTTP/1.1" 200 3389 "https://amazingsportwear.com/wp-cron.php?doing_wp_cron=1574035015.1613230705261230468750" "WordPress/5.2.4; https://amazingsportwear.com" "-"
207.46.13.26 - - [18/Nov/2019:00:56:54 +0100] "GET /producto/mochila-decath/ HTTP/1.1" 200 96859 "-" "Mozilla/5.0 (compatible; bingbot/2.0; +http://www.bing.com/bingbot.htm)" "-"
217.76.130.90 - - [18/Nov/2019:00:59:51 +0100] "POST /wp-cron.php?doing_wp_cron=1574035191.0415129661560058593750 HTTP/1.1" 200 3389 "https://amazingsportwear.com/wp-cron.php?doing_wp_cron=1574035191.0415129661560058593750" "WordPress/5.2.4; https://amazingsportwear.com" "-"
157.55.39.92 - - [18/Nov/2019:00:59:50 +0100] "GET /category/sin-categoria/ HTTP/1.1" 200 52836 "-" "Mozilla/5.0 (compatible; bingbot/2.0; +http://www.bing.com/bingbot.htm)" "-"
217.76.130.90 - - [18/Nov/2019:01:10:47 +0100] "POST /wp-cron.php?doing_wp_cron=1574035847.1108469963073730468750 HTTP/1.1" 200 164 "http://amazingsportwear.com/wp-cron.php?doing_wp_cron=1574035847.1108469963073730468750" "WordPress/5.2.4; https://amazingsportwear.com" "-"
207.46.13.188 - - [18/Nov/2019:01:10:45 +0100] "GET /tienda/105-camiseta-tecnica-bandera-cat-3581.html HTTP/1.1" 404 68109 "-" "Mozilla/5.0 (iPhone; CPU iPhone OS 7_0 like Mac OS X) AppleWebKit/537.51.1 (KHTML, like Gecko) Version/7.0 Mobile/11A465 Safari/9537.53 (compatible; bingbot/2.0; +http://www.bing.com/bingbot.htm)" "-"
207.46.13.188 - - [18/Nov/2019:01:10:49 +0100] "GET /producto/lavero-triumph/ HTTP/1.1" 200 93814 "-" "Mozilla/5.0 (compatible; bingbot/2.0; +http://www.bing.com/bingbot.htm)" "-"
217.76.130.90 - - [18/Nov/2019:01:14:22 +0100] "POST /wp-cron.php?doing_wp_cron=1574036062.9424040317535400390625 HTTP/1.1" 200 164 "http://amazingsportwear.com/wp-cron.php?doing_wp_cron=1574036062.9424040317535400390625" "WordPress/5.2.4; https://amazingsportwear.com" "-"
207.46.13.188 - - [18/Nov/2019:01:14:21 +0100] "GET /18-ciclismo HTTP/1.1" 404 68002 "-" "Mozilla/5.0 (iPhone; CPU iPhone OS 7_0 like Mac OS X) AppleWebKit/537.51.1 (KHTML, like Gecko) Version/7.0 Mobile/11A465 Safari/9537.53 (compatible; bingbot/2.0; +http://www.bing.com/bingbot.htm)" "-"
217.76.130.90 - - [18/Nov/2019:01:20:46 +0100] "POST /wp-cron.php?doing_wp_cron=1574036446.7917280197143554687500 HTTP/1.1" 200 164 "http://amazingsportwear.com/wp-cron.php?doing_wp_cron=1574036446.7917280197143554687500" "WordPress/5.2.4; https://amazingsportwear.com" "-"
34.221.139.141 - - [18/Nov/2019:01:20:44 +0100] "GET / HTTP/1.1" 301 279 "-" "Go-http-client/1.1" "-"
34.222.186.30 - - [18/Nov/2019:01:20:54 +0100] "GET / HTTP/1.1" 200 84171 "-" "Go-http-client/1.1" "-"
217.76.130.90 - - [18/Nov/2019:01:34:43 +0100] "POST /wp-cron.php?doing_wp_cron=1574037283.3905079364776611328125 HTTP/1.1" 200 3389 "https://amazingsportwear.com/wp-cron.php?doing_wp_cron=1574037283.3905079364776611328125" "WordPress/5.2.4; https://amazingsportwear.com" "-"
185.234.219.246 - - [18/Nov/2019:01:34:41 +0100] "GET / HTTP/1.0" 200 124702 "https://amazingsportwear.com/" "Opera/9.80 (Windows NT 6.1; WOW64) Presto/2.12.388 Version/12.16" "-"
185.234.219.246 - - [18/Nov/2019:01:34:45 +0100] "POST / HTTP/1.0" 404 4053 "https://amazingsportwear.com/" "Opera/9.80 (Windows NT 6.1; WOW64) Presto/2.12.388 Version/12.16" "wpfront-notification-bar-landingpage=1"
187.187.205.141 - - [18/Nov/2019:01:42:57 +0100] "GET /wp-content/uploads/2019/04/Gorra-sport-10.png HTTP/1.1" 200 60426 "https://www.google.com/" "Mozilla/5.0 (Windows NT 10.0; Win64; x64) AppleWebKit/537.36 (KHTML, like Gecko) Chrome/78.0.3904.97 Safari/537.36" "-"
217.76.130.90 - - [18/Nov/2019:01:43:52 +0100] "POST /wp-cron.php?doing_wp_cron=1574037832.0439350605010986328125 HTTP/1.1" 200 3389 "https://amazingsportwear.com/wp-cron.php?doing_wp_cron=1574037832.0439350605010986328125" "WordPress/5.2.4; https://amazingsportwear.com" "-"
40.77.167.45 - - [18/Nov/2019:01:43:49 +0100] "GET /futbol/32-sudadera-cuello-redondo-futbol.html HTTP/1.1" 404 72330 "-" "Mozilla/5.0 (compatible; bingbot/2.0; +http://www.bing.com/bingbot.htm)" "-"
217.76.130.90 - - [18/Nov/2019:01:46:37 +0100] "POST /wp-cron.php?doing_wp_cron=1574037997.3549718856811523437500 HTTP/1.1" 200 3389 "https://amazingsportwear.com/wp-cron.php?doing_wp_cron=1574037997.3549718856811523437500" "WordPress/5.2.4; https://amazingsportwear.com" "-"
17.58.96.189 - - [18/Nov/2019:01:46:36 +0100] "GET /producto/bidon-match/ HTTP/1.1" 200 96799 "-" "Mozilla/5.0 (Macintosh; Intel Mac OS X 10_10_1) AppleWebKit/600.2.5 (KHTML, like Gecko) Version/8.0.2 Safari/600.2.5 (Applebot/0.1; +http://www.apple.com/go/applebot)" "-"
217.76.130.90 - - [18/Nov/2019:01:56:56 +0100] "POST /wp-cron.php?doing_wp_cron=1574038616.7948799133300781250000 HTTP/1.1" 200 3389 "https://amazingsportwear.com/wp-cron.php?doing_wp_cron=1574038616.7948799133300781250000" "WordPress/5.2.4; https://amazingsportwear.com" "-"
66.249.66.70 - - [18/Nov/2019:01:56:53 +0100] "GET /producto/bidon-sumo/ HTTP/1.1" 200 96688 "-" "Mozilla/5.0 (Linux; Android 6.0.1; Nexus 5X Build/MMB29P) AppleWebKit/537.36 (KHTML, like Gecko) Chrome/41.0.2272.96 Mobile Safari/537.36 (compatible; Googlebot/2.1; +http://www.google.com/bot.html)" "-"
217.76.130.90 - - [18/Nov/2019:01:57:09 +0100] "POST /wp-cron.php?doing_wp_cron=1574038629.2683498859405517578125 HTTP/1.1" 200 3389 "https://amazingsportwear.com/wp-cron.php?doing_wp_cron=1574038629.2683498859405517578125" "WordPress/5.2.4; https://amazingsportwear.com" "-"
66.249.66.70 - - [18/Nov/2019:01:57:08 +0100] "POST /?wc-ajax=get_refreshed_fragments HTTP/1.1" 200 1397 "https://amazingsportwear.com/producto/bidon-sumo/" "Mozilla/5.0 (Linux; Android 6.0.1; Nexus 5X Build/MMB29P) AppleWebKit/537.36 (KHTML, like Gecko) Chrome/41.0.2272.96 Mobile Safari/537.36 (compatible; Googlebot/2.1; +http://www.google.com/bot.html)" "_ga=GA1.2.969013651.1574035200; _gid=GA1.2.1978218920.1574035200; _gat_gtag_UA_91619287_1=1"
217.76.130.90 - - [18/Nov/2019:01:59:19 +0100] "POST /wp-cron.php?doing_wp_cron=1574038759.1647291183471679687500 HTTP/1.1" 200 3389 "https://amazingsportwear.com/wp-cron.php?doing_wp_cron=1574038759.1647291183471679687500" "WordPress/5.2.4; https://amazingsportwear.com" "-"
40.77.167.45 - - [18/Nov/2019:01:59:18 +0100] "GET /tienda/351-funda-mochila-impermeable.html HTTP/1.1" 404 72322 "-" "Mozilla/5.0 (compatible; bingbot/2.0; +http://www.bing.com/bingbot.htm)" "-"
217.76.130.90 - - [18/Nov/2019:02:02:28 +0100] "POST /wp-cron.php?doing_wp_cron=1574038948.2965049743652343750000 HTTP/1.1" 200 3389 "https://amazingsportwear.com/wp-cron.php?doing_wp_cron=1574038948.2965049743652343750000" "WordPress/5.2.4; https://amazingsportwear.com" "-"
66.249.66.70 - - [18/Nov/2019:02:02:26 +0100] "GET /mapa-web HTTP/1.1" 404 72205 "-" "Mozilla/5.0 (Linux; Android 6.0.1; Nexus 5X Build/MMB29P) AppleWebKit/537.36 (KHTML, like Gecko) Chrome/41.0.2272.96 Mobile Safari/537.36 (compatible; Googlebot/2.1; +http://www.google.com/bot.html)" "-"
217.76.130.90 - - [18/Nov/2019:02:04:36 +0100] "POST /wp-cron.php?doing_wp_cron=1574039076.7704489231109619140625 HTTP/1.1" 200 164 "http://amazingsportwear.com/wp-cron.php?doing_wp_cron=1574039076.7704489231109619140625" "WordPress/5.2.4; https://amazingsportwear.com" "-"
157.55.39.28 - - [18/Nov/2019:02:04:35 +0100] "GET /robots.txt HTTP/1.1" 200 432 "-" "Mozilla/5.0 (compatible; bingbot/2.0; +http://www.bing.com/bingbot.htm)" "-"
157.55.39.28 - - [18/Nov/2019:02:04:37 +0100] "GET /robots.txt HTTP/1.1" 200 2297 "-" "Mozilla/5.0 (compatible; bingbot/2.0; +http://www.bing.com/bingbot.htm)" "-"
157.55.39.28 - - [18/Nov/2019:02:04:38 +0100] "GET /robots.txt HTTP/1.1" 200 3939 "-" "Mozilla/5.0 (compatible; bingbot/2.0; +http://www.bing.com/bingbot.htm)" "-"
207.46.13.188 - - [18/Nov/2019:02:04:43 +0100] "GET /tienda/176-pantalon-mujer-rocky-nath-rocky.html HTTP/1.1" 404 68070 "-" "Mozilla/5.0 (iPhone; CPU iPhone OS 7_0 like Mac OS X) AppleWebKit/537.51.1 (KHTML, like Gecko) Version/7.0 Mobile/11A465 Safari/9537.53 (compatible; bingbot/2.0; +http://www.bing.com/bingbot.htm)" "-"
217.76.130.90 - - [18/Nov/2019:02:10:28 +0100] "POST /wp-cron.php?doing_wp_cron=1574039428.9202260971069335937500 HTTP/1.1" 200 164 "http://amazingsportwear.com/wp-cron.php?doing_wp_cron=1574039428.9202260971069335937500" "WordPress/5.2.4; https://amazingsportwear.com" "-"
66.249.66.85 - - [18/Nov/2019:02:10:27 +0100] "GET /218/camiseta-manga-corta-ranglan-futbol.jpg HTTP/1.1" 404 68092 "-" "Googlebot-Image/1.0" "-"
217.76.130.90 - - [18/Nov/2019:02:18:21 +0100] "POST /wp-cron.php?doing_wp_cron=1574039901.0028109550476074218750 HTTP/1.1" 200 164 "http://amazingsportwear.com/wp-cron.php?doing_wp_cron=1574039901.0028109550476074218750" "WordPress/5.2.4; https://amazingsportwear.com" "-"
81.88.49.4 - - [18/Nov/2019:02:18:18 +0100] "GET /wp-content/plugins/index2.php HTTP/1.1" 404 68003 "http://site.ru" "Mozilla/5.0 (Windows; U; Windows NT 5.1; en-US) AppleWebKit/533.4 (KHTML, like Gecko) Chrome/5.0.375.99 Safari/533.4" "-"
81.88.49.14 - - [18/Nov/2019:02:18:23 +0100] "GET /wp-content/plugins/index2.php HTTP/1.1" 404 67983 "http://site.ru" "Mozilla/5.0 (Windows; U; Windows NT 5.1; en-US) AppleWebKit/533.4 (KHTML, like Gecko) Chrome/5.0.375.99 Safari/533.4" "-"
217.76.130.90 - - [18/Nov/2019:02:23:10 +0100] "POST /wp-cron.php?doing_wp_cron=1574040190.4715430736541748046875 HTTP/1.1" 200 164 "http://amazingsportwear.com/wp-cron.php?doing_wp_cron=1574040190.4715430736541748046875" "WordPress/5.2.4; https://amazingsportwear.com" "-"
207.46.13.26 - - [18/Nov/2019:02:23:09 +0100] "GET /atletismo/182-chaleco-cortavientos-sublimado-asw.html HTTP/1.1" 404 68082 "-" "Mozilla/5.0 (iPhone; CPU iPhone OS 7_0 like Mac OS X) AppleWebKit/537.51.1 (KHTML, like Gecko) Version/7.0 Mobile/11A465 Safari/9537.53 (compatible; bingbot/2.0; +http://www.bing.com/bingbot.htm)" "-"
217.76.130.90 - - [18/Nov/2019:02:50:20 +0100] "POST /wp-cron.php?doing_wp_cron=1574041820.8186709880828857421875 HTTP/1.1" 200 164 "http://amazingsportwear.com/wp-cron.php?doing_wp_cron=1574041820.8186709880828857421875" "WordPress/5.2.4; https://amazingsportwear.com" "-"
66.249.66.87 - - [18/Nov/2019:02:50:18 +0100] "GET /1025-large_default/polo-tecnico-prescott-mujer-pf-39087.jpg HTTP/1.1" 404 68104 "-" "Googlebot-Image/1.0" "-"
66.249.66.85 - - [18/Nov/2019:02:50:21 +0100] "GET /1050-large_default/polo-tecnico-mujer-cif-t621-623-625.jpg HTTP/1.1" 404 68132 "-" "Googlebot-Image/1.0" "-"
46.27.184.33 - - [18/Nov/2019:03:04:25 +0100] "GET /wp-content/uploads/2019/04/Llavero-metalico-golf-3.png HTTP/1.1" 200 46626 "https://www.google.com/" "Mozilla/5.0 (iPhone; CPU iPhone OS 12_2 like Mac OS X) AppleWebKit/605.1.15 (KHTML, like Gecko) Version/12.1 Mobile/15E148 Safari/604.1" "-"
46.27.184.33 - - [18/Nov/2019:03:04:54 +0100] "GET /wp-content/uploads/2019/04/Llavero-metalico-golf-2.png HTTP/1.1" 200 101779 "https://www.google.com/" "Mozilla/5.0 (iPhone; CPU iPhone OS 12_2 like Mac OS X) AppleWebKit/605.1.15 (KHTML, like Gecko) Version/12.1 Mobile/15E148 Safari/604.1" "-"
217.76.130.90 - - [18/Nov/2019:03:05:58 +0100] "POST /wp-cron.php?doing_wp_cron=1574042758.5336558818817138671875 HTTP/1.1" 200 3389 "https://amazingsportwear.com/wp-cron.php?doing_wp_cron=1574042758.5336558818817138671875" "WordPress/5.2.4; https://amazingsportwear.com" "-"
66.249.66.70 - - [18/Nov/2019:03:05:57 +0100] "GET /producto/gorra-tecnica-dry-fit/ HTTP/1.1" 200 93091 "-" "Mozilla/5.0 (compatible; Googlebot/2.1; +http://www.google.com/bot.html)" "-"
217.76.130.90 - - [18/Nov/2019:03:06:06 +0100] "POST /wp-cron.php?doing_wp_cron=1574042766.2855529785156250000000 HTTP/1.1" 200 3389 "https://amazingsportwear.com/wp-cron.php?doing_wp_cron=1574042766.2855529785156250000000" "WordPress/5.2.4; https://amazingsportwear.com" "-"
66.249.66.68 - - [18/Nov/2019:03:06:05 +0100] "POST /?wc-ajax=get_refreshed_fragments HTTP/1.1" 200 4760 "https://amazingsportwear.com/producto/gorra-tecnica-dry-fit/" "Mozilla/5.0 AppleWebKit/537.36 (KHTML, like Gecko; compatible; Googlebot/2.1; +http://www.google.com/bot.html) Safari/537.36" "_ga=GA1.2.931330593.1574035200; _gid=GA1.2.2074753562.1574035200; _gat_gtag_UA_91619287_1=1"
217.76.130.90 - - [18/Nov/2019:03:09:35 +0100] "POST /wp-cron.php?doing_wp_cron=1574042975.0837199687957763671875 HTTP/1.1" 200 3389 "https://amazingsportwear.com/wp-cron.php?doing_wp_cron=1574042975.0837199687957763671875" "WordPress/5.2.4; https://amazingsportwear.com" "-"
201.166.189.180 - - [18/Nov/2019:03:09:36 +0100] "GET /wp-includes/css/dist/block-library/style.min.css?ver=5.2.4 HTTP/1.1" 200 33023 "https://amazingsportwear.com/categoria-producto/mujer/pantalones-y-mallas/" "Mozilla/5.0 (Linux; Android 8.1.0; SM-J701M) AppleWebKit/537.36 (KHTML, like Gecko) Chrome/78.0.3904.96 Mobile Safari/537.36" "-"
201.166.189.29 - - [18/Nov/2019:03:09:34 +0100] "GET /categoria-producto/mujer/pantalones-y-mallas/ HTTP/1.1" 200 72265 "https://www.google.com/" "Mozilla/5.0 (Linux; Android 8.1.0; SM-J701M) AppleWebKit/537.36 (KHTML, like Gecko) Chrome/78.0.3904.96 Mobile Safari/537.36" "-"
201.166.189.29 - - [18/Nov/2019:03:09:36 +0100] "GET /wp-content/plugins/woocommerce/assets/css/blocks/style.css?ver=3.6.4 HTTP/1.1" 200 6697 "https://amazingsportwear.com/categoria-producto/mujer/pantalones-y-mallas/" "Mozilla/5.0 (Linux; Android 8.1.0; SM-J701M) AppleWebKit/537.36 (KHTML, like Gecko) Chrome/78.0.3904.96 Mobile Safari/537.36" "-"
201.166.189.16 - - [18/Nov/2019:03:09:36 +0100] "GET /wp-content/plugins/cookie-law-info/public/css/cookie-law-info-public.css?ver=1.7.6 HTTP/1.1" 200 3373 "https://amazingsportwear.com/categoria-producto/mujer/pantalones-y-mallas/" "Mozilla/5.0 (Linux; Android 8.1.0; SM-J701M) AppleWebKit/537.36 (KHTML, like Gecko) Chrome/78.0.3904.96 Mobile Safari/537.36" "-"
201.166.188.252 - - [18/Nov/2019:03:09:36 +0100] "GET /wp-content/plugins/cookie-law-info/public/css/cookie-law-info-gdpr.css?ver=1.7.6 HTTP/1.1" 200 12583 "https://amazingsportwear.com/categoria-producto/mujer/pantalones-y-mallas/" "Mozilla/5.0 (Linux; Android 8.1.0; SM-J701M) AppleWebKit/537.36 (KHTML, like Gecko) Chrome/78.0.3904.96 Mobile Safari/537.36" "-"
201.166.188.164 - - [18/Nov/2019:03:09:36 +0100] "GET /wp-content/plugins/wpfront-notification-bar/css/wpfront-notification-bar.css?ver=1.7.1 HTTP/1.1" 200 3801 "https://amazingsportwear.com/categoria-producto/mujer/pantalones-y-mallas/" "Mozilla/5.0 (Linux; Android 8.1.0; SM-J701M) AppleWebKit/537.36 (KHTML, like Gecko) Chrome/78.0.3904.96 Mobile Safari/537.36" "-"
201.166.189.29 - - [18/Nov/2019:03:09:36 +0100] "GET /wp-content/plugins/simple-social-icons/css/style.css?ver=3.0.1 HTTP/1.1" 200 1562 "https://amazingsportwear.com/categoria-producto/mujer/pantalones-y-mallas/" "Mozilla/5.0 (Linux; Android 8.1.0; SM-J701M) AppleWebKit/537.36 (KHTML, like Gecko) Chrome/78.0.3904.96 Mobile Safari/537.36" "-"
201.166.188.164 - - [18/Nov/2019:03:09:36 +0100] "GET /wp-content/plugins/cookie-law-info/public/js/cookie-law-info-public.js?ver=1.7.6 HTTP/1.1" 200 17076 "https://amazingsportwear.com/categoria-producto/mujer/pantalones-y-mallas/" "Mozilla/5.0 (Linux; Android 8.1.0; SM-J701M) AppleWebKit/537.36 (KHTML, like Gecko) Chrome/78.0.3904.96 Mobile Safari/537.36" "-"
201.166.188.252 - - [18/Nov/2019:03:09:36 +0100] "GET /wp-includes/js/jquery/jquery-migrate.min.js?ver=1.4.1 HTTP/1.1" 200 10399 "https://amazingsportwear.com/categoria-producto/mujer/pantalones-y-mallas/" "Mozilla/5.0 (Linux; Android 8.1.0; SM-J701M) AppleWebKit/537.36 (KHTML, like Gecko) Chrome/78.0.3904.96 Mobile Safari/537.36" "-"
201.166.189.139 - - [18/Nov/2019:03:09:36 +0100] "GET /wp-content/themes/shopper/style.css?ver=1.3.8 HTTP/1.1" 200 125453 "https://amazingsportwear.com/categoria-producto/mujer/pantalones-y-mallas/" "Mozilla/5.0 (Linux; Android 8.1.0; SM-J701M) AppleWebKit/537.36 (KHTML, like Gecko) Chrome/78.0.3904.96 Mobile Safari/537.36" "-"
201.166.189.29 - - [18/Nov/2019:03:09:36 +0100] "GET /wp-content/plugins/wpfront-notification-bar/jquery-plugins/jquery.c.js?ver=1.4.0 HTTP/1.1" 200 3437 "https://amazingsportwear.com/categoria-producto/mujer/pantalones-y-mallas/" "Mozilla/5.0 (Linux; Android 8.1.0; SM-J701M) AppleWebKit/537.36 (KHTML, like Gecko) Chrome/78.0.3904.96 Mobile Safari/537.36" "-"
201.166.189.16 - - [18/Nov/2019:03:09:36 +0100] "GET /wp-content/themes/shopper/assets/sass/woocommerce/woocommerce.css?ver=5.2.4 HTTP/1.1" 200 83534 "https://amazingsportwear.com/categoria-producto/mujer/pantalones-y-mallas/" "Mozilla/5.0 (Linux; Android 8.1.0; SM-J701M) AppleWebKit/537.36 (KHTML, like Gecko) Chrome/78.0.3904.96 Mobile Safari/537.36" "-"
201.166.189.180 - - [18/Nov/2019:03:09:36 +0100] "GET /wp-includes/js/jquery/jquery.js?ver=1.12.4-wp HTTP/1.1" 200 97362 "https://amazingsportwear.com/categoria-producto/mujer/pantalones-y-mallas/" "Mozilla/5.0 (Linux; Android 8.1.0; SM-J701M) AppleWebKit/537.36 (KHTML, like Gecko) Chrome/78.0.3904.96 Mobile Safari/537.36" "-"
201.166.188.252 - - [18/Nov/2019:03:09:37 +0100] "GET /wp-content/plugins/wpfront-notification-bar/js/wpfront-notification-bar.js?ver=1.7.1 HTTP/1.1" 200 5662 "https://amazingsportwear.com/categoria-producto/mujer/pantalones-y-mallas/" "Mozilla/5.0 (Linux; Android 8.1.0; SM-J701M) AppleWebKit/537.36 (KHTML, like Gecko) Chrome/78.0.3904.96 Mobile Safari/537.36" "-"
201.166.189.29 - - [18/Nov/2019:03:09:37 +0100] "GET /wp-content/plugins/simple-social-icons/svgxuse.js?ver=1.1.21 HTTP/1.1" 200 9580 "https://amazingsportwear.com/categoria-producto/mujer/pantalones-y-mallas/" "Mozilla/5.0 (Linux; Android 8.1.0; SM-J701M) AppleWebKit/537.36 (KHTML, like Gecko) Chrome/78.0.3904.96 Mobile Safari/537.36" "-"
201.166.188.164 - - [18/Nov/2019:03:09:37 +0100] "GET /wp-content/themes/shopper/assets/js/crm.js?ver=1561548510 HTTP/1.1" 200 874 "https://amazingsportwear.com/categoria-producto/mujer/pantalones-y-mallas/" "Mozilla/5.0 (Linux; Android 8.1.0; SM-J701M) AppleWebKit/537.36 (KHTML, like Gecko) Chrome/78.0.3904.96 Mobile Safari/537.36" "-"
201.166.188.252 - - [18/Nov/2019:03:09:37 +0100] "GET /wp-content/plugins/woocommerce/assets/js/jquery-blockui/jquery.blockUI.min.js?ver=2.70 HTTP/1.1" 200 9908 "https://amazingsportwear.com/categoria-producto/mujer/pantalones-y-mallas/" "Mozilla/5.0 (Linux; Android 8.1.0; SM-J701M) AppleWebKit/537.36 (KHTML, like Gecko) Chrome/78.0.3904.96 Mobile Safari/537.36" "-"
201.166.189.29 - - [18/Nov/2019:03:09:37 +0100] "GET /wp-content/plugins/woocommerce/assets/js/frontend/add-to-cart.min.js?ver=3.6.4 HTTP/1.1" 200 2983 "https://amazingsportwear.com/categoria-producto/mujer/pantalones-y-mallas/" "Mozilla/5.0 (Linux; Android 8.1.0; SM-J701M) AppleWebKit/537.36 (KHTML, like Gecko) Chrome/78.0.3904.96 Mobile Safari/537.36" "-"
201.166.189.16 - - [18/Nov/2019:03:09:37 +0100] "GET /wp-content/plugins/woocommerce/assets/js/js-cookie/js.cookie.min.js?ver=2.1.4 HTTP/1.1" 200 2187 "https://amazingsportwear.com/categoria-producto/mujer/pantalones-y-mallas/" "Mozilla/5.0 (Linux; Android 8.1.0; SM-J701M) AppleWebKit/537.36 (KHTML, like Gecko) Chrome/78.0.3904.96 Mobile Safari/537.36" "-"
201.166.189.180 - - [18/Nov/2019:03:09:37 +0100] "GET /wp-content/plugins/woocommerce/assets/js/frontend/woocommerce.min.js?ver=3.6.4 HTTP/1.1" 200 1813 "https://amazingsportwear.com/categoria-producto/mujer/pantalones-y-mallas/" "Mozilla/5.0 (Linux; Android 8.1.0; SM-J701M) AppleWebKit/537.36 (KHTML, like Gecko) Chrome/78.0.3904.96 Mobile Safari/537.36" "-"
201.166.188.164 - - [18/Nov/2019:03:09:37 +0100] "GET /wp-content/plugins/woocommerce/assets/js/frontend/cart-fragments.min.js?ver=3.6.4 HTTP/1.1" 200 3281 "https://amazingsportwear.com/categoria-producto/mujer/pantalones-y-mallas/" "Mozilla/5.0 (Linux; Android 8.1.0; SM-J701M) AppleWebKit/537.36 (KHTML, like Gecko) Chrome/78.0.3904.96 Mobile Safari/537.36" "-"
201.166.189.139 - - [18/Nov/2019:03:09:37 +0100] "GET /wp-content/themes/shopper/assets/js/skip-link-focus-fix.js?ver=1.3.8 HTTP/1.1" 200 1023 "https://amazingsportwear.com/categoria-producto/mujer/pantalones-y-mallas/" "Mozilla/5.0 (Linux; Android 8.1.0; SM-J701M) AppleWebKit/537.36 (KHTML, like Gecko) Chrome/78.0.3904.96 Mobile Safari/537.36" "-"
201.166.189.29 - - [18/Nov/2019:03:09:38 +0100] "GET /wp-content/themes/shopper/assets/js/shopper.min.js?ver=1.3.8 HTTP/1.1" 200 5994 "https://amazingsportwear.com/categoria-producto/mujer/pantalones-y-mallas/" "Mozilla/5.0 (Linux; Android 8.1.0; SM-J701M) AppleWebKit/537.36 (KHTML, like Gecko) Chrome/78.0.3904.96 Mobile Safari/537.36" "-"
201.166.188.252 - - [18/Nov/2019:03:09:38 +0100] "GET /wp-content/themes/shopper/assets/js/woocommerce/header-cart.min.js?ver=1.3.8 HTTP/1.1" 200 972 "https://amazingsportwear.com/categoria-producto/mujer/pantalones-y-mallas/" "Mozilla/5.0 (Linux; Android 8.1.0; SM-J701M) AppleWebKit/537.36 (KHTML, like Gecko) Chrome/78.0.3904.96 Mobile Safari/537.36" "-"
201.166.189.16 - - [18/Nov/2019:03:09:38 +0100] "GET /wp-includes/js/wp-embed.min.js?ver=5.2.4 HTTP/1.1" 200 1744 "https://amazingsportwear.com/categoria-producto/mujer/pantalones-y-mallas/" "Mozilla/5.0 (Linux; Android 8.1.0; SM-J701M) AppleWebKit/537.36 (KHTML, like Gecko) Chrome/78.0.3904.96 Mobile Safari/537.36" "-"
201.166.189.180 - - [18/Nov/2019:03:09:38 +0100] "GET /wp-includes/js/wp-emoji-release.min.js?ver=5.2.4 HTTP/1.1" 200 14183 "https://amazingsportwear.com/categoria-producto/mujer/pantalones-y-mallas/" "Mozilla/5.0 (Linux; Android 8.1.0; SM-J701M) AppleWebKit/537.36 (KHTML, like Gecko) Chrome/78.0.3904.96 Mobile Safari/537.36" "_ga=GA1.2.1410971070.1574042901; _gid=GA1.2.767846780.1574042901; _gat_gtag_UA_91619287_1=1"
201.166.188.164 - - [18/Nov/2019:03:09:38 +0100] "GET /wp-content/plugins/simple-social-icons/symbol-defs.svg HTTP/1.1" 200 19699 "https://amazingsportwear.com/categoria-producto/mujer/pantalones-y-mallas/" "Mozilla/5.0 (Linux; Android 8.1.0; SM-J701M) AppleWebKit/537.36 (KHTML, like Gecko) Chrome/78.0.3904.96 Mobile Safari/537.36" "_ga=GA1.2.1410971070.1574042901; _gid=GA1.2.767846780.1574042901; _gat_gtag_UA_91619287_1=1"
201.166.189.139 - - [18/Nov/2019:03:09:38 +0100] "GET /wp-content/themes/shopper/assets/fonts/fontawesome-webfont.woff2?v=4.7.0 HTTP/1.1" 200 77615 "https://amazingsportwear.com/wp-content/themes/shopper/style.css?ver=1.3.8" "Mozilla/5.0 (Linux; Android 8.1.0; SM-J701M) AppleWebKit/537.36 (KHTML, like Gecko) Chrome/78.0.3904.96 Mobile Safari/537.36" "_ga=GA1.2.1410971070.1574042901; _gid=GA1.2.767846780.1574042901; _gat_gtag_UA_91619287_1=1"
201.166.188.252 - - [18/Nov/2019:03:09:38 +0100] "GET /wp-content/uploads/2019/05/cropped-asw-white.png HTTP/1.1" 200 7500 "https://amazingsportwear.com/categoria-producto/mujer/pantalones-y-mallas/" "Mozilla/5.0 (Linux; Android 8.1.0; SM-J701M) AppleWebKit/537.36 (KHTML, like Gecko) Chrome/78.0.3904.96 Mobile Safari/537.36" "_ga=GA1.2.1410971070.1574042901; _gid=GA1.2.767846780.1574042901; _gat_gtag_UA_91619287_1=1"
201.166.189.29 - - [18/Nov/2019:03:09:38 +0100] "GET /wp-content/uploads/2017/04/cat-4718-mujer.jpg HTTP/1.1" 200 47641 "https://amazingsportwear.com/categoria-producto/mujer/pantalones-y-mallas/" "Mozilla/5.0 (Linux; Android 8.1.0; SM-J701M) AppleWebKit/537.36 (KHTML, like Gecko) Chrome/78.0.3904.96 Mobile Safari/537.36" "_ga=GA1.2.1410971070.1574042901; _gid=GA1.2.767846780.1574042901; _gat_gtag_UA_91619287_1=1"
201.166.189.16 - - [18/Nov/2019:03:09:38 +0100] "GET /wp-content/uploads/2019/04/AQ-FALDA-1-300x300.png HTTP/1.1" 200 97481 "https://amazingsportwear.com/categoria-producto/mujer/pantalones-y-mallas/" "Mozilla/5.0 (Linux; Android 8.1.0; SM-J701M) AppleWebKit/537.36 (KHTML, like Gecko) Chrome/78.0.3904.96 Mobile Safari/537.36" "_ga=GA1.2.1410971070.1574042901; _gid=GA1.2.767846780.1574042901; _gat_gtag_UA_91619287_1=1"
201.166.189.180 - - [18/Nov/2019:03:09:38 +0100] "GET /wp-content/uploads/2019/03/SA-0405-1.png HTTP/1.1" 200 44477 "https://amazingsportwear.com/categoria-producto/mujer/pantalones-y-mallas/" "Mozilla/5.0 (Linux; Android 8.1.0; SM-J701M) AppleWebKit/537.36 (KHTML, like Gecko) Chrome/78.0.3904.96 Mobile Safari/537.36" "_ga=GA1.2.1410971070.1574042901; _gid=GA1.2.767846780.1574042901; _gat_gtag_UA_91619287_1=1"
201.166.188.252 - - [18/Nov/2019:03:09:38 +0100] "GET /wp-content/uploads/2019/03/SA-6695-1.png HTTP/1.1" 200 41403 "https://amazingsportwear.com/categoria-producto/mujer/pantalones-y-mallas/" "Mozilla/5.0 (Linux; Android 8.1.0; SM-J701M) AppleWebKit/537.36 (KHTML, like Gecko) Chrome/78.0.3904.96 Mobile Safari/537.36" "_ga=GA1.2.1410971070.1574042901; _gid=GA1.2.767846780.1574042901; _gat_gtag_UA_91619287_1=1"
201.166.189.139 - - [18/Nov/2019:03:09:38 +0100] "GET /wp-content/uploads/2018/02/SA-1175-gris-300x300.png HTTP/1.1" 200 42786 "https://amazingsportwear.com/categoria-producto/mujer/pantalones-y-mallas/" "Mozilla/5.0 (Linux; Android 8.1.0; SM-J701M) AppleWebKit/537.36 (KHTML, like Gecko) Chrome/78.0.3904.96 Mobile Safari/537.36" "_ga=GA1.2.1410971070.1574042901; _gid=GA1.2.767846780.1574042901; _gat_gtag_UA_91619287_1=1"
201.166.189.16 - - [18/Nov/2019:03:09:39 +0100] "GET /wp-content/uploads/2018/02/SA-0459-negro-300x300.png HTTP/1.1" 200 50901 "https://amazingsportwear.com/categoria-producto/mujer/pantalones-y-mallas/" "Mozilla/5.0 (Linux; Android 8.1.0; SM-J701M) AppleWebKit/537.36 (KHTML, like Gecko) Chrome/78.0.3904.96 Mobile Safari/537.36" "_ga=GA1.2.1410971070.1574042901; _gid=GA1.2.767846780.1574042901; _gat_gtag_UA_91619287_1=1"
201.166.189.29 - - [18/Nov/2019:03:09:38 +0100] "GET /wp-content/uploads/2019/03/SA-0317-1.png HTTP/1.1" 200 149962 "https://amazingsportwear.com/categoria-producto/mujer/pantalones-y-mallas/" "Mozilla/5.0 (Linux; Android 8.1.0; SM-J701M) AppleWebKit/537.36 (KHTML, like Gecko) Chrome/78.0.3904.96 Mobile Safari/537.36" "_ga=GA1.2.1410971070.1574042901; _gid=GA1.2.767846780.1574042901; _gat_gtag_UA_91619287_1=1"
201.166.188.164 - - [18/Nov/2019:03:09:38 +0100] "POST /?wc-ajax=get_refreshed_fragments HTTP/1.1" 200 1397 "https://amazingsportwear.com/categoria-producto/mujer/pantalones-y-mallas/" "Mozilla/5.0 (Linux; Android 8.1.0; SM-J701M) AppleWebKit/537.36 (KHTML, like Gecko) Chrome/78.0.3904.96 Mobile Safari/537.36" "_ga=GA1.2.1410971070.1574042901; _gid=GA1.2.767846780.1574042901; _gat_gtag_UA_91619287_1=1"
201.166.189.180 - - [18/Nov/2019:03:09:38 +0100] "GET /wp-content/uploads/2018/02/SA-6655.png HTTP/1.1" 200 258547 "https://amazingsportwear.com/categoria-producto/mujer/pantalones-y-mallas/" "Mozilla/5.0 (Linux; Android 8.1.0; SM-J701M) AppleWebKit/537.36 (KHTML, like Gecko) Chrome/78.0.3904.96 Mobile Safari/537.36" "_ga=GA1.2.1410971070.1574042901; _gid=GA1.2.767846780.1574042901; _gat_gtag_UA_91619287_1=1"
201.166.189.29 - - [18/Nov/2019:03:09:41 +0100] "GET /wp-content/uploads/2019/05/cropped-favicon-nuevo-logo-amazinf-128px-180x180.png HTTP/1.1" 200 10066 "https://amazingsportwear.com/categoria-producto/mujer/pantalones-y-mallas/" "Mozilla/5.0 (Linux; Android 8.1.0; SM-J701M) AppleWebKit/537.36 (KHTML, like Gecko) Chrome/78.0.3904.96 Mobile Safari/537.36" "_ga=GA1.2.1410971070.1574042901; _gid=GA1.2.767846780.1574042901; _gat_gtag_UA_91619287_1=1; wpfront-notification-bar-landingpage=1"
201.166.189.180 - - [18/Nov/2019:03:09:41 +0100] "GET /wp-content/uploads/2019/05/cropped-favicon-nuevo-logo-amazinf-128px-192x192.png HTTP/1.1" 200 10880 "https://amazingsportwear.com/categoria-producto/mujer/pantalones-y-mallas/" "Mozilla/5.0 (Linux; Android 8.1.0; SM-J701M) AppleWebKit/537.36 (KHTML, like Gecko) Chrome/78.0.3904.96 Mobile Safari/537.36" "_ga=GA1.2.1410971070.1574042901; _gid=GA1.2.767846780.1574042901; _gat_gtag_UA_91619287_1=1; wpfront-notification-bar-landingpage=1"
201.166.189.180 - - [18/Nov/2019:03:09:42 +0100] "GET /wp-content/uploads/2017/04/nath-rocky-mujer.jpg HTTP/1.1" 200 26475 "https://amazingsportwear.com/categoria-producto/mujer/pantalones-y-mallas/" "Mozilla/5.0 (Linux; Android 8.1.0; SM-J701M) AppleWebKit/537.36 (KHTML, like Gecko) Chrome/78.0.3904.96 Mobile Safari/537.36" "_ga=GA1.2.1410971070.1574042901; _gid=GA1.2.767846780.1574042901; _gat_gtag_UA_91619287_1=1; wpfront-notification-bar-landingpage=1"
201.166.189.180 - - [18/Nov/2019:03:09:44 +0100] "GET /wp-content/uploads/2019/04/AQ-SHORT-PADEL-3-1-300x300.png HTTP/1.1" 200 100774 "https://amazingsportwear.com/categoria-producto/mujer/pantalones-y-mallas/" "Mozilla/5.0 (Linux; Android 8.1.0; SM-J701M) AppleWebKit/537.36 (KHTML, like Gecko) Chrome/78.0.3904.96 Mobile Safari/537.36" "_ga=GA1.2.1410971070.1574042901; _gid=GA1.2.767846780.1574042901; _gat_gtag_UA_91619287_1=1; wpfront-notification-bar-landingpage=1"
201.166.189.29 - - [18/Nov/2019:03:09:45 +0100] "GET /wp-content/uploads/2019/05/asw-white-600x252.png HTTP/1.1" 200 29380 "https://amazingsportwear.com/categoria-producto/mujer/pantalones-y-mallas/" "Mozilla/5.0 (Linux; Android 8.1.0; SM-J701M) AppleWebKit/537.36 (KHTML, like Gecko) Chrome/78.0.3904.96 Mobile Safari/537.36" "_ga=GA1.2.1410971070.1574042901; _gid=GA1.2.767846780.1574042901; _gat_gtag_UA_91619287_1=1; wpfront-notification-bar-landingpage=1"
181.56.1.100 - - [18/Nov/2019:03:10:09 +0100] "GET /wp-content/uploads/2017/01/maillot-largo2.jpg HTTP/1.1" 200 109264 "https://www.google.com/blank.html" "Mozilla/5.0 (Linux; Android 8.1.0; SM-G610M Build/M1AJQ; wv) AppleWebKit/537.36 (KHTML, like Gecko) Version/4.0 Chrome/78.0.3904.96 Mobile Safari/537.36 GSA/10.83.10.21.arm" "-"
217.76.130.90 - - [18/Nov/2019:03:11:11 +0100] "POST /wp-cron.php?doing_wp_cron=1574043071.7942640781402587890625 HTTP/1.1" 200 164 "http://amazingsportwear.com/wp-cron.php?doing_wp_cron=1574043071.7942640781402587890625" "WordPress/5.2.4; https://amazingsportwear.com" "-"
51.158.97.148 - - [18/Nov/2019:03:11:11 +0100] "GET / HTTP/1.1" 301 336 "-" "Mozilla/5.0 (Windows NT 10.0; Win64; x64; rv:71.0) Gecko/20100101 Firefox/71.0" "-"
51.158.97.148 - - [18/Nov/2019:03:11:11 +0100] "GET / HTTP/1.1" 200 125627 "http://www.amazingsportwear.com" "Mozilla/5.0 (Windows NT 10.0; Win64; x64; rv:71.0) Gecko/20100101 Firefox/71.0" "-"
51.158.97.148 - - [18/Nov/2019:03:11:14 +0100] "GET /ads.txt HTTP/1.1" 404 68004 "-" "Mozilla/5.0 (Windows NT 10.0; Win64; x64; rv:71.0) Gecko/20100101 Firefox/71.0" "-"
217.76.130.90 - - [18/Nov/2019:03:12:05 +0100] "POST /wp-cron.php?doing_wp_cron=1574043125.0494821071624755859375 HTTP/1.1" 200 3389 "https://amazingsportwear.com/wp-cron.php?doing_wp_cron=1574043125.0494821071624755859375" "WordPress/5.2.4; https://amazingsportwear.com" "-"
201.166.189.242 - - [18/Nov/2019:03:12:04 +0100] "GET / HTTP/1.1" 200 122520 "https://www.google.com/" "Mozilla/5.0 (Linux; Android 8.1.0; SM-J701M) AppleWebKit/537.36 (KHTML, like Gecko) Chrome/78.0.3904.96 Mobile Safari/537.36" "_ga=GA1.2.1410971070.1574042901; _gid=GA1.2.767846780.1574042901; wpfront-notification-bar-landingpage=1"
201.166.188.63 - - [18/Nov/2019:03:12:08 +0100] "GET /wp-content/plugins/elementor/assets/lib/eicons/css/elementor-icons.min.css?ver=4.3.0 HTTP/1.1" 200 11988 "https://amazingsportwear.com/" "Mozilla/5.0 (Linux; Android 8.1.0; SM-J701M) AppleWebKit/537.36 (KHTML, like Gecko) Chrome/78.0.3904.96 Mobile Safari/537.36" "_ga=GA1.2.1410971070.1574042901; _gid=GA1.2.767846780.1574042901; wpfront-notification-bar-landingpage=1; _gat_gtag_UA_91619287_1=1"
201.166.189.47 - - [18/Nov/2019:03:12:09 +0100] "GET /wp-content/plugins/elementor/assets/lib/animations/animations.min.css?ver=2.5.16 HTTP/1.1" 200 18971 "https://amazingsportwear.com/" "Mozilla/5.0 (Linux; Android 8.1.0; SM-J701M) AppleWebKit/537.36 (KHTML, like Gecko) Chrome/78.0.3904.96 Mobile Safari/537.36" "_ga=GA1.2.1410971070.1574042901; _gid=GA1.2.767846780.1574042901; wpfront-notification-bar-landingpage=1; _gat_gtag_UA_91619287_1=1"
201.166.188.63 - - [18/Nov/2019:03:12:09 +0100] "GET /wp-content/plugins/elementor/assets/lib/font-awesome/css/font-awesome.min.css?ver=4.7.0 HTTP/1.1" 200 31365 "https://amazingsportwear.com/" "Mozilla/5.0 (Linux; Android 8.1.0; SM-J701M) AppleWebKit/537.36 (KHTML, like Gecko) Chrome/78.0.3904.96 Mobile Safari/537.36" "_ga=GA1.2.1410971070.1574042901; _gid=GA1.2.767846780.1574042901; wpfront-notification-bar-landingpage=1; _gat_gtag_UA_91619287_1=1"
201.166.189.242 - - [18/Nov/2019:03:12:09 +0100] "GET /wp-content/plugins/elementor/assets/css/frontend.min.css?ver=2.5.16 HTTP/1.1" 200 95366 "https://amazingsportwear.com/" "Mozilla/5.0 (Linux; Android 8.1.0; SM-J701M) AppleWebKit/537.36 (KHTML, like Gecko) Chrome/78.0.3904.96 Mobile Safari/537.36" "_ga=GA1.2.1410971070.1574042901; _gid=GA1.2.767846780.1574042901; wpfront-notification-bar-landingpage=1; _gat_gtag_UA_91619287_1=1"
201.166.188.40 - - [18/Nov/2019:03:12:09 +0100] "GET /wp-content/uploads/elementor/css/global.css?ver=1559638744 HTTP/1.1" 200 5274 "https://amazingsportwear.com/" "Mozilla/5.0 (Linux; Android 8.1.0; SM-J701M) AppleWebKit/537.36 (KHTML, like Gecko) Chrome/78.0.3904.96 Mobile Safari/537.36" "_ga=GA1.2.1410971070.1574042901; _gid=GA1.2.767846780.1574042901; wpfront-notification-bar-landingpage=1; _gat_gtag_UA_91619287_1=1"
201.166.188.70 - - [18/Nov/2019:03:12:09 +0100] "GET /wp-content/uploads/elementor/css/post-16241.css?ver=1562311573 HTTP/1.1" 200 5072 "https://amazingsportwear.com/" "Mozilla/5.0 (Linux; Android 8.1.0; SM-J701M) AppleWebKit/537.36 (KHTML, like Gecko) Chrome/78.0.3904.96 Mobile Safari/537.36" "_ga=GA1.2.1410971070.1574042901; _gid=GA1.2.767846780.1574042901; wpfront-notification-bar-landingpage=1; _gat_gtag_UA_91619287_1=1"
201.166.188.109 - - [18/Nov/2019:03:12:09 +0100] "GET /wp-content/plugins/smart-slider-3/library/media/smartslider.min.css?1559118093 HTTP/1.1" 200 20097 "https://amazingsportwear.com/" "Mozilla/5.0 (Linux; Android 8.1.0; SM-J701M) AppleWebKit/537.36 (KHTML, like Gecko) Chrome/78.0.3904.96 Mobile Safari/537.36" "_ga=GA1.2.1410971070.1574042901; _gid=GA1.2.767846780.1574042901; wpfront-notification-bar-landingpage=1; _gat_gtag_UA_91619287_1=1"
201.166.188.109 - - [18/Nov/2019:03:12:12 +0100] "GET /wp-content/plugins/smart-slider-3/nextend/media/dist/n2.min.js?1559118093 HTTP/1.1" 200 3836 "https://amazingsportwear.com/" "Mozilla/5.0 (Linux; Android 8.1.0; SM-J701M) AppleWebKit/537.36 (KHTML, like Gecko) Chrome/78.0.3904.96 Mobile Safari/537.36" "_ga=GA1.2.1410971070.1574042901; _gid=GA1.2.767846780.1574042901; wpfront-notification-bar-landingpage=1; _gat_gtag_UA_91619287_1=1"
201.166.188.109 - - [18/Nov/2019:03:12:17 +0100] "GET /wp-content/plugins/smart-slider-3/library/media/dist/smartslider-frontend.min.js?1559118093 HTTP/1.1" 200 127293 "https://amazingsportwear.com/" "Mozilla/5.0 (Linux; Android 8.1.0; SM-J701M) AppleWebKit/537.36 (KHTML, like Gecko) Chrome/78.0.3904.96 Mobile Safari/537.36" "_ga=GA1.2.1410971070.1574042901; _gid=GA1.2.767846780.1574042901; wpfront-notification-bar-landingpage=1; _gat_gtag_UA_91619287_1=1"
201.166.188.40 - - [18/Nov/2019:03:12:12 +0100] "GET /wp-content/plugins/smart-slider-3/nextend/media/dist/nextend-frontend.min.js?1559118093 HTTP/1.1" 200 86339 "https://amazingsportwear.com/" "Mozilla/5.0 (Linux; Android 8.1.0; SM-J701M) AppleWebKit/537.36 (KHTML, like Gecko) Chrome/78.0.3904.96 Mobile Safari/537.36" "_ga=GA1.2.1410971070.1574042901; _gid=GA1.2.767846780.1574042901; wpfront-notification-bar-landingpage=1; _gat_gtag_UA_91619287_1=1"
201.166.188.109 - - [18/Nov/2019:03:12:18 +0100] "GET /wp-content/plugins/smart-slider-3/library/media/plugins/type/simple/simple/dist/smartslider-simple-type-frontend.min.js?1559118093 HTTP/1.1" 200 18973 "https://amazingsportwear.com/" "Mozilla/5.0 (Linux; Android 8.1.0; SM-J701M) AppleWebKit/537.36 (KHTML, like Gecko) Chrome/78.0.3904.96 Mobile Safari/537.36" "_ga=GA1.2.1410971070.1574042901; _gid=GA1.2.767846780.1574042901; wpfront-notification-bar-landingpage=1; _gat_gtag_UA_91619287_1=1"
201.166.188.40 - - [18/Nov/2019:03:12:18 +0100] "GET /wp-content/plugins/elementor/assets/lib/slick/slick.min.js?ver=1.8.1 HTTP/1.1" 200 43264 "https://amazingsportwear.com/" "Mozilla/5.0 (Linux; Android 8.1.0; SM-J701M) AppleWebKit/537.36 (KHTML, like Gecko) Chrome/78.0.3904.96 Mobile Safari/537.36" "_ga=GA1.2.1410971070.1574042901; _gid=GA1.2.767846780.1574042901; wpfront-notification-bar-landingpage=1; _gat_gtag_UA_91619287_1=1"
201.166.188.70 - - [18/Nov/2019:03:12:18 +0100] "GET /wp-content/plugins/elementor/assets/lib/dialog/dialog.min.js?ver=4.7.1 HTTP/1.1" 200 10911 "https://amazingsportwear.com/" "Mozilla/5.0 (Linux; Android 8.1.0; SM-J701M) AppleWebKit/537.36 (KHTML, like Gecko) Chrome/78.0.3904.96 Mobile Safari/537.36" "_ga=GA1.2.1410971070.1574042901; _gid=GA1.2.767846780.1574042901; wpfront-notification-bar-landingpage=1; _gat_gtag_UA_91619287_1=1"
201.166.188.109 - - [18/Nov/2019:03:12:18 +0100] "GET /wp-content/plugins/elementor/assets/js/frontend-modules.min.js?ver=2.5.16 HTTP/1.1" 200 11486 "https://amazingsportwear.com/" "Mozilla/5.0 (Linux; Android 8.1.0; SM-J701M) AppleWebKit/537.36 (KHTML, like Gecko) Chrome/78.0.3904.96 Mobile Safari/537.36" "_ga=GA1.2.1410971070.1574042901; _gid=GA1.2.767846780.1574042901; wpfront-notification-bar-landingpage=1; _gat_gtag_UA_91619287_1=1"
201.166.189.242 - - [18/Nov/2019:03:12:18 +0100] "GET /wp-content/plugins/elementor/assets/lib/waypoints/waypoints.min.js?ver=4.0.2 HTTP/1.1" 200 12541 "https://amazingsportwear.com/" "Mozilla/5.0 (Linux; Android 8.1.0; SM-J701M) AppleWebKit/537.36 (KHTML, like Gecko) Chrome/78.0.3904.96 Mobile Safari/537.36" "_ga=GA1.2.1410971070.1574042901; _gid=GA1.2.767846780.1574042901; wpfront-notification-bar-landingpage=1; _gat_gtag_UA_91619287_1=1"
201.166.188.63 - - [18/Nov/2019:03:12:18 +0100] "GET /wp-includes/js/jquery/ui/position.min.js?ver=1.11.4 HTTP/1.1" 200 6869 "https://amazingsportwear.com/" "Mozilla/5.0 (Linux; Android 8.1.0; SM-J701M) AppleWebKit/537.36 (KHTML, like Gecko) Chrome/78.0.3904.96 Mobile Safari/537.36" "_ga=GA1.2.1410971070.1574042901; _gid=GA1.2.767846780.1574042901; wpfront-notification-bar-landingpage=1; _gat_gtag_UA_91619287_1=1"
201.166.188.40 - - [18/Nov/2019:03:12:19 +0100] "GET /wp-content/plugins/elementor/assets/lib/font-awesome/fonts/fontawesome-webfont.woff2?v=4.7.0 HTTP/1.1" 200 77615 "https://amazingsportwear.com/wp-content/plugins/elementor/assets/lib/font-awesome/css/font-awesome.min.css?ver=4.7.0" "Mozilla/5.0 (Linux; Android 8.1.0; SM-J701M) AppleWebKit/537.36 (KHTML, like Gecko) Chrome/78.0.3904.96 Mobile Safari/537.36" "_ga=GA1.2.1410971070.1574042901; _gid=GA1.2.767846780.1574042901; wpfront-notification-bar-landingpage=1; _gat_gtag_UA_91619287_1=1"
201.166.188.70 - - [18/Nov/2019:03:12:19 +0100] "GET /wp-content/plugins/elementor/assets/js/frontend.min.js?ver=2.5.16 HTTP/1.1" 200 41341 "https://amazingsportwear.com/" "Mozilla/5.0 (Linux; Android 8.1.0; SM-J701M) AppleWebKit/537.36 (KHTML, like Gecko) Chrome/78.0.3904.96 Mobile Safari/537.36" "_ga=GA1.2.1410971070.1574042901; _gid=GA1.2.767846780.1574042901; wpfront-notification-bar-landingpage=1; _gat_gtag_UA_91619287_1=1"
201.166.188.109 - - [18/Nov/2019:03:12:19 +0100] "GET /wp-content/plugins/si-contact-form/includes/fscf-scripts.js?ver=179 HTTP/1.1" 200 1033 "https://amazingsportwear.com/" "Mozilla/5.0 (Linux; Android 8.1.0; SM-J701M) AppleWebKit/537.36 (KHTML, like Gecko) Chrome/78.0.3904.96 Mobile Safari/537.36" "_ga=GA1.2.1410971070.1574042901; _gid=GA1.2.767846780.1574042901; wpfront-notification-bar-landingpage=1; _gat_gtag_UA_91619287_1=1"
201.166.189.242 - - [18/Nov/2019:03:12:19 +0100] "GET /wp-includes/js/jquery/ui/core.min.js?ver=1.11.4 HTTP/1.1" 200 4341 "https://amazingsportwear.com/" "Mozilla/5.0 (Linux; Android 8.1.0; SM-J701M) AppleWebKit/537.36 (KHTML, like Gecko) Chrome/78.0.3904.96 Mobile Safari/537.36" "_ga=GA1.2.1410971070.1574042901; _gid=GA1.2.767846780.1574042901; wpfront-notification-bar-landingpage=1; _gat_gtag_UA_91619287_1=1"
201.166.188.63 - - [18/Nov/2019:03:12:19 +0100] "GET /wp-content/uploads/2019/07/buff-bandana-300x123.jpg HTTP/1.1" 200 15859 "https://amazingsportwear.com/" "Mozilla/5.0 (Linux; Android 8.1.0; SM-J701M) AppleWebKit/537.36 (KHTML, like Gecko) Chrome/78.0.3904.96 Mobile Safari/537.36" "_ga=GA1.2.1410971070.1574042901; _gid=GA1.2.767846780.1574042901; wpfront-notification-bar-landingpage=1; _gat_gtag_UA_91619287_1=1"
201.166.188.40 - - [18/Nov/2019:03:12:21 +0100] "GET /wp-content/uploads/2019/07/camiseta-tecnica-mujer-300x124.jpg HTTP/1.1" 200 17320 "https://amazingsportwear.com/" "Mozilla/5.0 (Linux; Android 8.1.0; SM-J701M) AppleWebKit/537.36 (KHTML, like Gecko) Chrome/78.0.3904.96 Mobile Safari/537.36" "_ga=GA1.2.1410971070.1574042901; _gid=GA1.2.767846780.1574042901; wpfront-notification-bar-landingpage=1; _gat_gtag_UA_91619287_1=1"
201.166.189.47 - - [18/Nov/2019:03:12:18 +0100] "GET /wp-content/plugins/elementor/assets/lib/swiper/swiper.min.js?ver=4.4.6 HTTP/1.1" 200 126126 "https://amazingsportwear.com/" "Mozilla/5.0 (Linux; Android 8.1.0; SM-J701M) AppleWebKit/537.36 (KHTML, like Gecko) Chrome/78.0.3904.96 Mobile Safari/537.36" "_ga=GA1.2.1410971070.1574042901; _gid=GA1.2.767846780.1574042901; wpfront-notification-bar-landingpage=1; _gat_gtag_UA_91619287_1=1"
201.166.188.109 - - [18/Nov/2019:03:12:22 +0100] "GET /wp-content/uploads/2019/07/cortavientos-300x124.jpg HTTP/1.1" 200 17094 "https://amazingsportwear.com/" "Mozilla/5.0 (Linux; Android 8.1.0; SM-J701M) AppleWebKit/537.36 (KHTML, like Gecko) Chrome/78.0.3904.96 Mobile Safari/537.36" "_ga=GA1.2.1410971070.1574042901; _gid=GA1.2.767846780.1574042901; wpfront-notification-bar-landingpage=1; _gat_gtag_UA_91619287_1=1"
201.166.189.242 - - [18/Nov/2019:03:12:22 +0100] "GET /wp-content/uploads/2019/07/camiseta-tecnica-unisex-300x124.jpg HTTP/1.1" 200 17090 "https://amazingsportwear.com/" "Mozilla/5.0 (Linux; Android 8.1.0; SM-J701M) AppleWebKit/537.36 (KHTML, like Gecko) Chrome/78.0.3904.96 Mobile Safari/537.36" "_ga=GA1.2.1410971070.1574042901; _gid=GA1.2.767846780.1574042901; wpfront-notification-bar-landingpage=1; _gat_gtag_UA_91619287_1=1"
