88.99.250.15 - - [21/Nov/2019:04:39:41 +0100] "GET /tienda/202-camiseta-tecnica-austin-sa-6654.html HTTP/1.1" 404 68013 "-" "Mozilla/5.0 (compatible; BLEXBot/1.0; +http://webmeup-crawler.com/)" "wpfront-notification-bar-landingpage=1"
88.99.250.15 - - [21/Nov/2019:04:39:51 +0100] "GET /tienda/203-camiseta-tecnica-suzuka-sa-6657.html HTTP/1.1" 404 68008 "-" "Mozilla/5.0 (compatible; BLEXBot/1.0; +http://webmeup-crawler.com/)" "wpfront-notification-bar-landingpage=1"
88.99.250.15 - - [21/Nov/2019:04:39:55 +0100] "GET /tienda/205-camiseta-tecnica-aida-sa-6656.html HTTP/1.1" 404 68054 "-" "Mozilla/5.0 (compatible; BLEXBot/1.0; +http://webmeup-crawler.com/)" "wpfront-notification-bar-landingpage=1"
88.99.250.15 - - [21/Nov/2019:04:40:02 +0100] "GET /tienda/206-camiseta-tecnica-shangai-ls-sa-6670.html HTTP/1.1" 404 68026 "-" "Mozilla/5.0 (compatible; BLEXBot/1.0; +http://webmeup-crawler.com/)" "wpfront-notification-bar-landingpage=1"
217.76.130.90 - - [21/Nov/2019:04:40:08 +0100] "POST /wp-cron.php?doing_wp_cron=1574307608.1122419834136962890625 HTTP/1.1" 200 164 "http://amazingsportwear.com/wp-cron.php?doing_wp_cron=1574307608.1122419834136962890625" "WordPress/5.2.4; https://amazingsportwear.com" "-"
88.99.250.15 - - [21/Nov/2019:04:40:07 +0100] "GET /tienda/207-pantalon-corto-everton-sa-6651.html HTTP/1.1" 404 68006 "-" "Mozilla/5.0 (compatible; BLEXBot/1.0; +http://webmeup-crawler.com/)" "wpfront-notification-bar-landingpage=1"
88.99.250.15 - - [21/Nov/2019:04:40:09 +0100] "GET /tienda/208-pantalon-corto-sport-sa-6705.html HTTP/1.1" 404 68077 "-" "Mozilla/5.0 (compatible; BLEXBot/1.0; +http://webmeup-crawler.com/)" "wpfront-notification-bar-landingpage=1"
88.99.250.15 - - [21/Nov/2019:04:40:15 +0100] "GET /tienda/209-pantalon-corto-spiro-sa-0449.html HTTP/1.1" 404 67997 "-" "Mozilla/5.0 (compatible; BLEXBot/1.0; +http://webmeup-crawler.com/)" "wpfront-notification-bar-landingpage=1"
88.99.250.15 - - [21/Nov/2019:04:40:21 +0100] "GET /tienda/210-pantalon-largo-cerler-sa-0461.html HTTP/1.1" 404 68034 "-" "Mozilla/5.0 (compatible; BLEXBot/1.0; +http://webmeup-crawler.com/)" "wpfront-notification-bar-landingpage=1"
88.99.250.15 - - [21/Nov/2019:04:40:27 +0100] "GET /tienda/211-pantalon-largo-aspen-sa-1177.html HTTP/1.1" 404 68057 "-" "Mozilla/5.0 (compatible; BLEXBot/1.0; +http://webmeup-crawler.com/)" "wpfront-notification-bar-landingpage=1"
88.99.250.15 - - [21/Nov/2019:04:40:38 +0100] "GET /tienda/212-pantalon-leggin-bristol-sa-0406.html HTTP/1.1" 404 68090 "-" "Mozilla/5.0 (compatible; BLEXBot/1.0; +http://webmeup-crawler.com/)" "-"
88.99.250.15 - - [21/Nov/2019:04:40:43 +0100] "GET /tienda/213-pantalon-largo-argos-sa-0460.html HTTP/1.1" 404 68017 "-" "Mozilla/5.0 (compatible; BLEXBot/1.0; +http://webmeup-crawler.com/)" "wpfront-notification-bar-landingpage=1"
88.99.250.15 - - [21/Nov/2019:04:40:49 +0100] "GET /tienda/214-pantalon-corto-carson-sa-1029.html HTTP/1.1" 404 68064 "-" "Mozilla/5.0 (compatible; BLEXBot/1.0; +http://webmeup-crawler.com/)" "wpfront-notification-bar-landingpage=1"
88.99.250.15 - - [21/Nov/2019:04:40:53 +0100] "GET /tienda/215-pantalon-largo-mujer-adelpho-sa-1175.html HTTP/1.1" 404 68023 "-" "Mozilla/5.0 (compatible; BLEXBot/1.0; +http://webmeup-crawler.com/)" "wpfront-notification-bar-landingpage=1"
217.76.130.90 - - [21/Nov/2019:04:41:04 +0100] "POST /wp-cron.php?doing_wp_cron=1574307664.2559199333190917968750 HTTP/1.1" 200 164 "http://amazingsportwear.com/wp-cron.php?doing_wp_cron=1574307664.2559199333190917968750" "WordPress/5.2.4; https://amazingsportwear.com" "-"
88.99.250.15 - - [21/Nov/2019:04:41:03 +0100] "GET /tienda/216-pantalon-largo-adelpho-sa-1174.html HTTP/1.1" 404 68041 "-" "Mozilla/5.0 (compatible; BLEXBot/1.0; +http://webmeup-crawler.com/)" "wpfront-notification-bar-landingpage=1"
88.99.250.15 - - [21/Nov/2019:04:41:06 +0100] "GET /tienda/217-falda-patty-sa-0321.html HTTP/1.1" 404 68019 "-" "Mozilla/5.0 (compatible; BLEXBot/1.0; +http://webmeup-crawler.com/)" "wpfront-notification-bar-landingpage=1"
88.99.250.15 - - [21/Nov/2019:04:41:14 +0100] "GET /tienda/218-pantalon-corto-lanus-sa-6655.html HTTP/1.1" 404 68052 "-" "Mozilla/5.0 (compatible; BLEXBot/1.0; +http://webmeup-crawler.com/)" "wpfront-notification-bar-landingpage=1"
88.99.250.15 - - [21/Nov/2019:04:41:24 +0100] "GET /tienda/219-pantalon-leggin-adelaida-sa-0459.html HTTP/1.1" 404 68020 "-" "Mozilla/5.0 (compatible; BLEXBot/1.0; +http://webmeup-crawler.com/)" "wpfront-notification-bar-landingpage=1"
88.99.250.15 - - [21/Nov/2019:04:41:34 +0100] "GET /tienda/220-camiseta-tecnic-plus-nino-cat-4185.html HTTP/1.1" 404 68059 "-" "Mozilla/5.0 (compatible; BLEXBot/1.0; +http://webmeup-crawler.com/)" "wpfront-notification-bar-landingpage=1"
88.99.250.15 - - [21/Nov/2019:04:41:39 +0100] "GET /tienda/221-camiseta-tecnics-sin-mangas-sunit-cat-4725.html HTTP/1.1" 404 68055 "-" "Mozilla/5.0 (compatible; BLEXBot/1.0; +http://webmeup-crawler.com/)" "wpfront-notification-bar-landingpage=1"
88.99.250.15 - - [21/Nov/2019:04:41:48 +0100] "GET /tienda/222-camiseta-tecnica-combinada-atom-aq-atom.html HTTP/1.1" 404 68069 "-" "Mozilla/5.0 (compatible; BLEXBot/1.0; +http://webmeup-crawler.com/)" "wpfront-notification-bar-landingpage=1"
88.99.250.15 - - [21/Nov/2019:04:41:52 +0100] "GET /tienda/223-camiseta-tecnic-plus-mujer-cat-4186.html HTTP/1.1" 404 68056 "-" "Mozilla/5.0 (compatible; BLEXBot/1.0; +http://webmeup-crawler.com/)" "wpfront-notification-bar-landingpage=1"
88.99.250.15 - - [21/Nov/2019:04:41:59 +0100] "GET /tienda/224-camiseta-tecnica-mujer-tirantes-aq-armour-aerobic.html HTTP/1.1" 404 68059 "-" "Mozilla/5.0 (compatible; BLEXBot/1.0; +http://webmeup-crawler.com/)" "wpfront-notification-bar-landingpage=1"
217.76.130.90 - - [21/Nov/2019:04:42:03 +0100] "POST /wp-cron.php?doing_wp_cron=1574307723.1400411128997802734375 HTTP/1.1" 200 164 "http://amazingsportwear.com/wp-cron.php?doing_wp_cron=1574307723.1400411128997802734375" "WordPress/5.2.4; https://amazingsportwear.com" "-"
88.99.250.15 - - [21/Nov/2019:04:42:02 +0100] "GET /tienda/225-camiseta-tecnica-mujer-cuello-redondo-aq-armour.html HTTP/1.1" 404 68085 "-" "Mozilla/5.0 (compatible; BLEXBot/1.0; +http://webmeup-crawler.com/)" "wpfront-notification-bar-landingpage=1"
88.99.250.15 - - [21/Nov/2019:04:42:06 +0100] "GET /tienda/227-polo-tecnico-kiso-hombre-pf-39084.html HTTP/1.1" 404 68047 "-" "Mozilla/5.0 (compatible; BLEXBot/1.0; +http://webmeup-crawler.com/)" "wpfront-notification-bar-landingpage=1"
88.99.250.15 - - [21/Nov/2019:04:42:09 +0100] "GET /tienda/228-polo-tecnico-kiso-mujer-pf-39085.html HTTP/1.1" 404 68070 "-" "Mozilla/5.0 (compatible; BLEXBot/1.0; +http://webmeup-crawler.com/)" "wpfront-notification-bar-landingpage=1"
88.99.250.15 - - [21/Nov/2019:04:42:16 +0100] "GET /tienda/229-polo-tecnico-prescott-mujer-pf-39087.html HTTP/1.1" 404 68028 "-" "Mozilla/5.0 (compatible; BLEXBot/1.0; +http://webmeup-crawler.com/)" "wpfront-notification-bar-landingpage=1"
88.99.250.15 - - [21/Nov/2019:04:42:25 +0100] "GET /tienda/230-polo-tecnico-prescott-hombre-pf-39086.html HTTP/1.1" 404 68060 "-" "Mozilla/5.0 (compatible; BLEXBot/1.0; +http://webmeup-crawler.com/)" "wpfront-notification-bar-landingpage=1"
88.99.250.15 - - [21/Nov/2019:04:42:33 +0100] "GET /tienda/231-polo-tecnico-prater-hombre-pf-39088.html HTTP/1.1" 404 68046 "-" "Mozilla/5.0 (compatible; BLEXBot/1.0; +http://webmeup-crawler.com/)" "wpfront-notification-bar-landingpage=1"
88.99.250.15 - - [21/Nov/2019:04:42:43 +0100] "GET /tienda/232-polo-tecnico-prater-mujer-pf-39089.html HTTP/1.1" 404 68101 "-" "Mozilla/5.0 (compatible; BLEXBot/1.0; +http://webmeup-crawler.com/)" "-"
88.99.250.15 - - [21/Nov/2019:04:42:47 +0100] "GET /tienda/233-polo-tecnico-street-cif-t110.html HTTP/1.1" 404 68042 "-" "Mozilla/5.0 (compatible; BLEXBot/1.0; +http://webmeup-crawler.com/)" "wpfront-notification-bar-landingpage=1"
88.99.250.15 - - [21/Nov/2019:04:42:53 +0100] "GET /tienda/234-polo-tecnico-sol-palladium.html HTTP/1.1" 404 68023 "-" "Mozilla/5.0 (compatible; BLEXBot/1.0; +http://webmeup-crawler.com/)" "wpfront-notification-bar-landingpage=1"
88.99.250.15 - - [21/Nov/2019:04:42:59 +0100] "GET /tienda/235-polo-tecnico-hombre-cif-t611-613-615.html HTTP/1.1" 404 68033 "-" "Mozilla/5.0 (compatible; BLEXBot/1.0; +http://webmeup-crawler.com/)" "wpfront-notification-bar-landingpage=1"
217.76.130.90 - - [21/Nov/2019:04:43:04 +0100] "POST /wp-cron.php?doing_wp_cron=1574307784.0064990520477294921875 HTTP/1.1" 200 164 "http://amazingsportwear.com/wp-cron.php?doing_wp_cron=1574307784.0064990520477294921875" "WordPress/5.2.4; https://amazingsportwear.com" "-"
88.99.250.15 - - [21/Nov/2019:04:43:03 +0100] "GET /tienda/236-polo-tecnico-mujer-cif-t621-623-625.html HTTP/1.1" 404 68061 "-" "Mozilla/5.0 (compatible; BLEXBot/1.0; +http://webmeup-crawler.com/)" "wpfront-notification-bar-landingpage=1"
88.99.250.15 - - [21/Nov/2019:04:43:14 +0100] "GET /tienda/237-polo-tecnico-bandera-star-cif-t-2021-2020-2024.html HTTP/1.1" 404 68063 "-" "Mozilla/5.0 (compatible; BLEXBot/1.0; +http://webmeup-crawler.com/)" "wpfront-notification-bar-landingpage=1"
88.99.250.15 - - [21/Nov/2019:04:43:20 +0100] "GET /tienda/238-polo-tecnico-combi-line-cif-t-2031-2030.html HTTP/1.1" 404 68049 "-" "Mozilla/5.0 (compatible; BLEXBot/1.0; +http://webmeup-crawler.com/)" "wpfront-notification-bar-landingpage=1"
88.99.250.15 - - [21/Nov/2019:04:43:31 +0100] "GET /tienda/239-polo-tecnico-open-aq-open.html HTTP/1.1" 404 67991 "-" "Mozilla/5.0 (compatible; BLEXBot/1.0; +http://webmeup-crawler.com/)" "wpfront-notification-bar-landingpage=1"
88.99.250.15 - - [21/Nov/2019:04:43:38 +0100] "GET /tienda/240-polo-tecnico-game-slazenger-hombre-pf-33108.html HTTP/1.1" 404 68052 "-" "Mozilla/5.0 (compatible; BLEXBot/1.0; +http://webmeup-crawler.com/)" "wpfront-notification-bar-landingpage=1"
88.99.250.15 - - [21/Nov/2019:04:43:46 +0100] "GET /tienda/241-polo-tecnico-game-slazenger-mujer-pf-33109.html HTTP/1.1" 404 68010 "-" "Mozilla/5.0 (compatible; BLEXBot/1.0; +http://webmeup-crawler.com/)" "wpfront-notification-bar-landingpage=1"
88.99.250.15 - - [21/Nov/2019:04:43:51 +0100] "GET /tienda/243-polo-monzha-tecnico-sa-0404.html HTTP/1.1" 404 68035 "-" "Mozilla/5.0 (compatible; BLEXBot/1.0; +http://webmeup-crawler.com/)" "wpfront-notification-bar-landingpage=1"
88.99.250.15 - - [21/Nov/2019:04:43:59 +0100] "GET /tienda/244-polo-tecnico-silverstone-sa-6639.html HTTP/1.1" 404 68005 "-" "Mozilla/5.0 (compatible; BLEXBot/1.0; +http://webmeup-crawler.com/)" "wpfront-notification-bar-landingpage=1"
217.76.130.90 - - [21/Nov/2019:04:44:05 +0100] "POST /wp-cron.php?doing_wp_cron=1574307845.3371698856353759765625 HTTP/1.1" 200 164 "http://amazingsportwear.com/wp-cron.php?doing_wp_cron=1574307845.3371698856353759765625" "WordPress/5.2.4; https://amazingsportwear.com" "-"
88.99.250.15 - - [21/Nov/2019:04:44:04 +0100] "GET /tienda/245-polo-tecnico-montmelo-sa-0421.html HTTP/1.1" 404 68039 "-" "Mozilla/5.0 (compatible; BLEXBot/1.0; +http://webmeup-crawler.com/)" "wpfront-notification-bar-landingpage=1"
88.99.250.15 - - [21/Nov/2019:04:44:13 +0100] "GET /tienda/246-cordon-gafas-de-sol-pf-10041102.html HTTP/1.1" 404 68068 "-" "Mozilla/5.0 (compatible; BLEXBot/1.0; +http://webmeup-crawler.com/)" "wpfront-notification-bar-landingpage=1"
88.99.250.15 - - [21/Nov/2019:04:44:22 +0100] "GET /robots.txt HTTP/1.1" 200 432 "-" "Mozilla/5.0 (compatible; BLEXBot/1.0; +http://webmeup-crawler.com/)" "-"
88.99.250.15 - - [21/Nov/2019:04:44:23 +0100] "GET /tienda/247-mochila-tipo-saco-cat-3164.html HTTP/1.1" 404 67988 "-" "Mozilla/5.0 (compatible; BLEXBot/1.0; +http://webmeup-crawler.com/)" "wpfront-notification-bar-landingpage=1"
88.99.250.15 - - [21/Nov/2019:04:44:31 +0100] "GET /tienda/248-mochila-iron-man-eny-ir11.html HTTP/1.1" 404 68021 "-" "Mozilla/5.0 (compatible; BLEXBot/1.0; +http://webmeup-crawler.com/)" "wpfront-notification-bar-landingpage=1"
88.99.250.15 - - [21/Nov/2019:04:44:44 +0100] "GET /tienda/249-mochila-reflect-cat-4520.html HTTP/1.1" 404 68071 "-" "Mozilla/5.0 (compatible; BLEXBot/1.0; +http://webmeup-crawler.com/)" "-"
88.99.250.15 - - [21/Nov/2019:04:45:01 +0100] "GET /tienda/250-braga-gorro-polar-cat-8016.html HTTP/1.1" 404 67998 "-" "Mozilla/5.0 (compatible; BLEXBot/1.0; +http://webmeup-crawler.com/)" "wpfront-notification-bar-landingpage=1"
217.76.130.90 - - [21/Nov/2019:04:45:07 +0100] "POST /wp-cron.php?doing_wp_cron=1574307907.5289320945739746093750 HTTP/1.1" 200 164 "http://amazingsportwear.com/wp-cron.php?doing_wp_cron=1574307907.5289320945739746093750" "WordPress/5.2.4; https://amazingsportwear.com" "-"
88.99.250.15 - - [21/Nov/2019:04:45:07 +0100] "GET /tienda/251-guante-tactil-actium-correr-cat-4010.html HTTP/1.1" 404 68033 "-" "Mozilla/5.0 (compatible; BLEXBot/1.0; +http://webmeup-crawler.com/)" "wpfront-notification-bar-landingpage=1"
88.99.250.15 - - [21/Nov/2019:04:45:13 +0100] "GET /tienda/252-bandana-microfibra-tipo-buff.html HTTP/1.1" 404 68027 "-" "Mozilla/5.0 (compatible; BLEXBot/1.0; +http://webmeup-crawler.com/)" "wpfront-notification-bar-landingpage=1"
88.99.250.15 - - [21/Nov/2019:04:45:26 +0100] "GET /tienda/253-gorro-polar-plus-quality-cif-s-004.html HTTP/1.1" 404 68044 "-" "Mozilla/5.0 (compatible; BLEXBot/1.0; +http://webmeup-crawler.com/)" "wpfront-notification-bar-landingpage=1"
88.99.250.15 - - [21/Nov/2019:04:45:32 +0100] "GET /tienda/254-calcetin-deportivo-sublimado-bp-38040.html HTTP/1.1" 404 68045 "-" "Mozilla/5.0 (compatible; BLEXBot/1.0; +http://webmeup-crawler.com/)" "wpfront-notification-bar-landingpage=1"
88.99.250.15 - - [21/Nov/2019:04:45:45 +0100] "GET /tienda/255-calcetin-deportivo-lycra-cp-lycra.html HTTP/1.1" 404 68032 "-" "Mozilla/5.0 (compatible; BLEXBot/1.0; +http://webmeup-crawler.com/)" "wpfront-notification-bar-landingpage=1"
88.99.250.15 - - [21/Nov/2019:04:45:52 +0100] "GET /tienda/256-calcetin-deportivo-coolmax-cp-coolmax.html HTTP/1.1" 404 68035 "-" "Mozilla/5.0 (compatible; BLEXBot/1.0; +http://webmeup-crawler.com/)" "wpfront-notification-bar-landingpage=1"
88.99.250.15 - - [21/Nov/2019:04:45:59 +0100] "GET /tienda/257-moqueta-triatlon-cambio-eny-fl14w.html HTTP/1.1" 404 68012 "-" "Mozilla/5.0 (compatible; BLEXBot/1.0; +http://webmeup-crawler.com/)" "wpfront-notification-bar-landingpage=1"
217.76.130.90 - - [21/Nov/2019:04:46:07 +0100] "POST /wp-cron.php?doing_wp_cron=1574307967.9757680892944335937500 HTTP/1.1" 200 164 "http://amazingsportwear.com/wp-cron.php?doing_wp_cron=1574307967.9757680892944335937500" "WordPress/5.2.4; https://amazingsportwear.com" "-"
88.99.250.15 - - [21/Nov/2019:04:46:07 +0100] "GET /tienda/258-gafas-de-sol-deportiva-eny-ni11g.html HTTP/1.1" 404 68030 "-" "Mozilla/5.0 (compatible; BLEXBot/1.0; +http://webmeup-crawler.com/)" "wpfront-notification-bar-landingpage=1"
88.99.250.15 - - [21/Nov/2019:04:46:14 +0100] "GET /tienda/259-fundas-gafas-sumix-eny-su13w.html HTTP/1.1" 404 68022 "-" "Mozilla/5.0 (compatible; BLEXBot/1.0; +http://webmeup-crawler.com/)" "wpfront-notification-bar-landingpage=1"
88.99.250.15 - - [21/Nov/2019:04:46:19 +0100] "GET /tienda/260-rinonera-wanel-cat-5311.html HTTP/1.1" 404 68037 "-" "Mozilla/5.0 (compatible; BLEXBot/1.0; +http://webmeup-crawler.com/)" "wpfront-notification-bar-landingpage=1"
88.99.250.15 - - [21/Nov/2019:04:46:22 +0100] "GET /tienda/261-rinonera-elastica-dorsal-cif-g221.html HTTP/1.1" 404 68052 "-" "Mozilla/5.0 (compatible; BLEXBot/1.0; +http://webmeup-crawler.com/)" "wpfront-notification-bar-landingpage=1"
88.99.250.15 - - [21/Nov/2019:04:46:27 +0100] "GET /tienda/262-rinonera-deportiva-sa-7118.html HTTP/1.1" 404 67998 "-" "Mozilla/5.0 (compatible; BLEXBot/1.0; +http://webmeup-crawler.com/)" "wpfront-notification-bar-landingpage=1"
88.99.250.15 - - [21/Nov/2019:04:46:31 +0100] "GET /tienda/263-luz-intermitente-slapz-pf-10031900.html HTTP/1.1" 404 68044 "-" "Mozilla/5.0 (compatible; BLEXBot/1.0; +http://webmeup-crawler.com/)" "wpfront-notification-bar-landingpage=1"
88.99.250.15 - - [21/Nov/2019:04:46:39 +0100] "GET /tienda/264-catadioptico-trasero-cif-z281.html HTTP/1.1" 404 68054 "-" "Mozilla/5.0 (compatible; BLEXBot/1.0; +http://webmeup-crawler.com/)" "wpfront-notification-bar-landingpage=1"
88.99.250.15 - - [21/Nov/2019:04:46:45 +0100] "GET /tienda/265-brazalete-con-luz-pf-11811001.html HTTP/1.1" 404 68086 "-" "Mozilla/5.0 (compatible; BLEXBot/1.0; +http://webmeup-crawler.com/)" "-"
88.99.250.15 - - [21/Nov/2019:04:46:52 +0100] "GET /triatlon/43-mono-triatlon.html HTTP/1.1" 404 68076 "-" "Mozilla/5.0 (compatible; BLEXBot/1.0; +http://webmeup-crawler.com/)" "-"
217.76.130.90 - - [21/Nov/2019:04:52:37 +0100] "POST /wp-cron.php?doing_wp_cron=1574308357.0000839233398437500000 HTTP/1.1" 200 164 "http://amazingsportwear.com/wp-cron.php?doing_wp_cron=1574308357.0000839233398437500000" "WordPress/5.2.4; https://amazingsportwear.com" "-"
157.55.39.141 - - [21/Nov/2019:04:52:35 +0100] "GET /contactanos HTTP/1.1" 404 68027 "-" "Mozilla/5.0 (compatible; bingbot/2.0; +http://www.bing.com/bingbot.htm)" "-"
217.76.130.90 - - [21/Nov/2019:04:57:55 +0100] "POST /wp-cron.php?doing_wp_cron=1574308675.5913751125335693359375 HTTP/1.1" 200 164 "http://amazingsportwear.com/wp-cron.php?doing_wp_cron=1574308675.5913751125335693359375" "WordPress/5.2.4; https://amazingsportwear.com" "-"
66.249.65.127 - - [21/Nov/2019:04:57:54 +0100] "GET /sitemap.xml HTTP/1.1" 404 51653 "-" "Mozilla/5.0 (compatible; Googlebot/2.1; +http://www.google.com/bot.html)" "-"
190.152.187.4 - - [21/Nov/2019:05:02:28 +0100] "GET /wp-content/uploads/2019/04/Gorra-sport-10.png HTTP/1.1" 200 60426 "https://www.google.com/" "Mozilla/5.0 (Windows NT 10.0; Win64; x64) AppleWebKit/537.36 (KHTML, like Gecko) Chrome/78.0.3904.97 Safari/537.36" "-"
190.73.251.31 - - [21/Nov/2019:05:05:40 +0100] "GET /wp-content/uploads/2019/04/Gorra-sport-10.png HTTP/1.1" 200 60426 "https://www.google.com/" "Mozilla/5.0 (Windows NT 6.1) AppleWebKit/537.36 (KHTML, like Gecko) Chrome/78.0.3904.108 Safari/537.36" "-"
179.7.138.85 - - [21/Nov/2019:05:06:18 +0100] "GET /wp-content/uploads/2019/04/Llavero-metalico-futbol-3.png HTTP/1.1" 200 46821 "https://www.google.com/" "Mozilla/5.0 (Windows NT 6.1; Win64; x64) AppleWebKit/537.36 (KHTML, like Gecko) Chrome/78.0.3904.108 Safari/537.36" "-"
190.152.187.4 - - [21/Nov/2019:05:08:13 +0100] "GET /wp-content/uploads/2019/04/Gorra-sport-12.png HTTP/1.1" 200 95673 "https://www.google.com/" "Mozilla/5.0 (Windows NT 10.0; Win64; x64) AppleWebKit/537.36 (KHTML, like Gecko) Chrome/78.0.3904.97 Safari/537.36" "-"
217.76.130.90 - - [21/Nov/2019:05:08:18 +0100] "POST /wp-cron.php?doing_wp_cron=1574309297.9842538833618164062500 HTTP/1.1" 200 3389 "https://amazingsportwear.com/wp-cron.php?doing_wp_cron=1574309297.9842538833618164062500" "WordPress/5.2.4; https://amazingsportwear.com" "-"
66.249.65.116 - - [21/Nov/2019:05:08:16 +0100] "GET /categoria-producto/inicio/ropa-amazing-sport-wear/ciclismo-ropa-amazing-sport-wear/ HTTP/1.1" 200 70519 "-" "Mozilla/5.0 (compatible; Googlebot/2.1; +http://www.google.com/bot.html)" "-"
190.152.187.4 - - [21/Nov/2019:05:11:02 +0100] "GET /wp-content/uploads/2019/04/gorra-dowan-4.png HTTP/1.1" 200 73558 "https://www.google.com/" "Mozilla/5.0 (Windows NT 10.0; Win64; x64) AppleWebKit/537.36 (KHTML, like Gecko) Chrome/78.0.3904.97 Safari/537.36" "-"
190.152.187.4 - - [21/Nov/2019:05:11:02 +0100] "GET /wp-content/uploads/2019/04/gorra-kisse-9.png HTTP/1.1" 200 85579 "https://www.google.com/" "Mozilla/5.0 (Windows NT 10.0; Win64; x64) AppleWebKit/537.36 (KHTML, like Gecko) Chrome/78.0.3904.97 Safari/537.36" "-"
217.76.130.90 - - [21/Nov/2019:05:15:46 +0100] "POST /wp-cron.php?doing_wp_cron=1574309746.3507790565490722656250 HTTP/1.1" 200 3389 "https://amazingsportwear.com/wp-cron.php?doing_wp_cron=1574309746.3507790565490722656250" "WordPress/5.2.4; https://amazingsportwear.com" "-"
17.58.96.188 - - [21/Nov/2019:05:15:42 +0100] "GET /producto/gorra-sport/ HTTP/1.1" 200 101865 "-" "Mozilla/5.0 (Macintosh; Intel Mac OS X 10_10_1) AppleWebKit/600.2.5 (KHTML, like Gecko) Version/8.0.2 Safari/600.2.5 (Applebot/0.1; +http://www.apple.com/go/applebot)" "-"
217.76.130.90 - - [21/Nov/2019:05:20:39 +0100] "POST /wp-cron.php?doing_wp_cron=1574310039.7446489334106445312500 HTTP/1.1" 200 164 "http://amazingsportwear.com/wp-cron.php?doing_wp_cron=1574310039.7446489334106445312500" "WordPress/5.2.4; https://amazingsportwear.com" "-"
23.239.180.88 - - [21/Nov/2019:05:20:39 +0100] "GET / HTTP/1.1" 301 336 "-" "Mozilla/5.0 (Windows NT 10.0; Win64; x64; rv:64.0) Gecko/20100101 Firefox/64.0" "-"
23.226.211.246 - - [21/Nov/2019:05:20:40 +0100] "GET / HTTP/1.1" 200 125510 "-" "Mozilla/5.0 (Windows NT 10.0; Win64; x64; rv:64.0) Gecko/20100101 Firefox/64.0" "wpfront-notification-bar-landingpage=1; APSERVER_ID=acd628d4cdeaee0c07972192358cf23655d9939a266ac82ad74f65ff84c70bbd"
104.222.43.57 - - [21/Nov/2019:05:20:46 +0100] "GET /wp-content/uploads/2019/05/cropped-favicon-nuevo-logo-amazinf-128px-32x32.png HTTP/1.1" 200 4392 "-" "Mozilla/5.0 (Windows NT 10.0; Win64; x64; rv:64.0) Gecko/20100101 Firefox/64.0" "-"
217.76.130.90 - - [21/Nov/2019:05:44:46 +0100] "POST /wp-cron.php?doing_wp_cron=1574311486.3022019863128662109375 HTTP/1.1" 200 3389 "https://amazingsportwear.com/wp-cron.php?doing_wp_cron=1574311486.3022019863128662109375" "WordPress/5.2.4; https://amazingsportwear.com" "-"
157.55.39.15 - - [21/Nov/2019:05:44:44 +0100] "GET /robots.txt HTTP/1.1" 200 2297 "-" "Mozilla/5.0 (compatible; bingbot/2.0; +http://www.bing.com/bingbot.htm)" "-"
157.55.39.15 - - [21/Nov/2019:05:44:47 +0100] "GET /robots.txt HTTP/1.1" 200 3939 "-" "Mozilla/5.0 (compatible; bingbot/2.0; +http://www.bing.com/bingbot.htm)" "-"
207.46.13.140 - - [21/Nov/2019:05:44:47 +0100] "GET /etiqueta-producto/bidon-halmik/ HTTP/1.1" 200 53905 "-" "Mozilla/5.0 (compatible; bingbot/2.0; +http://www.bing.com/bingbot.htm)" "-"
177.229.24.85 - - [21/Nov/2019:05:46:56 +0100] "GET /wp-content/uploads/2019/04/Gorra-sport-10.png HTTP/1.1" 200 60426 "https://www.google.com.mx/" "Mozilla/5.0 (Windows NT 10.0; Win64; x64) AppleWebKit/537.36 (KHTML, like Gecko) Chrome/78.0.3904.97 Safari/537.36" "-"
217.76.130.90 - - [21/Nov/2019:05:47:50 +0100] "POST /wp-cron.php?doing_wp_cron=1574311670.9121260643005371093750 HTTP/1.1" 200 3389 "https://amazingsportwear.com/wp-cron.php?doing_wp_cron=1574311670.9121260643005371093750" "WordPress/5.2.4; https://amazingsportwear.com" "-"
207.46.13.60 - - [21/Nov/2019:05:47:49 +0100] "GET /tienda/229-polo-tecnico-prescott-mujer-pf-39087.html HTTP/1.1" 404 72324 "-" "Mozilla/5.0 (compatible; bingbot/2.0; +http://www.bing.com/bingbot.htm)" "-"
181.46.136.72 - - [21/Nov/2019:05:51:44 +0100] "GET /wp-content/uploads/2019/07/slider4.jpg HTTP/1.1" 200 373113 "https://www.google.com/blank.html" "Mozilla/5.0 (Linux; Android 6.0.1; SM-J710MN Build/MMB29K; wv) AppleWebKit/537.36 (KHTML, like Gecko) Version/4.0 Chrome/78.0.3904.62 Mobile Safari/537.36 GSA/10.81.10.21.arm" "-"
181.46.136.72 - - [21/Nov/2019:05:51:52 +0100] "GET /wp-content/uploads/2019/07/slider4.jpg HTTP/1.1" 200 373075 "-" "AndroidDownloadManager/6.0.1 (Linux; U; Android 6.0.1; SM-J710MN Build/MMB29K)" "-"
217.76.130.90 - - [21/Nov/2019:05:52:57 +0100] "POST /wp-cron.php?doing_wp_cron=1574311977.3884179592132568359375 HTTP/1.1" 200 164 "http://amazingsportwear.com/wp-cron.php?doing_wp_cron=1574311977.3884179592132568359375" "WordPress/5.2.4; https://amazingsportwear.com" "-"
104.222.43.202 - - [21/Nov/2019:05:52:56 +0100] "GET / HTTP/1.1" 301 336 "-" "Mozilla/5.0 (Windows NT 10.0; Win64; x64; rv:64.0) Gecko/20100101 Firefox/64.0" "-"
23.239.180.10 - - [21/Nov/2019:05:52:58 +0100] "GET / HTTP/1.1" 200 125580 "-" "Mozilla/5.0 (Windows NT 10.0; Win64; x64; rv:64.0) Gecko/20100101 Firefox/64.0" "wpfront-notification-bar-landingpage=1; APSERVER_ID=a8e7185b6cc0ea74fea55b9e8723c4e92d20e9896d04aeda6fd96afc479cd8cd"
23.226.211.145 - - [21/Nov/2019:05:53:06 +0100] "GET /wp-content/uploads/2019/05/cropped-favicon-nuevo-logo-amazinf-128px-32x32.png HTTP/1.1" 200 4392 "-" "Mozilla/5.0 (Windows NT 10.0; Win64; x64; rv:64.0) Gecko/20100101 Firefox/64.0" "-"
217.76.130.90 - - [21/Nov/2019:06:12:46 +0100] "POST /wp-cron.php?doing_wp_cron=1574313166.7305269241333007812500 HTTP/1.1" 200 3389 "https://amazingsportwear.com/wp-cron.php?doing_wp_cron=1574313166.7305269241333007812500" "WordPress/5.2.4; https://amazingsportwear.com" "-"
199.59.150.181 - - [21/Nov/2019:06:12:44 +0100] "GET /robots.txt HTTP/1.1" 200 3687 "-" "Twitterbot/1.0" "-"
199.59.150.181 - - [21/Nov/2019:06:12:47 +0100] "GET / HTTP/1.1" 200 122339 "-" "Twitterbot/1.0" "-"
217.76.130.90 - - [21/Nov/2019:06:16:26 +0100] "POST /wp-cron.php?doing_wp_cron=1574313386.6442759037017822265625 HTTP/1.1" 200 3389 "https://amazingsportwear.com/wp-cron.php?doing_wp_cron=1574313386.6442759037017822265625" "WordPress/5.2.4; https://amazingsportwear.com" "-"
207.46.13.60 - - [21/Nov/2019:06:16:25 +0100] "GET /producto/mochila-jeremy/ HTTP/1.1" 200 96053 "-" "Mozilla/5.0 (compatible; bingbot/2.0; +http://www.bing.com/bingbot.htm)" "-"
217.76.130.90 - - [21/Nov/2019:06:35:23 +0100] "POST /wp-cron.php?doing_wp_cron=1574314523.3655259609222412109375 HTTP/1.1" 200 164 "http://amazingsportwear.com/wp-cron.php?doing_wp_cron=1574314523.3655259609222412109375" "WordPress/5.2.4; https://amazingsportwear.com" "-"
43.241.71.124 - - [21/Nov/2019:06:35:22 +0100] "GET / HTTP/1.0" 301 265 "http://amazingsportwear.com/" "Mozilla/5.0 (Windows NT 10.0; Win64; x64) AppleWebKit/537.36 (KHTML, like Gecko) Chrome/68.0.3440.75 Safari/537.36" "-"
43.241.71.124 - - [21/Nov/2019:06:35:25 +0100] "GET / HTTP/1.0" 200 124710 "https://amazingsportwear.com/" "Mozilla/5.0 (Windows NT 10.0; Win64; x64) AppleWebKit/537.36 (KHTML, like Gecko) Chrome/68.0.3440.75 Safari/537.36" "wpfront-notification-bar-landingpage=1"
43.241.71.124 - - [21/Nov/2019:06:35:31 +0100] "POST / HTTP/1.0" 200 125560 "https://amazingsportwear.com/" "Mozilla/5.0 (Windows NT 10.0; Win64; x64) AppleWebKit/537.36 (KHTML, like Gecko) Chrome/68.0.3440.75 Safari/537.36" "wpfront-notification-bar-landingpage=1"
217.76.130.90 - - [21/Nov/2019:06:51:39 +0100] "POST /wp-cron.php?doing_wp_cron=1574315499.0008349418640136718750 HTTP/1.1" 200 164 "http://amazingsportwear.com/wp-cron.php?doing_wp_cron=1574315499.0008349418640136718750" "WordPress/5.2.4; https://amazingsportwear.com" "-"
104.222.43.100 - - [21/Nov/2019:06:51:37 +0100] "GET / HTTP/1.1" 301 336 "-" "Mozilla/5.0 (Windows NT 10.0; Win64; x64; rv:64.0) Gecko/20100101 Firefox/64.0" "-"
104.222.33.139 - - [21/Nov/2019:06:51:40 +0100] "GET / HTTP/1.1" 200 125565 "-" "Mozilla/5.0 (Windows NT 10.0; Win64; x64; rv:64.0) Gecko/20100101 Firefox/64.0" "wpfront-notification-bar-landingpage=1; APSERVER_ID=ad17b2c91a1d024e851c30be6789e0c6fb34501df894f481acf2d36eee7320c0"
104.222.43.73 - - [21/Nov/2019:06:51:43 +0100] "GET /wp-content/uploads/2019/05/cropped-favicon-nuevo-logo-amazinf-128px-32x32.png HTTP/1.1" 200 4392 "-" "Mozilla/5.0 (Windows NT 10.0; Win64; x64; rv:64.0) Gecko/20100101 Firefox/64.0" "-"
217.76.130.90 - - [21/Nov/2019:06:52:57 +0100] "POST /wp-cron.php?doing_wp_cron=1574315577.8139290809631347656250 HTTP/1.1" 200 3389 "https://amazingsportwear.com/wp-cron.php?doing_wp_cron=1574315577.8139290809631347656250" "WordPress/5.2.4; https://amazingsportwear.com" "-"
40.77.167.93 - - [21/Nov/2019:06:52:57 +0100] "GET /23-ofertas HTTP/1.1" 404 72244 "-" "Mozilla/5.0 (compatible; bingbot/2.0; +http://www.bing.com/bingbot.htm)" "-"
217.76.130.90 - - [21/Nov/2019:06:54:50 +0100] "POST /wp-cron.php?doing_wp_cron=1574315690.8916380405426025390625 HTTP/1.1" 200 3389 "https://amazingsportwear.com/wp-cron.php?doing_wp_cron=1574315690.8916380405426025390625" "WordPress/5.2.4; https://amazingsportwear.com" "-"
207.46.13.60 - - [21/Nov/2019:06:54:50 +0100] "GET /etiqueta-producto/bidon-sumo/ HTTP/1.1" 200 53843 "-" "Mozilla/5.0 (compatible; bingbot/2.0; +http://www.bing.com/bingbot.htm)" "-"
217.76.130.90 - - [21/Nov/2019:06:55:57 +0100] "POST /wp-cron.php?doing_wp_cron=1574315757.8802659511566162109375 HTTP/1.1" 200 3389 "https://amazingsportwear.com/wp-cron.php?doing_wp_cron=1574315757.8802659511566162109375" "WordPress/5.2.4; https://amazingsportwear.com" "-"
199.59.150.181 - - [21/Nov/2019:06:55:57 +0100] "GET /robots.txt HTTP/1.1" 200 3687 "-" "Twitterbot/1.0" "-"
199.59.150.181 - - [21/Nov/2019:06:55:58 +0100] "GET /wp-content/uploads/2019/07/buff-bandana-300x123.jpg HTTP/1.1" 200 15803 "-" "Twitterbot/1.0" "-"
217.76.130.90 - - [21/Nov/2019:06:58:06 +0100] "POST /wp-cron.php?doing_wp_cron=1574315886.8749890327453613281250 HTTP/1.1" 200 3389 "https://amazingsportwear.com/wp-cron.php?doing_wp_cron=1574315886.8749890327453613281250" "WordPress/5.2.4; https://amazingsportwear.com" "-"
207.46.13.60 - - [21/Nov/2019:06:58:06 +0100] "GET /tienda/331-bidon-vandix.html HTTP/1.1" 404 72286 "-" "Mozilla/5.0 (compatible; bingbot/2.0; +http://www.bing.com/bingbot.htm)" "-"
179.7.225.219 - - [21/Nov/2019:07:08:29 +0100] "GET /wp-content/uploads/2019/04/Llavero-metalico-futbol-3.png HTTP/1.1" 200 46821 "https://www.google.com/" "Mozilla/5.0 (Windows NT 6.1) AppleWebKit/537.36 (KHTML, like Gecko) Chrome/78.0.3904.97 Safari/537.36" "-"
217.76.130.90 - - [21/Nov/2019:07:22:39 +0100] "POST /wp-cron.php?doing_wp_cron=1574317359.3724699020385742187500 HTTP/1.1" 200 3389 "https://amazingsportwear.com/wp-cron.php?doing_wp_cron=1574317359.3724699020385742187500" "WordPress/5.2.4; https://amazingsportwear.com" "-"
40.77.167.93 - - [21/Nov/2019:07:22:37 +0100] "GET /comparativa-productos HTTP/1.1" 404 72251 "-" "Mozilla/5.0 (compatible; bingbot/2.0; +http://www.bing.com/bingbot.htm)" "-"
170.51.180.101 - - [21/Nov/2019:07:28:09 +0100] "GET /wp-content/uploads/2017/01/maillot-largo1.jpg HTTP/1.1" 200 156775 "https://www.google.com/" "Mozilla/5.0 (Windows NT 10.0; Win64; x64) AppleWebKit/537.36 (KHTML, like Gecko) Chrome/78.0.3904.108 Safari/537.36" "-"
217.76.130.90 - - [21/Nov/2019:07:35:52 +0100] "POST /wp-cron.php?doing_wp_cron=1574318152.3407099246978759765625 HTTP/1.1" 200 164 "http://amazingsportwear.com/wp-cron.php?doing_wp_cron=1574318152.3407099246978759765625" "WordPress/5.2.4; https://amazingsportwear.com" "-"
23.226.211.251 - - [21/Nov/2019:07:35:51 +0100] "GET / HTTP/1.1" 301 336 "-" "Mozilla/5.0 (Windows NT 6.1; WOW64; rv:27.0) Gecko/20100101 Firefox/27.0" "-"
217.76.130.90 - - [21/Nov/2019:07:37:53 +0100] "POST /wp-cron.php?doing_wp_cron=1574318273.4024610519409179687500 HTTP/1.1" 200 3389 "https://amazingsportwear.com/wp-cron.php?doing_wp_cron=1574318273.4024610519409179687500" "WordPress/5.2.4; https://amazingsportwear.com" "-"
66.249.65.114 - - [21/Nov/2019:07:37:52 +0100] "GET /author/emarketing2/ HTTP/1.1" 200 64491 "-" "Mozilla/5.0 (compatible; Googlebot/2.1; +http://www.google.com/bot.html)" "-"
187.190.76.18 - - [21/Nov/2019:07:45:11 +0100] "GET /wp-content/uploads/2019/04/Gorra-sport-10.png HTTP/1.1" 200 60426 "https://www.google.com/" "Mozilla/5.0 (Windows NT 10.0; Win64; x64) AppleWebKit/537.36 (KHTML, like Gecko) Chrome/78.0.3904.97 Safari/537.36" "-"
217.76.130.90 - - [21/Nov/2019:08:15:17 +0100] "POST /wp-cron.php?doing_wp_cron=1574320517.7984459400177001953125 HTTP/1.1" 200 3389 "https://amazingsportwear.com/wp-cron.php?doing_wp_cron=1574320517.7984459400177001953125" "WordPress/5.2.4; https://amazingsportwear.com" "-"
31.13.103.24 - - [21/Nov/2019:08:15:16 +0100] "GET / HTTP/1.1" 200 125550 "-" "facebookexternalhit/1.1 (+http://www.facebook.com/externalhit_uatext.php)" "-"
31.13.103.21 - - [21/Nov/2019:08:15:19 +0100] "GET /contacta-con-nosotros HTTP/1.1" 301 319 "-" "facebookexternalhit/1.1 (+http://www.facebook.com/externalhit_uatext.php)" "-"
31.13.103.20 - - [21/Nov/2019:08:15:20 +0100] "GET /contacta-con-nosotros HTTP/1.1" 301 319 "-" "facebookexternalhit/1.1 (+http://www.facebook.com/externalhit_uatext.php)" "-"
31.13.103.5 - - [21/Nov/2019:08:15:20 +0100] "GET /contacta-con-nosotros HTTP/1.1" 301 319 "-" "facebookexternalhit/1.1 (+http://www.facebook.com/externalhit_uatext.php)" "-"
31.13.103.21 - - [21/Nov/2019:08:15:20 +0100] "GET /contacta-con-nosotros/ HTTP/1.1" 200 58151 "-" "facebookexternalhit/1.1 (+http://www.facebook.com/externalhit_uatext.php)" "-"
31.13.103.20 - - [21/Nov/2019:08:15:21 +0100] "GET /contacta-con-nosotros/ HTTP/1.1" 200 58216 "-" "facebookexternalhit/1.1 (+http://www.facebook.com/externalhit_uatext.php)" "-"
31.13.103.5 - - [21/Nov/2019:08:15:21 +0100] "GET /contacta-con-nosotros/ HTTP/1.1" 200 58191 "-" "facebookexternalhit/1.1 (+http://www.facebook.com/externalhit_uatext.php)" "-"
217.76.130.90 - - [21/Nov/2019:08:31:59 +0100] "POST /wp-cron.php?doing_wp_cron=1574321519.8735558986663818359375 HTTP/1.1" 200 164 "http://amazingsportwear.com/wp-cron.php?doing_wp_cron=1574321519.8735558986663818359375" "WordPress/5.2.4; https://amazingsportwear.com" "-"
207.46.13.140 - - [21/Nov/2019:08:31:59 +0100] "GET / HTTP/1.1" 301 336 "-" "Mozilla/5.0 (compatible; bingbot/2.0; +http://www.bing.com/bingbot.htm)" "-"
217.76.130.90 - - [21/Nov/2019:08:38:58 +0100] "POST /wp-cron.php?doing_wp_cron=1574321938.8767640590667724609375 HTTP/1.1" 200 3389 "https://amazingsportwear.com/wp-cron.php?doing_wp_cron=1574321938.8767640590667724609375" "WordPress/5.2.4; https://amazingsportwear.com" "-"
157.55.39.141 - - [21/Nov/2019:08:38:57 +0100] "GET /producto/soporte-monedero-donic/ HTTP/1.1" 200 99220 "-" "Mozilla/5.0 (compatible; bingbot/2.0; +http://www.bing.com/bingbot.htm)" "-"
217.76.130.90 - - [21/Nov/2019:08:57:28 +0100] "POST /wp-cron.php?doing_wp_cron=1574323048.8938570022583007812500 HTTP/1.1" 200 164 "http://amazingsportwear.com/wp-cron.php?doing_wp_cron=1574323048.8938570022583007812500" "WordPress/5.2.4; https://amazingsportwear.com" "-"
188.213.14.207 - - [21/Nov/2019:08:57:26 +0100] "GET /index.php? HTTP/1.1" 301 336 "-" "Mozilla/5.0 (Macintosh; Intel Mac OS X 10_14_5) AppleWebKit/605.1.15 (KHTML, like Gecko)" "-"
188.213.14.207 - - [21/Nov/2019:08:57:29 +0100] "GET / HTTP/1.1" 200 125648 "-" "Mozilla/5.0 (Macintosh; Intel Mac OS X 10_14_5) AppleWebKit/605.1.15 (KHTML, like Gecko)" "-"
188.213.14.207 - - [21/Nov/2019:08:57:30 +0100] "GET /wp-content/uploads/2019/05/cropped-favicon-nuevo-logo-amazinf-128px-180x180.png HTTP/1.1" 200 13234 "-" "Safari/14607.2.6.1.1 CFNetwork/978.0.7 Darwin/18.6.0 (x86_64)" "-"
114.105.186.169 - - [21/Nov/2019:09:31:20 +0100] "GET /wp-content/uploads/2019/03/SA-1113-1-300x300.png HTTP/1.1" 200 81305 "-" "Mozilla/5.0 (Linux; Android 7.0; FRD-AL00 Build/HUAWEIFRD-AL00; wv) AppleWebKit/537.36 (KHTML, like Gecko) Version/4.0 Chrome/53.0.2785.49 Mobile MQQBrowser/6.2 TBS/043602 Safari/537.36 MicroMessenger/6.5.16.1120 NetType/WIFI Language/zh_CN" "-"
42.242.10.107 - - [21/Nov/2019:09:32:02 +0100] "GET /wp-content/uploads/2017/03/ENY-ARABIA-MUJER-781.jpg HTTP/1.1" 200 92765 "-" "Mozilla/5.0(Linux;Android 5.1.1;OPPO A33 Build/LMY47V;wv) AppleWebKit/537.36(KHTML,link Gecko) Version/4.0 Chrome/43.0.2357.121 Mobile Safari/537.36 LieBaoFast/4.51.3" "-"
217.76.130.90 - - [21/Nov/2019:10:02:13 +0100] "POST /wp-cron.php?doing_wp_cron=1574326933.0368540287017822265625 HTTP/1.1" 200 3389 "https://amazingsportwear.com/wp-cron.php?doing_wp_cron=1574326933.0368540287017822265625" "WordPress/5.2.4; https://amazingsportwear.com" "-"
17.58.96.188 - - [21/Nov/2019:10:02:07 +0100] "GET /categoria-producto/deportes/ciclismo/ HTTP/1.1" 200 64034 "-" "Mozilla/5.0 (Macintosh; Intel Mac OS X 10_10_1) AppleWebKit/600.2.5 (KHTML, like Gecko) Version/8.0.2 Safari/600.2.5 (Applebot/0.1; +http://www.apple.com/go/applebot)" "-"
217.76.130.90 - - [21/Nov/2019:10:02:19 +0100] "POST /wp-admin/admin-ajax.php?action=wp_1_wc_privacy_cleanup&nonce=2770231ae9 HTTP/1.1" 200 3711 "https://amazingsportwear.com/wp-admin/admin-ajax.php?action=wp_1_wc_privacy_cleanup&nonce=2770231ae9" "WordPress/5.2.4; https://amazingsportwear.com" "-"
217.76.130.90 - - [21/Nov/2019:10:24:21 +0100] "POST /wp-cron.php?doing_wp_cron=1574328261.5841119289398193359375 HTTP/1.1" 200 3389 "https://amazingsportwear.com/wp-cron.php?doing_wp_cron=1574328261.5841119289398193359375" "WordPress/5.2.4; https://amazingsportwear.com" "-"
207.46.13.60 - - [21/Nov/2019:10:24:17 +0100] "GET /tienda/388-gorra-five.html HTTP/1.1" 404 72297 "-" "Mozilla/5.0 (compatible; bingbot/2.0; +http://www.bing.com/bingbot.htm)" "-"
42.236.210.60 - - [21/Nov/2019:10:27:53 +0100] "GET /wp-content/uploads/2019/04/linterna-biddick-4.png HTTP/1.1" 200 33044 "-" "Mozilla/5.0 (Linux; Android 7.0; FRD-AL00 Build/HUAWEIFRD-AL00; wv) AppleWebKit/537.36 (KHTML, like Gecko) Version/4.0 Chrome/53.0.2785.49 Mobile MQQBrowser/6.2 TBS/043602 Safari/537.36 MicroMessenger/6.5.16.1120 NetType/WIFI Language/zh_CN" "-"
217.76.130.90 - - [21/Nov/2019:10:28:04 +0100] "POST /wp-cron.php?doing_wp_cron=1574328484.4097249507904052734375 HTTP/1.1" 200 3389 "https://amazingsportwear.com/wp-cron.php?doing_wp_cron=1574328484.4097249507904052734375" "WordPress/5.2.4; https://amazingsportwear.com" "-"
180.152.28.95 - - [21/Nov/2019:10:28:03 +0100] "GET /etiqueta-producto/camiseta-bandera HTTP/1.1" 301 3558 "-" "Mozilla/5.0(Linux;Android 5.1.1;OPPO A33 Build/LMY47V;wv) AppleWebKit/537.36(KHTML,link Gecko) Version/4.0 Chrome/42.0.2311.138 Mobile Safari/537.36 Mb2345Browser/9.0" "-"
113.69.227.251 - - [21/Nov/2019:10:28:04 +0100] "GET /producto/brazalete-con-luz-pf-11811001 HTTP/1.1" 301 3562 "-" "Mozilla/5.0(Linux;Android 5.1.1;OPPO A33 Build/LMY47V;wv) AppleWebKit/537.36(KHTML,link Gecko) Version/4.0 Chrome/42.0.2311.138 Mobile Safari/537.36 Mb2345Browser/9.0" "-"
180.152.28.95 - - [21/Nov/2019:10:28:06 +0100] "GET /etiqueta-producto/camiseta-bandera/ HTTP/1.1" 200 55689 "-" "Mozilla/5.0(Linux;Android 5.1.1;OPPO A33 Build/LMY47V;wv) AppleWebKit/537.36(KHTML,link Gecko) Version/4.0 Chrome/42.0.2311.138 Mobile Safari/537.36 Mb2345Browser/9.0" "wpfront-notification-bar-landingpage=1"
222.220.153.179 - - [21/Nov/2019:10:28:11 +0100] "GET /producto/pantalon-corto-futbol-2 HTTP/1.1" 301 3556 "-" "Mozilla/5.0 (Linux; Android 7.0; FRD-AL00 Build/HUAWEIFRD-AL00; wv) AppleWebKit/537.36 (KHTML, like Gecko) Version/4.0 Chrome/53.0.2785.49 Mobile MQQBrowser/6.2 TBS/043602 Safari/537.36 MicroMessenger/6.5.16.1120 NetType/WIFI Language/zh_CN" "-"
14.106.106.239 - - [21/Nov/2019:10:28:11 +0100] "GET /etiqueta-producto/camiseta-rox HTTP/1.1" 301 3554 "-" "Mozilla/5.0(Linux;Android 5.1.1;OPPO A33 Build/LMY47V;wv) AppleWebKit/537.36(KHTML,link Gecko) Version/4.0 Chrome/43.0.2357.121 Mobile Safari/537.36 LieBaoFast/4.51.3" "-"
14.106.106.239 - - [21/Nov/2019:10:28:18 +0100] "GET /etiqueta-producto/camiseta-rox/ HTTP/1.1" 200 53821 "-" "Mozilla/5.0(Linux;Android 5.1.1;OPPO A33 Build/LMY47V;wv) AppleWebKit/537.36(KHTML,link Gecko) Version/4.0 Chrome/43.0.2357.121 Mobile Safari/537.36 LieBaoFast/4.51.3" "wpfront-notification-bar-landingpage=1"
106.59.35.151 - - [21/Nov/2019:10:28:21 +0100] "GET /wp-content/uploads/2017/03/aq-cyber-colores-1.jpg HTTP/1.1" 200 16779 "-" "Mozilla/5.0(Linux;U;Android 5.1.1;zh-CN;OPPO A33 Build/LMY47V) AppleWebKit/537.36(KHTML,like Gecko) Version/4.0 Chrome/40.0.2214.89 UCBrowser/11.7.0.953 Mobile Safari/537.36" "-"
113.69.227.251 - - [21/Nov/2019:10:28:10 +0100] "GET /producto/brazalete-con-luz-pf-11811001/ HTTP/1.1" 200 93514 "-" "Mozilla/5.0(Linux;Android 5.1.1;OPPO A33 Build/LMY47V;wv) AppleWebKit/537.36(KHTML,link Gecko) Version/4.0 Chrome/42.0.2311.138 Mobile Safari/537.36 Mb2345Browser/9.0" "wpfront-notification-bar-landingpage=1"
182.111.48.174 - - [21/Nov/2019:10:28:33 +0100] "GET /wp-content/uploads/2019/04/AQUA-10043400-TRANSPARENTE-DISE%C3%91O-300x300.png HTTP/1.1" 200 51699 "-" "Mozilla/5.0 (Linux; Android 7.0; FRD-AL00 Build/HUAWEIFRD-AL00; wv) AppleWebKit/537.36 (KHTML, like Gecko) Version/4.0 Chrome/53.0.2785.49 Mobile MQQBrowser/6.2 TBS/043602 Safari/537.36 MicroMessenger/6.5.16.1120 NetType/WIFI Language/zh_CN" "-"
49.83.63.57 - - [21/Nov/2019:10:28:48 +0100] "GET /img/cms/epic.png HTTP/1.1" 404 72030 "-" "Mozilla/5.0(Linux;Android 5.1.1;OPPO A33 Build/LMY47V;wv) AppleWebKit/537.36(KHTML,link Gecko) Version/4.0 Chrome/42.0.2311.138 Mobile Safari/537.36 Mb2345Browser/9.0" "-"
114.107.151.91 - - [21/Nov/2019:10:29:03 +0100] "GET /wp-content/uploads/2017/03/aq-giro-woman-mujer-267x300.jpg HTTP/1.1" 200 49798 "-" "Mozilla/5.0(Linux;Android 5.1.1;OPPO A33 Build/LMY47V;wv) AppleWebKit/537.36(KHTML,link Gecko) Version/4.0 Chrome/43.0.2357.121 Mobile Safari/537.36 LieBaoFast/4.51.3" "-"
217.76.130.90 - - [21/Nov/2019:10:29:15 +0100] "POST /wp-cron.php?doing_wp_cron=1574328555.8837969303131103515625 HTTP/1.1" 200 3389 "https://amazingsportwear.com/wp-cron.php?doing_wp_cron=1574328555.8837969303131103515625" "WordPress/5.2.4; https://amazingsportwear.com" "-"
60.169.221.8 - - [21/Nov/2019:10:29:15 +0100] "GET /etiqueta-producto/camiseta-nadia HTTP/1.1" 301 3556 "-" "Mozilla/5.0 (Linux; Android 7.0; FRD-AL00 Build/HUAWEIFRD-AL00; wv) AppleWebKit/537.36 (KHTML, like Gecko) Version/4.0 Chrome/53.0.2785.49 Mobile MQQBrowser/6.2 TBS/043602 Safari/537.36 MicroMessenger/6.5.16.1120 NetType/WIFI Language/zh_CN" "-"
175.155.51.159 - - [21/Nov/2019:10:29:18 +0100] "GET /wp-content/uploads/2017/04/aq-polo-sport-rojo.jpg HTTP/1.1" 200 22367 "-" "Mozilla/5.0(Linux;Android 5.1.1;OPPO A33 Build/LMY47V;wv) AppleWebKit/537.36(KHTML,link Gecko) Version/4.0 Chrome/43.0.2357.121 Mobile Safari/537.36 LieBaoFast/4.51.3" "-"
60.169.221.8 - - [21/Nov/2019:10:29:29 +0100] "GET /etiqueta-producto/camiseta-nadia/ HTTP/1.1" 200 53921 "-" "Mozilla/5.0 (Linux; Android 7.0; FRD-AL00 Build/HUAWEIFRD-AL00; wv) AppleWebKit/537.36 (KHTML, like Gecko) Version/4.0 Chrome/53.0.2785.49 Mobile MQQBrowser/6.2 TBS/043602 Safari/537.36 MicroMessenger/6.5.16.1120 NetType/WIFI Language/zh_CN" "wpfront-notification-bar-landingpage=1"
113.138.128.58 - - [21/Nov/2019:10:29:46 +0100] "GET /2016 HTTP/1.1" 301 3528 "-" "Mozilla/5.0 (Linux; Android 7.0; FRD-AL00 Build/HUAWEIFRD-AL00; wv) AppleWebKit/537.36 (KHTML, like Gecko) Version/4.0 Chrome/53.0.2785.49 Mobile MQQBrowser/6.2 TBS/043602 Safari/537.36 MicroMessenger/6.5.16.1120 NetType/WIFI Language/zh_CN" "-"
113.138.128.58 - - [21/Nov/2019:10:29:51 +0100] "GET /2016/ HTTP/1.1" 200 69851 "-" "Mozilla/5.0 (Linux; Android 7.0; FRD-AL00 Build/HUAWEIFRD-AL00; wv) AppleWebKit/537.36 (KHTML, like Gecko) Version/4.0 Chrome/53.0.2785.49 Mobile MQQBrowser/6.2 TBS/043602 Safari/537.36 MicroMessenger/6.5.16.1120 NetType/WIFI Language/zh_CN" "wpfront-notification-bar-landingpage=1"
217.76.130.90 - - [21/Nov/2019:10:30:19 +0100] "POST /wp-cron.php?doing_wp_cron=1574328619.1212909221649169921875 HTTP/1.1" 200 164 "http://amazingsportwear.com/wp-cron.php?doing_wp_cron=1574328619.1212909221649169921875" "WordPress/5.2.4; https://amazingsportwear.com" "-"
23.239.180.193 - - [21/Nov/2019:10:30:18 +0100] "GET / HTTP/1.1" 301 336 "-" "Mozilla/5.0 (Windows NT 6.1; WOW64; rv:27.0) Gecko/20100101 Firefox/27.0" "-"
217.76.130.90 - - [21/Nov/2019:10:45:32 +0100] "POST /wp-cron.php?doing_wp_cron=1574329532.6605811119079589843750 HTTP/1.1" 200 3389 "https://amazingsportwear.com/wp-cron.php?doing_wp_cron=1574329532.6605811119079589843750" "WordPress/5.2.4; https://amazingsportwear.com" "-"
110.52.224.87 - - [21/Nov/2019:10:45:29 +0100] "GET /producto/camiseta-tecnica-manga-corta-delta-eny-delta HTTP/1.1" 301 3577 "-" "Mozilla/5.0(Linux;U;Android 5.1.1;zh-CN;OPPO A33 Build/LMY47V) AppleWebKit/537.36(KHTML,like Gecko) Version/4.0 Chrome/40.0.2214.89 UCBrowser/11.7.0.953 Mobile Safari/537.36" "-"
39.67.234.171 - - [21/Nov/2019:10:45:47 +0100] "GET /wp-content/uploads/2019/04/gorra-vorly-1.png HTTP/1.1" 200 85485 "-" "Mozilla/5.0(Linux;Android 5.1.1;OPPO A33 Build/LMY47V;wv) AppleWebKit/537.36(KHTML,link Gecko) Version/4.0 Chrome/42.0.2311.138 Mobile Safari/537.36 Mb2345Browser/9.0" "-"
110.52.224.87 - - [21/Nov/2019:10:45:42 +0100] "GET /producto/camiseta-tecnica-manga-corta-delta-eny-delta/ HTTP/1.1" 200 96745 "-" "Mozilla/5.0(Linux;U;Android 5.1.1;zh-CN;OPPO A33 Build/LMY47V) AppleWebKit/537.36(KHTML,like Gecko) Version/4.0 Chrome/40.0.2214.89 UCBrowser/11.7.0.953 Mobile Safari/537.36" "wpfront-notification-bar-landingpage=1"
36.250.152.170 - - [21/Nov/2019:10:45:54 +0100] "GET /wp-content/uploads/2019/04/Bolsa-bici-rigon-2.png HTTP/1.1" 200 112817 "-" "Mozilla/5.0(Linux;Android 5.1.1;OPPO A33 Build/LMY47V;wv) AppleWebKit/537.36(KHTML,link Gecko) Version/4.0 Chrome/43.0.2357.121 Mobile Safari/537.36 LieBaoFast/4.51.3" "-"
60.185.150.241 - - [21/Nov/2019:10:46:01 +0100] "GET /wp-content/uploads/2018/05/CIF-T-611-marino-300x300.jpg HTTP/1.1" 200 11967 "-" "Mozilla/5.0(Linux;U;Android 5.1.1;zh-CN;OPPO A33 Build/LMY47V) AppleWebKit/537.36(KHTML,like Gecko) Version/4.0 Chrome/40.0.2214.89 UCBrowser/11.7.0.953 Mobile Safari/537.36" "-"
217.76.130.90 - - [21/Nov/2019:10:46:08 +0100] "POST /wp-cron.php?doing_wp_cron=1574329568.1995739936828613281250 HTTP/1.1" 200 3389 "https://amazingsportwear.com/wp-cron.php?doing_wp_cron=1574329568.1995739936828613281250" "WordPress/5.2.4; https://amazingsportwear.com" "-"
120.228.124.113 - - [21/Nov/2019:10:46:07 +0100] "GET /etiqueta-producto/arabia HTTP/1.1" 301 3548 "-" "Mozilla/5.0 (Linux; Android 7.0; FRD-AL00 Build/HUAWEIFRD-AL00; wv) AppleWebKit/537.36 (KHTML, like Gecko) Version/4.0 Chrome/53.0.2785.49 Mobile MQQBrowser/6.2 TBS/043602 Safari/537.36 MicroMessenger/6.5.16.1120 NetType/WIFI Language/zh_CN" "-"
123.186.228.75 - - [21/Nov/2019:10:46:12 +0100] "GET /etiqueta-producto/camiseta-boomer HTTP/1.1" 301 3557 "-" "Mozilla/5.0(Linux;U;Android 5.1.1;zh-CN;OPPO A33 Build/LMY47V) AppleWebKit/537.36(KHTML,like Gecko) Version/4.0 Chrome/40.0.2214.89 UCBrowser/11.7.0.953 Mobile Safari/537.36" "-"
123.186.228.75 - - [21/Nov/2019:10:46:17 +0100] "GET /etiqueta-producto/camiseta-boomer/ HTTP/1.1" 200 55861 "-" "Mozilla/5.0(Linux;U;Android 5.1.1;zh-CN;OPPO A33 Build/LMY47V) AppleWebKit/537.36(KHTML,like Gecko) Version/4.0 Chrome/40.0.2214.89 UCBrowser/11.7.0.953 Mobile Safari/537.36" "wpfront-notification-bar-landingpage=1"
111.42.35.225 - - [21/Nov/2019:10:46:21 +0100] "GET /etiqueta-producto/arabia/ HTTP/1.1" 200 53722 "-" "Mozilla/5.0 (Linux; Android 7.0; FRD-AL00 Build/HUAWEIFRD-AL00; wv) AppleWebKit/537.36 (KHTML, like Gecko) Version/4.0 Chrome/53.0.2785.49 Mobile MQQBrowser/6.2 TBS/043602 Safari/537.36 MicroMessenger/6.5.16.1120 NetType/WIFI Language/zh_CN" "wpfront-notification-bar-landingpage=1"
120.80.41.224 - - [21/Nov/2019:10:46:50 +0100] "GET /producto/zapatillero-pirlo HTTP/1.1" 301 3550 "-" "Mozilla/5.0(Linux;Android 5.1.1;OPPO A33 Build/LMY47V;wv) AppleWebKit/537.36(KHTML,link Gecko) Version/4.0 Chrome/43.0.2357.121 Mobile Safari/537.36 LieBaoFast/4.51.3" "-"
116.55.140.66 - - [21/Nov/2019:10:46:55 +0100] "GET /producto/camiseta-manga-corta-tenis-pade HTTP/1.1" 301 3564 "-" "Mozilla/5.0(Linux;Android 5.1.1;OPPO A33 Build/LMY47V;wv) AppleWebKit/537.36(KHTML,link Gecko) Version/4.0 Chrome/42.0.2311.138 Mobile Safari/537.36 Mb2345Browser/9.0" "-"
217.76.130.90 - - [21/Nov/2019:10:47:05 +0100] "POST /wp-cron.php?doing_wp_cron=1574329625.9053530693054199218750 HTTP/1.1" 200 3389 "https://amazingsportwear.com/wp-cron.php?doing_wp_cron=1574329625.9053530693054199218750" "WordPress/5.2.4; https://amazingsportwear.com" "-"
120.80.41.224 - - [21/Nov/2019:10:47:05 +0100] "GET /producto/zapatillero-pirlo/ HTTP/1.1" 200 94665 "-" "Mozilla/5.0(Linux;Android 5.1.1;OPPO A33 Build/LMY47V;wv) AppleWebKit/537.36(KHTML,link Gecko) Version/4.0 Chrome/43.0.2357.121 Mobile Safari/537.36 LieBaoFast/4.51.3" "wpfront-notification-bar-landingpage=1"
116.55.140.66 - - [21/Nov/2019:10:47:18 +0100] "GET /producto/camiseta-manga-corta-tenis-pade/ HTTP/1.1" 200 93749 "-" "Mozilla/5.0(Linux;Android 5.1.1;OPPO A33 Build/LMY47V;wv) AppleWebKit/537.36(KHTML,link Gecko) Version/4.0 Chrome/42.0.2311.138 Mobile Safari/537.36 Mb2345Browser/9.0" "wpfront-notification-bar-landingpage=1"
217.76.130.90 - - [21/Nov/2019:11:24:25 +0100] "POST /wp-cron.php?doing_wp_cron=1574331865.3784151077270507812500 HTTP/1.1" 200 3389 "https://amazingsportwear.com/wp-cron.php?doing_wp_cron=1574331865.3784151077270507812500" "WordPress/5.2.4; https://amazingsportwear.com" "-"
66.249.65.116 - - [21/Nov/2019:11:24:13 +0100] "POST /?wc-ajax=get_refreshed_fragments HTTP/1.1" 200 4760 "https://amazingsportwear.com/producto/camiseta-tecnica-nath-electro/" "Mozilla/5.0 (Linux; Android 6.0.1; Nexus 5X Build/MMB29P) AppleWebKit/537.36 (KHTML, like Gecko) Chrome/41.0.2272.96 Mobile Safari/537.36 (compatible; Googlebot/2.1; +http://www.google.com/bot.html)" "_ga=GA1.2.969013651.1569110400; _gid=GA1.2.1978218920.1569110400; _gat_gtag_UA_91619287_1=1"
217.76.130.90 - - [21/Nov/2019:11:32:17 +0100] "POST /wp-cron.php?doing_wp_cron=1574332337.3919320106506347656250 HTTP/1.1" 200 164 "http://amazingsportwear.com/wp-cron.php?doing_wp_cron=1574332337.3919320106506347656250" "WordPress/5.2.4; https://amazingsportwear.com" "-"
40.77.167.165 - - [21/Nov/2019:11:32:15 +0100] "GET /tienda/180-cortavientos-kentacky-sa-5089.html HTTP/1.1" 404 68056 "-" "Mozilla/5.0 (compatible; bingbot/2.0; +http://www.bing.com/bingbot.htm)" "-"
217.76.130.90 - - [21/Nov/2019:11:40:40 +0100] "POST /wp-cron.php?doing_wp_cron=1574332840.6240470409393310546875 HTTP/1.1" 200 3389 "https://amazingsportwear.com/wp-cron.php?doing_wp_cron=1574332840.6240470409393310546875" "WordPress/5.2.4; https://amazingsportwear.com" "-"
66.249.65.116 - - [21/Nov/2019:11:40:39 +0100] "GET /buscar HTTP/1.1" 404 72256 "-" "Mozilla/5.0 (Linux; Android 6.0.1; Nexus 5X Build/MMB29P) AppleWebKit/537.36 (KHTML, like Gecko) Chrome/41.0.2272.96 Mobile Safari/537.36 (compatible; Googlebot/2.1; +http://www.google.com/bot.html)" "-"
217.76.130.90 - - [21/Nov/2019:11:42:37 +0100] "POST /wp-cron.php?doing_wp_cron=1574332957.8831210136413574218750 HTTP/1.1" 200 164 "http://amazingsportwear.com/wp-cron.php?doing_wp_cron=1574332957.8831210136413574218750" "WordPress/5.2.4; https://amazingsportwear.com" "-"
