222.220.109.140 - - [10/Dec/2019:03:48:49 +0100] "GET /etiqueta-producto/llavero-triumph HTTP/1.1" 301 3557 "-" "Mozilla/5.0(Linux;U;Android 5.1.1;zh-CN;OPPO A33 Build/LMY47V) AppleWebKit/537.36(KHTML,like Gecko) Version/4.0 Chrome/40.0.2214.89 UCBrowser/11.7.0.953 Mobile Safari/537.36" "-"
106.56.42.28 - - [10/Dec/2019:03:48:52 +0100] "GET /categoria-producto/deportes/ HTTP/1.1" 200 74138 "-" "Mozilla/5.0(Linux;U;Android 5.1.1;zh-CN;OPPO A33 Build/LMY47V) AppleWebKit/537.36(KHTML,like Gecko) Version/4.0 Chrome/40.0.2214.89 UCBrowser/11.7.0.953 Mobile Safari/537.36" "-"
222.220.109.140 - - [10/Dec/2019:03:48:56 +0100] "GET /etiqueta-producto/llavero-triumph/ HTTP/1.1" 200 53755 "-" "Mozilla/5.0(Linux;U;Android 5.1.1;zh-CN;OPPO A33 Build/LMY47V) AppleWebKit/537.36(KHTML,like Gecko) Version/4.0 Chrome/40.0.2214.89 UCBrowser/11.7.0.953 Mobile Safari/537.36" "wpfront-notification-bar-landingpage=1"
111.72.136.139 - - [10/Dec/2019:03:48:58 +0100] "GET /producto/chubasquero-escocia HTTP/1.1" 301 3552 "-" "Mozilla/5.0(Linux;Android 5.1.1;OPPO A33 Build/LMY47V;wv) AppleWebKit/537.36(KHTML,link Gecko) Version/4.0 Chrome/43.0.2357.121 Mobile Safari/537.36 LieBaoFast/4.51.3" "-"
106.46.161.3 - - [10/Dec/2019:03:49:01 +0100] "GET /categoria-producto/hombre/page/6 HTTP/1.1" 301 3556 "-" "Mozilla/5.0(Linux;Android 5.1.1;OPPO A33 Build/LMY47V;wv) AppleWebKit/537.36(KHTML,link Gecko) Version/4.0 Chrome/43.0.2357.121 Mobile Safari/537.36 LieBaoFast/4.51.3" "-"
217.76.130.90 - - [10/Dec/2019:03:49:07 +0100] "POST /wp-cron.php?doing_wp_cron=1575946147.1795210838317871093750 HTTP/1.1" 200 3389 "https://amazingsportwear.com/wp-cron.php?doing_wp_cron=1575946147.1795210838317871093750" "WordPress/5.2.4; https://amazingsportwear.com" "-"
106.46.161.3 - - [10/Dec/2019:03:49:06 +0100] "GET /categoria-producto/hombre/page/6/ HTTP/1.1" 200 78782 "-" "Mozilla/5.0(Linux;Android 5.1.1;OPPO A33 Build/LMY47V;wv) AppleWebKit/537.36(KHTML,link Gecko) Version/4.0 Chrome/43.0.2357.121 Mobile Safari/537.36 LieBaoFast/4.51.3" "wpfront-notification-bar-landingpage=1"
111.72.136.139 - - [10/Dec/2019:03:49:09 +0100] "GET /producto/chubasquero-escocia/ HTTP/1.1" 200 103102 "-" "Mozilla/5.0(Linux;Android 5.1.1;OPPO A33 Build/LMY47V;wv) AppleWebKit/537.36(KHTML,link Gecko) Version/4.0 Chrome/43.0.2357.121 Mobile Safari/537.36 LieBaoFast/4.51.3" "wpfront-notification-bar-landingpage=1"
217.76.130.90 - - [10/Dec/2019:03:54:37 +0100] "POST /wp-cron.php?doing_wp_cron=1575946477.8580789566040039062500 HTTP/1.1" 200 3389 "https://amazingsportwear.com/wp-cron.php?doing_wp_cron=1575946477.8580789566040039062500" "WordPress/5.2.4; https://amazingsportwear.com" "-"
40.77.167.38 - - [10/Dec/2019:03:54:35 +0100] "GET /producto/calcetin-deportivo-sublimado-bp-38040/ HTTP/1.1" 200 93855 "-" "Mozilla/5.0 (compatible; bingbot/2.0; +http://www.bing.com/bingbot.htm)" "-"
217.76.130.90 - - [10/Dec/2019:03:57:20 +0100] "POST /wp-cron.php?doing_wp_cron=1575946640.9424700736999511718750 HTTP/1.1" 200 3389 "https://amazingsportwear.com/wp-cron.php?doing_wp_cron=1575946640.9424700736999511718750" "WordPress/5.2.4; https://amazingsportwear.com" "-"
40.77.167.38 - - [10/Dec/2019:03:57:19 +0100] "GET /producto/fly-banner-tipo-surf-completo/feed/ HTTP/1.1" 200 4847 "-" "msnbot/2.0b (+http://search.msn.com/msnbot.htm)" "-"
217.76.130.90 - - [10/Dec/2019:04:00:21 +0100] "POST /wp-cron.php?doing_wp_cron=1575946821.4190630912780761718750 HTTP/1.1" 200 3389 "https://amazingsportwear.com/wp-cron.php?doing_wp_cron=1575946821.4190630912780761718750" "WordPress/5.2.4; https://amazingsportwear.com" "-"
40.77.191.34 - - [10/Dec/2019:04:00:20 +0100] "POST /?wc-ajax=get_refreshed_fragments HTTP/1.1" 200 4513 "https://amazingsportwear.com/producto/calcetin-deportivo-sublimado-bp-38040/" "Mozilla/5.0 (Windows NT 6.1; WOW64) AppleWebKit/534+ (KHTML, like Gecko) BingPreview/1.0b" "-"
217.76.130.90 - - [10/Dec/2019:04:02:20 +0100] "POST /wp-cron.php?doing_wp_cron=1575946939.8101699352264404296875 HTTP/1.1" 200 3389 "https://amazingsportwear.com/wp-cron.php?doing_wp_cron=1575946939.8101699352264404296875" "WordPress/5.2.4; https://amazingsportwear.com" "-"
40.77.167.38 - - [10/Dec/2019:04:02:19 +0100] "GET /producto/fly-banner-tipo-surf-completo/feed/ HTTP/1.1" 200 4847 "-" "msnbot/2.0b (+http://search.msn.com/msnbot.htm)" "-"
189.223.0.63 - - [10/Dec/2019:04:05:15 +0100] "GET /wp-content/uploads/2019/04/gorra-five-3.png HTTP/1.1" 200 84607 "https://www.google.com/" "Mozilla/5.0 (Windows NT 10.0; Win64; x64) AppleWebKit/537.36 (KHTML, like Gecko) Chrome/78.0.3904.108 Safari/537.36" "-"
189.223.0.63 - - [10/Dec/2019:04:05:15 +0100] "GET /wp-content/uploads/2019/04/gorra-bayon-6.png HTTP/1.1" 200 91841 "https://www.google.com/" "Mozilla/5.0 (Windows NT 10.0; Win64; x64) AppleWebKit/537.36 (KHTML, like Gecko) Chrome/78.0.3904.108 Safari/537.36" "-"
217.76.130.90 - - [10/Dec/2019:04:11:39 +0100] "POST /wp-cron.php?doing_wp_cron=1575947499.3675749301910400390625 HTTP/1.1" 200 3389 "https://amazingsportwear.com/wp-cron.php?doing_wp_cron=1575947499.3675749301910400390625" "WordPress/5.2.4; https://amazingsportwear.com" "-"
66.249.64.146 - - [10/Dec/2019:04:11:36 +0100] "GET /robots.txt HTTP/1.1" 200 3939 "-" "Mozilla/5.0 (compatible; Googlebot/2.1; +http://www.google.com/bot.html)" "-"
66.249.64.144 - - [10/Dec/2019:04:11:49 +0100] "GET /wp-content/uploads/2018/05/cp-lycra-2.jpg HTTP/1.1" 304 3565 "-" "Googlebot-Image/1.0" "-"
66.249.64.146 - - [10/Dec/2019:04:13:57 +0100] "GET /wp-content/uploads/2019/04/gorra-konlun-5-300x300.png HTTP/1.1" 304 3565 "-" "Googlebot-Image/1.0" "-"
217.76.130.90 - - [10/Dec/2019:04:16:45 +0100] "POST /wp-cron.php?doing_wp_cron=1575947805.1986830234527587890625 HTTP/1.1" 200 3389 "https://amazingsportwear.com/wp-cron.php?doing_wp_cron=1575947805.1986830234527587890625" "WordPress/5.2.4; https://amazingsportwear.com" "-"
66.249.64.146 - - [10/Dec/2019:04:16:43 +0100] "GET /categoria-producto/hombre/page/2/ HTTP/1.1" 200 78243 "-" "Mozilla/5.0 (Linux; Android 6.0.1; Nexus 5X Build/MMB29P) AppleWebKit/537.36 (KHTML, like Gecko) Chrome/41.0.2272.96 Mobile Safari/537.36 (compatible; Googlebot/2.1; +http://www.google.com/bot.html)" "-"
217.76.130.90 - - [10/Dec/2019:04:19:21 +0100] "POST /wp-cron.php?doing_wp_cron=1575947961.0825190544128417968750 HTTP/1.1" 200 164 "http://amazingsportwear.com/wp-cron.php?doing_wp_cron=1575947961.0825190544128417968750" "WordPress/5.2.4; https://amazingsportwear.com" "-"
213.132.114.90 - - [10/Dec/2019:04:19:20 +0100] "GET /wp-content/plugins/sploit/mini.php HTTP/1.1" 404 68039 "http://site.ru" "Mozilla/5.0 (Windows; U; Windows NT 5.1; en-US) AppleWebKit/533.4 (KHTML, like Gecko) Chrome/5.0.375.99 Safari/533.4" "-"
66.249.64.144 - - [10/Dec/2019:04:19:56 +0100] "POST /?wc-ajax=get_refreshed_fragments HTTP/1.1" 200 4760 "https://amazingsportwear.com/categoria-producto/hombre/page/2/" "Mozilla/5.0 (Linux; Android 6.0.1; Nexus 5X Build/MMB29P) AppleWebKit/537.36 (KHTML, like Gecko) Chrome/41.0.2272.96 Mobile Safari/537.36 (compatible; Googlebot/2.1; +http://www.google.com/bot.html)" "_ga=GA1.2.1884029788.1575936000; _gid=GA1.2.969013651.1575936000; _gat_gtag_UA_91619287_1=1"
217.76.130.90 - - [10/Dec/2019:04:26:50 +0100] "POST /wp-cron.php?doing_wp_cron=1575948410.8974220752716064453125 HTTP/1.1" 200 3389 "https://amazingsportwear.com/wp-cron.php?doing_wp_cron=1575948410.8974220752716064453125" "WordPress/5.2.4; https://amazingsportwear.com" "-"
17.58.96.177 - - [10/Dec/2019:04:26:49 +0100] "GET /categoria-producto/hombre/camisetas/ HTTP/1.1" 200 77071 "-" "Mozilla/5.0 (Macintosh; Intel Mac OS X 10_10_1) AppleWebKit/600.2.5 (KHTML, like Gecko) Version/8.0.2 Safari/600.2.5 (Applebot/0.1; +http://www.apple.com/go/applebot)" "-"
217.76.130.90 - - [10/Dec/2019:04:30:05 +0100] "POST /wp-cron.php?doing_wp_cron=1575948605.7104918956756591796875 HTTP/1.1" 200 3389 "https://amazingsportwear.com/wp-cron.php?doing_wp_cron=1575948605.7104918956756591796875" "WordPress/5.2.4; https://amazingsportwear.com" "-"
40.77.167.38 - - [10/Dec/2019:04:30:03 +0100] "GET /producto/bidon-halmik/feed/ HTTP/1.1" 200 4797 "-" "msnbot/2.0b (+http://search.msn.com/msnbot.htm)" "-"
54.38.42.163 - - [10/Dec/2019:04:31:01 +0100] "GET /img/amazing-logo-1485426812.png HTTP/1.1" 404 67996 "-" "-" "-"
217.76.130.90 - - [10/Dec/2019:04:31:04 +0100] "POST /wp-cron.php?doing_wp_cron=1575948664.0878601074218750000000 HTTP/1.1" 200 164 "http://amazingsportwear.com/wp-cron.php?doing_wp_cron=1575948664.0878601074218750000000" "WordPress/5.2.4; https://amazingsportwear.com" "-"
54.38.42.163 - - [10/Dec/2019:04:31:03 +0100] "GET /308-large_default/culoute-corto-triatlon.jpg HTTP/1.1" 404 68022 "-" "-" "-"
217.76.130.90 - - [10/Dec/2019:04:32:59 +0100] "POST /wp-cron.php?doing_wp_cron=1575948779.9289710521697998046875 HTTP/1.1" 200 3389 "https://amazingsportwear.com/wp-cron.php?doing_wp_cron=1575948779.9289710521697998046875" "WordPress/5.2.4; https://amazingsportwear.com" "-"
40.77.167.38 - - [10/Dec/2019:04:32:59 +0100] "GET /producto/bidon-halmik/feed/ HTTP/1.1" 200 4797 "-" "msnbot/2.0b (+http://search.msn.com/msnbot.htm)" "-"
217.76.130.90 - - [10/Dec/2019:04:36:35 +0100] "POST /wp-cron.php?doing_wp_cron=1575948995.5011820793151855468750 HTTP/1.1" 200 3389 "https://amazingsportwear.com/wp-cron.php?doing_wp_cron=1575948995.5011820793151855468750" "WordPress/5.2.4; https://amazingsportwear.com" "-"
66.249.64.144 - - [10/Dec/2019:04:36:34 +0100] "GET /etiqueta-producto/bolsa-kinser/ HTTP/1.1" 200 53967 "-" "Mozilla/5.0 (Linux; Android 6.0.1; Nexus 5X Build/MMB29P) AppleWebKit/537.36 (KHTML, like Gecko) Chrome/41.0.2272.96 Mobile Safari/537.36 (compatible; Googlebot/2.1; +http://www.google.com/bot.html)" "-"
217.76.130.90 - - [10/Dec/2019:04:39:29 +0100] "POST /wp-cron.php?doing_wp_cron=1575949169.9698169231414794921875 HTTP/1.1" 200 164 "http://amazingsportwear.com/wp-cron.php?doing_wp_cron=1575949169.9698169231414794921875" "WordPress/5.2.4; https://amazingsportwear.com" "-"
54.38.42.190 - - [10/Dec/2019:04:39:29 +0100] "GET /img/amazing-logo-1485426812.png HTTP/1.1" 404 67996 "-" "-" "-"
54.38.42.190 - - [10/Dec/2019:04:39:30 +0100] "GET /307-large_default/manguito-brazo-ciclismo.jpg HTTP/1.1" 404 68034 "-" "-" "-"
217.76.130.90 - - [10/Dec/2019:04:43:06 +0100] "POST /wp-cron.php?doing_wp_cron=1575949386.3209810256958007812500 HTTP/1.1" 200 164 "http://amazingsportwear.com/wp-cron.php?doing_wp_cron=1575949386.3209810256958007812500" "WordPress/5.2.4; https://amazingsportwear.com" "-"
54.37.22.169 - - [10/Dec/2019:04:43:05 +0100] "GET /img/amazing-logo-1485426812.png HTTP/1.1" 404 68031 "-" "-" "-"
54.37.22.169 - - [10/Dec/2019:04:43:06 +0100] "GET /747-large_default/camiseta-tecnica-mujer-janis-aq-janis.jpg HTTP/1.1" 404 68092 "-" "-" "-"
217.76.130.90 - - [10/Dec/2019:04:50:37 +0100] "POST /wp-cron.php?doing_wp_cron=1575949837.8911259174346923828125 HTTP/1.1" 200 3389 "https://amazingsportwear.com/wp-cron.php?doing_wp_cron=1575949837.8911259174346923828125" "WordPress/5.2.4; https://amazingsportwear.com" "-"
207.46.13.252 - - [10/Dec/2019:04:50:35 +0100] "GET /tienda/feed/ HTTP/1.1" 200 20240 "-" "msnbot/2.0b (+http://search.msn.com/msnbot.htm)" "-"
217.76.130.90 - - [10/Dec/2019:04:53:16 +0100] "POST /wp-cron.php?doing_wp_cron=1575949996.4457409381866455078125 HTTP/1.1" 200 3389 "https://amazingsportwear.com/wp-cron.php?doing_wp_cron=1575949996.4457409381866455078125" "WordPress/5.2.4; https://amazingsportwear.com" "-"
66.249.64.148 - - [10/Dec/2019:04:53:15 +0100] "GET /etiqueta-producto/mochila-tipo-saco/ HTTP/1.1" 200 57574 "-" "Mozilla/5.0 (Linux; Android 6.0.1; Nexus 5X Build/MMB29P) AppleWebKit/537.36 (KHTML, like Gecko) Chrome/41.0.2272.96 Mobile Safari/537.36 (compatible; Googlebot/2.1; +http://www.google.com/bot.html)" "-"
207.46.13.252 - - [10/Dec/2019:04:53:44 +0100] "GET /tienda/feed/ HTTP/1.1" 200 20240 "-" "msnbot/2.0b (+http://search.msn.com/msnbot.htm)" "-"
71.203.129.101 - - [10/Dec/2019:04:53:52 +0100] "GET /wp-content/uploads/2019/04/SA-1070-2.png HTTP/1.1" 200 175761 "https://www.google.com/" "Mozilla/5.0 (Macintosh; Intel Mac OS X 10_15) AppleWebKit/605.1.15 (KHTML, like Gecko) Version/13.0.1 Safari/605.1.15" "-"
217.76.130.90 - - [10/Dec/2019:05:00:04 +0100] "POST /wp-cron.php?doing_wp_cron=1575950404.5046360492706298828125 HTTP/1.1" 200 3389 "https://amazingsportwear.com/wp-cron.php?doing_wp_cron=1575950404.5046360492706298828125" "WordPress/5.2.4; https://amazingsportwear.com" "-"
207.46.13.252 - - [10/Dec/2019:05:00:02 +0100] "GET /categoria-producto/cinco/feed/ HTTP/1.1" 200 6893 "-" "msnbot/2.0b (+http://search.msn.com/msnbot.htm)" "-"
217.76.130.90 - - [10/Dec/2019:05:03:03 +0100] "POST /wp-cron.php?doing_wp_cron=1575950583.7163059711456298828125 HTTP/1.1" 200 3389 "https://amazingsportwear.com/wp-cron.php?doing_wp_cron=1575950583.7163059711456298828125" "WordPress/5.2.4; https://amazingsportwear.com" "-"
207.46.13.252 - - [10/Dec/2019:05:03:03 +0100] "GET /categoria-producto/cinco/feed/ HTTP/1.1" 200 6893 "-" "msnbot/2.0b (+http://search.msn.com/msnbot.htm)" "-"
186.6.165.135 - - [10/Dec/2019:05:08:53 +0100] "GET /wp-content/uploads/2019/04/Gorra-sport-6.png HTTP/1.1" 200 44623 "https://www.google.com/" "Mozilla/5.0 (Windows NT 6.2; Win64; x64) AppleWebKit/537.36 (KHTML, like Gecko) Chrome/78.0.3904.108 Safari/537.36" "-"
217.76.130.90 - - [10/Dec/2019:05:13:08 +0100] "POST /wp-cron.php?doing_wp_cron=1575951188.0199360847473144531250 HTTP/1.1" 200 164 "http://amazingsportwear.com/wp-cron.php?doing_wp_cron=1575951188.0199360847473144531250" "WordPress/5.2.4; https://amazingsportwear.com" "-"
40.77.167.38 - - [10/Dec/2019:05:13:06 +0100] "GET /atletismo/182-chaleco-cortavientos-sublimado-asw.html HTTP/1.1" 404 68072 "-" "Mozilla/5.0 (iPhone; CPU iPhone OS 7_0 like Mac OS X) AppleWebKit/537.51.1 (KHTML, like Gecko) Version/7.0 Mobile/11A465 Safari/9537.53 (compatible; bingbot/2.0; +http://www.bing.com/bingbot.htm)" "-"
217.76.130.90 - - [10/Dec/2019:05:21:19 +0100] "POST /wp-cron.php?doing_wp_cron=1575951679.5938138961791992187500 HTTP/1.1" 200 3389 "https://amazingsportwear.com/wp-cron.php?doing_wp_cron=1575951679.5938138961791992187500" "WordPress/5.2.4; https://amazingsportwear.com" "-"
40.77.167.186 - - [10/Dec/2019:05:21:18 +0100] "GET /sobre-nosotros/feed/ HTTP/1.1" 200 4837 "-" "msnbot/2.0b (+http://search.msn.com/msnbot.htm)" "-"
217.76.130.90 - - [10/Dec/2019:05:24:06 +0100] "POST /wp-cron.php?doing_wp_cron=1575951846.2525041103363037109375 HTTP/1.1" 200 3389 "https://amazingsportwear.com/wp-cron.php?doing_wp_cron=1575951846.2525041103363037109375" "WordPress/5.2.4; https://amazingsportwear.com" "-"
40.77.167.186 - - [10/Dec/2019:05:24:05 +0100] "GET /sobre-nosotros/feed/ HTTP/1.1" 200 4837 "-" "msnbot/2.0b (+http://search.msn.com/msnbot.htm)" "-"
37.17.172.154 - - [10/Dec/2019:05:24:38 +0100] "GET /robots.txt HTTP/1.1" 404 845 "-" "Mozilla/5.0 (compatible; Clarabot/1.4; +http://www.clarabot.info/bots)" "-"
66.249.64.144 - - [10/Dec/2019:05:29:58 +0100] "GET /wp-content/uploads/2018/05/cat-3164-amarillo-300x300.png HTTP/1.1" 304 3566 "-" "Googlebot-Image/1.0" "-"
217.76.130.90 - - [10/Dec/2019:05:33:05 +0100] "POST /wp-cron.php?doing_wp_cron=1575952385.8035149574279785156250 HTTP/1.1" 200 164 "http://amazingsportwear.com/wp-cron.php?doing_wp_cron=1575952385.8035149574279785156250" "WordPress/5.2.4; https://amazingsportwear.com" "-"
157.55.39.43 - - [10/Dec/2019:05:33:04 +0100] "GET /robots.txt HTTP/1.1" 200 432 "-" "Mozilla/5.0 (compatible; bingbot/2.0; +http://www.bing.com/bingbot.htm)" "-"
40.77.167.38 - - [10/Dec/2019:05:33:06 +0100] "GET /categoria-producto/uno/feed/ HTTP/1.1" 200 14130 "-" "msnbot/2.0b (+http://search.msn.com/msnbot.htm)" "-"
217.76.130.90 - - [10/Dec/2019:05:34:15 +0100] "POST /wp-cron.php?doing_wp_cron=1575952454.9895350933074951171875 HTTP/1.1" 200 3389 "https://amazingsportwear.com/wp-cron.php?doing_wp_cron=1575952454.9895350933074951171875" "WordPress/5.2.4; https://amazingsportwear.com" "-"
40.77.167.205 - - [10/Dec/2019:05:34:14 +0100] "GET /producto/mochila-jeremy/feed/ HTTP/1.1" 200 4802 "-" "msnbot/2.0b (+http://search.msn.com/msnbot.htm)" "-"
217.76.130.90 - - [10/Dec/2019:05:35:30 +0100] "POST /wp-cron.php?doing_wp_cron=1575952530.0970919132232666015625 HTTP/1.1" 200 3389 "https://amazingsportwear.com/wp-cron.php?doing_wp_cron=1575952530.0970919132232666015625" "WordPress/5.2.4; https://amazingsportwear.com" "-"
40.77.167.205 - - [10/Dec/2019:05:35:29 +0100] "GET /producto/bidon-boxter/feed/ HTTP/1.1" 200 4797 "-" "msnbot/2.0b (+http://search.msn.com/msnbot.htm)" "-"
40.77.167.38 - - [10/Dec/2019:05:35:58 +0100] "GET /categoria-producto/uno/feed/ HTTP/1.1" 200 14130 "-" "msnbot/2.0b (+http://search.msn.com/msnbot.htm)" "-"
217.76.130.90 - - [10/Dec/2019:05:37:15 +0100] "POST /wp-cron.php?doing_wp_cron=1575952635.4496150016784667968750 HTTP/1.1" 200 3389 "https://amazingsportwear.com/wp-cron.php?doing_wp_cron=1575952635.4496150016784667968750" "WordPress/5.2.4; https://amazingsportwear.com" "-"
40.77.167.205 - - [10/Dec/2019:05:37:14 +0100] "GET /producto/mochila-jeremy/feed/ HTTP/1.1" 200 4802 "-" "msnbot/2.0b (+http://search.msn.com/msnbot.htm)" "-"
217.76.130.90 - - [10/Dec/2019:05:38:25 +0100] "POST /wp-cron.php?doing_wp_cron=1575952705.8385090827941894531250 HTTP/1.1" 200 3389 "https://amazingsportwear.com/wp-cron.php?doing_wp_cron=1575952705.8385090827941894531250" "WordPress/5.2.4; https://amazingsportwear.com" "-"
40.77.167.205 - - [10/Dec/2019:05:38:25 +0100] "GET /producto/bidon-boxter/feed/ HTTP/1.1" 200 4797 "-" "msnbot/2.0b (+http://search.msn.com/msnbot.htm)" "-"
217.76.130.90 - - [10/Dec/2019:05:51:33 +0100] "POST /wp-cron.php?doing_wp_cron=1575953492.5921258926391601562500 HTTP/1.1" 200 3389 "https://amazingsportwear.com/wp-cron.php?doing_wp_cron=1575953492.5921258926391601562500" "WordPress/5.2.4; https://amazingsportwear.com" "-"
40.77.167.38 - - [10/Dec/2019:05:51:28 +0100] "GET /etiqueta-producto/bidon-sumo/feed/ HTTP/1.1" 200 6701 "-" "msnbot/2.0b (+http://search.msn.com/msnbot.htm)" "-"
217.76.130.90 - - [10/Dec/2019:05:54:40 +0100] "POST /wp-cron.php?doing_wp_cron=1575953680.4382970333099365234375 HTTP/1.1" 200 3389 "https://amazingsportwear.com/wp-cron.php?doing_wp_cron=1575953680.4382970333099365234375" "WordPress/5.2.4; https://amazingsportwear.com" "-"
40.77.167.38 - - [10/Dec/2019:05:54:39 +0100] "GET /etiqueta-producto/bidon-sumo/feed/ HTTP/1.1" 200 6701 "-" "msnbot/2.0b (+http://search.msn.com/msnbot.htm)" "-"
217.76.130.90 - - [10/Dec/2019:05:59:01 +0100] "POST /wp-cron.php?doing_wp_cron=1575953941.2441120147705078125000 HTTP/1.1" 200 3389 "https://amazingsportwear.com/wp-cron.php?doing_wp_cron=1575953941.2441120147705078125000" "WordPress/5.2.4; https://amazingsportwear.com" "-"
54.36.148.60 - - [10/Dec/2019:05:58:59 +0100] "GET /robots.txt HTTP/1.1" 200 3692 "-" "Mozilla/5.0 (compatible; AhrefsBot/6.1; +http://ahrefs.com/robot/)" "-"
54.36.150.105 - - [10/Dec/2019:05:59:02 +0100] "GET /content/category/?controller=contact HTTP/1.1" 404 72011 "-" "Mozilla/5.0 (compatible; AhrefsBot/6.1; +http://ahrefs.com/robot/)" "-"
217.76.130.90 - - [10/Dec/2019:06:21:09 +0100] "POST /wp-cron.php?doing_wp_cron=1575955269.3594589233398437500000 HTTP/1.1" 200 3389 "https://amazingsportwear.com/wp-cron.php?doing_wp_cron=1575955269.3594589233398437500000" "WordPress/5.2.4; https://amazingsportwear.com" "-"
17.58.96.177 - - [10/Dec/2019:06:21:07 +0100] "GET /politica-de-privacidad/ HTTP/1.1" 200 69594 "-" "Mozilla/5.0 (Macintosh; Intel Mac OS X 10_10_1) AppleWebKit/600.2.5 (KHTML, like Gecko) Version/8.0.2 Safari/600.2.5 (Applebot/0.1; +http://www.apple.com/go/applebot)" "-"
66.249.64.148 - - [10/Dec/2019:06:29:01 +0100] "GET /wp-content/plugins/product-enquiry-for-woocommerce/img/contact/loading.gif HTTP/1.1" 304 3565 "-" "Googlebot-Image/1.0" "-"
217.76.130.90 - - [10/Dec/2019:06:38:48 +0100] "POST /wp-cron.php?doing_wp_cron=1575956328.4638240337371826171875 HTTP/1.1" 200 3389 "https://amazingsportwear.com/wp-cron.php?doing_wp_cron=1575956328.4638240337371826171875" "WordPress/5.2.4; https://amazingsportwear.com" "-"
40.77.167.186 - - [10/Dec/2019:06:38:46 +0100] "GET /tienda/ HTTP/1.1" 200 74998 "-" "Mozilla/5.0 (compatible; bingbot/2.0; +http://www.bing.com/bingbot.htm)" "-"
217.76.130.90 - - [10/Dec/2019:06:45:15 +0100] "POST /wp-cron.php?doing_wp_cron=1575956715.3439860343933105468750 HTTP/1.1" 200 3389 "https://amazingsportwear.com/wp-cron.php?doing_wp_cron=1575956715.3439860343933105468750" "WordPress/5.2.4; https://amazingsportwear.com" "-"
69.171.251.29 - - [10/Dec/2019:06:45:13 +0100] "GET / HTTP/1.1" 200 125580 "-" "facebookexternalhit/1.1 (+http://www.facebook.com/externalhit_uatext.php)" "-"
69.171.251.10 - - [10/Dec/2019:06:45:18 +0100] "GET /contacta-con-nosotros HTTP/1.1" 301 319 "-" "facebookexternalhit/1.1 (+http://www.facebook.com/externalhit_uatext.php)" "-"
69.171.251.10 - - [10/Dec/2019:06:45:19 +0100] "GET /contacta-con-nosotros/ HTTP/1.1" 200 58184 "-" "facebookexternalhit/1.1 (+http://www.facebook.com/externalhit_uatext.php)" "-"
87.98.165.248 - - [10/Dec/2019:06:45:19 +0100] "GET /wp-content/themes/engl/pages.php HTTP/1.1" 404 67995 "-" "Mozilla/5.0 (Windows NT 6.1; WOW64) AppleWebKit/537.36 (KHTML, like Gecko) Chrome/41.0.2227.0 Safari/537.36" "-"
69.171.251.1 - - [10/Dec/2019:06:45:27 +0100] "GET / HTTP/1.1" 200 125565 "-" "facebookexternalhit/1.1 (+http://www.facebook.com/externalhit_uatext.php)" "-"
217.76.130.90 - - [10/Dec/2019:06:47:14 +0100] "POST /wp-cron.php?doing_wp_cron=1575956834.6567089557647705078125 HTTP/1.1" 200 3389 "https://amazingsportwear.com/wp-cron.php?doing_wp_cron=1575956834.6567089557647705078125" "WordPress/5.2.4; https://amazingsportwear.com" "-"
17.58.96.177 - - [10/Dec/2019:06:47:12 +0100] "GET /categoria-producto/deportes/triathlon/ HTTP/1.1" 200 58965 "-" "Mozilla/5.0 (Macintosh; Intel Mac OS X 10_10_1) AppleWebKit/600.2.5 (KHTML, like Gecko) Version/8.0.2 Safari/600.2.5 (Applebot/0.1; +http://www.apple.com/go/applebot)" "-"
217.76.130.90 - - [10/Dec/2019:06:52:28 +0100] "POST /wp-cron.php?doing_wp_cron=1575957148.8720479011535644531250 HTTP/1.1" 200 3389 "https://amazingsportwear.com/wp-cron.php?doing_wp_cron=1575957148.8720479011535644531250" "WordPress/5.2.4; https://amazingsportwear.com" "-"
40.77.167.82 - - [10/Dec/2019:06:52:26 +0100] "GET /producto/mochila-discovery/feed/ HTTP/1.1" 200 4811 "-" "msnbot/2.0b (+http://search.msn.com/msnbot.htm)" "-"
217.76.130.90 - - [10/Dec/2019:06:55:24 +0100] "POST /wp-cron.php?doing_wp_cron=1575957324.1111268997192382812500 HTTP/1.1" 200 164 "http://amazingsportwear.com/wp-cron.php?doing_wp_cron=1575957324.1111268997192382812500" "WordPress/5.2.4; https://amazingsportwear.com" "-"
71.6.165.200 - - [10/Dec/2019:06:55:23 +0100] "GET / HTTP/1.1" 301 279 "-" "Mozilla/5.0 (Windows NT 6.1) AppleWebKit/537.36 (KHTML, like Gecko) Chrome/41.0.2228.0 Safari/537.36" "-"
40.77.167.82 - - [10/Dec/2019:06:55:38 +0100] "GET /producto/mochila-discovery/feed/ HTTP/1.1" 200 4811 "-" "msnbot/2.0b (+http://search.msn.com/msnbot.htm)" "-"
17.58.96.177 - - [10/Dec/2019:06:55:48 +0100] "GET /categoria-producto/accesorios/bragasybuffs/ HTTP/1.1" 200 56775 "-" "Mozilla/5.0 (Macintosh; Intel Mac OS X 10_10_1) AppleWebKit/600.2.5 (KHTML, like Gecko) Version/8.0.2 Safari/600.2.5 (Applebot/0.1; +http://www.apple.com/go/applebot)" "-"
217.76.130.90 - - [10/Dec/2019:06:56:49 +0100] "POST /wp-cron.php?doing_wp_cron=1575957409.5614709854125976562500 HTTP/1.1" 200 3389 "https://amazingsportwear.com/wp-cron.php?doing_wp_cron=1575957409.5614709854125976562500" "WordPress/5.2.4; https://amazingsportwear.com" "-"
66.249.64.146 - - [10/Dec/2019:06:56:48 +0100] "GET /tienda/402-linterna-biddick.html HTTP/1.1" 404 72294 "-" "Mozilla/5.0 (Linux; Android 6.0.1; Nexus 5X Build/MMB29P) AppleWebKit/537.36 (KHTML, like Gecko) Chrome/41.0.2272.96 Mobile Safari/537.36 (compatible; Googlebot/2.1; +http://www.google.com/bot.html)" "-"
217.76.130.90 - - [10/Dec/2019:07:01:25 +0100] "POST /wp-cron.php?doing_wp_cron=1575957685.9145390987396240234375 HTTP/1.1" 200 3389 "https://amazingsportwear.com/wp-cron.php?doing_wp_cron=1575957685.9145390987396240234375" "WordPress/5.2.4; https://amazingsportwear.com" "-"
66.249.64.144 - - [10/Dec/2019:07:01:24 +0100] "GET /tienda/386-gorra-harum.html HTTP/1.1" 404 72299 "-" "Mozilla/5.0 (Linux; Android 6.0.1; Nexus 5X Build/MMB29P) AppleWebKit/537.36 (KHTML, like Gecko) Chrome/41.0.2272.96 Mobile Safari/537.36 (compatible; Googlebot/2.1; +http://www.google.com/bot.html)" "-"
40.77.167.82 - - [10/Dec/2019:07:02:03 +0100] "GET /wp-content/uploads/2019/04/Bidon-doger-4.png HTTP/1.1" 200 62607 "-" "Mozilla/5.0 (compatible; bingbot/2.0; +http://www.bing.com/bingbot.htm)" "-"
217.76.130.90 - - [10/Dec/2019:07:04:38 +0100] "POST /wp-cron.php?doing_wp_cron=1575957878.3976700305938720703125 HTTP/1.1" 200 3389 "https://amazingsportwear.com/wp-cron.php?doing_wp_cron=1575957878.3976700305938720703125" "WordPress/5.2.4; https://amazingsportwear.com" "-"
66.249.64.146 - - [10/Dec/2019:07:04:37 +0100] "GET /ciclismo/index.php?controller=contact HTTP/1.1" 301 3891 "-" "Mozilla/5.0 (Linux; Android 6.0.1; Nexus 5X Build/MMB29P) AppleWebKit/537.36 (KHTML, like Gecko) Chrome/41.0.2272.96 Mobile Safari/537.36 (compatible; Googlebot/2.1; +http://www.google.com/bot.html)" "-"
66.249.64.144 - - [10/Dec/2019:07:04:39 +0100] "GET /ciclismo/?controller=contact HTTP/1.1" 404 72259 "-" "Mozilla/5.0 (Linux; Android 6.0.1; Nexus 5X Build/MMB29P) AppleWebKit/537.36 (KHTML, like Gecko) Chrome/41.0.2272.96 Mobile Safari/537.36 (compatible; Googlebot/2.1; +http://www.google.com/bot.html)" "wpfront-notification-bar-landingpage=1"
40.77.167.205 - - [10/Dec/2019:07:04:47 +0100] "GET /producto/camiseta-tecnica-running-misano/ HTTP/1.1" 200 108113 "-" "Mozilla/5.0 (compatible; bingbot/2.0; +http://www.bing.com/bingbot.htm)" "-"
217.76.130.90 - - [10/Dec/2019:07:15:28 +0100] "POST /wp-cron.php?doing_wp_cron=1575958528.0528109073638916015625 HTTP/1.1" 200 164 "http://amazingsportwear.com/wp-cron.php?doing_wp_cron=1575958528.0528109073638916015625" "WordPress/5.2.4; https://amazingsportwear.com" "-"
150.95.54.141 - - [10/Dec/2019:07:15:26 +0100] "GET /wp-content/uploads/2019/05/wp-console.php HTTP/1.1" 404 68024 "http://site.ru" "Mozilla/5.0 (Windows; U; Windows NT 5.1; en-US) AppleWebKit/533.4 (KHTML, like Gecko) Chrome/5.0.375.99 Safari/533.4" "-"
217.76.130.90 - - [10/Dec/2019:07:16:30 +0100] "POST /wp-cron.php?doing_wp_cron=1575958590.3296480178833007812500 HTTP/1.1" 200 164 "http://amazingsportwear.com/wp-cron.php?doing_wp_cron=1575958590.3296480178833007812500" "WordPress/5.2.4; https://amazingsportwear.com" "-"
150.95.54.141 - - [10/Dec/2019:07:16:29 +0100] "GET /wp-content/uploads/2019/05/wp-console.php HTTP/1.1" 404 68029 "http://site.ru" "Mozilla/5.0 (Windows; U; Windows NT 5.1; en-US) AppleWebKit/533.4 (KHTML, like Gecko) Chrome/5.0.375.99 Safari/533.4" "-"
217.76.130.90 - - [10/Dec/2019:07:20:37 +0100] "POST /wp-cron.php?doing_wp_cron=1575958837.1185469627380371093750 HTTP/1.1" 200 3389 "https://amazingsportwear.com/wp-cron.php?doing_wp_cron=1575958837.1185469627380371093750" "WordPress/5.2.4; https://amazingsportwear.com" "-"
66.249.64.146 - - [10/Dec/2019:07:20:36 +0100] "GET /tienda/395-toalla-absorvente-kefan.html HTTP/1.1" 404 72298 "-" "Mozilla/5.0 (Linux; Android 6.0.1; Nexus 5X Build/MMB29P) AppleWebKit/537.36 (KHTML, like Gecko) Chrome/41.0.2272.96 Mobile Safari/537.36 (compatible; Googlebot/2.1; +http://www.google.com/bot.html)" "-"
217.76.130.90 - - [10/Dec/2019:07:28:49 +0100] "POST /wp-cron.php?doing_wp_cron=1575959329.3002679347991943359375 HTTP/1.1" 200 3389 "https://amazingsportwear.com/wp-cron.php?doing_wp_cron=1575959329.3002679347991943359375" "WordPress/5.2.4; https://amazingsportwear.com" "-"
66.249.64.146 - - [10/Dec/2019:07:28:47 +0100] "GET /ofertas/188-culoute-corto-ciclismo.html HTTP/1.1" 404 72313 "-" "Mozilla/5.0 (Linux; Android 6.0.1; Nexus 5X Build/MMB29P) AppleWebKit/537.36 (KHTML, like Gecko) Chrome/41.0.2272.96 Mobile Safari/537.36 (compatible; Googlebot/2.1; +http://www.google.com/bot.html)" "-"
217.76.130.90 - - [10/Dec/2019:07:29:29 +0100] "POST /wp-cron.php?doing_wp_cron=1575959369.9117751121520996093750 HTTP/1.1" 200 3389 "https://amazingsportwear.com/wp-cron.php?doing_wp_cron=1575959369.9117751121520996093750" "WordPress/5.2.4; https://amazingsportwear.com" "-"
17.58.96.177 - - [10/Dec/2019:07:29:29 +0100] "GET /categoria-producto/deportes/ciclismo/ HTTP/1.1" 200 64074 "-" "Mozilla/5.0 (Macintosh; Intel Mac OS X 10_10_1) AppleWebKit/600.2.5 (KHTML, like Gecko) Version/8.0.2 Safari/600.2.5 (Applebot/0.1; +http://www.apple.com/go/applebot)" "-"
217.76.130.90 - - [10/Dec/2019:07:44:03 +0100] "POST /wp-cron.php?doing_wp_cron=1575960243.3491580486297607421875 HTTP/1.1" 200 164 "http://amazingsportwear.com/wp-cron.php?doing_wp_cron=1575960243.3491580486297607421875" "WordPress/5.2.4; https://amazingsportwear.com" "-"
66.249.64.157 - - [10/Dec/2019:07:44:01 +0100] "GET /robots.txt HTTP/1.1" 200 432 "-" "Mozilla/5.0 (compatible; Googlebot/2.1; +http://www.google.com/bot.html)" "-"
66.249.64.157 - - [10/Dec/2019:07:44:03 +0100] "GET /futbol/70-camiseta-manga-corta-futbol.html HTTP/1.1" 404 68104 "-" "Mozilla/5.0 (Linux; Android 6.0.1; Nexus 5X Build/MMB29P) AppleWebKit/537.36 (KHTML, like Gecko) Chrome/41.0.2272.96 Mobile Safari/537.36 (compatible; Googlebot/2.1; +http://www.google.com/bot.html)" "-"
40.77.167.205 - - [10/Dec/2019:07:59:01 +0100] "GET /producto/polo-tecnico-sol-palladium/ HTTP/1.1" 200 105987 "-" "Mozilla/5.0 (compatible; bingbot/2.0; +http://www.bing.com/bingbot.htm)" "-"
40.77.167.205 - - [10/Dec/2019:07:59:26 +0100] "GET /wp-includes/js/jquery/ui/core.min.js?ver=1.11.4 HTTP/1.1" 200 7704 "-" "msnbot/2.0b (+http://search.msn.com/msnbot.htm)" "-"
217.76.130.90 - - [10/Dec/2019:08:01:46 +0100] "POST /wp-cron.php?doing_wp_cron=1575961306.7098689079284667968750 HTTP/1.1" 200 3389 "https://amazingsportwear.com/wp-cron.php?doing_wp_cron=1575961306.7098689079284667968750" "WordPress/5.2.4; https://amazingsportwear.com" "-"
40.77.167.38 - - [10/Dec/2019:08:01:46 +0100] "GET /categoria-producto/deportes/baloncesto/ HTTP/1.1" 200 62999 "-" "Mozilla/5.0 (compatible; bingbot/2.0; +http://www.bing.com/bingbot.htm)" "-"
66.249.64.148 - - [10/Dec/2019:08:13:30 +0100] "GET /wp-content/uploads/2019/04/Gorra-sport-10-100x100.png HTTP/1.1" 304 3564 "-" "Googlebot-Image/1.0" "-"
217.76.130.90 - - [10/Dec/2019:08:20:45 +0100] "POST /wp-cron.php?doing_wp_cron=1575962445.3956520557403564453125 HTTP/1.1" 200 3389 "https://amazingsportwear.com/wp-cron.php?doing_wp_cron=1575962445.3956520557403564453125" "WordPress/5.2.4; https://amazingsportwear.com" "-"
66.249.64.144 - - [10/Dec/2019:08:20:43 +0100] "GET / HTTP/1.1" 200 125803 "-" "Mozilla/5.0 (Linux; Android 6.0.1; Nexus 5X Build/MMB29P) AppleWebKit/537.36 (KHTML, like Gecko) Chrome/41.0.2272.96 Mobile Safari/537.36 (compatible; Googlebot/2.1; +http://www.google.com/bot.html)" "-"
66.249.64.144 - - [10/Dec/2019:08:20:50 +0100] "POST /?wc-ajax=get_refreshed_fragments HTTP/1.1" 200 1345 "https://amazingsportwear.com/" "Mozilla/5.0 (Linux; Android 6.0.1; Nexus 5X Build/MMB29P) AppleWebKit/537.36 (KHTML, like Gecko) Chrome/41.0.2272.96 Mobile Safari/537.36 (compatible; Googlebot/2.1; +http://www.google.com/bot.html)" "wpfront-notification-bar-landingpage=1; _ga=GA1.2.1884029788.1575936000; _gid=GA1.2.969013651.1575936000; _gat_gtag_UA_91619287_1=1"
66.249.64.148 - - [10/Dec/2019:08:27:07 +0100] "GET /wp-content/uploads/2019/04/kit-emergencia-cerrado-300x300.png HTTP/1.1" 304 3565 "-" "Googlebot-Image/1.0" "-"
217.76.130.90 - - [10/Dec/2019:08:49:26 +0100] "POST /wp-cron.php?doing_wp_cron=1575964166.0525820255279541015625 HTTP/1.1" 200 3389 "https://amazingsportwear.com/wp-cron.php?doing_wp_cron=1575964166.0525820255279541015625" "WordPress/5.2.4; https://amazingsportwear.com" "-"
66.249.64.146 - - [10/Dec/2019:08:49:23 +0100] "POST /?wc-ajax=get_refreshed_fragments HTTP/1.1" 200 4760 "https://amazingsportwear.com/producto/camiseta-manga-corta-ranglan-futbol-4/" "Mozilla/5.0 (Linux; Android 6.0.1; Nexus 5X Build/MMB29P) AppleWebKit/537.36 (KHTML, like Gecko) Chrome/41.0.2272.96 Mobile Safari/537.36 (compatible; Googlebot/2.1; +http://www.google.com/bot.html)" "_ga=GA1.2.1884029788.1565654400; _gid=GA1.2.969013651.1565654400; _gat_gtag_UA_91619287_1=1"
217.76.130.90 - - [10/Dec/2019:08:55:07 +0100] "POST /wp-cron.php?doing_wp_cron=1575964506.9897909164428710937500 HTTP/1.1" 200 164 "http://amazingsportwear.com/wp-cron.php?doing_wp_cron=1575964506.9897909164428710937500" "WordPress/5.2.4; https://amazingsportwear.com" "-"
104.222.43.51 - - [10/Dec/2019:08:55:06 +0100] "GET / HTTP/1.1" 301 336 "-" "Mozilla/5.0 (Windows NT 6.1; WOW64; rv:27.0) Gecko/20100101 Firefox/27.0" "-"
217.76.130.90 - - [10/Dec/2019:09:02:05 +0100] "POST /wp-cron.php?doing_wp_cron=1575964924.9247329235076904296875 HTTP/1.1" 200 3389 "https://amazingsportwear.com/wp-cron.php?doing_wp_cron=1575964924.9247329235076904296875" "WordPress/5.2.4; https://amazingsportwear.com" "-"
66.249.64.148 - - [10/Dec/2019:09:02:03 +0100] "GET /aviso-legal/ HTTP/1.1" 200 58712 "-" "Mozilla/5.0 (compatible; Googlebot/2.1; +http://www.google.com/bot.html)" "-"
36.84.87.13 - - [10/Dec/2019:09:08:39 +0100] "GET /wp-content/uploads/2019/04/gorra-five-7.png HTTP/1.1" 200 86560 "https://www.google.com/" "Mozilla/5.0 (Windows NT 6.1; WOW64; rv:56.0) Gecko/20100101 Firefox/56.0" "-"
217.76.130.90 - - [10/Dec/2019:09:11:26 +0100] "POST /wp-cron.php?doing_wp_cron=1575965486.6168980598449707031250 HTTP/1.1" 200 3389 "https://amazingsportwear.com/wp-cron.php?doing_wp_cron=1575965486.6168980598449707031250" "WordPress/5.2.4; https://amazingsportwear.com" "-"
124.113.243.196 - - [10/Dec/2019:09:11:23 +0100] "GET /etiqueta-producto/camiseta-iron HTTP/1.1" 301 3555 "-" "Mozilla/5.0(Linux;Android 5.1.1;OPPO A33 Build/LMY47V;wv) AppleWebKit/537.36(KHTML,link Gecko) Version/4.0 Chrome/42.0.2311.138 Mobile Safari/537.36 Mb2345Browser/9.0" "-"
106.57.150.54 - - [10/Dec/2019:09:11:29 +0100] "GET /producto/gorra-dowan HTTP/1.1" 301 3544 "-" "Mozilla/5.0(Linux;Android 5.1.1;OPPO A33 Build/LMY47V;wv) AppleWebKit/537.36(KHTML,link Gecko) Version/4.0 Chrome/43.0.2357.121 Mobile Safari/537.36 LieBaoFast/4.51.3" "-"
124.113.243.196 - - [10/Dec/2019:09:11:32 +0100] "GET /etiqueta-producto/camiseta-iron/ HTTP/1.1" 200 53787 "-" "Mozilla/5.0(Linux;Android 5.1.1;OPPO A33 Build/LMY47V;wv) AppleWebKit/537.36(KHTML,link Gecko) Version/4.0 Chrome/42.0.2311.138 Mobile Safari/537.36 Mb2345Browser/9.0" "wpfront-notification-bar-landingpage=1"
42.243.138.227 - - [10/Dec/2019:09:11:38 +0100] "GET /etiqueta-producto/carla HTTP/1.1" 301 3547 "-" "Mozilla/5.0(Linux;Android 5.1.1;OPPO A33 Build/LMY47V;wv) AppleWebKit/537.36(KHTML,link Gecko) Version/4.0 Chrome/43.0.2357.121 Mobile Safari/537.36 LieBaoFast/4.51.3" "-"
106.57.150.54 - - [10/Dec/2019:09:11:41 +0100] "GET /producto/gorra-dowan/ HTTP/1.1" 200 94471 "-" "Mozilla/5.0(Linux;Android 5.1.1;OPPO A33 Build/LMY47V;wv) AppleWebKit/537.36(KHTML,link Gecko) Version/4.0 Chrome/43.0.2357.121 Mobile Safari/537.36 LieBaoFast/4.51.3" "wpfront-notification-bar-landingpage=1"
42.243.138.227 - - [10/Dec/2019:09:11:47 +0100] "GET /etiqueta-producto/carla/ HTTP/1.1" 200 53717 "-" "Mozilla/5.0(Linux;Android 5.1.1;OPPO A33 Build/LMY47V;wv) AppleWebKit/537.36(KHTML,link Gecko) Version/4.0 Chrome/43.0.2357.121 Mobile Safari/537.36 LieBaoFast/4.51.3" "wpfront-notification-bar-landingpage=1"
217.76.130.90 - - [10/Dec/2019:09:12:11 +0100] "POST /wp-cron.php?doing_wp_cron=1575965531.6776449680328369140625 HTTP/1.1" 200 3389 "https://amazingsportwear.com/wp-cron.php?doing_wp_cron=1575965531.6776449680328369140625" "WordPress/5.2.4; https://amazingsportwear.com" "-"
223.245.212.221 - - [10/Dec/2019:09:12:11 +0100] "GET /producto/chaqueta-triatlon HTTP/1.1" 301 3550 "-" "Mozilla/5.0(Linux;Android 5.1.1;OPPO A33 Build/LMY47V;wv) AppleWebKit/537.36(KHTML,link Gecko) Version/4.0 Chrome/42.0.2311.138 Mobile Safari/537.36 Mb2345Browser/9.0" "-"
223.244.153.38 - - [10/Dec/2019:09:12:11 +0100] "GET /categoria-producto/inicio/ropa-amazing-sport-wear/basket?add-to-cart=18688 HTTP/1.1" 301 4839 "-" "Mozilla/5.0(Linux;Android 5.1.1;OPPO A33 Build/LMY47V;wv) AppleWebKit/537.36(KHTML,link Gecko) Version/4.0 Chrome/42.0.2311.138 Mobile Safari/537.36 Mb2345Browser/9.0" "-"
223.244.153.38 - - [10/Dec/2019:09:12:18 +0100] "GET /categoria-producto/inicio/ropa-amazing-sport-wear/basket/?add-to-cart=18688 HTTP/1.1" 200 64757 "-" "Mozilla/5.0(Linux;Android 5.1.1;OPPO A33 Build/LMY47V;wv) AppleWebKit/537.36(KHTML,link Gecko) Version/4.0 Chrome/42.0.2311.138 Mobile Safari/537.36 Mb2345Browser/9.0" "woocommerce_cart_hash=29ae7f948d64baeb4f4898796d76fa30; woocommerce_items_in_cart=1; wp_woocommerce_session_fb86dbb0e6335d960ea3e94e06b25287=e56690f7f6eec5dbe002c1b28d26e11b%7C%7C1576138332%7C%7C1576134732%7C%7C9b99e14335343bf03479496ef1ce6528; wpfront-notification-bar-landingpage=1"
182.35.85.49 - - [10/Dec/2019:09:12:19 +0100] "GET /categoria-producto/hombre/polostecnicos HTTP/1.1" 301 3563 "-" "Mozilla/5.0 (Linux; Android 7.0; FRD-AL00 Build/HUAWEIFRD-AL00; wv) AppleWebKit/537.36 (KHTML, like Gecko) Version/4.0 Chrome/53.0.2785.49 Mobile MQQBrowser/6.2 TBS/043602 Safari/537.36 MicroMessenger/6.5.16.1120 NetType/WIFI Language/zh_CN" "-"
223.245.212.221 - - [10/Dec/2019:09:12:17 +0100] "GET /producto/chaqueta-triatlon/ HTTP/1.1" 200 90247 "-" "Mozilla/5.0(Linux;Android 5.1.1;OPPO A33 Build/LMY47V;wv) AppleWebKit/537.36(KHTML,link Gecko) Version/4.0 Chrome/42.0.2311.138 Mobile Safari/537.36 Mb2345Browser/9.0" "wpfront-notification-bar-landingpage=1"
182.35.85.49 - - [10/Dec/2019:09:12:26 +0100] "GET /categoria-producto/hombre/polostecnicos/ HTTP/1.1" 200 76309 "-" "Mozilla/5.0 (Linux; Android 7.0; FRD-AL00 Build/HUAWEIFRD-AL00; wv) AppleWebKit/537.36 (KHTML, like Gecko) Version/4.0 Chrome/53.0.2785.49 Mobile MQQBrowser/6.2 TBS/043602 Safari/537.36 MicroMessenger/6.5.16.1120 NetType/WIFI Language/zh_CN" "wpfront-notification-bar-landingpage=1"
27.40.92.232 - - [10/Dec/2019:09:12:31 +0100] "GET /producto/camiseta-portero-futbol-manga-larga-2?add-to-cart=18693 HTTP/1.1" 301 4829 "-" "Mozilla/5.0(Linux;Android 5.1.1;OPPO A33 Build/LMY47V;wv) AppleWebKit/537.36(KHTML,link Gecko) Version/4.0 Chrome/42.0.2311.138 Mobile Safari/537.36 Mb2345Browser/9.0" "-"
27.40.92.232 - - [10/Dec/2019:09:12:44 +0100] "GET /producto/camiseta-portero-futbol-manga-larga-2/?add-to-cart=18693 HTTP/1.1" 200 76865 "-" "Mozilla/5.0(Linux;Android 5.1.1;OPPO A33 Build/LMY47V;wv) AppleWebKit/537.36(KHTML,link Gecko) Version/4.0 Chrome/42.0.2311.138 Mobile Safari/537.36 Mb2345Browser/9.0" "woocommerce_cart_hash=4f8e3f473cb595d56980526ad2041009; woocommerce_items_in_cart=1; wp_woocommerce_session_fb86dbb0e6335d960ea3e94e06b25287=35528f3c469d2bb202e89267f849a087%7C%7C1576138352%7C%7C1576134752%7C%7C2084e985a9c462d93ff5ff5cb39f9605; wpfront-notification-bar-landingpage=1"
217.76.130.90 - - [10/Dec/2019:09:13:13 +0100] "POST /wp-cron.php?doing_wp_cron=1575965593.6718358993530273437500 HTTP/1.1" 200 3389 "https://amazingsportwear.com/wp-cron.php?doing_wp_cron=1575965593.6718358993530273437500" "WordPress/5.2.4; https://amazingsportwear.com" "-"
1.194.87.181 - - [10/Dec/2019:09:13:13 +0100] "GET /categoria-producto/hombre/chubasqueros HTTP/1.1" 301 3562 "-" "Mozilla/5.0(Linux;Android 5.1.1;OPPO A33 Build/LMY47V;wv) AppleWebKit/537.36(KHTML,link Gecko) Version/4.0 Chrome/43.0.2357.121 Mobile Safari/537.36 LieBaoFast/4.51.3" "-"
1.194.87.181 - - [10/Dec/2019:09:13:18 +0100] "GET /categoria-producto/hombre/chubasqueros/ HTTP/1.1" 200 56849 "-" "Mozilla/5.0(Linux;Android 5.1.1;OPPO A33 Build/LMY47V;wv) AppleWebKit/537.36(KHTML,link Gecko) Version/4.0 Chrome/43.0.2357.121 Mobile Safari/537.36 LieBaoFast/4.51.3" "wpfront-notification-bar-landingpage=1"
106.57.151.70 - - [10/Dec/2019:09:13:38 +0100] "GET /wp-content/uploads/2018/05/cat-8016-228.jpg HTTP/1.1" 200 74890 "-" "Mozilla/5.0 (Linux; Android 7.0; FRD-AL00 Build/HUAWEIFRD-AL00; wv) AppleWebKit/537.36 (KHTML, like Gecko) Version/4.0 Chrome/53.0.2785.49 Mobile MQQBrowser/6.2 TBS/043602 Safari/537.36 MicroMessenger/6.5.16.1120 NetType/WIFI Language/zh_CN" "-"
66.249.64.148 - - [10/Dec/2019:09:13:52 +0100] "GET /tienda/393-toalla-absorvente-gymnasio.html HTTP/1.1" 404 72339 "-" "Mozilla/5.0 (Linux; Android 6.0.1; Nexus 5X Build/MMB29P) AppleWebKit/537.36 (KHTML, like Gecko) Chrome/41.0.2272.96 Mobile Safari/537.36 (compatible; Googlebot/2.1; +http://www.google.com/bot.html)" "-"
217.76.130.90 - - [10/Dec/2019:09:28:00 +0100] "POST /wp-cron.php?doing_wp_cron=1575966480.2151200771331787109375 HTTP/1.1" 200 164 "http://amazingsportwear.com/wp-cron.php?doing_wp_cron=1575966480.2151200771331787109375" "WordPress/5.2.4; https://amazingsportwear.com" "-"
157.55.39.43 - - [10/Dec/2019:09:27:57 +0100] "GET /robots.txt HTTP/1.1" 200 432 "-" "Mozilla/5.0 (compatible; bingbot/2.0; +http://www.bing.com/bingbot.htm)" "-"
217.76.130.90 - - [10/Dec/2019:09:28:11 +0100] "POST /wp-cron.php?doing_wp_cron=1575966491.4589509963989257812500 HTTP/1.1" 200 164 "http://amazingsportwear.com/wp-cron.php?doing_wp_cron=1575966491.4589509963989257812500" "WordPress/5.2.4; https://amazingsportwear.com" "-"
40.77.167.82 - - [10/Dec/2019:09:28:10 +0100] "GET /ciclismo/88-manguito-brazo-ciclismo.html HTTP/1.1" 404 68066 "-" "Mozilla/5.0 (compatible; bingbot/2.0; +http://www.bing.com/bingbot.htm)" "-"
1.55.108.173 - - [10/Dec/2019:09:31:21 +0100] "GET /wp-content/uploads/2019/04/gorra-tecnica-amarilla.png HTTP/1.1" 200 83334 "https://www.google.com/" "Mozilla/5.0 (Windows NT 10.0; Win64; x64) AppleWebKit/537.36 (KHTML, like Gecko) Chrome/78.0.3904.108 Safari/537.36" "-"
217.76.130.90 - - [10/Dec/2019:09:38:16 +0100] "POST /wp-cron.php?doing_wp_cron=1575967096.1946918964385986328125 HTTP/1.1" 200 3389 "https://amazingsportwear.com/wp-cron.php?doing_wp_cron=1575967096.1946918964385986328125" "WordPress/5.2.4; https://amazingsportwear.com" "-"
157.55.39.43 - - [10/Dec/2019:09:38:14 +0100] "GET /robots.txt HTTP/1.1" 200 2297 "-" "Mozilla/5.0 (compatible; bingbot/2.0; +http://www.bing.com/bingbot.htm)" "-"
157.55.39.43 - - [10/Dec/2019:09:38:17 +0100] "GET /robots.txt HTTP/1.1" 200 3939 "-" "Mozilla/5.0 (compatible; bingbot/2.0; +http://www.bing.com/bingbot.htm)" "-"
197.248.16.190 - - [10/Dec/2019:09:38:37 +0100] "GET /wp-content/uploads/2019/04/gorra-krox-1.png HTTP/1.1" 200 109889 "https://www.google.com/" "Mozilla/5.0 (Macintosh; Intel Mac OS X 10_15_1) AppleWebKit/537.36 (KHTML, like Gecko) Chrome/78.0.3904.108 Safari/537.36" "-"
217.76.130.90 - - [10/Dec/2019:09:39:05 +0100] "POST /wp-cron.php?doing_wp_cron=1575967145.8516879081726074218750 HTTP/1.1" 200 3389 "https://amazingsportwear.com/wp-cron.php?doing_wp_cron=1575967145.8516879081726074218750" "WordPress/5.2.4; https://amazingsportwear.com" "-"
40.77.167.186 - - [10/Dec/2019:09:39:05 +0100] "GET /categoria-producto/mujer/ HTTP/1.1" 200 77493 "-" "Mozilla/5.0 (compatible; bingbot/2.0; +http://www.bing.com/bingbot.htm)" "-"
217.76.130.90 - - [10/Dec/2019:09:39:06 +0100] "POST /wp-admin/admin-ajax.php?action=wp_1_wc_privacy_cleanup&nonce=6c940363fc HTTP/1.1" 200 3707 "https://amazingsportwear.com/wp-admin/admin-ajax.php?action=wp_1_wc_privacy_cleanup&nonce=6c940363fc" "WordPress/5.2.4; https://amazingsportwear.com" "-"
85.192.72.91 - - [10/Dec/2019:09:39:32 +0100] "GET /wp-content/uploads/2019/04/Gorra-sport-6.png HTTP/1.1" 200 44623 "https://www.google.com/" "Mozilla/5.0 (Windows NT 10.0; Win64; x64) AppleWebKit/537.36 (KHTML, like Gecko) Chrome/78.0.3904.108 Safari/537.36" "-"
217.76.130.90 - - [10/Dec/2019:09:39:55 +0100] "POST /wp-cron.php?doing_wp_cron=1575967195.5619289875030517578125 HTTP/1.1" 200 3389 "https://amazingsportwear.com/wp-cron.php?doing_wp_cron=1575967195.5619289875030517578125" "WordPress/5.2.4; https://amazingsportwear.com" "-"
183.166.98.158 - - [10/Dec/2019:09:39:54 +0100] "GET /img/cms/University.png HTTP/1.1" 404 72072 "-" "Mozilla/5.0(Linux;U;Android 5.1.1;zh-CN;OPPO A33 Build/LMY47V) AppleWebKit/537.36(KHTML,like Gecko) Version/4.0 Chrome/40.0.2214.89 UCBrowser/11.7.0.953 Mobile Safari/537.36" "-"
217.76.130.90 - - [10/Dec/2019:09:40:19 +0100] "POST /wp-cron.php?doing_wp_cron=1575967219.8297019004821777343750 HTTP/1.1" 200 3389 "https://amazingsportwear.com/wp-cron.php?doing_wp_cron=1575967219.8297019004821777343750" "WordPress/5.2.4; https://amazingsportwear.com" "-"
1.194.86.167 - - [10/Dec/2019:09:40:19 +0100] "GET /categoria-producto/deportes/motocross/ HTTP/1.1" 200 55696 "-" "Mozilla/5.0 (Linux; Android 7.0; FRD-AL00 Build/HUAWEIFRD-AL00; wv) AppleWebKit/537.36 (KHTML, like Gecko) Version/4.0 Chrome/53.0.2785.49 Mobile MQQBrowser/6.2 TBS/043602 Safari/537.36 MicroMessenger/6.5.16.1120 NetType/WIFI Language/zh_CN" "-"
85.192.72.91 - - [10/Dec/2019:09:40:40 +0100] "GET /wp-content/uploads/2019/04/Gorra-harum-2.png HTTP/1.1" 200 50290 "https://www.google.com/" "Mozilla/5.0 (Windows NT 10.0; Win64; x64) AppleWebKit/537.36 (KHTML, like Gecko) Chrome/78.0.3904.108 Safari/537.36" "-"
42.242.162.186 - - [10/Dec/2019:09:40:45 +0100] "GET /categoria-producto/accesorios/page/9 HTTP/1.1" 301 3560 "-" "Mozilla/5.0(Linux;U;Android 5.1.1;zh-CN;OPPO A33 Build/LMY47V) AppleWebKit/537.36(KHTML,like Gecko) Version/4.0 Chrome/40.0.2214.89 UCBrowser/11.7.0.953 Mobile Safari/537.36" "-"
106.57.151.180 - - [10/Dec/2019:09:39:57 +0100] "GET /wp-content/uploads/2018/05/sa-6639_royal.jpg HTTP/1.1" 200 1366847 "-" "Mozilla/5.0 (Linux; Android 7.0; FRD-AL00 Build/HUAWEIFRD-AL00; wv) AppleWebKit/537.36 (KHTML, like Gecko) Version/4.0 Chrome/53.0.2785.49 Mobile MQQBrowser/6.2 TBS/043602 Safari/537.36 MicroMessenger/6.5.16.1120 NetType/WIFI Language/zh_CN" "-"
119.250.97.140 - - [10/Dec/2019:09:40:56 +0100] "GET /sobre-nosotros HTTP/1.1" 301 3591 "-" "Mozilla/5.0(Linux;Android 5.1.1;OPPO A33 Build/LMY47V;wv) AppleWebKit/537.36(KHTML,link Gecko) Version/4.0 Chrome/43.0.2357.121 Mobile Safari/537.36 LieBaoFast/4.51.3" "-"
42.242.162.186 - - [10/Dec/2019:09:41:01 +0100] "GET /categoria-producto/accesorios/page/9/ HTTP/1.1" 200 66263 "-" "Mozilla/5.0(Linux;U;Android 5.1.1;zh-CN;OPPO A33 Build/LMY47V) AppleWebKit/537.36(KHTML,like Gecko) Version/4.0 Chrome/40.0.2214.89 UCBrowser/11.7.0.953 Mobile Safari/537.36" "wpfront-notification-bar-landingpage=1"
217.76.130.90 - - [10/Dec/2019:09:41:11 +0100] "POST /wp-cron.php?doing_wp_cron=1575967271.0431649684906005859375 HTTP/1.1" 200 3389 "https://amazingsportwear.com/wp-cron.php?doing_wp_cron=1575967271.0431649684906005859375" "WordPress/5.2.4; https://amazingsportwear.com" "-"
119.250.97.140 - - [10/Dec/2019:09:41:10 +0100] "GET /sobre-nosotros/ HTTP/1.1" 200 63767 "-" "Mozilla/5.0(Linux;Android 5.1.1;OPPO A33 Build/LMY47V;wv) AppleWebKit/537.36(KHTML,link Gecko) Version/4.0 Chrome/43.0.2357.121 Mobile Safari/537.36 LieBaoFast/4.51.3" "wpfront-notification-bar-landingpage=1"
85.192.72.91 - - [10/Dec/2019:09:44:02 +0100] "GET /wp-content/uploads/2019/04/gorra-tecnica-blanca-azul.png HTTP/1.1" 200 60537 "https://www.google.com/" "Mozilla/5.0 (Windows NT 10.0; Win64; x64) AppleWebKit/537.36 (KHTML, like Gecko) Chrome/78.0.3904.108 Safari/537.36" "-"
40.77.167.82 - - [10/Dec/2019:09:45:07 +0100] "GET /wp-content/uploads/2019/04/Gorra-sport-2.png HTTP/1.1" 200 125346 "-" "Mozilla/5.0 (compatible; bingbot/2.0; +http://www.bing.com/bingbot.htm)" "-"
217.76.130.90 - - [10/Dec/2019:09:49:30 +0100] "POST /wp-cron.php?doing_wp_cron=1575967770.2523069381713867187500 HTTP/1.1" 200 3389 "https://amazingsportwear.com/wp-cron.php?doing_wp_cron=1575967770.2523069381713867187500" "WordPress/5.2.4; https://amazingsportwear.com" "-"
17.58.96.177 - - [10/Dec/2019:09:49:26 +0100] "GET /producto/mochila-tipo-saco-cat-3164/ HTTP/1.1" 200 102610 "-" "Mozilla/5.0 (Macintosh; Intel Mac OS X 10_10_1) AppleWebKit/600.2.5 (KHTML, like Gecko) Version/8.0.2 Safari/600.2.5 (Applebot/0.1; +http://www.apple.com/go/applebot)" "-"
85.192.72.91 - - [10/Dec/2019:09:50:23 +0100] "GET /wp-content/uploads/2019/04/Gorra-sport-6.png HTTP/1.1" 200 44623 "https://www.google.com/" "Mozilla/5.0 (Windows NT 10.0; Win64; x64) AppleWebKit/537.36 (KHTML, like Gecko) Chrome/78.0.3904.108 Safari/537.36" "-"
217.76.130.90 - - [10/Dec/2019:09:56:56 +0100] "POST /wp-cron.php?doing_wp_cron=1575968216.7656149864196777343750 HTTP/1.1" 200 3389 "https://amazingsportwear.com/wp-cron.php?doing_wp_cron=1575968216.7656149864196777343750" "WordPress/5.2.4; https://amazingsportwear.com" "-"
69.171.251.16 - - [10/Dec/2019:09:56:53 +0100] "GET / HTTP/1.1" 200 125560 "-" "facebookexternalhit/1.1 (+http://www.facebook.com/externalhit_uatext.php)" "-"
69.171.251.5 - - [10/Dec/2019:09:56:53 +0100] "GET / HTTP/1.1" 200 125550 "-" "facebookexternalhit/1.1 (+http://www.facebook.com/externalhit_uatext.php)" "-"
217.76.130.90 - - [10/Dec/2019:10:02:58 +0100] "POST /wp-cron.php?doing_wp_cron=1575968578.3798410892486572265625 HTTP/1.1" 200 164 "http://amazingsportwear.com/wp-cron.php?doing_wp_cron=1575968578.3798410892486572265625" "WordPress/5.2.4; https://amazingsportwear.com" "-"
104.222.43.40 - - [10/Dec/2019:10:02:55 +0100] "GET / HTTP/1.1" 301 336 "-" "Mozilla/5.0 (Windows NT 6.1; WOW64; rv:27.0) Gecko/20100101 Firefox/27.0" "-"
40.77.167.205 - - [10/Dec/2019:10:11:55 +0100] "GET /wp-content/uploads/2019/04/mochila-decath-3.png HTTP/1.1" 200 79673 "-" "Mozilla/5.0 (compatible; bingbot/2.0; +http://www.bing.com/bingbot.htm)" "-"
66.249.64.146 - - [10/Dec/2019:10:19:35 +0100] "GET /wp-content/uploads/2018/05/Pf-10031900-2-261x300.jpg HTTP/1.1" 304 3565 "-" "Googlebot-Image/1.0" "-"
217.76.130.90 - - [10/Dec/2019:10:22:56 +0100] "POST /wp-cron.php?doing_wp_cron=1575969776.2906351089477539062500 HTTP/1.1" 200 3389 "https://amazingsportwear.com/wp-cron.php?doing_wp_cron=1575969776.2906351089477539062500" "WordPress/5.2.4; https://amazingsportwear.com" "-"
