83.247.136.48 - - [20/Nov/2019:12:26:21 +0100] "GET /wp-content/uploads/2019/04/Llavero-metalico-golf-2-1.png HTTP/1.1" 200 118863 "https://www.google.com/" "Mozilla/5.0 (Windows NT 6.1; Win64; x64) AppleWebKit/537.36 (KHTML, like Gecko) Chrome/75.0.3770.100 Safari/537.36" "-"
217.76.130.90 - - [20/Nov/2019:12:28:09 +0100] "POST /wp-cron.php?doing_wp_cron=1574249289.2949879169464111328125 HTTP/1.1" 200 3389 "https://amazingsportwear.com/wp-cron.php?doing_wp_cron=1574249289.2949879169464111328125" "WordPress/5.2.4; https://amazingsportwear.com" "-"
66.249.66.66 - - [20/Nov/2019:12:28:08 +0100] "GET / HTTP/1.1" 200 125833 "-" "Mozilla/5.0 (Linux; Android 6.0.1; Nexus 5X Build/MMB29P) AppleWebKit/537.36 (KHTML, like Gecko) Chrome/41.0.2272.96 Mobile Safari/537.36 (compatible; Googlebot/2.1; +http://www.google.com/bot.html)" "-"
66.249.66.68 - - [20/Nov/2019:12:28:13 +0100] "GET /wp-content/plugins/elementor/assets/lib/font-awesome/css/font-awesome.min.css?ver=4.7.0 HTTP/1.1" 200 34728 "https://amazingsportwear.com/" "Mozilla/5.0 (Linux; Android 6.0.1; Nexus 5X Build/MMB29P) AppleWebKit/537.36 (KHTML, like Gecko) Chrome/41.0.2272.96 Mobile Safari/537.36 (compatible; Googlebot/2.1; +http://www.google.com/bot.html)" "wpfront-notification-bar-landingpage=1"
66.249.66.66 - - [20/Nov/2019:12:28:15 +0100] "POST /?wc-ajax=get_refreshed_fragments HTTP/1.1" 200 1345 "https://amazingsportwear.com/" "Mozilla/5.0 (Linux; Android 6.0.1; Nexus 5X Build/MMB29P) AppleWebKit/537.36 (KHTML, like Gecko) Chrome/41.0.2272.96 Mobile Safari/537.36 (compatible; Googlebot/2.1; +http://www.google.com/bot.html)" "wpfront-notification-bar-landingpage=1; _ga=GA1.2.1884029788.1574249291; _gid=GA1.2.969013651.1574249291; _gat_gtag_UA_91619287_1=1"
41.83.102.140 - - [20/Nov/2019:12:31:40 +0100] "GET /wp-content/uploads/2019/04/mento2.jpg HTTP/1.1" 200 79986 "https://www.google.com/" "Mozilla/5.0 (Windows NT 6.1; Win64; x64) AppleWebKit/537.36 (KHTML, like Gecko) Chrome/78.0.3904.97 Safari/537.36" "-"
217.76.130.90 - - [20/Nov/2019:12:36:05 +0100] "POST /wp-cron.php?doing_wp_cron=1574249765.1867630481719970703125 HTTP/1.1" 200 164 "http://amazingsportwear.com/wp-cron.php?doing_wp_cron=1574249765.1867630481719970703125" "WordPress/5.2.4; https://amazingsportwear.com" "-"
136.243.201.11 - - [20/Nov/2019:12:36:04 +0100] "GET /wp-content/plugins/wp-console.php HTTP/1.1" 404 67976 "http://site.ru" "Mozilla/5.0 (Windows; U; Windows NT 5.1; en-US) AppleWebKit/533.4 (KHTML, like Gecko) Chrome/5.0.375.99 Safari/533.4" "-"
136.243.201.11 - - [20/Nov/2019:12:36:05 +0100] "GET /wp-content/plugins/wp-console.php HTTP/1.1" 404 68041 "http://site.ru" "Mozilla/5.0 (Windows; U; Windows NT 5.1; en-US) AppleWebKit/533.4 (KHTML, like Gecko) Chrome/5.0.375.99 Safari/533.4" "-"
136.243.201.11 - - [20/Nov/2019:12:36:31 +0100] "GET /wp-content/plugins/wp-console.php HTTP/1.1" 404 68041 "http://site.ru" "Mozilla/5.0 (Windows; U; Windows NT 5.1; en-US) AppleWebKit/533.4 (KHTML, like Gecko) Chrome/5.0.375.99 Safari/533.4" "-"
217.76.130.90 - - [20/Nov/2019:12:39:55 +0100] "POST /wp-cron.php?doing_wp_cron=1574249994.9468469619750976562500 HTTP/1.1" 200 3389 "https://amazingsportwear.com/wp-cron.php?doing_wp_cron=1574249994.9468469619750976562500" "WordPress/5.2.4; https://amazingsportwear.com" "-"
66.249.66.68 - - [20/Nov/2019:12:39:54 +0100] "GET /pedido HTTP/1.1" 404 72241 "-" "Mozilla/5.0 (Linux; Android 6.0.1; Nexus 5X Build/MMB29P) AppleWebKit/537.36 (KHTML, like Gecko) Chrome/41.0.2272.96 Mobile Safari/537.36 (compatible; Googlebot/2.1; +http://www.google.com/bot.html)" "-"
217.76.130.90 - - [20/Nov/2019:12:46:39 +0100] "POST /wp-cron.php?doing_wp_cron=1574250399.6023108959197998046875 HTTP/1.1" 200 3389 "https://amazingsportwear.com/wp-cron.php?doing_wp_cron=1574250399.6023108959197998046875" "WordPress/5.2.4; https://amazingsportwear.com" "-"
66.249.66.66 - - [20/Nov/2019:12:46:38 +0100] "GET /categoria-producto/hombre/pantalonesymallas/ HTTP/1.1" 200 75628 "-" "Mozilla/5.0 (Linux; Android 6.0.1; Nexus 5X Build/MMB29P) AppleWebKit/537.36 (KHTML, like Gecko) Chrome/41.0.2272.96 Mobile Safari/537.36 (compatible; Googlebot/2.1; +http://www.google.com/bot.html)" "-"
217.76.130.90 - - [20/Nov/2019:12:49:12 +0100] "POST /wp-cron.php?doing_wp_cron=1574250552.7951600551605224609375 HTTP/1.1" 200 3389 "https://amazingsportwear.com/wp-cron.php?doing_wp_cron=1574250552.7951600551605224609375" "WordPress/5.2.4; https://amazingsportwear.com" "-"
185.188.182.170 - - [20/Nov/2019:12:49:12 +0100] "GET /inicio-sesion HTTP/1.1" 404 71993 "-" "-" "-"
217.76.130.90 - - [20/Nov/2019:12:51:29 +0100] "POST /wp-cron.php?doing_wp_cron=1574250689.3963940143585205078125 HTTP/1.1" 200 3389 "https://amazingsportwear.com/wp-cron.php?doing_wp_cron=1574250689.3963940143585205078125" "WordPress/5.2.4; https://amazingsportwear.com" "-"
66.249.80.48 - - [20/Nov/2019:12:51:28 +0100] "GET /producto/mochila-tipo-saco-cat-3164/ HTTP/1.1" 200 103669 "-" "Mozilla/5.0 (Linux; Android 4.2.1; en-us; Nexus 5 Build/JOP40D) AppleWebKit/535.19 (KHTML, like Gecko; googleweblight) Chrome/38.0.1025.166 Mobile Safari/535.19" "-"
66.249.80.48 - - [20/Nov/2019:12:51:30 +0100] "GET /wp-content/plugins/cookie-law-info/public/css/cookie-law-info-public.css?ver=1.7.6 HTTP/1.1" 200 3235 "https://amazingsportwear.com/producto/mochila-tipo-saco-cat-3164/" "Mozilla/5.0 (Linux; Android 4.2.1; en-us; Nexus 5 Build/JOP40D) AppleWebKit/535.19 (KHTML, like Gecko; googleweblight) Chrome/38.0.1025.166 Mobile Safari/535.19" "-"
66.249.80.48 - - [20/Nov/2019:12:51:30 +0100] "GET /wp-content/plugins/woocommerce/assets/css/blocks/style.css?ver=3.6.4 HTTP/1.1" 200 6697 "https://amazingsportwear.com/producto/mochila-tipo-saco-cat-3164/" "Mozilla/5.0 (Linux; Android 4.2.1; en-us; Nexus 5 Build/JOP40D) AppleWebKit/535.19 (KHTML, like Gecko; googleweblight) Chrome/38.0.1025.166 Mobile Safari/535.19" "-"
66.249.80.48 - - [20/Nov/2019:12:51:30 +0100] "GET /wp-content/plugins/woocommerce/assets/css/photoswipe/photoswipe.css?ver=3.6.4 HTTP/1.1" 200 7835 "https://amazingsportwear.com/producto/mochila-tipo-saco-cat-3164/" "Mozilla/5.0 (Linux; Android 4.2.1; en-us; Nexus 5 Build/JOP40D) AppleWebKit/535.19 (KHTML, like Gecko; googleweblight) Chrome/38.0.1025.166 Mobile Safari/535.19" "-"
66.249.80.50 - - [20/Nov/2019:12:51:31 +0100] "GET /wp-content/plugins/cookie-law-info/public/js/cookie-law-info-public.js?ver=1.7.6 HTTP/1.1" 200 20439 "https://amazingsportwear.com/producto/mochila-tipo-saco-cat-3164/" "Mozilla/5.0 (Linux; Android 4.2.1; en-us; Nexus 5 Build/JOP40D) AppleWebKit/535.19 (KHTML, like Gecko; googleweblight) Chrome/38.0.1025.166 Mobile Safari/535.19" "-"
66.249.80.48 - - [20/Nov/2019:12:51:31 +0100] "GET /wp-content/plugins/product-enquiry-for-woocommerce/css/wdm-jquery-ui.css?ver=5.2.4 HTTP/1.1" 200 30364 "https://amazingsportwear.com/producto/mochila-tipo-saco-cat-3164/" "Mozilla/5.0 (Linux; Android 4.2.1; en-us; Nexus 5 Build/JOP40D) AppleWebKit/535.19 (KHTML, like Gecko; googleweblight) Chrome/38.0.1025.166 Mobile Safari/535.19" "-"
66.249.80.48 - - [20/Nov/2019:12:51:31 +0100] "GET /wp-content/plugins/wpfront-notification-bar/css/wpfront-notification-bar.css?ver=1.7.1 HTTP/1.1" 200 7026 "https://amazingsportwear.com/producto/mochila-tipo-saco-cat-3164/" "Mozilla/5.0 (Linux; Android 4.2.1; en-us; Nexus 5 Build/JOP40D) AppleWebKit/535.19 (KHTML, like Gecko; googleweblight) Chrome/38.0.1025.166 Mobile Safari/535.19" "-"
66.249.80.50 - - [20/Nov/2019:12:51:31 +0100] "GET /wp-includes/css/dist/block-library/style.min.css?ver=5.2.4 HTTP/1.1" 200 33023 "https://amazingsportwear.com/producto/mochila-tipo-saco-cat-3164/" "Mozilla/5.0 (Linux; Android 4.2.1; en-us; Nexus 5 Build/JOP40D) AppleWebKit/535.19 (KHTML, like Gecko; googleweblight) Chrome/38.0.1025.166 Mobile Safari/535.19" "-"
66.249.80.48 - - [20/Nov/2019:12:51:31 +0100] "GET /wp-content/plugins/woocommerce/assets/js/frontend/add-to-cart.min.js?ver=3.6.4 HTTP/1.1" 200 6346 "https://amazingsportwear.com/producto/mochila-tipo-saco-cat-3164/" "Mozilla/5.0 (Linux; Android 4.2.1; en-us; Nexus 5 Build/JOP40D) AppleWebKit/535.19 (KHTML, like Gecko; googleweblight) Chrome/38.0.1025.166 Mobile Safari/535.19" "-"
66.249.80.50 - - [20/Nov/2019:12:51:31 +0100] "GET /wp-content/themes/shopper/assets/js/crm.js?ver=1561548510 HTTP/1.1" 200 4237 "https://amazingsportwear.com/producto/mochila-tipo-saco-cat-3164/" "Mozilla/5.0 (Linux; Android 4.2.1; en-us; Nexus 5 Build/JOP40D) AppleWebKit/535.19 (KHTML, like Gecko; googleweblight) Chrome/38.0.1025.166 Mobile Safari/535.19" "-"
66.249.80.52 - - [20/Nov/2019:12:51:31 +0100] "GET /wp-content/plugins/woocommerce/assets/js/jquery-blockui/jquery.blockUI.min.js?ver=2.70 HTTP/1.1" 200 13271 "https://amazingsportwear.com/producto/mochila-tipo-saco-cat-3164/" "Mozilla/5.0 (Linux; Android 4.2.1; en-us; Nexus 5 Build/JOP40D) AppleWebKit/535.19 (KHTML, like Gecko; googleweblight) Chrome/38.0.1025.166 Mobile Safari/535.19" "-"
66.249.80.50 - - [20/Nov/2019:12:51:30 +0100] "GET /wp-includes/js/jquery/jquery.js?ver=1.12.4-wp HTTP/1.1" 200 100725 "https://amazingsportwear.com/producto/mochila-tipo-saco-cat-3164/" "Mozilla/5.0 (Linux; Android 4.2.1; en-us; Nexus 5 Build/JOP40D) AppleWebKit/535.19 (KHTML, like Gecko; googleweblight) Chrome/38.0.1025.166 Mobile Safari/535.19" "-"
66.249.80.52 - - [20/Nov/2019:12:51:31 +0100] "GET /wp-content/plugins/wpfront-notification-bar/js/wpfront-notification-bar.js?ver=1.7.1 HTTP/1.1" 200 9025 "https://amazingsportwear.com/producto/mochila-tipo-saco-cat-3164/" "Mozilla/5.0 (Linux; Android 4.2.1; en-us; Nexus 5 Build/JOP40D) AppleWebKit/535.19 (KHTML, like Gecko; googleweblight) Chrome/38.0.1025.166 Mobile Safari/535.19" "-"
66.249.80.52 - - [20/Nov/2019:12:51:31 +0100] "GET /wp-content/plugins/cookie-law-info/public/css/cookie-law-info-gdpr.css?ver=1.7.6 HTTP/1.1" 200 15808 "https://amazingsportwear.com/producto/mochila-tipo-saco-cat-3164/" "Mozilla/5.0 (Linux; Android 4.2.1; en-us; Nexus 5 Build/JOP40D) AppleWebKit/535.19 (KHTML, like Gecko; googleweblight) Chrome/38.0.1025.166 Mobile Safari/535.19" "-"
66.249.80.50 - - [20/Nov/2019:12:51:31 +0100] "GET /wp-includes/js/jquery/jquery-migrate.min.js?ver=1.4.1 HTTP/1.1" 200 13762 "https://amazingsportwear.com/producto/mochila-tipo-saco-cat-3164/" "Mozilla/5.0 (Linux; Android 4.2.1; en-us; Nexus 5 Build/JOP40D) AppleWebKit/535.19 (KHTML, like Gecko; googleweblight) Chrome/38.0.1025.166 Mobile Safari/535.19" "-"
66.249.80.52 - - [20/Nov/2019:12:51:31 +0100] "GET /wp-content/plugins/simple-social-icons/svgxuse.js?ver=1.1.21 HTTP/1.1" 200 12943 "https://amazingsportwear.com/producto/mochila-tipo-saco-cat-3164/" "Mozilla/5.0 (Linux; Android 4.2.1; en-us; Nexus 5 Build/JOP40D) AppleWebKit/535.19 (KHTML, like Gecko; googleweblight) Chrome/38.0.1025.166 Mobile Safari/535.19" "-"
66.249.80.52 - - [20/Nov/2019:12:51:31 +0100] "GET /wp-content/themes/shopper/assets/sass/woocommerce/woocommerce.css?ver=5.2.4 HTTP/1.1" 200 86897 "https://amazingsportwear.com/producto/mochila-tipo-saco-cat-3164/" "Mozilla/5.0 (Linux; Android 4.2.1; en-us; Nexus 5 Build/JOP40D) AppleWebKit/535.19 (KHTML, like Gecko; googleweblight) Chrome/38.0.1025.166 Mobile Safari/535.19" "-"
66.249.80.48 - - [20/Nov/2019:12:51:31 +0100] "GET /wp-content/plugins/woocommerce/assets/css/photoswipe/default-skin/default-skin.css?ver=3.6.4 HTTP/1.1" 200 15306 "https://amazingsportwear.com/producto/mochila-tipo-saco-cat-3164/" "Mozilla/5.0 (Linux; Android 4.2.1; en-us; Nexus 5 Build/JOP40D) AppleWebKit/535.19 (KHTML, like Gecko; googleweblight) Chrome/38.0.1025.166 Mobile Safari/535.19" "-"
66.249.80.50 - - [20/Nov/2019:12:51:31 +0100] "GET /wp-content/plugins/woocommerce/assets/js/zoom/jquery.zoom.min.js?ver=1.7.21 HTTP/1.1" 200 6320 "https://amazingsportwear.com/producto/mochila-tipo-saco-cat-3164/" "Mozilla/5.0 (Linux; Android 4.2.1; en-us; Nexus 5 Build/JOP40D) AppleWebKit/535.19 (KHTML, like Gecko; googleweblight) Chrome/38.0.1025.166 Mobile Safari/535.19" "-"
66.249.80.48 - - [20/Nov/2019:12:51:31 +0100] "GET /wp-content/themes/shopper/style.css?ver=1.3.8 HTTP/1.1" 200 128678 "https://amazingsportwear.com/producto/mochila-tipo-saco-cat-3164/" "Mozilla/5.0 (Linux; Android 4.2.1; en-us; Nexus 5 Build/JOP40D) AppleWebKit/535.19 (KHTML, like Gecko; googleweblight) Chrome/38.0.1025.166 Mobile Safari/535.19" "-"
66.249.80.52 - - [20/Nov/2019:12:51:31 +0100] "GET /wp-content/plugins/woocommerce/assets/js/frontend/single-product.min.js?ver=3.6.4 HTTP/1.1" 200 6693 "https://amazingsportwear.com/producto/mochila-tipo-saco-cat-3164/" "Mozilla/5.0 (Linux; Android 4.2.1; en-us; Nexus 5 Build/JOP40D) AppleWebKit/535.19 (KHTML, like Gecko; googleweblight) Chrome/38.0.1025.166 Mobile Safari/535.19" "-"
66.249.80.50 - - [20/Nov/2019:12:51:31 +0100] "GET /wp-content/plugins/woocommerce/assets/js/photoswipe/photoswipe.min.js?ver=4.1.1 HTTP/1.1" 200 32276 "https://amazingsportwear.com/producto/mochila-tipo-saco-cat-3164/" "Mozilla/5.0 (Linux; Android 4.2.1; en-us; Nexus 5 Build/JOP40D) AppleWebKit/535.19 (KHTML, like Gecko; googleweblight) Chrome/38.0.1025.166 Mobile Safari/535.19" "-"
66.249.80.52 - - [20/Nov/2019:12:51:31 +0100] "GET /wp-content/plugins/woocommerce/assets/js/frontend/cart-fragments.min.js?ver=3.6.4 HTTP/1.1" 200 3281 "https://amazingsportwear.com/producto/mochila-tipo-saco-cat-3164/" "Mozilla/5.0 (Linux; Android 4.2.1; en-us; Nexus 5 Build/JOP40D) AppleWebKit/535.19 (KHTML, like Gecko; googleweblight) Chrome/38.0.1025.166 Mobile Safari/535.19" "-"
66.249.80.52 - - [20/Nov/2019:12:51:31 +0100] "GET /wp-content/plugins/woocommerce/assets/js/frontend/woocommerce.min.js?ver=3.6.4 HTTP/1.1" 200 1813 "https://amazingsportwear.com/producto/mochila-tipo-saco-cat-3164/" "Mozilla/5.0 (Linux; Android 4.2.1; en-us; Nexus 5 Build/JOP40D) AppleWebKit/535.19 (KHTML, like Gecko; googleweblight) Chrome/38.0.1025.166 Mobile Safari/535.19" "-"
66.249.80.50 - - [20/Nov/2019:12:51:31 +0100] "GET /wp-content/themes/shopper/assets/js/skip-link-focus-fix.js?ver=1.3.8 HTTP/1.1" 200 1023 "https://amazingsportwear.com/producto/mochila-tipo-saco-cat-3164/" "Mozilla/5.0 (Linux; Android 4.2.1; en-us; Nexus 5 Build/JOP40D) AppleWebKit/535.19 (KHTML, like Gecko; googleweblight) Chrome/38.0.1025.166 Mobile Safari/535.19" "-"
66.249.80.48 - - [20/Nov/2019:12:51:31 +0100] "GET /wp-content/plugins/woocommerce/assets/js/js-cookie/js.cookie.min.js?ver=2.1.4 HTTP/1.1" 200 2187 "https://amazingsportwear.com/producto/mochila-tipo-saco-cat-3164/" "Mozilla/5.0 (Linux; Android 4.2.1; en-us; Nexus 5 Build/JOP40D) AppleWebKit/535.19 (KHTML, like Gecko; googleweblight) Chrome/38.0.1025.166 Mobile Safari/535.19" "-"
66.249.80.48 - - [20/Nov/2019:12:51:31 +0100] "GET /wp-content/themes/shopper/assets/js/woocommerce/header-cart.min.js?ver=1.3.8 HTTP/1.1" 200 972 "https://amazingsportwear.com/producto/mochila-tipo-saco-cat-3164/" "Mozilla/5.0 (Linux; Android 4.2.1; en-us; Nexus 5 Build/JOP40D) AppleWebKit/535.19 (KHTML, like Gecko; googleweblight) Chrome/38.0.1025.166 Mobile Safari/535.19" "-"
66.249.80.48 - - [20/Nov/2019:12:51:31 +0100] "GET /wp-includes/js/wp-embed.min.js?ver=5.2.4 HTTP/1.1" 200 1744 "https://amazingsportwear.com/producto/mochila-tipo-saco-cat-3164/" "Mozilla/5.0 (Linux; Android 4.2.1; en-us; Nexus 5 Build/JOP40D) AppleWebKit/535.19 (KHTML, like Gecko; googleweblight) Chrome/38.0.1025.166 Mobile Safari/535.19" "-"
66.249.80.48 - - [20/Nov/2019:12:51:31 +0100] "GET /wp-includes/js/underscore.min.js?ver=1.8.3 HTTP/1.1" 200 16527 "https://amazingsportwear.com/producto/mochila-tipo-saco-cat-3164/" "Mozilla/5.0 (Linux; Android 4.2.1; en-us; Nexus 5 Build/JOP40D) AppleWebKit/535.19 (KHTML, like Gecko; googleweblight) Chrome/38.0.1025.166 Mobile Safari/535.19" "-"
66.249.80.52 - - [20/Nov/2019:12:51:31 +0100] "GET /wp-includes/js/jquery/jquery.js HTTP/1.1" 200 100725 "https://amazingsportwear.com/producto/mochila-tipo-saco-cat-3164/" "Mozilla/5.0 (Linux; Android 4.2.1; en-us; Nexus 5 Build/JOP40D) AppleWebKit/535.19 (KHTML, like Gecko; googleweblight) Chrome/38.0.1025.166 Mobile Safari/535.19" "-"
66.249.80.48 - - [20/Nov/2019:12:51:31 +0100] "GET /wp-includes/js/wp-util.min.js?ver=5.2.4 HTTP/1.1" 200 1387 "https://amazingsportwear.com/producto/mochila-tipo-saco-cat-3164/" "Mozilla/5.0 (Linux; Android 4.2.1; en-us; Nexus 5 Build/JOP40D) AppleWebKit/535.19 (KHTML, like Gecko; googleweblight) Chrome/38.0.1025.166 Mobile Safari/535.19" "-"
66.249.80.52 - - [20/Nov/2019:12:51:31 +0100] "GET /wp-content/plugins/woocommerce/assets/js/frontend/add-to-cart-variation.min.js?ver=3.6.4 HTTP/1.1" 200 13625 "https://amazingsportwear.com/producto/mochila-tipo-saco-cat-3164/" "Mozilla/5.0 (Linux; Android 4.2.1; en-us; Nexus 5 Build/JOP40D) AppleWebKit/535.19 (KHTML, like Gecko; googleweblight) Chrome/38.0.1025.166 Mobile Safari/535.19" "-"
66.249.80.50 - - [20/Nov/2019:12:51:31 +0100] "GET /wp-includes/js/jquery/ui/mouse.min.js?ver=1.11.4 HTTP/1.1" 200 3489 "https://amazingsportwear.com/producto/mochila-tipo-saco-cat-3164/" "Mozilla/5.0 (Linux; Android 4.2.1; en-us; Nexus 5 Build/JOP40D) AppleWebKit/535.19 (KHTML, like Gecko; googleweblight) Chrome/38.0.1025.166 Mobile Safari/535.19" "-"
66.249.80.52 - - [20/Nov/2019:12:51:31 +0100] "GET /wp-content/plugins/wpfront-notification-bar/jquery-plugins/jquery.c.js?ver=1.4.0 HTTP/1.1" 200 6800 "https://amazingsportwear.com/producto/mochila-tipo-saco-cat-3164/" "Mozilla/5.0 (Linux; Android 4.2.1; en-us; Nexus 5 Build/JOP40D) AppleWebKit/535.19 (KHTML, like Gecko; googleweblight) Chrome/38.0.1025.166 Mobile Safari/535.19" "-"
66.249.80.50 - - [20/Nov/2019:12:51:31 +0100] "GET /wp-includes/js/comment-reply.min.js?ver=5.2.4 HTTP/1.1" 200 2575 "https://amazingsportwear.com/producto/mochila-tipo-saco-cat-3164/" "Mozilla/5.0 (Linux; Android 4.2.1; en-us; Nexus 5 Build/JOP40D) AppleWebKit/535.19 (KHTML, like Gecko; googleweblight) Chrome/38.0.1025.166 Mobile Safari/535.19" "-"
66.249.80.50 - - [20/Nov/2019:12:51:31 +0100] "GET /wp-includes/js/jquery/ui/resizable.min.js?ver=1.11.4 HTTP/1.1" 200 18798 "https://amazingsportwear.com/producto/mochila-tipo-saco-cat-3164/" "Mozilla/5.0 (Linux; Android 4.2.1; en-us; Nexus 5 Build/JOP40D) AppleWebKit/535.19 (KHTML, like Gecko; googleweblight) Chrome/38.0.1025.166 Mobile Safari/535.19" "-"
66.249.80.52 - - [20/Nov/2019:12:51:31 +0100] "GET /wp-includes/js/jquery/ui/draggable.min.js?ver=1.11.4 HTTP/1.1" 200 19277 "https://amazingsportwear.com/producto/mochila-tipo-saco-cat-3164/" "Mozilla/5.0 (Linux; Android 4.2.1; en-us; Nexus 5 Build/JOP40D) AppleWebKit/535.19 (KHTML, like Gecko; googleweblight) Chrome/38.0.1025.166 Mobile Safari/535.19" "-"
66.249.80.52 - - [20/Nov/2019:12:51:31 +0100] "GET /wp-content/plugins/woocommerce/assets/js/flexslider/jquery.flexslider.min.js?ver=2.7.2 HTTP/1.1" 200 26595 "https://amazingsportwear.com/producto/mochila-tipo-saco-cat-3164/" "Mozilla/5.0 (Linux; Android 4.2.1; en-us; Nexus 5 Build/JOP40D) AppleWebKit/535.19 (KHTML, like Gecko; googleweblight) Chrome/38.0.1025.166 Mobile Safari/535.19" "-"
66.249.80.48 - - [20/Nov/2019:12:51:31 +0100] "GET /wp-includes/js/jquery/ui/position.min.js?ver=1.11.4 HTTP/1.1" 200 6869 "https://amazingsportwear.com/producto/mochila-tipo-saco-cat-3164/" "Mozilla/5.0 (Linux; Android 4.2.1; en-us; Nexus 5 Build/JOP40D) AppleWebKit/535.19 (KHTML, like Gecko; googleweblight) Chrome/38.0.1025.166 Mobile Safari/535.19" "-"
66.249.80.48 - - [20/Nov/2019:12:51:31 +0100] "GET /wp-includes/js/jquery/ui/button.min.js?ver=1.11.4 HTTP/1.1" 200 7578 "https://amazingsportwear.com/producto/mochila-tipo-saco-cat-3164/" "Mozilla/5.0 (Linux; Android 4.2.1; en-us; Nexus 5 Build/JOP40D) AppleWebKit/535.19 (KHTML, like Gecko; googleweblight) Chrome/38.0.1025.166 Mobile Safari/535.19" "-"
66.249.80.48 - - [20/Nov/2019:12:51:31 +0100] "GET /wp-includes/js/jquery/ui/dialog.min.js?ver=1.11.4 HTTP/1.1" 200 12482 "https://amazingsportwear.com/producto/mochila-tipo-saco-cat-3164/" "Mozilla/5.0 (Linux; Android 4.2.1; en-us; Nexus 5 Build/JOP40D) AppleWebKit/535.19 (KHTML, like Gecko; googleweblight) Chrome/38.0.1025.166 Mobile Safari/535.19" "-"
66.249.80.50 - - [20/Nov/2019:12:51:31 +0100] "GET /wp-content/plugins/product-enquiry-for-woocommerce/js/wdm_jquery.validate.min.js?ver=5.2.4 HTTP/1.1" 200 21818 "https://amazingsportwear.com/producto/mochila-tipo-saco-cat-3164/" "Mozilla/5.0 (Linux; Android 4.2.1; en-us; Nexus 5 Build/JOP40D) AppleWebKit/535.19 (KHTML, like Gecko; googleweblight) Chrome/38.0.1025.166 Mobile Safari/535.19" "-"
66.249.80.48 - - [20/Nov/2019:12:51:31 +0100] "GET /wp-content/plugins/product-enquiry-for-woocommerce/js/contact.js?ver=5.2.4 HTTP/1.1" 200 4681 "https://amazingsportwear.com/producto/mochila-tipo-saco-cat-3164/" "Mozilla/5.0 (Linux; Android 4.2.1; en-us; Nexus 5 Build/JOP40D) AppleWebKit/535.19 (KHTML, like Gecko; googleweblight) Chrome/38.0.1025.166 Mobile Safari/535.19" "-"
66.249.80.48 - - [20/Nov/2019:12:51:31 +0100] "GET /wp-includes/js/wp-emoji-release.min.js?ver=5.2.4 HTTP/1.1" 200 14183 "https://amazingsportwear.com/producto/mochila-tipo-saco-cat-3164/" "Mozilla/5.0 (Linux; Android 4.2.1; en-us; Nexus 5 Build/JOP40D) AppleWebKit/535.19 (KHTML, like Gecko; googleweblight) Chrome/38.0.1025.166 Mobile Safari/535.19" "-"
66.249.80.50 - - [20/Nov/2019:12:51:31 +0100] "GET /wp-content/plugins/akismet/_inc/form.js?ver=4.1.2 HTTP/1.1" 200 1040 "https://amazingsportwear.com/producto/mochila-tipo-saco-cat-3164/" "Mozilla/5.0 (Linux; Android 4.2.1; en-us; Nexus 5 Build/JOP40D) AppleWebKit/535.19 (KHTML, like Gecko; googleweblight) Chrome/38.0.1025.166 Mobile Safari/535.19" "-"
66.249.80.50 - - [20/Nov/2019:12:51:31 +0100] "GET /wp-content/plugins/woocommerce/assets/js/photoswipe/photoswipe-ui-default.min.js?ver=4.1.1 HTTP/1.1" 200 13583 "https://amazingsportwear.com/producto/mochila-tipo-saco-cat-3164/" "Mozilla/5.0 (Linux; Android 4.2.1; en-us; Nexus 5 Build/JOP40D) AppleWebKit/535.19 (KHTML, like Gecko; googleweblight) Chrome/38.0.1025.166 Mobile Safari/535.19" "-"
66.249.80.50 - - [20/Nov/2019:12:51:31 +0100] "GET /wp-content/themes/shopper/assets/js/shopper.min.js?ver=1.3.8 HTTP/1.1" 200 9357 "https://amazingsportwear.com/producto/mochila-tipo-saco-cat-3164/" "Mozilla/5.0 (Linux; Android 4.2.1; en-us; Nexus 5 Build/JOP40D) AppleWebKit/535.19 (KHTML, like Gecko; googleweblight) Chrome/38.0.1025.166 Mobile Safari/535.19" "-"
66.249.80.52 - - [20/Nov/2019:12:51:31 +0100] "GET /wp-content/uploads/2019/05/cropped-asw-white.png HTTP/1.1" 200 7500 "https://amazingsportwear.com/producto/mochila-tipo-saco-cat-3164/" "Mozilla/5.0 (Linux; Android 4.2.1; en-us; Nexus 5 Build/JOP40D) AppleWebKit/535.19 (KHTML, like Gecko; googleweblight) Chrome/38.0.1025.166 Mobile Safari/535.19" "-"
66.249.80.50 - - [20/Nov/2019:12:51:31 +0100] "GET /wp-content/uploads/2018/05/cat-3164-19-300x300.jpg HTTP/1.1" 200 27273 "https://amazingsportwear.com/producto/mochila-tipo-saco-cat-3164/" "Mozilla/5.0 (Linux; Android 4.2.1; en-us; Nexus 5 Build/JOP40D) AppleWebKit/535.19 (KHTML, like Gecko; googleweblight) Chrome/38.0.1025.166 Mobile Safari/535.19" "-"
66.249.80.52 - - [20/Nov/2019:12:51:31 +0100] "GET /wp-content/uploads/2018/05/cat-3164-07-300x300.jpg HTTP/1.1" 200 26737 "https://amazingsportwear.com/producto/mochila-tipo-saco-cat-3164/" "Mozilla/5.0 (Linux; Android 4.2.1; en-us; Nexus 5 Build/JOP40D) AppleWebKit/535.19 (KHTML, like Gecko; googleweblight) Chrome/38.0.1025.166 Mobile Safari/535.19" "-"
66.249.80.52 - - [20/Nov/2019:12:51:31 +0100] "GET /wp-content/uploads/2018/05/cat-3164-06-300x300.jpg HTTP/1.1" 200 8689 "https://amazingsportwear.com/producto/mochila-tipo-saco-cat-3164/" "Mozilla/5.0 (Linux; Android 4.2.1; en-us; Nexus 5 Build/JOP40D) AppleWebKit/535.19 (KHTML, like Gecko; googleweblight) Chrome/38.0.1025.166 Mobile Safari/535.19" "-"
66.249.80.48 - - [20/Nov/2019:12:51:31 +0100] "GET /wp-content/uploads/2018/05/cat-3164-03-300x300.jpg HTTP/1.1" 200 27931 "https://amazingsportwear.com/producto/mochila-tipo-saco-cat-3164/" "Mozilla/5.0 (Linux; Android 4.2.1; en-us; Nexus 5 Build/JOP40D) AppleWebKit/535.19 (KHTML, like Gecko; googleweblight) Chrome/38.0.1025.166 Mobile Safari/535.19" "-"
66.249.80.50 - - [20/Nov/2019:12:51:31 +0100] "GET /wp-content/uploads/2018/05/cat-3164-11-300x300.jpg HTTP/1.1" 200 27863 "https://amazingsportwear.com/producto/mochila-tipo-saco-cat-3164/" "Mozilla/5.0 (Linux; Android 4.2.1; en-us; Nexus 5 Build/JOP40D) AppleWebKit/535.19 (KHTML, like Gecko; googleweblight) Chrome/38.0.1025.166 Mobile Safari/535.19" "-"
66.249.80.50 - - [20/Nov/2019:12:51:31 +0100] "GET /wp-content/uploads/2018/05/cat-3164-22-300x300.jpg HTTP/1.1" 200 8243 "https://amazingsportwear.com/producto/mochila-tipo-saco-cat-3164/" "Mozilla/5.0 (Linux; Android 4.2.1; en-us; Nexus 5 Build/JOP40D) AppleWebKit/535.19 (KHTML, like Gecko; googleweblight) Chrome/38.0.1025.166 Mobile Safari/535.19" "-"
66.249.80.50 - - [20/Nov/2019:12:51:31 +0100] "GET /wp-content/uploads/2018/05/cat-3164-01-300x300.jpg HTTP/1.1" 200 10365 "https://amazingsportwear.com/producto/mochila-tipo-saco-cat-3164/" "Mozilla/5.0 (Linux; Android 4.2.1; en-us; Nexus 5 Build/JOP40D) AppleWebKit/535.19 (KHTML, like Gecko; googleweblight) Chrome/38.0.1025.166 Mobile Safari/535.19" "-"
66.249.80.50 - - [20/Nov/2019:12:51:31 +0100] "GET /wp-content/uploads/2018/05/cat-3164-02-300x300.jpg HTTP/1.1" 200 24617 "https://amazingsportwear.com/producto/mochila-tipo-saco-cat-3164/" "Mozilla/5.0 (Linux; Android 4.2.1; en-us; Nexus 5 Build/JOP40D) AppleWebKit/535.19 (KHTML, like Gecko; googleweblight) Chrome/38.0.1025.166 Mobile Safari/535.19" "-"
66.249.80.48 - - [20/Nov/2019:12:51:31 +0100] "GET /wp-content/uploads/2018/05/cat-3164-21-300x300.jpg HTTP/1.1" 200 8626 "https://amazingsportwear.com/producto/mochila-tipo-saco-cat-3164/" "Mozilla/5.0 (Linux; Android 4.2.1; en-us; Nexus 5 Build/JOP40D) AppleWebKit/535.19 (KHTML, like Gecko; googleweblight) Chrome/38.0.1025.166 Mobile Safari/535.19" "-"
66.249.80.50 - - [20/Nov/2019:12:51:31 +0100] "GET /wp-content/uploads/2018/05/cat-3164-04-300x300.jpg HTTP/1.1" 200 24616 "https://amazingsportwear.com/producto/mochila-tipo-saco-cat-3164/" "Mozilla/5.0 (Linux; Android 4.2.1; en-us; Nexus 5 Build/JOP40D) AppleWebKit/535.19 (KHTML, like Gecko; googleweblight) Chrome/38.0.1025.166 Mobile Safari/535.19" "-"
66.249.80.48 - - [20/Nov/2019:12:51:31 +0100] "GET /wp-includes/js/jquery/ui/core.min.js?ver=1.11.4 HTTP/1.1" 200 7704 "https://amazingsportwear.com/producto/mochila-tipo-saco-cat-3164/" "Mozilla/5.0 (Linux; Android 4.2.1; en-us; Nexus 5 Build/JOP40D) AppleWebKit/535.19 (KHTML, like Gecko; googleweblight) Chrome/38.0.1025.166 Mobile Safari/535.19" "-"
66.249.80.48 - - [20/Nov/2019:12:51:31 +0100] "GET /wp-includes/js/jquery/ui/widget.min.js?ver=1.11.4 HTTP/1.1" 200 10613 "https://amazingsportwear.com/producto/mochila-tipo-saco-cat-3164/" "Mozilla/5.0 (Linux; Android 4.2.1; en-us; Nexus 5 Build/JOP40D) AppleWebKit/535.19 (KHTML, like Gecko; googleweblight) Chrome/38.0.1025.166 Mobile Safari/535.19" "-"
66.249.80.50 - - [20/Nov/2019:12:51:31 +0100] "GET /wp-content/uploads/2018/05/ENY-FL14W-1-300x300.jpg HTTP/1.1" 200 18075 "https://amazingsportwear.com/producto/mochila-tipo-saco-cat-3164/" "Mozilla/5.0 (Linux; Android 4.2.1; en-us; Nexus 5 Build/JOP40D) AppleWebKit/535.19 (KHTML, like Gecko; googleweblight) Chrome/38.0.1025.166 Mobile Safari/535.19" "-"
66.249.80.52 - - [20/Nov/2019:12:51:31 +0100] "GET /wp-content/plugins/product-enquiry-for-woocommerce/img/contact/loading.gif HTTP/1.1" 200 3834 "https://amazingsportwear.com/producto/mochila-tipo-saco-cat-3164/" "Mozilla/5.0 (Linux; Android 4.2.1; en-us; Nexus 5 Build/JOP40D) AppleWebKit/535.19 (KHTML, like Gecko; googleweblight) Chrome/38.0.1025.166 Mobile Safari/535.19" "-"
66.249.80.48 - - [20/Nov/2019:12:51:31 +0100] "GET /wp-content/uploads/2018/05/cat-3164-colores-1.png HTTP/1.1" 200 78479 "https://amazingsportwear.com/producto/mochila-tipo-saco-cat-3164/" "Mozilla/5.0 (Linux; Android 4.2.1; en-us; Nexus 5 Build/JOP40D) AppleWebKit/535.19 (KHTML, like Gecko; googleweblight) Chrome/38.0.1025.166 Mobile Safari/535.19" "-"
66.249.80.48 - - [20/Nov/2019:12:51:31 +0100] "GET /wp-content/uploads/2018/05/BP-38040-chico-300x300.jpg HTTP/1.1" 200 20333 "https://amazingsportwear.com/producto/mochila-tipo-saco-cat-3164/" "Mozilla/5.0 (Linux; Android 4.2.1; en-us; Nexus 5 Build/JOP40D) AppleWebKit/535.19 (KHTML, like Gecko; googleweblight) Chrome/38.0.1025.166 Mobile Safari/535.19" "-"
66.249.80.48 - - [20/Nov/2019:12:51:31 +0100] "GET /wp-content/uploads/2019/05/asw-white-300x126.png HTTP/1.1" 200 12061 "https://amazingsportwear.com/producto/mochila-tipo-saco-cat-3164/" "Mozilla/5.0 (Linux; Android 4.2.1; en-us; Nexus 5 Build/JOP40D) AppleWebKit/535.19 (KHTML, like Gecko; googleweblight) Chrome/38.0.1025.166 Mobile Safari/535.19" "-"
66.249.80.50 - - [20/Nov/2019:12:51:31 +0100] "GET /wp-content/uploads/2018/05/cif-g221-2-300x300.jpg HTTP/1.1" 200 8294 "https://amazingsportwear.com/producto/mochila-tipo-saco-cat-3164/" "Mozilla/5.0 (Linux; Android 4.2.1; en-us; Nexus 5 Build/JOP40D) AppleWebKit/535.19 (KHTML, like Gecko; googleweblight) Chrome/38.0.1025.166 Mobile Safari/535.19" "-"
66.249.80.50 - - [20/Nov/2019:12:51:32 +0100] "GET /wp-content/uploads/2018/05/cat-3164-279-300x300.jpg HTTP/1.1" 200 11644 "https://amazingsportwear.com/producto/mochila-tipo-saco-cat-3164/" "Mozilla/5.0 (Linux; Android 4.2.1; en-us; Nexus 5 Build/JOP40D) AppleWebKit/535.19 (KHTML, like Gecko; googleweblight) Chrome/38.0.1025.166 Mobile Safari/535.19" "-"
66.249.80.48 - - [20/Nov/2019:12:51:32 +0100] "GET /wp-content/uploads/2018/05/cat-3164-amarillo.png HTTP/1.1" 200 124806 "https://amazingsportwear.com/producto/mochila-tipo-saco-cat-3164/" "Mozilla/5.0 (Linux; Android 4.2.1; en-us; Nexus 5 Build/JOP40D) AppleWebKit/535.19 (KHTML, like Gecko; googleweblight) Chrome/38.0.1025.166 Mobile Safari/535.19" "-"
66.249.80.48 - - [20/Nov/2019:12:51:32 +0100] "GET /wp-content/plugins/simple-social-icons/css/style.css?ver=3.0.1 HTTP/1.1" 200 4925 "https://amazingsportwear.com/producto/mochila-tipo-saco-cat-3164/" "Mozilla/5.0 (Linux; Android 4.2.1; en-us; Nexus 5 Build/JOP40D) AppleWebKit/535.19 (KHTML, like Gecko; googleweblight) Chrome/38.0.1025.166 Mobile Safari/535.19" "-"
66.249.80.60 - - [20/Nov/2019:12:51:31 +0100] "GET /img/cms/complementos/cat-3164-colores.png HTTP/1.1" 404 68095 "-" "Mozilla/5.0 (Linux; Android 4.2.1; en-us; Nexus 5 Build/JOP40D) AppleWebKit/535.19 (KHTML, like Gecko; googleweblight) Chrome/38.0.1025.166 Mobile Safari/535.19" "-"
66.249.80.50 - - [20/Nov/2019:12:51:32 +0100] "GET /wp-content/uploads/2018/05/cat-3164-02-100x100.jpg HTTP/1.1" 200 18413 "https://amazingsportwear.com/producto/mochila-tipo-saco-cat-3164/" "Mozilla/5.0 (Linux; Android 4.2.1; en-us; Nexus 5 Build/JOP40D) AppleWebKit/535.19 (KHTML, like Gecko; googleweblight) Chrome/38.0.1025.166 Mobile Safari/535.19" "-"
66.249.80.52 - - [20/Nov/2019:12:51:32 +0100] "GET /wp-content/uploads/2018/05/cat-3164-amarillo-100x100.png HTTP/1.1" 200 12350 "https://amazingsportwear.com/producto/mochila-tipo-saco-cat-3164/" "Mozilla/5.0 (Linux; Android 4.2.1; en-us; Nexus 5 Build/JOP40D) AppleWebKit/535.19 (KHTML, like Gecko; googleweblight) Chrome/38.0.1025.166 Mobile Safari/535.19" "-"
66.249.80.48 - - [20/Nov/2019:12:51:32 +0100] "GET /wp-content/uploads/2018/05/cat-3164-21-100x100.jpg HTTP/1.1" 200 3059 "https://amazingsportwear.com/producto/mochila-tipo-saco-cat-3164/" "Mozilla/5.0 (Linux; Android 4.2.1; en-us; Nexus 5 Build/JOP40D) AppleWebKit/535.19 (KHTML, like Gecko; googleweblight) Chrome/38.0.1025.166 Mobile Safari/535.19" "-"
66.249.80.52 - - [20/Nov/2019:12:51:32 +0100] "GET /wp-content/plugins/wpfront-notification-bar/images/arrow_down.png HTTP/1.1" 200 2562 "https://amazingsportwear.com/wp-content/plugins/wpfront-notification-bar/css/wpfront-notification-bar.css?ver=1.7.1" "Mozilla/5.0 (Linux; Android 4.2.1; en-us; Nexus 5 Build/JOP40D) AppleWebKit/535.19 (KHTML, like Gecko; googleweblight) Chrome/38.0.1025.166 Mobile Safari/535.19" "-"
66.249.80.50 - - [20/Nov/2019:12:51:32 +0100] "GET /wp-content/uploads/2018/05/cat-3164-22-100x100.jpg HTTP/1.1" 200 2974 "https://amazingsportwear.com/producto/mochila-tipo-saco-cat-3164/" "Mozilla/5.0 (Linux; Android 4.2.1; en-us; Nexus 5 Build/JOP40D) AppleWebKit/535.19 (KHTML, like Gecko; googleweblight) Chrome/38.0.1025.166 Mobile Safari/535.19" "-"
66.249.80.48 - - [20/Nov/2019:12:51:32 +0100] "GET /wp-content/uploads/2018/05/cat-3164-06-100x100.jpg HTTP/1.1" 200 3053 "https://amazingsportwear.com/producto/mochila-tipo-saco-cat-3164/" "Mozilla/5.0 (Linux; Android 4.2.1; en-us; Nexus 5 Build/JOP40D) AppleWebKit/535.19 (KHTML, like Gecko; googleweblight) Chrome/38.0.1025.166 Mobile Safari/535.19" "-"
66.249.80.50 - - [20/Nov/2019:12:51:32 +0100] "GET /wp-content/uploads/2018/05/cat-3164-03-100x100.jpg HTTP/1.1" 200 19238 "https://amazingsportwear.com/producto/mochila-tipo-saco-cat-3164/" "Mozilla/5.0 (Linux; Android 4.2.1; en-us; Nexus 5 Build/JOP40D) AppleWebKit/535.19 (KHTML, like Gecko; googleweblight) Chrome/38.0.1025.166 Mobile Safari/535.19" "-"
66.249.80.50 - - [20/Nov/2019:12:51:32 +0100] "GET /wp-content/uploads/2018/05/cat-3164-279-100x100.jpg HTTP/1.1" 200 2988 "https://amazingsportwear.com/producto/mochila-tipo-saco-cat-3164/" "Mozilla/5.0 (Linux; Android 4.2.1; en-us; Nexus 5 Build/JOP40D) AppleWebKit/535.19 (KHTML, like Gecko; googleweblight) Chrome/38.0.1025.166 Mobile Safari/535.19" "-"
66.249.80.48 - - [20/Nov/2019:12:51:32 +0100] "GET /wp-content/uploads/2018/05/cat-3164-07-100x100.jpg HTTP/1.1" 200 19063 "https://amazingsportwear.com/producto/mochila-tipo-saco-cat-3164/" "Mozilla/5.0 (Linux; Android 4.2.1; en-us; Nexus 5 Build/JOP40D) AppleWebKit/535.19 (KHTML, like Gecko; googleweblight) Chrome/38.0.1025.166 Mobile Safari/535.19" "-"
66.249.80.48 - - [20/Nov/2019:12:51:32 +0100] "GET /wp-content/uploads/2018/05/cat-3164-11-100x100.jpg HTTP/1.1" 200 20188 "https://amazingsportwear.com/producto/mochila-tipo-saco-cat-3164/" "Mozilla/5.0 (Linux; Android 4.2.1; en-us; Nexus 5 Build/JOP40D) AppleWebKit/535.19 (KHTML, like Gecko; googleweblight) Chrome/38.0.1025.166 Mobile Safari/535.19" "-"
66.249.80.50 - - [20/Nov/2019:12:51:32 +0100] "GET /wp-content/uploads/2018/05/cat-3164-04-100x100.jpg HTTP/1.1" 200 18799 "https://amazingsportwear.com/producto/mochila-tipo-saco-cat-3164/" "Mozilla/5.0 (Linux; Android 4.2.1; en-us; Nexus 5 Build/JOP40D) AppleWebKit/535.19 (KHTML, like Gecko; googleweblight) Chrome/38.0.1025.166 Mobile Safari/535.19" "-"
66.249.80.52 - - [20/Nov/2019:12:51:32 +0100] "GET /wp-content/uploads/2018/05/cat-3164-19-100x100.jpg HTTP/1.1" 200 19910 "https://amazingsportwear.com/producto/mochila-tipo-saco-cat-3164/" "Mozilla/5.0 (Linux; Android 4.2.1; en-us; Nexus 5 Build/JOP40D) AppleWebKit/535.19 (KHTML, like Gecko; googleweblight) Chrome/38.0.1025.166 Mobile Safari/535.19" "-"
66.249.80.48 - - [20/Nov/2019:12:51:32 +0100] "GET /wp-content/plugins/simple-social-icons/symbol-defs.svg HTTP/1.1" 200 19699 "https://amazingsportwear.com/producto/mochila-tipo-saco-cat-3164/" "Mozilla/5.0 (Linux; Android 4.2.1; en-us; Nexus 5 Build/JOP40D) AppleWebKit/535.19 (KHTML, like Gecko; googleweblight) Chrome/38.0.1025.166 Mobile Safari/535.19" "-"
66.249.80.52 - - [20/Nov/2019:12:51:32 +0100] "GET /wp-content/uploads/2018/05/cat-3164-01-100x100.jpg HTTP/1.1" 200 7693 "https://amazingsportwear.com/producto/mochila-tipo-saco-cat-3164/" "Mozilla/5.0 (Linux; Android 4.2.1; en-us; Nexus 5 Build/JOP40D) AppleWebKit/535.19 (KHTML, like Gecko; googleweblight) Chrome/38.0.1025.166 Mobile Safari/535.19" "-"
66.249.80.50 - - [20/Nov/2019:12:51:32 +0100] "POST /?wc-ajax=get_refreshed_fragments HTTP/1.1" 200 1397 "https://amazingsportwear.com/producto/mochila-tipo-saco-cat-3164/" "Mozilla/5.0 (Linux; Android 4.2.1; en-us; Nexus 5 Build/JOP40D) AppleWebKit/535.19 (KHTML, like Gecko; googleweblight) Chrome/38.0.1025.166 Mobile Safari/535.19" "-"
217.76.130.90 - - [20/Nov/2019:13:10:42 +0100] "POST /wp-cron.php?doing_wp_cron=1574251842.1590790748596191406250 HTTP/1.1" 200 3389 "https://amazingsportwear.com/wp-cron.php?doing_wp_cron=1574251842.1590790748596191406250" "WordPress/5.2.4; https://amazingsportwear.com" "-"
142.44.241.106 - - [20/Nov/2019:13:10:37 +0100] "POST /xmlrpc.php HTTP/1.1" 200 3949 "-" "Mozilla/5.0 (Windows NT 10.0; Win64; x64; rv:68.0) Gecko/20100101 Firefox/68.0" "-"
217.76.130.90 - - [20/Nov/2019:13:16:45 +0100] "POST /wp-cron.php?doing_wp_cron=1574252205.8373789787292480468750 HTTP/1.1" 200 164 "http://amazingsportwear.com/wp-cron.php?doing_wp_cron=1574252205.8373789787292480468750" "WordPress/5.2.4; https://amazingsportwear.com" "-"
34.217.51.242 - - [20/Nov/2019:13:16:44 +0100] "GET / HTTP/1.1" 301 279 "-" "Mozilla/5.0 (Windows NT 6.1; Win64; x64) AppleWebKit/537.36 (KHTML, like Gecko) Chrome/72.0.3626.109 Safari/537.36" "-"
34.217.51.242 - - [20/Nov/2019:13:16:46 +0100] "GET / HTTP/1.1" 200 125508 "-" "Mozilla/5.0 (Windows NT 6.1; Win64; x64) AppleWebKit/537.36 (KHTML, like Gecko) Chrome/72.0.3626.109 Safari/537.36" "wpfront-notification-bar-landingpage=1"
217.76.130.90 - - [20/Nov/2019:13:28:44 +0100] "POST /wp-cron.php?doing_wp_cron=1574252924.2891919612884521484375 HTTP/1.1" 200 164 "http://amazingsportwear.com/wp-cron.php?doing_wp_cron=1574252924.2891919612884521484375" "WordPress/5.2.4; https://amazingsportwear.com" "-"
66.249.66.85 - - [20/Nov/2019:13:28:41 +0100] "GET / HTTP/1.1" 301 336 "-" "Mozilla/5.0 (Linux; Android 6.0.1; Nexus 5X Build/MMB29P) AppleWebKit/537.36 (KHTML, like Gecko) Chrome/41.0.2272.96 Mobile Safari/537.36 (compatible; Googlebot/2.1; +http://www.google.com/bot.html)" "-"
66.249.66.66 - - [20/Nov/2019:13:28:44 +0100] "GET / HTTP/1.1" 200 125736 "-" "Mozilla/5.0 (Linux; Android 6.0.1; Nexus 5X Build/MMB29P) AppleWebKit/537.36 (KHTML, like Gecko) Chrome/41.0.2272.96 Mobile Safari/537.36 (compatible; Googlebot/2.1; +http://www.google.com/bot.html)" "wpfront-notification-bar-landingpage=1"
66.249.66.68 - - [20/Nov/2019:13:28:51 +0100] "POST /?wc-ajax=get_refreshed_fragments HTTP/1.1" 200 4760 "https://amazingsportwear.com/" "Mozilla/5.0 (Linux; Android 6.0.1; Nexus 5X Build/MMB29P) AppleWebKit/537.36 (KHTML, like Gecko) Chrome/41.0.2272.96 Mobile Safari/537.36 (compatible; Googlebot/2.1; +http://www.google.com/bot.html)" "_ga=GA1.2.1951319036.1574208000; _gid=GA1.2.1036204339.1574208000; _gat_gtag_UA_91619287_1=1"
217.76.130.90 - - [20/Nov/2019:13:34:01 +0100] "POST /wp-cron.php?doing_wp_cron=1574253241.5414400100708007812500 HTTP/1.1" 200 164 "http://amazingsportwear.com/wp-cron.php?doing_wp_cron=1574253241.5414400100708007812500" "WordPress/5.2.4; https://amazingsportwear.com" "-"
85.17.184.32 - - [20/Nov/2019:13:34:00 +0100] "GET /wp-content/themes/twentynineteen/sass/content-post.php HTTP/1.1" 404 68040 "http://site.ru" "Mozilla/5.0 (Windows; U; Windows NT 5.1; en-US) AppleWebKit/533.4 (KHTML, like Gecko) Chrome/5.0.375.99 Safari/533.4" "-"
186.205.70.84 - - [20/Nov/2019:13:45:36 +0100] "GET /wp-content/uploads/2019/04/Gorra-sport-1.png HTTP/1.1" 200 93681 "https://www.google.com/" "Mozilla/5.0 (Windows NT 6.1; Win64; x64) AppleWebKit/537.36 (KHTML, like Gecko) Chrome/78.0.3904.97 Safari/537.36" "-"
66.249.66.68 - - [20/Nov/2019:14:00:03 +0100] "GET /wp-content/uploads/2019/04/gorra-kisse-9.png HTTP/1.1" 304 3566 "-" "Googlebot-Image/1.0" "-"
217.76.130.90 - - [20/Nov/2019:14:11:18 +0100] "POST /wp-cron.php?doing_wp_cron=1574255478.6530430316925048828125 HTTP/1.1" 200 164 "http://amazingsportwear.com/wp-cron.php?doing_wp_cron=1574255478.6530430316925048828125" "WordPress/5.2.4; https://amazingsportwear.com" "-"
123.201.52.82 - - [20/Nov/2019:14:11:15 +0100] "GET / HTTP/1.1" 301 336 "-" "Chromium" "-"
123.201.52.82 - - [20/Nov/2019:14:11:19 +0100] "GET / HTTP/1.1" 200 127330 "-" "Chromium" "wpfront-notification-bar-landingpage=1"
123.201.52.82 - - [20/Nov/2019:14:11:23 +0100] "GET / HTTP/1.1" 200 124300 "-" "360 browser" "-"
217.76.130.90 - - [20/Nov/2019:14:12:24 +0100] "POST /wp-cron.php?doing_wp_cron=1574255544.7152080535888671875000 HTTP/1.1" 200 164 "http://amazingsportwear.com/wp-cron.php?doing_wp_cron=1574255544.7152080535888671875000" "WordPress/5.2.4; https://amazingsportwear.com" "-"
141.8.142.79 - - [20/Nov/2019:14:12:23 +0100] "GET /robots.txt HTTP/1.1" 200 432 "-" "Mozilla/5.0 (compatible; YandexBot/3.0; +http://yandex.com/bots)" "-"
141.8.142.79 - - [20/Nov/2019:14:12:27 +0100] "GET / HTTP/1.1" 301 335 "-" "Mozilla/5.0 (compatible; YandexBot/3.0; +http://yandex.com/bots)" "-"
141.8.142.79 - - [20/Nov/2019:14:12:30 +0100] "GET /robots.txt HTTP/1.1" 200 3944 "-" "Mozilla/5.0 (compatible; YandexBot/3.0; +http://yandex.com/bots)" "-"
141.8.142.79 - - [20/Nov/2019:14:12:33 +0100] "GET / HTTP/1.1" 200 122440 "-" "Mozilla/5.0 (compatible; YandexBot/3.0; +http://yandex.com/bots)" "-"
217.76.130.90 - - [20/Nov/2019:14:42:45 +0100] "POST /wp-cron.php?doing_wp_cron=1574257365.5749740600585937500000 HTTP/1.1" 200 3389 "https://amazingsportwear.com/wp-cron.php?doing_wp_cron=1574257365.5749740600585937500000" "WordPress/5.2.4; https://amazingsportwear.com" "-"
66.249.66.70 - - [20/Nov/2019:14:42:43 +0100] "GET /categoria-producto/mujer/page/5/ HTTP/1.1" 200 60420 "-" "Mozilla/5.0 (Linux; Android 6.0.1; Nexus 5X Build/MMB29P) AppleWebKit/537.36 (KHTML, like Gecko) Chrome/41.0.2272.96 Mobile Safari/537.36 (compatible; Googlebot/2.1; +http://www.google.com/bot.html)" "-"
217.76.130.90 - - [20/Nov/2019:14:56:28 +0100] "POST /wp-cron.php?doing_wp_cron=1574258188.5855119228363037109375 HTTP/1.1" 200 164 "http://amazingsportwear.com/wp-cron.php?doing_wp_cron=1574258188.5855119228363037109375" "WordPress/5.2.4; https://amazingsportwear.com" "-"
40.77.167.26 - - [20/Nov/2019:14:56:27 +0100] "GET /ciclismo/42-manguito-brazo-ciclismo.html HTTP/1.1" 404 68086 "-" "Mozilla/5.0 (iPhone; CPU iPhone OS 7_0 like Mac OS X) AppleWebKit/537.51.1 (KHTML, like Gecko) Version/7.0 Mobile/11A465 Safari/9537.53 (compatible; bingbot/2.0; +http://www.bing.com/bingbot.htm)" "-"
187.168.173.14 - - [20/Nov/2019:15:02:19 +0100] "GET /wp-content/uploads/2019/04/Gorra-sport-11.png HTTP/1.1" 200 131116 "https://www.google.com.mx/" "Mozilla/5.0 (Windows NT 6.1) AppleWebKit/537.36 (KHTML, like Gecko) Chrome/78.0.3904.97 Safari/537.36" "-"
187.168.173.14 - - [20/Nov/2019:15:02:20 +0100] "GET /wp-content/uploads/2019/04/gorra-lorenz-4.png HTTP/1.1" 200 74611 "https://www.google.com.mx/" "Mozilla/5.0 (Windows NT 6.1) AppleWebKit/537.36 (KHTML, like Gecko) Chrome/78.0.3904.97 Safari/537.36" "-"
217.76.130.90 - - [20/Nov/2019:15:07:46 +0100] "POST /wp-cron.php?doing_wp_cron=1574258866.1541690826416015625000 HTTP/1.1" 200 3389 "https://amazingsportwear.com/wp-cron.php?doing_wp_cron=1574258866.1541690826416015625000" "WordPress/5.2.4; https://amazingsportwear.com" "-"
40.77.167.26 - - [20/Nov/2019:15:07:45 +0100] "GET /etiqueta-producto/bidon-sumo/ HTTP/1.1" 200 53838 "-" "Mozilla/5.0 (compatible; bingbot/2.0; +http://www.bing.com/bingbot.htm)" "-"
79.149.199.7 - - [20/Nov/2019:15:08:24 +0100] "GET /wp-content/uploads/2018/05/CAT-5311-azul-300x286.jpg HTTP/1.1" 200 17278 "https://www.google.com/" "Mozilla/5.0 (Windows NT 10.0; Win64; x64; rv:68.0) Gecko/20100101 Firefox/68.0" "-"
217.76.130.90 - - [20/Nov/2019:15:08:59 +0100] "POST /wp-cron.php?doing_wp_cron=1574258939.5672080516815185546875 HTTP/1.1" 200 164 "http://amazingsportwear.com/wp-cron.php?doing_wp_cron=1574258939.5672080516815185546875" "WordPress/5.2.4; https://amazingsportwear.com" "-"
43.228.244.70 - - [20/Nov/2019:15:08:57 +0100] "GET /wp-admin/css/colors/sunrise/wp-console.php HTTP/1.1" 404 68041 "http://site.ru" "Mozilla/5.0 (Windows; U; Windows NT 5.1; en-US) AppleWebKit/533.4 (KHTML, like Gecko) Chrome/5.0.375.99 Safari/533.4" "-"
186.22.229.148 - - [20/Nov/2019:15:09:34 +0100] "GET /wp-content/uploads/2019/04/gorra-krox-1.png HTTP/1.1" 200 109889 "https://www.google.com/" "Mozilla/5.0 (Windows NT 6.1) AppleWebKit/537.36 (KHTML, like Gecko) Chrome/78.0.3904.97 Safari/537.36" "-"
186.22.229.148 - - [20/Nov/2019:15:10:35 +0100] "GET /wp-content/uploads/2019/04/gorra-zodak-1.png HTTP/1.1" 200 79920 "https://www.google.com/" "Mozilla/5.0 (Windows NT 6.1) AppleWebKit/537.36 (KHTML, like Gecko) Chrome/78.0.3904.97 Safari/537.36" "-"
217.76.130.90 - - [20/Nov/2019:15:12:37 +0100] "POST /wp-cron.php?doing_wp_cron=1574259157.8566920757293701171875 HTTP/1.1" 200 164 "http://amazingsportwear.com/wp-cron.php?doing_wp_cron=1574259157.8566920757293701171875" "WordPress/5.2.4; https://amazingsportwear.com" "-"
210.167.84.106 - - [20/Nov/2019:15:12:37 +0100] "GET /wp-login.php HTTP/1.1" 302 336 "-" "Mozilla/5.0 (Windows NT 6.1; WOW64; rv:40.0) Gecko/20100101 Firefox/40.1" "-"
210.167.84.106 - - [20/Nov/2019:15:12:44 +0100] "GET /wp-login.php HTTP/1.1" 302 283 "-" "Mozilla/5.0 (Windows NT 6.1; WOW64; rv:40.0) Gecko/20100101 Firefox/40.1" "wpfront-notification-bar-landingpage=1"
210.167.84.106 - - [20/Nov/2019:15:12:52 +0100] "GET / HTTP/1.1" 301 283 "-" "Mozilla/5.0 (Windows NT 6.1; WOW64; rv:40.0) Gecko/20100101 Firefox/40.1" "wpfront-notification-bar-landingpage=1"
217.76.130.90 - - [20/Nov/2019:15:14:45 +0100] "POST /wp-cron.php?doing_wp_cron=1574259285.6749980449676513671875 HTTP/1.1" 200 164 "http://amazingsportwear.com/wp-cron.php?doing_wp_cron=1574259285.6749980449676513671875" "WordPress/5.2.4; https://amazingsportwear.com" "-"
139.59.29.219 - - [20/Nov/2019:15:14:45 +0100] "GET /index.php?sort=ZGllKG1kNSg1NDU0KSk7 HTTP/1.1" 301 324 "amazingsportwear.com" "Mozilla/5.1 (Windows NT 6.0; WOW64) AppleWebKit/537.37 (KHTML, like Gecko) Chrome/58.0.1145.75 Safari/537.37" "-"
139.59.29.219 - - [20/Nov/2019:15:14:46 +0100] "GET /?sort=ZGllKG1kNSg1NDU0KSk7 HTTP/1.1" 200 125795 "amazingsportwear.com" "Mozilla/5.1 (Windows NT 6.0; WOW64) AppleWebKit/537.37 (KHTML, like Gecko) Chrome/58.0.1145.75 Safari/537.37" "-"
79.149.199.7 - - [20/Nov/2019:15:18:11 +0100] "GET /wp-content/uploads/2018/05/CAT-5311-azul.jpg HTTP/1.1" 200 25205 "https://www.google.com/" "Mozilla/5.0 (Windows NT 10.0; Win64; x64; rv:68.0) Gecko/20100101 Firefox/68.0" "-"
217.76.130.90 - - [20/Nov/2019:15:18:15 +0100] "POST /wp-cron.php?doing_wp_cron=1574259495.8281679153442382812500 HTTP/1.1" 200 3389 "https://amazingsportwear.com/wp-cron.php?doing_wp_cron=1574259495.8281679153442382812500" "WordPress/5.2.4; https://amazingsportwear.com" "-"
79.149.199.7 - - [20/Nov/2019:15:18:14 +0100] "GET /producto/rinonera-wanel-cat-5311/ HTTP/1.1" 200 90834 "https://www.google.com/" "Mozilla/5.0 (Windows NT 10.0; Win64; x64; rv:68.0) Gecko/20100101 Firefox/68.0" "-"
79.149.199.7 - - [20/Nov/2019:15:18:16 +0100] "GET /wp-includes/css/dist/block-library/style.min.css?ver=5.2.4 HTTP/1.1" 200 29798 "https://amazingsportwear.com/producto/rinonera-wanel-cat-5311/" "Mozilla/5.0 (Windows NT 10.0; Win64; x64; rv:68.0) Gecko/20100101 Firefox/68.0" "-"
79.149.199.7 - - [20/Nov/2019:15:18:16 +0100] "GET /wp-content/plugins/woocommerce/assets/css/photoswipe/default-skin/default-skin.css?ver=3.6.4 HTTP/1.1" 200 11943 "https://amazingsportwear.com/producto/rinonera-wanel-cat-5311/" "Mozilla/5.0 (Windows NT 10.0; Win64; x64; rv:68.0) Gecko/20100101 Firefox/68.0" "-"
79.149.199.7 - - [20/Nov/2019:15:18:16 +0100] "GET /wp-content/plugins/woocommerce/assets/css/blocks/style.css?ver=3.6.4 HTTP/1.1" 200 6835 "https://amazingsportwear.com/producto/rinonera-wanel-cat-5311/" "Mozilla/5.0 (Windows NT 10.0; Win64; x64; rv:68.0) Gecko/20100101 Firefox/68.0" "-"
79.149.199.7 - - [20/Nov/2019:15:18:16 +0100] "GET /wp-content/plugins/cookie-law-info/public/css/cookie-law-info-public.css?ver=1.7.6 HTTP/1.1" 200 3373 "https://amazingsportwear.com/producto/rinonera-wanel-cat-5311/" "Mozilla/5.0 (Windows NT 10.0; Win64; x64; rv:68.0) Gecko/20100101 Firefox/68.0" "-"
79.149.199.7 - - [20/Nov/2019:15:18:16 +0100] "GET /wp-content/plugins/cookie-law-info/public/css/cookie-law-info-gdpr.css?ver=1.7.6 HTTP/1.1" 200 12583 "https://amazingsportwear.com/producto/rinonera-wanel-cat-5311/" "Mozilla/5.0 (Windows NT 10.0; Win64; x64; rv:68.0) Gecko/20100101 Firefox/68.0" "-"
79.149.199.7 - - [20/Nov/2019:15:18:16 +0100] "GET /wp-content/plugins/woocommerce/assets/css/photoswipe/photoswipe.css?ver=3.6.4 HTTP/1.1" 200 4610 "https://amazingsportwear.com/producto/rinonera-wanel-cat-5311/" "Mozilla/5.0 (Windows NT 10.0; Win64; x64; rv:68.0) Gecko/20100101 Firefox/68.0" "-"
79.149.199.7 - - [20/Nov/2019:15:18:16 +0100] "GET /wp-content/plugins/wpfront-notification-bar/css/wpfront-notification-bar.css?ver=1.7.1 HTTP/1.1" 200 3663 "https://amazingsportwear.com/producto/rinonera-wanel-cat-5311/" "Mozilla/5.0 (Windows NT 10.0; Win64; x64; rv:68.0) Gecko/20100101 Firefox/68.0" "-"
79.149.199.7 - - [20/Nov/2019:15:18:16 +0100] "GET /wp-content/plugins/simple-social-icons/css/style.css?ver=3.0.1 HTTP/1.1" 200 1562 "https://amazingsportwear.com/producto/rinonera-wanel-cat-5311/" "Mozilla/5.0 (Windows NT 10.0; Win64; x64; rv:68.0) Gecko/20100101 Firefox/68.0" "-"
79.149.199.7 - - [20/Nov/2019:15:18:16 +0100] "GET /wp-includes/js/wp-emoji-release.min.js?ver=5.2.4 HTTP/1.1" 200 14183 "https://amazingsportwear.com/producto/rinonera-wanel-cat-5311/" "Mozilla/5.0 (Windows NT 10.0; Win64; x64; rv:68.0) Gecko/20100101 Firefox/68.0" "-"
79.149.199.7 - - [20/Nov/2019:15:18:16 +0100] "GET /wp-includes/js/jquery/jquery-migrate.min.js?ver=1.4.1 HTTP/1.1" 200 10399 "https://amazingsportwear.com/producto/rinonera-wanel-cat-5311/" "Mozilla/5.0 (Windows NT 10.0; Win64; x64; rv:68.0) Gecko/20100101 Firefox/68.0" "-"
79.149.199.7 - - [20/Nov/2019:15:18:17 +0100] "GET /wp-content/plugins/cookie-law-info/public/js/cookie-law-info-public.js?ver=1.7.6 HTTP/1.1" 200 17076 "https://amazingsportwear.com/producto/rinonera-wanel-cat-5311/" "Mozilla/5.0 (Windows NT 10.0; Win64; x64; rv:68.0) Gecko/20100101 Firefox/68.0" "-"
