180.104.214.20 - - [03/Dec/2019:14:45:36 +0100] "GET /etiqueta-producto/spain/ HTTP/1.1" 200 53654 "-" "Mozilla/5.0(Linux;Android 5.1.1;OPPO A33 Build/LMY47V;wv) AppleWebKit/537.36(KHTML,link Gecko) Version/4.0 Chrome/43.0.2357.121 Mobile Safari/537.36 LieBaoFast/4.51.3" "wpfront-notification-bar-landingpage=1"
217.76.130.90 - - [03/Dec/2019:14:49:34 +0100] "POST /wp-cron.php?doing_wp_cron=1575380974.9257171154022216796875 HTTP/1.1" 200 3389 "https://amazingsportwear.com/wp-cron.php?doing_wp_cron=1575380974.9257171154022216796875" "WordPress/5.2.4; https://amazingsportwear.com" "-"
66.249.66.68 - - [03/Dec/2019:14:49:33 +0100] "GET /producto/gorra-tecnica-sahara/ HTTP/1.1" 200 93093 "-" "Mozilla/5.0 (Linux; Android 6.0.1; Nexus 5X Build/MMB29P) AppleWebKit/537.36 (KHTML, like Gecko) Chrome/41.0.2272.96 Mobile Safari/537.36 (compatible; Googlebot/2.1; +http://www.google.com/bot.html)" "-"
217.76.130.90 - - [03/Dec/2019:14:50:26 +0100] "POST /wp-cron.php?doing_wp_cron=1575381026.0426371097564697265625 HTTP/1.1" 200 3389 "https://amazingsportwear.com/wp-cron.php?doing_wp_cron=1575381026.0426371097564697265625" "WordPress/5.2.4; https://amazingsportwear.com" "-"
66.249.66.70 - - [03/Dec/2019:14:50:25 +0100] "GET /producto/polo-tecnico-montmelo-sa-0421/ HTTP/1.1" 200 106946 "-" "Mozilla/5.0 (compatible; Googlebot/2.1; +http://www.google.com/bot.html)" "-"
217.76.130.90 - - [03/Dec/2019:14:51:21 +0100] "POST /wp-cron.php?doing_wp_cron=1575381081.7198979854583740234375 HTTP/1.1" 200 3389 "https://amazingsportwear.com/wp-cron.php?doing_wp_cron=1575381081.7198979854583740234375" "WordPress/5.2.4; https://amazingsportwear.com" "-"
122.236.208.41 - - [03/Dec/2019:14:51:20 +0100] "GET /producto/camiseta-tecnica-bandera-cat-3581 HTTP/1.1" 301 3566 "-" "Mozilla/5.0(Linux;Android 5.1.1;OPPO A33 Build/LMY47V;wv) AppleWebKit/537.36(KHTML,link Gecko) Version/4.0 Chrome/42.0.2311.138 Mobile Safari/537.36 Mb2345Browser/9.0" "-"
217.76.130.90 - - [03/Dec/2019:14:52:07 +0100] "POST /wp-cron.php?doing_wp_cron=1575381127.9396519660949707031250 HTTP/1.1" 200 3389 "https://amazingsportwear.com/wp-cron.php?doing_wp_cron=1575381127.9396519660949707031250" "WordPress/5.2.4; https://amazingsportwear.com" "-"
66.249.66.68 - - [03/Dec/2019:14:52:07 +0100] "GET /producto/camiseta-tecnica-maurice/ HTTP/1.1" 200 103237 "-" "Mozilla/5.0 (Linux; Android 6.0.1; Nexus 5X Build/MMB29P) AppleWebKit/537.36 (KHTML, like Gecko) Chrome/41.0.2272.96 Mobile Safari/537.36 (compatible; Googlebot/2.1; +http://www.google.com/bot.html)" "-"
122.236.208.41 - - [03/Dec/2019:14:51:25 +0100] "GET /producto/camiseta-tecnica-bandera-cat-3581/ HTTP/1.1" 200 92386 "-" "Mozilla/5.0(Linux;Android 5.1.1;OPPO A33 Build/LMY47V;wv) AppleWebKit/537.36(KHTML,link Gecko) Version/4.0 Chrome/42.0.2311.138 Mobile Safari/537.36 Mb2345Browser/9.0" "wpfront-notification-bar-landingpage=1"
217.76.130.90 - - [03/Dec/2019:14:56:13 +0100] "POST /wp-cron.php?doing_wp_cron=1575381373.6849339008331298828125 HTTP/1.1" 200 3389 "https://amazingsportwear.com/wp-cron.php?doing_wp_cron=1575381373.6849339008331298828125" "WordPress/5.2.4; https://amazingsportwear.com" "-"
66.249.66.66 - - [03/Dec/2019:14:56:13 +0100] "GET /producto/sudadera-clasica/ HTTP/1.1" 200 101589 "-" "Mozilla/5.0 (compatible; Googlebot/2.1; +http://www.google.com/bot.html)" "-"
201.221.158.31 - - [03/Dec/2019:14:58:16 +0100] "GET /wp-content/uploads/2019/04/gorra-five-3.png HTTP/1.1" 200 84607 "https://www.google.com/" "Mozilla/5.0 (Windows NT 10.0; Win64; x64) AppleWebKit/537.36 (KHTML, like Gecko) Chrome/78.0.3904.108 Safari/537.36" "-"
217.76.130.90 - - [03/Dec/2019:14:58:47 +0100] "POST /wp-cron.php?doing_wp_cron=1575381526.9944028854370117187500 HTTP/1.1" 200 3389 "https://amazingsportwear.com/wp-cron.php?doing_wp_cron=1575381526.9944028854370117187500" "WordPress/5.2.4; https://amazingsportwear.com" "-"
66.249.66.66 - - [03/Dec/2019:14:58:46 +0100] "GET /categoria-producto/hombre/polostecnicos/ HTTP/1.1" 200 76603 "-" "Mozilla/5.0 (Linux; Android 6.0.1; Nexus 5X Build/MMB29P) AppleWebKit/537.36 (KHTML, like Gecko) Chrome/41.0.2272.96 Mobile Safari/537.36 (compatible; Googlebot/2.1; +http://www.google.com/bot.html)" "-"
217.76.130.90 - - [03/Dec/2019:15:00:40 +0100] "POST /wp-cron.php?doing_wp_cron=1575381640.1701478958129882812500 HTTP/1.1" 200 3389 "https://amazingsportwear.com/wp-cron.php?doing_wp_cron=1575381640.1701478958129882812500" "WordPress/5.2.4; https://amazingsportwear.com" "-"
66.249.66.68 - - [03/Dec/2019:15:00:39 +0100] "GET /producto/sudadera-capucha/ HTTP/1.1" 200 101635 "-" "Mozilla/5.0 (compatible; Googlebot/2.1; +http://www.google.com/bot.html)" "-"
217.76.130.90 - - [03/Dec/2019:15:01:40 +0100] "POST /wp-cron.php?doing_wp_cron=1575381700.3592240810394287109375 HTTP/1.1" 200 3389 "https://amazingsportwear.com/wp-cron.php?doing_wp_cron=1575381700.3592240810394287109375" "WordPress/5.2.4; https://amazingsportwear.com" "-"
66.249.66.66 - - [03/Dec/2019:15:01:39 +0100] "POST /?wc-ajax=get_refreshed_fragments HTTP/1.1" 200 4760 "https://amazingsportwear.com/producto/camiseta-tecnica-maurice/" "Mozilla/5.0 (Linux; Android 6.0.1; Nexus 5X Build/MMB29P) AppleWebKit/537.36 (KHTML, like Gecko) Chrome/41.0.2272.96 Mobile Safari/537.36 (compatible; Googlebot/2.1; +http://www.google.com/bot.html)" "_ga=GA1.2.969013651.1575331200; _gid=GA1.2.1978218920.1575331200; _gat_gtag_UA_91619287_1=1"
217.76.130.90 - - [03/Dec/2019:15:03:13 +0100] "POST /wp-cron.php?doing_wp_cron=1575381793.0719299316406250000000 HTTP/1.1" 200 3389 "https://amazingsportwear.com/wp-cron.php?doing_wp_cron=1575381793.0719299316406250000000" "WordPress/5.2.4; https://amazingsportwear.com" "-"
66.249.66.70 - - [03/Dec/2019:15:03:12 +0100] "GET /producto/falda-tecnica-padel-tenis/ HTTP/1.1" 200 96538 "-" "Mozilla/5.0 (Linux; Android 6.0.1; Nexus 5X Build/MMB29P) AppleWebKit/537.36 (KHTML, like Gecko) Chrome/41.0.2272.96 Mobile Safari/537.36 (compatible; Googlebot/2.1; +http://www.google.com/bot.html)" "-"
217.76.130.90 - - [03/Dec/2019:15:13:29 +0100] "POST /wp-cron.php?doing_wp_cron=1575382409.2476279735565185546875 HTTP/1.1" 200 3389 "https://amazingsportwear.com/wp-cron.php?doing_wp_cron=1575382409.2476279735565185546875" "WordPress/5.2.4; https://amazingsportwear.com" "-"
157.55.39.19 - - [03/Dec/2019:15:13:27 +0100] "GET /robots.txt HTTP/1.1" 200 2297 "-" "Mozilla/5.0 (compatible; bingbot/2.0; +http://www.bing.com/bingbot.htm)" "-"
157.55.39.19 - - [03/Dec/2019:15:13:30 +0100] "GET /robots.txt HTTP/1.1" 200 3939 "-" "Mozilla/5.0 (compatible; bingbot/2.0; +http://www.bing.com/bingbot.htm)" "-"
157.55.39.51 - - [03/Dec/2019:15:13:33 +0100] "GET /wp-content/uploads/2017/03/sa-6650_0155.jpg HTTP/1.1" 200 12963 "-" "Mozilla/5.0 (compatible; bingbot/2.0; +http://www.bing.com/bingbot.htm)" "-"
157.55.39.51 - - [03/Dec/2019:15:24:12 +0100] "GET /wp-content/uploads/2019/04/Bidon-doger-6.png HTTP/1.1" 200 70639 "-" "Mozilla/5.0 (compatible; bingbot/2.0; +http://www.bing.com/bingbot.htm)" "-"
207.46.13.2 - - [03/Dec/2019:15:26:24 +0100] "GET /wp-content/uploads/2019/04/gorra-tecnica-blanca-y-roja.png HTTP/1.1" 200 63810 "-" "Mozilla/5.0 (compatible; bingbot/2.0; +http://www.bing.com/bingbot.htm)" "-"
217.76.130.90 - - [03/Dec/2019:15:27:13 +0100] "POST /wp-cron.php?doing_wp_cron=1575383233.1426320075988769531250 HTTP/1.1" 200 3389 "https://amazingsportwear.com/wp-cron.php?doing_wp_cron=1575383233.1426320075988769531250" "WordPress/5.2.4; https://amazingsportwear.com" "-"
59.63.67.109 - - [03/Dec/2019:15:27:10 +0100] "GET /etiqueta-producto/camiseta-media-cremallera HTTP/1.1" 301 3567 "-" "Mozilla/5.0 (Linux; Android 7.0; FRD-AL00 Build/HUAWEIFRD-AL00; wv) AppleWebKit/537.36 (KHTML, like Gecko) Version/4.0 Chrome/53.0.2785.49 Mobile MQQBrowser/6.2 TBS/043602 Safari/537.36 MicroMessenger/6.5.16.1120 NetType/WIFI Language/zh_CN" "-"
59.63.67.109 - - [03/Dec/2019:15:27:20 +0100] "GET /etiqueta-producto/camiseta-media-cremallera/ HTTP/1.1" 200 53759 "-" "Mozilla/5.0 (Linux; Android 7.0; FRD-AL00 Build/HUAWEIFRD-AL00; wv) AppleWebKit/537.36 (KHTML, like Gecko) Version/4.0 Chrome/53.0.2785.49 Mobile MQQBrowser/6.2 TBS/043602 Safari/537.36 MicroMessenger/6.5.16.1120 NetType/WIFI Language/zh_CN" "wpfront-notification-bar-landingpage=1"
217.76.130.90 - - [03/Dec/2019:15:29:28 +0100] "POST /wp-cron.php?doing_wp_cron=1575383368.8308560848236083984375 HTTP/1.1" 200 3389 "https://amazingsportwear.com/wp-cron.php?doing_wp_cron=1575383368.8308560848236083984375" "WordPress/5.2.4; https://amazingsportwear.com" "-"
66.249.66.66 - - [03/Dec/2019:15:29:28 +0100] "GET /producto/gorra-tecnica-dry-fit/ HTTP/1.1" 200 93178 "-" "Mozilla/5.0 (Linux; Android 6.0.1; Nexus 5X Build/MMB29P) AppleWebKit/537.36 (KHTML, like Gecko) Chrome/41.0.2272.96 Mobile Safari/537.36 (compatible; Googlebot/2.1; +http://www.google.com/bot.html)" "-"
217.76.130.90 - - [03/Dec/2019:15:31:38 +0100] "POST /wp-cron.php?doing_wp_cron=1575383498.0964128971099853515625 HTTP/1.1" 200 164 "http://amazingsportwear.com/wp-cron.php?doing_wp_cron=1575383498.0964128971099853515625" "WordPress/5.2.4; https://amazingsportwear.com" "-"
104.222.43.181 - - [03/Dec/2019:15:31:36 +0100] "GET / HTTP/1.1" 301 336 "-" "Mozilla/5.0 (Windows NT 6.1; WOW64; rv:27.0) Gecko/20100101 Firefox/27.0" "-"
217.76.130.90 - - [03/Dec/2019:15:32:35 +0100] "POST /wp-cron.php?doing_wp_cron=1575383555.9318079948425292968750 HTTP/1.1" 200 164 "http://amazingsportwear.com/wp-cron.php?doing_wp_cron=1575383555.9318079948425292968750" "WordPress/5.2.4; https://amazingsportwear.com" "-"
41.236.207.63 - - [03/Dec/2019:15:32:35 +0100] "GET / HTTP/1.1" 301 336 "http://progressive-seo.com" "Mozilla/5.0 (Windows NT 10.0; Win64; x64) AppleWebKit/537.36 (KHTML, like Gecko) Chrome/74.0.3729.169 Safari/537.36" "-"
190.12.77.87 - - [03/Dec/2019:15:33:41 +0100] "GET /wp-content/uploads/2019/04/Gorra-sport-6.png HTTP/1.1" 200 44428 "https://www.google.com/" "Mozilla/5.0 (Macintosh; Intel Mac OS X 10_13_6) AppleWebKit/605.1.15 (KHTML, like Gecko) Version/13.0.3 Safari/605.1.15" "-"
217.76.130.90 - - [03/Dec/2019:15:35:05 +0100] "POST /wp-cron.php?doing_wp_cron=1575383704.9858129024505615234375 HTTP/1.1" 200 164 "http://amazingsportwear.com/wp-cron.php?doing_wp_cron=1575383704.9858129024505615234375" "WordPress/5.2.4; https://amazingsportwear.com" "-"
157.55.39.51 - - [03/Dec/2019:15:35:01 +0100] "GET /18-ciclismo HTTP/1.1" 404 68037 "-" "Mozilla/5.0 (iPhone; CPU iPhone OS 7_0 like Mac OS X) AppleWebKit/537.51.1 (KHTML, like Gecko) Version/7.0 Mobile/11A465 Safari/9537.53 (compatible; bingbot/2.0; +http://www.bing.com/bingbot.htm)" "-"
157.55.39.51 - - [03/Dec/2019:15:35:06 +0100] "GET /tienda/page/2/ HTTP/1.1" 200 76228 "-" "Mozilla/5.0 (compatible; bingbot/2.0; +http://www.bing.com/bingbot.htm)" "-"
217.76.130.90 - - [03/Dec/2019:15:37:01 +0100] "POST /wp-cron.php?doing_wp_cron=1575383821.3410708904266357421875 HTTP/1.1" 200 3389 "https://amazingsportwear.com/wp-cron.php?doing_wp_cron=1575383821.3410708904266357421875" "WordPress/5.2.4; https://amazingsportwear.com" "-"
111.126.76.85 - - [03/Dec/2019:15:37:00 +0100] "GET /etiqueta-producto/young HTTP/1.1" 301 3547 "-" "Mozilla/5.0(Linux;Android 5.1.1;OPPO A33 Build/LMY47V;wv) AppleWebKit/537.36(KHTML,link Gecko) Version/4.0 Chrome/43.0.2357.121 Mobile Safari/537.36 LieBaoFast/4.51.3" "-"
217.76.130.90 - - [03/Dec/2019:15:37:18 +0100] "POST /wp-cron.php?doing_wp_cron=1575383838.0284690856933593750000 HTTP/1.1" 200 3389 "https://amazingsportwear.com/wp-cron.php?doing_wp_cron=1575383838.0284690856933593750000" "WordPress/5.2.4; https://amazingsportwear.com" "-"
111.126.76.85 - - [03/Dec/2019:15:37:17 +0100] "GET /etiqueta-producto/young/ HTTP/1.1" 200 55450 "-" "Mozilla/5.0(Linux;Android 5.1.1;OPPO A33 Build/LMY47V;wv) AppleWebKit/537.36(KHTML,link Gecko) Version/4.0 Chrome/43.0.2357.121 Mobile Safari/537.36 LieBaoFast/4.51.3" "wpfront-notification-bar-landingpage=1"
42.242.11.237 - - [03/Dec/2019:15:39:03 +0100] "GET /wp-content/uploads/2019/03/spain-1.png HTTP/1.1" 200 247059 "-" "Mozilla/5.0(Linux;Android 5.1.1;OPPO A33 Build/LMY47V;wv) AppleWebKit/537.36(KHTML,link Gecko) Version/4.0 Chrome/43.0.2357.121 Mobile Safari/537.36 LieBaoFast/4.51.3" "-"
217.76.130.90 - - [03/Dec/2019:15:40:44 +0100] "POST /wp-cron.php?doing_wp_cron=1575384044.4624800682067871093750 HTTP/1.1" 200 3389 "https://amazingsportwear.com/wp-cron.php?doing_wp_cron=1575384044.4624800682067871093750" "WordPress/5.2.4; https://amazingsportwear.com" "-"
125.79.200.130 - - [03/Dec/2019:15:40:43 +0100] "GET /etiqueta-producto/padel HTTP/1.1" 301 3547 "-" "Mozilla/5.0(Linux;Android 5.1.1;OPPO A33 Build/LMY47V;wv) AppleWebKit/537.36(KHTML,link Gecko) Version/4.0 Chrome/42.0.2311.138 Mobile Safari/537.36 Mb2345Browser/9.0" "-"
125.79.200.130 - - [03/Dec/2019:15:40:51 +0100] "GET /etiqueta-producto/padel/ HTTP/1.1" 200 59217 "-" "Mozilla/5.0(Linux;Android 5.1.1;OPPO A33 Build/LMY47V;wv) AppleWebKit/537.36(KHTML,link Gecko) Version/4.0 Chrome/42.0.2311.138 Mobile Safari/537.36 Mb2345Browser/9.0" "wpfront-notification-bar-landingpage=1"
217.76.130.90 - - [03/Dec/2019:15:43:05 +0100] "POST /wp-cron.php?doing_wp_cron=1575384185.5225820541381835937500 HTTP/1.1" 200 3389 "https://amazingsportwear.com/wp-cron.php?doing_wp_cron=1575384185.5225820541381835937500" "WordPress/5.2.4; https://amazingsportwear.com" "-"
122.232.219.213 - - [03/Dec/2019:15:43:04 +0100] "GET /categoria-producto/inicio/ropa-amazing-sport-wear/futbol-ropa-amazing-sport-wear?add-to-cart=18679 HTTP/1.1" 301 4863 "-" "Mozilla/5.0(Linux;U;Android 5.1.1;zh-CN;OPPO A33 Build/LMY47V) AppleWebKit/537.36(KHTML,like Gecko) Version/4.0 Chrome/40.0.2214.89 UCBrowser/11.7.0.953 Mobile Safari/537.36" "-"
122.232.219.213 - - [03/Dec/2019:15:43:07 +0100] "GET /categoria-producto/inicio/ropa-amazing-sport-wear/futbol-ropa-amazing-sport-wear/?add-to-cart=18679 HTTP/1.1" 200 69145 "-" "Mozilla/5.0(Linux;U;Android 5.1.1;zh-CN;OPPO A33 Build/LMY47V) AppleWebKit/537.36(KHTML,like Gecko) Version/4.0 Chrome/40.0.2214.89 UCBrowser/11.7.0.953 Mobile Safari/537.36" "woocommerce_cart_hash=8f43e49a308e3f5d3ba9b30e41719602; woocommerce_items_in_cart=1; wp_woocommerce_session_fb86dbb0e6335d960ea3e94e06b25287=85af9e1293add43433da80b0d6ce8275%7C%7C1575556985%7C%7C1575553385%7C%7C94618b27d8ca969b196936ff36754dd0; wpfront-notification-bar-landingpage=1"
111.75.117.236 - - [03/Dec/2019:15:46:09 +0100] "GET /wp-content/uploads/2017/03/CAT-4726-COLORES-1.jpg HTTP/1.1" 200 20586 "-" "Mozilla/5.0(Linux;Android 5.1.1;OPPO A33 Build/LMY47V;wv) AppleWebKit/537.36(KHTML,link Gecko) Version/4.0 Chrome/43.0.2357.121 Mobile Safari/537.36 LieBaoFast/4.51.3" "-"
217.76.130.90 - - [03/Dec/2019:15:50:08 +0100] "POST /wp-cron.php?doing_wp_cron=1575384608.2974789142608642578125 HTTP/1.1" 200 3389 "https://amazingsportwear.com/wp-cron.php?doing_wp_cron=1575384608.2974789142608642578125" "WordPress/5.2.4; https://amazingsportwear.com" "-"
66.249.66.66 - - [03/Dec/2019:15:50:06 +0100] "GET /producto/llavero-metalico-golf/ HTTP/1.1" 200 94553 "-" "Mozilla/5.0 (compatible; Googlebot/2.1; +http://www.google.com/bot.html)" "-"
66.249.66.66 - - [03/Dec/2019:15:50:47 +0100] "GET /producto/gorra-zodak/ HTTP/1.1" 200 96962 "-" "Mozilla/5.0 (Linux; Android 6.0.1; Nexus 5X Build/MMB29P) AppleWebKit/537.36 (KHTML, like Gecko) Chrome/41.0.2272.96 Mobile Safari/537.36 (compatible; Googlebot/2.1; +http://www.google.com/bot.html)" "-"
66.249.66.66 - - [03/Dec/2019:15:57:53 +0100] "GET /wp-content/uploads/2017/03/aq-potenza-hombre-300x300.jpg HTTP/1.1" 304 3565 "-" "Googlebot-Image/1.0" "-"
217.76.130.90 - - [03/Dec/2019:16:09:27 +0100] "POST /wp-cron.php?doing_wp_cron=1575385767.2393100261688232421875 HTTP/1.1" 200 164 "http://amazingsportwear.com/wp-cron.php?doing_wp_cron=1575385767.2393100261688232421875" "WordPress/5.2.4; https://amazingsportwear.com" "-"
116.55.78.64 - - [03/Dec/2019:16:09:23 +0100] "GET /img/cms/tienda/T-500.jpg HTTP/1.1" 404 68028 "-" "Mozilla/5.0(Linux;Android 5.1.1;OPPO A33 Build/LMY47V;wv) AppleWebKit/537.36(KHTML,link Gecko) Version/4.0 Chrome/42.0.2311.138 Mobile Safari/537.36 Mb2345Browser/9.0" "-"
66.249.66.70 - - [03/Dec/2019:16:11:03 +0100] "GET /wp-content/uploads/2019/05/asw-white-300x126.png HTTP/1.1" 304 3565 "-" "Googlebot-Image/1.0" "-"
217.76.130.90 - - [03/Dec/2019:16:12:49 +0100] "POST /wp-cron.php?doing_wp_cron=1575385969.0971150398254394531250 HTTP/1.1" 200 3389 "https://amazingsportwear.com/wp-cron.php?doing_wp_cron=1575385969.0971150398254394531250" "WordPress/5.2.4; https://amazingsportwear.com" "-"
173.252.127.7 - - [03/Dec/2019:16:12:48 +0100] "GET / HTTP/1.1" 200 125560 "-" "facebookexternalhit/1.1 (+http://www.facebook.com/externalhit_uatext.php)" "-"
173.252.127.4 - - [03/Dec/2019:16:12:48 +0100] "GET / HTTP/1.1" 200 125530 "-" "facebookexternalhit/1.1 (+http://www.facebook.com/externalhit_uatext.php)" "-"
173.252.127.35 - - [03/Dec/2019:16:12:51 +0100] "GET /contacta-con-nosotros HTTP/1.1" 301 319 "-" "facebookexternalhit/1.1 (+http://www.facebook.com/externalhit_uatext.php)" "-"
173.252.127.29 - - [03/Dec/2019:16:12:51 +0100] "GET /contacta-con-nosotros HTTP/1.1" 301 319 "-" "facebookexternalhit/1.1 (+http://www.facebook.com/externalhit_uatext.php)" "-"
173.252.127.35 - - [03/Dec/2019:16:12:52 +0100] "GET /contacta-con-nosotros/ HTTP/1.1" 200 58194 "-" "facebookexternalhit/1.1 (+http://www.facebook.com/externalhit_uatext.php)" "-"
173.252.127.29 - - [03/Dec/2019:16:12:52 +0100] "GET /contacta-con-nosotros/ HTTP/1.1" 200 58199 "-" "facebookexternalhit/1.1 (+http://www.facebook.com/externalhit_uatext.php)" "-"
217.76.130.90 - - [03/Dec/2019:16:18:40 +0100] "POST /wp-cron.php?doing_wp_cron=1575386320.2689270973205566406250 HTTP/1.1" 200 3389 "https://amazingsportwear.com/wp-cron.php?doing_wp_cron=1575386320.2689270973205566406250" "WordPress/5.2.4; https://amazingsportwear.com" "-"
66.249.66.70 - - [03/Dec/2019:16:18:39 +0100] "GET /producto/manta-termica/ HTTP/1.1" 200 90368 "-" "Mozilla/5.0 (Linux; Android 6.0.1; Nexus 5X Build/MMB29P) AppleWebKit/537.36 (KHTML, like Gecko) Chrome/41.0.2272.96 Mobile Safari/537.36 (compatible; Googlebot/2.1; +http://www.google.com/bot.html)" "-"
5.18.162.104 - - [03/Dec/2019:16:19:35 +0100] "GET /error_log.php HTTP/1.0" 404 71587 "-" "Mozilla/5.0 (Windows NT 6.1; Win64; x64) AppleWebKit/537.36 (KHTML, like Gecko) Chrome/67.0.3396.87 Safari/537.36 OPR/54.0.2952.54" "-"
217.76.130.90 - - [03/Dec/2019:16:19:36 +0100] "POST /wp-cron.php?doing_wp_cron=1575386376.4515368938446044921875 HTTP/1.1" 200 3389 "https://amazingsportwear.com/wp-cron.php?doing_wp_cron=1575386376.4515368938446044921875" "WordPress/5.2.4; https://amazingsportwear.com" "-"
5.18.162.104 - - [03/Dec/2019:16:19:35 +0100] "GET /license.php HTTP/1.0" 404 71593 "-" "Mozilla/5.0 (Windows NT 6.3; Win64; x64) AppleWebKit/537.36 (KHTML, like Gecko) Chrome/65.0.3325.146 Safari/537.36" "-"
5.18.162.104 - - [03/Dec/2019:16:19:35 +0100] "GET /wp-content/themes/sketch/404.php HTTP/1.0" 404 71598 "-" "Mozilla/5.0 (Windows NT 6.1; Win64; x64) AppleWebKit/537.36 (KHTML, like Gecko) Chrome/68.0.3440.106 Safari/537.36" "-"
5.18.162.104 - - [03/Dec/2019:16:19:35 +0100] "GET /alfa.php HTTP/1.0" 404 71542 "-" "Mozilla/5.0 (Windows NT 6.1; Win64; x64) AppleWebKit/537.36 (KHTML, like Gecko) Chrome/66.0.3359.170 Safari/537.36 OPR/53.0.2907.68" "-"
217.76.130.90 - - [03/Dec/2019:16:20:14 +0100] "POST /wp-cron.php?doing_wp_cron=1575386414.0330159664154052734375 HTTP/1.1" 200 3389 "https://amazingsportwear.com/wp-cron.php?doing_wp_cron=1575386414.0330159664154052734375" "WordPress/5.2.4; https://amazingsportwear.com" "-"
66.249.66.66 - - [03/Dec/2019:16:20:12 +0100] "GET /producto/munequera-oakley/ HTTP/1.1" 200 99281 "-" "Mozilla/5.0 (Linux; Android 6.0.1; Nexus 5X Build/MMB29P) AppleWebKit/537.36 (KHTML, like Gecko) Chrome/41.0.2272.96 Mobile Safari/537.36 (compatible; Googlebot/2.1; +http://www.google.com/bot.html)" "-"
51.254.60.102 - - [03/Dec/2019:16:30:35 +0100] "GET /wp-content/uploads/2019/04/gorra-krox-1.png HTTP/1.1" 200 109889 "https://www.google.com/" "Mozilla/5.0 (Windows NT 6.1; Win64; x64) AppleWebKit/537.36 (KHTML, like Gecko) Chrome/78.0.3904.108 Safari/537.36" "-"
51.254.60.102 - - [03/Dec/2019:16:31:31 +0100] "GET /wp-content/uploads/2019/04/gorra-tecnica-amarilla.png HTTP/1.1" 200 80109 "https://www.google.com/" "Mozilla/5.0 (Windows NT 6.1; Win64; x64) AppleWebKit/537.36 (KHTML, like Gecko) Chrome/78.0.3904.108 Safari/537.36" "-"
181.198.91.75 - - [03/Dec/2019:16:33:42 +0100] "GET /wp-content/uploads/2017/04/chaleco-sublimado-pecho.png HTTP/1.1" 200 60440 "https://www.google.com/" "Mozilla/5.0 (Macintosh; Intel Mac OS X 10_12_6) AppleWebKit/537.36 (KHTML, like Gecko) Chrome/78.0.3904.108 Safari/537.36" "-"
217.76.130.90 - - [03/Dec/2019:16:36:24 +0100] "POST /wp-cron.php?doing_wp_cron=1575387384.3339068889617919921875 HTTP/1.1" 200 3389 "https://amazingsportwear.com/wp-cron.php?doing_wp_cron=1575387384.3339068889617919921875" "WordPress/5.2.4; https://amazingsportwear.com" "-"
17.58.96.177 - - [03/Dec/2019:16:36:21 +0100] "GET /producto/toalla-absorvente-gymnasio/ HTTP/1.1" 200 103379 "-" "Mozilla/5.0 (Macintosh; Intel Mac OS X 10_10_1) AppleWebKit/600.2.5 (KHTML, like Gecko) Version/8.0.2 Safari/600.2.5 (Applebot/0.1; +http://www.apple.com/go/applebot)" "-"
217.76.130.90 - - [03/Dec/2019:16:41:19 +0100] "POST /wp-cron.php?doing_wp_cron=1575387678.4499270915985107421875 HTTP/1.1" 200 3389 "https://amazingsportwear.com/wp-cron.php?doing_wp_cron=1575387678.4499270915985107421875" "WordPress/5.2.4; https://amazingsportwear.com" "-"
157.55.39.51 - - [03/Dec/2019:16:41:17 +0100] "GET /basket/77-camiseta-basket-sin-costadillos.html HTTP/1.1" 404 72307 "-" "Mozilla/5.0 (compatible; bingbot/2.0; +http://www.bing.com/bingbot.htm)" "-"
39.99.169.152 - - [03/Dec/2019:16:41:55 +0100] "GET /license.php HTTP/1.1" 301 415 "-" "-" "-"
39.99.169.152 - - [03/Dec/2019:16:41:58 +0100] "GET /license.php HTTP/1.1" 404 67989 "-" "-" "-"
186.0.2.27 - - [03/Dec/2019:16:42:22 +0100] "GET /wp-content/uploads/2019/04/Gorra-sport-10.png HTTP/1.1" 200 60426 "https://www.google.com/" "Mozilla/5.0 (Windows NT 10.0; Win64; x64) AppleWebKit/537.36 (KHTML, like Gecko) Chrome/78.0.3904.108 Safari/537.36" "-"
217.76.130.90 - - [03/Dec/2019:16:43:19 +0100] "POST /wp-cron.php?doing_wp_cron=1575387799.8924469947814941406250 HTTP/1.1" 200 3389 "https://amazingsportwear.com/wp-cron.php?doing_wp_cron=1575387799.8924469947814941406250" "WordPress/5.2.4; https://amazingsportwear.com" "-"
66.249.66.68 - - [03/Dec/2019:16:43:18 +0100] "GET /producto/calcetin-deportivo-lycra-cp-lycra/ HTTP/1.1" 200 92763 "-" "Mozilla/5.0 (Linux; Android 6.0.1; Nexus 5X Build/MMB29P) AppleWebKit/537.36 (KHTML, like Gecko) Chrome/41.0.2272.96 Mobile Safari/537.36 (compatible; Googlebot/2.1; +http://www.google.com/bot.html)" "-"
217.76.130.90 - - [03/Dec/2019:16:45:11 +0100] "POST /wp-cron.php?doing_wp_cron=1575387911.8567020893096923828125 HTTP/1.1" 200 3389 "https://amazingsportwear.com/wp-cron.php?doing_wp_cron=1575387911.8567020893096923828125" "WordPress/5.2.4; https://amazingsportwear.com" "-"
66.249.66.68 - - [03/Dec/2019:16:45:11 +0100] "GET /producto/llavero-tenis-metal/ HTTP/1.1" 200 92664 "-" "Mozilla/5.0 (Linux; Android 6.0.1; Nexus 5X Build/MMB29P) AppleWebKit/537.36 (KHTML, like Gecko) Chrome/41.0.2272.96 Mobile Safari/537.36 (compatible; Googlebot/2.1; +http://www.google.com/bot.html)" "-"
66.249.66.68 - - [03/Dec/2019:16:45:31 +0100] "GET /producto/camiseta-tecnica-media-cremallera-aq-cross/ HTTP/1.1" 200 102311 "-" "Mozilla/5.0 (Linux; Android 6.0.1; Nexus 5X Build/MMB29P) AppleWebKit/537.36 (KHTML, like Gecko) Chrome/41.0.2272.96 Mobile Safari/537.36 (compatible; Googlebot/2.1; +http://www.google.com/bot.html)" "-"
217.76.130.90 - - [03/Dec/2019:16:46:07 +0100] "POST /wp-cron.php?doing_wp_cron=1575387967.0704059600830078125000 HTTP/1.1" 200 164 "http://amazingsportwear.com/wp-cron.php?doing_wp_cron=1575387967.0704059600830078125000" "WordPress/5.2.4; https://amazingsportwear.com" "-"
155.254.16.78 - - [03/Dec/2019:16:46:06 +0100] "GET /wp-content/themes/twentyfifteen/404.php HTTP/1.1" 404 68049 "http://site.ru" "Mozilla/5.0 (Windows; U; Windows NT 5.1; en-US) AppleWebKit/533.4 (KHTML, like Gecko) Chrome/5.0.375.99 Safari/533.4" "-"
155.254.16.78 - - [03/Dec/2019:16:46:10 +0100] "GET /wp-content/themes/twentyfifteen/404.php HTTP/1.1" 404 68024 "http://site.ru" "Mozilla/5.0 (Windows; U; Windows NT 5.1; en-US) AppleWebKit/533.4 (KHTML, like Gecko) Chrome/5.0.375.99 Safari/533.4" "-"
217.76.130.90 - - [03/Dec/2019:16:48:09 +0100] "POST /wp-cron.php?doing_wp_cron=1575388089.4513170719146728515625 HTTP/1.1" 200 3389 "https://amazingsportwear.com/wp-cron.php?doing_wp_cron=1575388089.4513170719146728515625" "WordPress/5.2.4; https://amazingsportwear.com" "-"
17.58.96.177 - - [03/Dec/2019:16:48:08 +0100] "GET /categoria-producto/accesorios/bidonesdeportivos/ HTTP/1.1" 200 75129 "-" "Mozilla/5.0 (Macintosh; Intel Mac OS X 10_10_1) AppleWebKit/600.2.5 (KHTML, like Gecko) Version/8.0.2 Safari/600.2.5 (Applebot/0.1; +http://www.apple.com/go/applebot)" "-"
200.14.79.4 - - [03/Dec/2019:16:53:24 +0100] "GET /wp-content/uploads/2019/04/Gorra-sport-6.png HTTP/1.1" 200 44623 "https://www.google.com/" "Mozilla/5.0 (Windows NT 10.0; Win64; x64) AppleWebKit/537.36 (KHTML, like Gecko) Chrome/78.0.3904.108 Safari/537.36" "-"
217.76.130.90 - - [03/Dec/2019:16:54:51 +0100] "POST /wp-cron.php?doing_wp_cron=1575388491.8593339920043945312500 HTTP/1.1" 200 3389 "https://amazingsportwear.com/wp-cron.php?doing_wp_cron=1575388491.8593339920043945312500" "WordPress/5.2.4; https://amazingsportwear.com" "-"
66.249.66.68 - - [03/Dec/2019:16:54:49 +0100] "GET /categoria-producto/mujer/polostecnicos-mujer/ HTTP/1.1" 200 67030 "-" "Mozilla/5.0 (Linux; Android 6.0.1; Nexus 5X Build/MMB29P) AppleWebKit/537.36 (KHTML, like Gecko) Chrome/41.0.2272.96 Mobile Safari/537.36 (compatible; Googlebot/2.1; +http://www.google.com/bot.html)" "-"
217.76.130.90 - - [03/Dec/2019:16:55:43 +0100] "POST /wp-cron.php?doing_wp_cron=1575388543.0163180828094482421875 HTTP/1.1" 200 3389 "https://amazingsportwear.com/wp-cron.php?doing_wp_cron=1575388543.0163180828094482421875" "WordPress/5.2.4; https://amazingsportwear.com" "-"
157.55.39.51 - - [03/Dec/2019:16:55:42 +0100] "GET /atletismo/181-chaleco-cortavientos-sublimado-asw.html HTTP/1.1" 404 72376 "-" "Mozilla/5.0 (compatible; bingbot/2.0; +http://www.bing.com/bingbot.htm)" "-"
209.17.97.10 - - [03/Dec/2019:16:55:42 +0100] "GET / HTTP/1.1" 200 125561 "-" "Mozilla/5.0 (compatible; Nimbostratus-Bot/v1.3.2; http://cloudsystemnetworks.com)" "-"
217.76.130.90 - - [03/Dec/2019:16:56:22 +0100] "POST /wp-cron.php?doing_wp_cron=1575388582.3069050312042236328125 HTTP/1.1" 200 3389 "https://amazingsportwear.com/wp-cron.php?doing_wp_cron=1575388582.3069050312042236328125" "WordPress/5.2.4; https://amazingsportwear.com" "-"
66.249.66.68 - - [03/Dec/2019:16:56:21 +0100] "GET /producto/camiseta-tecnica-bahrein/ HTTP/1.1" 200 102631 "-" "Mozilla/5.0 (Linux; Android 6.0.1; Nexus 5X Build/MMB29P) AppleWebKit/537.36 (KHTML, like Gecko) Chrome/41.0.2272.96 Mobile Safari/537.36 (compatible; Googlebot/2.1; +http://www.google.com/bot.html)" "-"
66.249.66.66 - - [03/Dec/2019:16:59:08 +0100] "GET /wp-content/plugins/woocommerce/assets/css/photoswipe/default-skin/default-skin.css?ver=3.6.4 HTTP/1.1" 200 15306 "https://amazingsportwear.com/producto/camiseta-tecnica-bahrein/" "Mozilla/5.0 (Linux; Android 6.0.1; Nexus 5X Build/MMB29P) AppleWebKit/537.36 (KHTML, like Gecko) Chrome/41.0.2272.96 Mobile Safari/537.36 (compatible; Googlebot/2.1; +http://www.google.com/bot.html)" "-"
66.249.66.70 - - [03/Dec/2019:16:59:09 +0100] "GET /wp-content/plugins/woocommerce/assets/css/photoswipe/photoswipe.css?ver=3.6.4 HTTP/1.1" 200 7835 "https://amazingsportwear.com/producto/camiseta-tecnica-bahrein/" "Mozilla/5.0 (Linux; Android 6.0.1; Nexus 5X Build/MMB29P) AppleWebKit/537.36 (KHTML, like Gecko) Chrome/41.0.2272.96 Mobile Safari/537.36 (compatible; Googlebot/2.1; +http://www.google.com/bot.html)" "-"
66.249.66.66 - - [03/Dec/2019:16:59:10 +0100] "GET /wp-content/plugins/woocommerce/assets/js/zoom/jquery.zoom.min.js?ver=1.7.21 HTTP/1.1" 200 2957 "https://amazingsportwear.com/producto/camiseta-tecnica-bahrein/" "Mozilla/5.0 (Linux; Android 6.0.1; Nexus 5X Build/MMB29P) AppleWebKit/537.36 (KHTML, like Gecko) Chrome/41.0.2272.96 Mobile Safari/537.36 (compatible; Googlebot/2.1; +http://www.google.com/bot.html)" "-"
66.249.66.68 - - [03/Dec/2019:16:59:11 +0100] "GET /wp-content/plugins/woocommerce/assets/js/flexslider/jquery.flexslider.min.js?ver=2.7.2 HTTP/1.1" 200 26595 "https://amazingsportwear.com/producto/camiseta-tecnica-bahrein/" "Mozilla/5.0 (Linux; Android 6.0.1; Nexus 5X Build/MMB29P) AppleWebKit/537.36 (KHTML, like Gecko) Chrome/41.0.2272.96 Mobile Safari/537.36 (compatible; Googlebot/2.1; +http://www.google.com/bot.html)" "-"
66.249.66.66 - - [03/Dec/2019:16:59:12 +0100] "GET /wp-content/plugins/woocommerce/assets/js/photoswipe/photoswipe.min.js?ver=4.1.1 HTTP/1.1" 200 32276 "https://amazingsportwear.com/producto/camiseta-tecnica-bahrein/" "Mozilla/5.0 (Linux; Android 6.0.1; Nexus 5X Build/MMB29P) AppleWebKit/537.36 (KHTML, like Gecko) Chrome/41.0.2272.96 Mobile Safari/537.36 (compatible; Googlebot/2.1; +http://www.google.com/bot.html)" "-"
66.249.66.66 - - [03/Dec/2019:16:59:14 +0100] "GET /wp-content/plugins/woocommerce/assets/js/photoswipe/photoswipe-ui-default.min.js?ver=4.1.1 HTTP/1.1" 200 10220 "https://amazingsportwear.com/producto/camiseta-tecnica-bahrein/" "Mozilla/5.0 (Linux; Android 6.0.1; Nexus 5X Build/MMB29P) AppleWebKit/537.36 (KHTML, like Gecko) Chrome/41.0.2272.96 Mobile Safari/537.36 (compatible; Googlebot/2.1; +http://www.google.com/bot.html)" "-"
66.249.66.68 - - [03/Dec/2019:16:59:15 +0100] "GET /wp-content/plugins/woocommerce/assets/js/frontend/single-product.min.js?ver=3.6.4 HTTP/1.1" 200 6693 "https://amazingsportwear.com/producto/camiseta-tecnica-bahrein/" "Mozilla/5.0 (Linux; Android 6.0.1; Nexus 5X Build/MMB29P) AppleWebKit/537.36 (KHTML, like Gecko) Chrome/41.0.2272.96 Mobile Safari/537.36 (compatible; Googlebot/2.1; +http://www.google.com/bot.html)" "-"
66.249.66.66 - - [03/Dec/2019:16:59:17 +0100] "GET /wp-includes/js/underscore.min.js?ver=1.8.3 HTTP/1.1" 200 16527 "https://amazingsportwear.com/producto/camiseta-tecnica-bahrein/" "Mozilla/5.0 (Linux; Android 6.0.1; Nexus 5X Build/MMB29P) AppleWebKit/537.36 (KHTML, like Gecko) Chrome/41.0.2272.96 Mobile Safari/537.36 (compatible; Googlebot/2.1; +http://www.google.com/bot.html)" "-"
66.249.66.66 - - [03/Dec/2019:16:59:18 +0100] "GET /wp-content/plugins/woocommerce/assets/js/frontend/add-to-cart-variation.min.js?ver=3.6.4 HTTP/1.1" 200 13625 "https://amazingsportwear.com/producto/camiseta-tecnica-bahrein/" "Mozilla/5.0 (Linux; Android 6.0.1; Nexus 5X Build/MMB29P) AppleWebKit/537.36 (KHTML, like Gecko) Chrome/41.0.2272.96 Mobile Safari/537.36 (compatible; Googlebot/2.1; +http://www.google.com/bot.html)" "-"
66.249.66.66 - - [03/Dec/2019:16:59:21 +0100] "GET /wp-includes/js/jquery/ui/widget.min.js?ver=1.11.4 HTTP/1.1" 200 7250 "https://amazingsportwear.com/producto/camiseta-tecnica-bahrein/" "Mozilla/5.0 (Linux; Android 6.0.1; Nexus 5X Build/MMB29P) AppleWebKit/537.36 (KHTML, like Gecko) Chrome/41.0.2272.96 Mobile Safari/537.36 (compatible; Googlebot/2.1; +http://www.google.com/bot.html)" "-"
66.249.66.66 - - [03/Dec/2019:16:59:23 +0100] "GET /wp-includes/js/jquery/ui/mouse.min.js?ver=1.11.4 HTTP/1.1" 200 3489 "https://amazingsportwear.com/producto/camiseta-tecnica-bahrein/" "Mozilla/5.0 (Linux; Android 6.0.1; Nexus 5X Build/MMB29P) AppleWebKit/537.36 (KHTML, like Gecko) Chrome/41.0.2272.96 Mobile Safari/537.36 (compatible; Googlebot/2.1; +http://www.google.com/bot.html)" "-"
66.249.66.66 - - [03/Dec/2019:16:59:24 +0100] "GET /wp-includes/js/jquery/ui/resizable.min.js?ver=1.11.4 HTTP/1.1" 200 18798 "https://amazingsportwear.com/producto/camiseta-tecnica-bahrein/" "Mozilla/5.0 (Linux; Android 6.0.1; Nexus 5X Build/MMB29P) AppleWebKit/537.36 (KHTML, like Gecko) Chrome/41.0.2272.96 Mobile Safari/537.36 (compatible; Googlebot/2.1; +http://www.google.com/bot.html)" "-"
66.249.66.66 - - [03/Dec/2019:16:59:25 +0100] "GET /wp-includes/js/jquery/ui/draggable.min.js?ver=1.11.4 HTTP/1.1" 200 19277 "https://amazingsportwear.com/producto/camiseta-tecnica-bahrein/" "Mozilla/5.0 (Linux; Android 6.0.1; Nexus 5X Build/MMB29P) AppleWebKit/537.36 (KHTML, like Gecko) Chrome/41.0.2272.96 Mobile Safari/537.36 (compatible; Googlebot/2.1; +http://www.google.com/bot.html)" "-"
66.249.66.66 - - [03/Dec/2019:16:59:28 +0100] "GET /wp-includes/js/jquery/ui/button.min.js?ver=1.11.4 HTTP/1.1" 200 7578 "https://amazingsportwear.com/producto/camiseta-tecnica-bahrein/" "Mozilla/5.0 (Linux; Android 6.0.1; Nexus 5X Build/MMB29P) AppleWebKit/537.36 (KHTML, like Gecko) Chrome/41.0.2272.96 Mobile Safari/537.36 (compatible; Googlebot/2.1; +http://www.google.com/bot.html)" "-"
66.249.66.66 - - [03/Dec/2019:16:59:30 +0100] "GET /wp-includes/js/jquery/ui/dialog.min.js?ver=1.11.4 HTTP/1.1" 200 12482 "https://amazingsportwear.com/producto/camiseta-tecnica-bahrein/" "Mozilla/5.0 (Linux; Android 6.0.1; Nexus 5X Build/MMB29P) AppleWebKit/537.36 (KHTML, like Gecko) Chrome/41.0.2272.96 Mobile Safari/537.36 (compatible; Googlebot/2.1; +http://www.google.com/bot.html)" "-"
217.76.130.90 - - [03/Dec/2019:17:12:55 +0100] "POST /wp-cron.php?doing_wp_cron=1575389575.4227631092071533203125 HTTP/1.1" 200 164 "http://amazingsportwear.com/wp-cron.php?doing_wp_cron=1575389575.4227631092071533203125" "WordPress/5.2.4; https://amazingsportwear.com" "-"
188.121.41.6 - - [03/Dec/2019:17:12:51 +0100] "GET /wp-admin/doc.php HTTP/1.1" 404 67996 "http://site.ru" "Mozilla/5.0 (Windows; U; Windows NT 5.1; en-US) AppleWebKit/533.4 (KHTML, like Gecko) Chrome/5.0.375.99 Safari/533.4" "-"
217.76.130.90 - - [03/Dec/2019:17:14:33 +0100] "POST /wp-cron.php?doing_wp_cron=1575389673.1575939655303955078125 HTTP/1.1" 200 3389 "https://amazingsportwear.com/wp-cron.php?doing_wp_cron=1575389673.1575939655303955078125" "WordPress/5.2.4; https://amazingsportwear.com" "-"
66.249.66.66 - - [03/Dec/2019:17:14:32 +0100] "GET /producto/camiseta-tecnica-mujer-tirantes-aq-armour-aerobic/ HTTP/1.1" 200 102724 "-" "Mozilla/5.0 (Linux; Android 6.0.1; Nexus 5X Build/MMB29P) AppleWebKit/537.36 (KHTML, like Gecko) Chrome/41.0.2272.96 Mobile Safari/537.36 (compatible; Googlebot/2.1; +http://www.google.com/bot.html)" "-"
181.54.206.96 - - [03/Dec/2019:17:18:24 +0100] "GET /wp-content/uploads/2019/04/gorra-tecnica-amarilla.png HTTP/1.1" 200 83339 "https://www.google.com/" "Mozilla/5.0 (Windows NT 6.1; Win64; x64) AppleWebKit/537.36 (KHTML, like Gecko) Chrome/78.0.3904.108 Safari/537.36" "-"
217.76.130.90 - - [03/Dec/2019:17:25:50 +0100] "POST /wp-cron.php?doing_wp_cron=1575390350.5923750400543212890625 HTTP/1.1" 200 3389 "https://amazingsportwear.com/wp-cron.php?doing_wp_cron=1575390350.5923750400543212890625" "WordPress/5.2.4; https://amazingsportwear.com" "-"
17.58.96.177 - - [03/Dec/2019:17:25:47 +0100] "GET /categoria-producto/deportes/atletismo/ HTTP/1.1" 200 61301 "-" "Mozilla/5.0 (Macintosh; Intel Mac OS X 10_10_1) AppleWebKit/600.2.5 (KHTML, like Gecko) Version/8.0.2 Safari/600.2.5 (Applebot/0.1; +http://www.apple.com/go/applebot)" "-"
186.73.138.234 - - [03/Dec/2019:17:27:53 +0100] "GET /wp-content/uploads/2019/04/Gorra-sport-12.png HTTP/1.1" 200 95673 "https://www.google.com/" "Mozilla/5.0 (Windows NT 10.0; Win64; x64) AppleWebKit/537.36 (KHTML, like Gecko) Chrome/78.0.3904.108 Safari/537.36" "-"
207.46.13.47 - - [03/Dec/2019:17:30:44 +0100] "GET /wp-content/uploads/2017/03/nath-electro-detalle1.jpg HTTP/1.1" 200 71513 "-" "Mozilla/5.0 (compatible; bingbot/2.0; +http://www.bing.com/bingbot.htm)" "-"
207.46.13.47 - - [03/Dec/2019:17:30:45 +0100] "GET /wp-content/uploads/2019/04/bolsa-deporte-young-3.png HTTP/1.1" 200 117230 "-" "Mozilla/5.0 (compatible; bingbot/2.0; +http://www.bing.com/bingbot.htm)" "-"
190.166.86.163 - - [03/Dec/2019:17:37:51 +0100] "GET /wp-content/uploads/2019/04/Gorra-sport-6.png HTTP/1.1" 200 44623 "https://www.google.com/" "Mozilla/5.0 (Windows NT 6.1; Win64; x64) AppleWebKit/537.36 (KHTML, like Gecko) Chrome/78.0.3904.108 Safari/537.36" "-"
207.46.13.47 - - [03/Dec/2019:17:42:40 +0100] "GET /wp-content/uploads/2017/03/nath-electro-detalle1.jpg HTTP/1.1" 200 71513 "-" "Mozilla/5.0 (compatible; bingbot/2.0; +http://www.bing.com/bingbot.htm)" "-"
201.230.248.93 - - [03/Dec/2019:17:49:14 +0100] "GET /wp-content/uploads/2019/04/Gorra-sport-12.png HTTP/1.1" 200 95673 "https://www.google.com/" "Mozilla/5.0 (Windows NT 10.0; Win64; x64) AppleWebKit/537.36 (KHTML, like Gecko) Chrome/78.0.3904.108 Safari/537.36" "-"
201.230.248.93 - - [03/Dec/2019:17:49:14 +0100] "GET /wp-content/uploads/2019/04/gorra-dowan-4.png HTTP/1.1" 200 76783 "https://www.google.com/" "Mozilla/5.0 (Windows NT 10.0; Win64; x64) AppleWebKit/537.36 (KHTML, like Gecko) Chrome/78.0.3904.108 Safari/537.36" "-"
201.230.248.93 - - [03/Dec/2019:17:49:16 +0100] "GET /wp-content/uploads/2019/04/gorra-five-7.png HTTP/1.1" 200 83197 "https://www.google.com/" "Mozilla/5.0 (Windows NT 10.0; Win64; x64) AppleWebKit/537.36 (KHTML, like Gecko) Chrome/78.0.3904.108 Safari/537.36" "-"
148.202.102.65 - - [03/Dec/2019:17:55:23 +0100] "GET /wp-content/uploads/2019/04/Gorra-sport-6.png HTTP/1.1" 200 44623 "https://www.google.com/" "Mozilla/5.0 (Windows NT 10.0; Win64; x64) AppleWebKit/537.36 (KHTML, like Gecko) Chrome/78.0.3904.108 Safari/537.36" "-"
157.55.39.254 - - [03/Dec/2019:18:05:44 +0100] "GET /wp-content/uploads/2019/04/mochila-decath-2.png HTTP/1.1" 200 108426 "-" "Mozilla/5.0 (compatible; bingbot/2.0; +http://www.bing.com/bingbot.htm)" "-"
207.46.13.47 - - [03/Dec/2019:18:12:08 +0100] "GET /wp-content/uploads/2019/04/Bidon-boxter-4.png HTTP/1.1" 200 65696 "-" "Mozilla/5.0 (compatible; bingbot/2.0; +http://www.bing.com/bingbot.htm)" "-"
217.76.130.90 - - [03/Dec/2019:18:19:58 +0100] "POST /wp-cron.php?doing_wp_cron=1575393598.5422360897064208984375 HTTP/1.1" 200 3389 "https://amazingsportwear.com/wp-cron.php?doing_wp_cron=1575393598.5422360897064208984375" "WordPress/5.2.4; https://amazingsportwear.com" "-"
207.46.13.185 - - [03/Dec/2019:18:19:55 +0100] "GET /producto/calcetin-deportivo-lycra-cp-lycra/ HTTP/1.1" 200 92337 "-" "Mozilla/5.0 (compatible; bingbot/2.0; +http://www.bing.com/bingbot.htm)" "-"
186.66.78.252 - - [03/Dec/2019:18:20:11 +0100] "GET /wp-content/uploads/2019/04/Gorra-sport-12.png HTTP/1.1" 200 95673 "https://www.google.com/" "Mozilla/5.0 (Windows NT 6.1; Win64; x64) AppleWebKit/537.36 (KHTML, like Gecko) Chrome/78.0.3904.108 Safari/537.36" "-"
217.76.130.90 - - [03/Dec/2019:18:21:52 +0100] "POST /wp-cron.php?doing_wp_cron=1575393712.0655629634857177734375 HTTP/1.1" 200 3389 "https://amazingsportwear.com/wp-cron.php?doing_wp_cron=1575393712.0655629634857177734375" "WordPress/5.2.4; https://amazingsportwear.com" "-"
66.249.66.70 - - [03/Dec/2019:18:21:51 +0100] "GET /producto/gorra-bayon/ HTTP/1.1" 200 99772 "-" "Mozilla/5.0 (Linux; Android 6.0.1; Nexus 5X Build/MMB29P) AppleWebKit/537.36 (KHTML, like Gecko) Chrome/41.0.2272.96 Mobile Safari/537.36 (compatible; Googlebot/2.1; +http://www.google.com/bot.html)" "-"
217.76.130.90 - - [03/Dec/2019:18:29:05 +0100] "POST /wp-cron.php?doing_wp_cron=1575394145.8421969413757324218750 HTTP/1.1" 200 164 "http://amazingsportwear.com/wp-cron.php?doing_wp_cron=1575394145.8421969413757324218750" "WordPress/5.2.4; https://amazingsportwear.com" "-"
157.55.39.19 - - [03/Dec/2019:18:29:03 +0100] "GET /robots.txt HTTP/1.1" 200 432 "-" "Mozilla/5.0 (compatible; bingbot/2.0; +http://www.bing.com/bingbot.htm)" "-"
157.55.39.51 - - [03/Dec/2019:18:29:41 +0100] "GET /wp-content/uploads/2017/04/nath-sunset-mujer.jpg HTTP/1.1" 200 20155 "-" "Mozilla/5.0 (compatible; bingbot/2.0; +http://www.bing.com/bingbot.htm)" "-"
207.46.13.47 - - [03/Dec/2019:18:29:46 +0100] "GET /wp-content/uploads/2019/04/Bidon-boxter-4.png HTTP/1.1" 200 65696 "-" "Mozilla/5.0 (compatible; bingbot/2.0; +http://www.bing.com/bingbot.htm)" "-"
190.12.11.178 - - [03/Dec/2019:18:39:51 +0100] "GET /wp-content/uploads/2019/04/Gorra-sport-6.png HTTP/1.1" 200 44623 "https://www.google.es/" "Mozilla/5.0 (Windows NT 10.0; Win64; x64) AppleWebKit/537.36 (KHTML, like Gecko) Chrome/78.0.3904.108 Safari/537.36" "-"
201.230.200.253 - - [03/Dec/2019:18:44:08 +0100] "GET /wp-content/uploads/2019/04/gorra-konlun-5.png HTTP/1.1" 200 82923 "https://www.google.com/" "Mozilla/5.0 (Windows NT 6.1; Win64; x64) AppleWebKit/537.36 (KHTML, like Gecko) Chrome/78.0.3904.108 Safari/537.36" "-"
190.131.155.126 - - [03/Dec/2019:18:48:36 +0100] "GET /wp-content/uploads/2019/04/Gorra-sport-10.png HTTP/1.1" 200 60231 "https://www.google.com/" "Mozilla/5.0 (Macintosh; Intel Mac OS X 10_15_1) AppleWebKit/605.1.15 (KHTML, like Gecko) Version/13.0.3 Safari/605.1.15" "-"
217.76.130.90 - - [03/Dec/2019:18:49:06 +0100] "POST /wp-cron.php?doing_wp_cron=1575395345.9697079658508300781250 HTTP/1.1" 200 3389 "https://amazingsportwear.com/wp-cron.php?doing_wp_cron=1575395345.9697079658508300781250" "WordPress/5.2.4; https://amazingsportwear.com" "-"
66.249.66.70 - - [03/Dec/2019:18:49:03 +0100] "GET /producto/gorra-krox/ HTTP/1.1" 200 99788 "-" "Mozilla/5.0 (Linux; Android 6.0.1; Nexus 5X Build/MMB29P) AppleWebKit/537.36 (KHTML, like Gecko) Chrome/41.0.2272.96 Mobile Safari/537.36 (compatible; Googlebot/2.1; +http://www.google.com/bot.html)" "-"
187.214.218.67 - - [03/Dec/2019:18:51:45 +0100] "GET /wp-content/uploads/2019/04/toalla-absorvente-kefan-3.png HTTP/1.1" 200 71302 "https://www.google.com/" "Mozilla/5.0 (Macintosh; Intel Mac OS X 10_13_6) AppleWebKit/537.36 (KHTML, like Gecko) Chrome/78.0.3904.108 Safari/537.36" "-"
187.214.218.67 - - [03/Dec/2019:18:54:06 +0100] "GET /wp-content/uploads/2019/04/toalla-absorvente-kefan-2.png HTTP/1.1" 200 75737 "https://www.google.com/" "Mozilla/5.0 (Macintosh; Intel Mac OS X 10_13_6) AppleWebKit/537.36 (KHTML, like Gecko) Chrome/78.0.3904.108 Safari/537.36" "-"
157.55.39.51 - - [03/Dec/2019:18:55:12 +0100] "GET /wp-content/uploads/2019/04/Bidon-doger-6.png HTTP/1.1" 200 70639 "-" "Mozilla/5.0 (compatible; bingbot/2.0; +http://www.bing.com/bingbot.htm)" "-"
207.46.13.47 - - [03/Dec/2019:18:58:49 +0100] "GET /wp-content/uploads/2017/04/nath-sunset-azul.jpg HTTP/1.1" 200 21996 "-" "Mozilla/5.0 (compatible; bingbot/2.0; +http://www.bing.com/bingbot.htm)" "-"
217.76.130.90 - - [03/Dec/2019:19:08:09 +0100] "POST /wp-cron.php?doing_wp_cron=1575396488.9735429286956787109375 HTTP/1.1" 200 3389 "https://amazingsportwear.com/wp-cron.php?doing_wp_cron=1575396488.9735429286956787109375" "WordPress/5.2.4; https://amazingsportwear.com" "-"
66.249.66.70 - - [03/Dec/2019:19:08:06 +0100] "GET /producto/camiseta-tecnica-nath-combi/ HTTP/1.1" 200 107560 "-" "Mozilla/5.0 (Linux; Android 6.0.1; Nexus 5X Build/MMB29P) AppleWebKit/537.36 (KHTML, like Gecko) Chrome/41.0.2272.96 Mobile Safari/537.36 (compatible; Googlebot/2.1; +http://www.google.com/bot.html)" "-"
207.46.13.47 - - [03/Dec/2019:19:08:45 +0100] "GET /wp-content/uploads/2019/04/Gorra-sport-5.png HTTP/1.1" 200 52770 "-" "Mozilla/5.0 (compatible; bingbot/2.0; +http://www.bing.com/bingbot.htm)" "-"
200.48.17.190 - - [03/Dec/2019:19:10:05 +0100] "GET /wp-content/uploads/2019/04/Gorra-sport-10.png HTTP/1.1" 200 60426 "https://www.google.com/" "Mozilla/5.0 (Windows NT 10.0; Win64; x64) AppleWebKit/537.36 (KHTML, like Gecko) Chrome/78.0.3904.108 Safari/537.36" "-"
189.204.138.190 - - [03/Dec/2019:19:10:07 +0100] "GET /wp-content/uploads/2019/04/Llavero-metalico-golf-3.png HTTP/1.1" 200 46821 "https://www.google.com/" "Mozilla/5.0 (Macintosh; Intel Mac OS X 10_13_6) AppleWebKit/537.36 (KHTML, like Gecko) Chrome/78.0.3904.108 Safari/537.36" "-"
217.76.130.90 - - [03/Dec/2019:19:11:51 +0100] "POST /wp-cron.php?doing_wp_cron=1575396710.9521129131317138671875 HTTP/1.1" 200 3389 "https://amazingsportwear.com/wp-cron.php?doing_wp_cron=1575396710.9521129131317138671875" "WordPress/5.2.4; https://amazingsportwear.com" "-"
66.249.66.70 - - [03/Dec/2019:19:11:50 +0100] "GET /category/inicio/ HTTP/1.1" 200 70451 "-" "Mozilla/5.0 (compatible; Googlebot/2.1; +http://www.google.com/bot.html)" "-"
190.99.16.59 - - [03/Dec/2019:19:18:18 +0100] "GET /wp-content/uploads/2019/04/Gorra-sport-10.png HTTP/1.1" 200 60431 "https://www.google.hn/" "Mozilla/5.0 (Windows NT 10.0; Win64; x64) AppleWebKit/537.36 (KHTML, like Gecko) Chrome/78.0.3904.108 Safari/537.36" "-"
207.46.13.185 - - [03/Dec/2019:19:19:34 +0100] "GET /wp-content/uploads/2017/03/sa-0425_55.jpg HTTP/1.1" 200 79506 "-" "Mozilla/5.0 (compatible; bingbot/2.0; +http://www.bing.com/bingbot.htm)" "-"
177.251.247.21 - - [03/Dec/2019:19:24:31 +0100] "GET /wp-content/uploads/2019/04/Gorra-sport-6.png HTTP/1.1" 200 44623 "-" "com.google.android.apps.searchlite/129460 (Linux; U; Android 8.1.0; es_PY; DRA-LX3; Build/HUAWEIDRA-LX3; Cronet/76.0.3809.111)" "-"
207.46.13.47 - - [03/Dec/2019:19:39:19 +0100] "GET /wp-content/uploads/2019/04/Bidon-doger-5.png HTTP/1.1" 200 68304 "-" "Mozilla/5.0 (compatible; bingbot/2.0; +http://www.bing.com/bingbot.htm)" "-"
217.76.130.90 - - [03/Dec/2019:19:39:21 +0100] "POST /wp-cron.php?doing_wp_cron=1575398361.5724599361419677734375 HTTP/1.1" 200 3389 "https://amazingsportwear.com/wp-cron.php?doing_wp_cron=1575398361.5724599361419677734375" "WordPress/5.2.4; https://amazingsportwear.com" "-"
66.249.66.66 - - [03/Dec/2019:19:39:17 +0100] "GET /producto/llavero-metalico-futbol/ HTTP/1.1" 200 94582 "-" "Mozilla/5.0 (compatible; Googlebot/2.1; +http://www.google.com/bot.html)" "-"
207.46.13.185 - - [03/Dec/2019:19:39:23 +0100] "GET /wp-content/uploads/2019/04/Bidon-doger-1.png HTTP/1.1" 200 56874 "-" "Mozilla/5.0 (compatible; bingbot/2.0; +http://www.bing.com/bingbot.htm)" "-"
157.55.39.51 - - [03/Dec/2019:19:39:46 +0100] "GET /wp-content/uploads/2017/01/cam-ranglan3.png HTTP/1.1" 200 160251 "-" "Mozilla/5.0 (compatible; bingbot/2.0; +http://www.bing.com/bingbot.htm)" "-"
207.46.13.185 - - [03/Dec/2019:19:40:01 +0100] "GET /wp-content/uploads/2019/04/Bidon-doger-1.png HTTP/1.1" 200 56874 "-" "Mozilla/5.0 (compatible; bingbot/2.0; +http://www.bing.com/bingbot.htm)" "-"
217.76.130.90 - - [03/Dec/2019:19:41:47 +0100] "POST /wp-cron.php?doing_wp_cron=1575398506.8888189792633056640625 HTTP/1.1" 200 3389 "https://amazingsportwear.com/wp-cron.php?doing_wp_cron=1575398506.8888189792633056640625" "WordPress/5.2.4; https://amazingsportwear.com" "-"
17.58.96.177 - - [03/Dec/2019:19:41:45 +0100] "GET /categoria-producto/hombre/ HTTP/1.1" 200 76913 "-" "Mozilla/5.0 (Macintosh; Intel Mac OS X 10_10_1) AppleWebKit/600.2.5 (KHTML, like Gecko) Version/8.0.2 Safari/600.2.5 (Applebot/0.1; +http://www.apple.com/go/applebot)" "-"
217.76.130.90 - - [03/Dec/2019:19:42:45 +0100] "POST /wp-cron.php?doing_wp_cron=1575398565.4126579761505126953125 HTTP/1.1" 200 3389 "https://amazingsportwear.com/wp-cron.php?doing_wp_cron=1575398565.4126579761505126953125" "WordPress/5.2.4; https://amazingsportwear.com" "-"
66.249.66.68 - - [03/Dec/2019:19:42:44 +0100] "GET /producto/gorra-lorenz/ HTTP/1.1" 200 94855 "-" "Mozilla/5.0 (Linux; Android 6.0.1; Nexus 5X Build/MMB29P) AppleWebKit/537.36 (KHTML, like Gecko) Chrome/41.0.2272.96 Mobile Safari/537.36 (compatible; Googlebot/2.1; +http://www.google.com/bot.html)" "-"
217.76.130.90 - - [03/Dec/2019:19:44:52 +0100] "POST /wp-cron.php?doing_wp_cron=1575398692.7061560153961181640625 HTTP/1.1" 200 3389 "https://amazingsportwear.com/wp-cron.php?doing_wp_cron=1575398692.7061560153961181640625" "WordPress/5.2.4; https://amazingsportwear.com" "-"
157.55.39.254 - - [03/Dec/2019:19:44:52 +0100] "GET /etiqueta-producto/gorra-sport/ HTTP/1.1" 200 53965 "-" "Mozilla/5.0 (compatible; bingbot/2.0; +http://www.bing.com/bingbot.htm)" "-"
217.76.130.90 - - [03/Dec/2019:19:55:02 +0100] "POST /wp-cron.php?doing_wp_cron=1575399302.3046441078186035156250 HTTP/1.1" 200 164 "http://amazingsportwear.com/wp-cron.php?doing_wp_cron=1575399302.3046441078186035156250" "WordPress/5.2.4; https://amazingsportwear.com" "-"
146.185.184.69 - - [03/Dec/2019:19:54:59 +0100] "GET /wp-content/themes/twentysixteen/inc/css/css/css/css/css/simple.php5 HTTP/1.1" 404 68056 "http://site.ru" "Mozilla/5.0 (Windows; U; Windows NT 5.1; en-US) AppleWebKit/533.4 (KHTML, like Gecko) Chrome/5.0.375.99 Safari/533.4" "-"
217.76.130.90 - - [03/Dec/2019:19:56:49 +0100] "POST /wp-cron.php?doing_wp_cron=1575399409.0908160209655761718750 HTTP/1.1" 200 3389 "https://amazingsportwear.com/wp-cron.php?doing_wp_cron=1575399409.0908160209655761718750" "WordPress/5.2.4; https://amazingsportwear.com" "-"
66.249.66.68 - - [03/Dec/2019:19:56:48 +0100] "GET /categoria-producto/hombre/camisetas/ HTTP/1.1" 200 77298 "-" "Mozilla/5.0 (Linux; Android 6.0.1; Nexus 5X Build/MMB29P) AppleWebKit/537.36 (KHTML, like Gecko) Chrome/41.0.2272.96 Mobile Safari/537.36 (compatible; Googlebot/2.1; +http://www.google.com/bot.html)" "-"
217.76.130.90 - - [03/Dec/2019:20:00:06 +0100] "POST /wp-cron.php?doing_wp_cron=1575399601.4811680316925048828125 HTTP/1.1" 200 3389 "https://amazingsportwear.com/wp-cron.php?doing_wp_cron=1575399601.4811680316925048828125" "WordPress/5.2.4; https://amazingsportwear.com" "-"
66.249.66.68 - - [03/Dec/2019:19:59:23 +0100] "GET /producto/gorra-bayon/ HTTP/1.1" 200 100213 "-" "Mozilla/5.0 (compatible; Googlebot/2.1; +http://www.google.com/bot.html)" "-"
217.76.130.90 - - [03/Dec/2019:20:06:16 +0100] "POST /wp-cron.php?doing_wp_cron=1575399976.4343819618225097656250 HTTP/1.1" 200 164 "http://amazingsportwear.com/wp-cron.php?doing_wp_cron=1575399976.4343819618225097656250" "WordPress/5.2.4; https://amazingsportwear.com" "-"
